   Compiling barretenberg-rust-bindings v0.1.0 (/home/uacias/dev/visoft/barretenberg-rust-bindings)
warning: barretenberg-rust-bindings@0.1.0: Found libdeflate at "/home/uacias/dev/visoft/aztec/aztec-packages/barretenberg/cpp/build/_deps/libdeflate-build/libdeflate.a"
warning: barretenberg-rust-bindings@0.1.0: Headers copied successfully
warning: barretenberg-rust-bindings@0.1.0: Bindings generated successfully!
warning: unused import: `std::ops::Deref`
 --> src/barretenberg/srs/netsrs.rs:3:5
  |
3 | use std::ops::Deref;
  |     ^^^^^^^^^^^^^^^
  |
  = note: `#[warn(unused_imports)]` on by default

warning: unused import: `init_slab_allocator_safe`
 --> src/barretenberg/srs/mod.rs:7:5
  |
7 |     init_slab_allocator_safe, srs_init_safe,
  |     ^^^^^^^^^^^^^^^^^^^^^^^^

warning: unused imports: `bindgen::acir_get_circuit_sizes` and `encode_raw_buffer`
 --> src/barretenberg/utils.rs:2:5
  |
2 |     bindgen::acir_get_circuit_sizes, circuits::decode_circuit, encode_raw_buffer,
  |     ^^^^^^^^^^^^^^^^^^^^^^^^^^^^^^^                            ^^^^^^^^^^^^^^^^^

warning: unused variable: `acir_buffer_uncompressed`
  --> src/barretenberg/utils.rs:10:13
   |
10 |     let (_, acir_buffer_uncompressed) =
   |             ^^^^^^^^^^^^^^^^^^^^^^^^ help: if this is intentional, prefix it with an underscore: `_acir_buffer_uncompressed`
   |
   = note: `#[warn(unused_variables)]` on by default

warning: unused variable: `recursive`
 --> src/barretenberg/utils.rs:8:5
  |
8 |     recursive: bool,
  |     ^^^^^^^^^ help: if this is intentional, prefix it with an underscore: `_recursive`

warning: unused variable: `recursive`
  --> src/prove.rs:22:5
   |
22 |     recursive: bool,
   |     ^^^^^^^^^ help: if this is intentional, prefix it with an underscore: `_recursive`

warning: `barretenberg-rust-bindings` (lib test) generated 6 warnings (run `cargo fix --lib -p barretenberg-rust-bindings --tests` to apply 3 suggestions)
    Finished `test` profile [unoptimized + debuginfo] target(s) in 9.14s
     Running unittests src/lib.rs (target/debug/deps/barretenberg_rust_bindings-63f6c9140de177b9)

running 1 test
=== SRS Setup Debug ===
Circuit size: 3563
Subgroup size: 4096
Getting SRS data...
IN NET SRS
NetSrs { num_points: 4097, srs: OnceCell { value: None } }
  G1 data length: 262208 bytes
  G2 data length: 128 bytes
  Num points: 4097
[C++] num_points: 4097
[C++] G1 data (262208 bytes):
[0, 0, 0, 0, 0, 0, 0, 0, 0, 0, 0, 0, 0, 0, 0, 0, 0, 0, 0, 0, 0, 0, 0, 0, 0, 0, 0, 0, 0, 0, 0, 1, 0, 0, 0, 0, 0, 0, 0, 0, 0, 0, 0, 0, 0, 0, 0, 0, 0, 0, 0, 0, 0, 0, 0, 0, 0, 0, 0, 0, 0, 0, 0, 2, 45, 54, 6, 40, 40, 159, 249, 67, 255, 107, 209, 168, 123, 190, 78, 98, 171, 231, 251, 97, 186, 131, 239, 253, 38, 111, 34, 189, 207, 49, 230, 249, 38, 185, 42, 121, 229, 99, 195, 244, 130, 82, 204, 231, 254, 236, 162, 240, 248, 211, 61, 203, 78, 247, 176, 100, 59, 240, 123, 212, 5, 112, 10, 170, 2, 10, 214, 228, 60, 205, 72, 166, 163, 158, 67, 137, 124, 200, 81, 135, 189, 54, 73, 25, 190, 138, 59, 130, 212, 128, 151, 21, 207, 228, 137, 219, 33, 167, 158, 186, 226, 234, 61, 146, 180, 156, 82, 20, 7, 210, 96, 10, 192, 97, 20, 111, 44, 24, 140, 108, 106, 51, 197, 152, 23, 158, 69, 67, 33, 11, 237, 203, 185, 122, 46, 114, 144, 92, 8, 45, 208, 135, 190, 54, 194, 156, 103, 232, 91, 71, 222, 7, 182, 57, 226, 138, 125, 215, 140, 118, 24, 209, 228, 49, 184, 58, 163, 171, 47, 105, 4, 187, 188, 69, 47, 238, 52, 114, 192, 28, 12, 234, 246, 210, 254, 110, 55, 196, 255, 121, 226, 101, 42, 86, 206, 65, 246, 176, 190, 19, 185, 194, 103, 71, 98, 27, 130, 30, 238, 129, 178, 58, 136, 127, 41, 144, 73, 177, 76, 17, 233, 132, 96, 214, 26, 169, 143, 45, 227, 221, 218, 84, 125, 143, 109, 228, 231, 37, 222, 213, 130, 125, 99, 56, 199, 134, 86, 192, 209, 44, 161, 174, 166, 239, 44, 124, 4, 16, 8, 152, 125, 184, 245, 93, 237, 104, 155, 88, 145, 51, 218, 152, 96, 21, 14, 216, 201, 123, 107, 181, 232, 127, 10, 49, 247, 133, 130, 184, 17, 62, 203, 79, 77, 7, 180, 239, 177, 154, 34, 181, 158, 86, 52, 213, 142, 95, 29, 90, 67, 59, 8, 163, 47, 26, 194, 189, 208, 231, 192, 26, 38, 45, 33, 42, 221, 130, 188, 188, 249, 109, 7, 115, 197, 153, 38, 225, 184, 230, 142, 69, 198, 98, 249, 52, 143, 46, 79, 100, 119, 5, 149, 179, 47, 228, 222, 112, 93, 162, 183, 191, 176, 60, 179, 186, 161, 153, 237, 76, 201, 126, 108, 230, 32, 208, 233, 57, 182, 3, 73, 50, 35, 232, 135, 3, 44, 6, 109, 70, 211, 134, 151, 90, 87, 223, 7, 62, 25, 64, 59, 216, 1, 157, 237, 68, 27, 158, 69, 78, 180, 4, 80, 105, 206, 254, 228, 135, 27, 191, 139, 158, 140, 75, 33, 132, 152, 75, 153, 76, 116, 77, 33, 107, 247, 121, 6, 58, 188, 80, 29, 65, 2, 251, 252, 153, 212, 34, 124, 22, 44, 78, 55, 136, 239, 232, 131, 217, 27, 66, 50, 51, 129, 136, 144, 89, 154, 210, 51, 206, 207, 136, 190, 128, 222, 188, 233, 229, 172, 114, 126, 41, 13, 121, 251, 154, 187, 189, 225, 253, 180, 197, 61, 20, 140, 252, 240, 131, 232, 79, 49, 83, 230, 129, 127, 90, 25, 240, 86, 14, 131, 29, 218, 143, 14, 132, 9, 10, 221, 86, 242, 80, 10, 181, 24, 198, 85, 202, 230, 56, 150, 234, 121, 62, 107, 63, 106, 20, 33, 141, 71, 101, 52, 16, 150, 16, 43, 120, 165, 132, 189, 106, 232, 140, 244, 236, 124, 101, 201, 14, 11, 101, 223, 68, 111, 221, 219, 169, 114, 243, 196, 65, 74, 211, 201, 1, 244, 249, 22, 24, 234, 103, 156, 78, 225, 70, 114, 103, 229, 11, 184, 152, 20, 142, 247, 141, 93, 224, 131, 65, 181, 175, 220, 12, 134, 58, 89, 171, 126, 112, 35, 38, 138, 215, 103, 139, 151, 251, 169, 124, 195, 231, 93, 166, 207, 249, 163, 101, 156, 59, 138, 73, 4, 108, 206, 64, 98, 130, 14, 92, 17, 22, 27, 214, 18, 159, 150, 70, 170, 33, 175, 13, 119, 231, 177, 204, 151, 148, 230, 17, 181, 213, 154, 39, 119, 63, 116, 71, 16, 180, 118, 251, 211, 15, 47, 141, 73, 45, 118, 162, 43, 104, 52, 240, 184, 142, 45, 64, 150, 19, 154, 157, 21, 147, 213, 110, 101, 231, 16, 178, 243, 68, 117, 107, 114, 30, 26, 17, 104, 78, 108, 19, 92, 190, 11, 12, 205, 178, 125, 241, 67, 69, 87, 224, 84, 198, 93, 243, 175, 116, 135, 70, 139, 223, 162, 253, 131, 37, 42, 143, 79, 186, 142, 104, 147, 182, 213, 35, 233, 87, 45, 127, 76, 96, 202, 223, 239, 0, 97, 158, 88, 215, 219, 127, 43, 40, 206, 194, 18, 2, 5, 106, 181, 2, 130, 218, 66, 141, 147, 177, 124, 189, 28, 129, 38, 125, 206, 188, 251, 171, 222, 219, 71, 178, 215, 21, 181, 186, 166, 82, 11, 255, 16, 180, 231, 189, 157, 109, 145, 165, 123, 6, 149, 190, 22, 111, 253, 39, 203, 238, 230, 2, 188, 181, 169, 237, 50, 200, 217, 68, 9, 18, 203, 114, 20, 105, 0, 107, 139, 97, 200, 215, 147, 1, 223, 238, 237, 27, 117, 37, 72, 210, 235, 255, 126, 214, 10, 60, 218, 12, 125, 177, 12, 149, 92, 138, 25, 194, 177, 29, 222, 255, 143, 254, 104, 171, 145, 158, 52, 86, 112, 171, 2, 155, 203, 206, 74, 145, 223, 101, 112, 114, 41, 149, 214, 54, 240, 55, 2, 66, 54, 189, 161, 38, 101, 15, 181, 34, 140, 244, 36, 160, 135, 135, 117, 73, 158, 105, 232, 189, 44, 57, 175, 51, 189, 95, 160, 180, 7, 154, 35, 60, 218, 146, 146, 190, 2, 207, 162, 218, 157, 15, 199, 176, 234, 176, 235, 26, 134, 123, 6, 133, 64, 102, 88, 155, 150, 116, 85, 37, 155, 50, 5, 36, 200, 231, 20, 106, 65, 85, 28, 103, 59, 49, 57, 137, 63, 163, 101, 40, 91, 202, 80, 201, 161, 181, 164, 118, 131, 79, 95, 81, 140, 5, 14, 53, 137, 115, 28, 4, 109, 87, 211, 174, 96, 212, 46, 89, 93, 115, 204, 94, 142, 131, 67, 130, 97, 189, 177, 68, 201, 157, 170, 159, 225, 139, 12, 160, 188, 75, 28, 217, 234, 219, 191, 73, 234, 229, 106, 153, 164, 80, 46, 241, 61, 150, 82, 38, 166, 52, 208, 152, 21, 85, 228, 164, 218, 86, 26, 138, 129, 142, 108, 97, 246, 140, 239, 163, 41, 242, 250, 188, 149, 200, 10, 213, 106, 83, 141, 133, 47, 117, 237, 168, 88, 237, 26, 97, 108, 116, 26, 235, 245, 48, 87, 190, 70, 127, 92, 62, 208, 248, 141, 144, 96, 74, 76, 141, 104, 134, 37, 106, 222, 202, 41, 54, 97, 224, 79, 26, 61, 223, 43, 181, 252, 194, 19, 50, 184, 53, 33, 198, 53, 153, 85, 124, 100, 115, 36, 153, 8, 161, 96, 239, 164, 146, 27, 192, 229, 193, 109, 165, 139, 111, 9, 223, 210, 153, 42, 193, 112, 143, 13, 209, 210, 140, 42, 217, 16, 217, 207, 33, 161, 81, 9, 72, 88, 15, 64, 107, 201, 65, 97, 19, 214, 32, 32, 95, 118, 238, 189, 161, 47, 86, 92, 152, 199, 117, 196, 228, 243, 83, 75, 93, 204, 41, 229, 126, 237, 137, 155, 26, 26, 136, 5, 52, 220, 185, 45, 133, 91, 91, 158, 218, 49, 36, 126, 92, 113, 124, 229, 29, 181, 183, 176, 247, 78, 216, 2, 126, 221, 178, 139, 183, 47, 6, 20, 21, 228, 158, 30, 133, 125, 153, 124, 200, 189, 11, 101, 88, 182, 112, 105, 3, 88, 173, 99, 82, 2, 102, 200, 16, 120, 34, 127, 51, 101, 28, 52, 27, 119, 4, 27, 138, 250, 215, 100, 210, 203, 230, 124, 148, 36, 149, 53, 187, 167, 252, 189, 63, 65, 47, 134, 132, 135, 34, 42, 165, 79, 50, 104, 171, 100, 162, 1, 183, 10, 144, 163, 52, 201, 189, 80, 150, 170, 216, 160, 204, 93, 76, 29, 28, 219, 15, 228, 21, 68, 91, 208, 200, 67, 9, 202, 175, 33, 62, 28, 223, 243, 19, 162, 141, 100, 114, 230, 81, 194, 67, 90, 108, 164, 171, 84, 59, 33, 32, 104, 51, 125, 155, 165, 145, 146, 21, 162, 146, 247, 187, 37, 180, 192, 44, 73, 122, 70, 204, 83, 253, 128, 146, 229, 180, 251, 2, 202, 46, 219, 223, 145, 205, 137, 97, 91, 227, 96, 194, 124, 24, 75, 112, 19, 36, 15, 151, 165, 132, 180, 81, 132, 200, 236, 49, 49, 155, 95, 108, 4, 238, 25, 236, 29, 254, 200, 126, 212, 125, 109, 4, 170, 21, 141, 226, 45, 173, 34, 2, 33, 33, 214, 137, 245, 127, 179, 140, 162, 19, 73, 206, 251, 93, 36, 11, 7, 206, 180, 190, 38, 234, 66, 155, 109, 201, 217, 224, 10, 243, 136, 78, 202, 211, 51, 20, 41, 175, 153, 87, 121, 194, 96, 46, 147, 202, 30, 169, 118, 233, 225, 188, 100, 187, 205, 187, 159, 231, 146, 18, 31, 24, 128, 58, 221, 138, 214, 134, 225, 61, 194, 169, 137, 220, 251, 1, 12, 182, 155, 11, 56, 32, 13, 245, 23, 135, 183, 16, 75, 199, 79, 182, 37, 49, 165, 26, 213, 79, 18, 77, 88, 9, 75, 33, 152, 24, 210, 201, 241, 137, 242, 169, 26, 235, 102, 76, 227, 118, 216, 177, 87, 186, 152, 248, 39, 45, 164, 57, 111, 178, 167, 238, 6, 56, 185, 20, 14, 82, 61, 239, 30, 109, 183, 24, 9, 48, 127, 103, 118, 119, 230, 43, 65, 99, 245, 86, 9, 150, 120, 249, 14, 55, 176, 245, 186, 150, 238, 18, 36, 143, 142, 141, 70, 24, 46, 216, 17, 64, 131, 133, 217, 72, 206, 109, 239, 248, 19, 106, 35, 66, 50, 114, 234, 195, 59, 122, 228, 203, 109, 45, 0, 129, 93, 23, 10, 171, 217, 108, 218, 32, 193, 67, 217, 55, 197, 207, 48, 171, 207, 85, 7, 219, 119, 179, 224, 75, 126, 186, 150, 67, 218, 87, 203, 190, 77, 46, 84, 192, 36, 74, 119, 50, 200, 123, 196, 113, 42, 118, 221, 140, 131, 251, 4, 102, 250, 155, 87, 236, 70, 100, 171, 209, 80, 91, 73, 8, 98, 224, 223, 225, 221, 215, 247, 74, 224, 214, 54, 201, 16, 195, 232, 88, 48, 216, 45, 212, 15, 41, 181, 83, 210, 121, 82, 75, 213, 74, 161, 241, 30, 137, 66, 106, 72, 28, 97, 110, 204, 195, 196, 223, 222, 201, 43, 92, 79, 136, 26, 21, 235, 43, 103, 70, 132, 37, 32, 155, 56, 75, 12, 162, 245, 18, 210, 237, 196, 143, 235, 56, 143, 214, 133, 115, 8, 116, 227, 206, 215, 126, 35, 110, 152, 41, 48, 169, 152, 79, 208, 138, 62, 221, 223, 37, 161, 103, 123, 215, 137, 170, 9, 75, 115, 95, 42, 191, 61, 156, 253, 3, 33, 136, 45, 223, 100, 117, 5, 155, 46, 148, 81, 219, 91, 141, 133, 123, 255, 192, 122, 150, 106, 235, 216, 54, 216, 168, 0, 245, 75, 28, 59, 181, 195, 111, 31, 7, 38, 35, 80, 37, 202, 198, 42, 86, 233, 230, 166, 152, 61, 201, 19, 134, 190, 193, 205, 240, 84, 81, 206, 73, 21, 220, 191, 77, 52, 12, 6, 224, 36, 38, 16, 221, 83, 20, 112, 136, 94, 156, 21, 6, 147, 99, 136, 9, 2, 10, 87, 132, 63, 63, 76, 199, 147, 59, 119, 239, 250, 152, 20, 11, 9, 54, 195, 35, 253, 36, 113, 21, 86, 23, 182, 175, 86, 238, 64, 217, 11, 234, 113, 251, 167, 164, 18, 221, 97, 252, 243, 78, 140, 235, 43, 108, 16, 121, 10, 95, 102, 49, 200, 125, 101, 46, 5, 157, 244, 43, 144, 7, 24, 35, 24, 92, 95, 248, 228, 64, 253, 61, 115, 182, 254, 252, 16, 6, 135, 66, 242, 170, 97, 23, 31, 158, 215, 111, 155, 232, 65, 69, 202, 50, 170, 202, 246, 46, 2, 100, 36, 237, 63, 11, 159, 5, 94, 13, 44, 176, 182, 94, 5, 16, 198, 177, 74, 116, 228, 110, 73, 239, 32, 205, 139, 221, 113, 192, 251, 119, 221, 226, 239, 77, 37, 76, 106, 130, 140, 6, 31, 73, 124, 191, 82, 132, 255, 41, 162, 211, 54, 229, 153, 25, 153, 41, 161, 113, 129, 199, 147, 79, 195, 253, 189, 53, 46, 172, 92, 181, 33, 185, 19, 234, 56, 160, 189, 42, 167, 81, 164, 144, 167, 36, 250, 200, 24, 7, 43, 217, 192, 198, 190, 218, 31, 222, 230, 212, 255, 4, 50, 186, 158, 27, 27, 206, 221, 145, 6, 189, 212, 225, 62, 11, 117, 28, 103, 42, 131, 246, 139, 112, 224, 228, 176, 203, 158, 44, 123, 214, 79, 164, 183, 91, 50, 221, 28, 207, 168, 149, 36, 119, 43, 75, 213, 182, 191, 103, 65, 215, 31, 66, 253, 133, 126, 180, 191, 98, 13, 176, 139, 14, 24, 24, 7, 223, 159, 89, 3, 132, 99, 141, 217, 46, 10, 189, 29, 4, 85, 173, 75, 66, 155, 238, 89, 96, 226, 244, 224, 238, 242, 142, 148, 101, 97, 229, 90, 77, 152, 7, 14, 221, 13, 65, 119, 119, 205, 254, 20, 222, 241, 113, 242, 111, 253, 136, 73, 248, 0, 169, 170, 37, 99, 196, 3, 150, 107, 180, 5, 243, 165, 211, 26, 129, 217, 172, 82, 170, 42, 127, 222, 126, 232, 183, 143, 54, 6, 163, 90, 135, 88, 232, 222, 128, 22, 115, 206, 162, 30, 154, 3, 183, 255, 74, 29, 34, 209, 49, 34, 54, 94, 124, 230, 177, 1, 95, 129, 235, 43, 160, 231, 252, 86, 106, 100, 115, 116, 6, 174, 234, 190, 39, 158, 206, 34, 186, 38, 19, 31, 193, 37, 30, 183, 116, 110, 114, 161, 159, 159, 155, 37, 15, 7, 151, 68, 236, 146, 111, 194, 164, 31, 184, 160, 72, 157, 31, 180, 68, 3, 88, 139, 224, 22, 144, 242, 3, 4, 227, 210, 0, 195, 184, 26, 134, 127, 3, 171, 195, 116, 49, 137, 132, 55, 217, 76, 8, 34, 33, 63, 187, 16, 131, 45, 96, 207, 131, 88, 40, 72, 25, 11, 125, 103, 88, 186, 123, 56, 148, 112, 54, 111, 181, 0, 10, 116, 80, 4, 88, 82, 120, 197, 190, 6, 124, 203, 102, 67, 192, 40, 80, 237, 161, 98, 29, 171, 26, 144, 140, 104, 37, 164, 97, 66, 208, 137, 50, 205, 98, 237, 144, 182, 191, 119, 203, 31, 20, 33, 234, 24, 222, 128, 245, 60, 199, 87, 194, 128, 11, 79, 20, 204, 54, 246, 4, 251, 222, 191, 239, 132, 145, 188, 187, 232, 191, 174, 253, 38, 238, 11, 112, 171, 175, 252, 48, 25, 153, 140, 148, 245, 205, 104, 184, 87, 135, 67, 39, 169, 41, 29, 90, 250, 168, 54, 74, 131, 39, 173, 117, 41, 15, 44, 235, 127, 149, 131, 216, 174, 78, 145, 185, 40, 94, 116, 167, 116, 112, 17, 132, 48, 151, 191, 236, 60, 196, 53, 13, 112, 118, 187, 230, 42, 92, 62, 75, 86, 184, 251, 32, 158, 186, 82, 95, 202, 111, 0, 186, 248, 244, 55, 77, 154, 24, 75, 61, 3, 153, 99, 5, 211, 125, 138, 155, 30, 11, 77, 141, 88, 61, 191, 153, 7, 108, 61, 41, 19, 83, 29, 15, 112, 218, 88, 178, 109, 123, 243, 245, 218, 185, 62, 97, 109, 27, 241, 228, 34, 145, 247, 111, 242, 158, 200, 105, 58, 242, 19, 71, 3, 156, 239, 210, 94, 136, 4, 84, 219, 142, 168, 215, 233, 63, 251, 231, 224, 107, 35, 35, 34, 8, 105, 123, 31, 178, 175, 121, 193, 250, 108, 229, 84, 17, 141, 72, 234, 108, 199, 0, 190, 190, 61, 19, 202, 94, 85, 234, 66, 54, 229, 181, 1, 55, 85, 230, 24, 225, 34, 99, 174, 52, 26, 24, 170, 179, 70, 13, 205, 143, 178, 133, 100, 87, 12, 127, 149, 86, 151, 233, 151, 245, 189, 196, 34, 93, 32, 141, 144, 18, 177, 90, 23, 183, 218, 194, 110, 115, 124, 13, 47, 156, 139, 248, 13, 230, 39, 189, 19, 225, 169, 192, 66, 237, 230, 66, 37, 226, 34, 35, 25, 36, 214, 213, 9, 175, 64, 180, 238, 253, 184, 1, 190, 39, 178, 220, 133, 220, 237, 103, 116, 236, 213, 197, 104, 231, 173, 195, 17, 179, 22, 18, 55, 68, 200, 96, 46, 57, 75, 154, 85, 142, 214, 100, 167, 13, 138, 126, 143, 90, 49, 56, 201, 151, 19, 2, 193, 147, 221, 132, 8, 168, 23, 200, 171, 51, 44, 127, 139, 71, 142, 201, 189, 219, 65, 168, 202, 21, 147, 195, 184, 251, 133, 214, 35, 109, 62, 236, 194, 223, 59, 55, 1, 116, 244, 181, 113, 35, 75, 190, 232, 216, 222, 215, 36, 33, 231, 255, 65, 254, 77, 246, 158, 243, 170, 129, 10, 52, 166, 25, 78, 15, 217, 42, 31, 91, 150, 142, 245, 49, 156, 23, 229, 111, 80, 37, 161, 137, 218, 156, 239, 147, 74, 255, 96, 220, 126, 203, 74, 221, 255, 32, 64, 73, 121, 2, 3, 215, 41, 98, 63, 117, 12, 16, 153, 70, 87, 31, 233, 22, 2, 49, 104, 198, 18, 44, 98, 235, 20, 13, 68, 236, 123, 130, 134, 112, 237, 33, 22, 172, 236, 115, 182, 109, 7, 24, 205, 143, 165, 94, 40, 35, 14, 98, 143, 89, 124, 127, 253, 215, 243, 219, 138, 235, 240, 106, 217, 151, 18, 27, 2, 255, 235, 245, 251, 98, 224, 34, 207, 96, 162, 247, 208, 16, 103, 50, 122, 135, 20, 9, 140, 2, 85, 89, 114, 138, 165, 52, 212, 159, 151, 130, 5, 250, 107, 151, 201, 244, 223, 147, 72, 101, 107, 132, 202, 175, 191, 63, 99, 239, 232, 233, 215, 240, 227, 83, 148, 125, 153, 18, 183, 7, 30, 203, 9, 174, 137, 166, 109, 33, 179, 147, 90, 53, 169, 18, 27, 88, 93, 60, 156, 202, 237, 108, 129, 138, 236, 1, 101, 100, 185, 210, 5, 70, 66, 14, 35, 136, 133, 135, 75, 81, 230, 36, 244, 97, 165, 61, 19, 221, 217, 79, 73, 96, 139, 141, 171, 219, 91, 174, 66, 228, 157, 125, 200, 119, 24, 252, 15, 36, 59, 241, 89, 139, 73, 197, 70, 137, 165, 121, 194, 147, 7, 8, 61, 34, 97, 206, 202, 91, 146, 61, 93, 228, 13, 200, 9, 49, 156, 103, 0, 64, 96, 82, 216, 147, 246, 254, 41, 167, 117, 42, 237, 8, 39, 157, 8, 187, 28, 185, 138, 109, 116, 65, 79, 188, 128, 37, 128, 24, 171, 172, 17, 25, 120, 248, 47, 103, 153, 65, 107, 183, 69, 54, 210, 107, 164, 204, 9, 81, 66, 69, 234, 61, 81, 181, 224, 207, 185, 208, 63, 113, 97, 118, 28, 227, 177, 230, 169, 41, 90, 16, 208, 118, 43, 42, 21, 160, 162, 77, 157, 65, 198, 48, 50, 238, 44, 83, 101, 47, 183, 187, 231, 244, 107, 89, 24, 149, 191, 85, 202, 60, 207, 218, 170, 199, 85, 50, 230, 136, 86, 53, 148, 104, 221, 159, 115, 55, 86, 63, 164, 59, 109, 69, 197, 91, 23, 33, 17, 120, 181, 138, 22, 226, 101, 137, 5, 153, 67, 187, 219, 133, 37, 135, 130, 228, 217, 146, 159, 236, 174, 122, 164, 108, 207, 36, 86, 150, 179, 40, 6, 10, 88, 33, 71, 127, 69, 229, 65, 138, 163, 73, 204, 233, 189, 49, 136, 77, 58, 234, 147, 149, 134, 133, 48, 182, 255, 29, 67, 207, 76, 159, 46, 99, 17, 58, 37, 31, 141, 208, 128, 178, 112, 127, 55, 111, 13, 135, 118, 107, 122, 180, 206, 202, 25, 58, 248, 233, 41, 173, 69, 89, 247, 121, 12, 177, 28, 93, 133, 155, 222, 241, 25, 118, 145, 178, 14, 3, 152, 26, 6, 23, 0, 143, 128, 45, 204, 197, 119, 140, 227, 202, 254, 169, 111, 240, 2, 194, 34, 184, 28, 137, 117, 206, 28, 86, 247, 189, 223, 54, 206, 121, 135, 225, 163, 40, 61, 198, 41, 58, 21, 226, 237, 24, 123, 215, 153, 86, 14, 145, 156, 166, 145, 117, 170, 126, 255, 86, 218, 179, 37, 19, 63, 101, 193, 161, 94, 8, 163, 212, 50, 50, 184, 2, 82, 192, 46, 242, 169, 69, 47, 181, 178, 187, 179, 46, 96, 58, 147, 229, 134, 62, 172, 62, 3, 194, 240, 52, 30, 7, 173, 16, 28, 86, 43, 236, 236, 209, 142, 234, 51, 107, 42, 195, 18, 18, 88, 53, 171, 133, 19, 201, 177, 211, 174, 145, 43, 7, 210, 107, 145, 160, 39, 176, 104, 63, 216, 116, 98, 223, 115, 3, 185, 48, 10, 45, 128, 14, 74, 239, 124, 235, 158, 225, 129, 52, 43, 159, 17, 35, 14, 205, 98, 134, 112, 240, 101, 73, 19, 172, 124, 169, 249, 244, 72, 232, 29, 62, 211, 103, 85, 15, 18, 6, 163, 123, 58, 60, 75, 33, 6, 56, 154, 129, 175, 61, 72, 83, 229, 16, 217, 223, 78, 140, 54, 213, 78, 69, 31, 141, 203, 128, 220, 153, 125, 220, 33, 131, 25, 87, 234, 97, 13, 184, 180, 126, 70, 18, 110, 98, 225, 150, 56, 195, 230, 220, 13, 94, 13, 80, 43, 22, 191, 120, 155, 64, 60, 207, 169, 234, 236, 112, 158, 240, 165, 138, 195, 166, 196, 33, 103, 14, 56, 192, 220, 60, 37, 162, 188, 28, 153, 163, 0, 62, 50, 38, 83, 48, 244, 223, 146, 218, 51, 220, 186, 37, 157, 159, 153, 68, 35, 105, 173, 100, 113, 20, 25, 53, 246, 36, 9, 30, 0, 206, 29, 121, 251, 140, 48, 225, 120, 21, 37, 210, 0, 77, 90, 176, 197, 181, 106, 183, 170, 48, 89, 139, 182, 118, 203, 93, 32, 125, 255, 218, 254, 40, 23, 129, 111, 105, 40, 14, 67, 84, 243, 156, 80, 214, 144, 91, 215, 248, 7, 15, 46, 137, 144, 83, 34, 244, 88, 90, 54, 4, 142, 33, 81, 169, 18, 194, 0, 211, 147, 144, 41, 142, 223, 110, 177, 170, 184, 229, 35, 191, 84, 4, 241, 1, 128, 57, 159, 163, 151, 251, 87, 175, 145, 250, 115, 68, 31, 108, 68, 99, 239, 30, 209, 244, 127, 43, 172, 171, 2, 109, 219, 119, 106, 51, 208, 115, 167, 226, 138, 206, 55, 53, 70, 120, 44, 234, 28, 245, 20, 236, 164, 104, 209, 238, 23, 98, 225, 209, 68, 120, 81, 163, 183, 147, 150, 246, 134, 67, 224, 34, 45, 175, 51, 34, 102, 69, 234, 192, 89, 195, 24, 92, 190, 45, 21, 192, 177, 118, 252, 103, 34, 78, 116, 39, 30, 242, 123, 192, 179, 72, 120, 36, 219, 53, 219, 122, 5, 39, 186, 84, 151, 237, 47, 154, 127, 253, 71, 123, 76, 147, 170, 77, 37, 23, 251, 148, 141, 87, 122, 22, 39, 230, 13, 169, 255, 139, 216, 90, 179, 246, 87, 82, 59, 30, 4, 170, 150, 216, 217, 73, 199, 230, 158, 249, 137, 25, 40, 226, 2, 167, 172, 109, 172, 48, 143, 111, 223, 61, 223, 241, 175, 158, 119, 50, 183, 28, 13, 223, 158, 157, 216, 54, 63, 212, 17, 154, 193, 215, 149, 83, 130, 145, 146, 172, 70, 94, 126, 230, 101, 111, 9, 158, 64, 229, 168, 183, 9, 176, 0, 25, 109, 67, 163, 248, 55, 234, 41, 117, 94, 251, 61, 5, 130, 193, 239, 112, 45, 212, 149, 184, 191, 95, 41, 162, 108, 155, 195, 149, 243, 201, 19, 212, 123, 255, 140, 99, 14, 132, 123, 112, 226, 115, 47, 211, 240, 155, 98, 79, 166, 93, 26, 36, 183, 241, 74, 143, 37, 243, 120, 150, 34, 175, 26, 116, 202, 78, 17, 143, 180, 128, 185, 185, 153, 144, 41, 137, 163, 97, 210, 22, 99, 233, 49, 50, 243, 41, 33, 7, 95, 76, 147, 106, 132, 223, 32, 203, 56, 185, 135, 121, 3, 99, 169, 153, 175, 43, 89, 138, 118, 212, 110, 229, 6, 36, 125, 155, 199, 149, 195, 8, 51, 94, 28, 177, 70, 169, 43, 88, 245, 93, 97, 24, 85, 122, 212, 183, 118, 153, 2, 1, 197, 8, 198, 148, 120, 76, 6, 74, 57, 193, 227, 89, 70, 152, 246, 73, 158, 76, 12, 61, 126, 207, 172, 229, 161, 199, 117, 231, 192, 170, 197, 130, 126, 213, 202, 96, 207, 184, 234, 116, 61, 35, 153, 212, 146, 28, 186, 246, 190, 136, 29, 215, 183, 61, 132, 184, 121, 52, 104, 251, 124, 37, 226, 13, 231, 204, 75, 32, 193, 170, 196, 201, 34, 221, 226, 135, 17, 64, 17, 116, 215, 170, 42, 214, 247, 122, 127, 124, 20, 120, 13, 149, 222, 139, 209, 245, 178, 20, 111, 231, 31, 177, 183, 230, 213, 80, 22, 115, 70, 100, 241, 13, 101, 59, 19, 26, 193, 252, 104, 15, 188, 37, 132, 183, 78, 90, 236, 225, 240, 213, 10, 254, 3, 10, 223, 66, 137, 97, 62, 84, 147, 83, 57, 130, 148, 150, 18, 66, 246, 122, 95, 243, 146, 226, 231, 244, 161, 190, 61, 244, 26, 77, 44, 246, 247, 240, 91, 186, 234, 209, 173, 238, 8, 184, 111, 29, 31, 121, 5, 197, 95, 235, 203, 154, 102, 214, 151, 181, 164, 145, 219, 163, 161, 149, 166, 81, 88, 205, 170, 169, 47, 114, 75, 93, 169, 18, 181, 62, 124, 217, 21, 51, 8, 238, 168, 247, 140, 224, 116, 201, 10, 39, 232, 62, 93, 138, 121, 85, 178, 0, 142, 177, 178, 146, 245, 42, 246, 121, 157, 221, 67, 224, 29, 67, 16, 63, 123, 184, 236, 51, 169, 65, 188, 188, 215, 228, 104, 10, 53, 68, 142, 114, 181, 27, 4, 227, 57, 197, 136, 55, 163, 28, 95, 84, 14, 221, 48, 92, 79, 243, 27, 171, 175, 199, 115, 149, 207, 30, 254, 165, 249, 223, 77, 169, 221, 123, 220, 28, 250, 8, 245, 195, 253, 59, 77, 24, 43, 47, 161, 192, 42, 35, 115, 72, 103, 157, 85, 219, 247, 223, 46, 101, 85, 71, 213, 28, 169, 111, 99, 161, 3, 50, 230, 240, 76, 36, 53, 218, 20, 17, 194, 245, 222, 13, 61, 15, 100, 180, 106, 86, 231, 93, 25, 158, 11, 140, 65, 34, 129, 244, 136, 72, 182, 254, 238, 43, 229, 215, 249, 163, 0, 114, 101, 192, 37, 32, 229, 66, 3, 159, 111, 186, 14, 126, 174, 185, 142, 230, 39, 170, 170, 21, 110, 137, 11, 12, 253, 15, 75, 117, 201, 88, 41, 133, 134, 198, 25, 167, 24, 224, 26, 89, 175, 252, 6, 168, 196, 201, 24, 7, 68, 203, 26, 225, 72, 177, 177, 187, 179, 83, 11, 226, 169, 144, 12, 79, 50, 16, 7, 171, 122, 91, 226, 117, 126, 79, 106, 61, 72, 98, 239, 56, 33, 233, 247, 5, 225, 183, 61, 32, 53, 152, 77, 67, 209, 99, 31, 235, 68, 71, 190, 175, 172, 43, 195, 79, 100, 191, 217, 76, 171, 14, 70, 100, 117, 148, 87, 5, 142, 216, 239, 65, 207, 62, 230, 128, 150, 63, 41, 149, 41, 135, 236, 163, 179, 145, 92, 18, 27, 2, 85, 10, 63, 93, 228, 94, 198, 195, 163, 184, 112, 5, 139, 165, 188, 96, 148, 40, 36, 17, 46, 0, 182, 81, 221, 61, 161, 162, 203, 83, 207, 122, 240, 155, 163, 195, 228, 120, 117, 17, 178, 112, 137, 142, 190, 99, 179, 10, 63, 243, 109, 128, 33, 27, 249, 176, 139, 118, 236, 195, 77, 5, 170, 181, 235, 120, 168, 121, 203, 165, 174, 254, 236, 142, 188, 6, 110, 160, 67, 95, 78, 222, 121, 224, 19, 132, 107, 151, 31, 2, 202, 213, 119, 24, 197, 12, 27, 158, 183, 220, 236, 245, 100, 73, 156, 140, 234, 224, 193, 220, 191, 61, 85, 181, 26, 114, 21, 34, 255, 49, 158, 242, 246, 158, 3, 108, 45, 202, 159, 211, 223, 3, 195, 156, 64, 59, 30, 197, 182, 49, 34, 64, 192, 149, 108, 18, 125, 42, 35, 94, 107, 66, 48, 136, 42, 108, 173, 17, 23, 230, 107, 50, 234, 218, 188, 185, 87, 164, 166, 62, 160, 36, 209, 103, 183, 218, 140, 209, 43, 241, 38, 205, 111, 18, 233, 199, 242, 184, 183, 245, 209, 138, 253, 176, 212, 38, 128, 182, 118, 191, 210, 179, 160, 115, 195, 221, 2, 13, 111, 45, 239, 255, 43, 40, 15, 110, 125, 181, 34, 200, 130, 161, 149, 184, 132, 115, 118, 141, 248, 238, 212, 180, 243, 253, 156, 15, 81, 245, 83, 63, 2, 207, 234, 61, 39, 164, 229, 7, 93, 157, 192, 146, 73, 79, 65, 35, 124, 23, 202, 29, 48, 40, 81, 100, 244, 211, 182, 177, 89, 54, 131, 143, 10, 29, 213, 79, 21, 37, 236, 83, 57, 194, 8, 133, 56, 143, 187, 233, 20, 159, 28, 76, 255, 136, 80, 21, 19, 207, 0, 181, 2, 212, 25, 61, 98, 202, 174, 75, 35, 109, 148, 162, 111, 75, 135, 60, 200, 106, 166, 231, 183, 181, 240, 34, 11, 41, 137, 75, 57, 46, 242, 49, 59, 220, 165, 13, 49, 17, 43, 50, 23, 36, 4, 60, 239, 180, 208, 107, 246, 95, 252, 49, 196, 74, 88, 97, 242, 161, 201, 223, 80, 182, 80, 228, 109, 228, 20, 42, 214, 60, 32, 69, 41, 9, 141, 26, 56, 109, 167, 122, 236, 105, 180, 148, 100, 76, 231, 14, 28, 121, 120, 83, 155, 54, 156, 60, 92, 207, 78, 108, 15, 217, 78, 9, 3, 228, 93, 63, 58, 219, 236, 193, 162, 184, 113, 104, 98, 139, 218, 237, 131, 198, 197, 186, 211, 120, 45, 121, 11, 4, 74, 108, 93, 59, 118, 21, 25, 106, 228, 185, 96, 134, 3, 14, 114, 176, 234, 109, 215, 165, 136, 218, 67, 218, 130, 131, 24, 27, 196, 46, 107, 155, 236, 71, 96, 153, 129, 48, 5, 239, 172, 47, 220, 187, 220, 43, 253, 46, 157, 240, 51, 241, 184, 232, 211, 88, 223, 171, 189, 182, 152, 161, 118, 82, 199, 51, 110, 146, 120, 98, 18, 87, 230, 179, 115, 149, 143, 103, 82, 180, 17, 239, 87, 142, 11, 160, 201, 120, 208, 209, 198, 81, 158, 183, 19, 63, 123, 86, 139, 88, 69, 23, 3, 232, 95, 63, 41, 248, 254, 249, 123, 84, 59, 136, 98, 93, 81, 184, 9, 25, 182, 254, 227, 85, 190, 126, 162, 195, 215, 221, 53, 61, 37, 241, 47, 216, 94, 116, 93, 45, 171, 137, 51, 81, 194, 105, 53, 168, 194, 166, 158, 92, 71, 55, 252, 107, 234, 155, 31, 187, 47, 100, 189, 105, 48, 204, 14, 71, 113, 229, 219, 11, 153, 123, 101, 179, 40, 21, 43, 37, 232, 94, 80, 2, 130, 140, 94, 93, 236, 230, 191, 143, 78, 217, 111, 225, 122, 137, 32, 110, 215, 155, 72, 252, 11, 178, 186, 156, 164, 98, 68, 58, 14, 250, 168, 98, 208, 127, 85, 35, 135, 43, 66, 12, 130, 152, 214, 130, 2, 48, 29, 16, 96, 221, 73, 147, 65, 6, 197, 56, 213, 250, 7, 200, 193, 39, 142, 230, 68, 231, 231, 136, 104, 11, 51, 151, 252, 103, 64, 6, 208, 2, 3, 156, 184, 6, 37, 69, 152, 211, 105, 12, 252, 115, 180, 51, 88, 246, 246, 78, 170, 138, 13, 10, 93, 212, 12, 130, 235, 202, 189, 199, 179, 224, 41, 121, 111, 99, 218, 99, 185, 55, 68, 101, 54, 7, 67, 176, 51, 137, 79, 6, 26, 68, 75, 172, 43, 249, 82, 188, 124, 235, 127, 170, 93, 45, 38, 243, 14, 98, 221, 190, 232, 138, 112, 82, 101, 68, 215, 87, 20, 166, 82, 247, 68, 97, 91, 149, 135, 131, 158, 11, 183, 68, 40, 114, 156, 28, 12, 252, 154, 119, 200, 141, 210, 219, 123, 124, 242, 252, 184, 194, 222, 105, 198, 112, 170, 32, 161, 120, 57, 254, 225, 39, 63, 119, 145, 29, 134, 63, 42, 23, 235, 138, 10, 86, 162, 126, 237, 83, 155, 107, 213, 166, 86, 109, 189, 23, 123, 94, 141, 211, 117, 130, 202, 172, 234, 116, 204, 68, 104, 206, 27, 172, 154, 86, 62, 143, 151, 26, 233, 214, 178, 147, 3, 190, 239, 26, 96, 104, 86, 81, 100, 38, 7, 197, 228, 128, 111, 168, 180, 55, 136, 158, 5, 241, 1, 46, 188, 172, 123, 21, 31, 222, 21, 204, 62, 36, 63, 174, 133, 161, 140, 169, 175, 66, 124, 248, 209, 153, 31, 97, 147, 28, 157, 38, 44, 94, 116, 142, 192, 111, 94, 162, 53, 248, 118, 52, 5, 253, 0, 101, 174, 71, 110, 199, 31, 60, 232, 27, 234, 161, 180, 122, 40, 62, 218, 93, 27, 89, 227, 62, 99, 39, 105, 244, 108, 56, 115, 175, 245, 18, 107, 38, 52, 121, 121, 139, 195, 151, 254, 125, 30, 174, 57, 107, 5, 199, 70, 234, 30, 30, 104, 22, 232, 193, 63, 195, 191, 62, 143, 21, 162, 96, 17, 239, 137, 9, 138, 228, 208, 99, 52, 68, 95, 90, 222, 79, 182, 4, 40, 228, 6, 0, 88, 95, 152, 220, 212, 179, 85, 221, 160, 48, 87, 167, 2, 48, 134, 23, 232, 252, 201, 197, 204, 230, 35, 113, 86, 237, 231, 162, 11, 37, 45, 110, 150, 241, 92, 206, 71, 198, 66, 251, 158, 64, 202, 58, 5, 95, 170, 38, 18, 240, 255, 26, 30, 150, 114, 74, 228, 208, 142, 200, 121, 221, 25, 102, 248, 52, 203, 161, 131, 114, 138, 166, 10, 138, 153, 163, 4, 241, 217, 17, 2, 218, 148, 158, 8, 68, 140, 162, 164, 192, 241, 57, 82, 95, 16, 15, 107, 171, 161, 111, 177, 204, 230, 107, 79, 136, 39, 171, 1, 216, 74, 134, 120, 152, 107, 231, 187, 225, 88, 11, 149, 88, 155, 155, 66, 123, 32, 159, 107, 1, 241, 124, 116, 225, 152, 187, 135, 139, 119, 249, 174, 39, 144, 213, 143, 202, 22, 32, 249, 49, 152, 45, 59, 142, 246, 216, 230, 83, 9, 106, 133, 29, 129, 52, 206, 231, 140, 52, 137, 228, 149, 214, 68, 18, 216, 52, 209, 106, 115, 46, 10, 232, 192, 109, 185, 184, 19, 244, 174, 8, 33, 184, 193, 80, 120, 166, 102, 77, 140, 237, 80, 24, 174, 86, 142, 41, 58, 166, 136, 178, 32, 225, 148, 144, 96, 211, 249, 186, 83, 217, 39, 214, 27, 75, 2, 76, 214, 181, 101, 185, 48, 233, 254, 60, 3, 157, 147, 197, 122, 86, 21, 142, 248, 235, 132, 68, 192, 214, 15, 130, 238, 131, 76, 7, 47, 10, 76, 168, 253, 60, 64, 233, 34, 135, 107, 244, 31, 75, 172, 136, 203, 175, 169, 36, 170, 117, 24, 42, 96, 82, 8, 185, 219, 99, 34, 226, 37, 138, 54, 223, 142, 121, 215, 67, 64, 121, 187, 5, 230, 130, 182, 101, 106, 166, 131, 147, 149, 216, 62, 193, 18, 155, 5, 174, 142, 71, 239, 8, 2, 104, 230, 191, 216, 132, 100, 57, 95, 206, 229, 44, 102, 224, 15, 123, 16, 131, 109, 111, 163, 47, 186, 157, 83, 221, 166, 111, 40, 163, 213, 208, 8, 3, 145, 63, 8, 54, 175, 74, 42, 96, 127, 159, 95, 192, 242, 182, 109, 8, 59, 72, 232, 241, 35, 107, 194, 173, 136, 139, 93, 150, 65, 73, 25, 212, 191, 187, 91, 164, 3, 44, 140, 41, 17, 117, 35, 0, 245, 154, 219, 191, 129, 27, 30, 136, 44, 126, 161, 250, 126, 47, 132, 48, 183, 126, 1, 12, 13, 43, 132, 28, 136, 253, 210, 197, 4, 104, 254, 139, 255, 125, 62, 77, 11, 177, 15, 51, 57, 191, 196, 91, 40, 214, 132, 226, 137, 240, 19, 52, 8, 47, 142, 218, 56, 178, 86, 136, 167, 12, 66, 210, 166, 69, 49, 186, 38, 149, 225, 234, 138, 114, 192, 183, 189, 241, 211, 212, 90, 158, 5, 33, 30, 104, 47, 104, 71, 134, 21, 123, 87, 44, 101, 223, 91, 78, 17, 164, 201, 124, 43, 76, 188, 32, 98, 136, 202, 27, 7, 66, 55, 23, 4, 214, 167, 83, 124, 119, 150, 153, 162, 218, 199, 167, 53, 85, 9, 46, 255, 231, 29, 150, 130, 179, 140, 125, 204, 42, 248, 84, 139, 184, 33, 215, 38, 189, 39, 193, 93, 114, 137, 54, 103, 62, 229, 216, 11, 223, 230, 133, 3, 84, 248, 44, 182, 64, 213, 84, 234, 179, 67, 230, 91, 158, 224, 223, 0, 191, 132, 253, 95, 183, 190, 124, 115, 112, 67, 96, 98, 70, 33, 226, 196, 242, 169, 39, 183, 53, 5, 252, 154, 156, 191, 194, 0, 52, 125, 186, 34, 166, 41, 77, 88, 230, 211, 212, 40, 208, 126, 3, 203, 135, 233, 196, 242, 16, 229, 52, 100, 187, 218, 186, 173, 115, 134, 4, 80, 76, 3, 24, 44, 95, 249, 195, 123, 212, 143, 134, 84, 167, 225, 9, 213, 129, 12, 58, 207, 84, 99, 226, 173, 131, 222, 2, 215, 230, 196, 154, 47, 72, 42, 189, 35, 165, 63, 166, 22, 121, 48, 28, 35, 244, 51, 51, 24, 155, 145, 157, 23, 248, 25, 225, 98, 51, 102, 6, 80, 32, 237, 50, 146, 16, 106, 81, 28, 234, 248, 248, 34, 22, 253, 43, 157, 23, 134, 60, 82, 179, 80, 192, 34, 61, 211, 25, 125, 178, 145, 55, 87, 76, 143, 160, 184, 130, 0, 177, 9, 155, 195, 239, 139, 169, 112, 215, 48, 208, 113, 84, 170, 100, 212, 134, 21, 91, 152, 173, 165, 30, 152, 180, 7, 98, 28, 47, 26, 197, 156, 208, 39, 110, 117, 84, 88, 215, 54, 84, 53, 227, 100, 155, 99, 25, 88, 95, 84, 196, 121, 91, 28, 134, 146, 143, 155, 72, 59, 162, 20, 113, 63, 43, 37, 91, 19, 168, 218, 167, 158, 36, 119, 141, 208, 76, 160, 168, 223, 147, 90, 104, 224, 216, 64, 130, 59, 163, 174, 40, 206, 84, 171, 121, 19, 217, 21, 247, 137, 233, 136, 137, 124, 13, 149, 116, 85, 172, 142, 167, 17, 136, 103, 212, 55, 40, 227, 63, 149, 52, 111, 192, 134, 154, 149, 188, 72, 239, 30, 153, 6, 54, 67, 125, 147, 157, 50, 234, 143, 63, 21, 191, 241, 142, 101, 88, 100, 16, 59, 16, 166, 166, 111, 166, 38, 180, 23, 19, 204, 205, 20, 88, 55, 80, 42, 10, 12, 254, 130, 20, 132, 131, 117, 143, 18, 99, 77, 49, 151, 213, 207, 125, 5, 123, 173, 116, 61, 153, 169, 43, 142, 40, 10, 27, 112, 109, 132, 8, 120, 50, 237, 46, 68, 34, 83, 126, 151, 58, 192, 205, 170, 220, 126, 93, 143, 105, 21, 97, 233, 128, 121, 4, 113, 130, 9, 5, 40, 230, 195, 235, 203, 46, 15, 169, 164, 241, 16, 111, 56, 191, 172, 78, 211, 252, 8, 34, 139, 151, 234, 232, 236, 107, 115, 36, 197, 179, 43, 138, 64, 163, 92, 94, 212, 1, 40, 70, 114, 57, 190, 136, 247, 61, 16, 7, 104, 197, 71, 169, 149, 107, 214, 38, 239, 230, 241, 195, 80, 213, 8, 100, 204, 84, 134, 141, 150, 35, 160, 253, 178, 173, 78, 55, 20, 235, 42, 16, 22, 63, 166, 122, 149, 128, 185, 239, 192, 120, 151, 43, 117, 43, 45, 120, 24, 70, 44, 147, 29, 71, 166, 39, 120, 230, 46, 76, 46, 66, 178, 208, 197, 187, 12, 178, 218, 57, 29, 92, 200, 87, 63, 54, 35, 250, 24, 39, 166, 128, 174, 180, 221, 199, 205, 213, 71, 127, 254, 201, 216, 104, 11, 214, 198, 39, 41, 38, 240, 159, 204, 169, 236, 77, 192, 202, 167, 124, 33, 179, 126, 85, 152, 195, 19, 20, 82, 112, 186, 242, 105, 152, 48, 130, 203, 205, 85, 219, 160, 114, 23, 116, 59, 20, 17, 195, 108, 111, 118, 120, 43, 175, 15, 221, 142, 109, 38, 116, 184, 82, 213, 109, 155, 55, 127, 84, 108, 168, 35, 65, 224, 8, 38, 152, 133, 113, 114, 225, 13, 174, 81, 85, 31, 248, 17, 90, 57, 119, 184, 95, 83, 211, 32, 191, 38, 96, 122, 215, 3, 50, 170, 169, 174, 69, 52, 59, 202, 166, 220, 59, 154, 96, 29, 161, 8, 156, 245, 248, 86, 125, 147, 16, 214, 82, 61, 114, 18, 128, 131, 128, 181, 157, 87, 238, 95, 114, 1, 227, 239, 206, 118, 129, 74, 32, 127, 35, 24, 178, 166, 9, 93, 177, 250, 155, 162, 70, 63, 16, 80, 21, 225, 223, 145, 115, 7, 166, 152, 142, 62, 9, 76, 244, 91, 84, 141, 233, 148, 234, 32, 5, 198, 145, 193, 9, 95, 190, 222, 38, 45, 197, 72, 196, 212, 136, 22, 143, 100, 39, 179, 125, 15, 83, 12, 92, 127, 53, 131, 63, 150, 1, 10, 184, 26, 196, 30, 177, 124, 11, 40, 133, 34, 216, 155, 250, 25, 179, 241, 114, 17, 229, 153, 70, 65, 176, 249, 69, 100, 165, 4, 137, 58, 242, 21, 25, 25, 195, 77, 84, 153, 183, 229, 151, 255, 255, 61, 254, 163, 244, 2, 122, 68, 140, 81, 36, 209, 83, 51, 34, 134, 211, 151, 243, 237, 77, 26, 168, 169, 63, 0, 69, 109, 35, 251, 251, 187, 124, 110, 157, 231, 52, 7, 158, 252, 75, 121, 180, 183, 188, 198, 166, 112, 8, 9, 130, 59, 59, 13, 226, 214, 138, 161, 238, 174, 80, 85, 160, 196, 100, 87, 175, 222, 139, 218, 116, 237, 148, 219, 92, 122, 180, 154, 185, 166, 32, 143, 176, 39, 221, 34, 124, 175, 42, 123, 187, 200, 110, 12, 54, 126, 168, 135, 183, 86, 124, 51, 181, 79, 80, 144, 5, 190, 204, 93, 246, 233, 194, 157, 230, 51, 236, 19, 248, 100, 153, 205, 197, 6, 92, 167, 97, 67, 56, 7, 47, 79, 215, 47, 207, 147, 154, 147, 81, 244, 98, 212, 163, 73, 146, 227, 64, 172, 165, 36, 188, 132, 34, 213, 32, 78, 109, 242, 6, 59, 84, 5, 159, 252, 60, 76, 222, 100, 232, 200, 31, 57, 176, 226, 189, 168, 85, 20, 141, 97, 145, 11, 86, 16, 243, 61, 20, 37, 170, 78, 203, 115, 187, 166, 208, 48, 208, 215, 215, 234, 196, 250, 0, 143, 42, 255, 32, 158, 198, 33, 17, 94, 38, 10, 24, 13, 244, 4, 151, 51, 27, 178, 137, 161, 216, 228, 200, 23, 226, 151, 249, 99, 18, 33, 240, 34, 118, 96, 13, 162, 122, 28, 178, 73, 128, 2, 242, 151, 124, 57, 56, 194, 124, 167, 58, 51, 35, 91, 25, 141, 52, 103, 99, 117, 240, 177, 136, 118, 237, 26, 65, 119, 79, 60, 14, 16, 205, 34, 254, 250, 219, 27, 24, 189, 151, 20, 59, 115, 1, 235, 115, 144, 50, 251, 192, 76, 191, 61, 10, 11, 68, 250, 244, 7, 245, 152, 193, 46, 38, 42, 3, 90, 62, 231, 50, 116, 210, 139, 157, 207, 120, 7, 146, 111, 119, 46, 49, 242, 206, 58, 154, 45, 128, 94, 62, 24, 41, 78, 45, 48, 183, 1, 246, 32, 121, 129, 251, 227, 173, 87, 176, 115, 135, 85, 80, 235, 178, 245, 52, 182, 100, 37, 188, 255, 115, 37, 160, 194, 17, 49, 33, 237, 140, 32, 95, 186, 95, 5, 144, 228, 233, 224, 19, 146, 83, 35, 200, 109, 42, 57, 201, 57, 182, 55, 107, 146, 119, 184, 175, 140, 49, 195, 244, 100, 187, 26, 54, 62, 183, 99, 99, 214, 64, 122, 242, 53, 9, 150, 12, 140, 219, 179, 175, 236, 149, 84, 28, 29, 203, 127, 99, 254, 196, 46, 170, 44, 4, 16, 208, 31, 157, 173, 250, 42, 247, 189, 85, 200, 216, 210, 19, 247, 2, 56, 188, 180, 135, 179, 123, 70, 213, 191, 12, 2, 109, 239, 216, 181, 173, 10, 197, 109, 129, 233, 177, 246, 213, 5, 82, 10, 101, 251, 117, 250, 76, 254, 244, 222, 36, 191, 113, 33, 229, 226, 209, 127, 50, 158, 235, 207, 218, 37, 34, 107, 247, 88, 224, 161, 171, 70, 16, 138, 23, 52, 249, 103, 231, 105, 201, 50, 123, 130, 210, 137, 178, 141, 5, 88, 57, 42, 244, 187, 5, 17, 42, 9, 135, 105, 215, 119, 72, 48, 29, 228, 254, 90, 131, 212, 184, 185, 141, 100, 11, 90, 235, 236, 236, 109, 13, 139, 121, 154, 160, 255, 108, 47, 11, 191, 199, 224, 158, 64, 100, 120, 46, 126, 235, 225, 60, 201, 60, 225, 51, 17, 40, 154, 211, 207, 233, 226, 156, 44, 3, 245, 209, 244, 255, 47, 125, 153, 166, 203, 11, 142, 11, 145, 71, 227, 85, 64, 8, 220, 250, 136, 227, 95, 13, 59, 138, 208, 93, 163, 240, 117, 101, 181, 202, 231, 241, 3, 206, 144, 110, 82, 160, 212, 209, 201, 166, 116, 93, 175, 13, 172, 196, 98, 154, 130, 137, 246, 75, 196, 244, 150, 40, 27, 67, 16, 37, 122, 8, 20, 89, 232, 4, 172, 83, 213, 221, 103, 66, 76, 187, 34, 209, 206, 164, 171, 166, 181, 86, 116, 16, 112, 240, 175, 41, 95, 151, 86, 201, 176, 57, 14, 13, 163, 117, 248, 198, 232, 182, 98, 138, 251, 225, 158, 109, 0, 131, 196, 116, 20, 66, 101, 216, 221, 21, 110, 14, 220, 73, 146, 180, 112, 111, 13, 197, 96, 174, 202, 157, 113, 161, 36, 24, 212, 192, 155, 17, 203, 53, 155, 46, 199, 197, 44, 49, 96, 193, 153, 169, 140, 168, 111, 55, 73, 71, 28, 122, 36, 113, 199, 184, 241, 78, 215, 72, 200, 166, 225, 229, 130, 127, 177, 235, 176, 225, 20, 244, 225, 192, 134, 56, 237, 211, 47, 120, 40, 231, 19, 105, 170, 192, 209, 174, 12, 128, 100, 249, 197, 14, 89, 240, 168, 68, 164, 111, 166, 47, 31, 48, 182, 90, 133, 201, 254, 153, 31, 40, 150, 188, 35, 207, 251, 34, 2, 10, 50, 84, 245, 148, 73, 50, 106, 60, 128, 139, 177, 200, 116, 33, 197, 153, 242, 126, 176, 197, 81, 230, 59, 169, 103, 128, 1, 93, 61, 169, 26, 53, 21, 191, 31, 201, 30, 20, 34, 42, 123, 153, 56, 138, 208, 140, 176, 16, 233, 160, 77, 181, 91, 155, 114, 2, 5, 12, 4, 150, 179, 217, 125, 101, 71, 11, 239, 233, 161, 106, 109, 158, 167, 159, 43, 84, 214, 68, 135, 236, 16, 214, 226, 195, 196, 181, 181, 191, 151, 251, 15, 110, 247, 251, 121, 206, 34, 233, 188, 77, 118, 143, 10, 122, 45, 160, 195, 231, 19, 111, 0, 36, 196, 222, 45, 223, 155, 109, 70, 237, 33, 182, 38, 0, 123, 215, 205, 75, 187, 240, 123, 234, 220, 205, 254, 107, 47, 115, 230, 90, 155, 180, 15, 174, 216, 219, 24, 181, 70, 62, 171, 183, 130, 158, 17, 133, 181, 2, 98, 87, 59, 133, 202, 66, 61, 32, 130, 22, 42, 42, 11, 133, 237, 150, 52, 92, 232, 219, 149, 239, 6, 48, 32, 224, 4, 84, 19, 36, 213, 153, 50, 98, 81, 121, 77, 53, 114, 212, 160, 87, 58, 68, 210, 148, 92, 203, 215, 198, 219, 138, 98, 59, 3, 173, 129, 18, 53, 36, 13, 192, 239, 166, 218, 97, 211, 91, 13, 36, 135, 22, 135, 79, 161, 114, 151, 76, 31, 108, 141, 73, 183, 220, 30, 14, 2, 152, 150, 191, 213, 1, 31, 244, 95, 150, 129, 233, 193, 110, 81, 250, 33, 37, 124, 19, 47, 252, 106, 102, 86, 179, 132, 197, 77, 113, 8, 251, 206, 152, 143, 154, 150, 176, 0, 86, 247, 14, 101, 126, 137, 220, 153, 29, 65, 222, 100, 216, 234, 199, 79, 16, 125, 157, 82, 186, 99, 19, 81, 249, 221, 145, 17, 80, 112, 138, 25, 224, 204, 203, 142, 153, 229, 12, 58, 46, 54, 208, 67, 16, 132, 61, 6, 56, 24, 136, 232, 48, 96, 105, 217, 227, 197, 99, 184, 37, 203, 219, 37, 223, 29, 4, 140, 230, 62, 105, 60, 209, 61, 90, 92, 213, 218, 189, 187, 250, 163, 73, 10, 82, 197, 84, 55, 146, 4, 53, 246, 128, 4, 58, 45, 144, 177, 40, 96, 160, 6, 178, 237, 115, 129, 49, 146, 52, 71, 244, 129, 36, 130, 39, 244, 120, 240, 135, 138, 251, 140, 101, 138, 90, 179, 154, 30, 38, 11, 247, 181, 198, 153, 86, 179, 17, 139, 159, 45, 190, 19, 129, 46, 148, 221, 232, 102, 88, 154, 90, 88, 23, 26, 51, 88, 142, 158, 121, 2, 211, 226, 55, 242, 251, 131, 139, 233, 186, 101, 236, 172, 214, 135, 24, 202, 66, 114, 170, 1, 117, 206, 100, 109, 179, 218, 125, 204, 107, 39, 68, 25, 200, 104, 202, 174, 171, 178, 43, 13, 39, 213, 133, 207, 246, 19, 197, 250, 241, 195, 0, 212, 23, 20, 97, 132, 66, 88, 199, 65, 90, 233, 218, 18, 191, 122, 18, 190, 35, 254, 83, 249, 6, 184, 47, 14, 242, 104, 60, 191, 68, 3, 135, 162, 187, 73, 170, 215, 128, 98, 246, 216, 177, 235, 218, 42, 148, 66, 67, 157, 40, 128, 58, 3, 127, 50, 102, 121, 185, 127, 132, 146, 219, 176, 95, 94, 76, 59, 202, 187, 104, 206, 104, 218, 8, 39, 69, 36, 225, 123, 39, 32, 232, 188, 137, 204, 241, 43, 11, 56, 16, 7, 24, 193, 144, 202, 85, 157, 56, 193, 224, 7, 189, 57, 9, 207, 191, 70, 189, 38, 194, 85, 188, 198, 25, 205, 191, 232, 67, 71, 216, 150, 155, 57, 61, 42, 176, 139, 109, 20, 84, 220, 209, 196, 227, 242, 203, 35, 223, 147, 124, 23, 178, 170, 58, 93, 157, 156, 193, 132, 188, 151, 109, 245, 252, 151, 117, 246, 98, 203, 200, 230, 45, 203, 39, 42, 234, 127, 242, 17, 82, 218, 200, 7, 203, 5, 122, 114, 58, 46, 104, 31, 71, 133, 58, 130, 129, 238, 222, 95, 78, 249, 104, 213, 223, 39, 236, 234, 171, 229, 139, 124, 190, 54, 181, 37, 220, 23, 107, 201, 9, 148, 176, 22, 17, 18, 182, 178, 170, 230, 151, 155, 137, 42, 251, 146, 254, 27, 5, 118, 58, 236, 134, 228, 116, 119, 28, 17, 28, 116, 79, 35, 170, 251, 88, 227, 37, 251, 135, 49, 151, 255, 58, 22, 236, 158, 35, 41, 103, 159, 31, 215, 159, 90, 32, 144, 64, 73, 56, 30, 69, 225, 216, 87, 222, 216, 204, 108, 119, 54, 221, 31, 15, 168, 104, 138, 3, 72, 87, 119, 171, 42, 105, 94, 157, 27, 176, 184, 1, 50, 166, 7, 48, 209, 215, 198, 61, 132, 180, 209, 51, 129, 48, 107, 154, 178, 128, 243, 0, 246, 221, 165, 187, 135, 142, 27, 6, 226, 136, 164, 116, 250, 93, 3, 241, 79, 12, 212, 199, 135, 64, 1, 244, 57, 174, 186, 51, 36, 113, 108, 193, 152, 174, 148, 109, 104, 214, 138, 135, 1, 98, 170, 251, 140, 176, 35, 117, 140, 96, 32, 38, 92, 66, 186, 48, 194, 34, 38, 48, 239, 104, 223, 146, 85, 58, 103, 212, 153, 95, 137, 191, 40, 120, 213, 63, 58, 53, 4, 144, 254, 29, 155, 63, 89, 206, 99, 97, 235, 111, 200, 7, 76, 125, 49, 54, 252, 42, 123, 156, 93, 171, 7, 5, 97, 7, 2, 248, 129, 247, 34, 111, 101, 224, 70, 51, 17, 129, 239, 153, 26, 17, 119, 216, 189, 196, 56, 223, 248, 203, 102, 112, 164, 103, 50, 46, 246, 80, 168, 232, 43, 166, 28, 66, 239, 24, 178, 96, 106, 227, 164, 107, 225, 251, 136, 237, 180, 138, 176, 121, 226, 42, 74, 108, 131, 49, 254, 197, 147, 61, 202, 137, 152, 225, 7, 212, 6, 90, 156, 117, 67, 241, 32, 132, 95, 217, 140, 103, 49, 114, 170, 56, 131, 84, 183, 54, 158, 74, 172, 175, 38, 217, 136, 75, 190, 4, 35, 91, 74, 229, 140, 98, 225, 217, 116, 206, 15, 81, 161, 111, 177, 27, 30, 80, 4, 226, 153, 54, 0, 216, 48, 247, 130, 144, 169, 99, 247, 154, 27, 198, 54, 14, 79, 19, 121, 64, 134, 170, 100, 151, 118, 205, 202, 198, 52, 176, 217, 91, 37, 59, 225, 175, 77, 199, 207, 172, 82, 10, 102, 6, 1, 59, 132, 51, 145, 135, 50, 174, 239, 107, 4, 17, 197, 24, 250, 134, 92, 184, 166, 203, 237, 191, 157, 143, 56, 46, 34, 142, 17, 139, 196, 128, 12, 142, 34, 253, 229, 134, 158, 119, 10, 117, 154, 31, 237, 140, 20, 118, 123, 169, 86, 165, 195, 98, 139, 170, 54, 40, 133, 12, 177, 111, 78, 48, 2, 138, 114, 69, 33, 198, 144, 212, 209, 194, 113, 103, 143, 150, 117, 71, 201, 237, 15, 210, 123, 199, 167, 254, 115, 142, 218, 74, 4, 172, 81, 82, 35, 185, 37, 155, 47, 101, 230, 29, 107, 97, 89, 42, 173, 82, 9, 72, 154, 140, 157, 201, 203, 160, 65, 223, 196, 253, 197, 159, 232, 240, 136, 172, 43, 41, 90, 6, 220, 95, 20, 111, 40, 99, 163, 71, 160, 131, 241, 47, 190, 241, 252, 197, 71, 190, 227, 243, 167, 14, 159, 123, 160, 184, 211, 218, 2, 222, 104, 171, 68, 80, 13, 22, 241, 7, 168, 149, 80, 208, 252, 211, 251, 98, 253, 164, 43, 137, 125, 35, 248, 196, 173, 40, 106, 255, 50, 43, 44, 107, 32, 251, 246, 154, 107, 127, 226, 74, 68, 194, 191, 119, 19, 85, 210, 129, 230, 68, 176, 222, 132, 219, 133, 187, 105, 115, 245, 52, 194, 175, 44, 5, 109, 99, 250, 58, 255, 166, 82, 118, 41, 153, 103, 57, 99, 187, 88, 46, 94, 207, 50, 215, 239, 200, 191, 10, 128, 137, 225, 167, 180, 23, 48, 9, 33, 110, 236, 135, 227, 137, 208, 88, 184, 234, 248, 98, 25, 3, 30, 33, 156, 20, 137, 175, 243, 185, 197, 108, 216, 97, 108, 123, 49, 198, 8, 254, 12, 209, 193, 192, 232, 122, 134, 249, 178, 117, 245, 1, 112, 224, 194, 53, 76, 72, 108, 164, 90, 250, 168, 198, 153, 117, 42, 214, 145, 71, 24, 23, 114, 65, 236, 167, 236, 5, 111, 170, 35, 60, 20, 22, 95, 162, 151, 242, 84, 98, 51, 41, 38, 151, 155, 106, 140, 252, 151, 202, 136, 189, 33, 228, 77, 0, 7, 239, 118, 251, 188, 241, 235, 120, 28, 231, 126, 130, 247, 234, 46, 161, 90, 96, 155, 208, 28, 147, 65, 96, 208, 124, 129, 10, 31, 124, 28, 140, 39, 195, 54, 209, 22, 217, 70, 83, 251, 198, 10, 52, 115, 116, 100, 163, 127, 45, 85, 0, 183, 242, 50, 218, 110, 132, 169, 179, 21, 13, 216, 92, 190, 162, 231, 93, 255, 113, 213, 254, 194, 206, 245, 250, 226, 176, 232, 147, 80, 162, 254, 200, 30, 75, 58, 216, 119, 76, 195, 241, 48, 14, 187, 34, 224, 129, 150, 209, 172, 45, 186, 60, 51, 144, 151, 233, 234, 127, 11, 226, 2, 238, 170, 118, 22, 86, 223, 54, 25, 54, 166, 57, 4, 39, 12, 57, 246, 254, 175, 77, 250, 160, 134, 13, 75, 173, 117, 138, 9, 234, 190, 94, 198, 219, 104, 117, 73, 72, 155, 205, 251, 32, 11, 6, 45, 74, 4, 246, 38, 105, 92, 205, 181, 50, 2, 50, 236, 2, 157, 181, 122, 127, 220, 51, 166, 34, 118, 175, 109, 203, 40, 96, 49, 49, 150, 209, 40, 249, 123, 131, 221, 44, 97, 214, 245, 89, 230, 240, 241, 38, 141, 84, 0, 247, 198, 235, 118, 202, 103, 241, 27, 251, 120, 54, 50, 3, 225, 130, 8, 119, 171, 31, 168, 88, 129, 104, 7, 149, 78, 3, 83, 18, 188, 212, 128, 169, 219, 157, 43, 26, 5, 53, 227, 200, 54, 107, 87, 16, 147, 194, 39, 149, 61, 79, 200, 56, 88, 95, 232, 10, 41, 169, 127, 79, 23, 133, 226, 186, 181, 73, 0, 115, 98, 72, 95, 208, 58, 210, 211, 31, 106, 184, 44, 201, 123, 255, 121, 236, 24, 48, 21, 28, 160, 181, 22, 106, 240, 8, 190, 104, 110, 174, 9, 201, 196, 30, 170, 199, 186, 68, 113, 31, 107, 38, 33, 227, 165, 207, 57, 116, 67, 227, 113, 42, 62, 111, 60, 58, 56, 226, 215, 25, 125, 190, 23, 41, 56, 43, 149, 25, 142, 129, 62, 163, 105, 249, 12, 77, 122, 29, 126, 28, 81, 249, 119, 69, 134, 20, 2, 202, 114, 65, 19, 253, 244, 98, 0, 194, 201, 20, 24, 159, 173, 65, 79, 168, 200, 71, 23, 141, 183, 237, 34, 21, 139, 196, 122, 82, 10, 40, 49, 94, 230, 148, 113, 187, 31, 43, 28, 204, 163, 76, 233, 134, 73, 98, 254, 248, 238, 76, 27, 248, 166, 94, 99, 172, 119, 74, 192, 232, 58, 95, 89, 159, 184, 159, 1, 235, 122, 28, 129, 212, 204, 83, 144, 37, 247, 253, 231, 209, 119, 87, 8, 173, 110, 211, 27, 251, 63, 80, 173, 234, 85, 246, 226, 126, 205, 157, 143, 27, 7, 47, 201, 36, 101, 166, 128, 41, 23, 196, 54, 192, 194, 26, 25, 23, 102, 18, 122, 164, 177, 133, 136, 20, 249, 16, 140, 244, 109, 121, 10, 95, 158, 77, 50, 254, 254, 234, 35, 50, 156, 104, 90, 210, 111, 186, 27, 228, 100, 48, 9, 5, 103, 143, 173, 86, 208, 187, 160, 200, 31, 170, 147, 224, 115, 42, 254, 125, 94, 172, 238, 148, 161, 227, 41, 201, 156, 179, 4, 237, 241, 236, 113, 26, 25, 186, 207, 255, 148, 86, 144, 51, 94, 218, 212, 134, 61, 204, 108, 193, 78, 191, 61, 248, 74, 81, 83, 214, 38, 212, 14, 96, 244, 63, 163, 104, 173, 141, 159, 170, 206, 60, 242, 196, 143, 238, 138, 94, 65, 240, 74, 109, 53, 119, 204, 230, 32, 98, 42, 24, 182, 0, 3, 139, 227, 122, 22, 205, 11, 31, 136, 128, 124, 158, 150, 198, 195, 105, 205, 152, 41, 88, 62, 174, 198, 156, 173, 171, 230, 178, 164, 146, 144, 92, 18, 209, 97, 42, 150, 222, 41, 105, 124, 114, 215, 13, 106, 159, 37, 176, 136, 15, 154, 168, 212, 246, 174, 250, 181, 28, 109, 93, 164, 76, 142, 187, 6, 0, 87, 19, 25, 235, 213, 217, 182, 0, 173, 88, 243, 136, 153, 195, 10, 105, 192, 186, 125, 159, 49, 130, 122, 210, 91, 235, 161, 51, 241, 161, 23, 129, 28, 100, 189, 27, 123, 97, 197, 135, 231, 132, 232, 211, 254, 30, 133, 171, 13, 115, 85, 25, 245, 203, 217, 105, 203, 62, 126, 174, 244, 90, 47, 75, 204, 184, 156, 218, 65, 32, 38, 1, 184, 66, 135, 236, 24, 131, 176, 206, 213, 135, 27, 19, 132, 135, 89, 121, 127, 24, 137, 70, 210, 60, 44, 38, 162, 181, 252, 115, 239, 160, 24, 27, 90, 86, 143, 147, 211, 200, 54, 195, 57, 18, 176, 235, 163, 86, 72, 228, 160, 85, 223, 229, 110, 107, 29, 90, 21, 94, 98, 79, 190, 75, 213, 44, 165, 195, 32, 210, 155, 237, 17, 96, 24, 100, 139, 50, 206, 168, 205, 223, 66, 148, 175, 47, 64, 220, 9, 171, 57, 32, 140, 228, 85, 141, 95, 33, 213, 164, 110, 241, 153, 187, 117, 33, 24, 34, 129, 119, 15, 37, 248, 216, 141, 129, 195, 109, 225, 190, 0, 174, 148, 3, 174, 239, 98, 248, 249, 106, 125, 255, 121, 162, 6, 2, 85, 183, 114, 211, 245, 4, 61, 105, 26, 162, 181, 11, 46, 237, 255, 210, 30, 45, 134, 155, 87, 212, 63, 24, 78, 99, 70, 2, 220, 145, 243, 134, 92, 222, 108, 145, 100, 52, 166, 146, 45, 62, 167, 32, 122, 160, 97, 43, 10, 114, 104, 1, 145, 151, 58, 80, 31, 210, 17, 164, 229, 70, 15, 133, 24, 126, 88, 166, 162, 166, 10, 246, 71, 40, 73, 76, 168, 232, 100, 71, 39, 236, 32, 252, 215, 129, 5, 161, 139, 44, 233, 124, 236, 230, 220, 28, 172, 187, 158, 189, 213, 50, 8, 14, 132, 148, 42, 191, 65, 237, 44, 228, 34, 79, 133, 239, 181, 165, 144, 28, 73, 26, 28, 254, 229, 113, 244, 133, 248, 1, 105, 7, 189, 166, 150, 70, 133, 122, 185, 252, 194, 198, 175, 195, 16, 247, 248, 18, 116, 14, 141, 50, 234, 239, 63, 81, 41, 54, 125, 203, 16, 123, 217, 65, 135, 184, 187, 24, 137, 49, 20, 134, 57, 70, 99, 85, 20, 83, 220, 106, 170, 38, 236, 24, 196, 120, 103, 201, 28, 24, 246, 119, 203, 55, 249, 177, 148, 85, 246, 12, 75, 219, 128, 8, 74, 71, 21, 10, 15, 198, 137, 3, 227, 0, 97, 94, 7, 218, 229, 151, 252, 81, 5, 59, 21, 96, 189, 144, 22, 27, 29, 44, 203, 151, 216, 186, 201, 20, 108, 96, 37, 133, 109, 4, 104, 250, 10, 204, 110, 189, 70, 150, 19, 119, 103, 228, 154, 108, 152, 166, 207, 70, 211, 107, 147, 143, 158, 153, 151, 130, 114, 7, 1, 54, 238, 243, 106, 0, 0, 206, 154, 99, 98, 19, 151, 168, 220, 67, 174, 190, 237, 193, 108, 19, 218, 62, 207, 116, 57, 62, 65, 199, 67, 207, 27, 116, 124, 76, 150, 154, 3, 25, 29, 116, 107, 86, 101, 134, 159, 170, 112, 252, 114, 51, 159, 7, 108, 255, 51, 5, 205, 125, 178, 12, 4, 9, 40, 64, 28, 123, 202, 84, 80, 64, 43, 37, 60, 240, 83, 26, 180, 15, 19, 111, 22, 165, 201, 250, 39, 240, 163, 153, 154, 80, 88, 137, 72, 91, 24, 86, 64, 56, 107, 162, 245, 214, 227, 35, 242, 113, 70, 78, 67, 103, 39, 2, 173, 129, 219, 214, 42, 92, 237, 15, 102, 165, 238, 226, 134, 198, 22, 227, 135, 246, 179, 206, 5, 42, 80, 56, 39, 229, 224, 234, 188, 34, 152, 58, 6, 106, 95, 219, 83, 219, 122, 202, 23, 226, 49, 217, 153, 133, 23, 39, 169, 180, 95, 15, 87, 13, 100, 127, 123, 246, 109, 8, 134, 198, 102, 27, 154, 129, 45, 173, 141, 139, 247, 96, 176, 91, 160, 235, 185, 124, 23, 50, 164, 31, 102, 36, 159, 138, 14, 109, 164, 53, 204, 246, 56, 162, 184, 157, 208, 56, 196, 19, 82, 175, 46, 241, 178, 201, 82, 175, 115, 26, 29, 202, 192, 71, 168, 48, 163, 59, 131, 78, 153, 173, 232, 247, 76, 37, 206, 8, 157, 99, 141, 53, 171, 247, 17, 124, 234, 129, 84, 223, 66, 220, 10, 95, 52, 36, 85, 66, 27, 82, 167, 189, 55, 132, 152, 88, 109, 65, 26, 205, 27, 25, 0, 171, 228, 226, 122, 173, 233, 167, 137, 218, 117, 56, 34, 39, 38, 49, 15, 159, 121, 25, 78, 67, 44, 206, 186, 170, 219, 144, 247, 100, 90, 107, 87, 186, 113, 141, 152, 23, 151, 119, 118, 150, 172, 240, 20, 88, 224, 118, 173, 208, 222, 61, 218, 216, 91, 239, 254, 207, 248, 0, 213, 196, 225, 161, 236, 134, 92, 212, 183, 66, 142, 49, 166, 225, 7, 248, 7, 134, 218, 142, 152, 37, 248, 241, 122, 185, 45, 226, 178, 87, 93, 202, 176, 222, 234, 192, 50, 63, 19, 204, 165, 171, 206, 165, 195, 186, 62, 71, 44, 255, 235, 21, 252, 166, 211, 5, 246, 193, 199, 85, 229, 32, 247, 102, 50, 113, 38, 206, 12, 93, 175, 121, 187, 172, 230, 244, 181, 18, 143, 128, 24, 246, 65, 114, 73, 53, 52, 146, 103, 169, 171, 230, 65, 147, 189, 119, 179, 50, 160, 242, 58, 36, 145, 220, 83, 4, 248, 64, 59, 48, 169, 144, 31, 104, 136, 147, 250, 172, 197, 160, 156, 77, 229, 8, 200, 149, 74, 191, 253, 145, 83, 94, 212, 227, 59, 221, 188, 39, 75, 192, 101, 139, 191, 216, 12, 23, 137, 201, 210, 103, 186, 105, 223, 188, 190, 14, 53, 59, 190, 162, 181, 206, 193, 182, 227, 222, 229, 162, 142, 115, 40, 133, 85, 136, 11, 167, 32, 190, 178, 238, 47, 202, 35, 11, 78, 223, 254, 237, 227, 73, 88, 178, 214, 50, 58, 202, 163, 116, 78, 109, 238, 32, 179, 190, 246, 222, 242, 161, 18, 236, 84, 201, 107, 33, 124, 89, 136, 31, 79, 189, 101, 131, 254, 6, 113, 237, 95, 42, 14, 19, 103, 196, 0, 200, 141, 214, 223, 5, 86, 136, 20, 94, 108, 100, 84, 36, 180, 207, 96, 236, 143, 222, 117, 54, 35, 155, 210, 241, 128, 237, 91, 105, 194, 152, 195, 24, 234, 232, 113, 82, 103, 4, 47, 33, 253, 10, 9, 12, 177, 149, 46, 223, 254, 254, 183, 76, 119, 246, 124, 3, 248, 70, 72, 83, 167, 162, 17, 18, 64, 11, 25, 18, 193, 209, 13, 103, 40, 214, 168, 232, 225, 188, 159, 63, 156, 192, 230, 118, 150, 219, 106, 46, 223, 174, 171, 92, 46, 14, 36, 160, 15, 79, 15, 109, 132, 52, 6, 44, 249, 179, 78, 70, 148, 166, 220, 240, 109, 141, 14, 31, 7, 185, 201, 170, 59, 175, 75, 97, 194, 112, 199, 198, 91, 51, 135, 219, 211, 70, 10, 174, 254, 33, 159, 186, 200, 117, 233, 96, 235, 104, 183, 156, 187, 46, 40, 42, 234, 172, 223, 38, 193, 118, 211, 30, 124, 18, 135, 142, 163, 242, 32, 94, 222, 88, 73, 155, 176, 238, 85, 20, 189, 248, 186, 145, 240, 55, 52, 39, 245, 82, 32, 192, 219, 47, 2, 188, 236, 123, 207, 203, 236, 103, 31, 28, 171, 50, 33, 76, 50, 1, 84, 213, 64, 121, 134, 66, 124, 238, 142, 123, 113, 43, 172, 245, 236, 144, 208, 144, 223, 214, 118, 196, 133, 175, 14, 63, 121, 233, 209, 42, 253, 243, 50, 61, 18, 45, 56, 126, 22, 148, 98, 112, 67, 201, 168, 231, 13, 163, 248, 179, 13, 28, 103, 177, 236, 147, 41, 200, 169, 74, 178, 247, 242, 199, 17, 3, 68, 171, 54, 117, 82, 191, 226, 207, 30, 75, 55, 64, 131, 228, 68, 88, 83, 13, 160, 11, 103, 246, 44, 80, 32, 226, 15, 133, 103, 30, 145, 100, 146, 152, 141, 213, 96, 134, 46, 108, 211, 138, 153, 80, 28, 77, 93, 63, 247, 27, 114, 167, 152, 145, 16, 15, 25, 24, 83, 15, 128, 236, 93, 40, 72, 33, 131, 209, 228, 204, 97, 138, 14, 154, 56, 157, 155, 67, 173, 54, 199, 133, 64, 26, 99, 159, 12, 131, 221, 165, 255, 59, 151, 31, 210, 79, 177, 236, 89, 59, 26, 41, 206, 69, 51, 108, 71, 161, 204, 108, 98, 129, 139, 32, 209, 77, 142, 25, 42, 239, 163, 205, 178, 126, 164, 161, 88, 58, 116, 253, 111, 142, 47, 2, 109, 44, 84, 158, 209, 61, 30, 5, 145, 195, 226, 22, 197, 235, 139, 52, 35, 140, 8, 85, 8, 42, 167, 157, 46, 231, 216, 36, 104, 64, 164, 56, 143, 18, 30, 214, 59, 236, 78, 103, 42, 218, 21, 154, 157, 176, 131, 125, 46, 175, 206, 130, 52, 234, 233, 30, 243, 102, 104, 64, 251, 155, 207, 95, 205, 141, 239, 56, 150, 141, 187, 179, 105, 11, 167, 253, 230, 223, 6, 61, 25, 151, 226, 53, 21, 210, 104, 45, 225, 23, 34, 31, 183, 44, 195, 59, 239, 77, 128, 45, 128, 86, 158, 98, 32, 157, 113, 232, 12, 119, 60, 114, 29, 141, 101, 136, 176, 59, 234, 233, 152, 37, 2, 164, 254, 169, 213, 39, 26, 68, 107, 39, 221, 53, 199, 16, 206, 232, 49, 48, 4, 104, 154, 153, 47, 89, 113, 189, 120, 104, 182, 185, 100, 195, 79, 20, 177, 121, 114, 21, 55, 153, 125, 78, 132, 118, 91, 176, 199, 198, 47, 51, 116, 149, 187, 250, 12, 43, 18, 103, 176, 167, 79, 32, 178, 139, 226, 132, 30, 152, 209, 102, 215, 0, 106, 254, 10, 93, 180, 146, 48, 33, 124, 128, 161, 63, 72, 43, 35, 119, 134, 128, 194, 85, 187, 74, 107, 63, 234, 212, 170, 249, 156, 131, 218, 29, 47, 15, 29, 31, 51, 96, 173, 140, 155, 44, 254, 181, 246, 159, 15, 157, 192, 56, 192, 102, 25, 251, 179, 166, 254, 41, 195, 101, 135, 8, 86, 213, 156, 114, 66, 99, 120, 64, 224, 59, 24, 105, 231, 33, 87, 250, 4, 52, 212, 28, 200, 2, 241, 68, 171, 18, 111, 194, 68, 203, 145, 255, 77, 142, 122, 96, 33, 28, 9, 223, 84, 93, 208, 77, 128, 157, 230, 168, 26, 192, 152, 225, 177, 150, 200, 83, 122, 58, 145, 181, 247, 184, 36, 99, 30, 226, 67, 182, 10, 16, 117, 149, 251, 81, 68, 236, 26, 217, 90, 163, 17, 3, 13, 218, 129, 65, 195, 158, 5, 222, 166, 157, 119, 122, 47, 182, 179, 107, 240, 16, 126, 152, 47, 187, 2, 92, 60, 82, 165, 47, 108, 104, 26, 118, 44, 104, 21, 40, 240, 185, 42, 243, 65, 185, 148, 154, 0, 210, 38, 103, 113, 153, 166, 228, 16, 251, 172, 214, 196, 49, 243, 231, 232, 44, 6, 22, 140, 145, 137, 175, 37, 17, 212, 150, 102, 174, 143, 242, 73, 10, 36, 22, 159, 129, 157, 213, 126, 145, 207, 170, 190, 166, 132, 122, 71, 46, 43, 31, 135, 91, 89, 127, 44, 233, 86, 193, 251, 152, 131, 224, 58, 217, 209, 42, 244, 13, 221, 9, 255, 190, 49, 239, 246, 206, 12, 5, 39, 220, 33, 36, 134, 45, 7, 77, 102, 87, 227, 62, 17, 237, 17, 0, 244, 206, 29, 230, 2, 89, 98, 127, 20, 45, 99, 166, 137, 83, 74, 178, 103, 153, 23, 188, 116, 229, 188, 7, 229, 219, 187, 255, 13, 221, 112, 212, 70, 68, 129, 91, 250, 98, 77, 106, 2, 138, 74, 60, 12, 70, 218, 23, 238, 220, 24, 22, 29, 193, 107, 216, 188, 205, 63, 77, 133, 47, 32, 84, 32, 230, 48, 33, 10, 237, 120, 40, 192, 233, 58, 120, 50, 88, 0, 242, 58, 150, 20, 124, 115, 126, 3, 242, 49, 41, 108, 177, 163, 86, 209, 159, 100, 24, 30, 99, 196, 131, 111, 125, 34, 160, 182, 231, 65, 108, 60, 238, 29, 110, 38, 135, 197, 97, 83, 63, 149, 252, 114, 235, 129, 187, 5, 78, 115, 110, 193, 80, 14, 106, 47, 62, 153, 209, 38, 46, 8, 90, 198, 51, 185, 150, 12, 195, 41, 66, 79, 247, 107, 57, 7, 126, 109, 9, 160, 29, 112, 212, 254, 241, 72, 174, 59, 251, 44, 235, 212, 174, 156, 52, 232, 41, 150, 201, 0, 42, 224, 23, 138, 178, 67, 118, 174, 44, 232, 112, 209, 124, 34, 99, 13, 163, 111, 226, 169, 82, 192, 161, 11, 42, 233, 90, 100, 71, 231, 143, 13, 115, 73, 7, 54, 117, 78, 149, 168, 39, 85, 59, 245, 242, 65, 186, 104, 103, 141, 250, 133, 158, 60, 106, 113, 24, 248, 224, 64, 245, 130, 82, 3, 13, 55, 37, 241, 250, 47, 95, 18, 23, 215, 44, 164, 154, 14, 71, 194, 211, 191, 9, 107, 60, 168, 9, 199, 86, 10, 26, 60, 234, 237, 88, 48, 95, 228, 155, 12, 123, 227, 141, 103, 159, 150, 83, 121, 71, 210, 65, 136, 255, 161, 248, 231, 161, 212, 120, 190, 147, 2, 252, 149, 92, 24, 50, 18, 214, 88, 199, 169, 113, 255, 70, 98, 151, 231, 53, 214, 88, 152, 19, 111, 110, 63, 149, 191, 81, 49, 189, 49, 106, 53, 76, 177, 30, 8, 114, 45, 111, 80, 169, 68, 233, 73, 73, 35, 221, 225, 117, 68, 219, 75, 241, 195, 238, 188, 45, 23, 96, 19, 41, 208, 13, 101, 51, 251, 39, 80, 183, 36, 198, 37, 135, 111, 59, 140, 169, 69, 234, 221, 46, 215, 104, 91, 153, 86, 57, 134, 61, 53, 16, 210, 54, 87, 95, 100, 23, 213, 28, 84, 113, 39, 54, 66, 136, 41, 86, 178, 104, 141, 62, 177, 65, 158, 160, 235, 68, 114, 229, 92, 235, 55, 18, 131, 245, 117, 244, 245, 240, 58, 183, 165, 203, 4, 9, 9, 116, 68, 172, 216, 189, 179, 157, 79, 143, 108, 13, 183, 17, 104, 192, 110, 58, 228, 201, 112, 192, 94, 54, 40, 187, 2, 71, 238, 53, 8, 96, 63, 4, 54, 107, 182, 184, 140, 216, 135, 101, 192, 178, 123, 250, 101, 236, 120, 134, 227, 42, 226, 98, 128, 98, 167, 234, 29, 76, 135, 179, 28, 189, 124, 238, 106, 86, 172, 47, 114, 34, 215, 204, 72, 117, 250, 249, 101, 253, 9, 144, 74, 144, 219, 172, 186, 104, 169, 147, 235, 93, 68, 8, 44, 87, 133, 246, 165, 108, 112, 245, 210, 225, 18, 25, 134, 26, 246, 151, 22, 89, 25, 12, 137, 227, 123, 248, 158, 157, 203, 109, 136, 148, 137, 254, 40, 172, 90, 19, 84, 115, 178, 62, 236, 240, 169, 255, 130, 9, 200, 164, 31, 63, 127, 237, 39, 202, 20, 203, 95, 213, 183, 160, 221, 9, 107, 156, 26, 253, 245, 76, 118, 248, 47, 19, 167, 246, 148, 228, 198, 142, 117, 250, 70, 74, 200, 57, 1, 195, 135, 111, 110, 81, 40, 254, 209, 212, 214, 125, 27, 90, 180, 12, 98, 24, 190, 168, 128, 113, 43, 153, 177, 246, 151, 5, 133, 64, 26, 24, 36, 218, 5, 163, 78, 243, 108, 184, 90, 205, 105, 8, 30, 155, 249, 250, 78, 234, 66, 200, 70, 44, 229, 199, 37, 31, 36, 68, 210, 157, 77, 218, 131, 144, 228, 18, 68, 77, 141, 225, 114, 5, 2, 145, 39, 81, 46, 1, 62, 3, 161, 11, 119, 181, 82, 5, 150, 4, 232, 28, 194, 117, 211, 195, 194, 136, 157, 49, 180, 227, 91, 102, 63, 1, 108, 99, 12, 232, 219, 248, 206, 57, 6, 100, 161, 248, 58, 212, 62, 99, 134, 99, 141, 64, 98, 136, 84, 64, 35, 108, 29, 159, 78, 224, 160, 116, 192, 118, 29, 27, 255, 126, 138, 107, 132, 58, 80, 115, 216, 237, 249, 151, 66, 184, 255, 35, 20, 229, 109, 137, 255, 210, 33, 186, 150, 40, 202, 14, 223, 129, 26, 166, 252, 211, 77, 105, 4, 145, 6, 30, 93, 213, 244, 39, 36, 181, 2, 237, 14, 139, 63, 161, 148, 190, 213, 133, 84, 190, 195, 255, 218, 16, 39, 143, 63, 217, 9, 66, 28, 186, 213, 207, 173, 82, 185, 219, 179, 224, 245, 89, 81, 143, 168, 37, 162, 38, 62, 215, 223, 183, 232, 145, 210, 82, 8, 225, 90, 74, 85, 81, 13, 111, 123, 76, 30, 137, 39, 253, 65, 177, 231, 109, 147, 42, 82, 24, 76, 21, 12, 204, 31, 50, 225, 200, 149, 55, 26, 2, 200, 242, 0, 246, 248, 10, 119, 174, 14, 98, 33, 246, 30, 204, 132, 65, 51, 133, 150, 7, 111, 40, 135, 20, 61, 82, 89, 251, 160, 232, 27, 100, 1, 247, 162, 46, 191, 90, 225, 44, 216, 239, 118, 92, 29, 165, 78, 219, 62, 119, 109, 244, 156, 75, 118, 241, 14, 97, 90, 173, 27, 82, 31, 64, 116, 108, 76, 132, 64, 195, 56, 29, 87, 222, 130, 82, 181, 76, 47, 111, 198, 116, 68, 208, 221, 206, 7, 244, 161, 249, 80, 82, 129, 72, 11, 221, 154, 20, 105, 21, 102, 72, 206, 22, 52, 162, 35, 49, 99, 186, 139, 145, 11, 148, 240, 184, 22, 21, 56, 55, 248, 20, 249, 163, 91, 70, 7, 75, 160, 228, 252, 164, 212, 193, 226, 241, 40, 92, 14, 183, 225, 100, 78, 159, 211, 231, 191, 211, 161, 193, 176, 2, 44, 129, 198, 208, 53, 49, 11, 61, 9, 167, 159, 118, 30, 113, 144, 82, 23, 228, 5, 26, 98, 158, 89, 157, 211, 237, 112, 220, 37, 108, 223, 230, 6, 95, 20, 136, 244, 204, 11, 106, 12, 94, 10, 247, 205, 80, 227, 120, 75, 24, 125, 74, 178, 138, 51, 76, 38, 184, 164, 190, 72, 255, 144, 58, 105, 72, 34, 246, 38, 234, 24, 227, 70, 181, 166, 21, 86, 49, 15, 29, 34, 173, 170, 86, 166, 48, 117, 141, 88, 85, 174, 21, 103, 40, 216, 140, 109, 157, 237, 40, 242, 103, 45, 18, 7, 123, 201, 169, 46, 157, 80, 78, 169, 109, 190, 122, 216, 103, 38, 37, 235, 165, 135, 43, 195, 21, 175, 169, 197, 121, 115, 145, 214, 145, 44, 14, 213, 118, 27, 234, 223, 38, 252, 34, 189, 199, 69, 40, 222, 211, 47, 237, 240, 228, 227, 26, 79, 224, 239, 3, 72, 42, 88, 83, 151, 199, 30, 167, 30, 83, 30, 153, 10, 24, 226, 246, 181, 115, 145, 100, 154, 226, 136, 241, 6, 44, 192, 15, 5, 118, 134, 60, 125, 0, 144, 66, 244, 242, 29, 103, 10, 52, 73, 60, 48, 228, 195, 188, 211, 70, 8, 76, 145, 15, 62, 121, 14, 86, 200, 120, 191, 71, 118, 20, 26, 218, 217, 152, 118, 229, 35, 9, 123, 120, 19, 90, 17, 51, 24, 47, 214, 121, 76, 215, 181, 178, 23, 216, 218, 118, 37, 173, 55, 196, 208, 106, 213, 210, 90, 69, 189, 191, 23, 254, 0, 16, 37, 33, 36, 29, 1, 3, 152, 77, 183, 104, 90, 249, 107, 18, 138, 155, 77, 72, 85, 174, 251, 41, 253, 151, 160, 47, 33, 177, 40, 134, 201, 7, 99, 9, 25, 6, 104, 82, 10, 1, 12, 205, 14, 56, 85, 166, 60, 89, 70, 139, 40, 79, 94, 106, 63, 7, 68, 11, 92, 165, 21, 238, 193, 9, 8, 108, 43, 133, 121, 104, 158, 202, 26, 38, 4, 43, 46, 158, 196, 45, 156, 110, 117, 221, 151, 15, 124, 154, 53, 104, 172, 201, 33, 159, 132, 39, 74, 206, 158, 209, 98, 171, 162, 108, 32, 199, 15, 180, 78, 229, 46, 180, 118, 193, 251, 81, 168, 53, 253, 68, 227, 116, 151, 160, 46, 220, 212, 101, 138, 140, 246, 98, 3, 88, 236, 14, 197, 79, 198, 153, 114, 192, 211, 162, 119, 229, 159, 7, 104, 210, 66, 135, 120, 57, 181, 74, 10, 191, 28, 102, 52, 178, 72, 140, 229, 46, 53, 120, 15, 149, 149, 223, 115, 231, 175, 132, 12, 193, 22, 157, 71, 106, 152, 115, 140, 112, 212, 56, 47, 209, 114, 54, 19, 232, 65, 218, 184, 160, 163, 197, 180, 181, 242, 64, 221, 197, 110, 152, 117, 253, 44, 97, 132, 109, 171, 110, 159, 224, 159, 103, 42, 104, 121, 122, 93, 192, 68, 171, 203, 246, 191, 244, 171, 112, 81, 234, 189, 224, 140, 67, 135, 121, 127, 161, 86, 232, 238, 225, 25, 162, 96, 201, 29, 199, 152, 120, 245, 46, 82, 111, 187, 106, 221, 46, 123, 93, 88, 94, 198, 56, 72, 91, 210, 222, 76, 66, 43, 222, 99, 124, 147, 168, 25, 213, 8, 4, 66, 100, 246, 251, 113, 233, 117, 82, 72, 112, 96, 202, 192, 8, 83, 183, 54, 18, 177, 96, 85, 231, 31, 36, 180, 32, 206, 72, 108, 103, 25, 80, 255, 184, 208, 180, 49, 62, 228, 78, 138, 15, 221, 27, 67, 192, 238, 97, 186, 205, 164, 103, 246, 162, 223, 234, 218, 83, 191, 187, 251, 148, 38, 177, 151, 22, 64, 78, 66, 91, 154, 104, 237, 111, 117, 63, 79, 66, 230, 15, 91, 126, 187, 204, 122, 88, 161, 232, 240, 32, 93, 115, 161, 146, 9, 17, 52, 213, 255, 126, 87, 90, 208, 189, 201, 3, 102, 52, 28, 127, 37, 181, 240, 142, 218, 67, 190, 93, 186, 144, 136, 202, 54, 86, 198, 92, 11, 117, 0, 220, 162, 54, 5, 39, 50, 80, 196, 66, 244, 109, 234, 52, 44, 55, 141, 29, 179, 114, 105, 141, 43, 172, 181, 189, 177, 171, 177, 27, 21, 169, 40, 204, 184, 76, 216, 78, 235, 222, 237, 219, 31, 252, 182, 112, 252, 215, 134, 84, 222, 191, 116, 170, 235, 242, 149, 227, 163, 123, 113, 25, 16, 133, 188, 155, 136, 128, 9, 108, 75, 60, 172, 149, 11, 228, 17, 127, 90, 152, 199, 246, 61, 113, 38, 132, 77, 62, 101, 93, 47, 127, 207, 229, 42, 182, 113, 149, 248, 114, 81, 65, 205, 27, 121, 159, 66, 175, 73, 221, 237, 143, 183, 200, 70, 221, 32, 155, 88, 88, 101, 163, 54, 52, 163, 135, 15, 138, 103, 33, 132, 209, 91, 158, 210, 12, 27, 149, 205, 194, 9, 124, 242, 34, 250, 212, 132, 232, 238, 120, 120, 253, 6, 226, 215, 205, 22, 25, 10, 178, 163, 187, 18, 22, 82, 232, 3, 173, 151, 149, 200, 90, 145, 211, 107, 224, 220, 212, 176, 86, 63, 218, 113, 127, 176, 189, 99, 135, 157, 104, 7, 133, 74, 9, 40, 244, 103, 254, 84, 182, 109, 217, 155, 2, 149, 249, 252, 8, 88, 187, 216, 42, 121, 88, 223, 165, 117, 156, 246, 230, 132, 254, 25, 39, 189, 89, 217, 135, 13, 49, 202, 148, 9, 113, 81, 243, 14, 161, 128, 18, 22, 87, 120, 224, 246, 41, 60, 110, 178, 92, 142, 207, 155, 219, 2, 117, 34, 219, 215, 144, 74, 135, 97, 84, 230, 225, 129, 2, 33, 153, 116, 228, 233, 143, 143, 99, 52, 148, 220, 4, 127, 23, 201, 8, 144, 131, 6, 137, 131, 130, 247, 195, 84, 27, 193, 27, 114, 245, 250, 32, 40, 229, 131, 78, 50, 27, 233, 120, 53, 203, 128, 42, 183, 146, 90, 189, 116, 7, 33, 194, 80, 125, 223, 66, 111, 225, 127, 70, 98, 102, 138, 62, 173, 207, 225, 53, 25, 228, 201, 134, 47, 61, 254, 181, 189, 208, 9, 221, 3, 40, 45, 41, 139, 243, 4, 186, 89, 220, 82, 92, 41, 223, 6, 138, 34, 115, 152, 186, 35, 66, 22, 128, 31, 29, 189, 119, 98, 12, 2, 107, 68, 254, 47, 236, 135, 202, 215, 117, 103, 241, 2, 248, 237, 194, 20, 151, 46, 50, 172, 197, 185, 32, 115, 8, 254, 44, 73, 196, 84, 161, 172, 176, 151, 121, 42, 199, 69, 130, 59, 152, 124, 126, 50, 20, 242, 253, 204, 215, 3, 56, 28, 117, 183, 13, 53, 53, 135, 168, 76, 104, 114, 154, 112, 194, 177, 165, 40, 168, 170, 75, 35, 185, 105, 5, 179, 11, 247, 218, 155, 4, 61, 104, 248, 239, 176, 87, 6, 163, 225, 183, 88, 122, 24, 112, 242, 124, 48, 157, 36, 170, 32, 125, 158, 235, 47, 134, 243, 28, 216, 186, 46, 20, 209, 34, 24, 251, 157, 47, 1, 207, 201, 168, 209, 72, 14, 10, 62, 226, 229, 79, 29, 222, 200, 86, 121, 110, 167, 155, 193, 251, 89, 35, 196, 130, 43, 191, 69, 43, 4, 39, 212, 244, 24, 188, 3, 101, 22, 187, 25, 16, 223, 107, 0, 101, 24, 45, 159, 215, 197, 234, 99, 233, 15, 119, 125, 115, 121, 244, 101, 150, 199, 46, 144, 54, 134, 136, 177, 160, 226, 41, 35, 39, 102, 249, 30, 219, 148, 71, 255, 3, 20, 66, 242, 141, 201, 68, 124, 201, 172, 212, 83, 34, 68, 242, 235, 212, 43, 123, 98, 34, 99, 239, 113, 167, 183, 174, 24, 233, 173, 96, 153, 32, 89, 59, 175, 25, 82, 128, 194, 157, 4, 90, 65, 32, 12, 191, 209, 13, 140, 203, 143, 228, 28, 238, 29, 177, 130, 132, 28, 37, 116, 97, 110, 221, 67, 204, 101, 113, 151, 190, 44, 255, 31, 101, 107, 229, 86, 249, 237, 134, 222, 178, 220, 91, 237, 188, 245, 58, 110, 149, 35, 181, 227, 116, 201, 67, 251, 113, 147, 86, 141, 95, 245, 125, 85, 63, 23, 80, 212, 183, 45, 90, 124, 179, 64, 27, 167, 135, 158, 185, 188, 208, 25, 238, 234, 42, 26, 98, 6, 201, 173, 200, 116, 128, 91, 219, 203, 59, 250, 207, 163, 50, 163, 122, 140, 34, 154, 156, 29, 56, 17, 231, 39, 116, 26, 123, 214, 239, 169, 90, 132, 225, 241, 46, 245, 72, 131, 147, 114, 25, 65, 135, 54, 224, 197, 247, 218, 82, 211, 124, 190, 129, 247, 31, 92, 242, 46, 99, 119, 32, 35, 31, 127, 52, 59, 152, 124, 127, 83, 35, 77, 102, 138, 222, 136, 94, 149, 172, 19, 49, 19, 15, 114, 138, 36, 187, 203, 158, 37, 129, 132, 54, 154, 106, 242, 199, 230, 158, 83, 41, 218, 87, 112, 237, 126, 60, 232, 32, 15, 72, 241, 129, 202, 153, 28, 151, 116, 39, 148, 83, 15, 206, 109, 104, 71, 144, 185, 159, 1, 224, 69, 50, 70, 155, 175, 64, 161, 161, 120, 174, 56, 5, 237, 38, 55, 202, 120, 179, 46, 183, 181, 59, 46, 143, 233, 255, 1, 14, 194, 222, 147, 53, 20, 102, 136, 202, 89, 214, 148, 117, 12, 243, 187, 244, 43, 28, 145, 30, 185, 228, 40, 155, 56, 192, 38, 23, 180, 148, 230, 159, 81, 3, 187, 186, 22, 211, 31, 98, 112, 79, 195, 112, 38, 55, 15, 183, 161, 146, 218, 4, 180, 210, 42, 74, 241, 45, 14, 104, 134, 224, 105, 172, 90, 164, 15, 151, 40, 160, 0, 129, 33, 70, 108, 249, 125, 55, 219, 235, 124, 104, 156, 211, 128, 154, 139, 230, 184, 226, 38, 178, 241, 29, 107, 194, 153, 46, 90, 142, 13, 174, 223, 62, 10, 101, 158, 143, 234, 206, 35, 192, 59, 192, 228, 1, 25, 165, 166, 114, 194, 232, 13, 123, 140, 23, 143, 241, 226, 38, 170, 217, 137, 35, 198, 217, 166, 24, 134, 252, 6, 92, 231, 93, 48, 10, 130, 191, 139, 132, 200, 106, 87, 41, 13, 129, 190, 60, 73, 32, 181, 101, 68, 27, 75, 93, 18, 15, 177, 44, 67, 138, 4, 225, 144, 228, 88, 202, 200, 81, 140, 56, 101, 234, 96, 7, 5, 251, 4, 100, 18, 192, 49, 35, 85, 224, 36, 192, 138, 91, 95, 19, 68, 69, 141, 191, 43, 156, 222, 114, 67, 19, 88, 164, 92, 219, 30, 160, 24, 193, 131, 17, 137, 46, 127, 174, 92, 227, 204, 209, 95, 246, 8, 22, 159, 165, 138, 138, 25, 48, 16, 48, 134, 31, 192, 105, 120, 62, 77, 224, 45, 153, 142, 236, 142, 68, 254, 48, 215, 140, 244, 22, 106, 43, 181, 40, 51, 84, 223, 234, 144, 52, 54, 113, 144, 250, 136, 184, 34, 69, 20, 215, 10, 111, 254, 249, 138, 252, 248, 251, 27, 202, 166, 111, 97, 31, 134, 102, 255, 248, 32, 2, 175, 222, 169, 76, 88, 251, 121, 245, 103, 153, 241, 205, 32, 54, 235, 207, 53, 253, 192, 87, 44, 54, 112, 57, 213, 218, 84, 184, 105, 14, 35, 68, 140, 67, 32, 31, 94, 184, 163, 107, 94, 80, 50, 225, 20, 148, 206, 84, 142, 76, 246, 254, 211, 220, 13, 106, 152, 121, 49, 240, 0, 51, 252, 71, 216, 239, 186, 132, 60, 122, 238, 125, 172, 135, 176, 196, 0, 164, 199, 115, 229, 120, 3, 100, 62, 11, 200, 28, 248, 236, 164, 47, 123, 143, 198, 237, 209, 62, 117, 237, 124, 107, 244, 59, 177, 40, 101, 164, 0, 151, 210, 72, 240, 145, 148, 245, 99, 153, 199, 68, 22, 149, 41, 230, 150, 202, 97, 131, 22, 10, 75, 26, 250, 99, 147, 195, 155, 94, 127, 200, 10, 225, 129, 21, 35, 201, 176, 57, 2, 228, 2, 125, 221, 90, 46, 0, 147, 0, 61, 125, 96, 55, 11, 181, 152, 7, 58, 98, 73, 138, 133, 209, 31, 186, 47, 182, 174, 123, 100, 217, 129, 217, 57, 180, 220, 116, 21, 217, 94, 211, 98, 141, 101, 39, 212, 12, 168, 116, 167, 190, 81, 63, 243, 101, 25, 192, 122, 42, 186, 165, 116, 207, 254, 140, 28, 178, 27, 162, 133, 48, 206, 219, 98, 94, 146, 63, 221, 102, 76, 76, 40, 250, 201, 1, 241, 36, 38, 58, 147, 74, 211, 63, 97, 71, 62, 171, 39, 159, 188, 56, 203, 166, 153, 215, 97, 97, 190, 182, 122, 168, 44, 41, 27, 0, 150, 81, 88, 10, 31, 117, 185, 53, 28, 117, 16, 122, 5, 83, 204, 129, 83, 187, 0, 174, 212, 62, 163, 169, 32, 217, 144, 178, 46, 142, 110, 32, 171, 204, 205, 200, 13, 164, 40, 179, 78, 198, 165, 49, 30, 128, 81, 125, 17, 135, 185, 184, 237, 153, 86, 34, 168, 27, 100, 43, 121, 232, 113, 230, 190, 221, 12, 172, 0, 36, 116, 217, 32, 206, 168, 103, 188, 71, 79, 241, 77, 77, 51, 130, 111, 61, 179, 17, 19, 82, 223, 83, 170, 202, 73, 173, 40, 64, 226, 92, 5, 133, 159, 94, 199, 143, 192, 17, 170, 142, 174, 135, 151, 239, 153, 162, 45, 106, 146, 48, 101, 205, 122, 46, 119, 57, 157, 195, 230, 146, 39, 181, 0, 189, 131, 45, 49, 135, 197, 224, 74, 126, 198, 68, 147, 45, 134, 255, 1, 31, 92, 222, 125, 119, 112, 78, 133, 75, 155, 220, 124, 68, 244, 35, 23, 122, 245, 15, 144, 242, 218, 93, 241, 187, 88, 227, 171, 111, 195, 83, 109, 49, 59, 12, 221, 180, 31, 161, 194, 12, 175, 181, 82, 170, 50, 7, 18, 86, 110, 141, 78, 177, 239, 241, 22, 27, 235, 111, 175, 251, 111, 58, 58, 181, 134, 4, 236, 142, 137, 232, 214, 17, 45, 195, 255, 177, 22, 32, 12, 169, 65, 64, 159, 136, 89, 34, 68, 228, 129, 198, 186, 161, 118, 128, 186, 242, 178, 3, 183, 109, 15, 253, 70, 76, 117, 18, 143, 109, 188, 25, 28, 16, 203, 56, 241, 198, 178, 82, 97, 126, 119, 41, 31, 70, 195, 218, 68, 203, 204, 201, 13, 195, 50, 152, 238, 240, 250, 141, 101, 187, 187, 15, 46, 54, 208, 98, 246, 17, 100, 16, 247, 49, 185, 31, 103, 129, 161, 170, 87, 234, 231, 88, 141, 92, 171, 48, 107, 92, 189, 108, 54, 219, 216, 204, 12, 92, 86, 18, 17, 140, 189, 85, 164, 235, 18, 15, 248, 2, 29, 171, 116, 56, 73, 209, 197, 0, 48, 215, 108, 92, 201, 198, 81, 177, 214, 79, 11, 32, 79, 144, 31, 254, 56, 131, 133, 165, 147, 19, 133, 252, 123, 149, 42, 243, 219, 79, 55, 16, 107, 150, 222, 235, 66, 127, 120, 122, 99, 82, 19, 8, 38, 165, 105, 9, 22, 113, 198, 147, 105, 168, 180, 220, 176, 213, 118, 24, 120, 247, 150, 223, 69, 6, 210, 115, 200, 181, 101, 117, 28, 136, 1, 202, 224, 95, 244, 8, 157, 250, 200, 152, 3, 3, 230, 150, 168, 36, 171, 73, 43, 114, 16, 250, 110, 179, 29, 199, 168, 126, 70, 175, 101, 134, 11, 247, 22, 33, 31, 0, 160, 236, 107, 247, 115, 241, 87, 133, 145, 208, 50, 75, 13, 115, 195, 200, 61, 39, 193, 174, 102, 176, 112, 252, 34, 147, 45, 44, 123, 159, 198, 174, 238, 111, 4, 79, 239, 105, 79, 237, 33, 242, 52, 94, 48, 173, 209, 96, 38, 234, 235, 19, 115, 155, 78, 74, 128, 230, 19, 191, 193, 59, 139, 162, 246, 220, 37, 67, 215, 240, 146, 210, 130, 183, 131, 119, 40, 180, 181, 115, 140, 86, 18, 29, 62, 123, 201, 31, 251, 235, 19, 149, 108, 57, 48, 248, 19, 21, 34, 198, 141, 167, 132, 1, 192, 172, 18, 232, 18, 167, 116, 86, 212, 162, 142, 192, 247, 127, 70, 52, 17, 2, 35, 195, 130, 129, 218, 34, 55, 212, 55, 195, 162, 255, 67, 39, 152, 119, 117, 14, 69, 145, 139, 166, 36, 85, 83, 83, 25, 103, 6, 60, 70, 86, 39, 160, 167, 146, 70, 251, 130, 60, 72, 228, 145, 251, 95, 187, 125, 85, 238, 160, 76, 202, 163, 30, 54, 22, 33, 153, 142, 131, 231, 153, 52, 68, 22, 190, 95, 20, 41, 234, 77, 75, 95, 63, 130, 217, 185, 154, 238, 42, 170, 182, 3, 52, 168, 42, 52, 126, 176, 50, 222, 179, 80, 26, 16, 162, 4, 207, 225, 116, 132, 175, 137, 143, 184, 92, 174, 103, 192, 195, 6, 32, 143, 22, 161, 46, 250, 112, 222, 92, 194, 102, 143, 200, 165, 107, 161, 209, 29, 160, 64, 170, 31, 182, 29, 173, 43, 27, 140, 123, 4, 131, 57, 25, 164, 206, 95, 162, 109, 216, 159, 215, 76, 152, 13, 194, 243, 167, 16, 102, 27, 144, 246, 50, 59, 157, 30, 41, 106, 84, 203, 131, 143, 111, 107, 28, 222, 235, 162, 178, 120, 73, 79, 230, 252, 197, 20, 134, 73, 68, 218, 105, 41, 183, 84, 104, 60, 21, 254, 190, 151, 206, 139, 137, 181, 143, 70, 217, 107, 222, 168, 43, 140, 139, 40, 5, 251, 190, 234, 91, 71, 191, 175, 211, 20, 90, 8, 94, 240, 202, 242, 30, 143, 67, 181, 253, 143, 114, 226, 109, 104, 231, 153, 190, 21, 153, 167, 218, 1, 207, 196, 223, 105, 15, 224, 221, 36, 116, 48, 37, 65, 157, 211, 226, 68, 160, 182, 171, 132, 216, 159, 22, 115, 28, 202, 211, 41, 35, 125, 160, 124, 198, 68, 105, 8, 18, 133, 134, 3, 208, 110, 14, 124, 100, 43, 49, 211, 250, 102, 212, 179, 31, 82, 172, 66, 147, 239, 153, 181, 80, 37, 62, 19, 189, 87, 206, 219, 234, 188, 178, 28, 32, 86, 156, 92, 140, 100, 126, 49, 11, 205, 16, 117, 19, 209, 95, 247, 102, 168, 224, 138, 218, 92, 137, 241, 74, 240, 10, 51, 79, 24, 110, 33, 114, 118, 236, 137, 42, 112, 147, 255, 111, 143, 161, 133, 98, 234, 67, 43, 127, 141, 95, 125, 140, 11, 199, 40, 71, 77, 7, 238, 218, 189, 254, 13, 192, 227, 208, 14, 22, 204, 61, 126, 10, 254, 201, 158, 51, 181, 127, 35, 177, 252, 185, 202, 18, 150, 60, 205, 179, 84, 183, 10, 143, 17, 192, 45, 218, 146, 34, 162, 118, 59, 90, 1, 6, 202, 211, 95, 181, 144, 27, 188, 206, 24, 47, 137, 246, 224, 116, 2, 171, 121, 87, 24, 39, 212, 187, 13, 182, 189, 161, 195, 30, 52, 144, 87, 50, 198, 78, 120, 192, 159, 148, 106, 90, 151, 215, 56, 133, 212, 82, 108, 175, 149, 106, 247, 129, 156, 207, 31, 208, 82, 52, 42, 17, 29, 97, 236, 86, 183, 220, 58, 164, 182, 125, 117, 212, 178, 15, 175, 238, 58, 245, 19, 52, 216, 142, 233, 150, 9, 198, 46, 240, 68, 155, 54, 2, 179, 89, 208, 245, 208, 145, 214, 31, 121, 219, 153, 172, 225, 154, 193, 75, 159, 143, 34, 174, 67, 108, 157, 236, 151, 246, 40, 83, 0, 28, 233, 222, 208, 134, 92, 14, 174, 81, 86, 116, 226, 12, 165, 155, 216, 16, 50, 235, 206, 80, 228, 254, 60, 246, 144, 48, 42, 104, 29, 210, 178, 103, 158, 233, 130, 33, 122, 59, 117, 78, 245, 99, 232, 169, 211, 204, 128, 26, 157, 139, 247, 184, 63, 216, 249, 239, 87, 219, 229, 229, 37, 76, 141, 189, 122, 118, 126, 131, 112, 26, 188, 218, 145, 246, 188, 82, 129, 215, 95, 113, 166, 63, 255, 248, 218, 123, 121, 198, 168, 56, 186, 222, 47, 170, 216, 208, 20, 255, 183, 105, 234, 222, 113, 212, 194, 95, 10, 89, 41, 135, 19, 53, 33, 58, 28, 109, 174, 218, 55, 120, 49, 82, 198, 126, 41, 113, 202, 12, 200, 172, 32, 229, 94, 210, 149, 125, 217, 229, 136, 61, 74, 162, 197, 124, 214, 66, 63, 193, 218, 210, 21, 121, 205, 241, 185, 218, 41, 32, 103, 233, 137, 37, 231, 252, 67, 39, 139, 149, 78, 201, 17, 67, 67, 26, 152, 33, 41, 96, 240, 9, 177, 16, 172, 5, 107, 127, 26, 240, 33, 228, 109, 126, 237, 108, 176, 18, 41, 113, 117, 182, 141, 45, 4, 165, 249, 91, 197, 201, 255, 181, 221, 1, 138, 237, 47, 27, 209, 26, 100, 233, 46, 128, 87, 242, 190, 10, 223, 207, 246, 36, 149, 223, 186, 51, 41, 207, 68, 227, 114, 85, 120, 2, 1, 163, 174, 52, 199, 154, 212, 104, 97, 246, 22, 184, 177, 199, 64, 93, 223, 247, 124, 117, 223, 241, 246, 87, 198, 239, 3, 166, 92, 176, 56, 229, 49, 196, 136, 27, 241, 111, 185, 13, 201, 210, 37, 30, 131, 243, 129, 163, 213, 58, 133, 237, 157, 58, 122, 128, 170, 104, 172, 89, 48, 244, 23, 56, 115, 64, 91, 125, 85, 26, 153, 217, 189, 221, 31, 46, 26, 159, 135, 80, 101, 87, 101, 117, 95, 130, 241, 225, 106, 80, 11, 252, 254, 0, 16, 25, 32, 222, 249, 247, 79, 51, 33, 69, 60, 97, 11, 63, 150, 87, 1, 162, 182, 39, 186, 246, 214, 171, 90, 75, 239, 125, 24, 146, 175, 121, 116, 46, 130, 147, 81, 5, 112, 24, 233, 114, 234, 150, 25, 67, 236, 192, 247, 23, 20, 3, 216, 5, 249, 145, 188, 163, 49, 108, 167, 154, 167, 166, 234, 55, 232, 33, 70, 106, 143, 88, 183, 12, 241, 252, 13, 231, 1, 246, 232, 53, 191, 142, 157, 199, 168, 127, 194, 176, 38, 0, 24, 23, 124, 94, 1, 207, 88, 252, 90, 99, 26, 153, 23, 173, 237, 133, 43, 180, 128, 140, 69, 167, 188, 199, 190, 241, 20, 147, 48, 67, 119, 109, 125, 108, 43, 59, 147, 186, 153, 76, 197, 31, 105, 37, 114, 244, 123, 148, 27, 76, 233, 171, 44, 131, 246, 129, 66, 116, 241, 210, 71, 62, 102, 225, 127, 17, 173, 92, 127, 208, 224, 90, 70, 136, 235, 186, 123, 197, 194, 148, 46, 122, 195, 243, 221, 116, 8, 51, 140, 104, 21, 174, 120, 86, 224, 44, 34, 34, 107, 151, 63, 66, 148, 248, 149, 45, 226, 85, 87, 237, 182, 74, 16, 1, 201, 11, 216, 144, 154, 24, 115, 212, 24, 235, 221, 5, 14, 164, 93, 174, 23, 208, 233, 141, 181, 4, 132, 92, 134, 204, 56, 166, 186, 85, 45, 64, 89, 160, 141, 221, 171, 255, 198, 159, 156, 239, 215, 227, 31, 104, 212, 87, 85, 116, 150, 28, 231, 70, 94, 12, 215, 143, 43, 145, 20, 54, 11, 236, 227, 214, 194, 49, 175, 29, 240, 153, 37, 59, 236, 91, 34, 79, 45, 28, 8, 138, 178, 13, 182, 76, 193, 123, 72, 240, 17, 70, 211, 103, 46, 237, 20, 106, 191, 149, 166, 100, 137, 40, 85, 91, 142, 45, 3, 52, 213, 211, 191, 58, 8, 207, 227, 129, 242, 139, 2, 74, 56, 196, 249, 23, 42, 38, 129, 52, 95, 233, 220, 29, 94, 111, 101, 36, 158, 51, 44, 177, 103, 23, 240, 179, 89, 61, 251, 248, 38, 88, 34, 181, 178, 28, 221, 107, 33, 82, 193, 1, 113, 174, 73, 35, 129, 33, 152, 207, 138, 255, 78, 206, 96, 240, 175, 167, 232, 79, 31, 245, 83, 239, 243, 43, 9, 147, 109, 100, 43, 197, 146, 87, 112, 8, 119, 211, 156, 18, 84, 31, 109, 181, 90, 77, 197, 136, 40, 50, 62, 161, 108, 125, 159, 101, 250, 177, 41, 102, 138, 39, 16, 75, 231, 144, 54, 37, 173, 225, 205, 146, 26, 105, 61, 201, 101, 79, 172, 165, 216, 209, 76, 137, 115, 70, 129, 28, 145, 42, 161, 164, 118, 142, 35, 66, 232, 248, 236, 146, 234, 65, 200, 6, 223, 126, 241, 22, 102, 203, 135, 71, 223, 156, 137, 158, 225, 147, 103, 49, 179, 70, 210, 45, 66, 121, 33, 250, 194, 55, 100, 245, 163, 61, 184, 61, 206, 115, 61, 209, 32, 245, 205, 77, 255, 218, 115, 80, 90, 55, 129, 78, 167, 224, 240, 94, 137, 48, 41, 136, 230, 154, 86, 173, 16, 141, 201, 77, 1, 75, 164, 80, 167, 227, 122, 197, 220, 209, 180, 247, 119, 120, 1, 76, 71, 92, 177, 21, 94, 6, 24, 180, 204, 147, 77, 80, 81, 108, 57, 232, 174, 94, 75, 33, 150, 64, 197, 47, 115, 242, 166, 90, 114, 223, 82, 144, 22, 82, 1, 43, 142, 164, 7, 90, 189, 93, 72, 129, 205, 66, 46, 231, 223, 24, 83, 112, 17, 254, 117, 249, 244, 219, 59, 151, 230, 166, 102, 202, 141, 108, 30, 223, 88, 71, 10, 182, 250, 219, 122, 107, 144, 128, 78, 130, 254, 158, 105, 198, 179, 229, 143, 188, 157, 86, 230, 225, 69, 36, 59, 1, 249, 62, 10, 195, 186, 145, 5, 54, 14, 40, 120, 37, 90, 225, 103, 16, 45, 23, 141, 191, 241, 195, 149, 44, 198, 30, 10, 183, 149, 244, 1, 242, 231, 36, 26, 103, 166, 186, 26, 68, 138, 218, 164, 65, 201, 61, 132, 13, 188, 0, 252, 17, 204, 56, 209, 237, 10, 231, 231, 66, 178, 71, 74, 141, 47, 15, 114, 241, 76, 113, 4, 82, 0, 69, 108, 236, 206, 187, 16, 93, 237, 195, 183, 150, 141, 248, 246, 44, 137, 53, 157, 124, 247, 76, 209, 54, 46, 207, 178, 115, 45, 220, 33, 54, 160, 254, 120, 136, 224, 59, 111, 110, 76, 29, 34, 160, 160, 22, 35, 146, 191, 132, 2, 72, 4, 204, 210, 134, 38, 114, 196, 180, 128, 120, 0, 75, 31, 141, 204, 204, 158, 161, 35, 244, 228, 125, 140, 32, 84, 44, 2, 215, 108, 13, 206, 254, 221, 93, 227, 44, 123, 208, 248, 10, 191, 66, 10, 219, 38, 180, 248, 173, 46, 120, 103, 253, 141, 83, 153, 117, 162, 106, 244, 183, 164, 11, 160, 121, 38, 194, 194, 185, 52, 27, 69, 45, 197, 57, 15, 231, 47, 96, 105, 198, 254, 57, 113, 112, 18, 102, 34, 60, 43, 142, 198, 247, 72, 182, 98, 109, 195, 11, 52, 126, 115, 41, 126, 151, 145, 205, 2, 194, 169, 211, 51, 180, 171, 234, 114, 245, 99, 215, 35, 166, 59, 32, 205, 159, 33, 159, 204, 133, 202, 240, 230, 163, 79, 171, 4, 113, 77, 178, 30, 241, 251, 87, 96, 139, 67, 3, 84, 108, 57, 150, 175, 13, 221, 153, 42, 142, 18, 137, 26, 143, 3, 31, 152, 208, 47, 4, 241, 50, 152, 243, 26, 155, 244, 95, 76, 68, 243, 82, 86, 30, 125, 123, 245, 97, 172, 227, 81, 140, 196, 31, 47, 169, 0, 190, 67, 170, 139, 221, 190, 80, 111, 46, 14, 151, 147, 54, 253, 237, 142, 246, 255, 182, 191, 144, 75, 90, 119, 76, 36, 207, 71, 20, 112, 79, 35, 115, 184, 237, 174, 170, 253, 5, 38, 190, 45, 227, 202, 158, 116, 20, 20, 21, 122, 56, 116, 131, 78, 65, 197, 180, 233, 120, 220, 125, 129, 150, 209, 68, 111, 56, 48, 50, 14, 237, 146, 28, 20, 246, 49, 56, 195, 70, 8, 152, 161, 68, 27, 94, 222, 151, 199, 205, 3, 16, 244, 97, 230, 49, 221, 98, 116, 184, 226, 142, 43, 131, 65, 78, 8, 6, 11, 167, 172, 137, 90, 254, 48, 165, 149, 172, 142, 62, 70, 227, 147, 37, 18, 24, 218, 206, 24, 188, 18, 198, 152, 243, 65, 18, 31, 155, 12, 197, 138, 231, 52, 72, 101, 125, 135, 128, 98, 182, 80, 12, 34, 159, 253, 230, 146, 229, 205, 221, 59, 254, 111, 244, 159, 86, 55, 207, 1, 79, 47, 8, 211, 110, 110, 99, 226, 218, 76, 56, 238, 254, 110, 220, 48, 143, 86, 104, 66, 182, 188, 183, 38, 9, 246, 97, 208, 70, 167, 242, 218, 13, 36, 49, 168, 200, 131, 208, 143, 244, 115, 128, 223, 150, 129, 25, 255, 32, 94, 150, 46, 251, 44, 194, 39, 157, 28, 169, 183, 4, 53, 193, 137, 185, 10, 230, 92, 73, 49, 72, 73, 20, 141, 7, 4, 25, 186, 155, 111, 197, 156, 179, 167, 101, 103, 72, 86, 188, 13, 140, 167, 194, 176, 63, 90, 159, 32, 109, 80, 209, 81, 136, 20, 205, 85, 130, 229, 149, 232, 64, 71, 232, 42, 190, 223, 52, 116, 255, 36, 31, 172, 143, 20, 71, 72, 83, 1, 147, 3, 187, 236, 206, 35, 53, 23, 245, 60, 133, 51, 9, 58, 16, 178, 97, 21, 49, 76, 123, 17, 37, 11, 197, 61, 153, 175, 172, 227, 168, 13, 94, 37, 171, 81, 224, 214, 177, 14, 61, 86, 177, 188, 49, 73, 211, 53, 109, 106, 40, 31, 140, 160, 250, 17, 169, 159, 141, 158, 111, 248, 19, 249, 169, 43, 138, 202, 154, 24, 245, 174, 141, 61, 234, 207, 77, 222, 229, 140, 192, 113, 14, 252, 65, 96, 244, 116, 40, 114, 6, 38, 48, 222, 210, 113, 213, 41, 248, 232, 131, 82, 253, 160, 55, 246, 66, 65, 137, 224, 163, 16, 53, 248, 24, 190, 235, 228, 243, 43, 57, 11, 236, 54, 195, 86, 138, 41, 29, 43, 88, 74, 168, 199, 2, 43, 247, 93, 186, 129, 208, 235, 246, 9, 133, 31, 46, 49, 178, 251, 227, 220, 114, 1, 153, 157, 47, 162, 241, 255, 254, 32, 0, 231, 231, 175, 5, 80, 92, 160, 7, 157, 171, 33, 177, 166, 70, 50, 59, 40, 172, 73, 183, 216, 6, 65, 33, 216, 168, 63, 23, 98, 71, 0, 211, 238, 61, 206, 11, 92, 52, 67, 121, 98, 87, 71, 29, 217, 63, 54, 49, 64, 86, 179, 71, 186, 13, 132, 243, 236, 248, 160, 24, 4, 245, 9, 137, 53, 228, 229, 54, 167, 113, 36, 9, 246, 120, 20, 194, 27, 148, 161, 28, 135, 78, 198, 64, 78, 45, 81, 100, 189, 148, 200, 37, 205, 118, 14, 57, 228, 11, 96, 242, 51, 249, 185, 12, 111, 186, 106, 178, 180, 22, 227, 23, 184, 140, 116, 218, 13, 51, 204, 105, 242, 103, 158, 206, 5, 207, 4, 202, 158, 69, 171, 193, 155, 120, 80, 102, 65, 162, 208, 142, 215, 149, 172, 137, 65, 236, 254, 28, 95, 243, 34, 223, 224, 76, 118, 24, 240, 143, 30, 111, 23, 189, 59, 186, 89, 81, 116, 42, 209, 214, 204, 158, 212, 232, 79, 18, 121, 131, 249, 87, 195, 206, 136, 129, 52, 81, 205, 227, 203, 102, 48, 75, 144, 87, 92, 143, 62, 45, 126, 183, 217, 186, 49, 20, 65, 237, 79, 144, 252, 159, 119, 57, 140, 165, 176, 204, 226, 80, 49, 111, 98, 144, 36, 24, 29, 45, 208, 175, 32, 123, 15, 236, 129, 204, 41, 36, 33, 36, 180, 15, 227, 119, 172, 109, 191, 253, 74, 78, 50, 220, 146, 27, 169, 224, 17, 227, 118, 6, 255, 53, 13, 150, 217, 234, 109, 235, 138, 188, 20, 39, 157, 128, 94, 198, 175, 183, 189, 243, 249, 199, 86, 10, 255, 99, 248, 179, 34, 202, 142, 14, 7, 86, 194, 135, 133, 150, 56, 61, 120, 21, 191, 118, 111, 111, 67, 55, 163, 204, 64, 173, 88, 78, 253, 253, 99, 76, 222, 161, 20, 65, 142, 119, 205, 63, 221, 172, 134, 131, 202, 127, 149, 154, 46, 40, 241, 92, 164, 241, 34, 171, 217, 18, 60, 203, 172, 54, 143, 195, 41, 192, 28, 155, 167, 242, 106, 219, 219, 189, 197, 116, 103, 9, 151, 238, 14, 179, 63, 61, 78, 191, 121, 6, 225, 175, 227, 15, 49, 202, 232, 151, 74, 168, 39, 14, 176, 117, 203, 207, 180, 178, 130, 52, 169, 244, 115, 196, 91, 146, 60, 59, 119, 107, 112, 66, 31, 185, 210, 214, 222, 185, 104, 51, 182, 22, 5, 186, 203, 9, 63, 54, 96, 111, 189, 254, 118, 114, 174, 44, 21, 226, 217, 186, 224, 81, 120, 38, 203, 149, 156, 241, 42, 102, 58, 41, 218, 35, 42, 166, 155, 133, 199, 165, 245, 86, 37, 212, 232, 180, 118, 160, 96, 78, 20, 179, 68, 34, 139, 209, 82, 31, 179, 17, 160, 147, 3, 16, 199, 59, 32, 213, 28, 170, 225, 253, 39, 231, 155, 84, 115, 77, 112, 246, 34, 213, 110, 34, 54, 57, 60, 16, 153, 200, 210, 91, 133, 11, 107, 255, 99, 149, 45, 188, 23, 121, 54, 126, 240, 66, 90, 254, 60, 172, 200, 161, 232, 196, 209, 162, 130, 114, 160, 22, 35, 65, 27, 28, 241, 194, 243, 4, 34, 12, 38, 202, 110, 44, 138, 180, 11, 32, 92, 238, 59, 60, 79, 178, 28, 67, 21, 178, 166, 177, 168, 44, 192, 12, 146, 114, 181, 50, 174, 129, 102, 8, 21, 112, 74, 217, 155, 96, 180, 80, 107, 203, 100, 192, 55, 145, 38, 52, 40, 52, 168, 69, 10, 153, 212, 200, 40, 113, 27, 171, 113, 44, 242, 23, 37, 186, 70, 56, 91, 48, 99, 187, 106, 249, 153, 112, 12, 86, 74, 177, 124, 200, 200, 66, 79, 33, 238, 154, 140, 142, 192, 11, 126, 216, 209, 230, 1, 97, 65, 62, 143, 163, 189, 105, 207, 147, 81, 121, 44, 165, 59, 226, 49, 124, 89, 203, 227, 182, 29, 138, 13, 133, 172, 25, 212, 131, 91, 184, 23, 89, 75, 110, 2, 174, 91, 140, 83, 136, 124, 27, 21, 123, 43, 145, 150, 245, 99, 185, 229, 115, 24, 146, 200, 5, 162, 56, 195, 136, 240, 162, 41, 196, 33, 236, 243, 47, 254, 116, 112, 254, 151, 63, 69, 22, 112, 149, 123, 65, 92, 118, 209, 85, 181, 68, 82, 5, 140, 254, 83, 188, 194, 255, 7, 246, 188, 110, 46, 145, 165, 243, 129, 74, 104, 106, 42, 136, 222, 199, 169, 252, 28, 35, 206, 12, 238, 63, 200, 225, 203, 254, 40, 88, 5, 200, 35, 53, 28, 45, 175, 245, 109, 102, 8, 108, 97, 79, 33, 187, 174, 169, 202, 114, 146, 205, 109, 202, 33, 232, 226, 122, 100, 39, 154, 54, 7, 119, 39, 75, 39, 109, 67, 66, 210, 231, 240, 225, 250, 147, 3, 53, 70, 178, 67, 93, 185, 52, 58, 174, 19, 143, 245, 135, 241, 161, 30, 75, 201, 207, 23, 51, 227, 142, 216, 86, 80, 10, 97, 108, 179, 122, 31, 53, 69, 141, 93, 79, 18, 34, 94, 6, 162, 198, 30, 214, 132, 13, 174, 180, 146, 7, 27, 193, 124, 39, 88, 38, 142, 44, 43, 59, 128, 134, 162, 86, 101, 45, 47, 134, 2, 241, 125, 113, 161, 138, 113, 210, 239, 132, 170, 2, 139, 214, 14, 139, 127, 131, 179, 187, 3, 254, 24, 81, 150, 167, 17, 174, 79, 163, 95, 50, 210, 191, 102, 162, 221, 122, 112, 56, 188, 78, 69, 107, 194, 252, 9, 38, 205, 198, 207, 183, 144, 216, 161, 48, 144, 204, 166, 3, 147, 194, 170, 68, 58, 81, 133, 223, 40, 111, 173, 109, 135, 74, 129, 41, 82, 169, 46, 179, 41, 235, 122, 249, 67, 71, 145, 61, 207, 64, 225, 172, 51, 111, 128, 91, 136, 3, 52, 168, 202, 250, 237, 62, 177, 12, 29, 32, 220, 182, 40, 207, 158, 28, 232, 161, 178, 56, 1, 4, 46, 173, 81, 108, 126, 231, 141, 112, 51, 27, 72, 209, 187, 145, 84, 171, 37, 223, 83, 143, 74, 11, 21, 201, 84, 43, 185, 109, 218, 33, 31, 98, 88, 233, 19, 48, 51, 90, 117, 170, 236, 19, 165, 50, 167, 103, 120, 149, 179, 178, 71, 167, 11, 142, 45, 14, 51, 57, 119, 53, 253, 198, 129, 23, 174, 31, 121, 123, 104, 142, 173, 252, 177, 109, 111, 75, 110, 178, 175, 100, 111, 196, 189, 18, 138, 134, 15, 252, 46, 56, 194, 88, 156, 133, 162, 157, 205, 67, 122, 189, 47, 44, 58, 238, 59, 31, 54, 80, 34, 112, 33, 19, 109, 210, 36, 219, 129, 213, 37, 70, 12, 203, 234, 208, 255, 168, 228, 174, 147, 248, 237, 7, 211, 145, 217, 186, 121, 138, 7, 54, 207, 117, 172, 150, 17, 3, 192, 211, 107, 98, 14, 24, 210, 33, 212, 53, 147, 207, 207, 237, 6, 220, 77, 6, 154, 57, 45, 222, 45, 187, 94, 233, 200, 218, 233, 96, 2, 241, 16, 255, 116, 246, 19, 118, 163, 122, 163, 7, 212, 57, 88, 112, 124, 238, 188, 49, 195, 141, 180, 223, 174, 44, 143, 134, 178, 227, 121, 93, 246, 244, 210, 33, 228, 48, 33, 43, 106, 106, 144, 72, 225, 235, 11, 240, 228, 50, 30, 178, 186, 200, 194, 24, 213, 19, 96, 19, 5, 235, 185, 48, 129, 137, 144, 22, 42, 180, 36, 14, 45, 147, 188, 112, 134, 78, 100, 113, 0, 8, 42, 12, 169, 141, 226, 12, 60, 21, 206, 169, 31, 135, 68, 196, 27, 55, 48, 147, 83, 168, 23, 87, 115, 179, 114, 79, 164, 125, 9, 202, 226, 210, 146, 68, 153, 144, 188, 140, 189, 140, 179, 161, 166, 172, 219, 137, 210, 102, 30, 207, 233, 117, 11, 71, 28, 242, 244, 139, 177, 215, 13, 2, 87, 22, 124, 88, 170, 116, 117, 217, 39, 221, 40, 39, 140, 181, 51, 175, 141, 113, 171, 250, 74, 14, 12, 61, 232, 103, 253, 188, 60, 223, 146, 79, 222, 255, 208, 138, 22, 171, 107, 213, 246, 118, 231, 95, 164, 71, 62, 76, 80, 211, 191, 182, 165, 101, 20, 194, 247, 78, 111, 114, 95, 138, 95, 77, 98, 162, 245, 7, 226, 119, 83, 106, 136, 103, 119, 202, 158, 41, 222, 1, 223, 83, 143, 249, 184, 232, 39, 227, 63, 247, 255, 84, 91, 212, 188, 59, 80, 214, 27, 45, 35, 193, 130, 162, 78, 251, 38, 245, 172, 9, 207, 60, 183, 119, 164, 201, 149, 68, 11, 128, 88, 21, 2, 231, 54, 191, 232, 123, 93, 56, 43, 180, 35, 242, 39, 22, 49, 73, 45, 210, 206, 196, 40, 157, 184, 249, 99, 64, 162, 120, 32, 181, 55, 74, 5, 0, 71, 154, 58, 167, 123, 255, 102, 32, 144, 1, 13, 99, 69, 130, 255, 64, 147, 43, 106, 203, 250, 15, 146, 157, 34, 62, 30, 144, 111, 11, 111, 104, 138, 224, 61, 85, 167, 209, 115, 123, 112, 80, 239, 149, 132, 172, 68, 120, 8, 144, 197, 151, 88, 39, 152, 87, 165, 52, 44, 158, 46, 43, 5, 97, 65, 75, 162, 129, 28, 88, 149, 189, 8, 108, 133, 143, 40, 129, 93, 85, 91, 251, 76, 106, 254, 223, 117, 75, 142, 84, 22, 68, 15, 99, 95, 101, 62, 89, 153, 236, 186, 214, 245, 236, 36, 213, 67, 218, 155, 135, 83, 12, 160, 185, 193, 2, 157, 80, 218, 60, 169, 79, 7, 120, 77, 2, 173, 6, 98, 199, 214, 236, 93, 85, 172, 238, 13, 95, 120, 113, 57, 100, 149, 168, 218, 44, 216, 1, 220, 190, 102, 156, 229, 255, 28, 51, 101, 167, 171, 19, 242, 245, 54, 101, 226, 169, 40, 23, 140, 144, 91, 14, 111, 229, 206, 99, 75, 177, 240, 148, 111, 140, 50, 33, 185, 83, 7, 170, 183, 200, 200, 236, 202, 47, 15, 209, 251, 137, 13, 41, 22, 187, 147, 66, 129, 182, 25, 139, 254, 93, 21, 111, 215, 69, 42, 121, 48, 146, 28, 138, 30, 231, 250, 59, 220, 196, 132, 154, 66, 92, 0, 26, 250, 165, 92, 21, 213, 58, 237, 29, 200, 126, 26, 35, 92, 29, 43, 74, 141, 83, 2, 57, 164, 221, 220, 222, 42, 21, 109, 168, 228, 56, 228, 109, 31, 51, 153, 20, 3, 48, 22, 177, 139, 124, 69, 119, 210, 212, 207, 211, 254, 200, 40, 250, 66, 64, 239, 58, 177, 101, 14, 53, 155, 206, 99, 17, 34, 73, 11, 128, 189, 232, 115, 19, 26, 135, 94, 29, 214, 179, 127, 239, 175, 49, 16, 39, 103, 220, 66, 173, 49, 73, 205, 67, 170, 95, 33, 117, 134, 240, 62, 157, 255, 199, 148, 191, 14, 79, 7, 112, 68, 161, 97, 58, 3, 48, 34, 86, 228, 16, 220, 249, 220, 95, 32, 128, 3, 55, 246, 111, 185, 128, 77, 175, 131, 67, 27, 48, 193, 81, 251, 98, 198, 23, 142, 7, 11, 84, 4, 212, 253, 16, 236, 26, 87, 39, 66, 248, 46, 59, 8, 13, 176, 93, 133, 121, 150, 247, 110, 170, 215, 244, 101, 123, 6, 179, 178, 13, 133, 41, 45, 13, 80, 253, 129, 20, 246, 193, 128, 246, 225, 172, 69, 247, 70, 221, 13, 176, 108, 183, 83, 255, 249, 79, 75, 68, 60, 237, 168, 249, 119, 243, 7, 92, 230, 27, 11, 4, 190, 174, 51, 217, 243, 34, 198, 56, 84, 155, 246, 98, 79, 218, 9, 30, 224, 246, 119, 135, 223, 12, 40, 122, 220, 72, 7, 9, 78, 115, 144, 183, 74, 228, 224, 104, 128, 52, 26, 196, 36, 185, 6, 42, 189, 1, 174, 22, 141, 240, 134, 40, 134, 109, 106, 35, 159, 218, 25, 74, 102, 86, 238, 38, 75, 198, 79, 200, 110, 133, 248, 32, 18, 141, 29, 235, 230, 142, 176, 174, 255, 162, 3, 211, 126, 251, 30, 163, 48, 191, 45, 190, 183, 252, 134, 8, 205, 125, 52, 56, 59, 17, 64, 158, 33, 152, 63, 111, 64, 26, 68, 110, 205, 196, 103, 72, 217, 87, 82, 142, 70, 42, 3, 206, 179, 23, 148, 130, 204, 188, 55, 212, 58, 9, 213, 127, 241, 224, 84, 119, 195, 146, 193, 224, 149, 200, 89, 115, 122, 21, 42, 92, 92, 223, 14, 119, 81, 122, 255, 98, 213, 15, 34, 90, 0, 200, 22, 238, 30, 178, 182, 59, 138, 76, 223, 20, 183, 88, 44, 127, 108, 244, 112, 253, 201, 229, 43, 176, 143, 20, 26, 95, 50, 222, 189, 48, 78, 185, 162, 254, 247, 208, 87, 11, 152, 172, 168, 247, 159, 60, 133, 58, 39, 127, 245, 242, 85, 43, 2, 144, 13, 226, 232, 225, 84, 67, 239, 97, 181, 206, 130, 120, 166, 252, 158, 236, 146, 40, 170, 109, 234, 72, 187, 6, 182, 183, 127, 245, 49, 3, 46, 75, 8, 211, 38, 29, 176, 174, 203, 75, 254, 5, 9, 152, 235, 195, 59, 90, 140, 176, 150, 140, 10, 219, 222, 129, 188, 191, 216, 193, 131, 31, 18, 98, 19, 67, 186, 31, 105, 117, 53, 237, 207, 90, 71, 176, 129, 103, 57, 97, 3, 212, 112, 56, 233, 49, 121, 170, 235, 178, 188, 49, 98, 174, 28, 77, 183, 153, 68, 106, 67, 122, 234, 216, 31, 241, 198, 134, 218, 144, 241, 109, 136, 224, 217, 182, 43, 133, 78, 243, 156, 37, 53, 22, 83, 123, 33, 199, 146, 149, 127, 113, 119, 156, 133, 98, 186, 98, 203, 85, 233, 213, 212, 47, 186, 46, 223, 177, 74, 194, 69, 67, 46, 183, 238, 236, 1, 7, 13, 169, 41, 58, 107, 155, 198, 198, 46, 103, 236, 210, 168, 100, 214, 19, 95, 63, 16, 158, 153, 195, 131, 101, 96, 27, 212, 24, 82, 201, 133, 139, 47, 47, 13, 99, 13, 101, 168, 89, 254, 151, 157, 119, 101, 165, 183, 46, 70, 55, 159, 29, 144, 55, 195, 238, 120, 131, 144, 21, 130, 62, 127, 176, 42, 254, 94, 6, 195, 60, 81, 186, 95, 137, 106, 213, 65, 106, 168, 161, 126, 225, 165, 29, 168, 167, 181, 235, 216, 74, 52, 254, 213, 76, 49, 15, 12, 159, 125, 253, 13, 78, 205, 152, 178, 242, 25, 247, 211, 214, 56, 53, 66, 64, 29, 136, 124, 43, 194, 186, 243, 109, 80, 84, 79, 221, 178, 241, 27, 121, 185, 186, 84, 20, 105, 244, 237, 118, 232, 255, 80, 129, 15, 57, 129, 12, 54, 175, 193, 170, 70, 63, 120, 56, 42, 87, 143, 54, 26, 30, 36, 29, 182, 81, 220, 177, 235, 175, 43, 152, 165, 5, 96, 129, 250, 115, 172, 111, 239, 212, 189, 195, 211, 55, 0, 185, 20, 187, 197, 222, 74, 219, 37, 211, 42, 94, 161, 200, 182, 158, 83, 66, 66, 195, 137, 238, 169, 24, 57, 216, 26, 51, 188, 125, 116, 21, 202, 179, 192, 20, 241, 0, 44, 216, 37, 62, 67, 116, 79, 43, 116, 22, 85, 97, 68, 85, 223, 248, 237, 71, 197, 217, 216, 8, 70, 116, 51, 240, 244, 46, 13, 88, 102, 223, 32, 136, 31, 21, 81, 5, 121, 78, 224, 152, 168, 27, 231, 117, 192, 8, 181, 184, 117, 8, 162, 25, 65, 244, 210, 135, 12, 242, 204, 245, 215, 127, 193, 149, 44, 243, 6, 198, 219, 119, 166, 58, 102, 175, 63, 105, 54, 88, 11, 27, 37, 35, 197, 25, 135, 129, 56, 30, 252, 44, 58, 116, 129, 189, 124, 221, 13, 220, 229, 38, 134, 59, 217, 121, 33, 169, 174, 44, 219, 205, 48, 94, 66, 19, 82, 123, 243, 209, 61, 216, 175, 117, 220, 32, 248, 158, 46, 37, 43, 31, 0, 254, 234, 58, 217, 103, 1, 3, 76, 62, 221, 247, 53, 149, 246, 225, 83, 21, 162, 244, 113, 120, 136, 196, 193, 15, 97, 102, 195, 42, 18, 43, 52, 56, 82, 181, 225, 158, 96, 51, 214, 108, 56, 218, 3, 234, 194, 205, 24, 222, 57, 53, 146, 141, 16, 119, 222, 99, 193, 2, 83, 121, 26, 226, 60, 92, 69, 113, 164, 116, 21, 118, 10, 44, 2, 171, 211, 33, 29, 119, 228, 204, 93, 38, 88, 242, 228, 209, 60, 91, 202, 69, 54, 135, 43, 211, 8, 155, 51, 228, 198, 58, 133, 104, 207, 222, 205, 233, 91, 90, 107, 145, 87, 255, 37, 218, 209, 13, 175, 196, 59, 9, 114, 116, 24, 54, 15, 162, 182, 177, 186, 14, 183, 157, 195, 121, 70, 186, 229, 115, 17, 135, 160, 140, 159, 178, 86, 248, 71, 81, 156, 142, 129, 233, 207, 154, 26, 71, 3, 29, 100, 87, 51, 56, 132, 223, 238, 160, 219, 198, 59, 102, 185, 40, 180, 108, 115, 55, 92, 166, 87, 56, 217, 46, 74, 231, 143, 241, 203, 48, 27, 220, 58, 69, 228, 153, 67, 169, 176, 240, 215, 122, 111, 107, 157, 85, 126, 204, 144, 168, 213, 19, 45, 145, 27, 163, 83, 168, 125, 12, 151, 68, 42, 245, 104, 128, 59, 173, 112, 237, 145, 121, 245, 96, 165, 82, 28, 17, 183, 20, 70, 36, 136, 166, 91, 56, 161, 3, 107, 43, 51, 178, 24, 23, 8, 161, 147, 205, 31, 137, 69, 153, 59, 94, 89, 171, 157, 128, 243, 90, 228, 96, 215, 203, 114, 14, 132, 140, 240, 216, 37, 189, 165, 204, 132, 246, 4, 89, 33, 84, 135, 95, 33, 6, 189, 140, 4, 168, 130, 93, 89, 121, 172, 22, 43, 150, 229, 53, 127, 234, 98, 78, 66, 210, 55, 237, 124, 37, 32, 113, 216, 122, 92, 141, 245, 210, 133, 195, 152, 120, 219, 98, 63, 175, 47, 71, 203, 214, 124, 199, 139, 186, 114, 169, 53, 36, 238, 83, 236, 164, 16, 102, 2, 160, 13, 231, 72, 159, 13, 74, 24, 89, 57, 235, 127, 23, 130, 250, 251, 250, 89, 8, 50, 212, 128, 11, 227, 155, 225, 67, 53, 90, 16, 197, 249, 128, 176, 76, 83, 205, 156, 169, 13, 127, 117, 169, 121, 161, 50, 212, 161, 0, 208, 182, 219, 64, 241, 85, 83, 128, 68, 4, 6, 12, 29, 233, 87, 240, 123, 221, 164, 87, 24, 17, 243, 207, 235, 237, 165, 118, 46, 182, 217, 15, 115, 154, 68, 136, 230, 128, 108, 56, 101, 125, 238, 230, 15, 170, 9, 115, 211, 66, 6, 150, 175, 233, 147, 214, 254, 74, 170, 86, 187, 52, 167, 72, 41, 145, 211, 8, 157, 181, 10, 216, 228, 78, 136, 161, 22, 144, 214, 90, 25, 21, 226, 64, 237, 254, 61, 4, 246, 152, 124, 175, 13, 80, 231, 71, 21, 99, 84, 235, 27, 202, 236, 86, 237, 102, 128, 4, 0, 89, 239, 223, 58, 79, 41, 204, 127, 150, 11, 194, 46, 136, 47, 108, 130, 228, 143, 184, 129, 146, 12, 202, 106, 161, 231, 202, 21, 25, 46, 154, 39, 53, 100, 46, 87, 117, 80, 172, 45, 251, 16, 244, 113, 236, 103, 240, 9, 130, 128, 114, 100, 2, 80, 87, 137, 8, 211, 97, 211, 181, 190, 238, 15, 142, 12, 217, 17, 53, 52, 167, 33, 110, 187, 223, 38, 25, 81, 184, 103, 7, 73, 255, 11, 5, 201, 114, 110, 203, 124, 124, 121, 39, 20, 209, 7, 245, 88, 97, 43, 84, 138, 125, 72, 127, 254, 90, 167, 96, 125, 78, 204, 140, 138, 254, 125, 162, 12, 165, 94, 126, 108, 101, 71, 59, 54, 34, 6, 69, 91, 210, 112, 101, 103, 44, 217, 147, 224, 165, 154, 120, 24, 134, 9, 193, 115, 229, 58, 67, 250, 156, 12, 36, 44, 11, 225, 81, 240, 116, 14, 81, 32, 44, 34, 67, 93, 148, 236, 209, 35, 53, 85, 209, 1, 74, 62, 104, 163, 217, 54, 110, 19, 167, 251, 53, 166, 179, 238, 166, 6, 223, 28, 197, 151, 23, 109, 81, 101, 113, 25, 35, 186, 147, 130, 42, 43, 61, 254, 182, 200, 53, 92, 193, 15, 44, 206, 220, 121, 27, 68, 220, 2, 162, 46, 66, 98, 36, 178, 22, 181, 165, 214, 248, 24, 177, 18, 2, 42, 64, 251, 57, 203, 134, 69, 21, 154, 228, 29, 200, 71, 73, 225, 54, 134, 129, 6, 143, 204, 65, 157, 92, 214, 61, 146, 109, 254, 55, 232, 9, 145, 33, 176, 114, 215, 161, 150, 32, 121, 235, 58, 224, 63, 254, 149, 76, 127, 119, 10, 132, 7, 103, 170, 180, 68, 16, 105, 215, 127, 91, 154, 233, 35, 180, 217, 45, 235, 165, 88, 252, 212, 45, 48, 103, 17, 128, 6, 189, 66, 65, 24, 160, 201, 121, 193, 217, 40, 127, 191, 115, 113, 137, 3, 232, 107, 130, 22, 4, 166, 51, 6, 23, 162, 98, 139, 130, 19, 23, 119, 40, 84, 5, 42, 155, 185, 51, 225, 229, 139, 111, 66, 33, 85, 165, 160, 252, 192, 85, 213, 159, 137, 110, 206, 77, 180, 17, 77, 199, 56, 22, 195, 26, 91, 58, 42, 102, 174, 99, 206, 127, 170, 229, 34, 229, 244, 219, 168, 242, 105, 75, 140, 236, 208, 27, 83, 16, 101, 131, 112, 239, 193, 121, 126, 231, 127, 217, 20, 236, 152, 180, 202, 109, 116, 245, 22, 84, 25, 174, 208, 59, 142, 241, 107, 150, 26, 157, 228, 146, 130, 240, 204, 250, 28, 31, 89, 160, 223, 144, 12, 42, 167, 164, 50, 80, 72, 165, 66, 113, 194, 93, 176, 3, 251, 176, 100, 192, 175, 27, 75, 143, 6, 239, 111, 57, 15, 208, 238, 30, 165, 178, 42, 65, 135, 54, 101, 215, 206, 180, 132, 224, 184, 134, 242, 173, 214, 21, 181, 68, 184, 147, 50, 51, 183, 112, 19, 145, 200, 19, 233, 146, 160, 55, 37, 62, 176, 38, 36, 140, 67, 123, 100, 51, 222, 125, 245, 17, 5, 108, 140, 92, 101, 233, 37, 131, 123, 130, 4, 134, 22, 134, 228, 127, 76, 71, 20, 120, 209, 159, 13, 38, 157, 228, 210, 233, 108, 52, 4, 204, 180, 221, 30, 247, 178, 118, 155, 24, 80, 74, 134, 125, 66, 182, 110, 32, 250, 227, 7, 183, 97, 37, 104, 38, 146, 255, 129, 181, 150, 165, 229, 77, 220, 247, 148, 61, 252, 233, 119, 239, 160, 81, 76, 29, 7, 143, 229, 51, 32, 185, 30, 53, 86, 235, 197, 64, 225, 156, 183, 50, 222, 188, 95, 213, 247, 10, 99, 114, 9, 105, 52, 68, 226, 163, 252, 41, 33, 230, 68, 9, 245, 73, 14, 8, 128, 67, 28, 245, 151, 202, 91, 82, 81, 142, 227, 76, 26, 18, 255, 180, 31, 131, 11, 23, 90, 189, 173, 76, 166, 247, 174, 204, 229, 85, 15, 171, 210, 113, 216, 200, 246, 134, 158, 95, 111, 54, 118, 118, 19, 18, 111, 227, 38, 39, 50, 82, 4, 189, 241, 207, 122, 128, 130, 114, 171, 235, 23, 97, 234, 55, 71, 57, 31, 184, 147, 213, 242, 218, 186, 192, 17, 147, 249, 166, 234, 29, 63, 133, 43, 161, 224, 57, 38, 78, 72, 189, 126, 186, 26, 171, 128, 64, 29, 90, 191, 139, 137, 250, 220, 223, 129, 41, 47, 173, 162, 6, 115, 229, 105, 206, 6, 59, 131, 3, 82, 55, 65, 9, 7, 240, 0, 184, 106, 54, 220, 252, 7, 62, 94, 119, 80, 30, 108, 154, 225, 98, 28, 250, 248, 191, 59, 234, 120, 127, 19, 118, 18, 203, 60, 202, 205, 69, 25, 21, 94, 185, 138, 71, 254, 16, 228, 248, 192, 48, 129, 22, 230, 246, 34, 2, 141, 105, 25, 2, 18, 201, 93, 231, 92, 133, 238, 242, 124, 158, 47, 159, 145, 107, 75, 204, 78, 15, 238, 149, 129, 204, 200, 73, 30, 219, 55, 228, 184, 96, 112, 224, 24, 107, 150, 27, 18, 153, 205, 77, 17, 14, 25, 51, 25, 111, 206, 107, 110, 62, 202, 229, 85, 229, 87, 209, 202, 167, 199, 7, 37, 203, 13, 221, 44, 59, 209, 73, 130, 156, 65, 146, 253, 154, 32, 123, 80, 225, 173, 214, 252, 176, 170, 131, 163, 24, 126, 239, 53, 38, 20, 216, 68, 244, 84, 34, 127, 192, 2, 149, 172, 104, 249, 49, 131, 23, 8, 241, 111, 3, 142, 145, 43, 144, 170, 45, 138, 146, 80, 227, 40, 39, 36, 61, 194, 6, 242, 157, 16, 131, 140, 59, 76, 212, 44, 7, 225, 235, 10, 14, 98, 80, 32, 24, 156, 227, 175, 233, 95, 219, 203, 89, 129, 44, 142, 34, 63, 91, 71, 170, 94, 19, 209, 142, 223, 100, 41, 223, 62, 127, 47, 96, 222, 167, 17, 242, 141, 205, 186, 105, 5, 51, 101, 95, 223, 138, 132, 127, 196, 9, 252, 114, 251, 53, 37, 251, 54, 19, 79, 44, 54, 208, 5, 210, 134, 67, 205, 195, 223, 45, 51, 104, 214, 254, 53, 8, 45, 223, 19, 69, 117, 67, 158, 20, 224, 163, 156, 212, 136, 22, 252, 203, 142, 249, 2, 28, 114, 62, 169, 132, 246, 52, 208, 118, 148, 152, 91, 169, 76, 106, 195, 73, 211, 229, 26, 232, 236, 126, 181, 20, 226, 205, 144, 160, 29, 143, 11, 102, 32, 6, 187, 63, 78, 7, 4, 114, 233, 31, 244, 17, 67, 52, 28, 189, 141, 150, 175, 81, 175, 119, 57, 72, 24, 124, 215, 47, 28, 107, 43, 55, 0, 157, 195, 248, 168, 15, 38, 148, 237, 127, 115, 190, 62, 46, 29, 85, 157, 146, 136, 177, 232, 216, 140, 94, 5, 224, 158, 51, 50, 243, 11, 171, 207, 7, 189, 41, 71, 91, 142, 16, 84, 207, 226, 133, 51, 179, 175, 173, 139, 237, 227, 167, 71, 123, 120, 44, 249, 220, 177, 88, 155, 226, 39, 50, 94, 175, 51, 254, 181, 39, 11, 26, 110, 206, 191, 102, 4, 71, 14, 47, 66, 126, 136, 125, 55, 244, 242, 39, 136, 110, 156, 192, 220, 177, 3, 52, 42, 50, 248, 18, 46, 11, 223, 157, 3, 159, 227, 79, 46, 133, 60, 137, 242, 29, 133, 228, 106, 93, 20, 243, 245, 210, 91, 137, 18, 152, 43, 159, 83, 154, 110, 149, 202, 245, 97, 199, 0, 196, 57, 190, 135, 82, 203, 137, 227, 98, 103, 80, 253, 195, 191, 55, 38, 177, 37, 51, 78, 59, 4, 117, 234, 25, 177, 225, 231, 173, 168, 172, 249, 201, 172, 167, 11, 31, 83, 246, 104, 149, 137, 95, 27, 97, 245, 21, 154, 153, 77, 230, 118, 138, 17, 35, 128, 68, 139, 89, 26, 25, 124, 93, 203, 94, 69, 80, 125, 163, 42, 207, 141, 188, 143, 235, 22, 214, 219, 45, 51, 96, 95, 186, 96, 56, 39, 40, 80, 43, 140, 231, 202, 137, 89, 62, 187, 34, 23, 134, 51, 36, 68, 210, 47, 244, 120, 88, 49, 81, 253, 98, 230, 20, 71, 51, 108, 196, 8, 142, 145, 212, 25, 220, 81, 174, 169, 175, 170, 39, 66, 97, 205, 175, 130, 218, 173, 25, 215, 232, 254, 178, 193, 248, 107, 143, 5, 79, 72, 50, 42, 251, 42, 177, 190, 225, 43, 74, 83, 84, 58, 157, 199, 147, 70, 163, 38, 201, 43, 5, 178, 173, 245, 174, 123, 226, 121, 55, 92, 153, 154, 173, 4, 47, 44, 55, 63, 217, 144, 109, 134, 100, 5, 37, 77, 197, 97, 211, 62, 81, 2, 159, 66, 194, 8, 70, 241, 113, 15, 129, 34, 74, 224, 114, 22, 93, 145, 233, 98, 178, 179, 184, 3, 45, 240, 84, 90, 193, 228, 136, 43, 185, 193, 20, 103, 61, 126, 144, 29, 124, 205, 135, 107, 130, 202, 237, 35, 58, 102, 72, 174, 19, 28, 151, 40, 4, 116, 22, 207, 126, 108, 156, 113, 101, 243, 127, 198, 220, 0, 16, 180, 110, 84, 76, 99, 191, 181, 113, 22, 151, 96, 7, 244, 221, 28, 35, 96, 144, 8, 73, 4, 147, 12, 41, 201, 246, 9, 47, 178, 86, 169, 214, 211, 55, 222, 104, 0, 150, 236, 200, 6, 63, 6, 199, 140, 125, 102, 175, 20, 217, 75, 83, 89, 232, 199, 63, 45, 213, 246, 192, 141, 24, 110, 110, 167, 11, 116, 40, 63, 61, 63, 8, 11, 121, 169, 75, 134, 131, 27, 7, 194, 61, 188, 57, 70, 238, 135, 113, 200, 53, 122, 151, 20, 215, 173, 15, 233, 252, 184, 15, 203, 223, 244, 84, 43, 157, 162, 222, 240, 239, 65, 193, 100, 58, 154, 132, 166, 127, 185, 186, 2, 165, 188, 233, 105, 240, 152, 241, 59, 44, 92, 248, 10, 153, 65, 136, 14, 27, 6, 196, 157, 231, 176, 131, 100, 72, 173, 207, 41, 238, 50, 240, 82, 193, 183, 246, 43, 45, 73, 163, 171, 85, 179, 64, 204, 106, 198, 149, 0, 224, 91, 44, 76, 33, 223, 139, 207, 98, 38, 132, 64, 126, 207, 187, 244, 22, 207, 239, 225, 26, 240, 161, 78, 180, 28, 94, 73, 246, 1, 53, 23, 248, 88, 47, 100, 82, 226, 49, 123, 9, 220, 211, 201, 62, 7, 217, 255, 154, 169, 114, 216, 123, 16, 146, 201, 107, 136, 19, 0, 121, 77, 126, 19, 200, 186, 67, 213, 251, 109, 94, 196, 62, 218, 29, 54, 35, 164, 7, 232, 60, 76, 174, 219, 218, 223, 23, 244, 230, 226, 76, 240, 45, 167, 85, 47, 17, 192, 177, 216, 141, 243, 161, 213, 45, 42, 103, 151, 87, 44, 195, 149, 25, 191, 90, 50, 237, 57, 148, 159, 112, 60, 133, 3, 130, 135, 244, 8, 132, 228, 194, 17, 151, 237, 16, 158, 168, 54, 73, 148, 48, 61, 71, 124, 41, 24, 119, 48, 165, 125, 109, 121, 111, 167, 111, 162, 142, 143, 109, 20, 211, 247, 143, 124, 61, 9, 84, 144, 96, 115, 101, 90, 72, 30, 51, 250, 218, 93, 111, 159, 185, 111, 8, 244, 9, 5, 132, 193, 95, 128, 2, 22, 108, 128, 26, 122, 16, 46, 68, 95, 231, 19, 228, 252, 165, 34, 80, 40, 132, 177, 120, 160, 33, 22, 37, 114, 26, 97, 118, 190, 229, 45, 189, 18, 120, 242, 54, 114, 191, 173, 93, 252, 238, 100, 94, 122, 99, 60, 139, 198, 225, 83, 28, 221, 236, 21, 203, 30, 189, 174, 160, 66, 181, 208, 114, 15, 223, 19, 232, 222, 110, 167, 27, 217, 233, 194, 93, 71, 30, 48, 178, 155, 205, 14, 209, 45, 251, 96, 153, 240, 173, 181, 17, 107, 186, 40, 27, 5, 227, 119, 92, 91, 246, 59, 132, 184, 62, 177, 46, 150, 250, 181, 231, 160, 227, 9, 21, 141, 111, 151, 11, 49, 198, 161, 16, 115, 237, 135, 42, 18, 190, 155, 0, 170, 53, 93, 8, 15, 189, 3, 138, 82, 236, 216, 25, 106, 173, 233, 245, 209, 161, 165, 133, 71, 184, 85, 48, 52, 94, 81, 152, 39, 9, 196, 47, 124, 78, 21, 149, 184, 73, 156, 167, 248, 21, 50, 96, 10, 253, 231, 89, 134, 204, 103, 71, 155, 74, 149, 59, 227, 1, 56, 76, 4, 35, 195, 126, 111, 140, 172, 121, 60, 54, 140, 30, 180, 252, 162, 236, 50, 187, 80, 89, 198, 243, 144, 89, 116, 231, 187, 102, 241, 170, 12, 70, 27, 200, 74, 137, 83, 223, 193, 192, 234, 162, 222, 126, 166, 124, 180, 38, 229, 159, 120, 142, 110, 3, 129, 77, 36, 81, 102, 238, 136, 219, 242, 61, 1, 61, 24, 16, 125, 76, 104, 217, 191, 79, 96, 133, 67, 57, 172, 3, 12, 184, 82, 75, 236, 203, 36, 251, 255, 194, 35, 198, 196, 145, 146, 162, 18, 125, 182, 81, 93, 191, 51, 147, 206, 180, 103, 150, 92, 226, 163, 33, 160, 187, 131, 200, 55, 244, 121, 15, 82, 112, 149, 62, 219, 241, 181, 56, 26, 160, 239, 118, 32, 118, 192, 199, 98, 253, 47, 114, 233, 188, 41, 36, 117, 169, 72, 32, 102, 239, 109, 217, 191, 252, 128, 243, 31, 89, 120, 56, 36, 34, 156, 215, 41, 77, 193, 62, 115, 40, 237, 113, 9, 8, 92, 61, 210, 111, 158, 113, 190, 251, 201, 73, 111, 51, 196, 130, 126, 222, 78, 108, 15, 228, 181, 29, 117, 127, 97, 23, 142, 57, 7, 122, 94, 188, 40, 225, 195, 10, 37, 244, 207, 44, 219, 144, 22, 172, 110, 64, 225, 223, 151, 5, 12, 146, 132, 20, 221, 133, 232, 184, 161, 130, 193, 100, 194, 137, 83, 247, 177, 185, 124, 170, 204, 85, 159, 72, 246, 113, 170, 33, 111, 126, 127, 166, 0, 55, 122, 154, 84, 188, 100, 60, 133, 119, 152, 78, 167, 89, 61, 191, 139, 171, 175, 108, 120, 16, 57, 235, 160, 220, 235, 128, 146, 151, 112, 123, 22, 46, 27, 140, 60, 39, 254, 139, 100, 245, 94, 110, 240, 115, 29, 99, 247, 169, 49, 125, 43, 34, 56, 186, 231, 255, 132, 202, 150, 71, 215, 63, 35, 221, 155, 66, 42, 63, 181, 59, 96, 227, 24, 97, 148, 246, 214, 189, 24, 135, 30, 249, 26, 236, 189, 55, 255, 215, 140, 6, 146, 98, 68, 141, 38, 197, 153, 210, 120, 39, 22, 104, 211, 1, 175, 56, 152, 137, 131, 218, 199, 205, 205, 89, 163, 48, 252, 85, 83, 88, 18, 9, 163, 112, 233, 64, 9, 135, 38, 3, 245, 242, 32, 35, 233, 148, 238, 225, 201, 29, 160, 25, 151, 153, 43, 192, 29, 225, 128, 83, 126, 27, 154, 182, 136, 130, 16, 132, 39, 88, 227, 237, 154, 69, 233, 185, 24, 217, 47, 246, 70, 38, 109, 139, 243, 89, 84, 179, 245, 73, 59, 50, 49, 12, 117, 190, 12, 39, 111, 42, 35, 106, 190, 17, 216, 96, 173, 163, 63, 42, 199, 173, 91, 75, 186, 75, 98, 209, 35, 218, 198, 224, 31, 206, 90, 251, 201, 112, 240, 225, 144, 235, 42, 104, 195, 255, 13, 38, 81, 117, 91, 18, 81, 175, 118, 152, 180, 203, 38, 76, 153, 136, 171, 236, 86, 41, 101, 172, 228, 155, 113, 181, 137, 128, 7, 121, 164, 7, 255, 51, 141, 43, 125, 240, 25, 54, 218, 237, 54, 231, 57, 166, 231, 152, 161, 92, 57, 141, 115, 186, 175, 45, 217, 92, 229, 0, 33, 99, 181, 159, 253, 133, 158, 121, 109, 137, 180, 115, 139, 63, 48, 172, 248, 1, 99, 49, 249, 28, 0, 92, 252, 110, 124, 175, 7, 138, 229, 106, 47, 40, 229, 229, 137, 200, 26, 208, 57, 43, 157, 69, 171, 149, 229, 242, 44, 123, 252, 104, 82, 86, 209, 89, 77, 93, 103, 141, 145, 106, 112, 135, 7, 94, 43, 239, 16, 2, 155, 244, 109, 253, 74, 236, 216, 154, 41, 159, 198, 108, 206, 239, 35, 3, 253, 109, 151, 227, 185, 142, 40, 55, 50, 124, 22, 146, 198, 89, 147, 195, 65, 96, 117, 228, 183, 119, 63, 125, 171, 229, 91, 211, 146, 190, 97, 211, 253, 63, 76, 40, 253, 212, 96, 237, 147, 13, 35, 106, 189, 177, 172, 106, 222, 9, 45, 98, 165, 120, 29, 188, 112, 5, 247, 236, 99, 100, 245, 235, 145, 206, 179, 250, 30, 171, 209, 232, 44, 223, 4, 248, 176, 63, 210, 99, 68, 113, 58, 19, 198, 148, 84, 116, 136, 241, 183, 212, 10, 198, 160, 182, 210, 39, 244, 28, 5, 146, 146, 154, 66, 93, 3, 203, 151, 95, 97, 205, 226, 118, 185, 99, 252, 140, 223, 79, 197, 241, 26, 48, 73, 38, 217, 218, 113, 239, 56, 212, 49, 154, 178, 216, 103, 114, 21, 205, 101, 21, 220, 99, 137, 39, 131, 64, 213, 65, 82, 251, 208, 238, 114, 27, 92, 20, 63, 170, 198, 219, 245, 180, 196, 31, 219, 230, 188, 154, 34, 241, 179, 56, 41, 191, 196, 163, 117, 88, 237, 58, 193, 27, 141, 108, 109, 54, 120, 171, 241, 233, 66, 198, 45, 230, 155, 122, 242, 190, 222, 224, 13, 111, 208, 45, 46, 113, 223, 198, 69, 228, 218, 170, 73, 207, 229, 165, 23, 94, 159, 202, 64, 215, 186, 90, 226, 170, 82, 251, 80, 35, 156, 58, 46, 247, 10, 105, 30, 7, 55, 114, 41, 37, 237, 222, 11, 157, 40, 62, 236, 130, 74, 75, 87, 156, 6, 228, 132, 4, 174, 105, 115, 156, 212, 236, 40, 131, 53, 107, 59, 54, 23, 171, 167, 36, 151, 96, 235, 178, 212, 76, 114, 20, 54, 162, 64, 51, 43, 141, 220, 108, 252, 65, 211, 143, 34, 136, 2, 111, 84, 210, 88, 44, 40, 98, 246, 135, 100, 159, 150, 165, 209, 213, 14, 60, 139, 255, 164, 68, 134, 34, 227, 122, 137, 97, 73, 219, 18, 119, 17, 202, 115, 146, 57, 206, 146, 198, 157, 232, 123, 64, 186, 135, 96, 58, 187, 83, 141, 228, 100, 244, 238, 109, 10, 123, 120, 145, 112, 91, 188, 76, 22, 217, 123, 117, 229, 190, 110, 103, 51, 204, 226, 61, 206, 54, 242, 169, 44, 141, 68, 228, 164, 214, 104, 241, 1, 73, 221, 170, 53, 67, 11, 55, 35, 28, 188, 7, 218, 141, 182, 236, 26, 36, 82, 252, 157, 88, 168, 219, 206, 34, 175, 186, 127, 229, 108, 99, 105, 240, 117, 249, 45, 29, 126, 187, 6, 124, 202, 130, 35, 223, 44, 255, 142, 189, 91, 89, 60, 1, 103, 0, 99, 103, 171, 200, 143, 215, 170, 142, 202, 11, 100, 129, 18, 98, 170, 16, 16, 165, 125, 20, 245, 198, 113, 217, 70, 21, 112, 113, 200, 162, 205, 138, 228, 146, 216, 69, 68, 33, 203, 106, 228, 191, 175, 240, 165, 180, 92, 203, 30, 69, 217, 15, 145, 1, 159, 218, 143, 242, 122, 118, 190, 249, 241, 108, 255, 20, 183, 199, 38, 54, 9, 132, 194, 191, 170, 25, 149, 118, 229, 137, 15, 155, 243, 217, 203, 124, 244, 135, 233, 123, 91, 239, 38, 205, 149, 142, 187, 113, 192, 161, 50, 88, 20, 31, 224, 63, 82, 127, 98, 247, 145, 184, 14, 126, 2, 103, 151, 39, 54, 41, 142, 204, 136, 195, 179, 19, 99, 97, 211, 180, 85, 208, 96, 235, 86, 1, 128, 107, 10, 116, 78, 51, 146, 171, 25, 53, 42, 101, 11, 32, 177, 95, 214, 226, 66, 82, 162, 229, 76, 230, 195, 119, 231, 181, 202, 168, 52, 138, 42, 38, 82, 60, 81, 152, 147, 197, 24, 186, 61, 28, 26, 252, 255, 118, 227, 19, 8, 68, 46, 17, 121, 222, 23, 135, 154, 163, 106, 103, 141, 92, 127, 42, 186, 4, 88, 191, 90, 107, 8, 114, 248, 22, 134, 202, 18, 152, 155, 8, 50, 86, 105, 73, 49, 82, 45, 126, 132, 67, 5, 42, 227, 107, 130, 216, 250, 83, 4, 146, 20, 222, 34, 219, 95, 74, 80, 79, 220, 168, 216, 253, 151, 15, 204, 29, 26, 71, 90, 220, 244, 115, 105, 135, 79, 206, 140, 123, 117, 25, 189, 204, 109, 236, 46, 128, 40, 102, 191, 181, 35, 63, 39, 17, 143, 134, 120, 30, 82, 228, 21, 19, 76, 15, 105, 20, 77, 46, 230, 217, 24, 34, 145, 207, 229, 4, 30, 122, 28, 143, 117, 153, 69, 123, 135, 169, 135, 102, 250, 27, 49, 132, 71, 54, 239, 255, 102, 121, 70, 146, 207, 95, 238, 48, 100, 253, 120, 228, 11, 95, 97, 98, 172, 104, 242, 115, 30, 142, 161, 102, 67, 67, 213, 148, 157, 169, 75, 142, 200, 92, 65, 243, 126, 244, 203, 223, 37, 77, 140, 12, 3, 18, 248, 198, 250, 14, 74, 132, 53, 156, 147, 16, 36, 224, 20, 104, 221, 80, 77, 174, 52, 30, 171, 79, 108, 169, 69, 200, 66, 131, 198, 139, 5, 131, 6, 169, 242, 58, 111, 66, 135, 154, 69, 47, 249, 188, 218, 33, 162, 20, 89, 209, 173, 116, 194, 100, 200, 182, 144, 43, 62, 73, 163, 37, 30, 150, 144, 236, 248, 171, 98, 54, 44, 112, 61, 230, 112, 252, 92, 102, 75, 106, 105, 25, 208, 244, 230, 140, 139, 93, 112, 120, 75, 81, 16, 52, 46, 60, 16, 68, 246, 207, 26, 42, 180, 231, 88, 45, 71, 126, 200, 129, 47, 237, 254, 97, 178, 185, 227, 168, 76, 171, 253, 236, 132, 51, 125, 15, 16, 231, 1, 226, 94, 34, 125, 139, 107, 70, 226, 114, 185, 56, 149, 149, 61, 124, 170, 125, 235, 10, 160, 119, 217, 212, 108, 100, 41, 238, 40, 138, 41, 229, 78, 201, 41, 107, 139, 75, 215, 141, 78, 128, 42, 29, 77, 140, 36, 40, 63, 95, 38, 38, 101, 109, 96, 88, 116, 85, 161, 219, 70, 85, 7, 223, 182, 152, 55, 36, 149, 239, 117, 116, 211, 5, 225, 206, 163, 232, 62, 78, 221, 228, 56, 36, 253, 202, 73, 171, 166, 197, 109, 30, 70, 195, 22, 117, 96, 221, 82, 198, 132, 42, 102, 48, 125, 118, 46, 12, 209, 116, 212, 52, 63, 209, 125, 30, 226, 188, 76, 125, 173, 209, 208, 7, 117, 186, 33, 44, 129, 156, 16, 94, 59, 2, 94, 107, 76, 65, 127, 156, 143, 16, 40, 102, 196, 1, 9, 39, 5, 46, 245, 87, 98, 95, 0, 211, 20, 219, 8, 195, 16, 227, 206, 192, 86, 205, 138, 102, 88, 109, 16, 228, 50, 10, 109, 16, 224, 248, 189, 5, 187, 91, 181, 50, 34, 50, 152, 187, 140, 89, 22, 201, 118, 111, 55, 254, 204, 194, 41, 89, 15, 151, 239, 36, 213, 46, 98, 119, 140, 135, 26, 87, 228, 60, 207, 107, 235, 28, 97, 175, 112, 13, 27, 157, 153, 244, 140, 247, 175, 235, 68, 172, 215, 63, 131, 180, 63, 12, 207, 188, 177, 24, 92, 106, 129, 166, 47, 223, 59, 153, 56, 64, 237, 140, 33, 157, 128, 245, 122, 9, 61, 209, 104, 160, 45, 189, 112, 113, 60, 43, 157, 8, 244, 226, 183, 40, 217, 128, 155, 137, 17, 230, 208, 24, 171, 174, 43, 117, 129, 23, 23, 215, 69, 89, 251, 110, 10, 155, 149, 100, 144, 148, 178, 93, 75, 251, 251, 127, 188, 3, 11, 218, 39, 22, 87, 61, 69, 248, 39, 216, 37, 144, 196, 197, 120, 64, 191, 146, 161, 103, 85, 82, 95, 248, 104, 202, 191, 113, 86, 176, 177, 98, 213, 35, 167, 190, 100, 164, 122, 223, 30, 249, 190, 189, 195, 7, 18, 210, 251, 63, 207, 144, 18, 128, 103, 210, 157, 190, 91, 105, 23, 151, 12, 231, 187, 235, 16, 186, 29, 158, 66, 222, 48, 29, 2, 134, 2, 158, 203, 107, 9, 238, 108, 252, 205, 66, 149, 121, 164, 120, 108, 112, 22, 214, 31, 66, 144, 214, 34, 193, 76, 42, 90, 234, 40, 104, 50, 111, 145, 248, 211, 106, 12, 152, 212, 56, 167, 109, 201, 107, 61, 37, 125, 252, 182, 195, 53, 192, 179, 176, 175, 242, 8, 52, 237, 107, 47, 216, 244, 45, 160, 227, 228, 184, 14, 55, 85, 226, 226, 179, 208, 249, 186, 117, 40, 249, 221, 19, 89, 124, 124, 175, 252, 143, 147, 98, 230, 159, 31, 252, 149, 233, 84, 246, 169, 44, 114, 63, 96, 60, 218, 164, 74, 68, 110, 41, 11, 34, 157, 224, 116, 160, 3, 68, 169, 131, 68, 73, 190, 65, 42, 185, 84, 48, 172, 63, 78, 68, 254, 249, 141, 0, 133, 84, 196, 151, 7, 65, 206, 61, 238, 121, 57, 214, 81, 252, 136, 152, 104, 41, 174, 29, 27, 111, 164, 94, 187, 89, 192, 65, 95, 0, 93, 104, 113, 137, 137, 27, 128, 189, 144, 36, 82, 38, 122, 163, 31, 200, 239, 157, 197, 97, 193, 176, 2, 47, 230, 108, 167, 242, 116, 96, 50, 101, 172, 250, 244, 45, 172, 89, 160, 39, 88, 155, 221, 112, 69, 55, 202, 150, 77, 245, 74, 62, 240, 8, 28, 233, 83, 90, 49, 95, 227, 215, 58, 52, 102, 129, 239, 12, 107, 125, 228, 222, 84, 181, 51, 68, 81, 135, 166, 248, 201, 105, 99, 87, 200, 30, 28, 156, 119, 208, 209, 108, 210, 195, 1, 213, 175, 153, 223, 103, 23, 178, 20, 108, 150, 187, 65, 28, 126, 9, 181, 63, 85, 166, 30, 52, 243, 9, 41, 192, 145, 141, 102, 5, 135, 213, 32, 83, 58, 217, 224, 218, 140, 108, 165, 232, 168, 44, 85, 198, 78, 239, 65, 135, 250, 76, 137, 210, 145, 73, 5, 207, 215, 28, 48, 200, 122, 203, 13, 193, 238, 208, 204, 124, 182, 130, 92, 7, 201, 164, 158, 206, 83, 153, 129, 10, 173, 93, 106, 239, 64, 214, 45, 35, 245, 230, 53, 11, 102, 12, 146, 172, 74, 63, 89, 170, 20, 242, 129, 243, 155, 196, 5, 9, 135, 135, 59, 170, 48, 63, 152, 185, 204, 103, 48, 23, 14, 85, 235, 219, 10, 182, 133, 73, 155, 130, 192, 67, 242, 159, 102, 204, 55, 197, 64, 45, 187, 134, 232, 104, 149, 94, 197, 246, 154, 28, 1, 246, 133, 48, 122, 178, 209, 174, 106, 84, 226, 97, 26, 94, 216, 229, 244, 48, 204, 222, 178, 27, 176, 155, 115, 109, 117, 53, 232, 160, 53, 152, 11, 39, 146, 18, 36, 216, 250, 170, 13, 208, 161, 131, 128, 131, 119, 31, 241, 251, 232, 9, 77, 230, 232, 8, 185, 144, 135, 136, 67, 171, 135, 195, 13, 120, 126, 29, 140, 250, 61, 175, 99, 2, 99, 249, 187, 254, 56, 114, 188, 97, 17, 203, 101, 233, 54, 68, 174, 202, 109, 93, 51, 199, 233, 132, 0, 69, 103, 195, 142, 200, 254, 74, 127, 102, 255, 3, 55, 80, 82, 196, 49, 130, 166, 108, 124, 140, 240, 184, 107, 108, 56, 251, 87, 207, 192, 242, 39, 224, 3, 237, 6, 87, 44, 40, 175, 237, 133, 225, 165, 163, 181, 57, 211, 233, 87, 177, 183, 2, 156, 50, 102, 89, 162, 13, 137, 212, 249, 210, 11, 32, 117, 46, 209, 207, 158, 7, 176, 184, 242, 59, 125, 122, 77, 30, 253, 60, 86, 96, 193, 18, 160, 105, 251, 48, 166, 55, 204, 164, 130, 56, 45, 204, 83, 142, 204, 142, 17, 223, 192, 141, 197, 90, 242, 35, 149, 248, 183, 254, 84, 199, 101, 202, 97, 116, 123, 239, 200, 146, 160, 183, 28, 27, 47, 86, 67, 216, 141, 56, 196, 17, 121, 131, 165, 12, 167, 16, 29, 46, 119, 81, 82, 207, 180, 31, 101, 70, 38, 214, 226, 123, 191, 144, 241, 96, 36, 62, 203, 2, 45, 20, 101, 209, 199, 92, 58, 8, 69, 4, 209, 99, 229, 17, 183, 113, 199, 139, 109, 63, 81, 30, 109, 216, 155, 174, 34, 189, 20, 71, 92, 153, 252, 63, 134, 3, 247, 164, 35, 236, 100, 146, 133, 118, 24, 201, 1, 58, 247, 81, 54, 197, 149, 198, 76, 119, 132, 223, 45, 83, 19, 142, 80, 65, 187, 193, 221, 22, 11, 185, 211, 109, 209, 37, 146, 122, 123, 243, 204, 242, 195, 92, 8, 227, 65, 75, 144, 210, 241, 51, 247, 138, 19, 82, 221, 15, 42, 214, 12, 176, 18, 166, 113, 12, 194, 253, 87, 139, 29, 252, 133, 126, 119, 114, 111, 112, 23, 82, 0, 236, 165, 216, 94, 246, 3, 199, 224, 95, 209, 12, 13, 208, 96, 132, 22, 217, 145, 237, 81, 204, 37, 183, 214, 40, 43, 25, 111, 113, 111, 16, 60, 78, 60, 69, 6, 143, 10, 209, 7, 143, 62, 252, 222, 212, 197, 250, 203, 189, 168, 125, 85, 169, 47, 154, 18, 147, 50, 128, 23, 186, 214, 40, 230, 89, 236, 24, 164, 196, 25, 251, 68, 123, 85, 176, 177, 152, 105, 162, 73, 222, 162, 47, 177, 204, 119, 47, 219, 237, 168, 55, 212, 161, 6, 2, 45, 4, 103, 69, 171, 196, 24, 254, 65, 47, 74, 243, 91, 125, 60, 94, 30, 253, 152, 215, 3, 233, 125, 1, 18, 145, 144, 241, 221, 176, 113, 112, 50, 93, 189, 246, 234, 209, 44, 11, 239, 140, 211, 30, 61, 40, 124, 8, 206, 125, 162, 125, 172, 232, 64, 6, 38, 92, 100, 70, 108, 14, 63, 56, 173, 15, 101, 133, 39, 163, 10, 172, 93, 77, 117, 250, 88, 152, 112, 109, 241, 80, 78, 201, 249, 47, 191, 163, 47, 68, 35, 220, 5, 220, 210, 154, 63, 227, 181, 249, 160, 217, 4, 253, 38, 24, 136, 106, 42, 149, 100, 123, 135, 103, 214, 237, 20, 0, 165, 222, 165, 246, 229, 212, 1, 42, 135, 40, 121, 176, 155, 2, 209, 193, 41, 133, 97, 167, 16, 221, 232, 182, 33, 8, 235, 130, 229, 27, 255, 164, 95, 97, 82, 253, 39, 4, 179, 32, 207, 240, 20, 159, 248, 45, 40, 240, 14, 107, 162, 47, 39, 58, 161, 50, 216, 207, 239, 98, 9, 72, 141, 41, 135, 219, 242, 171, 169, 176, 195, 200, 235, 229, 122, 15, 203, 36, 209, 246, 26, 197, 146, 224, 253, 32, 236, 12, 80, 142, 157, 72, 89, 242, 76, 229, 150, 181, 180, 42, 255, 222, 245, 91, 187, 247, 165, 152, 90, 64, 97, 181, 20, 26, 206, 232, 32, 39, 255, 47, 245, 191, 172, 16, 127, 13, 66, 206, 37, 200, 243, 8, 105, 131, 177, 136, 49, 107, 120, 180, 117, 248, 14, 52, 33, 139, 116, 169, 63, 187, 21, 212, 127, 92, 141, 96, 94, 96, 109, 251, 28, 195, 9, 197, 36, 14, 170, 24, 152, 179, 121, 24, 110, 85, 70, 58, 33, 242, 129, 219, 64, 18, 113, 106, 211, 144, 85, 83, 187, 253, 209, 153, 40, 230, 142, 149, 90, 159, 179, 37, 181, 173, 136, 172, 15, 251, 235, 100, 32, 102, 136, 203, 184, 47, 145, 255, 74, 147, 187, 255, 26, 175, 30, 229, 10, 145, 252, 31, 25, 145, 248, 20, 87, 13, 68, 165, 197, 174, 161, 232, 44, 208, 47, 186, 141, 8, 110, 132, 199, 70, 54, 53, 221, 40, 59, 13, 216, 96, 77, 175, 143, 39, 46, 219, 127, 93, 142, 255, 52, 88, 47, 72, 20, 198, 205, 34, 74, 80, 204, 41, 18, 65, 247, 5, 239, 66, 162, 252, 119, 115, 137, 120, 24, 246, 194, 131, 72, 61, 163, 103, 229, 121, 221, 108, 17, 61, 114, 41, 255, 212, 225, 69, 105, 34, 141, 163, 155, 88, 59, 98, 224, 134, 106, 84, 90, 232, 178, 77, 31, 28, 80, 163, 212, 17, 111, 23, 32, 10, 119, 110, 63, 154, 60, 63, 115, 172, 254, 102, 11, 3, 140, 50, 144, 185, 226, 167, 114, 215, 9, 216, 55, 58, 53, 133, 148, 69, 86, 1, 24, 18, 143, 13, 145, 101, 217, 243, 151, 165, 187, 92, 204, 89, 129, 27, 15, 170, 196, 41, 161, 188, 177, 117, 33, 187, 238, 22, 90, 55, 10, 37, 31, 7, 59, 138, 165, 197, 13, 26, 153, 19, 237, 60, 122, 50, 175, 101, 102, 80, 172, 146, 132, 22, 53, 63, 93, 138, 167, 178, 204, 30, 93, 9, 0, 1, 21, 104, 32, 148, 177, 59, 32, 215, 191, 147, 10, 87, 195, 137, 25, 244, 91, 123, 152, 239, 89, 146, 219, 114, 108, 68, 38, 48, 237, 146, 18, 201, 194, 0, 20, 15, 81, 229, 14, 70, 29, 114, 44, 84, 100, 230, 161, 104, 84, 96, 110, 218, 102, 4, 151, 240, 3, 105, 140, 32, 148, 189, 25, 179, 117, 9, 66, 19, 73, 173, 171, 118, 189, 200, 4, 94, 234, 72, 131, 167, 181, 24, 120, 196, 2, 41, 245, 58, 38, 159, 161, 226, 145, 69, 6, 184, 222, 7, 136, 129, 31, 114, 159, 204, 64, 66, 158, 5, 111, 90, 67, 254, 10, 42, 232, 126, 57, 70, 56, 70, 98, 176, 31, 119, 167, 91, 39, 143, 69, 76, 7, 152, 135, 111, 252, 64, 203, 233, 251, 202, 240, 99, 226, 126, 120, 118, 226, 244, 5, 27, 28, 51, 255, 149, 186, 77, 161, 6, 28, 18, 113, 237, 3, 5, 142, 100, 157, 18, 64, 78, 208, 157, 179, 78, 137, 249, 127, 49, 99, 173, 102, 46, 50, 89, 178, 137, 77, 141, 215, 50, 0, 155, 90, 53, 112, 48, 11, 11, 37, 202, 232, 74, 41, 216, 9, 65, 209, 13, 159, 202, 186, 174, 202, 17, 38, 82, 12, 143, 248, 112, 174, 142, 5, 177, 134, 112, 18, 100, 110, 225, 206, 175, 188, 110, 171, 247, 102, 17, 77, 27, 120, 4, 212, 251, 201, 7, 254, 165, 221, 127, 20, 200, 221, 34, 21, 220, 221, 204, 208, 42, 34, 235, 169, 111, 77, 1, 10, 79, 149, 171, 7, 80, 75, 104, 114, 191, 165, 42, 128, 62, 240, 195, 227, 50, 146, 44, 42, 57, 192, 163, 17, 240, 82, 134, 200, 119, 85, 1, 1, 184, 84, 119, 8, 154, 30, 99, 205, 182, 194, 53, 125, 76, 132, 52, 239, 141, 76, 26, 0, 135, 252, 146, 245, 223, 114, 105, 86, 115, 248, 38, 85, 71, 1, 210, 183, 106, 44, 218, 92, 192, 14, 171, 249, 164, 91, 244, 26, 222, 21, 136, 22, 201, 60, 114, 68, 19, 137, 84, 33, 208, 18, 211, 104, 89, 35, 64, 21, 208, 115, 188, 31, 139, 83, 11, 52, 215, 141, 37, 80, 119, 19, 139, 46, 229, 4, 191, 140, 61, 177, 115, 33, 137, 106, 187, 40, 43, 162, 0, 188, 56, 160, 133, 132, 173, 51, 3, 161, 238, 121, 254, 241, 3, 108, 115, 9, 245, 5, 119, 32, 90, 40, 80, 40, 89, 2, 120, 206, 108, 214, 12, 37, 3, 92, 97, 188, 179, 216, 135, 238, 114, 157, 254, 77, 129, 155, 15, 30, 147, 247, 118, 35, 35, 66, 173, 203, 19, 165, 217, 40, 84, 7, 142, 217, 195, 15, 80, 115, 252, 5, 218, 138, 249, 250, 132, 224, 168, 91, 229, 46, 85, 81, 22, 153, 156, 103, 99, 198, 190, 199, 204, 229, 3, 83, 126, 220, 226, 136, 75, 82, 92, 49, 237, 222, 59, 41, 21, 124, 27, 183, 95, 12, 81, 65, 63, 208, 47, 175, 4, 24, 151, 21, 104, 249, 254, 31, 111, 45, 83, 229, 140, 245, 227, 169, 53, 143, 223, 134, 66, 236, 75, 140, 232, 27, 40, 50, 148, 224, 255, 63, 134, 206, 51, 244, 73, 10, 92, 152, 13, 95, 91, 214, 194, 7, 152, 178, 45, 231, 115, 14, 204, 238, 3, 120, 162, 32, 170, 174, 120, 235, 188, 119, 14, 178, 176, 203, 206, 206, 221, 153, 244, 250, 19, 228, 161, 121, 185, 251, 194, 238, 149, 63, 144, 14, 149, 229, 243, 41, 180, 21, 222, 102, 125, 228, 160, 20, 239, 33, 95, 58, 166, 212, 151, 78, 9, 255, 118, 252, 218, 4, 67, 38, 79, 25, 73, 33, 229, 123, 116, 35, 153, 45, 152, 228, 251, 53, 198, 80, 64, 25, 54, 235, 32, 253, 181, 193, 89, 130, 190, 183, 253, 243, 199, 143, 175, 19, 112, 79, 81, 43, 62, 8, 184, 178, 7, 151, 97, 208, 167, 245, 170, 210, 114, 51, 135, 157, 30, 58, 57, 186, 105, 153, 16, 132, 185, 246, 79, 195, 92, 142, 187, 56, 166, 13, 67, 90, 208, 92, 91, 155, 120, 137, 215, 255, 7, 107, 209, 176, 82, 63, 35, 151, 83, 167, 84, 77, 244, 109, 188, 100, 176, 141, 78, 153, 115, 21, 36, 34, 177, 185, 10, 8, 74, 85, 224, 112, 120, 110, 63, 91, 132, 131, 134, 200, 255, 110, 179, 77, 217, 252, 3, 7, 232, 145, 13, 66, 193, 47, 42, 255, 140, 48, 156, 156, 251, 60, 172, 179, 255, 117, 114, 54, 33, 246, 185, 138, 131, 163, 59, 125, 54, 50, 14, 124, 246, 149, 46, 93, 5, 33, 6, 6, 86, 125, 39, 47, 215, 98, 64, 232, 219, 168, 159, 87, 186, 121, 246, 201, 63, 231, 65, 108, 77, 72, 75, 189, 216, 164, 147, 216, 195, 27, 243, 116, 81, 41, 191, 33, 85, 189, 95, 108, 199, 224, 37, 122, 217, 233, 35, 85, 138, 195, 17, 196, 131, 193, 38, 152, 23, 95, 21, 76, 176, 13, 46, 186, 238, 214, 172, 78, 14, 138, 118, 151, 109, 2, 101, 36, 210, 76, 54, 203, 20, 128, 139, 24, 112, 232, 10, 85, 7, 244, 159, 241, 164, 33, 92, 200, 54, 175, 203, 211, 42, 155, 215, 84, 138, 7, 207, 154, 131, 253, 222, 191, 212, 129, 201, 200, 173, 166, 248, 33, 43, 32, 56, 139, 69, 26, 34, 72, 91, 158, 18, 198, 103, 113, 38, 29, 185, 109, 46, 35, 254, 124, 69, 181, 200, 2, 28, 104, 212, 223, 146, 224, 41, 106, 212, 33, 130, 8, 218, 74, 11, 151, 188, 204, 105, 179, 99, 221, 235, 209, 165, 77, 203, 3, 38, 225, 44, 56, 138, 74, 227, 213, 109, 168, 111, 190, 69, 249, 65, 26, 61, 121, 242, 175, 75, 123, 227, 123, 149, 114, 47, 7, 251, 83, 192, 121, 96, 17, 96, 209, 173, 136, 31, 90, 220, 133, 173, 145, 205, 97, 26, 16, 248, 187, 47, 88, 186, 245, 93, 55, 244, 29, 55, 120, 36, 83, 26, 91, 59, 129, 111, 92, 193, 215, 107, 100, 254, 187, 1, 2, 191, 25, 57, 13, 215, 172, 252, 243, 121, 237, 26, 54, 36, 123, 85, 38, 246, 228, 152, 54, 238, 26, 59, 149, 91, 149, 11, 32, 3, 214, 254, 112, 232, 58, 209, 10, 146, 52, 3, 109, 213, 35, 211, 207, 195, 139, 162, 81, 161, 241, 197, 50, 6, 3, 220, 11, 236, 220, 179, 78, 60, 152, 244, 135, 53, 129, 143, 20, 23, 233, 193, 157, 30, 239, 35, 23, 230, 14, 239, 67, 8, 9, 45, 190, 189, 168, 52, 22, 48, 61, 102, 51, 136, 203, 93, 82, 30, 194, 166, 4, 145, 230, 207, 87, 155, 220, 45, 9, 84, 96, 80, 182, 82, 18, 136, 209, 13, 146, 113, 134, 165, 114, 144, 91, 117, 6, 209, 64, 48, 35, 33, 14, 125, 0, 50, 211, 65, 234, 63, 215, 190, 204, 63, 39, 49, 19, 198, 213, 247, 69, 235, 169, 116, 20, 186, 16, 192, 107, 207, 127, 100, 139, 135, 21, 185, 92, 68, 121, 25, 90, 120, 242, 135, 55, 128, 214, 71, 38, 214, 7, 165, 177, 162, 49, 37, 111, 193, 166, 246, 184, 146, 28, 7, 119, 47, 1, 143, 193, 162, 10, 169, 71, 22, 224, 183, 136, 38, 228, 81, 198, 116, 151, 74, 99, 13, 49, 218, 69, 50, 227, 11, 17, 244, 104, 14, 56, 214, 27, 144, 142, 112, 94, 221, 149, 86, 2, 220, 10, 104, 77, 228, 11, 127, 81, 237, 160, 63, 198, 236, 122, 131, 33, 23, 162, 235, 236, 96, 201, 195, 29, 129, 191, 164, 146, 155, 132, 167, 65, 223, 132, 133, 237, 6, 27, 109, 96, 17, 103, 39, 9, 4, 136, 21, 59, 29, 16, 36, 83, 78, 191, 109, 36, 110, 227, 160, 169, 131, 87, 243, 244, 93, 148, 123, 221, 106, 105, 236, 167, 193, 188, 23, 13, 238, 89, 128, 145, 160, 151, 1, 253, 49, 170, 164, 35, 113, 18, 77, 139, 20, 192, 109, 13, 107, 176, 218, 2, 83, 136, 165, 38, 77, 216, 163, 36, 200, 211, 69, 239, 145, 83, 28, 167, 102, 167, 232, 32, 172, 102, 91, 168, 119, 189, 64, 80, 61, 187, 249, 168, 98, 7, 57, 193, 130, 180, 5, 230, 227, 86, 21, 226, 41, 224, 142, 72, 192, 231, 189, 20, 160, 165, 123, 254, 79, 39, 79, 73, 36, 100, 43, 42, 238, 210, 146, 207, 181, 148, 36, 246, 60, 41, 94, 166, 15, 230, 106, 34, 9, 234, 192, 30, 224, 90, 7, 51, 136, 89, 95, 4, 235, 208, 178, 68, 171, 169, 50, 74, 228, 82, 195, 101, 114, 57, 220, 160, 94, 170, 128, 24, 90, 113, 206, 11, 29, 233, 4, 24, 200, 20, 58, 54, 145, 36, 146, 146, 81, 242, 47, 109, 41, 190, 89, 68, 92, 74, 172, 89, 68, 105, 251, 148, 92, 111, 231, 38, 44, 76, 158, 10, 155, 66, 150, 166, 11, 109, 163, 23, 203, 178, 39, 177, 118, 53, 239, 88, 28, 205, 164, 170, 129, 161, 207, 88, 60, 201, 169, 17, 160, 225, 174, 108, 47, 27, 126, 92, 202, 210, 47, 109, 234, 204, 185, 239, 243, 231, 178, 42, 84, 229, 144, 153, 95, 79, 3, 250, 31, 226, 137, 48, 1, 89, 143, 221, 140, 252, 199, 136, 204, 78, 82, 195, 48, 137, 171, 28, 63, 227, 92, 215, 126, 142, 30, 1, 112, 0, 71, 37, 74, 221, 169, 47, 80, 158, 82, 110, 51, 108, 203, 103, 191, 136, 180, 13, 184, 206, 219, 117, 24, 202, 65, 106, 87, 245, 195, 196, 145, 55, 5, 188, 19, 56, 243, 13, 230, 213, 175, 206, 46, 20, 147, 115, 38, 92, 123, 21, 154, 238, 98, 45, 198, 176, 68, 190, 158, 55, 186, 252, 241, 7, 235, 18, 136, 247, 185, 10, 41, 171, 89, 219, 244, 205, 27, 36, 225, 119, 115, 175, 247, 124, 181, 15, 57, 206, 241, 203, 17, 99, 134, 162, 166, 115, 39, 15, 186, 155, 62, 40, 203, 182, 142, 61, 190, 230, 166, 217, 129, 147, 128, 38, 74, 220, 179, 128, 182, 34, 154, 215, 137, 176, 92, 214, 187, 52, 65, 48, 154, 80, 72, 17, 43, 30, 54, 0, 232, 207, 4, 225, 100, 60, 91, 187, 168, 205, 23, 183, 222, 240, 121, 30, 36, 182, 251, 30, 51, 77, 235, 4, 76, 1, 242, 44, 27, 90, 146, 15, 223, 248, 98, 224, 73, 252, 118, 44, 82, 1, 17, 128, 67, 147, 79, 16, 116, 0, 225, 73, 32, 173, 92, 188, 97, 138, 21, 37, 248, 164, 246, 166, 5, 21, 103, 92, 209, 204, 162, 205, 208, 129, 172, 134, 186, 176, 242, 138, 43, 74, 110, 172, 51, 208, 44, 69, 43, 100, 111, 5, 89, 71, 219, 143, 121, 99, 76, 251, 72, 164, 17, 2, 204, 66, 232, 87, 56, 73, 92, 142, 238, 163, 132, 104, 84, 1, 252, 60, 139, 140, 143, 36, 5, 249, 111, 148, 126, 101, 143, 136, 156, 51, 25, 204, 208, 34, 107, 82, 211, 144, 118, 209, 192, 149, 34, 72, 111, 164, 122, 39, 22, 76, 105, 16, 112, 79, 172, 231, 181, 34, 190, 160, 95, 14, 152, 148, 196, 254, 90, 179, 251, 205, 239, 135, 242, 33, 2, 3, 158, 15, 102, 215, 3, 142, 21, 7, 187, 253, 14, 94, 142, 48, 160, 91, 133, 167, 32, 53, 17, 158, 137, 192, 19, 101, 63, 193, 253, 63, 1, 56, 215, 60, 33, 137, 192, 199, 205, 9, 82, 218, 141, 104, 76, 39, 106, 95, 19, 92, 38, 10, 61, 7, 23, 150, 185, 231, 229, 88, 228, 196, 128, 30, 252, 205, 60, 109, 241, 152, 48, 5, 72, 95, 66, 95, 54, 123, 146, 224, 84, 142, 67, 118, 56, 12, 242, 164, 54, 221, 92, 108, 112, 146, 195, 119, 244, 2, 79, 160, 238, 241, 176, 47, 72, 21, 13, 184, 202, 242, 246, 29, 57, 7, 78, 206, 48, 2, 108, 4, 102, 33, 164, 144, 182, 55, 66, 50, 195, 68, 238, 69, 247, 161, 155, 31, 42, 238, 26, 120, 115, 187, 148, 144, 134, 214, 34, 61, 105, 140, 176, 235, 204, 241, 89, 14, 147, 231, 210, 249, 194, 112, 87, 228, 169, 28, 238, 28, 161, 80, 71, 209, 57, 222, 71, 134, 21, 2, 138, 42, 189, 179, 21, 167, 29, 167, 1, 18, 145, 64, 188, 79, 67, 27, 210, 41, 253, 25, 156, 6, 68, 169, 96, 104, 6, 160, 193, 111, 84, 108, 122, 36, 184, 38, 98, 150, 100, 254, 95, 176, 127, 115, 72, 5, 39, 225, 105, 65, 156, 40, 253, 28, 122, 160, 86, 195, 155, 220, 208, 5, 229, 106, 158, 111, 197, 47, 215, 35, 20, 22, 43, 167, 200, 243, 56, 18, 170, 118, 103, 64, 4, 104, 172, 33, 198, 37, 68, 221, 162, 237, 99, 171, 151, 163, 207, 95, 202, 133, 104, 243, 62, 192, 239, 180, 83, 98, 95, 87, 125, 60, 152, 234, 234, 111, 213, 20, 184, 204, 140, 162, 251, 0, 59, 135, 17, 143, 143, 83, 53, 130, 207, 215, 149, 16, 8, 11, 173, 135, 165, 163, 109, 134, 191, 140, 17, 78, 209, 5, 24, 227, 173, 143, 156, 187, 126, 140, 82, 185, 25, 212, 138, 101, 188, 172, 249, 33, 164, 185, 225, 31, 197, 161, 130, 223, 103, 150, 117, 55, 217, 31, 34, 185, 51, 123, 42, 176, 13, 220, 96, 210, 150, 79, 54, 244, 221, 229, 115, 195, 221, 40, 157, 24, 176, 109, 18, 110, 36, 255, 86, 220, 172, 28, 158, 195, 246, 161, 145, 23, 207, 82, 38, 96, 227, 188, 53, 11, 45, 241, 160, 186, 163, 248, 151, 198, 211, 118, 119, 58, 99, 153, 13, 145, 128, 40, 69, 34, 74, 71, 150, 252, 183, 231, 24, 82, 173, 108, 44, 54, 8, 127, 67, 68, 58, 133, 0, 229, 92, 181, 160, 188, 250, 232, 213, 177, 139, 39, 148, 181, 35, 146, 149, 205, 194, 15, 124, 169, 131, 110, 121, 179, 108, 53, 85, 133, 163, 34, 70, 162, 233, 83, 188, 70, 26, 49, 77, 180, 72, 19, 239, 32, 227, 112, 59, 43, 130, 77, 186, 150, 12, 183, 129, 49, 76, 214, 26, 176, 116, 249, 214, 97, 173, 83, 88, 236, 175, 10, 100, 44, 115, 1, 50, 190, 70, 3, 106, 55, 217, 153, 189, 222, 254, 20, 33, 248, 245, 33, 162, 98, 93, 49, 225, 121, 110, 81, 206, 37, 20, 239, 108, 146, 51, 10, 160, 55, 1, 87, 214, 191, 27, 197, 28, 32, 65, 186, 104, 45, 14, 211, 191, 73, 170, 176, 163, 67, 219, 175, 54, 132, 153, 55, 57, 150, 0, 9, 91, 186, 181, 33, 74, 55, 39, 14, 85, 122, 180, 231, 210, 202, 94, 62, 137, 252, 5, 6, 183, 77, 63, 193, 69, 195, 97, 155, 95, 251, 166, 28, 198, 73, 100, 53, 104, 68, 235, 195, 234, 185, 167, 41, 240, 153, 229, 146, 210, 23, 134, 157, 239, 253, 247, 11, 58, 81, 129, 102, 190, 58, 104, 0, 109, 28, 164, 172, 82, 47, 221, 70, 105, 181, 115, 71, 179, 65, 210, 255, 160, 161, 167, 245, 97, 203, 0, 20, 62, 58, 130, 44, 140, 63, 57, 38, 46, 181, 179, 16, 106, 104, 172, 207, 165, 246, 108, 35, 2, 209, 251, 217, 244, 128, 150, 235, 97, 203, 89, 227, 51, 13, 121, 108, 92, 16, 204, 35, 255, 182, 111, 165, 108, 39, 205, 32, 217, 48, 0, 161, 177, 74, 87, 11, 250, 54, 9, 178, 85, 73, 136, 204, 241, 186, 216, 40, 251, 10, 143, 36, 44, 43, 197, 103, 33, 19, 104, 144, 143, 120, 178, 158, 73, 153, 186, 87, 178, 157, 158, 116, 127, 26, 165, 178, 249, 187, 89, 190, 232, 242, 236, 6, 35, 105, 69, 155, 3, 142, 140, 101, 7, 15, 233, 62, 61, 95, 216, 135, 134, 29, 79, 210, 147, 165, 203, 89, 17, 161, 34, 141, 65, 117, 85, 41, 65, 156, 141, 162, 88, 135, 185, 54, 78, 106, 130, 5, 214, 157, 2, 41, 7, 189, 149, 181, 103, 239, 32, 242, 23, 7, 243, 33, 135, 92, 204, 13, 133, 9, 228, 50, 182, 218, 28, 166, 76, 205, 236, 45, 226, 84, 196, 171, 234, 149, 136, 196, 61, 160, 197, 187, 16, 97, 208, 37, 55, 168, 99, 39, 95, 211, 104, 248, 173, 230, 90, 159, 141, 82, 162, 236, 83, 89, 206, 155, 129, 79, 136, 56, 225, 28, 11, 111, 21, 82, 16, 32, 249, 18, 78, 31, 102, 139, 108, 216, 110, 39, 50, 22, 244, 146, 24, 88, 72, 126, 73, 133, 255, 126, 253, 181, 192, 243, 255, 31, 64, 85, 114, 98, 27, 36, 40, 11, 117, 104, 8, 120, 231, 146, 100, 88, 220, 118, 233, 195, 225, 130, 240, 89, 147, 104, 93, 156, 71, 95, 44, 99, 56, 227, 26, 128, 182, 248, 90, 6, 53, 3, 79, 211, 149, 183, 117, 103, 152, 185, 201, 19, 221, 20, 106, 62, 220, 247, 109, 44, 100, 52, 254, 43, 81, 123, 52, 159, 171, 79, 143, 5, 118, 213, 12, 192, 30, 243, 113, 78, 23, 196, 194, 15, 94, 171, 31, 145, 137, 61, 17, 112, 219, 228, 183, 238, 17, 54, 18, 149, 153, 84, 99, 45, 52, 60, 205, 159, 122, 229, 94, 101, 138, 166, 4, 228, 207, 112, 70, 187, 52, 138, 127, 215, 108, 130, 196, 116, 249, 18, 240, 10, 213, 228, 244, 40, 68, 60, 162, 237, 149, 14, 23, 190, 103, 84, 51, 243, 155, 152, 115, 43, 238, 3, 113, 67, 81, 56, 128, 6, 94, 146, 18, 202, 42, 192, 172, 47, 240, 72, 223, 80, 160, 124, 12, 208, 230, 35, 151, 74, 37, 160, 224, 201, 192, 245, 167, 176, 116, 153, 18, 107, 94, 94, 156, 119, 48, 134, 147, 0, 156, 251, 99, 97, 146, 211, 120, 63, 32, 98, 134, 176, 196, 9, 68, 167, 154, 154, 239, 217, 255, 100, 95, 4, 219, 9, 158, 178, 62, 174, 236, 37, 48, 184, 120, 82, 79, 142, 106, 73, 74, 253, 0, 199, 70, 40, 114, 4, 6, 80, 9, 159, 74, 210, 77, 145, 222, 232, 41, 210, 48, 74, 245, 5, 164, 37, 123, 175, 146, 157, 168, 146, 47, 180, 190, 42, 228, 169, 151, 217, 43, 159, 237, 182, 85, 244, 109, 31, 134, 238, 165, 125, 157, 93, 171, 48, 9, 216, 122, 129, 51, 183, 239, 225, 59, 251, 253, 129, 58, 44, 193, 48, 50, 157, 121, 105, 189, 41, 111, 122, 120, 227, 88, 71, 58, 159, 162, 45, 236, 35, 142, 38, 233, 130, 69, 99, 74, 231, 105, 20, 108, 67, 134, 142, 231, 71, 22, 223, 24, 114, 22, 208, 34, 253, 121, 159, 73, 203, 217, 44, 142, 226, 150, 174, 160, 246, 233, 218, 4, 181, 235, 235, 3, 155, 128, 171, 43, 173, 106, 173, 243, 75, 131, 185, 137, 52, 6, 65, 101, 98, 255, 31, 16, 70, 88, 8, 107, 78, 120, 11, 14, 233, 95, 41, 20, 44, 216, 135, 193, 173, 16, 65, 143, 55, 118, 52, 226, 5, 241, 35, 162, 53, 255, 16, 84, 162, 58, 153, 40, 52, 75, 84, 206, 137, 122, 13, 106, 125, 37, 83, 13, 68, 254, 163, 85, 88, 38, 124, 148, 3, 223, 80, 212, 7, 49, 19, 16, 210, 4, 82, 60, 209, 127, 39, 134, 61, 249, 224, 118, 133, 32, 112, 179, 81, 129, 117, 74, 48, 83, 39, 70, 87, 130, 235, 43, 109, 42, 12, 237, 155, 223, 71, 174, 222, 101, 160, 212, 228, 163, 224, 118, 209, 205, 216, 54, 201, 24, 230, 106, 107, 140, 6, 112, 163, 225, 83, 128, 243, 147, 39, 43, 54, 92, 202, 195, 22, 204, 30, 161, 25, 217, 160, 199, 142, 187, 21, 136, 234, 47, 142, 23, 37, 32, 5, 134, 175, 226, 117, 148, 178, 56, 14, 111, 109, 189, 221, 235, 142, 173, 5, 125, 96, 143, 19, 159, 223, 193, 84, 217, 129, 80, 178, 254, 183, 148, 185, 2, 21, 65, 235, 116, 36, 157, 12, 195, 204, 163, 113, 182, 220, 52, 129, 122, 178, 134, 222, 174, 38, 106, 46, 147, 254, 17, 109, 103, 68, 146, 255, 201, 115, 169, 141, 176, 233, 113, 10, 143, 172, 186, 217, 130, 127, 128, 32, 172, 175, 202, 102, 194, 240, 2, 19, 144, 99, 121, 226, 63, 16, 79, 61, 128, 32, 224, 195, 6, 228, 65, 25, 98, 206, 174, 51, 179, 245, 150, 31, 105, 44, 186, 118, 44, 224, 138, 180, 206, 30, 242, 149, 128, 228, 200, 23, 193, 91, 249, 104, 224, 131, 24, 29, 200, 252, 148, 150, 5, 253, 173, 79, 248, 151, 154, 122, 166, 162, 229, 114, 143, 209, 30, 62, 149, 203, 197, 166, 225, 198, 194, 164, 48, 180, 22, 20, 28, 85, 21, 50, 189, 21, 127, 15, 7, 246, 156, 114, 166, 241, 162, 117, 247, 107, 226, 40, 153, 213, 0, 56, 58, 245, 164, 205, 138, 46, 107, 43, 225, 71, 172, 216, 1, 207, 23, 7, 161, 46, 19, 41, 205, 252, 209, 153, 141, 81, 231, 242, 217, 234, 111, 239, 234, 175, 134, 177, 71, 54, 205, 22, 1, 113, 137, 148, 30, 36, 41, 128, 219, 172, 120, 132, 206, 99, 160, 230, 235, 149, 137, 223, 17, 89, 8, 154, 140, 159, 17, 131, 166, 119, 198, 40, 215, 168, 16, 248, 154, 195, 81, 142, 47, 164, 41, 85, 32, 5, 7, 34, 102, 219, 60, 93, 57, 174, 108, 52, 168, 154, 34, 218, 129, 171, 222, 16, 250, 220, 70, 217, 37, 119, 201, 183, 70, 105, 82, 11, 0, 8, 186, 212, 222, 83, 24, 4, 60, 137, 134, 121, 174, 103, 134, 195, 115, 52, 53, 9, 251, 54, 90, 154, 230, 51, 124, 1, 254, 3, 139, 169, 249, 250, 172, 181, 166, 175, 219, 1, 207, 94, 213, 26, 163, 31, 90, 248, 74, 147, 176, 18, 125, 255, 57, 59, 161, 21, 231, 54, 114, 154, 24, 8, 181, 38, 114, 235, 213, 62, 40, 10, 75, 106, 143, 97, 210, 137, 23, 2, 50, 44, 38, 3, 172, 161, 39, 21, 71, 37, 155, 140, 104, 25, 28, 133, 33, 47, 235, 36, 26, 183, 65, 49, 137, 178, 130, 16, 138, 23, 24, 254, 181, 148, 59, 9, 84, 97, 53, 98, 164, 97, 38, 68, 170, 33, 74, 216, 151, 30, 4, 0, 96, 104, 246, 106, 193, 196, 190, 67, 197, 12, 159, 96, 224, 12, 80, 27, 37, 184, 104, 113, 9, 110, 46, 93, 8, 111, 167, 200, 131, 172, 32, 66, 53, 28, 231, 200, 194, 23, 47, 79, 242, 229, 195, 65, 75, 157, 246, 14, 173, 69, 58, 224, 97, 238, 143, 90, 108, 181, 188, 158, 178, 217, 224, 183, 169, 28, 9, 71, 134, 106, 136, 160, 124, 192, 197, 121, 240, 192, 158, 7, 62, 157, 214, 108, 96, 166, 119, 102, 100, 134, 38, 136, 115, 245, 194, 171, 140, 156, 97, 166, 31, 100, 113, 238, 236, 85, 187, 47, 15, 56, 76, 20, 121, 166, 16, 218, 212, 244, 178, 183, 161, 112, 27, 64, 254, 252, 243, 84, 145, 80, 87, 143, 204, 74, 158, 180, 110, 215, 67, 89, 78, 101, 128, 21, 209, 28, 167, 115, 221, 164, 20, 4, 98, 182, 245, 35, 219, 206, 6, 213, 47, 47, 240, 115, 182, 207, 217, 81, 60, 48, 95, 22, 20, 155, 175, 42, 240, 187, 72, 135, 24, 45, 3, 153, 189, 197, 64, 73, 164, 174, 94, 162, 74, 9, 54, 13, 174, 18, 189, 185, 128, 98, 138, 2, 96, 98, 164, 5, 213, 38, 163, 111, 30, 126, 167, 251, 46, 90, 224, 211, 144, 177, 97, 4, 254, 98, 121, 137, 174, 88, 110, 33, 234, 122, 79, 106, 93, 120, 204, 17, 123, 45, 93, 214, 234, 137, 137, 62, 5, 188, 238, 20, 127, 127, 119, 82, 186, 66, 156, 189, 31, 205, 180, 206, 132, 181, 194, 230, 184, 27, 191, 33, 66, 49, 40, 234, 109, 101, 57, 243, 83, 143, 46, 143, 121, 41, 152, 136, 53, 5, 249, 185, 54, 145, 212, 139, 211, 240, 185, 213, 30, 33, 172, 15, 28, 64, 111, 213, 149, 25, 61, 175, 240, 151, 101, 143, 94, 231, 94, 130, 198, 213, 251, 59, 212, 215, 181, 120, 132, 41, 169, 219, 198, 40, 199, 40, 49, 131, 89, 28, 100, 176, 75, 111, 184, 39, 200, 224, 107, 136, 44, 156, 161, 50, 171, 20, 225, 153, 3, 250, 254, 232, 125, 18, 43, 30, 101, 4, 220, 144, 215, 138, 109, 155, 84, 1, 17, 3, 103, 207, 136, 237, 2, 248, 73, 230, 17, 153, 190, 75, 156, 199, 163, 193, 228, 152, 31, 237, 223, 4, 182, 137, 22, 143, 149, 229, 80, 72, 124, 121, 189, 133, 210, 189, 174, 2, 107, 10, 117, 184, 181, 71, 169, 233, 21, 129, 1, 254, 232, 92, 11, 47, 237, 164, 182, 212, 37, 138, 64, 149, 140, 10, 121, 6, 72, 229, 229, 6, 151, 231, 63, 108, 10, 216, 59, 66, 226, 120, 223, 46, 104, 126, 218, 0, 5, 200, 222, 106, 159, 10, 201, 116, 153, 231, 137, 58, 169, 222, 38, 235, 250, 47, 6, 164, 222, 226, 181, 165, 7, 140, 16, 10, 165, 54, 11, 8, 9, 28, 171, 119, 240, 2, 68, 78, 255, 98, 12, 86, 218, 59, 80, 164, 38, 59, 251, 8, 9, 36, 187, 170, 109, 170, 58, 253, 185, 189, 189, 10, 26, 24, 27, 126, 187, 142, 230, 208, 128, 18, 231, 70, 214, 128, 161, 6, 20, 244, 162, 208, 192, 145, 236, 17, 195, 19, 242, 234, 181, 122, 188, 46, 250, 82, 126, 66, 70, 56, 216, 251, 124, 23, 238, 10, 122, 61, 135, 152, 86, 191, 225, 103, 97, 11, 145, 246, 56, 93, 117, 110, 246, 161, 214, 25, 62, 135, 65, 14, 12, 239, 78, 142, 218, 146, 57, 62, 92, 137, 190, 76, 40, 234, 81, 28, 91, 87, 226, 135, 193, 142, 1, 36, 220, 207, 81, 32, 198, 171, 112, 15, 212, 197, 62, 87, 222, 113, 3, 158, 214, 60, 41, 61, 174, 27, 231, 243, 133, 207, 41, 21, 212, 83, 173, 26, 176, 195, 234, 35, 56, 108, 163, 238, 62, 141, 75, 246, 13, 47, 137, 20, 255, 174, 240, 195, 118, 130, 103, 183, 120, 86, 190, 166, 60, 139, 178, 49, 161, 95, 188, 14, 101, 164, 183, 129, 63, 208, 253, 137, 193, 160, 168, 108, 170, 201, 44, 142, 234, 25, 121, 15, 31, 187, 154, 113, 19, 46, 68, 37, 95, 79, 210, 15, 26, 247, 247, 29, 243, 136, 145, 99, 202, 90, 215, 123, 59, 96, 214, 219, 62, 90, 208, 184, 6, 20, 60, 118, 108, 0, 22, 50, 212, 228, 16, 30, 105, 107, 232, 179, 95, 100, 125, 199, 104, 223, 81, 102, 197, 227, 166, 187, 107, 252, 124, 35, 231, 5, 187, 56, 235, 93, 109, 42, 198, 210, 146, 12, 172, 26, 145, 220, 68, 40, 18, 2, 156, 196, 9, 12, 60, 114, 147, 51, 172, 109, 239, 255, 0, 23, 84, 151, 207, 171, 63, 57, 32, 215, 148, 0, 229, 162, 211, 72, 155, 112, 232, 221, 187, 81, 75, 41, 88, 244, 128, 112, 52, 250, 189, 19, 225, 211, 13, 95, 24, 111, 56, 56, 152, 13, 134, 36, 75, 59, 222, 159, 165, 37, 4, 7, 168, 118, 216, 170, 186, 206, 178, 29, 203, 215, 214, 132, 75, 183, 245, 170, 156, 73, 84, 72, 153, 94, 151, 4, 189, 46, 210, 96, 40, 183, 94, 214, 6, 207, 115, 236, 172, 149, 167, 51, 90, 168, 203, 149, 36, 151, 45, 206, 47, 70, 12, 71, 77, 4, 182, 19, 104, 126, 120, 111, 35, 45, 97, 43, 25, 53, 217, 70, 225, 18, 101, 182, 84, 100, 229, 102, 80, 212, 20, 253, 241, 0, 126, 83, 32, 255, 180, 5, 28, 246, 54, 254, 4, 170, 250, 224, 173, 4, 147, 61, 120, 90, 62, 248, 233, 6, 60, 44, 22, 176, 232, 72, 105, 17, 29, 179, 28, 142, 142, 47, 233, 148, 80, 24, 69, 147, 92, 109, 16, 170, 236, 193, 126, 187, 240, 92, 156, 114, 98, 192, 96, 15, 45, 181, 233, 122, 8, 12, 127, 123, 96, 38, 191, 154, 213, 71, 113, 75, 78, 165, 52, 250, 16, 184, 55, 80, 98, 165, 91, 174, 221, 51, 242, 128, 119, 193, 69, 142, 116, 241, 154, 201, 37, 25, 110, 106, 241, 105, 126, 186, 48, 178, 158, 162, 131, 179, 79, 124, 204, 123, 92, 129, 249, 125, 127, 215, 216, 98, 79, 140, 59, 11, 127, 24, 131, 34, 199, 56, 225, 199, 169, 59, 118, 228, 104, 175, 161, 125, 134, 216, 86, 214, 211, 163, 182, 102, 236, 67, 21, 247, 78, 93, 86, 201, 37, 128, 28, 38, 183, 234, 158, 58, 48, 189, 47, 20, 138, 172, 253, 121, 168, 13, 213, 139, 41, 236, 253, 248, 162, 124, 61, 180, 201, 211, 12, 26, 239, 124, 2, 3, 102, 8, 14, 97, 122, 103, 194, 65, 28, 220, 230, 241, 22, 189, 48, 13, 182, 154, 205, 87, 38, 255, 57, 159, 222, 197, 194, 88, 3, 218, 34, 3, 176, 5, 155, 150, 137, 106, 225, 83, 61, 99, 54, 80, 29, 79, 9, 252, 245, 114, 168, 13, 96, 10, 161, 154, 240, 242, 227, 207, 132, 13, 191, 43, 167, 151, 248, 156, 69, 192, 191, 23, 145, 73, 168, 120, 88, 103, 34, 195, 25, 227, 152, 52, 188, 62, 254, 165, 46, 106, 137, 0, 241, 128, 125, 42, 136, 103, 27, 243, 112, 201, 205, 44, 37, 55, 177, 200, 47, 103, 251, 68, 87, 113, 162, 172, 35, 159, 149, 235, 142, 241, 79, 192, 100, 181, 132, 42, 237, 91, 204, 119, 51, 206, 194, 123, 203, 104, 245, 102, 72, 220, 209, 21, 89, 113, 31, 151, 62, 114, 200, 66, 159, 244, 170, 18, 125, 245, 36, 21, 63, 12, 24, 7, 155, 251, 95, 114, 100, 42, 252, 177, 126, 227, 123, 225, 34, 62, 223, 15, 47, 239, 119, 195, 196, 202, 94, 96, 6, 212, 230, 26, 216, 247, 49, 5, 133, 240, 97, 136, 22, 93, 91, 149, 43, 152, 75, 35, 233, 125, 206, 67, 190, 122, 145, 110, 82, 151, 230, 8, 13, 31, 52, 40, 28, 164, 16, 119, 90, 26, 22, 146, 154, 193, 171, 196, 195, 71, 232, 175, 74, 38, 132, 91, 249, 88, 68, 95, 207, 232, 243, 62, 63, 143, 196, 25, 197, 56, 20, 143, 109, 196, 93, 69, 120, 118, 138, 212, 66, 168, 240, 9, 253, 45, 120, 194, 232, 83, 35, 138, 175, 41, 9, 6, 29, 204, 68, 44, 233, 245, 173, 156, 133, 9, 227, 166, 100, 174, 31, 239, 48, 0, 187, 142, 19, 222, 90, 185, 23, 228, 119, 189, 147, 221, 44, 154, 107, 233, 239, 5, 165, 191, 235, 61, 145, 118, 203, 247, 148, 40, 78, 247, 12, 58, 237, 103, 85, 190, 180, 151, 91, 129, 22, 210, 15, 234, 223, 11, 235, 189, 139, 43, 237, 6, 15, 23, 148, 22, 120, 48, 61, 59, 16, 239, 127, 1, 64, 125, 169, 184, 199, 153, 248, 134, 86, 40, 117, 177, 150, 151, 126, 114, 149, 33, 74, 51, 166, 51, 98, 123, 203, 234, 111, 232, 246, 166, 1, 57, 72, 2, 180, 170, 26, 213, 159, 145, 145, 97, 132, 194, 194, 193, 132, 141, 192, 2, 35, 207, 106, 140, 165, 131, 27, 165, 211, 207, 194, 174, 162, 248, 206, 23, 246, 222, 235, 123, 139, 110, 96, 189, 64, 199, 112, 193, 200, 18, 237, 43, 71, 115, 51, 6, 50, 199, 124, 46, 68, 30, 223, 52, 231, 56, 197, 118, 114, 22, 28, 253, 41, 176, 76, 63, 160, 98, 55, 105, 238, 24, 9, 35, 195, 172, 105, 242, 167, 97, 183, 11, 191, 130, 43, 104, 38, 139, 253, 81, 177, 105, 148, 188, 16, 0, 230, 174, 82, 119, 0, 136, 104, 179, 43, 19, 51, 231, 76, 93, 210, 207, 156, 240, 76, 216, 54, 10, 177, 140, 222, 200, 155, 169, 109, 202, 52, 112, 24, 160, 168, 187, 56, 61, 99, 21, 25, 36, 78, 2, 244, 212, 1, 84, 125, 244, 227, 198, 55, 176, 23, 188, 190, 54, 30, 52, 84, 186, 215, 211, 121, 156, 222, 186, 235, 20, 11, 188, 145, 29, 104, 137, 142, 69, 179, 25, 183, 130, 47, 83, 233, 150, 104, 136, 81, 117, 113, 64, 64, 215, 250, 215, 203, 96, 139, 159, 112, 67, 59, 103, 125, 3, 198, 59, 160, 240, 69, 241, 72, 99, 218, 21, 8, 204, 249, 163, 102, 178, 39, 98, 52, 231, 213, 115, 23, 64, 249, 31, 58, 251, 137, 120, 77, 45, 167, 179, 176, 10, 11, 205, 165, 108, 160, 162, 136, 44, 15, 225, 86, 168, 67, 97, 222, 23, 105, 152, 234, 223, 29, 148, 246, 48, 151, 178, 155, 18, 208, 195, 85, 228, 240, 190, 30, 16, 35, 129, 225, 168, 199, 187, 99, 173, 79, 79, 105, 116, 102, 239, 0, 184, 194, 135, 67, 153, 147, 7, 90, 5, 205, 78, 135, 73, 132, 58, 175, 228, 34, 122, 11, 192, 71, 231, 188, 95, 149, 64, 201, 155, 170, 64, 187, 34, 136, 107, 116, 21, 89, 123, 166, 1, 18, 196, 226, 150, 186, 9, 29, 111, 37, 84, 30, 118, 178, 35, 187, 105, 140, 73, 20, 34, 31, 55, 120, 224, 26, 254, 2, 184, 255, 20, 34, 11, 108, 217, 252, 57, 131, 29, 129, 152, 203, 87, 106, 227, 49, 162, 37, 99, 35, 119, 212, 217, 62, 10, 127, 221, 205, 63, 176, 229, 139, 220, 210, 0, 192, 150, 171, 1, 115, 252, 129, 254, 188, 214, 33, 202, 229, 64, 222, 247, 139, 87, 36, 41, 6, 167, 31, 235, 205, 14, 16, 108, 173, 139, 145, 13, 18, 254, 190, 26, 248, 170, 235, 194, 223, 12, 27, 10, 167, 112, 220, 127, 129, 225, 230, 103, 196, 250, 252, 74, 50, 211, 2, 79, 141, 171, 140, 8, 195, 19, 206, 127, 54, 53, 10, 68, 133, 231, 128, 171, 28, 216, 194, 40, 26, 122, 106, 208, 114, 171, 242, 29, 90, 253, 225, 175, 139, 69, 214, 1, 207, 194, 52, 171, 128, 200, 216, 37, 135, 102, 49, 85, 127, 95, 195, 191, 215, 117, 241, 204, 176, 206, 225, 192, 114, 229, 185, 86, 158, 205, 49, 46, 93, 103, 134, 195, 202, 54, 119, 242, 29, 152, 15, 201, 106, 217, 53, 88, 153, 32, 172, 22, 19, 89, 237, 59, 129, 65, 205, 214, 112, 54, 212, 37, 164, 37, 110, 115, 14, 51, 75, 68, 140, 50, 0, 224, 61, 101, 3, 33, 19, 36, 187, 61, 146, 0, 0, 245, 72, 228, 17, 120, 68, 229, 102, 35, 87, 187, 33, 65, 12, 234, 178, 237, 24, 248, 95, 80, 42, 230, 243, 71, 54, 252, 94, 154, 28, 179, 164, 152, 89, 117, 18, 199, 111, 170, 1, 38, 240, 167, 247, 120, 204, 90, 26, 210, 71, 144, 137, 239, 230, 218, 140, 128, 195, 92, 49, 142, 24, 60, 172, 50, 221, 75, 99, 136, 230, 68, 172, 17, 247, 102, 182, 81, 73, 76, 238, 112, 143, 32, 244, 179, 28, 42, 196, 124, 239, 200, 204, 133, 173, 63, 10, 189, 202, 187, 81, 193, 144, 54, 78, 19, 154, 178, 5, 10, 172, 181, 145, 91, 212, 248, 186, 144, 163, 54, 200, 129, 68, 159, 79, 58, 195, 11, 198, 29, 176, 129, 92, 170, 46, 246, 202, 33, 216, 200, 18, 54, 83, 52, 26, 201, 213, 158, 101, 124, 3, 144, 182, 70, 212, 83, 232, 47, 175, 120, 155, 185, 190, 132, 93, 231, 247, 199, 225, 44, 129, 155, 111, 251, 46, 174, 95, 144, 123, 42, 147, 53, 63, 83, 138, 95, 217, 86, 47, 81, 219, 136, 134, 112, 120, 227, 9, 139, 105, 207, 168, 34, 213, 188, 111, 253, 135, 235, 249, 250, 121, 131, 0, 221, 237, 185, 165, 106, 111, 47, 27, 166, 104, 101, 173, 11, 198, 145, 22, 144, 189, 224, 180, 43, 80, 20, 47, 46, 59, 178, 173, 95, 70, 227, 163, 103, 112, 233, 102, 63, 99, 128, 53, 221, 139, 223, 5, 193, 157, 131, 203, 62, 227, 230, 82, 12, 250, 247, 128, 192, 212, 117, 236, 80, 30, 10, 147, 33, 100, 42, 155, 158, 210, 0, 19, 54, 96, 253, 236, 208, 72, 45, 141, 211, 58, 166, 66, 10, 82, 106, 242, 55, 34, 142, 205, 163, 32, 105, 143, 37, 15, 23, 31, 203, 251, 85, 31, 10, 121, 16, 169, 202, 125, 233, 87, 166, 197, 81, 90, 16, 226, 12, 94, 102, 181, 53, 3, 90, 35, 13, 177, 198, 13, 38, 34, 238, 139, 215, 56, 100, 159, 152, 128, 34, 160, 237, 157, 31, 26, 198, 189, 10, 191, 103, 234, 253, 195, 97, 219, 222, 86, 6, 98, 251, 200, 213, 73, 226, 255, 226, 146, 38, 139, 235, 196, 231, 70, 170, 37, 60, 152, 93, 235, 46, 159, 153, 233, 90, 52, 78, 114, 181, 85, 55, 42, 34, 157, 68, 67, 85, 122, 218, 14, 203, 109, 178, 5, 117, 168, 3, 211, 183, 56, 250, 228, 7, 51, 46, 130, 51, 225, 93, 143, 42, 78, 211, 108, 220, 77, 243, 237, 228, 5, 121, 105, 53, 126, 90, 252, 36, 224, 188, 20, 136, 113, 230, 215, 6, 146, 182, 13, 211, 16, 153, 177, 186, 165, 28, 207, 248, 224, 101, 104, 155, 205, 157, 69, 92, 255, 31, 113, 175, 29, 114, 163, 187, 62, 84, 5, 10, 173, 148, 3, 101, 105, 77, 211, 95, 179, 191, 52, 37, 127, 139, 96, 115, 76, 53, 4, 236, 70, 87, 100, 210, 55, 19, 83, 79, 252, 107, 75, 13, 162, 245, 193, 165, 185, 62, 50, 212, 175, 244, 29, 36, 142, 193, 0, 138, 90, 10, 212, 128, 58, 1, 146, 186, 32, 88, 119, 102, 169, 61, 79, 17, 186, 107, 255, 53, 124, 211, 39, 5, 217, 117, 241, 16, 230, 64, 69, 130, 166, 94, 193, 219, 170, 167, 210, 45, 245, 233, 232, 187, 82, 228, 19, 31, 102, 2, 123, 130, 104, 4, 203, 236, 18, 246, 145, 63, 233, 228, 63, 238, 230, 129, 172, 78, 94, 62, 76, 153, 25, 101, 242, 160, 167, 111, 29, 10, 53, 3, 246, 129, 130, 185, 162, 195, 176, 188, 36, 175, 243, 48, 112, 209, 251, 49, 17, 69, 154, 141, 155, 249, 71, 184, 146, 127, 195, 20, 93, 5, 102, 102, 107, 224, 184, 165, 155, 146, 30, 247, 239, 234, 84, 239, 235, 187, 112, 18, 248, 228, 38, 150, 177, 95, 175, 111, 182, 81, 113, 252, 226, 2, 232, 182, 148, 120, 95, 68, 66, 174, 97, 212, 130, 139, 39, 219, 28, 48, 172, 2, 93, 96, 248, 175, 63, 60, 178, 127, 220, 137, 49, 251, 206, 46, 78, 168, 209, 20, 185, 9, 40, 189, 90, 186, 209, 153, 197, 58, 35, 154, 82, 223, 167, 194, 33, 220, 228, 24, 249, 131, 25, 228, 193, 120, 231, 18, 213, 133, 43, 105, 16, 16, 221, 249, 90, 45, 227, 6, 211, 181, 9, 68, 20, 67, 54, 152, 194, 203, 8, 238, 201, 77, 110, 168, 51, 138, 211, 16, 33, 159, 210, 42, 57, 145, 185, 140, 76, 0, 76, 64, 20, 5, 241, 112, 10, 236, 75, 181, 61, 185, 129, 249, 143, 222, 103, 54, 134, 92, 90, 13, 17, 186, 187, 213, 228, 192, 231, 36, 174, 194, 210, 31, 137, 9, 46, 47, 109, 238, 196, 182, 31, 255, 96, 239, 173, 52, 72, 236, 189, 28, 125, 12, 181, 118, 173, 164, 78, 164, 235, 179, 241, 57, 93, 47, 146, 33, 180, 165, 82, 190, 72, 105, 109, 7, 104, 228, 255, 138, 138, 33, 28, 33, 125, 15, 202, 117, 253, 49, 145, 237, 146, 242, 142, 30, 140, 237, 226, 129, 231, 242, 29, 154, 167, 202, 118, 170, 163, 183, 20, 142, 188, 6, 114, 226, 89, 23, 123, 11, 190, 250, 247, 226, 225, 216, 69, 253, 143, 59, 85, 55, 135, 11, 224, 150, 154, 50, 14, 115, 29, 84, 210, 165, 92, 172, 98, 227, 253, 32, 104, 10, 66, 77, 149, 101, 41, 239, 51, 172, 121, 241, 129, 49, 15, 28, 181, 97, 76, 41, 14, 81, 144, 157, 153, 254, 70, 135, 17, 47, 13, 13, 43, 63, 248, 193, 56, 172, 161, 28, 56, 75, 194, 159, 214, 200, 0, 212, 167, 51, 236, 97, 13, 153, 79, 191, 212, 198, 209, 122, 32, 144, 207, 9, 114, 141, 32, 148, 183, 65, 63, 198, 17, 145, 12, 199, 205, 15, 90, 4, 227, 187, 108, 250, 18, 128, 184, 111, 39, 78, 119, 149, 159, 168, 54, 24, 80, 206, 205, 225, 5, 75, 155, 203, 100, 166, 149, 83, 1, 190, 42, 38, 57, 77, 129, 7, 0, 62, 136, 201, 52, 28, 62, 122, 55, 81, 117, 46, 47, 86, 248, 201, 90, 48, 55, 123, 89, 160, 99, 22, 101, 14, 178, 230, 161, 1, 163, 13, 228, 26, 134, 60, 185, 97, 35, 68, 168, 158, 184, 18, 85, 241, 115, 180, 227, 91, 171, 44, 12, 150, 110, 24, 184, 56, 55, 242, 35, 85, 26, 180, 7, 12, 172, 154, 181, 63, 50, 236, 107, 66, 191, 16, 199, 65, 59, 45, 200, 96, 47, 79, 242, 166, 156, 137, 214, 253, 117, 91, 195, 196, 108, 134, 165, 137, 218, 108, 132, 174, 41, 130, 127, 184, 51, 22, 193, 175, 128, 178, 83, 186, 226, 247, 76, 230, 86, 76, 182, 24, 105, 71, 18, 87, 169, 77, 235, 202, 42, 99, 241, 180, 8, 97, 109, 195, 205, 43, 180, 250, 242, 47, 252, 225, 93, 198, 53, 16, 95, 237, 164, 108, 126, 104, 244, 132, 251, 224, 158, 64, 234, 8, 113, 114, 214, 195, 83, 182, 57, 39, 247, 52, 0, 107, 198, 120, 154, 93, 135, 1, 19, 55, 60, 55, 69, 60, 15, 16, 120, 69, 75, 135, 177, 30, 63, 240, 15, 105, 21, 122, 231, 45, 122, 186, 157, 232, 102, 144, 179, 51, 153, 199, 18, 182, 206, 108, 13, 185, 22, 25, 243, 241, 87, 51, 125, 229, 248, 98, 170, 148, 49, 254, 32, 36, 76, 209, 80, 146, 170, 76, 184, 14, 5, 82, 237, 235, 243, 5, 213, 171, 213, 95, 18, 112, 195, 59, 69, 203, 42, 79, 71, 224, 214, 10, 202, 9, 183, 182, 169, 137, 93, 177, 14, 4, 19, 133, 235, 190, 231, 244, 31, 159, 118, 52, 162, 151, 233, 21, 37, 86, 215, 150, 245, 55, 52, 229, 31, 28, 215, 162, 212, 122, 26, 161, 25, 239, 225, 164, 239, 108, 187, 141, 12, 231, 150, 134, 87, 108, 247, 52, 177, 170, 254, 95, 55, 80, 163, 146, 119, 21, 52, 16, 229, 169, 144, 21, 231, 90, 60, 241, 47, 11, 186, 22, 50, 223, 72, 53, 124, 236, 164, 74, 254, 80, 40, 212, 175, 156, 104, 171, 251, 13, 87, 177, 85, 222, 245, 145, 166, 41, 78, 149, 151, 206, 213, 7, 99, 36, 24, 5, 62, 146, 232, 111, 171, 224, 138, 118, 160, 194, 102, 233, 86, 41, 96, 2, 139, 228, 20, 53, 218, 190, 41, 136, 38, 157, 140, 92, 17, 67, 99, 95, 83, 110, 44, 210, 75, 208, 95, 110, 101, 86, 110, 37, 79, 18, 112, 50, 223, 135, 176, 189, 189, 90, 95, 245, 220, 185, 93, 247, 189, 194, 174, 44, 106, 94, 90, 129, 254, 228, 240, 21, 141, 143, 145, 65, 145, 4, 49, 95, 224, 135, 11, 185, 10, 137, 105, 62, 241, 187, 121, 36, 47, 242, 28, 229, 200, 26, 148, 80, 141, 124, 80, 175, 59, 75, 182, 20, 48, 16, 228, 231, 25, 243, 98, 4, 242, 81, 165, 1, 6, 129, 57, 96, 72, 125, 182, 35, 221, 130, 219, 26, 254, 135, 35, 161, 103, 151, 219, 32, 73, 34, 120, 121, 73, 151, 141, 249, 89, 38, 126, 241, 21, 129, 113, 86, 252, 220, 224, 222, 5, 58, 208, 80, 23, 81, 180, 59, 60, 35, 44, 55, 73, 18, 82, 136, 228, 236, 20, 73, 23, 60, 167, 205, 211, 215, 146, 2, 241, 228, 210, 152, 38, 162, 117, 238, 146, 139, 244, 189, 235, 76, 158, 199, 236, 15, 242, 245, 163, 136, 44, 54, 136, 60, 230, 100, 71, 170, 23, 253, 113, 140, 78, 224, 241, 12, 209, 255, 94, 151, 205, 141, 251, 243, 129, 248, 129, 34, 58, 115, 0, 129, 116, 73, 210, 174, 102, 39, 104, 161, 96, 1, 32, 251, 255, 219, 89, 66, 239, 70, 139, 236, 204, 83, 115, 14, 78, 121, 255, 35, 222, 18, 158, 28, 187, 198, 124, 182, 151, 220, 124, 111, 123, 228, 4, 152, 147, 243, 91, 45, 10, 109, 248, 40, 160, 194, 42, 76, 120, 124, 39, 13, 123, 30, 154, 251, 47, 42, 116, 248, 151, 8, 148, 36, 18, 228, 213, 176, 154, 91, 69, 24, 46, 244, 92, 96, 84, 10, 119, 133, 10, 78, 243, 25, 42, 105, 226, 22, 33, 137, 17, 25, 252, 51, 191, 89, 9, 69, 4, 14, 165, 80, 31, 35, 216, 94, 231, 78, 195, 66, 194, 87, 178, 0, 193, 0, 109, 181, 229, 191, 120, 30, 101, 80, 158, 150, 111, 131, 43, 140, 13, 148, 190, 46, 99, 157, 87, 157, 155, 203, 82, 111, 15, 83, 210, 70, 231, 14, 38, 71, 88, 98, 81, 29, 69, 5, 94, 49, 72, 154, 90, 49, 139, 8, 131, 89, 55, 13, 221, 92, 24, 207, 98, 93, 188, 55, 145, 218, 205, 15, 17, 74, 195, 6, 112, 65, 47, 209, 224, 143, 16, 130, 187, 55, 76, 156, 153, 251, 116, 240, 135, 150, 56, 149, 104, 96, 167, 4, 213, 239, 231, 46, 224, 159, 207, 187, 42, 217, 87, 145, 136, 121, 198, 200, 129, 144, 99, 69, 0, 80, 189, 182, 135, 164, 205, 95, 155, 157, 252, 208, 41, 14, 245, 37, 169, 235, 251, 61, 144, 34, 107, 11, 80, 80, 174, 144, 106, 255, 187, 191, 231, 106, 167, 19, 29, 242, 8, 88, 133, 51, 214, 207, 157, 233, 203, 48, 86, 7, 14, 115, 237, 118, 100, 101, 42, 104, 21, 185, 45, 220, 110, 197, 230, 118, 78, 155, 251, 132, 11, 64, 168, 135, 173, 7, 26, 161, 139, 43, 159, 172, 197, 200, 225, 46, 38, 98, 6, 203, 251, 186, 167, 231, 88, 85, 1, 167, 128, 30, 232, 76, 200, 89, 26, 32, 13, 34, 212, 15, 49, 35, 8, 70, 223, 186, 235, 126, 75, 27, 135, 32, 204, 87, 84, 39, 252, 222, 192, 191, 167, 176, 102, 154, 168, 236, 59, 68, 177, 52, 199, 23, 176, 18, 20, 13, 140, 16, 225, 54, 112, 54, 238, 74, 26, 71, 112, 38, 120, 42, 88, 237, 134, 195, 117, 167, 141, 20, 127, 187, 135, 59, 110, 65, 69, 13, 18, 221, 63, 12, 52, 58, 44, 102, 117, 250, 185, 185, 98, 54, 204, 222, 135, 205, 101, 109, 0, 255, 177, 232, 76, 245, 137, 58, 12, 25, 208, 31, 148, 77, 197, 26, 76, 18, 149, 155, 43, 207, 101, 224, 47, 1, 96, 153, 89, 90, 133, 181, 113, 69, 28, 47, 70, 77, 55, 25, 161, 111, 185, 48, 18, 165, 98, 41, 121, 19, 15, 248, 209, 198, 230, 120, 82, 90, 251, 225, 205, 16, 192, 41, 72, 211, 107, 34, 31, 16, 20, 50, 108, 162, 254, 21, 249, 95, 50, 73, 126, 99, 124, 190, 181, 103, 101, 182, 22, 232, 3, 153, 36, 24, 86, 244, 198, 111, 96, 85, 103, 193, 253, 14, 163, 154, 230, 30, 151, 111, 159, 1, 72, 15, 232, 146, 61, 25, 205, 34, 188, 198, 253, 227, 33, 188, 177, 248, 196, 217, 137, 72, 194, 177, 143, 147, 251, 228, 217, 27, 153, 40, 36, 168, 14, 132, 143, 181, 125, 150, 190, 125, 193, 152, 97, 134, 250, 232, 112, 216, 160, 103, 119, 36, 89, 190, 47, 85, 160, 64, 51, 35, 99, 245, 41, 96, 201, 87, 223, 193, 12, 27, 149, 90, 3, 165, 97, 141, 198, 33, 156, 187, 2, 121, 23, 120, 135, 170, 205, 161, 134, 65, 158, 10, 251, 121, 211, 20, 239, 195, 61, 203, 230, 102, 104, 176, 0, 45, 30, 247, 155, 171, 156, 81, 163, 10, 36, 57, 99, 154, 44, 1, 67, 188, 13, 28, 184, 122, 146, 213, 72, 204, 98, 147, 49, 196, 34, 95, 175, 201, 237, 141, 112, 79, 75, 122, 24, 1, 72, 106, 40, 243, 172, 193, 107, 115, 43, 13, 245, 155, 133, 174, 140, 1, 143, 76, 96, 252, 29, 131, 134, 37, 94, 118, 28, 124, 145, 94, 215, 138, 93, 126, 169, 222, 181, 201, 14, 187, 244, 5, 165, 22, 33, 41, 129, 88, 135, 1, 237, 81, 145, 103, 49, 208, 242, 240, 253, 44, 168, 84, 17, 78, 106, 254, 216, 127, 225, 16, 74, 94, 231, 47, 129, 24, 208, 95, 122, 148, 221, 8, 46, 42, 250, 242, 207, 113, 122, 242, 39, 230, 245, 63, 89, 48, 61, 52, 187, 163, 40, 210, 68, 124, 217, 12, 73, 122, 62, 213, 138, 37, 2, 37, 95, 44, 128, 113, 254, 213, 6, 98, 229, 166, 0, 81, 247, 143, 247, 234, 181, 249, 228, 163, 158, 1, 79, 23, 243, 80, 221, 190, 244, 172, 73, 43, 27, 236, 200, 248, 63, 36, 90, 48, 223, 149, 171, 65, 128, 242, 223, 80, 85, 58, 31, 126, 128, 5, 213, 12, 235, 175, 22, 222, 134, 198, 231, 217, 61, 227, 132, 54, 177, 96, 250, 202, 178, 16, 12, 159, 29, 90, 27, 211, 163, 11, 4, 145, 27, 29, 236, 9, 63, 114, 204, 89, 42, 224, 216, 251, 27, 227, 44, 126, 93, 12, 60, 104, 38, 199, 60, 97, 36, 11, 80, 201, 216, 223, 155, 123, 9, 69, 124, 6, 35, 223, 183, 69, 212, 210, 87, 239, 141, 129, 199, 236, 96, 27, 243, 82, 224, 16, 243, 59, 202, 56, 108, 192, 164, 56, 203, 73, 210, 183, 42, 39, 154, 243, 92, 214, 4, 87, 38, 188, 102, 162, 251, 234, 184, 17, 254, 10, 37, 181, 245, 53, 230, 67, 85, 83, 247, 61, 163, 201, 90, 191, 68, 9, 203, 87, 241, 235, 33, 61, 97, 115, 229, 255, 215, 88, 137, 231, 97, 189, 246, 15, 82, 60, 40, 29, 212, 95, 147, 200, 190, 58, 46, 41, 68, 6, 101, 158, 218, 189, 177, 168, 201, 91, 253, 29, 30, 80, 51, 86, 72, 225, 32, 167, 123, 231, 134, 60, 233, 132, 28, 94, 231, 148, 130, 121, 109, 47, 177, 0, 48, 143, 52, 142, 21, 47, 42, 183, 113, 194, 91, 97, 103, 88, 175, 18, 83, 243, 68, 188, 193, 218, 101, 64, 102, 151, 149, 198, 153, 17, 254, 206, 160, 179, 211, 86, 197, 182, 185, 19, 207, 149, 7, 173, 125, 61, 155, 127, 103, 141, 179, 52, 12, 64, 68, 81, 172, 42, 55, 213, 236, 41, 29, 34, 159, 103, 48, 31, 203, 188, 94, 126, 62, 4, 214, 68, 112, 74, 239, 211, 170, 228, 71, 0, 53, 9, 47, 212, 245, 154, 59, 52, 141, 30, 218, 168, 137, 218, 74, 115, 124, 88, 152, 169, 13, 183, 204, 213, 77, 63, 189, 114, 47, 252, 249, 23, 48, 139, 111, 139, 186, 52, 97, 252, 51, 20, 89, 208, 63, 198, 115, 231, 112, 152, 141, 227, 97, 130, 17, 113, 4, 1, 95, 160, 29, 225, 105, 238, 227, 174, 57, 122, 113, 39, 67, 64, 63, 44, 96, 134, 253, 188, 5, 56, 136, 112, 246, 146, 97, 74, 162, 77, 144, 146, 244, 138, 15, 213, 142, 218, 190, 235, 199, 249, 74, 169, 199, 11, 253, 8, 47, 104, 206, 50, 231, 164, 149, 89, 243, 237, 250, 153, 199, 120, 228, 93, 201, 7, 143, 252, 255, 247, 29, 134, 95, 135, 74, 100, 194, 55, 201, 36, 155, 205, 185, 117, 139, 206, 72, 127, 48, 197, 229, 52, 247, 58, 85, 53, 129, 183, 142, 114, 237, 229, 28, 43, 22, 54, 89, 202, 244, 173, 156, 3, 14, 166, 73, 98, 39, 174, 123, 158, 184, 210, 42, 153, 154, 4, 15, 76, 112, 194, 65, 133, 107, 211, 226, 173, 192, 8, 70, 32, 250, 110, 73, 29, 79, 135, 1, 93, 80, 5, 209, 79, 38, 212, 40, 121, 146, 61, 80, 171, 125, 188, 91, 166, 228, 142, 180, 62, 87, 70, 167, 22, 83, 5, 6, 34, 65, 53, 79, 174, 168, 235, 20, 101, 168, 244, 3, 42, 0, 252, 168, 126, 130, 43, 188, 157, 2, 180, 7, 2, 214, 3, 151, 60, 139, 176, 122, 7, 98, 96, 200, 73, 232, 38, 113, 190, 150, 11, 46, 232, 235, 57, 221, 176, 157, 52, 43, 182, 109, 95, 152, 238, 58, 122, 92, 15, 121, 94, 185, 39, 233, 52, 51, 33, 43, 247, 143, 209, 201, 102, 128, 180, 18, 2, 204, 74, 78, 210, 182, 31, 209, 142, 139, 145, 113, 17, 88, 78, 105, 213, 129, 26, 10, 245, 58, 210, 186, 3, 103, 150, 212, 118, 150, 226, 225, 192, 222, 52, 125, 163, 72, 33, 212, 186, 112, 213, 211, 75, 139, 1, 122, 247, 113, 14, 186, 232, 42, 95, 126, 85, 253, 189, 206, 228, 195, 224, 39, 128, 91, 2, 114, 150, 238, 116, 137, 173, 208, 185, 59, 123, 205, 58, 91, 174, 218, 21, 123, 197, 116, 130, 28, 192, 235, 61, 236, 112, 107, 165, 193, 225, 156, 59, 102, 90, 147, 150, 60, 93, 208, 111, 85, 51, 169, 240, 67, 175, 219, 36, 248, 194, 244, 206, 205, 7, 105, 103, 12, 62, 40, 67, 123, 175, 246, 97, 238, 176, 23, 255, 46, 152, 83, 56, 143, 216, 50, 236, 148, 106, 208, 2, 206, 115, 232, 27, 243, 104, 248, 235, 43, 250, 215, 121, 199, 232, 132, 18, 159, 113, 234, 177, 54, 247, 59, 172, 32, 75, 92, 7, 237, 239, 218, 20, 154, 231, 234, 1, 27, 177, 161, 143, 187, 173, 23, 157, 34, 124, 180, 216, 150, 36, 163, 237, 142, 227, 172, 233, 183, 184, 33, 84, 24, 35, 45, 10, 24, 214, 119, 83, 19, 1, 102, 158, 9, 148, 224, 114, 37, 90, 67, 145, 42, 171, 87, 215, 131, 236, 114, 247, 109, 203, 40, 209, 175, 208, 42, 10, 216, 84, 51, 35, 124, 250, 243, 133, 250, 96, 18, 149, 79, 56, 69, 156, 134, 195, 141, 159, 168, 165, 248, 205, 106, 193, 170, 66, 75, 32, 139, 17, 44, 198, 120, 183, 178, 127, 43, 147, 68, 179, 84, 223, 207, 217, 138, 136, 113, 152, 73, 25, 97, 184, 114, 187, 206, 234, 64, 31, 220, 187, 197, 27, 231, 38, 30, 49, 192, 34, 85, 109, 173, 164, 242, 45, 86, 31, 48, 166, 73, 2, 109, 150, 106, 48, 85, 96, 21, 217, 112, 122, 119, 38, 238, 8, 241, 177, 100, 57, 6, 137, 9, 85, 201, 57, 29, 150, 202, 0, 204, 114, 212, 132, 216, 76, 142, 244, 42, 173, 179, 112, 123, 5, 124, 70, 89, 43, 219, 78, 108, 92, 17, 27, 226, 7, 121, 178, 105, 184, 107, 147, 212, 122, 251, 93, 56, 202, 248, 208, 11, 133, 237, 150, 21, 54, 16, 222, 221, 12, 52, 5, 0, 10, 127, 115, 129, 147, 76, 121, 217, 201, 220, 71, 28, 229, 238, 128, 239, 230, 239, 2, 45, 59, 125, 212, 140, 215, 143, 147, 254, 14, 223, 207, 48, 157, 112, 122, 73, 51, 189, 7, 64, 72, 23, 139, 162, 235, 33, 168, 140, 46, 68, 66, 234, 200, 36, 0, 35, 165, 100, 212, 230, 39, 244, 108, 30, 236, 84, 120, 56, 199, 169, 87, 250, 119, 64, 29, 204, 205, 134, 84, 164, 157, 243, 129, 151, 96, 136, 57, 236, 146, 186, 201, 125, 29, 43, 103, 17, 45, 42, 221, 248, 178, 145, 87, 70, 104, 188, 150, 130, 66, 167, 109, 182, 82, 27, 255, 112, 173, 57, 177, 189, 213, 252, 77, 213, 42, 55, 74, 148, 153, 127, 249, 54, 233, 159, 64, 245, 190, 229, 231, 184, 36, 134, 106, 222, 166, 149, 116, 131, 67, 253, 38, 176, 177, 118, 250, 129, 43, 178, 115, 157, 147, 163, 157, 87, 187, 65, 159, 116, 229, 154, 57, 73, 218, 73, 106, 154, 2, 205, 31, 154, 179, 89, 69, 197, 52, 23, 227, 202, 25, 238, 236, 116, 132, 202, 46, 195, 217, 204, 123, 217, 14, 88, 243, 25, 157, 153, 250, 58, 29, 59, 155, 218, 80, 98, 104, 137, 34, 209, 108, 22, 32, 25, 47, 104, 160, 238, 41, 118, 191, 26, 71, 217, 44, 173, 42, 174, 96, 92, 172, 210, 194, 147, 159, 38, 68, 80, 31, 46, 106, 193, 222, 131, 12, 117, 194, 126, 137, 87, 177, 88, 195, 85, 243, 74, 114, 82, 137, 63, 97, 134, 146, 218, 247, 58, 155, 203, 117, 9, 79, 25, 14, 24, 243, 188, 37, 204, 129, 35, 180, 49, 115, 80, 86, 246, 8, 146, 238, 153, 243, 231, 224, 56, 64, 62, 195, 205, 142, 218, 208, 182, 18, 51, 77, 207, 221, 241, 26, 109, 241, 149, 101, 84, 237, 112, 93, 255, 243, 54, 78, 4, 94, 57, 45, 227, 114, 21, 101, 232, 110, 69, 24, 220, 231, 211, 175, 71, 51, 58, 21, 145, 208, 176, 179, 57, 184, 27, 34, 136, 110, 228, 34, 10, 75, 152, 233, 99, 44, 199, 6, 195, 158, 43, 115, 70, 197, 241, 27, 5, 35, 168, 38, 253, 228, 119, 52, 64, 72, 123, 24, 170, 145, 205, 102, 233, 65, 144, 147, 144, 217, 232, 161, 28, 215, 107, 11, 14, 182, 20, 88, 15, 87, 170, 35, 61, 251, 1, 106, 103, 236, 71, 153, 36, 190, 42, 15, 89, 12, 26, 91, 196, 209, 68, 196, 156, 137, 64, 73, 52, 210, 142, 119, 149, 10, 238, 28, 8, 74, 89, 107, 243, 184, 150, 180, 91, 138, 229, 234, 14, 52, 189, 168, 165, 90, 51, 110, 58, 215, 58, 224, 43, 254, 24, 210, 242, 210, 107, 32, 123, 209, 56, 55, 48, 97, 196, 155, 20, 223, 20, 241, 18, 63, 60, 191, 71, 14, 12, 206, 65, 5, 83, 223, 15, 146, 221, 22, 49, 164, 206, 35, 41, 231, 202, 199, 107, 134, 26, 237, 117, 71, 132, 161, 0, 68, 103, 4, 178, 27, 184, 246, 52, 152, 224, 35, 167, 220, 201, 150, 92, 36, 9, 41, 27, 28, 49, 190, 92, 87, 213, 117, 235, 233, 203, 135, 179, 72, 232, 189, 38, 199, 192, 16, 80, 40, 20, 136, 24, 188, 68, 181, 211, 244, 13, 27, 237, 45, 248, 69, 132, 62, 243, 228, 141, 227, 101, 117, 33, 41, 242, 140, 27, 128, 219, 106, 15, 243, 60, 175, 224, 74, 204, 147, 223, 55, 186, 20, 162, 229, 239, 100, 50, 226, 95, 92, 111, 13, 173, 128, 140, 66, 212, 122, 16, 198, 86, 165, 68, 186, 20, 173, 139, 165, 28, 100, 181, 136, 217, 34, 118, 231, 72, 0, 140, 162, 97, 221, 199, 119, 236, 65, 204, 77, 246, 6, 193, 195, 181, 149, 66, 233, 182, 222, 163, 150, 94, 14, 181, 53, 234, 10, 120, 189, 209, 22, 132, 143, 105, 129, 64, 122, 82, 90, 250, 126, 183, 209, 185, 163, 156, 149, 30, 59, 235, 183, 149, 136, 70, 173, 17, 131, 39, 42, 122, 140, 105, 123, 130, 239, 32, 255, 157, 55, 57, 14, 118, 101, 60, 219, 89, 100, 17, 169, 164, 31, 221, 35, 33, 9, 254, 5, 212, 5, 97, 37, 174, 22, 11, 49, 101, 124, 214, 185, 197, 2, 116, 171, 4, 1, 244, 205, 159, 156, 68, 110, 236, 26, 252, 62, 50, 242, 208, 129, 24, 140, 123, 5, 33, 119, 253, 116, 168, 238, 132, 102, 167, 69, 140, 103, 118, 198, 153, 238, 58, 120, 197, 123, 81, 114, 32, 157, 64, 83, 30, 139, 174, 132, 101, 19, 241, 25, 42, 245, 32, 20, 148, 162, 40, 30, 147, 177, 136, 102, 183, 190, 236, 90, 222, 195, 159, 195, 142, 35, 39, 25, 29, 102, 138, 167, 113, 11, 41, 159, 218, 93, 108, 138, 243, 10, 238, 160, 34, 203, 67, 107, 52, 159, 218, 158, 55, 195, 123, 239, 98, 226, 253, 199, 161, 45, 14, 110, 104, 27, 30, 150, 127, 121, 59, 111, 180, 4, 23, 155, 194, 90, 178, 83, 107, 120, 241, 106, 55, 154, 204, 110, 22, 19, 152, 79, 50, 248, 204, 116, 99, 17, 191, 143, 189, 68, 2, 219, 19, 112, 119, 162, 246, 74, 220, 237, 238, 19, 61, 165, 85, 167, 178, 99, 171, 198, 100, 34, 1, 140, 196, 211, 139, 37, 186, 20, 237, 139, 69, 62, 181, 128, 82, 210, 123, 201, 35, 207, 206, 182, 105, 178, 158, 25, 226, 79, 176, 76, 25, 103, 26, 216, 220, 98, 155, 1, 27, 225, 252, 25, 158, 7, 81, 25, 189, 28, 17, 180, 109, 24, 60, 167, 172, 206, 168, 249, 235, 80, 178, 247, 158, 243, 32, 90, 181, 156, 19, 7, 47, 211, 113, 153, 174, 213, 92, 70, 93, 28, 9, 63, 213, 147, 57, 48, 94, 172, 45, 38, 62, 28, 116, 16, 154, 205, 239, 45, 67, 190, 22, 14, 98, 90, 160, 12, 121, 56, 67, 250, 24, 52, 69, 229, 86, 214, 13, 238, 255, 81, 215, 42, 47, 243, 221, 138, 37, 12, 152, 165, 10, 254, 60, 44, 111, 250, 222, 218, 222, 107, 215, 145, 208, 93, 43, 40, 134, 32, 185, 20, 50, 138, 76, 90, 96, 57, 66, 174, 21, 216, 230, 249, 38, 53, 172, 38, 35, 169, 42, 154, 71, 212, 3, 51, 204, 114, 30, 139, 200, 29, 90, 205, 182, 112, 192, 163, 162, 155, 78, 160, 54, 101, 74, 143, 223, 195, 10, 18, 119, 167, 133, 150, 156, 175, 103, 152, 147, 166, 85, 76, 207, 65, 47, 174, 195, 116, 251, 87, 39, 210, 78, 137, 213, 76, 161, 34, 169, 46, 59, 42, 26, 219, 236, 194, 223, 102, 80, 212, 128, 238, 5, 25, 238, 61, 111, 198, 208, 159, 187, 160, 104, 32, 195, 188, 76, 70, 11, 10, 133, 45, 120, 27, 137, 21, 144, 160, 99, 41, 125, 116, 54, 165, 31, 114, 94, 209, 226, 119, 28, 34, 70, 192, 228, 245, 166, 158, 160, 253, 78, 157, 197, 52, 232, 44, 19, 120, 216, 0, 12, 122, 166, 157, 238, 131, 1, 39, 129, 128, 2, 183, 247, 25, 245, 125, 169, 16, 46, 224, 113, 104, 131, 62, 79, 45, 158, 9, 20, 71, 5, 125, 54, 127, 136, 117, 245, 33, 95, 153, 186, 130, 244, 81, 11, 235, 154, 78, 242, 221, 17, 90, 230, 32, 121, 31, 11, 237, 155, 28, 67, 173, 202, 123, 214, 210, 250, 114, 163, 197, 42, 221, 87, 105, 30, 106, 42, 220, 36, 59, 201, 140, 153, 16, 41, 124, 60, 217, 2, 9, 163, 3, 206, 246, 82, 27, 179, 175, 178, 162, 241, 131, 151, 165, 152, 241, 161, 127, 42, 76, 28, 201, 220, 181, 159, 109, 209, 222, 49, 66, 180, 100, 249, 40, 96, 240, 95, 28, 148, 105, 45, 4, 188, 157, 232, 105, 203, 229, 203, 111, 46, 114, 9, 236, 33, 120, 74, 68, 72, 108, 72, 167, 241, 183, 109, 14, 107, 101, 2, 209, 5, 57, 222, 165, 120, 126, 157, 221, 89, 1, 121, 47, 17, 124, 130, 190, 179, 32, 149, 208, 253, 9, 85, 240, 223, 134, 115, 16, 50, 41, 252, 98, 202, 173, 246, 57, 26, 92, 161, 241, 25, 199, 36, 134, 177, 118, 105, 97, 93, 159, 27, 165, 234, 28, 191, 108, 22, 94, 39, 23, 132, 187, 100, 238, 140, 110, 178, 132, 185, 191, 43, 163, 65, 113, 132, 141, 91, 80, 210, 194, 42, 204, 21, 76, 227, 139, 85, 119, 41, 84, 251, 15, 251, 218, 84, 240, 204, 40, 189, 252, 90, 225, 149, 76, 237, 164, 11, 228, 56, 24, 149, 223, 190, 56, 142, 76, 207, 222, 239, 142, 196, 66, 224, 19, 29, 184, 237, 200, 21, 58, 180, 64, 94, 122, 60, 240, 185, 198, 97, 88, 35, 100, 123, 245, 229, 255, 243, 138, 192, 253, 70, 196, 211, 40, 119, 29, 164, 192, 178, 35, 180, 11, 171, 90, 160, 199, 51, 199, 116, 175, 74, 130, 199, 216, 63, 221, 14, 177, 19, 32, 98, 80, 136, 140, 100, 61, 165, 8, 202, 189, 13, 28, 78, 177, 254, 244, 48, 71, 21, 195, 203, 142, 1, 62, 126, 222, 153, 248, 42, 54, 251, 194, 157, 76, 68, 222, 65, 86, 4, 38, 139, 186, 22, 200, 113, 184, 238, 181, 186, 89, 180, 70, 100, 238, 205, 76, 207, 154, 42, 199, 42, 73, 43, 242, 194, 132, 131, 94, 194, 140, 211, 40, 63, 64, 203, 38, 43, 80, 248, 209, 175, 59, 56, 219, 133, 226, 154, 190, 147, 230, 167, 197, 52, 137, 164, 51, 195, 168, 55, 75, 92, 67, 214, 47, 110, 198, 137, 51, 231, 217, 48, 125, 128, 111, 179, 117, 146, 148, 225, 41, 174, 164, 117, 197, 68, 148, 155, 16, 108, 99, 177, 30, 98, 128, 134, 3, 15, 55, 135, 101, 168, 18, 231, 125, 161, 229, 84, 30, 108, 15, 64, 236, 206, 249, 139, 161, 109, 96, 50, 74, 17, 89, 146, 244, 231, 40, 200, 31, 175, 90, 31, 54, 241, 208, 106, 222, 141, 208, 198, 239, 17, 162, 160, 180, 103, 250, 31, 6, 172, 183, 142, 246, 144, 65, 47, 178, 92, 145, 166, 14, 94, 11, 250, 15, 6, 100, 95, 130, 102, 33, 85, 233, 29, 242, 225, 59, 227, 111, 29, 204, 216, 140, 151, 242, 107, 229, 9, 10, 99, 35, 33, 25, 63, 247, 143, 84, 21, 180, 152, 13, 62, 172, 252, 77, 207, 99, 179, 91, 13, 205, 246, 86, 127, 36, 132, 119, 160, 184, 200, 35, 100, 140, 235, 13, 186, 202, 198, 220, 159, 227, 127, 18, 112, 3, 90, 209, 111, 209, 110, 27, 28, 64, 61, 167, 60, 77, 0, 68, 238, 147, 121, 179, 167, 62, 68, 42, 179, 142, 24, 180, 150, 161, 99, 42, 117, 252, 117, 48, 187, 249, 36, 184, 6, 183, 45, 213, 50, 75, 172, 216, 1, 247, 18, 0, 221, 23, 44, 20, 153, 196, 5, 124, 9, 116, 123, 129, 188, 218, 67, 15, 9, 195, 214, 252, 117, 48, 129, 137, 208, 141, 84, 8, 252, 254, 161, 161, 91, 119, 83, 27, 134, 38, 46, 40, 238, 59, 14, 230, 68, 6, 129, 236, 43, 177, 129, 157, 156, 201, 187, 179, 224, 124, 223, 40, 31, 26, 0, 200, 19, 79, 94, 15, 244, 208, 165, 102, 105, 201, 162, 188, 136, 167, 197, 163, 153, 234, 197, 119, 165, 27, 86, 152, 144, 105, 116, 239, 148, 194, 127, 105, 71, 105, 112, 7, 252, 43, 60, 126, 95, 4, 41, 209, 47, 170, 123, 212, 152, 25, 166, 107, 73, 212, 248, 78, 72, 88, 174, 182, 213, 72, 240, 74, 202, 144, 250, 8, 118, 199, 138, 97, 75, 63, 202, 139, 86, 47, 137, 224, 242, 150, 39, 33, 213, 7, 182, 5, 162, 119, 162, 110, 172, 21, 126, 95, 246, 70, 207, 43, 232, 221, 79, 45, 207, 204, 162, 97, 49, 140, 199, 249, 202, 228, 200, 249, 171, 210, 220, 147, 249, 211, 69, 150, 121, 244, 23, 236, 92, 108, 236, 35, 62, 86, 122, 246, 151, 138, 185, 9, 142, 242, 114, 44, 65, 17, 91, 27, 92, 133, 54, 140, 128, 245, 26, 209, 153, 201, 131, 6, 206, 3, 52, 35, 153, 108, 16, 97, 221, 138, 90, 134, 243, 230, 146, 4, 54, 75, 95, 43, 151, 94, 223, 186, 44, 239, 90, 48, 79, 33, 52, 68, 85, 174, 76, 47, 142, 246, 17, 121, 173, 240, 126, 253, 208, 201, 130, 28, 160, 157, 52, 35, 167, 203, 89, 232, 203, 183, 255, 32, 209, 98, 85, 33, 188, 35, 25, 33, 57, 191, 158, 10, 72, 65, 30, 11, 95, 168, 102, 60, 234, 230, 225, 179, 91, 206, 151, 135, 47, 153, 255, 248, 217, 5, 8, 99, 66, 191, 224, 10, 34, 248, 216, 81, 50, 131, 99, 153, 132, 98, 50, 106, 214, 236, 1, 68, 44, 152, 5, 200, 182, 100, 203, 103, 13, 239, 178, 8, 137, 216, 147, 10, 254, 94, 186, 241, 249, 62, 77, 210, 139, 12, 206, 28, 86, 24, 234, 107, 155, 237, 156, 137, 95, 212, 127, 130, 126, 232, 112, 198, 194, 23, 161, 14, 188, 132, 87, 140, 99, 138, 44, 135, 169, 188, 249, 117, 46, 50, 134, 75, 3, 58, 47, 197, 5, 225, 174, 174, 171, 230, 16, 110, 238, 229, 216, 28, 76, 108, 75, 103, 168, 102, 73, 177, 105, 235, 126, 41, 211, 91, 121, 193, 166, 200, 14, 187, 217, 249, 21, 202, 8, 26, 162, 47, 64, 219, 4, 4, 150, 217, 226, 128, 57, 112, 73, 143, 205, 222, 145, 169, 34, 154, 254, 232, 22, 198, 236, 96, 66, 101, 160, 37, 21, 68, 92, 242, 47, 202, 122, 13, 66, 197, 214, 155, 246, 219, 135, 188, 136, 131, 109, 210, 183, 119, 171, 201, 190, 59, 242, 31, 206, 215, 90, 114, 29, 234, 148, 19, 199, 53, 207, 18, 26, 172, 71, 18, 31, 70, 30, 97, 220, 79, 39, 85, 137, 2, 225, 35, 122, 165, 124, 183, 134, 222, 220, 151, 45, 62, 153, 251, 248, 146, 235, 26, 201, 116, 18, 248, 193, 214, 123, 17, 184, 111, 197, 117, 103, 100, 161, 32, 158, 126, 192, 48, 190, 217, 118, 161, 5, 46, 12, 168, 227, 199, 92, 2, 69, 216, 76, 11, 199, 188, 178, 149, 80, 21, 79, 79, 29, 43, 154, 61, 21, 159, 102, 254, 36, 13, 170, 179, 231, 184, 237, 59, 202, 101, 197, 3, 153, 131, 199, 57, 250, 60, 18, 194, 225, 95, 5, 52, 137, 149, 135, 125, 190, 248, 204, 145, 171, 214, 155, 170, 192, 67, 105, 132, 120, 154, 15, 19, 125, 146, 89, 116, 70, 25, 137, 156, 214, 80, 101, 175, 79, 68, 6, 45, 73, 18, 9, 173, 76, 1, 158, 146, 245, 206, 179, 156, 18, 255, 178, 19, 166, 61, 213, 128, 226, 217, 180, 54, 59, 252, 89, 62, 230, 39, 193, 198, 236, 18, 112, 176, 53, 57, 51, 44, 45, 38, 224, 236, 202, 99, 161, 33, 57, 207, 100, 168, 190, 116, 223, 233, 75, 223, 182, 226, 215, 136, 107, 229, 29, 63, 231, 215, 64, 242, 230, 74, 141, 251, 139, 15, 110, 74, 125, 41, 6, 251, 42, 42, 29, 108, 85, 107, 236, 19, 124, 135, 43, 168, 49, 80, 173, 131, 193, 18, 86, 6, 233, 52, 157, 24, 77, 20, 16, 232, 246, 21, 188, 131, 124, 24, 244, 18, 203, 208, 8, 226, 6, 50, 189, 247, 73, 243, 148, 145, 38, 36, 12, 168, 63, 185, 188, 86, 106, 202, 79, 78, 189, 1, 52, 23, 28, 238, 166, 94, 132, 10, 177, 226, 16, 19, 110, 235, 151, 83, 114, 254, 233, 192, 39, 95, 39, 110, 146, 208, 12, 140, 225, 133, 198, 39, 72, 27, 108, 114, 55, 213, 147, 241, 245, 109, 98, 172, 158, 62, 221, 73, 207, 12, 184, 84, 55, 96, 5, 65, 4, 10, 66, 146, 3, 10, 32, 18, 145, 246, 149, 32, 34, 147, 115, 40, 209, 234, 186, 112, 64, 144, 193, 134, 188, 232, 30, 133, 218, 71, 48, 36, 40, 195, 74, 255, 211, 106, 72, 1, 166, 242, 105, 109, 62, 152, 74, 67, 72, 138, 184, 237, 146, 192, 77, 108, 7, 45, 130, 250, 28, 0, 143, 154, 75, 160, 243, 46, 16, 100, 193, 36, 172, 26, 177, 220, 147, 247, 26, 71, 142, 249, 101, 238, 88, 243, 221, 61, 108, 82, 71, 36, 204, 101, 49, 170, 94, 148, 223, 188, 159, 205, 196, 10, 124, 137, 202, 75, 47, 183, 204, 8, 247, 209, 194, 242, 84, 114, 21, 164, 216, 112, 77, 126, 199, 115, 32, 122, 19, 234, 143, 154, 124, 188, 160, 18, 59, 66, 53, 187, 200, 175, 24, 239, 208, 96, 166, 130, 33, 91, 226, 164, 171, 142, 27, 70, 48, 237, 118, 4, 60, 84, 138, 64, 181, 112, 124, 10, 46, 123, 213, 61, 201, 22, 227, 197, 117, 152, 227, 170, 200, 237, 30, 214, 134, 155, 26, 41, 68, 114, 5, 47, 39, 47, 170, 54, 9, 167, 140, 18, 244, 88, 50, 151, 250, 74, 83, 60, 138, 162, 130, 68, 222, 42, 171, 218, 104, 78, 247, 109, 185, 64, 238, 43, 191, 191, 3, 20, 17, 86, 83, 11, 105, 138, 180, 74, 202, 161, 164, 249, 6, 8, 129, 104, 177, 222, 142, 9, 172, 220, 198, 10, 110, 251, 139, 224, 77, 76, 150, 31, 56, 188, 166, 9, 138, 173, 109, 217, 161, 50, 7, 112, 17, 255, 12, 250, 249, 215, 30, 125, 104, 210, 167, 159, 232, 16, 30, 104, 34, 245, 59, 157, 40, 173, 118, 28, 226, 159, 175, 252, 39, 95, 13, 3, 235, 234, 13, 167, 208, 178, 54, 70, 125, 254, 169, 55, 157, 34, 196, 223, 159, 188, 157, 51, 157, 80, 57, 18, 123, 130, 15, 49, 251, 120, 47, 189, 168, 110, 40, 77, 31, 238, 143, 50, 200, 49, 174, 188, 50, 171, 7, 57, 51, 2, 36, 138, 168, 14, 110, 34, 116, 43, 214, 114, 41, 246, 152, 128, 98, 246, 90, 28, 143, 228, 47, 50, 184, 79, 15, 88, 67, 209, 243, 1, 133, 158, 97, 3, 176, 183, 133, 7, 135, 254, 65, 246, 35, 250, 233, 49, 113, 80, 141, 211, 113, 4, 224, 73, 111, 118, 15, 42, 141, 104, 115, 94, 90, 66, 118, 245, 133, 186, 39, 18, 148, 83, 255, 60, 221, 17, 213, 206, 175, 209, 88, 38, 215, 165, 161, 130, 221, 207, 210, 105, 132, 254, 0, 251, 85, 146, 147, 128, 209, 59, 215, 25, 33, 90, 105, 20, 225, 20, 87, 206, 187, 84, 84, 76, 170, 42, 115, 209, 132, 238, 203, 223, 150, 117, 13, 243, 83, 132, 16, 187, 70, 247, 198, 44, 211, 99, 229, 210, 7, 222, 122, 19, 239, 130, 105, 71, 71, 7, 168, 190, 151, 93, 129, 65, 56, 160, 169, 45, 253, 238, 134, 13, 92, 13, 242, 22, 90, 86, 91, 38, 160, 227, 167, 169, 252, 88, 166, 127, 254, 239, 145, 166, 72, 54, 251, 123, 194, 56, 184, 179, 108, 195, 222, 204, 203, 236, 199, 38, 235, 233, 188, 157, 48, 38, 105, 216, 61, 55, 80, 94, 177, 52, 42, 221, 20, 137, 178, 83, 108, 229, 237, 51, 107, 68, 92, 222, 225, 238, 177, 6, 142, 65, 240, 123, 147, 238, 253, 48, 43, 9, 251, 144, 44, 206, 180, 235, 0, 53, 213, 66, 224, 220, 215, 231, 255, 90, 246, 205, 131, 60, 53, 3, 226, 10, 91, 202, 199, 246, 216, 240, 167, 160, 121, 57, 153, 87, 191, 157, 102, 84, 155, 154, 138, 217, 91, 139, 3, 185, 243, 108, 47, 142, 65, 30, 12, 163, 187, 194, 111, 220, 67, 10, 146, 75, 174, 75, 163, 59, 120, 110, 91, 224, 173, 128, 246, 68, 66, 110, 252, 46, 238, 18, 10, 29, 210, 40, 101, 117, 89, 78, 42, 244, 6, 60, 156, 217, 85, 54, 39, 219, 122, 74, 180, 186, 250, 57, 163, 76, 54, 67, 70, 80, 219, 97, 107, 107, 209, 24, 224, 180, 69, 140, 90, 41, 147, 111, 64, 251, 196, 30, 254, 232, 20, 239, 219, 254, 210, 246, 203, 210, 115, 163, 87, 52, 74, 186, 177, 169, 50, 34, 70, 72, 108, 179, 204, 58, 210, 18, 212, 231, 235, 16, 189, 231, 142, 148, 85, 47, 36, 15, 114, 28, 195, 187, 8, 105, 66, 147, 24, 108, 229, 46, 213, 21, 74, 213, 214, 255, 195, 62, 63, 212, 132, 42, 36, 204, 0, 227, 214, 242, 33, 120, 74, 108, 144, 106, 154, 227, 47, 177, 20, 83, 162, 42, 215, 8, 246, 29, 152, 178, 69, 11, 45, 252, 91, 54, 17, 168, 104, 26, 105, 39, 160, 90, 72, 119, 152, 43, 242, 21, 28, 153, 230, 69, 208, 11, 150, 100, 104, 11, 11, 147, 86, 207, 135, 192, 53, 23, 171, 222, 235, 17, 158, 227, 203, 148, 249, 18, 67, 83, 93, 214, 95, 154, 56, 121, 199, 23, 169, 216, 230, 197, 13, 192, 104, 166, 2, 251, 134, 61, 25, 209, 84, 243, 235, 207, 21, 144, 30, 134, 80, 92, 27, 55, 136, 121, 152, 137, 228, 46, 96, 72, 82, 67, 55, 149, 240, 243, 91, 74, 167, 136, 193, 241, 196, 162, 44, 149, 134, 38, 120, 53, 222, 207, 12, 255, 251, 232, 4, 233, 215, 47, 197, 159, 165, 1, 212, 190, 51, 187, 38, 23, 105, 119, 114, 179, 159, 2, 42, 100, 130, 108, 115, 137, 255, 108, 56, 161, 40, 14, 222, 240, 145, 17, 32, 62, 210, 101, 177, 94, 71, 107, 20, 187, 96, 29, 85, 18, 54, 111, 120, 146, 144, 26, 15, 207, 183, 72, 255, 142, 173, 103, 6, 110, 186, 13, 13, 47, 211, 99, 102, 217, 93, 136, 99, 112, 254, 181, 203, 117, 221, 195, 134, 59, 41, 231, 180, 202, 79, 96, 114, 181, 39, 91, 69, 210, 158, 45, 69, 62, 215, 234, 89, 212, 172, 220, 99, 172, 155, 192, 157, 72, 108, 64, 82, 10, 95, 243, 161, 139, 141, 219, 196, 194, 0, 252, 75, 177, 246, 36, 186, 86, 141, 223, 103, 163, 128, 28, 179, 100, 194, 93, 34, 78, 198, 59, 216, 97, 45, 229, 235, 196, 84, 42, 45, 154, 234, 153, 52, 141, 249, 43, 247, 46, 10, 220, 143, 197, 120, 233, 143, 194, 119, 195, 167, 53, 15, 249, 112, 206, 112, 136, 83, 233, 171, 198, 234, 139, 23, 4, 46, 96, 182, 22, 63, 0, 53, 154, 10, 7, 213, 132, 210, 97, 103, 190, 114, 205, 63, 201, 171, 172, 69, 95, 187, 18, 231, 182, 0, 58, 193, 195, 21, 38, 99, 33, 46, 192, 60, 140, 127, 35, 86, 1, 134, 79, 47, 34, 75, 217, 75, 169, 4, 69, 40, 180, 233, 138, 166, 53, 141, 83, 153, 170, 153, 188, 137, 43, 180, 48, 177, 30, 60, 250, 67, 120, 157, 112, 218, 14, 98, 26, 103, 123, 205, 110, 84, 126, 183, 240, 205, 200, 230, 127, 177, 103, 12, 159, 228, 14, 139, 236, 199, 150, 235, 81, 218, 168, 70, 240, 208, 126, 0, 244, 58, 152, 50, 74, 192, 110, 171, 89, 67, 161, 92, 207, 40, 205, 7, 160, 2, 26, 22, 214, 83, 235, 181, 166, 68, 59, 38, 239, 157, 151, 193, 237, 150, 182, 46, 227, 109, 235, 92, 53, 85, 186, 114, 37, 227, 64, 128, 135, 118, 15, 198, 149, 92, 17, 39, 229, 97, 84, 2, 3, 53, 135, 208, 57, 168, 189, 203, 121, 60, 163, 193, 85, 17, 48, 20, 184, 225, 55, 196, 193, 219, 25, 191, 155, 49, 12, 165, 45, 223, 3, 198, 225, 34, 140, 213, 149, 126, 251, 101, 239, 116, 129, 9, 15, 47, 214, 91, 88, 165, 231, 144, 82, 8, 14, 106, 33, 132, 160, 199, 196, 22, 157, 70, 74, 125, 200, 81, 214, 126, 106, 140, 64, 65, 193, 145, 46, 148, 27, 150, 33, 85, 63, 166, 239, 13, 24, 177, 32, 28, 44, 127, 238, 80, 221, 117, 71, 150, 189, 101, 119, 139, 25, 129, 255, 157, 70, 143, 98, 21, 175, 133, 150, 168, 202, 178, 217, 17, 15, 209, 109, 52, 171, 70, 77, 144, 221, 69, 40, 34, 236, 7, 77, 199, 33, 126, 36, 59, 128, 134, 138, 74, 179, 126, 19, 192, 61, 103, 194, 144, 36, 195, 166, 25, 96, 148, 14, 79, 104, 149, 192, 103, 37, 253, 6, 37, 240, 64, 60, 31, 91, 128, 61, 138, 94, 239, 42, 73, 218, 135, 235, 213, 37, 15, 57, 189, 178, 133, 18, 54, 127, 113, 167, 211, 243, 113, 52, 52, 104, 5, 60, 113, 139, 243, 191, 27, 159, 170, 134, 94, 216, 158, 118, 98, 33, 107, 35, 168, 218, 187, 27, 213, 90, 81, 240, 140, 101, 44, 25, 79, 209, 233, 153, 214, 218, 126, 197, 188, 78, 104, 206, 226, 152, 91, 33, 195, 45, 219, 36, 85, 145, 46, 186, 24, 178, 177, 81, 103, 233, 48, 187, 232, 166, 66, 186, 245, 168, 49, 225, 244, 74, 237, 243, 73, 22, 85, 228, 252, 46, 68, 24, 209, 32, 77, 136, 173, 71, 158, 7, 230, 191, 84, 187, 24, 7, 55, 30, 152, 139, 230, 121, 45, 140, 115, 205, 120, 27, 100, 206, 148, 37, 91, 242, 176, 35, 149, 130, 12, 50, 226, 36, 113, 52, 148, 189, 188, 254, 252, 238, 59, 38, 79, 184, 212, 144, 216, 248, 5, 181, 230, 131, 135, 31, 117, 255, 38, 254, 30, 61, 167, 158, 182, 149, 254, 18, 177, 11, 34, 179, 82, 55, 151, 61, 4, 152, 140, 198, 31, 207, 245, 17, 12, 165, 180, 11, 150, 182, 61, 76, 212, 64, 6, 238, 213, 94, 19, 121, 108, 214, 64, 194, 173, 61, 127, 89, 139, 82, 157, 169, 16, 208, 191, 2, 62, 25, 38, 2, 104, 174, 142, 239, 131, 87, 42, 175, 12, 202, 169, 226, 185, 234, 205, 103, 60, 10, 83, 5, 141, 78, 78, 234, 87, 37, 57, 32, 123, 53, 156, 17, 72, 225, 2, 64, 142, 160, 48, 45, 66, 42, 56, 94, 113, 238, 106, 68, 192, 217, 135, 20, 151, 55, 111, 183, 68, 46, 121, 3, 228, 218, 133, 11, 229, 106, 48, 34, 106, 45, 104, 53, 249, 229, 214, 120, 180, 85, 148, 196, 147, 1, 96, 190, 36, 241, 169, 228, 139, 61, 40, 238, 69, 36, 83, 26, 175, 173, 189, 254, 55, 180, 122, 224, 254, 20, 186, 64, 145, 105, 5, 141, 65, 233, 130, 234, 170, 153, 196, 109, 187, 135, 97, 107, 93, 124, 46, 35, 216, 160, 32, 114, 147, 133, 123, 28, 12, 107, 46, 58, 18, 89, 76, 16, 17, 20, 169, 73, 9, 181, 203, 216, 213, 164, 39, 23, 52, 142, 18, 19, 125, 8, 14, 9, 35, 101, 23, 128, 124, 193, 40, 130, 31, 66, 107, 244, 167, 147, 245, 228, 67, 112, 53, 123, 217, 231, 90, 96, 60, 209, 8, 19, 43, 2, 117, 25, 2, 7, 174, 157, 24, 168, 30, 154, 165, 69, 116, 76, 202, 90, 54, 1, 82, 221, 104, 23, 75, 112, 90, 80, 208, 153, 219, 28, 210, 49, 27, 172, 234, 107, 204, 204, 127, 140, 45, 141, 112, 198, 137, 227, 36, 249, 126, 56, 172, 167, 185, 124, 66, 97, 185, 194, 221, 100, 233, 25, 148, 77, 170, 172, 60, 109, 94, 31, 202, 164, 240, 94, 94, 50, 117, 123, 52, 201, 247, 75, 224, 79, 183, 244, 162, 239, 132, 253, 123, 66, 175, 16, 66, 230, 219, 54, 192, 164, 250, 250, 244, 123, 239, 31, 165, 91, 123, 230, 10, 222, 242, 23, 172, 81, 148, 223, 240, 84, 16, 193, 152, 233, 248, 47, 113, 0, 68, 161, 251, 188, 78, 96, 23, 192, 60, 215, 143, 98, 131, 35, 211, 84, 127, 143, 213, 203, 146, 85, 166, 227, 179, 185, 59, 240, 62, 22, 251, 245, 168, 20, 32, 157, 105, 71, 106, 163, 104, 243, 141, 76, 147, 79, 57, 48, 243, 149, 147, 103, 146, 52, 197, 143, 183, 166, 158, 254, 97, 35, 2, 123, 166, 210, 59, 0, 73, 110, 54, 185, 231, 95, 39, 204, 231, 181, 123, 10, 156, 220, 159, 36, 158, 47, 93, 50, 95, 204, 5, 170, 3, 12, 36, 167, 53, 207, 202, 139, 118, 72, 246, 1, 51, 9, 208, 4, 64, 191, 217, 248, 53, 2, 235, 193, 109, 36, 87, 28, 39, 95, 151, 47, 238, 21, 33, 161, 233, 89, 238, 13, 160, 9, 208, 246, 128, 165, 242, 12, 171, 197, 237, 146, 255, 230, 76, 187, 150, 33, 107, 194, 240, 49, 14, 175, 138, 6, 37, 160, 169, 111, 53, 196, 83, 4, 218, 120, 92, 161, 31, 48, 102, 7, 191, 177, 148, 158, 241, 57, 212, 39, 18, 219, 170, 39, 121, 101, 79, 26, 221, 234, 187, 184, 85, 77, 99, 80, 243, 165, 7, 44, 78, 122, 126, 58, 126, 43, 100, 81, 190, 78, 142, 36, 84, 115, 85, 199, 224, 254, 80, 16, 12, 5, 191, 64, 24, 177, 153, 116, 249, 201, 202, 32, 253, 98, 91, 11, 165, 135, 147, 182, 202, 238, 22, 200, 157, 58, 2, 187, 25, 110, 164, 45, 77, 211, 6, 105, 37, 224, 251, 42, 146, 254, 88, 2, 212, 190, 10, 188, 60, 251, 126, 215, 198, 204, 238, 153, 118, 49, 12, 77, 102, 152, 71, 6, 11, 36, 128, 226, 12, 28, 69, 236, 211, 221, 106, 59, 255, 146, 158, 210, 203, 40, 121, 10, 118, 87, 216, 56, 159, 72, 100, 172, 253, 56, 14, 13, 106, 196, 75, 221, 100, 137, 41, 102, 107, 102, 99, 217, 171, 68, 77, 222, 46, 224, 128, 57, 189, 163, 71, 205, 200, 204, 233, 76, 252, 204, 225, 0, 244, 106, 222, 131, 114, 124, 193, 219, 116, 17, 105, 157, 251, 2, 60, 202, 229, 201, 148, 101, 27, 101, 234, 45, 205, 93, 172, 172, 0, 9, 227, 27, 61, 12, 113, 16, 90, 137, 120, 4, 75, 130, 4, 161, 162, 229, 126, 253, 41, 39, 131, 46, 66, 189, 92, 118, 28, 108, 158, 228, 136, 202, 137, 42, 7, 72, 93, 43, 159, 54, 149, 212, 169, 167, 15, 133, 242, 211, 30, 245, 166, 74, 117, 123, 51, 174, 198, 210, 31, 79, 145, 13, 151, 86, 224, 30, 20, 46, 206, 17, 210, 39, 254, 90, 224, 186, 33, 85, 247, 3, 49, 208, 177, 230, 57, 225, 218, 32, 88, 207, 65, 44, 38, 115, 152, 85, 20, 47, 156, 197, 143, 228, 130, 156, 47, 80, 108, 239, 54, 116, 125, 111, 8, 71, 110, 85, 80, 187, 19, 12, 199, 170, 153, 145, 66, 118, 254, 161, 147, 5, 118, 22, 14, 235, 11, 253, 58, 41, 12, 66, 6, 226, 159, 240, 120, 122, 164, 24, 101, 131, 246, 66, 197, 81, 137, 138, 57, 116, 186, 150, 111, 43, 177, 109, 254, 235, 57, 48, 97, 211, 99, 167, 252, 37, 229, 198, 57, 176, 246, 238, 193, 63, 74, 50, 247, 244, 168, 52, 130, 132, 22, 134, 126, 15, 121, 124, 207, 236, 244, 189, 161, 97, 135, 4, 191, 186, 52, 223, 155, 56, 57, 198, 225, 207, 47, 158, 217, 107, 143, 56, 155, 3, 89, 141, 207, 3, 22, 206, 112, 66, 39, 233, 9, 70, 159, 21, 249, 51, 219, 55, 191, 149, 114, 190, 58, 34, 209, 183, 148, 149, 4, 161, 23, 222, 150, 126, 101, 18, 154, 34, 253, 112, 188, 167, 94, 247, 147, 203, 235, 155, 47, 209, 104, 77, 87, 143, 190, 114, 167, 222, 141, 47, 198, 17, 7, 213, 212, 139, 207, 7, 10, 172, 206, 112, 81, 173, 55, 162, 151, 38, 251, 9, 223, 25, 2, 129, 190, 195, 121, 154, 251, 46, 228, 65, 33, 88, 246, 245, 36, 215, 62, 22, 196, 90, 62, 225, 204, 5, 180, 124, 32, 244, 129, 30, 143, 54, 159, 65, 18, 223, 198, 57, 7, 46, 197, 48, 153, 22, 146, 124, 91, 227, 165, 14, 122, 118, 203, 88, 252, 21, 230, 233, 159, 26, 133, 232, 159, 80, 173, 195, 2, 223, 133, 49, 171, 104, 200, 123, 187, 53, 82, 190, 70, 227, 46, 24, 123, 214, 55, 96, 209, 20, 129, 170, 39, 34, 4, 136, 81, 240, 211, 233, 203, 94, 138, 105, 204, 233, 6, 220, 182, 248, 150, 254, 74, 115, 225, 1, 26, 92, 212, 147, 4, 200, 27, 201, 233, 58, 174, 229, 18, 77, 209, 24, 90, 105, 216, 85, 198, 74, 114, 73, 112, 2, 112, 226, 212, 72, 179, 34, 30, 204, 24, 130, 22, 149, 106, 226, 169, 214, 155, 231, 241, 214, 216, 182, 154, 98, 78, 145, 233, 124, 27, 18, 130, 99, 190, 4, 209, 223, 63, 46, 177, 205, 117, 80, 147, 29, 82, 132, 148, 102, 183, 39, 51, 237, 68, 192, 194, 173, 191, 209, 254, 208, 144, 125, 32, 195, 85, 24, 123, 197, 16, 45, 55, 243, 214, 157, 107, 254, 153, 198, 208, 50, 132, 10, 7, 99, 118, 120, 93, 18, 166, 90, 194, 90, 186, 181, 51, 156, 230, 80, 7, 66, 81, 35, 105, 203, 171, 91, 171, 247, 120, 240, 155, 243, 245, 183, 212, 185, 247, 57, 85, 80, 107, 1, 153, 222, 107, 46, 235, 193, 112, 65, 47, 239, 56, 13, 17, 143, 247, 8, 75, 112, 102, 112, 123, 159, 182, 62, 254, 118, 6, 188, 238, 10, 66, 177, 207, 141, 20, 32, 161, 173, 45, 238, 13, 21, 63, 10, 180, 161, 172, 235, 239, 123, 113, 111, 247, 115, 171, 244, 18, 36, 133, 167, 215, 203, 33, 31, 95, 222, 153, 114, 118, 160, 139, 189, 175, 156, 29, 21, 38, 94, 25, 165, 236, 147, 172, 161, 52, 151, 52, 68, 32, 74, 174, 69, 176, 75, 84, 204, 93, 152, 238, 37, 109, 68, 176, 202, 98, 152, 179, 9, 211, 186, 76, 146, 108, 2, 3, 169, 176, 188, 47, 37, 203, 246, 206, 174, 255, 55, 181, 70, 31, 78, 245, 154, 88, 158, 195, 162, 175, 214, 114, 42, 187, 151, 182, 51, 162, 188, 164, 245, 255, 107, 118, 102, 109, 85, 179, 164, 22, 212, 77, 132, 201, 157, 54, 239, 81, 157, 143, 23, 118, 183, 153, 29, 96, 147, 13, 23, 145, 27, 178, 107, 159, 97, 20, 168, 205, 32, 150, 122, 128, 204, 51, 140, 115, 79, 131, 75, 42, 0, 66, 150, 211, 15, 251, 33, 38, 91, 210, 207, 115, 13, 131, 154, 45, 246, 218, 218, 182, 164, 6, 203, 217, 69, 140, 119, 43, 4, 135, 122, 2, 177, 193, 135, 72, 159, 95, 24, 129, 214, 156, 33, 158, 52, 167, 177, 6, 121, 28, 133, 204, 76, 160, 115, 238, 196, 182, 86, 168, 225, 138, 23, 54, 238, 97, 225, 221, 179, 5, 5, 118, 48, 147, 136, 136, 103, 167, 92, 25, 124, 119, 135, 114, 174, 221, 153, 235, 69, 202, 160, 182, 107, 234, 232, 40, 18, 87, 231, 235, 100, 238, 39, 94, 252, 187, 218, 121, 34, 49, 65, 33, 165, 13, 139, 149, 186, 81, 23, 12, 43, 202, 166, 18, 193, 135, 246, 206, 224, 102, 21, 102, 43, 62, 23, 120, 59, 63, 233, 206, 61, 69, 53, 251, 192, 218, 55, 198, 151, 82, 53, 169, 180, 113, 46, 1, 182, 87, 183, 94, 39, 150, 127, 97, 66, 178, 34, 10, 194, 39, 163, 29, 227, 159, 122, 102, 59, 132, 63, 218, 89, 75, 195, 159, 39, 88, 61, 53, 55, 230, 83, 61, 226, 186, 11, 26, 54, 69, 14, 193, 158, 12, 197, 244, 190, 87, 178, 133, 251, 5, 149, 194, 79, 121, 82, 148, 223, 250, 252, 21, 1, 46, 57, 242, 7, 254, 193, 45, 95, 110, 24, 151, 82, 235, 61, 73, 20, 139, 22, 207, 109, 87, 17, 226, 186, 249, 180, 64, 82, 162, 207, 56, 178, 34, 184, 222, 178, 243, 236, 132, 160, 219, 26, 179, 86, 184, 9, 40, 2, 230, 36, 16, 60, 140, 191, 194, 96, 114, 214, 162, 249, 99, 180, 214, 43, 31, 159, 85, 252, 223, 122, 213, 111, 238, 47, 151, 139, 133, 206, 240, 23, 224, 96, 111, 119, 246, 147, 39, 7, 153, 241, 66, 74, 225, 166, 151, 70, 18, 244, 119, 172, 255, 160, 13, 24, 203, 38, 70, 20, 102, 102, 46, 204, 78, 3, 182, 203, 71, 31, 189, 85, 225, 46, 25, 240, 152, 28, 190, 96, 189, 54, 255, 92, 156, 104, 158, 180, 242, 26, 96, 105, 179, 35, 99, 156, 250, 240, 131, 180, 5, 65, 120, 70, 172, 18, 162, 86, 178, 196, 136, 120, 139, 78, 120, 161, 170, 180, 111, 56, 248, 18, 246, 70, 234, 220, 33, 27, 42, 244, 90, 241, 28, 75, 81, 165, 32, 42, 33, 75, 12, 66, 108, 70, 190, 171, 175, 29, 244, 148, 33, 127, 128, 9, 1, 160, 82, 38, 156, 81, 141, 203, 196, 35, 44, 250, 131, 248, 27, 100, 249, 195, 104, 251, 133, 169, 234, 71, 194, 8, 23, 51, 41, 113, 221, 10, 82, 87, 57, 4, 242, 92, 72, 195, 249, 226, 45, 174, 56, 224, 255, 140, 40, 219, 13, 194, 251, 164, 238, 65, 220, 226, 86, 232, 39, 67, 247, 33, 138, 30, 30, 70, 61, 243, 99, 248, 141, 204, 177, 73, 99, 68, 108, 185, 158, 82, 253, 190, 50, 127, 216, 207, 229, 84, 199, 52, 175, 229, 60, 37, 99, 80, 192, 236, 165, 231, 66, 55, 221, 72, 84, 33, 143, 51, 56, 215, 224, 174, 81, 138, 53, 117, 40, 152, 180, 87, 156, 15, 93, 181, 23, 39, 214, 39, 182, 229, 146, 16, 151, 102, 190, 187, 216, 166, 74, 111, 31, 203, 175, 34, 5, 68, 45, 170, 85, 241, 18, 20, 161, 197, 236, 97, 73, 17, 235, 237, 108, 188, 8, 21, 252, 245, 27, 240, 215, 191, 1, 86, 66, 252, 90, 131, 216, 114, 108, 243, 244, 126, 195, 12, 84, 205, 226, 93, 60, 40, 138, 248, 183, 43, 185, 122, 191, 92, 60, 212, 230, 2, 47, 101, 117, 46, 249, 188, 182, 237, 238, 145, 34, 112, 204, 104, 224, 138, 220, 43, 7, 15, 112, 119, 141, 32, 249, 148, 153, 66, 85, 233, 32, 74, 157, 202, 59, 42, 215, 225, 94, 214, 115, 94, 222, 151, 54, 58, 160, 201, 38, 160, 69, 33, 112, 74, 88, 10, 36, 150, 206, 14, 80, 13, 119, 45, 132, 172, 224, 30, 24, 8, 192, 244, 21, 137, 249, 148, 230, 115, 34, 248, 78, 97, 254, 27, 220, 111, 31, 154, 234, 180, 81, 2, 49, 53, 233, 42, 154, 19, 38, 208, 131, 182, 86, 227, 9, 145, 50, 77, 179, 239, 232, 85, 37, 99, 83, 1, 152, 55, 18, 37, 95, 138, 207, 165, 246, 191, 113, 237, 7, 96, 64, 11, 94, 204, 185, 62, 72, 240, 217, 212, 191, 25, 35, 34, 187, 152, 121, 47, 70, 0, 149, 58, 210, 221, 96, 104, 121, 44, 86, 80, 112, 4, 85, 231, 127, 227, 253, 213, 192, 189, 216, 14, 75, 73, 84, 6, 8, 153, 85, 16, 195, 134, 132, 152, 58, 140, 46, 71, 173, 134, 113, 109, 236, 210, 154, 104, 220, 236, 44, 64, 204, 3, 41, 221, 193, 23, 20, 217, 80, 114, 204, 21, 49, 213, 21, 42, 129, 181, 103, 206, 132, 159, 229, 127, 226, 59, 52, 231, 10, 177, 25, 65, 148, 19, 239, 164, 206, 190, 16, 8, 46, 69, 7, 22, 87, 154, 40, 89, 182, 52, 101, 162, 75, 244, 174, 219, 230, 215, 97, 142, 119, 178, 122, 29, 45, 237, 6, 25, 144, 48, 252, 250, 99, 10, 110, 3, 130, 79, 16, 206, 59, 144, 15, 232, 25, 66, 16, 116, 204, 56, 144, 100, 128, 186, 206, 133, 74, 190, 144, 172, 205, 136, 142, 53, 68, 182, 5, 8, 168, 4, 92, 76, 74, 37, 153, 149, 11, 227, 30, 213, 85, 39, 37, 13, 70, 212, 227, 133, 122, 47, 153, 184, 84, 153, 67, 37, 156, 82, 6, 26, 53, 168, 120, 181, 233, 48, 152, 49, 40, 126, 166, 238, 132, 173, 140, 249, 216, 36, 238, 36, 212, 255, 0, 29, 8, 83, 99, 104, 21, 71, 50, 34, 222, 68, 245, 78, 220, 179, 216, 180, 222, 9, 236, 234, 150, 119, 159, 75, 45, 229, 65, 215, 169, 211, 238, 38, 88, 194, 207, 250, 121, 249, 205, 38, 86, 73, 75, 101, 59, 74, 15, 150, 105, 122, 200, 228, 42, 98, 43, 203, 195, 185, 72, 88, 229, 50, 214, 163, 68, 234, 197, 51, 210, 222, 105, 13, 157, 72, 218, 25, 97, 33, 237, 120, 230, 212, 48, 81, 10, 181, 109, 228, 66, 221, 229, 190, 6, 128, 254, 167, 97, 72, 247, 23, 187, 103, 53, 36, 201, 171, 69, 183, 35, 106, 118, 191, 45, 242, 223, 230, 167, 217, 17, 207, 63, 27, 193, 46, 204, 234, 196, 54, 73, 152, 236, 118, 226, 54, 227, 25, 169, 105, 23, 108, 94, 129, 100, 255, 45, 128, 186, 220, 212, 173, 37, 205, 203, 15, 87, 7, 220, 105, 201, 49, 150, 42, 172, 110, 126, 176, 117, 21, 22, 167, 238, 99, 120, 129, 121, 15, 128, 46, 15, 167, 26, 232, 116, 23, 0, 220, 4, 37, 201, 161, 200, 63, 146, 8, 81, 124, 221, 182, 153, 42, 221, 107, 131, 132, 223, 110, 190, 55, 50, 109, 18, 68, 133, 144, 254, 232, 136, 80, 58, 234, 214, 12, 99, 173, 103, 36, 51, 121, 10, 171, 110, 41, 149, 92, 173, 11, 12, 49, 125, 103, 9, 88, 107, 218, 250, 55, 198, 131, 177, 85, 50, 144, 91, 242, 125, 203, 45, 155, 54, 56, 16, 78, 92, 47, 147, 91, 50, 123, 87, 160, 96, 131, 6, 200, 252, 210, 122, 1, 166, 98, 46, 121, 135, 27, 32, 138, 107, 89, 12, 155, 233, 177, 128, 44, 15, 32, 41, 232, 159, 42, 109, 40, 217, 178, 253, 205, 22, 12, 15, 223, 253, 130, 94, 193, 49, 149, 199, 11, 247, 78, 169, 137, 238, 199, 252, 51, 95, 29, 239, 211, 195, 115, 129, 158, 238, 2, 148, 109, 55, 145, 212, 211, 179, 137, 149, 224, 168, 95, 130, 203, 152, 66, 244, 229, 28, 131, 17, 1, 131, 5, 195, 86, 159, 144, 141, 33, 175, 199, 97, 154, 213, 17, 198, 4, 140, 182, 73, 148, 33, 53, 165, 225, 96, 182, 136, 177, 35, 44, 155, 225, 176, 14, 244, 204, 43, 81, 229, 62, 103, 240, 44, 107, 224, 241, 119, 190, 146, 88, 114, 238, 143, 95, 245, 79, 202, 234, 131, 61, 16, 151, 16, 123, 219, 39, 183, 156, 227, 158, 24, 189, 108, 174, 149, 183, 184, 167, 97, 34, 246, 94, 20, 168, 54, 246, 202, 4, 196, 98, 32, 26, 9, 8, 246, 136, 19, 12, 52, 101, 30, 229, 22, 100, 103, 52, 0, 144, 53, 247, 23, 253, 104, 195, 72, 223, 100, 16, 84, 211, 101, 10, 21, 225, 166, 102, 255, 102, 165, 22, 113, 85, 185, 163, 242, 239, 241, 44, 61, 181, 251, 209, 49, 137, 105, 206, 46, 47, 5, 78, 61, 148, 74, 9, 6, 71, 198, 98, 89, 93, 136, 11, 46, 87, 212, 241, 65, 159, 248, 210, 132, 187, 207, 114, 45, 112, 30, 222, 151, 110, 235, 240, 116, 29, 64, 71, 106, 224, 8, 178, 151, 124, 115, 0, 167, 66, 230, 97, 241, 244, 215, 40, 248, 252, 80, 149, 81, 204, 123, 9, 114, 39, 198, 169, 101, 174, 126, 15, 71, 85, 243, 237, 113, 92, 89, 0, 228, 168, 159, 158, 65, 94, 75, 43, 142, 83, 44, 54, 124, 177, 80, 33, 117, 57, 81, 181, 83, 198, 178, 182, 8, 69, 190, 251, 34, 70, 201, 45, 210, 69, 179, 142, 142, 203, 82, 174, 230, 57, 49, 97, 159, 212, 153, 189, 43, 188, 43, 77, 81, 116, 125, 40, 182, 143, 65, 38, 27, 184, 192, 46, 123, 63, 88, 74, 199, 72, 57, 208, 151, 7, 135, 85, 75, 154, 100, 146, 141, 183, 168, 144, 240, 185, 11, 117, 193, 102, 240, 166, 202, 90, 9, 4, 38, 94, 214, 94, 168, 177, 220, 103, 123, 223, 87, 111, 239, 31, 57, 185, 85, 43, 71, 227, 172, 112, 97, 148, 165, 79, 151, 243, 131, 43, 194, 16, 79, 82, 96, 40, 66, 171, 238, 179, 137, 213, 40, 161, 82, 82, 234, 254, 43, 105, 38, 171, 236, 79, 220, 222, 12, 56, 6, 6, 136, 78, 202, 33, 210, 204, 45, 204, 251, 82, 61, 3, 170, 104, 194, 93, 156, 158, 180, 96, 18, 25, 185, 80, 220, 178, 120, 31, 241, 82, 253, 227, 4, 27, 72, 36, 99, 33, 46, 105, 143, 188, 254, 148, 245, 255, 31, 24, 103, 195, 120, 150, 27, 252, 89, 252, 156, 12, 132, 174, 34, 30, 101, 180, 30, 68, 121, 37, 86, 43, 251, 86, 237, 146, 187, 50, 109, 102, 178, 178, 233, 26, 126, 27, 131, 139, 25, 218, 187, 61, 164, 94, 228, 158, 1, 60, 196, 28, 221, 45, 72, 80, 87, 218, 14, 240, 71, 158, 118, 13, 10, 28, 203, 24, 152, 89, 224, 177, 71, 155, 104, 32, 224, 152, 93, 93, 22, 94, 35, 101, 101, 11, 185, 110, 214, 31, 249, 70, 42, 230, 253, 48, 179, 115, 35, 93, 29, 32, 192, 128, 123, 89, 131, 19, 147, 196, 103, 4, 255, 204, 150, 180, 33, 27, 111, 40, 135, 220, 89, 203, 77, 23, 2, 39, 10, 86, 200, 21, 97, 181, 247, 89, 16, 35, 104, 26, 176, 59, 4, 6, 203, 6, 255, 13, 110, 23, 253, 204, 66, 208, 179, 220, 169, 118, 44, 13, 192, 159, 148, 0, 6, 40, 29, 173, 204, 118, 51, 34, 207, 217, 104, 63, 49, 88, 139, 22, 32, 13, 72, 0, 134, 248, 208, 229, 139, 35, 202, 168, 77, 27, 163, 63, 175, 78, 151, 153, 245, 95, 97, 147, 129, 63, 46, 147, 54, 70, 185, 66, 222, 33, 182, 151, 66, 37, 190, 104, 165, 201, 168, 68, 152, 189, 197, 99, 186, 222, 191, 115, 99, 121, 207, 231, 48, 46, 228, 48, 21, 186, 89, 172, 79, 0, 189, 54, 12, 157, 124, 34, 154, 55, 237, 132, 12, 147, 177, 91, 189, 231, 128, 213, 128, 8, 49, 112, 70, 237, 204, 173, 174, 190, 103, 101, 240, 34, 97, 185, 83, 44, 55, 87, 209, 17, 255, 197, 52, 110, 176, 17, 221, 61, 46, 166, 241, 144, 111, 2, 163, 95, 129, 62, 4, 202, 53, 37, 87, 28, 87, 205, 17, 241, 78, 53, 61, 174, 182, 6, 32, 183, 179, 7, 68, 141, 192, 226, 250, 175, 97, 179, 29, 118, 57, 138, 236, 182, 152, 153, 150, 29, 182, 129, 67, 195, 89, 82, 68, 223, 204, 32, 43, 16, 97, 165, 99, 191, 121, 119, 7, 100, 139, 127, 90, 145, 14, 134, 137, 214, 253, 59, 171, 47, 185, 171, 250, 51, 70, 251, 113, 138, 149, 253, 206, 72, 56, 154, 232, 10, 187, 149, 68, 49, 248, 97, 74, 25, 233, 187, 53, 68, 72, 231, 104, 32, 30, 194, 231, 118, 228, 61, 182, 231, 22, 86, 17, 83, 227, 205, 82, 20, 154, 132, 161, 247, 155, 75, 163, 48, 47, 126, 94, 194, 117, 8, 5, 12, 208, 225, 54, 16, 176, 102, 32, 208, 123, 53, 204, 251, 162, 20, 125, 205, 73, 162, 39, 122, 234, 86, 230, 24, 227, 160, 3, 62, 95, 58, 246, 29, 224, 172, 171, 21, 13, 204, 111, 187, 78, 223, 109, 212, 158, 196, 101, 83, 123, 138, 84, 46, 106, 250, 186, 150, 102, 63, 27, 16, 39, 240, 174, 30, 88, 113, 241, 38, 121, 157, 123, 108, 25, 65, 184, 56, 98, 198, 205, 247, 0, 63, 90, 243, 120, 30, 179, 24, 181, 72, 3, 228, 43, 82, 91, 19, 60, 173, 94, 229, 99, 13, 228, 74, 110, 61, 89, 84, 59, 52, 140, 232, 201, 69, 106, 179, 175, 158, 179, 175, 191, 104, 21, 134, 200, 141, 207, 43, 142, 85, 220, 177, 238, 41, 241, 212, 189, 36, 244, 212, 144, 183, 73, 8, 164, 58, 158, 211, 185, 135, 57, 168, 31, 88, 12, 4, 249, 176, 163, 47, 136, 15, 40, 69, 201, 6, 214, 205, 93, 197, 64, 1, 69, 10, 98, 201, 27, 128, 221, 214, 204, 66, 205, 84, 56, 69, 169, 22, 0, 206, 141, 2, 46, 188, 84, 119, 3, 231, 183, 232, 186, 238, 32, 242, 34, 47, 137, 210, 0, 249, 85, 241, 199, 27, 127, 169, 126, 21, 245, 15, 146, 90, 181, 1, 4, 194, 149, 21, 252, 118, 57, 48, 139, 65, 93, 24, 44, 4, 142, 203, 111, 236, 205, 80, 73, 16, 36, 13, 160, 242, 153, 185, 223, 39, 45, 7, 204, 150, 240, 49, 51, 238, 167, 164, 152, 168, 223, 66, 155, 251, 204, 70, 253, 42, 3, 179, 245, 107, 77, 153, 133, 229, 200, 126, 71, 42, 106, 22, 92, 81, 126, 92, 48, 113, 12, 251, 182, 152, 249, 169, 241, 109, 235, 141, 129, 52, 2, 106, 97, 231, 178, 0, 30, 65, 39, 4, 170, 211, 2, 2, 2, 199, 153, 139, 221, 66, 130, 218, 60, 215, 75, 173, 5, 168, 168, 251, 56, 217, 32, 53, 202, 74, 112, 62, 65, 61, 112, 58, 201, 18, 23, 27, 161, 195, 20, 94, 249, 192, 172, 154, 26, 200, 178, 110, 249, 31, 150, 130, 102, 27, 198, 3, 31, 204, 35, 251, 229, 90, 10, 236, 120, 115, 2, 36, 30, 72, 222, 207, 107, 137, 246, 54, 106, 110, 177, 56, 137, 93, 49, 171, 226, 216, 89, 173, 88, 167, 183, 19, 17, 6, 6, 109, 164, 96, 195, 23, 71, 25, 124, 124, 206, 31, 89, 137, 220, 192, 54, 162, 132, 194, 240, 133, 158, 189, 163, 175, 199, 33, 135, 61, 113, 181, 207, 187, 66, 242, 181, 20, 225, 139, 88, 85, 198, 151, 255, 149, 16, 185, 72, 19, 18, 124, 154, 63, 20, 255, 131, 223, 177, 245, 138, 79, 99, 128, 203, 210, 32, 182, 17, 26, 29, 178, 63, 173, 183, 40, 22, 87, 67, 255, 128, 190, 90, 10, 53, 71, 204, 146, 145, 165, 152, 195, 102, 84, 172, 59, 53, 242, 52, 19, 33, 4, 192, 53, 176, 18, 53, 73, 88, 23, 192, 65, 244, 255, 133, 73, 85, 15, 118, 224, 54, 190, 190, 219, 198, 134, 104, 6, 27, 127, 178, 187, 205, 10, 158, 129, 74, 167, 61, 189, 159, 211, 155, 51, 29, 163, 69, 254, 155, 210, 30, 140, 29, 119, 5, 200, 137, 246, 254, 183, 15, 216, 60, 91, 84, 33, 26, 39, 17, 54, 89, 71, 183, 190, 50, 253, 34, 186, 245, 124, 245, 225, 62, 78, 183, 35, 143, 234, 40, 43, 204, 162, 225, 38, 231, 133, 157, 25, 248, 235, 176, 100, 185, 66, 236, 173, 92, 148, 233, 87, 108, 128, 218, 177, 154, 240, 196, 49, 197, 88, 209, 254, 1, 253, 32, 170, 229, 66, 134, 40, 182, 13, 94, 230, 179, 52, 139, 47, 112, 28, 29, 8, 43, 90, 103, 89, 173, 242, 68, 214, 246, 219, 50, 133, 154, 75, 182, 187, 1, 21, 135, 5, 179, 56, 144, 115, 12, 64, 133, 61, 205, 57, 118, 22, 252, 43, 29, 33, 46, 213, 91, 82, 161, 69, 73, 174, 150, 240, 76, 60, 65, 64, 39, 41, 57, 200, 50, 209, 208, 202, 220, 186, 167, 210, 35, 182, 181, 191, 9, 29, 237, 40, 136, 88, 157, 171, 251, 47, 122, 6, 118, 28, 60, 105, 96, 4, 158, 222, 145, 48, 214, 12, 155, 76, 31, 154, 78, 91, 102, 234, 1, 217, 146, 219, 230, 240, 171, 174, 8, 143, 140, 134, 189, 180, 155, 93, 127, 43, 66, 104, 206, 111, 0, 32, 119, 250, 209, 143, 164, 71, 131, 160, 156, 190, 249, 224, 146, 163, 68, 253, 114, 238, 177, 201, 170, 72, 69, 255, 237, 25, 203, 157, 22, 116, 209, 225, 142, 58, 24, 170, 101, 232, 216, 149, 115, 14, 239, 114, 23, 188, 44, 74, 187, 55, 232, 158, 144, 144, 167, 150, 233, 9, 206, 79, 142, 166, 242, 81, 124, 246, 178, 41, 242, 224, 233, 184, 48, 221, 48, 50, 251, 8, 139, 102, 164, 176, 95, 70, 90, 191, 205, 171, 12, 19, 234, 82, 75, 192, 124, 101, 233, 45, 133, 210, 159, 200, 182, 131, 192, 155, 133, 35, 20, 149, 152, 111, 223, 160, 255, 53, 90, 5, 12, 212, 145, 0, 117, 223, 204, 21, 189, 142, 25, 209, 140, 226, 43, 164, 254, 55, 192, 0, 77, 145, 230, 154, 190, 213, 36, 230, 47, 119, 205, 147, 102, 112, 150, 25, 154, 213, 216, 40, 85, 28, 124, 179, 16, 157, 125, 215, 108, 41, 43, 145, 85, 224, 189, 51, 83, 106, 179, 222, 59, 99, 225, 154, 19, 242, 6, 42, 164, 18, 240, 169, 176, 89, 233, 71, 245, 211, 79, 206, 206, 90, 28, 144, 162, 144, 161, 9, 159, 53, 192, 156, 56, 104, 17, 179, 109, 95, 6, 4, 245, 203, 125, 137, 177, 196, 59, 142, 126, 95, 4, 31, 37, 201, 59, 27, 53, 171, 104, 5, 150, 229, 81, 72, 52, 170, 210, 113, 239, 205, 36, 9, 44, 115, 45, 41, 157, 209, 134, 37, 246, 90, 90, 118, 57, 212, 155, 131, 55, 70, 20, 245, 216, 92, 232, 171, 25, 126, 209, 158, 5, 137, 172, 47, 2, 111, 196, 142, 55, 104, 23, 208, 228, 229, 28, 16, 141, 192, 227, 172, 105, 86, 12, 9, 9, 60, 28, 73, 33, 254, 43, 251, 68, 137, 97, 29, 106, 230, 48, 172, 198, 38, 167, 150, 249, 15, 45, 176, 72, 3, 58, 89, 104, 178, 129, 193, 59, 47, 204, 44, 194, 114, 166, 27, 26, 86, 166, 31, 208, 8, 220, 141, 30, 183, 28, 238, 228, 112, 105, 89, 130, 210, 233, 59, 59, 87, 19, 237, 217, 56, 253, 26, 42, 144, 67, 238, 159, 8, 151, 8, 102, 145, 236, 151, 167, 238, 6, 235, 196, 106, 59, 205, 149, 109, 62, 200, 48, 129, 29, 23, 204, 195, 247, 68, 20, 67, 5, 175, 95, 10, 12, 14, 79, 163, 221, 242, 147, 240, 151, 74, 246, 101, 11, 229, 237, 205, 74, 21, 151, 28, 141, 111, 97, 166, 121, 124, 221, 43, 89, 170, 255, 253, 84, 13, 3, 208, 54, 210, 158, 194, 142, 90, 134, 71, 1, 94, 250, 42, 181, 214, 136, 47, 38, 9, 34, 218, 76, 204, 104, 21, 213, 193, 14, 67, 235, 45, 10, 202, 104, 224, 93, 83, 63, 213, 19, 118, 24, 155, 154, 47, 215, 46, 52, 103, 7, 10, 171, 41, 183, 48, 82, 126, 74, 59, 94, 221, 40, 46, 41, 112, 204, 103, 218, 100, 40, 228, 162, 235, 217, 5, 5, 42, 26, 78, 91, 223, 140, 32, 197, 189, 87, 154, 110, 231, 203, 199, 209, 80, 120, 18, 210, 29, 208, 25, 146, 209, 62, 14, 217, 84, 108, 19, 70, 131, 191, 155, 122, 99, 155, 179, 231, 184, 220, 48, 10, 160, 126, 130, 174, 62, 0, 39, 88, 133, 147, 129, 73, 76, 225, 232, 179, 240, 92, 108, 255, 240, 16, 44, 88, 200, 71, 244, 177, 188, 207, 31, 85, 208, 207, 245, 224, 169, 223, 45, 240, 101, 213, 222, 201, 153, 22, 161, 171, 9, 99, 107, 189, 218, 103, 74, 224, 54, 241, 172, 130, 137, 167, 200, 36, 139, 75, 116, 87, 26, 184, 0, 164, 96, 56, 165, 243, 245, 219, 44, 64, 82, 116, 249, 191, 220, 56, 182, 184, 144, 6, 2, 133, 24, 164, 239, 115, 84, 59, 100, 173, 124, 221, 30, 113, 59, 177, 102, 189, 29, 155, 84, 188, 111, 45, 62, 15, 66, 240, 88, 251, 1, 227, 74, 195, 100, 21, 212, 77, 242, 94, 126, 64, 68, 129, 19, 107, 10, 6, 65, 238, 69, 78, 133, 83, 21, 10, 70, 219, 71, 60, 225, 95, 87, 239, 138, 153, 212, 52, 50, 30, 96, 56, 85, 174, 211, 70, 5, 104, 22, 168, 89, 76, 5, 221, 246, 1, 127, 125, 161, 66, 48, 64, 68, 3, 77, 31, 203, 119, 36, 181, 162, 91, 249, 94, 35, 151, 105, 226, 4, 192, 23, 255, 244, 119, 73, 23, 30, 199, 83, 17, 207, 184, 1, 251, 64, 125, 227, 97, 182, 75, 65, 98, 50, 49, 191, 228, 57, 38, 237, 4, 6, 200, 175, 20, 33, 40, 194, 50, 131, 222, 247, 244, 246, 211, 170, 90, 161, 169, 121, 251, 182, 57, 6, 112, 33, 206, 46, 231, 194, 193, 254, 130, 34, 50, 206, 188, 215, 123, 135, 195, 238, 71, 158, 106, 9, 220, 184, 2, 193, 188, 109, 39, 192, 164, 53, 253, 74, 74, 66, 60, 159, 173, 25, 79, 37, 226, 65, 116, 227, 203, 75, 236, 35, 70, 30, 4, 47, 212, 39, 179, 238, 209, 253, 8, 230, 90, 242, 194, 152, 212, 91, 181, 91, 91, 250, 150, 13, 149, 225, 147, 80, 186, 204, 213, 230, 46, 15, 12, 252, 210, 203, 71, 214, 71, 57, 154, 77, 195, 57, 146, 10, 197, 85, 12, 228, 47, 89, 201, 26, 26, 218, 2, 172, 208, 31, 133, 189, 148, 79, 80, 114, 148, 36, 255, 30, 0, 196, 156, 66, 148, 11, 85, 214, 3, 72, 164, 235, 94, 156, 113, 30, 241, 142, 38, 183, 58, 71, 106, 245, 154, 194, 74, 14, 31, 72, 14, 242, 145, 206, 253, 89, 187, 252, 247, 11, 166, 35, 251, 40, 208, 209, 38, 31, 75, 142, 220, 221, 250, 122, 40, 2, 116, 44, 83, 216, 210, 220, 123, 171, 123, 29, 13, 152, 55, 24, 224, 147, 230, 215, 173, 9, 1, 103, 171, 17, 204, 97, 204, 67, 180, 16, 79, 25, 0, 64, 165, 59, 253, 78, 159, 88, 44, 110, 98, 50, 56, 123, 12, 70, 153, 34, 118, 254, 222, 177, 215, 0, 200, 128, 157, 136, 174, 171, 11, 4, 196, 25, 115, 67, 166, 22, 0, 183, 129, 21, 211, 252, 160, 8, 134, 69, 104, 161, 240, 186, 110, 252, 60, 32, 86, 11, 175, 219, 81, 137, 191, 175, 163, 137, 22, 253, 236, 61, 214, 141, 205, 18, 142, 187, 185, 108, 135, 35, 209, 76, 93, 206, 22, 184, 29, 47, 98, 164, 211, 11, 58, 209, 228, 154, 71, 203, 125, 118, 95, 191, 93, 16, 87, 116, 108, 107, 211, 45, 162, 68, 197, 172, 242, 117, 207, 234, 11, 26, 37, 56, 108, 151, 132, 89, 224, 205, 198, 118, 4, 165, 27, 2, 223, 107, 230, 24, 13, 214, 223, 252, 168, 21, 37, 117, 131, 53, 239, 240, 13, 14, 160, 90, 197, 85, 46, 194, 115, 64, 186, 216, 154, 10, 210, 236, 38, 175, 164, 175, 203, 166, 9, 24, 131, 38, 140, 202, 68, 39, 76, 202, 12, 43, 65, 221, 11, 115, 81, 157, 60, 214, 146, 221, 229, 155, 14, 39, 5, 96, 178, 128, 8, 92, 101, 38, 253, 14, 111, 140, 58, 37, 83, 112, 124, 22, 65, 3, 199, 235, 117, 7, 8, 124, 6, 170, 116, 16, 19, 210, 154, 144, 143, 222, 131, 110, 215, 220, 123, 58, 232, 95, 70, 62, 82, 51, 76, 21, 225, 7, 157, 242, 178, 189, 6, 177, 17, 203, 19, 188, 116, 146, 50, 63, 255, 3, 240, 231, 135, 10, 224, 152, 203, 98, 236, 156, 193, 131, 157, 41, 176, 197, 94, 176, 196, 147, 190, 241, 137, 179, 123, 38, 89, 151, 50, 185, 68, 189, 23, 220, 252, 102, 40, 170, 10, 209, 38, 214, 8, 143, 90, 30, 247, 164, 236, 32, 219, 38, 109, 24, 24, 64, 1, 14, 40, 214, 63, 24, 178, 142, 76, 64, 198, 53, 38, 26, 171, 10, 99, 187, 122, 39, 127, 11, 142, 172, 125, 129, 52, 225, 138, 94, 248, 225, 246, 45, 183, 98, 106, 117, 169, 250, 224, 65, 204, 98, 113, 180, 158, 149, 249, 212, 184, 134, 32, 18, 71, 194, 102, 108, 104, 118, 210, 62, 133, 132, 14, 241, 89, 73, 156, 143, 223, 131, 181, 213, 104, 135, 252, 164, 209, 29, 50, 146, 251, 48, 202, 42, 102, 79, 239, 217, 205, 163, 217, 41, 51, 62, 110, 212, 44, 118, 246, 113, 79, 173, 186, 18, 232, 109, 28, 158, 80, 77, 217, 204, 129, 204, 16, 7, 160, 145, 218, 33, 115, 123, 13, 35, 41, 174, 78, 31, 153, 95, 220, 49, 169, 30, 195, 2, 110, 198, 74, 47, 39, 7, 33, 105, 23, 200, 187, 34, 17, 22, 100, 154, 246, 51, 50, 223, 82, 56, 79, 243, 106, 180, 222, 111, 46, 58, 234, 204, 0, 255, 61, 204, 182, 91, 16, 251, 31, 241, 200, 34, 76, 169, 118, 238, 124, 232, 243, 101, 12, 33, 112, 156, 220, 118, 251, 73, 247, 40, 22, 206, 55, 191, 11, 84, 205, 77, 241, 198, 229, 171, 181, 22, 227, 126, 191, 108, 81, 19, 79, 242, 146, 12, 187, 221, 217, 180, 255, 209, 167, 248, 114, 213, 62, 72, 139, 50, 33, 252, 241, 119, 240, 213, 5, 32, 202, 34, 209, 83, 133, 119, 20, 254, 157, 218, 189, 81, 137, 51, 49, 4, 209, 242, 69, 228, 249, 16, 149, 187, 220, 73, 222, 7, 222, 199, 162, 40, 212, 227, 121, 120, 27, 35, 6, 87, 45, 68, 4, 191, 188, 218, 18, 111, 238, 118, 2, 227, 70, 52, 96, 114, 124, 220, 21, 182, 174, 63, 211, 37, 210, 19, 68, 128, 207, 66, 0, 65, 107, 2, 109, 76, 110, 134, 166, 113, 26, 179, 190, 100, 46, 209, 9, 94, 106, 255, 26, 157, 230, 193, 75, 22, 3, 70, 244, 148, 104, 133, 237, 141, 50, 210, 13, 34, 248, 159, 82, 170, 127, 165, 139, 75, 220, 140, 214, 152, 6, 116, 68, 220, 66, 204, 170, 25, 184, 254, 171, 183, 5, 232, 25, 41, 117, 152, 151, 170, 75, 137, 220, 171, 202, 29, 193, 69, 242, 212, 69, 3, 66, 226, 152, 89, 119, 194, 228, 34, 31, 210, 190, 73, 230, 134, 148, 160, 146, 100, 172, 209, 127, 181, 107, 40, 19, 18, 108, 20, 98, 200, 143, 69, 59, 225, 31, 146, 23, 124, 191, 2, 97, 220, 240, 223, 228, 96, 49, 23, 144, 150, 193, 233, 214, 160, 103, 20, 23, 55, 48, 109, 87, 32, 90, 122, 166, 107, 22, 218, 51, 247, 23, 28, 131, 121, 99, 143, 169, 117, 47, 237, 191, 233, 201, 118, 243, 61, 240, 43, 95, 64, 215, 232, 173, 53, 15, 30, 10, 93, 69, 58, 182, 31, 206, 2, 197, 72, 219, 251, 213, 71, 21, 237, 249, 24, 86, 34, 169, 35, 235, 3, 33, 102, 108, 239, 234, 112, 128, 53, 72, 57, 4, 158, 85, 150, 33, 22, 69, 7, 47, 106, 115, 235, 166, 137, 203, 160, 92, 87, 131, 142, 60, 47, 139, 139, 90, 24, 48, 18, 179, 176, 105, 93, 113, 107, 81, 12, 77, 40, 83, 240, 126, 135, 139, 54, 208, 180, 125, 61, 131, 243, 29, 53, 130, 129, 35, 243, 29, 2, 33, 204, 137, 166, 204, 222, 98, 130, 128, 129, 221, 29, 88, 76, 101, 146, 236, 254, 107, 187, 95, 8, 218, 1, 73, 246, 236, 58, 154, 132, 213, 29, 155, 164, 29, 23, 101, 202, 31, 91, 81, 23, 219, 15, 124, 77, 180, 201, 82, 33, 62, 7, 105, 113, 205, 145, 102, 183, 103, 188, 57, 60, 18, 7, 201, 117, 151, 58, 45, 45, 130, 46, 12, 136, 214, 32, 40, 196, 136, 153, 219, 28, 205, 63, 146, 219, 106, 140, 32, 208, 91, 182, 205, 194, 4, 41, 92, 203, 156, 237, 197, 108, 90, 14, 228, 16, 106, 42, 77, 212, 53, 89, 244, 206, 82, 89, 96, 58, 98, 73, 92, 182, 171, 205, 125, 99, 97, 195, 102, 228, 74, 77, 177, 188, 77, 25, 147, 157, 170, 34, 242, 116, 172, 85, 80, 75, 201, 93, 15, 152, 142, 199, 157, 22, 108, 75, 24, 89, 122, 8, 214, 63, 150, 125, 250, 179, 6, 90, 134, 203, 126, 35, 68, 19, 169, 28, 90, 104, 105, 42, 63, 143, 217, 41, 235, 173, 62, 107, 176, 87, 139, 181, 215, 150, 4, 58, 75, 64, 216, 237, 37, 8, 39, 19, 195, 213, 117, 203, 214, 16, 242, 12, 156, 76, 29, 195, 7, 117, 229, 48, 130, 228, 133, 75, 11, 223, 206, 61, 217, 122, 80, 64, 35, 112, 33, 35, 8, 202, 178, 163, 128, 121, 132, 56, 227, 183, 61, 233, 55, 77, 121, 22, 251, 10, 29, 166, 14, 66, 44, 50, 110, 64, 231, 231, 112, 1, 163, 41, 250, 214, 182, 247, 24, 117, 239, 165, 139, 187, 235, 26, 207, 146, 244, 65, 21, 243, 47, 144, 22, 36, 43, 230, 64, 99, 74, 126, 8, 206, 65, 3, 208, 98, 185, 69, 160, 79, 102, 247, 101, 45, 172, 74, 73, 223, 115, 55, 219, 45, 207, 146, 24, 232, 174, 105, 16, 126, 125, 162, 192, 95, 217, 28, 117, 47, 14, 52, 159, 51, 130, 107, 159, 3, 2, 120, 28, 117, 35, 208, 144, 227, 143, 182, 128, 82, 98, 157, 78, 125, 43, 26, 215, 28, 117, 43, 117, 21, 144, 109, 26, 206, 18, 121, 66, 11, 126, 237, 190, 253, 189, 181, 187, 63, 111, 9, 224, 102, 242, 119, 200, 218, 40, 78, 227, 232, 242, 36, 228, 127, 182, 39, 224, 8, 229, 246, 254, 161, 86, 122, 156, 164, 200, 44, 113, 1, 235, 230, 75, 60, 149, 154, 67, 71, 5, 75, 255, 41, 199, 47, 208, 85, 164, 222, 208, 223, 237, 109, 210, 112, 136, 112, 72, 254, 232, 213, 236, 150, 116, 208, 225, 33, 230, 59, 141, 44, 69, 207, 48, 112, 223, 35, 191, 17, 243, 213, 92, 25, 17, 67, 214, 71, 112, 106, 113, 104, 248, 168, 51, 231, 193, 133, 71, 37, 55, 104, 106, 69, 84, 181, 150, 72, 167, 37, 198, 127, 180, 204, 21, 126, 120, 40, 47, 247, 56, 34, 11, 67, 61, 95, 242, 118, 20, 197, 112, 144, 208, 155, 64, 79, 69, 176, 121, 185, 137, 27, 130, 133, 25, 60, 235, 52, 101, 1, 62, 1, 192, 136, 206, 238, 84, 20, 142, 25, 158, 153, 44, 161, 159, 188, 165, 148, 50, 185, 2, 115, 10, 7, 77, 193, 38, 35, 122, 221, 182, 136, 121, 165, 93, 178, 134, 1, 150, 49, 225, 181, 163, 40, 159, 214, 66, 108, 242, 143, 39, 37, 238, 121, 158, 42, 12, 231, 139, 117, 151, 222, 117, 71, 64, 189, 68, 143, 197, 208, 222, 22, 193, 175, 15, 21, 44, 87, 119, 13, 230, 206, 30, 234, 204, 107, 69, 8, 132, 113, 230, 104, 180, 97, 52, 156, 195, 29, 204, 128, 234, 14, 47, 218, 155, 91, 248, 253, 202, 249, 16, 16, 135, 118, 81, 59, 162, 207, 163, 3, 225, 171, 214, 255, 113, 23, 38, 97, 242, 20, 149, 193, 143, 234, 210, 82, 148, 78, 51, 235, 148, 228, 155, 23, 72, 127, 172, 88, 43, 39, 164, 2, 41, 137, 138, 216, 49, 84, 171, 194, 48, 155, 50, 23, 255, 66, 196, 63, 36, 64, 190, 82, 116, 126, 227, 208, 86, 3, 53, 112, 231, 88, 77, 43, 175, 117, 150, 249, 7, 197, 156, 70, 22, 164, 146, 37, 127, 2, 108, 249, 49, 244, 189, 187, 90, 54, 102, 91, 190, 76, 195, 172, 104, 102, 228, 6, 62, 64, 191, 29, 190, 0, 89, 214, 239, 41, 141, 167, 1, 65, 86, 137, 124, 140, 211, 255, 209, 4, 76, 60, 20, 121, 165, 245, 225, 72, 24, 16, 247, 191, 12, 45, 25, 167, 66, 32, 211, 216, 201, 197, 36, 197, 10, 118, 14, 190, 255, 25, 225, 54, 118, 45, 123, 232, 118, 142, 62, 98, 237, 3, 211, 166, 230, 106, 207, 189, 118, 143, 155, 1, 160, 68, 196, 226, 87, 71, 239, 202, 70, 198, 228, 59, 206, 106, 255, 219, 168, 101, 5, 184, 146, 20, 189, 220, 27, 157, 44, 100, 81, 7, 191, 118, 250, 207, 229, 17, 222, 202, 5, 156, 187, 165, 23, 17, 89, 184, 150, 117, 1, 111, 63, 238, 225, 22, 48, 244, 58, 203, 177, 97, 201, 80, 111, 81, 217, 62, 123, 116, 126, 202, 85, 89, 100, 59, 226, 87, 23, 159, 46, 18, 253, 95, 1, 206, 109, 41, 226, 67, 65, 5, 227, 62, 149, 147, 124, 55, 4, 143, 105, 69, 36, 171, 82, 26, 9, 243, 33, 158, 180, 118, 191, 129, 20, 94, 122, 114, 52, 16, 147, 246, 236, 95, 173, 49, 217, 239, 20, 167, 106, 88, 164, 25, 159, 229, 69, 103, 156, 89, 21, 44, 35, 29, 165, 175, 43, 97, 53, 104, 91, 42, 226, 105, 166, 223, 66, 86, 89, 211, 174, 242, 90, 185, 184, 50, 60, 164, 137, 187, 72, 86, 192, 65, 150, 83, 132, 141, 65, 190, 97, 249, 39, 2, 50, 158, 229, 101, 84, 45, 120, 118, 174, 68, 222, 175, 214, 116, 242, 15, 254, 230, 99, 49, 12, 50, 109, 239, 198, 58, 206, 191, 85, 151, 121, 30, 137, 30, 127, 17, 178, 139, 238, 70, 106, 226, 238, 73, 105, 196, 59, 75, 164, 248, 52, 152, 46, 243, 83, 46, 161, 243, 110, 1, 84, 14, 232, 24, 171, 52, 63, 32, 101, 144, 113, 31, 38, 245, 154, 188, 79, 52, 11, 229, 212, 190, 20, 55, 32, 223, 124, 162, 192, 162, 4, 70, 143, 247, 133, 14, 73, 185, 22, 61, 9, 70, 188, 134, 18, 140, 212, 14, 96, 240, 95, 62, 222, 101, 221, 41, 147, 79, 218, 181, 85, 25, 237, 110, 251, 0, 17, 44, 150, 149, 246, 160, 56, 61, 78, 165, 236, 120, 151, 110, 189, 176, 162, 169, 61, 167, 54, 138, 207, 149, 16, 42, 56, 146, 96, 63, 126, 6, 123, 16, 149, 225, 190, 47, 63, 160, 2, 113, 107, 131, 120, 45, 254, 30, 70, 80, 208, 114, 110, 15, 144, 142, 186, 178, 161, 91, 166, 189, 128, 175, 80, 5, 44, 203, 66, 156, 207, 17, 203, 161, 238, 140, 165, 158, 189, 154, 130, 82, 120, 41, 95, 233, 124, 226, 185, 72, 45, 112, 104, 68, 103, 26, 158, 17, 77, 116, 25, 115, 54, 191, 41, 62, 168, 84, 241, 144, 68, 228, 234, 119, 149, 122, 22, 155, 21, 157, 199, 98, 69, 159, 117, 201, 102, 169, 25, 10, 102, 87, 208, 208, 112, 21, 143, 44, 63, 73, 103, 39, 111, 20, 73, 32, 229, 244, 184, 62, 148, 210, 59, 6, 44, 150, 180, 49, 213, 148, 63, 40, 125, 221, 50, 230, 89, 47, 174, 179, 55, 186, 176, 28, 233, 22, 3, 105, 106, 172, 180, 223, 164, 14, 71, 63, 37, 216, 17, 33, 45, 72, 145, 25, 30, 42, 51, 137, 156, 117, 150, 14, 229, 221, 22, 111, 132, 94, 186, 32, 16, 87, 184, 5, 87, 16, 24, 18, 124, 13, 211, 210, 155, 157, 92, 19, 116, 77, 63, 150, 17, 204, 206, 141, 88, 71, 194, 176, 229, 112, 176, 35, 201, 114, 111, 247, 42, 16, 228, 89, 15, 179, 30, 7, 255, 53, 82, 4, 18, 153, 100, 36, 139, 87, 20, 179, 22, 166, 200, 21, 23, 153, 243, 41, 3, 110, 205, 198, 58, 107, 61, 1, 161, 138, 40, 176, 238, 34, 187, 24, 241, 141, 98, 0, 77, 219, 18, 161, 222, 171, 70, 170, 192, 109, 10, 69, 104, 211, 12, 90, 224, 86, 47, 251, 11, 217, 57, 110, 191, 244, 87, 17, 135, 177, 148, 177, 85, 152, 155, 137, 23, 16, 45, 44, 208, 238, 61, 30, 133, 137, 37, 184, 121, 157, 247, 124, 139, 161, 64, 252, 45, 217, 60, 11, 42, 229, 162, 162, 54, 42, 229, 220, 40, 212, 162, 78, 213, 93, 147, 33, 246, 13, 49, 127, 231, 149, 89, 2, 64, 150, 212, 207, 87, 130, 210, 32, 41, 140, 15, 144, 42, 90, 171, 209, 24, 190, 117, 206, 240, 94, 11, 215, 81, 214, 139, 246, 44, 16, 156, 160, 251, 83, 175, 213, 86, 82, 160, 3, 71, 207, 188, 2, 2, 218, 191, 225, 180, 58, 107, 133, 26, 215, 101, 205, 14, 173, 43, 111, 13, 116, 239, 211, 7, 223, 58, 107, 239, 73, 3, 34, 141, 58, 252, 252, 187, 110, 250, 154, 14, 81, 51, 241, 223, 42, 208, 247, 59, 97, 43, 183, 214, 229, 217, 207, 117, 55, 247, 4, 208, 224, 50, 26, 190, 120, 136, 159, 158, 119, 72, 149, 144, 60, 23, 185, 91, 139, 198, 46, 56, 16, 178, 199, 122, 210, 152, 252, 189, 159, 75, 187, 235, 100, 184, 26, 80, 114, 140, 15, 191, 0, 11, 70, 206, 165, 253, 211, 195, 253, 32, 249, 80, 178, 122, 2, 97, 95, 0, 14, 26, 2, 39, 11, 48, 227, 163, 4, 46, 128, 44, 44, 11, 181, 169, 79, 103, 208, 120, 255, 243, 162, 246, 128, 82, 217, 107, 49, 252, 241, 61, 200, 254, 198, 255, 170, 166, 225, 146, 34, 40, 207, 58, 245, 93, 162, 56, 238, 64, 255, 189, 99, 1, 140, 114, 245, 34, 193, 126, 243, 125, 211, 89, 46, 45, 223, 1, 225, 196, 31, 80, 12, 16, 177, 185, 227, 46, 36, 166, 66, 29, 159, 197, 186, 100, 115, 87, 154, 43, 65, 226, 68, 6, 0, 15, 141, 168, 255, 69, 196, 72, 154, 10, 21, 115, 105, 161, 16, 64, 239, 155, 135, 219, 196, 155, 36, 71, 184, 224, 111, 195, 15, 177, 255, 223, 144, 193, 32, 127, 13, 102, 117, 251, 234, 227, 32, 75, 162, 106, 216, 160, 206, 140, 92, 111, 120, 19, 113, 29, 122, 225, 87, 92, 48, 157, 10, 53, 216, 117, 201, 123, 221, 68, 172, 149, 18, 151, 13, 217, 76, 24, 138, 83, 201, 132, 126, 25, 32, 3, 100, 103, 194, 211, 89, 137, 249, 46, 23, 212, 21, 182, 198, 78, 255, 86, 69, 111, 185, 207, 10, 5, 237, 118, 100, 127, 86, 59, 235, 85, 97, 67, 87, 17, 185, 131, 147, 76, 158, 21, 13, 52, 185, 124, 72, 247, 141, 182, 235, 75, 63, 213, 31, 68, 224, 217, 124, 69, 191, 24, 216, 92, 37, 188, 87, 23, 112, 68, 55, 142, 126, 195, 133, 9, 141, 100, 112, 248, 178, 21, 58, 136, 63, 8, 21, 251, 160, 71, 61, 181, 16, 159, 52, 196, 211, 145, 131, 207, 28, 121, 33, 22, 49, 162, 160, 202, 150, 250, 70, 186, 241, 209, 251, 8, 58, 121, 38, 249, 60, 78, 114, 240, 56, 244, 93, 50, 230, 149, 185, 125, 136, 204, 164, 142, 216, 115, 66, 192, 185, 21, 247, 112, 233, 146, 249, 152, 213, 66, 21, 146, 252, 210, 173, 204, 14, 130, 55, 60, 178, 255, 239, 134, 134, 79, 170, 124, 112, 184, 34, 182, 71, 16, 17, 250, 13, 186, 159, 198, 210, 174, 32, 115, 192, 233, 174, 31, 50, 169, 54, 95, 112, 55, 239, 28, 73, 7, 197, 177, 53, 173, 228, 186, 13, 218, 154, 194, 72, 95, 176, 251, 162, 117, 19, 19, 129, 17, 7, 246, 12, 230, 29, 78, 81, 227, 170, 181, 108, 241, 217, 112, 230, 133, 193, 141, 210, 180, 171, 93, 18, 220, 13, 15, 170, 118, 35, 131, 227, 147, 177, 68, 50, 163, 209, 153, 53, 171, 19, 93, 183, 114, 81, 81, 34, 38, 129, 33, 71, 244, 46, 172, 49, 250, 49, 24, 35, 221, 0, 122, 5, 67, 73, 82, 71, 75, 114, 86, 250, 180, 14, 80, 54, 62, 231, 99, 252, 214, 1, 162, 132, 83, 244, 244, 26, 35, 180, 123, 129, 150, 26, 156, 59, 58, 37, 3, 98, 231, 93, 116, 52, 142, 248, 80, 19, 148, 124, 144, 185, 208, 182, 116, 219, 95, 13, 160, 45, 54, 123, 50, 3, 239, 40, 236, 204, 161, 84, 190, 165, 44, 30, 131, 22, 236, 247, 119, 181, 166, 2, 179, 163, 116, 215, 205, 41, 160, 99, 75, 226, 100, 92, 168, 127, 220, 42, 204, 19, 158, 83, 62, 144, 65, 121, 63, 83, 77, 45, 15, 16, 152, 66, 229, 33, 229, 42, 235, 74, 78, 157, 218, 162, 43, 110, 206, 43, 253, 48, 39, 197, 75, 137, 242, 4, 89, 239, 39, 1, 241, 16, 215, 170, 230, 231, 18, 173, 180, 90, 70, 127, 191, 53, 253, 95, 196, 98, 220, 223, 163, 21, 187, 51, 48, 68, 46, 124, 86, 45, 192, 178, 1, 25, 10, 44, 214, 29, 100, 110, 128, 118, 94, 209, 156, 218, 22, 144, 61, 98, 58, 197, 243, 43, 63, 254, 243, 151, 219, 67, 10, 103, 63, 177, 98, 78, 240, 164, 163, 249, 126, 10, 108, 196, 240, 191, 50, 173, 99, 97, 95, 161, 251, 27, 117, 44, 187, 179, 188, 105, 233, 73, 240, 195, 12, 231, 129, 125, 176, 231, 133, 65, 13, 115, 190, 63, 75, 7, 54, 180, 204, 57, 128, 225, 15, 36, 248, 36, 14, 211, 212, 168, 237, 10, 107, 11, 226, 177, 168, 156, 1, 197, 213, 27, 189, 166, 56, 90, 155, 41, 181, 72, 104, 0, 165, 194, 71, 40, 46, 11, 167, 57, 0, 253, 189, 48, 43, 32, 105, 45, 213, 24, 33, 85, 134, 250, 187, 141, 47, 164, 98, 189, 102, 111, 205, 222, 196, 117, 87, 11, 61, 1, 32, 175, 116, 195, 158, 137, 155, 86, 61, 75, 159, 119, 119, 146, 235, 5, 247, 92, 43, 48, 30, 143, 97, 236, 24, 163, 237, 129, 189, 240, 58, 46, 74, 28, 113, 38, 51, 175, 214, 78, 19, 221, 89, 0, 176, 64, 112, 41, 149, 149, 9, 20, 176, 194, 10, 182, 127, 136, 173, 116, 97, 54, 199, 20, 152, 13, 63, 162, 182, 106, 170, 129, 161, 56, 200, 230, 171, 187, 39, 237, 111, 165, 103, 182, 226, 38, 210, 220, 70, 210, 51, 139, 29, 85, 47, 20, 135, 100, 179, 26, 27, 73, 151, 40, 106, 36, 143, 156, 165, 217, 187, 129, 8, 212, 168, 8, 169, 53, 81, 199, 227, 133, 145, 48, 181, 39, 222, 9, 80, 87, 151, 181, 253, 123, 250, 113, 204, 147, 82, 203, 222, 56, 80, 196, 74, 203, 136, 75, 152, 165, 240, 110, 64, 183, 139, 245, 57, 186, 168, 2, 99, 117, 88, 135, 82, 106, 213, 161, 149, 249, 196, 245, 145, 55, 224, 214, 85, 11, 74, 106, 20, 2, 168, 178, 135, 0, 66, 64, 40, 221, 8, 31, 225, 243, 255, 221, 44, 26, 152, 95, 43, 56, 60, 1, 72, 70, 233, 59, 80, 65, 241, 112, 176, 241, 179, 182, 198, 159, 25, 79, 206, 6, 234, 39, 209, 28, 204, 75, 234, 254, 3, 161, 202, 183, 248, 89, 20, 58, 12, 63, 60, 188, 136, 167, 112, 109, 193, 248, 208, 179, 179, 119, 224, 213, 11, 25, 213, 161, 244, 10, 229, 216, 207, 79, 124, 249, 167, 233, 51, 73, 165, 175, 70, 101, 214, 92, 62, 14, 37, 236, 6, 4, 117, 9, 225, 177, 37, 33, 69, 134, 49, 11, 191, 84, 32, 99, 169, 136, 247, 217, 158, 53, 108, 127, 157, 230, 6, 220, 60, 5, 61, 62, 78, 53, 228, 230, 247, 110, 139, 16, 139, 220, 79, 156, 102, 164, 78, 142, 200, 80, 77, 80, 181, 117, 14, 91, 226, 231, 142, 92, 128, 59, 210, 190, 20, 86, 63, 113, 215, 93, 51, 1, 75, 249, 143, 50, 147, 169, 108, 115, 153, 71, 33, 2, 121, 212, 158, 220, 175, 95, 3, 98, 131, 224, 221, 60, 134, 173, 56, 12, 88, 27, 8, 15, 170, 203, 15, 178, 201, 121, 56, 215, 210, 193, 195, 130, 78, 224, 72, 39, 249, 216, 66, 86, 19, 209, 118, 184, 36, 249, 134, 127, 227, 251, 227, 45, 176, 213, 103, 227, 65, 81, 146, 54, 180, 237, 53, 167, 190, 106, 57, 162, 57, 141, 63, 61, 32, 78, 101, 237, 248, 129, 67, 28, 253, 178, 192, 38, 46, 190, 128, 250, 152, 145, 164, 4, 203, 129, 225, 242, 14, 103, 226, 6, 14, 65, 104, 237, 234, 140, 235, 48, 224, 90, 159, 89, 83, 84, 15, 23, 192, 203, 81, 82, 89, 207, 119, 79, 249, 216, 229, 76, 85, 215, 27, 194, 85, 102, 253, 32, 240, 58, 150, 64, 232, 103, 201, 118, 46, 95, 9, 41, 214, 217, 36, 10, 250, 16, 166, 85, 96, 199, 63, 149, 72, 202, 89, 136, 224, 122, 231, 86, 176, 232, 14, 118, 2, 214, 37, 221, 152, 240, 213, 36, 195, 14, 162, 215, 74, 100, 191, 215, 99, 21, 153, 24, 156, 98, 6, 220, 70, 166, 199, 29, 127, 143, 139, 28, 90, 161, 197, 14, 20, 254, 106, 22, 7, 144, 60, 201, 227, 142, 152, 78, 225, 74, 160, 231, 90, 239, 122, 181, 119, 116, 7, 169, 25, 208, 67, 19, 63, 123, 156, 92, 103, 135, 106, 31, 236, 229, 59, 208, 125, 226, 51, 100, 124, 2, 205, 241, 203, 147, 189, 198, 96, 28, 214, 118, 155, 204, 116, 203, 41, 198, 162, 117, 139, 203, 117, 6, 226, 230, 71, 163, 116, 212, 236, 133, 174, 14, 42, 255, 96, 249, 51, 85, 181, 24, 129, 23, 134, 182, 129, 184, 115, 178, 77, 140, 228, 89, 123, 26, 15, 194, 65, 167, 105, 24, 79, 16, 28, 25, 158, 55, 138, 46, 47, 22, 184, 125, 89, 66, 86, 84, 188, 165, 8, 30, 62, 144, 133, 87, 145, 10, 155, 79, 17, 100, 74, 248, 180, 212, 250, 157, 66, 38, 250, 223, 142, 171, 50, 215, 249, 88, 124, 139, 236, 88, 253, 251, 111, 43, 28, 125, 242, 38, 103, 113, 145, 26, 196, 123, 214, 110, 15, 187, 6, 217, 224, 99, 10, 223, 138, 29, 63, 190, 241, 109, 67, 249, 242, 141, 9, 171, 32, 84, 42, 2, 136, 6, 223, 9, 66, 126, 181, 9, 254, 142, 48, 186, 244, 191, 252, 180, 216, 243, 95, 77, 130, 154, 245, 68, 67, 4, 149, 236, 15, 17, 192, 22, 158, 179, 177, 254, 80, 134, 187, 126, 67, 109, 187, 240, 170, 130, 62, 99, 55, 139, 31, 134, 170, 210, 32, 215, 196, 255, 2, 233, 123, 138, 77, 1, 232, 189, 163, 172, 192, 120, 116, 63, 68, 254, 218, 88, 220, 249, 67, 201, 11, 0, 240, 43, 80, 176, 176, 171, 8, 95, 122, 100, 246, 160, 254, 24, 241, 179, 115, 124, 158, 146, 41, 140, 253, 193, 129, 62, 226, 40, 180, 78, 201, 198, 29, 252, 211, 242, 246, 23, 246, 218, 0, 90, 75, 28, 9, 2, 191, 84, 245, 14, 110, 118, 225, 251, 240, 6, 188, 236, 19, 104, 58, 192, 99, 38, 237, 81, 119, 181, 99, 87, 254, 252, 79, 40, 98, 5, 84, 9, 155, 170, 210, 60, 87, 246, 113, 199, 78, 217, 214, 230, 73, 202, 24, 178, 14, 79, 201, 57, 1, 201, 123, 44, 43, 55, 51, 194, 221, 212, 41, 29, 215, 131, 201, 78, 68, 125, 86, 194, 9, 68, 176, 51, 39, 242, 237, 154, 223, 112, 27, 96, 235, 27, 55, 193, 120, 219, 31, 185, 43, 137, 82, 32, 85, 99, 10, 55, 220, 155, 4, 82, 124, 123, 83, 202, 0, 6, 197, 73, 15, 247, 42, 138, 100, 103, 24, 40, 118, 152, 129, 103, 6, 95, 138, 45, 33, 6, 68, 100, 41, 10, 67, 98, 8, 6, 98, 110, 59, 229, 178, 104, 184, 21, 98, 43, 196, 34, 220, 186, 173, 30, 195, 229, 167, 0, 219, 45, 104, 12, 126, 142, 149, 42, 83, 234, 191, 76, 147, 25, 115, 107, 84, 253, 247, 75, 58, 254, 33, 19, 24, 108, 225, 233, 35, 94, 226, 134, 8, 38, 213, 77, 69, 113, 202, 197, 222, 218, 250, 126, 125, 66, 146, 88, 98, 25, 236, 38, 114, 219, 113, 152, 49, 91, 147, 159, 77, 91, 157, 212, 9, 10, 215, 216, 71, 230, 9, 192, 238, 77, 141, 164, 16, 205, 152, 238, 78, 161, 176, 197, 189, 42, 182, 151, 129, 244, 43, 184, 52, 9, 0, 242, 81, 5, 197, 2, 254, 187, 236, 227, 127, 42, 212, 138, 104, 176, 79, 38, 121, 233, 104, 245, 208, 214, 238, 224, 163, 158, 184, 13, 235, 152, 71, 227, 139, 9, 198, 162, 79, 9, 189, 40, 184, 64, 186, 117, 243, 64, 71, 108, 229, 242, 106, 211, 165, 137, 254, 217, 141, 42, 139, 241, 161, 144, 121, 190, 116, 15, 104, 50, 194, 209, 183, 15, 80, 219, 214, 1, 162, 153, 223, 7, 82, 156, 42, 177, 213, 116, 51, 252, 41, 235, 195, 120, 161, 31, 118, 170, 226, 18, 252, 133, 32, 59, 24, 71, 55, 130, 62, 219, 121, 202, 88, 14, 116, 2, 72, 242, 169, 199, 139, 75, 208, 30, 180, 143, 12, 141, 11, 48, 92, 22, 45, 71, 34, 81, 141, 33, 203, 35, 163, 240, 203, 135, 76, 222, 183, 159, 155, 231, 152, 244, 44, 13, 149, 97, 42, 109, 195, 110, 55, 105, 90, 20, 250, 48, 45, 132, 16, 111, 220, 131, 162, 154, 94, 8, 63, 174, 250, 14, 221, 255, 17, 123, 248, 85, 68, 0, 67, 127, 39, 37, 7, 247, 56, 7, 123, 9, 10, 167, 24, 230, 207, 210, 218, 217, 135, 52, 157, 253, 120, 46, 106, 225, 249, 125, 98, 170, 70, 65, 159, 49, 146, 191, 57, 211, 249, 31, 127, 96, 95, 237, 66, 23, 173, 33, 111, 122, 27, 143, 243, 197, 4, 73, 153, 168, 100, 50, 196, 24, 2, 236, 121, 19, 151, 158, 24, 220, 119, 17, 205, 38, 36, 253, 71, 188, 40, 164, 65, 134, 72, 131, 16, 233, 75, 107, 45, 128, 116, 190, 31, 206, 37, 208, 218, 212, 190, 226, 25, 54, 237, 36, 149, 213, 10, 64, 113, 177, 167, 189, 177, 231, 171, 97, 115, 139, 123, 191, 76, 2, 231, 22, 75, 147, 167, 26, 52, 108, 209, 109, 132, 102, 202, 46, 210, 135, 26, 52, 5, 235, 243, 200, 155, 166, 253, 209, 55, 190, 213, 251, 69, 88, 103, 228, 66, 177, 212, 104, 17, 218, 198, 126, 1, 115, 197, 3, 18, 224, 156, 82, 73, 147, 112, 208, 209, 0, 6, 203, 76, 25, 34, 3, 53, 230, 28, 42, 113, 236, 32, 158, 79, 174, 27, 248, 26, 54, 138, 20, 41, 122, 238, 104, 88, 37, 178, 96, 97, 194, 167, 23, 237, 81, 233, 119, 213, 80, 111, 216, 122, 150, 68, 1, 104, 172, 128, 2, 226, 63, 184, 1, 217, 55, 156, 217, 123, 112, 35, 12, 141, 65, 121, 103, 195, 167, 244, 246, 230, 113, 195, 34, 156, 217, 123, 117, 86, 176, 180, 10, 124, 253, 253, 9, 63, 203, 67, 98, 32, 30, 53, 193, 24, 5, 129, 62, 146, 162, 134, 179, 91, 44, 16, 232, 23, 242, 98, 59, 22, 228, 42, 59, 30, 184, 244, 34, 20, 200, 130, 12, 17, 5, 223, 181, 131, 145, 19, 149, 201, 3, 169, 176, 120, 89, 17, 7, 204, 4, 79, 7, 137, 196, 19, 127, 237, 71, 99, 35, 56, 58, 98, 195, 34, 235, 18, 154, 231, 33, 168, 210, 83, 40, 224, 199, 88, 4, 59, 200, 83, 202, 116, 132, 149, 20, 17, 144, 110, 132, 160, 30, 145, 240, 41, 225, 60, 126, 157, 224, 149, 81, 135, 205, 184, 156, 95, 55, 215, 234, 52, 39, 154, 20, 118, 149, 136, 86, 201, 128, 147, 227, 58, 8, 100, 131, 7, 59, 140, 75, 134, 118, 122, 203, 114, 47, 198, 100, 115, 0, 170, 55, 220, 243, 190, 51, 64, 105, 208, 110, 121, 36, 85, 113, 67, 9, 30, 8, 0, 80, 135, 139, 26, 153, 132, 219, 177, 254, 226, 63, 3, 173, 37, 138, 173, 66, 226, 155, 130, 106, 145, 247, 49, 97, 162, 156, 201, 18, 64, 244, 240, 173, 140, 15, 138, 189, 39, 185, 35, 230, 136, 145, 232, 140, 185, 195, 91, 73, 239, 39, 213, 84, 52, 12, 178, 182, 162, 191, 52, 2, 50, 46, 117, 190, 197, 107, 104, 172, 152, 11, 120, 109, 82, 26, 164, 195, 28, 37, 119, 94, 237, 79, 90, 141, 100, 19, 191, 241, 53, 89, 67, 18, 241, 182, 215, 10, 134, 218, 235, 151, 149, 9, 158, 222, 35, 214, 165, 195, 192, 66, 29, 8, 52, 47, 240, 25, 88, 153, 124, 40, 210, 119, 209, 40, 244, 177, 80, 190, 78, 100, 60, 84, 99, 22, 239, 136, 6, 2, 237, 76, 167, 198, 130, 153, 107, 160, 151, 165, 201, 226, 196, 159, 35, 148, 174, 37, 174, 210, 141, 29, 191, 207, 22, 7, 155, 240, 160, 96, 58, 115, 178, 172, 87, 255, 204, 95, 206, 248, 102, 9, 103, 0, 209, 169, 201, 228, 216, 25, 212, 189, 122, 176, 198, 108, 242, 152, 198, 249, 29, 84, 69, 133, 126, 149, 74, 161, 167, 225, 210, 157, 119, 131, 129, 177, 237, 167, 200, 226, 179, 38, 197, 76, 140, 10, 47, 254, 227, 54, 203, 116, 63, 24, 136, 175, 206, 146, 37, 231, 82, 198, 182, 1, 23, 173, 238, 14, 248, 196, 96, 83, 48, 47, 185, 90, 4, 82, 14, 56, 19, 103, 67, 76, 75, 178, 98, 44, 168, 83, 228, 90, 124, 67, 79, 212, 189, 204, 237, 244, 136, 45, 150, 2, 72, 44, 171, 242, 117, 33, 97, 108, 37, 3, 123, 76, 213, 232, 193, 217, 212, 98, 185, 143, 223, 82, 76, 82, 105, 17, 17, 19, 165, 87, 148, 31, 192, 16, 97, 101, 66, 199, 144, 33, 231, 225, 215, 97, 238, 191, 70, 153, 33, 121, 43, 249, 123, 81, 161, 124, 0, 27, 226, 95, 109, 223, 35, 204, 24, 20, 63, 157, 134, 7, 154, 195, 60, 184, 135, 56, 106, 58, 137, 37, 119, 67, 61, 183, 235, 173, 24, 232, 198, 138, 240, 115, 4, 108, 72, 45, 103, 43, 4, 197, 161, 255, 135, 243, 246, 97, 153, 200, 6, 96, 25, 177, 49, 190, 204, 216, 195, 10, 236, 63, 153, 168, 62, 60, 160, 6, 249, 59, 36, 10, 97, 109, 125, 136, 112, 43, 93, 196, 62, 138, 86, 126, 195, 178, 15, 11, 30, 120, 132, 107, 0, 50, 158, 183, 82, 162, 16, 242, 52, 223, 222, 29, 220, 116, 239, 111, 241, 107, 178, 109, 60, 47, 76, 60, 10, 122, 43, 163, 10, 78, 101, 174, 157, 162, 79, 144, 156, 116, 212, 139, 103, 185, 144, 25, 139, 86, 21, 206, 140, 42, 62, 60, 109, 25, 226, 133, 100, 79, 149, 112, 193, 147, 65, 38, 100, 247, 17, 156, 112, 55, 78, 58, 11, 48, 2, 27, 14, 7, 205, 201, 22, 148, 233, 31, 32, 130, 198, 240, 227, 191, 53, 131, 191, 141, 238, 95, 220, 115, 187, 221, 101, 213, 31, 61, 75, 60, 116, 10, 103, 91, 180, 145, 71, 190, 223, 28, 55, 119, 170, 79, 250, 32, 119, 230, 61, 97, 24, 228, 188, 29, 142, 194, 74, 134, 172, 80, 190, 247, 226, 39, 112, 25, 167, 31, 204, 45, 202, 239, 52, 158, 147, 228, 95, 212, 25, 84, 113, 20, 161, 252, 139, 2, 128, 92, 123, 8, 167, 248, 145, 7, 46, 33, 197, 220, 15, 118, 163, 78, 213, 116, 146, 215, 140, 69, 173, 93, 146, 203, 246, 88, 239, 190, 178, 220, 17, 189, 108, 43, 102, 78, 203, 119, 135, 20, 245, 87, 205, 70, 158, 248, 46, 106, 168, 191, 54, 123, 64, 90, 193, 173, 44, 141, 193, 38, 230, 163, 185, 171, 32, 24, 32, 164, 72, 75, 104, 1, 90, 229, 235, 99, 165, 210, 77, 201, 76, 240, 176, 61, 84, 175, 64, 180, 77, 145, 168, 189, 203, 66, 196, 136, 206, 39, 196, 122, 107, 41, 85, 44, 15, 240, 173, 174, 127, 126, 63, 141, 255, 191, 136, 65, 219, 196, 138, 160, 171, 144, 139, 146, 126, 15, 87, 210, 3, 11, 185, 63, 149, 78, 144, 44, 110, 56, 81, 146, 43, 29, 115, 59, 166, 28, 17, 206, 38, 217, 7, 152, 3, 159, 211, 17, 61, 190, 123, 195, 68, 135, 85, 11, 103, 227, 172, 18, 102, 16, 122, 195, 134, 11, 238, 206, 33, 43, 143, 8, 179, 18, 197, 19, 131, 211, 9, 151, 150, 5, 56, 244, 189, 157, 148, 253, 244, 151, 247, 28, 95, 14, 50, 177, 183, 159, 168, 15, 227, 31, 117, 251, 189, 70, 137, 220, 41, 60, 101, 206, 6, 13, 41, 195, 210, 181, 187, 50, 203, 77, 228, 11, 91, 188, 216, 224, 127, 60, 170, 64, 91, 34, 82, 101, 222, 157, 0, 106, 195, 80, 194, 111, 247, 73, 120, 193, 83, 208, 79, 196, 80, 104, 202, 6, 53, 165, 128, 86, 12, 2, 221, 232, 176, 204, 161, 252, 16, 73, 69, 3, 17, 195, 99, 77, 246, 173, 41, 250, 244, 127, 142, 181, 42, 56, 166, 44, 23, 10, 169, 142, 97, 209, 15, 73, 219, 184, 102, 126, 42, 166, 123, 198, 42, 34, 44, 11, 135, 46, 186, 207, 223, 107, 142, 168, 111, 79, 89, 25, 132, 183, 224, 72, 208, 245, 17, 175, 145, 10, 66, 252, 133, 94, 161, 32, 25, 170, 19, 70, 190, 155, 36, 120, 80, 153, 245, 201, 237, 35, 170, 1, 19, 74, 38, 7, 201, 52, 214, 174, 216, 87, 68, 59, 110, 240, 144, 187, 238, 237, 246, 214, 34, 177, 133, 221, 117, 53, 38, 230, 162, 6, 104, 0, 148, 92, 43, 119, 177, 170, 39, 249, 48, 186, 143, 243, 124, 131, 53, 56, 88, 23, 28, 228, 108, 119, 6, 144, 152, 206, 21, 196, 191, 115, 73, 9, 2, 44, 251, 18, 62, 72, 49, 15, 24, 74, 58, 189, 196, 175, 46, 232, 9, 8, 94, 154, 1, 231, 207, 9, 91, 38, 22, 208, 68, 154, 109, 29, 14, 129, 115, 31, 207, 96, 107, 53, 114, 149, 107, 131, 79, 213, 157, 165, 146, 8, 163, 106, 255, 31, 242, 54, 57, 34, 225, 13, 202, 72, 93, 45, 190, 249, 108, 66, 78, 114, 161, 133, 8, 2, 186, 155, 76, 135, 98, 213, 65, 95, 208, 175, 177, 156, 199, 47, 136, 24, 209, 10, 217, 58, 76, 48, 74, 182, 240, 99, 69, 17, 108, 94, 76, 237, 151, 231, 255, 122, 9, 234, 95, 26, 228, 148, 33, 78, 29, 49, 48, 48, 77, 100, 128, 162, 117, 40, 49, 79, 171, 221, 21, 78, 101, 7, 164, 15, 138, 215, 80, 60, 115, 87, 53, 105, 42, 240, 126, 76, 18, 32, 188, 165, 230, 101, 80, 93, 82, 38, 5, 250, 123, 179, 255, 53, 62, 223, 117, 103, 151, 106, 149, 27, 159, 6, 219, 221, 19, 137, 161, 192, 147, 237, 222, 253, 199, 254, 74, 12, 229, 25, 147, 22, 7, 205, 48, 172, 208, 10, 6, 156, 182, 66, 43, 244, 149, 183, 91, 238, 1, 125, 191, 66, 195, 201, 103, 88, 162, 166, 44, 188, 225, 24, 49, 55, 70, 3, 212, 176, 149, 63, 106, 36, 192, 5, 170, 254, 169, 94, 186, 29, 13, 226, 163, 107, 82, 111, 198, 60, 106, 217, 226, 204, 29, 27, 86, 125, 135, 21, 206, 15, 108, 162, 49, 166, 188, 170, 192, 25, 173, 198, 114, 17, 3, 168, 111, 72, 84, 8, 200, 112, 131, 14, 137, 206, 156, 44, 239, 185, 251, 24, 222, 123, 142, 199, 165, 36, 135, 142, 125, 101, 199, 84, 23, 207, 89, 202, 79, 55, 81, 234, 23, 180, 242, 142, 253, 16, 139, 9, 227, 198, 32, 149, 254, 67, 237, 55, 195, 10, 55, 145, 136, 162, 28, 144, 214, 247, 14, 173, 86, 186, 204, 220, 2, 181, 162, 46, 32, 52, 134, 7, 121, 42, 226, 73, 89, 211, 5, 43, 161, 253, 220, 230, 199, 125, 183, 214, 21, 9, 27, 1, 5, 28, 99, 125, 244, 111, 6, 143, 53, 252, 121, 44, 12, 199, 229, 115, 64, 57, 112, 173, 142, 58, 43, 6, 215, 72, 232, 20, 50, 114, 25, 194, 74, 133, 111, 42, 82, 186, 21, 142, 236, 211, 182, 16, 190, 81, 196, 204, 128, 2, 69, 47, 246, 13, 2, 129, 74, 71, 83, 101, 96, 2, 169, 209, 245, 216, 61, 27, 74, 112, 107, 9, 61, 141, 198, 18, 217, 63, 13, 50, 56, 175, 208, 29, 16, 105, 171, 244, 97, 186, 188, 96, 46, 198, 120, 225, 78, 194, 49, 90, 243, 42, 175, 215, 109, 232, 192, 36, 1, 84, 85, 208, 255, 104, 9, 51, 24, 96, 191, 212, 254, 134, 202, 81, 60, 158, 208, 54, 11, 220, 220, 1, 155, 210, 169, 107, 122, 237, 117, 32, 254, 33, 220, 164, 68, 212, 132, 154, 160, 90, 29, 132, 74, 160, 82, 32, 60, 2, 50, 8, 218, 120, 167, 157, 90, 107, 220, 8, 229, 248, 247, 2, 213, 121, 196, 61, 119, 21, 237, 206, 19, 48, 89, 41, 180, 214, 102, 9, 225, 104, 95, 217, 174, 175, 10, 161, 227, 238, 229, 79, 79, 80, 236, 4, 121, 2, 96, 240, 243, 188, 81, 13, 46, 153, 103, 237, 67, 29, 232, 13, 2, 249, 14, 130, 54, 24, 178, 126, 19, 27, 56, 102, 101, 137, 218, 35, 120, 60, 105, 59, 245, 144, 161, 18, 158, 82, 96, 72, 81, 9, 2, 76, 219, 164, 157, 134, 108, 115, 130, 68, 109, 62, 89, 43, 16, 38, 168, 20, 198, 239, 21, 212, 70, 34, 171, 183, 125, 221, 170, 186, 161, 213, 1, 231, 62, 198, 76, 200, 93, 172, 38, 148, 101, 206, 224, 102, 206, 121, 226, 40, 174, 127, 243, 143, 195, 41, 119, 127, 153, 85, 19, 44, 173, 248, 232, 60, 250, 150, 123, 8, 34, 8, 239, 30, 49, 105, 172, 251, 82, 9, 12, 16, 130, 101, 58, 192, 129, 44, 228, 82, 71, 48, 205, 159, 127, 58, 194, 2, 167, 130, 255, 134, 229, 230, 237, 174, 185, 240, 173, 2, 233, 180, 128, 47, 158, 55, 86, 130, 29, 11, 163, 240, 209, 153, 98, 54, 11, 46, 163, 228, 115, 2, 108, 239, 216, 62, 99, 188, 145, 117, 10, 181, 116, 16, 108, 2, 47, 178, 248, 57, 137, 189, 108, 95, 151, 23, 172, 215, 103, 219, 186, 93, 232, 207, 167, 54, 255, 181, 237, 15, 64, 249, 94, 31, 47, 21, 232, 43, 223, 83, 148, 44, 163, 130, 223, 233, 60, 40, 2, 229, 127, 126, 201, 110, 252, 56, 23, 9, 169, 175, 248, 171, 161, 17, 58, 166, 209, 176, 81, 34, 4, 94, 80, 27, 23, 244, 162, 148, 170, 247, 55, 82, 0, 14, 193, 103, 232, 129, 241, 52, 11, 30, 130, 139, 250, 139, 40, 171, 15, 81, 20, 3, 228, 46, 11, 183, 110, 181, 99, 103, 49, 70, 230, 145, 58, 66, 70, 86, 213, 237, 232, 104, 243, 253, 42, 219, 189, 166, 208, 8, 228, 182, 109, 21, 39, 166, 23, 134, 66, 191, 232, 225, 231, 169, 29, 30, 37, 98, 84, 152, 0, 102, 190, 232, 35, 243, 122, 134, 143, 117, 71, 57, 176, 63, 112, 45, 175, 92, 88, 217, 39, 59, 73, 209, 49, 26, 53, 137, 52, 43, 136, 108, 171, 115, 109, 54, 245, 50, 240, 92, 93, 99, 157, 126, 168, 196, 178, 30, 147, 19, 145, 4, 181, 11, 92, 67, 15, 91, 137, 186, 95, 57, 125, 92, 153, 225, 150, 131, 208, 30, 50, 159, 66, 159, 87, 137, 171, 102, 126, 41, 115, 83, 101, 37, 111, 240, 165, 193, 29, 18, 102, 139, 61, 212, 43, 235, 7, 67, 39, 119, 129, 109, 158, 207, 85, 42, 2, 211, 202, 148, 98, 10, 184, 105, 37, 226, 6, 162, 243, 235, 198, 119, 83, 22, 171, 152, 95, 47, 92, 46, 15, 55, 232, 130, 31, 208, 34, 190, 247, 183, 219, 108, 144, 12, 113, 83, 18, 219, 30, 4, 47, 231, 110, 252, 227, 86, 187, 40, 63, 38, 8, 172, 92, 104, 187, 210, 186, 231, 26, 17, 140, 169, 38, 89, 154, 45, 129, 188, 161, 111, 126, 205, 176, 94, 233, 240, 135, 127, 119, 23, 233, 247, 56, 34, 190, 175, 69, 211, 63, 227, 105, 172, 10, 212, 145, 49, 227, 25, 206, 184, 163, 225, 24, 193, 45, 93, 168, 109, 65, 161, 145, 36, 94, 103, 129, 107, 198, 26, 242, 98, 196, 49, 65, 134, 120, 75, 117, 163, 137, 18, 96, 50, 11, 42, 26, 206, 250, 246, 60, 160, 165, 9, 23, 179, 204, 88, 12, 105, 229, 168, 167, 88, 174, 78, 186, 63, 168, 234, 152, 252, 176, 41, 192, 12, 91, 133, 117, 185, 51, 193, 218, 131, 61, 114, 83, 58, 118, 53, 218, 71, 11, 134, 195, 156, 25, 36, 92, 150, 114, 124, 118, 35, 190, 40, 32, 188, 68, 35, 213, 134, 52, 166, 133, 108, 156, 214, 198, 38, 4, 250, 191, 66, 207, 133, 135, 88, 142, 200, 132, 252, 118, 221, 95, 146, 244, 18, 65, 210, 187, 79, 30, 78, 73, 130, 70, 50, 155, 89, 195, 155, 239, 33, 190, 218, 28, 179, 211, 74, 201, 90, 208, 161, 134, 110, 189, 182, 241, 44, 117, 158, 125, 86, 112, 43, 170, 64, 12, 246, 120, 14, 114, 108, 220, 54, 116, 46, 129, 36, 199, 180, 100, 167, 27, 53, 73, 206, 223, 166, 149, 1, 55, 207, 41, 97, 189, 109, 73, 102, 218, 37, 190, 248, 250, 17, 138, 138, 215, 193, 11, 187, 246, 87, 166, 56, 227, 216, 138, 76, 231, 232, 161, 38, 205, 68, 158, 175, 124, 111, 161, 207, 230, 129, 143, 74, 35, 0, 239, 43, 27, 214, 214, 222, 46, 64, 113, 178, 158, 2, 129, 101, 87, 202, 162, 0, 165, 223, 235, 244, 201, 44, 52, 170, 25, 227, 11, 62, 29, 55, 115, 213, 108, 126, 70, 109, 188, 197, 192, 146, 239, 93, 10, 218, 1, 7, 70, 26, 139, 152, 202, 209, 26, 25, 201, 154, 197, 251, 248, 82, 172, 5, 29, 89, 223, 4, 114, 150, 96, 40, 252, 246, 250, 127, 230, 151, 169, 214, 55, 33, 250, 162, 190, 65, 41, 55, 46, 189, 28, 116, 12, 68, 27, 245, 121, 235, 255, 111, 34, 8, 92, 85, 130, 130, 19, 245, 226, 205, 18, 78, 23, 29, 16, 148, 173, 88, 241, 181, 72, 143, 191, 81, 90, 130, 254, 87, 174, 107, 122, 223, 240, 113, 173, 245, 223, 140, 163, 165, 59, 137, 119, 211, 249, 31, 171, 55, 23, 127, 231, 42, 85, 123, 178, 95, 108, 185, 215, 44, 45, 24, 131, 143, 18, 191, 249, 172, 217, 141, 123, 179, 188, 143, 172, 115, 4, 2, 162, 22, 87, 112, 32, 58, 80, 100, 254, 155, 68, 166, 48, 31, 127, 163, 187, 89, 206, 153, 79, 182, 255, 109, 148, 242, 151, 90, 74, 182, 15, 4, 122, 17, 136, 128, 219, 1, 154, 94, 97, 126, 136, 23, 227, 144, 0, 54, 22, 66, 209, 167, 177, 228, 215, 253, 202, 148, 39, 131, 126, 188, 156, 22, 239, 2, 227, 4, 200, 33, 124, 191, 123, 2, 87, 11, 201, 31, 187, 68, 23, 26, 151, 39, 124, 29, 89, 5, 121, 104, 71, 167, 47, 193, 167, 42, 246, 182, 67, 102, 233, 63, 70, 229, 204, 138, 174, 247, 10, 208, 48, 108, 187, 117, 15, 46, 241, 174, 28, 203, 225, 48, 191, 88, 224, 121, 159, 31, 1, 71, 218, 23, 91, 207, 122, 46, 33, 254, 0, 146, 238, 146, 155, 91, 106, 152, 138, 112, 114, 198, 45, 180, 16, 54, 147, 46, 20, 53, 221, 36, 52, 216, 128, 249, 5, 76, 212, 40, 148, 67, 63, 106, 193, 95, 167, 192, 110, 136, 72, 205, 87, 128, 178, 15, 143, 205, 4, 83, 132, 169, 137, 33, 184, 103, 156, 122, 50, 129, 239, 163, 129, 133, 244, 237, 135, 247, 148, 139, 77, 95, 8, 118, 149, 251, 104, 18, 68, 140, 153, 59, 162, 238, 57, 46, 210, 173, 187, 77, 119, 180, 157, 95, 39, 222, 36, 17, 167, 176, 245, 114, 202, 20, 109, 100, 116, 18, 163, 19, 49, 163, 238, 81, 121, 115, 105, 44, 198, 49, 158, 38, 118, 67, 125, 7, 171, 230, 146, 81, 170, 201, 234, 16, 98, 252, 117, 120, 186, 162, 117, 113, 3, 62, 86, 117, 178, 59, 218, 33, 197, 7, 150, 233, 164, 8, 43, 35, 195, 41, 21, 121, 122, 72, 212, 4, 78, 30, 135, 191, 107, 140, 5, 236, 129, 243, 233, 63, 10, 61, 114, 18, 86, 139, 140, 85, 152, 209, 94, 181, 5, 0, 176, 207, 155, 147, 165, 226, 145, 14, 169, 135, 13, 235, 12, 92, 183, 84, 49, 47, 0, 151, 49, 45, 237, 87, 102, 215, 44, 184, 153, 117, 62, 172, 211, 187, 231, 73, 115, 207, 70, 33, 65, 28, 192, 227, 58, 28, 107, 202, 98, 40, 3, 154, 170, 35, 145, 162, 178, 102, 150, 132, 235, 133, 84, 73, 11, 156, 39, 147, 62, 254, 209, 170, 23, 204, 81, 22, 229, 116, 10, 9, 95, 112, 27, 91, 70, 29, 126, 5, 249, 75, 72, 12, 24, 216, 129, 231, 92, 223, 70, 52, 130, 210, 13, 59, 173, 152, 94, 7, 40, 255, 1, 47, 144, 243, 130, 103, 196, 22, 171, 33, 233, 14, 1, 230, 53, 204, 33, 88, 139, 27, 206, 209, 45, 161, 212, 83, 17, 203, 114, 98, 168, 31, 198, 70, 131, 172, 31, 79, 145, 3, 96, 254, 85, 96, 225, 172, 5, 160, 127, 247, 80, 210, 30, 87, 213, 13, 223, 99, 19, 41, 200, 148, 106, 248, 247, 20, 9, 126, 58, 8, 235, 44, 27, 138, 178, 27, 14, 207, 11, 132, 73, 85, 44, 111, 25, 72, 208, 214, 242, 157, 53, 65, 98, 126, 84, 5, 55, 108, 19, 47, 133, 156, 152, 38, 98, 4, 208, 113, 120, 238, 214, 227, 92, 69, 72, 221, 4, 15, 15, 73, 163, 18, 16, 98, 167, 154, 75, 224, 72, 209, 248, 135, 235, 55, 125, 21, 65, 227, 4, 142, 129, 210, 105, 143, 6, 108, 55, 167, 104, 86, 78, 159, 181, 143, 59, 84, 165, 254, 39, 154, 187, 113, 230, 196, 174, 73, 166, 47, 214, 161, 4, 74, 250, 64, 159, 45, 138, 27, 192, 97, 189, 205, 53, 100, 158, 227, 102, 66, 87, 129, 251, 64, 179, 249, 33, 44, 235, 193, 58, 24, 150, 41, 231, 241, 32, 152, 80, 87, 61, 60, 78, 128, 174, 140, 10, 153, 43, 13, 33, 245, 50, 152, 56, 94, 132, 48, 90, 194, 91, 58, 163, 23, 61, 210, 174, 207, 253, 72, 255, 198, 54, 177, 207, 145, 41, 93, 134, 213, 75, 97, 49, 90, 123, 51, 164, 199, 79, 103, 86, 0, 23, 60, 139, 9, 80, 160, 19, 177, 143, 4, 109, 230, 92, 18, 17, 207, 43, 42, 135, 88, 20, 186, 131, 5, 228, 171, 210, 230, 171, 114, 214, 203, 244, 151, 174, 39, 85, 49, 64, 64, 13, 210, 200, 131, 184, 213, 32, 81, 69, 14, 169, 121, 241, 234, 36, 80, 200, 31, 205, 243, 156, 93, 62, 239, 83, 176, 93, 17, 63, 164, 244, 11, 226, 205, 36, 49, 89, 10, 139, 3, 62, 156, 45, 213, 169, 153, 2, 219, 22, 234, 47, 38, 253, 197, 49, 146, 160, 149, 78, 15, 26, 128, 121, 203, 92, 10, 168, 92, 156, 98, 99, 91, 29, 204, 187, 124, 106, 83, 64, 65, 6, 214, 39, 0, 96, 215, 163, 131, 0, 137, 233, 36, 224, 25, 17, 123, 2, 84, 100, 7, 135, 255, 20, 98, 140, 86, 184, 9, 47, 185, 152, 225, 53, 111, 69, 89, 2, 177, 252, 28, 247, 131, 202, 28, 223, 214, 177, 52, 114, 69, 118, 184, 224, 128, 130, 200, 171, 178, 100, 219, 22, 215, 184, 23, 244, 249, 139, 141, 132, 41, 131, 213, 172, 81, 149, 27, 19, 52, 39, 166, 144, 104, 97, 83, 204, 220, 5, 194, 157, 109, 129, 91, 65, 84, 25, 129, 144, 246, 222, 220, 143, 125, 89, 222, 179, 161, 120, 16, 132, 48, 249, 136, 251, 65, 127, 173, 63, 168, 180, 138, 11, 18, 94, 97, 184, 139, 64, 195, 190, 94, 38, 94, 21, 210, 82, 156, 205, 189, 54, 44, 157, 47, 124, 218, 194, 195, 165, 122, 113, 69, 43, 210, 23, 58, 15, 93, 87, 2, 107, 39, 99, 229, 176, 10, 67, 233, 195, 25, 120, 205, 145, 17, 148, 188, 180, 39, 39, 106, 195, 226, 205, 135, 132, 151, 17, 156, 108, 102, 90, 182, 100, 63, 187, 150, 98, 162, 168, 219, 224, 24, 30, 161, 26, 23, 182, 186, 207, 103, 236, 116, 111, 166, 62, 51, 161, 63, 96, 174, 244, 150, 144, 128, 218, 234, 193, 191, 53, 239, 92, 199, 167, 22, 153, 168, 161, 9, 71, 44, 228, 98, 167, 117, 118, 203, 147, 127, 190, 1, 156, 217, 44, 188, 105, 18, 184, 203, 148, 3, 52, 57, 187, 241, 22, 149, 207, 243, 175, 28, 80, 211, 145, 123, 28, 178, 113, 107, 172, 218, 58, 182, 249, 165, 242, 109, 116, 48, 186, 155, 195, 253, 121, 85, 78, 183, 115, 222, 83, 181, 93, 48, 1, 111, 191, 43, 195, 219, 81, 217, 15, 17, 23, 75, 6, 135, 6, 202, 230, 87, 35, 8, 240, 242, 53, 22, 115, 182, 219, 249, 7, 26, 127, 8, 14, 125, 156, 95, 191, 22, 131, 135, 144, 62, 24, 248, 184, 143, 52, 124, 181, 121, 219, 211, 93, 214, 235, 4, 152, 218, 155, 192, 122, 203, 156, 9, 39, 130, 118, 234, 216, 230, 55, 179, 143, 72, 216, 150, 229, 110, 112, 48, 184, 1, 148, 66, 75, 130, 183, 52, 202, 158, 217, 212, 202, 165, 88, 26, 28, 244, 150, 51, 226, 23, 17, 98, 136, 239, 4, 35, 147, 69, 238, 230, 75, 117, 156, 184, 53, 210, 94, 88, 57, 209, 4, 251, 245, 165, 195, 19, 35, 104, 244, 77, 103, 248, 178, 36, 59, 241, 216, 8, 164, 228, 91, 253, 32, 75, 89, 229, 209, 96, 106, 43, 59, 97, 234, 27, 63, 112, 215, 4, 22, 162, 232, 156, 76, 67, 243, 221, 172, 158, 199, 152, 150, 111, 71, 157, 84, 84, 98, 154, 45, 239, 100, 131, 56, 47, 81, 186, 6, 172, 164, 32, 85, 12, 62, 164, 175, 134, 239, 151, 99, 31, 219, 250, 42, 170, 132, 14, 224, 111, 101, 72, 37, 133, 42, 138, 122, 136, 145, 153, 118, 184, 86, 37, 101, 11, 140, 124, 39, 131, 173, 20, 97, 23, 160, 158, 166, 131, 115, 118, 192, 153, 102, 107, 233, 121, 2, 55, 235, 19, 91, 209, 38, 103, 126, 27, 93, 139, 72, 28, 46, 134, 184, 96, 89, 77, 86, 204, 115, 73, 107, 179, 189, 185, 161, 122, 248, 37, 133, 223, 185, 101, 159, 199, 8, 138, 5, 21, 184, 22, 247, 22, 42, 98, 142, 209, 158, 139, 204, 216, 82, 75, 7, 54, 130, 144, 206, 33, 233, 41, 142, 21, 175, 173, 238, 99, 55, 223, 16, 3, 101, 131, 23, 182, 244, 88, 193, 91, 198, 64, 112, 75, 213, 229, 149, 207, 126, 239, 111, 50, 108, 188, 214, 162, 69, 254, 95, 157, 168, 105, 102, 9, 210, 145, 241, 70, 15, 220, 127, 190, 1, 10, 203, 242, 179, 219, 12, 90, 102, 54, 154, 71, 113, 84, 241, 34, 75, 68, 123, 199, 21, 152, 182, 33, 230, 108, 106, 173, 206, 137, 11, 130, 139, 66, 216, 17, 67, 179, 164, 94, 62, 29, 7, 243, 219, 135, 117, 155, 15, 145, 197, 234, 85, 151, 64, 15, 70, 82, 152, 129, 147, 30, 174, 94, 182, 202, 246, 141, 151, 247, 146, 60, 202, 27, 174, 115, 56, 171, 250, 253, 212, 214, 11, 65, 48, 173, 78, 39, 41, 133, 195, 217, 188, 8, 208, 8, 102, 73, 238, 240, 33, 115, 144, 208, 178, 5, 173, 232, 80, 73, 236, 143, 253, 232, 54, 113, 69, 142, 67, 36, 20, 37, 207, 133, 179, 153, 46, 159, 131, 146, 33, 103, 12, 227, 176, 72, 123, 94, 86, 17, 105, 4, 75, 188, 227, 203, 232, 76, 138, 154, 79, 6, 0, 242, 218, 61, 4, 16, 22, 102, 86, 71, 172, 208, 69, 183, 131, 217, 119, 244, 107, 208, 210, 179, 4, 156, 99, 2, 118, 27, 127, 49, 193, 30, 215, 221, 136, 58, 43, 3, 19, 172, 162, 96, 74, 166, 58, 234, 238, 235, 215, 225, 154, 176, 15, 238, 183, 220, 231, 85, 142, 237, 133, 166, 172, 43, 198, 184, 135, 90, 64, 20, 83, 109, 58, 100, 22, 242, 35, 50, 104, 185, 19, 183, 188, 207, 191, 132, 181, 149, 79, 175, 129, 79, 90, 22, 37, 12, 238, 9, 126, 67, 205, 225, 79, 110, 225, 183, 12, 78, 132, 163, 192, 116, 95, 157, 211, 183, 200, 48, 161, 154, 177, 57, 217, 227, 182, 236, 49, 40, 127, 228, 69, 74, 176, 98, 30, 230, 228, 18, 93, 100, 133, 117, 213, 7, 170, 37, 170, 91, 243, 237, 107, 50, 184, 83, 49, 217, 24, 100, 255, 33, 249, 238, 157, 113, 236, 208, 26, 95, 13, 32, 121, 184, 49, 253, 93, 138, 161, 233, 4, 51, 141, 227, 170, 210, 165, 48, 245, 222, 41, 3, 72, 1, 81, 52, 234, 90, 1, 6, 42, 195, 158, 194, 242, 253, 82, 248, 199, 185, 106, 95, 92, 116, 180, 157, 224, 15, 53, 98, 137, 181, 153, 244, 192, 5, 21, 68, 30, 74, 215, 252, 233, 183, 101, 248, 184, 116, 146, 120, 87, 63, 92, 16, 36, 92, 170, 103, 32, 103, 243, 12, 163, 167, 55, 219, 61, 41, 180, 184, 205, 243, 211, 89, 111, 21, 162, 89, 246, 213, 44, 115, 20, 36, 207, 4, 80, 202, 48, 125, 114, 178, 110, 241, 239, 141, 67, 121, 194, 46, 25, 22, 134, 202, 245, 59, 17, 114, 151, 177, 74, 168, 5, 251, 12, 27, 165, 186, 81, 247, 104, 68, 94, 18, 7, 19, 201, 249, 249, 178, 47, 19, 230, 130, 221, 142, 140, 134, 194, 188, 179, 102, 159, 196, 120, 58, 22, 130, 21, 158, 87, 16, 79, 85, 45, 33, 203, 94, 25, 132, 9, 52, 110, 4, 201, 185, 107, 227, 124, 36, 147, 134, 189, 241, 63, 176, 63, 179, 15, 32, 236, 153, 98, 183, 203, 57, 74, 143, 75, 157, 252, 71, 176, 48, 164, 25, 248, 129, 9, 91, 167, 217, 98, 168, 127, 123, 79, 69, 102, 141, 139, 113, 64, 135, 125, 129, 63, 151, 214, 245, 151, 89, 227, 235, 14, 153, 121, 41, 40, 129, 86, 221, 189, 160, 12, 118, 31, 224, 158, 87, 96, 65, 203, 133, 102, 118, 95, 51, 58, 92, 188, 22, 21, 107, 131, 68, 198, 130, 11, 42, 65, 144, 44, 128, 192, 154, 76, 145, 97, 254, 62, 138, 205, 94, 18, 2, 92, 183, 52, 92, 181, 195, 198, 102, 35, 45, 71, 183, 88, 158, 235, 31, 137, 90, 221, 73, 199, 75, 221, 101, 252, 77, 91, 140, 1, 229, 100, 63, 28, 6, 113, 175, 24, 34, 23, 127, 106, 156, 247, 162, 20, 39, 13, 21, 208, 61, 86, 183, 168, 230, 32, 32, 245, 56, 101, 97, 204, 84, 11, 95, 104, 197, 114, 127, 251, 233, 241, 210, 18, 50, 245, 98, 192, 216, 253, 39, 157, 47, 141, 232, 215, 84, 185, 89, 50, 78, 140, 184, 251, 52, 134, 230, 241, 11, 50, 196, 90, 242, 157, 153, 155, 185, 158, 117, 9, 42, 9, 25, 238, 207, 157, 4, 160, 11, 184, 214, 111, 197, 230, 14, 29, 230, 92, 88, 163, 53, 251, 180, 76, 55, 133, 57, 2, 176, 206, 115, 232, 95, 144, 20, 201, 55, 165, 189, 150, 182, 4, 222, 10, 216, 91, 13, 200, 243, 115, 5, 135, 46, 239, 70, 201, 250, 171, 95, 233, 128, 128, 70, 221, 202, 108, 16, 147, 152, 230, 189, 194, 42, 29, 158, 30, 87, 162, 100, 96, 10, 188, 185, 198, 167, 115, 61, 150, 239, 253, 143, 8, 141, 167, 136, 141, 174, 93, 24, 170, 248, 117, 117, 248, 80, 184, 163, 210, 236, 42, 23, 184, 27, 168, 121, 39, 245, 4, 210, 170, 114, 252, 2, 213, 178, 119, 112, 114, 144, 43, 13, 50, 167, 249, 191, 117, 122, 136, 109, 6, 153, 17, 226, 254, 153, 27, 89, 13, 57, 107, 219, 156, 174, 46, 55, 30, 158, 167, 187, 97, 230, 81, 47, 170, 169, 1, 16, 14, 42, 77, 164, 97, 104, 71, 51, 100, 124, 121, 41, 32, 157, 51, 248, 27, 248, 130, 76, 96, 220, 35, 51, 242, 57, 67, 12, 143, 35, 4, 229, 2, 139, 97, 204, 99, 205, 89, 77, 47, 164, 21, 109, 120, 112, 51, 253, 163, 248, 189, 40, 41, 195, 91, 195, 30, 109, 159, 35, 75, 103, 252, 187, 195, 156, 117, 222, 133, 204, 86, 108, 1, 90, 68, 108, 105, 63, 9, 3, 233, 145, 128, 242, 208, 220, 109, 43, 43, 47, 170, 9, 200, 142, 251, 114, 39, 186, 246, 252, 3, 116, 29, 40, 153, 108, 249, 105, 133, 239, 19, 196, 73, 82, 44, 26, 235, 50, 206, 140, 116, 66, 31, 24, 113, 28, 38, 197, 228, 114, 107, 229, 233, 162, 78, 207, 13, 177, 213, 232, 171, 192, 87, 62, 202, 29, 2, 118, 143, 97, 39, 208, 138, 80, 32, 42, 167, 73, 250, 132, 83, 226, 57, 77, 107, 63, 110, 172, 51, 70, 228, 128, 112, 178, 206, 98, 196, 241, 111, 221, 138, 242, 210, 223, 102, 86, 129, 20, 161, 120, 100, 91, 199, 251, 121, 52, 130, 45, 19, 37, 164, 7, 187, 169, 200, 200, 139, 92, 92, 80, 97, 135, 178, 9, 9, 99, 56, 151, 190, 13, 145, 96, 196, 49, 81, 182, 124, 244, 62, 124, 63, 236, 69, 21, 113, 224, 48, 254, 82, 107, 111, 175, 69, 113, 251, 229, 12, 37, 199, 14, 100, 7, 132, 24, 49, 138, 193, 197, 39, 186, 53, 205, 130, 174, 81, 28, 249, 68, 118, 253, 43, 112, 255, 164, 229, 188, 209, 183, 27, 183, 202, 18, 158, 7, 244, 195, 3, 111, 100, 124, 197, 137, 176, 53, 78, 88, 157, 29, 140, 119, 159, 99, 158, 23, 165, 249, 113, 225, 247, 214, 178, 0, 241, 67, 20, 43, 31, 91, 229, 99, 114, 128, 202, 67, 15, 49, 168, 117, 135, 18, 247, 139, 115, 155, 179, 247, 43, 172, 236, 77, 7, 169, 164, 199, 73, 52, 43, 34, 233, 231, 130, 210, 228, 219, 30, 133, 5, 249, 158, 127, 113, 5, 14, 211, 128, 76, 98, 28, 175, 146, 156, 219, 89, 48, 136, 25, 153, 72, 37, 45, 138, 76, 29, 97, 40, 67, 195, 173, 104, 83, 120, 244, 60, 138, 124, 59, 47, 15, 50, 153, 141, 136, 194, 5, 146, 189, 156, 171, 6, 36, 188, 29, 230, 2, 120, 218, 52, 246, 151, 123, 145, 237, 18, 79, 86, 208, 74, 56, 168, 2, 29, 89, 78, 185, 118, 41, 147, 38, 80, 4, 29, 120, 181, 5, 19, 222, 0, 185, 188, 32, 241, 204, 169, 250, 82, 254, 51, 223, 156, 182, 96, 103, 215, 45, 178, 50, 144, 101, 186, 53, 40, 211, 91, 160, 102, 18, 109, 80, 213, 191, 238, 163, 193, 130, 150, 180, 238, 33, 95, 156, 34, 19, 167, 238, 31, 244, 216, 122, 78, 87, 97, 92, 152, 107, 55, 103, 46, 31, 27, 203, 150, 208, 75, 66, 98, 61, 91, 134, 231, 144, 48, 218, 39, 146, 249, 87, 180, 223, 109, 238, 11, 28, 1, 162, 247, 77, 223, 206, 222, 14, 55, 194, 62, 242, 134, 240, 37, 118, 243, 62, 79, 22, 161, 21, 214, 198, 180, 16, 231, 19, 237, 52, 176, 123, 64, 97, 226, 224, 3, 109, 46, 2, 48, 127, 91, 95, 226, 101, 8, 115, 119, 29, 31, 225, 63, 0, 185, 53, 137, 21, 164, 209, 119, 42, 164, 1, 2, 43, 101, 55, 130, 83, 66, 22, 148, 42, 41, 226, 141, 139, 199, 29, 250, 201, 68, 202, 74, 145, 41, 8, 188, 26, 209, 26, 178, 193, 118, 48, 166, 98, 165, 105, 26, 57, 207, 7, 200, 41, 68, 78, 76, 216, 139, 21, 39, 100, 34, 13, 246, 96, 29, 24, 142, 156, 120, 151, 136, 27, 162, 2, 94, 167, 206, 70, 211, 5, 152, 43, 184, 218, 216, 48, 162, 51, 100, 125, 228, 119, 130, 78, 247, 63, 194, 86, 107, 248, 252, 221, 173, 56, 103, 35, 110, 72, 208, 75, 59, 75, 3, 27, 1, 241, 186, 188, 223, 19, 171, 31, 121, 85, 69, 9, 202, 253, 218, 251, 130, 131, 52, 129, 143, 220, 131, 21, 232, 238, 255, 69, 132, 37, 157, 2, 228, 58, 43, 225, 22, 94, 176, 160, 104, 192, 4, 228, 33, 36, 116, 153, 148, 163, 42, 169, 252, 13, 112, 221, 135, 130, 238, 133, 100, 196, 128, 42, 109, 90, 18, 68, 76, 51, 42, 198, 77, 74, 199, 182, 251, 50, 14, 119, 188, 218, 232, 199, 160, 170, 183, 194, 47, 32, 210, 121, 115, 8, 113, 34, 5, 135, 7, 229, 177, 248, 167, 103, 155, 35, 67, 55, 23, 244, 67, 36, 36, 152, 243, 168, 193, 35, 18, 74, 187, 9, 230, 50, 125, 91, 135, 40, 136, 186, 214, 219, 123, 202, 201, 198, 93, 24, 88, 10, 169, 156, 180, 201, 229, 198, 209, 108, 228, 242, 250, 232, 84, 213, 186, 246, 130, 43, 90, 14, 41, 160, 236, 167, 192, 49, 180, 168, 86, 89, 88, 208, 73, 33, 121, 150, 55, 98, 1, 226, 224, 208, 40, 250, 144, 178, 146, 65, 164, 128, 7, 1, 255, 37, 111, 191, 193, 131, 137, 147, 244, 60, 39, 50, 85, 23, 2, 249, 41, 153, 92, 129, 39, 171, 46, 167, 143, 214, 126, 98, 133, 200, 20, 30, 86, 50, 144, 48, 5, 198, 69, 187, 200, 226, 160, 211, 202, 5, 242, 108, 156, 151, 168, 133, 108, 181, 66, 47, 162, 181, 20, 98, 176, 245, 163, 38, 0, 189, 51, 8, 108, 33, 97, 156, 156, 136, 119, 25, 228, 104, 69, 198, 22, 167, 79, 220, 87, 25, 231, 98, 60, 40, 187, 140, 0, 35, 207, 2, 49, 198, 7, 9, 241, 219, 190, 77, 87, 157, 159, 199, 188, 134, 231, 121, 239, 82, 69, 22, 201, 64, 166, 219, 71, 70, 162, 166, 236, 217, 175, 44, 110, 90, 145, 224, 25, 164, 167, 129, 188, 182, 211, 70, 13, 237, 180, 35, 234, 155, 227, 121, 59, 114, 254, 89, 53, 123, 221, 233, 189, 240, 249, 24, 221, 5, 161, 91, 236, 177, 165, 156, 23, 220, 192, 193, 96, 181, 147, 29, 72, 114, 186, 176, 125, 220, 18, 155, 51, 181, 100, 15, 92, 109, 37, 26, 209, 151, 50, 14, 76, 4, 157, 223, 120, 146, 209, 66, 61, 230, 108, 4, 41, 230, 68, 63, 230, 180, 183, 99, 230, 167, 227, 166, 81, 82, 214, 30, 94, 195, 170, 220, 146, 135, 40, 189, 109, 13, 96, 201, 191, 171, 160, 200, 111, 228, 107, 67, 206, 50, 243, 203, 9, 126, 170, 133, 4, 48, 204, 37, 243, 250, 14, 216, 40, 236, 217, 165, 150, 185, 103, 89, 152, 31, 235, 27, 54, 237, 4, 69, 133, 37, 176, 101, 161, 189, 168, 253, 159, 109, 107, 2, 147, 135, 59, 105, 18, 26, 200, 39, 14, 114, 134, 129, 132, 41, 92, 50, 251, 126, 212, 31, 131, 216, 146, 19, 85, 127, 84, 220, 43, 77, 84, 7, 246, 242, 50, 250, 159, 61, 60, 52, 252, 246, 218, 135, 253, 185, 184, 193, 198, 122, 0, 89, 210, 147, 57, 221, 243, 249, 142, 207, 212, 30, 64, 45, 116, 19, 140, 35, 233, 131, 9, 135, 209, 13, 159, 98, 92, 98, 101, 210, 114, 147, 115, 63, 162, 213, 126, 238, 192, 3, 6, 120, 28, 7, 210, 35, 225, 206, 47, 135, 129, 210, 18, 123, 130, 50, 187, 184, 154, 96, 45, 7, 125, 155, 9, 141, 156, 28, 54, 246, 140, 49, 178, 144, 145, 9, 150, 32, 41, 83, 241, 198, 35, 169, 178, 134, 64, 231, 104, 40, 50, 35, 206, 125, 53, 102, 51, 79, 153, 216, 161, 29, 177, 82, 87, 81, 164, 78, 240, 2, 35, 185, 152, 214, 129, 87, 16, 219, 55, 167, 77, 57, 61, 220, 144, 129, 73, 45, 249, 168, 4, 40, 100, 58, 247, 209, 222, 225, 200, 95, 45, 28, 12, 120, 142, 68, 157, 242, 16, 152, 40, 210, 179, 216, 147, 110, 104, 96, 246, 155, 61, 223, 124, 95, 150, 254, 30, 61, 88, 56, 235, 111, 75, 14, 100, 143, 168, 9, 107, 227, 243, 144, 44, 134, 252, 212, 31, 228, 245, 197, 29, 38, 133, 1, 113, 183, 31, 239, 161, 135, 190, 253, 211, 252, 151, 34, 231, 246, 90, 145, 10, 144, 117, 96, 179, 145, 62, 71, 156, 70, 23, 2, 89, 240, 243, 16, 148, 98, 162, 37, 193, 181, 171, 235, 188, 131, 248, 43, 156, 13, 43, 98, 116, 224, 14, 140, 99, 182, 229, 105, 3, 197, 9, 69, 238, 60, 178, 156, 255, 1, 76, 26, 142, 69, 189, 207, 150, 64, 20, 12, 15, 250, 167, 214, 182, 73, 220, 155, 63, 229, 192, 223, 147, 1, 81, 210, 130, 68, 30, 124, 252, 48, 79, 18, 60, 36, 0, 238, 78, 237, 103, 18, 239, 231, 245, 132, 15, 198, 183, 193, 208, 210, 3, 10, 214, 107, 76, 97, 65, 35, 115, 113, 1, 177, 68, 134, 99, 150, 133, 199, 48, 213, 143, 21, 202, 55, 71, 95, 1, 152, 9, 88, 83, 252, 197, 32, 133, 234, 211, 31, 27, 219, 15, 189, 227, 5, 241, 206, 237, 20, 145, 119, 163, 204, 189, 31, 227, 84, 164, 136, 138, 1, 200, 93, 186, 9, 61, 43, 20, 144, 134, 192, 192, 46, 105, 55, 73, 68, 117, 254, 211, 48, 195, 130, 148, 101, 29, 35, 15, 39, 3, 95, 212, 92, 128, 197, 61, 131, 203, 196, 8, 214, 52, 67, 90, 127, 54, 28, 212, 190, 140, 138, 73, 47, 38, 221, 153, 239, 19, 41, 168, 18, 129, 238, 45, 198, 55, 108, 58, 156, 33, 8, 167, 219, 40, 253, 175, 50, 109, 246, 117, 119, 36, 130, 171, 167, 208, 227, 162, 146, 154, 33, 236, 20, 193, 173, 54, 251, 8, 103, 110, 17, 85, 169, 242, 197, 70, 179, 117, 137, 147, 9, 39, 2, 30, 136, 25, 22, 126, 134, 195, 55, 245, 16, 112, 44, 61, 251, 236, 75, 247, 25, 228, 251, 232, 74, 201, 23, 227, 111, 29, 146, 169, 6, 21, 59, 101, 172, 104, 159, 232, 228, 104, 24, 46, 24, 137, 163, 21, 236, 171, 190, 44, 84, 167, 203, 176, 12, 208, 146, 99, 201, 69, 127, 11, 113, 77, 222, 42, 96, 88, 3, 254, 123, 251, 36, 245, 33, 78, 202, 244, 113, 192, 195, 1, 81, 172, 5, 28, 126, 128, 254, 10, 51, 71, 158, 192, 147, 63, 242, 21, 82, 253, 129, 87, 24, 249, 143, 175, 14, 91, 242, 59, 16, 148, 4, 86, 110, 237, 232, 255, 62, 21, 169, 215, 42, 152, 85, 133, 254, 83, 15, 232, 37, 51, 230, 170, 134, 163, 70, 42, 1, 244, 66, 12, 98, 127, 221, 182, 232, 245, 229, 225, 252, 228, 244, 66, 115, 108, 53, 96, 161, 187, 97, 155, 62, 246, 190, 98, 108, 229, 43, 233, 29, 64, 198, 102, 76, 214, 102, 217, 32, 194, 55, 191, 242, 98, 44, 92, 42, 113, 42, 156, 74, 94, 201, 111, 243, 11, 223, 71, 7, 181, 46, 185, 5, 189, 80, 17, 89, 224, 29, 196, 13, 13, 133, 250, 72, 16, 153, 144, 27, 25, 43, 185, 126, 182, 189, 169, 232, 210, 85, 26, 20, 49, 148, 215, 31, 124, 19, 134, 145, 14, 177, 77, 245, 119, 120, 51, 58, 176, 33, 223, 106, 117, 95, 172, 138, 35, 246, 137, 126, 173, 146, 18, 10, 226, 74, 149, 1, 162, 199, 93, 92, 114, 174, 137, 132, 181, 107, 141, 66, 49, 37, 215, 16, 55, 93, 155, 188, 151, 239, 242, 134, 103, 30, 170, 224, 23, 135, 166, 43, 255, 207, 236, 186, 129, 173, 196, 48, 195, 185, 34, 6, 87, 154, 142, 144, 192, 21, 122, 201, 186, 108, 169, 70, 105, 139, 137, 110, 104, 28, 243, 40, 22, 33, 136, 246, 185, 202, 137, 98, 241, 170, 208, 253, 229, 132, 21, 61, 156, 60, 242, 40, 34, 124, 148, 194, 228, 9, 80, 59, 41, 43, 59, 6, 247, 53, 64, 101, 143, 176, 233, 207, 17, 22, 206, 171, 170, 229, 236, 58, 21, 91, 230, 233, 236, 114, 232, 249, 132, 72, 133, 200, 171, 200, 65, 0, 47, 75, 84, 43, 166, 196, 212, 53, 124, 240, 107, 73, 104, 107, 211, 102, 36, 222, 230, 105, 89, 36, 54, 207, 234, 24, 189, 110, 0, 14, 130, 45, 63, 248, 82, 158, 16, 134, 137, 189, 86, 211, 102, 127, 117, 201, 228, 15, 226, 61, 96, 211, 142, 117, 135, 154, 18, 202, 248, 96, 158, 99, 236, 5, 140, 171, 14, 181, 64, 47, 70, 6, 81, 6, 201, 6, 229, 18, 191, 254, 210, 247, 104, 77, 191, 67, 231, 193, 175, 174, 141, 34, 143, 94, 98, 1, 138, 118, 169, 255, 129, 227, 184, 226, 144, 254, 250, 146, 189, 103, 87, 84, 108, 37, 115, 184, 96, 140, 129, 140, 49, 176, 116, 42, 47, 161, 73, 15, 194, 79, 55, 21, 79, 85, 240, 11, 185, 213, 76, 185, 123, 26, 137, 174, 70, 4, 47, 228, 224, 76, 5, 236, 198, 14, 213, 36, 10, 79, 25, 19, 80, 187, 205, 166, 122, 191, 232, 116, 66, 30, 189, 52, 4, 10, 82, 165, 64, 175, 74, 72, 245, 240, 178, 152, 18, 115, 120, 24, 155, 114, 153, 46, 71, 190, 164, 148, 193, 244, 176, 81, 250, 211, 217, 113, 73, 9, 220, 173, 208, 212, 128, 145, 201, 201, 239, 121, 40, 173, 213, 188, 220, 116, 83, 17, 26, 208, 3, 32, 122, 155, 93, 74, 180, 101, 121, 121, 164, 111, 161, 107, 206, 44, 1, 3, 248, 80, 29, 175, 31, 186, 203, 70, 82, 249, 8, 2, 219, 249, 67, 55, 232, 33, 81, 173, 231, 78, 31, 201, 209, 253, 171, 54, 52, 182, 255, 195, 10, 51, 78, 14, 135, 254, 172, 51, 26, 66, 250, 26, 252, 46, 254, 63, 86, 230, 231, 132, 63, 204, 154, 180, 243, 221, 102, 38, 139, 190, 249, 186, 112, 36, 115, 172, 61, 98, 139, 132, 159, 81, 71, 25, 82, 197, 83, 205, 82, 164, 114, 65, 155, 209, 17, 251, 173, 114, 252, 145, 254, 169, 10, 132, 241, 74, 28, 107, 239, 181, 121, 137, 146, 228, 246, 45, 196, 159, 106, 157, 165, 30, 41, 115, 34, 44, 238, 181, 131, 22, 29, 234, 239, 120, 151, 219, 6, 128, 96, 87, 48, 208, 150, 48, 205, 199, 80, 36, 104, 245, 227, 117, 3, 91, 118, 71, 148, 187, 176, 176, 206, 172, 91, 148, 208, 178, 195, 209, 41, 88, 179, 120, 191, 133, 237, 173, 24, 8, 119, 36, 193, 10, 21, 233, 224, 184, 210, 211, 166, 192, 8, 98, 28, 203, 170, 112, 210, 59, 126, 191, 84, 94, 196, 129, 183, 52, 65, 216, 28, 55, 252, 18, 27, 17, 214, 174, 249, 78, 170, 222, 166, 208, 119, 253, 14, 94, 213, 202, 155, 86, 47, 98, 151, 138, 129, 78, 55, 215, 250, 184, 167, 184, 76, 0, 229, 147, 210, 16, 149, 21, 162, 139, 224, 146, 173, 114, 126, 120, 114, 212, 47, 197, 118, 19, 72, 242, 54, 102, 202, 231, 239, 55, 52, 253, 159, 4, 64, 176, 83, 7, 238, 224, 216, 116, 9, 147, 172, 177, 7, 31, 182, 52, 57, 50, 165, 170, 164, 100, 153, 129, 223, 48, 204, 146, 113, 244, 176, 16, 84, 174, 142, 171, 129, 33, 186, 254, 57, 147, 53, 120, 203, 208, 147, 122, 65, 123, 177, 20, 60, 155, 218, 237, 205, 163, 31, 12, 53, 124, 93, 20, 121, 4, 229, 2, 51, 180, 202, 85, 55, 62, 231, 60, 54, 81, 68, 151, 239, 114, 37, 195, 180, 199, 178, 190, 167, 60, 244, 89, 45, 148, 13, 7, 91, 16, 122, 214, 59, 77, 207, 121, 54, 43, 61, 3, 227, 17, 14, 125, 254, 197, 242, 84, 209, 99, 17, 91, 81, 118, 92, 185, 69, 113, 24, 10, 205, 43, 153, 157, 182, 219, 26, 143, 0, 110, 103, 204, 11, 231, 122, 28, 24, 2, 178, 230, 41, 183, 255, 216, 199, 195, 191, 81, 138, 195, 22, 17, 109, 153, 123, 49, 87, 107, 154, 138, 225, 77, 214, 175, 208, 30, 109, 22, 26, 223, 103, 19, 153, 127, 183, 233, 222, 33, 44, 209, 129, 35, 142, 46, 27, 211, 191, 5, 97, 130, 128, 14, 51, 8, 8, 210, 72, 169, 190, 217, 125, 106, 80, 190, 214, 154, 88, 58, 108, 200, 174, 111, 97, 120, 158, 40, 42, 200, 4, 106, 120, 183, 39, 44, 155, 251, 32, 41, 180, 250, 219, 43, 4, 113, 141, 148, 137, 239, 70, 195, 5, 123, 32, 135, 184, 236, 115, 40, 88, 63, 145, 240, 120, 77, 100, 73, 39, 29, 141, 243, 12, 77, 215, 186, 11, 60, 160, 250, 135, 123, 27, 138, 187, 141, 22, 95, 134, 132, 245, 3, 196, 85, 205, 229, 245, 140, 241, 251, 119, 247, 40, 192, 124, 67, 46, 84, 245, 179, 47, 251, 8, 245, 118, 235, 137, 229, 186, 14, 95, 85, 155, 32, 128, 137, 236, 81, 74, 197, 21, 155, 89, 226, 15, 146, 221, 144, 7, 175, 185, 49, 224, 182, 212, 216, 91, 144, 6, 223, 95, 252, 228, 137, 189, 1, 177, 87, 27, 28, 178, 162, 226, 117, 172, 124, 133, 0, 107, 223, 160, 66, 71, 106, 26, 214, 227, 127, 232, 123, 218, 140, 215, 203, 99, 157, 241, 19, 151, 200, 205, 158, 143, 180, 8, 58, 127, 188, 57, 232, 63, 175, 195, 214, 175, 102, 89, 137, 208, 44, 185, 76, 209, 219, 125, 91, 83, 196, 37, 17, 92, 185, 160, 121, 90, 101, 100, 125, 105, 24, 13, 6, 80, 210, 10, 114, 100, 194, 159, 74, 193, 204, 53, 100, 160, 9, 80, 11, 64, 141, 78, 10, 198, 29, 2, 208, 5, 227, 134, 8, 26, 75, 147, 32, 245, 40, 251, 200, 140, 160, 198, 204, 197, 17, 181, 153, 152, 99, 112, 21, 225, 4, 175, 24, 86, 142, 211, 82, 83, 183, 99, 232, 136, 2, 242, 237, 75, 235, 10, 25, 78, 32, 45, 140, 145, 45, 24, 157, 139, 71, 213, 155, 105, 142, 28, 45, 166, 24, 121, 115, 119, 166, 27, 185, 108, 31, 211, 98, 235, 89, 142, 206, 132, 89, 107, 106, 60, 57, 67, 33, 208, 47, 49, 230, 122, 40, 41, 21, 214, 5, 146, 129, 226, 181, 15, 22, 151, 165, 107, 210, 42, 38, 100, 203, 108, 200, 133, 205, 148, 106, 88, 164, 176, 10, 139, 13, 153, 66, 177, 45, 72, 50, 30, 225, 115, 231, 63, 52, 202, 220, 92, 158, 233, 234, 69, 175, 227, 242, 43, 147, 163, 252, 144, 152, 79, 67, 60, 176, 201, 40, 227, 25, 69, 65, 202, 27, 57, 254, 233, 193, 30, 193, 44, 96, 21, 111, 11, 141, 207, 106, 160, 50, 33, 222, 20, 242, 101, 149, 141, 230, 109, 83, 193, 6, 155, 121, 201, 200, 71, 250, 17, 99, 5, 165, 189, 136, 133, 112, 160, 209, 82, 23, 50, 192, 174, 247, 124, 167, 102, 120, 188, 92, 94, 204, 193, 33, 111, 220, 168, 201, 102, 151, 138, 48, 161, 114, 142, 196, 165, 32, 179, 108, 4, 113, 105, 9, 68, 7, 249, 96, 153, 18, 89, 161, 21, 165, 16, 30, 98, 231, 25, 113, 162, 226, 68, 247, 145, 107, 178, 233, 196, 214, 207, 56, 84, 68, 247, 125, 123, 69, 162, 13, 168, 153, 180, 118, 240, 32, 253, 32, 135, 91, 132, 195, 187, 57, 197, 142, 40, 41, 34, 32, 169, 174, 247, 246, 158, 156, 55, 37, 44, 177, 157, 111, 12, 21, 140, 147, 82, 27, 108, 14, 185, 133, 18, 134, 195, 67, 160, 67, 244, 47, 207, 243, 127, 212, 34, 246, 125, 180, 40, 52, 183, 220, 128, 173, 52, 173, 78, 45, 218, 52, 231, 48, 19, 199, 159, 241, 191, 102, 244, 168, 78, 155, 36, 117, 20, 48, 222, 188, 165, 198, 245, 52, 84, 243, 243, 56, 132, 174, 180, 241, 187, 241, 30, 30, 240, 39, 43, 110, 61, 162, 123, 101, 0, 86, 111, 196, 116, 6, 88, 50, 196, 43, 7, 59, 171, 226, 94, 26, 123, 228, 151, 168, 105, 243, 223, 39, 114, 233, 162, 186, 94, 175, 19, 49, 143, 234, 58, 187, 181, 200, 71, 243, 242, 102, 230, 140, 250, 105, 114, 46, 249, 238, 89, 45, 71, 92, 145, 12, 20, 58, 45, 87, 220, 239, 175, 136, 178, 197, 148, 193, 197, 151, 55, 254, 137, 164, 179, 176, 146, 6, 140, 159, 30, 38, 234, 40, 204, 106, 169, 6, 225, 54, 184, 207, 42, 83, 231, 211, 145, 235, 92, 220, 30, 240, 165, 205, 228, 130, 54, 59, 42, 93, 23, 101, 152, 184, 206, 255, 158, 122, 164, 30, 199, 182, 102, 128, 63, 6, 182, 64, 209, 64, 126, 249, 211, 63, 67, 208, 200, 110, 185, 55, 238, 45, 210, 214, 248, 7, 185, 108, 174, 230, 13, 38, 62, 152, 241, 88, 207, 37, 241, 253, 55, 250, 87, 149, 139, 76, 211, 217, 221, 246, 215, 193, 153, 123, 203, 41, 74, 133, 78, 9, 204, 131, 29, 2, 226, 148, 71, 93, 224, 55, 167, 68, 249, 12, 203, 179, 166, 127, 44, 230, 42, 238, 156, 152, 193, 249, 69, 158, 162, 154, 216, 109, 200, 128, 125, 22, 59, 100, 13, 8, 250, 251, 228, 6, 202, 155, 97, 204, 106, 5, 92, 4, 236, 157, 43, 52, 121, 246, 28, 167, 0, 56, 123, 122, 80, 34, 61, 10, 197, 20, 155, 116, 40, 116, 35, 25, 77, 58, 119, 51, 72, 106, 37, 225, 146, 197, 173, 94, 4, 24, 29, 51, 137, 15, 240, 235, 140, 244, 87, 43, 81, 213, 65, 159, 241, 171, 151, 237, 126, 185, 184, 69, 29, 101, 222, 230, 252, 173, 40, 1, 117, 162, 47, 13, 205, 80, 190, 8, 81, 197, 13, 10, 14, 111, 167, 215, 231, 103, 35, 244, 136, 21, 187, 102, 220, 55, 168, 162, 241, 223, 230, 58, 57, 184, 30, 40, 115, 81, 34, 18, 69, 193, 38, 47, 198, 195, 39, 126, 86, 199, 244, 96, 234, 7, 50, 116, 20, 221, 247, 180, 238, 15, 30, 29, 157, 121, 131, 154, 131, 94, 158, 41, 178, 180, 86, 8, 80, 250, 31, 158, 240, 129, 208, 25, 68, 230, 84, 117, 111, 82, 95, 149, 113, 169, 191, 171, 97, 236, 109, 12, 203, 80, 73, 32, 135, 26, 104, 25, 5, 118, 73, 25, 58, 139, 165, 236, 248, 74, 198, 107, 166, 133, 39, 229, 21, 242, 219, 28, 85, 91, 86, 17, 2, 181, 99, 100, 226, 224, 161, 6, 65, 196, 172, 125, 180, 126, 147, 43, 183, 85, 81, 123, 237, 138, 133, 76, 37, 59, 111, 187, 159, 179, 129, 250, 228, 45, 85, 6, 107, 126, 219, 6, 30, 47, 8, 215, 193, 244, 80, 123, 191, 61, 10, 17, 55, 33, 254, 134, 49, 106, 159, 37, 245, 116, 25, 216, 54, 222, 203, 117, 148, 159, 99, 39, 22, 168, 14, 88, 129, 71, 86, 87, 188, 252, 183, 243, 135, 93, 216, 6, 208, 102, 197, 149, 52, 203, 187, 82, 9, 250, 184, 49, 10, 102, 48, 7, 199, 65, 175, 16, 209, 244, 211, 222, 94, 76, 192, 195, 12, 72, 58, 62, 59, 69, 66, 183, 236, 223, 207, 161, 221, 196, 154, 223, 194, 204, 65, 22, 231, 251, 22, 149, 187, 252, 42, 101, 193, 85, 105, 77, 108, 239, 73, 62, 252, 153, 153, 103, 106, 62, 108, 58, 252, 227, 69, 235, 82, 102, 222, 22, 116, 121, 165, 162, 226, 116, 23, 101, 34, 20, 179, 16, 104, 18, 42, 77, 154, 58, 82, 6, 16, 41, 31, 3, 151, 155, 126, 130, 175, 143, 197, 46, 50, 40, 65, 169, 254, 83, 17, 11, 108, 247, 235, 173, 24, 82, 107, 95, 196, 246, 168, 39, 229, 244, 74, 157, 185, 226, 26, 186, 223, 31, 141, 40, 210, 96, 52, 134, 177, 55, 214, 181, 114, 2, 145, 140, 117, 195, 125, 235, 24, 121, 75, 17, 138, 195, 232, 69, 139, 203, 12, 75, 238, 217, 181, 3, 137, 6, 75, 87, 120, 123, 169, 71, 115, 9, 252, 86, 53, 165, 105, 154, 152, 249, 63, 108, 3, 51, 109, 24, 151, 250, 108, 186, 235, 2, 226, 6, 233, 120, 44, 60, 22, 194, 148, 110, 41, 143, 21, 1, 183, 222, 255, 220, 70, 153, 235, 191, 32, 148, 2, 32, 190, 191, 141, 129, 174, 54, 139, 25, 60, 86, 144, 219, 181, 6, 168, 75, 229, 52, 212, 23, 246, 234, 204, 118, 50, 149, 152, 98, 123, 8, 26, 204, 126, 136, 80, 76, 250, 86, 61, 29, 101, 165, 158, 244, 204, 148, 18, 214, 187, 44, 136, 42, 227, 48, 63, 253, 12, 228, 208, 29, 166, 118, 64, 210, 161, 107, 160, 120, 102, 236, 66, 5, 230, 162, 157, 208, 107, 13, 65, 176, 184, 52, 169, 242, 47, 217, 171, 245, 152, 231, 97, 230, 25, 57, 31, 119, 205, 187, 224, 194, 27, 254, 251, 42, 151, 108, 93, 152, 74, 56, 74, 246, 82, 237, 102, 178, 35, 1, 179, 13, 132, 69, 13, 140, 236, 47, 192, 65, 175, 145, 136, 189, 230, 114, 14, 20, 252, 15, 37, 222, 60, 120, 133, 116, 97, 225, 116, 56, 163, 75, 29, 163, 92, 93, 75, 207, 178, 83, 60, 231, 57, 102, 96, 213, 174, 241, 237, 42, 165, 95, 148, 53, 152, 57, 74, 21, 41, 250, 183, 167, 199, 53, 249, 214, 135, 137, 106, 183, 5, 215, 205, 45, 217, 161, 172, 121, 179, 37, 7, 19, 183, 38, 101, 141, 193, 214, 68, 117, 45, 131, 111, 114, 240, 143, 126, 74, 165, 252, 180, 108, 190, 158, 124, 230, 83, 60, 107, 235, 151, 60, 179, 6, 139, 241, 93, 124, 237, 234, 117, 113, 189, 54, 72, 190, 243, 169, 115, 172, 173, 207, 105, 34, 136, 48, 169, 221, 250, 100, 234, 206, 56, 21, 228, 15, 213, 144, 101, 127, 220, 225, 36, 189, 251, 65, 42, 195, 40, 5, 159, 215, 120, 46, 198, 56, 125, 109, 193, 190, 82, 173, 165, 233, 128, 26, 10, 33, 48, 119, 182, 127, 9, 54, 194, 93, 113, 82, 105, 125, 133, 48, 110, 108, 4, 162, 191, 50, 101, 41, 29, 192, 155, 41, 173, 3, 157, 191, 154, 33, 87, 95, 8, 130, 147, 38, 55, 74, 161, 176, 204, 237, 84, 151, 128, 42, 63, 64, 140, 95, 125, 146, 45, 23, 177, 123, 55, 26, 59, 245, 73, 33, 251, 237, 26, 127, 159, 143, 49, 95, 131, 57, 160, 123, 65, 130, 110, 118, 165, 179, 90, 33, 37, 47, 184, 208, 220, 59, 239, 116, 139, 187, 113, 18, 233, 74, 62, 156, 156, 140, 191, 142, 183, 106, 135, 55, 122, 229, 141, 213, 183, 158, 49, 96, 82, 14, 145, 104, 50, 123, 197, 166, 58, 231, 251, 17, 183, 197, 106, 10, 195, 206, 246, 116, 199, 161, 217, 33, 180, 111, 195, 246, 133, 4, 11, 210, 66, 31, 170, 228, 141, 192, 74, 206, 92, 42, 24, 22, 199, 180, 40, 25, 225, 229, 74, 145, 232, 184, 96, 179, 134, 74, 96, 79, 72, 179, 51, 116, 159, 59, 49, 83, 10, 184, 80, 239, 105, 116, 46, 3, 239, 148, 29, 170, 94, 141, 54, 128, 116, 141, 61, 232, 226, 216, 126, 9, 6, 33, 23, 111, 187, 38, 81, 77, 62, 238, 204, 89, 208, 113, 143, 46, 220, 211, 250, 223, 244, 30, 79, 170, 79, 40, 209, 249, 218, 141, 14, 119, 250, 64, 53, 255, 112, 59, 109, 42, 97, 89, 53, 6, 205, 26, 37, 3, 244, 12, 62, 127, 59, 9, 223, 27, 198, 27, 83, 223, 172, 226, 108, 111, 49, 196, 157, 70, 170, 170, 230, 244, 32, 74, 251, 120, 36, 27, 132, 40, 165, 183, 110, 153, 30, 11, 234, 17, 213, 194, 207, 43, 131, 166, 156, 244, 160, 222, 165, 94, 190, 222, 69, 216, 26, 208, 160, 85, 201, 121, 185, 38, 149, 73, 67, 173, 210, 147, 93, 230, 207, 241, 61, 104, 230, 226, 157, 179, 67, 103, 193, 145, 2, 220, 219, 160, 194, 115, 32, 192, 205, 21, 251, 13, 157, 133, 144, 240, 153, 28, 226, 79, 177, 151, 89, 116, 65, 188, 212, 66, 171, 115, 48, 25, 143, 68, 3, 100, 0, 59, 171, 82, 163, 45, 198, 34, 178, 161, 106, 234, 221, 219, 10, 101, 107, 250, 251, 41, 142, 166, 103, 142, 145, 114, 231, 162, 172, 170, 45, 210, 204, 67, 117, 158, 72, 170, 45, 28, 150, 196, 243, 249, 231, 223, 151, 136, 107, 133, 253, 238, 56, 125, 174, 102, 236, 59, 6, 247, 23, 38, 141, 182, 142, 102, 147, 221, 60, 8, 228, 3, 72, 2, 169, 43, 255, 145, 52, 181, 27, 149, 98, 254, 153, 220, 231, 9, 192, 202, 55, 205, 29, 214, 78, 125, 122, 82, 76, 66, 190, 2, 60, 36, 245, 161, 37, 201, 243, 96, 159, 26, 191, 20, 217, 73, 74, 75, 144, 43, 151, 68, 132, 176, 253, 207, 164, 178, 130, 91, 27, 28, 58, 135, 233, 22, 15, 96, 64, 177, 78, 177, 208, 33, 48, 176, 5, 114, 7, 35, 58, 170, 108, 240, 80, 117, 104, 130, 205, 74, 6, 22, 42, 6, 204, 234, 162, 36, 147, 221, 243, 84, 234, 186, 54, 222, 152, 123, 115, 155, 152, 174, 46, 133, 172, 5, 132, 252, 180, 136, 253, 195, 110, 112, 64, 74, 104, 246, 223, 10, 104, 107, 97, 105, 37, 151, 83, 238, 11, 86, 106, 244, 104, 89, 171, 143, 200, 187, 58, 102, 80, 150, 17, 44, 73, 162, 209, 113, 185, 86, 89, 18, 248, 217, 121, 246, 182, 18, 138, 224, 116, 16, 36, 191, 154, 14, 116, 142, 126, 253, 130, 167, 58, 70, 51, 246, 175, 22, 188, 35, 183, 62, 194, 5, 233, 255, 175, 111, 207, 64, 152, 51, 92, 115, 219, 53, 59, 2, 59, 85, 72, 86, 3, 10, 186, 254, 134, 75, 44, 139, 79, 80, 242, 208, 165, 23, 227, 47, 255, 160, 248, 45, 36, 77, 105, 24, 124, 255, 74, 153, 245, 52, 23, 69, 203, 26, 110, 133, 146, 35, 230, 68, 111, 84, 145, 1, 111, 34, 15, 31, 28, 103, 18, 61, 249, 6, 220, 75, 60, 46, 71, 108, 147, 162, 11, 148, 152, 188, 134, 92, 102, 189, 79, 202, 154, 26, 137, 216, 90, 36, 54, 125, 6, 224, 115, 249, 248, 14, 249, 239, 32, 89, 165, 107, 46, 115, 145, 36, 107, 147, 151, 121, 11, 71, 17, 143, 168, 31, 102, 176, 46, 40, 120, 109, 178, 73, 97, 10, 54, 133, 31, 110, 48, 55, 107, 98, 144, 131, 36, 230, 52, 232, 1, 243, 97, 214, 226, 18, 12, 102, 193, 63, 86, 4, 172, 0, 169, 228, 77, 227, 204, 129, 45, 158, 155, 239, 23, 187, 206, 227, 55, 49, 54, 53, 161, 99, 223, 84, 71, 61, 134, 63, 47, 68, 53, 42, 142, 105, 223, 166, 68, 247, 28, 84, 180, 146, 25, 191, 45, 183, 134, 127, 61, 41, 8, 88, 244, 41, 152, 206, 10, 81, 159, 233, 66, 101, 239, 8, 55, 81, 62, 41, 172, 46, 46, 7, 74, 104, 8, 111, 212, 126, 165, 62, 80, 26, 66, 222, 168, 223, 61, 16, 38, 119, 148, 8, 126, 55, 246, 31, 131, 109, 61, 61, 159, 106, 96, 182, 175, 32, 180, 244, 214, 67, 247, 217, 146, 220, 172, 55, 250, 216, 221, 47, 149, 193, 130, 222, 75, 209, 80, 17, 137, 85, 147, 148, 164, 162, 5, 100, 225, 4, 126, 213, 82, 181, 203, 106, 29, 63, 241, 150, 211, 100, 194, 53, 208, 185, 213, 233, 200, 181, 85, 21, 240, 81, 118, 73, 76, 54, 148, 152, 237, 178, 177, 219, 244, 10, 83, 65, 65, 109, 111, 2, 91, 241, 196, 245, 255, 48, 164, 97, 249, 123, 111, 1, 135, 155, 122, 108, 90, 177, 14, 182, 203, 240, 186, 102, 80, 145, 169, 81, 53, 174, 96, 184, 224, 216, 146, 94, 243, 114, 109, 112, 98, 34, 230, 39, 220, 236, 91, 86, 84, 54, 6, 13, 249, 171, 241, 21, 155, 211, 99, 142, 76, 164, 219, 83, 193, 149, 253, 74, 146, 101, 78, 145, 11, 246, 215, 27, 213, 247, 75, 158, 70, 126, 124, 234, 20, 62, 7, 89, 10, 170, 3, 197, 74, 123, 211, 162, 219, 104, 235, 186, 187, 166, 36, 140, 190, 149, 231, 21, 179, 3, 75, 39, 124, 103, 20, 128, 214, 16, 121, 102, 206, 232, 122, 100, 210, 246, 66, 22, 134, 166, 57, 152, 175, 72, 225, 151, 200, 25, 108, 17, 65, 231, 106, 176, 137, 13, 167, 63, 20, 198, 180, 22, 252, 182, 140, 96, 87, 203, 26, 145, 52, 223, 38, 141, 211, 145, 226, 227, 135, 8, 41, 28, 110, 95, 90, 166, 18, 121, 109, 81, 13, 78, 7, 8, 126, 253, 170, 68, 94, 211, 220, 6, 231, 129, 38, 240, 105, 82, 205, 123, 254, 17, 48, 37, 49, 120, 114, 42, 18, 196, 4, 164, 151, 125, 118, 36, 254, 148, 121, 201, 238, 158, 68, 33, 206, 179, 125, 40, 246, 195, 174, 66, 45, 128, 165, 43, 222, 42, 121, 22, 227, 232, 57, 241, 25, 250, 202, 208, 0, 64, 126, 133, 15, 254, 58, 122, 1, 87, 54, 114, 127, 201, 127, 39, 20, 188, 62, 48, 45, 40, 40, 202, 10, 151, 3, 91, 177, 106, 170, 249, 236, 93, 36, 20, 51, 60, 222, 221, 167, 31, 236, 175, 99, 40, 147, 252, 41, 20, 59, 5, 242, 93, 178, 147, 202, 63, 7, 180, 230, 111, 148, 80, 216, 10, 214, 107, 80, 252, 108, 167, 28, 202, 149, 64, 176, 12, 142, 139, 121, 34, 118, 8, 159, 23, 5, 175, 81, 17, 151, 176, 79, 138, 116, 77, 5, 51, 75, 151, 53, 191, 203, 7, 3, 86, 148, 99, 209, 93, 242, 151, 238, 141, 199, 0, 75, 106, 65, 241, 65, 143, 153, 89, 171, 87, 17, 25, 109, 179, 151, 92, 230, 31, 50, 92, 247, 116, 106, 70, 192, 197, 108, 202, 127, 118, 10, 3, 142, 59, 198, 141, 186, 163, 175, 64, 134, 202, 104, 27, 68, 114, 168, 47, 131, 153, 6, 138, 25, 45, 191, 222, 219, 187, 242, 6, 201, 109, 70, 19, 95, 114, 154, 117, 143, 182, 72, 24, 161, 123, 51, 92, 229, 20, 230, 73, 142, 39, 208, 128, 67, 16, 44, 244, 38, 48, 127, 214, 149, 225, 170, 42, 124, 254, 181, 90, 184, 154, 73, 93, 173, 18, 166, 165, 36, 185, 173, 206, 13, 255, 2, 0, 75, 195, 249, 203, 169, 92, 79, 8, 60, 100, 237, 2, 133, 102, 228, 245, 232, 145, 131, 210, 23, 9, 88, 186, 56, 161, 150, 75, 219, 93, 96, 111, 222, 184, 110, 94, 224, 120, 9, 24, 36, 91, 122, 6, 102, 177, 220, 68, 174, 234, 238, 232, 202, 212, 96, 120, 165, 189, 163, 249, 58, 38, 117, 162, 152, 54, 186, 105, 213, 226, 241, 47, 186, 165, 57, 38, 176, 206, 168, 161, 62, 81, 245, 60, 138, 94, 67, 97, 25, 203, 147, 55, 80, 117, 162, 120, 121, 11, 63, 84, 38, 172, 185, 92, 140, 236, 54, 18, 202, 253, 199, 121, 100, 222, 32, 24, 8, 133, 156, 230, 135, 94, 162, 189, 35, 55, 207, 42, 29, 41, 196, 62, 146, 84, 90, 140, 34, 76, 8, 6, 74, 133, 50, 45, 208, 180, 239, 162, 165, 60, 242, 27, 144, 235, 179, 119, 93, 112, 74, 175, 25, 152, 159, 17, 198, 146, 108, 67, 44, 202, 106, 44, 188, 97, 114, 195, 124, 69, 210, 88, 7, 236, 244, 203, 205, 14, 162, 250, 110, 146, 217, 175, 186, 26, 113, 216, 218, 192, 241, 29, 136, 16, 193, 43, 143, 87, 135, 230, 47, 120, 24, 209, 183, 13, 246, 218, 108, 119, 147, 182, 184, 183, 97, 196, 91, 180, 210, 55, 235, 56, 129, 64, 207, 250, 26, 18, 0, 44, 111, 161, 0, 61, 30, 86, 27, 227, 91, 187, 119, 225, 142, 124, 119, 158, 173, 121, 154, 143, 99, 68, 164, 209, 9, 57, 195, 214, 75, 22, 60, 92, 1, 131, 214, 237, 151, 224, 224, 132, 120, 45, 18, 161, 226, 201, 123, 138, 138, 116, 77, 227, 14, 165, 165, 22, 225, 203, 228, 138, 226, 18, 49, 88, 221, 159, 167, 82, 69, 232, 34, 253, 69, 170, 30, 242, 149, 40, 212, 13, 19, 32, 202, 106, 45, 137, 158, 116, 5, 213, 113, 249, 140, 44, 247, 154, 251, 121, 174, 36, 42, 254, 91, 44, 183, 145, 245, 231, 97, 191, 187, 160, 59, 150, 68, 164, 60, 247, 22, 20, 197, 230, 13, 43, 241, 44, 248, 145, 66, 233, 138, 247, 76, 204, 16, 222, 76, 63, 146, 192, 140, 48, 227, 87, 72, 137, 4, 117, 87, 254, 225, 160, 236, 253, 192, 179, 185, 38, 228, 159, 129, 157, 243, 244, 95, 153, 16, 35, 215, 15, 200, 152, 57, 238, 169, 209, 192, 39, 48, 59, 229, 219, 158, 212, 138, 120, 241, 79, 122, 38, 183, 66, 216, 128, 251, 33, 211, 28, 213, 6, 180, 208, 130, 22, 75, 111, 217, 133, 34, 80, 157, 190, 215, 58, 85, 80, 36, 77, 49, 242, 56, 47, 84, 118, 217, 204, 230, 108, 29, 107, 91, 63, 78, 118, 138, 163, 249, 85, 215, 221, 173, 144, 207, 145, 38, 219, 166, 183, 48, 216, 196, 59, 147, 33, 53, 235, 118, 245, 138, 117, 35, 134, 154, 200, 50, 110, 32, 60, 158, 1, 154, 5, 153, 67, 45, 181, 60, 105, 105, 221, 84, 187, 245, 208, 175, 33, 46, 109, 132, 78, 127, 208, 159, 233, 67, 16, 205, 133, 172, 171, 10, 116, 177, 40, 114, 21, 170, 113, 143, 38, 63, 158, 211, 105, 15, 241, 118, 34, 76, 161, 76, 77, 218, 58, 24, 92, 116, 111, 130, 214, 144, 71, 184, 233, 1, 218, 8, 231, 205, 19, 23, 98, 5, 106, 189, 109, 138, 70, 136, 30, 167, 102, 216, 3, 157, 38, 210, 54, 109, 161, 200, 78, 249, 235, 10, 137, 149, 102, 24, 67, 129, 77, 169, 41, 162, 169, 105, 18, 19, 123, 186, 39, 220, 108, 102, 173, 182, 75, 222, 186, 196, 149, 135, 56, 154, 29, 226, 226, 9, 134, 55, 109, 106, 216, 141, 8, 15, 82, 100, 100, 170, 127, 98, 19, 43, 202, 159, 12, 132, 4, 162, 231, 255, 248, 205, 119, 218, 196, 8, 219, 218, 113, 235, 157, 169, 86, 35, 190, 142, 15, 244, 189, 7, 12, 144, 20, 236, 241, 254, 222, 209, 63, 110, 133, 204, 171, 143, 182, 50, 241, 21, 101, 121, 11, 79, 135, 24, 243, 128, 74, 179, 73, 90, 149, 161, 25, 37, 43, 208, 3, 103, 164, 88, 244, 109, 177, 47, 203, 226, 13, 102, 152, 211, 160, 139, 85, 165, 71, 216, 187, 18, 175, 219, 124, 84, 76, 6, 18, 187, 23, 90, 214, 9, 121, 50, 38, 116, 35, 211, 248, 225, 39, 120, 60, 214, 156, 205, 177, 224, 155, 224, 206, 74, 118, 195, 34, 201, 27, 102, 232, 198, 37, 87, 198, 222, 238, 2, 98, 231, 42, 86, 27, 197, 3, 8, 104, 210, 83, 132, 201, 232, 186, 62, 105, 171, 71, 4, 114, 140, 35, 209, 12, 49, 25, 181, 225, 65, 217, 68, 115, 65, 216, 172, 230, 43, 5, 65, 94, 200, 197, 228, 104, 212, 169, 215, 87, 188, 194, 31, 247, 245, 82, 252, 66, 180, 24, 216, 196, 137, 45, 162, 245, 196, 11, 134, 82, 87, 82, 199, 97, 25, 3, 134, 58, 6, 24, 144, 3, 36, 241, 176, 95, 37, 164, 210, 62, 214, 13, 79, 207, 199, 23, 171, 95, 210, 91, 106, 137, 95, 9, 218, 106, 139, 194, 129, 83, 159, 94, 128, 138, 87, 115, 116, 125, 240, 95, 246, 149, 24, 27, 171, 205, 176, 62, 232, 1, 145, 98, 224, 159, 136, 60, 250, 138, 159, 159, 251, 250, 213, 99, 242, 49, 205, 64, 211, 229, 67, 31, 55, 247, 167, 38, 98, 11, 103, 196, 241, 115, 10, 116, 6, 13, 86, 102, 101, 54, 238, 123, 77, 20, 44, 34, 136, 28, 67, 70, 214, 95, 210, 146, 94, 70, 147, 0, 30, 57, 57, 73, 188, 43, 219, 252, 162, 78, 233, 163, 100, 46, 55, 65, 206, 4, 54, 102, 196, 30, 114, 133, 0, 166, 177, 106, 111, 85, 223, 12, 108, 179, 5, 211, 137, 83, 66, 68, 99, 156, 239, 62, 130, 148, 60, 22, 9, 212, 112, 136, 148, 65, 13, 95, 98, 250, 15, 4, 36, 99, 93, 7, 226, 243, 212, 15, 207, 240, 57, 43, 78, 165, 253, 239, 202, 194, 79, 241, 84, 39, 137, 21, 241, 38, 115, 90, 11, 190, 106, 171, 222, 200, 29, 25, 123, 108, 89, 243, 142, 122, 39, 48, 132, 62, 33, 103, 16, 98, 160, 122, 241, 63, 201, 219, 101, 53, 45, 85, 245, 77, 7, 225, 56, 102, 97, 37, 238, 136, 28, 236, 253, 105, 143, 28, 175, 2, 147, 125, 22, 225, 126, 244, 21, 112, 132, 224, 78, 238, 159, 195, 133, 137, 220, 45, 239, 72, 33, 16, 26, 189, 218, 128, 55, 59, 81, 172, 113, 11, 52, 94, 207, 216, 212, 221, 47, 2, 125, 92, 188, 106, 170, 98, 188, 153, 9, 77, 196, 225, 131, 33, 78, 208, 216, 119, 40, 121, 108, 51, 253, 124, 138, 26, 171, 153, 163, 29, 206, 168, 105, 73, 18, 146, 102, 69, 152, 244, 114, 95, 145, 205, 52, 40, 79, 156, 59, 250, 117, 68, 78, 112, 146, 198, 167, 188, 74, 98, 147, 229, 43, 130, 169, 168, 10, 244, 196, 175, 139, 118, 251, 252, 59, 149, 126, 7, 24, 115, 112, 136, 200, 240, 87, 26, 129, 207, 12, 136, 196, 78, 227, 31, 202, 231, 204, 181, 240, 68, 64, 254, 191, 255, 253, 229, 113, 91, 2, 18, 183, 249, 78, 36, 198, 50, 225, 167, 213, 233, 73, 64, 25, 45, 156, 107, 212, 190, 177, 166, 215, 35, 189, 36, 62, 21, 228, 114, 187, 24, 167, 26, 37, 72, 224, 227, 244, 187, 187, 248, 239, 213, 149, 8, 233, 119, 224, 52, 237, 127, 119, 254, 180, 85, 100, 40, 138, 200, 184, 39, 102, 165, 35, 26, 63, 84, 218, 128, 223, 221, 253, 119, 115, 176, 222, 132, 69, 244, 120, 85, 77, 41, 252, 250, 14, 195, 166, 201, 230, 71, 13, 26, 104, 82, 76, 12, 35, 28, 69, 201, 141, 6, 177, 144, 167, 168, 157, 212, 3, 29, 188, 197, 41, 49, 35, 49, 75, 163, 67, 66, 97, 19, 70, 187, 233, 151, 164, 24, 126, 70, 140, 231, 197, 49, 227, 132, 121, 65, 209, 201, 239, 179, 65, 44, 6, 174, 124, 225, 143, 170, 199, 248, 7, 25, 120, 198, 240, 122, 46, 39, 28, 57, 179, 16, 108, 85, 126, 36, 103, 15, 93, 98, 206, 253, 67, 91, 79, 180, 123, 153, 170, 55, 94, 186, 194, 170, 168, 204, 245, 205, 121, 2, 65, 184, 217, 163, 60, 182, 237, 152, 74, 122, 107, 26, 223, 147, 58, 251, 38, 113, 42, 150, 53, 245, 99, 212, 141, 38, 245, 217, 103, 231, 239, 7, 150, 158, 205, 228, 54, 165, 89, 11, 233, 118, 6, 17, 9, 191, 182, 72, 62, 203, 220, 106, 27, 126, 131, 95, 35, 216, 132, 40, 203, 154, 41, 32, 65, 92, 174, 130, 129, 242, 204, 186, 38, 64, 245, 66, 49, 128, 233, 55, 97, 166, 241, 48, 228, 179, 111, 162, 45, 84, 250, 130, 89, 26, 64, 23, 22, 77, 20, 8, 197, 10, 151, 191, 197, 118, 241, 240, 161, 252, 67, 219, 31, 33, 76, 89, 60, 197, 77, 185, 5, 199, 178, 188, 93, 191, 218, 16, 190, 84, 36, 179, 166, 64, 136, 206, 212, 163, 177, 171, 5, 173, 4, 235, 212, 61, 62, 85, 81, 161, 66, 62, 108, 62, 194, 81, 80, 192, 213, 22, 169, 60, 49, 195, 214, 80, 100, 78, 36, 229, 18, 188, 24, 151, 218, 138, 81, 42, 98, 125, 124, 105, 77, 164, 113, 138, 70, 156, 208, 245, 197, 47, 216, 110, 254, 57, 195, 47, 16, 82, 172, 200, 48, 177, 37, 9, 255, 77, 203, 60, 171, 248, 39, 107, 27, 87, 87, 131, 63, 225, 132, 135, 183, 3, 197, 17, 18, 77, 16, 231, 225, 210, 136, 89, 201, 127, 38, 82, 57, 9, 131, 254, 44, 239, 157, 175, 40, 108, 131, 39, 97, 247, 79, 161, 137, 42, 114, 234, 101, 221, 231, 47, 51, 74, 250, 97, 253, 75, 179, 240, 53, 52, 66, 102, 72, 156, 55, 141, 148, 2, 195, 253, 10, 238, 25, 138, 56, 17, 173, 209, 226, 222, 42, 50, 190, 10, 91, 142, 27, 196, 35, 111, 96, 152, 110, 179, 25, 29, 158, 28, 168, 19, 18, 197, 152, 55, 152, 85, 102, 4, 58, 104, 239, 231, 228, 255, 255, 116, 206, 4, 60, 30, 172, 10, 159, 11, 109, 151, 104, 147, 71, 86, 138, 216, 64, 253, 243, 161, 65, 169, 49, 41, 7, 161, 166, 213, 56, 23, 83, 153, 144, 0, 237, 145, 94, 157, 83, 27, 122, 160, 227, 136, 194, 198, 33, 176, 122, 235, 6, 242, 236, 58, 110, 6, 97, 252, 181, 160, 107, 16, 4, 54, 45, 58, 42, 92, 152, 158, 112, 248, 81, 162, 148, 57, 95, 248, 177, 166, 11, 250, 30, 210, 143, 166, 49, 11, 213, 103, 35, 165, 81, 104, 11, 136, 127, 203, 113, 73, 118, 151, 135, 139, 130, 137, 63, 25, 198, 106, 171, 10, 79, 84, 55, 198, 236, 221, 78, 30, 125, 26, 86, 200, 127, 231, 212, 97, 81, 160, 148, 224, 68, 149, 3, 26, 116, 76, 179, 110, 120, 177, 89, 238, 34, 179, 76, 237, 77, 133, 253, 22, 48, 240, 206, 17, 210, 220, 184, 108, 231, 66, 237, 76, 183, 149, 39, 130, 235, 206, 84, 212, 222, 241, 123, 165, 26, 214, 17, 0, 234, 246, 139, 23, 44, 83, 98, 124, 246, 237, 63, 194, 70, 246, 113, 153, 157, 230, 230, 239, 26, 80, 14, 230, 156, 184, 247, 125, 173, 81, 37, 37, 167, 56, 41, 21, 70, 33, 104, 90, 192, 233, 0, 8, 81, 95, 197, 97, 24, 71, 23, 58, 201, 193, 92, 237, 84, 188, 74, 49, 162, 28, 57, 229, 91, 135, 49, 44, 82, 199, 5, 35, 132, 171, 146, 43, 236, 147, 138, 61, 170, 170, 127, 19, 147, 122, 216, 4, 53, 185, 46, 155, 166, 102, 198, 237, 81, 133, 32, 6, 226, 183, 61, 59, 48, 52, 156, 228, 4, 11, 233, 141, 171, 62, 143, 181, 222, 12, 110, 107, 133, 100, 21, 242, 30, 129, 151, 85, 221, 104, 171, 30, 104, 183, 154, 92, 182, 131, 0, 71, 150, 228, 179, 47, 172, 25, 0, 173, 111, 233, 76, 57, 26, 131, 36, 43, 55, 25, 209, 34, 248, 111, 176, 12, 193, 194, 129, 169, 165, 24, 152, 161, 228, 181, 147, 157, 205, 199, 223, 1, 234, 46, 83, 48, 114, 72, 39, 119, 189, 178, 220, 137, 217, 219, 235, 30, 251, 33, 77, 252, 251, 129, 200, 35, 1, 255, 41, 175, 185, 19, 18, 246, 40, 134, 69, 37, 245, 15, 131, 15, 154, 55, 148, 133, 131, 197, 177, 32, 88, 93, 198, 149, 93, 173, 110, 122, 128, 179, 221, 50, 10, 204, 38, 248, 6, 158, 6, 152, 48, 93, 42, 133, 14, 216, 219, 100, 70, 26, 36, 2, 225, 92, 230, 142, 147, 42, 115, 197, 77, 133, 234, 226, 131, 13, 210, 240, 239, 132, 184, 12, 169, 30, 30, 65, 246, 34, 139, 46, 26, 29, 227, 11, 53, 6, 32, 33, 125, 19, 127, 236, 215, 117, 218, 165, 2, 78, 170, 88, 144, 230, 35, 12, 145, 183, 122, 63, 45, 9, 179, 137, 89, 107, 96, 30, 169, 246, 148, 120, 204, 126, 57, 113, 177, 108, 64, 143, 86, 62, 141, 125, 80, 88, 113, 150, 176, 9, 12, 179, 247, 48, 23, 188, 149, 234, 118, 9, 134, 21, 60, 241, 65, 123, 75, 117, 159, 147, 87, 116, 34, 240, 232, 72, 130, 104, 95, 143, 19, 222, 4, 103, 87, 249, 209, 217, 204, 63, 43, 23, 176, 38, 140, 112, 159, 20, 59, 108, 142, 60, 222, 130, 178, 30, 145, 120, 104, 139, 146, 102, 208, 71, 3, 182, 71, 137, 58, 244, 45, 200, 112, 10, 87, 38, 158, 25, 232, 126, 158, 19, 156, 183, 134, 166, 2, 230, 98, 120, 75, 219, 139, 211, 59, 45, 12, 173, 235, 30, 176, 137, 82, 29, 153, 11, 216, 228, 163, 252, 43, 84, 128, 115, 238, 153, 84, 121, 198, 68, 221, 57, 73, 137, 171, 167, 185, 177, 4, 72, 162, 183, 191, 90, 49, 71, 251, 45, 19, 37, 237, 59, 142, 150, 70, 21, 126, 79, 152, 57, 109, 45, 13, 209, 171, 237, 215, 2, 55, 212, 55, 253, 170, 5, 40, 178, 205, 72, 252, 19, 12, 182, 243, 44, 68, 99, 124, 240, 93, 24, 251, 160, 29, 88, 23, 125, 115, 232, 19, 22, 65, 125, 176, 104, 58, 63, 201, 70, 238, 170, 199, 47, 68, 53, 62, 57, 37, 224, 132, 16, 94, 121, 131, 163, 228, 165, 61, 197, 127, 92, 22, 50, 255, 168, 191, 83, 185, 136, 233, 29, 193, 73, 193, 22, 96, 30, 216, 195, 195, 212, 160, 147, 0, 114, 145, 209, 92, 137, 143, 105, 241, 16, 4, 118, 36, 121, 80, 23, 102, 6, 70, 103, 138, 48, 214, 6, 41, 66, 218, 104, 99, 184, 141, 218, 184, 158, 170, 178, 147, 119, 70, 182, 69, 244, 43, 117, 166, 7, 78, 39, 10, 38, 113, 130, 183, 15, 152, 43, 103, 5, 238, 230, 170, 82, 144, 35, 85, 42, 102, 191, 118, 251, 25, 170, 17, 240, 102, 91, 150, 226, 69, 75, 88, 22, 39, 239, 116, 48, 84, 30, 0, 159, 77, 122, 220, 112, 236, 172, 146, 8, 156, 198, 7, 176, 206, 32, 25, 204, 228, 32, 39, 110, 2, 210, 42, 20, 5, 197, 97, 1, 38, 19, 25, 182, 167, 36, 14, 84, 60, 241, 60, 199, 88, 6, 59, 57, 187, 194, 186, 8, 132, 7, 76, 48, 144, 242, 109, 146, 146, 6, 117, 189, 73, 7, 204, 184, 51, 105, 188, 29, 191, 117, 189, 74, 192, 160, 70, 85, 87, 254, 29, 67, 186, 113, 184, 49, 183, 249, 249, 35, 147, 136, 96, 149, 34, 7, 122, 124, 130, 57, 1, 75, 143, 100, 149, 222, 212, 83, 154, 126, 76, 145, 22, 86, 214, 205, 155, 240, 37, 191, 254, 138, 209, 88, 31, 141, 128, 35, 154, 171, 175, 51, 121, 60, 52, 232, 238, 212, 186, 165, 111, 242, 94, 10, 146, 246, 181, 130, 197, 244, 255, 44, 9, 180, 6, 19, 45, 58, 135, 1, 181, 47, 230, 90, 48, 85, 224, 101, 253, 69, 128, 2, 153, 121, 15, 30, 123, 191, 31, 176, 118, 9, 118, 75, 104, 142, 23, 44, 28, 255, 55, 8, 140, 58, 168, 72, 135, 153, 68, 200, 132, 2, 249, 208, 50, 170, 99, 195, 42, 99, 17, 43, 128, 156, 151, 96, 78, 86, 30, 40, 62, 0, 177, 43, 231, 71, 117, 118, 95, 33, 152, 17, 16, 211, 239, 235, 22, 133, 230, 96, 211, 242, 142, 158, 78, 189, 153, 250, 89, 204, 20, 89, 148, 220, 121, 7, 71, 160, 39, 203, 21, 64, 4, 81, 144, 99, 71, 219, 139, 233, 247, 16, 23, 207, 154, 206, 72, 106, 235, 233, 22, 157, 211, 101, 190, 204, 35, 40, 63, 89, 20, 117, 81, 231, 55, 28, 130, 164, 148, 70, 12, 113, 244, 121, 195, 116, 235, 8, 121, 163, 62, 40, 252, 229, 162, 128, 224, 169, 78, 1, 251, 144, 195, 234, 111, 183, 231, 119, 49, 26, 221, 124, 223, 208, 89, 195, 2, 255, 33, 25, 3, 171, 183, 63, 164, 95, 217, 31, 215, 20, 114, 19, 204, 26, 13, 185, 58, 42, 209, 35, 29, 186, 100, 2, 84, 65, 249, 127, 30, 212, 184, 101, 179, 163, 147, 92, 44, 240, 64, 109, 162, 23, 149, 9, 182, 141, 17, 155, 98, 215, 138, 74, 193, 40, 152, 178, 69, 51, 142, 225, 254, 122, 28, 182, 65, 212, 208, 133, 55, 91, 79, 62, 16, 148, 65, 3, 180, 48, 203, 138, 86, 110, 2, 45, 106, 81, 134, 43, 89, 128, 159, 109, 188, 120, 74, 177, 29, 69, 215, 117, 82, 131, 226, 146, 138, 111, 21, 23, 7, 197, 170, 185, 46, 208, 255, 252, 0, 195, 125, 173, 205, 145, 59, 237, 69, 106, 136, 118, 49, 206, 138, 45, 147, 197, 95, 131, 209, 23, 52, 39, 176, 140, 193, 165, 183, 224, 114, 58, 74, 234, 23, 79, 152, 227, 203, 119, 95, 205, 86, 193, 152, 208, 111, 169, 175, 49, 151, 43, 155, 42, 185, 42, 205, 247, 59, 97, 108, 53, 196, 44, 6, 187, 143, 92, 82, 184, 87, 214, 110, 52, 173, 157, 99, 125, 248, 214, 186, 214, 11, 75, 165, 30, 226, 33, 101, 75, 66, 210, 222, 57, 71, 18, 14, 149, 190, 51, 72, 44, 254, 75, 214, 194, 153, 47, 188, 190, 4, 250, 66, 76, 248, 220, 134, 174, 247, 21, 196, 63, 211, 16, 177, 204, 152, 76, 76, 157, 175, 243, 66, 175, 67, 51, 53, 58, 115, 121, 91, 122, 119, 53, 197, 117, 237, 79, 104, 239, 77, 9, 153, 195, 35, 7, 252, 149, 179, 75, 199, 124, 131, 111, 4, 69, 199, 139, 41, 200, 214, 191, 242, 232, 17, 19, 113, 62, 32, 188, 12, 238, 221, 47, 185, 174, 64, 177, 123, 240, 191, 26, 141, 218, 65, 185, 138, 105, 241, 194, 105, 83, 125, 192, 230, 232, 61, 4, 187, 165, 134, 28, 102, 115, 120, 8, 176, 18, 88, 105, 59, 168, 89, 44, 19, 121, 109, 225, 236, 101, 127, 9, 64, 110, 139, 91, 172, 204, 111, 200, 12, 111, 41, 184, 71, 120, 119, 34, 126, 109, 35, 107, 192, 10, 11, 13, 144, 247, 172, 15, 55, 120, 242, 201, 57, 125, 56, 136, 3, 25, 181, 189, 48, 13, 222, 77, 50, 166, 161, 17, 165, 219, 102, 254, 215, 179, 119, 127, 181, 115, 184, 82, 181, 246, 233, 227, 96, 173, 207, 109, 78, 231, 252, 156, 122, 206, 158, 240, 43, 202, 77, 30, 175, 76, 4, 43, 149, 49, 244, 157, 228, 203, 89, 253, 157, 9, 59, 90, 81, 108, 26, 136, 134, 101, 105, 37, 227, 229, 84, 208, 177, 74, 29, 8, 74, 161, 38, 69, 188, 206, 152, 73, 84, 235, 217, 53, 242, 201, 225, 142, 192, 191, 41, 255, 84, 6, 209, 36, 72, 18, 28, 149, 216, 33, 246, 6, 140, 79, 19, 226, 185, 131, 200, 214, 94, 216, 253, 232, 192, 125, 4, 32, 214, 39, 183, 228, 217, 196, 242, 88, 31, 199, 184, 12, 135, 106, 182, 47, 92, 6, 177, 111, 11, 159, 90, 252, 9, 125, 186, 106, 34, 165, 254, 79, 74, 54, 56, 20, 255, 176, 195, 61, 254, 209, 155, 251, 201, 189, 58, 16, 153, 209, 37, 94, 92, 244, 229, 160, 164, 166, 5, 201, 145, 93, 68, 127, 36, 147, 28, 166, 212, 149, 13, 234, 231, 180, 129, 117, 41, 243, 149, 37, 131, 115, 137, 215, 137, 127, 210, 149, 197, 9, 134, 152, 184, 115, 156, 198, 120, 57, 79, 217, 241, 68, 158, 243, 72, 40, 213, 17, 103, 107, 181, 30, 98, 58, 160, 239, 183, 92, 112, 203, 152, 145, 137, 39, 72, 115, 13, 88, 129, 115, 187, 249, 71, 174, 33, 243, 202, 96, 216, 186, 200, 80, 61, 37, 142, 97, 77, 237, 248, 83, 142, 15, 32, 70, 24, 134, 52, 243, 68, 3, 132, 136, 33, 41, 202, 243, 35, 136, 136, 9, 96, 172, 107, 207, 187, 7, 182, 175, 202, 89, 23, 96, 120, 252, 47, 199, 108, 230, 244, 161, 40, 229, 179, 99, 143, 219, 45, 174, 58, 128, 45, 242, 206, 190, 163, 161, 23, 39, 155, 137, 148, 253, 48, 16, 78, 177, 115, 125, 145, 46, 125, 214, 162, 111, 90, 90, 241, 135, 140, 185, 49, 122, 138, 148, 230, 144, 7, 13, 248, 46, 23, 216, 203, 171, 32, 21, 91, 59, 157, 50, 56, 230, 211, 160, 9, 160, 67, 251, 69, 115, 59, 2, 189, 254, 15, 107, 210, 97, 158, 50, 6, 47, 21, 157, 249, 167, 76, 137, 136, 142, 112, 149, 229, 14, 196, 97, 80, 127, 163, 2, 192, 60, 233, 48, 241, 117, 5, 150, 87, 83, 222, 30, 80, 26, 72, 158, 213, 120, 88, 155, 128, 167, 176, 21, 237, 144, 158, 216, 214, 199, 168, 112, 107, 135, 59, 4, 126, 63, 198, 43, 9, 41, 114, 209, 192, 46, 150, 211, 104, 127, 59, 58, 149, 146, 77, 211, 215, 98, 122, 167, 116, 248, 26, 138, 32, 86, 26, 129, 47, 181, 47, 61, 246, 216, 99, 131, 187, 34, 232, 200, 43, 212, 89, 21, 157, 134, 144, 49, 161, 43, 136, 205, 157, 71, 131, 245, 15, 55, 148, 10, 28, 68, 106, 82, 69, 34, 206, 25, 165, 7, 199, 39, 30, 101, 61, 52, 16, 213, 152, 93, 32, 170, 82, 132, 44, 173, 11, 207, 81, 162, 175, 94, 121, 192, 31, 3, 35, 105, 53, 244, 235, 31, 25, 222, 70, 110, 158, 51, 101, 22, 53, 16, 169, 216, 131, 16, 200, 169, 126, 108, 34, 17, 208, 220, 180, 61, 29, 51, 205, 143, 93, 64, 188, 31, 76, 9, 1, 100, 238, 4, 136, 148, 170, 34, 253, 217, 217, 5, 58, 66, 88, 144, 18, 79, 102, 101, 170, 193, 162, 226, 195, 107, 201, 49, 230, 8, 71, 143, 185, 8, 117, 202, 33, 57, 51, 139, 136, 141, 215, 101, 11, 25, 45, 206, 9, 65, 40, 192, 183, 7, 186, 67, 96, 221, 185, 69, 84, 22, 119, 95, 212, 46, 57, 46, 144, 115, 12, 143, 66, 16, 46, 90, 28, 233, 166, 181, 232, 185, 238, 213, 224, 237, 181, 152, 215, 32, 152, 132, 199, 34, 166, 211, 5, 63, 227, 45, 69, 249, 121, 106, 117, 99, 228, 233, 135, 97, 152, 158, 76, 8, 13, 131, 117, 205, 180, 34, 52, 217, 76, 159, 188, 22, 45, 163, 104, 55, 82, 123, 200, 97, 127, 87, 83, 73, 46, 223, 245, 240, 0, 175, 90, 207, 245, 102, 224, 172, 154, 3, 67, 21, 192, 230, 27, 28, 172, 210, 89, 119, 87, 112, 124, 78, 147, 206, 199, 230, 5, 55, 115, 186, 201, 64, 55, 243, 206, 43, 197, 41, 116, 170, 91, 217, 111, 240, 102, 44, 129, 238, 198, 77, 160, 220, 20, 80, 63, 142, 71, 82, 245, 26, 57, 13, 150, 49, 66, 222, 249, 83, 180, 99, 114, 29, 73, 59, 38, 165, 218, 22, 27, 213, 103, 129, 245, 199, 240, 55, 128, 179, 69, 77, 5, 231, 28, 46, 82, 190, 199, 74, 181, 23, 49, 21, 76, 156, 194, 51, 253, 42, 116, 6, 215, 13, 99, 170, 167, 166, 1, 163, 245, 251, 238, 88, 82, 155, 160, 39, 173, 6, 14, 205, 24, 136, 136, 51, 171, 173, 93, 101, 3, 122, 191, 18, 143, 201, 35, 38, 199, 135, 100, 202, 177, 212, 3, 207, 40, 88, 150, 29, 86, 96, 77, 174, 72, 238, 234, 108, 150, 101, 201, 244, 75, 247, 62, 16, 35, 127, 78, 199, 243, 151, 38, 244, 141, 79, 93, 165, 78, 226, 81, 175, 93, 144, 149, 205, 12, 232, 157, 45, 249, 114, 177, 95, 175, 238, 219, 42, 102, 67, 44, 179, 207, 129, 11, 88, 160, 195, 140, 250, 111, 114, 230, 107, 188, 27, 21, 116, 245, 8, 64, 0, 237, 168, 235, 255, 211, 229, 167, 39, 34, 72, 207, 65, 48, 27, 195, 179, 170, 140, 51, 83, 229, 22, 251, 197, 53, 108, 252, 59, 203, 154, 150, 0, 217, 174, 146, 117, 190, 121, 209, 9, 147, 73, 16, 0, 235, 222, 150, 120, 255, 92, 240, 17, 97, 15, 87, 1, 78, 55, 126, 21, 52, 234, 229, 180, 188, 133, 7, 91, 168, 81, 42, 28, 211, 254, 52, 75, 145, 128, 201, 214, 75, 55, 255, 174, 97, 18, 215, 197, 132, 176, 227, 159, 21, 127, 38, 49, 79, 103, 100, 90, 75, 99, 162, 25, 209, 135, 117, 176, 143, 22, 216, 158, 94, 132, 136, 151, 226, 49, 207, 152, 179, 123, 128, 180, 18, 72, 92, 117, 103, 85, 142, 174, 88, 137, 119, 35, 156, 188, 161, 54, 155, 98, 240, 241, 226, 110, 9, 220, 122, 172, 13, 139, 1, 188, 133, 208, 126, 88, 150, 48, 202, 95, 237, 239, 43, 241, 253, 1, 158, 37, 111, 27, 172, 235, 187, 103, 68, 180, 187, 122, 102, 127, 130, 166, 100, 87, 248, 78, 101, 193, 48, 74, 203, 118, 120, 248, 206, 84, 230, 45, 161, 26, 28, 62, 4, 89, 232, 148, 90, 247, 215, 139, 242, 14, 160, 231, 1, 0, 157, 18, 85, 181, 14, 195, 218, 209, 209, 253, 72, 138, 238, 0, 118, 224, 109, 246, 149, 31, 245, 76, 92, 13, 210, 91, 72, 93, 114, 224, 213, 254, 245, 35, 243, 120, 219, 130, 17, 106, 36, 218, 14, 81, 61, 1, 241, 212, 87, 37, 239, 125, 206, 210, 73, 39, 161, 105, 155, 194, 9, 135, 146, 217, 199, 191, 99, 218, 202, 113, 30, 244, 62, 155, 33, 237, 202, 32, 92, 32, 194, 83, 62, 199, 36, 5, 221, 141, 75, 33, 161, 112, 98, 241, 21, 93, 75, 220, 68, 87, 40, 174, 227, 50, 147, 83, 6, 94, 163, 14, 124, 110, 229, 178, 34, 18, 32, 77, 21, 10, 136, 203, 177, 170, 65, 43, 222, 101, 219, 1, 139, 59, 110, 116, 48, 121, 55, 221, 156, 21, 80, 38, 129, 139, 141, 109, 29, 76, 197, 160, 52, 143, 205, 19, 199, 228, 50, 89, 157, 33, 33, 160, 198, 209, 82, 139, 123, 58, 195, 63, 107, 38, 140, 32, 252, 73, 97, 11, 9, 23, 44, 103, 96, 155, 43, 169, 215, 114, 19, 131, 59, 250, 123, 119, 199, 46, 5, 152, 105, 160, 180, 85, 157, 155, 107, 41, 164, 173, 187, 141, 143, 181, 61, 108, 168, 35, 55, 190, 230, 156, 153, 201, 244, 218, 20, 132, 63, 87, 210, 74, 208, 87, 43, 85, 210, 101, 85, 22, 209, 226, 47, 201, 253, 110, 46, 93, 246, 101, 75, 146, 113, 118, 61, 199, 246, 170, 4, 80, 8, 34, 45, 111, 28, 41, 239, 237, 68, 90, 150, 15, 236, 198, 223, 14, 201, 205, 59, 104, 73, 216, 38, 41, 217, 5, 180, 191, 150, 44, 18, 38, 113, 250, 249, 25, 107, 195, 95, 8, 230, 169, 26, 38, 137, 155, 45, 192, 140, 215, 193, 25, 172, 149, 114, 215, 69, 190, 164, 198, 54, 51, 25, 60, 124, 95, 145, 220, 253, 149, 128, 217, 118, 88, 124, 27, 61, 193, 28, 33, 253, 110, 84, 212, 192, 194, 102, 4, 199, 161, 250, 135, 35, 196, 233, 124, 139, 235, 163, 203, 12, 204, 130, 65, 98, 202, 99, 17, 153, 67, 133, 100, 186, 196, 125, 203, 99, 103, 115, 81, 174, 21, 134, 45, 99, 230, 19, 155, 86, 221, 74, 144, 115, 138, 128, 0, 151, 62, 104, 2, 2, 204, 104, 137, 174, 21, 55, 222, 67, 235, 0, 95, 52, 142, 227, 108, 237, 183, 49, 166, 124, 153, 186, 49, 129, 145, 166, 30, 199, 188, 79, 41, 125, 161, 189, 40, 109, 108, 159, 165, 244, 50, 238, 12, 42, 173, 254, 127, 121, 190, 59, 6, 11, 57, 55, 33, 35, 38, 219, 110, 193, 84, 156, 18, 152, 137, 128, 100, 48, 111, 155, 80, 242, 67, 22, 136, 194, 144, 83, 131, 83, 72, 202, 76, 44, 152, 12, 128, 213, 158, 115, 132, 135, 255, 114, 37, 3, 196, 152, 29, 151, 96, 223, 45, 158, 169, 85, 130, 33, 180, 32, 189, 181, 191, 94, 181, 106, 189, 236, 56, 140, 31, 87, 101, 168, 226, 180, 17, 227, 161, 65, 169, 85, 185, 29, 97, 172, 157, 156, 103, 14, 253, 251, 198, 93, 236, 4, 195, 228, 130, 174, 235, 162, 151, 216, 30, 229, 161, 29, 25, 185, 154, 255, 34, 83, 23, 72, 234, 155, 229, 158, 119, 192, 50, 252, 102, 99, 83, 161, 185, 157, 10, 107, 149, 43, 238, 230, 194, 24, 115, 55, 47, 229, 2, 226, 239, 25, 200, 244, 159, 242, 184, 177, 165, 62, 51, 235, 185, 86, 98, 79, 9, 242, 234, 26, 20, 142, 31, 177, 26, 168, 125, 106, 17, 214, 164, 5, 183, 143, 82, 250, 47, 71, 5, 91, 94, 232, 1, 107, 154, 71, 105, 168, 129, 54, 203, 191, 179, 194, 60, 255, 243, 60, 34, 142, 11, 112, 248, 72, 48, 238, 113, 162, 119, 165, 172, 217, 74, 225, 86, 219, 162, 202, 62, 84, 219, 208, 121, 224, 0, 102, 229, 223, 251, 20, 28, 211, 45, 145, 14, 193, 135, 66, 20, 79, 136, 23, 71, 109, 254, 243, 0, 29, 18, 163, 88, 166, 212, 244, 30, 16, 106, 137, 33, 0, 115, 192, 225, 25, 5, 224, 226, 60, 183, 246, 130, 8, 165, 76, 231, 227, 27, 217, 188, 93, 224, 160, 12, 52, 50, 83, 234, 101, 71, 165, 205, 206, 136, 23, 66, 138, 2, 230, 214, 71, 6, 23, 91, 243, 189, 249, 89, 40, 54, 63, 233, 17, 224, 177, 204, 177, 170, 186, 4, 166, 197, 95, 177, 179, 157, 112, 241, 3, 20, 72, 52, 29, 119, 174, 121, 150, 152, 106, 156, 149, 82, 245, 225, 22, 88, 76, 162, 176, 225, 74, 68, 57, 241, 66, 90, 122, 145, 149, 185, 248, 9, 30, 152, 221, 15, 150, 80, 241, 127, 225, 87, 198, 87, 62, 16, 109, 32, 219, 74, 122, 187, 120, 38, 220, 76, 234, 177, 241, 186, 129, 146, 145, 40, 8, 19, 223, 84, 63, 230, 38, 194, 218, 236, 42, 102, 141, 202, 150, 63, 58, 124, 29, 158, 227, 29, 216, 176, 7, 79, 165, 10, 147, 128, 43, 16, 86, 73, 211, 106, 94, 195, 173, 9, 120, 25, 72, 58, 188, 114, 20, 9, 29, 170, 124, 9, 2, 49, 39, 111, 123, 203, 167, 168, 172, 175, 207, 30, 191, 166, 20, 151, 131, 167, 72, 134, 103, 170, 102, 108, 146, 2, 77, 108, 87, 74, 238, 109, 138, 111, 107, 216, 214, 8, 162, 87, 226, 30, 191, 3, 175, 0, 204, 200, 145, 117, 78, 164, 147, 168, 219, 163, 115, 199, 47, 12, 121, 183, 255, 198, 80, 98, 255, 64, 152, 202, 53, 138, 178, 55, 155, 4, 80, 7, 189, 132, 186, 10, 151, 188, 217, 75, 214, 182, 82, 250, 88, 186, 122, 30, 163, 21, 115, 9, 144, 200, 20, 180, 84, 196, 31, 150, 150, 5, 201, 53, 97, 56, 6, 128, 211, 94, 84, 194, 88, 216, 90, 50, 133, 92, 185, 201, 123, 219, 227, 162, 116, 35, 39, 204, 232, 11, 6, 67, 237, 3, 203, 37, 27, 32, 54, 79, 31, 199, 167, 167, 140, 252, 142, 20, 52, 170, 124, 22, 131, 223, 225, 62, 21, 157, 157, 191, 96, 132, 110, 244, 24, 11, 102, 216, 185, 115, 120, 255, 46, 117, 178, 86, 193, 101, 89, 165, 222, 178, 126, 189, 219, 29, 148, 190, 83, 41, 131, 120, 179, 116, 255, 232, 61, 48, 33, 146, 206, 48, 239, 29, 212, 70, 91, 71, 117, 227, 106, 65, 102, 224, 82, 189, 96, 15, 21, 213, 21, 173, 35, 32, 242, 51, 79, 240, 72, 29, 117, 95, 36, 62, 220, 254, 117, 12, 62, 91, 217, 71, 185, 15, 120, 120, 104, 234, 115, 145, 160, 85, 130, 58, 102, 172, 230, 72, 199, 158, 127, 43, 138, 176, 148, 68, 80, 40, 203, 88, 87, 4, 129, 156, 223, 37, 149, 157, 38, 125, 126, 109, 249, 32, 80, 15, 212, 190, 91, 206, 237, 181, 144, 10, 5, 43, 20, 149, 100, 208, 239, 227, 203, 130, 110, 199, 238, 227, 188, 6, 156, 184, 225, 10, 111, 69, 22, 81, 89, 70, 147, 161, 20, 152, 124, 29, 177, 134, 102, 82, 18, 146, 157, 65, 131, 103, 126, 143, 93, 177, 144, 146, 200, 137, 76, 10, 205, 237, 46, 133, 28, 157, 105, 42, 59, 169, 225, 19, 251, 175, 68, 232, 33, 155, 176, 164, 83, 27, 10, 234, 109, 166, 49, 5, 203, 13, 245, 207, 169, 212, 22, 214, 149, 134, 180, 85, 132, 99, 44, 47, 214, 111, 169, 169, 39, 199, 85, 0, 45, 182, 112, 36, 35, 68, 92, 244, 157, 66, 94, 197, 80, 25, 76, 77, 137, 123, 89, 102, 120, 134, 192, 26, 195, 227, 218, 118, 38, 148, 15, 62, 73, 16, 17, 146, 242, 133, 126, 51, 148, 23, 71, 147, 153, 138, 190, 142, 188, 14, 127, 232, 208, 65, 177, 42, 24, 48, 0, 126, 133, 170, 0, 198, 59, 194, 213, 23, 66, 63, 157, 197, 154, 153, 75, 140, 219, 149, 50, 94, 43, 198, 68, 45, 23, 172, 193, 0, 160, 178, 190, 210, 242, 197, 153, 155, 90, 191, 188, 63, 96, 176, 247, 253, 194, 121, 146, 153, 81, 75, 156, 240, 6, 101, 211, 100, 70, 49, 99, 46, 163, 108, 220, 183, 191, 170, 88, 179, 19, 169, 67, 131, 71, 177, 209, 19, 183, 203, 216, 206, 23, 227, 44, 206, 146, 197, 83, 201, 14, 244, 46, 43, 0, 235, 66, 8, 253, 239, 28, 87, 233, 174, 69, 40, 177, 221, 81, 141, 130, 219, 97, 154, 207, 128, 245, 242, 110, 115, 25, 86, 160, 61, 107, 10, 122, 148, 255, 45, 126, 93, 19, 112, 19, 194, 77, 70, 62, 55, 182, 136, 104, 134, 212, 242, 140, 241, 248, 101, 135, 35, 223, 236, 90, 101, 162, 13, 94, 180, 196, 216, 178, 237, 77, 122, 2, 79, 167, 62, 29, 204, 28, 167, 11, 142, 188, 41, 77, 114, 247, 217, 155, 86, 25, 33, 6, 196, 249, 18, 131, 208, 212, 57, 247, 72, 88, 216, 100, 9, 112, 104, 58, 30, 243, 161, 15, 101, 101, 248, 226, 98, 72, 225, 248, 104, 226, 121, 240, 61, 126, 41, 196, 66, 34, 153, 193, 83, 65, 171, 169, 2, 101, 77, 32, 224, 197, 106, 149, 205, 85, 240, 180, 182, 174, 90, 231, 19, 211, 214, 79, 243, 218, 29, 100, 119, 102, 238, 219, 175, 217, 238, 183, 242, 168, 159, 174, 13, 235, 123, 128, 55, 96, 187, 45, 92, 30, 187, 35, 203, 176, 237, 64, 91, 153, 0, 207, 134, 190, 116, 50, 199, 59, 36, 150, 46, 210, 121, 123, 32, 224, 71, 155, 200, 25, 217, 204, 216, 92, 69, 41, 15, 43, 180, 15, 127, 174, 4, 8, 144, 72, 28, 8, 89, 174, 77, 24, 116, 47, 97, 101, 79, 180, 121, 211, 40, 59, 39, 128, 98, 1, 215, 223, 157, 208, 234, 7, 164, 68, 43, 115, 231, 234, 194, 156, 187, 180, 42, 129, 102, 176, 47, 159, 25, 200, 84, 5, 95, 199, 138, 111, 252, 203, 138, 49, 166, 190, 34, 158, 96, 207, 13, 202, 50, 94, 34, 49, 199, 84, 6, 54, 12, 44, 219, 198, 240, 173, 238, 250, 70, 208, 249, 164, 96, 3, 173, 113, 146, 76, 71, 161, 131, 225, 44, 8, 20, 210, 63, 64, 14, 107, 160, 62, 130, 32, 6, 187, 171, 163, 183, 10, 116, 203, 215, 239, 26, 246, 76, 174, 105, 206, 122, 86, 40, 124, 24, 95, 114, 111, 160, 127, 60, 109, 80, 103, 177, 167, 25, 145, 164, 25, 195, 9, 233, 101, 236, 10, 115, 51, 121, 78, 241, 85, 85, 130, 171, 37, 30, 58, 161, 200, 102, 216, 138, 107, 232, 250, 212, 112, 72, 186, 15, 172, 67, 73, 113, 82, 49, 23, 93, 82, 228, 44, 239, 159, 134, 22, 72, 199, 42, 74, 104, 13, 19, 118, 106, 1, 47, 80, 117, 163, 60, 194, 196, 141, 213, 224, 233, 197, 51, 153, 184, 23, 16, 202, 84, 230, 131, 49, 181, 207, 43, 88, 157, 88, 186, 69, 219, 69, 254, 149, 67, 65, 20, 4, 144, 220, 11, 176, 143, 85, 233, 95, 18, 59, 111, 99, 238, 192, 100, 68, 133, 174, 33, 191, 147, 120, 126, 102, 84, 46, 169, 68, 96, 157, 232, 153, 201, 119, 200, 66, 2, 251, 89, 162, 49, 235, 146, 1, 143, 201, 106, 161, 113, 105, 12, 158, 47, 145, 1, 230, 204, 18, 253, 234, 16, 61, 210, 136, 255, 95, 82, 153, 181, 133, 118, 79, 164, 189, 251, 225, 236, 145, 112, 49, 52, 204, 0, 163, 107, 2, 66, 94, 207, 8, 151, 246, 242, 93, 225, 219, 183, 126, 226, 18, 198, 1, 52, 91, 15, 5, 222, 162, 139, 68, 159, 18, 140, 83, 46, 229, 89, 97, 248, 54, 50, 240, 182, 86, 4, 152, 123, 106, 224, 232, 186, 78, 55, 16, 105, 126, 129, 183, 247, 21, 228, 54, 17, 124, 21, 38, 15, 108, 104, 126, 66, 160, 26, 74, 13, 55, 244, 143, 232, 243, 99, 1, 34, 34, 21, 89, 186, 164, 99, 204, 172, 73, 59, 162, 149, 243, 81, 79, 41, 39, 68, 255, 185, 111, 167, 65, 9, 171, 28, 176, 237, 175, 126, 144, 82, 188, 42, 37, 216, 44, 124, 115, 18, 61, 9, 51, 203, 254, 143, 244, 48, 5, 87, 193, 237, 168, 237, 99, 145, 45, 114, 224, 81, 187, 52, 49, 189, 84, 247, 57, 87, 85, 184, 32, 165, 159, 248, 82, 149, 235, 54, 217, 34, 126, 95, 95, 98, 85, 82, 1, 233, 110, 24, 133, 20, 181, 56, 127, 183, 224, 38, 164, 175, 10, 194, 9, 236, 103, 48, 196, 224, 230, 204, 118, 47, 39, 120, 228, 108, 206, 122, 31, 135, 221, 226, 189, 228, 152, 211, 111, 118, 131, 245, 103, 31, 16, 34, 225, 130, 81, 94, 25, 21, 130, 244, 241, 13, 223, 106, 236, 124, 69, 108, 56, 190, 19, 251, 163, 21, 30, 227, 186, 229, 131, 193, 36, 56, 9, 27, 183, 12, 64, 58, 34, 207, 216, 168, 215, 32, 167, 146, 95, 235, 36, 75, 43, 164, 29, 49, 219, 70, 81, 166, 198, 198, 190, 103, 46, 208, 231, 113, 31, 46, 244, 194, 184, 159, 156, 74, 95, 36, 114, 181, 49, 163, 42, 125, 127, 128, 236, 60, 51, 117, 151, 123, 164, 150, 143, 50, 103, 134, 71, 62, 52, 209, 253, 115, 230, 35, 108, 246, 97, 14, 93, 205, 26, 207, 231, 239, 46, 107, 70, 237, 183, 15, 194, 6, 113, 135, 161, 134, 89, 57, 115, 151, 48, 177, 75, 84, 187, 115, 168, 187, 29, 34, 83, 102, 221, 183, 109, 199, 71, 102, 181, 100, 225, 35, 99, 28, 249, 138, 129, 59, 113, 17, 244, 48, 80, 44, 170, 16, 112, 244, 46, 140, 137, 2, 9, 94, 90, 205, 1, 158, 78, 218, 248, 215, 54, 97, 91, 74, 21, 157, 234, 253, 185, 138, 23, 29, 181, 145, 237, 73, 155, 2, 25, 251, 75, 6, 68, 244, 220, 84, 172, 114, 102, 61, 149, 106, 35, 52, 18, 247, 72, 231, 75, 21, 145, 85, 62, 203, 202, 112, 56, 41, 172, 247, 94, 71, 26, 47, 72, 235, 117, 156, 40, 166, 136, 4, 220, 10, 156, 165, 107, 102, 62, 138, 13, 52, 232, 207, 244, 252, 160, 220, 241, 29, 88, 138, 137, 115, 141, 18, 189, 215, 59, 242, 165, 16, 231, 41, 24, 47, 167, 169, 116, 83, 210, 129, 148, 6, 198, 215, 77, 156, 188, 50, 177, 138, 112, 31, 147, 2, 105, 2, 43, 174, 85, 103, 128, 18, 161, 132, 212, 203, 151, 11, 143, 154, 109, 19, 52, 9, 125, 97, 29, 229, 52, 190, 249, 111, 201, 248, 217, 208, 17, 40, 78, 226, 212, 153, 39, 72, 133, 188, 183, 160, 215, 123, 10, 38, 29, 145, 146, 236, 65, 59, 12, 10, 134, 251, 39, 174, 136, 205, 213, 167, 44, 8, 225, 77, 219, 65, 156, 38, 123, 232, 213, 83, 30, 112, 20, 29, 184, 182, 55, 185, 56, 65, 152, 254, 45, 165, 150, 144, 131, 86, 180, 106, 1, 11, 201, 57, 79, 207, 187, 92, 206, 12, 18, 63, 20, 254, 165, 70, 148, 4, 229, 179, 196, 151, 102, 250, 84, 132, 205, 155, 220, 253, 223, 42, 73, 36, 62, 61, 34, 120, 151, 230, 54, 235, 31, 179, 13, 118, 213, 196, 147, 229, 241, 33, 226, 84, 29, 3, 29, 4, 190, 147, 15, 172, 85, 19, 60, 31, 65, 53, 254, 189, 65, 129, 16, 26, 116, 248, 228, 48, 246, 169, 203, 82, 11, 19, 251, 173, 77, 58, 87, 238, 112, 49, 47, 66, 249, 61, 59, 5, 179, 43, 101, 20, 126, 146, 233, 96, 150, 11, 175, 194, 166, 49, 2, 59, 185, 27, 234, 157, 33, 49, 252, 21, 217, 234, 79, 92, 217, 61, 157, 42, 54, 210, 212, 107, 95, 77, 126, 239, 186, 224, 181, 166, 68, 75, 137, 87, 161, 194, 5, 122, 203, 15, 52, 112, 249, 238, 148, 179, 147, 97, 68, 25, 31, 89, 98, 110, 38, 209, 125, 6, 197, 226, 149, 137, 131, 221, 83, 179, 6, 50, 11, 196, 206, 11, 155, 181, 51, 124, 182, 20, 240, 215, 20, 45, 52, 77, 94, 79, 213, 130, 240, 73, 193, 22, 94, 224, 124, 51, 68, 223, 44, 132, 174, 90, 70, 188, 160, 13, 53, 199, 160, 218, 247, 94, 216, 21, 85, 231, 251, 13, 150, 81, 222, 212, 209, 146, 112, 97, 129, 71, 11, 84, 216, 90, 184, 170, 153, 59, 13, 102, 235, 77, 147, 137, 168, 198, 63, 18, 154, 146, 86, 252, 207, 121, 212, 230, 43, 120, 128, 15, 126, 40, 99, 162, 156, 105, 79, 55, 84, 50, 170, 187, 122, 201, 123, 132, 166, 223, 126, 15, 164, 183, 9, 189, 104, 230, 145, 173, 247, 83, 146, 184, 128, 131, 198, 103, 5, 7, 101, 122, 137, 248, 188, 58, 13, 51, 148, 104, 181, 28, 109, 20, 245, 10, 237, 33, 244, 105, 90, 205, 186, 71, 187, 6, 21, 53, 46, 226, 212, 138, 139, 151, 94, 249, 176, 123, 227, 64, 239, 109, 194, 215, 120, 35, 106, 57, 186, 192, 36, 150, 180, 165, 76, 169, 43, 150, 226, 60, 194, 204, 39, 148, 84, 240, 33, 125, 34, 216, 82, 61, 187, 0, 90, 129, 108, 37, 88, 175, 188, 219, 81, 253, 80, 160, 106, 42, 133, 7, 178, 93, 175, 134, 196, 207, 138, 90, 87, 121, 153, 96, 94, 225, 225, 157, 209, 31, 213, 17, 195, 245, 35, 6, 136, 65, 157, 40, 252, 144, 166, 93, 106, 126, 24, 185, 151, 124, 202, 167, 189, 222, 202, 158, 46, 234, 87, 105, 132, 220, 159, 17, 200, 153, 161, 201, 225, 131, 243, 197, 137, 197, 105, 174, 121, 92, 63, 251, 243, 1, 195, 69, 67, 90, 236, 31, 175, 60, 70, 45, 36, 43, 123, 28, 102, 51, 33, 13, 224, 160, 48, 13, 159, 21, 119, 141, 34, 113, 32, 162, 66, 207, 35, 211, 31, 183, 1, 173, 69, 84, 100, 215, 196, 237, 15, 27, 32, 66, 40, 207, 238, 69, 255, 227, 82, 186, 92, 233, 157, 205, 111, 242, 236, 5, 42, 37, 140, 200, 167, 23, 5, 187, 73, 187, 103, 122, 44, 1, 128, 232, 52, 248, 103, 29, 103, 15, 24, 220, 79, 57, 58, 238, 174, 150, 47, 154, 132, 57, 139, 97, 210, 135, 113, 43, 155, 239, 84, 185, 47, 35, 68, 109, 252, 45, 53, 106, 131, 100, 229, 155, 76, 32, 15, 128, 48, 31, 210, 158, 244, 3, 59, 149, 141, 201, 104, 6, 17, 47, 210, 240, 246, 34, 212, 165, 97, 202, 168, 64, 127, 182, 122, 121, 63, 133, 54, 243, 89, 20, 39, 23, 7, 72, 93, 36, 93, 112, 121, 112, 102, 35, 77, 219, 58, 44, 17, 20, 27, 179, 253, 0, 2, 202, 60, 210, 98, 96, 119, 158, 145, 114, 126, 199, 117, 24, 203, 42, 2, 198, 83, 195, 141, 238, 254, 117, 113, 27, 201, 209, 4, 170, 93, 6, 55, 198, 189, 129, 124, 143, 3, 245, 135, 127, 25, 132, 74, 162, 164, 13, 129, 28, 67, 116, 210, 248, 3, 220, 114, 11, 253, 120, 181, 201, 161, 6, 180, 232, 179, 71, 108, 47, 3, 99, 89, 152, 91, 195, 254, 78, 187, 252, 21, 9, 237, 21, 166, 164, 227, 115, 30, 13, 81, 96, 187, 131, 18, 150, 158, 247, 205, 46, 92, 111, 176, 210, 213, 187, 91, 231, 155, 186, 67, 142, 118, 189, 131, 72, 187, 74, 85, 195, 35, 4, 148, 123, 197, 34, 237, 188, 0, 129, 2, 108, 239, 50, 54, 156, 183, 35, 127, 80, 119, 202, 119, 27, 68, 111, 149, 245, 98, 215, 81, 14, 122, 15, 193, 44, 194, 246, 165, 26, 159, 216, 53, 188, 149, 235, 116, 195, 127, 177, 158, 4, 199, 152, 16, 81, 4, 61, 116, 12, 100, 111, 15, 60, 0, 28, 54, 134, 162, 96, 213, 162, 97, 171, 231, 204, 32, 145, 98, 255, 45, 19, 223, 141, 20, 201, 211, 162, 4, 59, 224, 253, 167, 136, 154, 147, 60, 47, 203, 240, 73, 32, 178, 207, 35, 83, 116, 157, 82, 59, 33, 99, 66, 104, 179, 160, 17, 151, 203, 170, 218, 102, 50, 35, 232, 7, 80, 184, 201, 27, 118, 123, 242, 54, 191, 237, 135, 72, 147, 205, 36, 237, 95, 113, 30, 192, 110, 7, 61, 9, 87, 204, 157, 79, 169, 57, 210, 160, 105, 85, 91, 33, 232, 203, 106, 56, 83, 230, 230, 71, 157, 69, 124, 97, 164, 220, 64, 125, 116, 176, 114, 143, 73, 240, 127, 5, 88, 114, 125, 86, 174, 212, 75, 40, 167, 112, 238, 236, 103, 10, 5, 125, 39, 87, 30, 181, 229, 250, 107, 220, 41, 128, 95, 229, 178, 58, 12, 28, 74, 90, 234, 20, 144, 126, 47, 11, 91, 150, 114, 213, 159, 111, 238, 188, 174, 44, 254, 110, 172, 157, 208, 22, 153, 61, 120, 232, 123, 37, 149, 240, 100, 34, 95, 249, 179, 164, 131, 24, 81, 105, 149, 194, 17, 116, 68, 89, 187, 28, 120, 255, 132, 141, 82, 185, 100, 147, 50, 193, 13, 26, 163, 178, 155, 70, 34, 251, 164, 220, 29, 41, 159, 64, 146, 227, 217, 125, 117, 63, 216, 108, 31, 92, 148, 214, 21, 67, 171, 106, 76, 131, 159, 18, 186, 220, 3, 89, 12, 152, 81, 54, 255, 11, 166, 72, 237, 252, 183, 204, 108, 46, 181, 151, 183, 128, 151, 132, 19, 150, 79, 132, 198, 79, 45, 17, 235, 209, 45, 154, 77, 106, 165, 79, 231, 27, 73, 211, 153, 143, 0, 227, 115, 223, 204, 233, 5, 83, 86, 254, 70, 221, 81, 198, 158, 97, 146, 113, 10, 133, 150, 52, 68, 250, 141, 188, 201, 13, 71, 251, 203, 59, 198, 248, 105, 176, 31, 10, 209, 215, 77, 201, 144, 164, 58, 102, 52, 64, 19, 240, 52, 48, 131, 141, 244, 235, 98, 251, 101, 23, 223, 122, 70, 153, 212, 35, 45, 18, 190, 128, 93, 241, 40, 98, 173, 185, 104, 147, 49, 30, 212, 38, 132, 6, 255, 52, 18, 156, 213, 24, 36, 31, 9, 179, 3, 108, 68, 73, 101, 168, 147, 97, 166, 61, 145, 171, 144, 237, 51, 48, 153, 244, 253, 135, 20, 233, 186, 71, 183, 50, 113, 247, 121, 32, 221, 22, 150, 102, 234, 2, 170, 186, 205, 168, 46, 229, 4, 123, 78, 23, 69, 101, 195, 79, 67, 176, 167, 183, 215, 221, 129, 242, 159, 84, 155, 18, 4, 191, 25, 148, 180, 23, 37, 13, 102, 22, 152, 121, 181, 93, 115, 152, 215, 3, 43, 36, 221, 13, 122, 242, 17, 215, 102, 139, 183, 205, 38, 45, 213, 234, 62, 49, 21, 212, 245, 251, 35, 250, 241, 101, 12, 135, 140, 197, 179, 105, 159, 254, 4, 27, 192, 5, 195, 141, 165, 227, 246, 242, 86, 6, 219, 90, 196, 106, 218, 1, 43, 25, 196, 205, 31, 12, 84, 186, 151, 86, 247, 57, 136, 14, 176, 46, 56, 219, 79, 156, 123, 86, 233, 235, 60, 12, 180, 237, 144, 17, 134, 7, 157, 101, 140, 67, 94, 48, 25, 126, 132, 204, 136, 57, 129, 182, 176, 172, 125, 192, 88, 2, 11, 105, 186, 159, 200, 16, 20, 238, 252, 194, 250, 213, 153, 77, 224, 240, 61, 5, 1, 65, 54, 225, 170, 59, 167, 24, 137, 87, 138, 84, 217, 1, 64, 210, 77, 95, 255, 36, 238, 211, 87, 92, 145, 251, 87, 186, 63, 57, 103, 163, 76, 54, 160, 87, 216, 236, 41, 119, 200, 53, 206, 167, 67, 39, 57, 157, 87, 41, 175, 3, 179, 66, 189, 237, 173, 152, 126, 146, 212, 61, 106, 154, 176, 92, 115, 153, 178, 239, 4, 66, 72, 231, 127, 190, 146, 190, 37, 15, 207, 92, 239, 47, 103, 232, 46, 48, 43, 216, 186, 56, 30, 34, 169, 59, 88, 40, 42, 152, 141, 147, 211, 205, 71, 124, 129, 108, 17, 25, 255, 82, 62, 86, 158, 34, 113, 135, 209, 10, 5, 181, 201, 48, 81, 202, 188, 126, 132, 18, 79, 84, 106, 136, 196, 150, 18, 188, 14, 7, 205, 237, 5, 85, 15, 168, 218, 25, 186, 112, 190, 10, 135, 21, 76, 137, 129, 229, 101, 190, 251, 199, 56, 101, 59, 250, 33, 65, 219, 126, 155, 21, 169, 174, 128, 185, 210, 103, 118, 35, 203, 51, 131, 244, 130, 84, 191, 125, 149, 96, 160, 219, 230, 218, 158, 38, 227, 12, 150, 88, 181, 255, 51, 107, 124, 119, 24, 194, 143, 85, 147, 11, 221, 161, 102, 109, 24, 21, 64, 146, 169, 48, 155, 77, 107, 126, 112, 137, 15, 75, 90, 225, 194, 100, 204, 15, 33, 50, 18, 149, 222, 66, 238, 29, 91, 123, 65, 215, 126, 139, 37, 161, 80, 89, 96, 164, 224, 152, 201, 233, 130, 186, 124, 189, 79, 28, 188, 150, 45, 108, 152, 219, 176, 92, 172, 22, 96, 39, 106, 245, 245, 20, 65, 52, 128, 32, 1, 200, 36, 215, 26, 200, 185, 226, 127, 29, 0, 196, 228, 70, 3, 22, 105, 178, 25, 56, 92, 0, 127, 5, 48, 193, 89, 201, 80, 127, 190, 110, 203, 243, 222, 243, 80, 221, 120, 70, 225, 106, 245, 52, 124, 58, 196, 64, 80, 197, 120, 133, 71, 27, 175, 242, 97, 243, 238, 211, 192, 224, 97, 245, 45, 143, 125, 10, 36, 52, 69, 116, 148, 48, 141, 47, 0, 176, 231, 134, 227, 205, 159, 204, 207, 22, 130, 35, 70, 254, 59, 111, 181, 82, 110, 137, 54, 160, 73, 172, 20, 114, 189, 140, 100, 38, 248, 19, 176, 129, 114, 75, 81, 200, 53, 14, 241, 5, 33, 50, 180, 83, 56, 240, 152, 3, 254, 240, 100, 117, 16, 142, 76, 166, 230, 149, 175, 181, 135, 112, 100, 102, 108, 62, 2, 223, 195, 72, 57, 48, 10, 72, 126, 125, 157, 183, 78, 240, 230, 157, 181, 26, 241, 41, 86, 198, 8, 176, 108, 210, 250, 24, 129, 228, 59, 108, 40, 114, 10, 74, 73, 2, 46, 3, 236, 214, 17, 215, 122, 51, 131, 132, 203, 226, 126, 42, 56, 60, 96, 56, 121, 62, 50, 178, 152, 255, 238, 231, 99, 51, 117, 169, 78, 2, 191, 15, 99, 136, 138, 159, 131, 243, 120, 160, 24, 225, 64, 200, 172, 21, 105, 224, 131, 104, 190, 110, 1, 71, 139, 6, 65, 168, 219, 166, 249, 40, 241, 87, 253, 69, 136, 67, 21, 146, 109, 99, 130, 185, 42, 255, 143, 254, 205, 132, 203, 71, 137, 141, 48, 117, 38, 133, 172, 193, 31, 176, 54, 43, 146, 91, 121, 241, 151, 108, 215, 81, 220, 66, 192, 72, 88, 122, 184, 11, 27, 65, 255, 96, 174, 231, 5, 203, 24, 213, 77, 140, 29, 134, 71, 0, 135, 195, 131, 91, 164, 44, 213, 232, 255, 77, 144, 137, 161, 92, 70, 120, 72, 122, 153, 48, 108, 174, 77, 238, 154, 205, 154, 124, 239, 9, 251, 27, 171, 101, 200, 4, 188, 47, 7, 247, 51, 244, 192, 81, 218, 158, 116, 63, 132, 236, 246, 15, 13, 206, 83, 126, 182, 192, 150, 96, 157, 144, 156, 24, 51, 47, 93, 158, 68, 32, 143, 207, 75, 237, 148, 250, 120, 115, 202, 124, 82, 80, 174, 21, 125, 97, 53, 144, 129, 22, 156, 182, 193, 170, 159, 4, 177, 237, 77, 209, 213, 150, 126, 109, 189, 78, 28, 173, 251, 141, 172, 130, 226, 134, 90, 79, 92, 227, 223, 53, 26, 188, 29, 17, 191, 181, 77, 45, 254, 122, 181, 6, 68, 49, 68, 228, 135, 31, 25, 10, 25, 82, 97, 108, 104, 102, 167, 124, 6, 85, 18, 15, 237, 128, 249, 107, 150, 191, 158, 12, 152, 57, 89, 253, 106, 231, 142, 37, 33, 209, 195, 233, 104, 221, 8, 232, 111, 222, 42, 233, 220, 52, 240, 4, 231, 119, 18, 35, 177, 51, 200, 12, 149, 137, 153, 181, 116, 42, 68, 19, 227, 142, 241, 208, 197, 46, 95, 118, 72, 209, 247, 117, 25, 189, 191, 71, 185, 208, 91, 206, 21, 136, 221, 11, 159, 8, 100, 36, 82, 201, 251, 8, 105, 52, 62, 44, 197, 164, 40, 139, 98, 243, 151, 3, 115, 22, 64, 124, 194, 23, 161, 156, 103, 221, 37, 37, 233, 253, 122, 146, 166, 13, 90, 168, 166, 146, 240, 153, 2, 26, 219, 153, 65, 105, 214, 3, 1, 218, 130, 70, 244, 168, 254, 219, 6, 249, 35, 2, 59, 92, 187, 121, 114, 34, 233, 81, 131, 240, 163, 29, 102, 83, 54, 45, 40, 4, 47, 187, 119, 247, 208, 207, 42, 34, 69, 136, 208, 185, 190, 30, 125, 172, 118, 42, 145, 41, 248, 33, 167, 145, 149, 225, 145, 50, 138, 20, 207, 85, 92, 95, 180, 91, 20, 145, 58, 189, 246, 90, 157, 184, 112, 7, 97, 214, 250, 46, 140, 90, 141, 80, 217, 146, 117, 128, 242, 79, 213, 244, 88, 44, 250, 192, 113, 39, 205, 218, 175, 55, 106, 151, 41, 131, 3, 23, 74, 89, 144, 246, 20, 178, 50, 184, 174, 84, 220, 236, 211, 117, 185, 42, 246, 5, 208, 229, 239, 76, 157, 100, 157, 128, 111, 48, 61, 56, 55, 23, 4, 31, 193, 109, 53, 131, 157, 101, 181, 75, 185, 77, 91, 163, 36, 197, 251, 2, 55, 189, 212, 43, 154, 49, 20, 1, 154, 254, 235, 42, 106, 32, 101, 234, 12, 241, 250, 15, 235, 75, 170, 49, 16, 199, 4, 122, 2, 147, 201, 96, 146, 17, 192, 214, 182, 249, 38, 50, 39, 62, 124, 246, 249, 9, 129, 132, 27, 248, 74, 214, 105, 97, 118, 90, 171, 113, 165, 12, 48, 130, 147, 79, 30, 41, 53, 220, 211, 235, 147, 214, 178, 100, 135, 4, 135, 7, 17, 128, 175, 12, 222, 246, 213, 38, 172, 213, 26, 1, 53, 146, 19, 19, 175, 127, 227, 85, 61, 164, 210, 79, 84, 165, 154, 12, 120, 145, 7, 42, 80, 5, 106, 166, 20, 208, 5, 187, 187, 66, 108, 66, 11, 155, 114, 181, 253, 236, 106, 126, 43, 12, 93, 40, 205, 212, 178, 102, 40, 185, 75, 45, 33, 235, 39, 32, 186, 136, 254, 107, 9, 69, 252, 211, 53, 139, 142, 126, 212, 85, 195, 224, 156, 177, 145, 66, 78, 124, 252, 193, 182, 170, 227, 33, 29, 151, 210, 65, 242, 105, 56, 58, 234, 78, 73, 144, 102, 4, 119, 241, 202, 154, 188, 187, 0, 161, 62, 90, 24, 247, 29, 172, 113, 116, 90, 33, 124, 185, 90, 95, 59, 123, 78, 216, 117, 19, 50, 233, 194, 147, 15, 51, 203, 173, 168, 211, 229, 25, 234, 51, 242, 64, 120, 118, 137, 30, 42, 42, 83, 152, 95, 241, 3, 140, 76, 158, 1, 102, 67, 68, 184, 35, 44, 240, 32, 216, 243, 80, 198, 47, 140, 139, 155, 201, 136, 12, 40, 139, 195, 31, 177, 46, 219, 82, 151, 91, 157, 99, 237, 184, 155, 167, 142, 38, 47, 145, 221, 31, 202, 235, 172, 117, 242, 160, 97, 101, 139, 27, 192, 145, 24, 5, 77, 198, 63, 87, 36, 236, 157, 131, 159, 133, 202, 246, 56, 179, 174, 227, 132, 55, 143, 60, 4, 254, 24, 50, 16, 75, 13, 183, 164, 94, 53, 46, 239, 64, 243, 7, 126, 113, 210, 98, 49, 39, 60, 12, 91, 87, 228, 211, 152, 140, 208, 93, 52, 121, 220, 219, 44, 90, 63, 25, 95, 169, 162, 19, 170, 100, 94, 15, 201, 148, 51, 31, 2, 157, 117, 253, 120, 191, 164, 27, 187, 84, 240, 226, 116, 86, 44, 107, 15, 115, 3, 211, 18, 64, 115, 15, 72, 18, 12, 174, 220, 18, 123, 105, 56, 255, 38, 52, 174, 171, 198, 132, 172, 181, 44, 4, 223, 136, 109, 0, 249, 121, 167, 121, 119, 124, 245, 1, 238, 248, 143, 49, 116, 131, 194, 10, 161, 22, 216, 178, 139, 30, 115, 175, 168, 84, 253, 0, 126, 227, 49, 146, 123, 188, 195, 200, 235, 231, 186, 25, 53, 160, 203, 9, 219, 228, 145, 33, 139, 191, 180, 51, 76, 246, 194, 68, 62, 23, 45, 246, 249, 60, 79, 126, 168, 116, 250, 152, 51, 230, 251, 4, 44, 141, 198, 29, 214, 22, 164, 109, 3, 63, 145, 240, 218, 216, 229, 26, 21, 219, 152, 169, 20, 195, 201, 121, 167, 125, 8, 228, 244, 3, 141, 31, 128, 151, 98, 171, 52, 62, 162, 148, 58, 131, 214, 156, 42, 30, 1, 79, 213, 210, 129, 206, 187, 242, 193, 239, 240, 233, 196, 172, 162, 140, 214, 28, 192, 173, 79, 146, 125, 225, 209, 39, 49, 146, 167, 253, 156, 83, 0, 30, 171, 128, 252, 154, 232, 74, 59, 207, 142, 177, 197, 51, 0, 14, 125, 38, 9, 231, 202, 28, 162, 239, 79, 213, 212, 32, 252, 92, 3, 57, 25, 185, 205, 249, 146, 95, 125, 222, 79, 142, 156, 193, 41, 136, 183, 194, 55, 40, 16, 119, 115, 217, 118, 62, 171, 208, 56, 172, 184, 210, 95, 98, 79, 245, 68, 32, 140, 180, 165, 85, 31, 243, 52, 71, 182, 15, 96, 13, 140, 27, 54, 200, 65, 23, 65, 177, 112, 185, 159, 223, 73, 146, 45, 78, 52, 108, 255, 178, 205, 118, 39, 93, 173, 172, 140, 211, 154, 60, 3, 126, 5, 22, 1, 140, 165, 57, 74, 65, 96, 253, 134, 251, 131, 93, 203, 102, 139, 237, 186, 74, 140, 163, 182, 189, 71, 6, 53, 233, 105, 59, 50, 54, 105, 26, 202, 30, 56, 154, 246, 222, 200, 253, 154, 70, 49, 55, 30, 125, 34, 191, 249, 57, 254, 237, 84, 201, 44, 163, 177, 116, 172, 82, 23, 74, 99, 44, 83, 70, 51, 56, 148, 148, 47, 228, 32, 135, 97, 11, 238, 149, 102, 114, 248, 72, 38, 29, 15, 220, 115, 105, 100, 62, 33, 135, 163, 154, 89, 46, 156, 54, 240, 251, 60, 149, 207, 125, 10, 185, 154, 177, 24, 56, 198, 154, 71, 12, 173, 189, 12, 107, 155, 58, 9, 191, 199, 5, 217, 93, 96, 38, 142, 154, 255, 134, 6, 153, 241, 143, 138, 94, 84, 46, 27, 78, 32, 112, 51, 253, 220, 48, 184, 89, 67, 142, 96, 184, 158, 225, 222, 200, 223, 4, 86, 82, 69, 191, 127, 127, 53, 119, 84, 18, 60, 145, 128, 55, 170, 248, 134, 155, 53, 150, 57, 234, 157, 26, 39, 24, 173, 63, 60, 190, 8, 28, 57, 129, 242, 252, 160, 183, 98, 23, 6, 126, 15, 36, 65, 77, 44, 18, 190, 29, 181, 124, 120, 165, 1, 252, 187, 228, 86, 139, 123, 82, 125, 7, 211, 92, 86, 63, 9, 185, 187, 177, 69, 209, 41, 235, 221, 170, 65, 213, 101, 247, 106, 198, 126, 241, 171, 125, 77, 117, 190, 25, 180, 6, 244, 24, 132, 68, 252, 202, 117, 96, 160, 18, 50, 255, 195, 3, 4, 159, 174, 66, 35, 187, 198, 180, 207, 166, 254, 67, 90, 186, 45, 144, 96, 176, 157, 33, 197, 74, 125, 150, 197, 244, 255, 12, 209, 172, 182, 69, 232, 161, 214, 172, 76, 56, 138, 111, 121, 3, 160, 4, 152, 241, 168, 93, 127, 234, 7, 11, 164, 92, 170, 115, 105, 168, 25, 37, 5, 9, 178, 176, 100, 37, 150, 229, 153, 190, 226, 153, 115, 99, 52, 88, 157, 145, 105, 144, 222, 22, 25, 34, 179, 20, 254, 44, 41, 215, 128, 27, 227, 197, 43, 2, 7, 218, 244, 19, 102, 117, 122, 131, 22, 117, 90, 1, 165, 36, 234, 186, 74, 224, 142, 8, 112, 121, 16, 88, 17, 231, 69, 129, 183, 183, 15, 202, 234, 157, 250, 66, 3, 190, 183, 171, 23, 176, 9, 222, 53, 72, 98, 202, 214, 15, 72, 44, 230, 100, 207, 116, 151, 29, 73, 146, 87, 188, 8, 150, 45, 122, 156, 163, 102, 171, 39, 238, 44, 138, 117, 48, 77, 230, 9, 107, 226, 191, 121, 42, 211, 104, 9, 203, 63, 142, 136, 164, 185, 133, 127, 68, 220, 180, 244, 181, 108, 58, 66, 152, 246, 99, 254, 179, 32, 143, 37, 160, 216, 181, 34, 4, 29, 41, 177, 165, 83, 245, 241, 252, 50, 30, 101, 12, 90, 159, 185, 133, 210, 45, 6, 245, 8, 195, 45, 52, 100, 174, 211, 231, 204, 199, 62, 30, 149, 12, 251, 25, 77, 207, 132, 154, 204, 228, 125, 123, 223, 206, 110, 95, 127, 21, 135, 158, 0, 166, 153, 97, 124, 54, 5, 248, 26, 79, 60, 22, 162, 43, 48, 228, 253, 119, 228, 7, 149, 220, 32, 241, 19, 172, 74, 238, 189, 224, 204, 79, 122, 111, 235, 54, 221, 18, 126, 123, 224, 184, 97, 7, 51, 22, 78, 163, 104, 44, 116, 23, 231, 44, 175, 195, 143, 193, 219, 223, 7, 43, 4, 149, 126, 5, 114, 166, 249, 137, 154, 211, 139, 21, 248, 19, 245, 72, 50, 192, 56, 185, 67, 185, 95, 180, 153, 81, 162, 202, 176, 102, 126, 156, 147, 170, 199, 195, 78, 187, 125, 24, 59, 220, 164, 124, 54, 19, 191, 255, 97, 205, 154, 211, 109, 3, 198, 118, 149, 65, 27, 88, 160, 25, 139, 150, 28, 166, 113, 139, 232, 168, 124, 109, 108, 177, 13, 145, 140, 21, 20, 149, 213, 0, 8, 199, 218, 15, 107, 98, 71, 82, 159, 51, 7, 33, 127, 34, 166, 185, 30, 176, 5, 18, 43, 103, 38, 33, 15, 116, 163, 21, 195, 161, 115, 148, 199, 92, 235, 212, 248, 52, 143, 150, 125, 178, 22, 132, 36, 11, 97, 217, 2, 59, 103, 239, 123, 89, 107, 33, 199, 15, 84, 40, 150, 106, 202, 36, 81, 233, 82, 139, 79, 226, 49, 106, 212, 57, 67, 149, 189, 26, 170, 76, 140, 165, 37, 172, 24, 154, 61, 126, 243, 184, 242, 4, 136, 105, 71, 40, 122, 67, 212, 221, 165, 142, 145, 186, 82, 234, 250, 217, 220, 112, 50, 241, 68, 144, 218, 166, 155, 142, 140, 235, 46, 166, 252, 34, 111, 104, 205, 182, 194, 77, 23, 30, 121, 168, 169, 38, 37, 52, 63, 199, 244, 99, 140, 181, 186, 179, 78, 80, 242, 212, 251, 113, 182, 9, 193, 1, 171, 197, 217, 16, 220, 23, 59, 14, 199, 169, 158, 132, 208, 234, 105, 254, 30, 186, 6, 236, 163, 196, 232, 3, 204, 131, 151, 252, 195, 34, 143, 29, 230, 250, 22, 211, 67, 224, 93, 226, 161, 155, 101, 67, 165, 46, 249, 195, 186, 87, 117, 9, 224, 245, 157, 71, 193, 121, 166, 247, 182, 122, 56, 8, 229, 26, 154, 77, 41, 165, 137, 231, 126, 128, 207, 190, 182, 197, 188, 147, 57, 151, 78, 132, 186, 158, 90, 55, 148, 38, 7, 162, 178, 185, 168, 8, 179, 120, 28, 97, 80, 239, 118, 39, 36, 114, 186, 118, 143, 225, 39, 150, 46, 207, 163, 87, 56, 158, 83, 128, 13, 155, 236, 225, 196, 207, 169, 18, 217, 171, 97, 28, 95, 62, 244, 32, 69, 194, 192, 7, 91, 65, 169, 134, 72, 23, 38, 22, 130, 247, 236, 232, 65, 2, 106, 123, 123, 49, 205, 33, 91, 211, 187, 136, 72, 192, 89, 202, 92, 135, 253, 241, 11, 57, 146, 236, 52, 114, 159, 170, 28, 106, 16, 228, 252, 142, 27, 237, 66, 24, 193, 11, 242, 77, 142, 185, 168, 169, 141, 161, 247, 137, 7, 249, 31, 243, 1, 216, 5, 202, 7, 163, 224, 28, 55, 140, 163, 9, 49, 129, 132, 167, 55, 41, 210, 238, 181, 228, 254, 14, 207, 206, 141, 238, 106, 233, 246, 140, 221, 182, 244, 247, 201, 116, 127, 59, 25, 135, 196, 215, 62, 150, 24, 67, 174, 11, 80, 235, 43, 204, 55, 105, 30, 138, 132, 183, 33, 66, 5, 190, 52, 60, 238, 12, 18, 205, 155, 109, 89, 21, 100, 98, 185, 68, 206, 104, 141, 27, 43, 237, 212, 133, 153, 8, 87, 147, 112, 121, 25, 137, 46, 22, 231, 123, 128, 252, 153, 187, 51, 219, 249, 66, 85, 83, 141, 223, 214, 225, 51, 9, 186, 217, 217, 173, 153, 248, 181, 20, 253, 64, 40, 212, 60, 62, 50, 232, 49, 213, 143, 107, 122, 228, 141, 62, 67, 82, 182, 95, 38, 150, 163, 20, 30, 193, 68, 214, 126, 34, 37, 75, 72, 197, 112, 43, 38, 106, 77, 209, 195, 118, 24, 227, 33, 24, 159, 170, 214, 57, 143, 180, 22, 254, 203, 37, 8, 232, 60, 101, 252, 95, 143, 157, 202, 112, 20, 106, 191, 204, 117, 21, 86, 25, 76, 183, 214, 128, 13, 51, 109, 34, 36, 241, 181, 227, 18, 33, 234, 94, 93, 148, 15, 178, 254, 178, 56, 183, 254, 164, 238, 207, 54, 68, 84, 85, 23, 168, 80, 230, 49, 196, 213, 202, 184, 89, 126, 39, 85, 9, 88, 153, 67, 76, 0, 222, 39, 76, 150, 51, 192, 41, 20, 216, 128, 183, 253, 62, 212, 250, 149, 86, 241, 99, 186, 57, 9, 124, 200, 181, 74, 37, 78, 26, 209, 196, 199, 43, 116, 242, 20, 144, 113, 48, 217, 163, 202, 204, 169, 168, 60, 167, 5, 4, 143, 112, 163, 27, 92, 30, 59, 21, 106, 5, 45, 73, 214, 164, 122, 0, 191, 25, 143, 11, 220, 188, 102, 171, 88, 138, 152, 151, 183, 47, 217, 249, 1, 64, 187, 30, 195, 58, 109, 89, 126, 27, 142, 231, 80, 251, 172, 124, 232, 75, 202, 194, 49, 191, 226, 171, 162, 216, 194, 101, 60, 56, 190, 243, 15, 43, 208, 135, 236, 103, 183, 79, 120, 8, 26, 28, 42, 30, 97, 73, 241, 18, 24, 167, 201, 254, 113, 254, 97, 253, 144, 180, 255, 9, 101, 251, 15, 184, 35, 189, 91, 17, 61, 189, 136, 45, 10, 29, 246, 170, 35, 32, 7, 57, 182, 139, 50, 46, 233, 180, 202, 171, 46, 116, 174, 142, 199, 147, 8, 243, 118, 120, 12, 234, 222, 71, 73, 25, 42, 16, 89, 230, 52, 186, 63, 252, 186, 56, 45, 223, 185, 168, 111, 32, 212, 178, 178, 53, 25, 5, 128, 12, 38, 22, 43, 73, 133, 153, 4, 2, 1, 243, 11, 190, 45, 230, 69, 194, 197, 183, 115, 6, 160, 238, 27, 44, 28, 7, 203, 201, 129, 149, 31, 227, 210, 69, 61, 158, 101, 79, 59, 22, 231, 36, 86, 176, 102, 0, 18, 97, 106, 213, 249, 247, 52, 146, 220, 248, 199, 136, 236, 208, 54, 17, 184, 223, 54, 185, 19, 147, 234, 133, 3, 41, 25, 145, 20, 67, 122, 180, 46, 129, 106, 66, 242, 244, 255, 172, 5, 32, 27, 148, 91, 74, 43, 104, 39, 49, 224, 63, 173, 216, 102, 255, 11, 43, 54, 230, 160, 64, 254, 19, 13, 30, 80, 95, 134, 240, 214, 51, 38, 12, 33, 4, 23, 95, 95, 77, 129, 141, 160, 126, 92, 138, 62, 194, 132, 19, 83, 55, 153, 97, 64, 30, 101, 100, 202, 98, 216, 33, 7, 170, 137, 116, 6, 77, 219, 229, 33, 228, 204, 105, 228, 7, 115, 59, 88, 227, 124, 30, 118, 246, 152, 71, 117, 45, 168, 15, 102, 219, 61, 12, 15, 5, 228, 9, 148, 250, 194, 98, 116, 148, 141, 200, 110, 182, 111, 8, 12, 40, 54, 34, 121, 99, 111, 20, 84, 15, 227, 230, 161, 41, 81, 75, 217, 118, 99, 103, 41, 172, 56, 32, 6, 187, 166, 110, 253, 165, 126, 249, 47, 84, 89, 29, 107, 185, 53, 138, 239, 166, 12, 95, 187, 216, 112, 106, 183, 230, 19, 100, 129, 165, 69, 154, 136, 107, 216, 149, 169, 242, 194, 108, 163, 90, 146, 11, 98, 93, 89, 217, 185, 189, 157, 212, 111, 200, 80, 21, 151, 45, 228, 38, 222, 167, 158, 136, 17, 154, 129, 123, 240, 72, 89, 101, 118, 134, 227, 43, 5, 148, 252, 149, 19, 227, 149, 38, 100, 65, 230, 6, 242, 26, 111, 255, 229, 127, 44, 161, 90, 46, 170, 253, 87, 25, 98, 229, 201, 83, 22, 6, 24, 185, 153, 13, 237, 246, 123, 236, 23, 198, 181, 85, 131, 87, 41, 76, 6, 231, 31, 22, 125, 84, 0, 253, 6, 107, 3, 226, 170, 233, 187, 4, 106, 212, 127, 49, 235, 152, 108, 115, 248, 195, 89, 172, 43, 102, 3, 44, 201, 242, 239, 245, 2, 42, 246, 78, 239, 208, 255, 220, 196, 151, 95, 25, 79, 208, 217, 16, 119, 190, 48, 222, 215, 55, 13, 166, 216, 61, 158, 93, 146, 148, 191, 21, 3, 85, 59, 15, 78, 141, 12, 56, 30, 221, 97, 8, 134, 94, 38, 94, 164, 40, 44, 129, 97, 138, 26, 253, 238, 242, 99, 61, 85, 147, 17, 127, 52, 80, 125, 120, 104, 216, 252, 209, 215, 167, 102, 35, 47, 107, 27, 24, 100, 63, 153, 159, 48, 125, 188, 230, 88, 84, 93, 222, 226, 141, 113, 195, 36, 49, 142, 162, 221, 191, 118, 138, 63, 127, 1, 19, 23, 45, 88, 17, 165, 73, 141, 100, 233, 148, 56, 191, 177, 227, 179, 174, 70, 16, 23, 185, 106, 152, 208, 123, 196, 201, 48, 142, 126, 73, 1, 17, 84, 35, 117, 185, 212, 106, 158, 202, 164, 229, 244, 83, 116, 149, 144, 99, 231, 147, 193, 229, 164, 101, 161, 82, 55, 199, 81, 210, 98, 41, 216, 42, 130, 194, 206, 68, 73, 61, 109, 42, 32, 65, 81, 19, 153, 236, 219, 182, 93, 56, 153, 60, 164, 5, 23, 43, 15, 6, 170, 199, 165, 163, 41, 13, 178, 29, 134, 188, 168, 125, 128, 208, 5, 215, 115, 248, 163, 111, 21, 106, 235, 222, 241, 37, 46, 163, 18, 248, 238, 195, 55, 130, 172, 248, 114, 35, 81, 58, 191, 251, 181, 50, 57, 40, 107, 89, 249, 25, 251, 244, 181, 103, 14, 252, 40, 173, 194, 162, 42, 196, 116, 152, 94, 135, 220, 154, 15, 16, 126, 223, 131, 78, 197, 9, 198, 245, 67, 148, 51, 21, 89, 86, 79, 163, 215, 69, 244, 13, 125, 209, 205, 231, 240, 118, 247, 42, 240, 185, 211, 28, 71, 105, 219, 156, 98, 240, 5, 72, 57, 42, 114, 248, 2, 28, 66, 42, 100, 12, 119, 124, 102, 49, 39, 22, 64, 62, 182, 228, 213, 116, 181, 43, 246, 144, 135, 248, 5, 36, 207, 135, 14, 116, 192, 148, 225, 226, 7, 245, 153, 6, 83, 16, 146, 194, 14, 43, 8, 95, 10, 65, 112, 172, 0, 11, 115, 141, 176, 21, 146, 13, 175, 243, 141, 127, 132, 220, 249, 96, 69, 206, 199, 102, 95, 234, 59, 190, 243, 193, 89, 96, 206, 217, 218, 239, 232, 15, 90, 35, 40, 160, 25, 21, 236, 77, 113, 212, 26, 210, 39, 226, 17, 56, 132, 34, 97, 86, 95, 33, 72, 121, 25, 99, 185, 227, 245, 54, 104, 13, 110, 238, 92, 159, 194, 173, 32, 161, 147, 38, 139, 177, 155, 250, 253, 121, 49, 239, 130, 227, 196, 146, 232, 55, 243, 22, 243, 215, 147, 159, 229, 5, 221, 227, 215, 121, 178, 241, 167, 10, 36, 240, 108, 222, 105, 77, 153, 115, 124, 190, 158, 148, 60, 147, 147, 251, 213, 153, 33, 31, 43, 198, 188, 13, 204, 136, 44, 24, 178, 83, 9, 18, 144, 114, 187, 96, 51, 121, 239, 22, 4, 244, 157, 224, 15, 44, 168, 147, 59, 14, 25, 239, 39, 162, 88, 23, 113, 136, 109, 210, 176, 218, 45, 204, 251, 55, 218, 235, 113, 32, 141, 128, 162, 96, 46, 186, 167, 132, 95, 249, 225, 236, 142, 169, 166, 249, 143, 36, 166, 146, 92, 82, 105, 5, 213, 204, 254, 12, 150, 27, 43, 10, 169, 253, 3, 166, 137, 27, 52, 210, 96, 100, 7, 201, 221, 74, 160, 6, 92, 42, 2, 249, 17, 63, 184, 116, 226, 143, 205, 86, 131, 70, 29, 41, 134, 63, 142, 114, 200, 48, 86, 144, 44, 55, 204, 69, 94, 243, 89, 100, 233, 15, 89, 60, 168, 192, 86, 113, 47, 208, 190, 110, 39, 35, 74, 43, 103, 14, 71, 38, 49, 142, 153, 90, 155, 189, 173, 188, 154, 14, 107, 199, 46, 14, 63, 201, 198, 159, 220, 149, 134, 36, 5, 86, 209, 205, 155, 30, 216, 245, 233, 20, 198, 225, 196, 159, 24, 228, 132, 255, 7, 189, 212, 245, 16, 30, 136, 144, 217, 137, 233, 165, 182, 33, 133, 236, 220, 109, 216, 227, 80, 117, 18, 102, 12, 44, 65, 174, 98, 200, 37, 37, 223, 190, 111, 41, 18, 17, 235, 211, 120, 113, 245, 117, 175, 5, 255, 76, 224, 225, 180, 145, 132, 11, 221, 10, 120, 59, 140, 246, 209, 141, 151, 167, 212, 43, 74, 238, 32, 7, 3, 181, 216, 185, 95, 203, 157, 149, 232, 59, 221, 245, 122, 158, 117, 182, 64, 213, 2, 156, 112, 217, 254, 91, 199, 82, 243, 254, 106, 194, 38, 11, 218, 120, 131, 200, 191, 228, 206, 13, 21, 119, 142, 37, 147, 242, 225, 165, 77, 209, 13, 87, 50, 149, 211, 1, 102, 105, 40, 6, 48, 112, 102, 21, 166, 210, 234, 88, 68, 67, 194, 248, 41, 38, 11, 214, 87, 129, 206, 207, 213, 243, 96, 9, 78, 12, 53, 22, 185, 17, 92, 197, 196, 60, 241, 11, 60, 184, 166, 101, 130, 249, 7, 206, 115, 88, 23, 234, 106, 228, 74, 5, 180, 201, 210, 168, 114, 141, 175, 88, 30, 168, 143, 127, 98, 132, 190, 39, 166, 233, 131, 211, 118, 127, 222, 32, 64, 57, 72, 237, 246, 125, 73, 238, 26, 0, 195, 174, 160, 58, 98, 197, 165, 200, 202, 101, 189, 160, 185, 41, 55, 186, 162, 148, 49, 205, 143, 126, 183, 96, 225, 69, 179, 208, 242, 30, 250, 136, 255, 206, 184, 19, 226, 37, 134, 204, 30, 130, 87, 37, 49, 18, 184, 16, 228, 48, 164, 92, 46, 10, 223, 189, 34, 243, 247, 42, 190, 243, 134, 12, 167, 239, 209, 0, 177, 119, 196, 205, 19, 24, 177, 26, 31, 6, 57, 127, 203, 78, 226, 28, 115, 21, 42, 54, 190, 110, 69, 202, 216, 49, 80, 182, 252, 13, 189, 57, 70, 143, 207, 228, 235, 155, 50, 79, 16, 29, 150, 64, 48, 209, 56, 5, 214, 232, 135, 243, 235, 10, 112, 113, 230, 43, 158, 236, 198, 254, 249, 21, 104, 244, 213, 175, 113, 74, 82, 111, 151, 43, 149, 1, 128, 159, 236, 252, 86, 73, 10, 180, 99, 231, 76, 77, 32, 183, 210, 65, 127, 153, 102, 200, 152, 209, 61, 241, 175, 88, 64, 114, 247, 23, 91, 148, 64, 17, 178, 22, 133, 24, 11, 150, 77, 170, 54, 52, 128, 57, 200, 80, 183, 31, 69, 124, 10, 188, 5, 6, 138, 65, 211, 109, 39, 22, 24, 55, 120, 144, 184, 51, 20, 79, 226, 44, 206, 188, 44, 58, 145, 238, 17, 214, 3, 94, 244, 110, 44, 190, 78, 220, 40, 90, 67, 143, 236, 16, 157, 164, 118, 244, 22, 28, 37, 11, 32, 86, 184, 46, 191, 84, 7, 48, 234, 239, 236, 174, 27, 91, 21, 8, 30, 183, 218, 110, 252, 22, 210, 35, 36, 220, 102, 61, 233, 152, 239, 251, 250, 45, 206, 228, 168, 149, 253, 72, 145, 171, 162, 188, 90, 213, 97, 213, 136, 223, 250, 19, 122, 187, 20, 33, 78, 80, 147, 40, 206, 2, 96, 218, 255, 112, 81, 6, 97, 250, 228, 227, 162, 130, 216, 144, 168, 228, 26, 95, 218, 209, 209, 93, 5, 11, 231, 34, 6, 62, 173, 214, 24, 66, 71, 33, 140, 73, 135, 42, 74, 150, 175, 7, 131, 136, 17, 39, 187, 142, 54, 50, 119, 147, 53, 136, 28, 170, 111, 42, 13, 5, 245, 60, 83, 131, 5, 210, 123, 241, 182, 31, 235, 54, 205, 23, 49, 157, 49, 56, 153, 57, 31, 131, 124, 207, 174, 88, 57, 173, 87, 36, 232, 58, 66, 88, 9, 73, 222, 177, 73, 136, 236, 112, 188, 219, 36, 142, 185, 61, 250, 174, 74, 218, 234, 136, 124, 78, 229, 162, 226, 90, 31, 25, 122, 115, 252, 58, 72, 77, 128, 242, 198, 191, 143, 59, 9, 14, 57, 133, 27, 126, 70, 88, 24, 67, 154, 231, 86, 161, 193, 139, 140, 244, 125, 31, 51, 107, 251, 218, 109, 37, 12, 189, 45, 42, 86, 254, 173, 247, 21, 104, 220, 141, 16, 243, 244, 177, 3, 188, 104, 228, 31, 172, 185, 73, 126, 30, 86, 59, 225, 112, 150, 202, 37, 42, 66, 8, 5, 7, 187, 162, 37, 165, 140, 149, 43, 185, 154, 68, 170, 243, 87, 80, 52, 211, 133, 162, 195, 8, 189, 37, 220, 131, 33, 243, 190, 238, 18, 140, 230, 30, 137, 74, 49, 208, 182, 67, 121, 25, 50, 14, 244, 53, 246, 68, 153, 177, 40, 150, 169, 45, 152, 138, 140, 32, 161, 129, 113, 210, 187, 8, 12, 74, 221, 107, 178, 170, 101, 232, 225, 249, 248, 149, 194, 205, 138, 212, 29, 175, 116, 131, 49, 2, 204, 81, 141, 214, 164, 198, 195, 102, 229, 34, 162, 40, 123, 92, 235, 186, 207, 164, 52, 72, 89, 50, 0, 133, 175, 178, 167, 224, 97, 235, 218, 36, 43, 248, 228, 212, 166, 154, 131, 53, 97, 65, 235, 228, 4, 183, 61, 18, 246, 83, 121, 66, 118, 116, 176, 70, 48, 175, 77, 184, 30, 49, 167, 36, 80, 111, 247, 60, 194, 125, 166, 108, 65, 14, 25, 200, 178, 170, 40, 250, 169, 160, 13, 140, 235, 91, 91, 28, 173, 208, 61, 169, 220, 123, 19, 8, 36, 67, 2, 246, 114, 236, 17, 158, 6, 83, 252, 81, 241, 18, 134, 143, 227, 36, 45, 253, 23, 184, 135, 223, 36, 102, 138, 114, 123, 227, 62, 19, 59, 22, 171, 132, 91, 216, 36, 193, 231, 130, 253, 220, 113, 190, 177, 179, 211, 105, 47, 84, 40, 245, 75, 120, 17, 206, 225, 221, 67, 112, 112, 23, 80, 103, 32, 0, 37, 128, 179, 71, 209, 31, 160, 133, 185, 52, 44, 31, 68, 34, 48, 85, 199, 189, 50, 176, 13, 38, 219, 10, 191, 145, 216, 13, 181, 47, 84, 131, 196, 107, 170, 169, 108, 135, 156, 81, 221, 139, 214, 12, 12, 80, 70, 86, 170, 28, 37, 56, 166, 119, 44, 95, 44, 92, 98, 40, 177, 18, 112, 83, 120, 52, 39, 19, 224, 48, 151, 133, 95, 23, 255, 99, 20, 35, 249, 104, 165, 245, 164, 9, 115, 0, 179, 232, 206, 31, 211, 37, 47, 242, 57, 32, 181, 57, 195, 204, 67, 233, 171, 215, 12, 35, 64, 45, 12, 204, 73, 204, 102, 3, 94, 130, 237, 79, 254, 167, 123, 123, 180, 14, 184, 129, 38, 132, 1, 166, 150, 156, 184, 186, 127, 27, 157, 19, 173, 150, 182, 105, 216, 199, 204, 22, 227, 44, 67, 45, 36, 246, 130, 12, 221, 20, 91, 23, 65, 29, 130, 213, 134, 129, 87, 86, 248, 9, 81, 126, 95, 218, 214, 53, 184, 13, 0, 99, 102, 229, 87, 161, 162, 50, 43, 44, 243, 12, 39, 134, 216, 213, 101, 165, 49, 82, 115, 48, 21, 141, 56, 3, 208, 241, 236, 170, 232, 53, 174, 98, 35, 4, 146, 170, 120, 167, 236, 201, 194, 39, 175, 62, 185, 163, 202, 106, 148, 30, 192, 28, 241, 119, 235, 241, 205, 219, 175, 220, 31, 74, 138, 39, 24, 109, 79, 212, 75, 16, 221, 236, 217, 4, 195, 156, 17, 11, 172, 205, 85, 237, 247, 73, 233, 149, 239, 1, 63, 194, 254, 90, 192, 102, 63, 238, 156, 67, 208, 219, 207, 171, 173, 32, 249, 28, 254, 163, 165, 197, 235, 254, 77, 71, 180, 130, 227, 248, 78, 169, 18, 180, 35, 90, 112, 237, 0, 153, 137, 237, 206, 180, 116, 27, 181, 137, 223, 35, 32, 180, 31, 12, 87, 81, 157, 241, 11, 52, 60, 253, 198, 199, 233, 220, 201, 199, 25, 65, 176, 5, 123, 36, 47, 141, 28, 151, 255, 61, 241, 47, 210, 214, 180, 105, 79, 56, 224, 213, 45, 62, 173, 49, 82, 240, 46, 164, 165, 215, 139, 90, 52, 248, 157, 69, 118, 178, 183, 116, 232, 164, 96, 36, 162, 114, 31, 250, 208, 112, 14, 139, 34, 150, 25, 153, 75, 167, 191, 199, 35, 133, 137, 36, 158, 90, 142, 4, 123, 67, 203, 112, 212, 232, 241, 31, 55, 199, 52, 149, 211, 192, 100, 49, 72, 221, 116, 200, 187, 82, 146, 94, 30, 33, 118, 115, 114, 101, 132, 74, 42, 177, 55, 1, 172, 154, 110, 34, 191, 213, 132, 204, 8, 225, 42, 208, 249, 44, 177, 21, 123, 151, 16, 68, 70, 56, 108, 223, 199, 221, 158, 41, 235, 172, 60, 146, 101, 0, 45, 45, 151, 110, 188, 232, 239, 57, 79, 140, 96, 253, 249, 46, 115, 253, 15, 174, 135, 238, 214, 33, 249, 8, 31, 55, 128, 148, 93, 160, 169, 6, 133, 12, 110, 184, 201, 85, 238, 201, 136, 68, 175, 185, 151, 159, 232, 248, 70, 231, 29, 213, 94, 198, 94, 3, 51, 142, 58, 5, 58, 242, 172, 8, 125, 36, 247, 71, 197, 223, 86, 110, 202, 234, 198, 235, 18, 139, 56, 152, 31, 26, 159, 2, 127, 227, 238, 13, 87, 70, 101, 80, 127, 205, 12, 150, 15, 2, 102, 83, 90, 254, 213, 185, 3, 100, 129, 73, 121, 102, 217, 164, 77, 18, 239, 104, 158, 100, 233, 11, 245, 172, 89, 190, 106, 167, 238, 215, 255, 29, 146, 48, 38, 88, 32, 59, 93, 24, 137, 62, 227, 228, 51, 204, 166, 171, 211, 159, 19, 155, 236, 232, 51, 113, 14, 165, 19, 161, 229, 194, 109, 22, 143, 248, 46, 89, 13, 4, 144, 158, 226, 225, 200, 207, 200, 197, 229, 236, 216, 31, 28, 47, 9, 61, 27, 54, 9, 80, 219, 238, 215, 155, 137, 36, 229, 120, 195, 116, 48, 139, 152, 226, 87, 123, 183, 54, 168, 87, 74, 146, 55, 85, 89, 59, 111, 14, 104, 48, 66, 243, 27, 224, 125, 183, 81, 21, 42, 2, 76, 154, 110, 255, 29, 207, 148, 133, 163, 185, 10, 10, 209, 182, 76, 232, 4, 1, 31, 34, 11, 229, 15, 82, 130, 45, 167, 9, 221, 29, 41, 36, 46, 234, 15, 125, 149, 40, 62, 62, 189, 36, 250, 79, 225, 248, 128, 204, 174, 98, 121, 56, 103, 63, 99, 188, 58, 131, 109, 69, 159, 36, 220, 28, 97, 156, 9, 242, 21, 136, 75, 216, 43, 50, 143, 250, 161, 4, 200, 240, 39, 167, 172, 202, 110, 25, 61, 160, 106, 95, 129, 143, 248, 47, 211, 172, 197, 159, 126, 58, 30, 22, 220, 255, 138, 169, 144, 146, 175, 8, 236, 176, 130, 101, 121, 244, 15, 44, 27, 212, 190, 95, 143, 28, 235, 3, 59, 119, 196, 79, 130, 125, 238, 149, 208, 138, 71, 142, 204, 148, 185, 67, 77, 158, 149, 59, 37, 118, 195, 226, 250, 208, 234, 244, 97, 240, 77, 16, 71, 153, 26, 197, 215, 120, 24, 223, 58, 108, 40, 210, 73, 55, 246, 63, 163, 216, 144, 220, 138, 253, 151, 141, 191, 180, 48, 92, 167, 181, 211, 19, 238, 5, 21, 114, 242, 81, 126, 109, 217, 97, 234, 116, 145, 83, 165, 244, 165, 128, 180, 243, 12, 48, 125, 105, 142, 11, 45, 115, 26, 145, 114, 42, 227, 19, 235, 243, 86, 131, 216, 171, 179, 128, 82, 67, 20, 221, 35, 242, 140, 143, 250, 249, 232, 155, 159, 35, 147, 231, 154, 237, 247, 49, 142, 10, 183, 43, 211, 30, 89, 34, 78, 62, 56, 98, 56, 206, 100, 226, 247, 116, 41, 76, 113, 71, 105, 112, 211, 103, 56, 247, 103, 64, 182, 71, 60, 35, 183, 78, 186, 19, 232, 11, 56, 164, 0, 200, 49, 116, 195, 200, 92, 157, 173, 67, 125, 250, 59, 71, 68, 10, 143, 38, 200, 29, 105, 167, 26, 34, 173, 116, 178, 194, 222, 145, 45, 250, 53, 164, 81, 65, 249, 22, 231, 129, 175, 10, 223, 79, 137, 140, 227, 218, 19, 30, 84, 39, 250, 0, 141, 12, 243, 34, 208, 123, 32, 175, 117, 77, 12, 47, 138, 23, 226, 235, 157, 128, 106, 159, 168, 47, 223, 188, 93, 112, 211, 102, 151, 55, 5, 213, 155, 37, 106, 52, 84, 130, 199, 142, 209, 172, 210, 155, 119, 81, 107, 241, 106, 12, 247, 72, 241, 108, 187, 232, 162, 247, 43, 216, 51, 156, 206, 228, 176, 31, 76, 19, 129, 150, 42, 35, 6, 32, 116, 150, 242, 128, 88, 48, 11, 161, 150, 162, 98, 218, 124, 90, 184, 98, 205, 123, 161, 34, 124, 237, 72, 30, 141, 91, 106, 105, 22, 18, 139, 210, 202, 243, 180, 228, 208, 130, 229, 215, 232, 129, 14, 35, 105, 94, 187, 148, 86, 50, 206, 67, 134, 71, 86, 1, 36, 25, 151, 30, 129, 130, 229, 130, 137, 68, 226, 131, 176, 75, 240, 77, 100, 218, 95, 81, 92, 204, 97, 193, 117, 107, 23, 143, 171, 152, 120, 31, 156, 31, 204, 73, 205, 76, 92, 68, 44, 243, 92, 137, 107, 18, 125, 138, 117, 210, 38, 72, 87, 150, 65, 116, 15, 37, 74, 49, 94, 131, 160, 43, 18, 81, 95, 252, 231, 153, 56, 188, 138, 34, 60, 176, 79, 254, 140, 129, 5, 95, 55, 204, 58, 251, 236, 192, 146, 148, 201, 111, 141, 82, 94, 41, 123, 220, 192, 68, 203, 230, 0, 209, 127, 85, 95, 159, 26, 153, 116, 164, 25, 91, 242, 184, 6, 50, 208, 162, 186, 54, 60, 18, 42, 128, 202, 28, 56, 27, 115, 163, 197, 185, 12, 81, 97, 85, 215, 76, 83, 176, 68, 26, 23, 140, 50, 15, 7, 122, 83, 115, 173, 215, 223, 222, 105, 223, 132, 10, 207, 239, 141, 205, 99, 115, 1, 85, 178, 127, 64, 198, 247, 88, 157, 247, 110, 244, 161, 216, 201, 237, 43, 49, 14, 61, 155, 0, 73, 9, 202, 37, 228, 53, 73, 5, 20, 159, 219, 40, 80, 119, 206, 146, 234, 8, 94, 117, 22, 228, 205, 145, 222, 188, 79, 74, 178, 171, 108, 202, 81, 130, 57, 46, 163, 201, 156, 60, 183, 9, 215, 110, 186, 161, 102, 219, 53, 193, 251, 142, 205, 211, 204, 127, 57, 97, 121, 158, 210, 139, 7, 222, 8, 52, 28, 31, 23, 186, 245, 57, 15, 141, 144, 18, 43, 101, 172, 132, 51, 155, 52, 61, 209, 59, 59, 161, 46, 48, 196, 41, 251, 67, 57, 131, 174, 206, 242, 30, 241, 99, 246, 240, 133, 184, 51, 157, 116, 74, 165, 189, 208, 133, 46, 228, 24, 170, 62, 35, 91, 161, 44, 123, 45, 236, 20, 128, 79, 166, 47, 29, 170, 232, 144, 213, 223, 253, 223, 27, 173, 84, 102, 71, 217, 31, 103, 187, 194, 145, 41, 42, 253, 63, 235, 209, 122, 2, 127, 18, 166, 69, 122, 35, 76, 120, 9, 169, 102, 128, 170, 204, 103, 223, 145, 129, 173, 46, 3, 65, 228, 244, 184, 57, 109, 3, 155, 28, 173, 62, 190, 38, 46, 165, 177, 27, 86, 58, 103, 174, 103, 194, 101, 92, 203, 203, 50, 183, 46, 138, 242, 169, 5, 182, 225, 207, 182, 165, 62, 80, 176, 88, 194, 59, 166, 99, 176, 9, 57, 85, 54, 21, 103, 64, 82, 75, 71, 131, 37, 54, 16, 134, 57, 195, 206, 82, 250, 80, 125, 32, 12, 228, 242, 128, 13, 84, 108, 199, 100, 5, 100, 151, 237, 73, 55, 112, 241, 45, 78, 111, 71, 252, 99, 77, 78, 185, 218, 164, 143, 211, 44, 127, 155, 174, 173, 223, 30, 28, 96, 206, 113, 0, 204, 99, 80, 33, 250, 202, 217, 116, 54, 109, 212, 221, 180, 208, 247, 112, 250, 86, 71, 206, 179, 171, 95, 174, 220, 83, 227, 238, 199, 52, 141, 22, 95, 166, 155, 148, 54, 183, 197, 193, 238, 126, 248, 35, 162, 181, 117, 164, 144, 81, 39, 228, 36, 100, 16, 237, 220, 160, 227, 248, 189, 47, 234, 21, 138, 23, 188, 225, 7, 228, 184, 41, 221, 168, 231, 51, 4, 196, 92, 156, 63, 157, 18, 92, 52, 74, 188, 122, 24, 7, 17, 33, 128, 226, 196, 25, 49, 32, 107, 14, 204, 135, 171, 80, 141, 238, 143, 93, 246, 103, 54, 171, 86, 234, 133, 59, 151, 223, 174, 238, 186, 150, 170, 98, 182, 81, 124, 13, 115, 130, 111, 75, 237, 48, 76, 0, 77, 128, 156, 237, 149, 83, 130, 103, 248, 99, 12, 85, 144, 133, 206, 3, 8, 193, 11, 95, 12, 180, 105, 11, 225, 45, 154, 102, 133, 94, 246, 220, 184, 21, 140, 116, 216, 131, 159, 124, 33, 47, 67, 51, 220, 61, 28, 45, 114, 196, 241, 228, 107, 155, 102, 34, 125, 252, 142, 241, 139, 12, 146, 244, 70, 34, 25, 223, 79, 56, 193, 50, 235, 107, 32, 19, 145, 135, 4, 26, 125, 217, 42, 136, 17, 25, 48, 22, 91, 41, 172, 166, 128, 38, 73, 190, 126, 50, 98, 217, 145, 86, 37, 78, 180, 222, 52, 56, 215, 140, 126, 253, 177, 168, 40, 154, 1, 201, 11, 25, 10, 82, 60, 59, 26, 102, 82, 26, 76, 39, 202, 179, 37, 0, 178, 255, 249, 159, 154, 21, 185, 65, 243, 170, 25, 231, 254, 33, 132, 28, 54, 18, 98, 154, 236, 230, 137, 168, 120, 87, 89, 197, 27, 59, 67, 128, 100, 185, 254, 176, 13, 73, 45, 8, 217, 180, 73, 190, 10, 252, 135, 123, 14, 36, 227, 200, 87, 200, 113, 139, 156, 159, 86, 239, 31, 49, 110, 76, 175, 86, 194, 254, 94, 152, 29, 41, 188, 80, 111, 10, 85, 66, 247, 93, 42, 11, 104, 204, 31, 45, 181, 250, 180, 247, 168, 187, 66, 136, 129, 26, 184, 41, 207, 169, 41, 25, 251, 184, 217, 152, 183, 230, 128, 67, 135, 165, 206, 3, 212, 248, 170, 195, 230, 29, 94, 15, 184, 131, 43, 189, 93, 225, 127, 91, 93, 35, 186, 157, 235, 78, 66, 199, 10, 69, 3, 39, 154, 239, 97, 24, 93, 228, 252, 173, 99, 155, 22, 100, 205, 48, 88, 110, 120, 149, 67, 36, 51, 192, 124, 26, 88, 73, 225, 210, 247, 34, 232, 184, 118, 223, 191, 35, 127, 252, 64, 187, 161, 126, 130, 16, 24, 166, 9, 124, 71, 70, 208, 113, 100, 18, 4, 93, 28, 59, 121, 172, 212, 84, 47, 18, 229, 140, 159, 24, 4, 136, 93, 131, 17, 131, 157, 132, 191, 145, 244, 94, 151, 35, 14, 58, 76, 50, 108, 175, 111, 192, 213, 225, 13, 7, 92, 121, 241, 255, 127, 37, 245, 170, 47, 197, 95, 195, 23, 163, 72, 22, 189, 209, 15, 248, 35, 146, 12, 203, 55, 101, 254, 146, 128, 190, 41, 183, 83, 81, 124, 174, 35, 35, 182, 198, 114, 120, 78, 3, 124, 170, 95, 5, 199, 79, 106, 71, 220, 113, 231, 45, 6, 175, 232, 222, 231, 246, 80, 109, 115, 81, 72, 251, 199, 18, 179, 58, 11, 247, 156, 70, 195, 98, 26, 246, 255, 43, 48, 104, 185, 126, 92, 91, 96, 216, 113, 159, 251, 236, 109, 247, 65, 200, 171, 18, 115, 42, 248, 161, 227, 226, 242, 67, 101, 232, 17, 65, 60, 202, 229, 68, 222, 84, 166, 69, 133, 210, 196, 145, 178, 59, 204, 131, 168, 30, 178, 227, 143, 43, 195, 88, 129, 170, 95, 165, 77, 142, 34, 159, 184, 27, 117, 154, 106, 247, 242, 69, 155, 166, 21, 99, 201, 182, 173, 80, 124, 132, 252, 240, 185, 27, 80, 160, 55, 166, 130, 13, 143, 165, 178, 203, 43, 124, 154, 215, 71, 211, 151, 170, 236, 122, 30, 119, 24, 124, 42, 98, 212, 115, 151, 155, 240, 16, 111, 184, 96, 74, 78, 71, 205, 222, 130, 49, 60, 13, 37, 148, 72, 55, 105, 244, 65, 180, 9, 38, 103, 182, 194, 96, 133, 194, 21, 208, 180, 22, 56, 140, 6, 10, 200, 54, 8, 134, 152, 211, 254, 161, 209, 18, 66, 244, 57, 66, 255, 122, 36, 221, 24, 114, 144, 199, 147, 253, 75, 17, 56, 32, 125, 73, 46, 110, 248, 159, 33, 197, 213, 60, 41, 63, 78, 252, 69, 174, 71, 230, 155, 215, 115, 187, 26, 97, 156, 51, 56, 91, 190, 249, 235, 10, 96, 138, 210, 137, 216, 123, 17, 40, 111, 90, 121, 207, 112, 190, 131, 213, 140, 24, 0, 139, 74, 230, 26, 100, 240, 100, 15, 230, 168, 232, 147, 0, 21, 128, 252, 173, 124, 175, 29, 154, 8, 216, 95, 9, 114, 23, 253, 94, 148, 157, 84, 13, 17, 235, 155, 151, 2, 195, 18, 227, 181, 167, 143, 15, 70, 126, 191, 233, 200, 66, 172, 85, 146, 228, 218, 11, 24, 69, 216, 147, 0, 168, 24, 156, 29, 197, 239, 158, 188, 112, 83, 83, 3, 104, 137, 44, 10, 92, 90, 236, 105, 34, 117, 53, 92, 7, 253, 113, 44, 238, 201, 145, 133, 143, 173, 9, 166, 17, 128, 68, 192, 125, 66, 252, 128, 243, 248, 12, 194, 73, 2, 87, 241, 116, 48, 206, 205, 220, 118, 143, 117, 138, 45, 232, 63, 77, 207, 77, 12, 237, 91, 69, 169, 183, 151, 197, 122, 254, 94, 45, 201, 61, 145, 138, 243, 105, 108, 193, 162, 11, 251, 156, 166, 1, 195, 198, 247, 114, 86, 61, 207, 224, 4, 177, 186, 129, 87, 107, 146, 206, 234, 8, 99, 191, 185, 212, 96, 108, 190, 157, 75, 99, 208, 20, 118, 29, 225, 78, 17, 33, 194, 104, 133, 192, 183, 205, 163, 32, 125, 206, 79, 246, 103, 1, 60, 244, 53, 208, 101, 7, 26, 255, 214, 115, 126, 110, 116, 127, 177, 229, 69, 50, 94, 91, 134, 178, 69, 138, 206, 11, 97, 209, 203, 248, 72, 12, 11, 62, 246, 98, 152, 119, 50, 56, 31, 16, 128, 231, 118, 34, 104, 136, 202, 14, 69, 187, 5, 209, 214, 134, 53, 146, 119, 195, 19, 20, 220, 12, 128, 168, 68, 103, 197, 96, 220, 254, 100, 246, 116, 82, 24, 106, 76, 1, 251, 44, 170, 153, 112, 232, 81, 241, 138, 125, 178, 19, 216, 83, 212, 43, 30, 7, 243, 187, 155, 80, 29, 88, 106, 227, 27, 247, 158, 224, 129, 89, 31, 247, 160, 20, 204, 249, 147, 165, 121, 106, 76, 211, 60, 24, 212, 18, 28, 125, 96, 185, 163, 62, 160, 87, 95, 102, 51, 25, 233, 144, 142, 251, 158, 8, 65, 10, 44, 122, 75, 66, 115, 20, 100, 114, 235, 134, 24, 20, 156, 13, 90, 50, 89, 254, 106, 141, 241, 123, 119, 197, 207, 241, 47, 58, 143, 9, 67, 231, 10, 70, 146, 56, 235, 207, 79, 184, 196, 15, 210, 42, 134, 178, 181, 182, 225, 111, 251, 50, 34, 131, 99, 148, 56, 28, 67, 5, 114, 130, 61, 164, 97, 103, 157, 198, 163, 34, 235, 156, 127, 183, 186, 2, 150, 19, 179, 20, 184, 91, 177, 216, 64, 135, 50, 35, 82, 87, 162, 184, 101, 116, 95, 87, 113, 224, 232, 190, 194, 216, 80, 89, 193, 32, 161, 16, 80, 173, 189, 148, 132, 121, 178, 66, 235, 213, 79, 75, 33, 24, 127, 125, 100, 23, 107, 63, 68, 222, 192, 230, 212, 221, 79, 108, 54, 250, 100, 38, 150, 44, 122, 243, 175, 120, 5, 104, 142, 163, 138, 213, 80, 198, 213, 233, 82, 45, 227, 17, 36, 239, 17, 73, 80, 220, 50, 41, 255, 195, 136, 18, 89, 249, 245, 218, 162, 48, 242, 233, 246, 93, 116, 40, 54, 49, 241, 3, 236, 176, 44, 252, 86, 68, 96, 208, 250, 223, 77, 90, 0, 68, 133, 15, 208, 130, 217, 194, 60, 8, 126, 229, 16, 153, 126, 202, 9, 96, 143, 174, 118, 58, 116, 71, 255, 20, 228, 31, 69, 28, 128, 79, 220, 169, 153, 25, 195, 243, 191, 211, 51, 237, 19, 59, 252, 211, 145, 146, 237, 245, 37, 15, 166, 86, 128, 8, 109, 165, 100, 130, 176, 99, 37, 112, 186, 99, 58, 3, 33, 187, 23, 179, 214, 253, 233, 41, 196, 53, 217, 143, 123, 207, 73, 190, 85, 240, 25, 95, 80, 203, 154, 35, 234, 225, 251, 85, 81, 232, 187, 3, 9, 80, 113, 136, 232, 54, 183, 232, 11, 104, 86, 40, 52, 46, 191, 210, 43, 165, 217, 14, 223, 31, 68, 131, 134, 85, 77, 21, 20, 160, 100, 1, 158, 16, 44, 199, 124, 104, 95, 164, 218, 162, 82, 58, 199, 156, 56, 162, 185, 146, 144, 23, 103, 89, 124, 15, 98, 133, 7, 160, 254, 158, 162, 43, 135, 102, 135, 139, 179, 13, 41, 93, 17, 18, 228, 50, 83, 7, 6, 198, 206, 66, 107, 164, 245, 154, 88, 128, 152, 2, 43, 47, 97, 156, 65, 12, 103, 167, 151, 230, 231, 49, 91, 88, 30, 151, 169, 52, 68, 61, 67, 228, 156, 8, 89, 157, 146, 158, 10, 134, 181, 112, 89, 188, 169, 202, 57, 27, 3, 234, 36, 50, 197, 69, 201, 6, 80, 144, 105, 82, 94, 76, 142, 85, 242, 28, 175, 94, 193, 233, 253, 221, 206, 187, 57, 127, 205, 238, 19, 35, 116, 174, 9, 143, 126, 38, 62, 13, 214, 179, 17, 161, 208, 37, 3, 75, 67, 129, 30, 250, 103, 114, 105, 162, 24, 178, 98, 246, 68, 24, 80, 2, 144, 172, 110, 196, 93, 132, 30, 56, 104, 10, 158, 99, 123, 59, 115, 242, 132, 188, 241, 94, 173, 122, 107, 144, 203, 242, 161, 44, 183, 111, 113, 28, 35, 104, 101, 13, 22, 167, 213, 247, 45, 9, 193, 239, 87, 74, 248, 5, 188, 155, 85, 61, 67, 41, 154, 204, 48, 85, 175, 38, 110, 171, 103, 23, 181, 233, 125, 199, 159, 57, 122, 26, 121, 136, 37, 69, 169, 103, 177, 213, 248, 136, 100, 168, 222, 133, 253, 119, 215, 185, 101, 81, 177, 241, 170, 6, 78, 118, 121, 6, 118, 47, 226, 144, 179, 56, 164, 136, 3, 105, 227, 149, 35, 101, 158, 147, 204, 91, 223, 22, 58, 119, 186, 218, 33, 14, 149, 2, 93, 46, 185, 24, 246, 15, 172, 234, 162, 19, 32, 100, 223, 88, 12, 239, 89, 224, 172, 204, 163, 56, 140, 54, 137, 242, 255, 135, 19, 111, 138, 12, 172, 190, 163, 228, 23, 245, 128, 180, 187, 234, 162, 103, 137, 134, 146, 23, 218, 67, 49, 44, 230, 192, 16, 62, 228, 87, 219, 105, 178, 227, 37, 19, 171, 18, 100, 23, 135, 240, 234, 11, 134, 48, 43, 76, 74, 80, 168, 219, 70, 104, 4, 32, 161, 27, 65, 187, 123, 115, 198, 183, 120, 108, 204, 24, 54, 67, 25, 23, 45, 254, 180, 244, 154, 222, 102, 118, 131, 19, 208, 115, 37, 134, 44, 221, 79, 230, 130, 218, 30, 203, 195, 97, 75, 141, 238, 0, 15, 60, 180, 129, 215, 12, 80, 74, 224, 189, 165, 103, 238, 37, 209, 56, 154, 23, 251, 186, 49, 135, 71, 121, 163, 169, 151, 175, 41, 180, 215, 6, 139, 46, 31, 116, 83, 214, 233, 193, 170, 117, 105, 196, 120, 117, 35, 68, 123, 229, 45, 254, 53, 125, 71, 97, 161, 201, 72, 255, 89, 234, 219, 43, 158, 243, 49, 182, 230, 115, 65, 251, 66, 185, 116, 183, 70, 132, 226, 123, 55, 28, 26, 4, 119, 32, 5, 99, 114, 113, 189, 165, 140, 189, 95, 32, 133, 122, 86, 101, 138, 152, 133, 38, 15, 2, 88, 204, 239, 132, 205, 142, 1, 171, 224, 152, 155, 55, 55, 253, 253, 194, 55, 43, 157, 164, 220, 43, 23, 250, 123, 242, 229, 96, 122, 78, 207, 182, 160, 213, 255, 129, 206, 214, 41, 28, 144, 162, 48, 143, 118, 164, 18, 88, 44, 240, 219, 23, 14, 30, 188, 147, 237, 115, 181, 217, 14, 42, 174, 202, 8, 184, 202, 25, 99, 106, 82, 47, 87, 224, 198, 206, 199, 67, 21, 162, 134, 93, 37, 114, 1, 15, 73, 243, 15, 30, 108, 182, 42, 174, 242, 157, 223, 175, 161, 147, 110, 131, 73, 171, 105, 187, 40, 41, 171, 212, 173, 31, 160, 201, 89, 64, 115, 32, 11, 69, 17, 135, 253, 174, 82, 72, 241, 215, 104, 181, 215, 221, 89, 240, 162, 228, 152, 118, 58, 20, 103, 224, 237, 135, 239, 209, 192, 148, 210, 39, 185, 191, 151, 210, 253, 41, 168, 244, 123, 198, 168, 59, 73, 79, 19, 205, 134, 129, 52, 88, 230, 244, 7, 61, 187, 188, 85, 250, 128, 222, 74, 39, 182, 238, 83, 193, 45, 8, 192, 197, 75, 232, 24, 242, 55, 221, 121, 148, 239, 83, 242, 216, 215, 175, 230, 127, 84, 41, 199, 170, 30, 228, 246, 33, 6, 227, 148, 187, 255, 22, 64, 183, 147, 192, 66, 153, 98, 130, 182, 129, 223, 11, 12, 243, 120, 203, 137, 121, 52, 149, 204, 141, 219, 158, 49, 46, 106, 39, 176, 156, 41, 147, 154, 36, 122, 255, 154, 164, 218, 245, 179, 204, 231, 105, 39, 137, 15, 224, 160, 118, 173, 239, 220, 183, 181, 202, 30, 7, 69, 70, 211, 124, 66, 166, 71, 145, 74, 128, 186, 218, 54, 84, 198, 134, 169, 172, 230, 26, 254, 109, 2, 103, 63, 58, 147, 72, 64, 221, 112, 34, 66, 246, 95, 171, 242, 35, 221, 216, 170, 181, 217, 75, 175, 245, 26, 109, 44, 157, 93, 10, 239, 90, 46, 51, 194, 2, 40, 205, 230, 58, 225, 5, 235, 82, 174, 56, 226, 187, 253, 138, 159, 41, 128, 131, 18, 62, 56, 225, 66, 42, 169, 119, 250, 158, 34, 105, 83, 198, 118, 219, 48, 47, 9, 26, 49, 43, 38, 34, 176, 62, 88, 92, 6, 108, 220, 58, 98, 33, 15, 22, 143, 224, 164, 117, 139, 178, 5, 250, 167, 235, 134, 46, 68, 226, 206, 46, 218, 233, 62, 28, 42, 8, 104, 142, 21, 76, 17, 219, 166, 117, 249, 85, 109, 45, 89, 53, 217, 125, 228, 165, 42, 93, 223, 72, 77, 131, 132, 21, 232, 143, 26, 57, 168, 52, 123, 173, 139, 147, 16, 110, 143, 233, 50, 141, 6, 219, 1, 52, 129, 99, 243, 104, 230, 133, 53, 191, 141, 221, 183, 37, 7, 158, 24, 160, 121, 136, 21, 254, 211, 41, 172, 178, 17, 95, 216, 51, 134, 56, 98, 2, 214, 69, 198, 204, 166, 69, 25, 127, 242, 21, 150, 28, 221, 51, 244, 204, 137, 25, 109, 60, 93, 45, 177, 20, 54, 96, 137, 30, 177, 14, 88, 209, 93, 195, 42, 210, 44, 198, 85, 154, 33, 7, 139, 16, 13, 248, 171, 111, 136, 150, 219, 129, 48, 60, 120, 164, 61, 81, 211, 20, 39, 4, 33, 48, 190, 88, 56, 202, 40, 196, 14, 86, 135, 202, 111, 16, 105, 78, 221, 203, 117, 165, 194, 205, 160, 107, 145, 93, 113, 199, 195, 109, 184, 100, 25, 39, 151, 253, 76, 42, 133, 222, 36, 93, 219, 127, 25, 43, 104, 20, 197, 74, 223, 111, 133, 6, 15, 92, 49, 248, 206, 8, 64, 35, 17, 112, 155, 56, 76, 250, 3, 181, 174, 216, 82, 69, 169, 59, 180, 44, 20, 160, 64, 133, 158, 128, 141, 160, 232, 124, 253, 51, 124, 40, 73, 113, 150, 237, 25, 195, 76, 250, 110, 120, 150, 60, 56, 5, 154, 144, 108, 4, 18, 122, 251, 186, 240, 218, 223, 193, 78, 95, 90, 115, 34, 68, 96, 99, 201, 229, 172, 116, 14, 12, 191, 187, 36, 94, 73, 194, 231, 180, 113, 32, 8, 29, 133, 132, 151, 125, 51, 68, 251, 72, 7, 11, 174, 10, 215, 203, 100, 74, 170, 194, 61, 208, 219, 158, 28, 13, 204, 243, 217, 96, 127, 3, 235, 61, 80, 90, 14, 6, 119, 16, 19, 222, 111, 65, 68, 76, 238, 169, 172, 84, 40, 232, 120, 118, 227, 74, 129, 206, 60, 222, 33, 32, 182, 26, 15, 157, 108, 35, 105, 91, 218, 188, 95, 144, 248, 154, 9, 136, 21, 49, 56, 161, 132, 8, 75, 191, 172, 88, 64, 7, 134, 242, 24, 106, 195, 45, 32, 88, 224, 79, 139, 47, 170, 199, 160, 231, 74, 95, 145, 36, 198, 107, 32, 219, 69, 165, 162, 7, 148, 245, 38, 160, 58, 74, 183, 100, 105, 27, 9, 15, 169, 198, 208, 37, 118, 255, 241, 255, 174, 170, 153, 129, 241, 241, 218, 161, 51, 79, 182, 146, 194, 8, 110, 47, 195, 112, 100, 166, 21, 10, 69, 168, 41, 128, 72, 246, 43, 70, 169, 166, 89, 107, 102, 74, 70, 104, 205, 158, 10, 111, 55, 165, 177, 23, 140, 80, 64, 111, 87, 136, 23, 28, 180, 111, 41, 231, 170, 182, 174, 212, 129, 173, 118, 196, 129, 30, 129, 147, 200, 113, 45, 174, 124, 227, 55, 12, 19, 93, 225, 162, 157, 186, 247, 28, 77, 68, 108, 33, 64, 108, 238, 49, 144, 60, 242, 119, 66, 132, 104, 68, 190, 6, 225, 47, 8, 211, 149, 140, 73, 96, 184, 50, 25, 115, 1, 11, 40, 71, 55, 222, 198, 8, 255, 58, 38, 50, 59, 235, 71, 139, 28, 238, 122, 179, 161, 194, 6, 211, 18, 36, 238, 53, 194, 229, 52, 3, 102, 33, 196, 60, 163, 172, 211, 254, 23, 60, 62, 213, 109, 84, 249, 124, 217, 36, 171, 185, 129, 69, 122, 12, 223, 136, 7, 63, 180, 126, 201, 0, 162, 45, 22, 176, 28, 251, 172, 167, 249, 119, 194, 148, 46, 101, 117, 141, 124, 156, 170, 180, 159, 130, 14, 8, 223, 223, 144, 246, 212, 85, 153, 254, 237, 2, 40, 111, 138, 2, 208, 39, 50, 113, 211, 52, 213, 222, 63, 213, 220, 168, 71, 233, 185, 168, 38, 221, 8, 66, 169, 212, 80, 172, 185, 6, 32, 37, 238, 136, 198, 93, 214, 175, 196, 36, 59, 35, 172, 239, 162, 108, 126, 150, 247, 234, 166, 50, 164, 223, 195, 56, 229, 133, 32, 94, 112, 96, 32, 20, 107, 86, 196, 108, 138, 222, 243, 179, 166, 37, 196, 68, 122, 227, 217, 122, 7, 249, 174, 148, 246, 148, 249, 205, 185, 68, 158, 188, 103, 217, 69, 12, 133, 104, 78, 99, 77, 17, 14, 214, 254, 84, 3, 137, 157, 192, 7, 85, 43, 32, 76, 124, 98, 244, 155, 24, 160, 237, 204, 188, 79, 186, 133, 22, 50, 127, 142, 101, 17, 212, 22, 10, 251, 114, 122, 239, 247, 59, 178, 138, 224, 169, 177, 55, 174, 74, 69, 162, 183, 156, 130, 186, 89, 53, 38, 20, 212, 87, 119, 66, 62, 120, 197, 172, 204, 230, 226, 218, 171, 222, 224, 225, 188, 170, 150, 11, 143, 107, 138, 163, 61, 228, 136, 15, 114, 39, 9, 43, 139, 195, 107, 168, 16, 204, 48, 10, 230, 183, 233, 146, 144, 46, 139, 110, 224, 90, 19, 154, 170, 149, 241, 17, 214, 57, 61, 254, 177, 85, 132, 13, 177, 215, 241, 38, 228, 207, 151, 183, 61, 104, 164, 187, 139, 84, 229, 63, 185, 141, 57, 10, 184, 100, 81, 205, 24, 136, 182, 115, 36, 45, 149, 22, 169, 195, 23, 119, 186, 251, 154, 170, 91, 91, 173, 221, 66, 138, 85, 81, 173, 81, 212, 195, 98, 1, 225, 12, 216, 85, 91, 254, 124, 69, 217, 40, 160, 21, 121, 42, 172, 10, 87, 8, 14, 22, 190, 70, 189, 150, 59, 113, 33, 124, 197, 108, 168, 2, 145, 93, 87, 50, 91, 59, 145, 104, 153, 11, 163, 185, 100, 29, 84, 128, 187, 78, 206, 188, 38, 160, 166, 52, 156, 131, 97, 55, 77, 252, 249, 248, 240, 190, 59, 61, 55, 244, 75, 252, 35, 32, 189, 203, 251, 38, 204, 210, 212, 214, 214, 33, 25, 179, 46, 154, 150, 3, 1, 149, 159, 221, 50, 198, 197, 166, 246, 16, 40, 201, 49, 167, 26, 29, 176, 117, 15, 173, 84, 43, 157, 155, 65, 216, 38, 31, 180, 89, 41, 154, 234, 119, 183, 97, 229, 73, 83, 91, 63, 215, 9, 212, 192, 237, 48, 45, 245, 250, 39, 14, 138, 55, 210, 35, 46, 84, 70, 62, 175, 235, 231, 220, 87, 88, 253, 158, 59, 78, 77, 227, 235, 167, 196, 176, 135, 207, 149, 18, 82, 60, 168, 35, 140, 159, 6, 201, 149, 78, 87, 157, 163, 12, 27, 98, 222, 51, 187, 92, 129, 55, 122, 182, 195, 167, 183, 72, 90, 12, 90, 12, 190, 137, 145, 182, 129, 110, 73, 162, 23, 94, 238, 140, 127, 250, 12, 189, 58, 207, 218, 213, 93, 74, 133, 244, 214, 59, 58, 145, 60, 69, 249, 5, 56, 103, 172, 227, 45, 181, 162, 102, 88, 66, 1, 153, 198, 188, 130, 226, 141, 207, 224, 210, 178, 111, 29, 248, 91, 55, 29, 123, 126, 220, 51, 22, 214, 86, 151, 78, 59, 101, 181, 203, 21, 7, 115, 250, 18, 120, 178, 180, 35, 69, 2, 238, 228, 57, 159, 231, 172, 7, 45, 37, 15, 160, 88, 47, 154, 89, 198, 106, 10, 24, 221, 119, 128, 26, 8, 101, 147, 90, 23, 89, 254, 9, 42, 168, 35, 1, 92, 122, 15, 46, 131, 193, 215, 145, 80, 0, 210, 129, 84, 75, 30, 90, 164, 137, 162, 66, 99, 93, 78, 159, 7, 164, 207, 79, 11, 183, 80, 222, 198, 150, 242, 16, 65, 29, 61, 18, 94, 15, 167, 237, 133, 26, 84, 73, 205, 132, 148, 213, 101, 23, 76, 66, 8, 120, 208, 237, 100, 47, 236, 152, 6, 132, 252, 134, 154, 137, 158, 181, 73, 11, 65, 246, 158, 162, 67, 126, 46, 68, 126, 78, 155, 76, 225, 216, 161, 87, 90, 242, 164, 137, 199, 24, 175, 101, 82, 30, 255, 101, 145, 172, 224, 20, 52, 120, 168, 200, 52, 92, 196, 43, 167, 18, 50, 93, 7, 158, 136, 246, 0, 232, 147, 144, 73, 57, 231, 155, 38, 230, 143, 206, 105, 70, 211, 29, 195, 79, 23, 188, 120, 130, 1, 104, 4, 48, 224, 47, 236, 72, 111, 74, 247, 120, 55, 138, 39, 28, 148, 3, 218, 181, 133, 208, 163, 22, 84, 35, 10, 193, 106, 207, 158, 214, 173, 165, 39, 119, 185, 13, 235, 216, 86, 138, 130, 156, 57, 9, 165, 221, 234, 36, 89, 170, 233, 99, 45, 11, 2, 29, 105, 90, 30, 92, 194, 161, 44, 12, 159, 175, 224, 176, 133, 204, 54, 149, 74, 205, 88, 226, 120, 157, 143, 134, 58, 123, 118, 17, 166, 11, 94, 21, 62, 12, 191, 13, 31, 240, 198, 65, 30, 191, 63, 254, 209, 21, 227, 39, 103, 77, 207, 92, 134, 0, 156, 113, 30, 32, 232, 163, 125, 220, 83, 11, 181, 188, 254, 232, 117, 156, 219, 142, 77, 246, 231, 1, 174, 27, 237, 111, 246, 78, 169, 183, 148, 102, 52, 77, 170, 93, 17, 130, 59, 105, 247, 19, 33, 145, 160, 245, 228, 128, 184, 174, 199, 235, 19, 116, 95, 90, 42, 89, 225, 85, 95, 49, 181, 61, 139, 192, 172, 167, 78, 127, 145, 100, 149, 17, 216, 210, 132, 245, 162, 210, 61, 44, 63, 4, 198, 180, 30, 122, 97, 62, 133, 9, 8, 201, 209, 24, 12, 253, 77, 194, 87, 45, 59, 164, 164, 45, 215, 16, 245, 74, 147, 36, 53, 100, 72, 29, 42, 214, 60, 111, 129, 6, 13, 227, 162, 242, 92, 85, 234, 184, 34, 105, 89, 142, 31, 121, 53, 26, 55, 33, 242, 112, 184, 15, 241, 190, 53, 80, 213, 238, 27, 248, 1, 242, 52, 179, 111, 86, 104, 74, 149, 183, 97, 47, 45, 126, 168, 84, 27, 27, 218, 102, 112, 26, 155, 141, 101, 63, 62, 157, 72, 24, 119, 243, 44, 151, 141, 104, 47, 129, 197, 106, 203, 215, 116, 139, 226, 102, 159, 84, 103, 7, 146, 67, 144, 68, 10, 97, 48, 237, 136, 70, 163, 155, 103, 178, 237, 153, 132, 35, 16, 113, 250, 47, 63, 89, 89, 109, 26, 185, 138, 14, 108, 20, 176, 209, 162, 222, 114, 41, 203, 244, 11, 204, 57, 41, 224, 27, 72, 127, 195, 71, 190, 37, 9, 122, 177, 242, 183, 153, 238, 219, 112, 148, 241, 19, 188, 191, 157, 72, 15, 56, 55, 178, 62, 36, 191, 198, 195, 220, 42, 34, 119, 151, 118, 29, 215, 156, 100, 231, 209, 217, 249, 38, 232, 136, 114, 3, 33, 206, 226, 172, 8, 164, 111, 189, 56, 241, 252, 243, 224, 102, 22, 1, 97, 152, 61, 92, 179, 209, 234, 107, 106, 136, 188, 237, 250, 116, 178, 1, 41, 250, 104, 13, 129, 252, 147, 245, 70, 236, 131, 0, 186, 112, 26, 196, 90, 177, 18, 114, 195, 227, 208, 132, 233, 151, 157, 15, 8, 90, 9, 46, 138, 104, 15, 46, 101, 105, 43, 214, 36, 1, 32, 39, 235, 202, 177, 83, 125, 59, 198, 62, 30, 237, 125, 139, 182, 20, 35, 109, 235, 162, 86, 24, 161, 112, 117, 251, 188, 16, 32, 143, 209, 133, 242, 151, 155, 16, 99, 145, 31, 241, 93, 249, 56, 35, 9, 87, 197, 211, 133, 48, 90, 5, 211, 20, 204, 141, 217, 208, 8, 255, 206, 58, 130, 164, 156, 73, 38, 197, 166, 250, 19, 119, 135, 12, 149, 211, 17, 93, 120, 165, 83, 219, 54, 24, 28, 28, 172, 146, 152, 132, 168, 13, 143, 96, 49, 73, 100, 40, 241, 138, 15, 175, 220, 61, 230, 246, 207, 20, 249, 205, 102, 223, 148, 76, 95, 0, 152, 15, 22, 99, 192, 63, 213, 200, 24, 49, 139, 58, 96, 129, 214, 140, 205, 248, 45, 3, 92, 172, 44, 91, 21, 104, 114, 192, 163, 32, 177, 125, 209, 4, 55, 161, 86, 140, 168, 45, 164, 91, 204, 207, 190, 193, 226, 45, 125, 19, 93, 63, 88, 37, 247, 121, 46, 145, 4, 252, 52, 127, 111, 184, 12, 15, 115, 33, 0, 69, 99, 141, 215, 202, 162, 43, 93, 254, 106, 67, 10, 33, 224, 57, 209, 254, 189, 38, 216, 151, 254, 241, 122, 80, 112, 220, 170, 43, 19, 48, 45, 119, 98, 240, 186, 202, 97, 8, 75, 153, 129, 72, 101, 90, 167, 157, 82, 42, 60, 6, 99, 244, 129, 28, 122, 188, 25, 9, 65, 46, 116, 184, 151, 154, 82, 33, 65, 177, 175, 132, 148, 133, 183, 162, 74, 60, 178, 23, 123, 176, 104, 1, 71, 231, 32, 9, 89, 203, 101, 255, 56, 45, 64, 81, 184, 245, 73, 150, 57, 10, 37, 181, 109, 209, 225, 214, 34, 189, 31, 135, 207, 228, 212, 75, 85, 81, 238, 215, 106, 174, 83, 193, 21, 15, 134, 125, 75, 48, 179, 121, 193, 95, 210, 3, 78, 82, 209, 62, 194, 23, 205, 236, 43, 104, 246, 209, 202, 123, 160, 132, 70, 55, 67, 230, 41, 1, 133, 187, 225, 254, 181, 44, 219, 130, 181, 145, 108, 190, 203, 3, 18, 217, 67, 237, 195, 247, 216, 159, 175, 82, 43, 107, 39, 60, 213, 213, 49, 0, 159, 186, 96, 75, 37, 72, 135, 77, 91, 163, 37, 244, 100, 41, 120, 93, 155, 102, 53, 105, 112, 186, 85, 237, 149, 204, 229, 247, 179, 49, 179, 15, 184, 255, 223, 63, 224, 171, 139, 250, 75, 209, 152, 114, 150, 240, 37, 39, 161, 23, 243, 64, 229, 155, 176, 159, 59, 51, 51, 254, 12, 147, 5, 18, 242, 1, 247, 154, 0, 135, 60, 186, 187, 29, 94, 132, 15, 252, 43, 118, 144, 162, 238, 123, 25, 56, 225, 133, 132, 202, 254, 26, 227, 22, 13, 15, 152, 101, 16, 138, 7, 164, 233, 46, 195, 23, 99, 107, 25, 181, 171, 167, 237, 166, 84, 249, 49, 22, 34, 147, 229, 223, 255, 159, 63, 66, 176, 6, 88, 158, 56, 234, 141, 23, 135, 66, 29, 194, 139, 249, 233, 0, 74, 159, 93, 64, 69, 47, 247, 165, 95, 232, 220, 156, 230, 216, 104, 14, 102, 33, 8, 69, 239, 195, 189, 140, 171, 52, 122, 246, 123, 105, 152, 178, 224, 76, 173, 79, 239, 21, 79, 177, 14, 47, 47, 184, 89, 210, 112, 231, 187, 36, 5, 191, 190, 66, 98, 216, 195, 32, 5, 185, 214, 146, 149, 8, 98, 178, 170, 40, 182, 200, 96, 247, 176, 243, 128, 70, 215, 1, 88, 161, 235, 34, 150, 199, 203, 117, 139, 227, 229, 151, 14, 64, 157, 217, 59, 126, 161, 185, 26, 210, 155, 193, 250, 240, 7, 19, 239, 198, 214, 51, 233, 75, 221, 20, 82, 21, 98, 161, 3, 21, 167, 191, 147, 97, 151, 246, 233, 99, 176, 39, 93, 251, 238, 176, 65, 126, 99, 120, 49, 223, 108, 218, 231, 64, 112, 36, 48, 65, 99, 8, 41, 188, 11, 12, 120, 244, 45, 178, 253, 92, 175, 165, 39, 80, 88, 86, 133, 74, 187, 26, 223, 180, 38, 39, 176, 208, 131, 4, 57, 131, 219, 206, 227, 217, 157, 244, 67, 202, 119, 131, 157, 188, 203, 210, 37, 207, 46, 198, 41, 182, 208, 83, 39, 252, 40, 161, 218, 92, 180, 24, 199, 202, 196, 205, 23, 22, 102, 173, 172, 153, 162, 47, 236, 13, 217, 213, 56, 148, 100, 143, 236, 148, 251, 53, 201, 8, 59, 154, 45, 202, 95, 21, 39, 20, 179, 255, 222, 162, 223, 107, 193, 14, 171, 38, 106, 252, 253, 158, 229, 119, 155, 237, 181, 163, 63, 55, 139, 231, 76, 118, 171, 31, 99, 17, 56, 106, 107, 41, 68, 54, 118, 5, 175, 78, 202, 242, 169, 179, 213, 205, 122, 179, 202, 236, 82, 30, 83, 45, 98, 124, 32, 83, 99, 140, 70, 35, 21, 27, 246, 141, 42, 63, 115, 153, 168, 142, 226, 15, 129, 22, 217, 119, 168, 128, 186, 167, 190, 96, 60, 213, 118, 17, 37, 71, 241, 199, 229, 25, 63, 100, 116, 167, 74, 172, 114, 226, 18, 103, 96, 36, 196, 29, 248, 123, 142, 150, 110, 251, 51, 169, 229, 215, 124, 125, 35, 113, 73, 244, 254, 33, 103, 156, 111, 93, 12, 197, 220, 165, 43, 37, 29, 172, 35, 126, 221, 230, 19, 171, 201, 0, 164, 52, 17, 195, 134, 209, 233, 218, 102, 160, 44, 28, 12, 222, 229, 230, 70, 156, 20, 75, 174, 217, 204, 219, 110, 143, 128, 98, 64, 104, 255, 24, 170, 184, 101, 199, 187, 192, 111, 212, 217, 80, 157, 11, 26, 221, 234, 189, 221, 238, 114, 59, 158, 4, 170, 157, 2, 118, 101, 191, 143, 39, 169, 215, 51, 38, 81, 173, 67, 26, 41, 239, 236, 8, 18, 4, 80, 212, 61, 72, 133, 55, 125, 26, 1, 22, 217, 35, 233, 200, 61, 114, 58, 79, 216, 29, 129, 255, 7, 196, 146, 49, 165, 106, 123, 208, 15, 37, 126, 57, 235, 155, 35, 54, 186, 104, 254, 219, 19, 58, 145, 216, 103, 70, 228, 61, 178, 209, 155, 240, 120, 120, 128, 92, 41, 3, 189, 214, 178, 25, 44, 14, 97, 255, 207, 247, 14, 179, 247, 9, 98, 130, 46, 103, 193, 212, 199, 138, 40, 137, 106, 235, 214, 196, 152, 221, 112, 205, 184, 118, 172, 10, 170, 239, 113, 181, 126, 178, 128, 244, 141, 154, 212, 143, 164, 118, 96, 254, 23, 211, 254, 55, 181, 66, 24, 51, 156, 198, 220, 124, 128, 41, 92, 18, 221, 42, 157, 83, 225, 224, 50, 210, 235, 218, 163, 90, 16, 13, 107, 47, 48, 62, 172, 120, 121, 173, 213, 233, 200, 48, 199, 66, 89, 110, 86, 38, 248, 184, 107, 25, 62, 247, 57, 96, 121, 194, 99, 108, 219, 220, 183, 106, 218, 14, 84, 44, 79, 5, 34, 128, 49, 229, 160, 49, 85, 151, 134, 2, 78, 80, 200, 248, 39, 134, 222, 113, 40, 188, 160, 125, 46, 62, 249, 168, 110, 66, 54, 90, 245, 31, 67, 228, 222, 93, 47, 159, 121, 225, 95, 0, 239, 38, 62, 219, 35, 158, 70, 128, 224, 33, 104, 189, 253, 240, 41, 90, 176, 249, 138, 210, 124, 21, 104, 232, 68, 242, 101, 72, 158, 90, 99, 48, 67, 179, 83, 157, 89, 237, 238, 137, 60, 10, 70, 241, 103, 7, 224, 73, 163, 207, 102, 83, 167, 114, 217, 97, 174, 203, 242, 91, 62, 90, 243, 3, 184, 130, 208, 212, 186, 87, 50, 18, 52, 76, 102, 140, 106, 228, 164, 95, 168, 178, 168, 51, 185, 163, 130, 95, 226, 70, 84, 4, 87, 62, 246, 46, 228, 247, 218, 0, 183, 133, 15, 84, 181, 247, 211, 38, 165, 165, 33, 32, 222, 135, 170, 57, 182, 97, 23, 169, 59, 71, 14, 29, 221, 126, 58, 1, 12, 70, 194, 237, 39, 211, 89, 137, 152, 188, 142, 203, 92, 178, 168, 14, 150, 106, 110, 152, 253, 50, 92, 127, 29, 156, 174, 171, 190, 43, 228, 37, 179, 152, 230, 125, 23, 184, 132, 64, 135, 94, 159, 177, 213, 45, 169, 242, 18, 27, 229, 121, 229, 37, 149, 95, 10, 9, 224, 1, 244, 154, 164, 47, 100, 180, 226, 13, 218, 97, 190, 141, 200, 103, 36, 134, 160, 167, 133, 36, 48, 158, 53, 198, 255, 10, 167, 86, 81, 129, 242, 112, 237, 194, 93, 15, 216, 251, 175, 206, 221, 32, 160, 154, 5, 120, 50, 168, 94, 101, 119, 186, 167, 47, 241, 148, 168, 183, 200, 188, 134, 146, 33, 39, 199, 169, 80, 40, 29, 59, 103, 244, 174, 13, 48, 153, 86, 78, 67, 198, 17, 106, 174, 72, 57, 12, 197, 116, 160, 222, 26, 60, 80, 173, 249, 245, 27, 169, 99, 3, 169, 178, 253, 168, 31, 214, 2, 34, 244, 132, 247, 51, 161, 246, 246, 103, 189, 52, 183, 20, 37, 255, 181, 106, 118, 67, 234, 198, 36, 136, 74, 34, 35, 152, 162, 157, 183, 95, 240, 187, 211, 128, 28, 65, 187, 168, 150, 255, 75, 149, 56, 40, 164, 191, 182, 75, 61, 188, 42, 35, 179, 211, 234, 18, 105, 150, 62, 142, 248, 125, 84, 223, 196, 173, 160, 71, 201, 107, 203, 145, 17, 67, 229, 167, 199, 246, 204, 7, 162, 234, 250, 4, 54, 228, 230, 46, 40, 183, 252, 222, 94, 44, 90, 21, 49, 148, 61, 132, 248, 194, 225, 78, 144, 132, 1, 133, 170, 227, 202, 165, 198, 104, 55, 83, 102, 3, 130, 29, 240, 120, 49, 177, 100, 127, 181, 27, 181, 8, 68, 217, 244, 136, 245, 129, 178, 142, 218, 222, 245, 168, 243, 194, 160, 84, 70, 133, 178, 192, 76, 5, 124, 26, 248, 236, 162, 231, 116, 24, 18, 146, 151, 72, 1, 148, 28, 136, 19, 181, 222, 47, 38, 36, 100, 69, 104, 133, 182, 42, 3, 133, 12, 2, 3, 103, 58, 218, 121, 183, 173, 98, 25, 121, 221, 5, 202, 159, 147, 56, 12, 245, 240, 101, 246, 132, 55, 20, 116, 133, 192, 163, 223, 143, 126, 43, 158, 93, 230, 90, 224, 228, 50, 30, 41, 217, 90, 62, 50, 2, 59, 74, 207, 161, 116, 111, 73, 5, 75, 125, 219, 101, 22, 147, 165, 102, 163, 38, 110, 185, 149, 221, 168, 15, 67, 122, 208, 81, 236, 18, 105, 191, 239, 177, 118, 85, 193, 178, 20, 191, 73, 175, 236, 20, 92, 145, 107, 239, 70, 23, 177, 217, 27, 167, 216, 140, 119, 6, 32, 217, 14, 100, 96, 88, 197, 136, 199, 7, 86, 109, 250, 204, 218, 135, 110, 185, 215, 33, 50, 188, 71, 33, 3, 213, 249, 229, 12, 129, 89, 10, 218, 103, 177, 90, 175, 69, 84, 120, 73, 40, 188, 191, 75, 251, 2, 67, 135, 217, 173, 129, 126, 70, 62, 25, 50, 151, 254, 36, 177, 138, 18, 173, 46, 55, 218, 169, 118, 28, 239, 249, 5, 172, 225, 24, 61, 198, 255, 132, 149, 76, 41, 104, 201, 1, 149, 45, 97, 80, 110, 214, 24, 218, 89, 6, 162, 154, 207, 214, 176, 177, 181, 126, 24, 250, 237, 28, 55, 74, 222, 10, 42, 46, 211, 37, 160, 204, 108, 15, 108, 225, 137, 98, 83, 192, 68, 197, 198, 92, 240, 23, 35, 233, 5, 95, 46, 85, 6, 84, 215, 90, 56, 169, 225, 219, 117, 74, 74, 11, 183, 41, 158, 231, 44, 183, 212, 201, 20, 1, 85, 4, 102, 50, 175, 111, 245, 8, 219, 44, 73, 201, 94, 211, 252, 70, 142, 177, 232, 183, 252, 24, 65, 1, 85, 191, 2, 18, 118, 174, 38, 47, 159, 134, 189, 118, 133, 172, 203, 29, 198, 76, 136, 35, 47, 255, 15, 48, 65, 104, 251, 88, 37, 179, 2, 48, 93, 216, 13, 45, 16, 154, 227, 106, 244, 197, 26, 13, 96, 115, 47, 21, 191, 71, 74, 88, 27, 113, 223, 23, 165, 108, 212, 184, 51, 230, 0, 8, 45, 89, 238, 58, 9, 233, 0, 25, 204, 82, 102, 142, 124, 232, 131, 89, 99, 162, 150, 252, 152, 154, 215, 5, 194, 57, 131, 235, 191, 112, 70, 24, 175, 186, 177, 181, 111, 54, 12, 185, 82, 99, 209, 169, 15, 209, 107, 84, 214, 222, 72, 44, 224, 212, 203, 252, 177, 198, 124, 175, 150, 211, 191, 0, 57, 100, 215, 125, 7, 103, 84, 152, 202, 180, 171, 221, 98, 57, 133, 177, 224, 117, 133, 189, 172, 128, 136, 146, 174, 198, 252, 41, 172, 125, 187, 41, 216, 97, 77, 118, 206, 48, 150, 54, 34, 175, 223, 235, 167, 172, 44, 244, 170, 126, 141, 110, 21, 120, 71, 25, 70, 107, 21, 104, 237, 141, 58, 26, 247, 229, 67, 199, 61, 151, 203, 206, 248, 114, 168, 244, 113, 136, 35, 195, 42, 164, 127, 139, 193, 182, 158, 112, 101, 128, 162, 130, 239, 173, 113, 37, 254, 95, 49, 64, 175, 67, 239, 49, 201, 28, 67, 159, 8, 135, 105, 166, 25, 69, 152, 149, 0, 66, 122, 68, 235, 134, 77, 82, 63, 8, 44, 1, 64, 52, 242, 89, 67, 139, 126, 35, 153, 242, 79, 62, 246, 40, 203, 240, 79, 83, 110, 193, 171, 13, 222, 90, 199, 192, 43, 27, 24, 203, 108, 29, 66, 140, 147, 103, 97, 184, 230, 63, 140, 243, 243, 12, 172, 97, 126, 108, 192, 49, 11, 62, 110, 242, 141, 180, 90, 55, 1, 207, 164, 253, 203, 31, 36, 106, 14, 229, 235, 222, 247, 77, 204, 154, 205, 138, 222, 218, 145, 8, 217, 132, 115, 27, 196, 143, 114, 248, 119, 37, 244, 84, 146, 188, 218, 13, 156, 118, 251, 129, 131, 62, 141, 166, 220, 108, 221, 71, 126, 65, 239, 171, 25, 12, 195, 135, 117, 208, 186, 171, 185, 77, 47, 50, 73, 47, 106, 21, 246, 181, 154, 92, 233, 186, 253, 24, 20, 249, 238, 104, 72, 82, 99, 41, 113, 210, 177, 60, 144, 211, 75, 187, 83, 250, 206, 89, 179, 214, 4, 9, 140, 46, 11, 87, 211, 184, 252, 57, 71, 202, 93, 201, 127, 136, 116, 9, 240, 35, 112, 36, 93, 208, 119, 146, 134, 43, 44, 175, 66, 217, 253, 37, 186, 224, 61, 25, 158, 87, 41, 149, 225, 29, 214, 157, 124, 7, 20, 197, 166, 19, 222, 200, 112, 66, 27, 24, 240, 186, 14, 91, 145, 26, 13, 36, 206, 85, 6, 30, 92, 223, 231, 146, 219, 220, 38, 83, 102, 173, 247, 0, 0, 19, 35, 217, 132, 61, 204, 36, 123, 173, 133, 192, 2, 56, 56, 11, 171, 150, 60, 189, 82, 236, 82, 198, 24, 21, 138, 96, 225, 81, 241, 8, 184, 98, 77, 117, 158, 214, 137, 122, 14, 157, 138, 149, 71, 133, 162, 35, 169, 241, 176, 251, 203, 158, 129, 28, 160, 184, 6, 164, 228, 56, 114, 0, 144, 202, 61, 186, 176, 195, 11, 131, 71, 152, 47, 45, 85, 114, 54, 15, 158, 159, 232, 120, 193, 102, 138, 250, 145, 252, 46, 15, 116, 168, 247, 162, 147, 85, 44, 145, 26, 212, 74, 176, 249, 168, 217, 243, 243, 33, 213, 29, 132, 78, 201, 66, 186, 120, 62, 19, 51, 55, 7, 147, 83, 36, 75, 88, 157, 176, 188, 24, 237, 88, 65, 96, 159, 131, 206, 53, 46, 133, 146, 19, 227, 187, 7, 239, 2, 234, 17, 22, 219, 118, 233, 107, 148, 98, 31, 160, 90, 183, 216, 9, 180, 9, 172, 109, 21, 55, 171, 23, 208, 129, 130, 23, 159, 12, 127, 114, 208, 247, 166, 95, 204, 85, 43, 217, 241, 93, 200, 29, 153, 62, 30, 68, 150, 155, 145, 0, 94, 184, 28, 254, 146, 100, 64, 28, 168, 226, 57, 43, 189, 88, 178, 177, 56, 5, 34, 219, 157, 134, 38, 168, 22, 216, 80, 49, 235, 84, 223, 218, 185, 140, 176, 172, 182, 97, 13, 1, 27, 110, 143, 12, 233, 101, 41, 148, 210, 23, 71, 194, 232, 220, 151, 26, 25, 172, 251, 182, 64, 148, 130, 49, 96, 227, 211, 240, 131, 106, 28, 0, 115, 119, 200, 130, 151, 158, 17, 163, 116, 251, 197, 119, 244, 245, 72, 211, 249, 200, 142, 15, 137, 130, 73, 65, 33, 63, 0, 102, 107, 189, 91, 9, 71, 44, 7, 187, 123, 64, 134, 41, 72, 42, 136, 215, 13, 151, 241, 27, 54, 65, 226, 23, 7, 199, 120, 253, 74, 197, 15, 117, 249, 163, 20, 3, 132, 1, 99, 165, 203, 197, 29, 146, 157, 146, 212, 48, 137, 137, 16, 148, 192, 193, 30, 139, 167, 52, 63, 17, 11, 141, 81, 57, 229, 170, 63, 42, 9, 150, 52, 47, 97, 88, 45, 136, 23, 61, 185, 76, 65, 97, 36, 19, 37, 224, 30, 16, 216, 8, 114, 165, 146, 123, 83, 185, 159, 10, 146, 45, 44, 15, 117, 144, 86, 11, 109, 73, 184, 65, 171, 94, 222, 105, 239, 205, 70, 68, 106, 78, 155, 232, 68, 74, 237, 223, 167, 65, 136, 181, 68, 25, 45, 227, 140, 228, 228, 103, 36, 66, 9, 15, 36, 55, 184, 61, 167, 164, 28, 255, 215, 11, 135, 3, 21, 241, 142, 70, 171, 182, 178, 217, 117, 29, 239, 106, 222, 51, 42, 202, 165, 134, 207, 22, 172, 104, 176, 231, 60, 155, 114, 209, 84, 101, 244, 96, 151, 173, 163, 148, 110, 12, 243, 200, 230, 14, 59, 115, 47, 109, 19, 170, 135, 220, 131, 41, 227, 209, 227, 203, 145, 104, 24, 12, 51, 249, 18, 205, 139, 42, 166, 8, 224, 43, 188, 202, 208, 14, 167, 243, 59, 68, 152, 174, 130, 221, 40, 180, 107, 204, 198, 115, 249, 146, 161, 55, 111, 59, 128, 200, 199, 7, 110, 120, 107, 40, 243, 37, 55, 20, 93, 9, 246, 186, 193, 142, 113, 179, 19, 22, 243, 34, 108, 120, 250, 111, 12, 199, 93, 101, 13, 128, 204, 53, 40, 120, 139, 73, 102, 59, 251, 37, 151, 96, 43, 71, 97, 92, 185, 237, 52, 160, 104, 81, 143, 15, 149, 87, 121, 31, 180, 244, 56, 208, 194, 139, 140, 255, 65, 39, 214, 175, 109, 21, 208, 69, 75, 153, 7, 11, 208, 139, 118, 254, 246, 20, 133, 125, 117, 189, 89, 112, 220, 142, 160, 115, 46, 19, 89, 15, 169, 152, 240, 181, 208, 24, 137, 103, 217, 178, 221, 99, 228, 126, 137, 161, 250, 226, 251, 189, 12, 39, 173, 95, 40, 131, 54, 25, 48, 167, 77, 151, 209, 149, 55, 127, 242, 39, 85, 83, 69, 148, 97, 232, 124, 13, 244, 40, 173, 75, 165, 187, 30, 4, 245, 231, 194, 97, 179, 192, 118, 111, 180, 54, 83, 184, 252, 236, 12, 46, 255, 114, 183, 228, 75, 205, 151, 56, 18, 107, 191, 127, 208, 62, 6, 8, 184, 159, 32, 52, 28, 112, 39, 5, 22, 146, 186, 157, 150, 104, 159, 37, 62, 30, 79, 160, 182, 22, 11, 160, 82, 83, 169, 196, 206, 12, 75, 65, 138, 165, 103, 241, 166, 63, 230, 232, 8, 75, 160, 71, 67, 75, 106, 9, 29, 71, 82, 250, 226, 199, 195, 154, 80, 48, 41, 231, 139, 99, 112, 39, 83, 125, 195, 198, 77, 125, 109, 237, 179, 186, 200, 193, 120, 23, 11, 34, 31, 118, 246, 168, 46, 200, 41, 53, 171, 165, 64, 224, 97, 13, 159, 114, 111, 186, 226, 8, 27, 43, 209, 176, 114, 208, 39, 254, 242, 125, 228, 14, 111, 30, 97, 206, 196, 185, 53, 164, 60, 6, 170, 24, 245, 41, 66, 4, 89, 22, 116, 179, 142, 108, 170, 234, 18, 123, 37, 86, 3, 146, 30, 45, 177, 66, 106, 122, 206, 187, 180, 156, 142, 180, 61, 158, 45, 74, 229, 187, 9, 183, 153, 168, 122, 18, 148, 51, 233, 218, 134, 107, 167, 239, 226, 35, 5, 101, 216, 2, 172, 179, 99, 97, 103, 235, 27, 87, 250, 30, 191, 80, 196, 128, 107, 51, 242, 22, 35, 90, 3, 228, 195, 196, 210, 198, 74, 42, 28, 150, 215, 97, 110, 178, 131, 85, 107, 219, 137, 98, 60, 251, 121, 109, 50, 169, 144, 193, 139, 57, 14, 253, 151, 62, 87, 105, 27, 199, 1, 8, 63, 162, 235, 197, 159, 105, 239, 78, 90, 234, 4, 251, 251, 188, 65, 183, 143, 77, 185, 3, 98, 67, 139, 17, 127, 81, 129, 179, 233, 128, 224, 18, 217, 16, 48, 219, 119, 113, 194, 112, 161, 247, 76, 234, 112, 28, 139, 249, 197, 136, 81, 142, 145, 41, 237, 169, 221, 49, 116, 251, 70, 17, 69, 37, 133, 75, 219, 189, 110, 101, 76, 183, 211, 113, 128, 67, 172, 93, 201, 205, 43, 154, 169, 242, 90, 24, 102, 182, 205, 189, 212, 211, 164, 117, 34, 41, 140, 128, 228, 142, 107, 72, 23, 127, 204, 165, 193, 41, 169, 230, 20, 24, 89, 237, 137, 64, 76, 252, 9, 171, 97, 148, 191, 241, 88, 247, 204, 10, 186, 15, 87, 100, 141, 233, 170, 162, 48, 53, 233, 43, 126, 77, 211, 62, 195, 147, 180, 248, 212, 253, 10, 74, 137, 7, 186, 53, 0, 144, 126, 15, 23, 247, 193, 239, 57, 220, 0, 10, 243, 157, 234, 85, 96, 238, 192, 56, 255, 125, 88, 248, 247, 243, 240, 217, 81, 58, 236, 149, 121, 141, 119, 20, 219, 18, 175, 8, 187, 75, 32, 49, 107, 151, 138, 214, 193, 38, 6, 64, 57, 38, 23, 227, 182, 0, 229, 207, 8, 122, 58, 117, 30, 119, 207, 8, 197, 157, 47, 138, 61, 226, 168, 87, 48, 43, 34, 67, 90, 22, 65, 254, 92, 0, 164, 101, 4, 150, 196, 191, 119, 33, 115, 102, 30, 150, 168, 31, 136, 48, 115, 174, 29, 248, 116, 202, 89, 182, 200, 237, 151, 133, 141, 112, 113, 195, 102, 43, 199, 65, 38, 197, 155, 53, 97, 204, 79, 129, 196, 24, 67, 157, 5, 144, 228, 155, 249, 2, 26, 27, 142, 230, 19, 160, 26, 82, 84, 108, 86, 228, 226, 218, 25, 15, 98, 131, 195, 101, 31, 29, 217, 33, 123, 73, 246, 208, 244, 172, 156, 217, 178, 61, 140, 217, 170, 162, 27, 97, 178, 0, 6, 72, 153, 168, 25, 65, 3, 123, 223, 171, 131, 71, 191, 18, 58, 172, 86, 69, 38, 106, 99, 139, 78, 104, 236, 207, 182, 251, 150, 23, 125, 116, 126, 63, 3, 39, 45, 113, 163, 128, 73, 8, 54, 22, 22, 6, 177, 117, 25, 250, 166, 65, 150, 160, 196, 130, 142, 26, 237, 50, 18, 214, 198, 186, 90, 200, 50, 114, 24, 209, 117, 65, 173, 196, 223, 89, 190, 14, 78, 215, 19, 207, 211, 80, 33, 217, 127, 111, 6, 85, 101, 132, 37, 56, 104, 97, 70, 170, 73, 217, 26, 2, 103, 101, 101, 28, 158, 49, 198, 6, 29, 42, 177, 91, 66, 42, 153, 230, 135, 111, 210, 116, 75, 120, 144, 194, 153, 86, 97, 123, 102, 120, 81, 181, 144, 90, 29, 48, 29, 108, 140, 33, 208, 229, 41, 196, 4, 170, 233, 208, 161, 27, 226, 1, 78, 230, 103, 152, 216, 214, 151, 165, 155, 133, 241, 102, 127, 142, 46, 253, 142, 158, 2, 5, 44, 87, 32, 107, 38, 183, 72, 95, 24, 119, 58, 155, 49, 217, 171, 65, 140, 65, 69, 59, 241, 6, 17, 79, 142, 134, 81, 167, 174, 4, 243, 4, 198, 111, 158, 72, 211, 166, 47, 128, 242, 240, 252, 94, 214, 26, 225, 138, 79, 253, 30, 159, 143, 124, 184, 7, 102, 174, 55, 139, 10, 144, 105, 42, 148, 130, 125, 0, 132, 201, 98, 117, 166, 61, 104, 229, 137, 50, 120, 190, 103, 226, 230, 58, 99, 89, 3, 220, 166, 165, 140, 42, 157, 11, 201, 21, 107, 171, 37, 20, 5, 169, 156, 48, 35, 154, 156, 120, 119, 150, 114, 221, 194, 50, 176, 174, 41, 182, 113, 63, 17, 167, 97, 0, 12, 103, 146, 29, 218, 215, 241, 171, 137, 4, 180, 237, 85, 71, 3, 175, 164, 17, 217, 66, 237, 45, 10, 94, 183, 84, 115, 204, 197, 13, 214, 165, 180, 159, 113, 43, 164, 75, 64, 29, 48, 149, 203, 90, 177, 42, 180, 52, 172, 108, 248, 76, 8, 9, 72, 240, 115, 122, 108, 75, 30, 94, 47, 87, 126, 40, 171, 25, 81, 0, 18, 118, 201, 95, 8, 201, 62, 172, 157, 145, 185, 96, 119, 150, 238, 4, 60, 80, 65, 190, 29, 136, 141, 81, 191, 123, 179, 90, 242, 37, 168, 123, 234, 50, 55, 179, 51, 107, 39, 119, 226, 122, 191, 104, 63, 90, 164, 59, 62, 57, 72, 133, 38, 54, 104, 246, 206, 169, 56, 100, 255, 23, 87, 38, 224, 16, 236, 21, 240, 250, 143, 232, 176, 128, 129, 62, 11, 121, 226, 201, 185, 97, 121, 91, 54, 126, 252, 152, 163, 149, 249, 5, 166, 23, 190, 85, 88, 149, 205, 24, 13, 206, 105, 232, 253, 114, 182, 245, 93, 143, 189, 219, 98, 67, 83, 166, 173, 80, 203, 162, 42, 28, 229, 43, 42, 32, 238, 244, 74, 141, 95, 229, 46, 38, 22, 21, 177, 251, 223, 92, 120, 37, 66, 45, 184, 53, 84, 222, 85, 176, 181, 178, 164, 62, 17, 153, 150, 24, 127, 96, 183, 90, 227, 127, 233, 166, 142, 158, 37, 20, 20, 234, 16, 217, 63, 137, 51, 101, 141, 123, 65, 180, 38, 95, 97, 113, 136, 171, 69, 46, 237, 205, 247, 114, 103, 44, 232, 13, 142, 115, 75, 151, 66, 157, 108, 196, 178, 200, 52, 37, 41, 188, 242, 84, 248, 45, 53, 112, 178, 165, 220, 42, 210, 28, 47, 167, 178, 118, 200, 211, 192, 234, 208, 27, 53, 236, 109, 103, 244, 75, 198, 36, 71, 6, 189, 172, 39, 224, 109, 77, 194, 162, 241, 27, 119, 196, 136, 21, 56, 134, 178, 133, 236, 227, 37, 211, 136, 15, 37, 170, 154, 213, 93, 45, 51, 3, 200, 44, 233, 149, 87, 151, 223, 179, 53, 6, 133, 165, 166, 248, 121, 223, 221, 27, 117, 240, 188, 61, 252, 51, 235, 38, 174, 87, 132, 52, 148, 122, 101, 38, 100, 114, 74, 23, 19, 244, 212, 28, 196, 125, 84, 253, 42, 233, 209, 81, 112, 233, 95, 107, 99, 55, 50, 149, 45, 91, 109, 46, 81, 245, 98, 244, 160, 54, 148, 117, 232, 119, 29, 38, 20, 147, 247, 61, 19, 136, 151, 255, 204, 227, 242, 55, 14, 99, 29, 167, 45, 16, 146, 151, 94, 198, 247, 159, 149, 181, 123, 54, 193, 250, 158, 10, 148, 34, 98, 235, 190, 205, 73, 253, 105, 107, 149, 236, 122, 154, 10, 244, 148, 17, 109, 228, 68, 113, 251, 28, 80, 186, 89, 50, 46, 168, 112, 1, 255, 145, 33, 129, 105, 171, 54, 180, 193, 213, 242, 52, 6, 91, 58, 70, 74, 99, 248, 108, 97, 106, 62, 208, 1, 33, 157, 7, 129, 26, 65, 27, 109, 38, 90, 114, 237, 23, 35, 56, 213, 139, 65, 207, 196, 42, 43, 56, 32, 184, 152, 197, 167, 0, 197, 99, 65, 127, 194, 145, 31, 205, 169, 36, 162, 73, 73, 156, 176, 68, 238, 160, 220, 6, 104, 142, 152, 164, 244, 16, 240, 109, 36, 173, 46, 104, 31, 205, 29, 224, 135, 125, 11, 111, 226, 9, 65, 51, 125, 233, 156, 114, 53, 23, 10, 195, 149, 226, 11, 179, 74, 32, 3, 245, 72, 95, 36, 8, 58, 50, 33, 92, 105, 129, 103, 250, 18, 17, 88, 226, 34, 14, 197, 210, 161, 9, 189, 192, 200, 62, 24, 166, 136, 161, 167, 154, 71, 167, 4, 147, 206, 71, 86, 52, 67, 36, 56, 162, 32, 17, 206, 138, 66, 95, 142, 219, 49, 237, 101, 140, 57, 80, 28, 138, 16, 250, 111, 7, 195, 232, 195, 189, 73, 90, 238, 105, 90, 237, 185, 71, 141, 38, 68, 254, 38, 171, 11, 131, 210, 73, 60, 182, 191, 196, 151, 239, 114, 29, 52, 158, 155, 15, 136, 254, 160, 177, 229, 238, 208, 160, 178, 238, 194, 21, 83, 191, 56, 67, 189, 30, 204, 8, 120, 145, 71, 41, 53, 156, 162, 35, 74, 58, 56, 15, 135, 171, 107, 174, 118, 72, 137, 249, 176, 251, 15, 5, 70, 189, 25, 93, 17, 254, 72, 206, 247, 145, 59, 38, 6, 144, 207, 49, 133, 44, 135, 218, 127, 33, 17, 19, 231, 162, 219, 26, 161, 4, 154, 44, 54, 27, 65, 8, 8, 177, 247, 103, 234, 52, 62, 131, 146, 65, 251, 170, 179, 151, 137, 241, 69, 71, 202, 198, 190, 191, 248, 57, 58, 237, 131, 24, 142, 234, 183, 16, 158, 214, 146, 27, 158, 188, 207, 212, 3, 73, 146, 128, 220, 81, 239, 207, 239, 92, 161, 195, 193, 48, 130, 38, 111, 16, 126, 4, 173, 172, 248, 94, 13, 216, 2, 96, 133, 170, 197, 152, 42, 150, 202, 101, 180, 101, 254, 130, 60, 54, 32, 240, 250, 53, 99, 92, 115, 167, 147, 44, 57, 250, 253, 221, 132, 187, 13, 156, 130, 174, 35, 81, 179, 151, 240, 46, 49, 124, 134, 120, 143, 67, 126, 54, 77, 170, 225, 241, 28, 78, 71, 20, 27, 7, 10, 84, 140, 59, 13, 54, 139, 66, 186, 93, 243, 2, 105, 188, 136, 104, 58, 207, 165, 118, 60, 95, 167, 192, 112, 174, 11, 48, 182, 2, 150, 193, 26, 157, 3, 96, 120, 192, 135, 207, 70, 228, 173, 238, 126, 216, 183, 58, 60, 62, 238, 163, 161, 55, 162, 173, 133, 150, 243, 193, 160, 20, 213, 4, 253, 69, 60, 9, 164, 142, 220, 223, 240, 229, 164, 143, 132, 244, 43, 145, 176, 143, 78, 44, 82, 52, 110, 14, 119, 190, 162, 53, 16, 8, 95, 137, 181, 99, 44, 99, 184, 26, 58, 221, 19, 128, 104, 175, 119, 183, 59, 208, 31, 22, 189, 168, 204, 105, 242, 214, 67, 118, 62, 94, 204, 1, 84, 110, 154, 3, 71, 35, 235, 72, 232, 248, 19, 21, 71, 243, 197, 182, 194, 235, 92, 30, 150, 81, 240, 227, 253, 205, 72, 252, 118, 24, 62, 38, 186, 105, 103, 79, 250, 203, 56, 197, 174, 136, 74, 162, 144, 61, 132, 54, 181, 50, 118, 56, 42, 39, 85, 186, 117, 29, 184, 100, 3, 183, 185, 34, 79, 237, 221, 175, 113, 142, 30, 108, 151, 108, 215, 80, 231, 54, 30, 47, 203, 54, 31, 93, 75, 52, 133, 54, 214, 22, 245, 141, 46, 161, 214, 46, 227, 182, 61, 76, 52, 36, 45, 181, 20, 16, 217, 233, 255, 73, 83, 192, 41, 98, 124, 42, 81, 141, 77, 93, 117, 191, 45, 33, 89, 46, 99, 9, 14, 146, 228, 83, 114, 180, 136, 53, 56, 74, 246, 15, 221, 241, 5, 215, 216, 149, 251, 164, 116, 30, 70, 132, 14, 242, 84, 208, 151, 110, 147, 28, 86, 198, 144, 43, 78, 100, 205, 88, 180, 171, 222, 7, 25, 201, 106, 128, 141, 52, 54, 119, 1, 27, 6, 225, 120, 157, 120, 204, 176, 125, 54, 46, 48, 153, 29, 181, 6, 86, 215, 75, 198, 135, 3, 239, 129, 94, 232, 125, 179, 72, 71, 68, 183, 173, 125, 140, 92, 3, 20, 97, 255, 153, 233, 37, 141, 250, 114, 90, 192, 63, 193, 4, 194, 33, 200, 134, 119, 100, 227, 98, 4, 208, 185, 213, 46, 130, 162, 172, 232, 130, 232, 115, 29, 102, 225, 14, 229, 26, 209, 87, 66, 167, 17, 203, 148, 50, 213, 111, 97, 35, 90, 146, 39, 143, 246, 230, 208, 218, 74, 96, 135, 210, 166, 228, 45, 228, 60, 6, 155, 50, 208, 132, 128, 179, 211, 40, 136, 213, 50, 81, 178, 195, 104, 131, 231, 156, 51, 230, 224, 172, 208, 85, 111, 35, 157, 151, 66, 140, 185, 22, 61, 45, 136, 66, 48, 119, 84, 164, 142, 228, 172, 174, 244, 137, 25, 123, 203, 246, 113, 223, 88, 92, 173, 41, 71, 188, 236, 201, 7, 134, 237, 34, 55, 29, 192, 150, 39, 139, 61, 46, 50, 20, 234, 169, 205, 236, 4, 168, 105, 103, 20, 47, 128, 28, 121, 97, 148, 147, 252, 49, 167, 8, 70, 46, 200, 92, 61, 172, 7, 85, 104, 132, 69, 59, 155, 228, 82, 26, 9, 219, 148, 23, 22, 155, 114, 53, 207, 183, 234, 187, 243, 53, 57, 79, 145, 17, 90, 185, 31, 85, 100, 206, 162, 192, 131, 87, 104, 242, 71, 182, 221, 99, 67, 216, 144, 52, 20, 106, 195, 252, 26, 10, 40, 246, 96, 157, 103, 3, 2, 8, 148, 196, 104, 22, 65, 4, 187, 58, 18, 48, 5, 114, 70, 147, 96, 236, 29, 118, 1, 103, 55, 56, 147, 85, 182, 46, 237, 70, 142, 44, 211, 189, 100, 27, 220, 190, 29, 230, 174, 23, 45, 80, 19, 110, 176, 207, 127, 82, 175, 232, 152, 22, 136, 182, 54, 49, 157, 45, 166, 125, 225, 38, 23, 175, 125, 253, 153, 83, 246, 138, 12, 131, 218, 1, 238, 9, 246, 101, 132, 156, 52, 130, 235, 99, 112, 79, 132, 95, 160, 1, 8, 214, 240, 5, 18, 79, 17, 10, 10, 177, 143, 128, 35, 60, 104, 35, 39, 49, 3, 116, 19, 93, 91, 92, 194, 210, 23, 148, 149, 57, 230, 173, 94, 19, 234, 21, 22, 96, 15, 55, 98, 48, 16, 12, 88, 169, 145, 236, 163, 137, 134, 146, 26, 16, 240, 210, 5, 144, 41, 219, 167, 220, 110, 12, 5, 205, 114, 32, 203, 103, 19, 201, 162, 184, 186, 106, 115, 251, 175, 17, 76, 51, 165, 136, 102, 29, 183, 103, 97, 93, 245, 115, 119, 21, 144, 112, 72, 176, 233, 14, 82, 148, 167, 34, 23, 39, 44, 109, 218, 235, 115, 204, 220, 96, 29, 192, 114, 139, 71, 246, 192, 46, 140, 202, 79, 94, 33, 87, 19, 64, 63, 34, 125, 106, 100, 232, 92, 240, 84, 10, 120, 58, 45, 88, 202, 235, 128, 188, 238, 232, 150, 181, 195, 44, 44, 116, 169, 184, 45, 32, 212, 84, 18, 34, 236, 240, 77, 198, 238, 234, 155, 112, 65, 20, 240, 31, 88, 246, 102, 232, 167, 127, 144, 234, 126, 0, 117, 154, 17, 60, 5, 240, 168, 161, 124, 26, 241, 101, 61, 109, 177, 49, 7, 175, 243, 219, 167, 4, 51, 229, 243, 38, 229, 117, 217, 132, 154, 52, 225, 9, 39, 84, 67, 150, 94, 146, 218, 20, 86, 7, 158, 97, 17, 85, 207, 53, 35, 199, 231, 60, 35, 1, 16, 37, 148, 230, 69, 83, 121, 228, 129, 155, 229, 102, 196, 170, 153, 189, 139, 25, 76, 249, 176, 90, 101, 217, 185, 110, 174, 183, 155, 240, 14, 222, 158, 188, 197, 186, 50, 138, 124, 208, 112, 181, 80, 69, 219, 42, 233, 224, 35, 46, 67, 63, 111, 81, 24, 79, 247, 73, 172, 45, 176, 250, 199, 250, 11, 36, 71, 217, 165, 137, 82, 139, 186, 162, 237, 205, 224, 175, 246, 154, 120, 42, 97, 181, 5, 201, 246, 101, 149, 239, 163, 165, 237, 137, 25, 223, 180, 170, 17, 17, 85, 150, 97, 46, 13, 9, 55, 18, 126, 230, 56, 149, 105, 7, 42, 49, 140, 162, 97, 35, 176, 9, 109, 92, 96, 83, 8, 9, 135, 123, 37, 151, 15, 55, 88, 136, 111, 32, 187, 225, 126, 147, 150, 215, 204, 47, 71, 75, 51, 192, 79, 24, 2, 188, 0, 243, 173, 34, 76, 187, 161, 210, 41, 160, 65, 231, 91, 82, 155, 13, 137, 170, 58, 2, 73, 149, 42, 8, 191, 249, 74, 42, 44, 105, 110, 210, 32, 179, 66, 127, 161, 86, 203, 72, 232, 40, 112, 217, 202, 55, 54, 123, 182, 227, 215, 172, 152, 4, 58, 18, 121, 82, 136, 54, 77, 227, 174, 243, 168, 20, 156, 9, 66, 110, 14, 90, 115, 17, 178, 157, 92, 232, 193, 122, 153, 161, 148, 208, 176, 30, 247, 17, 85, 57, 226, 215, 6, 222, 122, 220, 28, 22, 107, 2, 18, 125, 47, 213, 16, 207, 23, 1, 212, 44, 244, 143, 80, 237, 201, 75, 32, 26, 140, 45, 210, 245, 8, 147, 12, 3, 203, 230, 177, 98, 95, 159, 155, 207, 110, 87, 158, 43, 10, 21, 96, 238, 165, 34, 49, 200, 6, 81, 39, 214, 241, 19, 67, 152, 138, 136, 45, 236, 26, 146, 253, 114, 83, 224, 141, 86, 22, 127, 198, 102, 128, 180, 78, 217, 2, 19, 135, 133, 215, 80, 47, 103, 15, 19, 178, 0, 114, 136, 179, 172, 166, 132, 164, 150, 58, 225, 230, 82, 60, 242, 175, 245, 176, 34, 138, 171, 93, 5, 37, 141, 79, 183, 155, 150, 188, 6, 182, 10, 243, 251, 249, 228, 112, 30, 9, 248, 5, 247, 204, 67, 128, 28, 68, 181, 25, 203, 27, 66, 49, 118, 154, 102, 185, 151, 21, 75, 33, 6, 123, 164, 75, 107, 235, 82, 149, 116, 214, 141, 39, 166, 141, 61, 67, 249, 30, 216, 27, 233, 218, 202, 238, 117, 188, 6, 44, 132, 109, 214, 101, 30, 26, 10, 34, 156, 120, 210, 91, 206, 149, 151, 106, 122, 95, 191, 100, 110, 78, 74, 190, 153, 48, 38, 30, 241, 92, 222, 104, 231, 65, 105, 249, 45, 12, 190, 216, 81, 78, 64, 166, 100, 168, 0, 189, 53, 205, 43, 222, 28, 227, 42, 150, 247, 86, 64, 170, 231, 39, 82, 65, 148, 57, 255, 10, 21, 117, 15, 255, 230, 150, 57, 110, 144, 218, 111, 34, 188, 217, 72, 115, 39, 24, 15, 171, 10, 216, 103, 151, 206, 125, 60, 254, 205, 103, 3, 22, 33, 192, 249, 229, 168, 201, 74, 12, 127, 231, 97, 163, 244, 183, 104, 128, 232, 179, 213, 30, 134, 178, 48, 109, 84, 237, 96, 42, 39, 185, 196, 248, 32, 3, 164, 3, 240, 245, 133, 242, 161, 86, 171, 190, 77, 93, 199, 217, 145, 30, 209, 143, 27, 73, 47, 16, 47, 53, 130, 224, 168, 98, 234, 231, 32, 173, 201, 133, 120, 224, 36, 22, 202, 105, 22, 219, 47, 169, 236, 163, 135, 217, 224, 200, 156, 43, 130, 227, 81, 23, 227, 150, 195, 250, 187, 34, 38, 218, 0, 101, 74, 191, 92, 185, 61, 32, 71, 40, 27, 224, 199, 204, 80, 206, 132, 134, 45, 49, 98, 53, 117, 77, 50, 7, 139, 250, 218, 163, 38, 186, 91, 214, 54, 25, 117, 196, 170, 140, 55, 221, 230, 231, 25, 77, 66, 180, 241, 43, 91, 64, 98, 220, 178, 104, 254, 83, 67, 101, 161, 124, 17, 184, 95, 102, 136, 218, 227, 92, 76, 36, 10, 245, 173, 200, 154, 8, 252, 247, 187, 248, 114, 122, 115, 109, 4, 211, 20, 60, 220, 123, 126, 182, 22, 46, 16, 65, 83, 237, 24, 204, 7, 207, 165, 66, 161, 7, 105, 32, 97, 107, 99, 162, 54, 160, 164, 18, 53, 225, 19, 129, 163, 122, 109, 123, 30, 61, 173, 106, 130, 162, 173, 252, 86, 124, 75, 225, 181, 146, 47, 135, 177, 196, 65, 13, 55, 152, 245, 187, 156, 121, 203, 39, 163, 252, 111, 2, 42, 154, 225, 159, 248, 58, 88, 79, 224, 211, 10, 244, 136, 9, 172, 61, 187, 216, 218, 180, 223, 186, 115, 249, 124, 103, 25, 38, 37, 42, 227, 239, 37, 230, 232, 215, 199, 234, 250, 253, 222, 123, 77, 187, 22, 8, 97, 153, 159, 193, 58, 191, 106, 160, 185, 227, 130, 79, 0, 71, 96, 235, 128, 169, 35, 160, 158, 156, 143, 148, 69, 51, 168, 81, 180, 32, 181, 171, 83, 21, 148, 8, 143, 206, 105, 151, 93, 84, 187, 222, 151, 137, 152, 92, 199, 73, 12, 255, 133, 111, 99, 204, 2, 5, 100, 63, 41, 237, 95, 222, 222, 211, 194, 174, 241, 140, 130, 133, 236, 53, 183, 233, 137, 133, 82, 86, 142, 56, 40, 164, 253, 10, 32, 34, 160, 157, 230, 170, 71, 72, 193, 58, 156, 20, 165, 167, 204, 126, 110, 216, 222, 134, 154, 92, 216, 137, 159, 67, 152, 130, 33, 238, 61, 75, 122, 39, 84, 60, 99, 127, 139, 232, 225, 179, 244, 69, 30, 50, 142, 118, 23, 225, 93, 242, 192, 249, 13, 122, 72, 19, 155, 160, 3, 140, 106, 232, 7, 31, 20, 147, 183, 89, 161, 48, 109, 4, 179, 125, 90, 85, 55, 181, 132, 51, 23, 243, 227, 96, 244, 169, 250, 8, 226, 65, 21, 182, 252, 83, 22, 119, 193, 85, 227, 199, 121, 129, 1, 212, 51, 37, 41, 20, 55, 67, 186, 230, 217, 148, 193, 118, 74, 23, 79, 199, 175, 184, 8, 186, 170, 3, 172, 34, 3, 67, 15, 19, 49, 37, 57, 100, 62, 253, 76, 43, 19, 39, 78, 70, 2, 1, 89, 164, 183, 130, 87, 18, 241, 183, 11, 21, 186, 129, 40, 223, 154, 199, 47, 36, 66, 38, 216, 22, 13, 251, 25, 5, 118, 106, 219, 117, 8, 120, 38, 58, 103, 216, 253, 203, 132, 101, 23, 206, 166, 46, 152, 224, 243, 63, 213, 205, 38, 33, 217, 41, 128, 104, 240, 165, 165, 93, 149, 216, 183, 250, 148, 162, 141, 40, 29, 31, 65, 199, 31, 228, 166, 92, 182, 19, 241, 210, 85, 12, 231, 217, 54, 97, 160, 108, 216, 89, 188, 35, 83, 32, 136, 121, 59, 110, 2, 170, 6, 154, 84, 234, 33, 88, 58, 102, 3, 227, 169, 255, 43, 124, 195, 8, 77, 144, 43, 181, 59, 195, 223, 125, 107, 13, 87, 157, 190, 108, 229, 190, 166, 36, 117, 108, 32, 76, 130, 192, 77, 241, 108, 243, 54, 181, 35, 184, 82, 192, 171, 99, 220, 8, 18, 187, 244, 6, 175, 252, 12, 238, 124, 76, 248, 91, 206, 205, 38, 114, 86, 220, 16, 22, 10, 168, 85, 58, 87, 248, 175, 41, 187, 203, 135, 173, 197, 244, 249, 245, 30, 54, 120, 239, 110, 89, 118, 132, 240, 154, 19, 176, 129, 89, 188, 211, 112, 80, 35, 113, 56, 255, 29, 115, 61, 27, 108, 63, 247, 48, 20, 47, 36, 209, 144, 21, 67, 162, 117, 108, 106, 192, 30, 232, 0, 207, 70, 203, 95, 235, 79, 234, 11, 208, 188, 155, 9, 229, 193, 120, 87, 193, 59, 224, 234, 86, 102, 194, 154, 177, 106, 170, 219, 80, 19, 238, 3, 173, 65, 96, 241, 104, 198, 254, 32, 136, 48, 125, 78, 205, 40, 66, 114, 96, 108, 38, 57, 103, 141, 252, 74, 135, 245, 131, 14, 24, 31, 151, 104, 144, 78, 125, 17, 57, 35, 25, 130, 53, 77, 235, 99, 1, 154, 141, 14, 229, 221, 49, 97, 97, 226, 32, 227, 156, 70, 228, 253, 71, 27, 17, 178, 105, 117, 217, 99, 89, 188, 167, 155, 113, 171, 228, 195, 27, 86, 85, 168, 66, 100, 207, 118, 223, 186, 252, 65, 190, 2, 3, 157, 56, 6, 105, 90, 180, 4, 21, 214, 81, 140, 147, 228, 141, 70, 145, 131, 194, 217, 14, 203, 147, 252, 188, 232, 238, 236, 1, 254, 156, 82, 76, 142, 0, 1, 136, 230, 225, 41, 80, 84, 212, 80, 121, 106, 184, 183, 60, 227, 186, 97, 229, 88, 221, 164, 54, 249, 54, 74, 108, 94, 113, 111, 180, 229, 135, 1, 24, 208, 22, 92, 179, 33, 124, 186, 198, 146, 122, 65, 102, 80, 111, 58, 132, 147, 56, 63, 71, 220, 209, 78, 199, 187, 57, 2, 81, 84, 71, 45, 215, 218, 69, 202, 183, 179, 225, 65, 6, 76, 213, 140, 128, 247, 132, 227, 201, 50, 229, 46, 20, 115, 207, 181, 242, 210, 128, 240, 176, 42, 45, 36, 158, 68, 99, 244, 249, 50, 101, 170, 142, 105, 66, 91, 187, 45, 96, 29, 208, 214, 8, 232, 173, 34, 56, 237, 70, 173, 16, 221, 26, 28, 93, 28, 47, 221, 44, 219, 148, 177, 157, 225, 93, 77, 249, 192, 86, 107, 60, 6, 23, 42, 8, 126, 44, 19, 101, 192, 213, 57, 84, 101, 16, 117, 77, 1, 197, 78, 85, 60, 147, 204, 125, 37, 186, 233, 108, 113, 127, 37, 53, 242, 17, 127, 231, 112, 245, 69, 215, 243, 116, 129, 180, 4, 6, 252, 226, 30, 244, 80, 220, 30, 137, 151, 44, 218, 22, 140, 212, 155, 17, 246, 253, 83, 234, 211, 20, 249, 25, 178, 145, 221, 54, 197, 79, 5, 112, 121, 46, 21, 126, 139, 76, 117, 137, 187, 224, 5, 234, 17, 204, 180, 6, 44, 164, 188, 112, 105, 43, 200, 247, 106, 105, 59, 82, 113, 118, 139, 241, 118, 236, 24, 10, 118, 127, 213, 135, 185, 164, 219, 145, 247, 211, 86, 121, 19, 136, 151, 169, 160, 39, 182, 196, 84, 199, 32, 122, 75, 22, 46, 99, 71, 43, 15, 176, 13, 140, 60, 220, 237, 1, 228, 168, 44, 248, 248, 179, 10, 238, 38, 83, 223, 53, 130, 124, 228, 6, 240, 151, 180, 248, 4, 134, 140, 245, 31, 167, 71, 30, 78, 210, 220, 159, 245, 162, 89, 97, 188, 149, 184, 247, 60, 249, 176, 138, 145, 96, 245, 13, 12, 223, 166, 126, 249, 172, 225, 72, 8, 34, 11, 89, 128, 10, 192, 0, 122, 213, 206, 116, 100, 18, 54, 215, 1, 156, 10, 199, 107, 132, 246, 86, 91, 173, 116, 17, 194, 56, 10, 148, 10, 175, 254, 132, 85, 180, 54, 17, 150, 140, 194, 0, 23, 172, 149, 57, 38, 198, 211, 156, 223, 149, 224, 20, 151, 145, 145, 163, 30, 108, 235, 229, 15, 18, 94, 207, 4, 159, 58, 77, 111, 185, 21, 59, 76, 189, 113, 110, 182, 184, 57, 157, 135, 159, 150, 114, 208, 195, 114, 151, 114, 182, 102, 91, 47, 101, 1, 132, 112, 105, 92, 21, 176, 47, 88, 215, 177, 59, 10, 163, 219, 193, 142, 178, 20, 63, 60, 131, 204, 82, 112, 94, 23, 21, 15, 14, 47, 126, 4, 132, 189, 147, 40, 188, 55, 84, 139, 255, 78, 162, 149, 116, 107, 152, 161, 138, 179, 244, 170, 194, 92, 126, 12, 9, 89, 81, 86, 159, 18, 190, 10, 69, 137, 91, 130, 93, 171, 26, 216, 90, 25, 138, 164, 204, 2, 227, 197, 13, 227, 206, 191, 36, 236, 108, 0, 155, 39, 30, 235, 144, 35, 106, 87, 36, 57, 194, 198, 215, 181, 129, 134, 213, 0, 120, 181, 73, 130, 186, 188, 20, 254, 26, 149, 218, 175, 18, 81, 156, 154, 141, 150, 214, 14, 248, 209, 196, 90, 4, 74, 202, 126, 173, 107, 84, 58, 9, 100, 166, 115, 249, 12, 202, 95, 186, 43, 58, 64, 69, 189, 206, 170, 81, 124, 129, 13, 139, 201, 217, 194, 16, 59, 80, 134, 27, 75, 145, 142, 89, 223, 136, 234, 88, 146, 254, 158, 13, 63, 146, 228, 237, 90, 173, 157, 112, 79, 199, 44, 225, 130, 102, 224, 40, 214, 11, 240, 57, 143, 209, 48, 168, 90, 45, 150, 0, 136, 49, 143, 225, 77, 236, 30, 100, 191, 128, 102, 156, 4, 48, 42, 57, 12, 240, 199, 39, 85, 4, 51, 93, 220, 10, 138, 192, 199, 198, 234, 254, 237, 179, 211, 155, 136, 254, 121, 142, 253, 131, 230, 77, 253, 4, 24, 35, 163, 104, 210, 172, 248, 110, 81, 226, 226, 74, 109, 123, 241, 156, 73, 232, 251, 254, 17, 60, 49, 216, 164, 25, 145, 64, 62, 5, 56, 85, 41, 114, 112, 86, 211, 106, 237, 236, 31, 191, 42, 203, 127, 48, 147, 172, 221, 79, 36, 231, 233, 5, 51, 173, 141, 103, 211, 172, 228, 118, 246, 209, 29, 218, 51, 173, 52, 85, 140, 139, 79, 43, 193, 63, 20, 184, 92, 63, 169, 209, 127, 216, 128, 162, 226, 116, 128, 156, 1, 167, 253, 68, 23, 92, 16, 160, 147, 130, 197, 179, 243, 145, 122, 165, 243, 55, 186, 39, 250, 32, 60, 86, 47, 172, 130, 114, 153, 62, 114, 23, 196, 212, 161, 107, 238, 175, 20, 172, 116, 54, 37, 24, 137, 74, 131, 114, 86, 248, 254, 157, 43, 142, 180, 34, 5, 125, 133, 64, 27, 124, 71, 74, 20, 30, 61, 112, 34, 173, 7, 165, 185, 55, 177, 234, 126, 167, 149, 176, 157, 78, 206, 202, 32, 247, 28, 149, 87, 213, 255, 233, 226, 243, 93, 107, 220, 6, 57, 180, 125, 21, 34, 43, 28, 107, 188, 26, 34, 139, 252, 201, 100, 230, 185, 215, 38, 210, 24, 12, 148, 25, 90, 234, 84, 49, 26, 227, 25, 90, 179, 149, 77, 100, 32, 58, 1, 165, 190, 108, 174, 185, 112, 54, 74, 165, 175, 42, 92, 216, 217, 31, 201, 95, 43, 219, 65, 162, 220, 85, 20, 145, 56, 239, 182, 125, 37, 250, 160, 120, 203, 101, 30, 62, 27, 88, 167, 48, 42, 3, 185, 169, 124, 101, 77, 232, 74, 130, 222, 43, 143, 44, 187, 165, 16, 75, 219, 63, 8, 227, 122, 225, 160, 93, 76, 162, 171, 87, 13, 216, 88, 36, 184, 46, 63, 183, 234, 11, 222, 70, 111, 89, 130, 90, 97, 249, 142, 93, 162, 53, 7, 253, 179, 139, 234, 30, 251, 234, 165, 31, 220, 103, 24, 180, 65, 177, 56, 137, 164, 72, 71, 151, 6, 113, 244, 103, 13, 168, 29, 139, 209, 117, 25, 178, 11, 183, 22, 33, 157, 70, 171, 139, 43, 23, 2, 182, 122, 207, 154, 187, 105, 236, 104, 107, 236, 106, 201, 53, 234, 188, 126, 129, 31, 129, 41, 237, 128, 107, 104, 247, 73, 28, 144, 13, 40, 181, 41, 104, 78, 247, 130, 156, 105, 139, 99, 229, 70, 212, 172, 38, 241, 117, 140, 99, 152, 75, 43, 163, 30, 89, 91, 111, 23, 159, 110, 87, 47, 124, 61, 65, 52, 171, 118, 138, 233, 211, 138, 72, 180, 139, 10, 214, 42, 108, 177, 115, 38, 220, 6, 20, 77, 194, 160, 140, 27, 191, 55, 91, 252, 17, 111, 228, 145, 198, 81, 143, 247, 212, 98, 95, 8, 151, 170, 87, 127, 72, 140, 79, 174, 81, 47, 15, 253, 187, 183, 130, 201, 109, 112, 46, 198, 250, 116, 224, 161, 31, 209, 82, 165, 110, 98, 60, 193, 150, 178, 228, 110, 22, 150, 65, 243, 102, 7, 28, 33, 231, 108, 231, 47, 223, 135, 147, 202, 9, 50, 214, 115, 243, 255, 141, 163, 81, 83, 193, 110, 199, 67, 63, 30, 22, 31, 106, 186, 136, 41, 26, 71, 22, 190, 48, 64, 56, 221, 101, 198, 160, 108, 192, 215, 42, 182, 81, 242, 192, 174, 87, 189, 193, 160, 31, 163, 160, 129, 210, 157, 141, 25, 75, 171, 189, 71, 120, 182, 232, 126, 207, 227, 54, 228, 194, 48, 48, 47, 210, 51, 112, 185, 179, 232, 174, 159, 11, 232, 125, 176, 7, 227, 99, 28, 213, 105, 160, 248, 31, 23, 69, 9, 183, 208, 63, 7, 176, 129, 21, 71, 164, 224, 104, 204, 7, 109, 186, 167, 201, 172, 197, 215, 66, 173, 171, 42, 0, 5, 200, 198, 24, 142, 189, 172, 61, 80, 156, 178, 209, 21, 51, 13, 22, 102, 92, 63, 147, 96, 54, 150, 175, 94, 134, 84, 191, 150, 242, 8, 166, 206, 77, 98, 238, 181, 121, 139, 13, 31, 149, 109, 206, 246, 159, 29, 165, 130, 64, 40, 13, 7, 25, 35, 137, 20, 160, 235, 5, 213, 55, 38, 24, 236, 227, 202, 28, 30, 6, 126, 136, 160, 41, 229, 114, 135, 196, 77, 233, 149, 27, 202, 19, 135, 175, 247, 206, 110, 165, 13, 21, 60, 22, 29, 195, 82, 20, 223, 28, 221, 220, 29, 118, 52, 147, 245, 226, 122, 139, 49, 233, 103, 97, 26, 241, 13, 223, 2, 91, 20, 136, 188, 128, 105, 79, 6, 158, 9, 173, 198, 80, 163, 111, 199, 119, 115, 241, 210, 225, 218, 221, 157, 218, 117, 229, 78, 97, 25, 29, 177, 198, 144, 0, 200, 95, 12, 16, 5, 10, 96, 163, 185, 218, 119, 136, 158, 89, 27, 127, 105, 177, 80, 110, 233, 164, 174, 189, 179, 146, 59, 169, 79, 230, 231, 96, 183, 183, 45, 81, 27, 49, 220, 71, 252, 44, 73, 233, 255, 159, 12, 131, 202, 208, 164, 197, 12, 169, 155, 156, 99, 89, 72, 17, 197, 73, 26, 231, 23, 55, 67, 221, 11, 108, 214, 240, 98, 22, 252, 79, 239, 241, 11, 153, 140, 126, 33, 32, 46, 213, 54, 230, 85, 73, 196, 40, 53, 194, 44, 186, 25, 80, 75, 185, 14, 82, 177, 217, 13, 240, 169, 12, 109, 210, 125, 198, 150, 117, 72, 117, 40, 95, 232, 208, 253, 228, 22, 104, 80, 184, 104, 151, 23, 124, 216, 127, 13, 58, 128, 110, 63, 67, 13, 246, 169, 25, 78, 255, 56, 45, 200, 192, 96, 102, 192, 49, 156, 40, 138, 136, 79, 201, 121, 90, 79, 85, 14, 231, 34, 76, 157, 95, 124, 255, 205, 215, 39, 168, 94, 121, 216, 116, 195, 227, 119, 202, 204, 117, 223, 40, 215, 99, 231, 179, 218, 81, 204, 203, 164, 14, 7, 164, 95, 205, 33, 135, 242, 0, 103, 112, 125, 29, 158, 98, 118, 193, 33, 186, 110, 177, 240, 232, 73, 107, 188, 75, 66, 149, 145, 139, 140, 117, 28, 38, 47, 39, 53, 64, 181, 110, 174, 126, 178, 37, 250, 68, 18, 108, 42, 62, 89, 6, 170, 8, 99, 200, 63, 139, 152, 166, 174, 187, 212, 217, 34, 129, 111, 234, 181, 144, 169, 161, 100, 85, 239, 123, 59, 177, 9, 230, 147, 252, 209, 115, 14, 170, 159, 24, 69, 192, 67, 173, 133, 105, 15, 28, 8, 183, 80, 114, 232, 56, 250, 167, 231, 105, 187, 252, 226, 7, 250, 197, 239, 95, 219, 58, 157, 208, 241, 204, 188, 238, 150, 85, 9, 112, 115, 219, 15, 97, 144, 186, 166, 55, 203, 58, 252, 195, 171, 38, 43, 112, 46, 192, 27, 183, 31, 159, 170, 72, 172, 62, 22, 145, 242, 32, 227, 209, 119, 62, 14, 66, 131, 234, 125, 27, 124, 188, 58, 37, 235, 163, 194, 172, 56, 250, 187, 116, 100, 160, 245, 172, 40, 27, 55, 92, 35, 53, 223, 152, 64, 90, 17, 211, 230, 54, 109, 56, 147, 72, 85, 113, 105, 127, 207, 113, 155, 95, 185, 176, 25, 85, 50, 251, 163, 126, 250, 161, 253, 35, 53, 42, 204, 25, 0, 64, 215, 242, 161, 44, 206, 241, 104, 85, 231, 7, 108, 67, 46, 66, 241, 109, 107, 239, 115, 97, 12, 229, 1, 47, 134, 44, 95, 94, 8, 157, 32, 12, 212, 246, 1, 118, 111, 125, 40, 224, 208, 121, 65, 84, 15, 0, 138, 150, 40, 87, 16, 210, 14, 211, 40, 28, 154, 157, 76, 43, 44, 170, 23, 111, 216, 137, 101, 189, 37, 132, 139, 91, 73, 113, 33, 115, 53, 122, 21, 246, 183, 34, 1, 194, 71, 57, 25, 4, 58, 65, 246, 4, 43, 51, 45, 119, 234, 164, 131, 67, 113, 30, 149, 120, 188, 100, 149, 243, 247, 110, 190, 193, 247, 244, 27, 247, 79, 74, 203, 173, 252, 172, 25, 68, 87, 25, 48, 42, 161, 203, 53, 195, 14, 166, 222, 124, 28, 228, 109, 122, 103, 20, 49, 234, 192, 57, 227, 15, 253, 32, 116, 205, 60, 12, 58, 179, 81, 132, 34, 162, 138, 240, 118, 191, 56, 123, 224, 152, 242, 184, 70, 131, 51, 141, 140, 211, 51, 169, 97, 213, 172, 238, 205, 83, 159, 10, 88, 63, 88, 141, 2, 13, 23, 13, 28, 12, 47, 41, 15, 25, 21, 201, 91, 216, 98, 66, 61, 250, 20, 100, 214, 251, 107, 212, 16, 222, 190, 207, 122, 216, 149, 227, 48, 34, 106, 21, 207, 197, 0, 70, 133, 56, 203, 201, 133, 54, 101, 251, 28, 168, 129, 161, 199, 128, 205, 20, 59, 2, 92, 177, 175, 45, 58, 130, 48, 21, 151, 89, 143, 242, 185, 82, 30, 140, 112, 36, 249, 121, 101, 41, 80, 124, 30, 142, 81, 245, 174, 156, 78, 66, 253, 99, 144, 110, 66, 93, 31, 37, 150, 40, 63, 144, 140, 229, 8, 177, 162, 82, 28, 161, 163, 130, 99, 9, 70, 43, 19, 238, 42, 208, 147, 24, 58, 40, 97, 60, 129, 99, 9, 208, 199, 158, 110, 11, 56, 84, 101, 45, 217, 98, 93, 143, 192, 59, 95, 97, 60, 75, 142, 233, 221, 1, 80, 222, 147, 39, 235, 16, 7, 120, 44, 33, 67, 194, 195, 245, 95, 9, 237, 26, 52, 227, 85, 88, 158, 44, 11, 108, 43, 23, 80, 155, 135, 44, 254, 210, 85, 238, 109, 218, 148, 196, 42, 100, 232, 43, 220, 157, 118, 162, 87, 88, 231, 109, 246, 118, 90, 24, 51, 70, 221, 185, 234, 178, 110, 76, 236, 4, 2, 103, 43, 66, 150, 245, 35, 3, 57, 144, 144, 177, 123, 64, 249, 119, 155, 244, 96, 119, 129, 72, 177, 17, 249, 208, 22, 216, 66, 82, 245, 127, 245, 66, 79, 212, 158, 90, 20, 248, 209, 68, 177, 187, 182, 98, 6, 52, 113, 113, 135, 158, 67, 85, 154, 76, 40, 11, 218, 237, 118, 104, 96, 158, 132, 92, 123, 6, 172, 251, 23, 143, 222, 134, 31, 118, 33, 44, 50, 198, 71, 80, 96, 102, 189, 222, 44, 23, 161, 175, 216, 205, 172, 16, 2, 254, 125, 205, 157, 57, 194, 229, 3, 111, 86, 236, 200, 189, 84, 236, 169, 106, 231, 28, 119, 50, 41, 169, 176, 128, 33, 227, 8, 104, 187, 14, 118, 122, 29, 126, 179, 59, 191, 103, 20, 90, 43, 228, 176, 212, 154, 136, 175, 85, 250, 226, 233, 134, 243, 159, 243, 244, 105, 252, 114, 245, 123, 170, 68, 228, 78, 12, 103, 151, 83, 175, 19, 217, 95, 122, 120, 115, 84, 200, 230, 103, 13, 19, 134, 200, 208, 31, 192, 80, 86, 163, 200, 3, 11, 28, 190, 199, 76, 253, 214, 18, 104, 115, 2, 18, 192, 80, 67, 124, 243, 106, 238, 35, 134, 7, 2, 211, 126, 142, 113, 120, 61, 76, 96, 93, 156, 119, 244, 103, 40, 96, 208, 97, 38, 198, 23, 8, 66, 173, 174, 140, 106, 188, 234, 81, 218, 106, 103, 235, 12, 248, 228, 95, 129, 174, 223, 125, 209, 190, 238, 186, 201, 60, 123, 202, 4, 224, 32, 89, 228, 255, 133, 57, 89, 84, 134, 52, 221, 191, 0, 51, 8, 212, 117, 97, 175, 18, 97, 224, 137, 189, 62, 250, 231, 137, 30, 132, 140, 241, 0, 179, 251, 176, 62, 98, 74, 189, 133, 170, 230, 165, 236, 63, 148, 51, 202, 28, 246, 76, 82, 91, 132, 85, 181, 191, 162, 249, 78, 164, 27, 5, 5, 177, 173, 108, 26, 227, 10, 71, 209, 21, 115, 84, 52, 108, 24, 81, 165, 212, 142, 121, 139, 136, 245, 123, 98, 182, 48, 102, 104, 249, 110, 25, 37, 15, 155, 228, 82, 172, 203, 190, 158, 114, 61, 168, 79, 124, 205, 28, 105, 201, 56, 87, 40, 138, 154, 218, 160, 108, 116, 60, 124, 13, 128, 235, 12, 127, 66, 82, 42, 51, 162, 227, 215, 35, 94, 29, 232, 22, 162, 220, 49, 145, 0, 95, 243, 198, 100, 155, 225, 1, 173, 137, 76, 142, 176, 114, 9, 31, 8, 191, 45, 218, 147, 195, 206, 31, 63, 54, 113, 200, 223, 128, 122, 156, 55, 238, 247, 28, 77, 142, 142, 119, 157, 173, 82, 126, 86, 191, 38, 158, 32, 128, 34, 116, 101, 3, 111, 63, 193, 111, 230, 154, 157, 168, 151, 238, 117, 187, 120, 223, 230, 46, 187, 227, 63, 173, 152, 39, 39, 123, 14, 83, 113, 87, 209, 149, 119, 43, 189, 24, 15, 217, 176, 190, 38, 184, 88, 62, 27, 95, 11, 37, 60, 126, 166, 198, 3, 155, 141, 182, 170, 76, 26, 169, 143, 244, 113, 68, 8, 7, 159, 25, 181, 248, 36, 234, 185, 91, 184, 25, 100, 50, 172, 168, 231, 186, 73, 110, 87, 107, 248, 68, 111, 82, 31, 240, 159, 140, 136, 166, 147, 206, 228, 240, 238, 7, 70, 199, 192, 95, 104, 247, 69, 175, 141, 209, 214, 113, 185, 44, 143, 213, 39, 190, 202, 139, 15, 8, 62, 76, 190, 76, 17, 31, 218, 123, 208, 231, 129, 136, 55, 13, 243, 82, 167, 93, 8, 123, 231, 221, 114, 187, 207, 85, 75, 210, 140, 20, 9, 107, 222, 235, 38, 28, 179, 90, 53, 42, 114, 111, 118, 217, 223, 251, 22, 139, 107, 164, 1, 228, 129, 6, 187, 200, 20, 132, 42, 214, 147, 112, 4, 199, 191, 32, 26, 76, 46, 5, 13, 3, 12, 40, 52, 70, 236, 236, 116, 4, 234, 80, 39, 62, 56, 138, 64, 197, 134, 126, 122, 6, 207, 60, 39, 16, 80, 1, 209, 5, 125, 88, 67, 148, 72, 8, 245, 156, 72, 40, 72, 183, 13, 247, 129, 22, 114, 201, 67, 175, 59, 129, 153, 164, 120, 101, 37, 10, 37, 145, 239, 62, 167, 100, 183, 43, 70, 224, 27, 107, 160, 3, 225, 164, 101, 115, 191, 246, 7, 117, 112, 243, 251, 255, 14, 184, 130, 50, 45, 75, 113, 230, 184, 131, 110, 111, 42, 136, 53, 57, 3, 99, 26, 67, 191, 219, 6, 143, 11, 181, 32, 43, 202, 212, 114, 220, 27, 151, 102, 187, 23, 162, 135, 115, 162, 30, 222, 240, 173, 233, 73, 3, 68, 22, 118, 233, 128, 240, 23, 50, 83, 151, 159, 107, 138, 246, 191, 40, 44, 45, 48, 51, 17, 58, 50, 254, 19, 66, 37, 122, 102, 176, 31, 151, 97, 3, 198, 93, 211, 51, 205, 27, 163, 18, 134, 149, 187, 255, 240, 220, 44, 195, 67, 17, 45, 99, 32, 130, 248, 127, 74, 241, 44, 190, 86, 194, 153, 227, 127, 51, 40, 236, 24, 5, 172, 179, 122, 97, 234, 135, 242, 139, 205, 89, 250, 159, 8, 49, 224, 12, 40, 117, 219, 242, 247, 93, 84, 191, 140, 102, 132, 185, 243, 172, 158, 76, 68, 6, 38, 178, 107, 75, 218, 122, 143, 108, 149, 126, 10, 13, 177, 165, 51, 7, 9, 156, 79, 97, 246, 115, 7, 93, 24, 120, 114, 186, 88, 106, 231, 254, 86, 26, 161, 25, 101, 221, 214, 116, 115, 242, 14, 81, 183, 149, 5, 124, 46, 223, 58, 235, 28, 164, 246, 14, 204, 152, 250, 138, 140, 106, 243, 56, 68, 120, 134, 66, 45, 31, 2, 86, 225, 14, 26, 36, 204, 85, 230, 229, 213, 247, 174, 125, 64, 11, 201, 20, 35, 35, 6, 71, 186, 134, 48, 241, 229, 158, 127, 178, 215, 252, 45, 237, 226, 70, 32, 166, 178, 44, 109, 231, 147, 94, 216, 156, 193, 168, 124, 252, 81, 64, 15, 43, 12, 158, 8, 7, 65, 94, 82, 130, 28, 204, 137, 64, 85, 23, 8, 225, 116, 138, 90, 18, 234, 255, 76, 247, 24, 113, 195, 83, 85, 24, 23, 8, 193, 92, 160, 229, 34, 203, 157, 201, 95, 62, 166, 39, 168, 77, 43, 48, 111, 202, 188, 53, 240, 21, 96, 182, 119, 109, 192, 194, 33, 224, 213, 105, 107, 113, 147, 6, 230, 95, 18, 237, 241, 62, 227, 254, 205, 180, 35, 242, 113, 29, 218, 244, 220, 143, 25, 65, 86, 32, 32, 29, 71, 131, 253, 126, 87, 137, 30, 216, 105, 97, 214, 68, 164, 154, 117, 10, 73, 78, 11, 117, 115, 56, 144, 92, 249, 56, 169, 1, 186, 217, 111, 146, 197, 233, 222, 29, 243, 42, 138, 83, 24, 68, 55, 87, 152, 130, 215, 112, 41, 17, 45, 144, 118, 18, 4, 124, 192, 200, 236, 17, 28, 0, 239, 175, 83, 77, 22, 253, 94, 115, 120, 215, 149, 124, 185, 209, 151, 52, 210, 13, 30, 237, 14, 208, 36, 50, 215, 61, 244, 41, 165, 220, 70, 65, 137, 106, 187, 43, 172, 34, 254, 238, 248, 6, 171, 221, 163, 49, 162, 199, 141, 5, 77, 35, 34, 171, 15, 102, 27, 119, 176, 138, 185, 148, 51, 47, 148, 114, 82, 77, 88, 244, 45, 194, 20, 233, 69, 185, 120, 210, 77, 43, 44, 86, 156, 166, 45, 15, 191, 236, 105, 82, 128, 124, 35, 145, 233, 150, 144, 77, 215, 204, 134, 75, 156, 141, 79, 206, 113, 196, 232, 225, 77, 81, 189, 177, 96, 127, 17, 61, 128, 72, 192, 117, 226, 237, 192, 147, 63, 120, 14, 39, 250, 220, 98, 131, 92, 81, 111, 11, 16, 105, 112, 174, 101, 190, 238, 77, 92, 0, 0, 90, 250, 62, 202, 89, 209, 18, 56, 61, 26, 156, 186, 128, 124, 18, 254, 145, 92, 56, 47, 167, 151, 31, 69, 192, 222, 37, 55, 146, 76, 214, 3, 40, 120, 122, 51, 137, 181, 159, 136, 127, 199, 58, 215, 217, 5, 16, 166, 37, 2, 184, 77, 50, 27, 237, 200, 171, 207, 85, 75, 129, 193, 242, 13, 74, 157, 92, 204, 86, 255, 54, 53, 183, 61, 100, 230, 241, 213, 49, 229, 255, 91, 99, 49, 77, 13, 13, 215, 119, 40, 139, 88, 43, 67, 23, 47, 254, 240, 208, 122, 24, 41, 68, 165, 234, 138, 16, 250, 170, 113, 202, 227, 247, 33, 208, 219, 94, 68, 38, 212, 89, 61, 228, 112, 10, 240, 183, 34, 174, 162, 168, 108, 41, 52, 205, 33, 94, 58, 45, 130, 65, 8, 145, 154, 217, 190, 103, 63, 106, 39, 99, 164, 36, 170, 37, 109, 207, 222, 54, 37, 10, 193, 145, 171, 208, 64, 220, 64, 144, 44, 62, 144, 45, 226, 232, 174, 225, 64, 40, 17, 93, 220, 224, 17, 211, 102, 229, 196, 211, 86, 202, 39, 252, 218, 58, 103, 212, 221, 141, 60, 88, 123, 237, 181, 139, 40, 53, 99, 177, 110, 68, 130, 77, 5, 207, 201, 3, 178, 200, 85, 31, 151, 247, 8, 94, 76, 228, 175, 74, 42, 225, 2, 143, 81, 57, 250, 225, 136, 237, 242, 153, 48, 224, 50, 204, 27, 252, 48, 47, 110, 151, 79, 118, 218, 0, 16, 80, 51, 98, 7, 202, 3, 16, 216, 118, 133, 151, 232, 156, 248, 247, 171, 123, 228, 195, 207, 187, 37, 47, 18, 247, 125, 221, 41, 214, 238, 60, 3, 165, 148, 108, 47, 118, 180, 201, 8, 59, 3, 140, 81, 146, 188, 65, 182, 220, 151, 243, 204, 122, 80, 25, 148, 124, 9, 224, 135, 60, 10, 73, 30, 197, 109, 53, 59, 122, 88, 246, 126, 205, 80, 62, 118, 69, 166, 210, 166, 160, 84, 249, 117, 123, 16, 8, 235, 156, 123, 45, 109, 3, 98, 22, 37, 205, 97, 37, 251, 106, 6, 75, 12, 98, 169, 175, 206, 182, 92, 93, 11, 154, 165, 185, 188, 255, 252, 42, 11, 28, 21, 152, 104, 73, 48, 85, 27, 226, 161, 34, 46, 25, 146, 85, 15, 59, 252, 123, 233, 147, 28, 111, 28, 134, 177, 112, 144, 218, 2, 245, 249, 145, 181, 196, 133, 41, 180, 103, 37, 255, 26, 208, 195, 123, 174, 211, 160, 190, 233, 189, 169, 214, 88, 226, 141, 196, 84, 134, 92, 236, 168, 0, 151, 198, 201, 220, 72, 15, 79, 183, 39, 219, 217, 169, 108, 145, 67, 237, 133, 176, 153, 242, 176, 166, 121, 234, 219, 225, 48, 81, 9, 2, 101, 54, 32, 219, 23, 139, 211, 250, 22, 81, 32, 73, 2, 51, 50, 251, 89, 214, 17, 71, 162, 14, 212, 38, 66, 209, 102, 89, 129, 237, 68, 234, 47, 161, 195, 17, 124, 210, 76, 152, 44, 235, 31, 218, 133, 116, 49, 70, 52, 95, 173, 146, 71, 3, 255, 94, 199, 182, 212, 62, 217, 90, 204, 92, 204, 95, 179, 136, 40, 25, 179, 212, 83, 13, 18, 235, 114, 103, 124, 255, 35, 208, 42, 165, 0, 119, 173, 189, 128, 147, 181, 191, 100, 171, 169, 231, 221, 122, 26, 120, 217, 142, 98, 76, 239, 93, 45, 147, 209, 140, 48, 74, 134, 67, 244, 157, 22, 28, 212, 0, 129, 43, 105, 5, 23, 44, 48, 230, 139, 43, 4, 51, 125, 168, 156, 129, 34, 141, 23, 238, 36, 10, 125, 100, 47, 42, 45, 122, 172, 106, 103, 4, 69, 164, 209, 63, 140, 84, 125, 154, 131, 36, 122, 220, 91, 40, 201, 162, 120, 125, 18, 186, 77, 245, 207, 124, 224, 210, 195, 254, 151, 212, 133, 123, 253, 93, 96, 158, 162, 28, 102, 90, 53, 169, 148, 48, 240, 69, 67, 138, 118, 56, 36, 2, 206, 254, 213, 167, 37, 53, 93, 108, 181, 142, 169, 81, 21, 161, 193, 164, 150, 121, 240, 238, 19, 153, 224, 203, 2, 37, 248, 64, 76, 5, 31, 237, 247, 239, 26, 250, 110, 248, 238, 220, 240, 196, 139, 38, 46, 215, 130, 236, 23, 248, 56, 36, 65, 25, 157, 197, 214, 23, 164, 131, 116, 148, 34, 69, 125, 2, 253, 56, 89, 26, 94, 12, 89, 87, 239, 157, 11, 104, 222, 201, 17, 96, 204, 141, 47, 0, 217, 189, 73, 138, 233, 130, 117, 169, 30, 51, 163, 97, 107, 82, 14, 207, 255, 51, 193, 38, 241, 140, 138, 171, 24, 126, 231, 90, 225, 112, 9, 54, 249, 12, 35, 52, 147, 190, 155, 41, 29, 253, 200, 51, 198, 195, 116, 255, 72, 133, 90, 223, 149, 86, 244, 179, 92, 79, 125, 228, 243, 117, 66, 233, 28, 114, 56, 253, 248, 21, 254, 69, 11, 63, 4, 32, 6, 18, 40, 187, 179, 161, 187, 59, 78, 47, 215, 4, 108, 107, 198, 83, 152, 41, 181, 60, 105, 149, 204, 103, 243, 211, 203, 153, 37, 218, 14, 217, 165, 38, 56, 236, 103, 203, 15, 14, 225, 66, 58, 161, 47, 21, 39, 8, 13, 248, 198, 165, 42, 68, 81, 187, 220, 43, 13, 45, 37, 51, 249, 178, 202, 86, 135, 48, 214, 165, 212, 236, 29, 68, 190, 30, 26, 222, 78, 238, 2, 81, 183, 143, 37, 242, 246, 17, 46, 64, 47, 171, 38, 245, 215, 162, 139, 52, 228, 118, 210, 101, 165, 193, 83, 34, 60, 82, 147, 175, 202, 99, 81, 17, 25, 41, 33, 234, 121, 56, 202, 20, 73, 194, 10, 235, 87, 155, 161, 157, 157, 91, 95, 187, 218, 45, 228, 91, 2, 196, 241, 82, 153, 188, 62, 30, 62, 16, 79, 171, 25, 107, 82, 5, 124, 40, 47, 194, 73, 76, 156, 30, 172, 84, 227, 139, 183, 150, 7, 4, 153, 154, 218, 16, 172, 232, 96, 139, 223, 69, 18, 14, 84, 222, 162, 209, 205, 185, 31, 217, 10, 42, 13, 167, 7, 230, 102, 57, 170, 219, 164, 46, 14, 8, 202, 223, 119, 95, 39, 30, 167, 188, 137, 131, 28, 253, 100, 166, 49, 50, 24, 254, 124, 178, 242, 188, 224, 240, 230, 43, 238, 28, 46, 186, 12, 51, 139, 128, 243, 89, 50, 189, 29, 44, 246, 74, 215, 160, 17, 111, 15, 223, 14, 176, 135, 159, 97, 136, 159, 114, 125, 101, 126, 192, 55, 120, 1, 199, 148, 168, 51, 43, 39, 230, 73, 168, 20, 45, 30, 131, 82, 170, 15, 215, 34, 57, 141, 96, 182, 90, 84, 9, 186, 188, 70, 87, 23, 216, 124, 211, 230, 67, 69, 205, 159, 145, 131, 69, 190, 216, 192, 234, 12, 159, 5, 140, 17, 71, 236, 173, 16, 151, 10, 200, 189, 58, 205, 40, 43, 5, 145, 127, 31, 191, 198, 15, 10, 232, 145, 31, 227, 153, 224, 218, 189, 28, 199, 43, 25, 203, 65, 126, 239, 203, 203, 200, 62, 11, 109, 119, 184, 117, 1, 173, 188, 28, 231, 146, 7, 192, 209, 192, 8, 162, 247, 24, 238, 232, 26, 129, 7, 38, 140, 163, 79, 214, 246, 161, 90, 87, 34, 110, 222, 53, 151, 8, 248, 239, 69, 26, 47, 73, 75, 198, 1, 121, 151, 96, 164, 161, 119, 65, 31, 42, 165, 25, 71, 131, 28, 141, 220, 85, 255, 38, 200, 37, 130, 75, 115, 28, 188, 233, 71, 38, 187, 19, 229, 23, 44, 50, 152, 177, 160, 180, 39, 48, 162, 192, 214, 66, 206, 6, 227, 16, 173, 231, 251, 191, 225, 25, 45, 50, 60, 55, 254, 66, 169, 31, 115, 125, 0, 173, 59, 107, 214, 112, 10, 202, 0, 177, 179, 119, 57, 180, 180, 218, 57, 100, 65, 97, 33, 81, 153, 163, 167, 163, 142, 135, 228, 98, 102, 226, 150, 46, 126, 66, 135, 255, 3, 155, 4, 51, 61, 223, 222, 249, 81, 63, 146, 62, 58, 143, 41, 90, 20, 89, 169, 46, 169, 70, 118, 46, 48, 67, 202, 205, 92, 117, 120, 226, 40, 220, 32, 93, 187, 104, 49, 173, 250, 105, 196, 160, 236, 109, 210, 155, 25, 124, 173, 158, 23, 49, 228, 254, 161, 221, 209, 237, 147, 219, 15, 234, 0, 165, 193, 114, 40, 241, 104, 143, 227, 229, 128, 50, 146, 63, 87, 55, 192, 86, 149, 147, 49, 27, 52, 222, 65, 115, 86, 131, 197, 63, 182, 50, 3, 8, 210, 117, 128, 224, 194, 208, 202, 73, 36, 151, 31, 14, 85, 228, 203, 5, 202, 217, 230, 223, 121, 183, 81, 53, 17, 109, 146, 77, 235, 110, 16, 236, 217, 43, 129, 251, 62, 247, 70, 78, 83, 20, 75, 238, 114, 112, 62, 134, 173, 71, 94, 87, 101, 243, 254, 155, 224, 27, 102, 232, 57, 150, 17, 37, 103, 196, 186, 140, 75, 206, 77, 135, 25, 161, 63, 145, 108, 212, 98, 151, 73, 42, 177, 63, 228, 214, 0, 224, 220, 205, 233, 7, 230, 133, 37, 161, 189, 61, 210, 248, 118, 213, 175, 93, 11, 112, 56, 166, 46, 212, 114, 244, 120, 50, 235, 229, 248, 154, 206, 162, 254, 43, 249, 184, 215, 184, 8, 55, 144, 143, 29, 176, 200, 40, 180, 106, 95, 135, 181, 19, 193, 98, 211, 160, 95, 161, 237, 158, 229, 136, 131, 144, 2, 196, 153, 72, 184, 52, 7, 220, 209, 246, 218, 107, 137, 233, 9, 252, 217, 219, 75, 8, 207, 65, 134, 163, 150, 224, 83, 36, 175, 0, 237, 48, 13, 79, 232, 90, 38, 84, 27, 82, 233, 69, 232, 197, 69, 150, 0, 229, 101, 113, 253, 195, 116, 43, 158, 189, 138, 75, 168, 60, 139, 90, 197, 83, 87, 73, 146, 74, 131, 74, 14, 10, 19, 185, 77, 105, 199, 209, 31, 169, 180, 10, 89, 27, 239, 174, 133, 142, 104, 178, 5, 75, 143, 44, 3, 158, 19, 227, 104, 18, 72, 136, 9, 3, 50, 48, 218, 214, 10, 69, 177, 179, 195, 208, 172, 143, 71, 228, 52, 160, 32, 130, 73, 22, 235, 157, 61, 179, 228, 185, 37, 159, 92, 113, 26, 254, 229, 57, 121, 238, 4, 184, 161, 139, 101, 2, 62, 105, 14, 125, 13, 108, 80, 241, 16, 120, 166, 50, 240, 102, 124, 244, 105, 3, 27, 163, 3, 151, 97, 122, 82, 172, 192, 151, 76, 43, 90, 195, 159, 163, 64, 50, 53, 190, 146, 216, 34, 195, 37, 29, 206, 168, 83, 83, 177, 122, 100, 171, 41, 8, 171, 96, 203, 158, 251, 34, 83, 67, 42, 168, 69, 121, 109, 177, 140, 129, 249, 149, 116, 145, 69, 23, 7, 26, 190, 247, 103, 185, 139, 69, 37, 106, 14, 190, 78, 5, 188, 80, 65, 24, 236, 89, 126, 62, 114, 183, 216, 133, 95, 230, 150, 150, 66, 42, 44, 118, 17, 157, 83, 103, 36, 23, 45, 230, 139, 76, 110, 205, 211, 239, 214, 48, 51, 29, 181, 97, 243, 50, 84, 37, 44, 119, 70, 217, 110, 99, 3, 132, 152, 14, 178, 208, 216, 189, 48, 37, 37, 213, 184, 218, 121, 167, 133, 83, 196, 90, 13, 51, 65, 49, 149, 109, 139, 242, 38, 107, 228, 231, 161, 65, 117, 99, 183, 210, 140, 41, 43, 251, 21, 10, 25, 41, 62, 107, 69, 65, 78, 183, 30, 39, 71, 88, 41, 185, 164, 62, 104, 214, 40, 249, 7, 45, 197, 90, 53, 238, 163, 106, 19, 147, 120, 199, 120, 63, 249, 203, 141, 246, 29, 72, 227, 154, 166, 103, 19, 55, 22, 127, 186, 15, 181, 239, 191, 48, 255, 83, 201, 212, 229, 196, 15, 166, 158, 149, 20, 216, 248, 190, 4, 134, 178, 157, 36, 72, 33, 182, 82, 90, 241, 152, 142, 54, 112, 37, 51, 132, 161, 155, 25, 86, 41, 174, 2, 153, 253, 146, 161, 229, 63, 81, 134, 127, 207, 193, 58, 131, 169, 162, 6, 90, 37, 48, 214, 245, 197, 28, 251, 47, 177, 156, 168, 158, 214, 206, 28, 109, 220, 26, 0, 192, 164, 182, 130, 29, 118, 93, 144, 3, 124, 241, 162, 44, 194, 110, 107, 108, 227, 31, 1, 115, 146, 3, 246, 2, 23, 110, 7, 250, 181, 216, 235, 93, 168, 243, 247, 170, 110, 194, 245, 66, 9, 39, 123, 193, 169, 190, 18, 153, 87, 105, 132, 40, 42, 20, 156, 140, 68, 107, 19, 170, 13, 182, 70, 218, 86, 205, 109, 19, 58, 24, 141, 151, 106, 171, 57, 59, 143, 40, 247, 175, 236, 181, 255, 151, 243, 51, 157, 107, 99, 239, 15, 182, 222, 226, 41, 45, 72, 40, 23, 141, 190, 7, 45, 1, 69, 209, 9, 222, 177, 62, 114, 21, 123, 143, 209, 146, 149, 7, 9, 135, 57, 92, 32, 83, 219, 192, 136, 13, 85, 67, 161, 199, 19, 54, 107, 155, 21, 124, 243, 205, 222, 100, 41, 97, 103, 236, 16, 142, 77, 251, 45, 150, 64, 142, 9, 178, 232, 206, 116, 158, 193, 138, 145, 213, 98, 173, 248, 221, 89, 180, 184, 54, 245, 151, 45, 74, 47, 46, 31, 50, 126, 247, 206, 32, 31, 122, 33, 226, 245, 15, 252, 167, 25, 36, 213, 9, 34, 84, 0, 12, 238, 197, 238, 10, 148, 78, 91, 107, 141, 11, 20, 241, 83, 192, 84, 66, 76, 101, 47, 79, 22, 77, 203, 130, 239, 177, 32, 18, 225, 90, 137, 106, 173, 11, 83, 69, 101, 183, 117, 247, 47, 193, 216, 80, 113, 171, 114, 120, 34, 149, 16, 160, 249, 56, 208, 249, 143, 29, 96, 19, 46, 208, 243, 145, 194, 177, 205, 36, 86, 119, 169, 96, 144, 110, 234, 122, 206, 199, 199, 250, 84, 127, 41, 150, 91, 192, 128, 153, 78, 174, 90, 54, 57, 90, 200, 138, 191, 37, 253, 230, 86, 112, 148, 166, 164, 237, 234, 139, 162, 188, 151, 63, 20, 50, 4, 78, 91, 145, 236, 38, 176, 134, 255, 50, 61, 230, 175, 240, 188, 132, 196, 134, 134, 210, 209, 164, 88, 170, 164, 13, 49, 180, 63, 234, 135, 6, 2, 107, 104, 223, 182, 54, 166, 157, 174, 8, 6, 181, 189, 204, 121, 113, 141, 141, 134, 54, 192, 234, 164, 120, 190, 82, 91, 45, 79, 57, 12, 154, 5, 86, 69, 94, 115, 189, 98, 126, 14, 142, 150, 185, 227, 97, 32, 170, 194, 224, 104, 217, 85, 80, 177, 131, 45, 112, 43, 13, 30, 192, 6, 171, 16, 254, 2, 64, 134, 58, 247, 79, 148, 49, 152, 3, 117, 43, 173, 107, 86, 132, 216, 104, 68, 90, 161, 174, 20, 250, 20, 30, 209, 76, 47, 20, 2, 39, 12, 21, 186, 95, 52, 220, 195, 155, 64, 68, 107, 60, 189, 245, 245, 77, 36, 224, 227, 22, 98, 241, 254, 6, 48, 212, 229, 203, 183, 137, 4, 151, 69, 165, 21, 53, 79, 232, 133, 221, 139, 100, 242, 53, 198, 250, 241, 126, 183, 99, 239, 255, 164, 209, 61, 225, 5, 39, 38, 108, 176, 180, 17, 253, 124, 124, 192, 198, 151, 179, 21, 42, 153, 199, 181, 227, 59, 199, 38, 149, 172, 80, 73, 15, 97, 155, 11, 255, 214, 11, 102, 30, 234, 161, 35, 42, 43, 22, 203, 10, 23, 182, 43, 185, 177, 87, 24, 2, 247, 200, 120, 17, 59, 68, 107, 250, 194, 115, 61, 209, 107, 191, 62, 34, 249, 20, 32, 233, 109, 254, 227, 114, 33, 135, 114, 178, 12, 32, 75, 117, 20, 45, 64, 179, 126, 236, 215, 112, 103, 15, 216, 68, 88, 233, 86, 52, 147, 166, 35, 255, 14, 114, 105, 206, 242, 93, 214, 90, 32, 65, 200, 200, 58, 135, 10, 38, 80, 244, 19, 196, 172, 230, 226, 203, 137, 245, 102, 204, 112, 61, 7, 224, 94, 3, 85, 246, 239, 28, 206, 70, 2, 117, 178, 229, 49, 75, 149, 182, 36, 231, 151, 138, 102, 19, 120, 17, 228, 249, 219, 125, 37, 98, 31, 59, 146, 121, 124, 112, 252, 14, 200, 141, 226, 222, 32, 129, 170, 3, 91, 162, 29, 111, 200, 97, 96, 24, 113, 17, 58, 35, 158, 116, 243, 177, 6, 34, 115, 104, 208, 116, 14, 67, 253, 23, 148, 51, 224, 12, 127, 132, 149, 86, 148, 233, 8, 6, 85, 64, 159, 72, 247, 3, 51, 67, 29, 118, 8, 101, 7, 249, 234, 222, 122, 60, 108, 251, 165, 251, 74, 42, 152, 174, 86, 128, 39, 140, 115, 63, 40, 119, 57, 92, 204, 0, 99, 93, 227, 187, 8, 21, 79, 11, 0, 154, 24, 60, 170, 56, 95, 153, 108, 180, 116, 152, 149, 148, 183, 11, 243, 194, 131, 141, 98, 80, 195, 196, 157, 202, 219, 199, 19, 136, 246, 234, 172, 87, 192, 39, 3, 253, 42, 46, 220, 20, 190, 4, 96, 89, 225, 122, 104, 252, 25, 222, 249, 225, 166, 72, 153, 194, 128, 108, 1, 156, 75, 217, 226, 242, 47, 177, 53, 85, 170, 120, 171, 184, 35, 168, 75, 113, 120, 132, 20, 57, 172, 203, 209, 33, 154, 45, 99, 39, 27, 227, 20, 190, 210, 232, 222, 138, 183, 204, 228, 69, 244, 129, 208, 142, 37, 254, 202, 94, 121, 171, 247, 247, 44, 29, 19, 200, 151, 145, 148, 81, 84, 127, 33, 228, 193, 89, 1, 168, 112, 103, 16, 80, 245, 134, 22, 41, 143, 251, 132, 226, 24, 113, 148, 42, 113, 23, 151, 79, 85, 19, 243, 169, 27, 94, 32, 144, 143, 42, 220, 25, 46, 58, 59, 94, 136, 159, 247, 176, 169, 15, 83, 73, 142, 253, 248, 95, 17, 106, 22, 41, 240, 173, 178, 35, 248, 59, 30, 178, 16, 208, 240, 41, 161, 65, 95, 92, 213, 243, 124, 115, 33, 50, 245, 170, 163, 20, 133, 254, 120, 180, 70, 8, 129, 3, 108, 11, 55, 215, 28, 129, 62, 82, 12, 26, 157, 26, 166, 75, 136, 175, 91, 254, 161, 185, 13, 107, 21, 24, 62, 238, 190, 105, 226, 3, 25, 143, 166, 62, 218, 173, 32, 119, 96, 28, 84, 253, 235, 37, 247, 157, 128, 81, 135, 43, 211, 31, 60, 186, 65, 67, 29, 67, 175, 2, 151, 162, 216, 74, 202, 176, 78, 169, 26, 246, 253, 207, 89, 198, 171, 21, 74, 204, 198, 145, 155, 1, 72, 63, 4, 84, 248, 57, 240, 240, 201, 75, 119, 198, 79, 67, 228, 169, 94, 150, 2, 73, 89, 43, 253, 68, 36, 79, 18, 103, 80, 143, 49, 219, 29, 103, 178, 154, 228, 20, 94, 111, 199, 102, 20, 147, 57, 51, 210, 165, 251, 86, 13, 16, 14, 66, 133, 100, 113, 109, 84, 1, 234, 22, 33, 0, 54, 151, 179, 21, 149, 150, 178, 27, 246, 88, 47, 129, 219, 124, 188, 84, 1, 3, 39, 142, 145, 33, 45, 125, 93, 156, 138, 208, 11, 28, 232, 4, 234, 55, 142, 235, 113, 45, 20, 45, 17, 216, 214, 83, 155, 13, 94, 122, 195, 10, 28, 163, 146, 236, 3, 93, 139, 84, 253, 78, 80, 20, 130, 162, 104, 103, 115, 245, 145, 103, 73, 68, 111, 238, 39, 133, 242, 105, 61, 33, 81, 146, 0, 200, 150, 208, 79, 144, 54, 255, 183, 54, 236, 140, 227, 76, 169, 232, 133, 77, 234, 235, 216, 234, 172, 30, 229, 63, 101, 98, 219, 124, 166, 193, 30, 150, 193, 133, 131, 51, 251, 153, 90, 146, 197, 5, 163, 113, 209, 63, 115, 214, 245, 153, 59, 137, 59, 212, 43, 171, 165, 96, 26, 207, 244, 210, 5, 11, 50, 139, 10, 203, 151, 55, 4, 248, 72, 48, 249, 6, 15, 237, 40, 76, 142, 219, 252, 141, 195, 60, 243, 174, 41, 203, 142, 173, 72, 179, 3, 101, 250, 249, 242, 23, 219, 106, 36, 245, 160, 125, 104, 231, 82, 126, 183, 202, 42, 184, 34, 171, 84, 178, 70, 39, 219, 193, 145, 148, 78, 144, 6, 169, 82, 189, 68, 35, 155, 38, 81, 50, 120, 153, 53, 245, 45, 25, 52, 199, 237, 108, 121, 25, 242, 69, 139, 6, 117, 156, 254, 222, 59, 181, 38, 61, 245, 110, 127, 225, 97, 77, 84, 160, 133, 173, 234, 230, 141, 160, 144, 13, 175, 16, 121, 160, 123, 154, 70, 200, 75, 108, 120, 209, 190, 20, 48, 26, 210, 197, 27, 109, 101, 91, 77, 141, 97, 74, 78, 109, 16, 232, 129, 41, 136, 78, 188, 232, 74, 246, 12, 107, 33, 70, 202, 152, 156, 114, 28, 87, 137, 199, 108, 117, 22, 125, 45, 254, 216, 245, 41, 89, 205, 137, 120, 200, 86, 101, 80, 156, 99, 88, 235, 187, 213, 152, 108, 182, 172, 136, 11, 206, 77, 171, 17, 29, 31, 39, 136, 188, 89, 46, 203, 191, 93, 28, 110, 80, 109, 66, 212, 37, 160, 143, 18, 29, 59, 80, 143, 251, 207, 37, 5, 37, 178, 1, 162, 31, 169, 96, 43, 132, 93, 134, 89, 123, 195, 242, 187, 235, 10, 24, 152, 180, 71, 125, 155, 62, 31, 178, 233, 241, 222, 108, 21, 140, 142, 42, 214, 242, 186, 207, 194, 94, 4, 186, 61, 251, 45, 156, 70, 156, 243, 143, 234, 156, 200, 207, 216, 214, 230, 179, 5, 126, 22, 79, 27, 58, 236, 46, 192, 177, 131, 25, 11, 159, 86, 50, 159, 174, 214, 33, 121, 214, 123, 40, 174, 210, 109, 9, 225, 129, 239, 177, 248, 154, 82, 8, 5, 42, 76, 6, 94, 209, 147, 230, 205, 144, 49, 142, 32, 62, 189, 15, 170, 205, 31, 27, 17, 229, 243, 165, 74, 214, 217, 168, 134, 36, 44, 136, 36, 48, 136, 140, 42, 199, 2, 115, 224, 164, 80, 48, 104, 86, 213, 200, 121, 185, 86, 230, 16, 253, 159, 120, 55, 74, 114, 21, 238, 225, 142, 97, 11, 183, 69, 160, 171, 237, 7, 193, 105, 83, 202, 5, 156, 226, 10, 73, 104, 218, 71, 161, 94, 206, 122, 45, 251, 143, 252, 122, 255, 43, 180, 238, 6, 241, 3, 96, 64, 27, 7, 99, 29, 60, 95, 110, 34, 54, 146, 6, 141, 245, 143, 255, 27, 43, 83, 0, 97, 63, 133, 20, 133, 27, 64, 175, 39, 221, 115, 230, 109, 92, 4, 248, 181, 53, 233, 94, 191, 139, 199, 13, 25, 43, 168, 162, 59, 228, 141, 85, 146, 115, 72, 249, 236, 80, 128, 116, 15, 3, 243, 136, 139, 94, 135, 75, 110, 150, 106, 244, 102, 213, 230, 241, 111, 203, 111, 12, 253, 184, 200, 87, 238, 138, 137, 222, 157, 239, 109, 10, 2, 19, 224, 22, 0, 178, 34, 60, 190, 254, 237, 56, 228, 131, 217, 216, 179, 175, 209, 177, 181, 70, 139, 99, 183, 237, 168, 157, 40, 40, 125, 213, 43, 152, 53, 65, 57, 162, 123, 158, 57, 159, 245, 10, 3, 213, 42, 166, 64, 114, 0, 61, 45, 215, 70, 143, 243, 32, 135, 13, 143, 223, 66, 36, 34, 237, 11, 86, 10, 6, 158, 29, 166, 229, 152, 67, 112, 222, 140, 100, 111, 250, 72, 4, 244, 246, 61, 15, 114, 71, 237, 81, 168, 45, 213, 226, 2, 179, 158, 253, 237, 252, 104, 65, 160, 73, 198, 156, 79, 140, 87, 35, 199, 95, 197, 216, 194, 211, 29, 142, 61, 27, 183, 129, 213, 102, 9, 0, 27, 207, 76, 82, 239, 155, 22, 213, 82, 234, 114, 48, 159, 202, 1, 254, 116, 171, 115, 84, 62, 249, 37, 199, 192, 100, 169, 34, 209, 178, 45, 44, 17, 220, 246, 224, 48, 128, 234, 228, 103, 207, 200, 254, 2, 57, 213, 186, 208, 152, 142, 231, 168, 34, 45, 128, 250, 64, 44, 241, 121, 224, 245, 204, 27, 27, 209, 139, 166, 221, 224, 209, 243, 133, 141, 165, 168, 58, 109, 237, 149, 201, 182, 97, 137, 21, 79, 33, 11, 37, 147, 138, 194, 153, 118, 68, 41, 34, 184, 97, 96, 65, 172, 1, 177, 242, 37, 224, 250, 168, 67, 250, 120, 130, 10, 247, 5, 13, 144, 141, 227, 110, 162, 29, 102, 116, 9, 84, 30, 133, 14, 250, 46, 187, 190, 78, 70, 64, 162, 114, 7, 100, 147, 176, 127, 170, 86, 5, 60, 244, 138, 185, 139, 63, 201, 60, 162, 137, 229, 41, 13, 241, 196, 207, 130, 15, 116, 231, 212, 142, 136, 234, 243, 14, 239, 115, 203, 202, 182, 23, 252, 127, 89, 228, 238, 177, 147, 212, 247, 250, 4, 144, 4, 89, 41, 153, 238, 15, 187, 137, 222, 117, 90, 179, 233, 82, 52, 69, 245, 51, 46, 17, 152, 160, 133, 83, 24, 198, 184, 35, 76, 157, 88, 46, 43, 65, 55, 196, 104, 139, 46, 107, 10, 255, 26, 117, 233, 246, 132, 90, 194, 198, 215, 252, 18, 38, 174, 224, 192, 164, 81, 70, 98, 163, 167, 178, 19, 188, 209, 234, 162, 92, 182, 178, 68, 204, 234, 173, 181, 16, 83, 119, 39, 94, 175, 207, 245, 54, 247, 204, 24, 24, 224, 63, 25, 117, 35, 5, 0, 120, 18, 102, 7, 174, 101, 67, 23, 114, 83, 60, 168, 234, 67, 231, 252, 136, 141, 112, 73, 69, 62, 101, 184, 111, 233, 70, 53, 52, 25, 141, 38, 76, 159, 162, 250, 77, 130, 176, 78, 49, 80, 63, 61, 27, 26, 23, 226, 51, 63, 148, 211, 215, 0, 51, 42, 147, 185, 58, 149, 143, 131, 111, 46, 141, 152, 167, 129, 230, 248, 88, 194, 252, 38, 15, 198, 199, 79, 29, 136, 141, 121, 132, 184, 164, 154, 146, 143, 76, 25, 187, 173, 66, 157, 164, 24, 210, 146, 71, 137, 28, 116, 171, 157, 201, 142, 123, 203, 97, 218, 43, 159, 43, 224, 116, 100, 154, 108, 130, 185, 191, 72, 125, 254, 188, 117, 126, 42, 189, 55, 4, 133, 251, 73, 116, 239, 167, 35, 38, 54, 93, 247, 220, 90, 136, 151, 143, 193, 216, 146, 148, 214, 18, 159, 0, 42, 49, 250, 231, 15, 120, 50, 99, 161, 222, 21, 28, 14, 79, 116, 39, 247, 30, 179, 125, 209, 48, 42, 65, 167, 40, 217, 140, 24, 58, 17, 100, 32, 101, 86, 5, 20, 178, 107, 159, 103, 83, 211, 105, 207, 158, 138, 219, 12, 54, 221, 110, 196, 197, 18, 239, 229, 92, 32, 223, 121, 158, 196, 21, 241, 8, 26, 51, 22, 233, 63, 206, 75, 72, 128, 188, 245, 41, 7, 22, 69, 229, 75, 11, 228, 83, 132, 165, 81, 120, 80, 126, 63, 23, 86, 31, 106, 46, 171, 102, 39, 160, 85, 213, 64, 204, 86, 113, 24, 47, 59, 182, 7, 248, 144, 197, 42, 150, 249, 129, 113, 237, 107, 142, 203, 85, 202, 154, 239, 8, 245, 228, 0, 83, 60, 205, 35, 176, 74, 187, 108, 218, 39, 66, 5, 123, 170, 108, 60, 200, 20, 129, 216, 34, 75, 198, 89, 12, 210, 108, 214, 223, 145, 251, 11, 69, 215, 200, 3, 119, 197, 129, 194, 55, 234, 249, 7, 109, 170, 138, 46, 88, 71, 134, 16, 44, 90, 164, 11, 47, 254, 202, 49, 229, 120, 21, 3, 39, 208, 64, 182, 222, 3, 133, 207, 48, 246, 45, 163, 159, 79, 172, 253, 70, 67, 233, 28, 162, 36, 42, 129, 220, 46, 24, 25, 107, 31, 37, 18, 56, 108, 41, 215, 247, 141, 251, 247, 19, 120, 20, 199, 221, 135, 200, 172, 220, 132, 167, 68, 151, 80, 76, 72, 102, 67, 227, 121, 136, 49, 149, 39, 104, 193, 189, 60, 30, 15, 248, 170, 240, 213, 42, 252, 195, 168, 60, 99, 24, 26, 1, 127, 75, 214, 191, 98, 12, 148, 41, 145, 187, 144, 142, 2, 205, 170, 187, 129, 63, 160, 200, 180, 2, 153, 233, 152, 194, 128, 110, 84, 160, 57, 80, 155, 234, 2, 32, 235, 199, 182, 70, 211, 215, 223, 156, 7, 22, 126, 203, 195, 169, 56, 88, 90, 114, 75, 68, 34, 146, 14, 94, 60, 155, 156, 58, 188, 182, 254, 151, 119, 30, 217, 232, 123, 131, 178, 236, 8, 244, 124, 62, 53, 60, 33, 16, 210, 94, 184, 180, 103, 140, 203, 51, 47, 183, 109, 1, 88, 71, 150, 12, 223, 17, 33, 148, 213, 188, 108, 210, 8, 68, 5, 225, 202, 70, 20, 97, 6, 51, 226, 253, 110, 123, 36, 249, 228, 234, 92, 78, 85, 77, 213, 191, 95, 200, 211, 106, 51, 0, 29, 179, 18, 177, 67, 204, 9, 181, 187, 122, 50, 217, 243, 138, 29, 160, 12, 5, 144, 120, 161, 140, 191, 83, 252, 195, 43, 78, 216, 182, 133, 31, 37, 59, 7, 156, 72, 195, 124, 169, 119, 39, 34, 12, 102, 240, 188, 155, 167, 54, 242, 98, 61, 31, 109, 251, 144, 202, 6, 20, 2, 78, 154, 224, 95, 217, 47, 119, 102, 148, 113, 55, 1, 130, 244, 150, 55, 220, 184, 137, 128, 154, 54, 231, 72, 48, 242, 69, 219, 94, 40, 80, 232, 208, 17, 134, 217, 32, 18, 62, 225, 122, 100, 48, 165, 200, 197, 149, 91, 195, 102, 229, 28, 78, 175, 74, 116, 29, 13, 175, 242, 78, 120, 79, 123, 81, 151, 247, 146, 26, 39, 59, 127, 105, 37, 0, 188, 15, 177, 187, 144, 181, 33, 158, 148, 13, 83, 211, 170, 89, 169, 25, 7, 193, 63, 179, 119, 245, 194, 129, 124, 150, 8, 28, 29, 170, 100, 123, 82, 83, 71, 248, 126, 102, 198, 224, 176, 11, 226, 32, 41, 111, 2, 55, 27, 226, 167, 155, 100, 87, 141, 138, 16, 2, 42, 60, 161, 173, 193, 65, 131, 80, 67, 26, 243, 140, 222, 0, 225, 38, 150, 18, 118, 49, 155, 108, 73, 160, 88, 28, 104, 1, 132, 146, 28, 18, 23, 220, 78, 12, 119, 136, 214, 115, 8, 106, 58, 153, 37, 246, 157, 221, 193, 26, 85, 66, 118, 7, 141, 90, 163, 73, 67, 186, 242, 36, 95, 131, 33, 237, 15, 134, 90, 219, 36, 195, 230, 249, 6, 39, 20, 156, 255, 159, 117, 181, 112, 108, 247, 31, 244, 11, 47, 108, 17, 225, 252, 40, 157, 23, 33, 19, 147, 149, 39, 3, 232, 28, 237, 97, 56, 115, 19, 72, 65, 201, 178, 48, 228, 228, 70, 69, 225, 40, 56, 71, 172, 182, 240, 50, 232, 61, 11, 52, 42, 198, 109, 232, 128, 206, 206, 131, 84, 108, 100, 230, 246, 109, 79, 54, 218, 51, 5, 27, 12, 208, 206, 220, 4, 31, 238, 239, 52, 98, 34, 163, 208, 186, 241, 116, 128, 69, 128, 127, 190, 98, 155, 49, 121, 208, 161, 94, 61, 102, 108, 239, 33, 235, 49, 7, 201, 127, 14, 194, 244, 57, 31, 123, 142, 219, 104, 59, 71, 176, 155, 197, 103, 84, 1, 92, 228, 244, 72, 87, 181, 98, 104, 218, 207, 172, 89, 249, 174, 29, 58, 94, 111, 124, 3, 210, 24, 77, 196, 177, 239, 63, 71, 189, 121, 125, 37, 231, 141, 60, 133, 6, 147, 53, 248, 146, 22, 66, 190, 30, 175, 35, 43, 151, 31, 33, 38, 134, 90, 240, 195, 37, 137, 229, 206, 104, 212, 170, 240, 180, 153, 168, 246, 217, 105, 77, 217, 194, 40, 207, 252, 134, 198, 80, 149, 67, 200, 90, 35, 223, 95, 161, 100, 50, 131, 249, 77, 211, 100, 109, 60, 92, 240, 81, 20, 164, 231, 116, 20, 122, 182, 8, 59, 127, 17, 18, 129, 199, 94, 62, 19, 230, 119, 126, 199, 139, 99, 212, 122, 15, 5, 62, 111, 201, 135, 0, 224, 248, 4, 220, 128, 186, 198, 148, 114, 97, 146, 37, 195, 94, 224, 231, 32, 250, 200, 125, 239, 241, 129, 156, 215, 79, 160, 135, 74, 178, 155, 146, 14, 75, 43, 139, 225, 213, 66, 182, 38, 70, 51, 173, 200, 111, 121, 214, 43, 238, 90, 182, 79, 206, 183, 186, 215, 118, 93, 157, 171, 31, 42, 202, 14, 10, 186, 14, 15, 13, 107, 42, 159, 149, 66, 28, 137, 99, 136, 142, 4, 134, 35, 58, 160, 79, 53, 114, 177, 171, 209, 166, 8, 125, 204, 253, 39, 139, 126, 47, 187, 235, 86, 139, 255, 99, 2, 96, 175, 226, 108, 61, 20, 98, 129, 101, 78, 152, 49, 210, 178, 190, 90, 18, 138, 150, 200, 50, 88, 49, 229, 203, 170, 17, 37, 188, 3, 136, 176, 183, 180, 247, 242, 40, 31, 15, 66, 102, 84, 202, 54, 115, 55, 114, 168, 21, 59, 19, 249, 170, 35, 216, 171, 143, 179, 10, 255, 173, 2, 226, 5, 83, 183, 200, 75, 156, 20, 84, 108, 77, 45, 109, 4, 221, 186, 87, 5, 118, 193, 114, 202, 218, 76, 5, 13, 78, 85, 45, 228, 139, 203, 44, 174, 38, 18, 60, 72, 203, 45, 236, 41, 108, 27, 53, 207, 78, 122, 94, 74, 104, 142, 91, 22, 115, 21, 106, 255, 157, 238, 228, 36, 118, 84, 196, 246, 59, 235, 9, 47, 202, 40, 59, 139, 36, 215, 226, 152, 214, 200, 41, 186, 19, 74, 30, 89, 242, 123, 185, 251, 166, 83, 158, 163, 62, 0, 202, 149, 34, 184, 142, 88, 226, 18, 172, 252, 151, 226, 249, 182, 9, 150, 200, 187, 171, 163, 97, 51, 139, 12, 234, 15, 208, 190, 189, 147, 104, 211, 53, 155, 224, 65, 107, 214, 205, 13, 57, 80, 245, 189, 20, 112, 219, 131, 116, 58, 108, 43, 250, 216, 179, 10, 8, 101, 81, 250, 58, 144, 248, 118, 252, 231, 42, 200, 79, 255, 66, 27, 184, 49, 107, 247, 155, 67, 29, 137, 100, 181, 158, 254, 139, 198, 15, 24, 28, 193, 210, 113, 142, 115, 114, 66, 141, 150, 161, 103, 93, 215, 12, 9, 249, 151, 39, 10, 236, 88, 208, 20, 174, 248, 85, 231, 146, 131, 237, 97, 24, 117, 100, 193, 202, 41, 7, 251, 182, 14, 242, 177, 138, 203, 154, 15, 113, 224, 35, 169, 206, 33, 106, 215, 51, 100, 152, 242, 19, 41, 231, 76, 53, 217, 13, 45, 214, 132, 109, 88, 68, 0, 174, 154, 180, 172, 33, 9, 211, 100, 240, 81, 31, 80, 239, 47, 79, 234, 244, 133, 100, 189, 61, 72, 62, 114, 225, 195, 60, 58, 165, 102, 96, 100, 175, 101, 128, 128, 110, 2, 53, 100, 115, 77, 5, 121, 221, 154, 50, 133, 211, 144, 123, 102, 180, 123, 145, 31, 190, 251, 223, 44, 66, 80, 167, 67, 205, 175, 165, 235, 247, 21, 249, 225, 166, 232, 207, 108, 133, 88, 216, 145, 98, 119, 29, 173, 178, 92, 167, 58, 217, 24, 116, 119, 101, 195, 196, 7, 15, 136, 237, 1, 170, 33, 48, 170, 55, 59, 134, 195, 214, 101, 215, 78, 238, 137, 80, 119, 73, 204, 228, 143, 119, 163, 150, 218, 180, 240, 176, 7, 71, 192, 78, 44, 62, 25, 156, 204, 119, 189, 48, 41, 212, 232, 77, 116, 128, 30, 196, 57, 139, 11, 43, 61, 232, 153, 30, 152, 137, 246, 232, 220, 195, 108, 175, 204, 66, 8, 79, 26, 7, 102, 4, 177, 210, 124, 10, 173, 19, 132, 106, 53, 165, 76, 238, 50, 95, 176, 80, 58, 43, 88, 209, 192, 62, 250, 74, 45, 25, 24, 92, 5, 105, 23, 122, 7, 98, 178, 231, 120, 188, 114, 85, 73, 190, 3, 229, 227, 199, 218, 200, 190, 50, 125, 81, 228, 46, 34, 5, 166, 41, 3, 123, 219, 172, 142, 223, 216, 40, 136, 107, 157, 178, 86, 203, 47, 239, 144, 73, 207, 21, 143, 195, 17, 149, 5, 106, 63, 63, 31, 39, 12, 240, 39, 216, 160, 77, 137, 65, 42, 77, 238, 248, 245, 129, 161, 42, 104, 43, 168, 23, 134, 94, 83, 182, 129, 249, 50, 243, 231, 130, 57, 158, 85, 159, 18, 72, 147, 194, 239, 225, 186, 115, 5, 190, 138, 109, 40, 222, 229, 207, 185, 224, 208, 154, 115, 251, 215, 104, 141, 2, 106, 64, 52, 66, 201, 150, 29, 67, 146, 230, 57, 164, 190, 68, 215, 230, 198, 1, 146, 204, 104, 12, 106, 59, 136, 188, 192, 43, 248, 39, 50, 214, 16, 105, 129, 102, 21, 201, 9, 141, 128, 149, 157, 214, 2, 137, 6, 95, 102, 246, 140, 180, 20, 212, 144, 160, 178, 45, 67, 78, 8, 89, 85, 121, 156, 24, 112, 216, 245, 55, 3, 180, 8, 173, 230, 12, 153, 120, 161, 126, 102, 128, 231, 107, 223, 137, 38, 50, 184, 23, 184, 235, 73, 38, 93, 222, 141, 241, 153, 1, 71, 168, 23, 144, 242, 193, 74, 41, 189, 145, 93, 251, 63, 169, 211, 64, 56, 113, 167, 51, 183, 36, 22, 31, 12, 106, 205, 19, 37, 116, 232, 152, 189, 153, 14, 245, 231, 13, 171, 138, 74, 35, 88, 187, 178, 76, 139, 54, 108, 217, 198, 231, 145, 255, 205, 84, 122, 137, 24, 16, 204, 29, 55, 93, 163, 186, 32, 238, 157, 180, 79, 250, 33, 183, 218, 100, 157, 180, 188, 169, 220, 221, 114, 246, 52, 25, 245, 131, 215, 137, 20, 126, 76, 143, 72, 245, 92, 239, 40, 30, 113, 116, 210, 102, 146, 82, 162, 170, 211, 50, 250, 242, 50, 55, 215, 22, 206, 78, 246, 47, 106, 38, 60, 132, 134, 182, 160, 5, 236, 125, 46, 59, 131, 173, 178, 54, 228, 221, 6, 222, 163, 121, 203, 121, 203, 56, 223, 67, 227, 163, 149, 227, 105, 169, 48, 121, 207, 71, 20, 137, 147, 197, 3, 170, 134, 221, 244, 210, 199, 216, 181, 47, 128, 233, 83, 250, 189, 125, 193, 227, 130, 252, 87, 16, 132, 135, 169, 227, 22, 129, 114, 102, 166, 184, 36, 247, 34, 107, 112, 79, 223, 195, 151, 151, 154, 31, 129, 180, 28, 254, 187, 143, 100, 233, 6, 23, 22, 72, 161, 19, 218, 212, 173, 145, 173, 103, 42, 18, 197, 31, 64, 166, 201, 52, 181, 68, 7, 193, 68, 53, 115, 56, 222, 228, 169, 121, 180, 248, 47, 47, 213, 59, 146, 16, 195, 10, 112, 115, 7, 165, 140, 221, 115, 37, 130, 183, 130, 231, 255, 88, 38, 188, 220, 84, 196, 17, 203, 230, 74, 219, 150, 213, 25, 147, 14, 81, 208, 87, 222, 211, 34, 28, 198, 180, 161, 74, 57, 1, 26, 231, 222, 140, 76, 213, 153, 124, 144, 56, 89, 242, 104, 41, 190, 85, 183, 27, 158, 150, 84, 225, 216, 183, 41, 217, 75, 186, 137, 61, 133, 122, 197, 223, 60, 194, 236, 80, 109, 220, 115, 52, 77, 60, 79, 72, 133, 248, 240, 200, 233, 21, 47, 29, 108, 212, 0, 106, 147, 94, 201, 223, 24, 160, 36, 119, 157, 202, 45, 184, 100, 108, 241, 234, 142, 224, 30, 226, 142, 155, 102, 177, 255, 220, 27, 199, 63, 4, 12, 27, 99, 71, 191, 162, 42, 100, 67, 72, 51, 211, 78, 129, 58, 176, 52, 34, 243, 168, 47, 156, 108, 149, 35, 104, 202, 17, 94, 114, 44, 16, 15, 211, 34, 103, 180, 25, 157, 38, 131, 170, 3, 104, 222, 55, 236, 218, 145, 37, 146, 92, 252, 95, 171, 208, 208, 89, 219, 48, 11, 123, 135, 253, 18, 17, 184, 184, 88, 134, 30, 227, 36, 150, 40, 226, 73, 2, 170, 3, 109, 72, 30, 189, 201, 163, 204, 78, 155, 243, 98, 164, 1, 120, 194, 86, 32, 208, 88, 251, 30, 121, 129, 204, 192, 25, 189, 172, 244, 154, 50, 170, 115, 37, 197, 169, 218, 20, 100, 38, 163, 249, 172, 123, 58, 159, 140, 63, 13, 2, 248, 173, 87, 125, 55, 254, 104, 146, 228, 218, 26, 239, 234, 103, 75, 179, 138, 12, 0, 3, 165, 43, 143, 193, 157, 43, 212, 219, 159, 20, 0, 201, 230, 249, 32, 83, 114, 168, 167, 127, 194, 233, 115, 89, 234, 164, 194, 155, 205, 66, 79, 65, 147, 49, 139, 84, 65, 192, 206, 242, 111, 231, 40, 225, 94, 235, 95, 190, 128, 3, 160, 244, 162, 146, 3, 2, 225, 59, 227, 36, 9, 214, 123, 197, 32, 238, 73, 112, 250, 247, 70, 85, 84, 36, 10, 2, 204, 186, 28, 238, 234, 88, 46, 166, 189, 219, 107, 215, 240, 86, 78, 72, 72, 223, 129, 123, 109, 233, 191, 100, 58, 158, 182, 10, 30, 251, 30, 25, 107, 220, 18, 170, 70, 240, 163, 189, 128, 94, 157, 126, 139, 84, 84, 249, 44, 51, 132, 158, 92, 233, 175, 116, 227, 143, 139, 138, 41, 31, 13, 124, 94, 134, 173, 255, 35, 128, 4, 99, 97, 228, 114, 121, 79, 91, 145, 253, 202, 239, 88, 253, 198, 63, 11, 10, 72, 109, 24, 240, 143, 248, 46, 85, 110, 65, 23, 41, 143, 30, 44, 25, 130, 164, 36, 238, 41, 233, 100, 210, 111, 97, 235, 9, 36, 226, 67, 223, 252, 116, 170, 254, 185, 121, 39, 206, 148, 110, 128, 162, 17, 144, 226, 158, 117, 226, 20, 194, 210, 220, 198, 196, 41, 80, 111, 17, 75, 183, 57, 39, 107, 223, 69, 34, 241, 217, 47, 114, 239, 205, 182, 206, 37, 195, 20, 41, 134, 121, 11, 24, 149, 47, 240, 122, 9, 23, 81, 37, 183, 87, 182, 132, 92, 23, 122, 35, 211, 21, 8, 39, 13, 248, 43, 10, 40, 88, 179, 183, 254, 255, 192, 243, 43, 178, 238, 39, 229, 72, 105, 248, 84, 168, 8, 218, 90, 56, 149, 139, 123, 240, 1, 185, 90, 9, 183, 49, 155, 39, 103, 31, 153, 149, 232, 58, 45, 107, 54, 34, 130, 49, 204, 64, 138, 249, 80, 217, 175, 195, 60, 239, 113, 124, 36, 112, 28, 80, 97, 151, 66, 132, 72, 140, 137, 51, 21, 96, 24, 5, 77, 85, 182, 11, 23, 13, 175, 215, 2, 82, 174, 104, 109, 206, 200, 89, 27, 179, 218, 28, 218, 77, 63, 124, 123, 203, 165, 99, 229, 37, 82, 53, 117, 145, 251, 131, 206, 118, 70, 68, 87, 208, 9, 240, 176, 122, 251, 31, 1, 26, 216, 9, 51, 195, 51, 123, 252, 20, 97, 239, 35, 171, 160, 204, 229, 237, 227, 214, 126, 204, 31, 1, 18, 53, 13, 55, 224, 149, 250, 217, 18, 226, 254, 109, 93, 27, 134, 119, 12, 199, 101, 97, 69, 254, 140, 75, 172, 242, 112, 69, 168, 17, 46, 178, 58, 250, 198, 144, 158, 101, 117, 90, 20, 241, 84, 219, 12, 33, 183, 243, 149, 147, 165, 55, 198, 125, 133, 123, 152, 172, 115, 240, 3, 233, 231, 209, 37, 79, 197, 173, 152, 252, 253, 244, 25, 200, 104, 168, 2, 35, 246, 38, 159, 34, 245, 146, 131, 243, 250, 242, 181, 13, 84, 166, 37, 64, 142, 211, 28, 25, 39, 48, 5, 120, 110, 159, 29, 112, 27, 193, 157, 36, 151, 2, 98, 18, 152, 197, 141, 121, 170, 155, 132, 171, 202, 195, 119, 153, 52, 154, 249, 245, 98, 240, 80, 141, 181, 30, 18, 3, 61, 171, 205, 64, 254, 67, 83, 168, 53, 60, 160, 20, 4, 167, 214, 63, 34, 124, 7, 220, 143, 125, 249, 165, 236, 245, 223, 230, 189, 116, 38, 87, 197, 198, 101, 77, 109, 60, 230, 208, 176, 84, 142, 98, 136, 120, 240, 124, 16, 51, 58, 65, 7, 197, 20, 57, 169, 34, 118, 82, 176, 90, 46, 96, 160, 11, 156, 65, 175, 74, 117, 71, 251, 33, 233, 70, 244, 75, 47, 20, 27, 76, 181, 129, 4, 13, 176, 135, 228, 108, 122, 198, 65, 93, 21, 206, 94, 140, 213, 161, 149, 96, 66, 102, 145, 252, 184, 70, 197, 37, 111, 46, 220, 170, 90, 173, 112, 228, 36, 210, 49, 213, 205, 92, 238, 49, 41, 207, 109, 123, 9, 192, 27, 180, 59, 45, 190, 74, 159, 177, 58, 160, 70, 77, 244, 11, 244, 132, 177, 215, 238, 5, 36, 211, 72, 78, 216, 167, 48, 50, 73, 69, 92, 231, 62, 139, 95, 243, 135, 214, 156, 105, 59, 180, 115, 173, 214, 230, 43, 77, 201, 56, 70, 202, 76, 140, 212, 11, 179, 25, 6, 75, 132, 168, 183, 189, 223, 193, 56, 88, 158, 117, 116, 252, 128, 20, 91, 137, 247, 250, 73, 35, 128, 187, 225, 220, 72, 203, 77, 24, 65, 158, 5, 87, 39, 163, 0, 91, 189, 248, 193, 44, 99, 130, 91, 148, 221, 126, 211, 20, 33, 88, 28, 59, 19, 67, 100, 13, 87, 91, 117, 93, 50, 71, 18, 18, 97, 187, 161, 84, 29, 218, 227, 58, 56, 32, 153, 233, 116, 117, 242, 164, 200, 199, 131, 209, 239, 93, 108, 99, 63, 212, 23, 45, 32, 234, 35, 220, 4, 109, 200, 160, 243, 6, 49, 41, 19, 99, 87, 185, 14, 237, 113, 222, 148, 223, 133, 142, 198, 197, 78, 54, 86, 124, 220, 221, 168, 116, 46, 76, 117, 250, 202, 220, 156, 253, 21, 28, 126, 59, 173, 107, 74, 192, 146, 19, 155, 253, 244, 205, 51, 209, 85, 26, 114, 117, 41, 14, 71, 189, 6, 157, 176, 232, 53, 31, 69, 34, 247, 91, 244, 78, 31, 167, 14, 38, 148, 244, 64, 12, 5, 92, 150, 75, 195, 205, 193, 49, 24, 2, 160, 26, 14, 21, 14, 117, 233, 197, 218, 15, 135, 3, 159, 29, 150, 90, 187, 180, 228, 83, 152, 221, 175, 81, 143, 4, 99, 140, 106, 212, 132, 137, 99, 14, 20, 55, 176, 157, 191, 227, 82, 125, 161, 207, 97, 81, 205, 236, 8, 0, 232, 12, 177, 244, 171, 231, 22, 170, 75, 79, 65, 109, 107, 192, 17, 58, 20, 52, 63, 155, 147, 59, 216, 36, 89, 234, 9, 248, 200, 120, 234, 88, 57, 233, 151, 233, 245, 89, 8, 138, 76, 122, 118, 77, 108, 131, 36, 214, 1, 145, 218, 154, 104, 222, 77, 131, 157, 160, 20, 35, 233, 210, 251, 45, 237, 119, 80, 245, 7, 51, 136, 250, 6, 57, 87, 12, 237, 197, 87, 142, 10, 116, 227, 58, 238, 41, 139, 67, 252, 210, 253, 15, 252, 222, 57, 50, 79, 237, 98, 118, 43, 69, 120, 118, 143, 94, 9, 79, 8, 160, 8, 111, 37, 95, 0, 182, 253, 96, 20, 51, 250, 156, 152, 0, 181, 154, 118, 42, 205, 45, 222, 118, 58, 10, 70, 200, 136, 250, 186, 225, 215, 48, 95, 131, 40, 93, 5, 216, 157, 29, 245, 102, 179, 238, 122, 222, 200, 23, 212, 14, 105, 67, 205, 211, 206, 245, 220, 68, 106, 100, 19, 97, 33, 130, 241, 221, 42, 203, 5, 198, 194, 13, 87, 166, 156, 172, 13, 88, 182, 161, 31, 192, 121, 7, 169, 35, 170, 48, 56, 248, 28, 38, 148, 96, 20, 234, 18, 182, 23, 39, 151, 2, 157, 227, 27, 160, 164, 71, 223, 163, 48, 158, 238, 102, 208, 121, 200, 39, 237, 4, 241, 160, 240, 38, 194, 118, 35, 197, 238, 136, 33, 140, 102, 206, 20, 167, 255, 134, 231, 87, 52, 236, 119, 252, 13, 79, 139, 186, 119, 92, 157, 231, 217, 24, 124, 153, 200, 80, 3, 235, 81, 201, 38, 235, 48, 1, 53, 248, 130, 103, 89, 142, 84, 26, 104, 234, 53, 250, 129, 150, 111, 93, 79, 221, 21, 30, 181, 165, 21, 249, 140, 150, 24, 211, 19, 225, 177, 144, 134, 156, 190, 58, 190, 250, 210, 66, 14, 103, 220, 13, 242, 30, 31, 249, 161, 37, 91, 54, 233, 197, 82, 32, 10, 214, 155, 164, 4, 230, 138, 18, 149, 87, 217, 209, 143, 31, 124, 131, 184, 229, 200, 33, 245, 48, 105, 163, 143, 57, 161, 230, 22, 242, 73, 136, 38, 51, 116, 178, 4, 246, 82, 84, 26, 93, 104, 118, 121, 131, 119, 4, 90, 5, 44, 246, 100, 71, 209, 40, 37, 69, 0, 135, 255, 68, 2, 226, 253, 88, 153, 191, 44, 143, 166, 252, 126, 40, 68, 68, 80, 228, 40, 44, 248, 47, 120, 118, 159, 211, 158, 222, 9, 87, 186, 235, 193, 223, 184, 82, 242, 135, 156, 163, 43, 126, 71, 99, 117, 87, 133, 13, 228, 145, 72, 119, 251, 157, 156, 255, 62, 16, 58, 253, 194, 245, 140, 36, 32, 130, 66, 84, 1, 39, 195, 35, 6, 59, 48, 176, 85, 137, 209, 2, 203, 224, 247, 223, 192, 138, 210, 71, 255, 191, 49, 7, 183, 22, 248, 12, 65, 243, 248, 112, 238, 251, 192, 163, 35, 249, 26, 77, 228, 113, 240, 122, 69, 239, 89, 214, 111, 45, 94, 59, 62, 135, 101, 77, 186, 136, 47, 157, 250, 36, 200, 136, 10, 85, 179, 207, 24, 78, 118, 165, 231, 125, 68, 9, 101, 94, 27, 97, 56, 75, 102, 222, 32, 237, 204, 223, 57, 209, 205, 143, 135, 130, 192, 132, 152, 185, 208, 166, 15, 200, 179, 132, 111, 97, 231, 223, 131, 196, 218, 143, 21, 211, 167, 173, 196, 25, 87, 21, 236, 206, 180, 62, 231, 87, 105, 95, 21, 56, 134, 79, 10, 206, 230, 226, 106, 188, 143, 36, 154, 137, 247, 15, 186, 42, 202, 229, 97, 76, 131, 95, 207, 75, 182, 9, 74, 223, 160, 72, 110, 26, 8, 1, 44, 193, 18, 223, 126, 155, 125, 168, 93, 128, 49, 5, 45, 218, 22, 223, 70, 149, 93, 211, 215, 0, 54, 1, 86, 154, 84, 39, 38, 199, 158, 25, 47, 209, 188, 199, 229, 242, 19, 185, 235, 200, 228, 254, 245, 57, 205, 191, 198, 254, 118, 215, 45, 78, 64, 85, 134, 39, 28, 138, 232, 254, 27, 121, 15, 243, 119, 227, 134, 134, 97, 41, 204, 182, 113, 193, 196, 10, 47, 47, 42, 0, 150, 231, 109, 164, 242, 70, 165, 172, 162, 182, 130, 13, 168, 242, 17, 210, 50, 70, 61, 160, 45, 21, 101, 200, 195, 140, 235, 71, 115, 253, 248, 244, 204, 135, 16, 175, 235, 165, 43, 176, 17, 97, 107, 134, 63, 215, 10, 189, 36, 164, 118, 112, 251, 83, 74, 32, 30, 188, 216, 161, 78, 40, 110, 52, 18, 232, 167, 18, 37, 253, 20, 62, 2, 55, 249, 241, 59, 152, 14, 255, 76, 90, 216, 97, 84, 30, 52, 97, 200, 182, 83, 94, 33, 26, 187, 1, 46, 70, 147, 89, 255, 210, 105, 168, 12, 170, 218, 147, 105, 183, 41, 126, 135, 135, 4, 73, 17, 32, 165, 248, 40, 220, 123, 76, 123, 91, 161, 65, 134, 243, 222, 114, 124, 146, 59, 201, 225, 117, 116, 211, 13, 107, 22, 84, 221, 147, 13, 219, 203, 77, 199, 169, 226, 250, 125, 101, 32, 221, 103, 84, 107, 227, 24, 197, 40, 101, 160, 180, 50, 18, 248, 42, 20, 32, 34, 158, 170, 119, 158, 128, 252, 134, 169, 52, 223, 171, 179, 234, 39, 213, 195, 250, 6, 26, 114, 246, 143, 7, 68, 205, 37, 170, 102, 4, 32, 249, 25, 234, 188, 220, 108, 237, 13, 74, 17, 25, 24, 165, 189, 73, 236, 168, 72, 145, 38, 238, 121, 17, 125, 231, 167, 244, 13, 72, 83, 167, 245, 178, 43, 92, 30, 249, 226, 179, 17, 151, 213, 104, 78, 161, 219, 173, 125, 165, 8, 111, 254, 86, 81, 185, 70, 143, 202, 24, 209, 120, 193, 43, 200, 16, 15, 26, 217, 122, 232, 253, 6, 113, 165, 210, 33, 39, 244, 160, 108, 206, 143, 184, 34, 162, 85, 66, 101, 45, 103, 100, 41, 3, 14, 187, 226, 251, 23, 177, 253, 6, 61, 200, 241, 15, 219, 111, 44, 39, 189, 248, 226, 106, 60, 237, 46, 86, 26, 93, 243, 72, 220, 209, 165, 158, 43, 8, 121, 242, 22, 2, 199, 180, 138, 99, 146, 10, 56, 97, 119, 16, 167, 134, 91, 6, 3, 221, 7, 171, 167, 19, 184, 92, 5, 125, 251, 41, 152, 125, 68, 187, 30, 160, 231, 82, 183, 64, 200, 4, 155, 255, 209, 12, 20, 155, 198, 61, 255, 19, 42, 92, 54, 34, 123, 179, 235, 87, 247, 3, 119, 66, 200, 183, 47, 72, 51, 25, 148, 206, 59, 113, 146, 73, 159, 221, 120, 80, 169, 41, 155, 116, 126, 126, 57, 149, 209, 157, 159, 34, 224, 52, 222, 50, 105, 139, 26, 248, 139, 198, 208, 191, 102, 233, 218, 145, 246, 120, 37, 248, 95, 137, 58, 127, 15, 117, 173, 253, 28, 240, 155, 16, 12, 44, 224, 71, 92, 110, 20, 139, 150, 64, 93, 1, 207, 109, 155, 81, 219, 1, 63, 248, 230, 65, 18, 49, 114, 11, 55, 59, 156, 244, 72, 155, 31, 30, 247, 161, 244, 106, 41, 2, 188, 137, 134, 32, 128, 86, 246, 134, 157, 103, 243, 235, 18, 45, 41, 105, 37, 245, 60, 207, 166, 94, 18, 132, 179, 10, 98, 109, 180, 33, 29, 12, 134, 111, 107, 184, 139, 253, 159, 94, 45, 148, 218, 11, 124, 10, 90, 252, 64, 60, 34, 141, 167, 155, 115, 152, 61, 203, 51, 175, 22, 206, 10, 34, 153, 160, 244, 55, 168, 78, 146, 231, 30, 95, 69, 30, 167, 101, 11, 247, 64, 85, 199, 115, 3, 253, 6, 89, 242, 112, 43, 118, 235, 167, 47, 13, 249, 191, 191, 206, 29, 166, 87, 108, 16, 205, 218, 151, 27, 97, 227, 157, 172, 114, 114, 8, 225, 93, 7, 128, 240, 202, 230, 250, 187, 185, 9, 189, 199, 161, 96, 175, 217, 102, 154, 111, 50, 54, 110, 9, 214, 227, 87, 185, 28, 48, 45, 241, 53, 2, 183, 19, 109, 85, 50, 123, 153, 239, 32, 181, 143, 68, 12, 208, 126, 122, 49, 24, 132, 250, 172, 118, 102, 249, 97, 175, 99, 55, 37, 167, 123, 208, 153, 68, 225, 41, 169, 208, 64, 174, 11, 132, 180, 215, 204, 35, 39, 181, 147, 107, 12, 237, 177, 88, 189, 173, 36, 61, 21, 251, 52, 81, 195, 8, 227, 60, 167, 232, 196, 143, 122, 33, 40, 212, 2, 216, 249, 204, 111, 143, 70, 73, 165, 236, 104, 22, 235, 171, 162, 211, 103, 103, 12, 13, 1, 101, 210, 77, 156, 17, 18, 6, 2, 152, 15, 22, 206, 132, 16, 6, 90, 116, 227, 231, 160, 217, 131, 205, 79, 162, 185, 102, 65, 194, 94, 35, 198, 121, 14, 174, 67, 83, 226, 38, 54, 215, 1, 214, 91, 49, 165, 95, 182, 40, 20, 209, 209, 76, 191, 29, 183, 223, 30, 116, 4, 132, 201, 18, 135, 103, 171, 9, 42, 32, 192, 220, 165, 128, 31, 217, 216, 153, 248, 213, 194, 232, 213, 229, 10, 217, 23, 146, 216, 2, 243, 146, 227, 141, 253, 221, 32, 142, 81, 155, 54, 144, 178, 43, 60, 56, 21, 248, 165, 152, 109, 232, 95, 21, 24, 127, 203, 16, 131, 251, 207, 124, 64, 190, 19, 224, 45, 160, 121, 106, 113, 172, 204, 136, 56, 76, 246, 129, 33, 23, 194, 66, 5, 20, 72, 147, 42, 86, 201, 252, 222, 158, 50, 91, 89, 242, 65, 219, 31, 97, 222, 58, 155, 91, 241, 194, 89, 119, 212, 232, 38, 30, 136, 128, 172, 88, 145, 98, 213, 78, 164, 96, 46, 193, 162, 219, 196, 54, 47, 65, 141, 13, 111, 132, 215, 240, 72, 3, 51, 160, 102, 111, 35, 23, 77, 225, 202, 223, 168, 223, 131, 225, 22, 72, 68, 58, 32, 126, 148, 51, 13, 189, 2, 114, 95, 74, 179, 171, 254, 218, 205, 177, 71, 22, 37, 8, 234, 159, 93, 86, 52, 160, 32, 215, 110, 98, 53, 167, 85, 91, 243, 147, 137, 219, 88, 76, 94, 111, 146, 215, 219, 120, 52, 142, 88, 41, 19, 24, 195, 58, 183, 76, 163, 130, 26, 145, 27, 185, 234, 155, 35, 146, 78, 4, 106, 192, 40, 216, 52, 65, 10, 183, 115, 163, 144, 37, 180, 62, 33, 51, 3, 36, 138, 185, 104, 101, 211, 81, 185, 161, 234, 45, 19, 22, 17, 123, 203, 6, 229, 13, 94, 151, 142, 186, 198, 27, 240, 189, 21, 199, 27, 144, 142, 167, 105, 189, 63, 136, 6, 177, 191, 85, 24, 24, 114, 249, 52, 65, 234, 174, 73, 186, 127, 42, 82, 91, 246, 110, 241, 245, 159, 192, 7, 88, 40, 193, 123, 96, 141, 201, 124, 59, 12, 170, 239, 88, 14, 14, 134, 30, 238, 36, 44, 161, 162, 233, 57, 9, 168, 196, 129, 187, 111, 141, 28, 197, 237, 224, 26, 127, 183, 64, 145, 82, 241, 60, 50, 3, 209, 225, 213, 86, 132, 203, 164, 153, 209, 31, 17, 189, 242, 113, 82, 86, 208, 240, 38, 136, 108, 239, 70, 180, 86, 104, 218, 177, 58, 64, 71, 42, 67, 12, 143, 33, 113, 7, 54, 3, 223, 115, 198, 115, 245, 169, 131, 246, 85, 228, 38, 145, 37, 154, 146, 247, 107, 60, 93, 212, 143, 179, 184, 76, 77, 160, 144, 44, 41, 125, 119, 52, 93, 133, 139, 13, 246, 98, 180, 144, 166, 41, 14, 64, 195, 227, 193, 220, 100, 53, 241, 135, 227, 106, 176, 104, 171, 200, 135, 21, 20, 204, 216, 160, 126, 74, 146, 145, 99, 2, 145, 205, 122, 140, 31, 179, 4, 226, 31, 127, 23, 15, 221, 124, 187, 194, 241, 67, 119, 235, 230, 241, 137, 173, 80, 208, 228, 142, 156, 217, 90, 85, 106, 7, 7, 5, 46, 215, 199, 250, 132, 106, 80, 212, 253, 136, 51, 119, 160, 238, 243, 41, 11, 75, 51, 106, 42, 146, 247, 74, 5, 171, 159, 128, 72, 230, 101, 186, 5, 195, 147, 19, 189, 53, 184, 22, 7, 193, 14, 241, 227, 238, 94, 93, 121, 241, 118, 182, 207, 57, 182, 61, 172, 165, 3, 101, 128, 248, 178, 68, 3, 85, 162, 59, 57, 113, 65, 50, 64, 231, 245, 243, 211, 98, 31, 21, 8, 248, 104, 155, 200, 54, 248, 138, 145, 145, 73, 232, 43, 91, 188, 54, 16, 66, 74, 249, 239, 16, 154, 54, 203, 249, 133, 242, 221, 188, 25, 20, 205, 32, 36, 69, 50, 246, 89, 86, 47, 55, 195, 221, 38, 117, 210, 190, 38, 157, 166, 153, 171, 53, 147, 148, 150, 90, 93, 127, 166, 77, 44, 28, 126, 148, 175, 212, 205, 15, 72, 71, 219, 132, 196, 211, 168, 136, 22, 63, 13, 47, 151, 54, 123, 35, 187, 130, 152, 127, 38, 91, 245, 167, 53, 150, 181, 116, 92, 202, 218, 155, 20, 240, 67, 91, 221, 195, 2, 96, 111, 86, 43, 237, 71, 245, 185, 186, 110, 42, 41, 228, 17, 217, 47, 136, 179, 242, 21, 249, 246, 21, 80, 135, 234, 106, 248, 207, 245, 243, 34, 183, 185, 217, 31, 72, 41, 108, 88, 202, 77, 192, 211, 112, 146, 210, 130, 56, 105, 216, 160, 119, 203, 60, 67, 245, 70, 115, 105, 83, 112, 122, 59, 245, 125, 218, 39, 89, 199, 213, 152, 19, 193, 220, 153, 137, 93, 192, 83, 123, 245, 212, 10, 193, 143, 198, 1, 243, 114, 70, 35, 253, 139, 185, 45, 144, 83, 59, 37, 200, 205, 222, 139, 55, 114, 121, 123, 145, 255, 95, 249, 40, 108, 2, 11, 94, 48, 82, 52, 17, 130, 252, 177, 118, 19, 39, 64, 237, 12, 91, 22, 186, 200, 18, 99, 59, 103, 169, 96, 177, 255, 107, 4, 46, 211, 240, 44, 90, 245, 152, 153, 39, 201, 141, 50, 221, 236, 93, 88, 26, 235, 244, 11, 99, 243, 127, 110, 95, 228, 131, 98, 81, 172, 12, 122, 172, 110, 29, 222, 197, 19, 192, 161, 190, 250, 115, 16, 213, 106, 192, 60, 179, 227, 174, 33, 99, 250, 113, 101, 228, 238, 156, 74, 160, 77, 65, 164, 184, 143, 112, 48, 149, 110, 206, 4, 221, 67, 154, 169, 40, 172, 219, 101, 220, 110, 5, 7, 43, 200, 94, 117, 0, 127, 182, 69, 197, 117, 224, 35, 172, 150, 238, 17, 86, 133, 29, 213, 7, 21, 170, 20, 165, 113, 93, 171, 34, 115, 209, 43, 75, 86, 204, 201, 249, 178, 246, 16, 229, 57, 142, 125, 131, 62, 109, 60, 155, 49, 217, 12, 102, 214, 215, 240, 179, 93, 240, 195, 75, 83, 54, 31, 87, 51, 205, 158, 105, 237, 253, 109, 208, 29, 227, 197, 241, 245, 198, 9, 127, 89, 230, 204, 134, 107, 230, 184, 113, 235, 191, 249, 180, 172, 240, 15, 1, 173, 128, 102, 217, 220, 241, 180, 211, 199, 20, 121, 83, 131, 99, 236, 94, 195, 170, 16, 228, 191, 91, 190, 150, 72, 216, 78, 96, 139, 204, 11, 88, 59, 143, 209, 90, 107, 76, 5, 123, 172, 118, 113, 219, 236, 54, 117, 176, 133, 120, 122, 151, 224, 26, 62, 83, 11, 138, 70, 58, 42, 138, 37, 211, 209, 97, 11, 4, 133, 151, 39, 87, 214, 169, 82, 30, 214, 250, 205, 177, 12, 176, 236, 192, 51, 51, 176, 240, 114, 205, 213, 59, 39, 171, 17, 96, 193, 69, 68, 48, 129, 110, 211, 252, 108, 2, 151, 242, 239, 187, 42, 111, 143, 153, 193, 18, 181, 242, 15, 186, 26, 119, 62, 172, 252, 46, 22, 31, 47, 12, 178, 5, 95, 200, 176, 67, 149, 155, 134, 124, 36, 104, 157, 21, 80, 144, 150, 19, 184, 129, 242, 142, 63, 77, 101, 11, 84, 123, 9, 82, 70, 130, 51, 213, 144, 210, 171, 51, 222, 242, 237, 111, 182, 126, 92, 70, 100, 2, 6, 124, 192, 50, 234, 45, 174, 53, 241, 187, 88, 27, 39, 140, 52, 126, 30, 108, 117, 189, 203, 161, 45, 242, 210, 41, 43, 32, 161, 45, 128, 187, 237, 223, 61, 84, 20, 247, 38, 33, 50, 201, 94, 167, 4, 200, 201, 147, 252, 171, 130, 147, 189, 17, 129, 245, 106, 15, 223, 96, 87, 249, 31, 53, 191, 228, 195, 9, 4, 120, 112, 224, 36, 127, 17, 164, 40, 112, 155, 0, 21, 79, 7, 89, 197, 199, 230, 143, 194, 80, 12, 128, 32, 139, 44, 242, 201, 152, 138, 119, 153, 69, 208, 179, 224, 232, 121, 22, 10, 87, 43, 121, 97, 77, 51, 16, 37, 227, 11, 1, 125, 16, 111, 130, 246, 111, 19, 111, 15, 174, 205, 16, 252, 23, 123, 52, 181, 32, 101, 63, 2, 181, 84, 226, 0, 156, 188, 102, 230, 35, 113, 209, 82, 70, 40, 222, 135, 193, 134, 234, 232, 32, 63, 150, 111, 210, 42, 102, 79, 50, 44, 237, 6, 18, 198, 168, 176, 89, 147, 169, 250, 32, 140, 102, 232, 182, 86, 237, 115, 4, 234, 45, 170, 255, 53, 207, 136, 66, 194, 78, 31, 2, 109, 125, 41, 38, 156, 208, 108, 168, 25, 90, 178, 28, 118, 163, 88, 12, 59, 52, 2, 99, 207, 86, 130, 245, 179, 189, 65, 216, 121, 59, 238, 240, 92, 54, 43, 151, 109, 130, 145, 177, 151, 183, 90, 216, 108, 206, 154, 153, 26, 118, 30, 6, 11, 210, 172, 140, 4, 11, 136, 137, 74, 101, 189, 16, 194, 109, 5, 54, 199, 203, 167, 124, 251, 242, 58, 128, 183, 192, 89, 161, 158, 238, 19, 186, 234, 7, 231, 71, 57, 64, 36, 171, 138, 106, 69, 86, 214, 6, 11, 116, 105, 64, 195, 146, 225, 18, 170, 118, 192, 176, 220, 156, 198, 203, 93, 111, 129, 153, 110, 163, 245, 73, 80, 60, 37, 2, 145, 20, 255, 114, 28, 251, 88, 227, 140, 175, 215, 16, 36, 9, 95, 163, 173, 155, 200, 176, 149, 173, 224, 166, 1, 127, 58, 79, 38, 54, 51, 153, 55, 121, 10, 35, 37, 203, 161, 229, 104, 84, 192, 49, 238, 203, 80, 36, 234, 215, 54, 174, 12, 36, 210, 39, 103, 222, 67, 239, 212, 225, 197, 128, 24, 41, 33, 146, 37, 250, 96, 240, 113, 137, 172, 43, 141, 152, 36, 150, 197, 85, 117, 241, 9, 99, 127, 169, 30, 57, 184, 199, 138, 35, 184, 125, 227, 100, 80, 29, 45, 63, 17, 99, 232, 117, 52, 207, 228, 104, 158, 40, 106, 118, 243, 49, 16, 81, 120, 18, 37, 218, 18, 2, 239, 150, 242, 184, 52, 34, 170, 127, 38, 102, 95, 251, 16, 14, 241, 174, 126, 87, 14, 235, 117, 222, 56, 158, 38, 32, 66, 13, 172, 132, 186, 69, 108, 100, 244, 166, 24, 77, 244, 31, 13, 124, 40, 38, 127, 123, 164, 172, 252, 43, 214, 121, 131, 239, 69, 182, 84, 220, 215, 244, 93, 188, 45, 218, 249, 137, 82, 222, 129, 18, 159, 170, 9, 80, 252, 87, 35, 15, 15, 88, 138, 15, 120, 229, 30, 108, 199, 172, 55, 105, 63, 97, 133, 110, 71, 6, 155, 85, 28, 200, 137, 91, 184, 61, 32, 210, 251, 47, 137, 122, 231, 46, 117, 151, 46, 95, 203, 20, 141, 255, 231, 211, 230, 244, 253, 81, 26, 186, 158, 76, 9, 248, 142, 52, 243, 175, 45, 63, 188, 163, 190, 56, 251, 211, 209, 95, 108, 110, 6, 106, 124, 27, 120, 210, 54, 244, 239, 7, 23, 66, 216, 113, 225, 246, 244, 8, 249, 254, 15, 224, 133, 248, 252, 250, 121, 35, 30, 215, 62, 44, 113, 93, 78, 133, 146, 125, 236, 103, 26, 45, 121, 44, 77, 48, 45, 157, 200, 136, 33, 84, 14, 113, 43, 235, 29, 86, 108, 131, 193, 3, 46, 230, 13, 167, 118, 8, 136, 37, 178, 51, 234, 234, 236, 151, 212, 169, 136, 124, 88, 241, 156, 176, 6, 31, 99, 253, 50, 185, 54, 187, 82, 234, 7, 233, 126, 170, 106, 26, 142, 91, 33, 202, 79, 97, 236, 105, 84, 202, 232, 5, 163, 148, 198, 159, 4, 142, 74, 78, 95, 60, 197, 188, 197, 222, 206, 2, 16, 140, 200, 9, 134, 11, 166, 57, 136, 50, 240, 139, 17, 78, 86, 6, 7, 119, 156, 187, 32, 251, 35, 18, 108, 153, 166, 110, 61, 147, 152, 123, 199, 98, 172, 163, 181, 94, 148, 43, 19, 165, 100, 178, 208, 158, 54, 204, 89, 155, 29, 218, 4, 100, 144, 91, 101, 124, 71, 167, 227, 118, 177, 141, 29, 172, 27, 210, 151, 165, 169, 222, 40, 162, 191, 234, 255, 68, 128, 220, 223, 161, 55, 52, 12, 23, 44, 226, 166, 164, 48, 146, 204, 247, 169, 26, 125, 233, 226, 42, 189, 135, 49, 2, 56, 199, 194, 225, 109, 55, 187, 189, 40, 47, 55, 192, 43, 235, 233, 141, 7, 229, 134, 33, 52, 28, 175, 99, 227, 102, 33, 58, 213, 150, 41, 254, 75, 123, 211, 217, 139, 2, 149, 108, 236, 75, 121, 102, 7, 243, 40, 55, 207, 9, 71, 183, 63, 217, 133, 128, 229, 107, 220, 95, 251, 43, 200, 69, 247, 14, 147, 243, 61, 13, 65, 65, 206, 183, 246, 185, 8, 12, 131, 47, 8, 230, 169, 202, 113, 226, 255, 250, 246, 247, 131, 118, 211, 178, 176, 70, 49, 47, 50, 113, 70, 140, 227, 100, 6, 82, 123, 51, 41, 65, 190, 69, 83, 22, 51, 246, 94, 168, 183, 194, 218, 200, 151, 12, 131, 86, 111, 142, 154, 161, 43, 177, 18, 181, 35, 129, 39, 208, 60, 244, 12, 40, 157, 251, 109, 91, 2, 193, 160, 142, 229, 10, 40, 116, 177, 100, 251, 194, 156, 198, 115, 81, 42, 113, 168, 103, 214, 88, 50, 217, 61, 94, 42, 233, 119, 68, 213, 136, 218, 86, 66, 173, 141, 60, 57, 11, 125, 83, 115, 154, 217, 214, 115, 159, 144, 224, 46, 237, 6, 235, 115, 154, 93, 62, 35, 177, 185, 178, 193, 206, 145, 205, 82, 175, 191, 175, 49, 214, 189, 212, 102, 24, 119, 113, 109, 246, 145, 116, 31, 122, 221, 160, 130, 155, 246, 94, 27, 244, 178, 47, 107, 178, 96, 93, 224, 46, 49, 205, 10, 141, 126, 28, 95, 186, 110, 166, 228, 24, 40, 168, 49, 196, 162, 62, 8, 138, 19, 56, 31, 253, 8, 238, 248, 35, 222, 214, 241, 181, 50, 1, 45, 171, 234, 201, 254, 202, 200, 32, 172, 149, 235, 224, 29, 145, 74, 4, 234, 71, 209, 29, 1, 207, 231, 118, 206, 10, 83, 29, 142, 209, 53, 7, 46, 199, 78, 104, 135, 234, 242, 60, 52, 86, 38, 18, 96, 160, 63, 154, 214, 124, 172, 17, 3, 168, 104, 177, 114, 119, 196, 50, 121, 210, 3, 246, 137, 204, 16, 147, 136, 67, 144, 52, 152, 10, 88, 5, 28, 114, 167, 166, 15, 202, 24, 58, 14, 197, 55, 102, 247, 234, 11, 151, 206, 173, 166, 189, 71, 110, 94, 212, 143, 166, 184, 133, 175, 87, 16, 68, 169, 48, 25, 214, 74, 76, 118, 80, 4, 239, 48, 47, 18, 48, 182, 71, 25, 2, 171, 96, 81, 251, 19, 167, 227, 167, 80, 107, 242, 234, 144, 8, 110, 153, 124, 137, 219, 59, 128, 80, 44, 228, 106, 1, 30, 87, 118, 160, 20, 195, 141, 118, 108, 178, 13, 175, 226, 59, 19, 15, 128, 251, 171, 3, 178, 187, 154, 46, 167, 29, 7, 163, 2, 89, 113, 226, 159, 134, 42, 170, 1, 13, 251, 126, 161, 154, 117, 220, 182, 100, 156, 70, 30, 93, 173, 239, 242, 29, 199, 78, 30, 212, 130, 8, 24, 48, 5, 168, 237, 165, 91, 199, 246, 204, 107, 98, 135, 110, 99, 222, 88, 250, 77, 223, 255, 80, 188, 166, 108, 103, 168, 113, 48, 79, 86, 115, 0, 52, 76, 142, 125, 12, 79, 135, 238, 1, 47, 191, 43, 45, 14, 166, 202, 146, 18, 246, 191, 143, 57, 16, 190, 135, 10, 220, 167, 234, 91, 71, 21, 113, 233, 34, 146, 233, 162, 34, 196, 13, 250, 38, 93, 80, 79, 15, 52, 89, 200, 244, 78, 45, 159, 11, 112, 78, 54, 173, 30, 53, 218, 227, 14, 85, 174, 230, 190, 77, 49, 173, 25, 239, 13, 54, 184, 205, 180, 234, 235, 40, 60, 125, 67, 51, 18, 57, 55, 51, 202, 95, 236, 177, 88, 255, 19, 183, 79, 79, 92, 40, 83, 48, 98, 226, 44, 112, 152, 64, 43, 3, 168, 80, 145, 17, 116, 72, 229, 181, 31, 245, 128, 234, 3, 187, 117, 37, 8, 162, 183, 170, 237, 78, 244, 84, 99, 102, 78, 249, 254, 139, 135, 240, 17, 120, 39, 50, 218, 159, 64, 167, 100, 200, 170, 247, 8, 109, 102, 67, 20, 38, 89, 246, 89, 251, 214, 139, 187, 39, 4, 41, 45, 44, 25, 174, 131, 195, 209, 149, 20, 67, 241, 241, 240, 2, 17, 69, 59, 25, 30, 139, 28, 65, 71, 246, 91, 44, 253, 124, 49, 37, 154, 144, 52, 111, 166, 67, 229, 16, 111, 117, 236, 163, 183, 124, 167, 85, 89, 29, 32, 63, 245, 106, 18, 94, 163, 56, 206, 156, 181, 166, 177, 225, 57, 12, 124, 178, 21, 177, 250, 166, 126, 246, 51, 12, 207, 14, 224, 9, 136, 147, 131, 126, 233, 54, 48, 59, 161, 153, 183, 31, 209, 189, 233, 0, 183, 218, 18, 5, 146, 156, 11, 110, 208, 35, 57, 5, 135, 57, 43, 53, 253, 228, 7, 159, 212, 213, 44, 201, 27, 37, 238, 233, 167, 195, 76, 45, 41, 110, 82, 148, 99, 221, 52, 95, 159, 81, 169, 149, 106, 201, 49, 62, 100, 209, 49, 10, 31, 204, 23, 166, 230, 17, 207, 242, 4, 246, 146, 8, 48, 190, 131, 52, 0, 89, 85, 244, 99, 109, 82, 92, 117, 137, 174, 4, 122, 121, 72, 97, 64, 164, 13, 171, 78, 14, 109, 171, 17, 248, 30, 241, 69, 188, 142, 244, 252, 244, 95, 219, 28, 230, 100, 139, 240, 52, 11, 149, 152, 46, 242, 66, 249, 4, 40, 144, 249, 154, 75, 139, 132, 210, 218, 65, 93, 250, 89, 194, 110, 255, 11, 103, 206, 131, 212, 46, 119, 79, 112, 192, 166, 135, 13, 56, 129, 243, 43, 248, 1, 152, 225, 121, 179, 210, 208, 138, 88, 86, 192, 24, 171, 122, 78, 119, 232, 99, 171, 73, 139, 196, 173, 9, 235, 37, 150, 249, 66, 39, 5, 234, 65, 215, 167, 135, 250, 232, 168, 43, 46, 232, 250, 154, 166, 131, 163, 36, 226, 226, 170, 34, 233, 112, 74, 206, 222, 120, 57, 75, 43, 134, 11, 231, 152, 127, 107, 210, 132, 80, 211, 38, 233, 56, 70, 107, 17, 99, 244, 229, 102, 23, 150, 220, 97, 27, 251, 20, 220, 90, 223, 105, 19, 233, 47, 64, 237, 226, 143, 167, 226, 46, 67, 32, 187, 141, 67, 132, 121, 44, 245, 104, 168, 67, 149, 142, 1, 253, 118, 106, 178, 42, 95, 169, 200, 208, 37, 205, 152, 49, 236, 237, 60, 160, 162, 237, 77, 85, 30, 221, 40, 217, 150, 249, 9, 244, 244, 206, 207, 244, 250, 166, 75, 78, 176, 178, 43, 38, 18, 11, 220, 246, 242, 95, 234, 209, 16, 81, 13, 54, 12, 9, 202, 243, 5, 81, 109, 184, 206, 149, 77, 92, 4, 122, 10, 58, 99, 58, 63, 107, 7, 246, 43, 204, 70, 67, 248, 128, 32, 134, 0, 174, 173, 32, 45, 181, 32, 209, 61, 173, 167, 158, 107, 247, 198, 25, 226, 5, 113, 238, 211, 114, 5, 147, 166, 0, 30, 50, 173, 171, 207, 234, 222, 246, 154, 214, 179, 97, 247, 134, 172, 163, 78, 215, 8, 151, 68, 191, 151, 17, 160, 211, 165, 174, 22, 25, 78, 175, 239, 242, 63, 152, 0, 170, 228, 45, 6, 125, 217, 38, 77, 198, 197, 255, 146, 192, 95, 64, 63, 74, 62, 189, 137, 137, 252, 92, 0, 203, 15, 211, 55, 152, 157, 98, 253, 137, 71, 115, 108, 241, 76, 75, 6, 139, 122, 151, 13, 151, 151, 113, 209, 226, 203, 128, 171, 245, 177, 231, 24, 62, 127, 215, 187, 67, 135, 252, 182, 156, 167, 92, 42, 143, 27, 85, 166, 248, 192, 190, 244, 85, 108, 161, 206, 129, 89, 119, 76, 85, 25, 206, 9, 82, 92, 160, 248, 122, 143, 3, 69, 86, 173, 195, 83, 15, 243, 41, 133, 183, 143, 143, 177, 128, 61, 89, 60, 118, 174, 93, 211, 188, 138, 156, 37, 201, 162, 78, 3, 36, 106, 155, 68, 146, 134, 219, 169, 92, 66, 23, 73, 88, 21, 216, 56, 18, 249, 44, 92, 15, 95, 30, 138, 94, 254, 44, 29, 193, 52, 254, 45, 190, 201, 3, 105, 135, 47, 215, 36, 189, 242, 23, 159, 100, 191, 67, 209, 81, 63, 232, 130, 37, 69, 18, 219, 203, 132, 176, 28, 6, 248, 173, 8, 221, 6, 57, 215, 78, 177, 216, 40, 216, 100, 49, 229, 173, 67, 190, 79, 157, 24, 203, 133, 159, 11, 159, 182, 114, 118, 152, 17, 225, 14, 172, 241, 45, 32, 228, 69, 207, 115, 143, 20, 231, 36, 26, 217, 116, 43, 177, 235, 78, 109, 198, 134, 18, 225, 107, 72, 84, 120, 205, 43, 24, 134, 128, 106, 236, 19, 227, 248, 14, 195, 159, 140, 22, 249, 43, 22, 108, 82, 55, 176, 128, 124, 175, 64, 30, 90, 101, 78, 22, 125, 129, 13, 101, 212, 178, 92, 251, 143, 14, 117, 88, 123, 19, 103, 22, 151, 61, 55, 146, 73, 91, 210, 180, 167, 48, 151, 55, 64, 32, 231, 130, 126, 101, 41, 232, 7, 198, 217, 120, 48, 127, 255, 105, 57, 181, 160, 64, 235, 126, 14, 111, 66, 151, 231, 234, 108, 50, 118, 59, 131, 199, 208, 133, 125, 36, 22, 147, 192, 127, 217, 77, 217, 114, 141, 107, 103, 33, 212, 67, 9, 98, 194, 216, 66, 109, 152, 3, 187, 232, 242, 222, 205, 172, 147, 185, 179, 138, 34, 110, 254, 254, 217, 93, 246, 114, 83, 111, 122, 57, 179, 223, 211, 93, 37, 15, 114, 222, 158, 61, 188, 40, 1, 189, 234, 78, 81, 228, 87, 84, 42, 169, 147, 249, 152, 51, 145, 243, 14, 168, 242, 229, 200, 143, 121, 159, 196, 249, 237, 66, 129, 125, 19, 163, 105, 211, 49, 142, 94, 177, 210, 64, 48, 10, 194, 132, 223, 155, 44, 125, 65, 17, 125, 60, 109, 124, 211, 77, 90, 93, 124, 115, 92, 172, 192, 159, 3, 147, 37, 233, 10, 164, 75, 24, 3, 215, 139, 45, 124, 41, 184, 97, 155, 247, 30, 216, 164, 238, 59, 255, 78, 45, 240, 238, 250, 27, 51, 189, 68, 2, 223, 57, 5, 90, 207, 233, 31, 119, 50, 243, 234, 176, 149, 255, 103, 30, 190, 149, 22, 119, 119, 170, 230, 237, 74, 134, 172, 65, 149, 158, 48, 5, 178, 16, 73, 29, 35, 137, 12, 19, 114, 155, 8, 56, 194, 116, 73, 16, 9, 237, 172, 242, 244, 169, 158, 62, 224, 202, 126, 169, 177, 91, 0, 207, 21, 254, 74, 252, 200, 197, 19, 20, 162, 142, 227, 7, 234, 204, 135, 145, 63, 200, 94, 145, 42, 225, 21, 161, 218, 228, 104, 32, 78, 179, 199, 57, 165, 194, 71, 214, 168, 45, 7, 216, 71, 199, 124, 90, 251, 77, 208, 77, 200, 78, 170, 209, 151, 119, 191, 228, 215, 11, 225, 194, 129, 27, 24, 36, 230, 81, 232, 42, 127, 67, 34, 195, 162, 39, 232, 237, 91, 104, 72, 251, 72, 67, 206, 36, 171, 225, 66, 164, 240, 146, 188, 194, 37, 255, 245, 125, 210, 216, 2, 240, 17, 243, 28, 3, 155, 68, 88, 105, 38, 125, 54, 78, 145, 60, 61, 136, 199, 134, 145, 148, 16, 226, 53, 68, 87, 163, 90, 31, 148, 132, 211, 23, 90, 222, 11, 164, 233, 37, 171, 207, 145, 57, 89, 211, 213, 40, 85, 223, 14, 157, 15, 157, 16, 199, 202, 105, 129, 56, 38, 56, 229, 121, 32, 103, 146, 73, 21, 53, 206, 178, 161, 29, 108, 86, 114, 169, 31, 41, 185, 156, 250, 178, 178, 219, 205, 81, 64, 146, 25, 117, 115, 151, 39, 245, 223, 232, 89, 48, 26, 193, 22, 233, 53, 46, 176, 82, 206, 15, 25, 180, 113, 49, 90, 71, 155, 31, 207, 2, 101, 251, 156, 8, 221, 236, 61, 200, 45, 146, 174, 185, 33, 168, 37, 51, 165, 94, 196, 200, 203, 151, 251, 175, 187, 229, 153, 95, 55, 130, 184, 8, 39, 168, 200, 205, 170, 1, 225, 217, 59, 191, 38, 244, 23, 93, 145, 195, 186, 89, 24, 87, 12, 76, 103, 146, 38, 28, 134, 81, 107, 72, 130, 53, 28, 71, 178, 63, 84, 158, 137, 212, 182, 235, 55, 30, 11, 80, 93, 77, 98, 109, 253, 166, 40, 116, 56, 45, 140, 63, 137, 157, 206, 93, 243, 187, 209, 87, 30, 96, 237, 173, 43, 69, 93, 193, 207, 63, 1, 185, 151, 114, 73, 101, 37, 116, 9, 140, 204, 70, 192, 156, 219, 156, 173, 135, 110, 198, 207, 53, 175, 232, 232, 121, 115, 59, 137, 243, 108, 68, 2, 123, 121, 251, 120, 115, 82, 185, 165, 43, 145, 200, 35, 243, 89, 155, 150, 122, 152, 91, 80, 53, 19, 93, 224, 49, 21, 231, 183, 107, 206, 241, 29, 29, 24, 182, 191, 131, 237, 6, 114, 153, 251, 244, 140, 207, 83, 164, 134, 216, 64, 41, 160, 38, 214, 108, 28, 54, 247, 29, 44, 244, 71, 207, 15, 210, 207, 36, 81, 184, 236, 213, 227, 203, 81, 250, 36, 200, 89, 110, 154, 59, 238, 16, 235, 51, 230, 237, 223, 64, 94, 24, 111, 254, 190, 15, 26, 216, 124, 142, 165, 57, 11, 145, 99, 10, 131, 79, 24, 38, 5, 109, 140, 86, 174, 48, 163, 162, 12, 77, 184, 14, 232, 25, 72, 104, 41, 148, 23, 84, 0, 0, 240, 72, 63, 155, 220, 202, 14, 9, 23, 130, 175, 124, 92, 20, 98, 139, 178, 101, 122, 22, 144, 208, 159, 126, 124, 237, 234, 132, 6, 51, 200, 74, 212, 27, 60, 160, 207, 174, 20, 9, 81, 98, 231, 247, 238, 55, 114, 120, 122, 37, 107, 76, 54, 171, 73, 88, 126, 78, 19, 165, 30, 94, 118, 61, 54, 135, 253, 4, 186, 92, 200, 250, 66, 196, 44, 219, 182, 201, 227, 153, 153, 168, 122, 72, 240, 174, 115, 147, 2, 39, 89, 25, 22, 85, 231, 159, 214, 237, 99, 219, 126, 19, 161, 64, 139, 236, 3, 100, 109, 145, 87, 42, 118, 226, 38, 235, 59, 85, 166, 1, 223, 54, 134, 23, 45, 137, 38, 162, 138, 11, 160, 162, 115, 205, 59, 119, 158, 164, 39, 42, 72, 217, 12, 99, 171, 33, 29, 212, 107, 104, 182, 202, 216, 119, 100, 15, 46, 60, 139, 69, 157, 30, 252, 26, 181, 41, 208, 22, 75, 59, 64, 153, 169, 244, 77, 117, 198, 191, 160, 248, 3, 137, 167, 62, 126, 192, 232, 177, 34, 144, 206, 30, 120, 147, 160, 88, 1, 15, 81, 220, 97, 230, 31, 125, 54, 206, 20, 91, 177, 91, 80, 70, 166, 136, 217, 214, 113, 208, 18, 161, 13, 131, 206, 28, 226, 15, 249, 104, 40, 161, 90, 186, 251, 67, 20, 100, 245, 169, 124, 164, 232, 10, 33, 206, 153, 182, 29, 26, 148, 138, 245, 209, 12, 112, 5, 209, 56, 144, 143, 73, 73, 30, 208, 36, 133, 177, 107, 154, 125, 96, 209, 45, 221, 151, 108, 90, 73, 70, 156, 111, 207, 58, 245, 60, 17, 10, 6, 57, 183, 175, 251, 112, 173, 17, 15, 71, 128, 113, 29, 67, 195, 128, 29, 64, 199, 33, 6, 28, 218, 124, 99, 226, 252, 36, 231, 3, 32, 235, 128, 47, 140, 16, 184, 181, 97, 140, 153, 154, 235, 165, 197, 116, 255, 138, 188, 114, 19, 166, 144, 248, 10, 224, 230, 105, 22, 119, 11, 65, 43, 82, 29, 102, 36, 131, 193, 45, 77, 52, 169, 144, 69, 148, 120, 195, 235, 191, 191, 180, 192, 0, 206, 61, 157, 202, 246, 247, 173, 13, 250, 180, 6, 66, 61, 218, 55, 98, 52, 242, 225, 178, 68, 146, 181, 233, 154, 191, 111, 56, 231, 238, 119, 203, 137, 142, 120, 52, 197, 206, 252, 52, 238, 152, 23, 14, 222, 153, 51, 36, 159, 132, 227, 191, 143, 62, 21, 76, 138, 249, 4, 201, 245, 195, 47, 101, 3, 119, 30, 54, 13, 87, 137, 221, 115, 74, 13, 86, 66, 51, 131, 93, 163, 110, 51, 97, 162, 223, 210, 90, 186, 163, 162, 176, 234, 188, 88, 76, 242, 81, 104, 77, 152, 81, 175, 24, 208, 89, 26, 93, 193, 96, 75, 160, 86, 157, 251, 29, 124, 154, 224, 19, 64, 22, 201, 30, 65, 70, 95, 165, 3, 189, 159, 79, 254, 84, 236, 73, 218, 78, 28, 190, 232, 53, 168, 186, 59, 60, 96, 162, 160, 112, 33, 99, 118, 183, 47, 205, 32, 11, 97, 31, 125, 30, 6, 215, 79, 227, 227, 191, 178, 124, 48, 71, 163, 95, 108, 147, 161, 101, 129, 86, 2, 148, 61, 69, 82, 42, 13, 48, 204, 83, 164, 100, 144, 172, 50, 12, 240, 120, 62, 142, 6, 164, 13, 2, 231, 22, 215, 57, 34, 39, 189, 4, 213, 40, 53, 37, 119, 31, 147, 111, 98, 193, 63, 92, 45, 83, 64, 237, 161, 51, 126, 230, 22, 185, 9, 16, 220, 98, 180, 126, 116, 74, 7, 144, 184, 94, 157, 32, 96, 231, 84, 198, 214, 233, 12, 73, 117, 126, 225, 227, 14, 56, 126, 0, 212, 124, 40, 199, 212, 248, 116, 124, 174, 104, 151, 254, 35, 28, 19, 101, 131, 28, 41, 115, 235, 85, 49, 181, 44, 127, 116, 17, 179, 48, 219, 233, 166, 66, 16, 169, 132, 116, 187, 171, 158, 194, 27, 32, 43, 227, 184, 78, 62, 75, 67, 180, 212, 126, 188, 223, 65, 224, 152, 168, 13, 52, 155, 99, 197, 165, 5, 91, 156, 172, 69, 167, 133, 151, 95, 191, 221, 164, 43, 222, 119, 89, 158, 79, 94, 179, 242, 210, 140, 162, 67, 247, 11, 214, 25, 19, 165, 36, 30, 207, 69, 144, 208, 235, 112, 223, 208, 39, 183, 153, 226, 210, 252, 222, 95, 38, 113, 66, 240, 162, 98, 146, 249, 79, 115, 216, 66, 100, 93, 76, 17, 182, 152, 28, 12, 169, 232, 79, 106, 31, 201, 146, 174, 123, 142, 19, 195, 161, 58, 114, 92, 52, 137, 185, 76, 56, 37, 173, 221, 24, 4, 28, 34, 97, 61, 223, 44, 53, 77, 41, 105, 192, 162, 156, 137, 83, 150, 82, 22, 211, 155, 215, 143, 175, 24, 222, 136, 39, 16, 54, 148, 54, 143, 2, 27, 75, 191, 187, 69, 32, 249, 178, 152, 249, 139, 20, 88, 196, 245, 71, 217, 255, 78, 26, 125, 223, 20, 187, 53, 161, 65, 20, 31, 177, 37, 44, 47, 58, 147, 223, 160, 74, 82, 23, 35, 30, 97, 4, 155, 160, 229, 16, 233, 49, 96, 220, 36, 170, 62, 14, 183, 198, 167, 89, 189, 5, 83, 239, 18, 113, 172, 230, 8, 122, 109, 150, 253, 144, 26, 12, 254, 140, 23, 210, 172, 57, 36, 233, 239, 155, 231, 209, 216, 236, 78, 226, 171, 236, 64, 81, 0, 245, 157, 251, 151, 69, 122, 31, 211, 199, 11, 5, 78, 61, 157, 121, 62, 59, 103, 133, 131, 79, 185, 29, 19, 23, 178, 200, 110, 122, 91, 93, 44, 233, 57, 196, 113, 177, 131, 77, 223, 164, 125, 236, 191, 63, 246, 60, 224, 65, 130, 85, 232, 131, 78, 248, 32, 152, 177, 28, 185, 250, 220, 84, 14, 69, 142, 126, 18, 241, 143, 85, 179, 129, 146, 185, 79, 120, 212, 213, 131, 156, 173, 178, 251, 162, 255, 102, 44, 248, 94, 131, 200, 63, 139, 176, 2, 149, 164, 71, 152, 10, 21, 183, 140, 255, 202, 17, 98, 103, 111, 253, 130, 81, 68, 166, 109, 95, 108, 141, 205, 49, 46, 6, 108, 53, 229, 171, 34, 190, 122, 124, 113, 80, 43, 21, 1, 172, 92, 182, 107, 145, 225, 180, 17, 162, 92, 175, 81, 238, 185, 4, 39, 21, 253, 187, 105, 149, 216, 60, 4, 186, 124, 89, 81, 71, 85, 201, 171, 229, 84, 190, 165, 80, 55, 146, 230, 184, 221, 66, 196, 105, 173, 193, 172, 79, 124, 116, 235, 128, 233, 116, 23, 207, 154, 177, 164, 226, 190, 108, 204, 176, 174, 53, 66, 148, 87, 63, 127, 38, 181, 239, 240, 74, 187, 103, 194, 147, 24, 23, 74, 92, 51, 100, 26, 76, 124, 152, 102, 18, 45, 237, 145, 194, 10, 27, 34, 37, 206, 79, 212, 61, 210, 181, 47, 137, 57, 134, 74, 36, 178, 112, 38, 254, 244, 149, 6, 68, 217, 56, 157, 94, 157, 220, 26, 148, 143, 120, 65, 95, 143, 104, 50, 110, 13, 72, 129, 119, 243, 141, 101, 18, 207, 6, 37, 108, 235, 151, 32, 98, 194, 2, 188, 173, 25, 229, 234, 149, 62, 236, 236, 245, 53, 203, 54, 57, 17, 150, 58, 63, 15, 39, 118, 94, 47, 79, 81, 113, 33, 85, 1, 51, 12, 214, 74, 115, 159, 25, 13, 190, 230, 178, 163, 0, 60, 38, 178, 78, 162, 81, 110, 83, 239, 113, 122, 163, 227, 7, 111, 163, 185, 225, 24, 175, 142, 173, 205, 254, 150, 40, 18, 4, 52, 213, 222, 125, 75, 40, 118, 207, 247, 26, 222, 41, 83, 126, 19, 244, 113, 56, 246, 48, 168, 241, 40, 60, 44, 140, 102, 26, 216, 203, 21, 177, 70, 153, 18, 103, 51, 115, 190, 96, 215, 72, 187, 239, 95, 162, 29, 240, 238, 235, 19, 37, 127, 137, 25, 105, 68, 122, 121, 201, 69, 145, 42, 143, 165, 47, 184, 133, 100, 196, 160, 30, 237, 129, 157, 212, 187, 8, 10, 53, 130, 111, 112, 138, 123, 158, 39, 34, 194, 174, 139, 206, 131, 11, 134, 197, 160, 77, 215, 115, 46, 99, 171, 40, 127, 210, 88, 1, 162, 101, 74, 135, 192, 117, 78, 141, 132, 96, 18, 98, 88, 240, 250, 125, 106, 48, 203, 154, 243, 45, 150, 36, 247, 155, 39, 108, 162, 39, 31, 178, 86, 212, 62, 190, 25, 164, 253, 102, 80, 237, 43, 100, 240, 143, 138, 77, 107, 203, 28, 101, 23, 11, 230, 134, 86, 51, 45, 222, 0, 250, 67, 63, 211, 42, 98, 165, 245, 106, 164, 237, 54, 41, 3, 0, 22, 247, 149, 146, 246, 9, 78, 240, 35, 88, 188, 250, 141, 192, 191, 229, 114, 37, 197, 52, 69, 97, 78, 195, 91, 43, 8, 48, 248, 71, 29, 227, 128, 249, 72, 101, 143, 114, 132, 105, 61, 169, 136, 81, 248, 217, 108, 196, 21, 87, 45, 235, 30, 56, 16, 54, 2, 111, 151, 213, 137, 249, 27, 42, 69, 87, 133, 192, 120, 190, 139, 65, 88, 81, 44, 106, 176, 50, 75, 124, 128, 79, 133, 180, 81, 10, 157, 160, 40, 180, 249, 62, 30, 34, 26, 89, 134, 79, 62, 18, 16, 58, 155, 29, 212, 32, 4, 190, 40, 114, 254, 87, 166, 153, 43, 137, 128, 129, 168, 150, 148, 42, 220, 213, 105, 159, 11, 61, 126, 122, 181, 98, 245, 96, 86, 158, 128, 225, 165, 136, 202, 105, 154, 106, 154, 11, 65, 173, 30, 9, 181, 28, 212, 158, 195, 149, 97, 23, 42, 243, 78, 16, 88, 28, 198, 182, 74, 62, 87, 123, 186, 251, 13, 203, 213, 83, 17, 205, 187, 105, 2, 19, 45, 146, 230, 63, 52, 7, 65, 56, 0, 63, 22, 23, 216, 97, 151, 24, 201, 71, 126, 135, 165, 73, 158, 255, 80, 30, 57, 101, 181, 106, 191, 45, 104, 168, 140, 25, 135, 95, 137, 5, 9, 206, 235, 142, 255, 49, 45, 110, 177, 208, 29, 95, 216, 58, 160, 203, 46, 131, 213, 37, 37, 12, 118, 152, 211, 239, 167, 73, 203, 29, 89, 180, 14, 59, 176, 98, 109, 82, 34, 19, 109, 51, 42, 14, 68, 220, 27, 95, 198, 180, 132, 32, 244, 177, 112, 163, 129, 222, 33, 23, 197, 220, 253, 154, 16, 249, 142, 49, 213, 44, 64, 201, 144, 34, 23, 145, 234, 16, 128, 184, 215, 197, 102, 149, 209, 156, 139, 61, 115, 10, 230, 213, 224, 219, 118, 31, 45, 82, 119, 52, 147, 64, 253, 110, 214, 178, 99, 148, 216, 155, 142, 197, 227, 82, 151, 203, 16, 27, 122, 85, 25, 103, 141, 11, 187, 133, 136, 125, 15, 19, 167, 112, 228, 38, 124, 234, 131, 21, 91, 135, 1, 231, 67, 212, 82, 161, 106, 39, 250, 132, 30, 80, 218, 106, 130, 105, 87, 214, 55, 51, 41, 153, 237, 2, 52, 203, 173, 138, 184, 244, 16, 7, 1, 114, 118, 142, 10, 230, 92, 112, 30, 213, 3, 228, 221, 181, 161, 30, 252, 73, 35, 161, 35, 185, 100, 14, 125, 216, 191, 54, 59, 231, 35, 189, 43, 155, 252, 179, 176, 64, 117, 249, 117, 109, 33, 239, 47, 66, 250, 230, 154, 53, 59, 201, 21, 214, 13, 24, 143, 9, 96, 12, 140, 146, 181, 142, 135, 179, 223, 100, 91, 161, 116, 222, 96, 117, 34, 235, 114, 159, 250, 105, 157, 123, 167, 88, 8, 7, 158, 106, 121, 129, 161, 139, 152, 243, 136, 206, 192, 218, 171, 174, 163, 240, 91, 178, 201, 214, 229, 80, 122, 141, 129, 152, 114, 185, 51, 125, 42, 17, 1, 64, 91, 176, 161, 78, 199, 37, 228, 8, 101, 10, 96, 2, 113, 11, 40, 180, 225, 19, 117, 160, 94, 250, 208, 172, 53, 30, 188, 198, 47, 36, 112, 193, 204, 5, 91, 39, 42, 13, 166, 192, 60, 33, 72, 160, 249, 80, 55, 185, 43, 192, 173, 13, 113, 51, 9, 97, 149, 235, 247, 194, 3, 195, 199, 100, 110, 6, 5, 192, 49, 113, 164, 241, 231, 48, 29, 107, 6, 215, 70, 116, 103, 168, 180, 218, 251, 230, 3, 71, 160, 241, 207, 9, 28, 79, 241, 227, 174, 70, 224, 56, 225, 83, 212, 75, 96, 214, 224, 78, 183, 142, 210, 114, 133, 100, 19, 158, 78, 104, 0, 106, 22, 191, 65, 186, 36, 119, 75, 206, 105, 137, 10, 12, 188, 16, 34, 233, 21, 42, 123, 44, 226, 233, 195, 176, 154, 108, 155, 182, 107, 17, 44, 76, 166, 248, 133, 219, 35, 248, 74, 78, 239, 104, 201, 238, 113, 197, 90, 137, 205, 236, 154, 88, 246, 41, 104, 55, 215, 5, 169, 146, 71, 124, 207, 196, 25, 22, 169, 141, 15, 207, 242, 8, 142, 168, 148, 213, 93, 44, 108, 19, 202, 121, 106, 21, 71, 185, 85, 59, 253, 195, 176, 9, 176, 126, 129, 16, 146, 81, 74, 189, 8, 73, 210, 7, 204, 72, 227, 122, 219, 133, 67, 124, 177, 143, 126, 126, 117, 222, 174, 176, 168, 175, 22, 143, 49, 252, 22, 42, 123, 236, 93, 187, 15, 133, 71, 181, 199, 38, 243, 239, 245, 122, 59, 40, 231, 224, 50, 145, 186, 243, 234, 81, 143, 102, 66, 248, 9, 92, 90, 218, 194, 131, 50, 237, 13, 125, 157, 233, 122, 205, 251, 116, 72, 138, 34, 11, 112, 186, 47, 173, 245, 55, 20, 61, 36, 194, 231, 85, 42, 129, 183, 252, 122, 136, 179, 107, 32, 132, 120, 182, 245, 101, 122, 139, 75, 114, 236, 73, 47, 194, 59, 171, 242, 190, 17, 213, 190, 22, 117, 115, 225, 234, 255, 17, 225, 232, 147, 89, 2, 221, 102, 139, 111, 234, 211, 251, 65, 164, 91, 74, 26, 182, 104, 123, 98, 18, 238, 86, 227, 167, 195, 94, 140, 187, 75, 86, 178, 224, 3, 133, 23, 117, 26, 47, 229, 98, 144, 157, 99, 254, 144, 61, 110, 166, 228, 158, 31, 86, 88, 40, 180, 218, 97, 156, 49, 89, 208, 30, 210, 127, 230, 140, 32, 18, 228, 135, 37, 172, 183, 214, 127, 118, 149, 123, 200, 100, 1, 112, 17, 111, 240, 72, 155, 157, 226, 104, 99, 207, 24, 61, 235, 102, 55, 223, 2, 218, 19, 29, 166, 124, 53, 49, 144, 143, 191, 75, 95, 110, 184, 30, 92, 137, 71, 152, 47, 40, 12, 196, 156, 208, 71, 116, 80, 186, 13, 230, 40, 105, 147, 56, 246, 168, 188, 244, 69, 100, 61, 140, 187, 159, 184, 185, 247, 12, 117, 112, 55, 169, 115, 207, 50, 168, 151, 235, 181, 183, 230, 111, 45, 155, 251, 111, 133, 221, 145, 104, 88, 192, 158, 200, 123, 129, 105, 19, 232, 210, 87, 187, 129, 159, 185, 156, 242, 116, 135, 129, 242, 146, 60, 69, 30, 108, 166, 218, 233, 224, 44, 184, 146, 39, 40, 137, 33, 162, 177, 245, 244, 35, 192, 43, 14, 59, 167, 137, 231, 143, 30, 119, 17, 181, 183, 175, 44, 179, 176, 227, 102, 181, 219, 44, 137, 189, 59, 120, 153, 211, 84, 82, 27, 241, 178, 108, 171, 251, 35, 113, 85, 200, 126, 192, 125, 144, 21, 225, 7, 26, 184, 149, 223, 12, 21, 219, 190, 231, 28, 28, 94, 5, 108, 145, 144, 186, 8, 75, 182, 92, 154, 147, 43, 120, 183, 47, 232, 242, 99, 47, 47, 111, 69, 134, 81, 60, 153, 181, 38, 93, 43, 14, 94, 99, 92, 116, 241, 204, 239, 147, 56, 146, 8, 65, 34, 55, 167, 29, 53, 221, 114, 18, 11, 188, 142, 105, 254, 143, 201, 218, 3, 8, 166, 156, 223, 98, 40, 133, 192, 58, 137, 211, 197, 214, 123, 175, 116, 223, 132, 16, 91, 107, 127, 5, 6, 182, 115, 20, 135, 111, 114, 174, 163, 93, 46, 135, 15, 173, 18, 21, 22, 96, 91, 73, 230, 147, 81, 137, 182, 237, 32, 71, 27, 135, 143, 95, 33, 158, 100, 131, 123, 172, 116, 138, 209, 199, 118, 150, 215, 209, 153, 232, 139, 45, 69, 43, 170, 188, 108, 165, 239, 56, 190, 119, 95, 238, 136, 0, 9, 15, 3, 247, 93, 127, 183, 200, 231, 64, 77, 13, 49, 92, 172, 141, 86, 207, 123, 86, 120, 97, 3, 55, 217, 232, 4, 84, 97, 185, 140, 208, 13, 147, 177, 145, 187, 101, 41, 80, 25, 105, 219, 82, 218, 38, 21, 63, 125, 53, 144, 103, 47, 54, 113, 244, 2, 32, 32, 133, 142, 83, 83, 98, 14, 254, 255, 120, 75, 172, 53, 57, 244, 209, 218, 158, 112, 60, 31, 229, 145, 64, 156, 177, 56, 171, 210, 135, 146, 193, 6, 155, 210, 1, 85, 198, 2, 54, 94, 82, 98, 212, 215, 147, 40, 240, 24, 4, 28, 157, 115, 144, 10, 33, 41, 3, 138, 190, 20, 230, 38, 70, 43, 51, 158, 6, 55, 241, 13, 62, 211, 210, 175, 61, 64, 232, 47, 138, 34, 167, 253, 182, 72, 120, 82, 129, 66, 196, 178, 70, 202, 207, 53, 127, 71, 225, 155, 159, 242, 174, 34, 119, 239, 244, 178, 2, 43, 237, 53, 112, 66, 74, 88, 8, 163, 150, 187, 32, 199, 48, 17, 3, 248, 148, 199, 35, 215, 184, 34, 138, 11, 162, 31, 2, 196, 50, 105, 129, 61, 236, 32, 51, 77, 78, 228, 46, 102, 22, 253, 134, 249, 190, 187, 171, 246, 126, 57, 238, 174, 200, 151, 154, 15, 5, 24, 246, 48, 197, 178, 19, 71, 147, 120, 181, 119, 243, 83, 179, 178, 238, 33, 209, 171, 5, 101, 89, 255, 202, 59, 198, 10, 79, 247, 198, 40, 106, 15, 12, 75, 47, 107, 13, 219, 113, 179, 198, 171, 150, 74, 101, 6, 82, 214, 164, 223, 108, 79, 118, 63, 185, 174, 11, 217, 176, 90, 183, 53, 30, 46, 31, 204, 17, 192, 238, 204, 254, 83, 65, 126, 141, 198, 217, 216, 11, 197, 111, 239, 133, 58, 186, 208, 149, 29, 28, 15, 28, 219, 74, 162, 202, 0, 137, 55, 216, 203, 172, 209, 19, 117, 74, 158, 45, 249, 182, 141, 56, 80, 43, 178, 108, 149, 71, 158, 210, 47, 124, 146, 162, 33, 107, 236, 58, 25, 56, 77, 214, 16, 147, 193, 39, 68, 162, 188, 254, 220, 123, 132, 138, 237, 114, 82, 158, 202, 224, 250, 46, 146, 118, 153, 197, 214, 169, 150, 203, 8, 86, 47, 57, 209, 238, 219, 161, 206, 120, 87, 134, 241, 75, 193, 22, 144, 210, 45, 129, 129, 247, 188, 178, 145, 170, 220, 236, 80, 162, 107, 97, 2, 28, 138, 196, 21, 170, 159, 132, 179, 238, 46, 55, 213, 6, 172, 61, 99, 3, 222, 30, 31, 6, 93, 114, 19, 184, 151, 6, 149, 59, 27, 80, 10, 25, 3, 115, 16, 42, 52, 164, 6, 86, 140, 83, 212, 220, 17, 143, 86, 43, 92, 63, 151, 154, 108, 4, 240, 201, 63, 231, 242, 153, 56, 18, 8, 227, 216, 77, 130, 231, 168, 176, 239, 207, 224, 41, 115, 30, 179, 69, 84, 125, 62, 114, 38, 183, 124, 232, 194, 11, 15, 59, 167, 111, 8, 88, 42, 137, 4, 121, 12, 248, 204, 103, 74, 20, 53, 188, 229, 144, 224, 202, 144, 108, 247, 29, 105, 183, 65, 32, 177, 50, 64, 225, 72, 0, 103, 117, 14, 247, 164, 174, 193, 138, 191, 72, 108, 228, 148, 115, 155, 219, 161, 186, 53, 210, 48, 143, 39, 142, 159, 253, 179, 237, 181, 21, 48, 180, 254, 239, 4, 57, 113, 80, 85, 225, 173, 142, 58, 193, 191, 193, 235, 97, 37, 5, 227, 18, 252, 87, 61, 207, 152, 240, 109, 41, 58, 105, 110, 195, 60, 46, 30, 85, 6, 84, 56, 15, 76, 160, 222, 40, 165, 153, 185, 231, 75, 47, 86, 44, 107, 192, 100, 136, 249, 176, 26, 134, 218, 199, 194, 106, 41, 218, 10, 79, 16, 108, 60, 2, 139, 95, 84, 5, 106, 112, 33, 110, 48, 194, 147, 201, 215, 79, 115, 81, 215, 37, 85, 25, 22, 77, 8, 39, 56, 206, 16, 2, 208, 238, 148, 222, 254, 153, 54, 230, 221, 221, 197, 17, 237, 105, 165, 135, 52, 34, 240, 110, 105, 80, 7, 130, 249, 202, 112, 62, 157, 241, 11, 16, 34, 1, 203, 98, 25, 63, 6, 95, 49, 225, 55, 165, 22, 67, 163, 218, 5, 233, 21, 185, 60, 2, 173, 24, 17, 85, 198, 202, 55, 13, 40, 133, 227, 187, 15, 40, 213, 159, 193, 101, 24, 108, 60, 68, 176, 78, 202, 166, 130, 2, 221, 49, 222, 20, 187, 209, 165, 6, 86, 125, 16, 96, 11, 228, 24, 77, 89, 184, 143, 243, 147, 145, 217, 244, 172, 199, 173, 17, 121, 168, 201, 149, 237, 36, 144, 230, 84, 88, 127, 115, 139, 105, 124, 16, 21, 43, 41, 42, 121, 86, 210, 112, 204, 199, 160, 233, 151, 78, 218, 68, 140, 52, 53, 235, 61, 190, 11, 24, 96, 112, 91, 49, 246, 25, 140, 14, 30, 234, 226, 102, 207, 27, 115, 234, 103, 24, 138, 93, 230, 110, 252, 238, 248, 212, 189, 108, 202, 41, 187, 195, 237, 42, 41, 253, 133, 71, 182, 160, 41, 199, 102, 217, 114, 204, 142, 142, 179, 179, 25, 49, 205, 135, 218, 36, 8, 158, 127, 41, 15, 105, 58, 218, 110, 8, 139, 215, 133, 49, 40, 185, 15, 221, 152, 232, 187, 46, 162, 45, 133, 238, 177, 230, 34, 78, 68, 139, 129, 171, 192, 213, 112, 129, 95, 191, 143, 27, 244, 70, 17, 23, 186, 143, 39, 60, 31, 146, 130, 35, 63, 162, 80, 35, 247, 233, 94, 165, 149, 20, 127, 66, 216, 178, 80, 207, 196, 111, 105, 93, 9, 37, 123, 154, 211, 243, 42, 244, 48, 186, 65, 128, 103, 41, 118, 67, 92, 201, 5, 172, 185, 107, 91, 204, 45, 185, 170, 199, 179, 135, 30, 109, 64, 11, 33, 39, 183, 226, 47, 221, 227, 225, 250, 2, 182, 5, 43, 166, 217, 126, 226, 144, 33, 247, 218, 245, 137, 109, 16, 221, 197, 206, 10, 133, 140, 130, 103, 133, 239, 228, 4, 168, 60, 249, 15, 19, 42, 193, 225, 57, 226, 195, 128, 124, 26, 127, 184, 237, 75, 224, 176, 42, 10, 92, 41, 210, 202, 59, 38, 215, 33, 147, 17, 165, 46, 147, 200, 81, 231, 242, 238, 61, 47, 144, 78, 71, 201, 128, 226, 79, 232, 228, 92, 53, 44, 63, 128, 29, 26, 84, 232, 178, 171, 12, 29, 241, 219, 225, 111, 103, 245, 4, 67, 97, 183, 47, 196, 21, 47, 224, 125, 144, 133, 62, 247, 118, 127, 133, 196, 27, 38, 6, 177, 214, 127, 35, 45, 189, 215, 18, 80, 11, 144, 85, 59, 167, 19, 247, 50, 120, 127, 10, 245, 145, 81, 239, 200, 245, 193, 8, 96, 109, 176, 254, 80, 1, 40, 133, 15, 149, 241, 94, 109, 34, 98, 216, 72, 249, 220, 196, 146, 242, 111, 53, 9, 182, 235, 198, 225, 22, 80, 90, 133, 205, 238, 138, 216, 0, 75, 2, 39, 18, 220, 98, 84, 178, 236, 226, 91, 205, 11, 132, 210, 192, 106, 63, 5, 29, 196, 21, 27, 144, 11, 80, 242, 255, 33, 47, 197, 10, 197, 32, 16, 122, 182, 126, 97, 134, 76, 239, 12, 72, 91, 139, 169, 229, 205, 178, 179, 252, 234, 70, 195, 52, 156, 148, 177, 118, 83, 26, 237, 241, 68, 116, 20, 132, 64, 188, 243, 106, 244, 79, 128, 82, 203, 123, 25, 151, 234, 196, 134, 248, 170, 246, 144, 56, 205, 83, 106, 215, 153, 142, 170, 203, 32, 153, 47, 222, 55, 55, 225, 108, 144, 28, 199, 89, 100, 67, 67, 245, 106, 73, 180, 13, 255, 13, 53, 165, 223, 101, 58, 137, 7, 34, 117, 91, 14, 59, 33, 141, 104, 11, 219, 241, 226, 120, 214, 131, 89, 77, 148, 185, 9, 40, 207, 110, 125, 242, 72, 230, 188, 253, 43, 214, 210, 12, 163, 58, 142, 78, 3, 4, 242, 184, 148, 44, 42, 189, 148, 191, 206, 109, 234, 199, 37, 188, 234, 152, 136, 187, 131, 154, 255, 47, 115, 32, 183, 185, 251, 233, 106, 231, 15, 154, 147, 85, 231, 85, 32, 254, 136, 251, 91, 247, 154, 162, 134, 94, 208, 7, 137, 62, 0, 110, 242, 142, 243, 4, 209, 179, 115, 148, 77, 190, 21, 188, 42, 45, 224, 123, 127, 35, 70, 137, 198, 17, 120, 148, 148, 195, 9, 20, 121, 115, 114, 77, 171, 206, 43, 153, 208, 213, 200, 3, 96, 20, 43, 12, 188, 52, 89, 217, 153, 191, 229, 104, 199, 148, 224, 165, 62, 48, 146, 168, 232, 219, 96, 47, 46, 88, 108, 33, 131, 251, 88, 83, 238, 206, 9, 231, 174, 27, 220, 206, 117, 209, 44, 244, 43, 146, 155, 152, 227, 94, 72, 223, 92, 106, 177, 254, 2, 207, 132, 92, 62, 199, 0, 41, 142, 52, 13, 51, 222, 127, 95, 197, 174, 249, 243, 242, 98, 240, 53, 86, 248, 40, 212, 63, 221, 120, 220, 153, 1, 112, 67, 143, 85, 36, 8, 1, 70, 48, 11, 224, 31, 175, 23, 40, 140, 123, 150, 128, 246, 22, 180, 87, 122, 28, 220, 53, 79, 223, 100, 27, 104, 99, 59, 169, 118, 243, 216, 203, 121, 99, 35, 253, 194, 149, 28, 58, 93, 84, 251, 39, 81, 211, 150, 175, 174, 219, 75, 200, 3, 72, 190, 124, 43, 49, 49, 28, 182, 156, 81, 59, 155, 113, 7, 149, 144, 114, 159, 157, 229, 254, 95, 190, 170, 4, 57, 24, 84, 50, 59, 235, 58, 214, 29, 1, 46, 17, 30, 199, 146, 83, 187, 39, 140, 148, 33, 136, 158, 101, 250, 58, 60, 226, 248, 233, 192, 127, 128, 48, 206, 194, 102, 137, 93, 148, 246, 10, 188, 115, 116, 126, 130, 63, 116, 65, 128, 63, 27, 184, 207, 22, 217, 171, 186, 244, 75, 5, 86, 172, 243, 25, 208, 50, 163, 175, 64, 60, 76, 173, 233, 210, 69, 226, 113, 157, 103, 254, 165, 230, 6, 212, 210, 150, 134, 124, 104, 145, 30, 119, 71, 234, 72, 183, 174, 154, 236, 109, 198, 108, 5, 73, 211, 149, 20, 71, 235, 139, 221, 240, 35, 139, 10, 55, 178, 119, 12, 38, 109, 48, 197, 255, 87, 74, 119, 175, 234, 148, 13, 245, 225, 127, 123, 104, 126, 244, 119, 234, 174, 177, 54, 227, 19, 237, 43, 147, 210, 163, 200, 79, 98, 12, 77, 201, 21, 17, 183, 120, 28, 69, 169, 232, 244, 242, 61, 46, 223, 198, 129, 210, 161, 181, 72, 247, 146, 118, 47, 115, 187, 81, 143, 96, 229, 238, 222, 180, 46, 249, 27, 47, 219, 209, 44, 110, 181, 131, 118, 104, 31, 199, 0, 218, 167, 4, 191, 174, 61, 209, 18, 170, 239, 63, 63, 209, 85, 147, 234, 44, 143, 161, 242, 247, 229, 7, 75, 156, 94, 214, 64, 1, 251, 188, 183, 88, 228, 180, 252, 157, 227, 113, 13, 48, 107, 53, 62, 1, 21, 144, 141, 89, 154, 234, 254, 238, 177, 6, 179, 145, 128, 57, 151, 229, 185, 47, 13, 202, 46, 63, 200, 146, 128, 114, 45, 185, 11, 121, 137, 117, 42, 13, 57, 222, 39, 0, 234, 126, 127, 240, 97, 124, 159, 77, 17, 73, 44, 225, 144, 107, 66, 6, 130, 130, 43, 79, 41, 91, 51, 63, 196, 151, 50, 178, 179, 45, 233, 225, 39, 77, 75, 234, 178, 150, 47, 197, 234, 137, 25, 230, 171, 142, 103, 110, 219, 108, 82, 79, 28, 66, 224, 190, 94, 80, 203, 142, 128, 88, 170, 84, 151, 18, 144, 162, 96, 12, 57, 68, 43, 68, 222, 169, 16, 38, 96, 202, 166, 205, 88, 212, 44, 66, 215, 176, 171, 253, 88, 63, 249, 105, 129, 88, 209, 98, 30, 67, 51, 16, 108, 217, 123, 137, 50, 246, 73, 187, 151, 181, 39, 242, 151, 55, 21, 166, 130, 197, 67, 211, 203, 57, 127, 122, 86, 230, 163, 86, 132, 192, 16, 3, 206, 60, 200, 113, 235, 166, 0, 193, 119, 46, 187, 195, 190, 181, 39, 172, 53, 103, 21, 77, 227, 209, 235, 212, 217, 38, 7, 253, 219, 99, 99, 216, 187, 205, 203, 112, 9, 30, 19, 87, 231, 253, 214, 254, 231, 135, 22, 252, 57, 59, 26, 111, 26, 116, 152, 209, 160, 164, 56, 68, 121, 15, 52, 191, 222, 184, 170, 62, 41, 106, 69, 241, 189, 145, 235, 184, 194, 88, 19, 203, 171, 154, 229, 56, 143, 56, 202, 113, 1, 232, 151, 192, 190, 199, 100, 68, 59, 83, 104, 50, 57, 96, 128, 36, 193, 13, 99, 150, 122, 124, 25, 75, 78, 145, 179, 38, 92, 254, 11, 249, 237, 152, 212, 62, 247, 190, 130, 156, 159, 168, 105, 248, 138, 89, 117, 226, 232, 44, 201, 101, 117, 166, 41, 164, 250, 109, 174, 203, 226, 219, 137, 162, 29, 238, 99, 29, 224, 68, 13, 43, 130, 31, 239, 160, 225, 130, 173, 98, 12, 203, 91, 175, 243, 236, 17, 111, 189, 252, 236, 168, 119, 216, 45, 215, 112, 95, 152, 189, 137, 25, 61, 255, 47, 130, 218, 156, 114, 147, 209, 11, 143, 4, 168, 66, 220, 81, 17, 161, 174, 244, 199, 247, 84, 53, 144, 241, 15, 63, 23, 171, 49, 202, 38, 4, 181, 128, 112, 152, 104, 122, 144, 193, 7, 86, 241, 2, 107, 215, 26, 152, 19, 84, 63, 6, 133, 136, 204, 56, 29, 16, 20, 5, 244, 190, 153, 63, 51, 160, 126, 93, 179, 59, 252, 70, 84, 64, 199, 150, 34, 105, 4, 196, 29, 97, 137, 122, 118, 253, 60, 32, 192, 7, 108, 173, 53, 193, 19, 122, 179, 66, 133, 179, 93, 26, 102, 124, 159, 186, 181, 159, 87, 124, 21, 39, 150, 160, 28, 195, 61, 48, 30, 77, 44, 76, 209, 212, 44, 14, 19, 193, 17, 235, 155, 102, 86, 27, 6, 177, 205, 147, 162, 214, 161, 95, 40, 224, 109, 126, 99, 10, 50, 57, 96, 15, 184, 52, 151, 2, 73, 93, 213, 5, 232, 253, 221, 16, 146, 66, 121, 39, 215, 201, 134, 151, 24, 170, 32, 228, 193, 28, 226, 54, 74, 36, 160, 53, 137, 25, 32, 125, 146, 245, 209, 135, 210, 245, 213, 39, 206, 93, 200, 193, 162, 180, 68, 149, 134, 210, 9, 125, 72, 193, 3, 255, 87, 117, 108, 210, 193, 195, 125, 171, 100, 109, 73, 191, 155, 206, 181, 125, 71, 81, 209, 195, 231, 248, 142, 76, 158, 99, 5, 145, 212, 50, 200, 155, 236, 221, 104, 204, 234, 127, 146, 188, 143, 79, 215, 57, 113, 0, 90, 223, 48, 50, 85, 42, 87, 219, 67, 154, 134, 182, 37, 235, 152, 84, 130, 242, 11, 77, 13, 33, 38, 250, 188, 45, 125, 221, 75, 231, 249, 253, 236, 143, 234, 106, 102, 192, 151, 77, 85, 82, 20, 107, 18, 43, 247, 25, 152, 70, 26, 187, 130, 230, 201, 176, 218, 148, 96, 181, 64, 48, 139, 106, 85, 238, 92, 76, 231, 38, 116, 227, 152, 231, 247, 120, 47, 147, 17, 200, 16, 174, 100, 131, 7, 84, 139, 207, 78, 102, 0, 183, 240, 26, 152, 84, 64, 54, 93, 213, 43, 19, 35, 114, 99, 139, 138, 52, 35, 217, 13, 32, 173, 15, 174, 169, 40, 176, 137, 39, 216, 210, 113, 24, 39, 5, 140, 65, 61, 142, 117, 253, 136, 92, 130, 227, 225, 108, 87, 250, 24, 169, 148, 244, 202, 195, 238, 220, 16, 252, 38, 186, 200, 47, 15, 72, 131, 187, 207, 70, 89, 227, 56, 18, 181, 210, 17, 189, 181, 216, 77, 186, 0, 131, 115, 173, 147, 138, 101, 0, 155, 82, 31, 62, 156, 248, 149, 235, 226, 160, 86, 0, 131, 247, 37, 227, 69, 231, 195, 120, 79, 61, 41, 194, 19, 141, 217, 222, 41, 183, 127, 116, 121, 186, 157, 121, 69, 182, 63, 207, 146, 96, 204, 224, 106, 22, 112, 62, 72, 58, 230, 183, 88, 225, 59, 44, 39, 135, 218, 62, 201, 192, 110, 225, 245, 12, 9, 253, 21, 134, 165, 41, 249, 187, 85, 253, 77, 214, 18, 188, 226, 14, 231, 41, 192, 112, 0, 82, 10, 186, 214, 164, 34, 198, 120, 31, 70, 206, 213, 1, 247, 150, 242, 163, 144, 0, 196, 98, 119, 14, 182, 21, 10, 9, 221, 232, 193, 230, 248, 103, 15, 27, 193, 22, 71, 7, 224, 31, 222, 100, 191, 54, 76, 99, 121, 227, 80, 58, 75, 203, 56, 95, 15, 100, 3, 38, 97, 23, 192, 174, 48, 47, 2, 22, 153, 230, 33, 142, 105, 194, 145, 254, 9, 102, 192, 206, 233, 39, 86, 15, 244, 189, 49, 245, 139, 158, 42, 87, 52, 166, 199, 199, 42, 202, 1, 252, 246, 24, 10, 18, 19, 239, 27, 134, 185, 233, 34, 116, 81, 29, 108, 73, 216, 187, 200, 174, 224, 3, 83, 75, 35, 204, 168, 136, 137, 99, 38, 155, 0, 149, 25, 9, 101, 205, 17, 209, 202, 25, 25, 102, 151, 144, 61, 56, 219, 94, 104, 206, 125, 188, 170, 223, 85, 204, 195, 8, 180, 243, 47, 147, 240, 194, 77, 220, 2, 25, 203, 24, 31, 161, 200, 148, 179, 53, 172, 91, 210, 213, 172, 86, 30, 113, 106, 12, 143, 65, 40, 88, 184, 119, 10, 138, 121, 248, 196, 220, 229, 22, 72, 245, 93, 255, 151, 84, 102, 149, 136, 122, 163, 184, 132, 96, 63, 50, 249, 27, 87, 78, 64, 64, 191, 101, 45, 113, 59, 69, 218, 235, 245, 176, 58, 113, 144, 250, 119, 107, 91, 226, 100, 63, 163, 40, 243, 157, 18, 6, 45, 34, 32, 231, 236, 113, 43, 167, 39, 235, 186, 10, 101, 89, 29, 157, 49, 215, 157, 89, 5, 250, 1, 224, 253, 205, 139, 67, 124, 19, 40, 188, 22, 189, 148, 110, 37, 248, 95, 108, 3, 153, 171, 192, 79, 3, 45, 215, 114, 162, 23, 168, 95, 247, 232, 84, 79, 67, 224, 173, 217, 200, 183, 2, 28, 147, 48, 8, 61, 218, 50, 192, 43, 100, 26, 23, 166, 100, 67, 59, 201, 33, 153, 220, 152, 65, 177, 158, 48, 154, 18, 95, 248, 134, 9, 225, 233, 139, 140, 25, 118, 120, 81, 53, 3, 108, 122, 88, 70, 255, 34, 97, 212, 22, 253, 141, 240, 76, 78, 212, 206, 249, 110, 88, 120, 240, 33, 135, 174, 140, 114, 173, 63, 118, 19, 207, 15, 144, 58, 29, 126, 130, 214, 54, 63, 33, 191, 57, 13, 160, 25, 40, 157, 43, 197, 25, 164, 252, 7, 223, 164, 90, 129, 173, 219, 47, 127, 203, 11, 81, 203, 33, 124, 117, 124, 25, 68, 120, 55, 76, 248, 61, 101, 42, 145, 197, 53, 14, 73, 59, 72, 67, 247, 56, 97, 122, 19, 222, 29, 25, 36, 199, 100, 231, 67, 130, 156, 188, 196, 211, 151, 135, 101, 254, 29, 181, 90, 182, 31, 63, 150, 9, 224, 100, 245, 193, 114, 215, 85, 172, 185, 122, 6, 172, 196, 221, 5, 166, 170, 243, 242, 119, 215, 62, 248, 70, 64, 199, 166, 136, 76, 161, 152, 173, 45, 126, 55, 211, 178, 123, 43, 72, 193, 174, 10, 172, 60, 255, 87, 148, 122, 175, 67, 210, 36, 205, 61, 100, 187, 165, 245, 13, 9, 134, 85, 186, 71, 212, 171, 48, 113, 229, 101, 206, 208, 60, 4, 169, 44, 104, 3, 102, 15, 99, 207, 79, 107, 109, 201, 141, 238, 170, 186, 151, 116, 13, 109, 178, 255, 6, 190, 6, 231, 114, 114, 134, 222, 93, 22, 129, 149, 216, 149, 174, 115, 185, 241, 250, 251, 3, 165, 196, 241, 103, 19, 149, 243, 193, 214, 59, 5, 211, 138, 127, 43, 206, 235, 140, 91, 212, 15, 111, 68, 98, 201, 117, 199, 74, 171, 75, 112, 154, 16, 9, 16, 83, 157, 150, 12, 34, 234, 124, 1, 116, 10, 52, 64, 175, 157, 225, 17, 35, 1, 17, 255, 138, 82, 179, 173, 109, 247, 245, 43, 161, 86, 121, 160, 202, 127, 32, 57, 11, 16, 33, 180, 53, 121, 178, 119, 238, 132, 213, 9, 103, 25, 127, 127, 204, 26, 157, 29, 116, 195, 154, 139, 122, 255, 131, 107, 225, 177, 85, 49, 70, 144, 35, 89, 253, 148, 95, 124, 192, 143, 15, 177, 93, 40, 35, 148, 116, 247, 9, 190, 154, 177, 94, 212, 117, 127, 189, 14, 108, 21, 104, 181, 222, 37, 149, 6, 9, 113, 108, 194, 215, 199, 176, 128, 172, 42, 152, 140, 167, 104, 168, 240, 20, 136, 8, 202, 196, 67, 37, 105, 116, 82, 186, 21, 100, 96, 149, 229, 244, 36, 217, 111, 189, 79, 129, 119, 71, 4, 73, 180, 249, 184, 156, 162, 21, 27, 54, 50, 199, 152, 43, 122, 160, 93, 116, 251, 53, 160, 147, 9, 17, 94, 168, 226, 107, 240, 189, 87, 220, 37, 68, 87, 87, 88, 118, 219, 180, 162, 69, 198, 184, 225, 153, 221, 133, 168, 195, 96, 130, 111, 102, 36, 164, 202, 179, 202, 221, 1, 55, 30, 70, 10, 39, 114, 107, 194, 79, 24, 158, 33, 225, 87, 15, 226, 246, 157, 178, 103, 108, 5, 91, 159, 173, 125, 53, 249, 91, 228, 83, 164, 239, 89, 239, 23, 102, 11, 233, 84, 32, 122, 228, 129, 72, 30, 180, 107, 168, 85, 6, 28, 226, 61, 238, 147, 96, 115, 169, 67, 0, 133, 158, 206, 201, 128, 160, 3, 167, 199, 15, 252, 15, 125, 160, 154, 12, 2, 174, 250, 113, 165, 32, 94, 208, 189, 80, 164, 148, 57, 255, 230, 224, 76, 35, 252, 200, 40, 146, 0, 160, 52, 33, 170, 37, 143, 103, 84, 153, 165, 40, 76, 170, 125, 117, 78, 131, 189, 177, 31, 249, 41, 163, 84, 170, 200, 194, 33, 245, 213, 47, 45, 32, 116, 211, 153, 74, 189, 238, 66, 159, 58, 95, 154, 43, 152, 36, 39, 6, 194, 225, 133, 190, 58, 62, 22, 103, 84, 168, 44, 129, 92, 30, 34, 118, 8, 254, 123, 135, 32, 202, 191, 192, 51, 163, 177, 131, 12, 147, 86, 218, 38, 220, 107, 125, 224, 248, 234, 53, 27, 253, 161, 161, 134, 173, 34, 58, 52, 44, 27, 144, 16, 78, 101, 32, 48, 9, 46, 181, 230, 48, 164, 243, 194, 213, 66, 191, 87, 89, 167, 64, 120, 41, 181, 223, 89, 76, 43, 82, 135, 211, 52, 241, 71, 141, 143, 118, 153, 224, 42, 19, 236, 82, 168, 31, 91, 247, 119, 223, 173, 11, 248, 90, 110, 172, 95, 136, 134, 34, 9, 64, 245, 33, 229, 16, 235, 250, 186, 209, 41, 244, 230, 189, 36, 99, 245, 7, 76, 191, 11, 155, 37, 163, 252, 8, 239, 127, 108, 89, 133, 71, 18, 215, 210, 244, 198, 82, 159, 74, 40, 86, 53, 254, 150, 216, 85, 64, 60, 251, 156, 98, 245, 153, 246, 170, 188, 194, 75, 236, 157, 60, 40, 138, 42, 118, 89, 190, 63, 246, 230, 70, 22, 104, 86, 170, 176, 156, 50, 13, 150, 119, 135, 165, 84, 173, 148, 172, 5, 102, 35, 243, 186, 216, 142, 57, 44, 1, 84, 162, 58, 59, 152, 161, 36, 144, 206, 68, 173, 235, 133, 222, 150, 89, 111, 135, 245, 208, 93, 200, 164, 230, 244, 110, 86, 161, 71, 36, 10, 255, 239, 25, 226, 131, 44, 152, 73, 149, 105, 86, 12, 72, 83, 170, 192, 160, 24, 132, 116, 229, 30, 213, 189, 2, 98, 104, 42, 229, 167, 96, 23, 41, 66, 236, 143, 152, 155, 249, 37, 195, 176, 162, 200, 45, 41, 27, 205, 49, 159, 145, 117, 173, 250, 138, 67, 12, 160, 255, 60, 86, 143, 82, 13, 222, 42, 53, 118, 198, 166, 123, 235, 78, 224, 161, 218, 26, 202, 107, 50, 78, 4, 187, 22, 47, 51, 107, 45, 251, 102, 213, 176, 166, 91, 119, 46, 165, 217, 54, 222, 190, 97, 101, 11, 136, 25, 251, 84, 87, 248, 251, 5, 107, 87, 25, 248, 140, 103, 245, 228, 105, 50, 30, 242, 170, 34, 28, 33, 255, 165, 185, 164, 228, 63, 209, 95, 186, 243, 231, 103, 27, 247, 14, 223, 254, 205, 154, 178, 210, 93, 167, 54, 235, 239, 204, 104, 149, 17, 202, 44, 111, 185, 29, 185, 94, 231, 97, 143, 255, 68, 53, 145, 223, 194, 215, 102, 239, 43, 236, 14, 247, 213, 171, 25, 78, 153, 29, 85, 6, 117, 67, 45, 65, 79, 6, 138, 184, 31, 35, 139, 70, 115, 147, 56, 139, 195, 184, 239, 132, 153, 156, 253, 111, 5, 153, 33, 13, 75, 83, 181, 171, 57, 20, 2, 110, 233, 46, 176, 237, 159, 147, 31, 156, 71, 49, 246, 73, 100, 46, 233, 26, 176, 13, 148, 39, 150, 60, 64, 10, 73, 209, 19, 23, 84, 194, 39, 242, 104, 249, 92, 26, 118, 184, 23, 71, 136, 235, 155, 178, 24, 219, 209, 178, 29, 85, 16, 97, 36, 22, 192, 4, 33, 148, 146, 246, 77, 72, 14, 195, 160, 226, 68, 96, 0, 21, 226, 84, 210, 9, 163, 229, 240, 118, 22, 19, 81, 245, 120, 53, 149, 174, 186, 235, 209, 45, 36, 168, 44, 50, 33, 236, 131, 64, 72, 139, 10, 37, 207, 173, 218, 113, 46, 160, 95, 164, 76, 153, 225, 53, 144, 23, 251, 224, 105, 201, 138, 169, 70, 102, 21, 61, 28, 234, 227, 168, 214, 155, 203, 124, 61, 9, 63, 196, 67, 42, 50, 134, 108, 75, 240, 247, 19, 133, 166, 10, 193, 120, 31, 207, 85, 34, 134, 162, 4, 217, 123, 84, 82, 254, 34, 74, 57, 209, 63, 117, 109, 50, 81, 163, 241, 2, 241, 45, 151, 161, 88, 139, 159, 52, 13, 116, 171, 82, 115, 105, 9, 236, 136, 139, 122, 55, 177, 11, 62, 80, 33, 220, 91, 106, 179, 177, 48, 112, 34, 85, 42, 96, 60, 90, 108, 86, 64, 166, 95, 76, 163, 164, 25, 63, 30, 184, 105, 145, 164, 105, 139, 196, 216, 114, 222, 12, 222, 46, 167, 114, 244, 106, 108, 28, 224, 20, 75, 133, 62, 136, 254, 23, 170, 164, 48, 2, 170, 245, 56, 108, 0, 22, 29, 231, 61, 189, 22, 118, 6, 252, 211, 154, 154, 159, 222, 161, 157, 234, 228, 206, 165, 125, 95, 53, 191, 152, 30, 19, 252, 75, 126, 90, 211, 216, 203, 122, 181, 199, 38, 153, 180, 222, 158, 104, 122, 154, 169, 165, 0, 14, 247, 52, 46, 75, 41, 198, 189, 190, 42, 39, 133, 144, 45, 193, 209, 186, 27, 206, 34, 245, 166, 189, 206, 89, 218, 241, 194, 86, 94, 145, 203, 149, 16, 155, 99, 172, 209, 84, 245, 111, 11, 7, 229, 196, 170, 81, 57, 5, 234, 27, 9, 20, 33, 92, 215, 253, 219, 130, 219, 45, 38, 246, 171, 153, 15, 91, 89, 136, 227, 148, 202, 122, 47, 62, 158, 68, 216, 100, 219, 175, 206, 170, 111, 183, 123, 236, 135, 32, 24, 239, 75, 116, 170, 159, 103, 230, 107, 53, 222, 45, 69, 46, 126, 42, 3, 204, 148, 28, 131, 199, 71, 242, 174, 8, 179, 254, 47, 106, 180, 137, 139, 130, 68, 139, 112, 57, 189, 246, 174, 56, 160, 12, 236, 198, 46, 14, 15, 234, 195, 9, 193, 213, 238, 33, 170, 35, 109, 177, 9, 252, 23, 6, 25, 226, 159, 195, 69, 19, 240, 21, 78, 10, 113, 73, 224, 136, 25, 10, 37, 235, 123, 178, 61, 9, 32, 89, 12, 181, 45, 43, 30, 213, 124, 117, 14, 16, 73, 223, 186, 171, 129, 121, 82, 73, 206, 33, 146, 36, 46, 53, 26, 16, 79, 115, 76, 144, 247, 247, 130, 100, 175, 40, 221, 172, 166, 243, 7, 53, 175, 165, 236, 200, 65, 109, 21, 77, 192, 153, 119, 250, 144, 93, 7, 111, 246, 36, 179, 234, 180, 175, 9, 28, 73, 174, 163, 252, 51, 210, 139, 22, 244, 53, 180, 47, 126, 60, 102, 179, 247, 172, 170, 164, 250, 158, 33, 82, 160, 187, 1, 98, 192, 230, 156, 16, 102, 111, 159, 201, 90, 186, 124, 29, 14, 2, 30, 249, 254, 125, 19, 229, 39, 229, 58, 47, 242, 47, 29, 187, 197, 25, 44, 249, 170, 61, 102, 79, 110, 104, 140, 155, 51, 149, 122, 98, 62, 10, 124, 77, 184, 40, 115, 91, 232, 2, 30, 182, 91, 156, 22, 235, 232, 55, 116, 100, 53, 5, 110, 125, 92, 79, 68, 204, 133, 51, 82, 140, 52, 115, 171, 76, 201, 194, 202, 154, 10, 105, 204, 163, 174, 74, 39, 9, 79, 110, 235, 125, 7, 132, 154, 25, 174, 99, 249, 118, 111, 232, 226, 45, 123, 58, 137, 10, 132, 50, 28, 55, 70, 86, 2, 151, 189, 212, 39, 191, 94, 70, 43, 135, 254, 199, 178, 52, 186, 113, 210, 242, 173, 65, 113, 124, 26, 86, 150, 157, 249, 109, 144, 49, 74, 217, 17, 191, 101, 209, 21, 162, 219, 226, 146, 65, 248, 190, 122, 209, 198, 240, 33, 66, 66, 166, 59, 246, 178, 84, 232, 119, 177, 148, 37, 207, 59, 61, 52, 1, 202, 175, 44, 16, 188, 223, 221, 235, 139, 31, 120, 181, 245, 181, 11, 78, 221, 242, 42, 165, 53, 46, 209, 5, 254, 208, 172, 96, 106, 96, 157, 44, 92, 20, 4, 183, 85, 142, 158, 84, 199, 172, 67, 121, 205, 86, 64, 42, 95, 94, 210, 195, 234, 82, 155, 228, 207, 193, 165, 78, 55, 211, 159, 19, 233, 175, 36, 86, 220, 178, 206, 230, 81, 43, 208, 34, 22, 43, 7, 81, 95, 58, 153, 25, 65, 239, 162, 16, 17, 227, 74, 73, 229, 152, 102, 101, 162, 250, 9, 95, 30, 22, 26, 181, 150, 168, 138, 101, 219, 12, 63, 6, 84, 64, 172, 158, 117, 165, 154, 213, 114, 114, 136, 237, 206, 209, 99, 207, 235, 93, 9, 60, 125, 156, 61, 96, 218, 222, 110, 235, 226, 145, 252, 215, 179, 117, 115, 213, 89, 11, 100, 118, 64, 19, 25, 165, 239, 60, 251, 204, 94, 56, 39, 26, 121, 29, 229, 88, 246, 106, 224, 242, 243, 169, 244, 108, 211, 39, 102, 76, 224, 49, 67, 56, 238, 41, 193, 93, 7, 195, 246, 155, 128, 178, 17, 36, 176, 136, 241, 93, 238, 60, 188, 89, 124, 23, 13, 191, 68, 230, 134, 190, 81, 22, 171, 146, 100, 179, 170, 240, 181, 252, 246, 120, 152, 43, 46, 70, 101, 170, 220, 243, 241, 18, 76, 151, 14, 246, 238, 98, 183, 154, 154, 50, 84, 23, 228, 8, 171, 116, 130, 155, 233, 61, 66, 97, 244, 245, 7, 75, 106, 85, 210, 14, 5, 92, 106, 98, 174, 103, 220, 47, 236, 62, 208, 130, 156, 232, 226, 205, 230, 72, 251, 177, 155, 152, 193, 178, 24, 39, 20, 176, 203, 180, 211, 10, 160, 167, 151, 201, 51, 28, 129, 212, 207, 81, 149, 156, 77, 239, 168, 58, 97, 230, 99, 217, 97, 109, 229, 222, 84, 247, 41, 85, 196, 149, 155, 55, 16, 122, 61, 86, 47, 214, 160, 17, 50, 102, 180, 227, 221, 93, 150, 82, 17, 45, 67, 40, 17, 79, 173, 177, 85, 204, 5, 64, 137, 78, 214, 41, 34, 57, 131, 109, 254, 237, 73, 45, 131, 134, 239, 236, 72, 236, 142, 169, 251, 94, 74, 230, 95, 139, 72, 206, 219, 228, 15, 158, 40, 40, 26, 79, 177, 55, 181, 213, 71, 241, 91, 44, 255, 221, 130, 158, 104, 15, 29, 66, 113, 72, 182, 6, 10, 128, 156, 20, 152, 241, 41, 111, 224, 3, 8, 80, 252, 109, 185, 132, 177, 152, 57, 179, 250, 173, 27, 215, 216, 160, 122, 203, 233, 248, 218, 153, 47, 89, 85, 0, 63, 109, 32, 14, 179, 58, 183, 255, 133, 206, 204, 121, 77, 162, 83, 178, 174, 136, 229, 237, 231, 145, 32, 77, 222, 87, 217, 41, 75, 100, 35, 151, 124, 8, 29, 98, 27, 68, 3, 215, 3, 120, 250, 113, 75, 92, 129, 88, 96, 85, 73, 138, 91, 16, 154, 156, 10, 21, 101, 24, 230, 148, 158, 14, 120, 255, 5, 129, 74, 129, 65, 17, 107, 138, 77, 89, 101, 92, 204, 206, 27, 187, 248, 246, 237, 135, 84, 137, 53, 103, 180, 97, 152, 144, 239, 162, 217, 231, 25, 163, 239, 109, 109, 84, 146, 6, 8, 98, 69, 204, 116, 167, 104, 205, 210, 78, 58, 166, 160, 109, 66, 203, 57, 185, 159, 134, 246, 192, 82, 83, 14, 159, 203, 169, 192, 225, 153, 36, 57, 194, 96, 8, 247, 115, 7, 239, 118, 224, 106, 253, 233, 89, 195, 19, 22, 191, 123, 160, 89, 17, 130, 237, 45, 117, 198, 47, 185, 15, 80, 13, 111, 37, 175, 232, 71, 208, 26, 110, 187, 65, 6, 177, 24, 67, 211, 194, 162, 66, 255, 249, 253, 24, 173, 205, 27, 125, 210, 20, 126, 67, 123, 103, 102, 9, 92, 55, 47, 246, 187, 47, 144, 254, 227, 183, 226, 251, 193, 122, 29, 132, 227, 76, 1, 172, 220, 74, 23, 104, 23, 35, 141, 208, 10, 77, 84, 157, 172, 114, 96, 31, 44, 78, 78, 94, 44, 12, 186, 123, 199, 108, 160, 29, 173, 56, 128, 210, 179, 20, 5, 99, 168, 17, 91, 200, 20, 219, 188, 181, 232, 65, 156, 46, 124, 119, 198, 88, 39, 61, 43, 23, 32, 63, 74, 204, 199, 37, 37, 203, 10, 165, 28, 95, 108, 252, 84, 81, 88, 88, 208, 250, 101, 196, 193, 220, 132, 230, 111, 73, 247, 61, 23, 200, 1, 94, 135, 51, 118, 53, 26, 93, 36, 178, 44, 108, 141, 150, 83, 5, 19, 77, 255, 19, 236, 2, 247, 91, 166, 233, 195, 254, 198, 214, 33, 19, 233, 99, 131, 90, 177, 233, 8, 114, 69, 160, 32, 155, 19, 164, 159, 246, 90, 152, 16, 184, 78, 117, 73, 8, 224, 120, 62, 73, 169, 218, 61, 239, 226, 200, 116, 51, 159, 37, 31, 239, 132, 151, 46, 111, 160, 165, 55, 190, 24, 184, 20, 94, 229, 107, 39, 147, 136, 88, 124, 176, 48, 37, 17, 218, 199, 160, 249, 185, 69, 139, 249, 62, 136, 99, 33, 176, 153, 188, 148, 46, 89, 205, 120, 154, 56, 70, 75, 250, 200, 234, 203, 90, 225, 143, 17, 191, 49, 175, 195, 114, 37, 247, 159, 36, 33, 190, 10, 55, 162, 187, 179, 155, 9, 188, 112, 36, 193, 243, 67, 7, 67, 65, 196, 26, 233, 50, 65, 253, 189, 98, 224, 58, 145, 89, 214, 90, 225, 247, 25, 83, 32, 233, 183, 64, 101, 145, 78, 112, 151, 33, 154, 83, 135, 204, 220, 177, 142, 252, 33, 20, 183, 220, 200, 217, 56, 216, 170, 63, 161, 255, 38, 10, 20, 199, 231, 126, 89, 102, 132, 3, 112, 167, 254, 7, 87, 118, 70, 160, 158, 206, 65, 33, 176, 232, 58, 43, 154, 92, 47, 205, 60, 44, 26, 236, 190, 25, 36, 9, 162, 172, 53, 11, 160, 138, 48, 182, 112, 69, 37, 231, 192, 180, 96, 32, 15, 97, 29, 134, 186, 236, 225, 205, 208, 52, 13, 49, 220, 113, 242, 59, 73, 238, 118, 236, 68, 105, 176, 67, 228, 255, 212, 131, 28, 238, 71, 130, 13, 29, 40, 238, 31, 81, 96, 174, 107, 252, 34, 255, 37, 206, 24, 7, 123, 29, 142, 225, 83, 130, 191, 52, 43, 79, 132, 94, 164, 134, 17, 72, 198, 54, 137, 116, 75, 187, 52, 207, 251, 157, 36, 6, 30, 247, 100, 175, 219, 235, 187, 229, 126, 179, 104, 132, 189, 15, 113, 19, 159, 24, 157, 120, 233, 82, 205, 210, 0, 126, 26, 253, 56, 43, 40, 28, 128, 66, 86, 190, 193, 61, 40, 92, 8, 242, 93, 232, 72, 128, 45, 144, 32, 156, 6, 153, 157, 182, 106, 2, 146, 161, 55, 17, 109, 191, 34, 243, 41, 58, 232, 227, 163, 188, 49, 47, 198, 249, 132, 160, 110, 199, 31, 4, 195, 26, 244, 189, 221, 201, 152, 22, 164, 92, 13, 230, 213, 196, 16, 254, 205, 200, 148, 181, 93, 80, 183, 236, 179, 112, 112, 230, 228, 126, 177, 94, 210, 28, 102, 134, 139, 162, 141, 157, 28, 52, 133, 69, 47, 253, 0, 125, 102, 103, 184, 163, 116, 95, 143, 58, 157, 26, 209, 141, 232, 213, 103, 57, 154, 48, 216, 0, 250, 247, 50, 13, 115, 137, 180, 35, 40, 43, 30, 221, 253, 238, 216, 249, 71, 125, 5, 188, 80, 78, 140, 153, 87, 7, 24, 231, 148, 23, 224, 23, 151, 75, 35, 3, 87, 123, 221, 167, 21, 244, 14, 204, 206, 28, 46, 160, 167, 39, 244, 242, 56, 31, 17, 172, 146, 35, 197, 83, 174, 136, 115, 46, 81, 142, 67, 17, 77, 137, 218, 184, 116, 59, 17, 84, 79, 171, 178, 131, 25, 102, 37, 144, 141, 105, 92, 103, 32, 71, 140, 131, 122, 27, 2, 73, 138, 120, 234, 220, 246, 73, 19, 39, 16, 147, 44, 28, 253, 152, 230, 47, 194, 185, 150, 110, 126, 87, 63, 53, 133, 137, 225, 229, 107, 101, 186, 208, 145, 85, 88, 191, 13, 126, 51, 172, 0, 128, 9, 55, 32, 254, 162, 40, 173, 85, 24, 131, 90, 187, 154, 236, 229, 119, 134, 19, 3, 252, 60, 31, 125, 17, 85, 86, 174, 175, 125, 242, 148, 186, 12, 138, 96, 33, 246, 195, 131, 45, 196, 18, 143, 54, 111, 107, 108, 47, 87, 98, 192, 199, 163, 193, 165, 225, 159, 120, 4, 130, 92, 171, 219, 151, 39, 238, 191, 203, 65, 180, 195, 139, 40, 172, 165, 176, 52, 33, 127, 1, 20, 2, 186, 182, 22, 115, 61, 207, 81, 123, 11, 79, 83, 164, 251, 22, 4, 55, 231, 77, 57, 67, 132, 60, 161, 88, 28, 240, 113, 213, 237, 227, 231, 123, 251, 102, 107, 52, 165, 90, 38, 175, 37, 136, 158, 100, 120, 7, 0, 124, 247, 74, 113, 27, 234, 18, 17, 128, 198, 77, 220, 25, 254, 125, 106, 78, 58, 140, 183, 124, 74, 207, 130, 255, 109, 37, 158, 150, 182, 140, 32, 182, 137, 219, 60, 222, 249, 109, 56, 210, 48, 70, 8, 92, 183, 62, 248, 89, 192, 141, 239, 136, 79, 206, 135, 116, 253, 90, 253, 146, 82, 106, 47, 110, 234, 84, 83, 170, 109, 26, 198, 139, 217, 95, 87, 67, 117, 122, 100, 78, 147, 106, 13, 143, 131, 238, 138, 207, 142, 130, 46, 221, 87, 200, 35, 131, 188, 248, 39, 5, 212, 210, 250, 88, 169, 190, 144, 229, 14, 29, 176, 24, 216, 152, 19, 216, 20, 73, 109, 28, 173, 74, 114, 173, 88, 101, 46, 199, 147, 122, 150, 22, 57, 147, 160, 228, 192, 199, 104, 35, 237, 181, 58, 156, 74, 208, 132, 150, 192, 251, 53, 198, 35, 203, 70, 72, 50, 68, 16, 21, 72, 31, 142, 141, 150, 101, 241, 61, 241, 36, 58, 38, 82, 38, 32, 82, 74, 72, 41, 184, 139, 8, 124, 25, 206, 38, 96, 31, 99, 67, 39, 129, 99, 99, 193, 170, 99, 159, 143, 34, 16, 209, 149, 21, 155, 180, 131, 54, 3, 111, 102, 190, 141, 225, 131, 76, 81, 31, 33, 128, 247, 161, 4, 225, 195, 69, 237, 57, 247, 166, 31, 82, 122, 228, 43, 219, 199, 64, 212, 112, 156, 222, 91, 101, 221, 221, 57, 75, 95, 68, 50, 187, 166, 39, 9, 7, 105, 207, 38, 246, 15, 146, 44, 167, 134, 216, 235, 235, 62, 14, 64, 13, 60, 82, 64, 29, 13, 111, 52, 220, 120, 28, 83, 79, 0, 40, 44, 192, 134, 153, 92, 145, 68, 207, 194, 245, 138, 237, 113, 163, 187, 253, 69, 106, 195, 91, 243, 120, 38, 14, 245, 145, 198, 250, 82, 170, 103, 56, 33, 231, 180, 128, 148, 197, 238, 77, 169, 158, 20, 189, 166, 185, 67, 20, 252, 123, 6, 186, 184, 128, 102, 26, 135, 125, 102, 168, 10, 137, 216, 242, 17, 128, 18, 134, 46, 175, 152, 252, 169, 7, 200, 247, 62, 178, 237, 214, 93, 7, 109, 230, 178, 70, 159, 37, 83, 47, 44, 251, 60, 238, 23, 208, 17, 85, 70, 194, 31, 77, 95, 243, 4, 161, 244, 168, 157, 235, 186, 101, 209, 166, 242, 234, 26, 232, 222, 16, 170, 68, 73, 16, 17, 50, 166, 86, 19, 64, 237, 198, 160, 11, 71, 70, 95, 163, 35, 198, 16, 59, 54, 245, 210, 68, 130, 142, 231, 60, 72, 96, 83, 183, 83, 255, 184, 168, 207, 199, 33, 39, 197, 64, 100, 222, 120, 234, 152, 118, 88, 121, 227, 43, 39, 183, 48, 149, 152, 82, 178, 253, 128, 220, 159, 232, 160, 220, 58, 179, 59, 33, 11, 206, 150, 200, 236, 226, 234, 170, 103, 108, 161, 193, 229, 189, 12, 23, 255, 211, 216, 110, 128, 77, 212, 5, 68, 53, 84, 142, 46, 248, 186, 148, 48, 88, 58, 23, 61, 74, 138, 51, 54, 231, 217, 114, 53, 54, 225, 205, 205, 253, 125, 187, 233, 125, 143, 83, 206, 75, 12, 68, 72, 47, 185, 78, 9, 253, 143, 255, 46, 45, 76, 149, 24, 113, 172, 129, 181, 34, 170, 11, 122, 112, 239, 233, 168, 39, 83, 132, 235, 43, 48, 62, 141, 60, 41, 225, 38, 172, 233, 92, 103, 216, 97, 225, 244, 146, 145, 214, 202, 248, 235, 23, 13, 220, 209, 73, 64, 240, 234, 136, 77, 128, 232, 69, 16, 125, 145, 85, 25, 6, 170, 59, 96, 92, 201, 196, 233, 36, 131, 159, 252, 242, 94, 158, 13, 194, 4, 21, 23, 209, 152, 66, 134, 54, 59, 155, 151, 62, 192, 17, 23, 248, 4, 209, 140, 90, 99, 50, 142, 121, 33, 242, 112, 241, 203, 3, 228, 138, 238, 156, 7, 182, 6, 158, 57, 2, 219, 160, 68, 153, 68, 219, 0, 70, 14, 174, 74, 128, 112, 144, 170, 38, 55, 241, 158, 173, 234, 142, 252, 19, 155, 107, 255, 34, 128, 143, 227, 39, 109, 152, 89, 29, 162, 110, 20, 68, 146, 86, 45, 128, 102, 132, 118, 204, 248, 9, 167, 13, 89, 10, 138, 19, 87, 241, 138, 49, 67, 210, 71, 246, 131, 199, 73, 41, 162, 24, 4, 110, 180, 116, 104, 142, 43, 49, 28, 142, 17, 201, 196, 136, 234, 249, 122, 253, 236, 103, 8, 136, 64, 185, 124, 248, 166, 29, 81, 88, 111, 93, 33, 200, 233, 79, 9, 140, 158, 209, 129, 102, 83, 86, 196, 152, 122, 6, 71, 96, 112, 206, 216, 234, 237, 75, 46, 200, 213, 185, 40, 165, 166, 29, 47, 230, 35, 244, 123, 20, 177, 166, 151, 155, 8, 240, 236, 126, 169, 59, 103, 62, 168, 131, 38, 35, 96, 6, 190, 226, 119, 159, 194, 85, 45, 64, 32, 187, 76, 195, 177, 75, 202, 13, 182, 132, 122, 21, 226, 227, 112, 117, 191, 11, 190, 237, 96, 147, 119, 178, 5, 242, 191, 252, 158, 225, 184, 157, 28, 149, 158, 33, 9, 90, 247, 208, 239, 96, 113, 150, 164, 173, 160, 31, 121, 212, 157, 53, 127, 238, 65, 57, 78, 147, 3, 12, 207, 227, 210, 81, 12, 237, 192, 92, 226, 250, 16, 101, 193, 98, 46, 219, 215, 106, 159, 45, 224, 89, 32, 138, 81, 71, 192, 194, 147, 143, 168, 176, 22, 120, 24, 34, 34, 196, 32, 118, 176, 192, 190, 78, 100, 254, 200, 169, 16, 198, 51, 58, 117, 189, 197, 113, 48, 230, 56, 218, 113, 195, 29, 136, 96, 32, 124, 35, 43, 33, 95, 73, 110, 91, 51, 183, 136, 21, 22, 101, 77, 2, 153, 184, 211, 60, 189, 145, 93, 149, 226, 184, 61, 28, 113, 178, 138, 177, 31, 49, 21, 71, 199, 54, 174, 84, 76, 38, 81, 15, 249, 210, 145, 228, 220, 144, 20, 77, 11, 253, 75, 130, 180, 191, 211, 36, 137, 14, 185, 54, 165, 218, 45, 89, 37, 218, 156, 109, 71, 132, 131, 76, 111, 211, 85, 29, 39, 226, 218, 204, 3, 97, 18, 222, 70, 146, 250, 172, 163, 77, 96, 73, 174, 10, 30, 129, 188, 131, 0, 31, 205, 250, 117, 49, 10, 243, 102, 147, 96, 43, 81, 4, 118, 92, 32, 133, 237, 100, 155, 11, 207, 73, 233, 220, 39, 225, 25, 108, 136, 15, 98, 149, 1, 177, 99, 11, 77, 160, 241, 103, 37, 191, 105, 245, 107, 12, 117, 64, 122, 0, 218, 38, 78, 201, 22, 57, 25, 201, 14, 196, 161, 11, 129, 224, 255, 119, 181, 170, 202, 155, 252, 88, 49, 173, 115, 209, 153, 200, 77, 83, 131, 83, 32, 254, 111, 173, 162, 220, 141, 191, 33, 223, 74, 67, 183, 191, 197, 132, 112, 38, 159, 227, 237, 90, 149, 135, 171, 114, 202, 96, 29, 27, 232, 210, 178, 36, 5, 213, 118, 23, 198, 205, 41, 237, 124, 126, 197, 2, 200, 177, 63, 230, 165, 132, 155, 34, 10, 182, 96, 82, 233, 158, 56, 205, 74, 69, 32, 79, 91, 185, 53, 157, 116, 248, 33, 53, 119, 93, 244, 92, 123, 77, 99, 244, 181, 224, 177, 25, 244, 5, 212, 12, 194, 94, 230, 163, 50, 135, 97, 208, 17, 67, 97, 117, 178, 255, 1, 211, 141, 24, 0, 24, 10, 133, 192, 175, 89, 97, 250, 88, 80, 142, 121, 196, 64, 196, 164, 149, 17, 173, 124, 133, 8, 58, 35, 146, 173, 228, 0, 197, 135, 203, 56, 155, 3, 41, 248, 100, 139, 26, 46, 205, 15, 8, 128, 109, 189, 139, 178, 107, 143, 56, 211, 119, 233, 253, 118, 44, 109, 122, 34, 193, 17, 181, 171, 177, 73, 244, 115, 118, 84, 104, 220, 96, 240, 25, 125, 120, 197, 170, 145, 18, 202, 97, 111, 137, 227, 84, 41, 211, 25, 22, 24, 143, 175, 151, 232, 124, 107, 146, 218, 67, 186, 241, 5, 249, 76, 157, 124, 35, 225, 173, 116, 221, 133, 158, 218, 210, 252, 11, 199, 10, 76, 234, 29, 11, 212, 41, 193, 228, 163, 81, 127, 123, 40, 78, 120, 46, 172, 173, 88, 81, 218, 116, 62, 71, 185, 162, 28, 90, 125, 232, 16, 171, 37, 211, 31, 21, 251, 26, 239, 130, 175, 176, 118, 253, 237, 163, 110, 76, 107, 194, 13, 224, 63, 18, 47, 251, 245, 69, 217, 11, 217, 153, 36, 223, 219, 246, 4, 46, 97, 210, 15, 21, 113, 57, 212, 21, 250, 116, 238, 17, 70, 104, 108, 142, 142, 207, 167, 48, 218, 147, 3, 219, 166, 18, 170, 163, 49, 21, 20, 211, 85, 28, 31, 206, 120, 1, 232, 221, 211, 106, 218, 53, 38, 129, 144, 71, 227, 55, 158, 251, 58, 236, 17, 131, 35, 239, 223, 56, 163, 7, 0, 199, 72, 171, 120, 199, 173, 49, 216, 30, 202, 70, 200, 184, 110, 74, 47, 132, 205, 201, 34, 143, 168, 214, 159, 2, 162, 33, 239, 83, 253, 156, 6, 185, 233, 16, 41, 84, 77, 234, 57, 121, 242, 60, 41, 222, 127, 254, 102, 233, 20, 143, 116, 157, 97, 151, 128, 38, 73, 46, 223, 20, 155, 202, 4, 138, 209, 99, 123, 48, 23, 104, 181, 53, 58, 44, 187, 198, 16, 132, 218, 47, 234, 246, 204, 214, 18, 130, 217, 129, 133, 246, 122, 213, 128, 102, 12, 200, 221, 226, 252, 234, 57, 44, 124, 187, 45, 151, 50, 115, 85, 162, 72, 134, 238, 77, 204, 55, 231, 140, 188, 36, 216, 255, 85, 123, 221, 159, 20, 99, 50, 51, 220, 71, 139, 191, 75, 116, 252, 205, 253, 2, 71, 64, 90, 184, 159, 74, 151, 250, 89, 41, 244, 137, 8, 21, 53, 208, 136, 145, 24, 65, 169, 15, 37, 199, 121, 161, 251, 62, 217, 221, 89, 121, 128, 178, 236, 200, 29, 70, 171, 238, 183, 205, 184, 106, 139, 19, 97, 32, 174, 57, 37, 191, 133, 105, 161, 37, 202, 149, 186, 111, 7, 91, 180, 173, 106, 45, 127, 226, 56, 57, 220, 28, 217, 130, 160, 191, 73, 96, 195, 164, 225, 125, 20, 249, 51, 107, 16, 163, 148, 2, 116, 52, 42, 154, 84, 72, 68, 48, 205, 185, 111, 164, 2, 232, 59, 249, 59, 21, 31, 254, 220, 64, 116, 255, 0, 166, 28, 18, 26, 231, 251, 28, 74, 221, 173, 84, 130, 31, 179, 9, 242, 47, 224, 199, 32, 172, 130, 87, 158, 120, 205, 4, 19, 229, 120, 9, 27, 34, 41, 56, 19, 99, 78, 46, 1, 131, 86, 186, 162, 30, 212, 234, 69, 111, 63, 22, 194, 65, 68, 114, 83, 43, 100, 107, 205, 234, 133, 148, 26, 84, 244, 206, 247, 131, 46, 1, 67, 222, 69, 103, 56, 52, 142, 215, 255, 227, 48, 105, 44, 75, 18, 200, 181, 224, 155, 112, 22, 98, 203, 141, 29, 187, 1, 215, 191, 40, 86, 0, 166, 194, 54, 208, 112, 149, 99, 212, 174, 24, 207, 126, 81, 79, 91, 39, 227, 81, 140, 56, 255, 188, 176, 186, 10, 254, 86, 81, 167, 130, 253, 44, 2, 16, 217, 246, 247, 244, 184, 16, 224, 172, 45, 220, 202, 152, 100, 202, 245, 219, 80, 163, 197, 116, 164, 32, 8, 102, 210, 179, 118, 181, 171, 67, 97, 239, 82, 128, 46, 19, 176, 117, 14, 14, 76, 81, 225, 244, 97, 8, 100, 95, 136, 204, 133, 43, 239, 145, 30, 208, 67, 26, 204, 105, 134, 205, 249, 230, 76, 67, 204, 13, 171, 73, 168, 175, 193, 209, 254, 132, 186, 181, 109, 128, 76, 216, 192, 197, 221, 245, 32, 52, 201, 150, 175, 255, 5, 250, 72, 222, 111, 61, 193, 217, 159, 11, 187, 228, 216, 117, 163, 174, 177, 30, 44, 19, 85, 16, 107, 127, 0, 244, 6, 61, 45, 170, 127, 241, 254, 65, 125, 146, 181, 100, 113, 89, 43, 223, 121, 126, 14, 38, 235, 5, 86, 239, 37, 143, 254, 191, 204, 23, 7, 107, 45, 224, 139, 108, 168, 252, 63, 126, 75, 208, 133, 157, 44, 214, 238, 92, 85, 173, 25, 165, 70, 4, 217, 213, 157, 214, 243, 136, 140, 93, 241, 220, 5, 213, 107, 192, 246, 39, 17, 176, 142, 196, 48, 161, 241, 67, 133, 143, 143, 38, 204, 52, 13, 113, 140, 213, 4, 159, 186, 35, 23, 254, 17, 79, 29, 222, 205, 60, 69, 92, 223, 4, 134, 173, 104, 155, 107, 223, 194, 25, 105, 119, 17, 75, 147, 156, 51, 70, 234, 198, 116, 179, 65, 227, 17, 190, 32, 162, 93, 228, 195, 0, 74, 41, 130, 165, 209, 2, 35, 134, 144, 129, 38, 5, 161, 167, 82, 69, 3, 29, 98, 191, 245, 128, 171, 123, 86, 175, 43, 102, 229, 237, 162, 212, 143, 189, 92, 72, 166, 213, 118, 121, 123, 127, 151, 159, 207, 165, 6, 156, 99, 220, 97, 122, 199, 126, 148, 113, 161, 31, 41, 246, 233, 35, 171, 197, 139, 16, 241, 123, 154, 2, 29, 1, 219, 211, 28, 237, 216, 237, 244, 229, 232, 219, 93, 166, 116, 33, 164, 163, 244, 42, 20, 162, 91, 105, 211, 7, 112, 141, 61, 148, 76, 179, 177, 195, 220, 250, 2, 238, 86, 149, 198, 247, 243, 215, 18, 93, 181, 36, 96, 189, 114, 20, 13, 199, 184, 226, 187, 150, 22, 223, 113, 250, 223, 231, 253, 138, 193, 165, 100, 51, 28, 207, 178, 216, 191, 200, 104, 174, 87, 213, 66, 101, 76, 72, 23, 111, 254, 57, 166, 130, 54, 62, 228, 52, 74, 126, 32, 204, 221, 37, 2, 160, 151, 214, 65, 235, 222, 172, 237, 43, 18, 147, 12, 221, 82, 72, 10, 200, 131, 18, 171, 189, 120, 32, 113, 124, 216, 247, 240, 32, 159, 110, 145, 2, 209, 151, 175, 134, 159, 250, 213, 152, 122, 155, 136, 149, 112, 17, 3, 246, 158, 8, 199, 4, 182, 82, 41, 210, 0, 50, 63, 57, 77, 131, 161, 3, 240, 118, 107, 212, 89, 111, 105, 51, 205, 201, 184, 159, 201, 113, 30, 83, 40, 219, 86, 224, 220, 68, 115, 191, 194, 157, 61, 7, 57, 179, 153, 218, 241, 185, 16, 177, 253, 182, 117, 56, 153, 198, 38, 254, 43, 235, 44, 155, 249, 220, 59, 141, 34, 86, 68, 200, 59, 88, 247, 227, 163, 251, 156, 169, 130, 213, 246, 127, 120, 105, 225, 4, 222, 105, 179, 193, 166, 193, 26, 128, 82, 161, 126, 220, 217, 53, 102, 31, 31, 54, 67, 47, 153, 147, 96, 141, 107, 36, 115, 86, 91, 68, 241, 75, 90, 54, 30, 19, 86, 102, 46, 183, 47, 238, 234, 70, 138, 154, 99, 255, 188, 96, 193, 189, 0, 32, 188, 242, 131, 181, 0, 74, 70, 221, 183, 58, 16, 112, 6, 61, 105, 39, 2, 138, 187, 181, 176, 104, 127, 206, 32, 251, 78, 171, 217, 61, 154, 10, 245, 220, 252, 214, 109, 59, 177, 64, 139, 37, 199, 164, 95, 136, 25, 217, 11, 217, 75, 232, 40, 66, 9, 185, 81, 46, 51, 113, 213, 15, 159, 89, 138, 152, 185, 91, 114, 183, 237, 112, 158, 52, 86, 207, 173, 36, 254, 45, 26, 183, 216, 123, 146, 108, 82, 140, 131, 225, 238, 3, 182, 240, 68, 20, 18, 199, 151, 212, 244, 87, 94, 84, 245, 128, 235, 150, 80, 47, 183, 81, 17, 199, 175, 91, 165, 111, 245, 117, 114, 31, 186, 79, 224, 67, 241, 169, 193, 39, 18, 116, 134, 13, 87, 30, 82, 242, 82, 71, 132, 100, 139, 101, 9, 52, 58, 39, 224, 107, 61, 160, 50, 231, 63, 55, 74, 69, 159, 21, 248, 229, 16, 169, 128, 247, 17, 7, 225, 86, 136, 54, 56, 13, 165, 120, 46, 53, 135, 28, 244, 219, 44, 70, 192, 103, 113, 35, 233, 82, 43, 156, 196, 198, 128, 23, 72, 247, 156, 143, 1, 167, 10, 72, 234, 70, 33, 233, 23, 43, 75, 220, 214, 4, 48, 10, 17, 197, 93, 176, 79, 208, 231, 254, 194, 157, 249, 114, 116, 124, 204, 30, 181, 1, 247, 111, 75, 58, 241, 45, 31, 39, 105, 1, 237, 190, 26, 235, 14, 24, 80, 143, 94, 36, 152, 63, 238, 141, 226, 15, 13, 52, 4, 147, 51, 1, 83, 240, 220, 217, 194, 12, 23, 18, 159, 100, 75, 138, 63, 164, 200, 50, 57, 90, 41, 126, 89, 205, 117, 250, 166, 27, 47, 177, 28, 31, 15, 156, 121, 1, 134, 198, 34, 91, 38, 5, 112, 242, 210, 33, 173, 148, 134, 39, 92, 235, 254, 102, 87, 160, 160, 91, 2, 242, 100, 117, 175, 242, 65, 55, 91, 65, 22, 101, 219, 156, 35, 52, 253, 32, 147, 196, 32, 187, 160, 25, 72, 34, 156, 120, 55, 160, 117, 41, 11, 2, 246, 188, 230, 217, 15, 99, 156, 143, 178, 243, 6, 155, 19, 235, 166, 186, 14, 225, 106, 29, 115, 107, 129, 74, 156, 165, 234, 83, 243, 194, 211, 111, 94, 28, 100, 7, 34, 225, 85, 23, 47, 37, 238, 2, 45, 122, 158, 97, 63, 24, 237, 158, 26, 102, 129, 74, 182, 59, 23, 190, 218, 71, 63, 169, 124, 155, 212, 136, 130, 73, 86, 165, 0, 10, 103, 28, 21, 236, 43, 151, 6, 122, 124, 119, 92, 183, 242, 39, 135, 153, 148, 240, 35, 127, 250, 239, 228, 94, 100, 185, 205, 141, 61, 227, 88, 241, 110, 223, 22, 120, 208, 253, 211, 146, 129, 173, 162, 188, 202, 108, 174, 19, 118, 65, 211, 93, 0, 8, 171, 125, 80, 84, 133, 126, 11, 136, 193, 109, 102, 125, 25, 91, 127, 160, 60, 100, 122, 42, 71, 246, 29, 13, 185, 214, 7, 117, 116, 193, 60, 128, 3, 104, 98, 10, 173, 58, 155, 56, 16, 239, 59, 59, 41, 109, 179, 183, 189, 177, 19, 49, 79, 86, 243, 211, 53, 73, 145, 133, 54, 242, 44, 243, 51, 42, 151, 158, 240, 120, 147, 200, 187, 57, 194, 180, 34, 143, 89, 5, 7, 174, 92, 160, 177, 61, 222, 161, 137, 119, 147, 108, 174, 116, 173, 148, 65, 90, 248, 41, 53, 150, 24, 129, 160, 146, 183, 209, 42, 155, 225, 109, 111, 241, 220, 177, 95, 2, 176, 53, 97, 167, 31, 134, 239, 192, 215, 36, 58, 19, 245, 31, 226, 93, 19, 82, 80, 237, 197, 2, 22, 15, 200, 26, 92, 191, 151, 196, 217, 137, 221, 170, 32, 220, 73, 232, 218, 152, 130, 125, 103, 226, 61, 185, 6, 127, 150, 170, 24, 25, 26, 69, 39, 110, 39, 137, 55, 200, 68, 150, 176, 39, 216, 22, 154, 19, 252, 123, 10, 204, 190, 153, 117, 15, 187, 190, 0, 164, 105, 124, 36, 58, 49, 34, 1, 41, 59, 154, 245, 141, 150, 141, 51, 94, 127, 189, 50, 239, 141, 110, 39, 148, 195, 60, 127, 74, 23, 7, 35, 15, 32, 142, 32, 54, 138, 26, 30, 194, 218, 151, 42, 14, 48, 101, 180, 170, 157, 11, 93, 246, 102, 52, 170, 104, 125, 9, 18, 76, 93, 232, 173, 125, 241, 94, 173, 117, 142, 69, 41, 114, 51, 186, 137, 45, 209, 6, 142, 35, 208, 51, 21, 177, 180, 47, 208, 22, 154, 197, 102, 201, 61, 33, 114, 143, 219, 92, 120, 118, 164, 207, 3, 73, 144, 194, 49, 158, 146, 101, 56, 26, 78, 161, 91, 249, 117, 209, 13, 24, 151, 83, 27, 184, 107, 215, 181, 220, 216, 66, 35, 145, 254, 1, 3, 103, 4, 117, 211, 166, 254, 23, 202, 77, 70, 161, 240, 202, 24, 205, 89, 45, 208, 97, 117, 130, 89, 157, 109, 19, 6, 136, 169, 80, 197, 161, 27, 77, 116, 72, 186, 188, 156, 255, 197, 66, 232, 19, 234, 240, 36, 157, 199, 59, 254, 139, 135, 217, 243, 67, 58, 248, 203, 231, 190, 55, 101, 52, 40, 4, 84, 35, 115, 27, 161, 105, 251, 221, 74, 1, 164, 187, 34, 113, 1, 88, 67, 50, 197, 112, 245, 105, 133, 187, 66, 218, 110, 114, 143, 139, 21, 244, 75, 176, 0, 70, 163, 202, 55, 169, 157, 217, 56, 250, 47, 227, 141, 250, 183, 18, 230, 92, 34, 117, 47, 223, 116, 234, 89, 252, 134, 6, 21, 218, 111, 36, 151, 125, 60, 234, 85, 40, 253, 195, 160, 237, 66, 6, 230, 245, 130, 81, 62, 165, 5, 164, 197, 34, 32, 245, 211, 107, 122, 10, 21, 151, 226, 211, 103, 4, 202, 156, 210, 65, 133, 228, 247, 86, 52, 179, 225, 108, 118, 197, 147, 19, 130, 199, 162, 130, 247, 51, 32, 67, 107, 155, 38, 18, 232, 167, 80, 62, 46, 211, 85, 96, 117, 27, 183, 225, 202, 145, 237, 133, 141, 126, 81, 181, 254, 198, 163, 66, 0, 234, 215, 83, 244, 79, 38, 134, 77, 252, 47, 26, 119, 46, 43, 129, 169, 140, 68, 177, 133, 50, 236, 150, 41, 51, 181, 126, 105, 74, 68, 192, 8, 79, 232, 249, 116, 65, 20, 215, 24, 22, 85, 49, 159, 232, 141, 208, 4, 130, 9, 240, 118, 20, 187, 9, 130, 116, 148, 181, 251, 170, 216, 205, 57, 92, 131, 57, 112, 229, 32, 116, 10, 200, 91, 161, 27, 15, 137, 8, 39, 181, 216, 247, 157, 136, 86, 107, 10, 28, 7, 210, 137, 101, 219, 154, 133, 98, 118, 52, 197, 158, 24, 66, 175, 190, 69, 143, 108, 99, 248, 9, 51, 18, 149, 28, 169, 168, 53, 129, 139, 12, 69, 86, 134, 131, 21, 56, 58, 43, 214, 252, 193, 103, 23, 172, 80, 155, 65, 155, 34, 36, 91, 75, 218, 39, 146, 175, 212, 152, 93, 136, 15, 127, 222, 190, 182, 183, 61, 205, 214, 86, 251, 41, 180, 52, 30, 3, 121, 201, 131, 94, 35, 238, 36, 211, 19, 199, 33, 174, 0, 13, 114, 44, 234, 155, 246, 88, 183, 142, 161, 47, 152, 131, 192, 202, 23, 106, 47, 134, 189, 36, 4, 40, 241, 3, 116, 16, 192, 85, 236, 104, 249, 128, 122, 170, 122, 181, 189, 16, 215, 250, 157, 146, 128, 136, 249, 177, 51, 40, 19, 104, 140, 195, 234, 35, 164, 165, 52, 36, 119, 127, 113, 112, 70, 34, 81, 238, 93, 238, 234, 205, 78, 46, 113, 106, 188, 94, 148, 4, 91, 254, 45, 24, 36, 131, 192, 250, 214, 170, 28, 104, 117, 127, 87, 111, 201, 33, 117, 180, 90, 218, 121, 46, 241, 17, 236, 5, 223, 212, 17, 143, 80, 141, 11, 249, 194, 193, 161, 113, 104, 56, 191, 215, 253, 143, 253, 179, 66, 255, 35, 247, 172, 56, 171, 141, 243, 146, 119, 3, 234, 110, 6, 214, 124, 39, 31, 150, 252, 211, 194, 242, 106, 83, 231, 106, 203, 138, 85, 18, 153, 198, 73, 164, 246, 82, 40, 48, 10, 114, 177, 75, 137, 25, 0, 80, 47, 227, 44, 3, 69, 175, 234, 229, 219, 134, 229, 109, 223, 182, 27, 126, 160, 94, 150, 162, 119, 154, 89, 200, 19, 177, 42, 131, 123, 69, 106, 229, 224, 66, 27, 1, 146, 25, 60, 143, 95, 106, 190, 73, 18, 87, 54, 8, 198, 194, 215, 33, 235, 6, 32, 83, 189, 105, 131, 209, 28, 238, 124, 188, 13, 97, 31, 10, 164, 13, 10, 234, 200, 80, 1, 154, 2, 221, 145, 151, 29, 154, 201, 35, 65, 218, 71, 78, 249, 112, 233, 24, 254, 218, 142, 79, 167, 244, 5, 93, 228, 190, 58, 78, 181, 241, 194, 214, 35, 105, 74, 65, 180, 70, 11, 58, 235, 104, 234, 24, 27, 8, 21, 26, 131, 227, 183, 78, 174, 233, 2, 197, 202, 154, 207, 64, 75, 183, 245, 142, 241, 190, 227, 118, 254, 21, 148, 63, 41, 193, 107, 127, 126, 72, 49, 5, 92, 251, 27, 60, 30, 228, 15, 221, 4, 163, 74, 112, 136, 91, 50, 52, 28, 192, 219, 45, 146, 16, 1, 249, 133, 184, 170, 197, 95, 246, 228, 175, 176, 20, 0, 89, 1, 121, 18, 119, 240, 16, 78, 107, 16, 89, 130, 74, 123, 241, 218, 155, 236, 141, 91, 76, 45, 99, 240, 19, 121, 49, 10, 23, 158, 203, 147, 222, 252, 108, 37, 161, 128, 204, 142, 113, 71, 201, 106, 40, 79, 154, 102, 247, 232, 181, 82, 133, 216, 221, 86, 117, 71, 47, 33, 89, 246, 130, 140, 178, 34, 10, 12, 64, 245, 139, 112, 49, 179, 169, 189, 5, 69, 255, 38, 90, 157, 179, 50, 208, 103, 250, 239, 88, 212, 21, 0, 50, 79, 248, 220, 49, 210, 217, 47, 36, 212, 65, 182, 165, 233, 92, 220, 193, 111, 201, 27, 91, 148, 245, 28, 0, 72, 152, 226, 218, 31, 38, 17, 113, 117, 132, 221, 86, 179, 226, 26, 221, 237, 240, 38, 224, 153, 104, 7, 148, 117, 244, 247, 85, 115, 215, 96, 162, 226, 143, 254, 49, 247, 169, 233, 193, 95, 189, 209, 54, 48, 91, 19, 160, 82, 102, 138, 120, 253, 252, 180, 112, 218, 200, 178, 98, 156, 49, 107, 136, 111, 132, 29, 94, 163, 88, 57, 90, 221, 103, 235, 215, 56, 100, 24, 56, 130, 90, 212, 174, 123, 182, 7, 20, 236, 56, 77, 107, 205, 144, 83, 171, 22, 140, 85, 226, 105, 178, 182, 12, 94, 254, 61, 65, 211, 253, 24, 198, 239, 115, 66, 96, 173, 15, 165, 201, 194, 103, 45, 254, 54, 145, 186, 59, 230, 110, 112, 246, 120, 209, 232, 141, 192, 205, 58, 161, 56, 169, 48, 97, 168, 63, 151, 34, 202, 95, 32, 68, 231, 255, 54, 123, 102, 166, 133, 167, 180, 151, 91, 33, 225, 191, 194, 57, 160, 16, 100, 44, 183, 219, 24, 171, 197, 99, 5, 178, 89, 108, 72, 77, 231, 207, 84, 132, 242, 131, 181, 64, 113, 137, 230, 155, 143, 67, 120, 18, 55, 158, 227, 112, 0, 204, 44, 143, 251, 50, 10, 90, 82, 175, 222, 150, 102, 90, 57, 72, 205, 91, 65, 93, 192, 136, 217, 24, 184, 134, 120, 199, 174, 139, 100, 122, 252, 99, 16, 76, 114, 221, 63, 118, 202, 124, 80, 6, 50, 35, 35, 190, 240, 81, 131, 126, 16, 74, 216, 147, 208, 11, 170, 97, 180, 77, 232, 64, 245, 211, 17, 116, 47, 53, 179, 193, 50, 106, 99, 230, 189, 215, 130, 44, 50, 71, 31, 126, 28, 201, 230, 89, 52, 4, 102, 54, 80, 99, 194, 2, 205, 230, 38, 227, 91, 138, 8, 95, 164, 152, 219, 47, 107, 210, 7, 27, 115, 84, 198, 95, 95, 119, 56, 213, 28, 81, 154, 123, 103, 195, 3, 250, 238, 72, 38, 174, 92, 225, 172, 68, 183, 55, 240, 254, 252, 106, 185, 244, 253, 74, 99, 246, 153, 49, 128, 91, 145, 224, 23, 208, 161, 71, 57, 135, 178, 99, 28, 156, 133, 11, 137, 102, 115, 85, 43, 25, 112, 229, 255, 119, 226, 85, 45, 230, 68, 72, 56, 204, 34, 132, 46, 123, 226, 70, 224, 192, 56, 8, 12, 51, 94, 175, 23, 196, 216, 6, 4, 125, 139, 215, 139, 38, 47, 143, 102, 150, 19, 118, 62, 106, 70, 145, 164, 15, 252, 123, 84, 174, 52, 43, 0, 127, 192, 59, 74, 175, 238, 121, 190, 7, 44, 44, 34, 8, 228, 127, 101, 186, 64, 71, 2, 117, 174, 61, 1, 247, 136, 195, 19, 129, 190, 3, 12, 196, 167, 158, 0, 229, 180, 243, 199, 105, 164, 234, 128, 35, 185, 41, 102, 135, 141, 80, 220, 203, 37, 158, 209, 112, 242, 162, 201, 218, 199, 62, 18, 174, 166, 111, 67, 40, 97, 35, 237, 159, 111, 239, 53, 155, 213, 54, 164, 48, 169, 111, 232, 65, 73, 238, 224, 147, 220, 142, 200, 96, 177, 242, 33, 73, 230, 218, 41, 216, 87, 242, 112, 23, 57, 150, 203, 63, 34, 19, 200, 97, 193, 238, 251, 210, 63, 59, 95, 124, 170, 146, 230, 124, 80, 44, 23, 65, 43, 27, 89, 155, 35, 107, 138, 57, 174, 130, 193, 122, 94, 251, 211, 225, 138, 109, 194, 0, 141, 165, 12, 252, 202, 51, 240, 125, 82, 189, 39, 219, 169, 135, 97, 14, 143, 249, 181, 117, 21, 127, 184, 162, 227, 13, 107, 154, 166, 253, 254, 208, 222, 182, 86, 76, 207, 27, 240, 90, 110, 53, 21, 215, 159, 215, 80, 0, 130, 39, 158, 251, 176, 8, 117, 195, 28, 27, 96, 173, 226, 151, 206, 248, 160, 117, 109, 65, 255, 110, 74, 193, 206, 53, 26, 52, 85, 242, 37, 64, 39, 103, 204, 17, 128, 237, 124, 153, 171, 244, 155, 100, 143, 7, 25, 42, 77, 125, 185, 230, 227, 68, 231, 221, 72, 246, 0, 154, 215, 85, 83, 78, 131, 214, 90, 29, 199, 243, 100, 72, 19, 39, 26, 112, 44, 90, 230, 174, 23, 153, 160, 166, 60, 16, 96, 150, 78, 240, 44, 54, 187, 236, 211, 16, 243, 99, 113, 60, 53, 208, 3, 10, 99, 124, 63, 241, 79, 24, 224, 10, 255, 131, 16, 66, 89, 83, 160, 63, 1, 178, 12, 178, 33, 250, 138, 216, 67, 146, 98, 154, 245, 92, 133, 244, 8, 213, 111, 56, 159, 82, 233, 203, 230, 42, 86, 151, 117, 208, 255, 246, 177, 249, 10, 191, 237, 181, 99, 55, 67, 10, 66, 149, 137, 249, 5, 139, 157, 28, 141, 0, 14, 34, 105, 194, 100, 121, 171, 213, 53, 9, 163, 209, 26, 88, 15, 237, 60, 15, 106, 50, 177, 116, 101, 137, 111, 213, 135, 26, 142, 205, 158, 145, 58, 248, 99, 118, 68, 115, 182, 123, 152, 255, 224, 26, 169, 157, 35, 10, 127, 240, 246, 88, 245, 118, 149, 232, 176, 76, 242, 155, 151, 83, 186, 113, 47, 43, 214, 51, 190, 76, 227, 53, 127, 111, 234, 220, 189, 11, 1, 201, 24, 224, 95, 75, 141, 49, 41, 76, 245, 46, 252, 124, 161, 242, 208, 108, 38, 127, 238, 104, 48, 223, 20, 95, 245, 220, 170, 97, 178, 199, 35, 182, 217, 255, 6, 27, 61, 193, 104, 216, 168, 207, 157, 44, 85, 90, 138, 175, 77, 196, 92, 199, 247, 188, 7, 160, 131, 151, 210, 79, 83, 21, 38, 49, 188, 20, 200, 121, 238, 128, 234, 58, 2, 152, 156, 29, 166, 254, 22, 174, 102, 145, 186, 144, 58, 33, 135, 155, 102, 242, 48, 212, 214, 47, 27, 56, 11, 29, 222, 84, 253, 119, 218, 250, 66, 253, 200, 242, 81, 38, 80, 209, 215, 240, 165, 115, 249, 244, 55, 121, 223, 174, 138, 176, 220, 214, 21, 52, 228, 43, 114, 57, 97, 159, 69, 28, 129, 42, 4, 137, 43, 193, 11, 5, 25, 74, 229, 176, 143, 116, 204, 215, 204, 161, 20, 128, 118, 190, 21, 249, 93, 131, 27, 184, 25, 57, 84, 32, 200, 199, 206, 209, 92, 150, 27, 85, 174, 187, 149, 180, 97, 45, 180, 54, 130, 181, 18, 23, 18, 103, 22, 165, 50, 183, 141, 93, 146, 195, 193, 204, 48, 224, 29, 144, 103, 51, 224, 77, 240, 112, 236, 254, 136, 103, 146, 27, 103, 134, 73, 60, 54, 225, 39, 185, 214, 166, 28, 6, 56, 156, 38, 59, 114, 247, 117, 131, 25, 189, 152, 4, 148, 220, 173, 158, 44, 7, 87, 211, 11, 13, 91, 211, 200, 73, 22, 32, 22, 35, 244, 235, 208, 187, 111, 175, 172, 53, 242, 112, 207, 75, 36, 0, 161, 59, 58, 50, 107, 143, 140, 163, 73, 21, 145, 15, 201, 75, 17, 57, 134, 248, 143, 62, 0, 8, 212, 112, 111, 191, 253, 124, 245, 62, 179, 245, 209, 187, 192, 197, 255, 184, 45, 125, 173, 87, 28, 30, 254, 195, 42, 74, 99, 68, 201, 70, 161, 123, 18, 229, 80, 125, 96, 16, 103, 94, 215, 153, 42, 154, 66, 244, 87, 66, 76, 192, 150, 146, 87, 183, 6, 14, 18, 174, 185, 84, 227, 65, 228, 203, 247, 192, 244, 162, 36, 63, 96, 159, 60, 126, 156, 229, 212, 158, 59, 134, 14, 17, 142, 47, 95, 153, 65, 25, 44, 193, 84, 248, 1, 136, 250, 158, 39, 158, 174, 54, 150, 110, 104, 117, 113, 168, 15, 176, 117, 128, 153, 132, 182, 74, 104, 1, 197, 85, 235, 243, 0, 20, 137, 91, 93, 14, 70, 33, 123, 106, 9, 241, 212, 78, 172, 255, 98, 209, 201, 128, 13, 38, 34, 195, 215, 219, 100, 43, 15, 62, 133, 150, 46, 42, 231, 210, 142, 157, 132, 140, 249, 107, 134, 252, 161, 47, 120, 88, 162, 72, 172, 26, 42, 22, 112, 6, 251, 167, 155, 197, 31, 137, 119, 31, 10, 19, 128, 108, 23, 210, 236, 212, 178, 78, 80, 168, 27, 10, 222, 246, 241, 228, 127, 233, 213, 157, 21, 150, 17, 139, 231, 91, 94, 235, 253, 207, 12, 115, 234, 81, 156, 201, 3, 147, 198, 85, 46, 229, 214, 213, 145, 178, 142, 196, 54, 64, 154, 124, 174, 189, 55, 25, 230, 12, 9, 201, 247, 224, 30, 40, 189, 118, 191, 236, 221, 119, 148, 185, 7, 83, 38, 167, 141, 160, 75, 212, 6, 246, 54, 116, 237, 210, 238, 91, 223, 110, 39, 109, 91, 151, 2, 191, 7, 63, 210, 0, 224, 137, 167, 111, 42, 169, 0, 123, 54, 180, 181, 185, 210, 96, 170, 236, 79, 252, 186, 156, 4, 184, 87, 196, 151, 123, 14, 112, 68, 220, 130, 80, 9, 204, 168, 66, 8, 119, 129, 156, 213, 163, 147, 224, 233, 239, 148, 109, 116, 210, 79, 30, 14, 70, 57, 88, 20, 87, 28, 134, 231, 12, 118, 207, 254, 0, 39, 154, 170, 125, 105, 154, 198, 147, 195, 155, 153, 234, 57, 167, 89, 96, 233, 243, 38, 210, 243, 180, 233, 116, 43, 179, 92, 254, 247, 26, 120, 169, 27, 123, 136, 222, 180, 236, 82, 90, 101, 100, 194, 131, 91, 180, 222, 219, 124, 174, 228, 0, 171, 193, 195, 162, 41, 51, 145, 125, 195, 67, 229, 11, 21, 101, 15, 85, 95, 84, 231, 77, 182, 191, 216, 134, 158, 151, 34, 166, 110, 105, 69, 209, 72, 232, 50, 10, 8, 130, 59, 4, 26, 229, 199, 73, 22, 36, 93, 236, 106, 38, 242, 72, 108, 223, 198, 202, 180, 224, 43, 5, 178, 8, 99, 212, 138, 245, 79, 42, 12, 102, 117, 179, 225, 194, 26, 85, 151, 228, 128, 214, 126, 222, 90, 64, 182, 52, 233, 135, 163, 63, 165, 211, 167, 197, 44, 101, 88, 242, 186, 199, 39, 215, 99, 238, 248, 93, 47, 169, 186, 31, 102, 1, 5, 128, 24, 95, 204, 108, 105, 152, 116, 15, 35, 87, 123, 212, 234, 47, 161, 234, 106, 187, 19, 143, 59, 84, 244, 234, 104, 34, 243, 132, 93, 252, 170, 146, 234, 253, 3, 122, 17, 59, 157, 10, 211, 54, 136, 106, 200, 57, 199, 137, 6, 50, 32, 247, 37, 233, 229, 14, 174, 26, 5, 159, 240, 221, 33, 25, 15, 149, 249, 56, 192, 176, 165, 200, 174, 24, 226, 143, 63, 45, 125, 100, 18, 101, 1, 22, 118, 153, 19, 82, 70, 54, 69, 178, 123, 138, 163, 132, 221, 189, 192, 62, 25, 132, 212, 32, 147, 22, 52, 234, 196, 122, 163, 16, 29, 96, 40, 164, 56, 240, 12, 223, 100, 226, 189, 58, 222, 98, 16, 115, 161, 90, 5, 46, 71, 118, 5, 160, 100, 229, 35, 185, 25, 225, 15, 36, 73, 220, 12, 21, 26, 227, 72, 172, 23, 175, 215, 42, 234, 65, 27, 245, 148, 148, 75, 240, 72, 135, 235, 95, 103, 7, 213, 120, 138, 170, 165, 203, 57, 31, 27, 236, 193, 149, 177, 119, 95, 239, 25, 233, 150, 199, 232, 107, 213, 225, 53, 96, 0, 178, 245, 94, 183, 51, 233, 75, 67, 175, 61, 192, 237, 42, 6, 12, 206, 168, 197, 142, 217, 72, 252, 139, 40, 255, 254, 38, 135, 192, 44, 248, 14, 151, 198, 186, 49, 16, 129, 12, 212, 67, 124, 20, 247, 52, 40, 149, 140, 242, 46, 162, 17, 84, 10, 59, 63, 22, 122, 139, 62, 226, 191, 91, 216, 77, 155, 69, 28, 178, 74, 14, 244, 179, 29, 77, 116, 106, 23, 38, 179, 237, 63, 89, 135, 86, 47, 101, 92, 240, 134, 38, 23, 231, 247, 205, 239, 95, 235, 240, 75, 186, 140, 214, 148, 13, 25, 134, 246, 7, 21, 22, 107, 130, 15, 10, 238, 136, 218, 190, 76, 131, 95, 124, 40, 37, 196, 60, 191, 120, 172, 209, 211, 148, 59, 227, 28, 231, 110, 156, 189, 109, 4, 223, 210, 246, 35, 167, 133, 155, 11, 75, 192, 2, 157, 88, 238, 65, 127, 17, 57, 243, 191, 43, 89, 8, 143, 243, 117, 114, 86, 60, 217, 238, 36, 138, 126, 14, 107, 51, 130, 120, 59, 0, 27, 199, 76, 88, 94, 102, 25, 165, 99, 170, 215, 5, 253, 27, 236, 137, 25, 25, 7, 186, 53, 99, 47, 238, 155, 68, 58, 207, 230, 159, 213, 252, 206, 195, 78, 143, 109, 147, 19, 176, 70, 246, 188, 163, 44, 35, 173, 153, 142, 42, 92, 0, 109, 210, 32, 186, 71, 228, 124, 228, 174, 205, 118, 17, 71, 80, 127, 152, 129, 151, 16, 64, 131, 47, 235, 129, 54, 90, 156, 122, 156, 53, 36, 153, 224, 83, 34, 217, 3, 35, 6, 250, 57, 12, 194, 223, 102, 183, 195, 106, 188, 104, 226, 143, 206, 102, 97, 25, 199, 196, 4, 127, 118, 175, 14, 23, 124, 105, 42, 191, 85, 236, 69, 141, 248, 58, 237, 44, 90, 111, 198, 234, 35, 115, 247, 14, 33, 28, 212, 95, 238, 53, 198, 124, 56, 245, 253, 12, 100, 28, 35, 92, 53, 23, 80, 128, 15, 38, 250, 22, 227, 7, 51, 148, 89, 216, 123, 105, 99, 173, 182, 191, 55, 143, 116, 181, 141, 115, 187, 33, 23, 101, 38, 13, 145, 70, 87, 13, 158, 118, 116, 75, 112, 184, 63, 19, 91, 75, 23, 208, 185, 156, 144, 252, 78, 66, 0, 130, 151, 147, 241, 230, 254, 251, 28, 241, 210, 14, 169, 131, 94, 80, 58, 186, 54, 220, 86, 118, 64, 1, 148, 43, 13, 251, 73, 219, 104, 78, 36, 72, 193, 241, 236, 231, 3, 211, 24, 160, 127, 153, 160, 191, 249, 86, 26, 69, 202, 178, 215, 212, 159, 55, 156, 124, 142, 18, 168, 239, 26, 31, 140, 193, 110, 96, 112, 31, 183, 139, 11, 143, 243, 202, 46, 140, 173, 231, 118, 34, 190, 214, 152, 92, 32, 66, 152, 35, 101, 215, 239, 114, 181, 119, 177, 114, 115, 246, 226, 141, 129, 51, 43, 234, 73, 53, 81, 17, 72, 104, 150, 157, 142, 241, 246, 221, 201, 170, 125, 88, 244, 194, 78, 14, 162, 100, 6, 242, 187, 155, 235, 224, 184, 66, 19, 49, 224, 86, 189, 55, 241, 89, 97, 141, 71, 232, 4, 159, 177, 230, 155, 21, 223, 71, 1, 33, 84, 169, 163, 250, 239, 216, 74, 99, 157, 120, 19, 186, 72, 227, 192, 211, 99, 7, 25, 115, 46, 203, 7, 99, 212, 58, 118, 116, 121, 232, 229, 30, 227, 103, 8, 41, 209, 91, 187, 196, 14, 85, 4, 244, 45, 252, 52, 55, 40, 197, 18, 86, 211, 238, 192, 113, 253, 47, 110, 229, 152, 45, 154, 129, 60, 99, 218, 247, 243, 203, 134, 163, 91, 92, 2, 107, 171, 16, 108, 121, 105, 123, 144, 88, 197, 181, 184, 67, 116, 116, 166, 220, 138, 125, 54, 253, 81, 224, 178, 90, 246, 79, 180, 88, 154, 215, 44, 9, 79, 36, 251, 113, 113, 204, 170, 179, 40, 249, 137, 200, 122, 191, 248, 134, 226, 200, 185, 219, 133, 181, 51, 85, 97, 60, 33, 151, 12, 235, 32, 49, 41, 159, 129, 33, 192, 30, 154, 132, 157, 180, 222, 56, 159, 54, 64, 192, 222, 151, 98, 216, 131, 88, 196, 102, 87, 173, 19, 106, 103, 21, 24, 8, 142, 173, 150, 82, 95, 141, 238, 69, 153, 120, 157, 167, 70, 127, 204, 191, 86, 61, 162, 46, 134, 35, 171, 12, 168, 77, 121, 209, 152, 227, 9, 216, 220, 49, 238, 126, 95, 53, 85, 137, 206, 181, 123, 233, 33, 62, 213, 34, 99, 92, 245, 43, 232, 167, 30, 234, 79, 41, 141, 99, 135, 92, 4, 161, 54, 239, 193, 63, 251, 69, 224, 210, 129, 201, 21, 89, 190, 114, 250, 255, 148, 39, 41, 153, 217, 143, 242, 22, 174, 209, 84, 120, 113, 252, 44, 100, 197, 125, 181, 78, 138, 196, 155, 143, 248, 232, 132, 99, 154, 143, 134, 166, 47, 178, 45, 252, 184, 239, 141, 128, 126, 100, 45, 188, 56, 21, 6, 92, 210, 31, 181, 31, 149, 102, 233, 20, 246, 217, 194, 20, 237, 128, 162, 111, 104, 28, 30, 52, 199, 136, 9, 37, 244, 106, 248, 219, 36, 163, 10, 250, 39, 41, 91, 11, 37, 53, 193, 130, 105, 38, 110, 195, 19, 220, 118, 90, 54, 127, 82, 58, 197, 240, 217, 33, 101, 76, 131, 45, 233, 110, 35, 28, 123, 94, 4, 77, 164, 199, 198, 63, 199, 217, 204, 158, 151, 121, 61, 92, 196, 248, 186, 129, 151, 139, 126, 61, 93, 227, 12, 15, 251, 1, 32, 28, 213, 213, 187, 122, 121, 128, 51, 236, 220, 164, 196, 171, 157, 124, 184, 25, 240, 242, 217, 170, 84, 36, 169, 47, 104, 20, 133, 75, 15, 238, 27, 93, 143, 47, 237, 130, 94, 93, 113, 121, 17, 204, 195, 224, 48, 146, 42, 249, 211, 151, 0, 252, 147, 154, 217, 103, 130, 1, 219, 180, 55, 219, 44, 114, 46, 115, 65, 102, 179, 103, 134, 53, 100, 230, 116, 82, 14, 80, 230, 151, 163, 108, 90, 220, 151, 184, 82, 108, 137, 61, 174, 78, 148, 47, 8, 223, 213, 87, 68, 190, 43, 131, 104, 226, 235, 193, 5, 27, 43, 75, 154, 109, 109, 38, 179, 227, 56, 54, 7, 204, 90, 179, 0, 5, 9, 197, 43, 124, 126, 9, 14, 15, 140, 81, 83, 65, 190, 19, 31, 187, 38, 146, 86, 230, 213, 96, 226, 244, 122, 78, 250, 97, 178, 115, 9, 103, 167, 108, 46, 113, 110, 104, 121, 63, 42, 226, 204, 11, 212, 57, 226, 92, 22, 167, 234, 59, 228, 88, 219, 0, 164, 110, 2, 100, 65, 179, 71, 168, 234, 73, 0, 230, 59, 117, 169, 54, 77, 201, 181, 114, 185, 41, 21, 202, 48, 41, 109, 240, 78, 216, 39, 42, 191, 36, 41, 90, 157, 95, 195, 190, 215, 72, 22, 172, 22, 230, 164, 38, 206, 185, 86, 123, 237, 117, 183, 191, 25, 12, 49, 37, 215, 191, 82, 163, 173, 18, 93, 205, 123, 243, 26, 23, 50, 108, 14, 181, 9, 95, 63, 38, 221, 151, 224, 195, 89, 149, 33, 131, 58, 30, 96, 198, 72, 87, 125, 210, 47, 219, 226, 215, 242, 23, 88, 213, 21, 104, 25, 23, 199, 109, 158, 219, 221, 187, 220, 103, 232, 159, 137, 107, 20, 4, 239, 175, 159, 254, 201, 201, 103, 47, 104, 161, 173, 212, 44, 243, 146, 40, 2, 212, 206, 136, 163, 163, 141, 168, 139, 158, 163, 73, 30, 249, 241, 9, 205, 240, 95, 206, 62, 168, 250, 4, 181, 91, 97, 38, 155, 14, 59, 242, 43, 254, 191, 126, 14, 255, 122, 186, 130, 225, 254, 3, 55, 174, 193, 75, 112, 189, 78, 2, 130, 23, 65, 64, 147, 216, 11, 140, 194, 46, 80, 86, 12, 27, 199, 30, 165, 131, 167, 12, 85, 131, 59, 204, 97, 144, 74, 33, 145, 0, 1, 62, 32, 5, 219, 25, 16, 75, 248, 96, 206, 223, 143, 66, 28, 142, 174, 2, 226, 48, 126, 72, 151, 176, 44, 101, 62, 68, 193, 65, 45, 22, 48, 203, 57, 119, 69, 202, 109, 239, 112, 47, 67, 53, 29, 28, 40, 48, 83, 121, 241, 107, 236, 211, 175, 59, 191, 191, 214, 13, 63, 249, 148, 244, 205, 11, 68, 3, 253, 204, 88, 229, 214, 209, 17, 104, 177, 3, 28, 37, 171, 120, 192, 167, 221, 232, 50, 159, 84, 182, 50, 166, 64, 106, 115, 213, 164, 153, 196, 243, 11, 32, 7, 214, 84, 109, 176, 248, 62, 132, 27, 2, 90, 67, 144, 122, 187, 151, 250, 176, 150, 94, 232, 175, 4, 103, 57, 217, 225, 125, 156, 41, 250, 75, 226, 144, 114, 71, 236, 147, 90, 65, 29, 71, 154, 239, 44, 221, 246, 62, 255, 110, 231, 54, 138, 197, 146, 79, 168, 207, 146, 225, 141, 129, 48, 127, 154, 224, 46, 16, 192, 67, 141, 168, 4, 211, 192, 77, 109, 113, 145, 149, 211, 127, 123, 17, 148, 216, 241, 247, 84, 167, 117, 151, 143, 92, 122, 120, 53, 116, 59, 11, 120, 53, 115, 34, 45, 23, 162, 22, 147, 190, 250, 8, 142, 226, 89, 148, 187, 241, 190, 215, 109, 15, 28, 226, 247, 110, 159, 12, 166, 43, 81, 56, 7, 231, 131, 20, 44, 133, 202, 138, 25, 46, 94, 140, 80, 175, 193, 42, 194, 103, 254, 99, 80, 22, 234, 213, 252, 18, 12, 223, 210, 149, 116, 107, 107, 88, 242, 168, 31, 177, 105, 89, 9, 173, 117, 9, 1, 246, 168, 93, 165, 252, 232, 138, 119, 112, 37, 156, 211, 23, 203, 145, 102, 178, 241, 66, 111, 212, 130, 40, 47, 227, 118, 177, 173, 104, 140, 46, 199, 4, 73, 233, 220, 93, 38, 26, 51, 94, 30, 139, 74, 41, 97, 129, 131, 183, 132, 173, 233, 74, 28, 255, 27, 237, 61, 8, 241, 214, 25, 82, 60, 252, 99, 223, 137, 231, 239, 150, 236, 19, 3, 253, 152, 55, 228, 244, 136, 114, 232, 63, 239, 45, 8, 32, 42, 133, 30, 211, 35, 254, 252, 162, 139, 182, 148, 123, 170, 202, 216, 94, 239, 201, 207, 35, 30, 217, 54, 202, 155, 50, 17, 82, 24, 97, 43, 141, 35, 186, 79, 106, 27, 6, 223, 226, 74, 215, 67, 193, 176, 216, 46, 56, 2, 75, 181, 69, 222, 64, 47, 201, 87, 30, 196, 206, 48, 179, 50, 249, 6, 51, 187, 172, 120, 243, 96, 141, 88, 226, 1, 254, 121, 204, 95, 57, 214, 246, 156, 196, 202, 253, 16, 249, 146, 5, 224, 168, 214, 72, 188, 243, 6, 208, 229, 128, 228, 188, 131, 145, 207, 217, 226, 40, 191, 62, 29, 224, 241, 201, 187, 144, 26, 2, 177, 181, 6, 20, 212, 216, 98, 65, 51, 24, 31, 109, 126, 134, 212, 95, 220, 51, 114, 36, 198, 252, 195, 8, 190, 21, 191, 26, 76, 182, 13, 37, 225, 198, 206, 84, 5, 226, 209, 85, 46, 195, 44, 191, 191, 20, 198, 181, 42, 98, 90, 197, 187, 183, 26, 24, 207, 213, 210, 117, 125, 171, 123, 234, 112, 244, 65, 137, 249, 45, 143, 216, 120, 6, 16, 189, 68, 82, 27, 209, 42, 247, 129, 202, 118, 195, 0, 158, 77, 10, 127, 27, 15, 224, 187, 19, 111, 203, 76, 38, 251, 21, 180, 239, 119, 52, 31, 58, 74, 185, 70, 223, 184, 225, 9, 1, 119, 229, 122, 97, 51, 203, 17, 214, 89, 21, 28, 103, 113, 102, 50, 244, 12, 18, 249, 60, 153, 171, 47, 210, 29, 188, 4, 76, 250, 205, 171, 174, 20, 236, 207, 33, 82, 44, 60, 210, 106, 188, 179, 17, 197, 35, 121, 179, 109, 107, 126, 185, 16, 198, 34, 12, 181, 4, 92, 211, 29, 246, 107, 174, 85, 135, 248, 160, 186, 239, 59, 244, 202, 0, 159, 5, 62, 46, 13, 86, 48, 26, 100, 216, 13, 59, 21, 4, 136, 255, 193, 59, 252, 48, 124, 99, 27, 7, 64, 104, 47, 70, 90, 174, 148, 194, 150, 216, 85, 19, 16, 192, 186, 215, 168, 100, 9, 123, 1, 154, 232, 246, 126, 176, 65, 24, 60, 152, 130, 47, 29, 243, 200, 176, 38, 60, 125, 80, 71, 156, 59, 140, 159, 156, 158, 117, 16, 215, 186, 252, 48, 74, 207, 123, 28, 247, 199, 8, 22, 126, 4, 58, 196, 178, 225, 30, 158, 96, 58, 78, 99, 251, 203, 255, 95, 97, 190, 129, 6, 58, 87, 94, 34, 139, 76, 155, 18, 105, 12, 161, 141, 55, 122, 55, 255, 13, 111, 210, 235, 200, 143, 3, 117, 86, 134, 207, 12, 148, 219, 245, 232, 48, 200, 93, 21, 6, 188, 145, 112, 108, 177, 221, 190, 222, 138, 235, 146, 95, 159, 174, 173, 179, 134, 123, 168, 140, 167, 35, 228, 179, 129, 106, 158, 249, 148, 13, 38, 224, 60, 116, 240, 189, 58, 112, 237, 185, 209, 161, 195, 108, 251, 25, 104, 28, 90, 64, 52, 105, 131, 160, 83, 213, 6, 15, 40, 242, 120, 39, 12, 182, 58, 186, 2, 183, 216, 51, 130, 174, 114, 166, 231, 14, 20, 224, 244, 29, 190, 153, 48, 241, 51, 100, 215, 26, 241, 168, 208, 153, 234, 249, 18, 212, 37, 229, 14, 87, 229, 63, 84, 95, 182, 239, 124, 151, 227, 29, 33, 29, 57, 30, 212, 113, 197, 57, 239, 188, 132, 120, 225, 231, 186, 134, 23, 234, 115, 69, 214, 36, 248, 247, 172, 226, 211, 19, 214, 246, 111, 14, 37, 193, 151, 45, 170, 92, 97, 107, 178, 123, 130, 150, 177, 82, 15, 170, 4, 7, 195, 240, 210, 51, 225, 217, 233, 184, 13, 185, 239, 157, 156, 217, 163, 96, 85, 68, 86, 45, 135, 62, 255, 84, 210, 157, 97, 158, 77, 79, 2, 192, 131, 136, 176, 238, 174, 147, 90, 24, 121, 148, 212, 126, 31, 241, 251, 164, 25, 28, 165, 213, 158, 148, 253, 168, 246, 244, 154, 166, 76, 251, 12, 220, 224, 9, 186, 82, 210, 55, 225, 87, 0, 172, 248, 73, 221, 171, 12, 78, 58, 82, 89, 20, 250, 217, 191, 44, 239, 13, 209, 109, 124, 209, 11, 88, 236, 35, 237, 143, 247, 15, 162, 112, 72, 84, 151, 250, 235, 171, 24, 147, 40, 208, 112, 35, 42, 35, 173, 133, 186, 247, 52, 26, 31, 28, 44, 162, 165, 92, 45, 102, 137, 252, 84, 231, 179, 95, 130, 103, 255, 226, 62, 139, 202, 212, 144, 201, 252, 27, 126, 226, 118, 193, 98, 62, 104, 65, 19, 141, 204, 56, 175, 199, 62, 120, 112, 193, 164, 3, 48, 1, 17, 135, 174, 51, 30, 242, 37, 57, 70, 201, 104, 90, 106, 154, 49, 223, 120, 174, 19, 98, 103, 237, 68, 150, 139, 154, 113, 12, 242, 99, 56, 54, 234, 117, 138, 236, 75, 2, 120, 118, 249, 40, 99, 231, 239, 168, 106, 52, 106, 185, 45, 109, 181, 27, 23, 28, 110, 10, 80, 187, 255, 230, 91, 31, 47, 7, 126, 228, 79, 32, 159, 247, 243, 97, 247, 15, 11, 127, 68, 27, 19, 17, 15, 237, 99, 163, 76, 159, 53, 19, 152, 47, 75, 196, 42, 117, 225, 73, 92, 212, 27, 47, 136, 49, 179, 218, 121, 201, 230, 248, 191, 169, 7, 219, 24, 197, 198, 215, 38, 62, 52, 158, 38, 225, 103, 245, 255, 144, 31, 87, 107, 95, 133, 51, 163, 89, 198, 216, 226, 6, 231, 149, 152, 42, 198, 254, 31, 206, 162, 89, 116, 231, 10, 150, 139, 205, 208, 236, 124, 208, 47, 211, 126, 180, 43, 44, 61, 60, 38, 112, 131, 234, 196, 164, 84, 134, 79, 213, 19, 254, 153, 130, 32, 170, 53, 56, 188, 113, 10, 147, 12, 161, 12, 148, 246, 98, 67, 93, 198, 18, 33, 84, 89, 207, 164, 30, 34, 219, 43, 100, 3, 62, 47, 252, 7, 4, 36, 152, 139, 160, 192, 93, 188, 152, 18, 236, 33, 47, 151, 235, 103, 23, 163, 76, 38, 78, 1, 150, 72, 167, 70, 55, 0, 250, 229, 120, 255, 13, 0, 143, 160, 105, 180, 221, 16, 170, 245, 179, 74, 8, 29, 24, 75, 225, 194, 27, 30, 88, 23, 135, 160, 169, 240, 168, 16, 164, 44, 51, 70, 184, 87, 163, 117, 146, 60, 80, 236, 141, 170, 230, 24, 5, 47, 219, 141, 93, 150, 247, 205, 162, 202, 54, 217, 216, 130, 226, 42, 66, 193, 84, 187, 63, 229, 172, 85, 203, 66, 203, 202, 196, 255, 95, 63, 102, 122, 19, 113, 254, 43, 136, 51, 7, 15, 100, 80, 216, 132, 15, 8, 149, 128, 107, 142, 56, 44, 72, 225, 154, 146, 31, 106, 232, 29, 160, 205, 192, 20, 154, 42, 215, 65, 149, 179, 80, 149, 33, 165, 183, 100, 95, 33, 160, 30, 247, 220, 81, 52, 240, 218, 231, 177, 34, 248, 179, 165, 41, 182, 130, 128, 158, 103, 117, 116, 25, 219, 240, 82, 165, 58, 72, 11, 123, 22, 253, 169, 150, 223, 151, 179, 167, 45, 99, 14, 105, 118, 212, 53, 5, 114, 140, 65, 140, 89, 118, 16, 52, 130, 49, 147, 155, 112, 114, 215, 210, 21, 194, 243, 201, 156, 186, 251, 23, 152, 204, 109, 191, 160, 26, 20, 149, 253, 144, 214, 215, 50, 143, 19, 145, 16, 217, 246, 134, 150, 97, 128, 102, 8, 123, 59, 34, 118, 11, 229, 190, 22, 47, 43, 1, 83, 199, 196, 229, 201, 243, 174, 181, 22, 192, 92, 45, 145, 76, 85, 255, 122, 39, 65, 224, 24, 149, 83, 119, 115, 130, 19, 43, 126, 211, 183, 169, 12, 208, 42, 212, 18, 218, 220, 152, 211, 120, 30, 209, 190, 114, 171, 253, 103, 125, 128, 211, 5, 132, 1, 149, 225, 85, 167, 241, 45, 99, 168, 55, 51, 31, 15, 72, 218, 79, 169, 93, 92, 230, 200, 105, 103, 115, 13, 93, 166, 18, 162, 46, 6, 167, 197, 61, 115, 188, 79, 96, 103, 92, 54, 219, 30, 42, 147, 250, 243, 33, 123, 230, 155, 146, 220, 246, 42, 61, 225, 28, 68, 248, 69, 222, 8, 235, 254, 141, 92, 127, 250, 199, 190, 57, 119, 80, 51, 89, 33, 115, 149, 167, 185, 61, 45, 242, 163, 206, 146, 190, 205, 222, 80, 40, 222, 130, 21, 39, 183, 119, 190, 194, 197, 77, 115, 29, 150, 29, 21, 54, 62, 43, 45, 236, 18, 143, 129, 159, 116, 92, 228, 86, 191, 53, 53, 251, 7, 177, 7, 151, 175, 176, 212, 101, 65, 68, 87, 5, 166, 76, 10, 60, 59, 132, 188, 170, 34, 47, 40, 246, 76, 204, 206, 224, 160, 9, 104, 49, 185, 85, 22, 215, 66, 9, 160, 217, 104, 10, 34, 137, 41, 72, 171, 250, 239, 43, 62, 7, 25, 185, 63, 184, 46, 29, 144, 188, 62, 182, 24, 34, 224, 30, 25, 197, 205, 12, 182, 90, 165, 112, 186, 63, 61, 161, 22, 53, 43, 38, 160, 164, 33, 127, 119, 211, 210, 28, 179, 69, 141, 206, 181, 251, 195, 39, 31, 142, 206, 107, 150, 118, 86, 49, 174, 186, 220, 159, 29, 10, 150, 113, 54, 200, 51, 199, 85, 151, 127, 153, 180, 249, 149, 248, 8, 178, 141, 188, 2, 3, 70, 37, 113, 8, 72, 45, 119, 135, 208, 61, 72, 50, 145, 59, 233, 180, 53, 8, 115, 97, 22, 87, 126, 34, 143, 149, 111, 193, 171, 118, 3, 225, 45, 170, 184, 33, 129, 252, 242, 170, 132, 149, 20, 233, 198, 51, 36, 74, 172, 207, 112, 102, 216, 224, 197, 216, 243, 130, 188, 249, 27, 58, 10, 163, 98, 105, 45, 55, 193, 211, 216, 138, 94, 74, 11, 211, 39, 77, 240, 2, 45, 167, 180, 248, 30, 168, 46, 118, 80, 204, 34, 251, 3, 210, 25, 116, 163, 123, 150, 42, 54, 51, 79, 17, 51, 73, 107, 210, 200, 189, 210, 214, 223, 235, 200, 115, 75, 210, 128, 15, 178, 81, 161, 138, 225, 55, 32, 11, 103, 177, 40, 81, 39, 185, 252, 208, 201, 140, 220, 250, 139, 131, 132, 158, 138, 162, 98, 17, 170, 176, 116, 199, 37, 221, 37, 6, 17, 151, 36, 156, 209, 26, 32, 129, 28, 42, 144, 248, 40, 147, 253, 34, 59, 61, 106, 212, 65, 97, 83, 225, 187, 76, 20, 45, 172, 6, 134, 117, 22, 53, 33, 82, 153, 240, 14, 75, 204, 229, 204, 205, 135, 89, 218, 223, 74, 190, 201, 165, 208, 62, 225, 9, 173, 106, 223, 71, 236, 189, 238, 164, 197, 99, 28, 24, 60, 60, 164, 59, 107, 167, 218, 249, 6, 119, 87, 109, 86, 12, 30, 252, 199, 189, 73, 153, 97, 118, 204, 226, 115, 141, 218, 253, 66, 195, 5, 85, 177, 100, 7, 35, 169, 68, 243, 221, 13, 128, 128, 138, 45, 49, 17, 65, 101, 191, 121, 235, 232, 188, 22, 227, 214, 76, 66, 244, 236, 162, 38, 223, 0, 31, 131, 109, 25, 62, 20, 162, 253, 186, 62, 116, 143, 21, 123, 79, 117, 180, 173, 65, 232, 124, 226, 48, 134, 193, 23, 171, 155, 142, 32, 181, 55, 19, 87, 105, 156, 174, 144, 10, 143, 55, 100, 148, 93, 214, 122, 32, 200, 203, 46, 43, 3, 227, 99, 9, 7, 45, 123, 216, 94, 159, 13, 206, 146, 67, 149, 158, 184, 164, 3, 178, 209, 134, 56, 225, 251, 72, 27, 104, 4, 71, 173, 43, 218, 232, 139, 210, 60, 172, 102, 63, 250, 131, 13, 95, 98, 71, 45, 246, 43, 83, 65, 196, 147, 130, 137, 222, 221, 43, 19, 179, 235, 74, 163, 150, 71, 238, 85, 19, 220, 94, 46, 77, 177, 168, 47, 173, 97, 225, 55, 64, 164, 229, 110, 195, 60, 168, 225, 224, 140, 46, 186, 87, 211, 164, 144, 65, 2, 37, 156, 52, 164, 228, 44, 248, 158, 65, 44, 174, 223, 104, 184, 208, 254, 61, 229, 16, 163, 99, 136, 132, 34, 209, 9, 178, 224, 89, 154, 23, 137, 1, 0, 34, 11, 56, 88, 119, 252, 236, 36, 158, 215, 61, 168, 249, 212, 239, 229, 42, 46, 34, 217, 12, 50, 133, 250, 54, 10, 252, 209, 203, 110, 24, 76, 68, 112, 83, 244, 24, 28, 127, 16, 87, 45, 211, 48, 195, 200, 86, 225, 132, 233, 127, 120, 184, 22, 253, 168, 208, 198, 7, 69, 101, 14, 166, 146, 215, 235, 8, 75, 202, 111, 112, 24, 194, 206, 199, 25, 31, 231, 229, 217, 105, 123, 54, 139, 230, 49, 71, 62, 129, 153, 59, 31, 144, 245, 171, 87, 164, 245, 149, 78, 245, 205, 124, 43, 155, 94, 171, 7, 124, 164, 117, 100, 162, 191, 20, 42, 241, 61, 233, 23, 170, 197, 185, 31, 103, 114, 51, 222, 11, 166, 74, 160, 149, 84, 127, 9, 46, 9, 154, 172, 180, 119, 202, 101, 8, 198, 122, 128, 218, 54, 84, 24, 97, 37, 111, 210, 64, 3, 80, 24, 230, 75, 56, 200, 81, 238, 242, 38, 66, 91, 30, 211, 100, 214, 100, 53, 69, 106, 34, 51, 250, 185, 89, 176, 146, 76, 71, 206, 165, 80, 150, 44, 195, 175, 36, 220, 208, 226, 226, 19, 12, 31, 155, 21, 125, 170, 144, 117, 174, 207, 210, 74, 25, 174, 19, 86, 80, 225, 65, 173, 5, 179, 251, 239, 211, 33, 89, 51, 155, 251, 67, 31, 183, 154, 134, 65, 119, 224, 202, 224, 75, 231, 61, 81, 226, 11, 231, 11, 130, 140, 139, 24, 198, 36, 157, 144, 223, 101, 1, 107, 247, 75, 234, 2, 173, 50, 16, 213, 58, 50, 1, 169, 148, 118, 246, 68, 65, 196, 70, 127, 136, 51, 132, 244, 86, 53, 25, 250, 83, 201, 237, 82, 148, 237, 94, 41, 94, 230, 181, 29, 37, 183, 137, 19, 139, 5, 52, 128, 232, 135, 59, 149, 149, 162, 206, 223, 40, 184, 220, 228, 77, 97, 135, 91, 94, 63, 213, 7, 12, 216, 179, 33, 65, 249, 193, 220, 121, 228, 235, 54, 9, 217, 117, 143, 161, 175, 60, 202, 209, 193, 246, 8, 124, 227, 146, 2, 19, 142, 6, 24, 36, 11, 215, 23, 255, 59, 176, 182, 202, 219, 66, 66, 68, 203, 82, 201, 252, 18, 175, 136, 39, 55, 66, 30, 114, 26, 75, 122, 138, 67, 147, 36, 58, 20, 39, 18, 35, 219, 234, 45, 225, 255, 116, 45, 95, 244, 133, 155, 137, 17, 56, 133, 41, 145, 62, 172, 100, 221, 252, 167, 171, 33, 75, 42, 139, 83, 149, 129, 190, 223, 149, 244, 176, 221, 78, 145, 189, 192, 255, 54, 226, 26, 82, 116, 181, 184, 196, 141, 91, 8, 153, 56, 156, 60, 228, 22, 14, 211, 152, 107, 234, 104, 61, 0, 86, 205, 35, 194, 74, 234, 13, 65, 110, 155, 187, 148, 49, 186, 42, 208, 19, 207, 140, 91, 185, 46, 177, 11, 69, 180, 118, 219, 0, 168, 76, 157, 142, 170, 214, 196, 81, 137, 104, 231, 20, 66, 183, 44, 101, 155, 228, 9, 87, 205, 231, 163, 4, 215, 203, 24, 75, 203, 23, 20, 156, 61, 247, 16, 160, 231, 22, 31, 222, 12, 148, 94, 168, 227, 178, 9, 119, 182, 58, 189, 221, 163, 183, 17, 127, 109, 140, 3, 150, 163, 7, 179, 45, 224, 11, 248, 1, 224, 129, 24, 248, 40, 201, 24, 43, 51, 116, 79, 242, 180, 83, 102, 102, 213, 10, 188, 209, 59, 145, 17, 54, 74, 168, 165, 166, 199, 220, 91, 55, 182, 152, 68, 44, 78, 108, 60, 151, 98, 211, 14, 213, 78, 161, 139, 68, 44, 100, 161, 214, 139, 88, 29, 211, 36, 175, 75, 92, 62, 117, 73, 197, 155, 9, 167, 85, 170, 164, 23, 225, 53, 6, 35, 92, 49, 117, 113, 104, 214, 137, 31, 231, 1, 168, 40, 42, 191, 96, 145, 211, 204, 248, 73, 22, 124, 78, 43, 213, 221, 196, 108, 246, 72, 220, 104, 115, 131, 179, 220, 171, 18, 248, 139, 193, 103, 83, 37, 212, 115, 80, 33, 156, 53, 7, 119, 147, 25, 10, 166, 175, 115, 65, 133, 235, 81, 221, 35, 227, 122, 88, 86, 210, 112, 7, 153, 15, 36, 158, 47, 22, 95, 243, 140, 6, 141, 60, 153, 198, 28, 234, 122, 94, 68, 192, 90, 96, 218, 14, 142, 7, 37, 2, 27, 45, 207, 209, 78, 239, 83, 124, 36, 171, 222, 102, 236, 189, 180, 163, 233, 171, 18, 200, 168, 34, 150, 225, 241, 220, 155, 37, 116, 250, 95, 116, 133, 185, 129, 42, 147, 245, 74, 68, 6, 168, 28, 140, 67, 96, 239, 182, 177, 98, 165, 155, 203, 13, 54, 236, 96, 146, 95, 212, 42, 244, 57, 108, 7, 89, 158, 140, 11, 83, 8, 104, 35, 133, 64, 99, 234, 245, 161, 153, 244, 135, 108, 67, 122, 221, 108, 242, 125, 130, 211, 141, 156, 55, 75, 29, 224, 6, 209, 200, 11, 156, 126, 214, 16, 156, 102, 216, 226, 245, 39, 147, 224, 81, 141, 191, 124, 28, 254, 213, 124, 9, 122, 235, 198, 92, 245, 227, 245, 102, 80, 37, 58, 196, 226, 226, 26, 138, 147, 143, 16, 43, 23, 165, 140, 117, 51, 13, 153, 114, 202, 74, 90, 177, 170, 150, 142, 82, 180, 225, 201, 103, 52, 164, 150, 226, 74, 3, 22, 95, 27, 162, 161, 105, 7, 183, 16, 60, 17, 166, 193, 97, 239, 29, 84, 74, 244, 190, 95, 249, 166, 196, 64, 12, 58, 36, 179, 126, 67, 36, 12, 3, 6, 126, 32, 136, 67, 107, 21, 83, 12, 193, 112, 115, 185, 131, 17, 203, 123, 253, 159, 95, 191, 193, 70, 189, 17, 139, 102, 170, 184, 68, 1, 102, 45, 207, 223, 156, 186, 199, 42, 201, 249, 141, 184, 7, 173, 120, 255, 218, 58, 115, 233, 136, 77, 218, 8, 173, 73, 73, 198, 102, 66, 98, 36, 185, 200, 149, 190, 119, 179, 31, 120, 90, 71, 14, 244, 74, 90, 85, 218, 121, 179, 239, 10, 116, 179, 201, 231, 203, 165, 66, 104, 214, 37, 96, 31, 152, 100, 252, 7, 73, 141, 99, 156, 73, 186, 87, 160, 101, 139, 15, 244, 130, 156, 56, 54, 251, 251, 85, 119, 37, 92, 15, 29, 110, 18, 147, 20, 39, 65, 118, 92, 210, 253, 197, 94, 202, 227, 215, 249, 138, 85, 194, 45, 102, 234, 255, 206, 163, 20, 96, 164, 12, 129, 136, 87, 113, 124, 89, 5, 79, 95, 54, 33, 161, 35, 174, 7, 18, 247, 108, 167, 134, 7, 201, 162, 63, 21, 8, 218, 137, 210, 129, 207, 107, 32, 161, 235, 88, 71, 17, 33, 174, 197, 13, 132, 247, 210, 213, 2, 137, 1, 194, 186, 240, 254, 5, 200, 51, 227, 36, 2, 110, 20, 67, 146, 160, 21, 128, 25, 203, 237, 115, 39, 222, 115, 173, 199, 90, 225, 234, 18, 221, 145, 198, 69, 186, 170, 149, 178, 201, 48, 6, 206, 95, 183, 4, 246, 18, 37, 175, 5, 128, 170, 161, 46, 64, 129, 198, 18, 53, 176, 136, 99, 231, 16, 23, 130, 225, 4, 216, 58, 208, 191, 44, 131, 2, 241, 186, 160, 248, 223, 11, 181, 210, 33, 136, 23, 25, 20, 213, 217, 116, 249, 235, 15, 226, 117, 97, 102, 179, 89, 18, 11, 98, 167, 92, 131, 32, 28, 219, 34, 208, 106, 21, 160, 186, 201, 228, 0, 160, 96, 255, 198, 149, 154, 8, 166, 13, 177, 110, 202, 167, 16, 175, 56, 17, 50, 138, 122, 35, 146, 60, 112, 122, 42, 55, 92, 28, 102, 92, 33, 8, 38, 28, 77, 118, 158, 46, 254, 163, 103, 156, 229, 141, 181, 7, 5, 197, 199, 36, 173, 212, 185, 129, 177, 59, 43, 65, 142, 99, 97, 251, 21, 187, 193, 7, 120, 189, 110, 219, 17, 131, 41, 70, 36, 243, 50, 202, 174, 210, 2, 146, 133, 199, 115, 126, 191, 206, 87, 126, 209, 32, 57, 94, 22, 215, 94, 245, 52, 230, 115, 199, 195, 214, 106, 99, 37, 69, 149, 223, 137, 71, 0, 169, 250, 77, 101, 228, 56, 203, 4, 200, 161, 49, 163, 152, 47, 247, 123, 220, 159, 117, 104, 60, 93, 132, 153, 134, 30, 47, 80, 118, 105, 126, 210, 173, 9, 220, 204, 150, 105, 3, 130, 79, 118, 227, 171, 250, 16, 76, 177, 174, 90, 160, 24, 197, 139, 69, 168, 23, 168, 78, 206, 86, 72, 202, 39, 88, 93, 207, 42, 138, 176, 144, 68, 135, 168, 220, 106, 67, 25, 198, 79, 54, 31, 139, 79, 187, 162, 198, 74, 225, 209, 138, 246, 248, 32, 224, 108, 104, 175, 206, 242, 184, 159, 11, 118, 13, 216, 115, 109, 73, 29, 39, 88, 24, 1, 163, 154, 177, 45, 109, 229, 82, 62, 157, 74, 7, 215, 255, 35, 41, 72, 97, 157, 33, 60, 202, 203, 89, 45, 138, 140, 214, 28, 214, 199, 31, 183, 15, 160, 157, 5, 234, 158, 104, 105, 242, 197, 145, 38, 159, 13, 130, 165, 188, 144, 12, 12, 113, 184, 61, 184, 227, 212, 80, 31, 109, 58, 122, 251, 207, 22, 4, 68, 112, 251, 248, 54, 58, 85, 171, 182, 117, 100, 218, 155, 34, 194, 175, 200, 211, 53, 140, 102, 233, 113, 13, 2, 149, 82, 210, 60, 69, 80, 224, 198, 152, 96, 86, 208, 42, 199, 14, 124, 48, 102, 205, 162, 162, 138, 207, 69, 253, 47, 93, 45, 197, 114, 16, 17, 87, 124, 252, 176, 244, 220, 233, 2, 23, 87, 14, 230, 25, 252, 166, 184, 206, 202, 53, 228, 79, 232, 191, 82, 21, 151, 16, 91, 167, 115, 114, 44, 222, 230, 76, 221, 189, 14, 46, 139, 47, 183, 163, 35, 105, 45, 180, 171, 50, 108, 46, 87, 179, 167, 233, 46, 147, 8, 173, 97, 33, 10, 56, 16, 192, 254, 236, 139, 93, 5, 32, 186, 174, 28, 45, 21, 79, 225, 91, 127, 62, 157, 139, 179, 98, 61, 39, 210, 59, 63, 27, 243, 61, 149, 205, 21, 143, 57, 38, 80, 64, 76, 66, 10, 131, 80, 35, 78, 193, 68, 97, 217, 60, 18, 17, 83, 215, 0, 175, 151, 56, 100, 50, 53, 178, 189, 180, 34, 105, 168, 115, 159, 83, 185, 173, 134, 74, 75, 249, 97, 251, 47, 101, 192, 188, 116, 61, 54, 31, 166, 58, 212, 48, 55, 46, 84, 18, 62, 187, 32, 96, 2, 44, 175, 47, 245, 97, 3, 50, 31, 191, 32, 224, 38, 167, 26, 6, 61, 148, 165, 51, 232, 50, 137, 187, 252, 184, 43, 92, 186, 179, 35, 73, 2, 63, 97, 136, 152, 167, 5, 194, 3, 240, 215, 119, 132, 59, 119, 150, 188, 25, 19, 102, 14, 94, 4, 228, 218, 127, 82, 0, 22, 60, 29, 86, 0, 15, 218, 188, 10, 223, 74, 143, 76, 32, 193, 186, 198, 176, 212, 128, 194, 228, 131, 179, 233, 228, 33, 107, 114, 49, 123, 238, 238, 198, 20, 139, 22, 60, 157, 34, 61, 229, 218, 121, 56, 236, 112, 213, 164, 153, 194, 141, 128, 115, 120, 26, 154, 58, 118, 73, 119, 98, 93, 252, 128, 236, 24, 43, 82, 245, 23, 109, 220, 88, 122, 66, 58, 247, 30, 201, 70, 106, 60, 205, 222, 246, 140, 89, 142, 249, 239, 224, 28, 28, 175, 208, 23, 106, 7, 158, 6, 209, 207, 70, 81, 106, 65, 164, 163, 201, 106, 166, 176, 235, 82, 19, 177, 162, 240, 59, 91, 176, 239, 101, 174, 22, 204, 210, 114, 238, 29, 89, 22, 17, 106, 250, 63, 255, 125, 239, 18, 102, 40, 199, 242, 174, 102, 37, 136, 39, 122, 226, 10, 55, 129, 54, 175, 233, 80, 67, 16, 60, 40, 199, 28, 93, 122, 61, 207, 202, 65, 7, 129, 232, 72, 156, 181, 34, 230, 29, 115, 155, 18, 52, 38, 9, 52, 230, 60, 17, 233, 126, 189, 165, 32, 167, 254, 140, 32, 76, 126, 112, 226, 208, 239, 137, 229, 60, 172, 230, 107, 127, 30, 149, 140, 174, 102, 208, 16, 127, 30, 192, 194, 138, 229, 66, 7, 32, 161, 242, 100, 35, 148, 90, 36, 249, 123, 49, 220, 23, 96, 179, 237, 122, 4, 7, 45, 64, 109, 217, 145, 148, 239, 150, 183, 89, 180, 134, 22, 245, 13, 43, 81, 210, 241, 214, 74, 229, 220, 108, 115, 161, 74, 34, 12, 252, 225, 101, 118, 21, 151, 206, 166, 156, 105, 71, 145, 46, 59, 60, 36, 15, 69, 21, 55, 254, 160, 136, 54, 244, 33, 144, 99, 216, 189, 117, 14, 40, 21, 120, 215, 198, 225, 220, 3, 67, 218, 45, 194, 106, 190, 118, 15, 84, 214, 28, 193, 130, 184, 99, 9, 163, 86, 19, 136, 162, 172, 169, 129, 70, 14, 214, 96, 213, 38, 51, 9, 72, 250, 225, 226, 176, 215, 165, 29, 144, 191, 201, 125, 82, 75, 17, 37, 184, 41, 239, 89, 204, 6, 2, 30, 110, 98, 234, 128, 231, 1, 38, 148, 5, 180, 105, 180, 59, 28, 124, 45, 168, 16, 8, 166, 14, 12, 240, 157, 50, 244, 106, 56, 118, 188, 174, 206, 23, 235, 202, 236, 171, 159, 6, 14, 43, 208, 17, 50, 95, 148, 146, 4, 94, 29, 206, 200, 155, 146, 182, 186, 51, 98, 185, 9, 206, 141, 75, 193, 163, 142, 14, 135, 189, 27, 119, 240, 150, 210, 156, 148, 20, 193, 252, 3, 201, 151, 203, 197, 184, 23, 255, 178, 16, 215, 200, 202, 74, 222, 191, 7, 210, 161, 61, 31, 117, 233, 189, 198, 194, 200, 106, 36, 95, 144, 88, 14, 66, 108, 129, 148, 232, 80, 52, 162, 136, 251, 57, 200, 210, 238, 229, 69, 72, 138, 117, 217, 209, 182, 211, 125, 162, 122, 27, 59, 43, 212, 148, 43, 93, 194, 127, 191, 214, 86, 254, 82, 168, 208, 84, 126, 253, 146, 176, 149, 253, 143, 81, 173, 11, 171, 123, 196, 235, 109, 47, 185, 73, 235, 54, 36, 14, 83, 164, 75, 49, 56, 79, 236, 204, 116, 114, 53, 146, 141, 68, 236, 171, 57, 191, 243, 92, 158, 246, 60, 48, 102, 168, 126, 244, 73, 6, 39, 19, 48, 220, 123, 178, 227, 12, 142, 215, 20, 35, 230, 156, 92, 145, 136, 83, 184, 207, 255, 57, 17, 52, 27, 207, 130, 32, 247, 69, 175, 186, 43, 111, 250, 217, 62, 162, 95, 8, 100, 252, 214, 232, 35, 49, 159, 236, 158, 177, 33, 205, 166, 159, 119, 73, 253, 204, 211, 11, 229, 88, 91, 134, 40, 241, 176, 230, 173, 213, 13, 205, 223, 198, 241, 43, 97, 67, 138, 200, 182, 113, 66, 160, 77, 12, 235, 107, 113, 152, 145, 198, 202, 205, 37, 252, 34, 223, 233, 255, 76, 82, 92, 71, 81, 32, 163, 2, 192, 113, 253, 90, 254, 179, 73, 32, 7, 120, 100, 52, 146, 167, 10, 210, 180, 108, 82, 182, 20, 154, 48, 183, 102, 102, 212, 82, 14, 213, 21, 80, 180, 45, 188, 247, 201, 75, 173, 168, 15, 66, 171, 213, 209, 40, 81, 154, 189, 24, 70, 203, 5, 87, 96, 210, 94, 41, 42, 51, 48, 3, 8, 80, 210, 107, 167, 202, 203, 24, 100, 97, 73, 85, 231, 87, 66, 135, 114, 132, 20, 27, 71, 249, 29, 70, 89, 104, 222, 44, 227, 75, 60, 246, 252, 181, 125, 204, 20, 67, 170, 61, 171, 209, 124, 204, 196, 197, 140, 226, 61, 189, 57, 30, 97, 232, 39, 80, 211, 251, 126, 83, 103, 56, 140, 1, 195, 246, 128, 18, 179, 208, 9, 148, 172, 86, 190, 239, 88, 94, 136, 113, 174, 46, 107, 241, 154, 92, 33, 108, 84, 42, 193, 141, 64, 190, 6, 72, 3, 114, 191, 41, 178, 4, 242, 96, 80, 59, 79, 224, 229, 53, 228, 230, 244, 45, 240, 126, 40, 12, 41, 152, 206, 37, 222, 192, 219, 217, 122, 25, 168, 106, 55, 255, 12, 19, 98, 27, 234, 82, 2, 80, 97, 46, 222, 147, 179, 22, 41, 23, 196, 200, 28, 134, 105, 175, 100, 65, 252, 92, 151, 109, 53, 46, 115, 4, 235, 93, 32, 15, 19, 212, 85, 58, 100, 241, 176, 249, 177, 232, 31, 194, 43, 92, 46, 124, 101, 213, 25, 58, 227, 66, 102, 87, 84, 217, 191, 217, 12, 255, 168, 96, 81, 254, 202, 89, 145, 119, 13, 122, 46, 72, 213, 231, 135, 85, 12, 9, 253, 248, 187, 60, 70, 180, 65, 179, 123, 184, 128, 66, 55, 137, 255, 241, 132, 231, 165, 119, 82, 44, 34, 8, 186, 64, 168, 145, 198, 101, 31, 67, 125, 80, 83, 76, 39, 197, 213, 181, 112, 27, 96, 4, 101, 63, 195, 21, 117, 237, 162, 223, 29, 71, 28, 68, 84, 254, 103, 25, 160, 251, 20, 102, 217, 19, 194, 175, 238, 112, 64, 180, 45, 135, 147, 162, 30, 154, 234, 140, 231, 177, 187, 148, 104, 195, 95, 30, 179, 5, 10, 102, 36, 240, 21, 136, 185, 96, 0, 2, 161, 230, 19, 64, 0, 173, 116, 63, 220, 58, 212, 76, 104, 73, 254, 164, 121, 252, 246, 194, 209, 3, 23, 114, 99, 136, 5, 31, 147, 86, 159, 84, 84, 246, 177, 56, 70, 72, 199, 18, 78, 203, 27, 35, 212, 8, 180, 19, 43, 190, 171, 118, 71, 213, 159, 198, 207, 89, 33, 81, 90, 218, 58, 213, 143, 80, 139, 185, 15, 91, 32, 180, 99, 143, 206, 224, 68, 59, 74, 160, 169, 93, 46, 11, 216, 190, 47, 72, 147, 254, 11, 103, 255, 127, 124, 179, 177, 182, 234, 166, 27, 37, 139, 182, 94, 121, 185, 164, 16, 14, 50, 18, 115, 108, 86, 243, 63, 192, 148, 199, 224, 161, 9, 185, 219, 109, 74, 115, 226, 73, 13, 52, 103, 109, 121, 234, 49, 124, 211, 132, 177, 123, 37, 71, 172, 221, 109, 50, 6, 209, 23, 134, 158, 20, 22, 174, 240, 187, 35, 234, 31, 15, 117, 19, 245, 121, 244, 70, 19, 166, 233, 211, 75, 186, 231, 117, 65, 254, 104, 203, 205, 202, 167, 33, 232, 253, 10, 10, 31, 65, 22, 94, 79, 61, 245, 153, 67, 26, 216, 158, 111, 251, 167, 183, 244, 70, 244, 169, 167, 214, 116, 107, 141, 41, 221, 206, 179, 77, 30, 105, 222, 88, 48, 82, 134, 198, 164, 95, 227, 238, 240, 2, 27, 193, 105, 153, 141, 214, 65, 235, 152, 14, 110, 159, 250, 239, 40, 133, 136, 59, 17, 249, 139, 46, 22, 65, 185, 77, 57, 109, 102, 150, 205, 228, 126, 209, 245, 216, 14, 116, 97, 219, 148, 74, 148, 99, 147, 250, 224, 18, 113, 32, 22, 167, 181, 255, 154, 28, 84, 7, 22, 59, 221, 131, 106, 14, 185, 28, 160, 103, 146, 173, 47, 89, 95, 87, 60, 138, 85, 111, 187, 132, 148, 213, 13, 218, 140, 34, 225, 117, 126, 170, 50, 243, 234, 101, 150, 217, 179, 209, 193, 175, 181, 118, 78, 252, 6, 67, 145, 151, 79, 64, 187, 62, 236, 4, 48, 23, 169, 64, 169, 235, 29, 121, 23, 246, 203, 186, 250, 18, 171, 105, 154, 133, 212, 252, 36, 234, 222, 200, 85, 246, 168, 44, 149, 58, 171, 52, 25, 4, 11, 121, 136, 183, 135, 127, 242, 71, 188, 250, 103, 77, 65, 175, 214, 221, 137, 2, 137, 118, 217, 247, 170, 7, 79, 58, 108, 77, 197, 3, 33, 214, 22, 162, 68, 118, 220, 133, 97, 14, 119, 250, 157, 150, 41, 83, 89, 73, 59, 48, 4, 186, 125, 21, 154, 94, 210, 139, 9, 160, 186, 253, 19, 244, 202, 233, 138, 60, 13, 103, 201, 36, 31, 205, 149, 106, 121, 70, 71, 95, 223, 29, 185, 106, 97, 123, 240, 102, 69, 252, 181, 223, 2, 217, 3, 25, 103, 130, 91, 36, 2, 68, 100, 7, 170, 8, 86, 68, 139, 81, 84, 104, 249, 217, 123, 75, 241, 66, 12, 104, 105, 92, 45, 241, 122, 30, 45, 67, 219, 79, 212, 194, 33, 92, 195, 51, 60, 85, 62, 255, 180, 32, 108, 163, 235, 108, 225, 139, 94, 6, 162, 57, 59, 135, 188, 193, 108, 79, 28, 104, 224, 189, 6, 90, 201, 43, 195, 146, 48, 165, 46, 124, 31, 83, 47, 120, 62, 218, 206, 3, 212, 153, 82, 110, 156, 198, 244, 206, 139, 158, 11, 99, 209, 83, 233, 142, 230, 95, 92, 56, 91, 128, 145, 27, 141, 124, 144, 79, 210, 157, 43, 89, 9, 179, 255, 25, 205, 103, 12, 140, 227, 227, 26, 42, 54, 208, 186, 78, 232, 227, 15, 250, 215, 106, 64, 23, 52, 48, 111, 130, 55, 245, 153, 102, 165, 72, 159, 77, 188, 179, 216, 37, 156, 226, 6, 7, 39, 136, 102, 162, 150, 17, 117, 168, 133, 119, 35, 122, 219, 170, 102, 184, 12, 215, 141, 224, 221, 189, 117, 221, 28, 145, 45, 46, 142, 207, 12, 110, 121, 218, 47, 25, 94, 185, 215, 202, 42, 248, 66, 206, 160, 55, 244, 57, 52, 34, 255, 103, 193, 29, 4, 163, 163, 217, 44, 239, 206, 137, 7, 110, 110, 162, 113, 174, 242, 172, 89, 186, 65, 235, 152, 208, 89, 171, 229, 77, 74, 213, 161, 172, 235, 247, 156, 91, 164, 14, 237, 0, 115, 77, 20, 48, 199, 92, 116, 135, 46, 254, 48, 3, 134, 74, 33, 108, 45, 39, 122, 26, 176, 61, 8, 80, 40, 95, 103, 14, 15, 218, 53, 223, 222, 93, 37, 228, 184, 60, 74, 125, 9, 240, 243, 155, 162, 20, 147, 49, 251, 88, 10, 23, 241, 140, 63, 170, 240, 184, 114, 108, 182, 182, 114, 204, 200, 182, 28, 177, 135, 44, 198, 114, 161, 119, 37, 235, 134, 35, 221, 15, 64, 147, 5, 126, 109, 163, 3, 55, 14, 110, 104, 62, 63, 186, 173, 209, 74, 66, 0, 15, 199, 228, 127, 21, 53, 251, 117, 151, 101, 85, 190, 72, 126, 57, 127, 4, 149, 195, 13, 244, 14, 110, 160, 71, 247, 181, 214, 223, 96, 51, 25, 208, 179, 41, 77, 139, 254, 56, 188, 175, 163, 75, 90, 16, 63, 157, 232, 84, 9, 203, 157, 60, 222, 147, 83, 253, 198, 249, 136, 28, 27, 6, 5, 245, 161, 212, 24, 130, 146, 244, 204, 8, 185, 103, 148, 98, 210, 86, 235, 130, 59, 152, 186, 57, 197, 36, 91, 236, 228, 250, 27, 37, 123, 152, 45, 35, 153, 88, 252, 209, 19, 3, 74, 84, 201, 0, 84, 155, 202, 167, 56, 219, 247, 125, 56, 212, 221, 72, 200, 28, 167, 30, 52, 80, 60, 172, 20, 197, 62, 242, 194, 56, 217, 220, 221, 15, 33, 92, 180, 96, 126, 50, 27, 174, 71, 117, 213, 208, 71, 11, 22, 146, 110, 57, 89, 177, 20, 237, 6, 79, 1, 178, 8, 95, 59, 37, 245, 148, 170, 218, 235, 112, 131, 84, 5, 43, 81, 199, 163, 123, 207, 51, 240, 24, 131, 129, 70, 220, 212, 78, 35, 66, 124, 224, 112, 211, 184, 177, 55, 178, 92, 184, 223, 228, 30, 87, 219, 184, 206, 226, 160, 165, 94, 97, 178, 167, 250, 79, 211, 86, 15, 148, 40, 229, 19, 146, 33, 22, 212, 155, 214, 76, 66, 61, 39, 167, 229, 105, 208, 27, 238, 181, 166, 249, 45, 179, 225, 165, 251, 124, 152, 242, 160, 252, 1, 57, 26, 38, 186, 42, 180, 1, 35, 221, 230, 214, 195, 103, 138, 253, 12, 64, 18, 223, 17, 113, 170, 24, 121, 136, 199, 226, 242, 0, 211, 209, 2, 159, 48, 221, 229, 34, 50, 121, 32, 223, 110, 52, 83, 120, 237, 156, 129, 228, 134, 50, 60, 126, 153, 28, 14, 216, 88, 98, 121, 37, 174, 62, 11, 50, 122, 88, 139, 227, 29, 162, 22, 145, 7, 246, 71, 22, 110, 54, 249, 75, 240, 12, 183, 131, 82, 32, 189, 184, 70, 15, 167, 75, 169, 227, 45, 89, 150, 89, 52, 218, 151, 42, 62, 46, 88, 173, 179, 55, 139, 156, 139, 219, 22, 221, 36, 137, 9, 216, 4, 58, 215, 69, 3, 240, 24, 52, 43, 198, 24, 228, 73, 91, 66, 226, 4, 30, 190, 53, 66, 191, 156, 96, 151, 122, 198, 193, 158, 158, 73, 237, 19, 59, 11, 134, 47, 85, 198, 133, 12, 92, 105, 52, 15, 74, 82, 155, 146, 176, 181, 32, 184, 195, 44, 147, 35, 192, 2, 139, 154, 108, 37, 117, 46, 35, 82, 174, 222, 143, 31, 36, 7, 200, 114, 179, 171, 145, 203, 232, 48, 251, 106, 53, 186, 121, 11, 43, 212, 221, 61, 118, 71, 143, 129, 170, 204, 64, 105, 7, 183, 3, 234, 179, 42, 92, 131, 53, 74, 16, 158, 231, 143, 239, 52, 92, 50, 211, 105, 110, 23, 61, 112, 255, 39, 218, 82, 86, 146, 163, 79, 2, 28, 209, 188, 245, 2, 194, 217, 13, 133, 208, 211, 201, 230, 146, 62, 145, 134, 102, 229, 225, 85, 84, 173, 235, 2, 209, 233, 114, 184, 30, 179, 157, 237, 162, 213, 42, 44, 226, 37, 57, 147, 108, 88, 90, 58, 247, 228, 21, 63, 220, 5, 225, 31, 76, 10, 157, 165, 0, 61, 131, 136, 165, 32, 198, 94, 87, 247, 69, 28, 29, 114, 159, 155, 101, 177, 253, 250, 75, 180, 154, 240, 143, 255, 213, 65, 226, 29, 231, 21, 112, 167, 47, 64, 168, 66, 166, 9, 161, 83, 226, 6, 214, 67, 98, 43, 111, 185, 214, 197, 225, 42, 154, 140, 137, 175, 105, 77, 37, 85, 255, 8, 209, 236, 59, 117, 71, 101, 3, 127, 168, 154, 187, 43, 203, 131, 41, 61, 109, 7, 15, 83, 85, 51, 251, 179, 31, 38, 112, 149, 204, 214, 107, 209, 66, 165, 171, 191, 121, 179, 86, 65, 165, 97, 228, 4, 124, 10, 238, 211, 132, 50, 158, 82, 253, 107, 234, 237, 139, 132, 199, 160, 66, 111, 180, 120, 120, 38, 165, 194, 67, 79, 96, 156, 74, 181, 127, 14, 160, 46, 185, 8, 189, 45, 185, 152, 232, 90, 180, 45, 111, 222, 32, 85, 107, 112, 3, 218, 218, 201, 30, 178, 15, 29, 112, 77, 37, 105, 10, 1, 133, 177, 207, 2, 241, 78, 40, 5, 105, 196, 146, 78, 200, 85, 110, 56, 74, 155, 243, 173, 227, 58, 219, 15, 136, 114, 183, 64, 174, 175, 3, 38, 53, 238, 11, 189, 64, 198, 118, 69, 55, 6, 212, 241, 34, 47, 250, 191, 105, 51, 96, 91, 225, 133, 105, 151, 147, 110, 223, 86, 35, 215, 124, 11, 253, 190, 116, 59, 197, 158, 184, 123, 7, 38, 215, 139, 54, 141, 104, 57, 24, 255, 113, 161, 123, 51, 118, 240, 147, 138, 3, 99, 213, 68, 128, 33, 131, 211, 46, 69, 103, 208, 88, 159, 154, 133, 180, 120, 21, 173, 87, 151, 165, 46, 185, 95, 159, 108, 109, 153, 56, 208, 190, 90, 170, 72, 222, 8, 153, 29, 100, 169, 79, 136, 210, 77, 198, 200, 35, 189, 30, 14, 238, 173, 238, 196, 19, 126, 191, 81, 103, 55, 215, 113, 125, 30, 235, 62, 14, 26, 203, 152, 116, 8, 0, 1, 120, 169, 192, 16, 112, 239, 110, 93, 159, 6, 102, 174, 133, 172, 173, 84, 220, 45, 144, 183, 135, 148, 231, 110, 21, 28, 154, 45, 226, 249, 95, 224, 223, 177, 94, 39, 222, 81, 166, 224, 232, 248, 195, 214, 223, 9, 171, 188, 33, 30, 219, 233, 14, 30, 128, 151, 115, 5, 187, 97, 229, 214, 255, 137, 178, 52, 142, 141, 134, 88, 81, 83, 127, 231, 77, 31, 157, 58, 84, 109, 110, 245, 191, 58, 25, 48, 82, 74, 67, 35, 12, 99, 225, 3, 154, 155, 100, 0, 186, 44, 100, 67, 158, 125, 227, 255, 169, 245, 156, 59, 171, 46, 166, 108, 166, 215, 240, 193, 111, 178, 17, 16, 102, 238, 57, 123, 22, 206, 88, 200, 172, 68, 72, 250, 194, 86, 93, 123, 93, 237, 190, 57, 131, 57, 168, 45, 43, 154, 197, 33, 187, 216, 170, 19, 50, 34, 137, 206, 13, 182, 200, 134, 214, 233, 19, 211, 101, 56, 45, 99, 99, 138, 154, 224, 223, 157, 114, 15, 219, 32, 161, 114, 10, 55, 127, 43, 35, 113, 249, 156, 74, 44, 193, 84, 88, 5, 106, 248, 33, 193, 90, 32, 54, 148, 24, 89, 80, 67, 182, 189, 209, 201, 129, 48, 148, 18, 28, 45, 21, 214, 178, 152, 43, 164, 213, 17, 252, 139, 117, 176, 209, 69, 100, 192, 250, 24, 100, 179, 120, 157, 236, 96, 54, 0, 193, 52, 214, 183, 16, 32, 209, 118, 114, 99, 233, 182, 98, 43, 28, 97, 210, 23, 50, 184, 0, 186, 137, 97, 17, 192, 56, 150, 218, 161, 30, 160, 245, 88, 6, 123, 117, 8, 239, 116, 8, 8, 235, 213, 220, 184, 171, 219, 148, 204, 177, 117, 135, 91, 120, 229, 228, 80, 35, 90, 161, 121, 175, 239, 190, 144, 31, 27, 125, 16, 213, 226, 172, 237, 123, 150, 166, 125, 248, 228, 192, 87, 121, 168, 119, 9, 218, 188, 107, 250, 121, 81, 129, 88, 222, 202, 138, 187, 14, 248, 30, 5, 137, 251, 90, 155, 138, 20, 53, 66, 60, 205, 171, 121, 101, 154, 159, 45, 45, 173, 30, 227, 153, 108, 123, 4, 109, 172, 132, 135, 222, 59, 138, 9, 32, 192, 128, 78, 202, 114, 69, 133, 192, 122, 145, 51, 177, 44, 124, 143, 36, 25, 13, 81, 69, 126, 119, 148, 28, 210, 84, 192, 44, 181, 220, 14, 136, 237, 221, 129, 242, 54, 253, 82, 124, 195, 101, 250, 220, 240, 149, 237, 247, 199, 133, 86, 46, 25, 105, 142, 169, 47, 52, 3, 168, 84, 233, 41, 200, 131, 68, 113, 62, 178, 6, 181, 36, 162, 110, 35, 60, 229, 240, 50, 35, 128, 173, 31, 90, 228, 22, 98, 230, 194, 162, 105, 189, 222, 74, 35, 8, 243, 80, 150, 56, 171, 15, 203, 99, 89, 215, 134, 143, 171, 42, 19, 6, 40, 100, 153, 42, 95, 84, 163, 38, 48, 154, 223, 224, 74, 94, 2, 146, 115, 175, 235, 99, 134, 52, 45, 194, 31, 254, 29, 165, 154, 82, 74, 116, 65, 194, 123, 189, 209, 173, 109, 72, 41, 49, 199, 142, 79, 57, 9, 10, 163, 37, 68, 183, 27, 3, 7, 226, 79, 168, 238, 74, 50, 42, 61, 121, 233, 151, 95, 23, 216, 1, 138, 154, 150, 100, 102, 62, 116, 36, 12, 22, 224, 153, 88, 208, 59, 242, 223, 198, 204, 183, 72, 29, 40, 8, 199, 205, 102, 7, 57, 31, 206, 244, 155, 243, 203, 200, 23, 121, 150, 173, 5, 144, 31, 134, 221, 232, 165, 112, 215, 13, 70, 206, 33, 3, 96, 218, 149, 143, 231, 2, 195, 209, 36, 161, 40, 74, 149, 136, 30, 132, 11, 220, 33, 46, 246, 228, 69, 15, 76, 98, 100, 212, 223, 96, 212, 53, 35, 208, 90, 129, 79, 16, 204, 248, 201, 175, 216, 32, 193, 167, 222, 117, 255, 72, 10, 20, 186, 152, 224, 227, 13, 18, 68, 169, 94, 36, 157, 77, 180, 153, 183, 23, 153, 169, 44, 57, 112, 146, 167, 79, 154, 139, 222, 212, 118, 109, 16, 36, 217, 141, 227, 185, 40, 1, 224, 100, 202, 154, 44, 230, 123, 174, 118, 222, 121, 222, 101, 215, 150, 133, 74, 173, 107, 231, 249, 191, 18, 145, 3, 5, 40, 111, 121, 27, 10, 206, 133, 175, 144, 11, 241, 246, 222, 75, 211, 53, 219, 144, 75, 249, 92, 83, 79, 28, 242, 33, 169, 88, 178, 93, 16, 129, 59, 165, 208, 10, 131, 224, 172, 82, 124, 47, 50, 187, 61, 255, 175, 17, 243, 89, 42, 122, 101, 2, 112, 199, 71, 171, 84, 177, 200, 21, 13, 206, 164, 42, 91, 106, 224, 109, 253, 106, 206, 57, 17, 126, 214, 54, 75, 38, 229, 80, 171, 54, 200, 21, 247, 63, 157, 91, 152, 168, 31, 123, 24, 20, 100, 40, 158, 56, 1, 235, 116, 247, 61, 180, 131, 187, 160, 173, 108, 134, 250, 235, 120, 217, 179, 214, 218, 4, 101, 75, 176, 203, 76, 36, 35, 173, 136, 86, 146, 108, 31, 251, 191, 234, 69, 145, 76, 113, 224, 244, 203, 89, 56, 52, 130, 47, 248, 207, 142, 4, 139, 220, 236, 162, 18, 198, 16, 200, 130, 107, 21, 94, 231, 59, 168, 68, 77, 99, 84, 92, 52, 146, 181, 217, 64, 136, 132, 108, 163, 187, 82, 39, 25, 4, 191, 148, 205, 102, 4, 126, 19, 39, 107, 246, 126, 40, 56, 74, 225, 210, 19, 109, 124, 211, 137, 44, 250, 87, 62, 195, 121, 71, 55, 222, 151, 173, 90, 237, 246, 34, 6, 63, 0, 217, 214, 101, 97, 21, 174, 228, 28, 202, 217, 185, 196, 170, 2, 34, 104, 122, 93, 252, 179, 216, 162, 41, 117, 78, 8, 137, 128, 41, 30, 131, 35, 195, 249, 224, 47, 226, 168, 127, 20, 80, 133, 95, 96, 68, 1, 219, 13, 144, 64, 198, 162, 116, 218, 234, 131, 202, 6, 220, 5, 102, 13, 118, 35, 62, 183, 67, 48, 209, 36, 32, 123, 233, 152, 112, 170, 89, 183, 254, 171, 7, 51, 141, 160, 98, 86, 78, 25, 110, 52, 122, 67, 224, 36, 255, 193, 243, 149, 100, 4, 3, 96, 157, 136, 91, 91, 192, 138, 202, 76, 90, 27, 224, 122, 213, 33, 56, 98, 250, 96, 71, 19, 12, 207, 41, 29, 103, 25, 2, 14, 195, 145, 57, 58, 120, 129, 248, 154, 244, 35, 74, 223, 63, 140, 245, 198, 145, 48, 4, 224, 56, 166, 95, 35, 65, 133, 138, 47, 123, 229, 9, 42, 171, 26, 246, 247, 116, 94, 109, 22, 236, 241, 138, 110, 164, 198, 250, 102, 237, 202, 125, 13, 137, 196, 149, 12, 109, 162, 108, 42, 191, 183, 86, 120, 153, 155, 28, 200, 17, 166, 212, 9, 163, 79, 110, 206, 161, 102, 128, 95, 123, 220, 48, 139, 164, 34, 71, 132, 213, 222, 109, 34, 123, 97, 77, 37, 40, 22, 28, 255, 134, 85, 219, 71, 127, 177, 190, 193, 214, 45, 136, 61, 176, 217, 89, 181, 127, 200, 20, 200, 96, 131, 167, 45, 92, 2, 108, 4, 252, 91, 67, 96, 138, 210, 135, 194, 99, 64, 130, 55, 21, 199, 13, 179, 59, 158, 28, 39, 206, 115, 34, 103, 175, 92, 90, 5, 27, 116, 118, 231, 163, 208, 80, 80, 90, 135, 175, 155, 246, 83, 51, 170, 189, 64, 31, 86, 231, 199, 87, 103, 217, 173, 13, 225, 88, 87, 144, 45, 40, 10, 72, 189, 126, 67, 160, 220, 138, 10, 95, 101, 236, 233, 100, 168, 130, 251, 232, 10, 131, 6, 242, 160, 135, 189, 116, 31, 249, 174, 223, 5, 52, 91, 106, 121, 29, 52, 204, 49, 68, 236, 97, 8, 78, 18, 185, 171, 92, 230, 23, 228, 130, 170, 125, 109, 251, 180, 150, 50, 221, 83, 156, 24, 219, 123, 97, 5, 65, 90, 120, 23, 148, 109, 60, 145, 100, 203, 233, 101, 164, 71, 47, 30, 0, 7, 253, 179, 216, 15, 219, 148, 34, 115, 59, 8, 74, 92, 142, 59, 218, 105, 231, 138, 133, 98, 226, 110, 90, 9, 82, 99, 91, 15, 188, 185, 215, 52, 125, 196, 244, 16, 199, 49, 10, 4, 211, 40, 235, 58, 2, 94, 140, 57, 232, 220, 46, 81, 224, 230, 153, 119, 60, 117, 174, 215, 98, 26, 244, 11, 75, 24, 141, 159, 216, 20, 71, 75, 3, 3, 27, 33, 245, 81, 12, 96, 118, 181, 49, 182, 223, 123, 65, 126, 127, 208, 144, 22, 26, 119, 116, 144, 48, 17, 109, 55, 98, 80, 35, 200, 154, 7, 54, 90, 172, 201, 56, 101, 186, 220, 169, 205, 147, 157, 107, 201, 141, 39, 194, 157, 57, 176, 24, 173, 72, 87, 39, 105, 162, 0, 189, 3, 95, 44, 95, 24, 223, 132, 179, 98, 111, 37, 132, 111, 143, 58, 70, 244, 98, 48, 68, 227, 76, 183, 96, 196, 60, 168, 123, 231, 193, 117, 82, 56, 207, 24, 198, 56, 85, 183, 134, 252, 62, 12, 102, 59, 166, 190, 41, 251, 34, 199, 252, 18, 61, 33, 98, 173, 212, 79, 65, 208, 108, 210, 192, 102, 158, 20, 110, 247, 212, 164, 243, 193, 171, 90, 28, 212, 147, 20, 241, 112, 67, 22, 84, 239, 225, 94, 115, 194, 227, 227, 115, 224, 240, 83, 251, 54, 207, 0, 65, 206, 234, 81, 242, 20, 209, 190, 132, 250, 193, 31, 71, 49, 17, 96, 154, 133, 234, 86, 144, 213, 202, 9, 151, 91, 25, 86, 187, 56, 174, 38, 18, 212, 240, 48, 152, 170, 7, 96, 172, 226, 107, 209, 241, 67, 39, 213, 103, 144, 88, 159, 192, 32, 70, 138, 113, 249, 68, 218, 147, 183, 108, 20, 236, 24, 132, 5, 98, 42, 113, 59, 175, 199, 0, 219, 14, 22, 13, 84, 155, 152, 179, 25, 142, 28, 32, 165, 116, 225, 228, 168, 51, 196, 73, 44, 148, 70, 152, 98, 130, 197, 209, 193, 197, 145, 132, 123, 198, 74, 79, 31, 240, 94, 162, 31, 174, 177, 75, 83, 73, 182, 124, 87, 126, 103, 32, 33, 184, 14, 50, 137, 29, 35, 195, 194, 108, 217, 92, 145, 150, 27, 110, 96, 109, 66, 26, 34, 208, 55, 211, 224, 145, 172, 133, 77, 60, 221, 219, 18, 29, 191, 56, 251, 65, 184, 70, 42, 223, 27, 169, 246, 63, 156, 139, 214, 127, 211, 41, 118, 235, 14, 94, 49, 148, 29, 197, 127, 33, 68, 144, 16, 169, 210, 30, 145, 95, 131, 85, 204, 20, 36, 162, 155, 107, 107, 187, 99, 3, 144, 176, 117, 205, 196, 73, 35, 119, 161, 222, 214, 153, 171, 141, 36, 45, 160, 206, 116, 206, 49, 114, 232, 116, 191, 32, 6, 180, 177, 7, 55, 129, 192, 43, 206, 12, 118, 18, 178, 112, 207, 108, 104, 60, 149, 96, 7, 96, 102, 230, 214, 33, 128, 45, 243, 231, 89, 60, 99, 225, 99, 188, 0, 28, 78, 194, 112, 22, 199, 178, 232, 173, 7, 205, 170, 73, 125, 160, 20, 43, 146, 67, 220, 205, 124, 253, 13, 39, 1, 108, 56, 72, 92, 108, 111, 36, 204, 145, 241, 11, 90, 105, 20, 155, 76, 22, 193, 207, 251, 109, 16, 5, 254, 170, 129, 21, 172, 69, 55, 25, 92, 223, 51, 129, 167, 81, 111, 204, 252, 151, 157, 80, 234, 66, 193, 116, 253, 75, 96, 189, 150, 209, 22, 233, 109, 23, 197, 147, 28, 151, 74, 36, 238, 118, 189, 71, 245, 154, 172, 82, 195, 31, 63, 203, 10, 199, 60, 206, 22, 193, 79, 212, 244, 196, 17, 140, 33, 247, 178, 54, 67, 194, 26, 6, 83, 128, 223, 103, 196, 124, 89, 2, 138, 22, 234, 63, 78, 239, 23, 239, 135, 141, 214, 74, 44, 215, 10, 107, 194, 164, 207, 75, 77, 103, 34, 50, 185, 174, 134, 249, 49, 248, 26, 218, 192, 50, 189, 64, 235, 250, 205, 162, 222, 228, 46, 102, 218, 226, 5, 155, 153, 109, 14, 12, 98, 225, 81, 171, 143, 34, 159, 220, 111, 16, 67, 101, 237, 222, 211, 0, 178, 252, 7, 223, 66, 144, 80, 236, 3, 168, 31, 91, 56, 132, 76, 61, 60, 15, 101, 206, 12, 83, 154, 51, 180, 178, 221, 71, 71, 23, 50, 28, 220, 180, 49, 220, 143, 20, 220, 49, 225, 93, 14, 91, 52, 200, 25, 253, 104, 242, 45, 72, 27, 39, 169, 35, 121, 253, 251, 18, 145, 123, 218, 114, 158, 114, 22, 53, 50, 77, 134, 190, 64, 231, 10, 6, 114, 24, 2, 68, 181, 107, 31, 134, 71, 183, 204, 132, 238, 128, 232, 48, 46, 251, 222, 61, 126, 159, 232, 243, 214, 175, 150, 125, 247, 182, 16, 172, 169, 203, 6, 154, 172, 243, 139, 35, 127, 14, 117, 47, 110, 233, 5, 240, 31, 231, 136, 161, 153, 48, 92, 39, 154, 207, 215, 173, 96, 198, 40, 90, 26, 45, 118, 37, 211, 190, 27, 158, 206, 183, 116, 146, 251, 191, 217, 188, 232, 224, 156, 251, 10, 195, 80, 0, 83, 225, 55, 152, 207, 104, 14, 28, 110, 227, 216, 139, 47, 123, 213, 230, 245, 139, 114, 238, 62, 66, 67, 9, 47, 104, 37, 54, 225, 227, 92, 162, 184, 32, 216, 177, 139, 127, 20, 39, 144, 76, 236, 198, 38, 250, 17, 188, 202, 127, 234, 21, 77, 201, 134, 106, 135, 127, 17, 159, 46, 255, 140, 45, 75, 57, 85, 123, 8, 73, 12, 207, 16, 190, 95, 243, 128, 113, 17, 198, 99, 87, 75, 147, 72, 10, 251, 7, 42, 229, 19, 143, 108, 149, 106, 147, 30, 152, 1, 177, 152, 243, 19, 91, 235, 92, 211, 26, 216, 214, 67, 167, 76, 205, 74, 56, 149, 68, 107, 168, 158, 22, 0, 6, 71, 191, 73, 99, 190, 42, 148, 117, 224, 137, 2, 66, 252, 186, 101, 61, 48, 125, 70, 14, 13, 9, 15, 206, 80, 248, 44, 107, 23, 158, 58, 61, 54, 70, 67, 255, 89, 71, 164, 24, 183, 39, 35, 173, 126, 203, 79, 137, 125, 184, 130, 65, 125, 217, 232, 209, 161, 145, 167, 176, 99, 178, 103, 185, 194, 129, 160, 191, 163, 226, 3, 150, 51, 146, 44, 43, 80, 118, 41, 55, 124, 76, 0, 47, 11, 41, 241, 165, 73, 150, 84, 225, 97, 194, 187, 92, 148, 128, 36, 253, 123, 148, 9, 97, 1, 31, 35, 112, 175, 153, 172, 4, 218, 177, 99, 166, 101, 62, 104, 194, 129, 52, 77, 23, 51, 215, 30, 9, 246, 253, 162, 146, 161, 4, 72, 91, 209, 10, 16, 122, 130, 145, 42, 221, 23, 8, 74, 138, 186, 118, 128, 190, 42, 193, 76, 20, 239, 153, 192, 216, 80, 6, 46, 160, 0, 106, 69, 243, 17, 64, 28, 104, 219, 114, 183, 52, 122, 99, 16, 126, 77, 231, 52, 238, 252, 108, 138, 141, 222, 167, 109, 124, 4, 40, 60, 155, 6, 53, 113, 135, 32, 111, 14, 155, 1, 74, 140, 57, 206, 87, 239, 168, 237, 61, 76, 185, 2, 55, 80, 72, 225, 88, 208, 175, 36, 29, 72, 237, 180, 93, 211, 186, 244, 74, 33, 173, 180, 26, 224, 10, 243, 33, 121, 67, 95, 212, 56, 127, 148, 18, 244, 98, 82, 123, 74, 63, 24, 250, 27, 54, 71, 203, 29, 152, 53, 47, 9, 114, 229, 132, 69, 157, 187, 103, 238, 236, 241, 231, 39, 169, 231, 66, 87, 230, 60, 212, 52, 133, 134, 94, 27, 12, 200, 202, 94, 14, 209, 113, 18, 123, 148, 105, 51, 62, 0, 111, 152, 144, 122, 248, 14, 128, 212, 12, 234, 200, 45, 42, 101, 236, 62, 89, 246, 228, 134, 226, 251, 43, 26, 89, 5, 29, 24, 1, 230, 136, 218, 161, 93, 96, 14, 101, 108, 219, 207, 12, 227, 42, 65, 18, 20, 26, 114, 134, 153, 192, 129, 77, 35, 71, 107, 14, 26, 186, 10, 90, 31, 71, 75, 20, 168, 251, 201, 151, 250, 220, 40, 194, 93, 96, 129, 47, 132, 73, 214, 71, 131, 141, 171, 209, 207, 148, 56, 221, 24, 5, 68, 119, 154, 126, 223, 47, 52, 13, 188, 11, 175, 48, 247, 207, 242, 25, 136, 45, 137, 205, 73, 31, 174, 113, 214, 88, 3, 160, 251, 227, 17, 159, 65, 110, 202, 162, 19, 48, 12, 219, 76, 171, 139, 59, 180, 23, 117, 51, 89, 242, 145, 223, 2, 36, 52, 91, 178, 99, 141, 161, 127, 222, 8, 62, 79, 152, 199, 30, 209, 53, 49, 135, 17, 242, 150, 61, 84, 126, 148, 83, 133, 38, 129, 31, 254, 218, 79, 240, 76, 13, 97, 213, 202, 216, 20, 242, 25, 217, 158, 118, 47, 156, 43, 98, 22, 212, 119, 182, 146, 73, 239, 189, 172, 146, 34, 166, 118, 132, 215, 181, 128, 148, 184, 185, 167, 122, 36, 227, 221, 153, 227, 65, 109, 145, 139, 121, 51, 88, 192, 203, 199, 54, 119, 247, 102, 199, 145, 42, 202, 235, 221, 141, 214, 223, 165, 191, 182, 219, 37, 7, 28, 129, 208, 43, 226, 9, 170, 157, 97, 180, 174, 30, 194, 57, 6, 214, 129, 51, 183, 114, 185, 100, 241, 254, 94, 12, 138, 89, 27, 241, 32, 189, 191, 213, 155, 246, 111, 248, 208, 73, 94, 16, 154, 33, 111, 42, 80, 160, 13, 220, 179, 54, 233, 189, 126, 124, 109, 157, 56, 123, 154, 233, 13, 135, 64, 119, 67, 231, 208, 254, 167, 87, 247, 185, 138, 45, 1, 158, 218, 15, 34, 252, 136, 111, 168, 18, 65, 166, 39, 219, 106, 61, 148, 207, 12, 141, 238, 168, 87, 157, 2, 231, 189, 94, 135, 44, 179, 241, 210, 199, 214, 17, 172, 180, 67, 230, 195, 117, 222, 172, 58, 136, 178, 145, 104, 49, 36, 189, 187, 67, 99, 219, 27, 230, 61, 75, 101, 182, 28, 248, 179, 24, 186, 220, 203, 74, 48, 184, 88, 62, 13, 115, 96, 245, 73, 80, 222, 105, 26, 15, 158, 172, 57, 194, 90, 203, 107, 78, 160, 66, 86, 235, 220, 2, 251, 124, 204, 195, 20, 32, 209, 42, 32, 157, 96, 187, 92, 89, 75, 115, 36, 46, 44, 36, 204, 112, 31, 84, 43, 98, 230, 251, 159, 30, 182, 163, 4, 219, 106, 243, 246, 140, 23, 237, 224, 181, 63, 12, 160, 235, 100, 98, 3, 233, 4, 19, 128, 228, 242, 0, 91, 40, 127, 83, 31, 90, 130, 219, 215, 108, 84, 221, 48, 8, 61, 235, 2, 35, 206, 12, 169, 65, 74, 21, 18, 150, 195, 159, 46, 83, 32, 77, 88, 58, 253, 169, 104, 161, 178, 37, 157, 147, 78, 26, 140, 150, 101, 246, 157, 109, 23, 72, 118, 212, 19, 210, 7, 116, 223, 209, 191, 222, 4, 42, 239, 183, 219, 192, 176, 109, 194, 191, 144, 236, 19, 31, 108, 216, 149, 74, 229, 3, 3, 86, 201, 171, 159, 167, 15, 149, 249, 114, 249, 53, 63, 58, 46, 46, 193, 88, 111, 172, 154, 95, 108, 197, 56, 249, 116, 14, 22, 61, 231, 244, 133, 223, 233, 72, 236, 106, 7, 194, 12, 209, 199, 231, 138, 65, 233, 11, 253, 32, 174, 53, 1, 176, 195, 140, 135, 5, 155, 12, 160, 5, 195, 182, 235, 113, 244, 145, 202, 10, 29, 245, 211, 113, 213, 7, 198, 170, 30, 189, 238, 208, 208, 51, 124, 107, 229, 57, 176, 17, 209, 110, 25, 143, 111, 151, 196, 156, 154, 118, 10, 188, 10, 182, 73, 158, 150, 243, 93, 216, 38, 103, 160, 177, 185, 169, 246, 101, 222, 252, 45, 135, 227, 74, 162, 218, 150, 166, 147, 25, 82, 55, 86, 121, 27, 134, 20, 175, 255, 32, 115, 3, 130, 71, 72, 245, 101, 139, 148, 161, 122, 122, 227, 182, 211, 137, 16, 232, 241, 107, 9, 241, 26, 238, 148, 188, 16, 113, 234, 32, 218, 100, 209, 179, 152, 52, 99, 45, 226, 192, 119, 183, 175, 8, 208, 140, 123, 151, 204, 253, 195, 254, 191, 2, 127, 74, 116, 15, 7, 132, 2, 160, 142, 79, 59, 69, 223, 94, 33, 183, 54, 63, 52, 194, 11, 199, 52, 213, 174, 194, 93, 251, 140, 228, 107, 161, 251, 108, 149, 78, 30, 103, 233, 77, 68, 74, 209, 5, 25, 132, 214, 19, 77, 107, 240, 159, 69, 79, 204, 222, 65, 174, 215, 32, 95, 51, 54, 133, 117, 62, 31, 63, 39, 141, 111, 115, 21, 173, 67, 97, 96, 246, 125, 192, 156, 239, 250, 232, 132, 66, 135, 215, 192, 186, 245, 12, 206, 105, 33, 50, 30, 10, 73, 44, 47, 62, 124, 109, 103, 177, 59, 241, 107, 129, 155, 156, 75, 189, 135, 87, 65, 239, 132, 186, 208, 112, 133, 149, 108, 121, 98, 38, 132, 235, 128, 230, 40, 180, 37, 182, 205, 238, 134, 165, 139, 41, 119, 58, 196, 67, 216, 253, 106, 242, 44, 169, 64, 58, 82, 39, 185, 172, 176, 189, 117, 247, 172, 218, 30, 142, 247, 223, 98, 61, 54, 102, 34, 120, 166, 220, 154, 30, 218, 104, 73, 109, 66, 134, 178, 82, 76, 94, 82, 192, 26, 55, 126, 146, 127, 56, 8, 243, 180, 222, 121, 182, 211, 85, 113, 205, 128, 134, 39, 241, 200, 178, 28, 86, 233, 193, 85, 108, 47, 252, 205, 88, 164, 113, 166, 167, 235, 191, 41, 62, 10, 37, 119, 2, 189, 107, 121, 185, 13, 210, 254, 78, 0, 35, 50, 222, 218, 117, 88, 71, 201, 204, 213, 124, 199, 167, 196, 22, 108, 139, 3, 244, 96, 38, 141, 210, 167, 88, 246, 94, 81, 68, 117, 57, 166, 239, 63, 3, 246, 207, 134, 222, 231, 215, 136, 163, 38, 98, 249, 51, 254, 48, 17, 58, 93, 185, 224, 135, 159, 198, 61, 192, 11, 44, 211, 145, 160, 250, 113, 150, 66, 19, 84, 30, 38, 213, 36, 188, 121, 181, 83, 66, 187, 99, 6, 93, 237, 32, 181, 107, 174, 102, 110, 65, 180, 0, 48, 246, 172, 184, 121, 28, 7, 197, 33, 15, 55, 212, 173, 162, 71, 142, 22, 109, 102, 207, 13, 48, 72, 9, 252, 102, 67, 109, 97, 103, 62, 60, 163, 168, 165, 216, 119, 125, 151, 172, 120, 179, 116, 126, 102, 202, 98, 102, 197, 114, 79, 145, 45, 110, 194, 6, 148, 113, 119, 36, 5, 41, 164, 1, 244, 33, 200, 36, 176, 106, 75, 170, 53, 103, 174, 48, 135, 11, 44, 27, 105, 82, 141, 252, 29, 205, 106, 79, 41, 186, 49, 164, 85, 125, 92, 217, 26, 82, 179, 20, 86, 100, 27, 220, 189, 147, 214, 1, 120, 109, 238, 193, 250, 247, 239, 244, 24, 117, 21, 141, 74, 53, 18, 154, 6, 237, 92, 43, 41, 192, 246, 149, 10, 173, 104, 84, 54, 74, 224, 18, 131, 115, 125, 202, 27, 215, 154, 199, 6, 218, 205, 119, 174, 213, 121, 11, 174, 119, 21, 190, 250, 197, 21, 119, 95, 57, 67, 82, 193, 177, 239, 218, 118, 59, 25, 127, 64, 70, 166, 231, 6, 89, 41, 28, 129, 163, 153, 220, 207, 43, 12, 102, 235, 227, 53, 3, 191, 74, 46, 101, 242, 152, 44, 105, 7, 192, 117, 239, 208, 121, 81, 223, 44, 244, 169, 9, 63, 64, 16, 92, 131, 80, 131, 239, 110, 161, 246, 134, 87, 214, 152, 39, 179, 156, 5, 4, 234, 186, 126, 231, 228, 60, 32, 110, 3, 17, 33, 119, 86, 97, 91, 151, 210, 239, 25, 245, 239, 33, 97, 11, 244, 15, 103, 29, 252, 166, 163, 160, 177, 156, 5, 132, 127, 63, 0, 214, 44, 180, 21, 1, 218, 24, 26, 97, 202, 207, 10, 229, 191, 243, 89, 206, 127, 209, 21, 98, 45, 24, 30, 117, 66, 137, 178, 141, 241, 43, 214, 122, 33, 182, 163, 199, 57, 237, 176, 211, 179, 207, 77, 246, 204, 100, 157, 21, 223, 10, 67, 210, 206, 147, 44, 50, 110, 106, 132, 71, 37, 57, 126, 57, 44, 246, 237, 207, 170, 82, 27, 22, 150, 107, 172, 53, 100, 3, 206, 109, 210, 204, 123, 185, 227, 161, 117, 176, 178, 22, 65, 225, 137, 234, 155, 254, 16, 67, 68, 135, 33, 142, 9, 149, 119, 90, 196, 144, 88, 57, 243, 61, 186, 198, 122, 167, 144, 202, 143, 12, 255, 132, 136, 10, 109, 190, 18, 232, 7, 74, 211, 16, 172, 205, 134, 45, 154, 96, 52, 17, 225, 187, 11, 173, 119, 126, 106, 1, 231, 157, 201, 51, 10, 121, 237, 35, 72, 148, 242, 121, 15, 69, 42, 159, 117, 197, 57, 12, 219, 95, 214, 152, 125, 150, 18, 79, 33, 100, 72, 57, 105, 82, 143, 97, 66, 92, 67, 137, 196, 235, 162, 161, 39, 223, 66, 231, 94, 0, 216, 5, 139, 149, 130, 231, 140, 229, 9, 161, 42, 156, 102, 87, 92, 116, 235, 19, 168, 152, 224, 255, 52, 165, 32, 97, 3, 78, 162, 74, 221, 142, 187, 182, 237, 184, 182, 208, 4, 18, 217, 170, 89, 167, 51, 68, 220, 58, 69, 184, 48, 18, 161, 189, 52, 17, 57, 43, 48, 42, 200, 72, 137, 153, 91, 173, 31, 78, 23, 10, 10, 49, 140, 59, 100, 54, 133, 247, 1, 237, 132, 49, 105, 227, 128, 121, 173, 186, 65, 60, 11, 174, 212, 130, 218, 62, 179, 132, 72, 129, 33, 26, 232, 28, 118, 228, 166, 200, 226, 62, 239, 223, 10, 43, 11, 7, 151, 17, 117, 71, 9, 15, 15, 87, 13, 24, 118, 240, 91, 128, 183, 21, 1, 183, 63, 42, 220, 60, 43, 86, 184, 46, 216, 184, 97, 161, 189, 191, 19, 102, 35, 200, 162, 111, 1, 26, 47, 52, 124, 104, 177, 23, 142, 9, 227, 124, 20, 115, 0, 253, 196, 203, 94, 210, 141, 98, 156, 114, 124, 82, 165, 107, 71, 90, 39, 66, 27, 196, 134, 227, 146, 39, 147, 21, 87, 159, 213, 26, 130, 43, 175, 39, 42, 163, 95, 44, 28, 84, 186, 185, 244, 248, 64, 76, 66, 20, 249, 92, 37, 169, 43, 61, 110, 11, 122, 160, 236, 190, 107, 154, 135, 187, 34, 54, 231, 19, 253, 116, 200, 74, 141, 156, 8, 214, 241, 28, 173, 74, 58, 19, 8, 184, 116, 35, 200, 174, 2, 136, 63, 142, 205, 97, 29, 124, 166, 207, 108, 203, 111, 237, 46, 168, 191, 137, 245, 0, 175, 78, 181, 92, 38, 252, 18, 175, 58, 166, 27, 242, 202, 36, 209, 237, 253, 47, 49, 88, 123, 199, 229, 186, 43, 119, 140, 139, 108, 0, 84, 31, 40, 28, 168, 249, 27, 241, 21, 73, 147, 255, 205, 71, 14, 73, 182, 230, 179, 249, 74, 85, 240, 78, 166, 15, 224, 162, 14, 58, 123, 247, 155, 198, 233, 245, 4, 73, 25, 147, 4, 252, 138, 210, 89, 93, 227, 225, 239, 125, 115, 27, 68, 239, 184, 98, 93, 255, 245, 191, 125, 26, 119, 222, 26, 224, 254, 23, 255, 62, 207, 93, 45, 138, 177, 194, 185, 40, 118, 52, 213, 153, 214, 111, 16, 55, 34, 156, 244, 156, 47, 248, 244, 237, 193, 81, 239, 124, 60, 30, 60, 220, 188, 86, 27, 128, 4, 95, 224, 136, 139, 43, 201, 153, 145, 163, 45, 188, 13, 128, 210, 209, 234, 3, 41, 14, 168, 105, 143, 149, 23, 103, 11, 148, 4, 54, 21, 214, 102, 122, 110, 128, 185, 213, 184, 23, 85, 44, 242, 28, 170, 231, 108, 47, 123, 159, 151, 158, 93, 111, 98, 181, 157, 79, 106, 117, 61, 16, 46, 36, 37, 34, 104, 95, 200, 1, 210, 113, 145, 90, 255, 161, 236, 199, 135, 70, 253, 66, 109, 43, 36, 47, 116, 222, 153, 184, 187, 220, 119, 222, 40, 138, 59, 51, 193, 33, 245, 152, 195, 169, 172, 145, 129, 34, 18, 70, 221, 232, 107, 32, 238, 38, 33, 111, 127, 149, 219, 8, 208, 78, 190, 156, 4, 40, 12, 40, 169, 162, 107, 150, 61, 21, 151, 135, 10, 103, 94, 49, 130, 44, 227, 185, 156, 25, 90, 38, 79, 7, 153, 178, 224, 145, 59, 9, 30, 157, 157, 15, 113, 10, 57, 91, 0, 27, 61, 228, 3, 65, 153, 244, 33, 65, 135, 140, 80, 91, 150, 143, 95, 242, 210, 230, 235, 103, 196, 172, 27, 138, 215, 144, 239, 60, 41, 238, 102, 203, 43, 110, 51, 2, 188, 234, 71, 138, 180, 218, 10, 142, 3, 12, 55, 225, 252, 208, 225, 219, 7, 222, 0, 210, 150, 21, 163, 163, 35, 41, 156, 29, 146, 182, 128, 172, 125, 154, 75, 254, 134, 79, 192, 192, 242, 143, 3, 43, 213, 69, 174, 76, 153, 115, 9, 165, 138, 70, 104, 131, 110, 29, 84, 67, 185, 166, 35, 88, 76, 220, 79, 118, 79, 65, 101, 70, 238, 210, 26, 131, 219, 106, 43, 163, 141, 151, 0, 46, 254, 186, 75, 105, 143, 229, 118, 112, 67, 251, 66, 217, 175, 69, 38, 95, 53, 192, 91, 25, 191, 26, 30, 207, 146, 191, 169, 20, 66, 4, 43, 10, 43, 227, 124, 251, 253, 135, 89, 155, 169, 171, 121, 230, 79, 40, 18, 173, 236, 22, 95, 129, 120, 142, 55, 59, 64, 75, 45, 178, 12, 45, 37, 251, 27, 254, 224, 122, 170, 242, 221, 245, 31, 26, 214, 86, 237, 42, 33, 110, 216, 7, 204, 4, 194, 244, 108, 147, 192, 245, 169, 178, 127, 111, 17, 23, 194, 166, 94, 128, 120, 80, 24, 106, 138, 59, 190, 41, 82, 109, 81, 160, 169, 104, 80, 139, 37, 62, 174, 239, 163, 33, 90, 92, 214, 102, 32, 242, 137, 75, 167, 181, 44, 249, 79, 203, 183, 51, 73, 253, 63, 93, 1, 104, 40, 16, 20, 237, 156, 252, 181, 229, 198, 127, 174, 51, 242, 94, 34, 35, 74, 20, 232, 213, 136, 14, 120, 244, 40, 108, 17, 10, 103, 111, 246, 173, 74, 87, 185, 109, 187, 236, 251, 60, 123, 30, 110, 89, 126, 1, 6, 204, 255, 121, 182, 215, 126, 179, 158, 50, 77, 141, 129, 171, 56, 1, 132, 168, 240, 146, 221, 197, 224, 45, 203, 192, 208, 130, 22, 136, 190, 17, 38, 201, 49, 2, 119, 108, 60, 114, 172, 166, 55, 118, 132, 136, 181, 246, 224, 109, 165, 63, 156, 8, 53, 231, 109, 237, 193, 202, 152, 36, 213, 165, 14, 141, 17, 54, 245, 30, 157, 220, 209, 158, 49, 137, 79, 188, 252, 233, 63, 198, 121, 87, 214, 5, 51, 253, 216, 72, 136, 140, 5, 226, 225, 194, 35, 56, 35, 208, 112, 51, 215, 4, 91, 84, 138, 160, 203, 177, 200, 158, 14, 64, 144, 1, 164, 105, 182, 70, 250, 125, 246, 186, 56, 5, 136, 2, 42, 4, 140, 212, 131, 26, 59, 149, 119, 50, 121, 151, 217, 12, 13, 147, 48, 73, 246, 2, 111, 51, 140, 187, 168, 89, 155, 103, 114, 175, 17, 173, 11, 45, 168, 113, 57, 40, 206, 17, 29, 40, 237, 74, 166, 253, 63, 15, 84, 21, 3, 249, 206, 222, 176, 109, 106, 231, 134, 241, 202, 127, 57, 221, 16, 112, 201, 47, 110, 29, 144, 24, 46, 160, 230, 196, 53, 127, 169, 62, 101, 109, 233, 76, 140, 165, 41, 62, 64, 134, 64, 72, 92, 37, 36, 185, 2, 182, 116, 14, 233, 5, 190, 169, 63, 185, 8, 111, 239, 50, 103, 146, 62, 100, 132, 69, 151, 82, 151, 64, 127, 37, 125, 149, 145, 55, 133, 143, 8, 79, 167, 80, 124, 141, 178, 52, 24, 201, 140, 17, 17, 48, 113, 213, 200, 154, 75, 211, 164, 28, 173, 210, 191, 243, 130, 62, 144, 110, 123, 255, 2, 120, 163, 86, 195, 234, 88, 73, 108, 97, 30, 176, 218, 181, 132, 161, 105, 136, 251, 177, 18, 211, 211, 10, 217, 251, 166, 150, 49, 131, 213, 177, 36, 99, 54, 142, 240, 185, 5, 248, 60, 113, 55, 94, 111, 84, 104, 123, 20, 188, 14, 89, 215, 35, 203, 82, 12, 135, 5, 157, 154, 2, 123, 23, 13, 137, 32, 101, 99, 104, 79, 100, 14, 48, 88, 187, 175, 205, 54, 74, 40, 42, 38, 179, 106, 20, 106, 70, 203, 180, 174, 47, 249, 73, 181, 69, 8, 94, 233, 40, 109, 224, 124, 180, 251, 218, 152, 126, 4, 182, 179, 125, 27, 16, 251, 213, 157, 97, 200, 70, 31, 16, 139, 62, 102, 62, 124, 248, 7, 186, 234, 191, 225, 127, 23, 97, 189, 134, 197, 183, 51, 116, 240, 211, 160, 169, 188, 131, 131, 233, 58, 102, 38, 28, 52, 238, 21, 28, 66, 71, 40, 82, 156, 7, 118, 100, 255, 119, 150, 240, 126, 237, 94, 156, 21, 202, 49, 14, 141, 210, 38, 66, 212, 206, 233, 208, 214, 119, 80, 105, 92, 9, 4, 239, 42, 29, 13, 49, 6, 255, 108, 63, 92, 244, 64, 207, 200, 216, 243, 14, 174, 68, 182, 156, 223, 222, 18, 27, 233, 241, 168, 222, 89, 232, 36, 94, 121, 237, 115, 191, 241, 14, 119, 146, 103, 232, 102, 33, 202, 53, 209, 28, 215, 248, 115, 218, 159, 175, 123, 40, 57, 197, 133, 179, 89, 32, 35, 116, 240, 18, 254, 210, 60, 203, 177, 130, 168, 114, 90, 226, 123, 80, 156, 147, 62, 130, 108, 140, 247, 43, 66, 122, 188, 181, 164, 152, 25, 209, 18, 215, 196, 205, 96, 1, 209, 192, 87, 2, 161, 155, 106, 174, 222, 127, 0, 147, 239, 82, 240, 233, 90, 7, 7, 120, 114, 200, 76, 137, 129, 161, 36, 172, 208, 89, 11, 91, 119, 42, 150, 43, 211, 69, 59, 173, 60, 169, 172, 23, 28, 202, 163, 17, 128, 90, 190, 203, 14, 20, 19, 217, 224, 252, 15, 115, 90, 75, 238, 121, 10, 168, 182, 45, 200, 174, 226, 255, 177, 1, 247, 147, 150, 132, 126, 149, 146, 53, 204, 226, 91, 243, 230, 101, 106, 241, 30, 9, 94, 208, 27, 248, 193, 58, 157, 85, 212, 44, 240, 152, 2, 112, 152, 157, 213, 5, 35, 66, 64, 253, 118, 133, 173, 230, 38, 57, 197, 205, 15, 87, 226, 30, 213, 72, 74, 242, 237, 126, 74, 134, 215, 189, 64, 237, 98, 233, 212, 164, 60, 80, 173, 200, 49, 2, 152, 38, 219, 201, 164, 21, 30, 179, 45, 59, 165, 3, 233, 116, 255, 156, 113, 135, 237, 101, 253, 92, 16, 238, 17, 104, 46, 206, 204, 37, 93, 73, 71, 249, 125, 84, 109, 99, 19, 106, 40, 199, 240, 181, 4, 80, 199, 193, 225, 148, 115, 17, 107, 224, 105, 105, 101, 10, 101, 245, 162, 206, 126, 255, 91, 193, 201, 104, 40, 192, 33, 97, 211, 190, 153, 0, 127, 3, 29, 23, 199, 194, 30, 8, 202, 207, 73, 235, 62, 19, 109, 126, 47, 80, 77, 84, 43, 151, 33, 7, 248, 101, 30, 4, 156, 222, 104, 44, 30, 127, 189, 139, 128, 183, 236, 83, 171, 111, 39, 106, 222, 31, 185, 228, 23, 179, 184, 182, 250, 49, 3, 45, 14, 209, 36, 65, 239, 148, 80, 147, 111, 113, 81, 188, 2, 49, 239, 57, 168, 135, 142, 103, 47, 66, 23, 35, 104, 96, 21, 156, 0, 53, 99, 148, 14, 119, 30, 205, 170, 43, 185, 175, 213, 236, 183, 176, 60, 193, 66, 19, 140, 33, 245, 62, 164, 161, 228, 164, 246, 22, 34, 25, 78, 208, 115, 208, 241, 126, 15, 159, 126, 98, 235, 172, 241, 252, 216, 219, 255, 29, 189, 126, 249, 154, 212, 205, 148, 65, 10, 208, 140, 186, 82, 195, 134, 136, 202, 65, 129, 115, 14, 150, 123, 129, 127, 53, 93, 209, 167, 80, 255, 24, 88, 90, 213, 223, 116, 121, 183, 223, 207, 106, 127, 216, 246, 219, 1, 118, 160, 41, 203, 207, 33, 7, 135, 38, 115, 209, 75, 161, 128, 109, 93, 192, 118, 66, 80, 119, 84, 156, 61, 145, 135, 181, 28, 181, 227, 225, 190, 80, 234, 159, 123, 209, 30, 28, 182, 61, 24, 194, 126, 125, 235, 235, 141, 98, 105, 45, 114, 20, 143, 0, 112, 145, 64, 131, 244, 175, 65, 31, 152, 228, 35, 83, 166, 109, 35, 30, 2, 70, 225, 48, 76, 56, 50, 214, 47, 113, 89, 211, 5, 5, 236, 68, 34, 155, 122, 22, 242, 190, 8, 161, 97, 239, 21, 8, 103, 226, 35, 219, 233, 91, 22, 170, 253, 213, 92, 114, 30, 226, 154, 154, 144, 176, 222, 236, 45, 104, 159, 250, 164, 1, 141, 127, 117, 231, 227, 45, 168, 93, 40, 17, 89, 113, 11, 218, 196, 196, 88, 204, 219, 228, 138, 120, 157, 91, 159, 89, 194, 133, 187, 147, 134, 100, 9, 127, 195, 118, 127, 162, 35, 72, 12, 78, 175, 234, 189, 118, 18, 35, 198, 98, 176, 130, 154, 86, 13, 202, 190, 169, 157, 39, 240, 130, 20, 109, 243, 41, 43, 119, 84, 14, 203, 188, 11, 93, 120, 237, 87, 223, 112, 99, 118, 92, 193, 185, 106, 8, 101, 2, 93, 89, 221, 168, 146, 91, 212, 164, 54, 208, 41, 9, 114, 65, 57, 237, 26, 184, 65, 159, 78, 107, 183, 44, 185, 63, 144, 10, 42, 22, 63, 47, 8, 197, 120, 22, 143, 253, 217, 93, 75, 67, 193, 166, 16, 5, 189, 27, 24, 190, 191, 96, 29, 226, 179, 2, 253, 200, 166, 37, 124, 111, 146, 205, 92, 176, 23, 247, 159, 243, 86, 216, 243, 137, 79, 111, 215, 74, 243, 77, 25, 162, 57, 68, 90, 227, 219, 231, 41, 152, 209, 99, 62, 62, 127, 0, 200, 69, 175, 158, 116, 111, 183, 8, 117, 187, 89, 140, 28, 167, 138, 135, 47, 99, 205, 61, 174, 0, 56, 198, 100, 68, 246, 68, 92, 190, 52, 79, 193, 165, 96, 164, 96, 203, 152, 65, 200, 41, 50, 92, 41, 151, 241, 12, 12, 192, 8, 187, 244, 225, 74, 7, 111, 104, 44, 84, 215, 10, 25, 160, 19, 179, 191, 125, 161, 145, 202, 65, 12, 140, 154, 119, 138, 174, 140, 119, 39, 134, 117, 203, 171, 218, 106, 143, 227, 162, 31, 160, 217, 151, 93, 93, 36, 7, 33, 163, 111, 45, 70, 148, 143, 114, 206, 169, 218, 34, 134, 25, 39, 229, 201, 115, 141, 36, 51, 80, 241, 112, 27, 247, 134, 197, 7, 34, 45, 66, 24, 13, 112, 183, 209, 226, 138, 47, 64, 128, 126, 20, 252, 28, 0, 201, 193, 85, 98, 140, 237, 216, 60, 18, 144, 165, 242, 101, 112, 78, 233, 237, 70, 169, 222, 41, 24, 195, 152, 199, 75, 155, 42, 163, 170, 187, 31, 222, 34, 177, 210, 234, 45, 76, 10, 24, 175, 249, 220, 178, 233, 100, 159, 15, 167, 44, 228, 220, 101, 235, 212, 69, 207, 18, 55, 153, 155, 119, 33, 248, 141, 226, 249, 64, 103, 39, 70, 30, 23, 234, 137, 232, 97, 50, 219, 225, 63, 199, 89, 232, 230, 239, 143, 37, 37, 199, 109, 9, 250, 66, 1, 102, 152, 161, 57, 81, 24, 65, 28, 151, 107, 244, 113, 237, 147, 160, 85, 68, 194, 8, 18, 246, 169, 241, 150, 246, 163, 29, 225, 64, 237, 252, 16, 166, 29, 179, 62, 157, 81, 55, 253, 195, 15, 212, 242, 17, 239, 85, 122, 154, 182, 229, 31, 31, 47, 76, 150, 64, 142, 164, 221, 26, 18, 145, 46, 200, 24, 174, 204, 135, 238, 248, 0, 104, 245, 151, 25, 250, 86, 92, 201, 240, 235, 217, 158, 61, 189, 223, 13, 4, 236, 242, 74, 216, 7, 185, 22, 58, 178, 135, 160, 169, 227, 150, 3, 16, 142, 216, 118, 137, 125, 101, 54, 146, 238, 26, 223, 27, 159, 252, 14, 236, 167, 209, 56, 81, 211, 247, 9, 104, 135, 233, 41, 142, 19, 53, 46, 205, 180, 223, 63, 139, 72, 135, 105, 236, 76, 206, 236, 172, 40, 122, 172, 10, 245, 40, 242, 116, 220, 37, 12, 173, 225, 131, 23, 36, 14, 114, 215, 68, 134, 255, 59, 206, 152, 121, 237, 95, 250, 86, 75, 54, 96, 190, 211, 103, 10, 86, 4, 127, 140, 71, 40, 45, 165, 36, 62, 183, 217, 245, 206, 229, 241, 145, 151, 33, 148, 46, 129, 182, 68, 171, 31, 243, 223, 220, 77, 86, 219, 13, 157, 145, 144, 240, 24, 0, 223, 152, 151, 8, 53, 6, 21, 52, 80, 136, 108, 159, 89, 26, 123, 64, 231, 82, 51, 173, 241, 143, 236, 124, 148, 74, 90, 104, 97, 149, 18, 102, 26, 93, 57, 237, 180, 92, 67, 54, 8, 231, 103, 81, 189, 27, 108, 177, 130, 205, 237, 114, 187, 90, 234, 18, 71, 195, 116, 178, 217, 201, 6, 219, 79, 61, 0, 96, 37, 161, 209, 93, 110, 29, 207, 130, 228, 167, 210, 121, 73, 38, 254, 61, 55, 20, 248, 73, 106, 147, 187, 121, 187, 96, 47, 58, 89, 243, 237, 76, 224, 177, 53, 193, 24, 50, 250, 152, 13, 233, 127, 229, 193, 147, 38, 33, 107, 12, 186, 190, 28, 96, 41, 120, 208, 34, 27, 90, 213, 147, 35, 139, 231, 177, 27, 175, 164, 83, 237, 132, 118, 96, 142, 137, 15, 184, 222, 21, 115, 19, 25, 207, 157, 8, 215, 8, 13, 179, 5, 236, 41, 201, 182, 104, 52, 39, 167, 93, 157, 235, 200, 59, 141, 196, 215, 186, 61, 175, 78, 240, 1, 210, 167, 30, 89, 10, 92, 210, 195, 123, 16, 203, 200, 30, 230, 29, 48, 228, 193, 133, 98, 167, 243, 137, 119, 39, 184, 13, 38, 105, 228, 123, 59, 150, 18, 110, 144, 210, 234, 14, 118, 3, 39, 254, 254, 58, 98, 160, 212, 26, 142, 15, 80, 32, 233, 33, 200, 228, 47, 29, 246, 57, 175, 52, 30, 240, 190, 49, 244, 139, 185, 47, 22, 63, 31, 248, 28, 217, 241, 197, 84, 135, 158, 199, 186, 50, 133, 56, 183, 70, 47, 80, 162, 8, 136, 224, 127, 207, 238, 69, 181, 83, 33, 96, 254, 194, 34, 179, 201, 47, 135, 116, 193, 183, 73, 183, 166, 30, 20, 23, 135, 143, 41, 53, 162, 155, 76, 84, 100, 115, 33, 128, 94, 5, 117, 247, 247, 111, 15, 107, 52, 222, 164, 223, 82, 134, 113, 28, 97, 104, 88, 190, 207, 88, 137, 242, 67, 153, 19, 255, 133, 99, 121, 131, 119, 72, 85, 209, 252, 182, 14, 200, 164, 81, 163, 200, 46, 210, 95, 133, 100, 66, 184, 102, 82, 39, 97, 52, 187, 89, 211, 26, 109, 96, 217, 55, 140, 86, 237, 133, 42, 53, 43, 5, 9, 211, 188, 247, 241, 149, 235, 228, 220, 196, 224, 32, 114, 170, 185, 202, 45, 180, 53, 96, 85, 59, 11, 213, 249, 237, 159, 136, 164, 151, 34, 57, 180, 182, 179, 127, 17, 233, 26, 247, 112, 196, 116, 149, 182, 60, 69, 230, 40, 70, 117, 50, 130, 152, 23, 73, 117, 43, 101, 235, 152, 94, 13, 122, 0, 106, 180, 188, 117, 112, 131, 112, 151, 64, 158, 20, 185, 223, 45, 52, 84, 236, 178, 87, 76, 114, 31, 243, 77, 195, 229, 68, 156, 73, 28, 130, 172, 182, 68, 95, 3, 247, 78, 174, 99, 103, 24, 248, 227, 182, 77, 109, 239, 0, 209, 4, 127, 252, 129, 214, 222, 35, 171, 98, 209, 230, 0, 244, 74, 31, 90, 187, 151, 61, 248, 78, 165, 18, 57, 140, 95, 147, 99, 155, 88, 127, 137, 169, 89, 91, 181, 182, 76, 55, 121, 87, 222, 255, 42, 55, 195, 6, 212, 31, 12, 87, 217, 1, 90, 40, 180, 55, 87, 91, 251, 129, 217, 92, 5, 177, 160, 199, 228, 1, 133, 113, 34, 88, 76, 216, 31, 88, 20, 24, 22, 54, 229, 217, 228, 93, 219, 146, 213, 94, 172, 240, 23, 86, 124, 135, 185, 55, 111, 123, 124, 159, 221, 39, 129, 116, 19, 216, 5, 38, 156, 47, 226, 15, 15, 220, 52, 209, 176, 73, 130, 136, 46, 250, 160, 234, 208, 219, 8, 30, 61, 4, 255, 213, 31, 55, 55, 98, 244, 36, 35, 28, 178, 125, 73, 19, 143, 249, 64, 253, 136, 71, 151, 206, 198, 33, 153, 67, 70, 71, 119, 21, 55, 25, 1, 227, 79, 169, 157, 139, 14, 117, 37, 193, 96, 193, 32, 224, 131, 4, 146, 3, 232, 138, 243, 90, 162, 169, 65, 100, 62, 113, 25, 172, 31, 250, 215, 224, 90, 233, 12, 135, 58, 234, 46, 183, 152, 126, 227, 8, 147, 105, 84, 24, 37, 28, 108, 84, 28, 198, 110, 64, 176, 130, 150, 188, 121, 211, 42, 2, 98, 154, 36, 166, 17, 249, 41, 177, 68, 54, 48, 225, 47, 197, 23, 5, 104, 111, 224, 212, 212, 33, 224, 33, 36, 250, 248, 77, 130, 1, 255, 143, 154, 142, 238, 39, 55, 121, 6, 116, 35, 119, 96, 19, 241, 5, 49, 67, 97, 130, 94, 175, 59, 56, 218, 204, 184, 16, 161, 126, 128, 127, 246, 53, 80, 93, 109, 169, 255, 250, 2, 129, 172, 67, 254, 61, 86, 146, 177, 88, 160, 169, 92, 10, 71, 65, 165, 34, 251, 61, 30, 230, 121, 69, 197, 180, 116, 74, 53, 54, 194, 130, 33, 4, 133, 200, 211, 16, 211, 172, 74, 63, 93, 52, 4, 89, 180, 173, 62, 100, 153, 160, 157, 220, 233, 244, 164, 18, 7, 68, 183, 167, 146, 169, 18, 249, 66, 181, 185, 107, 161, 188, 193, 205, 195, 62, 55, 153, 119, 57, 85, 59, 223, 154, 58, 209, 185, 125, 182, 222, 143, 45, 84, 85, 51, 236, 47, 23, 15, 124, 98, 229, 15, 194, 32, 42, 164, 97, 130, 93, 83, 33, 213, 58, 75, 245, 20, 6, 171, 56, 31, 74, 113, 164, 64, 154, 143, 133, 11, 195, 235, 49, 128, 242, 241, 220, 61, 1, 110, 138, 56, 204, 108, 171, 9, 33, 255, 86, 181, 224, 181, 195, 253, 182, 223, 163, 3, 149, 86, 252, 6, 81, 10, 159, 16, 211, 244, 76, 215, 149, 53, 21, 192, 132, 58, 123, 229, 109, 222, 220, 210, 24, 202, 99, 190, 43, 26, 249, 197, 172, 151, 139, 31, 46, 1, 49, 3, 45, 44, 163, 37, 155, 85, 80, 193, 75, 245, 144, 189, 165, 45, 1, 22, 167, 135, 96, 93, 147, 214, 35, 78, 55, 78, 102, 41, 187, 204, 85, 182, 180, 184, 69, 106, 144, 17, 49, 144, 45, 99, 62, 143, 231, 181, 154, 72, 144, 173, 163, 196, 36, 16, 23, 252, 95, 37, 251, 33, 64, 176, 217, 178, 216, 66, 248, 178, 222, 112, 108, 122, 237, 46, 80, 247, 61, 5, 249, 107, 5, 250, 29, 32, 144, 138, 0, 40, 142, 85, 97, 36, 17, 86, 86, 150, 125, 121, 25, 153, 207, 163, 91, 27, 111, 127, 224, 107, 78, 240, 193, 149, 52, 102, 156, 28, 82, 95, 70, 218, 7, 16, 134, 4, 246, 59, 42, 25, 222, 85, 193, 228, 22, 223, 161, 97, 42, 31, 56, 104, 4, 123, 190, 21, 93, 41, 135, 218, 83, 37, 234, 71, 120, 62, 164, 8, 255, 86, 248, 48, 132, 193, 139, 140, 148, 139, 15, 193, 85, 175, 166, 16, 182, 182, 148, 238, 57, 74, 173, 15, 43, 231, 138, 33, 178, 45, 121, 11, 104, 54, 186, 192, 125, 5, 138, 4, 213, 46, 54, 236, 173, 95, 133, 140, 85, 209, 251, 143, 152, 251, 190, 129, 218, 175, 143, 253, 129, 107, 9, 22, 139, 65, 176, 202, 159, 227, 58, 187, 208, 52, 26, 18, 209, 90, 129, 113, 162, 35, 149, 235, 129, 152, 170, 76, 146, 31, 84, 252, 46, 241, 173, 21, 81, 1, 214, 211, 176, 97, 72, 51, 234, 234, 24, 37, 212, 175, 133, 192, 41, 45, 179, 217, 243, 207, 133, 49, 23, 198, 65, 221, 43, 144, 106, 41, 17, 172, 252, 224, 110, 207, 105, 171, 79, 28, 176, 42, 126, 90, 92, 4, 11, 141, 138, 19, 251, 172, 92, 35, 26, 33, 160, 255, 167, 5, 119, 36, 89, 152, 123, 233, 80, 228, 4, 112, 113, 47, 112, 129, 152, 216, 166, 238, 139, 0, 63, 215, 80, 163, 192, 52, 189, 118, 123, 129, 241, 97, 122, 23, 113, 88, 85, 235, 228, 228, 87, 204, 154, 218, 190, 111, 131, 12, 10, 186, 109, 248, 45, 26, 173, 159, 159, 232, 139, 172, 224, 32, 27, 185, 178, 4, 165, 106, 180, 43, 109, 83, 142, 0, 211, 88, 70, 13, 204, 38, 120, 245, 202, 220, 150, 101, 161, 137, 110, 183, 76, 156, 67, 39, 186, 5, 172, 19, 75, 85, 57, 167, 98, 227, 123, 88, 123, 254, 9, 219, 63, 178, 134, 134, 0, 30, 24, 21, 201, 85, 127, 83, 103, 172, 233, 135, 11, 5, 49, 38, 106, 72, 167, 113, 150, 193, 84, 29, 247, 40, 121, 190, 183, 158, 202, 149, 52, 8, 215, 32, 186, 44, 106, 25, 136, 143, 203, 61, 156, 22, 158, 17, 162, 35, 54, 53, 46, 48, 33, 76, 131, 200, 239, 193, 143, 226, 245, 152, 119, 178, 247, 178, 39, 106, 53, 235, 34, 96, 5, 63, 114, 145, 212, 37, 17, 134, 25, 143, 155, 129, 61, 126, 51, 113, 125, 122, 150, 86, 105, 172, 251, 21, 224, 192, 212, 91, 154, 252, 246, 68, 246, 220, 15, 103, 151, 47, 168, 97, 145, 156, 70, 56, 17, 237, 35, 214, 220, 59, 166, 168, 163, 168, 222, 252, 85, 190, 33, 87, 225, 1, 74, 144, 147, 10, 131, 13, 21, 43, 213, 77, 70, 228, 78, 49, 42, 163, 0, 100, 209, 111, 28, 191, 219, 226, 59, 243, 86, 36, 181, 41, 141, 130, 113, 30, 210, 211, 134, 161, 146, 28, 106, 29, 49, 46, 119, 75, 60, 203, 140, 88, 93, 85, 21, 192, 133, 147, 253, 23, 251, 167, 226, 219, 103, 89, 209, 111, 226, 50, 196, 151, 220, 45, 44, 115, 131, 14, 185, 144, 167, 170, 247, 131, 230, 252, 14, 88, 104, 186, 155, 17, 34, 85, 66, 188, 246, 107, 181, 237, 208, 54, 18, 159, 213, 6, 239, 217, 85, 168, 187, 131, 11, 68, 140, 90, 232, 165, 190, 82, 35, 155, 141, 250, 182, 248, 21, 139, 111, 35, 145, 134, 181, 177, 49, 197, 106, 41, 5, 135, 45, 182, 29, 191, 19, 140, 144, 36, 173, 249, 1, 123, 136, 63, 237, 218, 203, 36, 208, 218, 83, 135, 87, 222, 50, 92, 67, 213, 64, 39, 48, 218, 156, 183, 228, 114, 191, 114, 38, 150, 95, 219, 235, 68, 243, 182, 168, 165, 138, 142, 195, 74, 167, 110, 21, 236, 216, 34, 202, 10, 20, 22, 195, 163, 158, 162, 24, 162, 18, 129, 62, 174, 247, 227, 254, 38, 41, 82, 49, 169, 249, 236, 201, 33, 10, 152, 29, 89, 137, 85, 119, 153, 160, 19, 239, 255, 68, 215, 13, 240, 168, 229, 211, 50, 93, 167, 74, 96, 171, 9, 79, 4, 231, 85, 80, 107, 132, 61, 207, 124, 189, 63, 76, 183, 148, 40, 117, 166, 141, 225, 55, 200, 250, 128, 44, 73, 89, 240, 205, 253, 57, 227, 125, 234, 169, 99, 40, 1, 48, 244, 35, 204, 29, 250, 80, 7, 32, 22, 236, 248, 75, 18, 107, 242, 201, 178, 70, 23, 252, 141, 154, 222, 242, 220, 90, 78, 180, 78, 205, 248, 139, 148, 77, 81, 236, 111, 250, 55, 24, 23, 229, 156, 199, 192, 110, 86, 185, 64, 45, 111, 124, 38, 175, 134, 73, 13, 75, 156, 171, 68, 68, 160, 184, 148, 78, 220, 114, 57, 8, 183, 9, 30, 174, 239, 184, 191, 233, 84, 249, 221, 1, 207, 182, 38, 153, 166, 11, 254, 219, 186, 171, 23, 79, 119, 66, 102, 255, 181, 176, 29, 87, 251, 237, 20, 3, 63, 237, 79, 18, 125, 118, 123, 5, 105, 38, 27, 74, 203, 100, 179, 231, 193, 14, 150, 87, 143, 74, 201, 222, 38, 78, 76, 95, 192, 111, 4, 0, 63, 151, 116, 81, 203, 26, 185, 160, 143, 40, 217, 180, 166, 181, 164, 0, 244, 252, 83, 190, 253, 222, 191, 48, 91, 129, 197, 43, 34, 106, 30, 41, 249, 188, 224, 104, 149, 170, 106, 146, 241, 32, 38, 188, 231, 250, 148, 153, 118, 14, 86, 105, 217, 220, 39, 196, 104, 19, 112, 189, 119, 232, 4, 180, 212, 26, 98, 242, 38, 80, 252, 156, 151, 212, 78, 170, 254, 32, 87, 172, 175, 103, 231, 57, 210, 251, 74, 114, 11, 208, 14, 158, 241, 152, 7, 87, 172, 233, 91, 144, 60, 152, 72, 253, 135, 43, 92, 224, 107, 229, 134, 50, 150, 98, 159, 128, 225, 55, 24, 239, 188, 217, 135, 73, 34, 29, 41, 121, 165, 69, 58, 3, 87, 94, 37, 100, 50, 254, 239, 139, 25, 176, 95, 113, 231, 201, 56, 58, 49, 174, 59, 249, 185, 191, 108, 58, 252, 214, 8, 154, 19, 102, 60, 72, 198, 66, 250, 30, 137, 158, 67, 187, 207, 202, 70, 169, 174, 232, 84, 181, 248, 251, 184, 231, 15, 120, 26, 236, 64, 1, 35, 208, 238, 182, 41, 217, 135, 132, 24, 58, 150, 114, 172, 30, 128, 201, 67, 231, 211, 194, 246, 128, 6, 97, 252, 171, 136, 188, 243, 128, 243, 115, 41, 222, 246, 120, 28, 138, 191, 166, 60, 120, 71, 134, 95, 202, 39, 7, 138, 226, 198, 215, 240, 191, 189, 221, 187, 201, 137, 142, 38, 32, 53, 36, 5, 24, 220, 104, 154, 217, 18, 66, 157, 12, 118, 175, 232, 82, 109, 2, 108, 190, 177, 213, 215, 117, 153, 218, 165, 98, 187, 219, 144, 32, 99, 249, 14, 234, 104, 192, 217, 48, 52, 71, 72, 40, 50, 205, 20, 113, 175, 243, 244, 148, 175, 160, 16, 1, 233, 78, 194, 192, 205, 250, 231, 49, 141, 95, 16, 41, 42, 35, 251, 171, 63, 187, 33, 235, 39, 31, 8, 233, 37, 89, 124, 175, 217, 244, 46, 181, 6, 200, 33, 158, 240, 69, 169, 176, 104, 85, 0, 176, 115, 69, 66, 238, 236, 94, 97, 158, 38, 155, 247, 158, 76, 62, 231, 170, 197, 165, 43, 58, 133, 236, 208, 149, 162, 222, 181, 1, 237, 149, 29, 5, 146, 115, 165, 32, 121, 173, 29, 45, 158, 228, 54, 139, 202, 223, 235, 107, 178, 139, 155, 187, 62, 140, 89, 71, 173, 64, 190, 2, 176, 93, 40, 163, 163, 32, 115, 118, 56, 116, 44, 91, 233, 31, 208, 54, 172, 144, 207, 203, 145, 163, 74, 3, 224, 99, 137, 97, 72, 18, 37, 247, 161, 243, 36, 194, 53, 192, 1, 60, 210, 7, 206, 159, 93, 165, 98, 96, 206, 21, 75, 133, 14, 30, 49, 108, 255, 23, 153, 202, 26, 115, 148, 81, 163, 39, 22, 114, 228, 206, 248, 181, 27, 50, 202, 172, 230, 182, 82, 48, 5, 186, 59, 23, 111, 141, 20, 152, 161, 147, 68, 39, 55, 134, 98, 30, 114, 155, 43, 54, 135, 246, 182, 9, 180, 192, 105, 229, 115, 24, 236, 249, 193, 178, 57, 187, 125, 217, 46, 34, 113, 41, 180, 87, 174, 24, 56, 105, 50, 185, 26, 78, 144, 49, 38, 57, 204, 36, 208, 248, 223, 159, 225, 49, 153, 121, 91, 202, 88, 81, 40, 247, 2, 238, 91, 20, 67, 64, 1, 182, 61, 182, 23, 149, 255, 173, 49, 132, 29, 229, 80, 28, 70, 33, 30, 63, 141, 186, 214, 206, 45, 62, 133, 61, 211, 230, 194, 14, 139, 96, 83, 58, 189, 90, 17, 105, 84, 228, 232, 2, 35, 130, 14, 21, 47, 1, 55, 183, 150, 199, 175, 111, 233, 37, 97, 123, 141, 203, 221, 140, 33, 21, 90, 169, 67, 210, 12, 173, 248, 30, 117, 211, 132, 187, 187, 4, 212, 220, 111, 40, 219, 170, 243, 221, 93, 86, 199, 71, 238, 99, 120, 170, 8, 125, 241, 187, 154, 42, 7, 208, 112, 167, 69, 23, 38, 150, 164, 192, 169, 201, 33, 45, 113, 106, 98, 44, 44, 212, 50, 165, 248, 241, 227, 224, 34, 180, 231, 162, 176, 69, 32, 106, 242, 94, 194, 26, 85, 43, 61, 40, 115, 167, 116, 148, 62, 73, 41, 118, 231, 6, 209, 99, 253, 191, 105, 143, 104, 228, 10, 234, 204, 91, 25, 231, 194, 87, 143, 218, 169, 25, 158, 97, 190, 51, 13, 167, 99, 196, 105, 207, 195, 243, 102, 156, 78, 97, 23, 179, 245, 115, 36, 111, 106, 175, 28, 58, 9, 240, 134, 42, 145, 199, 131, 102, 161, 40, 166, 159, 254, 213, 16, 101, 78, 77, 252, 75, 72, 235, 93, 192, 246, 12, 229, 68, 128, 76, 39, 89, 201, 33, 210, 202, 59, 164, 127, 195, 240, 155, 60, 175, 216, 154, 229, 117, 253, 85, 163, 218, 90, 33, 119, 171, 246, 138, 228, 43, 155, 14, 5, 216, 139, 223, 76, 88, 229, 87, 244, 83, 196, 41, 69, 165, 19, 134, 134, 32, 207, 39, 209, 105, 162, 126, 14, 226, 201, 84, 70, 227, 8, 164, 46, 41, 203, 214, 228, 32, 69, 86, 163, 68, 139, 242, 103, 226, 230, 178, 86, 53, 140, 154, 28, 171, 191, 209, 91, 23, 165, 187, 138, 26, 32, 157, 12, 246, 208, 41, 46, 71, 42, 33, 253, 139, 124, 232, 13, 221, 39, 92, 15, 127, 3, 232, 201, 42, 226, 29, 250, 83, 138, 122, 156, 249, 164, 227, 38, 115, 203, 246, 244, 128, 206, 217, 203, 57, 112, 53, 212, 83, 11, 49, 233, 75, 176, 240, 138, 195, 174, 154, 143, 75, 131, 153, 161, 155, 107, 17, 2, 118, 225, 37, 146, 120, 218, 186, 172, 52, 41, 77, 59, 53, 116, 11, 235, 176, 144, 96, 18, 176, 231, 222, 94, 163, 109, 6, 117, 21, 137, 103, 11, 251, 88, 24, 174, 2, 133, 87, 196, 166, 178, 51, 192, 253, 137, 24, 18, 229, 68, 114, 29, 200, 68, 116, 8, 61, 46, 86, 122, 176, 127, 90, 3, 69, 235, 197, 145, 166, 212, 54, 153, 10, 116, 188, 232, 0, 96, 207, 42, 1, 237, 4, 161, 153, 5, 34, 106, 30, 240, 237, 223, 47, 26, 215, 12, 160, 17, 251, 244, 253, 218, 202, 83, 73, 236, 86, 240, 37, 238, 203, 163, 0, 134, 5, 116, 253, 80, 182, 173, 80, 153, 136, 251, 225, 92, 54, 39, 222, 71, 238, 252, 177, 120, 97, 78, 109, 10, 177, 101, 37, 145, 219, 241, 101, 94, 78, 29, 141, 81, 49, 225, 63, 248, 59, 113, 63, 196, 87, 33, 57, 53, 184, 142, 11, 152, 87, 200, 76, 233, 93, 176, 37, 69, 167, 188, 122, 120, 57, 195, 157, 116, 142, 178, 132, 208, 148, 204, 163, 121, 216, 28, 33, 148, 54, 193, 113, 224, 193, 28, 186, 60, 123, 51, 81, 254, 130, 253, 208, 57, 110, 53, 0, 58, 216, 49, 148, 112, 104, 254, 102, 105, 181, 16, 159, 24, 106, 25, 156, 249, 76, 117, 222, 128, 36, 53, 91, 144, 150, 198, 166, 55, 182, 251, 40, 133, 174, 66, 40, 242, 255, 53, 149, 232, 58, 6, 126, 203, 135, 238, 207, 92, 211, 3, 160, 89, 247, 243, 107, 184, 175, 240, 38, 76, 226, 100, 136, 54, 244, 177, 67, 196, 150, 211, 210, 249, 179, 8, 226, 96, 164, 57, 149, 64, 104, 74, 2, 182, 226, 103, 34, 1, 138, 168, 177, 201, 235, 246, 244, 23, 30, 169, 244, 239, 124, 18, 4, 14, 84, 44, 40, 108, 123, 179, 167, 55, 40, 59, 80, 249, 57, 159, 2, 250, 184, 173, 64, 46, 65, 186, 56, 89, 140, 60, 132, 225, 132, 119, 128, 100, 115, 16, 238, 199, 45, 139, 217, 102, 190, 109, 42, 148, 30, 147, 56, 64, 112, 187, 5, 88, 185, 213, 70, 201, 78, 238, 253, 170, 58, 173, 143, 253, 31, 40, 52, 145, 221, 103, 207, 138, 174, 40, 17, 3, 215, 143, 205, 193, 188, 12, 167, 120, 161, 207, 244, 201, 74, 175, 46, 217, 56, 115, 158, 41, 139, 18, 166, 83, 144, 72, 117, 166, 75, 107, 194, 124, 190, 187, 154, 154, 90, 213, 10, 190, 162, 174, 116, 184, 189, 51, 46, 231, 9, 169, 116, 165, 44, 12, 135, 156, 218, 203, 10, 0, 168, 62, 201, 69, 208, 245, 156, 38, 36, 43, 203, 10, 134, 18, 209, 19, 46, 64, 160, 18, 108, 66, 88, 245, 6, 45, 88, 250, 187, 249, 205, 94, 86, 173, 163, 55, 198, 78, 1, 224, 76, 182, 164, 37, 230, 64, 115, 44, 11, 131, 186, 200, 102, 30, 72, 112, 121, 6, 65, 85, 154, 154, 24, 194, 68, 194, 57, 75, 228, 175, 181, 192, 137, 29, 159, 46, 40, 21, 54, 117, 250, 7, 145, 160, 71, 254, 248, 77, 86, 39, 141, 134, 181, 70, 49, 191, 35, 249, 5, 98, 6, 18, 46, 245, 225, 115, 227, 88, 184, 110, 7, 41, 19, 184, 140, 154, 120, 195, 40, 138, 25, 28, 194, 39, 121, 204, 3, 228, 214, 104, 95, 129, 37, 198, 154, 72, 190, 135, 248, 174, 237, 223, 7, 117, 97, 79, 0, 61, 155, 179, 29, 84, 124, 48, 97, 172, 223, 17, 4, 107, 31, 124, 109, 109, 1, 117, 20, 236, 27, 54, 116, 135, 250, 18, 93, 114, 3, 160, 187, 108, 76, 211, 84, 108, 52, 37, 24, 8, 205, 213, 24, 242, 151, 242, 93, 105, 6, 174, 233, 166, 162, 172, 140, 85, 48, 71, 243, 189, 162, 130, 16, 189, 197, 96, 109, 121, 129, 31, 152, 100, 31, 207, 37, 120, 227, 201, 71, 212, 43, 245, 128, 14, 143, 70, 98, 226, 149, 66, 244, 106, 3, 152, 98, 23, 152, 136, 208, 185, 16, 28, 20, 220, 165, 230, 44, 153, 118, 147, 191, 37, 208, 194, 128, 227, 189, 40, 249, 126, 135, 253, 195, 126, 4, 11, 174, 244, 135, 81, 0, 238, 82, 44, 33, 147, 254, 165, 30, 162, 68, 154, 57, 208, 248, 111, 16, 102, 88, 145, 177, 79, 234, 209, 168, 186, 4, 28, 244, 124, 65, 209, 237, 71, 101, 46, 252, 105, 47, 213, 238, 69, 225, 138, 163, 115, 243, 101, 156, 17, 242, 68, 9, 87, 133, 223, 206, 130, 167, 7, 146, 95, 26, 54, 106, 44, 38, 3, 41, 72, 1, 206, 168, 85, 176, 230, 45, 113, 116, 126, 138, 123, 33, 133, 135, 64, 146, 53, 205, 94, 106, 128, 194, 45, 24, 71, 59, 135, 161, 15, 172, 114, 154, 237, 240, 183, 11, 60, 105, 206, 35, 68, 80, 76, 217, 140, 152, 75, 114, 182, 11, 195, 20, 121, 164, 226, 4, 157, 232, 37, 193, 24, 113, 0, 176, 11, 53, 181, 86, 154, 14, 66, 138, 240, 23, 97, 216, 71, 64, 172, 78, 119, 24, 216, 228, 56, 51, 25, 146, 189, 87, 55, 76, 45, 123, 101, 156, 167, 181, 64, 182, 81, 180, 127, 228, 117, 24, 96, 203, 135, 109, 190, 39, 52, 42, 49, 68, 216, 63, 191, 209, 110, 218, 177, 42, 8, 40, 182, 57, 223, 8, 224, 213, 122, 184, 135, 241, 194, 167, 42, 216, 120, 13, 1, 93, 163, 209, 208, 90, 126, 4, 7, 28, 210, 118, 173, 11, 15, 232, 198, 168, 191, 184, 221, 29, 233, 36, 62, 190, 86, 135, 166, 74, 54, 227, 78, 191, 229, 164, 166, 186, 165, 151, 105, 255, 249, 46, 41, 6, 10, 17, 246, 143, 161, 11, 179, 22, 91, 226, 250, 2, 90, 61, 217, 218, 141, 68, 171, 119, 44, 80, 242, 69, 202, 158, 101, 207, 200, 182, 251, 40, 1, 190, 210, 191, 154, 143, 47, 254, 172, 25, 173, 98, 21, 140, 200, 7, 173, 166, 253, 251, 230, 33, 40, 47, 178, 169, 169, 254, 66, 197, 56, 5, 0, 133, 45, 133, 47, 133, 6, 202, 17, 155, 128, 42, 237, 63, 123, 157, 157, 21, 151, 98, 82, 113, 137, 12, 157, 147, 5, 142, 186, 127, 92, 239, 9, 98, 129, 253, 173, 178, 69, 253, 130, 50, 169, 147, 80, 146, 164, 253, 224, 74, 181, 80, 76, 72, 6, 218, 146, 104, 131, 37, 19, 201, 21, 21, 28, 76, 13, 100, 19, 67, 101, 249, 124, 100, 79, 140, 161, 128, 174, 129, 123, 15, 251, 120, 151, 217, 93, 211, 248, 217, 160, 221, 195, 155, 225, 173, 44, 220, 83, 79, 210, 107, 148, 44, 35, 143, 200, 35, 127, 231, 13, 1, 118, 141, 205, 208, 171, 149, 174, 67, 208, 198, 172, 169, 172, 210, 48, 162, 4, 91, 72, 211, 241, 223, 251, 239, 252, 251, 49, 98, 218, 181, 245, 108, 67, 28, 134, 158, 249, 59, 87, 156, 1, 220, 108, 157, 82, 132, 210, 228, 33, 14, 16, 34, 113, 43, 247, 164, 185, 78, 138, 186, 177, 167, 205, 223, 101, 168, 153, 240, 31, 124, 118, 38, 121, 201, 211, 212, 254, 134, 158, 53, 0, 68, 177, 45, 108, 36, 129, 184, 75, 108, 61, 118, 79, 222, 25, 9, 184, 243, 202, 146, 64, 215, 188, 221, 215, 38, 187, 220, 218, 119, 187, 183, 36, 82, 174, 65, 33, 86, 82, 12, 122, 159, 33, 204, 177, 191, 22, 134, 48, 158, 81, 139, 123, 19, 244, 92, 24, 203, 37, 139, 152, 2, 202, 114, 8, 71, 165, 59, 31, 180, 113, 108, 235, 226, 32, 245, 181, 80, 150, 158, 86, 200, 114, 241, 196, 129, 207, 184, 207, 126, 168, 194, 244, 126, 197, 254, 3, 97, 238, 79, 42, 81, 199, 37, 6, 54, 49, 61, 165, 56, 73, 190, 94, 53, 94, 136, 61, 7, 47, 140, 162, 145, 101, 6, 247, 234, 89, 250, 39, 222, 100, 36, 8, 201, 71, 20, 37, 63, 147, 175, 119, 247, 9, 137, 108, 214, 29, 84, 137, 88, 79, 200, 64, 28, 98, 51, 19, 181, 75, 142, 13, 134, 93, 184, 237, 5, 62, 232, 224, 228, 37, 88, 19, 81, 73, 50, 101, 194, 34, 174, 84, 213, 207, 146, 108, 18, 181, 46, 51, 217, 5, 175, 7, 137, 188, 227, 75, 59, 243, 35, 14, 144, 218, 141, 156, 118, 144, 140, 6, 18, 62, 131, 182, 6, 89, 211, 182, 147, 3, 224, 222, 243, 87, 102, 41, 127, 95, 153, 221, 10, 172, 35, 184, 108, 14, 214, 33, 129, 18, 8, 51, 38, 56, 241, 197, 85, 76, 212, 205, 145, 138, 21, 133, 4, 45, 173, 30, 31, 35, 237, 122, 51, 200, 0, 24, 37, 216, 17, 13, 217, 84, 241, 147, 74, 87, 251, 102, 181, 224, 3, 31, 243, 193, 60, 167, 87, 55, 75, 45, 247, 171, 137, 110, 93, 36, 214, 45, 246, 19, 153, 249, 2, 139, 226, 163, 20, 56, 17, 90, 15, 115, 188, 79, 102, 0, 255, 70, 154, 27, 198, 17, 246, 61, 40, 49, 30, 19, 7, 148, 249, 192, 203, 212, 44, 55, 219, 219, 108, 210, 73, 78, 74, 83, 178, 90, 251, 44, 245, 91, 132, 132, 87, 21, 70, 144, 158, 175, 58, 239, 6, 200, 45, 138, 219, 182, 83, 127, 249, 208, 6, 185, 25, 22, 206, 180, 37, 31, 7, 19, 149, 125, 255, 61, 218, 13, 146, 36, 252, 1, 248, 96, 148, 155, 182, 145, 246, 22, 28, 115, 143, 22, 99, 239, 238, 254, 195, 148, 44, 224, 217, 90, 255, 162, 230, 243, 123, 19, 33, 142, 224, 130, 227, 98, 7, 187, 92, 180, 65, 23, 24, 134, 26, 5, 153, 55, 101, 111, 151, 174, 132, 56, 88, 105, 5, 142, 218, 8, 216, 14, 92, 141, 1, 43, 116, 64, 212, 13, 104, 17, 33, 205, 134, 211, 24, 222, 218, 38, 136, 69, 33, 46, 61, 133, 93, 254, 29, 53, 46, 159, 178, 34, 153, 95, 188, 166, 2, 186, 240, 105, 235, 204, 136, 6, 3, 174, 46, 183, 13, 216, 203, 90, 187, 26, 26, 162, 83, 124, 84, 42, 38, 24, 48, 34, 153, 154, 240, 23, 46, 242, 91, 226, 200, 27, 13, 137, 47, 20, 46, 226, 207, 145, 37, 136, 2, 66, 211, 103, 33, 172, 2, 13, 108, 250, 141, 6, 24, 53, 7, 109, 189, 8, 17, 214, 108, 128, 81, 189, 115, 201, 98, 134, 213, 9, 30, 57, 198, 249, 137, 242, 18, 103, 184, 4, 86, 191, 224, 15, 127, 253, 230, 246, 198, 201, 155, 231, 15, 72, 34, 143, 89, 254, 139, 159, 87, 167, 252, 91, 19, 2, 34, 66, 22, 156, 101, 42, 153, 155, 233, 40, 228, 97, 48, 196, 193, 253, 121, 97, 204, 110, 174, 98, 56, 83, 174, 101, 199, 53, 13, 13, 60, 28, 82, 185, 76, 248, 89, 238, 106, 8, 140, 24, 51, 251, 42, 35, 22, 182, 59, 228, 187, 73, 223, 59, 32, 33, 239, 195, 21, 133, 143, 193, 243, 32, 239, 16, 33, 140, 93, 97, 9, 153, 13, 26, 158, 88, 112, 215, 245, 247, 194, 241, 95, 206, 215, 42, 66, 125, 0, 38, 163, 94, 120, 119, 205, 39, 111, 96, 128, 50, 102, 75, 249, 168, 182, 31, 71, 241, 65, 88, 249, 94, 115, 20, 78, 100, 172, 26, 64, 47, 89, 109, 245, 16, 254, 238, 243, 211, 120, 9, 26, 216, 100, 31, 22, 134, 18, 17, 247, 62, 108, 159, 88, 28, 47, 104, 197, 184, 117, 172, 237, 254, 127, 224, 72, 157, 223, 220, 241, 69, 229, 2, 7, 44, 53, 60, 217, 28, 190, 39, 105, 206, 42, 171, 125, 141, 178, 64, 106, 76, 43, 61, 209, 64, 196, 30, 62, 198, 183, 76, 124, 54, 187, 86, 163, 182, 226, 225, 82, 76, 252, 10, 3, 141, 163, 250, 172, 45, 133, 167, 96, 93, 201, 241, 125, 13, 152, 226, 56, 65, 28, 188, 28, 225, 113, 191, 18, 217, 6, 174, 75, 13, 252, 47, 239, 168, 173, 113, 155, 12, 180, 27, 51, 22, 8, 111, 115, 64, 228, 47, 91, 169, 207, 7, 68, 222, 33, 90, 66, 200, 64, 80, 53, 187, 102, 37, 176, 20, 188, 222, 82, 44, 53, 57, 136, 19, 174, 63, 91, 34, 133, 179, 75, 243, 70, 189, 174, 210, 84, 132, 120, 251, 4, 236, 43, 83, 144, 38, 69, 19, 153, 179, 70, 159, 197, 217, 38, 174, 77, 139, 121, 214, 147, 186, 106, 84, 82, 182, 62, 157, 169, 216, 122, 139, 47, 230, 14, 196, 181, 35, 212, 42, 169, 137, 163, 247, 123, 136, 143, 102, 98, 174, 0, 206, 26, 4, 222, 78, 213, 170, 192, 132, 28, 12, 73, 35, 228, 183, 127, 251, 144, 17, 132, 244, 93, 150, 167, 20, 16, 101, 65, 152, 37, 75, 76, 175, 163, 238, 190, 58, 57, 131, 65, 58, 144, 170, 233, 240, 255, 80, 9, 17, 107, 35, 154, 147, 185, 122, 226, 158, 60, 64, 94, 160, 170, 60, 144, 141, 87, 236, 74, 167, 210, 133, 79, 217, 90, 24, 236, 225, 192, 176, 215, 48, 131, 9, 7, 120, 133, 28, 65, 17, 27, 89, 4, 43, 213, 113, 170, 216, 101, 142, 217, 75, 97, 158, 24, 79, 38, 111, 81, 148, 18, 21, 212, 0, 135, 26, 144, 254, 67, 185, 247, 6, 90, 123, 243, 40, 198, 15, 38, 146, 21, 80, 68, 180, 211, 170, 164, 96, 8, 60, 181, 222, 208, 168, 195, 60, 124, 10, 111, 72, 83, 254, 190, 99, 45, 170, 125, 121, 9, 3, 245, 105, 231, 123, 213, 215, 28, 40, 162, 141, 87, 141, 179, 67, 86, 59, 171, 72, 223, 48, 89, 178, 190, 221, 166, 161, 33, 31, 59, 80, 235, 230, 177, 42, 149, 13, 173, 62, 245, 233, 184, 124, 7, 216, 239, 139, 184, 200, 17, 129, 182, 31, 246, 120, 15, 111, 37, 19, 11, 141, 9, 102, 134, 239, 79, 78, 163, 121, 49, 149, 71, 190, 98, 160, 211, 31, 73, 19, 243, 249, 184, 241, 89, 14, 84, 150, 214, 151, 128, 245, 106, 218, 132, 109, 128, 139, 138, 58, 45, 217, 251, 188, 244, 97, 23, 181, 179, 18, 91, 82, 84, 111, 129, 83, 237, 40, 180, 236, 177, 20, 172, 79, 110, 7, 107, 73, 37, 149, 244, 3, 227, 73, 36, 183, 236, 170, 212, 180, 236, 176, 238, 46, 239, 65, 251, 163, 111, 31, 11, 23, 221, 116, 175, 4, 237, 118, 53, 254, 96, 237, 237, 154, 248, 250, 6, 137, 18, 85, 51, 24, 236, 192, 132, 188, 167, 221, 135, 211, 99, 42, 201, 248, 209, 254, 48, 133, 134, 111, 213, 29, 12, 103, 92, 58, 202, 1, 183, 82, 41, 9, 38, 194, 86, 135, 229, 149, 237, 187, 61, 37, 50, 38, 185, 220, 201, 66, 232, 70, 119, 182, 87, 99, 108, 213, 93, 69, 217, 243, 112, 246, 4, 249, 132, 202, 178, 182, 71, 142, 176, 128, 42, 55, 59, 31, 100, 110, 18, 73, 169, 200, 220, 104, 120, 145, 155, 0, 120, 102, 133, 245, 159, 186, 4, 9, 148, 141, 16, 195, 181, 24, 2, 15, 16, 11, 91, 45, 47, 31, 117, 91, 229, 200, 240, 100, 155, 174, 47, 44, 229, 47, 17, 46, 16, 130, 203, 128, 183, 138, 15, 246, 178, 243, 229, 123, 214, 163, 145, 19, 224, 55, 70, 70, 23, 10, 71, 47, 97, 46, 212, 1, 9, 186, 253, 83, 172, 63, 19, 91, 181, 79, 62, 192, 192, 99, 237, 6, 100, 102, 237, 44, 155, 154, 123, 253, 30, 242, 213, 115, 46, 190, 229, 211, 63, 193, 23, 122, 241, 42, 56, 219, 206, 91, 193, 186, 82, 221, 6, 20, 118, 59, 87, 9, 205, 25, 204, 89, 122, 188, 230, 21, 216, 69, 159, 215, 249, 153, 13, 217, 107, 129, 79, 34, 15, 248, 190, 177, 235, 139, 111, 117, 66, 92, 81, 22, 251, 56, 191, 85, 123, 146, 16, 134, 215, 89, 29, 86, 225, 73, 203, 0, 55, 146, 232, 94, 39, 49, 206, 117, 138, 135, 159, 208, 142, 173, 62, 46, 92, 6, 137, 209, 88, 85, 215, 200, 57, 206, 13, 30, 248, 5, 122, 4, 63, 116, 92, 239, 39, 57, 165, 9, 121, 233, 135, 181, 154, 213, 186, 11, 168, 240, 147, 7, 109, 0, 80, 220, 118, 50, 209, 107, 160, 111, 202, 219, 63, 171, 34, 22, 231, 82, 32, 160, 111, 108, 201, 116, 120, 146, 235, 38, 247, 254, 72, 135, 239, 70, 168, 62, 212, 196, 196, 70, 56, 112, 156, 142, 192, 111, 216, 63, 254, 198, 223, 116, 4, 47, 130, 54, 45, 38, 99, 22, 187, 144, 158, 73, 249, 168, 159, 255, 172, 75, 35, 8, 26, 129, 221, 213, 21, 152, 175, 113, 124, 192, 43, 29, 12, 179, 218, 163, 20, 53, 200, 27, 14, 7, 55, 128, 86, 132, 164, 40, 15, 4, 181, 38, 83, 95, 78, 18, 193, 20, 3, 74, 218, 228, 185, 20, 111, 194, 25, 62, 80, 198, 12, 37, 64, 85, 125, 123, 62, 102, 131, 25, 177, 231, 60, 247, 88, 112, 72, 232, 171, 126, 40, 198, 139, 0, 214, 169, 107, 213, 74, 69, 76, 62, 10, 31, 78, 5, 225, 14, 50, 203, 197, 189, 74, 155, 70, 75, 42, 103, 219, 126, 156, 76, 188, 90, 104, 197, 10, 58, 140, 164, 180, 168, 23, 225, 150, 25, 204, 34, 242, 236, 165, 82, 190, 200, 134, 102, 248, 63, 187, 211, 181, 199, 192, 32, 128, 180, 45, 58, 231, 112, 133, 103, 187, 142, 172, 207, 0, 43, 193, 52, 244, 218, 243, 44, 202, 201, 98, 205, 235, 64, 95, 108, 208, 228, 234, 182, 11, 75, 143, 88, 76, 11, 210, 67, 253, 80, 62, 74, 100, 3, 86, 25, 230, 137, 246, 110, 196, 219, 135, 200, 46, 219, 253, 70, 228, 30, 137, 59, 56, 37, 235, 28, 74, 52, 76, 38, 107, 24, 233, 45, 214, 1, 64, 40, 218, 14, 159, 114, 109, 85, 175, 104, 198, 32, 196, 238, 217, 86, 216, 243, 216, 53, 236, 56, 70, 107, 121, 154, 163, 209, 76, 4, 121, 35, 213, 108, 129, 135, 245, 21, 242, 151, 208, 166, 126, 77, 151, 7, 124, 230, 235, 102, 4, 91, 90, 64, 82, 71, 50, 144, 232, 73, 227, 115, 130, 4, 138, 101, 164, 54, 244, 214, 31, 77, 175, 43, 53, 52, 115, 118, 213, 227, 188, 57, 216, 42, 37, 87, 209, 120, 188, 142, 153, 225, 232, 114, 98, 36, 102, 89, 242, 55, 99, 116, 147, 115, 11, 232, 171, 119, 171, 7, 7, 238, 119, 192, 147, 170, 212, 89, 152, 159, 95, 223, 124, 192, 142, 208, 78, 23, 92, 174, 2, 110, 29, 45, 250, 222, 42, 118, 74, 187, 120, 50, 45, 48, 29, 2, 170, 16, 47, 252, 137, 162, 191, 126, 224, 211, 76, 213, 241, 33, 131, 141, 105, 3, 211, 164, 13, 178, 222, 133, 141, 255, 130, 121, 205, 85, 54, 226, 163, 197, 81, 3, 97, 94, 186, 132, 126, 134, 66, 40, 195, 30, 254, 220, 191, 2, 152, 105, 56, 69, 79, 161, 171, 133, 227, 186, 206, 172, 149, 189, 104, 102, 62, 42, 136, 190, 151, 232, 188, 20, 248, 79, 17, 1, 190, 127, 49, 73, 125, 51, 0, 233, 196, 145, 10, 160, 50, 107, 151, 48, 42, 59, 218, 98, 244, 231, 234, 6, 16, 179, 188, 163, 242, 135, 200, 15, 95, 8, 44, 188, 93, 144, 232, 105, 217, 90, 197, 101, 255, 13, 162, 129, 15, 111, 182, 163, 65, 127, 92, 163, 224, 69, 157, 158, 90, 6, 153, 47, 97, 57, 72, 109, 8, 183, 171, 49, 247, 96, 189, 21, 16, 196, 109, 77, 246, 82, 98, 178, 172, 181, 1, 238, 213, 16, 3, 54, 93, 233, 132, 3, 254, 244, 114, 116, 220, 23, 116, 185, 155, 185, 49, 214, 137, 48, 242, 233, 118, 243, 96, 47, 72, 190, 230, 64, 13, 79, 246, 135, 252, 155, 136, 26, 103, 229, 194, 98, 208, 255, 55, 105, 231, 63, 119, 22, 246, 179, 64, 168, 107, 31, 55, 211, 48, 14, 0, 152, 155, 156, 136, 159, 176, 66, 39, 15, 236, 43, 152, 95, 238, 45, 222, 58, 113, 79, 215, 225, 118, 153, 94, 105, 23, 96, 203, 170, 163, 76, 254, 54, 126, 44, 214, 73, 142, 31, 177, 12, 254, 157, 23, 35, 206, 151, 62, 254, 119, 242, 86, 118, 52, 28, 240, 251, 214, 125, 221, 241, 70, 239, 80, 166, 41, 35, 91, 70, 223, 202, 9, 45, 30, 151, 92, 172, 149, 54, 122, 114, 251, 174, 167, 66, 2, 228, 154, 45, 50, 44, 188, 113, 52, 15, 248, 218, 56, 121, 106, 133, 57, 101, 218, 29, 207, 136, 228, 128, 109, 118, 43, 111, 116, 249, 120, 120, 214, 230, 214, 124, 132, 196, 148, 169, 146, 209, 211, 105, 163, 173, 104, 209, 165, 166, 191, 7, 70, 13, 122, 57, 150, 113, 23, 241, 238, 95, 117, 242, 30, 130, 251, 106, 151, 2, 92, 221, 80, 191, 77, 95, 233, 228, 66, 40, 198, 146, 25, 4, 191, 94, 70, 227, 65, 22, 64, 234, 149, 219, 49, 193, 219, 168, 159, 47, 184, 169, 118, 30, 235, 105, 58, 231, 107, 110, 234, 28, 219, 49, 144, 11, 248, 86, 252, 77, 113, 185, 226, 37, 166, 31, 190, 177, 6, 93, 183, 175, 210, 218, 10, 73, 158, 92, 19, 202, 90, 130, 50, 51, 86, 22, 98, 10, 231, 236, 26, 247, 108, 82, 209, 178, 249, 43, 94, 43, 153, 66, 120, 63, 252, 96, 59, 224, 97, 37, 190, 224, 148, 42, 196, 145, 138, 177, 198, 13, 99, 188, 30, 117, 134, 226, 96, 51, 238, 74, 178, 92, 179, 127, 4, 71, 227, 213, 64, 65, 237, 89, 93, 145, 239, 175, 74, 213, 24, 86, 39, 1, 149, 82, 141, 129, 230, 141, 190, 80, 149, 68, 36, 201, 178, 88, 239, 181, 114, 72, 175, 73, 228, 153, 153, 83, 206, 107, 232, 58, 202, 222, 185, 47, 201, 162, 215, 180, 97, 205, 105, 161, 76, 128, 80, 150, 254, 244, 173, 254, 219, 45, 132, 39, 35, 35, 139, 72, 194, 132, 207, 163, 197, 97, 102, 4, 90, 15, 66, 54, 20, 108, 178, 88, 119, 209, 149, 57, 208, 65, 47, 110, 57, 204, 97, 36, 125, 159, 247, 178, 71, 13, 2, 48, 179, 78, 122, 5, 134, 70, 126, 133, 44, 152, 26, 120, 69, 181, 51, 62, 234, 26, 193, 251, 67, 100, 142, 1, 12, 130, 164, 149, 40, 107, 254, 106, 48, 103, 41, 21, 217, 250, 49, 164, 125, 221, 218, 107, 0, 248, 194, 165, 71, 235, 72, 228, 138, 207, 212, 79, 21, 150, 196, 62, 98, 69, 157, 150, 74, 23, 189, 39, 232, 54, 211, 183, 42, 182, 43, 186, 208, 4, 90, 190, 155, 64, 49, 154, 136, 42, 175, 26, 73, 149, 91, 77, 157, 98, 163, 124, 235, 184, 208, 0, 13, 153, 54, 85, 215, 89, 243, 85, 244, 8, 172, 41, 43, 205, 20, 163, 178, 126, 221, 30, 81, 97, 253, 239, 45, 124, 243, 192, 159, 165, 69, 35, 252, 113, 14, 214, 154, 185, 237, 72, 241, 67, 151, 36, 190, 152, 219, 52, 194, 224, 109, 186, 243, 38, 33, 108, 213, 87, 99, 170, 70, 138, 16, 13, 230, 87, 19, 127, 163, 127, 117, 148, 47, 120, 155, 132, 177, 35, 79, 167, 86, 224, 22, 158, 37, 4, 184, 14, 90, 251, 55, 227, 24, 153, 230, 23, 198, 153, 188, 102, 49, 139, 108, 1, 224, 248, 134, 10, 154, 119, 238, 19, 126, 35, 49, 127, 100, 0, 102, 49, 139, 201, 90, 48, 63, 79, 4, 45, 180, 204, 235, 60, 244, 159, 73, 254, 154, 14, 208, 53, 33, 227, 71, 24, 67, 188, 28, 71, 148, 143, 86, 153, 129, 38, 134, 124, 102, 231, 134, 13, 236, 65, 11, 204, 197, 237, 229, 29, 20, 135, 233, 220, 57, 109, 48, 59, 180, 127, 165, 207, 59, 181, 75, 209, 4, 136, 102, 216, 33, 186, 205, 24, 67, 32, 142, 199, 237, 83, 185, 61, 193, 245, 47, 176, 50, 208, 89, 201, 175, 208, 121, 141, 124, 171, 67, 136, 10, 152, 105, 94, 153, 179, 88, 37, 200, 108, 25, 70, 125, 10, 53, 240, 122, 120, 135, 68, 140, 53, 159, 207, 144, 214, 155, 57, 29, 125, 201, 91, 250, 105, 186, 32, 42, 101, 100, 25, 32, 138, 161, 231, 122, 198, 66, 154, 166, 136, 105, 44, 187, 220, 111, 209, 54, 172, 0, 16, 236, 212, 181, 168, 232, 159, 133, 243, 17, 204, 126, 31, 161, 100, 101, 235, 27, 26, 116, 203, 252, 249, 74, 154, 173, 95, 251, 248, 35, 26, 16, 160, 48, 91, 128, 120, 215, 1, 93, 237, 9, 118, 132, 44, 206, 42, 200, 222, 221, 98, 204, 10, 56, 85, 157, 142, 233, 205, 183, 4, 131, 37, 93, 119, 227, 97, 188, 40, 35, 35, 161, 244, 85, 240, 217, 18, 3, 44, 32, 129, 107, 139, 178, 206, 175, 88, 122, 62, 113, 140, 204, 238, 24, 164, 145, 253, 66, 83, 187, 150, 21, 204, 89, 236, 145, 244, 6, 37, 151, 193, 166, 79, 41, 178, 70, 58, 197, 26, 28, 158, 0, 154, 149, 116, 28, 50, 89, 124, 24, 22, 27, 120, 92, 106, 125, 47, 105, 41, 240, 42, 125, 198, 180, 153, 46, 192, 145, 28, 224, 36, 204, 215, 215, 208, 176, 240, 203, 139, 28, 45, 253, 189, 17, 205, 14, 8, 109, 128, 47, 50, 249, 23, 205, 102, 222, 54, 250, 148, 119, 191, 24, 46, 167, 3, 88, 40, 53, 141, 179, 195, 35, 28, 109, 118, 148, 242, 99, 55, 253, 235, 22, 234, 45, 19, 217, 73, 248, 107, 79, 137, 250, 202, 248, 250, 2, 57, 166, 149, 95, 172, 47, 212, 121, 56, 141, 8, 1, 31, 74, 79, 76, 64, 192, 203, 191, 3, 117, 123, 4, 4, 219, 118, 221, 193, 176, 128, 72, 241, 5, 97, 100, 149, 39, 183, 56, 32, 161, 28, 136, 247, 98, 5, 167, 158, 78, 83, 96, 13, 48, 94, 222, 93, 184, 40, 95, 160, 208, 10, 35, 183, 249, 135, 79, 160, 253, 156, 122, 234, 61, 250, 61, 173, 6, 193, 98, 29, 0, 131, 73, 16, 225, 67, 85, 245, 201, 201, 56, 135, 171, 193, 134, 148, 200, 130, 223, 120, 215, 71, 102, 218, 194, 158, 234, 15, 172, 128, 165, 190, 186, 146, 179, 2, 159, 189, 204, 211, 68, 50, 55, 162, 24, 24, 115, 224, 74, 67, 84, 64, 163, 112, 223, 164, 212, 168, 116, 112, 83, 122, 48, 49, 236, 103, 64, 18, 76, 230, 223, 240, 150, 46, 66, 207, 219, 104, 217, 106, 4, 215, 148, 61, 170, 115, 129, 2, 109, 97, 56, 64, 44, 170, 0, 78, 24, 232, 133, 40, 147, 201, 120, 161, 240, 114, 178, 116, 57, 119, 42, 56, 51, 105, 238, 133, 97, 9, 70, 56, 12, 210, 52, 46, 109, 5, 81, 208, 147, 170, 242, 28, 149, 193, 4, 77, 251, 230, 171, 253, 202, 191, 6, 250, 4, 210, 182, 14, 230, 35, 152, 78, 122, 216, 37, 90, 85, 60, 188, 54, 12, 202, 42, 31, 16, 230, 239, 230, 123, 59, 46, 184, 187, 25, 114, 53, 95, 6, 223, 68, 19, 138, 57, 16, 161, 16, 245, 141, 225, 0, 227, 70, 14, 82, 121, 4, 12, 37, 14, 142, 47, 133, 106, 6, 102, 209, 103, 106, 72, 6, 97, 228, 216, 68, 144, 124, 45, 158, 197, 1, 212, 53, 231, 90, 207, 13, 37, 15, 72, 242, 14, 210, 29, 202, 48, 218, 132, 120, 254, 144, 11, 196, 8, 145, 28, 4, 210, 80, 12, 61, 18, 202, 105, 146, 168, 242, 239, 161, 46, 10, 169, 99, 218, 109, 4, 69, 122, 167, 172, 188, 186, 126, 88, 215, 170, 238, 98, 72, 148, 221, 67, 142, 126, 232, 70, 59, 4, 69, 108, 66, 96, 6, 80, 100, 248, 210, 138, 243, 16, 41, 105, 156, 40, 49, 84, 232, 97, 181, 200, 38, 212, 225, 120, 163, 74, 99, 15, 185, 4, 146, 47, 216, 255, 7, 29, 92, 44, 126, 102, 106, 87, 179, 223, 218, 127, 119, 31, 110, 79, 100, 169, 72, 11, 244, 155, 66, 184, 96, 33, 183, 130, 251, 84, 101, 4, 11, 51, 185, 79, 60, 69, 2, 236, 0, 254, 83, 10, 10, 72, 48, 47, 29, 2, 134, 0, 111, 7, 198, 79, 106, 19, 104, 142, 249, 180, 0, 96, 13, 160, 119, 242, 103, 200, 108, 74, 144, 204, 83, 37, 253, 185, 18, 237, 52, 33, 214, 84, 135, 87, 143, 200, 9, 215, 52, 24, 5, 192, 128, 92, 23, 18, 247, 247, 82, 145, 179, 66, 59, 101, 43, 9, 159, 3, 210, 247, 192, 153, 128, 91, 171, 113, 14, 75, 241, 128, 195, 4, 20, 31, 4, 246, 6, 25, 4, 46, 81, 69, 153, 46, 246, 254, 155, 66, 96, 117, 31, 145, 32, 207, 153, 177, 209, 122, 255, 45, 25, 220, 203, 103, 203, 68, 127, 56, 26, 82, 57, 90, 242, 188, 197, 40, 179, 77, 107, 144, 152, 59, 45, 203, 132, 47, 5, 99, 156, 229, 197, 80, 3, 193, 123, 28, 10, 64, 182, 2, 30, 245, 247, 247, 140, 231, 141, 64, 225, 213, 206, 163, 67, 68, 144, 245, 183, 87, 44, 75, 188, 96, 114, 130, 8, 201, 200, 4, 110, 164, 67, 25, 46, 167, 223, 21, 170, 65, 55, 82, 102, 228, 241, 152, 93, 96, 30, 115, 37, 217, 224, 227, 21, 103, 58, 82, 223, 171, 232, 115, 5, 103, 43, 162, 4, 156, 90, 144, 48, 51, 202, 243, 159, 186, 38, 41, 122, 216, 75, 23, 128, 190, 251, 0, 113, 128, 65, 212, 30, 29, 108, 231, 167, 49, 191, 56, 17, 129, 90, 165, 23, 0, 83, 112, 49, 189, 221, 122, 236, 2, 182, 203, 169, 112, 218, 55, 212, 38, 8, 130, 157, 186, 150, 98, 49, 37, 143, 37, 46, 78, 151, 168, 50, 196, 159, 172, 2, 167, 146, 145, 217, 169, 57, 52, 99, 73, 122, 131, 13, 170, 168, 209, 49, 155, 127, 6, 204, 218, 209, 196, 2, 157, 3, 172, 126, 218, 165, 201, 60, 115, 141, 119, 90, 110, 45, 188, 217, 132, 69, 18, 220, 166, 55, 129, 43, 249, 220, 165, 93, 184, 56, 12, 27, 122, 20, 5, 189, 122, 97, 208, 197, 29, 180, 44, 203, 92, 181, 41, 204, 16, 13, 228, 178, 231, 237, 151, 80, 230, 161, 215, 227, 211, 165, 29, 7, 160, 30, 86, 131, 64, 120, 97, 3, 198, 170, 254, 66, 117, 184, 100, 93, 75, 97, 233, 220, 220, 124, 177, 86, 144, 152, 52, 188, 156, 235, 61, 20, 25, 182, 92, 165, 93, 185, 4, 68, 190, 97, 131, 217, 145, 133, 191, 100, 183, 108, 150, 37, 182, 28, 122, 46, 136, 63, 244, 54, 245, 103, 238, 43, 163, 53, 71, 194, 163, 179, 64, 67, 155, 253, 58, 207, 144, 103, 103, 177, 166, 58, 133, 151, 242, 192, 174, 221, 159, 195, 27, 161, 117, 18, 6, 30, 222, 162, 180, 163, 106, 82, 240, 47, 211, 93, 32, 152, 47, 130, 177, 50, 27, 245, 143, 139, 79, 131, 231, 161, 243, 189, 173, 189, 25, 152, 25, 36, 204, 216, 206, 60, 230, 242, 155, 157, 40, 107, 28, 242, 111, 159, 167, 1, 241, 41, 73, 251, 114, 0, 182, 100, 27, 161, 106, 230, 118, 188, 166, 37, 12, 176, 72, 146, 127, 9, 216, 125, 82, 134, 119, 37, 246, 243, 33, 163, 143, 115, 80, 23, 95, 213, 167, 133, 177, 202, 32, 230, 89, 116, 154, 11, 55, 21, 85, 241, 173, 228, 195, 140, 115, 55, 198, 182, 165, 93, 231, 68, 23, 36, 47, 199, 93, 114, 223, 244, 232, 106, 241, 82, 127, 227, 18, 38, 151, 60, 250, 244, 103, 41, 68, 92, 26, 180, 20, 106, 220, 155, 164, 195, 156, 91, 247, 100, 206, 239, 21, 150, 67, 58, 222, 232, 48, 68, 130, 13, 76, 181, 75, 108, 116, 188, 130, 74, 226, 44, 62, 21, 208, 70, 249, 232, 61, 210, 47, 166, 176, 238, 90, 130, 179, 191, 227, 78, 224, 90, 71, 4, 83, 175, 14, 8, 205, 149, 94, 3, 184, 77, 202, 153, 76, 8, 144, 175, 243, 15, 252, 127, 5, 224, 197, 189, 173, 157, 79, 78, 24, 70, 14, 24, 41, 81, 105, 153, 147, 230, 188, 199, 84, 221, 42, 205, 241, 197, 15, 34, 82, 67, 254, 144, 107, 56, 197, 23, 244, 8, 4, 109, 210, 242, 96, 44, 69, 38, 188, 63, 59, 240, 143, 250, 159, 9, 131, 235, 238, 59, 64, 245, 212, 140, 187, 252, 246, 255, 203, 27, 24, 218, 48, 249, 70, 26, 71, 45, 89, 22, 240, 194, 180, 14, 101, 51, 166, 81, 218, 184, 154, 2, 232, 51, 19, 56, 36, 137, 87, 4, 110, 187, 171, 246, 239, 7, 244, 165, 111, 48, 59, 103, 134, 104, 246, 236, 115, 220, 88, 7, 142, 135, 133, 0, 10, 117, 37, 112, 0, 177, 245, 231, 76, 92, 144, 228, 238, 66, 178, 1, 98, 8, 124, 178, 27, 227, 160, 50, 244, 182, 98, 115, 80, 83, 235, 99, 228, 148, 68, 232, 54, 83, 67, 174, 186, 253, 11, 80, 215, 215, 67, 25, 87, 44, 154, 222, 83, 107, 238, 172, 137, 249, 220, 115, 138, 28, 235, 22, 67, 74, 129, 28, 230, 235, 78, 115, 56, 99, 129, 48, 4, 70, 214, 54, 6, 20, 72, 76, 35, 229, 27, 7, 13, 171, 132, 232, 71, 170, 238, 39, 185, 29, 126, 79, 98, 182, 26, 69, 109, 200, 33, 192, 157, 142, 101, 229, 20, 45, 235, 162, 178, 167, 16, 9, 245, 240, 61, 33, 165, 211, 132, 5, 73, 96, 61, 143, 150, 45, 83, 204, 41, 174, 239, 8, 233, 119, 90, 15, 97, 20, 231, 210, 217, 49, 240, 205, 219, 132, 160, 102, 2, 150, 165, 190, 2, 29, 251, 31, 215, 142, 145, 61, 14, 168, 45, 26, 249, 231, 171, 72, 26, 16, 34, 48, 143, 197, 229, 205, 61, 28, 71, 228, 21, 121, 241, 9, 255, 199, 221, 76, 200, 251, 176, 130, 54, 108, 5, 192, 214, 175, 5, 112, 207, 4, 150, 100, 119, 106, 202, 84, 153, 169, 226, 70, 183, 210, 103, 96, 121, 237, 75, 112, 27, 32, 238, 29, 113, 144, 139, 64, 235, 240, 153, 238, 45, 31, 71, 173, 185, 117, 243, 212, 174, 162, 238, 207, 110, 68, 22, 3, 18, 43, 99, 235, 29, 175, 209, 6, 81, 81, 243, 24, 40, 210, 32, 195, 140, 24, 124, 228, 68, 94, 111, 184, 19, 69, 251, 76, 31, 235, 230, 115, 18, 93, 11, 56, 184, 238, 40, 122, 177, 72, 42, 26, 188, 90, 89, 218, 208, 1, 72, 145, 16, 250, 192, 72, 107, 156, 231, 119, 145, 23, 204, 169, 43, 196, 12, 185, 61, 176, 179, 74, 48, 55, 135, 91, 98, 22, 207, 95, 164, 42, 201, 173, 143, 59, 43, 176, 123, 202, 224, 197, 153, 199, 131, 91, 217, 53, 81, 151, 51, 177, 104, 80, 188, 229, 234, 223, 124, 70, 117, 143, 98, 27, 194, 62, 207, 173, 181, 38, 199, 212, 73, 156, 116, 180, 2, 162, 19, 42, 83, 76, 234, 197, 247, 97, 223, 213, 40, 181, 80, 83, 177, 174, 58, 19, 42, 22, 232, 25, 93, 19, 12, 220, 253, 40, 253, 127, 155, 224, 88, 131, 252, 94, 151, 110, 33, 184, 124, 145, 160, 47, 18, 202, 222, 86, 137, 42, 164, 139, 212, 26, 248, 241, 179, 188, 133, 111, 143, 84, 16, 122, 241, 73, 128, 227, 1, 34, 143, 148, 155, 156, 27, 19, 203, 232, 248, 11, 152, 6, 240, 3, 152, 85, 218, 209, 65, 169, 10, 70, 10, 15, 49, 156, 152, 154, 161, 203, 209, 89, 100, 160, 236, 142, 197, 126, 116, 34, 74, 16, 88, 9, 59, 207, 64, 48, 42, 80, 94, 189, 186, 92, 19, 72, 205, 75, 93, 18, 78, 147, 133, 127, 123, 221, 62, 162, 148, 244, 72, 242, 175, 77, 206, 4, 189, 108, 136, 218, 3, 37, 195, 141, 46, 157, 167, 5, 102, 119, 31, 38, 121, 20, 41, 165, 166, 185, 111, 99, 253, 97, 149, 209, 130, 131, 248, 27, 21, 42, 181, 67, 215, 187, 143, 237, 217, 123, 19, 57, 104, 247, 68, 100, 10, 231, 132, 164, 243, 102, 195, 96, 109, 25, 250, 11, 181, 171, 184, 35, 132, 214, 69, 25, 7, 176, 176, 25, 234, 182, 86, 140, 223, 234, 26, 142, 225, 179, 238, 213, 125, 10, 54, 86, 66, 209, 123, 10, 108, 164, 235, 10, 152, 220, 213, 126, 71, 161, 214, 137, 125, 55, 125, 153, 129, 13, 50, 112, 119, 19, 83, 246, 201, 192, 99, 48, 41, 28, 225, 88, 38, 165, 38, 27, 55, 26, 49, 187, 50, 136, 217, 209, 77, 40, 229, 182, 249, 91, 81, 36, 22, 251, 43, 102, 166, 177, 89, 30, 191, 196, 53, 68, 159, 136, 157, 22, 1, 66, 109, 77, 143, 182, 119, 169, 212, 16, 67, 146, 130, 219, 40, 53, 96, 192, 246, 97, 130, 198, 104, 151, 95, 174, 188, 22, 73, 47, 246, 12, 174, 46, 238, 113, 67, 188, 185, 120, 162, 255, 103, 63, 83, 195, 64, 85, 253, 164, 103, 165, 130, 11, 145, 172, 163, 126, 33, 135, 9, 37, 61, 3, 133, 63, 193, 153, 19, 41, 219, 24, 194, 250, 122, 250, 237, 130, 15, 91, 249, 238, 244, 38, 23, 72, 118, 214, 165, 233, 78, 34, 207, 132, 17, 12, 143, 61, 62, 212, 51, 92, 101, 224, 54, 251, 93, 148, 248, 62, 59, 68, 23, 226, 41, 10, 210, 183, 225, 154, 87, 212, 8, 148, 79, 175, 26, 3, 140, 160, 207, 250, 0, 196, 41, 60, 67, 153, 121, 61, 3, 70, 51, 82, 127, 18, 65, 32, 141, 155, 192, 80, 193, 73, 136, 64, 205, 213, 39, 33, 217, 166, 197, 69, 208, 54, 99, 255, 114, 91, 197, 5, 48, 221, 107, 164, 23, 11, 9, 239, 23, 253, 29, 196, 42, 189, 197, 27, 197, 103, 165, 44, 48, 185, 252, 52, 18, 19, 63, 18, 188, 44, 134, 51, 203, 134, 186, 254, 0, 65, 163, 211, 187, 105, 247, 43, 81, 93, 136, 18, 144, 70, 43, 33, 153, 199, 118, 91, 139, 19, 41, 178, 142, 39, 155, 117, 107, 235, 185, 238, 43, 18, 25, 6, 169, 220, 228, 54, 172, 177, 250, 165, 60, 181, 207, 14, 141, 100, 155, 162, 11, 39, 83, 65, 73, 71, 113, 113, 254, 101, 207, 185, 3, 140, 36, 47, 5, 103, 54, 165, 69, 140, 70, 106, 210, 73, 178, 16, 37, 167, 104, 154, 31, 166, 74, 2, 80, 44, 53, 86, 7, 44, 99, 120, 202, 7, 127, 225, 226, 194, 161, 34, 64, 101, 46, 88, 85, 209, 30, 14, 71, 209, 139, 6, 226, 17, 62, 159, 148, 103, 75, 32, 239, 39, 243, 86, 3, 88, 159, 89, 16, 36, 107, 242, 164, 181, 44, 177, 220, 243, 107, 31, 13, 109, 21, 30, 193, 34, 201, 6, 95, 148, 207, 181, 240, 186, 224, 161, 55, 102, 239, 127, 113, 136, 168, 187, 213, 191, 72, 251, 12, 225, 89, 15, 21, 214, 239, 198, 244, 82, 29, 181, 4, 246, 96, 128, 144, 184, 36, 64, 201, 185, 70, 94, 225, 208, 118, 54, 198, 205, 145, 7, 134, 215, 208, 29, 223, 109, 255, 5, 60, 117, 254, 56, 168, 107, 52, 214, 188, 51, 188, 23, 238, 190, 141, 37, 30, 223, 69, 91, 64, 206, 157, 182, 67, 169, 127, 11, 229, 157, 120, 226, 14, 238, 242, 177, 8, 114, 182, 135, 52, 134, 110, 161, 34, 218, 87, 246, 220, 16, 68, 144, 50, 7, 93, 209, 225, 170, 89, 12, 26, 117, 50, 164, 224, 83, 105, 148, 35, 211, 254, 191, 39, 127, 131, 68, 122, 111, 216, 100, 205, 66, 125, 28, 70, 85, 14, 70, 17, 122, 71, 1, 19, 74, 76, 136, 216, 198, 54, 63, 207, 158, 207, 184, 20, 66, 156, 142, 6, 70, 3, 38, 230, 36, 178, 56, 174, 136, 49, 187, 2, 39, 235, 13, 239, 94, 32, 240, 129, 40, 35, 52, 216, 90, 251, 147, 177, 139, 187, 113, 212, 246, 243, 122, 98, 114, 172, 162, 150, 27, 17, 43, 45, 145, 73, 31, 147, 127, 195, 62, 3, 39, 149, 176, 123, 14, 29, 48, 27, 50, 21, 151, 122, 186, 96, 175, 124, 73, 45, 151, 221, 122, 207, 202, 137, 177, 71, 25, 216, 140, 25, 157, 249, 215, 88, 220, 215, 76, 114, 222, 179, 156, 60, 158, 141, 93, 68, 87, 29, 107, 88, 255, 52, 27, 26, 33, 234, 121, 124, 19, 135, 72, 171, 223, 72, 49, 184, 1, 168, 137, 118, 164, 150, 0, 205, 76, 94, 221, 190, 97, 200, 248, 194, 228, 172, 186, 33, 74, 236, 249, 5, 27, 210, 128, 245, 94, 76, 241, 114, 120, 134, 31, 255, 94, 223, 126, 242, 12, 25, 51, 135, 114, 88, 69, 229, 143, 40, 162, 179, 121, 131, 55, 75, 5, 239, 5, 222, 119, 99, 195, 185, 93, 106, 175, 17, 109, 154, 207, 247, 222, 129, 139, 74, 195, 138, 199, 186, 31, 163, 21, 132, 230, 1, 240, 127, 37, 119, 26, 227, 98, 103, 19, 242, 155, 169, 22, 199, 21, 185, 100, 246, 152, 75, 80, 40, 132, 51, 2, 181, 97, 22, 121, 223, 218, 185, 195, 69, 3, 236, 236, 169, 16, 93, 153, 211, 60, 57, 221, 113, 8, 90, 110, 100, 123, 255, 64, 119, 95, 2, 107, 0, 99, 20, 237, 147, 215, 78, 95, 109, 3, 157, 153, 28, 155, 172, 52, 140, 91, 54, 207, 198, 86, 167, 88, 117, 20, 37, 184, 90, 61, 109, 234, 207, 192, 62, 202, 1, 154, 67, 122, 254, 15, 157, 185, 219, 164, 140, 71, 78, 157, 92, 239, 217, 197, 220, 142, 191, 38, 131, 103, 165, 220, 176, 170, 195, 11, 22, 65, 231, 210, 229, 68, 104, 46, 117, 171, 132, 188, 224, 201, 19, 59, 184, 206, 53, 132, 187, 107, 241, 167, 157, 172, 38, 42, 18, 230, 217, 67, 78, 108, 43, 170, 255, 98, 172, 39, 200, 3, 14, 204, 202, 66, 165, 47, 92, 113, 54, 30, 91, 196, 232, 9, 15, 23, 230, 182, 52, 197, 71, 6, 222, 235, 49, 237, 228, 21, 43, 38, 208, 176, 101, 107, 16, 115, 252, 54, 226, 27, 10, 45, 194, 149, 79, 70, 142, 58, 105, 218, 176, 26, 138, 32, 250, 167, 248, 79, 98, 211, 126, 25, 46, 94, 55, 163, 131, 61, 180, 62, 126, 70, 162, 244, 220, 234, 236, 125, 248, 34, 7, 133, 39, 175, 204, 135, 75, 76, 168, 201, 6, 61, 1, 19, 88, 8, 79, 167, 107, 223, 173, 129, 35, 135, 94, 7, 205, 56, 58, 194, 151, 15, 235, 44, 254, 57, 111, 173, 222, 178, 75, 141, 173, 154, 235, 21, 28, 165, 161, 69, 36, 74, 131, 187, 186, 91, 246, 96, 65, 86, 69, 237, 168, 58, 218, 245, 99, 45, 0, 221, 109, 175, 163, 23, 133, 249, 250, 19, 236, 22, 158, 136, 90, 168, 26, 231, 37, 14, 232, 179, 254, 161, 116, 142, 215, 27, 224, 74, 78, 173, 104, 21, 214, 92, 209, 125, 235, 64, 149, 15, 197, 218, 13, 105, 24, 251, 120, 172, 6, 132, 123, 104, 190, 49, 21, 195, 81, 126, 45, 84, 216, 153, 69, 22, 241, 52, 131, 19, 78, 149, 153, 19, 151, 14, 32, 20, 103, 15, 2, 219, 227, 173, 36, 253, 101, 201, 37, 161, 102, 12, 160, 144, 190, 0, 161, 0, 32, 91, 55, 125, 61, 101, 223, 43, 143, 101, 197, 20, 128, 25, 115, 59, 110, 67, 170, 178, 213, 239, 40, 8, 131, 89, 114, 19, 247, 160, 29, 247, 12, 105, 65, 69, 246, 244, 23, 38, 157, 165, 117, 158, 135, 172, 44, 38, 7, 125, 100, 33, 69, 35, 126, 205, 71, 43, 61, 139, 111, 171, 151, 23, 49, 65, 99, 209, 80, 61, 139, 31, 98, 105, 29, 26, 171, 8, 203, 105, 48, 76, 238, 38, 167, 2, 213, 66, 177, 71, 91, 36, 145, 125, 81, 182, 67, 158, 86, 45, 255, 142, 166, 23, 248, 45, 224, 243, 132, 223, 131, 66, 32, 122, 151, 202, 65, 89, 230, 129, 116, 196, 252, 168, 21, 34, 73, 68, 240, 161, 52, 41, 29, 62, 135, 13, 245, 244, 152, 148, 223, 84, 40, 145, 37, 53, 67, 13, 194, 187, 255, 173, 205, 182, 168, 176, 26, 23, 45, 213, 241, 115, 238, 134, 178, 196, 224, 11, 121, 153, 48, 128, 171, 83, 81, 250, 87, 180, 199, 75, 107, 108, 105, 77, 221, 109, 232, 205, 185, 92, 72, 224, 166, 151, 13, 244, 215, 162, 138, 40, 58, 32, 108, 243, 120, 167, 88, 216, 86, 187, 65, 240, 165, 20, 175, 92, 35, 119, 206, 32, 7, 224, 139, 170, 208, 173, 24, 183, 241, 230, 203, 15, 136, 199, 110, 38, 200, 5, 67, 87, 74, 22, 108, 100, 67, 162, 91, 49, 3, 175, 74, 55, 240, 196, 197, 88, 87, 158, 59, 184, 84, 213, 118, 32, 50, 170, 106, 86, 121, 59, 208, 147, 212, 182, 41, 192, 75, 171, 117, 112, 83, 195, 34, 242, 132, 198, 207, 114, 16, 185, 81, 193, 213, 151, 180, 34, 2, 58, 102, 76, 74, 68, 11, 216, 26, 147, 144, 115, 110, 240, 218, 66, 78, 185, 180, 28, 198, 139, 46, 198, 164, 72, 76, 15, 30, 117, 120, 28, 51, 245, 170, 21, 101, 180, 146, 159, 210, 80, 179, 156, 170, 6, 203, 106, 193, 25, 177, 71, 1, 41, 149, 63, 104, 39, 235, 55, 69, 166, 239, 2, 250, 156, 247, 190, 220, 184, 100, 13, 112, 144, 0, 91, 67, 25, 9, 169, 175, 222, 149, 228, 221, 89, 245, 234, 140, 187, 23, 208, 99, 32, 45, 14, 146, 192, 44, 197, 101, 27, 11, 122, 78, 93, 28, 169, 159, 152, 40, 131, 106, 73, 133, 126, 45, 75, 170, 28, 135, 54, 10, 92, 195, 192, 101, 42, 32, 242, 221, 214, 140, 107, 21, 84, 79, 199, 29, 47, 19, 242, 211, 53, 255, 99, 6, 244, 114, 211, 54, 89, 64, 209, 53, 125, 110, 152, 55, 16, 131, 17, 183, 75, 72, 180, 117, 116, 2, 223, 223, 185, 73, 236, 46, 222, 177, 255, 10, 38, 69, 255, 50, 106, 104, 107, 91, 167, 70, 139, 183, 44, 68, 5, 242, 19, 71, 215, 171, 168, 25, 100, 185, 227, 162, 95, 218, 132, 191, 210, 56, 217, 197, 244, 89, 196, 72, 197, 121, 114, 103, 248, 34, 8, 91, 12, 134, 204, 150, 71, 82, 20, 32, 73, 30, 133, 81, 219, 124, 222, 242, 237, 241, 93, 195, 167, 42, 121, 74, 251, 25, 33, 15, 94, 84, 10, 102, 72, 88, 23, 101, 83, 96, 131, 252, 1, 183, 172, 34, 156, 197, 42, 169, 191, 205, 209, 13, 226, 67, 208, 90, 156, 161, 244, 239, 76, 154, 22, 30, 216, 128, 232, 25, 14, 179, 201, 24, 27, 208, 112, 99, 150, 147, 99, 118, 42, 229, 22, 15, 201, 229, 51, 99, 63, 66, 234, 28, 138, 209, 4, 222, 216, 147, 217, 253, 254, 246, 89, 172, 135, 153, 113, 226, 152, 108, 203, 85, 89, 197, 201, 190, 223, 232, 162, 95, 119, 212, 87, 183, 116, 4, 37, 96, 194, 134, 184, 184, 24, 241, 190, 53, 78, 166, 168, 105, 15, 81, 141, 74, 78, 119, 60, 95, 187, 200, 243, 111, 30, 70, 0, 23, 144, 4, 5, 34, 164, 227, 186, 193, 42, 164, 91, 33, 128, 117, 145, 228, 65, 12, 217, 105, 88, 121, 133, 204, 56, 159, 176, 208, 51, 187, 1, 6, 198, 174, 9, 250, 237, 160, 119, 114, 168, 65, 51, 178, 43, 82, 254, 102, 141, 7, 160, 167, 197, 152, 10, 74, 193, 59, 91, 59, 59, 137, 17, 119, 72, 202, 13, 227, 237, 41, 202, 176, 217, 141, 95, 191, 19, 207, 217, 158, 26, 99, 194, 67, 235, 36, 83, 170, 148, 126, 79, 193, 104, 128, 99, 217, 135, 214, 33, 128, 47, 60, 113, 44, 90, 48, 189, 129, 173, 186, 198, 22, 191, 196, 177, 63, 112, 203, 60, 78, 237, 80, 248, 46, 64, 219, 88, 182, 119, 219, 40, 79, 186, 230, 86, 238, 47, 25, 182, 191, 210, 251, 8, 171, 23, 156, 170, 67, 92, 57, 208, 100, 254, 12, 149, 99, 183, 214, 242, 48, 171, 234, 25, 108, 0, 140, 11, 83, 239, 26, 214, 183, 147, 129, 213, 18, 121, 254, 146, 4, 224, 198, 39, 129, 254, 71, 167, 114, 226, 4, 35, 203, 83, 194, 17, 84, 106, 182, 177, 24, 165, 49, 98, 237, 139, 65, 246, 114, 58, 163, 122, 146, 161, 253, 147, 63, 136, 40, 60, 71, 168, 162, 50, 38, 185, 179, 23, 29, 131, 106, 89, 151, 244, 176, 255, 141, 141, 222, 1, 110, 81, 251, 0, 249, 33, 173, 244, 79, 203, 124, 125, 89, 42, 75, 167, 6, 47, 18, 38, 67, 2, 81, 217, 133, 7, 1, 60, 45, 21, 186, 110, 62, 31, 87, 189, 10, 56, 146, 65, 97, 143, 66, 207, 104, 143, 139, 104, 222, 78, 254, 23, 253, 174, 247, 181, 155, 132, 131, 62, 30, 74, 151, 130, 4, 117, 139, 50, 170, 101, 49, 139, 165, 62, 113, 160, 12, 70, 159, 5, 188, 170, 54, 7, 66, 245, 14, 62, 133, 238, 85, 39, 108, 220, 45, 5, 160, 212, 102, 48, 172, 182, 214, 186, 47, 149, 39, 183, 53, 6, 83, 133, 82, 159, 75, 27, 95, 65, 73, 166, 43, 51, 61, 148, 19, 95, 234, 118, 19, 163, 159, 226, 146, 68, 121, 21, 189, 185, 242, 80, 169, 248, 97, 71, 8, 78, 27, 44, 75, 144, 56, 198, 141, 2, 254, 164, 85, 36, 122, 119, 202, 203, 82, 182, 25, 205, 216, 109, 174, 224, 166, 141, 198, 135, 74, 63, 1, 13, 95, 33, 32, 45, 94, 106, 171, 96, 103, 198, 182, 87, 254, 33, 141, 147, 189, 116, 17, 109, 208, 212, 111, 217, 219, 153, 50, 235, 147, 40, 78, 201, 13, 18, 123, 146, 22, 189, 209, 165, 25, 185, 115, 183, 0, 120, 66, 33, 91, 200, 233, 1, 12, 38, 123, 34, 10, 109, 25, 248, 156, 231, 125, 173, 187, 14, 62, 187, 243, 134, 78, 85, 32, 146, 22, 93, 4, 34, 143, 219, 87, 178, 57, 137, 1, 97, 221, 134, 61, 26, 187, 89, 43, 202, 126, 45, 127, 35, 199, 137, 2, 97, 160, 221, 241, 195, 227, 53, 56, 133, 120, 15, 67, 224, 136, 136, 137, 136, 63, 4, 112, 106, 0, 51, 248, 69, 16, 157, 99, 27, 62, 68, 28, 91, 7, 9, 136, 39, 241, 232, 249, 209, 78, 35, 194, 108, 244, 20, 28, 49, 96, 182, 175, 98, 1, 157, 65, 127, 181, 22, 157, 1, 178, 88, 144, 9, 243, 114, 86, 5, 59, 185, 5, 131, 179, 104, 156, 202, 101, 159, 94, 19, 144, 190, 170, 48, 128, 181, 56, 186, 234, 255, 129, 5, 168, 100, 30, 227, 187, 181, 82, 223, 217, 87, 92, 41, 164, 232, 92, 43, 181, 126, 170, 152, 74, 98, 45, 197, 133, 136, 179, 127, 133, 113, 200, 32, 239, 111, 5, 193, 242, 229, 117, 78, 20, 67, 159, 218, 56, 135, 43, 59, 127, 136, 152, 129, 245, 23, 93, 233, 149, 59, 251, 158, 101, 239, 238, 9, 193, 161, 169, 49, 255, 153, 166, 205, 213, 24, 235, 134, 193, 186, 200, 244, 93, 101, 224, 70, 225, 119, 54, 66, 103, 248, 96, 166, 68, 245, 183, 47, 80, 168, 2, 57, 128, 195, 130, 123, 139, 81, 46, 132, 156, 155, 97, 18, 208, 238, 152, 238, 26, 225, 219, 239, 133, 149, 177, 230, 37, 98, 147, 14, 222, 72, 87, 206, 138, 234, 204, 10, 139, 37, 2, 35, 69, 164, 154, 171, 156, 230, 178, 180, 242, 91, 75, 64, 238, 5, 34, 176, 183, 245, 219, 16, 211, 110, 6, 33, 57, 182, 167, 170, 24, 28, 160, 130, 37, 223, 241, 245, 112, 26, 123, 185, 81, 186, 48, 232, 189, 143, 232, 80, 20, 189, 196, 9, 3, 15, 46, 2, 50, 151, 165, 39, 145, 18, 85, 49, 143, 142, 33, 116, 223, 134, 184, 88, 139, 1, 87, 154, 85, 41, 10, 69, 144, 255, 76, 30, 74, 139, 8, 213, 125, 147, 152, 210, 5, 24, 57, 166, 91, 191, 39, 41, 185, 108, 245, 28, 214, 166, 5, 14, 156, 149, 75, 38, 74, 42, 142, 45, 87, 119, 32, 233, 199, 18, 33, 139, 116, 36, 250, 145, 211, 47, 103, 6, 194, 73, 3, 127, 94, 186, 121, 136, 125, 147, 15, 133, 18, 94, 157, 19, 60, 245, 54, 59, 202, 182, 167, 37, 252, 247, 213, 198, 217, 61, 195, 70, 41, 174, 212, 228, 85, 16, 161, 107, 51, 172, 9, 108, 169, 178, 220, 13, 80, 6, 131, 172, 113, 108, 228, 248, 193, 38, 240, 192, 31, 159, 67, 161, 167, 127, 203, 141, 38, 248, 180, 205, 104, 23, 49, 1, 169, 124, 26, 7, 141, 90, 46, 119, 125, 130, 235, 104, 86, 70, 91, 196, 240, 18, 36, 241, 101, 237, 155, 53, 4, 97, 247, 136, 65, 117, 75, 9, 137, 77, 168, 0, 7, 120, 190, 179, 10, 241, 173, 134, 142, 49, 134, 24, 62, 100, 8, 3, 38, 211, 205, 246, 180, 148, 31, 236, 38, 229, 177, 211, 243, 222, 87, 39, 59, 254, 30, 128, 77, 3, 164, 109, 50, 152, 216, 200, 77, 30, 164, 243, 70, 132, 232, 20, 173, 245, 28, 42, 243, 49, 152, 164, 154, 165, 88, 10, 85, 49, 158, 233, 61, 38, 140, 63, 197, 130, 231, 235, 87, 241, 179, 154, 45, 67, 224, 62, 36, 103, 202, 1, 116, 9, 235, 234, 109, 237, 174, 6, 73, 165, 42, 168, 68, 15, 162, 178, 52, 32, 248, 129, 203, 234, 153, 20, 83, 42, 11, 104, 29, 39, 147, 56, 13, 139, 240, 102, 90, 199, 226, 48, 7, 168, 172, 225, 132, 255, 220, 227, 200, 204, 22, 137, 166, 139, 53, 50, 32, 72, 82, 195, 149, 128, 57, 250, 97, 98, 120, 179, 80, 45, 225, 20, 201, 72, 97, 69, 12, 227, 88, 47, 133, 112, 151, 131, 110, 62, 165, 247, 32, 76, 33, 121, 21, 218, 240, 17, 190, 209, 9, 124, 119, 199, 27, 11, 126, 190, 111, 139, 223, 206, 156, 37, 193, 25, 141, 136, 81, 16, 206, 119, 144, 135, 251, 229, 100, 170, 76, 210, 248, 236, 6, 249, 142, 219, 43, 38, 247, 57, 51, 182, 221, 185, 164, 26, 194, 98, 132, 183, 142, 138, 170, 211, 145, 151, 70, 236, 62, 146, 252, 109, 243, 7, 216, 68, 98, 243, 181, 22, 51, 71, 35, 36, 253, 178, 180, 217, 166, 186, 18, 42, 204, 151, 216, 206, 242, 192, 248, 158, 162, 207, 17, 178, 201, 198, 251, 8, 228, 212, 112, 46, 15, 253, 9, 224, 51, 120, 68, 218, 23, 95, 10, 140, 152, 185, 213, 219, 50, 203, 130, 33, 69, 134, 12, 35, 94, 193, 27, 228, 30, 109, 44, 42, 78, 203, 91, 228, 32, 68, 121, 12, 234, 24, 59, 25, 40, 33, 110, 163, 59, 207, 33, 241, 12, 102, 64, 61, 37, 36, 238, 71, 75, 89, 149, 37, 8, 45, 45, 215, 7, 120, 22, 42, 228, 179, 189, 86, 124, 139, 93, 118, 130, 210, 254, 19, 152, 14, 14, 48, 59, 226, 153, 241, 250, 18, 93, 38, 174, 75, 52, 23, 1, 63, 18, 128, 37, 196, 159, 189, 189, 226, 165, 126, 191, 116, 66, 177, 86, 58, 94, 41, 182, 71, 104, 229, 179, 88, 29, 13, 95, 88, 50, 10, 197, 26, 143, 3, 135, 119, 185, 89, 203, 69, 82, 249, 250, 180, 67, 28, 172, 239, 172, 231, 233, 67, 156, 236, 170, 158, 35, 0, 5, 90, 27, 252, 125, 144, 197, 34, 14, 67, 197, 78, 23, 185, 207, 16, 163, 244, 190, 248, 73, 93, 218, 36, 177, 232, 69, 234, 117, 39, 43, 23, 192, 144, 97, 89, 28, 47, 4, 169, 17, 88, 80, 153, 218, 232, 34, 152, 189, 14, 75, 105, 180, 219, 216, 73, 122, 207, 217, 253, 73, 81, 207, 12, 93, 30, 180, 130, 239, 173, 6, 224, 116, 77, 225, 169, 118, 190, 199, 226, 242, 109, 63, 81, 162, 57, 205, 119, 145, 150, 235, 137, 244, 59, 134, 35, 253, 201, 81, 8, 152, 77, 73, 162, 12, 193, 154, 28, 136, 253, 120, 239, 218, 149, 44, 189, 164, 133, 165, 8, 224, 37, 9, 152, 0, 241, 248, 32, 71, 86, 41, 135, 68, 195, 26, 208, 132, 109, 12, 64, 148, 10, 90, 249, 83, 159, 96, 174, 63, 209, 118, 237, 230, 78, 55, 205, 55, 113, 248, 21, 254, 37, 54, 213, 36, 127, 80, 37, 206, 198, 47, 178, 92, 97, 183, 88, 208, 64, 222, 77, 200, 138, 216, 86, 178, 210, 213, 52, 117, 146, 215, 17, 136, 83, 238, 4, 119, 10, 56, 101, 172, 222, 72, 79, 225, 214, 38, 215, 232, 223, 121, 132, 110, 204, 146, 40, 136, 2, 223, 82, 145, 127, 175, 18, 226, 215, 8, 188, 166, 175, 121, 67, 46, 83, 152, 118, 69, 19, 188, 79, 23, 195, 13, 22, 107, 157, 29, 238, 55, 209, 197, 236, 225, 234, 36, 35, 239, 252, 232, 84, 229, 71, 120, 154, 241, 65, 122, 101, 84, 79, 202, 139, 62, 27, 122, 255, 167, 252, 14, 161, 34, 73, 5, 66, 228, 173, 133, 31, 5, 186, 90, 116, 77, 199, 172, 17, 156, 231, 167, 96, 72, 154, 95, 233, 241, 87, 243, 75, 80, 108, 207, 42, 60, 145, 0, 98, 200, 39, 161, 42, 145, 73, 63, 119, 94, 64, 94, 219, 255, 83, 54, 187, 77, 7, 119, 140, 165, 26, 125, 221, 123, 131, 181, 56, 111, 148, 239, 90, 116, 205, 44, 21, 26, 229, 245, 210, 180, 250, 155, 111, 55, 250, 112, 77, 117, 191, 72, 161, 177, 175, 55, 145, 212, 47, 225, 98, 40, 115, 246, 233, 240, 212, 116, 3, 222, 59, 90, 142, 122, 173, 200, 124, 134, 209, 120, 42, 125, 22, 92, 140, 115, 16, 207, 21, 161, 181, 221, 58, 62, 225, 221, 144, 238, 157, 172, 26, 34, 178, 47, 96, 127, 72, 246, 120, 131, 136, 234, 33, 163, 115, 93, 43, 172, 243, 193, 119, 92, 173, 165, 104, 84, 29, 144, 34, 62, 230, 84, 24, 43, 43, 248, 232, 204, 79, 122, 88, 255, 218, 129, 244, 222, 159, 178, 216, 53, 16, 124, 9, 169, 92, 18, 165, 22, 131, 9, 161, 127, 15, 11, 28, 219, 203, 234, 72, 143, 180, 207, 171, 191, 119, 146, 215, 214, 105, 207, 29, 238, 213, 7, 22, 179, 252, 160, 217, 67, 91, 97, 203, 74, 244, 12, 35, 91, 30, 68, 223, 64, 54, 82, 134, 84, 17, 98, 1, 209, 194, 196, 103, 0, 0, 188, 156, 245, 223, 212, 53, 101, 103, 36, 123, 159, 113, 56, 36, 227, 218, 224, 31, 213, 126, 204, 168, 251, 100, 231, 128, 212, 26, 149, 152, 133, 102, 49, 12, 245, 12, 64, 13, 11, 151, 81, 32, 71, 206, 140, 46, 188, 33, 75, 45, 113, 115, 162, 33, 36, 41, 171, 253, 196, 162, 13, 185, 28, 129, 140, 132, 109, 94, 53, 37, 63, 13, 153, 109, 41, 181, 149, 16, 185, 49, 121, 141, 232, 233, 217, 149, 208, 235, 16, 102, 169, 78, 239, 130, 219, 196, 27, 242, 13, 222, 213, 210, 150, 155, 181, 12, 96, 48, 161, 15, 101, 33, 227, 7, 38, 16, 25, 54, 76, 181, 133, 35, 165, 83, 47, 67, 48, 214, 27, 190, 189, 125, 133, 217, 211, 121, 2, 233, 186, 95, 250, 16, 140, 174, 227, 227, 162, 26, 105, 169, 85, 212, 182, 164, 46, 195, 174, 198, 213, 249, 166, 160, 21, 66, 228, 144, 42, 233, 110, 193, 156, 148, 198, 17, 208, 40, 83, 18, 181, 53, 239, 13, 252, 36, 48, 64, 157, 6, 4, 136, 153, 238, 219, 139, 64, 112, 136, 113, 23, 186, 197, 136, 183, 91, 209, 15, 16, 120, 120, 57, 10, 92, 130, 193, 242, 231, 171, 21, 33, 213, 104, 192, 164, 174, 194, 112, 2, 163, 212, 250, 162, 212, 35, 101, 9, 10, 185, 12, 96, 128, 136, 183, 255, 139, 45, 79, 178, 55, 70, 89, 226, 198, 100, 130, 27, 110, 187, 112, 129, 239, 150, 140, 10, 2, 193, 21, 69, 27, 66, 37, 157, 138, 3, 11, 5, 229, 6, 168, 145, 28, 195, 82, 214, 207, 183, 172, 222, 52, 112, 42, 44, 122, 173, 96, 26, 140, 185, 187, 141, 0, 212, 20, 47, 248, 213, 47, 213, 145, 58, 224, 242, 130, 115, 151, 101, 242, 18, 106, 163, 116, 115, 243, 183, 199, 14, 160, 85, 71, 105, 124, 135, 119, 108, 2, 251, 183, 113, 114, 231, 43, 25, 213, 87, 204, 25, 218, 87, 195, 13, 185, 79, 10, 19, 210, 209, 24, 99, 224, 55, 28, 146, 203, 71, 185, 248, 12, 3, 227, 121, 244, 182, 149, 26, 65, 34, 160, 137, 141, 39, 139, 198, 142, 229, 2, 63, 240, 107, 55, 27, 87, 225, 79, 185, 163, 135, 2, 91, 39, 147, 111, 200, 134, 161, 5, 137, 126, 192, 93, 1, 193, 195, 28, 108, 30, 119, 219, 65, 179, 112, 67, 0, 62, 31, 199, 46, 142, 156, 15, 67, 8, 149, 11, 213, 185, 222, 22, 115, 249, 224, 239, 236, 146, 30, 236, 221, 109, 32, 187, 193, 66, 109, 152, 186, 127, 224, 234, 210, 239, 54, 51, 232, 10, 0, 112, 71, 148, 169, 237, 183, 143, 134, 231, 222, 63, 8, 109, 10, 100, 71, 170, 133, 145, 221, 157, 70, 68, 162, 223, 150, 181, 198, 158, 113, 8, 24, 200, 14, 218, 191, 245, 5, 237, 91, 25, 138, 42, 158, 118, 154, 151, 221, 146, 134, 172, 245, 7, 9, 108, 59, 159, 251, 178, 227, 135, 110, 13, 235, 144, 28, 140, 173, 15, 137, 81, 131, 129, 224, 118, 114, 123, 225, 48, 244, 181, 116, 67, 13, 166, 55, 67, 227, 75, 205, 217, 27, 250, 235, 33, 34, 116, 1, 156, 239, 62, 119, 22, 141, 165, 210, 142, 10, 13, 191, 128, 160, 184, 91, 182, 74, 224, 54, 117, 165, 12, 147, 41, 141, 75, 94, 43, 125, 232, 136, 139, 110, 97, 210, 145, 43, 86, 67, 210, 229, 42, 205, 133, 150, 73, 3, 87, 209, 164, 174, 126, 209, 9, 199, 12, 218, 183, 163, 47, 2, 102, 98, 202, 253, 27, 103, 202, 41, 54, 55, 87, 114, 205, 208, 111, 228, 213, 134, 35, 163, 21, 226, 41, 15, 245, 42, 180, 254, 43, 149, 40, 77, 77, 216, 145, 51, 87, 240, 76, 221, 35, 81, 159, 172, 217, 49, 121, 158, 140, 68, 88, 22, 188, 159, 205, 166, 140, 211, 153, 34, 239, 210, 28, 62, 209, 231, 114, 183, 221, 18, 51, 14, 40, 201, 134, 120, 193, 43, 159, 227, 174, 22, 176, 11, 73, 126, 156, 164, 178, 59, 236, 89, 164, 138, 24, 108, 179, 12, 92, 192, 169, 51, 98, 167, 84, 253, 246, 214, 115, 56, 104, 105, 182, 124, 20, 237, 107, 227, 224, 89, 199, 72, 59, 234, 191, 190, 27, 99, 118, 130, 210, 45, 216, 111, 219, 8, 209, 204, 98, 248, 163, 32, 142, 42, 19, 132, 232, 136, 37, 214, 58, 15, 179, 198, 39, 110, 231, 1, 42, 144, 203, 51, 11, 123, 99, 239, 231, 52, 12, 250, 138, 144, 84, 194, 146, 143, 255, 89, 40, 252, 16, 187, 176, 22, 188, 11, 122, 3, 52, 114, 27, 66, 245, 9, 70, 200, 21, 120, 43, 117, 161, 218, 13, 29, 197, 197, 252, 27, 62, 89, 118, 28, 90, 105, 8, 66, 173, 2, 76, 107, 183, 245, 45, 98, 151, 237, 209, 113, 209, 85, 70, 40, 106, 122, 151, 147, 176, 240, 148, 254, 27, 41, 115, 78, 52, 221, 56, 15, 139, 10, 152, 169, 162, 36, 36, 146, 201, 89, 121, 96, 250, 255, 71, 109, 69, 75, 210, 220, 231, 19, 227, 128, 217, 87, 150, 27, 234, 180, 25, 185, 112, 114, 41, 93, 45, 247, 1, 199, 128, 169, 219, 70, 116, 26, 43, 248, 27, 181, 38, 51, 16, 38, 66, 251, 188, 127, 239, 118, 20, 10, 85, 22, 60, 61, 212, 81, 166, 31, 11, 129, 243, 181, 51, 222, 34, 61, 40, 174, 46, 91, 56, 86, 245, 176, 26, 227, 31, 121, 90, 229, 171, 137, 48, 218, 135, 174, 95, 130, 152, 246, 30, 129, 23, 26, 54, 101, 84, 56, 134, 200, 187, 179, 228, 103, 60, 105, 224, 202, 72, 179, 30, 7, 236, 131, 100, 152, 59, 7, 81, 54, 150, 49, 40, 233, 48, 17, 60, 16, 191, 73, 113, 71, 124, 146, 42, 17, 190, 112, 101, 33, 15, 71, 173, 44, 24, 206, 47, 127, 118, 19, 129, 43, 217, 239, 40, 140, 94, 191, 240, 211, 157, 219, 13, 57, 252, 227, 160, 185, 152, 226, 177, 132, 100, 20, 115, 142, 7, 51, 250, 100, 120, 120, 226, 225, 119, 98, 18, 57, 157, 250, 3, 5, 57, 215, 68, 132, 141, 26, 165, 91, 181, 204, 3, 133, 139, 63, 156, 200, 69, 180, 179, 122, 104, 241, 85, 252, 8, 88, 9, 242, 45, 215, 254, 208, 28, 84, 0, 196, 241, 70, 74, 196, 190, 55, 191, 173, 98, 9, 150, 88, 193, 14, 66, 206, 233, 179, 58, 51, 141, 97, 2, 241, 168, 39, 177, 136, 70, 122, 194, 249, 96, 142, 79, 31, 109, 208, 12, 114, 178, 161, 100, 109, 153, 195, 70, 69, 124, 5, 35, 179, 230, 125, 44, 183, 5, 93, 219, 110, 210, 168, 136, 164, 149, 39, 34, 187, 202, 70, 5, 192, 58, 71, 22, 67, 214, 17, 229, 149, 242, 92, 101, 24, 0, 193, 5, 87, 229, 47, 193, 76, 191, 11, 187, 104, 206, 79, 62, 126, 122, 55, 61, 239, 8, 173, 247, 57, 179, 229, 238, 38, 184, 48, 115, 30, 150, 128, 31, 240, 112, 73, 125, 215, 38, 11, 160, 121, 132, 123, 3, 10, 172, 51, 17, 54, 247, 153, 247, 55, 178, 39, 121, 138, 243, 113, 78, 14, 52, 79, 9, 65, 123, 120, 38, 121, 16, 149, 82, 147, 130, 191, 174, 208, 255, 45, 167, 193, 89, 180, 3, 89, 13, 59, 10, 14, 241, 34, 220, 228, 81, 99, 36, 175, 45, 66, 197, 20, 167, 142, 52, 94, 136, 85, 155, 2, 1, 47, 115, 195, 3, 7, 156, 103, 160, 13, 65, 197, 63, 0, 237, 238, 14, 205, 40, 3, 98, 200, 152, 154, 49, 66, 245, 171, 76, 240, 177, 12, 37, 115, 124, 172, 137, 204, 165, 64, 91, 185, 223, 214, 26, 108, 28, 160, 242, 181, 16, 13, 214, 121, 160, 13, 195, 67, 76, 155, 190, 200, 216, 189, 106, 151, 207, 181, 169, 28, 61, 168, 107, 26, 86, 37, 187, 174, 142, 123, 148, 28, 5, 236, 49, 9, 163, 247, 196, 17, 65, 244, 52, 6, 67, 41, 190, 57, 70, 99, 24, 192, 11, 133, 146, 10, 6, 48, 194, 19, 103, 235, 62, 235, 17, 88, 20, 146, 118, 117, 175, 109, 1, 32, 13, 3, 212, 119, 159, 225, 32, 113, 193, 13, 50, 93, 212, 58, 61, 187, 88, 55, 105, 70, 27, 78, 42, 21, 185, 138, 224, 102, 199, 178, 87, 207, 89, 184, 26, 158, 85, 47, 47, 7, 233, 41, 188, 58, 36, 241, 252, 250, 3, 156, 216, 120, 139, 254, 44, 110, 177, 117, 76, 166, 42, 120, 187, 189, 172, 159, 19, 170, 26, 226, 206, 206, 159, 238, 173, 227, 181, 81, 225, 153, 71, 69, 95, 149, 180, 218, 3, 139, 103, 196, 123, 147, 192, 130, 214, 106, 156, 28, 28, 72, 177, 223, 99, 166, 175, 218, 109, 48, 170, 22, 230, 165, 83, 110, 96, 208, 114, 71, 35, 1, 65, 99, 34, 111, 197, 116, 66, 33, 192, 141, 224, 51, 81, 181, 170, 116, 228, 144, 28, 44, 166, 212, 210, 151, 122, 242, 85, 17, 42, 237, 23, 173, 233, 250, 246, 120, 123, 75, 65, 76, 134, 200, 37, 158, 182, 33, 192, 90, 18, 213, 232, 22, 248, 60, 60, 59, 4, 135, 216, 138, 222, 123, 5, 168, 43, 59, 39, 14, 40, 22, 87, 75, 251, 79, 152, 96, 22, 193, 62, 95, 72, 56, 194, 108, 39, 205, 185, 164, 190, 151, 85, 215, 235, 89, 10, 21, 224, 160, 235, 201, 51, 193, 174, 170, 103, 48, 61, 201, 166, 14, 90, 144, 243, 105, 2, 224, 21, 57, 118, 116, 152, 122, 88, 159, 53, 122, 9, 218, 169, 109, 173, 50, 231, 229, 162, 145, 135, 240, 231, 57, 224, 179, 117, 147, 203, 205, 133, 171, 221, 15, 110, 135, 137, 98, 12, 224, 122, 1, 17, 15, 240, 21, 147, 232, 92, 57, 227, 175, 212, 232, 171, 218, 162, 154, 146, 140, 33, 148, 37, 162, 200, 158, 53, 130, 206, 99, 220, 157, 180, 213, 16, 235, 150, 44, 134, 35, 229, 148, 63, 243, 51, 218, 214, 21, 180, 184, 21, 19, 45, 226, 194, 2, 234, 41, 56, 76, 150, 97, 173, 45, 194, 84, 24, 219, 22, 122, 242, 210, 1, 211, 60, 58, 230, 123, 28, 203, 0, 39, 6, 246, 203, 245, 127, 60, 66, 81, 122, 33, 217, 167, 119, 77, 98, 147, 32, 191, 11, 157, 32, 231, 38, 14, 223, 181, 11, 240, 153, 231, 249, 113, 218, 5, 6, 185, 218, 14, 175, 131, 22, 156, 22, 61, 244, 200, 51, 21, 10, 25, 245, 176, 43, 239, 189, 123, 98, 239, 224, 108, 142, 114, 228, 180, 118, 9, 205, 21, 188, 230, 119, 63, 115, 33, 19, 69, 67, 156, 105, 74, 38, 155, 106, 95, 181, 220, 107, 80, 134, 173, 173, 124, 98, 105, 117, 227, 156, 241, 245, 154, 25, 221, 148, 238, 103, 49, 114, 139, 47, 124, 153, 119, 42, 11, 67, 68, 7, 236, 234, 52, 86, 6, 90, 131, 79, 245, 56, 39, 65, 253, 14, 157, 154, 47, 8, 46, 35, 137, 127, 26, 187, 152, 150, 159, 29, 166, 3, 166, 1, 192, 172, 114, 49, 175, 126, 156, 161, 204, 197, 34, 132, 97, 148, 19, 97, 157, 108, 194, 31, 46, 132, 63, 224, 233, 135, 232, 31, 253, 45, 18, 124, 79, 73, 207, 166, 221, 161, 23, 30, 81, 7, 147, 83, 171, 180, 111, 205, 69, 202, 255, 42, 86, 169, 141, 205, 242, 55, 38, 32, 171, 115, 67, 1, 147, 238, 227, 161, 148, 237, 180, 44, 220, 133, 145, 52, 71, 116, 79, 166, 149, 84, 39, 234, 92, 251, 211, 236, 186, 174, 139, 7, 43, 92, 228, 146, 7, 142, 107, 63, 111, 207, 65, 88, 86, 22, 70, 176, 213, 43, 90, 190, 105, 109, 44, 148, 53, 7, 50, 101, 127, 154, 174, 41, 89, 252, 200, 178, 154, 249, 166, 124, 116, 103, 72, 157, 127, 136, 249, 138, 134, 176, 111, 246, 163, 211, 76, 96, 76, 222, 154, 98, 7, 125, 46, 44, 174, 161, 180, 219, 169, 241, 62, 245, 95, 206, 16, 169, 190, 72, 24, 0, 181, 168, 132, 160, 124, 244, 43, 80, 8, 32, 163, 119, 191, 122, 137, 23, 157, 248, 121, 79, 118, 46, 227, 254, 16, 99, 65, 40, 227, 227, 121, 89, 39, 111, 68, 25, 188, 29, 196, 249, 119, 109, 16, 172, 247, 64, 228, 35, 112, 1, 131, 195, 24, 199, 159, 176, 13, 194, 78, 22, 153, 198, 251, 130, 4, 60, 97, 40, 98, 198, 2, 41, 152, 205, 9, 145, 196, 36, 84, 33, 166, 173, 123, 69, 5, 164, 168, 141, 197, 84, 111, 253, 145, 68, 242, 105, 255, 107, 159, 5, 165, 64, 162, 99, 134, 42, 216, 38, 25, 10, 30, 0, 81, 21, 188, 167, 171, 217, 163, 60, 129, 123, 187, 202, 149, 146, 162, 246, 41, 203, 36, 200, 32, 188, 77, 239, 117, 235, 204, 34, 43, 87, 4, 8, 32, 90, 82, 39, 0, 106, 11, 195, 78, 3, 179, 236, 30, 12, 68, 145, 253, 81, 148, 79, 196, 42, 247, 214, 206, 52, 49, 117, 158, 36, 148, 0, 160, 250, 58, 152, 95, 161, 231, 107, 27, 4, 215, 49, 7, 178, 179, 51, 13, 163, 79, 239, 103, 250, 108, 215, 116, 106, 158, 241, 169, 83, 28, 44, 210, 106, 101, 44, 123, 238, 121, 209, 235, 227, 47, 214, 170, 145, 72, 111, 17, 71, 222, 226, 86, 214, 71, 44, 9, 210, 143, 190, 29, 65, 162, 36, 2, 134, 93, 175, 104, 202, 220, 149, 213, 113, 39, 120, 157, 197, 10, 229, 187, 8, 237, 92, 63, 180, 149, 78, 100, 40, 158, 54, 200, 133, 108, 2, 28, 132, 63, 230, 160, 23, 70, 195, 139, 18, 73, 132, 15, 119, 77, 198, 177, 74, 47, 43, 251, 211, 16, 173, 136, 145, 99, 91, 66, 38, 222, 28, 84, 204, 190, 62, 193, 167, 255, 124, 172, 206, 117, 246, 47, 187, 24, 13, 56, 184, 158, 88, 9, 17, 227, 27, 22, 223, 205, 181, 188, 30, 224, 33, 173, 136, 108, 57, 201, 216, 71, 156, 30, 104, 32, 113, 43, 2, 77, 10, 56, 39, 33, 117, 18, 209, 2, 122, 118, 57, 10, 218, 202, 126, 71, 22, 250, 113, 98, 64, 35, 90, 18, 35, 88, 122, 164, 66, 183, 239, 14, 72, 199, 153, 158, 103, 115, 10, 243, 152, 181, 20, 158, 15, 46, 2, 152, 45, 33, 231, 223, 63, 172, 101, 79, 122, 55, 90, 171, 0, 69, 4, 150, 44, 63, 241, 104, 151, 192, 178, 201, 59, 4, 77, 16, 193, 231, 126, 172, 37, 81, 186, 83, 139, 110, 73, 20, 35, 2, 248, 198, 136, 62, 96, 144, 10, 134, 195, 226, 139, 85, 247, 193, 116, 172, 209, 228, 207, 215, 234, 146, 29, 32, 24, 84, 85, 143, 237, 27, 181, 34, 88, 144, 143, 190, 7, 211, 192, 77, 48, 106, 78, 61, 7, 59, 0, 124, 88, 199, 216, 21, 179, 68, 0, 44, 214, 66, 165, 127, 201, 144, 146, 237, 112, 91, 205, 74, 144, 20, 5, 118, 168, 108, 37, 125, 186, 28, 95, 36, 18, 201, 248, 146, 37, 211, 0, 25, 202, 4, 226, 199, 170, 154, 229, 238, 138, 15, 64, 34, 150, 17, 203, 116, 47, 147, 201, 110, 196, 68, 36, 179, 17, 137, 131, 27, 113, 116, 24, 84, 189, 248, 175, 248, 53, 178, 136, 122, 79, 136, 186, 137, 123, 6, 224, 107, 72, 126, 70, 113, 106, 221, 86, 135, 163, 194, 174, 141, 197, 35, 23, 41, 16, 40, 220, 25, 10, 192, 167, 237, 213, 12, 117, 220, 80, 236, 117, 72, 100, 57, 183, 94, 204, 17, 153, 245, 11, 45, 224, 128, 32, 180, 8, 233, 139, 160, 163, 130, 109, 78, 7, 225, 145, 210, 219, 77, 27, 80, 89, 12, 53, 5, 32, 145, 113, 206, 227, 11, 60, 41, 17, 53, 69, 138, 15, 220, 181, 239, 56, 199, 18, 161, 97, 227, 76, 117, 235, 199, 140, 77, 201, 101, 62, 138, 84, 110, 134, 79, 73, 177, 14, 70, 120, 55, 101, 177, 11, 131, 2, 182, 182, 55, 140, 199, 210, 32, 14, 241, 51, 234, 218, 167, 190, 94, 83, 54, 201, 7, 63, 165, 75, 113, 214, 125, 20, 42, 254, 146, 3, 184, 131, 217, 199, 88, 178, 221, 30, 128, 156, 12, 40, 22, 61, 85, 202, 197, 177, 208, 88, 119, 154, 242, 202, 171, 68, 190, 213, 69, 108, 201, 17, 161, 72, 222, 82, 57, 155, 228, 81, 172, 144, 170, 140, 234, 219, 118, 193, 231, 238, 91, 47, 201, 190, 215, 150, 139, 196, 127, 16, 146, 145, 98, 17, 85, 90, 23, 96, 180, 76, 101, 141, 64, 58, 30, 76, 18, 2, 81, 154, 168, 32, 165, 180, 224, 198, 165, 209, 104, 94, 238, 136, 46, 187, 39, 35, 107, 219, 119, 206, 93, 108, 177, 75, 103, 146, 242, 187, 187, 216, 187, 51, 95, 143, 248, 163, 252, 75, 150, 79, 118, 118, 204, 220, 63, 221, 78, 7, 47, 216, 250, 136, 143, 201, 26, 248, 233, 183, 152, 155, 198, 188, 88, 238, 49, 1, 68, 62, 153, 60, 157, 15, 153, 181, 193, 187, 208, 39, 252, 21, 27, 69, 56, 6, 176, 13, 108, 232, 39, 184, 208, 163, 112, 200, 189, 112, 106, 250, 108, 210, 24, 24, 36, 244, 40, 46, 110, 74, 244, 135, 102, 46, 68, 80, 235, 187, 15, 6, 187, 227, 75, 158, 8, 251, 71, 64, 229, 168, 96, 194, 207, 226, 119, 68, 145, 44, 127, 168, 204, 202, 138, 97, 158, 23, 70, 155, 131, 211, 71, 161, 123, 119, 215, 69, 62, 220, 131, 218, 147, 2, 116, 30, 227, 45, 6, 99, 51, 199, 118, 71, 5, 196, 35, 31, 181, 26, 13, 211, 37, 209, 180, 92, 230, 168, 171, 49, 109, 236, 125, 224, 41, 215, 108, 16, 20, 31, 166, 82, 205, 0, 225, 92, 88, 160, 137, 228, 213, 30, 122, 31, 122, 227, 34, 13, 186, 94, 24, 16, 253, 182, 175, 123, 112, 8, 87, 242, 114, 195, 231, 19, 86, 53, 154, 220, 178, 33, 212, 32, 110, 16, 128, 213, 15, 1, 238, 70, 138, 167, 75, 78, 109, 81, 213, 245, 74, 14, 69, 236, 250, 34, 78, 166, 77, 39, 41, 250, 253, 114, 0, 137, 147, 4, 142, 38, 220, 121, 16, 145, 55, 214, 71, 80, 85, 139, 89, 35, 190, 6, 188, 36, 19, 197, 187, 26, 46, 84, 52, 187, 181, 78, 73, 97, 160, 2, 136, 212, 210, 154, 61, 169, 187, 195, 70, 116, 190, 213, 52, 81, 179, 123, 164, 255, 216, 243, 127, 153, 55, 83, 95, 181, 149, 131, 154, 30, 183, 13, 12, 87, 118, 106, 72, 150, 240, 240, 158, 81, 252, 26, 57, 13, 70, 212, 117, 121, 67, 140, 189, 156, 50, 17, 58, 73, 65, 13, 183, 61, 197, 8, 112, 60, 3, 120, 149, 93, 225, 14, 69, 147, 57, 212, 194, 99, 0, 100, 31, 219, 1, 155, 176, 252, 215, 144, 41, 82, 103, 237, 95, 209, 72, 39, 144, 211, 74, 200, 13, 77, 20, 199, 72, 239, 215, 64, 155, 135, 33, 237, 42, 149, 33, 23, 242, 2, 170, 180, 237, 40, 219, 141, 126, 10, 225, 2, 124, 184, 196, 209, 33, 146, 16, 100, 65, 69, 117, 14, 89, 64, 185, 112, 180, 167, 4, 55, 20, 118, 204, 78, 155, 161, 226, 244, 253, 64, 119, 46, 40, 172, 59, 106, 239, 182, 51, 150, 74, 98, 4, 90, 254, 216, 39, 16, 6, 108, 87, 75, 206, 48, 186, 24, 89, 182, 127, 158, 143, 186, 192, 20, 158, 180, 16, 100, 83, 112, 194, 148, 103, 122, 114, 119, 82, 235, 226, 62, 173, 17, 117, 121, 252, 203, 5, 76, 64, 3, 52, 39, 121, 122, 225, 24, 29, 141, 212, 93, 40, 185, 203, 76, 48, 151, 185, 252, 176, 121, 199, 211, 203, 66, 63, 87, 150, 186, 218, 64, 110, 232, 174, 227, 47, 1, 167, 41, 129, 182, 123, 164, 56, 73, 144, 176, 2, 246, 218, 207, 113, 236, 170, 109, 241, 18, 46, 250, 94, 54, 78, 83, 72, 137, 58, 139, 201, 190, 222, 4, 244, 114, 201, 106, 65, 140, 46, 61, 83, 103, 116, 8, 158, 167, 146, 241, 72, 105, 63, 138, 96, 174, 76, 102, 191, 110, 225, 217, 132, 196, 34, 30, 25, 133, 16, 49, 212, 68, 32, 123, 136, 171, 186, 89, 190, 238, 223, 231, 25, 120, 139, 246, 73, 169, 66, 28, 158, 232, 53, 203, 74, 55, 166, 23, 72, 255, 182, 192, 12, 54, 211, 86, 25, 182, 228, 88, 133, 222, 127, 190, 237, 39, 242, 8, 78, 211, 122, 47, 94, 158, 156, 103, 155, 112, 141, 34, 206, 240, 250, 213, 172, 119, 116, 6, 149, 120, 98, 192, 80, 234, 192, 0, 199, 115, 250, 249, 39, 169, 241, 202, 149, 148, 46, 47, 81, 195, 150, 32, 154, 78, 123, 251, 254, 118, 92, 230, 142, 5, 117, 235, 114, 174, 185, 135, 225, 130, 245, 223, 51, 144, 87, 234, 132, 3, 92, 158, 159, 56, 230, 14, 147, 81, 88, 231, 252, 32, 202, 32, 89, 252, 88, 235, 173, 137, 206, 55, 67, 179, 79, 215, 1, 138, 94, 161, 107, 24, 212, 55, 185, 131, 228, 37, 7, 203, 62, 212, 177, 81, 83, 26, 222, 20, 177, 241, 205, 132, 114, 218, 196, 255, 56, 66, 157, 67, 199, 47, 62, 232, 250, 121, 149, 62, 111, 34, 52, 218, 104, 22, 17, 98, 166, 135, 26, 156, 156, 181, 192, 136, 63, 158, 211, 91, 201, 239, 43, 10, 9, 113, 206, 84, 115, 47, 226, 197, 255, 28, 241, 76, 90, 196, 2, 159, 111, 41, 224, 191, 117, 208, 162, 218, 147, 140, 227, 90, 127, 90, 124, 180, 64, 70, 70, 187, 9, 218, 178, 87, 133, 39, 84, 223, 206, 55, 34, 238, 171, 32, 163, 14, 139, 180, 186, 229, 174, 109, 204, 49, 198, 6, 200, 183, 78, 164, 51, 0, 115, 111, 102, 228, 62, 12, 47, 46, 185, 97, 39, 162, 37, 130, 44, 174, 27, 154, 193, 160, 149, 38, 218, 253, 136, 129, 37, 20, 82, 94, 154, 2, 145, 115, 135, 165, 247, 15, 202, 3, 19, 192, 111, 175, 62, 239, 98, 248, 249, 105, 159, 140, 53, 167, 20, 105, 88, 41, 217, 93, 117, 137, 95, 124, 185, 154, 188, 16, 64, 42, 98, 204, 117, 60, 14, 91, 249, 91, 142, 162, 77, 195, 71, 7, 137, 164, 32, 183, 69, 77, 136, 174, 24, 15, 193, 166, 239, 12, 254, 189, 167, 17, 253, 41, 54, 160, 197, 63, 90, 118, 97, 247, 39, 167, 184, 79, 107, 99, 187, 90, 154, 205, 77, 246, 125, 145, 91, 63, 105, 211, 69, 28, 159, 6, 140, 13, 42, 133, 161, 64, 145, 105, 195, 191, 55, 125, 242, 133, 100, 24, 237, 199, 223, 202, 15, 81, 70, 28, 180, 107, 180, 192, 79, 143, 67, 12, 0, 125, 90, 134, 255, 153, 33, 17, 231, 120, 138, 241, 229, 156, 103, 250, 225, 194, 46, 26, 48, 201, 64, 60, 150, 190, 183, 171, 244, 159, 245, 42, 236, 235, 129, 238, 147, 250, 113, 186, 118, 92, 233, 23, 175, 240, 204, 25, 214, 34, 114, 235, 221, 252, 226, 226, 36, 129, 115, 174, 136, 174, 37, 15, 190, 251, 152, 51, 241, 11, 0, 159, 119, 16, 13, 3, 232, 91, 51, 247, 23, 38, 154, 116, 230, 49, 96, 23, 30, 162, 220, 200, 59, 12, 148, 40, 89, 207, 89, 68, 77, 238, 27, 246, 185, 174, 225, 105, 231, 4, 33, 229, 94, 118, 45, 63, 150, 155, 237, 76, 45, 20, 167, 174, 120, 174, 172, 31, 89, 174, 124, 67, 20, 93, 62, 140, 141, 194, 228, 67, 120, 37, 42, 195, 92, 141, 173, 86, 211, 43, 108, 48, 133, 250, 24, 171, 27, 12, 163, 28, 50, 214, 186, 178, 14, 159, 251, 116, 176, 54, 57, 15, 39, 161, 186, 91, 228, 187, 200, 39, 239, 79, 97, 90, 89, 6, 16, 188, 84, 27, 36, 21, 196, 6, 147, 147, 45, 137, 232, 53, 114, 57, 174, 140, 113, 152, 118, 159, 15, 190, 150, 6, 103, 242, 115, 140, 186, 226, 138, 95, 5, 112, 221, 47, 255, 101, 61, 145, 82, 104, 226, 241, 172, 70, 220, 200, 96, 200, 210, 231, 103, 185, 230, 105, 172, 35, 93, 57, 154, 224, 44, 171, 217, 193, 21, 42, 61, 161, 108, 54, 167, 63, 146, 244, 73, 193, 131, 250, 95, 110, 104, 94, 32, 97, 11, 42, 53, 233, 24, 46, 108, 101, 247, 111, 172, 31, 22, 7, 167, 233, 104, 216, 146, 136, 40, 41, 128, 158, 157, 143, 45, 49, 1, 55, 118, 22, 210, 41, 16, 109, 151, 195, 228, 5, 177, 37, 130, 93, 40, 28, 68, 15, 245, 43, 242, 82, 119, 193, 25, 66, 126, 172, 160, 21, 148, 199, 1, 188, 187, 49, 229, 9, 112, 229, 198, 215, 102, 46, 155, 233, 92, 6, 32, 16, 20, 165, 150, 251, 106, 19, 159, 30, 212, 97, 9, 2, 100, 60, 146, 167, 83, 200, 31, 153, 118, 226, 169, 63, 60, 104, 6, 115, 68, 12, 139, 137, 233, 48, 98, 219, 63, 154, 219, 22, 90, 4, 85, 59, 113, 23, 63, 194, 174, 145, 170, 27, 21, 194, 1, 182, 86, 148, 103, 80, 82, 40, 74, 48, 13, 1, 232, 148, 186, 86, 170, 153, 83, 227, 215, 204, 6, 175, 239, 162, 147, 193, 80, 237, 192, 123, 51, 76, 40, 164, 95, 201, 102, 18, 61, 233, 18, 75, 205, 178, 213, 48, 251, 103, 125, 0, 175, 125, 24, 95, 175, 67, 239, 246, 226, 158, 11, 148, 211, 37, 80, 188, 125, 115, 159, 19, 202, 234, 125, 135, 129, 163, 35, 5, 173, 208, 3, 78, 92, 138, 174, 33, 175, 11, 52, 2, 64, 42, 63, 252, 92, 134, 42, 42, 34, 112, 66, 32, 163, 153, 137, 34, 179, 150, 180, 220, 238, 42, 242, 159, 28, 93, 99, 231, 110, 206, 169, 239, 84, 3, 203, 246, 218, 13, 104, 55, 141, 94, 36, 5, 17, 60, 132, 161, 107, 12, 187, 178, 200, 74, 180, 168, 83, 158, 153, 83, 245, 110, 129, 83, 165, 250, 15, 52, 49, 168, 250, 145, 5, 152, 235, 46, 232, 48, 176, 203, 27, 215, 13, 255, 158, 96, 136, 254, 226, 67, 20, 2, 234, 22, 30, 165, 9, 11, 56, 140, 216, 77, 107, 19, 49, 5, 251, 43, 18, 30, 4, 206, 14, 243, 8, 251, 237, 105, 240, 215, 20, 76, 27, 14, 5, 217, 47, 237, 25, 204, 160, 215, 67, 212, 188, 134, 1, 102, 78, 19, 38, 70, 32, 185, 205, 125, 124, 86, 71, 237, 30, 230, 161, 253, 7, 49, 61, 248, 31, 90, 200, 236, 49, 243, 90, 81, 174, 241, 232, 226, 42, 18, 195, 206, 20, 24, 103, 162, 6, 13, 108, 63, 202, 21, 243, 85, 113, 132, 167, 30, 82, 166, 149, 140, 201, 51, 97, 178, 225, 33, 219, 246, 23, 3, 185, 26, 84, 73, 140, 142, 123, 49, 187, 63, 120, 117, 109, 255, 31, 232, 107, 166, 132, 113, 86, 239, 78, 78, 182, 59, 70, 54, 246, 113, 82, 18, 222, 168, 139, 208, 77, 108, 136, 179, 128, 25, 93, 194, 230, 30, 120, 244, 91, 13, 92, 140, 219, 38, 178, 178, 142, 10, 244, 250, 158, 67, 32, 9, 114, 105, 5, 13, 152, 237, 191, 190, 149, 212, 241, 60, 105, 88, 70, 170, 201, 51, 124, 122, 184, 75, 54, 19, 56, 146, 36, 129, 185, 16, 130, 8, 133, 244, 237, 107, 17, 161, 208, 200, 134, 15, 70, 139, 125, 107, 105, 71, 142, 173, 226, 108, 43, 68, 67, 196, 19, 102, 186, 199, 152, 11, 34, 25, 134, 20, 70, 248, 153, 10, 17, 14, 19, 12, 62, 31, 221, 235, 32, 1, 235, 146, 21, 142, 1, 13, 149, 88, 66, 13, 192, 204, 255, 111, 24, 43, 178, 114, 179, 118, 160, 24, 125, 219, 213, 255, 174, 58, 134, 237, 32, 149, 241, 250, 72, 4, 98, 70, 159, 143, 24, 102, 248, 247, 68, 131, 54, 45, 13, 189, 124, 106, 104, 168, 148, 28, 186, 67, 160, 162, 198, 57, 105, 221, 223, 241, 163, 162, 225, 141, 102, 186, 47, 239, 218, 155, 80, 229, 31, 0, 18, 14, 32, 14, 49, 69, 203, 31, 232, 43, 195, 178, 218, 157, 195, 17, 95, 224, 20, 63, 194, 213, 23, 119, 147, 34, 132, 183, 9, 226, 61, 3, 139, 99, 198, 86, 180, 222, 172, 134, 237, 85, 172, 11, 225, 239, 18, 196, 106, 193, 131, 245, 31, 45, 137, 187, 12, 254, 155, 118, 233, 238, 229, 22, 136, 20, 126, 9, 23, 243, 77, 212, 106, 34, 49, 112, 182, 155, 127, 9, 50, 139, 235, 93, 42, 183, 39, 217, 192, 6, 12, 123, 28, 20, 139, 42, 3, 49, 185, 34, 26, 93, 163, 185, 196, 232, 16, 35, 100, 135, 143, 24, 135, 42, 237, 123, 165, 170, 79, 90, 139, 36, 235, 62, 126, 87, 105, 11, 248, 40, 77, 247, 67, 0, 159, 126, 237, 128, 112, 69, 4, 84, 241, 68, 109, 209, 140, 251, 53, 20, 57, 88, 252, 36, 165, 70, 126, 149, 105, 47, 64, 127, 86, 41, 240, 187, 44, 170, 159, 86, 58, 218, 169, 217, 47, 198, 209, 134, 18, 137, 31, 20, 65, 41, 55, 190, 4, 141, 47, 161, 76, 19, 165, 147, 215, 72, 34, 95, 106, 61, 180, 143, 215, 151, 84, 174, 236, 228, 203, 183, 245, 190, 109, 126, 229, 192, 109, 108, 151, 191, 74, 116, 100, 47, 137, 246, 236, 239, 151, 73, 149, 242, 64, 237, 244, 205, 220, 211, 150, 255, 112, 29, 10, 180, 40, 15, 166, 226, 30, 17, 40, 213, 9, 250, 225, 6, 19, 19, 211, 13, 118, 82, 96, 35, 254, 240, 146, 172, 227, 51, 170, 86, 40, 124, 81, 116, 3, 89, 174, 126, 246, 12, 244, 94, 99, 14, 109, 33, 162, 65, 29, 241, 156, 30, 61, 117, 215, 70, 47, 136, 58, 111, 56, 178, 220, 24, 129, 95, 92, 152, 16, 50, 70, 224, 215, 27, 25, 129, 141, 38, 29, 116, 155, 24, 177, 250, 147, 64, 49, 135, 189, 102, 118, 104, 146, 21, 39, 192, 236, 218, 27, 136, 152, 137, 241, 205, 199, 93, 191, 56, 227, 43, 175, 127, 0, 148, 209, 102, 244, 197, 21, 5, 137, 139, 108, 49, 93, 33, 38, 224, 126, 187, 45, 55, 158, 232, 210, 238, 84, 117, 82, 133, 245, 38, 75, 124, 78, 35, 93, 57, 169, 149, 118, 249, 171, 118, 12, 105, 246, 105, 89, 35, 67, 175, 145, 246, 255, 62, 97, 37, 197, 236, 133, 231, 172, 19, 23, 229, 146, 206, 80, 7, 181, 206, 61, 14, 47, 177, 208, 73, 87, 218, 22, 63, 20, 171, 205, 170, 135, 241, 188, 43, 73, 16, 221, 119, 126, 33, 169, 7, 191, 190, 65, 51, 230, 225, 29, 240, 97, 121, 25, 131, 56, 170, 222, 164, 181, 114, 121, 65, 17, 122, 146, 147, 45, 16, 239, 54, 80, 24, 151, 80, 136, 228, 239, 225, 210, 65, 75, 220, 165, 48, 85, 131, 161, 80, 123, 230, 92, 188, 66, 30, 249, 75, 149, 31, 195, 180, 114, 52, 20, 27, 246, 156, 111, 131, 212, 149, 55, 201, 86, 240, 170, 219, 205, 221, 14, 116, 37, 9, 230, 63, 246, 197, 77, 173, 236, 220, 80, 99, 215, 43, 214, 13, 47, 19, 137, 83, 120, 199, 84, 241, 93, 189, 176, 145, 80, 89, 239, 242, 158, 86, 70, 9, 114, 57, 65, 32, 167, 190, 245, 28, 163, 200, 206, 28, 244, 177, 170, 13, 206, 250, 17, 3, 106, 179, 151, 117, 253, 201, 217, 67, 30, 128, 211, 235, 52, 229, 200, 92, 47, 161, 90, 7, 245, 63, 48, 47, 96, 14, 158, 11, 203, 45, 25, 234, 148, 218, 62, 57, 67, 208, 176, 17, 208, 40, 105, 149, 100, 99, 129, 29, 84, 54, 171, 114, 28, 74, 101, 29, 53, 93, 121, 104, 207, 55, 57, 39, 232, 26, 16, 19, 218, 177, 96, 222, 30, 148, 162, 77, 39, 165, 73, 28, 59, 151, 236, 77, 68, 33, 222, 17, 66, 39, 210, 168, 95, 214, 110, 220, 228, 144, 179, 131, 45, 88, 137, 104, 160, 178, 122, 124, 13, 95, 101, 214, 134, 47, 95, 106, 158, 229, 48, 9, 183, 88, 183, 76, 88, 127, 155, 93, 78, 156, 172, 7, 31, 230, 130, 183, 88, 66, 252, 58, 98, 241, 118, 110, 80, 176, 238, 25, 125, 42, 185, 14, 78, 223, 63, 119, 238, 153, 138, 184, 50, 54, 228, 223, 97, 109, 131, 133, 236, 189, 153, 66, 173, 40, 204, 234, 217, 216, 81, 46, 71, 222, 41, 34, 159, 223, 141, 248, 225, 72, 186, 167, 66, 22, 17, 220, 205, 130, 181, 154, 197, 103, 202, 30, 38, 160, 140, 123, 43, 62, 7, 169, 76, 214, 83, 10, 152, 85, 43, 109, 186, 123, 216, 180, 150, 104, 115, 138, 53, 142, 22, 222, 133, 149, 29, 197, 218, 169, 128, 252, 206, 193, 141, 220, 206, 130, 136, 42, 68, 141, 199, 229, 30, 246, 250, 154, 52, 228, 166, 198, 95, 45, 246, 162, 78, 35, 31, 61, 225, 104, 249, 155, 64, 1, 126, 67, 170, 121, 253, 38, 228, 76, 54, 106, 180, 254, 171, 97, 20, 18, 142, 241, 112, 99, 247, 215, 143, 43, 235, 14, 89, 195, 43, 112, 77, 159, 70, 250, 230, 118, 3, 14, 252, 108, 75, 4, 96, 26, 183, 156, 214, 76, 176, 204, 208, 117, 230, 37, 42, 129, 224, 198, 82, 192, 176, 180, 106, 23, 245, 21, 146, 119, 7, 15, 62, 164, 188, 151, 227, 161, 62, 57, 211, 178, 110, 197, 209, 63, 13, 21, 9, 82, 178, 190, 171, 180, 194, 210, 23, 224, 114, 225, 159, 202, 143, 27, 186, 231, 198, 244, 244, 41, 157, 87, 44, 102, 194, 204, 238, 61, 102, 243, 237, 46, 210, 162, 44, 93, 187, 44, 191, 70, 184, 150, 107, 130, 28, 17, 26, 114, 180, 249, 91, 19, 13, 65, 216, 235, 145, 144, 250, 19, 121, 0, 195, 245, 180, 13, 224, 60, 206, 234, 149, 1, 12, 223, 176, 181, 194, 5, 87, 49, 150, 72, 20, 2, 1, 217, 85, 109, 9, 20, 215, 119, 154, 103, 24, 156, 58, 79, 232, 115, 148, 122, 30, 187, 38, 162, 19, 84, 248, 6, 89, 120, 121, 145, 40, 222, 173, 178, 215, 220, 171, 66, 204, 64, 134, 236, 200, 245, 19, 234, 88, 247, 171, 80, 129, 1, 120, 161, 103, 119, 80, 33, 44, 100, 49, 53, 248, 107, 74, 228, 242, 139, 245, 20, 252, 87, 239, 231, 51, 37, 148, 215, 108, 170, 40, 70, 213, 100, 199, 126, 185, 196, 133, 4, 17, 162, 11, 82, 39, 64, 163, 14, 0, 229, 128, 147, 57, 50, 128, 242, 224, 7, 43, 150, 170, 8, 193, 178, 115, 59, 13, 225, 247, 252, 152, 48, 67, 209, 224, 74, 219, 233, 125, 86, 36, 118, 62, 170, 22, 195, 222, 227, 212, 41, 40, 57, 126, 2, 116, 89, 146, 51, 101, 239, 42, 240, 179, 1, 220, 134, 156, 131, 165, 41, 63, 212, 46, 253, 208, 215, 59, 249, 134, 129, 57, 159, 205, 8, 103, 128, 41, 110, 215, 7, 59, 32, 165, 177, 193, 1, 129, 134, 49, 192, 87, 32, 75, 158, 78, 66, 150, 1, 39, 53, 98, 32, 34, 80, 156, 14, 152, 165, 110, 157, 154, 185, 133, 137, 112, 225, 101, 31, 53, 108, 101, 192, 34, 183, 135, 203, 98, 220, 91, 154, 37, 73, 38, 65, 242, 184, 32, 147, 41, 145, 54, 40, 4, 13, 122, 30, 255, 144, 203, 25, 75, 165, 12, 147, 236, 192, 121, 62, 144, 239, 42, 108, 133, 103, 212, 193, 170, 225, 163, 41, 90, 250, 110, 217, 7, 210, 52, 0, 91, 103, 175, 0, 139, 167, 2, 134, 61, 187, 134, 244, 216, 125, 133, 52, 213, 1, 149, 30, 50, 106, 146, 37, 62, 19, 118, 195, 101, 125, 71, 4, 26, 247, 7, 10, 53, 56, 200, 246, 24, 25, 190, 5, 60, 27, 217, 164, 30, 156, 103, 231, 27, 1, 187, 39, 176, 168, 183, 43, 244, 86, 214, 13, 222, 74, 149, 23, 176, 145, 220, 199, 188, 111, 67, 49, 130, 170, 102, 82, 167, 40, 140, 92, 243, 25, 151, 51, 65, 122, 45, 236, 18, 90, 119, 11, 213, 140, 157, 31, 210, 95, 117, 57, 13, 213, 164, 180, 239, 218, 105, 186, 82, 250, 254, 254, 88, 148, 110, 24, 2, 108, 245, 37, 216, 102, 134, 70, 25, 24, 162, 17, 101, 113, 34, 173, 211, 98, 225, 207, 4, 192, 172, 93, 171, 91, 21, 176, 9, 54, 178, 9, 197, 205, 210, 125, 52, 227, 161, 115, 202, 211, 63, 25, 51, 238, 102, 80, 239, 205, 251, 88, 64, 183, 180, 44, 194, 96, 8, 53, 209, 155, 7, 113, 231, 206, 185, 21, 7, 138, 188, 14, 48, 29, 20, 9, 175, 0, 191, 27, 38, 241, 255, 247, 87, 68, 133, 244, 141, 140, 60, 32, 248, 173, 164, 241, 102, 184, 107, 140, 226, 43, 188, 221, 94, 131, 208, 16, 240, 85, 135, 238, 134, 244, 42, 66, 131, 113, 67, 141, 68, 27, 251, 164, 108, 123, 101, 98, 80, 8, 44, 253, 237, 20, 140, 184, 242, 88, 81, 26, 185, 224, 207, 25, 172, 73, 28, 146, 120, 209, 63, 235, 228, 241, 24, 13, 155, 247, 233, 120, 96, 128, 69, 223, 68, 168, 224, 166, 218, 202, 167, 4, 176, 95, 131, 38, 43, 15, 241, 154, 5, 159, 41, 213, 110, 116, 184, 156, 108, 226, 235, 201, 11, 249, 46, 174, 106, 50, 25, 228, 86, 2, 14, 32, 91, 71, 142, 138, 238, 237, 149, 17, 124, 213, 187, 226, 6, 182, 18, 125, 34, 200, 232, 242, 73, 124, 127, 0, 200, 62, 10, 177, 195, 254, 164, 26, 8, 167, 160, 218, 122, 157, 173, 66, 30, 86, 32, 177, 226, 137, 80, 85, 218, 38, 108, 110, 117, 88, 91, 206, 145, 187, 173, 186, 71, 112, 236, 19, 2, 250, 105, 46, 100, 122, 98, 84, 167, 253, 230, 44, 238, 28, 219, 19, 213, 222, 10, 169, 94, 111, 72, 219, 241, 242, 14, 194, 90, 27, 180, 18, 101, 112, 23, 165, 36, 63, 207, 95, 105, 161, 120, 212, 219, 90, 190, 81, 101, 2, 72, 238, 187, 112, 179, 99, 119, 125, 161, 83, 50, 187, 181, 28, 72, 149, 98, 19, 155, 16, 123, 223, 255, 46, 191, 252, 198, 85, 109, 79, 197, 255, 184, 205, 78, 156, 230, 44, 192, 233, 218, 141, 120, 77, 223, 22, 91, 155, 8, 245, 253, 49, 101, 255, 200, 107, 128, 118, 30, 90, 141, 114, 127, 90, 149, 58, 203, 90, 180, 152, 25, 78, 98, 214, 189, 225, 94, 4, 60, 250, 15, 183, 47, 32, 113, 234, 189, 102, 49, 183, 228, 1, 129, 52, 104, 118, 185, 35, 35, 226, 109, 17, 204, 134, 152, 105, 174, 252, 158, 42, 168, 220, 113, 237, 115, 81, 160, 177, 122, 148, 1, 101, 247, 234, 63, 71, 171, 40, 47, 61, 194, 36, 200, 214, 207, 88, 192, 181, 238, 10, 173, 34, 109, 234, 12, 174, 4, 231, 197, 92, 122, 31, 138, 201, 18, 201, 180, 69, 170, 220, 170, 125, 156, 63, 5, 36, 64, 169, 5, 81, 66, 102, 176, 3, 58, 115, 83, 15, 251, 207, 253, 55, 50, 102, 140, 14, 56, 26, 145, 26, 179, 243, 217, 202, 246, 60, 88, 219, 99, 235, 176, 92, 248, 181, 64, 34, 41, 196, 140, 5, 15, 92, 69, 66, 149, 56, 71, 128, 112, 209, 170, 153, 24, 45, 191, 253, 142, 251, 254, 88, 173, 134, 230, 245, 72, 219, 136, 17, 161, 149, 224, 152, 160, 70, 97, 204, 17, 129, 100, 71, 85, 214, 21, 180, 209, 200, 107, 164, 240, 27, 205, 0, 45, 77, 171, 223, 6, 12, 75, 44, 190, 168, 118, 55, 65, 146, 171, 45, 138, 120, 38, 107, 226, 254, 215, 118, 180, 174, 44, 193, 27, 21, 244, 199, 125, 213, 215, 230, 245, 40, 216, 15, 140, 220, 139, 86, 11, 226, 151, 218, 1, 153, 181, 232, 235, 113, 253, 53, 114, 124, 109, 166, 33, 59, 122, 211, 134, 78, 66, 13, 227, 95, 49, 11, 175, 162, 143, 196, 99, 195, 220, 17, 152, 239, 1, 110, 144, 208, 176, 61, 129, 17, 136, 77, 163, 173, 213, 65, 39, 48, 224, 11, 144, 198, 224, 43, 154, 125, 110, 79, 123, 70, 86, 38, 244, 61, 254, 54, 90, 212, 62, 66, 140, 126, 232, 231, 72, 190, 169, 51, 136, 155, 207, 152, 217, 132, 116, 46, 209, 243, 179, 115, 194, 97, 156, 26, 81, 136, 178, 94, 202, 195, 18, 182, 188, 24, 232, 59, 165, 108, 171, 146, 177, 35, 198, 40, 241, 106, 37, 36, 239, 114, 58, 183, 155, 190, 9, 168, 197, 200, 145, 181, 205, 69, 148, 233, 170, 92, 237, 171, 255, 63, 37, 255, 54, 105, 118, 64, 133, 109, 71, 4, 201, 198, 166, 243, 179, 91, 135, 219, 226, 219, 128, 37, 154, 15, 89, 120, 17, 216, 110, 212, 186, 32, 225, 173, 153, 83, 47, 65, 213, 190, 98, 35, 68, 47, 115, 30, 131, 51, 247, 218, 239, 167, 18, 2, 157, 90, 3, 123, 147, 245, 186, 165, 164, 47, 120, 71, 9, 118, 249, 240, 108, 161, 54, 32, 106, 73, 46, 154, 17, 5, 168, 116, 62, 92, 189, 186, 83, 173, 135, 222, 251, 47, 213, 198, 76, 244, 2, 70, 128, 24, 190, 95, 140, 20, 247, 3, 165, 216, 110, 37, 250, 84, 97, 215, 245, 90, 167, 129, 196, 2, 71, 238, 189, 161, 97, 26, 235, 19, 81, 236, 218, 56, 17, 150, 152, 221, 203, 8, 220, 181, 124, 75, 126, 124, 120, 161, 180, 12, 2, 241, 123, 36, 196, 93, 1, 29, 87, 192, 85, 29, 252, 8, 10, 88, 217, 30, 159, 182, 118, 13, 57, 62, 14, 46, 155, 186, 23, 134, 23, 70, 203, 155, 118, 72, 236, 24, 67, 187, 31, 68, 47, 244, 27, 46, 180, 210, 191, 85, 164, 45, 4, 23, 182, 154, 31, 220, 37, 114, 75, 182, 161, 201, 78, 44, 207, 142, 201, 70, 135, 171, 193, 176, 119, 42, 76, 110, 179, 94, 6, 175, 213, 213, 139, 0, 146, 174, 82, 122, 173, 227, 21, 179, 145, 57, 2, 20, 201, 193, 100, 81, 194, 213, 121, 204, 64, 168, 185, 116, 82, 152, 248, 51, 39, 49, 41, 5, 236, 43, 170, 72, 164, 251, 179, 69, 206, 161, 216, 25, 193, 45, 208, 85, 100, 227, 77, 134, 15, 143, 218, 197, 2, 157, 231, 161, 67, 204, 0, 19, 27, 97, 199, 252, 172, 23, 189, 180, 134, 62, 29, 54, 55, 229, 46, 94, 116, 219, 227, 20, 119, 180, 193, 5, 83, 29, 219, 140, 64, 12, 147, 32, 138, 57, 167, 25, 104, 157, 155, 183, 160, 10, 21, 248, 166, 110, 104, 28, 118, 9, 115, 1, 236, 82, 149, 158, 34, 46, 155, 124, 24, 81, 141, 15, 23, 244, 21, 188, 8, 11, 208, 216, 152, 40, 169, 232, 65, 148, 121, 191, 162, 232, 242, 192, 233, 218, 130, 167, 203, 0, 163, 189, 26, 44, 165, 33, 230, 144, 145, 37, 109, 135, 37, 248, 208, 84, 237, 236, 196, 76, 192, 58, 248, 125, 93, 122, 36, 7, 159, 27, 150, 21, 13, 56, 96, 105, 147, 0, 171, 200, 80, 158, 185, 118, 58, 195, 53, 85, 11, 139, 180, 112, 134, 36, 122, 93, 34, 218, 83, 106, 93, 106, 230, 246, 8, 249, 254, 254, 3, 28, 6, 100, 149, 59, 48, 120, 139, 91, 222, 23, 206, 161, 194, 86, 33, 36, 82, 207, 118, 17, 155, 4, 163, 119, 51, 215, 243, 34, 193, 64, 149, 27, 135, 75, 9, 147, 137, 138, 34, 163, 228, 49, 199, 185, 20, 0, 162, 228, 149, 191, 167, 91, 180, 217, 83, 51, 224, 111, 126, 23, 3, 254, 224, 0, 192, 238, 134, 32, 150, 71, 112, 97, 10, 165, 165, 235, 103, 35, 22, 193, 177, 47, 246, 117, 252, 184, 159, 93, 9, 130, 33, 70, 226, 5, 241, 38, 250, 143, 126, 247, 28, 134, 81, 253, 16, 177, 253, 200, 218, 239, 89, 193, 218, 29, 226, 21, 134, 99, 105, 11, 42, 171, 43, 30, 145, 22, 184, 44, 153, 230, 37, 24, 177, 8, 194, 163, 196, 67, 30, 76, 17, 3, 153, 79, 252, 48, 4, 120, 24, 86, 203, 73, 155, 152, 17, 142, 116, 102, 8, 9, 92, 15, 218, 173, 178, 29, 128, 39, 221, 111, 232, 154, 68, 204, 153, 68, 75, 92, 50, 26, 13, 186, 239, 216, 82, 70, 80, 224, 24, 173, 103, 37, 233, 172, 161, 183, 11, 221, 45, 194, 111, 120, 237, 161, 35, 22, 236, 74, 96, 141, 150, 234, 70, 187, 50, 166, 153, 173, 139, 0, 205, 226, 186, 1, 67, 224, 176, 186, 66, 6, 208, 37, 170, 199, 13, 25, 251, 27, 146, 146, 155, 65, 195, 56, 119, 208, 214, 48, 198, 86, 219, 97, 83, 38, 152, 6, 57, 156, 230, 191, 201, 213, 123, 183, 200, 196, 95, 159, 8, 106, 209, 49, 2, 47, 153, 120, 204, 22, 197, 180, 175, 181, 96, 111, 81, 19, 106, 11, 147, 117, 142, 87, 82, 86, 131, 132, 85, 26, 173, 137, 54, 115, 199, 76, 178, 115, 105, 99, 146, 123, 194, 29, 20, 31, 75, 175, 15, 1, 142, 21, 211, 209, 189, 52, 253, 44, 63, 250, 171, 241, 148, 212, 31, 238, 86, 87, 52, 149, 184, 208, 122, 226, 45, 162, 39, 253, 24, 192, 228, 46, 96, 8, 175, 70, 189, 191, 233, 96, 46, 71, 255, 197, 192, 29, 179, 144, 224, 4, 131, 141, 118, 56, 119, 49, 60, 205, 26, 69, 164, 19, 146, 115, 206, 28, 237, 245, 100, 116, 174, 143, 104, 120, 162, 102, 71, 151, 107, 49, 70, 45, 136, 200, 227, 97, 184, 94, 119, 238, 12, 78, 209, 238, 103, 25, 51, 19, 217, 240, 179, 79, 24, 52, 188, 48, 248, 90, 42, 145, 218, 50, 232, 249, 130, 132, 231, 140, 86, 243, 47, 75, 65, 214, 44, 164, 192, 103, 83, 1, 91, 119, 241, 82, 70, 223, 19, 6, 115, 171, 184, 116, 85, 234, 68, 192, 51, 209, 201, 97, 177, 26, 255, 220, 51, 218, 211, 139, 182, 56, 220, 38, 229, 248, 136, 111, 175, 63, 234, 58, 15, 197, 130, 89, 43, 2, 235, 165, 130, 114, 136, 94, 38, 126, 208, 230, 40, 238, 135, 188, 65, 59, 222, 29, 205, 14, 36, 223, 120, 96, 191, 137, 1, 171, 158, 68, 168, 33, 200, 110, 160, 139, 17, 101, 227, 42, 241, 175, 4, 115, 102, 154, 46, 251, 113, 10, 137, 22, 81, 67, 29, 243, 185, 169, 78, 123, 153, 247, 119, 25, 238, 28, 28, 8, 164, 22, 87, 102, 140, 202, 147, 206, 85, 147, 198, 187, 113, 19, 115, 84, 187, 165, 50, 232, 243, 66, 186, 199, 143, 123, 75, 137, 233, 178, 114, 194, 208, 55, 25, 222, 110, 113, 53, 127, 130, 172, 98, 146, 154, 45, 24, 225, 157, 16, 40, 251, 55, 238, 139, 9, 69, 95, 55, 213, 172, 203, 255, 72, 37, 12, 176, 100, 44, 214, 208, 103, 248, 10, 174, 13, 241, 13, 239, 167, 195, 159, 54, 79, 190, 100, 5, 228, 105, 95, 152, 183, 130, 66, 199, 22, 47, 7, 223, 163, 144, 34, 57, 105, 150, 108, 234, 109, 138, 38, 208, 175, 254, 8, 81, 218, 18, 206, 102, 13, 146, 154, 100, 35, 14, 60, 39, 69, 111, 126, 245, 156, 22, 42, 142, 102, 123, 171, 101, 100, 157, 10, 214, 44, 207, 127, 37, 72, 241, 197, 110, 159, 34, 165, 252, 118, 133, 150, 167, 127, 7, 86, 165, 168, 46, 10, 50, 62, 217, 109, 168, 139, 56, 25, 204, 141, 104, 105, 82, 208, 137, 108, 157, 30, 224, 76, 116, 115, 19, 134, 208, 206, 185, 95, 42, 156, 32, 105, 140, 22, 44, 52, 178, 20, 151, 19, 147, 38, 233, 67, 174, 158, 24, 30, 170, 11, 244, 9, 154, 150, 154, 255, 187, 12, 1, 118, 130, 20, 232, 240, 173, 238, 190, 234, 151, 193, 169, 29, 42, 134, 114, 70, 248, 73, 37, 61, 89, 114, 165, 75, 170, 114, 139, 174, 34, 72, 4, 104, 239, 40, 153, 17, 225, 71, 221, 167, 49, 2, 213, 27, 72, 157, 54, 125, 75, 34, 81, 161, 85, 117, 156, 197, 123, 139, 18, 242, 246, 142, 196, 10, 186, 221, 186, 128, 188, 105, 171, 122, 208, 34, 10, 42, 232, 247, 3, 170, 254, 12, 125, 115, 220, 229, 71, 193, 239, 163, 83, 62, 248, 157, 91, 208, 252, 125, 6, 214, 142, 70, 182, 182, 141, 114, 40, 11, 115, 214, 195, 254, 92, 241, 66, 119, 59, 77, 123, 56, 49, 43, 185, 248, 239, 10, 4, 197, 164, 215, 156, 250, 165, 249, 58, 187, 224, 231, 169, 18, 177, 7, 105, 153, 110, 111, 56, 109, 99, 233, 231, 142, 196, 74, 68, 74, 174, 180, 212, 116, 64, 151, 136, 97, 249, 76, 151, 128, 86, 117, 89, 33, 62, 189, 97, 106, 175, 37, 245, 86, 158, 171, 86, 143, 55, 98, 245, 38, 243, 54, 223, 198, 143, 228, 127, 45, 150, 209, 148, 202, 168, 167, 19, 24, 42, 249, 223, 253, 14, 246, 165, 146, 146, 86, 229, 81, 49, 186, 183, 216, 185, 190, 250, 183, 92, 64, 105, 98, 18, 9, 177, 189, 37, 32, 192, 0, 91, 238, 74, 5, 35, 25, 207, 97, 52, 216, 38, 26, 21, 7, 222, 83, 54, 104, 246, 80, 32, 224, 134, 98, 44, 235, 101, 145, 0, 113, 8, 28, 183, 41, 162, 184, 54, 41, 137, 36, 93, 237, 42, 44, 200, 200, 134, 36, 124, 87, 141, 210, 228, 205, 15, 128, 17, 154, 178, 89, 191, 245, 29, 38, 237, 163, 60, 165, 75, 227, 222, 249, 180, 146, 167, 185, 137, 86, 243, 160, 179, 97, 23, 17, 161, 169, 68, 42, 14, 87, 24, 89, 152, 178, 243, 17, 216, 240, 74, 52, 6, 250, 187, 100, 91, 252, 96, 56, 245, 86, 94, 77, 127, 177, 141, 167, 96, 174, 91, 162, 211, 190, 159, 174, 188, 253, 8, 11, 242, 44, 132, 174, 222, 132, 205, 114, 126, 115, 89, 203, 143, 84, 211, 78, 41, 42, 43, 28, 216, 169, 162, 117, 122, 40, 172, 117, 151, 249, 8, 36, 197, 60, 52, 70, 161, 174, 213, 44, 88, 75, 126, 139, 62, 76, 19, 124, 112, 141, 74, 153, 221, 168, 121, 2, 180, 238, 33, 243, 191, 4, 47, 2, 156, 220, 182, 117, 38, 149, 163, 165, 210, 80, 208, 64, 91, 116, 103, 103, 188, 150, 111, 126, 255, 172, 110, 17, 216, 214, 150, 248, 100, 131, 5, 38, 130, 90, 98, 192, 87, 115, 131, 112, 138, 122, 76, 199, 239, 125, 190, 173, 47, 212, 244, 175, 208, 196, 249, 112, 156, 196, 129, 251, 195, 169, 122, 41, 56, 99, 5, 38, 181, 207, 20, 78, 78, 2, 251, 13, 243, 223, 166, 159, 169, 64, 213, 170, 44, 46, 162, 178, 160, 186, 46, 62, 6, 68, 215, 14, 228, 239, 160, 15, 21, 219, 40, 180, 136, 131, 114, 54, 29, 39, 184, 127, 229, 149, 192, 149, 48, 52, 216, 225, 183, 87, 118, 107, 127, 0, 227, 17, 48, 243, 221, 254, 5, 152, 184, 28, 41, 51, 95, 102, 93, 34, 180, 88, 241, 120, 25, 73, 21, 95, 208, 179, 105, 232, 33, 229, 182, 173, 58, 42, 37, 95, 120, 236, 229, 158, 216, 48, 126, 31, 13, 46, 18, 36, 135, 186, 157, 195, 188, 150, 142, 85, 172, 190, 88, 131, 122, 45, 253, 136, 143, 13, 183, 95, 134, 111, 26, 48, 128, 48, 9, 34, 27, 65, 94, 235, 184, 152, 176, 193, 18, 158, 144, 228, 173, 162, 186, 125, 227, 58, 37, 75, 212, 38, 111, 179, 128, 234, 164, 150, 132, 222, 216, 78, 130, 254, 133, 176, 126, 234, 6, 174, 214, 98, 104, 141, 255, 133, 119, 246, 151, 185, 149, 129, 208, 19, 251, 77, 187, 30, 116, 163, 59, 22, 117, 135, 45, 159, 101, 142, 237, 111, 200, 220, 143, 25, 168, 23, 182, 43, 169, 232, 154, 192, 12, 176, 94, 44, 54, 208, 225, 49, 74, 67, 94, 137, 74, 6, 63, 151, 250, 239, 162, 219, 218, 36, 169, 143, 116, 178, 245, 189, 100, 104, 95, 170, 132, 193, 110, 40, 117, 95, 118, 192, 205, 14, 124, 123, 157, 49, 115, 239, 95, 148, 34, 215, 226, 114, 59, 159, 233, 95, 192, 59, 40, 125, 213, 43, 76, 105, 147, 35, 156, 138, 132, 241, 70, 68, 141, 6, 203, 113, 8, 242, 194, 24, 205, 17, 101, 108, 82, 229, 90, 204, 32, 186, 56, 73, 91, 158, 150, 142, 153, 16, 58, 165, 53, 63, 153, 24, 204, 158, 135, 131, 225, 9, 58, 153, 240, 25, 240, 12, 252, 184, 162, 94, 22, 187, 9, 126, 49, 150, 101, 34, 2, 43, 145, 153, 8, 55, 189, 205, 21, 228, 208, 117, 168, 48, 212, 56, 162, 44, 145, 206, 179, 253, 166, 183, 237, 121, 125, 127, 204, 240, 28, 212, 143, 13, 89, 40, 44, 9, 85, 158, 254, 115, 121, 192, 127, 18, 22, 82, 61, 158, 48, 21, 202, 112, 158, 11, 229, 216, 193, 52, 79, 243, 36, 9, 162, 12, 60, 215, 251, 224, 204, 72, 58, 50, 128, 216, 43, 137, 184, 5, 204, 49, 53, 203, 21, 39, 225, 187, 18, 207, 252, 152, 226, 130, 90, 118, 72, 13, 41, 248, 234, 153, 181, 193, 119, 152, 211, 120, 53, 94, 185, 224, 37, 51, 211, 47, 101, 16, 14, 18, 230, 66, 203, 201, 229, 65, 125, 20, 187, 35, 91, 13, 115, 224, 0, 234, 161, 111, 17, 192, 208, 22, 54, 69, 48, 55, 192, 90, 29, 197, 200, 25, 192, 137, 7, 26, 74, 192, 235, 69, 127, 25, 135, 215, 25, 227, 50, 133, 234, 43, 169, 21, 122, 104, 247, 240, 65, 75, 242, 234, 59, 48, 233, 206, 147, 216, 203, 176, 197, 12, 213, 7, 85, 8, 220, 59, 159, 80, 189, 70, 65, 129, 130, 253, 86, 80, 238, 24, 185, 240, 31, 232, 175, 118, 124, 68, 90, 135, 85, 206, 25, 50, 107, 8, 104, 29, 138, 248, 38, 144, 81, 141, 201, 230, 157, 241, 82, 105, 85, 245, 143, 201, 134, 253, 175, 207, 248, 97, 4, 144, 151, 124, 96, 5, 123, 203, 230, 24, 2, 33, 239, 99, 193, 158, 51, 227, 73, 77, 68, 255, 194, 242, 170, 166, 186, 174, 130, 119, 55, 27, 0, 30, 164, 113, 86, 57, 214, 240, 228, 23, 158, 173, 124, 148, 124, 96, 20, 249, 159, 250, 203, 74, 228, 41, 230, 178, 32, 205, 194, 170, 216, 133, 37, 179, 86, 26, 182, 77, 160, 34, 104, 38, 176, 218, 141, 150, 64, 22, 11, 134, 138, 9, 138, 80, 144, 159, 19, 210, 61, 107, 85, 200, 23, 242, 230, 213, 14, 72, 37, 244, 72, 225, 148, 5, 233, 56, 247, 123, 20, 62, 101, 148, 10, 95, 143, 106, 136, 96, 53, 177, 116, 107, 127, 115, 161, 81, 181, 211, 219, 87, 158, 215, 69, 102, 225, 45, 57, 224, 239, 199, 181, 134, 113, 59, 229, 31, 70, 131, 212, 66, 66, 70, 81, 158, 12, 221, 188, 134, 167, 99, 241, 234, 143, 95, 224, 16, 97, 34, 207, 143, 65, 73, 43, 89, 251, 233, 130, 174, 145, 49, 220, 148, 185, 54, 86, 194, 180, 154, 76, 146, 10, 82, 228, 240, 218, 32, 212, 10, 107, 16, 173, 159, 37, 151, 68, 243, 166, 77, 29, 221, 182, 107, 151, 242, 1, 242, 238, 169, 161, 36, 212, 74, 235, 93, 19, 208, 5, 7, 253, 41, 6, 15, 178, 53, 164, 221, 103, 15, 217, 218, 94, 223, 172, 238, 90, 189, 75, 100, 27, 171, 24, 65, 223, 68, 235, 229, 163, 4, 9, 53, 11, 90, 152, 5, 44, 160, 63, 73, 230, 111, 233, 94, 167, 99, 235, 110, 117, 14, 250, 91, 60, 16, 109, 191, 212, 255, 143, 190, 171, 18, 178, 182, 178, 181, 238, 42, 127, 236, 173, 128, 151, 118, 8, 171, 139, 6, 84, 135, 79, 227, 23, 93, 136, 177, 218, 75, 217, 254, 116, 80, 179, 80, 62, 199, 81, 107, 6, 30, 30, 11, 156, 82, 22, 169, 119, 190, 210, 73, 206, 248, 13, 136, 174, 60, 103, 80, 125, 148, 64, 239, 57, 48, 44, 186, 124, 201, 59, 236, 113, 12, 233, 15, 206, 53, 179, 149, 75, 243, 13, 169, 105, 128, 74, 154, 58, 193, 64, 86, 250, 227, 37, 112, 78, 243, 162, 180, 42, 113, 222, 148, 89, 25, 216, 63, 142, 35, 246, 133, 49, 26, 77, 126, 170, 209, 113, 68, 146, 60, 70, 85, 170, 91, 213, 16, 220, 39, 93, 26, 221, 152, 116, 163, 129, 2, 75, 55, 48, 144, 55, 211, 88, 209, 247, 150, 187, 30, 109, 88, 21, 81, 36, 221, 167, 242, 59, 254, 233, 54, 166, 136, 103, 2, 167, 176, 72, 15, 242, 147, 116, 134, 161, 144, 163, 69, 48, 4, 106, 63, 133, 248, 67, 128, 158, 94, 20, 232, 50, 195, 112, 197, 197, 59, 158, 247, 55, 200, 20, 22, 28, 195, 6, 135, 110, 251, 119, 255, 34, 212, 7, 70, 252, 234, 169, 216, 176, 10, 101, 151, 19, 189, 55, 160, 153, 62, 57, 241, 253, 43, 2, 7, 8, 88, 81, 74, 157, 229, 244, 200, 53, 133, 243, 43, 239, 198, 161, 238, 25, 172, 244, 78, 73, 195, 202, 225, 216, 111, 98, 163, 159, 19, 115, 39, 200, 228, 152, 188, 104, 166, 154, 100, 152, 50, 133, 145, 192, 47, 35, 250, 132, 138, 8, 97, 93, 36, 61, 166, 47, 72, 18, 169, 54, 148, 64, 23, 116, 76, 226, 26, 205, 33, 145, 218, 170, 79, 208, 76, 27, 38, 145, 100, 67, 76, 58, 189, 12, 103, 174, 109, 184, 252, 100, 159, 25, 199, 57, 6, 42, 242, 107, 254, 5, 198, 84, 231, 150, 0, 222, 209, 84, 71, 74, 58, 94, 140, 217, 95, 179, 230, 132, 189, 172, 145, 178, 210, 198, 115, 141, 3, 160, 182, 186, 141, 42, 245, 201, 41, 144, 195, 244, 70, 205, 169, 89, 58, 118, 37, 196, 38, 39, 210, 74, 95, 230, 213, 80, 213, 129, 73, 135, 7, 131, 170, 139, 157, 182, 191, 238, 48, 155, 232, 204, 25, 66, 70, 186, 43, 197, 174, 97, 8, 54, 86, 168, 37, 53, 21, 73, 166, 201, 66, 131, 31, 104, 12, 35, 30, 241, 214, 207, 227, 190, 14, 187, 110, 219, 191, 85, 28, 158, 241, 232, 142, 99, 125, 49, 60, 29, 35, 80, 141, 152, 215, 58, 17, 252, 163, 95, 241, 153, 89, 233, 255, 99, 161, 144, 175, 139, 189, 190, 41, 174, 227, 16, 202, 13, 44, 120, 234, 181, 26, 25, 120, 181, 21, 223, 24, 48, 9, 233, 237, 27, 164, 116, 238, 84, 130, 38, 199, 82, 140, 117, 2, 87, 203, 101, 87, 90, 132, 151, 137, 231, 88, 167, 93, 144, 15, 179, 13, 251, 255, 57, 193, 111, 160, 161, 142, 119, 64, 79, 21, 192, 133, 13, 68, 147, 128, 127, 136, 47, 65, 173, 74, 121, 155, 41, 79, 169, 173, 255, 9, 196, 189, 225, 232, 55, 250, 184, 100, 86, 211, 229, 145, 194, 89, 52, 51, 174, 82, 230, 230, 20, 45, 95, 201, 224, 173, 132, 141, 55, 228, 106, 21, 171, 41, 5, 160, 106, 206, 231, 81, 220, 103, 79, 244, 216, 57, 217, 57, 56, 68, 155, 88, 85, 150, 186, 83, 203, 72, 250, 95, 58, 92, 223, 27, 64, 114, 145, 45, 33, 86, 214, 251, 219, 154, 250, 251, 220, 76, 156, 65, 15, 87, 240, 48, 139, 100, 19, 39, 97, 35, 53, 29, 174, 134, 23, 39, 73, 132, 159, 208, 105, 74, 224, 157, 170, 10, 42, 119, 74, 180, 169, 153, 150, 117, 102, 30, 145, 142, 158, 177, 164, 184, 181, 215, 235, 133, 49, 36, 214, 178, 167, 55, 79, 231, 152, 165, 59, 114, 115, 19, 171, 103, 69, 153, 128, 248, 245, 109, 229, 234, 4, 35, 235, 165, 82, 88, 195, 83, 92, 17, 220, 42, 241, 242, 86, 176, 245, 219, 240, 228, 17, 232, 180, 160, 237, 231, 90, 118, 116, 217, 67, 74, 252, 205, 103, 58, 41, 253, 175, 240, 28, 30, 113, 73, 214, 113, 122, 150, 33, 222, 224, 182, 86, 113, 18, 37, 243, 73, 159, 67, 51, 85, 136, 233, 126, 253, 210, 33, 55, 24, 34, 238, 174, 10, 154, 227, 27, 16, 20, 181, 250, 73, 142, 91, 16, 241, 233, 182, 95, 251, 52, 143, 41, 139, 164, 184, 255, 242, 157, 80, 221, 175, 197, 200, 210, 40, 246, 37, 224, 192, 70, 76, 177, 17, 57, 37, 108, 36, 173, 13, 85, 93, 231, 22, 205, 33, 247, 18, 113, 71, 133, 21, 156, 216, 242, 210, 57, 46, 60, 251, 44, 255, 226, 174, 183, 3, 252, 38, 141, 107, 129, 182, 190, 225, 197, 201, 226, 84, 136, 108, 99, 88, 29, 21, 250, 61, 11, 32, 100, 23, 139, 43, 88, 214, 86, 146, 45, 135, 10, 121, 200, 47, 51, 100, 161, 149, 16, 123, 5, 8, 234, 216, 11, 44, 15, 150, 82, 213, 5, 176, 5, 12, 117, 80, 224, 185, 241, 25, 224, 144, 240, 41, 132, 74, 47, 108, 146, 208, 16, 63, 83, 9, 14, 14, 7, 184, 28, 163, 107, 121, 209, 237, 165, 7, 153, 64, 141, 113, 131, 127, 54, 67, 43, 28, 156, 160, 97, 16, 77, 164, 216, 179, 209, 228, 24, 227, 85, 228, 54, 15, 239, 23, 93, 97, 134, 25, 194, 24, 122, 74, 202, 53, 117, 230, 130, 151, 235, 141, 178, 99, 164, 77, 108, 47, 238, 233, 60, 110, 127, 42, 99, 11, 157, 5, 222, 60, 187, 8, 25, 40, 238, 85, 144, 42, 179, 112, 135, 137, 27, 28, 128, 62, 173, 94, 201, 87, 97, 133, 105, 250, 241, 166, 157, 187, 224, 208, 119, 43, 254, 34, 209, 0, 128, 25, 36, 194, 0, 241, 106, 231, 5, 251, 187, 120, 123, 154, 105, 192, 114, 223, 110, 93, 20, 22, 102, 212, 159, 153, 251, 191, 72, 40, 156, 133, 1, 40, 29, 171, 30, 183, 237, 16, 14, 211, 166, 254, 22, 48, 43, 208, 113, 121, 20, 29, 227, 107, 38, 21, 134, 220, 253, 146, 115, 7, 172, 151, 65, 61, 169, 116, 87, 4, 128, 80, 4, 110, 108, 133, 147, 71, 192, 199, 26, 183, 41, 152, 63, 79, 222, 210, 104, 47, 124, 17, 149, 5, 16, 187, 116, 144, 254, 218, 85, 18, 37, 161, 127, 106, 138, 145, 163, 31, 189, 147, 251, 144, 196, 223, 207, 217, 203, 177, 156, 211, 98, 252, 174, 8, 10, 83, 43, 163, 143, 221, 174, 165, 91, 203, 125, 64, 91, 12, 175, 38, 22, 52, 59, 246, 231, 173, 194, 91, 214, 27, 133, 201, 123, 78, 180, 18, 185, 59, 190, 245, 92, 98, 96, 78, 86, 30, 180, 226, 252, 78, 30, 252, 177, 137, 163, 69, 131, 60, 71, 221, 142, 23, 215, 188, 204, 183, 185, 2, 254, 6, 157, 34, 56, 180, 11, 246, 80, 61, 0, 64, 102, 54, 231, 126, 216, 167, 62, 237, 158, 242, 94, 177, 31, 175, 2, 253, 221, 147, 214, 6, 186, 82, 91, 70, 78, 214, 9, 4, 111, 243, 155, 210, 199, 226, 229, 72, 160, 173, 195, 37, 63, 5, 65, 125, 60, 253, 52, 133, 179, 231, 86, 2, 235, 128, 134, 198, 234, 157, 35, 204, 10, 47, 52, 147, 156, 241, 130, 149, 249, 222, 244, 45, 124, 244, 255, 226, 9, 186, 181, 48, 105, 31, 186, 32, 37, 98, 93, 184, 152, 45, 7, 96, 48, 245, 137, 54, 89, 250, 3, 78, 83, 194, 1, 144, 129, 140, 96, 137, 39, 7, 130, 184, 231, 145, 234, 7, 81, 15, 104, 20, 224, 10, 249, 41, 44, 4, 192, 230, 43, 120, 130, 133, 51, 91, 244, 69, 98, 134, 46, 40, 7, 51, 202, 174, 166, 94, 139, 43, 207, 94, 235, 128, 171, 115, 129, 249, 137, 65, 22, 119, 11, 34, 60, 245, 241, 208, 197, 225, 241, 72, 41, 243, 239, 59, 100, 107, 156, 174, 0, 11, 27, 113, 17, 223, 150, 147, 160, 149, 4, 215, 187, 198, 232, 79, 77, 112, 135, 143, 183, 119, 190, 224, 15, 29, 53, 155, 74, 102, 45, 26, 146, 12, 161, 59, 164, 49, 136, 238, 82, 126, 83, 120, 110, 131, 119, 174, 172, 2, 198, 219, 54, 220, 65, 209, 0, 86, 83, 108, 135, 49, 24, 98, 123, 46, 139, 239, 185, 222, 3, 197, 34, 12, 69, 94, 20, 63, 180, 244, 226, 202, 122, 1, 102, 59, 91, 58, 245, 172, 6, 57, 143, 28, 82, 150, 46, 26, 87, 30, 28, 194, 158, 186, 67, 199, 58, 227, 83, 36, 32, 195, 195, 137, 168, 28, 157, 200, 49, 134, 11, 255, 34, 77, 229, 249, 28, 117, 244, 25, 138, 27, 150, 65, 93, 9, 227, 237, 32, 126, 106, 14, 3, 235, 8, 103, 217, 189, 54, 63, 168, 17, 59, 198, 66, 201, 90, 26, 94, 167, 189, 29, 9, 30, 199, 254, 184, 43, 216, 211, 158, 89, 87, 26, 90, 142, 88, 40, 151, 112, 103, 37, 101, 214, 60, 24, 79, 126, 69, 184, 228, 40, 58, 16, 166, 1, 204, 100, 101, 201, 249, 22, 58, 154, 109, 232, 140, 252, 21, 24, 129, 232, 163, 22, 81, 82, 174, 37, 86, 2, 24, 57, 233, 149, 95, 34, 73, 40, 191, 137, 33, 30, 86, 173, 28, 28, 14, 199, 43, 149, 177, 4, 191, 31, 62, 111, 182, 112, 134, 47, 191, 180, 225, 32, 109, 106, 206, 28, 200, 51, 131, 135, 63, 54, 57, 59, 195, 123, 155, 42, 143, 151, 92, 252, 77, 229, 7, 249, 38, 187, 111, 84, 171, 85, 30, 80, 59, 25, 162, 39, 215, 71, 115, 231, 199, 122, 107, 133, 46, 139, 1, 253, 161, 137, 189, 146, 53, 7, 155, 153, 64, 8, 148, 23, 87, 163, 8, 93, 186, 209, 137, 8, 180, 241, 175, 50, 174, 107, 13, 90, 200, 230, 172, 250, 137, 66, 35, 116, 109, 245, 180, 63, 56, 206, 174, 113, 183, 17, 17, 239, 213, 98, 67, 40, 216, 55, 61, 103, 77, 107, 234, 35, 9, 124, 163, 55, 56, 97, 68, 252, 139, 59, 130, 74, 95, 43, 39, 161, 10, 125, 118, 170, 246, 180, 70, 30, 207, 71, 167, 173, 5, 186, 27, 115, 151, 51, 157, 114, 233, 213, 50, 176, 231, 116, 88, 34, 100, 152, 158, 232, 86, 6, 35, 25, 145, 106, 100, 4, 211, 35, 186, 100, 16, 41, 159, 20, 64, 40, 140, 115, 125, 30, 230, 235, 184, 130, 117, 232, 1, 107, 104, 182, 74, 88, 229, 42, 215, 9, 184, 29, 0, 68, 207, 188, 221, 84, 249, 128, 63, 136, 34, 202, 28, 125, 106, 36, 249, 110, 166, 163, 2, 80, 202, 154, 83, 51, 237, 116, 117, 27, 144, 20, 231, 181, 237, 183, 80, 203, 64, 30, 0, 205, 89, 171, 149, 211, 152, 201, 1, 32, 194, 182, 248, 235, 67, 40, 116, 66, 188, 252, 213, 19, 185, 45, 213, 93, 186, 7, 11, 2, 195, 189, 168, 74, 50, 9, 244, 194, 102, 156, 82, 87, 20, 111, 89, 26, 184, 108, 56, 79, 149, 175, 141, 216, 203, 11, 9, 149, 79, 167, 233, 239, 186, 180, 150, 216, 148, 243, 216, 64, 86, 155, 5, 18, 73, 40, 212, 57, 218, 201, 29, 17, 248, 182, 91, 153, 107, 1, 16, 214, 27, 71, 215, 254, 169, 19, 218, 168, 36, 9, 147, 206, 220, 121, 213, 141, 105, 179, 4, 248, 92, 197, 157, 132, 23, 109, 65, 142, 92, 30, 181, 96, 169, 28, 171, 197, 250, 182, 236, 46, 149, 45, 29, 70, 43, 134, 206, 60, 44, 210, 187, 6, 85, 39, 43, 124, 81, 21, 94, 225, 211, 2, 223, 124, 161, 157, 203, 62, 98, 49, 87, 216, 214, 68, 25, 220, 12, 158, 185, 51, 40, 20, 195, 167, 25, 147, 63, 218, 216, 249, 235, 74, 196, 11, 1, 79, 209, 1, 234, 154, 81, 168, 165, 254, 216, 102, 54, 100, 252, 35, 186, 247, 117, 100, 14, 231, 253, 78, 49, 128, 96, 208, 237, 105, 67, 10, 248, 120, 177, 103, 227, 132, 62, 217, 184, 169, 243, 125, 179, 94, 210, 35, 161, 230, 138, 5, 171, 32, 162, 47, 164, 125, 162, 183, 22, 71, 65, 32, 17, 11, 59, 125, 232, 105, 111, 144, 176, 191, 148, 87, 143, 130, 199, 236, 143, 12, 52, 139, 216, 105, 140, 43, 199, 176, 165, 134, 45, 175, 53, 7, 194, 31, 14, 189, 98, 231, 14, 35, 25, 98, 158, 67, 144, 76, 139, 114, 105, 62, 252, 27, 146, 250, 173, 96, 234, 31, 243, 193, 24, 130, 61, 1, 148, 167, 146, 121, 28, 223, 88, 43, 110, 202, 234, 14, 203, 105, 170, 66, 55, 162, 178, 130, 183, 164, 192, 0, 251, 109, 90, 225, 254, 140, 100, 27, 235, 91, 116, 11, 9, 99, 188, 186, 110, 176, 171, 162, 182, 238, 32, 0, 185, 220, 184, 217, 20, 49, 129, 69, 218, 44, 31, 12, 19, 173, 198, 42, 120, 253, 153, 94, 174, 2, 37, 142, 210, 97, 48, 74, 102, 203, 229, 85, 205, 65, 36, 76, 163, 204, 174, 193, 113, 138, 120, 169, 218, 10, 161, 17, 206, 114, 60, 92, 104, 211, 32, 90, 193, 54, 130, 166, 38, 252, 22, 147, 209, 177, 221, 167, 141, 218, 163, 134, 70, 194, 18, 159, 70, 126, 238, 10, 182, 93, 118, 183, 91, 203, 139, 203, 26, 193, 90, 31, 205, 63, 183, 30, 8, 247, 21, 28, 38, 25, 242, 137, 102, 175, 100, 128, 194, 140, 134, 29, 49, 32, 163, 149, 30, 132, 1, 85, 27, 48, 97, 128, 158, 220, 164, 141, 191, 169, 113, 113, 56, 116, 144, 134, 161, 125, 93, 93, 67, 245, 179, 27, 153, 184, 6, 210, 141, 79, 168, 2, 73, 200, 239, 246, 113, 191, 169, 165, 75, 208, 189, 213, 223, 89, 200, 155, 109, 199, 74, 177, 155, 227, 193, 38, 156, 167, 171, 123, 97, 43, 22, 197, 168, 201, 155, 76, 102, 13, 167, 129, 250, 108, 107, 83, 112, 211, 115, 241, 89, 23, 236, 255, 211, 76, 130, 42, 107, 223, 249, 142, 238, 217, 99, 176, 89, 65, 102, 181, 147, 78, 255, 1, 151, 3, 133, 175, 95, 241, 115, 155, 139, 88, 177, 80, 83, 21, 167, 36, 249, 214, 158, 78, 151, 53, 135, 243, 54, 187, 67, 117, 151, 253, 144, 149, 38, 29, 191, 84, 123, 217, 64, 223, 23, 129, 162, 174, 157, 73, 226, 28, 128, 179, 155, 125, 159, 37, 197, 121, 219, 245, 243, 117, 104, 8, 25, 170, 184, 30, 59, 160, 108, 124, 18, 39, 168, 72, 246, 191, 170, 119, 193, 23, 228, 153, 231, 117, 12, 163, 120, 47, 40, 201, 252, 7, 160, 93, 183, 226, 68, 247, 245, 155, 147, 149, 214, 30, 193, 180, 198, 176, 20, 89, 123, 34, 243, 36, 162, 19, 85, 8, 193, 242, 85, 6, 230, 169, 85, 10, 106, 147, 200, 116, 26, 208, 103, 118, 66, 238, 162, 175, 149, 211, 142, 196, 135, 7, 72, 227, 167, 82, 224, 73, 244, 144, 248, 234, 211, 23, 254, 161, 43, 132, 131, 53, 81, 199, 216, 16, 138, 64, 95, 228, 88, 229, 54, 192, 41, 3, 33, 186, 163, 245, 26, 200, 186, 0, 112, 2, 27, 99, 52, 97, 169, 44, 233, 37, 20, 156, 91, 218, 44, 36, 115, 101, 56, 175, 17, 189, 54, 39, 181, 65, 255, 17, 11, 67, 212, 34, 79, 175, 255, 110, 123, 136, 226, 134, 91, 196, 5, 106, 206, 92, 84, 28, 55, 68, 115, 170, 134, 25, 151, 0, 20, 7, 93, 94, 197, 108, 158, 49, 0, 117, 125, 112, 13, 110, 206, 69, 45, 74, 218, 92, 76, 227, 225, 127, 217, 219, 56, 39, 87, 135, 158, 17, 178, 179, 241, 2, 54, 168, 251, 127, 191, 197, 31, 29, 87, 156, 224, 208, 102, 60, 166, 1, 11, 11, 51, 37, 106, 37, 171, 55, 61, 146, 242, 24, 206, 178, 166, 46, 66, 159, 216, 38, 159, 230, 131, 50, 137, 208, 226, 80, 58, 60, 96, 34, 197, 46, 110, 215, 101, 58, 208, 118, 252, 117, 194, 30, 71, 5, 36, 68, 191, 96, 61, 11, 252, 43, 69, 250, 146, 93, 249, 106, 128, 1, 181, 138, 193, 37, 168, 228, 240, 88, 58, 51, 41, 174, 219, 41, 24, 143, 68, 139, 67, 225, 213, 98, 0, 149, 114, 222, 163, 143, 144, 223, 71, 79, 171, 189, 110, 245, 221, 100, 72, 144, 85, 30, 186, 100, 241, 29, 67, 65, 216, 33, 53, 114, 204, 61, 135, 18, 175, 222, 76, 110, 174, 181, 70, 14, 93, 165, 87, 125, 72, 3, 141, 131, 194, 70, 15, 32, 20, 10, 65, 155, 41, 92, 24, 13, 156, 180, 242, 221, 70, 155, 160, 226, 226, 84, 53, 125, 164, 141, 101, 251, 159, 220, 179, 30, 152, 134, 117, 152, 39, 1, 7, 12, 238, 47, 178, 196, 32, 87, 195, 130, 36, 53, 200, 4, 245, 193, 7, 233, 63, 55, 100, 25, 72, 54, 96, 115, 70, 169, 45, 202, 197, 34, 186, 231, 215, 57, 73, 3, 90, 127, 188, 149, 162, 5, 161, 154, 193, 3, 192, 168, 220, 198, 32, 142, 168, 56, 0, 49, 170, 17, 5, 192, 138, 41, 243, 40, 169, 18, 130, 185, 76, 63, 154, 68, 30, 39, 128, 110, 159, 18, 38, 153, 160, 73, 210, 216, 32, 175, 129, 219, 251, 106, 144, 174, 232, 7, 114, 255, 242, 192, 1, 143, 30, 21, 88, 122, 254, 185, 189, 222, 70, 125, 53, 203, 101, 196, 240, 207, 87, 233, 119, 24, 84, 163, 27, 222, 23, 39, 116, 174, 227, 244, 177, 132, 207, 104, 172, 240, 246, 44, 101, 0, 40, 172, 67, 39, 204, 244, 127, 231, 156, 3, 226, 90, 239, 168, 68, 141, 131, 12, 241, 138, 94, 144, 134, 139, 20, 58, 86, 188, 42, 29, 48, 143, 99, 30, 225, 140, 105, 167, 9, 205, 236, 128, 81, 37, 160, 172, 216, 30, 113, 1, 0, 31, 135, 35, 203, 85, 3, 252, 97, 206, 27, 49, 59, 9, 76, 71, 213, 40, 42, 68, 162, 126, 195, 20, 197, 152, 48, 185, 70, 213, 114, 47, 135, 155, 251, 123, 55, 185, 89, 91, 83, 116, 150, 192, 71, 117, 105, 158, 134, 252, 185, 156, 165, 171, 82, 49, 120, 224, 240, 8, 172, 40, 250, 4, 85, 85, 229, 135, 17, 227, 46, 217, 150, 146, 211, 228, 30, 155, 148, 71, 19, 204, 244, 135, 209, 102, 30, 238, 229, 100, 118, 73, 239, 34, 194, 37, 50, 49, 219, 62, 239, 125, 54, 166, 155, 155, 127, 242, 92, 59, 128, 6, 190, 40, 21, 175, 29, 69, 70, 2, 7, 154, 127, 213, 190, 115, 173, 47, 117, 13, 19, 157, 8, 216, 4, 145, 38, 188, 37, 44, 168, 42, 222, 78, 129, 216, 186, 233, 175, 63, 225, 21, 255, 210, 176, 55, 240, 236, 175, 36, 55, 188, 191, 239, 104, 118, 66, 185, 240, 71, 189, 179, 211, 163, 255, 246, 100, 92, 229, 34, 113, 234, 36, 150, 69, 170, 161, 169, 96, 74, 6, 28, 52, 252, 86, 107, 238, 95, 74, 195, 191, 29, 135, 228, 85, 207, 160, 72, 49, 206, 45, 102, 76, 8, 182, 62, 81, 253, 1, 141, 30, 234, 153, 4, 46, 59, 96, 19, 157, 214, 176, 157, 119, 163, 94, 110, 61, 43, 56, 11, 216, 49, 102, 138, 3, 144, 19, 7, 16, 22, 148, 150, 202, 174, 246, 8, 95, 66, 185, 180, 222, 41, 12, 164, 252, 14, 142, 60, 195, 224, 77, 40, 234, 61, 237, 185, 30, 194, 27, 108, 32, 122, 49, 180, 251, 223, 169, 27, 135, 102, 49, 159, 21, 178, 141, 27, 136, 67, 189, 119, 97, 102, 89, 225, 147, 174, 172, 240, 62, 211, 83, 210, 50, 195, 172, 127, 47, 150, 165, 30, 172, 194, 30, 238, 109, 7, 83, 194, 107, 150, 140, 69, 65, 74, 33, 4, 227, 222, 120, 67, 228, 0, 202, 66, 182, 0, 87, 124, 22, 34, 100, 25, 168, 211, 202, 126, 14, 65, 227, 152, 177, 45, 115, 13, 240, 78, 147, 9, 111, 65, 211, 253, 246, 63, 251, 111, 29, 49, 125, 103, 153, 0, 68, 24, 116, 96, 33, 217, 251, 230, 50, 166, 247, 168, 6, 65, 241, 105, 82, 177, 178, 21, 208, 214, 199, 220, 218, 156, 30, 71, 172, 89, 39, 13, 58, 10, 200, 225, 254, 106, 30, 111, 28, 244, 199, 104, 79, 110, 38, 128, 134, 158, 105, 59, 208, 176, 157, 155, 204, 77, 193, 118, 54, 157, 120, 254, 66, 35, 135, 126, 39, 68, 224, 196, 97, 203, 10, 15, 241, 108, 233, 28, 38, 104, 146, 177, 218, 104, 168, 245, 184, 38, 22, 217, 165, 192, 201, 151, 114, 0, 178, 107, 243, 174, 231, 144, 189, 245, 9, 237, 167, 206, 61, 178, 87, 8, 2, 17, 176, 48, 204, 42, 136, 214, 153, 144, 225, 167, 25, 164, 83, 2, 106, 204, 41, 119, 235, 185, 199, 8, 84, 10, 173, 17, 110, 7, 124, 250, 241, 153, 179, 215, 158, 47, 146, 255, 51, 86, 44, 223, 146, 154, 49, 47, 223, 6, 72, 177, 81, 0, 76, 14, 236, 228, 155, 16, 58, 13, 221, 230, 93, 199, 215, 179, 210, 227, 98, 179, 253, 160, 68, 247, 92, 236, 105, 0, 62, 27, 220, 147, 129, 128, 167, 149, 31, 249, 130, 89, 215, 153, 230, 132, 10, 92, 64, 23, 245, 216, 75, 141, 28, 93, 19, 168, 201, 50, 169, 47, 206, 110, 32, 251, 75, 148, 55, 170, 89, 225, 177, 74, 26, 190, 79, 235, 142, 232, 153, 91, 195, 179, 179, 215, 29, 175, 193, 89, 22, 149, 84, 23, 218, 199, 41, 8, 191, 152, 114, 91, 96, 116, 208, 97, 163, 71, 55, 237, 46, 5, 181, 119, 92, 87, 241, 212, 233, 25, 8, 158, 129, 143, 112, 30, 172, 142, 102, 152, 230, 88, 234, 149, 141, 99, 15, 74, 129, 84, 91, 248, 210, 142, 135, 52, 50, 165, 128, 79, 87, 4, 13, 159, 236, 107, 104, 34, 213, 21, 197, 48, 241, 245, 59, 237, 212, 205, 7, 78, 34, 228, 253, 240, 17, 139, 106, 85, 223, 211, 10, 97, 237, 4, 134, 228, 42, 114, 224, 12, 205, 240, 27, 135, 215, 46, 153, 144, 223, 169, 0, 11, 75, 182, 235, 164, 43, 205, 21, 43, 169, 54, 98, 88, 0, 106, 67, 4, 27, 16, 186, 38, 118, 132, 155, 11, 183, 79, 217, 229, 224, 243, 85, 243, 141, 131, 115, 82, 183, 212, 158, 178, 225, 97, 23, 233, 179, 140, 241, 98, 125, 183, 251, 0, 207, 95, 70, 87, 199, 5, 7, 141, 232, 22, 214, 53, 239, 217, 104, 74, 159, 132, 60, 208, 252, 125, 108, 232, 227, 34, 253, 126, 148, 45, 202, 19, 107, 246, 57, 180, 183, 138, 181, 218, 151, 46, 18, 134, 187, 103, 100, 180, 48, 112, 243, 208, 14, 126, 151, 83, 31, 158, 151, 45, 132, 229, 202, 14, 135, 43, 84, 241, 51, 213, 248, 31, 20, 80, 208, 111, 243, 93, 134, 192, 46, 51, 153, 230, 134, 126, 107, 128, 166, 179, 184, 113, 16, 52, 58, 35, 90, 179, 96, 141, 38, 172, 213, 201, 46, 166, 182, 230, 25, 159, 21, 13, 109, 129, 7, 113, 174, 240, 30, 54, 189, 158, 185, 44, 212, 152, 45, 31, 230, 97, 112, 63, 203, 224, 2, 42, 204, 54, 207, 130, 178, 218, 21, 164, 108, 120, 103, 224, 179, 142, 52, 216, 182, 23, 11, 46, 78, 46, 12, 17, 229, 144, 176, 26, 54, 234, 199, 165, 181, 38, 216, 103, 49, 161, 154, 201, 196, 145, 109, 149, 70, 68, 180, 232, 214, 77, 140, 172, 239, 216, 231, 41, 30, 189, 52, 228, 208, 173, 152, 100, 167, 103, 146, 229, 37, 6, 12, 240, 226, 81, 17, 38, 116, 132, 177, 169, 245, 237, 127, 22, 32, 197, 96, 2, 170, 229, 189, 49, 90, 191, 31, 120, 25, 4, 165, 239, 147, 207, 143, 124, 214, 253, 60, 30, 249, 72, 218, 226, 39, 114, 115, 182, 196, 157, 176, 19, 58, 177, 216, 95, 90, 146, 211, 14, 192, 244, 230, 255, 106, 195, 37, 210, 202, 172, 163, 172, 212, 166, 141, 146, 2, 188, 170, 39, 43, 136, 51, 23, 198, 221, 173, 183, 44, 231, 142, 187, 1, 51, 108, 162, 131, 195, 182, 103, 210, 19, 138, 230, 80, 44, 165, 176, 141, 181, 78, 96, 66, 218, 53, 38, 168, 34, 193, 238, 255, 212, 173, 168, 83, 168, 157, 47, 164, 149, 50, 253, 184, 30, 160, 25, 41, 150, 83, 154, 55, 242, 95, 80, 89, 65, 156, 25, 156, 125, 51, 108, 72, 136, 190, 71, 150, 122, 119, 7, 60, 196, 222, 101, 49, 193, 19, 224, 187, 85, 227, 126, 204, 216, 185, 53, 210, 212, 43, 10, 83, 238, 133, 39, 147, 245, 42, 196, 173, 17, 84, 104, 199, 167, 130, 128, 185, 125, 104, 63, 146, 149, 1, 157, 21, 185, 221, 211, 131, 75, 239, 28, 136, 113, 198, 156, 253, 251, 229, 168, 158, 52, 66, 237, 21, 204, 207, 121, 227, 27, 250, 108, 0, 116, 109, 151, 35, 128, 42, 243, 37, 122, 43, 14, 41, 41, 141, 150, 180, 15, 83, 27, 254, 229, 170, 208, 142, 53, 188, 82, 60, 159, 87, 235, 252, 103, 231, 98, 130, 247, 41, 38, 177, 76, 42, 40, 172, 125, 223, 206, 163, 124, 249, 108, 63, 5, 217, 168, 57, 79, 209, 84, 234, 31, 115, 77, 117, 135, 153, 3, 191, 212, 166, 254, 187, 75, 77, 12, 73, 134, 72, 131, 104, 243, 123, 180, 167, 210, 54, 233, 127, 155, 247, 17, 116, 4, 18, 96, 14, 21, 120, 63, 100, 34, 146, 75, 91, 80, 113, 2, 163, 254, 250, 122, 212, 209, 31, 22, 176, 63, 232, 91, 30, 203, 86, 118, 86, 10, 12, 28, 44, 217, 14, 89, 81, 253, 225, 156, 146, 39, 48, 14, 70, 121, 165, 190, 232, 119, 100, 49, 254, 94, 19, 140, 208, 151, 178, 113, 204, 253, 180, 147, 208, 112, 201, 199, 102, 91, 204, 226, 225, 159, 19, 6, 80, 35, 45, 149, 49, 22, 240, 6, 210, 62, 243, 197, 171, 160, 36, 237, 119, 247, 14, 181, 0, 171, 174, 114, 116, 176, 97, 165, 110, 185, 68, 30, 233, 155, 250, 142, 146, 32, 192, 121, 178, 60, 21, 208, 150, 29, 81, 80, 96, 150, 252, 181, 109, 200, 141, 215, 131, 164, 184, 49, 222, 48, 166, 36, 42, 56, 126, 30, 133, 228, 23, 29, 255, 232, 80, 217, 247, 4, 242, 34, 157, 25, 35, 136, 9, 237, 28, 90, 188, 249, 115, 90, 110, 103, 2, 28, 68, 253, 122, 0, 229, 122, 139, 166, 217, 173, 12, 93, 88, 228, 126, 248, 39, 75, 201, 224, 212, 146, 67, 56, 102, 33, 126, 16, 211, 53, 195, 31, 112, 155, 189, 219, 73, 158, 232, 20, 80, 229, 148, 120, 17, 100, 102, 188, 166, 117, 164, 14, 173, 89, 108, 27, 216, 239, 141, 182, 247, 33, 205, 42, 142, 172, 252, 224, 34, 193, 73, 222, 1, 173, 53, 93, 30, 113, 83, 94, 194, 194, 192, 16, 209, 50, 101, 233, 96, 65, 25, 141, 27, 75, 96, 30, 66, 23, 45, 180, 40, 45, 200, 250, 20, 239, 78, 144, 114, 51, 82, 201, 104, 211, 144, 120, 215, 228, 31, 81, 56, 114, 52, 62, 47, 160, 201, 7, 14, 179, 65, 181, 211, 94, 81, 41, 22, 235, 184, 32, 194, 192, 205, 85, 176, 116, 167, 27, 112, 178, 31, 142, 142, 249, 90, 49, 101, 120, 190, 22, 34, 163, 111, 248, 175, 124, 108, 164, 210, 96, 133, 72, 191, 126, 78, 238, 14, 119, 10, 133, 4, 117, 20, 246, 29, 119, 42, 14, 188, 35, 24, 20, 202, 196, 152, 98, 116, 111, 143, 2, 142, 234, 123, 81, 255, 11, 19, 56, 19, 179, 254, 156, 253, 249, 132, 188, 183, 23, 140, 65, 64, 75, 143, 2, 58, 101, 15, 54, 63, 0, 99, 71, 15, 2, 225, 228, 219, 47, 138, 106, 55, 248, 40, 25, 193, 23, 67, 251, 166, 9, 84, 22, 75, 54, 188, 32, 52, 154, 37, 148, 158, 118, 114, 249, 16, 77, 240, 13, 95, 98, 243, 242, 141, 178, 65, 11, 231, 186, 188, 191, 237, 133, 71, 201, 154, 212, 45, 22, 192, 236, 13, 10, 10, 160, 231, 12, 220, 119, 67, 52, 112, 238, 89, 19, 196, 149, 90, 98, 223, 149, 12, 129, 126, 103, 155, 149, 249, 129, 133, 24, 79, 156, 239, 204, 147, 50, 155, 87, 235, 196, 157, 239, 137, 61, 10, 82, 120, 24, 179, 45, 149, 166, 186, 88, 16, 74, 23, 38, 12, 53, 246, 39, 149, 194, 140, 183, 198, 18, 170, 33, 87, 178, 201, 101, 168, 27, 34, 155, 106, 131, 2, 130, 154, 65, 153, 233, 135, 13, 121, 51, 65, 52, 36, 28, 223, 110, 99, 223, 137, 106, 220, 236, 148, 107, 56, 61, 16, 146, 83, 150, 99, 182, 145, 153, 134, 190, 168, 212, 216, 4, 146, 251, 187, 70, 105, 17, 76, 10, 149, 98, 111, 109, 172, 174, 111, 246, 174, 140, 27, 47, 146, 235, 220, 151, 121, 36, 15, 62, 0, 70, 211, 61, 208, 162, 226, 176, 234, 19, 118, 244, 177, 237, 131, 3, 108, 51, 25, 29, 64, 223, 18, 81, 98, 90, 197, 97, 232, 210, 113, 14, 97, 151, 24, 112, 158, 161, 203, 208, 221, 14, 27, 140, 168, 7, 185, 56, 115, 244, 80, 87, 248, 181, 122, 121, 105, 225, 96, 223, 109, 182, 244, 11, 100, 95, 241, 223, 201, 28, 252, 209, 114, 15, 171, 57, 109, 5, 231, 246, 140, 225, 156, 28, 7, 138, 186, 173, 125, 232, 236, 243, 50, 151, 25, 78, 150, 211, 94, 121, 100, 230, 65, 211, 241, 31, 43, 159, 21, 5, 75, 169, 62, 100, 40, 190, 171, 20, 106, 245, 205, 227, 51, 149, 100, 173, 23, 91, 49, 100, 186, 195, 132, 222, 62, 140, 5, 24, 135, 249, 72, 30, 18, 167, 14, 236, 140, 93, 125, 109, 62, 182, 222, 182, 76, 170, 63, 233, 172, 135, 75, 101, 58, 53, 224, 31, 194, 122, 90, 5, 255, 164, 220, 65, 30, 0, 139, 66, 71, 155, 126, 139, 236, 75, 126, 24, 128, 182, 229, 38, 36, 203, 220, 14, 32, 60, 70, 247, 57, 237, 61, 13, 250, 243, 146, 243, 219, 108, 208, 24, 215, 214, 135, 164, 166, 115, 41, 201, 137, 78, 140, 226, 125, 238, 43, 183, 97, 69, 210, 97, 75, 2, 223, 10, 89, 20, 179, 136, 214, 120, 89, 152, 15, 223, 138, 162, 239, 97, 124, 42, 98, 236, 244, 76, 235, 225, 45, 168, 215, 201, 246, 19, 133, 50, 82, 44, 194, 134, 238, 251, 244, 214, 48, 132, 199, 185, 185, 223, 242, 124, 254, 202, 85, 137, 213, 48, 75, 39, 161, 45, 84, 50, 253, 9, 20, 174, 162, 45, 147, 147, 191, 48, 19, 82, 185, 77, 63, 70, 154, 243, 154, 136, 113, 77, 223, 218, 173, 144, 173, 96, 125, 179, 218, 207, 191, 186, 33, 205, 27, 18, 225, 145, 64, 61, 165, 50, 42, 2, 176, 42, 61, 65, 249, 147, 145, 178, 54, 128, 230, 90, 148, 39, 101, 216, 103, 21, 233, 250, 50, 193, 25, 9, 210, 39, 78, 120, 137, 90, 50, 3, 38, 247, 165, 173, 152, 173, 244, 24, 234, 135, 87, 29, 22, 27, 97, 251, 44, 184, 160, 144, 53, 186, 69, 3, 121, 191, 230, 194, 95, 21, 73, 26, 111, 224, 108, 22, 48, 176, 87, 66, 54, 242, 125, 233, 78, 164, 15, 84, 143, 75, 122, 200, 221, 35, 129, 41, 107, 144, 34, 156, 26, 228, 188, 253, 181, 180, 32, 186, 96, 241, 39, 20, 117, 19, 14, 133, 112, 20, 39, 247, 141, 83, 47, 128, 253, 5, 69, 26, 17, 230, 141, 213, 103, 63, 120, 61, 127, 255, 134, 64, 191, 123, 173, 179, 251, 164, 109, 7, 145, 8, 228, 240, 236, 161, 226, 150, 131, 37, 221, 37, 212, 102, 143, 57, 91, 53, 181, 54, 151, 158, 159, 124, 70, 68, 121, 161, 34, 27, 21, 78, 126, 164, 243, 42, 197, 121, 125, 161, 98, 27, 207, 8, 54, 144, 68, 164, 214, 58, 7, 122, 252, 64, 20, 250, 85, 248, 136, 63, 215, 103, 32, 192, 96, 46, 245, 214, 178, 250, 36, 12, 178, 158, 178, 17, 168, 164, 249, 188, 22, 3, 11, 32, 116, 190, 167, 178, 209, 174, 199, 189, 72, 167, 179, 1, 250, 255, 8, 217, 203, 21, 10, 152, 79, 66, 1, 24, 5, 145, 118, 221, 40, 165, 89, 145, 73, 49, 72, 67, 37, 182, 212, 217, 113, 155, 102, 35, 4, 89, 48, 204, 74, 100, 219, 239, 75, 235, 171, 29, 242, 181, 64, 78, 33, 150, 237, 29, 103, 236, 211, 246, 84, 14, 122, 18, 120, 34, 24, 149, 146, 66, 176, 103, 153, 46, 43, 27, 130, 122, 197, 21, 98, 152, 150, 58, 90, 245, 35, 178, 249, 193, 104, 93, 34, 220, 156, 91, 104, 210, 169, 133, 58, 127, 184, 246, 41, 17, 64, 15, 118, 206, 191, 17, 186, 13, 66, 175, 218, 67, 193, 114, 106, 113, 163, 67, 62, 108, 183, 8, 128, 76, 234, 188, 93, 83, 237, 28, 215, 101, 254, 237, 133, 185, 17, 18, 221, 13, 11, 37, 36, 238, 240, 111, 230, 221, 50, 127, 64, 188, 241, 78, 191, 48, 0, 92, 88, 111, 222, 231, 194, 70, 181, 0, 191, 15, 41, 30, 114, 152, 192, 73, 92, 139, 228, 225, 186, 68, 142, 58, 27, 128, 2, 148, 14, 207, 145, 63, 91, 42, 53, 128, 62, 100, 38, 20, 159, 37, 27, 11, 189, 251, 53, 155, 170, 213, 101, 163, 203, 238, 182, 202, 255, 68, 201, 16, 200, 42, 134, 226, 62, 168, 249, 24, 30, 193, 109, 182, 18, 216, 187, 16, 230, 73, 28, 111, 40, 56, 169, 47, 224, 129, 65, 61, 132, 189, 230, 253, 8, 213, 162, 208, 194, 112, 106, 167, 62, 198, 189, 8, 199, 150, 221, 9, 103, 75, 192, 188, 96, 45, 85, 171, 97, 52, 56, 184, 84, 61, 224, 146, 236, 70, 75, 186, 93, 233, 158, 100, 197, 50, 99, 221, 139, 137, 59, 21, 166, 150, 254, 184, 191, 88, 152, 179, 4, 82, 149, 68, 220, 209, 60, 58, 16, 79, 220, 195, 147, 243, 224, 154, 102, 159, 118, 173, 98, 46, 48, 20, 225, 228, 116, 198, 30, 190, 53, 121, 148, 123, 90, 24, 195, 224, 187, 232, 187, 217, 144, 238, 24, 89, 77, 72, 197, 51, 255, 233, 235, 235, 170, 44, 108, 183, 53, 91, 205, 229, 98, 29, 196, 170, 127, 44, 55, 29, 92, 201, 143, 242, 165, 57, 3, 32, 110, 213, 30, 136, 178, 83, 92, 240, 1, 3, 53, 125, 51, 186, 72, 34, 24, 78, 92, 72, 68, 151, 40, 199, 147, 39, 27, 3, 232, 91, 12, 60, 186, 171, 157, 253, 56, 44, 200, 129, 94, 43, 210, 213, 89, 199, 126, 151, 0, 57, 15, 22, 133, 12, 76, 100, 237, 34, 164, 57, 221, 40, 240, 12, 170, 71, 65, 206, 88, 175, 50, 220, 224, 36, 60, 100, 214, 83, 208, 20, 114, 188, 215, 149, 96, 164, 82, 194, 154, 87, 180, 23, 111, 252, 172, 120, 166, 103, 21, 24, 63, 218, 98, 75, 244, 6, 13, 113, 56, 199, 11, 208, 86, 29, 26, 93, 226, 129, 237, 9, 65, 29, 100, 20, 253, 121, 168, 198, 43, 248, 224, 52, 3, 80, 246, 83, 152, 32, 81, 105, 111, 117, 189, 189, 1, 226, 79, 4, 191, 210, 246, 21, 220, 134, 1, 46, 128, 227, 132, 68, 191, 34, 128, 174, 12, 23, 246, 36, 42, 26, 133, 107, 217, 127, 26, 244, 30, 222, 71, 192, 152, 97, 247, 219, 138, 174, 60, 54, 128, 224, 231, 74, 75, 7, 177, 55, 140, 33, 126, 108, 174, 4, 56, 141, 20, 57, 249, 11, 120, 0, 153, 71, 98, 127, 21, 86, 137, 180, 167, 102, 254, 156, 118, 73, 244, 71, 124, 189, 37, 130, 136, 193, 102, 33, 227, 43, 133, 222, 97, 111, 54, 131, 252, 236, 187, 183, 149, 27, 143, 39, 18, 224, 44, 126, 101, 207, 132, 19, 20, 198, 216, 58, 83, 127, 132, 0, 140, 130, 250, 204, 8, 26, 127, 107, 227, 171, 206, 114, 123, 15, 122, 201, 29, 240, 235, 185, 111, 243, 251, 240, 17, 29, 102, 21, 117, 103, 64, 7, 231, 38, 42, 138, 39, 193, 145, 85, 203, 120, 199, 0, 119, 152, 14, 134, 105, 119, 92, 216, 171, 239, 110, 171, 159, 155, 153, 54, 103, 221, 78, 36, 154, 26, 11, 170, 59, 178, 208, 200, 107, 150, 225, 30, 151, 120, 210, 143, 177, 55, 39, 38, 84, 162, 134, 23, 61, 225, 231, 120, 161, 61, 124, 46, 164, 89, 225, 226, 202, 189, 171, 90, 143, 30, 149, 146, 222, 118, 79, 187, 65, 140, 48, 214, 163, 30, 68, 36, 80, 206, 95, 71, 198, 110, 197, 18, 115, 148, 57, 113, 59, 31, 6, 52, 44, 220, 250, 238, 71, 104, 164, 201, 39, 175, 100, 9, 67, 95, 40, 8, 160, 185, 28, 159, 134, 22, 214, 3, 164, 48, 17, 78, 187, 168, 242, 62, 166, 150, 42, 19, 130, 255, 55, 203, 79, 66, 85, 161, 50, 105, 156, 240, 80, 50, 122, 99, 75, 87, 160, 20, 90, 87, 45, 218, 55, 245, 129, 42, 4, 186, 241, 184, 86, 132, 241, 232, 117, 121, 146, 202, 141, 232, 231, 146, 20, 151, 91, 252, 230, 120, 200, 26, 93, 249, 222, 120, 154, 49, 108, 62, 132, 54, 122, 16, 219, 165, 176, 212, 193, 19, 240, 142, 19, 57, 35, 177, 214, 102, 139, 191, 91, 53, 68, 30, 110, 184, 77, 199, 145, 234, 190, 225, 64, 194, 30, 165, 113, 115, 145, 79, 221, 51, 118, 74, 168, 1, 204, 141, 163, 252, 148, 207, 156, 100, 223, 38, 198, 205, 228, 158, 142, 51, 199, 169, 203, 30, 109, 167, 205, 67, 88, 200, 255, 229, 152, 32, 246, 45, 90, 142, 251, 254, 160, 219, 46, 243, 230, 31, 255, 131, 67, 156, 9, 98, 65, 168, 38, 192, 64, 81, 217, 222, 224, 153, 97, 177, 143, 242, 199, 157, 31, 53, 64, 117, 107, 76, 146, 144, 199, 38, 62, 32, 195, 76, 29, 158, 167, 67, 75, 42, 172, 37, 192, 28, 104, 192, 26, 200, 249, 203, 79, 109, 162, 211, 93, 209, 19, 133, 70, 204, 15, 30, 187, 251, 27, 90, 138, 7, 131, 213, 107, 178, 105, 9, 10, 10, 194, 22, 215, 209, 228, 81, 60, 158, 250, 165, 139, 160, 155, 80, 247, 157, 220, 42, 98, 238, 127, 161, 99, 222, 235, 175, 134, 133, 165, 126, 16, 73, 255, 118, 91, 227, 83, 29, 245, 179, 72, 20, 149, 120, 16, 83, 19, 203, 19, 43, 84, 127, 134, 191, 177, 150, 170, 216, 36, 239, 58, 250, 241, 114, 184, 57, 58, 191, 107, 85, 77, 138, 150, 125, 113, 8, 144, 188, 232, 154, 36, 3, 135, 174, 170, 163, 44, 59, 23, 199, 157, 205, 250, 203, 18, 22, 154, 47, 200, 43, 148, 124, 81, 233, 51, 205, 62, 210, 57, 87, 174, 184, 38, 0, 156, 2, 81, 68, 88, 77, 14, 161, 195, 203, 200, 242, 3, 50, 53, 222, 110, 135, 185, 167, 66, 62, 207, 97, 19, 10, 81, 95, 185, 104, 10, 13, 16, 213, 225, 217, 113, 115, 251, 59, 101, 194, 255, 121, 7, 159, 100, 138, 82, 51, 147, 103, 55, 154, 50, 175, 134, 134, 255, 66, 135, 184, 182, 34, 248, 246, 99, 241, 152, 195, 97, 125, 180, 230, 224, 142, 45, 142, 217, 78, 20, 180, 16, 244, 212, 133, 209, 145, 208, 24, 253, 238, 27, 230, 101, 10, 140, 200, 35, 121, 178, 102, 23, 10, 13, 126, 229, 123, 192, 167, 244, 128, 112, 117, 209, 79, 80, 15, 228, 104, 21, 93, 225, 187, 248, 238, 230, 47, 67, 38, 55, 178, 73, 207, 75, 103, 202, 123, 89, 5, 194, 111, 93, 114, 41, 9, 223, 127, 156, 25, 220, 27, 19, 161, 193, 218, 112, 124, 177, 5, 102, 182, 81, 98, 202, 43, 157, 33, 238, 103, 26, 16, 254, 26, 86, 53, 28, 53, 6, 111, 1, 89, 225, 31, 174, 96, 221, 139, 192, 210, 138, 11, 4, 165, 74, 241, 233, 123, 140, 146, 217, 203, 97, 101, 70, 193, 87, 118, 151, 119, 13, 134, 91, 4, 125, 45, 138, 34, 122, 194, 80, 137, 22, 24, 80, 126, 192, 187, 46, 145, 102, 94, 8, 223, 7, 24, 12, 132, 225, 245, 73, 234, 194, 160, 228, 244, 159, 169, 137, 47, 99, 120, 244, 215, 67, 42, 216, 159, 106, 235, 134, 173, 191, 132, 75, 98, 249, 141, 83, 143, 15, 175, 22, 63, 73, 160, 215, 155, 87, 113, 188, 225, 143, 242, 12, 118, 121, 40, 70, 23, 105, 72, 180, 46, 122, 211, 246, 27, 187, 77, 43, 1, 123, 122, 199, 217, 78, 119, 123, 44, 103, 57, 125, 223, 68, 57, 97, 87, 187, 11, 192, 116, 21, 40, 176, 215, 119, 244, 25, 199, 252, 193, 15, 144, 85, 100, 59, 177, 236, 6, 184, 197, 167, 134, 112, 54, 145, 19, 58, 157, 190, 11, 12, 113, 100, 156, 35, 254, 211, 54, 90, 8, 3, 208, 91, 183, 205, 23, 59, 124, 102, 38, 13, 66, 171, 177, 32, 148, 5, 224, 178, 33, 31, 12, 46, 16, 127, 78, 166, 241, 58, 253, 76, 76, 171, 222, 24, 186, 68, 94, 0, 52, 154, 106, 178, 193, 81, 238, 255, 77, 241, 242, 99, 28, 179, 11, 187, 213, 8, 155, 167, 181, 165, 162, 97, 95, 55, 84, 89, 47, 254, 221, 158, 210, 251, 164, 118, 180, 230, 119, 130, 6, 207, 9, 18, 136, 32, 0, 30, 97, 80, 163, 93, 85, 4, 156, 81, 82, 50, 125, 131, 161, 144, 211, 243, 133, 9, 42, 252, 228, 118, 108, 47, 242, 200, 124, 211, 63, 58, 7, 89, 209, 71, 234, 225, 112, 87, 27, 113, 123, 214, 55, 79, 49, 176, 151, 232, 97, 42, 187, 185, 87, 18, 0, 69, 113, 221, 139, 32, 87, 170, 10, 76, 241, 52, 165, 1, 136, 222, 246, 222, 190, 237, 33, 79, 189, 228, 68, 215, 109, 141, 18, 176, 39, 231, 212, 238, 204, 59, 47, 137, 239, 70, 11, 79, 143, 171, 111, 202, 142, 200, 147, 116, 90, 185, 184, 12, 161, 146, 26, 42, 64, 147, 201, 120, 43, 220, 91, 165, 255, 117, 23, 223, 69, 57, 29, 195, 151, 212, 3, 124, 144, 41, 72, 136, 135, 113, 29, 168, 251, 59, 51, 230, 205, 241, 12, 88, 112, 14, 222, 98, 174, 17, 248, 27, 93, 94, 35, 131, 246, 86, 10, 89, 216, 101, 171, 55, 164, 208, 142, 12, 58, 33, 161, 37, 1, 195, 118, 163, 92, 243, 121, 4, 34, 124, 181, 99, 108, 48, 36, 226, 28, 49, 96, 250, 103, 162, 32, 172, 184, 60, 229, 198, 32, 0, 252, 119, 208, 34, 220, 53, 111, 232, 204, 232, 106, 167, 226, 174, 233, 89, 35, 187, 87, 29, 138, 52, 251, 155, 88, 192, 108, 156, 166, 148, 65, 128, 180, 22, 89, 132, 125, 187, 47, 236, 248, 22, 233, 242, 59, 127, 2, 252, 4, 41, 17, 154, 243, 43, 139, 87, 231, 83, 239, 138, 162, 133, 13, 66, 113, 89, 183, 23, 253, 62, 195, 169, 114, 95, 125, 171, 172, 170, 213, 57, 22, 64, 48, 10, 97, 128, 8, 106, 176, 147, 28, 143, 98, 21, 168, 3, 131, 78, 62, 137, 68, 19, 82, 247, 34, 82, 26, 18, 225, 235, 254, 145, 4, 96, 48, 93, 26, 179, 159, 169, 52, 222, 12, 233, 33, 97, 217, 206, 194, 4, 154, 54, 6, 248, 57, 126, 58, 201, 163, 253, 223, 68, 24, 171, 46, 184, 179, 117, 76, 183, 101, 238, 128, 96, 31, 210, 211, 57, 65, 230, 44, 212, 44, 126, 141, 7, 242, 113, 110, 201, 61, 98, 47, 63, 174, 208, 9, 168, 184, 193, 39, 79, 70, 37, 191, 130, 139, 207, 168, 59, 129, 30, 165, 50, 95, 48, 174, 163, 117, 177, 83, 38, 51, 193, 146, 127, 110, 227, 37, 190, 94, 45, 205, 175, 222, 57, 147, 164, 194, 203, 62, 167, 159, 133, 113, 94, 6, 22, 65, 12, 178, 198, 250, 232, 5, 236, 228, 6, 71, 86, 37, 170, 87, 90, 119, 191, 174, 198, 120, 5, 191, 3, 53, 10, 33, 204, 116, 166, 28, 244, 62, 128, 158, 7, 63, 146, 36, 13, 121, 242, 139, 199, 42, 191, 29, 237, 139, 248, 160, 95, 13, 13, 2, 1, 242, 193, 8, 156, 181, 205, 49, 59, 82, 244, 195, 47, 24, 110, 120, 14, 188, 69, 64, 70, 46, 42, 193, 105, 129, 165, 72, 84, 202, 61, 117, 253, 74, 245, 187, 216, 175, 116, 167, 7, 108, 73, 113, 222, 163, 5, 202, 90, 17, 39, 139, 107, 10, 4, 175, 100, 206, 173, 54, 71, 23, 138, 178, 84, 91, 118, 18, 152, 214, 245, 221, 220, 63, 16, 134, 31, 160, 249, 237, 155, 250, 59, 125, 146, 47, 91, 142, 252, 126, 121, 187, 185, 149, 241, 136, 71, 244, 88, 179, 44, 224, 181, 62, 178, 238, 21, 203, 169, 114, 38, 158, 249, 9, 110, 22, 22, 15, 222, 133, 147, 49, 97, 121, 146, 154, 59, 255, 194, 141, 63, 43, 184, 210, 252, 194, 222, 1, 36, 150, 81, 206, 139, 159, 172, 209, 212, 139, 10, 2, 93, 11, 129, 11, 139, 79, 249, 176, 102, 83, 250, 12, 125, 17, 156, 199, 1, 134, 54, 2, 100, 195, 120, 127, 136, 234, 60, 141, 214, 38, 120, 35, 65, 22, 134, 221, 171, 5, 139, 14, 148, 92, 144, 44, 53, 115, 95, 152, 50, 203, 196, 192, 218, 96, 40, 145, 72, 177, 202, 58, 105, 248, 93, 22, 156, 26, 164, 179, 92, 27, 233, 3, 12, 111, 190, 34, 162, 127, 170, 18, 53, 222, 12, 60, 103, 91, 201, 232, 189, 201, 200, 38, 85, 148, 38, 41, 42, 202, 42, 50, 131, 191, 177, 189, 241, 75, 109, 11, 124, 92, 205, 201, 41, 181, 229, 81, 38, 8, 219, 106, 157, 106, 24, 238, 6, 17, 203, 5, 239, 54, 162, 250, 70, 34, 245, 43, 28, 55, 85, 1, 23, 88, 118, 28, 240, 146, 114, 226, 31, 71, 67, 6, 204, 241, 90, 82, 77, 15, 156, 28, 149, 21, 135, 47, 175, 121, 174, 178, 168, 98, 240, 24, 118, 152, 235, 38, 183, 92, 44, 226, 56, 210, 250, 196, 0, 145, 75, 237, 74, 70, 243, 3, 101, 225, 242, 45, 20, 184, 172, 237, 82, 235, 238, 221, 69, 127, 66, 76, 238, 112, 213, 152, 74, 53, 238, 27, 188, 166, 142, 92, 84, 95, 158, 1, 161, 165, 49, 7, 19, 5, 181, 195, 227, 94, 128, 74, 234, 83, 212, 29, 9, 251, 196, 231, 113, 12, 58, 227, 153, 251, 35, 202, 181, 205, 112, 30, 110, 56, 106, 220, 99, 141, 112, 109, 231, 67, 178, 87, 105, 3, 234, 47, 18, 92, 185, 246, 55, 55, 139, 194, 206, 57, 231, 246, 39, 12, 7, 34, 21, 240, 209, 65, 125, 176, 233, 148, 40, 115, 144, 31, 67, 137, 72, 251, 233, 219, 213, 99, 184, 187, 244, 89, 193, 31, 85, 92, 110, 182, 155, 32, 173, 58, 227, 91, 161, 188, 123, 249, 247, 185, 134, 74, 101, 28, 209, 59, 59, 36, 4, 145, 141, 168, 112, 67, 197, 139, 211, 65, 189, 50, 183, 34, 222, 237, 66, 43, 84, 132, 139, 151, 12, 12, 246, 141, 181, 50, 21, 144, 56, 130, 209, 65, 112, 225, 36, 174, 181, 150, 77, 177, 10, 76, 62, 47, 232, 12, 0, 38, 23, 246, 112, 243, 164, 175, 121, 219, 253, 152, 145, 187, 36, 66, 175, 4, 126, 161, 170, 150, 135, 199, 54, 102, 87, 44, 165, 40, 156, 115, 36, 197, 170, 39, 195, 190, 18, 54, 8, 172, 196, 233, 163, 119, 187, 187, 226, 197, 174, 31, 141, 166, 237, 191, 35, 175, 105, 166, 189, 0, 152, 184, 67, 216, 191, 181, 245, 52, 58, 164, 24, 48, 178, 81, 232, 11, 2, 247, 24, 13, 11, 44, 214, 160, 171, 106, 102, 74, 55, 40, 119, 4, 116, 37, 121, 34, 107, 86, 146, 111, 43, 40, 224, 100, 20, 37, 93, 106, 211, 5, 50, 86, 92, 185, 194, 68, 90, 248, 206, 101, 103, 150, 102, 21, 211, 104, 173, 121, 106, 35, 182, 93, 106, 112, 194, 190, 44, 145, 120, 143, 244, 223, 41, 143, 100, 122, 126, 154, 149, 91, 212, 101, 235, 210, 135, 38, 48, 49, 220, 6, 158, 74, 11, 12, 154, 70, 147, 234, 240, 120, 157, 131, 96, 248, 33, 24, 133, 153, 23, 69, 133, 28, 106, 23, 83, 194, 235, 12, 81, 115, 108, 217, 81, 80, 90, 102, 103, 193, 243, 25, 47, 91, 58, 194, 137, 39, 114, 159, 152, 181, 132, 199, 170, 69, 177, 149, 175, 138, 125, 7, 234, 71, 201, 38, 160, 41, 219, 5, 212, 196, 15, 170, 89, 234, 238, 30, 183, 211, 51, 135, 91, 98, 210, 203, 89, 90, 152, 103, 13, 80, 194, 13, 19, 194, 27, 0, 40, 4, 171, 179, 44, 236, 62, 54, 74, 57, 79, 139, 118, 189, 37, 149, 154, 249, 231, 58, 168, 40, 187, 219, 132, 172, 0, 44, 238, 164, 213, 169, 121, 172, 43, 64, 164, 139, 18, 169, 88, 27, 34, 143, 169, 6, 214, 163, 217, 65, 198, 140, 56, 245, 220, 129, 213, 204, 223, 28, 224, 81, 106, 155, 2, 28, 36, 2, 6, 42, 188, 242, 153, 42, 213, 89, 69, 110, 203, 159, 34, 43, 113, 203, 30, 18, 64, 212, 133, 217, 167, 19, 141, 143, 85, 241, 204, 241, 55, 246, 224, 140, 143, 233, 148, 201, 220, 63, 178, 57, 133, 212, 79, 124, 118, 143, 10, 92, 201, 152, 2, 225, 89, 36, 66, 192, 160, 150, 137, 97, 100, 56, 107, 5, 204, 194, 35, 193, 66, 2, 227, 203, 177, 37, 97, 109, 242, 153, 19, 133, 175, 213, 46, 56, 225, 20, 161, 223, 201, 0, 176, 212, 7, 187, 77, 159, 14, 241, 63, 52, 249, 217, 198, 79, 80, 163, 147, 176, 201, 181, 164, 207, 85, 4, 27, 184, 124, 23, 240, 229, 57, 6, 203, 138, 114, 109, 49, 245, 205, 75, 148, 100, 222, 47, 69, 99, 144, 115, 8, 173, 25, 88, 142, 251, 185, 194, 189, 202, 24, 26, 3, 54, 9, 206, 247, 67, 64, 181, 179, 5, 114, 10, 155, 252, 15, 160, 214, 41, 5, 39, 160, 157, 37, 153, 17, 151, 91, 115, 134, 232, 245, 12, 249, 93, 90, 178, 239, 61, 236, 135, 164, 114, 177, 77, 249, 188, 50, 81, 219, 52, 154, 250, 98, 232, 231, 152, 213, 250, 157, 246, 209, 113, 245, 2, 10, 215, 131, 71, 30, 87, 179, 185, 201, 44, 124, 167, 198, 62, 140, 193, 26, 78, 3, 192, 126, 18, 127, 197, 81, 78, 241, 87, 58, 0, 69, 31, 51, 100, 61, 91, 252, 2, 15, 58, 125, 106, 72, 227, 220, 119, 201, 214, 159, 34, 142, 23, 109, 173, 72, 135, 164, 143, 201, 91, 69, 188, 112, 35, 255, 131, 17, 142, 240, 249, 227, 29, 207, 7, 75, 249, 210, 230, 79, 164, 4, 178, 87, 254, 155, 170, 171, 13, 255, 79, 231, 157, 121, 27, 212, 27, 45, 192, 230, 132, 133, 18, 146, 58, 235, 251, 65, 69, 160, 29, 246, 145, 23, 34, 230, 33, 143, 198, 115, 103, 62, 42, 194, 184, 244, 165, 16, 45, 76, 87, 149, 79, 108, 22, 144, 50, 36, 88, 60, 16, 219, 62, 10, 134, 135, 248, 22, 126, 57, 169, 172, 215, 68, 99, 98, 91, 65, 38, 133, 13, 80, 211, 109, 211, 94, 3, 13, 205, 227, 145, 108, 53, 245, 62, 139, 189, 205, 27, 101, 41, 27, 218, 41, 83, 77, 174, 160, 17, 57, 234, 102, 11, 157, 238, 166, 208, 81, 228, 74, 20, 52, 173, 103, 241, 207, 111, 126, 249, 92, 76, 34, 208, 89, 202, 51, 199, 135, 185, 13, 227, 72, 3, 221, 41, 240, 132, 97, 129, 44, 95, 51, 206, 26, 145, 149, 178, 203, 117, 25, 168, 33, 2, 41, 168, 170, 102, 246, 104, 157, 5, 101, 125, 63, 175, 251, 35, 151, 222, 66, 255, 37, 123, 181, 198, 81, 216, 143, 120, 253, 232, 141, 251, 92, 176, 210, 36, 128, 148, 23, 232, 218, 117, 118, 99, 18, 118, 108, 27, 249, 95, 250, 166, 137, 189, 55, 156, 238, 66, 208, 125, 64, 243, 81, 34, 88, 153, 189, 12, 162, 234, 200, 64, 68, 179, 67, 154, 73, 52, 108, 15, 118, 233, 222, 240, 62, 54, 43, 77, 123, 218, 139, 87, 21, 108, 155, 16, 157, 8, 237, 68, 19, 72, 255, 247, 14, 136, 34, 222, 67, 88, 100, 10, 113, 224, 11, 229, 40, 104, 25, 135, 88, 176, 158, 119, 88, 232, 60, 100, 53, 189, 54, 53, 165, 160, 219, 146, 226, 188, 175, 178, 84, 223, 110, 12, 18, 34, 222, 5, 87, 40, 53, 29, 48, 45, 97, 46, 37, 76, 139, 120, 125, 212, 182, 151, 38, 59, 72, 197, 180, 255, 123, 162, 33, 78, 206, 27, 31, 133, 53, 207, 57, 215, 25, 48, 41, 109, 161, 61, 247, 224, 246, 182, 107, 171, 102, 103, 47, 133, 124, 237, 113, 124, 20, 109, 51, 64, 77, 2, 31, 106, 106, 106, 2, 109, 121, 188, 113, 78, 187, 53, 166, 185, 129, 190, 240, 58, 100, 244, 121, 112, 71, 69, 84, 44, 212, 150, 119, 137, 27, 0, 240, 209, 236, 136, 6, 47, 46, 250, 201, 19, 40, 102, 26, 123, 131, 136, 20, 75, 32, 159, 163, 105, 212, 112, 78, 211, 165, 82, 5, 165, 212, 38, 57, 59, 211, 186, 187, 38, 63, 96, 86, 219, 37, 48, 102, 48, 0, 17, 250, 219, 39, 91, 243, 237, 40, 228, 117, 194, 128, 52, 72, 120, 2, 11, 146, 200, 138, 221, 54, 208, 170, 61, 254, 120, 252, 240, 130, 100, 34, 144, 76, 168, 77, 232, 221, 246, 176, 48, 56, 238, 120, 132, 227, 155, 152, 2, 94, 95, 45, 255, 49, 55, 234, 152, 102, 105, 219, 196, 42, 230, 156, 252, 230, 140, 254, 179, 126, 12, 72, 162, 157, 87, 15, 32, 199, 78, 233, 8, 94, 238, 114, 217, 37, 246, 159, 240, 44, 16, 216, 147, 198, 243, 218, 139, 36, 51, 102, 243, 97, 54, 207, 94, 251, 59, 242, 63, 232, 121, 69, 1, 102, 33, 249, 183, 126, 156, 243, 228, 175, 128, 131, 121, 6, 120, 49, 183, 192, 83, 226, 216, 178, 117, 26, 91, 151, 6, 101, 86, 210, 169, 251, 15, 101, 185, 91, 225, 94, 235, 71, 54, 97, 17, 172, 26, 70, 123, 23, 172, 80, 196, 131, 108, 46, 20, 212, 203, 35, 144, 69, 160, 61, 210, 114, 3, 200, 148, 17, 5, 92, 155, 245, 8, 83, 222, 29, 95, 253, 68, 196, 16, 65, 105, 106, 190, 227, 216, 73, 148, 136, 161, 246, 32, 74, 118, 34, 7, 60, 54, 58, 40, 156, 249, 210, 247, 53, 253, 38, 241, 218, 129, 37, 51, 83, 12, 2, 218, 58, 19, 115, 43, 146, 138, 208, 222, 38, 194, 56, 28, 227, 10, 144, 18, 69, 172, 101, 198, 70, 141, 38, 195, 151, 68, 230, 29, 25, 13, 62, 96, 146, 123, 62, 61, 86, 229, 20, 160, 248, 12, 172, 43, 100, 197, 107, 155, 47, 67, 229, 13, 203, 140, 246, 29, 222, 209, 159, 95, 138, 30, 216, 82, 240, 164, 180, 237, 58, 64, 145, 42, 84, 48, 245, 8, 211, 131, 228, 7, 202, 177, 183, 103, 85, 175, 90, 255, 185, 157, 162, 151, 1, 10, 165, 51, 52, 75, 5, 234, 0, 5, 127, 84, 163, 144, 182, 18, 182, 28, 160, 165, 200, 167, 255, 3, 118, 76, 81, 84, 63, 243, 214, 64, 225, 35, 20, 47, 237, 130, 172, 150, 45, 70, 102, 31, 9, 111, 199, 10, 229, 208, 169, 34, 47, 77, 140, 201, 234, 218, 89, 230, 180, 85, 120, 111, 148, 130, 208, 212, 44, 1, 85, 53, 89, 41, 238, 85, 202, 17, 172, 8, 53, 91, 244, 46, 209, 74, 38, 120, 126, 146, 190, 217, 91, 87, 206, 84, 63, 188, 118, 75, 231, 115, 203, 225, 32, 143, 41, 4, 97, 127, 155, 47, 62, 226, 170, 209, 27, 242, 137, 141, 221, 78, 194, 140, 79, 201, 65, 214, 21, 90, 116, 69, 44, 222, 202, 205, 72, 120, 217, 185, 59, 115, 222, 24, 163, 87, 123, 228, 135, 33, 200, 186, 162, 29, 236, 187, 146, 77, 230, 60, 236, 138, 199, 0, 83, 89, 214, 167, 215, 244, 124, 11, 114, 214, 65, 30, 81, 31, 192, 247, 155, 83, 32, 145, 210, 193, 36, 174, 192, 112, 25, 50, 125, 6, 91, 196, 91, 53, 130, 222, 34, 40, 145, 243, 3, 186, 51, 20, 252, 62, 15, 192, 234, 137, 55, 136, 198, 20, 42, 202, 79, 12, 71, 191, 133, 226, 171, 36, 153, 57, 98, 134, 248, 197, 210, 19, 139, 94, 52, 6, 229, 23, 240, 108, 205, 33, 186, 17, 231, 211, 141, 92, 102, 12, 121, 184, 122, 213, 88, 73, 214, 183, 18, 30, 224, 150, 171, 141, 84, 206, 116, 15, 53, 234, 144, 155, 1, 116, 133, 72, 105, 237, 3, 181, 56, 156, 171, 91, 211, 63, 31, 97, 104, 91, 91, 104, 186, 114, 162, 150, 113, 135, 182, 18, 41, 7, 191, 149, 224, 19, 165, 236, 145, 207, 202, 131, 59, 149, 5, 86, 38, 168, 67, 217, 188, 161, 140, 182, 88, 105, 146, 81, 206, 22, 5, 18, 201, 144, 67, 152, 101, 41, 32, 194, 73, 102, 61, 193, 28, 61, 141, 93, 210, 125, 245, 226, 251, 70, 57, 159, 74, 184, 94, 132, 75, 80, 166, 25, 225, 167, 104, 17, 84, 50, 83, 156, 36, 16, 94, 15, 142, 212, 142, 73, 197, 28, 227, 130, 254, 163, 94, 29, 154, 20, 134, 91, 80, 195, 106, 41, 72, 86, 63, 21, 234, 206, 140, 103, 30, 137, 144, 130, 220, 97, 107, 172, 245, 177, 73, 99, 22, 157, 254, 129, 8, 226, 139, 40, 72, 250, 181, 24, 102, 229, 129, 226, 132, 185, 169, 113, 48, 84, 248, 6, 89, 40, 98, 119, 80, 215, 157, 13, 186, 5, 119, 54, 69, 27, 219, 78, 193, 136, 32, 48, 59, 242, 133, 167, 20, 110, 169, 181, 193, 5, 242, 24, 138, 48, 22, 230, 80, 220, 159, 239, 224, 66, 98, 42, 10, 91, 247, 60, 165, 111, 10, 2, 122, 144, 97, 166, 130, 133, 79, 231, 35, 28, 235, 209, 130, 4, 164, 188, 224, 97, 33, 43, 134, 225, 53, 183, 127, 222, 167, 132, 145, 3, 75, 7, 200, 135, 217, 124, 184, 253, 181, 42, 147, 40, 184, 182, 13, 217, 153, 109, 73, 201, 119, 202, 9, 111, 244, 77, 157, 194, 148, 15, 156, 203, 9, 0, 155, 151, 236, 121, 40, 37, 158, 34, 179, 224, 235, 36, 21, 133, 130, 189, 177, 247, 158, 94, 249, 243, 112, 15, 143, 251, 31, 148, 127, 223, 98, 23, 70, 57, 22, 2, 234, 197, 150, 161, 167, 13, 106, 90, 109, 24, 219, 55, 33, 186, 253, 107, 231, 46, 223, 142, 42, 215, 56, 218, 249, 219, 195, 11, 130, 41, 186, 41, 119, 30, 246, 136, 231, 51, 202, 240, 93, 159, 44, 242, 23, 221, 39, 158, 141, 116, 77, 114, 61, 157, 225, 194, 241, 163, 62, 14, 251, 210, 158, 87, 70, 180, 255, 230, 190, 221, 198, 121, 146, 132, 178, 217, 27, 164, 59, 231, 162, 100, 52, 128, 20, 139, 194, 46, 62, 32, 200, 0, 14, 211, 221, 14, 243, 193, 229, 229, 175, 143, 195, 157, 190, 80, 166, 42, 37, 1, 150, 9, 88, 109, 231, 128, 211, 108, 155, 75, 53, 109, 253, 24, 13, 56, 241, 42, 83, 226, 14, 165, 127, 4, 126, 173, 204, 191, 191, 69, 31, 228, 104, 42, 17, 81, 166, 254, 129, 242, 91, 246, 97, 0, 231, 38, 27, 170, 193, 72, 221, 62, 42, 232, 90, 16, 65, 127, 138, 7, 79, 58, 176, 204, 11, 78, 224, 42, 99, 5, 191, 232, 15, 147, 206, 214, 111, 20, 193, 6, 152, 151, 38, 147, 35, 89, 227, 250, 226, 21, 171, 88, 168, 38, 214, 220, 228, 108, 69, 158, 181, 253, 51, 7, 162, 106, 27, 15, 44, 39, 101, 99, 58, 150, 182, 2, 93, 70, 184, 64, 107, 8, 134, 177, 192, 101, 170, 242, 160, 169, 138, 129, 214, 66, 5, 131, 210, 244, 70, 190, 217, 2, 34, 209, 167, 2, 100, 249, 195, 150, 213, 123, 244, 43, 19, 209, 5, 80, 63, 0, 114, 188, 215, 100, 112, 204, 63, 136, 219, 217, 56, 235, 63, 25, 118, 150, 184, 159, 111, 8, 23, 238, 8, 192, 91, 47, 99, 95, 234, 237, 100, 15, 113, 40, 91, 39, 219, 107, 11, 186, 214, 83, 34, 227, 121, 44, 236, 117, 137, 110, 223, 9, 25, 52, 2, 252, 212, 112, 227, 43, 22, 218, 25, 77, 150, 91, 64, 143, 46, 190, 188, 197, 221, 129, 118, 129, 146, 43, 102, 94, 133, 101, 54, 18, 53, 241, 3, 67, 183, 86, 189, 158, 112, 203, 242, 2, 209, 221, 98, 0, 26, 243, 236, 178, 214, 85, 18, 224, 44, 28, 221, 3, 176, 169, 194, 140, 167, 225, 40, 144, 185, 64, 155, 112, 34, 26, 84, 69, 108, 7, 78, 72, 63, 134, 80, 23, 253, 102, 171, 118, 148, 25, 249, 242, 94, 143, 232, 123, 161, 167, 36, 178, 152, 159, 112, 32, 89, 124, 120, 160, 23, 199, 229, 131, 12, 157, 155, 108, 197, 198, 174, 15, 111, 28, 0, 94, 102, 104, 149, 253, 166, 141, 132, 119, 96, 24, 45, 89, 7, 110, 162, 252, 63, 110, 19, 122, 26, 230, 173, 48, 219, 24, 181, 162, 173, 17, 87, 183, 106, 196, 14, 213, 183, 25, 84, 80, 179, 167, 154, 208, 71, 213, 124, 249, 188, 88, 48, 90, 115, 41, 60, 152, 174, 52, 110, 147, 194, 0, 60, 146, 138, 88, 138, 27, 71, 156, 143, 13, 12, 110, 114, 228, 72, 238, 63, 189, 196, 129, 7, 192, 49, 34, 133, 111, 117, 55, 183, 134, 14, 11, 62, 101, 213, 187, 169, 188, 56, 74, 216, 230, 111, 35, 49, 206, 66, 42, 48, 154, 131, 32, 129, 192, 39, 223, 187, 135, 13, 100, 75, 86, 242, 25, 117, 67, 126, 16, 7, 98, 87, 20, 197, 19, 117, 191, 178, 20, 28, 147, 89, 13, 170, 223, 57, 73, 224, 39, 246, 13, 14, 145, 122, 115, 46, 13, 131, 210, 109, 19, 13, 110, 3, 109, 3, 136, 229, 31, 30, 198, 217, 164, 10, 13, 230, 8, 61, 10, 29, 212, 225, 43, 146, 152, 25, 93, 210, 22, 219, 68, 118, 199, 251, 226, 199, 32, 127, 182, 243, 142, 32, 170, 18, 166, 45, 137, 56, 89, 57, 239, 224, 104, 92, 139, 230, 24, 8, 193, 74, 9, 80, 26, 99, 47, 173, 193, 91, 12, 148, 212, 15, 115, 244, 104, 86, 238, 70, 163, 226, 22, 3, 198, 245, 115, 14, 14, 107, 19, 13, 181, 152, 36, 197, 199, 165, 59, 107, 205, 119, 122, 41, 39, 162, 33, 207, 67, 137, 51, 15, 114, 238, 146, 231, 78, 151, 234, 210, 214, 141, 68, 1, 182, 110, 33, 202, 82, 232, 206, 231, 165, 154, 49, 49, 95, 136, 107, 230, 68, 179, 81, 117, 89, 160, 3, 236, 147, 5, 64, 69, 68, 238, 225, 89, 65, 117, 7, 26, 254, 168, 79, 170, 33, 156, 247, 11, 202, 25, 203, 198, 0, 111, 228, 201, 105, 141, 25, 174, 219, 5, 233, 185, 140, 120, 209, 219, 188, 183, 22, 250, 179, 207, 163, 238, 131, 233, 204, 45, 178, 181, 63, 173, 48, 123, 156, 17, 49, 128, 170, 19, 10, 46, 108, 18, 38, 21, 190, 172, 24, 1, 32, 243, 225, 176, 25, 139, 11, 140, 81, 5, 12, 252, 232, 159, 140, 226, 212, 131, 116, 126, 141, 186, 6, 105, 177, 148, 223, 1, 235, 114, 149, 210, 30, 161, 148, 148, 141, 70, 189, 179, 100, 95, 103, 238, 38, 25, 237, 15, 1, 142, 66, 110, 153, 194, 26, 121, 49, 110, 213, 213, 158, 86, 12, 161, 33, 243, 107, 159, 75, 109, 153, 162, 171, 44, 177, 79, 113, 118, 188, 40, 0, 155, 161, 140, 231, 48, 79, 98, 82, 149, 210, 14, 251, 114, 14, 252, 29, 86, 194, 174, 193, 105, 149, 143, 75, 46, 8, 96, 129, 152, 244, 116, 98, 141, 36, 19, 140, 252, 146, 6, 143, 126, 216, 192, 197, 64, 47, 196, 33, 203, 158, 175, 239, 239, 68, 131, 213, 60, 93, 32, 116, 40, 178, 29, 96, 97, 214, 130, 231, 43, 46, 88, 192, 254, 189, 215, 50, 180, 3, 55, 8, 51, 108, 165, 205, 93, 174, 163, 234, 187, 171, 46, 173, 207, 69, 106, 90, 195, 122, 17, 77, 228, 84, 221, 61, 25, 74, 62, 167, 53, 207, 121, 24, 148, 190, 194, 201, 168, 136, 159, 30, 85, 77, 191, 69, 5, 188, 75, 217, 3, 160, 198, 171, 146, 125, 36, 171, 148, 41, 131, 32, 124, 240, 238, 0, 212, 134, 7, 206, 231, 250, 229, 77, 135, 21, 57, 221, 5, 16, 152, 182, 18, 216, 104, 232, 131, 0, 119, 30, 149, 199, 222, 150, 161, 201, 93, 44, 103, 109, 162, 12, 97, 243, 17, 139, 65, 216, 142, 15, 174, 139, 220, 209, 231, 0, 113, 167, 204, 71, 130, 215, 105, 56, 224, 53, 178, 253, 58, 28, 171, 24, 96, 249, 117, 106, 21, 131, 47, 23, 4, 47, 248, 10, 239, 79, 246, 235, 123, 63, 82, 216, 168, 94, 242, 237, 73, 199, 210, 215, 29, 37, 189, 120, 83, 37, 4, 109, 252, 78, 255, 70, 214, 182, 41, 167, 185, 62, 62, 239, 61, 134, 36, 156, 117, 227, 48, 234, 18, 221, 29, 141, 238, 39, 33, 252, 180, 33, 15, 100, 68, 212, 6, 124, 173, 172, 52, 27, 57, 199, 54, 18, 254, 100, 224, 160, 190, 254, 222, 69, 117, 113, 189, 156, 202, 20, 155, 34, 223, 110, 114, 147, 103, 69, 141, 157, 79, 101, 59, 138, 72, 216, 163, 156, 70, 85, 8, 41, 245, 79, 178, 170, 237, 239, 220, 97, 16, 28, 168, 38, 24, 183, 194, 5, 252, 136, 76, 82, 123, 188, 53, 203, 216, 222, 19, 117, 18, 3, 240, 3, 140, 117, 93, 133, 134, 159, 77, 157, 193, 39, 5, 255, 160, 188, 228, 12, 252, 218, 64, 170, 235, 166, 43, 191, 149, 168, 167, 210, 252, 211, 44, 189, 108, 60, 21, 90, 191, 121, 168, 8, 95, 33, 189, 183, 172, 126, 117, 46, 239, 176, 128, 127, 195, 108, 121, 78, 94, 245, 14, 209, 120, 252, 238, 161, 222, 46, 6, 20, 234, 98, 94, 244, 14, 45, 113, 215, 85, 206, 32, 253, 88, 229, 37, 202, 28, 7, 212, 250, 161, 237, 178, 72, 49, 24, 204, 71, 136, 231, 99, 224, 138, 227, 88, 123, 123, 26, 183, 128, 103, 247, 10, 235, 145, 20, 241, 226, 80, 23, 234, 13, 209, 0, 239, 73, 247, 116, 21, 57, 249, 163, 164, 139, 150, 24, 122, 92, 9, 42, 192, 128, 173, 27, 234, 220, 185, 212, 153, 19, 67, 65, 218, 176, 106, 75, 44, 242, 255, 80, 43, 13, 189, 171, 208, 34, 111, 120, 40, 175, 44, 22, 234, 215, 201, 251, 60, 31, 22, 239, 157, 246, 255, 81, 139, 238, 65, 83, 160, 108, 18, 94, 181, 121, 163, 214, 237, 110, 209, 41, 242, 58, 100, 40, 64, 142, 60, 206, 148, 237, 193, 90, 9, 83, 254, 76, 32, 200, 246, 242, 217, 22, 195, 129, 134, 52, 79, 250, 209, 244, 186, 164, 76, 42, 249, 11, 122, 94, 246, 130, 152, 204, 134, 175, 53, 154, 229, 55, 5, 79, 158, 50, 4, 43, 116, 107, 141, 238, 47, 76, 194, 205, 162, 229, 74, 177, 18, 6, 220, 232, 103, 153, 56, 123, 246, 0, 6, 5, 72, 231, 92, 133, 51, 19, 34, 91, 83, 144, 182, 35, 55, 39, 178, 55, 214, 53, 82, 25, 60, 44, 96, 110, 226, 73, 161, 206, 143, 169, 6, 48, 20, 67, 162, 215, 121, 126, 90, 151, 217, 230, 239, 23, 156, 126, 170, 176, 4, 219, 132, 124, 187, 21, 91, 223, 43, 211, 3, 74, 30, 85, 67, 79, 156, 75, 72, 183, 159, 3, 60, 207, 122, 7, 105, 40, 122, 164, 120, 148, 244, 109, 22, 57, 194, 37, 167, 71, 54, 18, 118, 142, 44, 109, 41, 7, 47, 113, 159, 59, 30, 74, 202, 178, 195, 114, 66, 148, 154, 45, 93, 1, 70, 172, 208, 228, 75, 34, 176, 241, 92, 233, 97, 27, 43, 176, 231, 22, 108, 9, 146, 243, 207, 145, 39, 161, 210, 149, 121, 198, 14, 138, 114, 160, 78, 235, 238, 200, 141, 5, 57, 35, 205, 119, 251, 5, 146, 83, 201, 18, 43, 52, 19, 136, 175, 220, 46, 87, 211, 163, 92, 172, 134, 9, 56, 110, 33, 47, 164, 198, 136, 39, 206, 47, 192, 21, 149, 227, 216, 30, 236, 133, 143, 50, 159, 180, 234, 29, 145, 86, 76, 190, 83, 85, 63, 11, 64, 80, 235, 124, 65, 158, 216, 6, 179, 69, 214, 44, 25, 226, 173, 172, 154, 138, 222, 206, 95, 42, 115, 91, 70, 250, 5, 200, 123, 9, 95, 223, 26, 187, 23, 58, 146, 152, 208, 24, 186, 250, 162, 173, 22, 58, 153, 187, 152, 95, 104, 251, 231, 140, 76, 250, 183, 25, 33, 201, 17, 44, 154, 25, 246, 58, 77, 239, 29, 84, 186, 46, 106, 111, 250, 195, 148, 193, 185, 207, 79, 102, 88, 214, 4, 58, 21, 104, 52, 41, 165, 182, 64, 71, 41, 143, 172, 66, 11, 1, 246, 101, 166, 0, 162, 120, 141, 200, 40, 190, 22, 35, 116, 220, 5, 233, 1, 86, 80, 24, 230, 98, 129, 215, 49, 236, 199, 16, 8, 202, 193, 63, 203, 254, 136, 15, 155, 199, 173, 151, 47, 38, 191, 211, 145, 43, 22, 193, 212, 85, 143, 176, 37, 143, 108, 126, 174, 133, 209, 108, 234, 139, 40, 110, 29, 233, 79, 32, 44, 110, 35, 28, 38, 22, 163, 50, 246, 170, 66, 19, 186, 223, 98, 111, 104, 136, 31, 56, 183, 164, 223, 130, 31, 103, 21, 62, 216, 170, 236, 29, 186, 247, 67, 77, 36, 128, 248, 0, 197, 169, 71, 45, 46, 179, 5, 229, 152, 182, 27, 46, 95, 31, 178, 68, 18, 217, 33, 164, 213, 207, 154, 29, 248, 242, 124, 201, 125, 85, 228, 148, 219, 213, 109, 34, 54, 57, 1, 53, 190, 129, 8, 39, 37, 4, 123, 227, 175, 32, 21, 161, 87, 48, 9, 2, 66, 128, 235, 196, 154, 225, 36, 192, 13, 181, 27, 98, 137, 33, 103, 11, 207, 86, 223, 149, 194, 143, 111, 83, 2, 221, 130, 151, 241, 247, 193, 22, 57, 77, 253, 172, 28, 9, 106, 238, 150, 202, 109, 140, 201, 40, 119, 76, 94, 208, 202, 123, 75, 3, 91, 255, 131, 160, 190, 210, 174, 55, 222, 45, 28, 106, 121, 106, 51, 78, 153, 254, 206, 136, 4, 4, 66, 28, 14, 81, 122, 125, 207, 204, 107, 232, 245, 188, 199, 228, 252, 112, 113, 75, 241, 47, 231, 110, 75, 121, 136, 31, 242, 129, 117, 169, 197, 168, 245, 38, 121, 248, 182, 99, 33, 65, 163, 4, 222, 254, 66, 165, 93, 75, 143, 79, 184, 45, 16, 197, 33, 178, 221, 169, 141, 78, 56, 49, 55, 76, 21, 238, 94, 58, 148, 81, 222, 29, 156, 117, 84, 106, 72, 255, 81, 251, 217, 46, 160, 25, 111, 107, 201, 232, 67, 137, 166, 186, 1, 192, 140, 158, 231, 54, 1, 91, 185, 13, 31, 165, 55, 178, 232, 236, 50, 61, 136, 143, 251, 221, 221, 8, 21, 223, 170, 153, 204, 66, 90, 87, 153, 39, 255, 3, 170, 25, 226, 44, 224, 232, 85, 24, 188, 101, 237, 164, 234, 209, 88, 84, 186, 109, 214, 1, 147, 134, 188, 152, 100, 118, 128, 216, 111, 255, 32, 134, 184, 55, 115, 181, 2, 105, 39, 19, 85, 24, 20, 166, 56, 147, 71, 196, 93, 201, 199, 40, 121, 108, 230, 48, 82, 173, 63, 183, 49, 205, 232, 70, 192, 165, 39, 101, 202, 203, 93, 248, 75, 242, 83, 249, 134, 13, 202, 130, 74, 247, 246, 7, 37, 40, 234, 215, 110, 232, 124, 201, 50, 11, 173, 74, 147, 126, 150, 125, 253, 41, 114, 92, 109, 214, 92, 49, 148, 163, 39, 33, 175, 103, 38, 22, 169, 84, 27, 84, 175, 183, 194, 252, 157, 26, 219, 242, 150, 188, 49, 137, 143, 195, 175, 136, 54, 129, 168, 237, 186, 147, 12, 227, 127, 91, 70, 35, 240, 196, 102, 131, 104, 63, 30, 194, 45, 204, 116, 233, 196, 15, 125, 222, 92, 198, 160, 112, 191, 147, 94, 241, 86, 34, 0, 176, 106, 14, 228, 14, 211, 94, 177, 109, 248, 254, 221, 214, 146, 142, 174, 25, 55, 133, 168, 169, 73, 65, 10, 141, 101, 239, 49, 242, 231, 117, 165, 155, 223, 219, 73, 13, 88, 60, 14, 227, 52, 10, 213, 192, 184, 15, 80, 80, 122, 133, 84, 216, 249, 125, 117, 203, 203, 175, 86, 36, 80, 220, 210, 128, 238, 229, 86, 1, 43, 88, 61, 72, 195, 176, 60, 91, 224, 74, 224, 206, 107, 137, 102, 67, 51, 68, 219, 64, 227, 190, 135, 84, 61, 132, 158, 174, 2, 232, 29, 41, 58, 199, 168, 34, 29, 125, 125, 249, 43, 138, 109, 234, 255, 100, 48, 221, 139, 22, 174, 189, 12, 64, 76, 141, 71, 158, 205, 112, 195, 180, 144, 15, 106, 248, 231, 125, 77, 36, 22, 235, 142, 140, 46, 252, 201, 198, 31, 81, 46, 4, 178, 138, 22, 224, 21, 53, 54, 96, 172, 35, 92, 174, 86, 11, 123, 231, 168, 153, 234, 35, 227, 129, 244, 201, 169, 54, 174, 211, 200, 197, 161, 60, 219, 7, 40, 148, 102, 236, 215, 162, 254, 163, 211, 147, 212, 48, 67, 41, 221, 123, 104, 39, 228, 189, 65, 21, 110, 181, 93, 134, 218, 83, 209, 59, 116, 2, 172, 172, 95, 143, 218, 101, 77, 167, 202, 145, 71, 1, 85, 11, 28, 42, 163, 227, 162, 217, 168, 220, 227, 97, 25, 199, 248, 235, 226, 189, 59, 63, 50, 182, 50, 252, 59, 98, 172, 88, 188, 248, 171, 28, 227, 79, 184, 129, 165, 181, 43, 173, 141, 59, 227, 236, 20, 176, 221, 44, 148, 38, 42, 56, 61, 121, 57, 38, 192, 224, 50, 166, 122, 193, 159, 43, 237, 169, 105, 175, 41, 60, 156, 51, 189, 1, 46, 246, 100, 200, 255, 92, 57, 134, 246, 35, 236, 96, 213, 222, 34, 167, 131, 236, 121, 254, 196, 35, 235, 236, 76, 39, 177, 78, 244, 61, 11, 59, 190, 130, 6, 192, 124, 26, 142, 193, 193, 135, 183, 42, 60, 130, 4, 96, 155, 89, 127, 88, 112, 29, 159, 225, 40, 69, 164, 123, 5, 116, 149, 102, 189, 70, 124, 145, 255, 113, 27, 120, 175, 211, 233, 246, 212, 254, 57, 207, 1, 155, 131, 107, 185, 14, 148, 66, 183, 73, 66, 185, 160, 24, 190, 234, 188, 233, 204, 68, 178, 112, 61, 117, 251, 227, 77, 30, 229, 168, 107, 247, 37, 134, 36, 93, 166, 45, 243, 73, 252, 58, 102, 34, 132, 138, 5, 193, 34, 56, 45, 247, 179, 105, 135, 25, 192, 42, 75, 197, 247, 206, 221, 203, 202, 125, 29, 76, 75, 38, 73, 201, 0, 69, 81, 51, 6, 149, 14, 88, 210, 197, 184, 254, 113, 206, 147, 7, 72, 136, 63, 97, 147, 118, 191, 99, 181, 109, 209, 2, 19, 4, 48, 5, 75, 228, 124, 99, 198, 76, 189, 81, 173, 233, 206, 73, 240, 241, 129, 231, 138, 95, 145, 79, 250, 28, 128, 35, 118, 222, 207, 189, 25, 43, 0, 78, 169, 251, 16, 216, 91, 188, 3, 240, 163, 233, 6, 195, 109, 244, 142, 63, 99, 62, 86, 110, 249, 171, 196, 109, 131, 191, 20, 113, 55, 31, 86, 233, 205, 225, 227, 133, 31, 114, 117, 249, 116, 249, 57, 90, 57, 57, 81, 28, 235, 132, 84, 182, 209, 11, 60, 246, 180, 145, 122, 164, 60, 47, 111, 168, 30, 192, 112, 218, 195, 155, 50, 66, 85, 122, 134, 47, 197, 245, 186, 101, 32, 108, 193, 6, 184, 184, 35, 82, 193, 3, 216, 178, 26, 18, 188, 172, 109, 17, 73, 123, 240, 159, 9, 49, 175, 216, 136, 227, 135, 192, 39, 23, 146, 125, 55, 189, 86, 92, 42, 145, 226, 135, 66, 214, 71, 31, 101, 70, 99, 203, 27, 113, 42, 76, 242, 202, 69, 184, 141, 6, 89, 0, 233, 118, 1, 212, 187, 73, 174, 59, 125, 182, 102, 177, 137, 88, 62, 24, 122, 119, 51, 76, 200, 45, 67, 103, 23, 226, 25, 147, 56, 75, 34, 23, 127, 168, 191, 173, 247, 0, 37, 121, 253, 74, 14, 44, 109, 222, 3, 28, 32, 28, 33, 180, 31, 10, 211, 94, 25, 168, 171, 59, 192, 62, 163, 139, 2, 21, 71, 228, 26, 222, 197, 182, 232, 230, 110, 5, 85, 159, 153, 21, 254, 123, 128, 9, 125, 133, 40, 147, 209, 102, 253, 116, 91, 207, 170, 197, 139, 137, 168, 152, 38, 233, 212, 252, 164, 36, 4, 6, 33, 11, 56, 28, 18, 208, 51, 35, 166, 75, 186, 128, 93, 45, 163, 235, 108, 27, 61, 101, 249, 86, 228, 242, 6, 112, 230, 228, 77, 35, 77, 74, 115, 165, 107, 23, 203, 174, 172, 179, 84, 229, 16, 129, 249, 140, 111, 187, 231, 139, 116, 156, 196, 11, 50, 148, 98, 22, 160, 104, 14, 224, 133, 10, 252, 44, 16, 36, 13, 143, 10, 64, 163, 217, 52, 87, 255, 72, 248, 91, 216, 60, 30, 168, 210, 245, 227, 188, 62, 168, 221, 157, 22, 133, 28, 137, 166, 153, 182, 4, 159, 141, 202, 250, 85, 11, 253, 11, 167, 149, 131, 223, 148, 59, 123, 154, 193, 50, 71, 217, 58, 248, 251, 137, 107, 26, 98, 202, 218, 96, 231, 48, 15, 196, 38, 188, 244, 7, 100, 196, 117, 190, 192, 196, 61, 172, 103, 233, 119, 14, 219, 179, 32, 64, 220, 13, 85, 3, 231, 230, 7, 240, 151, 30, 140, 173, 174, 203, 168, 165, 161, 85, 76, 143, 20, 104, 60, 36, 25, 73, 39, 53, 62, 134, 236, 33, 115, 67, 138, 74, 11, 10, 81, 183, 16, 43, 243, 105, 8, 232, 8, 178, 188, 8, 61, 145, 191, 223, 1, 77, 147, 179, 188, 207, 35, 0, 209, 243, 248, 34, 136, 38, 85, 4, 33, 230, 124, 44, 41, 85, 170, 185, 97, 229, 133, 226, 75, 138, 95, 218, 187, 28, 148, 146, 19, 59, 194, 194, 103, 127, 121, 64, 139, 105, 129, 52, 182, 7, 16, 40, 218, 174, 134, 241, 72, 246, 149, 38, 123, 98, 158, 213, 113, 59, 123, 180, 161, 104, 181, 123, 210, 155, 170, 48, 130, 210, 180, 223, 82, 52, 183, 12, 43, 81, 245, 49, 81, 125, 178, 207, 245, 149, 248, 176, 208, 238, 40, 198, 207, 78, 236, 246, 110, 54, 175, 161, 65, 33, 40, 21, 222, 180, 109, 18, 179, 31, 78, 62, 76, 25, 173, 249, 139, 16, 199, 41, 120, 60, 72, 214, 167, 195, 247, 141, 223, 57, 15, 200, 180, 58, 61, 152, 5, 132, 149, 16, 161, 144, 140, 39, 188, 249, 253, 74, 163, 173, 140, 150, 24, 200, 167, 131, 111, 175, 11, 55, 109, 35, 63, 200, 50, 70, 182, 95, 12, 38, 125, 11, 211, 216, 6, 24, 134, 103, 235, 103, 232, 78, 35, 0, 214, 52, 15, 203, 5, 246, 92, 166, 8, 136, 58, 225, 119, 108, 144, 227, 61, 226, 154, 16, 247, 38, 224, 128, 250, 222, 50, 74, 113, 186, 135, 191, 170, 144, 50, 61, 212, 96, 103, 44, 97, 153, 64, 247, 175, 140, 243, 197, 1, 233, 8, 31, 65, 173, 241, 119, 41, 168, 3, 175, 126, 154, 45, 20, 248, 23, 20, 187, 24, 97, 22, 24, 123, 183, 236, 152, 25, 107, 213, 108, 94, 213, 249, 10, 121, 144, 30, 156, 250, 48, 193, 249, 13, 181, 20, 4, 214, 224, 67, 179, 207, 133, 244, 35, 129, 213, 78, 57, 46, 224, 189, 18, 200, 151, 147, 41, 215, 152, 220, 87, 91, 67, 98, 49, 67, 13, 147, 167, 95, 182, 197, 125, 126, 94, 41, 32, 201, 181, 91, 17, 128, 201, 133, 179, 232, 220, 59, 11, 245, 174, 191, 198, 163, 224, 159, 225, 132, 166, 228, 29, 130, 68, 130, 30, 208, 191, 69, 119, 89, 218, 226, 26, 128, 36, 103, 15, 235, 173, 241, 9, 139, 88, 125, 69, 169, 41, 138, 212, 48, 87, 134, 105, 163, 198, 32, 117, 242, 75, 2, 128, 240, 125, 33, 223, 56, 71, 124, 15, 152, 62, 165, 42, 249, 25, 24, 238, 189, 78, 183, 186, 32, 11, 149, 95, 47, 128, 133, 23, 148, 68, 250, 0, 99, 16, 58, 30, 90, 160, 206, 73, 110, 82, 108, 42, 17, 38, 96, 198, 217, 21, 1, 29, 252, 220, 54, 207, 185, 237, 163, 134, 223, 250, 89, 239, 189, 52, 221, 187, 247, 185, 14, 98, 193, 58, 199, 43, 91, 57, 96, 128, 63, 43, 22, 17, 4, 170, 199, 119, 51, 106, 201, 126, 31, 1, 171, 62, 40, 14, 56, 119, 164, 199, 13, 110, 54, 211, 64, 22, 14, 172, 15, 166, 99, 224, 161, 150, 245, 168, 146, 138, 56, 252, 167, 232, 39, 140, 120, 44, 3, 45, 116, 97, 65, 198, 34, 110, 233, 17, 225, 34, 161, 60, 104, 122, 98, 173, 90, 26, 167, 218, 11, 39, 178, 145, 91, 83, 142, 57, 128, 166, 188, 43, 61, 241, 178, 112, 39, 64, 76, 186, 39, 17, 170, 250, 156, 238, 100, 155, 168, 146, 152, 22, 187, 210, 134, 176, 6, 0, 28, 33, 52, 118, 213, 162, 34, 45, 161, 78, 69, 35, 79, 213, 2, 35, 97, 36, 136, 85, 206, 251, 36, 187, 189, 9, 34, 247, 85, 142, 178, 132, 151, 123, 249, 199, 210, 122, 117, 243, 180, 24, 237, 183, 214, 197, 205, 20, 238, 44, 129, 158, 44, 39, 138, 223, 210, 9, 198, 136, 148, 248, 171, 213, 35, 156, 167, 69, 223, 210, 21, 173, 207, 180, 60, 166, 9, 122, 12, 17, 185, 49, 97, 209, 133, 80, 182, 171, 150, 149, 179, 124, 168, 171, 18, 15, 7, 255, 149, 233, 56, 78, 181, 198, 135, 199, 223, 244, 142, 90, 141, 13, 7, 130, 255, 248, 88, 139, 11, 230, 178, 109, 27, 54, 224, 81, 81, 103, 145, 9, 86, 207, 133, 39, 253, 56, 94, 207, 105, 44, 126, 110, 29, 11, 21, 100, 245, 56, 32, 65, 15, 157, 152, 174, 86, 38, 102, 76, 83, 234, 79, 49, 189, 8, 46, 167, 154, 180, 131, 118, 11, 243, 27, 136, 112, 13, 242, 235, 81, 255, 27, 87, 201, 5, 229, 152, 75, 191, 237, 206, 121, 195, 171, 95, 47, 246, 221, 173, 22, 54, 252, 3, 62, 154, 98, 204, 193, 20, 234, 196, 9, 170, 236, 139, 29, 95, 203, 215, 246, 152, 197, 11, 122, 67, 163, 125, 135, 84, 120, 156, 73, 237, 67, 78, 121, 59, 18, 204, 45, 40, 41, 104, 172, 157, 31, 187, 182, 190, 130, 141, 255, 86, 240, 151, 49, 202, 216, 235, 50, 52, 236, 166, 199, 39, 18, 203, 250, 178, 88, 37, 2, 48, 34, 183, 147, 53, 87, 122, 225, 216, 86, 88, 80, 255, 202, 34, 135, 131, 176, 198, 215, 122, 22, 22, 10, 246, 201, 245, 157, 87, 92, 98, 125, 19, 110, 123, 238, 158, 77, 203, 93, 195, 223, 129, 216, 192, 130, 74, 99, 146, 140, 153, 81, 72, 234, 78, 117, 215, 93, 98, 191, 17, 237, 190, 168, 41, 106, 115, 196, 121, 132, 204, 245, 9, 27, 158, 7, 104, 253, 197, 140, 145, 128, 118, 52, 1, 65, 191, 129, 16, 68, 158, 186, 35, 41, 138, 35, 1, 44, 162, 249, 188, 175, 93, 17, 91, 76, 112, 43, 217, 180, 45, 161, 182, 234, 130, 180, 222, 172, 89, 178, 32, 42, 142, 224, 22, 73, 59, 128, 6, 146, 232, 206, 161, 133, 102, 107, 82, 150, 175, 36, 140, 199, 8, 91, 48, 11, 0, 88, 62, 69, 212, 190, 145, 212, 226, 172, 28, 122, 92, 238, 32, 133, 240, 198, 76, 27, 4, 43, 190, 83, 214, 154, 125, 16, 82, 37, 154, 140, 178, 195, 148, 86, 2, 232, 248, 248, 33, 85, 129, 150, 66, 217, 31, 244, 126, 188, 248, 117, 146, 67, 138, 68, 76, 121, 171, 205, 28, 138, 255, 118, 45, 95, 123, 166, 59, 68, 69, 7, 45, 104, 242, 241, 165, 195, 3, 133, 209, 77, 112, 150, 255, 231, 206, 213, 119, 163, 137, 131, 23, 5, 213, 45, 197, 109, 236, 168, 113, 102, 211, 84, 10, 10, 140, 85, 22, 189, 40, 82, 103, 19, 108, 46, 198, 201, 90, 223, 141, 168, 84, 231, 67, 169, 3, 99, 220, 207, 131, 6, 217, 66, 14, 31, 4, 128, 240, 251, 232, 249, 15, 173, 137, 225, 4, 40, 250, 6, 35, 72, 99, 180, 13, 105, 178, 63, 88, 124, 148, 238, 137, 169, 124, 168, 194, 108, 243, 109, 71, 46, 47, 104, 40, 128, 199, 166, 236, 139, 165, 26, 63, 113, 164, 204, 206, 111, 8, 137, 49, 22, 111, 176, 14, 179, 188, 53, 222, 98, 147, 242, 148, 190, 107, 179, 45, 203, 187, 165, 180, 216, 126, 8, 96, 106, 205, 196, 105, 99, 122, 178, 144, 219, 151, 15, 200, 115, 246, 202, 172, 136, 228, 115, 240, 77, 236, 124, 6, 229, 66, 20, 123, 213, 148, 244, 104, 66, 194, 177, 140, 154, 79, 125, 202, 7, 178, 14, 182, 128, 92, 200, 246, 231, 116, 61, 220, 226, 59, 240, 35, 170, 74, 166, 193, 222, 47, 102, 71, 43, 234, 44, 162, 12, 230, 144, 73, 118, 210, 143, 33, 12, 49, 39, 5, 208, 34, 198, 254, 36, 181, 163, 3, 125, 39, 11, 18, 122, 102, 117, 119, 51, 146, 83, 14, 158, 223, 127, 222, 158, 187, 25, 79, 178, 128, 169, 131, 55, 233, 89, 110, 27, 103, 82, 0, 202, 21, 52, 61, 157, 37, 147, 181, 96, 85, 124, 248, 83, 45, 76, 155, 40, 84, 195, 211, 47, 116, 76, 56, 130, 225, 243, 122, 130, 158, 33, 38, 29, 203, 26, 147, 49, 51, 235, 70, 202, 19, 147, 171, 183, 57, 160, 29, 173, 23, 233, 85, 218, 15, 214, 32, 198, 111, 66, 23, 229, 44, 25, 3, 254, 104, 160, 154, 57, 142, 17, 220, 45, 224, 247, 223, 12, 203, 182, 18, 82, 32, 129, 176, 66, 190, 141, 31, 183, 105, 40, 83, 105, 189, 93, 17, 17, 88, 42, 81, 46, 23, 69, 219, 57, 6, 184, 139, 15, 114, 90, 61, 129, 243, 247, 236, 255, 61, 134, 18, 66, 207, 195, 7, 163, 135, 9, 43, 53, 252, 206, 86, 35, 153, 223, 120, 189, 142, 248, 201, 42, 244, 185, 180, 12, 26, 170, 229, 201, 123, 213, 82, 158, 163, 59, 170, 243, 91, 28, 8, 187, 44, 207, 237, 115, 41, 57, 231, 248, 74, 251, 17, 227, 252, 133, 97, 84, 233, 87, 171, 218, 186, 5, 19, 234, 64, 139, 178, 45, 127, 44, 32, 16, 232, 151, 114, 211, 138, 9, 187, 68, 54, 14, 245, 64, 212, 238, 60, 7, 67, 239, 207, 84, 35, 181, 168, 83, 82, 2, 95, 72, 30, 40, 4, 110, 174, 185, 5, 16, 72, 8, 7, 241, 229, 176, 69, 206, 19, 219, 105, 232, 255, 61, 70, 23, 9, 18, 16, 178, 141, 234, 250, 155, 122, 247, 2, 6, 231, 199, 100, 54, 46, 248, 162, 61, 246, 51, 75, 92, 5, 12, 137, 35, 34, 40, 24, 126, 27, 63, 112, 131, 172, 168, 56, 215, 63, 59, 23, 13, 63, 208, 182, 79, 174, 161, 64, 208, 213, 74, 105, 73, 41, 42, 17, 57, 224, 225, 116, 22, 147, 47, 122, 68, 94, 139, 83, 109, 56, 18, 4, 46, 53, 246, 30, 154, 246, 113, 72, 84, 149, 71, 123, 188, 62, 250, 156, 136, 33, 100, 164, 7, 86, 94, 140, 142, 52, 146, 72, 0, 29, 205, 38, 68, 153, 154, 141, 170, 186, 182, 108, 96, 138, 35, 91, 0, 134, 48, 173, 98, 159, 59, 227, 194, 42, 95, 120, 112, 112, 142, 26, 248, 228, 32, 17, 0, 202, 8, 103, 177, 142, 196, 112, 216, 36, 153, 160, 63, 249, 220, 9, 190, 168, 11, 252, 39, 97, 42, 184, 162, 6, 217, 129, 189, 167, 73, 48, 78, 169, 39, 75, 5, 189, 59, 99, 203, 103, 229, 114, 149, 71, 139, 152, 112, 115, 35, 132, 1, 196, 129, 206, 186, 122, 97, 60, 240, 70, 202, 16, 192, 23, 35, 130, 10, 31, 105, 64, 109, 243, 163, 58, 219, 80, 190, 238, 67, 58, 255, 202, 89, 177, 178, 39, 140, 198, 82, 38, 207, 80, 198, 7, 145, 230, 247, 36, 235, 245, 145, 154, 230, 229, 192, 45, 134, 232, 231, 50, 253, 49, 51, 124, 141, 112, 14, 137, 202, 219, 106, 122, 1, 52, 202, 31, 164, 253, 150, 65, 154, 147, 129, 48, 111, 133, 85, 46, 137, 52, 89, 12, 142, 49, 139, 232, 158, 71, 208, 188, 235, 13, 17, 102, 218, 205, 198, 46, 143, 183, 2, 8, 113, 45, 109, 84, 63, 205, 52, 61, 225, 227, 151, 13, 62, 125, 171, 106, 106, 217, 89, 10, 31, 4, 46, 252, 69, 113, 108, 44, 25, 109, 230, 222, 200, 32, 224, 138, 210, 247, 176, 100, 43, 96, 255, 91, 237, 106, 222, 139, 250, 88, 118, 206, 101, 243, 137, 153, 129, 35, 107, 47, 0, 44, 206, 174, 251, 36, 149, 35, 71, 213, 128, 240, 44, 187, 230, 185, 6, 116, 205, 126, 60, 212, 58, 121, 70, 45, 178, 221, 38, 209, 198, 7, 94, 135, 118, 185, 167, 84, 85, 95, 112, 108, 199, 146, 155, 96, 174, 118, 223, 61, 31, 240, 74, 165, 22, 20, 141, 167, 69, 152, 217, 230, 111, 39, 108, 131, 225, 3, 11, 60, 222, 65, 98, 139, 25, 32, 183, 15, 231, 247, 18, 240, 103, 38, 176, 230, 77, 70, 108, 136, 97, 70, 217, 63, 19, 18, 20, 23, 16, 224, 146, 0, 18, 146, 8, 94, 10, 108, 247, 60, 88, 170, 179, 213, 55, 0, 240, 199, 48, 153, 62, 53, 162, 31, 235, 171, 114, 15, 17, 63, 200, 126, 222, 131, 67, 221, 191, 247, 72, 60, 72, 155, 198, 64, 74, 47, 172, 68, 137, 200, 196, 15, 134, 14, 25, 192, 123, 156, 167, 33, 197, 249, 39, 43, 91, 222, 113, 234, 83, 16, 106, 91, 237, 28, 77, 202, 33, 24, 212, 189, 211, 0, 68, 238, 46, 66, 197, 42, 76, 7, 61, 2, 204, 21, 122, 66, 106, 59, 118, 196, 24, 65, 135, 66, 224, 120, 141, 83, 155, 28, 94, 239, 191, 16, 246, 216, 240, 43, 222, 206, 74, 185, 210, 34, 142, 36, 111, 125, 163, 160, 186, 108, 16, 21, 157, 214, 167, 130, 113, 103, 5, 156, 127, 74, 112, 157, 237, 104, 92, 118, 111, 174, 18, 170, 245, 27, 238, 51, 138, 27, 162, 188, 178, 74, 165, 239, 168, 217, 68, 10, 45, 15, 104, 184, 70, 234, 11, 176, 157, 147, 108, 192, 0, 91, 89, 150, 44, 1, 249, 123, 58, 252, 250, 111, 152, 182, 138, 201, 194, 3, 128, 248, 121, 90, 153, 202, 8, 250, 142, 114, 51, 242, 190, 17, 2, 72, 181, 207, 92, 21, 224, 119, 130, 231, 194, 181, 93, 225, 245, 189, 97, 160, 27, 238, 86, 30, 38, 202, 63, 7, 114, 113, 14, 10, 104, 93, 2, 20, 248, 194, 131, 9, 77, 114, 39, 39, 160, 89, 196, 120, 155, 130, 200, 23, 124, 179, 186, 82, 70, 76, 201, 96, 108, 225, 13, 136, 33, 176, 232, 46, 233, 122, 43, 13, 31, 216, 187, 34, 176, 154, 221, 125, 38, 97, 99, 109, 135, 121, 15, 3, 89, 59, 44, 99, 57, 109, 197, 172, 201, 165, 253, 10, 33, 178, 2, 12, 43, 195, 159, 106, 98, 67, 236, 129, 228, 143, 55, 175, 223, 238, 160, 220, 213, 78, 128, 240, 204, 113, 13, 247, 52, 89, 116, 48, 44, 12, 95, 26, 227, 101, 156, 38, 98, 55, 30, 93, 24, 155, 0, 163, 147, 115, 163, 68, 31, 1, 17, 245, 144, 93, 31, 227, 176, 200, 170, 204, 185, 41, 214, 25, 108, 38, 160, 215, 176, 39, 199, 80, 129, 192, 129, 208, 37, 40, 117, 28, 152, 164, 76, 225, 240, 66, 183, 91, 8, 153, 59, 102, 174, 242, 59, 33, 78, 181, 90, 21, 211, 56, 179, 229, 195, 246, 163, 160, 45, 148, 168, 190, 167, 85, 30, 182, 103, 52, 41, 144, 159, 22, 67, 221, 161, 170, 46, 11, 215, 182, 229, 197, 182, 59, 60, 80, 155, 223, 175, 28, 192, 80, 46, 28, 230, 245, 71, 74, 59, 146, 93, 149, 57, 29, 89, 159, 37, 46, 82, 24, 94, 150, 252, 95, 45, 82, 247, 191, 31, 196, 60, 107, 37, 15, 17, 144, 254, 250, 38, 9, 233, 219, 143, 77, 79, 126, 149, 112, 20, 187, 55, 14, 75, 121, 152, 231, 33, 80, 46, 110, 210, 71, 193, 42, 100, 31, 122, 24, 62, 129, 67, 12, 63, 246, 102, 77, 109, 112, 111, 164, 140, 17, 127, 41, 147, 12, 121, 1, 1, 198, 128, 93, 232, 191, 187, 146, 137, 138, 4, 38, 239, 182, 131, 204, 166, 212, 21, 116, 216, 163, 234, 55, 175, 64, 255, 1, 80, 248, 30, 61, 125, 8, 222, 97, 195, 125, 76, 124, 202, 144, 154, 244, 218, 225, 236, 244, 191, 195, 53, 11, 199, 19, 96, 225, 74, 171, 244, 43, 232, 172, 194, 141, 85, 75, 98, 230, 20, 124, 91, 143, 206, 172, 101, 17, 16, 33, 109, 164, 201, 127, 228, 14, 77, 5, 206, 20, 87, 158, 117, 26, 175, 33, 194, 2, 48, 58, 94, 76, 9, 85, 151, 224, 212, 19, 165, 142, 25, 200, 221, 5, 39, 238, 244, 220, 249, 238, 115, 160, 61, 88, 119, 12, 82, 223, 113, 163, 19, 47, 24, 207, 189, 242, 123, 83, 196, 187, 75, 58, 212, 40, 48, 4, 243, 217, 166, 0, 12, 15, 37, 143, 252, 176, 209, 2, 77, 141, 222, 118, 205, 225, 97, 85, 233, 155, 131, 26, 142, 211, 177, 79, 121, 66, 146, 94, 203, 120, 251, 24, 82, 18, 161, 194, 196, 25, 87, 16, 240, 159, 166, 121, 2, 54, 11, 154, 200, 249, 102, 47, 186, 219, 128, 246, 71, 116, 62, 91, 208, 215, 166, 77, 165, 76, 178, 191, 225, 13, 241, 3, 205, 70, 138, 251, 41, 208, 89, 146, 163, 149, 68, 93, 117, 157, 139, 24, 186, 44, 37, 77, 95, 160, 136, 219, 57, 202, 170, 147, 195, 144, 143, 35, 240, 104, 96, 165, 76, 35, 71, 20, 45, 174, 189, 45, 125, 201, 54, 118, 154, 228, 76, 250, 65, 14, 66, 25, 187, 79, 222, 39, 125, 146, 55, 28, 209, 213, 193, 80, 248, 110, 75, 83, 101, 255, 131, 129, 172, 223, 21, 10, 241, 72, 176, 125, 47, 78, 251, 48, 22, 26, 38, 237, 238, 170, 15, 6, 101, 229, 150, 156, 118, 187, 64, 76, 56, 234, 244, 81, 239, 212, 3, 179, 161, 119, 37, 241, 21, 84, 214, 131, 234, 161, 123, 41, 77, 4, 152, 35, 217, 163, 32, 209, 27, 36, 150, 58, 108, 2, 243, 95, 152, 170, 82, 204, 9, 65, 202, 72, 166, 101, 2, 49, 2, 178, 120, 50, 34, 108, 229, 21, 152, 110, 110, 40, 141, 200, 239, 85, 69, 106, 153, 137, 0, 188, 136, 231, 211, 239, 229, 118, 173, 186, 139, 8, 118, 94, 198, 193, 150, 40, 15, 47, 33, 4, 131, 139, 205, 102, 224, 67, 245, 55, 235, 208, 242, 128, 255, 6, 122, 82, 193, 225, 99, 69, 167, 227, 27, 86, 227, 153, 89, 238, 7, 28, 156, 74, 12, 80, 173, 110, 212, 221, 40, 40, 209, 164, 132, 160, 82, 145, 52, 47, 122, 163, 97, 177, 115, 38, 80, 235, 195, 205, 109, 247, 14, 15, 146, 114, 64, 192, 110, 65, 17, 136, 42, 148, 85, 84, 45, 255, 150, 153, 142, 158, 251, 80, 91, 139, 83, 74, 213, 77, 18, 224, 25, 27, 29, 43, 9, 123, 189, 104, 75, 73, 196, 14, 155, 207, 69, 164, 169, 15, 65, 3, 61, 216, 217, 227, 80, 176, 58, 56, 23, 182, 124, 39, 86, 35, 1, 16, 235, 231, 90, 213, 254, 211, 21, 72, 92, 173, 245, 239, 240, 85, 172, 126, 35, 203, 193, 225, 225, 9, 143, 115, 14, 248, 118, 126, 216, 18, 186, 16, 9, 120, 154, 129, 205, 34, 18, 70, 190, 46, 135, 199, 85, 239, 93, 113, 90, 1, 74, 191, 15, 225, 30, 196, 141, 13, 91, 202, 211, 95, 92, 5, 75, 189, 88, 209, 21, 185, 16, 225, 20, 194, 155, 214, 41, 251, 157, 155, 144, 184, 146, 153, 194, 90, 150, 213, 2, 185, 69, 78, 151, 153, 196, 21, 158, 51, 254, 75, 207, 153, 103, 206, 135, 41, 100, 226, 229, 95, 120, 57, 161, 88, 138, 175, 139, 173, 252, 93, 106, 14, 78, 60, 59, 209, 90, 11, 80, 157, 218, 76, 80, 10, 150, 164, 89, 161, 231, 193, 126, 46, 231, 107, 189, 29, 70, 33, 3, 150, 207, 134, 212, 187, 164, 246, 106, 131, 29, 26, 78, 132, 125, 155, 163, 48, 157, 208, 193, 202, 21, 3, 197, 128, 138, 250, 91, 239, 196, 232, 130, 178, 30, 221, 211, 38, 120, 211, 216, 114, 48, 28, 232, 220, 157, 96, 135, 18, 95, 60, 60, 148, 189, 233, 65, 150, 170, 91, 126, 148, 242, 114, 246, 159, 56, 102, 174, 20, 3, 6, 133, 120, 192, 40, 240, 72, 120, 20, 94, 24, 246, 245, 133, 68, 15, 245, 128, 104, 10, 112, 114, 175, 134, 3, 155, 154, 16, 176, 215, 129, 115, 21, 205, 176, 186, 1, 245, 201, 128, 98, 224, 72, 118, 148, 28, 83, 188, 28, 48, 34, 183, 202, 184, 161, 87, 60, 67, 144, 178, 87, 41, 1, 1, 62, 243, 94, 187, 37, 35, 204, 245, 244, 178, 172, 66, 114, 45, 104, 100, 44, 147, 147, 74, 250, 170, 214, 209, 227, 247, 88, 227, 191, 99, 88, 21, 206, 11, 10, 145, 22, 136, 137, 141, 143, 107, 87, 202, 60, 61, 68, 79, 75, 196, 217, 59, 200, 196, 75, 97, 121, 13, 75, 196, 221, 161, 141, 125, 193, 72, 95, 177, 4, 184, 36, 42, 233, 41, 80, 100, 190, 43, 15, 48, 64, 95, 193, 9, 245, 15, 190, 28, 244, 106, 14, 209, 70, 15, 138, 70, 33, 152, 99, 148, 37, 140, 247, 62, 199, 80, 165, 167, 123, 220, 242, 113, 150, 151, 12, 225, 120, 156, 30, 89, 48, 145, 195, 20, 177, 218, 236, 228, 125, 80, 205, 119, 26, 110, 248, 81, 244, 157, 43, 32, 20, 66, 225, 43, 144, 224, 115, 250, 14, 241, 128, 23, 231, 77, 9, 205, 238, 191, 117, 98, 203, 162, 239, 22, 9, 95, 220, 106, 237, 226, 46, 117, 199, 13, 141, 160, 33, 44, 103, 30, 94, 230, 90, 188, 133, 245, 164, 83, 137, 222, 78, 53, 181, 207, 87, 189, 31, 218, 217, 156, 12, 76, 184, 82, 86, 10, 217, 216, 210, 159, 128, 180, 249, 171, 2, 238, 245, 132, 88, 244, 249, 161, 90, 161, 154, 194, 157, 250, 37, 248, 83, 225, 207, 128, 66, 198, 105, 101, 63, 226, 35, 43, 170, 249, 61, 125, 143, 31, 58, 174, 20, 119, 8, 31, 28, 89, 151, 42, 95, 138, 42, 44, 88, 223, 254, 103, 241, 241, 135, 87, 166, 244, 23, 115, 68, 55, 180, 251, 83, 147, 231, 140, 223, 92, 138, 235, 234, 114, 249, 234, 141, 102, 0, 219, 119, 126, 103, 182, 140, 74, 83, 252, 255, 252, 180, 226, 185, 35, 87, 76, 117, 81, 247, 245, 107, 179, 27, 128, 250, 15, 147, 4, 211, 150, 38, 228, 245, 74, 88, 124, 213, 163, 252, 101, 177, 57, 222, 113, 163, 175, 242, 99, 182, 3, 244, 56, 217, 115, 243, 184, 218, 188, 18, 15, 178, 62, 4, 147, 142, 101, 58, 110, 199, 83, 251, 115, 147, 135, 100, 215, 27, 213, 15, 55, 35, 103, 170, 142, 82, 112, 22, 223, 64, 238, 12, 145, 204, 172, 31, 80, 187, 155, 112, 171, 212, 185, 24, 222, 22, 254, 188, 164, 215, 231, 8, 6, 110, 191, 234, 183, 141, 89, 103, 219, 167, 7, 189, 93, 156, 150, 23, 17, 16, 55, 225, 14, 49, 54, 156, 224, 24, 227, 106, 239, 38, 123, 66, 236, 167, 62, 201, 167, 181, 101, 15, 92, 168, 250, 114, 215, 203, 103, 12, 243, 127, 127, 126, 149, 38, 8, 46, 57, 105, 81, 111, 201, 6, 240, 201, 55, 2, 114, 49, 53, 218, 228, 128, 226, 35, 105, 216, 110, 20, 175, 9, 73, 34, 91, 191, 138, 61, 87, 231, 26, 72, 253, 13, 243, 161, 108, 151, 231, 238, 63, 174, 34, 88, 152, 239, 203, 162, 32, 145, 226, 82, 62, 0, 46, 63, 4, 209, 158, 69, 213, 47, 98, 116, 168, 65, 60, 27, 64, 205, 137, 238, 98, 33, 142, 115, 89, 144, 213, 50, 35, 231, 193, 120, 58, 4, 198, 156, 110, 141, 48, 214, 254, 246, 69, 125, 18, 12, 242, 65, 39, 252, 16, 144, 138, 133, 67, 100, 215, 210, 62, 217, 86, 192, 240, 232, 15, 32, 176, 153, 33, 127, 123, 118, 158, 18, 148, 85, 127, 92, 171, 217, 122, 46, 113, 49, 116, 44, 244, 253, 158, 36, 111, 77, 68, 148, 161, 152, 151, 43, 162, 173, 230, 75, 41, 246, 190, 237, 180, 110, 243, 129, 30, 83, 184, 105, 134, 206, 221, 100, 60, 76, 132, 83, 230, 96, 37, 186, 19, 91, 111, 29, 42, 116, 233, 233, 251, 140, 130, 247, 94, 84, 73, 221, 44, 148, 196, 71, 206, 51, 153, 128, 129, 131, 105, 78, 86, 168, 142, 186, 193, 39, 114, 30, 250, 112, 204, 76, 241, 74, 152, 96, 159, 133, 238, 173, 89, 221, 210, 71, 90, 42, 207, 36, 129, 70, 173, 79, 201, 199, 168, 157, 67, 176, 15, 47, 199, 173, 5, 172, 34, 19, 21, 151, 194, 72, 220, 14, 94, 44, 193, 239, 244, 9, 234, 167, 171, 121, 148, 208, 198, 83, 169, 162, 246, 237, 55, 24, 148, 209, 0, 51, 229, 19, 93, 74, 146, 243, 102, 145, 103, 245, 175, 49, 65, 106, 123, 78, 186, 60, 53, 4, 71, 226, 231, 177, 127, 203, 35, 35, 83, 85, 19, 224, 73, 44, 190, 93, 224, 24, 186, 58, 137, 66, 183, 6, 159, 215, 226, 91, 176, 121, 6, 91, 91, 44, 251, 177, 153, 185, 34, 12, 153, 205, 202, 20, 28, 130, 190, 141, 61, 46, 163, 182, 79, 113, 230, 43, 75, 45, 116, 25, 150, 6, 228, 238, 172, 142, 195, 213, 177, 60, 199, 27, 249, 217, 199, 55, 223, 182, 23, 162, 73, 35, 53, 233, 195, 118, 26, 22, 109, 1, 88, 132, 6, 96, 28, 8, 143, 219, 171, 112, 214, 106, 10, 21, 204, 178, 187, 220, 222, 59, 129, 54, 114, 74, 202, 89, 226, 250, 52, 15, 170, 72, 115, 91, 81, 154, 145, 30, 58, 189, 58, 44, 106, 99, 111, 4, 219, 229, 216, 181, 159, 155, 137, 209, 88, 41, 18, 35, 127, 74, 6, 181, 146, 244, 163, 213, 118, 38, 231, 234, 66, 82, 95, 160, 194, 203, 155, 38, 197, 3, 144, 237, 31, 228, 208, 15, 142, 4, 106, 58, 150, 132, 247, 214, 252, 142, 17, 60, 37, 92, 114, 9, 60, 18, 110, 3, 178, 104, 92, 33, 250, 22, 249, 15, 76, 88, 223, 53, 152, 209, 223, 232, 150, 92, 136, 76, 106, 211, 182, 37, 20, 90, 242, 38, 115, 79, 195, 71, 255, 248, 151, 35, 159, 131, 167, 49, 20, 112, 55, 67, 56, 7, 81, 215, 170, 176, 148, 220, 149, 199, 87, 97, 124, 219, 188, 240, 178, 55, 20, 30, 242, 147, 159, 28, 85, 131, 63, 230, 144, 155, 241, 8, 59, 249, 130, 30, 42, 102, 194, 195, 178, 186, 60, 214, 140, 128, 107, 236, 13, 128, 71, 113, 225, 97, 95, 33, 177, 20, 229, 115, 158, 159, 221, 145, 222, 169, 151, 163, 226, 186, 215, 241, 249, 136, 56, 233, 144, 33, 190, 198, 63, 246, 162, 2, 169, 164, 136, 14, 244, 129, 26, 8, 240, 89, 171, 198, 55, 106, 178, 111, 47, 235, 25, 23, 73, 231, 115, 182, 1, 197, 147, 75, 180, 2, 3, 251, 98, 38, 172, 13, 126, 2, 51, 189, 29, 224, 48, 155, 69, 86, 8, 180, 116, 195, 147, 234, 178, 4, 69, 36, 25, 156, 9, 81, 232, 36, 236, 244, 225, 62, 219, 0, 198, 208, 17, 211, 241, 132, 74, 215, 253, 239, 132, 90, 196, 13, 254, 246, 167, 176, 136, 215, 110, 151, 74, 248, 91, 149, 235, 135, 247, 215, 189, 27, 51, 140, 153, 74, 164, 117, 19, 160, 133, 115, 198, 86, 1, 30, 21, 34, 127, 168, 147, 133, 97, 125, 40, 216, 35, 139, 230, 246, 245, 69, 181, 1, 168, 175, 1, 45, 233, 157, 17, 105, 197, 49, 152, 10, 98, 217, 206, 126, 138, 12, 217, 151, 82, 133, 187, 2, 12, 197, 140, 237, 42, 236, 247, 45, 183, 218, 188, 138, 90, 99, 148, 92, 24, 223, 60, 180, 157, 95, 215, 226, 69, 136, 114, 186, 130, 223, 17, 122, 68, 167, 221, 55, 147, 141, 83, 24, 239, 200, 8, 229, 14, 131, 128, 43, 41, 27, 49, 22, 191, 116, 31, 89, 148, 162, 252, 36, 143, 238, 97, 150, 75, 128, 248, 49, 181, 58, 190, 30, 89, 194, 148, 173, 55, 54, 99, 158, 78, 211, 61, 191, 170, 73, 106, 190, 155, 16, 42, 142, 49, 233, 45, 251, 16, 175, 67, 106, 243, 216, 72, 41, 110, 86, 192, 117, 10, 194, 228, 227, 106, 80, 45, 126, 73, 84, 19, 40, 139, 80, 254, 246, 168, 188, 107, 221, 13, 105, 83, 59, 73, 22, 102, 9, 100, 10, 196, 84, 234, 227, 96, 200, 221, 9, 194, 212, 28, 43, 47, 26, 110, 218, 183, 157, 11, 193, 183, 41, 28, 139, 48, 120, 141, 102, 174, 27, 175, 205, 13, 255, 187, 154, 46, 112, 250, 172, 116, 239, 12, 51, 52, 201, 229, 27, 155, 155, 185, 119, 59, 7, 121, 201, 85, 230, 62, 177, 187, 25, 132, 169, 161, 122, 52, 143, 216, 76, 225, 8, 198, 39, 143, 178, 34, 138, 148, 103, 9, 84, 255, 230, 128, 79, 216, 173, 247, 125, 244, 211, 137, 37, 70, 221, 234, 165, 235, 22, 48, 168, 104, 204, 41, 118, 101, 109, 176, 79, 166, 153, 173, 5, 178, 135, 145, 107, 70, 37, 53, 145, 7, 127, 204, 12, 194, 39, 228, 187, 111, 116, 116, 55, 211, 118, 84, 143, 203, 96, 175, 209, 187, 229, 122, 10, 193, 150, 201, 183, 11, 239, 18, 64, 254, 120, 222, 29, 248, 211, 91, 34, 161, 61, 153, 30, 156, 240, 236, 112, 142, 86, 169, 173, 225, 230, 115, 254, 110, 243, 169, 250, 249, 166, 132, 65, 222, 242, 63, 20, 188, 186, 115, 251, 91, 33, 99, 85, 170, 123, 140, 239, 112, 204, 151, 116, 141, 36, 101, 167, 174, 254, 235, 19, 201, 32, 65, 55, 21, 160, 119, 44, 160, 7, 168, 217, 146, 158, 252, 142, 58, 194, 163, 60, 8, 8, 58, 0, 139, 113, 32, 82, 80, 179, 241, 200, 47, 190, 63, 28, 215, 72, 92, 1, 144, 144, 128, 0, 4, 187, 230, 2, 99, 255, 15, 54, 47, 44, 26, 61, 84, 151, 38, 15, 226, 180, 28, 215, 255, 17, 70, 28, 198, 48, 2, 47, 153, 174, 126, 75, 29, 23, 204, 166, 5, 132, 67, 209, 134, 154, 201, 217, 49, 60, 246, 83, 194, 244, 252, 15, 231, 62, 250, 246, 190, 103, 209, 4, 163, 121, 211, 173, 91, 181, 79, 90, 204, 101, 67, 93, 77, 31, 11, 240, 207, 233, 65, 254, 161, 108, 102, 252, 196, 229, 5, 28, 252, 158, 10, 24, 128, 63, 191, 225, 172, 186, 127, 94, 247, 232, 124, 29, 99, 255, 218, 199, 185, 241, 93, 171, 120, 209, 51, 156, 144, 243, 134, 181, 84, 153, 33, 20, 134, 244, 55, 99, 106, 91, 16, 248, 197, 234, 199, 8, 160, 135, 255, 240, 73, 237, 227, 238, 90, 191, 105, 202, 111, 243, 167, 39, 106, 14, 8, 6, 84, 3, 176, 112, 77, 234, 22, 31, 119, 183, 16, 226, 22, 162, 40, 215, 138, 245, 208, 87, 144, 180, 91, 98, 169, 39, 180, 123, 229, 218, 128, 25, 79, 79, 177, 192, 126, 186, 192, 160, 164, 160, 62, 105, 176, 104, 22, 132, 186, 95, 152, 65, 205, 230, 190, 225, 9, 199, 119, 115, 95, 69, 206, 33, 192, 219, 97, 100, 72, 242, 163, 114, 201, 45, 7, 173, 156, 137, 96, 71, 71, 93, 214, 5, 27, 23, 219, 247, 83, 184, 171, 232, 134, 143, 2, 44, 214, 125, 98, 159, 188, 70, 30, 157, 249, 162, 170, 221, 150, 215, 190, 141, 87, 92, 250, 122, 252, 221, 18, 219, 248, 135, 49, 24, 234, 141, 220, 33, 255, 75, 73, 90, 254, 172, 237, 116, 231, 51, 147, 32, 175, 254, 117, 142, 105, 119, 149, 13, 142, 114, 22, 26, 107, 37, 22, 5, 49, 25, 24, 21, 77, 3, 79, 102, 225, 141, 106, 0, 37, 16, 150, 148, 166, 20, 71, 140, 238, 22, 22, 26, 1, 223, 3, 143, 235, 244, 13, 136, 181, 153, 48, 11, 251, 19, 35, 120, 55, 173, 57, 151, 126, 46, 160, 95, 176, 48, 108, 131, 49, 181, 239, 201, 131, 83, 112, 231, 97, 35, 77, 122, 134, 37, 205, 31, 46, 11, 117, 154, 123, 202, 31, 233, 213, 234, 65, 101, 228, 82, 123, 67, 255, 123, 234, 106, 234, 0, 168, 211, 165, 95, 119, 98, 233, 131, 217, 16, 99, 146, 217, 113, 191, 63, 185, 218, 232, 233, 80, 86, 57, 67, 199, 90, 106, 157, 91, 21, 132, 194, 188, 105, 99, 30, 162, 204, 50, 7, 181, 45, 89, 55, 232, 247, 245, 193, 234, 225, 205, 172, 54, 246, 79, 107, 185, 234, 73, 212, 101, 78, 185, 73, 81, 192, 190, 72, 220, 59, 163, 163, 26, 27, 40, 26, 213, 37, 240, 135, 144, 174, 203, 169, 91, 30, 118, 104, 153, 140, 38, 133, 220, 187, 226, 73, 60, 58, 220, 67, 101, 165, 152, 222, 92, 3, 136, 109, 246, 138, 112, 61, 79, 34, 41, 27, 64, 62, 74, 61, 51, 137, 120, 14, 238, 95, 206, 17, 212, 149, 19, 148, 165, 7, 58, 48, 103, 46, 193, 124, 58, 217, 205, 223, 216, 84, 152, 233, 53, 15, 69, 67, 51, 193, 36, 218, 238, 67, 73, 153, 122, 7, 212, 252, 244, 97, 137, 196, 191, 28, 65, 180, 19, 164, 83, 212, 81, 127, 21, 132, 46, 228, 162, 197, 113, 64, 8, 68, 43, 12, 46, 243, 236, 33, 95, 200, 246, 120, 39, 72, 109, 27, 143, 7, 220, 57, 241, 67, 3, 149, 22, 81, 55, 158, 229, 6, 225, 70, 144, 106, 2, 88, 65, 77, 177, 138, 187, 5, 40, 17, 195, 237, 205, 2, 220, 167, 75, 240, 146, 30, 9, 46, 59, 90, 173, 187, 233, 218, 187, 46, 91, 108, 63, 114, 26, 54, 205, 111, 25, 207, 112, 212, 133, 17, 127, 26, 207, 154, 125, 202, 176, 234, 193, 189, 228, 46, 36, 122, 186, 121, 86, 87, 93, 27, 6, 204, 196, 169, 199, 1, 36, 47, 27, 101, 131, 225, 0, 41, 26, 77, 240, 88, 27, 124, 128, 20, 61, 78, 122, 49, 225, 14, 128, 208, 236, 19, 250, 53, 52, 35, 94, 153, 66, 213, 185, 87, 138, 240, 110, 25, 75, 133, 181, 119, 189, 102, 146, 57, 94, 79, 6, 25, 174, 140, 116, 223, 21, 217, 186, 97, 214, 60, 98, 1, 226, 241, 127, 160, 39, 94, 6, 39, 153, 65, 175, 90, 197, 221, 117, 142, 95, 241, 6, 19, 100, 132, 22, 202, 50, 174, 185, 194, 118, 141, 193, 32, 107, 220, 119, 23, 212, 119, 3, 29, 150, 200, 187, 30, 182, 173, 176, 149, 244, 239, 83, 200, 148, 54, 6, 16, 66, 217, 4, 77, 249, 128, 237, 71, 25, 96, 70, 192, 47, 87, 78, 21, 183, 4, 186, 119, 146, 167, 177, 244, 106, 226, 204, 204, 178, 78, 48, 170, 248, 198, 175, 49, 52, 68, 89, 50, 76, 209, 66, 135, 232, 64, 0, 43, 16, 44, 70, 69, 83, 237, 103, 185, 55, 70, 158, 199, 107, 107, 151, 247, 151, 126, 48, 232, 33, 238, 222, 82, 42, 201, 159, 124, 238, 85, 23, 39, 63, 8, 73, 162, 169, 39, 136, 143, 18, 128, 230, 247, 100, 173, 55, 95, 209, 94, 189, 192, 244, 73, 24, 222, 152, 221, 174, 43, 70, 50, 27, 41, 238, 111, 101, 36, 103, 0, 182, 101, 53, 79, 186, 52, 116, 203, 184, 99, 248, 254, 79, 151, 215, 187, 239, 153, 234, 243, 250, 17, 101, 54, 11, 15, 178, 129, 153, 221, 32, 165, 214, 49, 215, 103, 124, 205, 26, 95, 234, 179, 93, 43, 66, 250, 85, 68, 138, 39, 46, 91, 183, 210, 135, 62, 125, 46, 102, 134, 121, 180, 238, 214, 162, 111, 35, 9, 221, 100, 214, 187, 229, 74, 61, 41, 12, 67, 138, 88, 81, 50, 51, 131, 184, 108, 106, 248, 19, 35, 40, 21, 55, 157, 252, 200, 141, 55, 242, 202, 209, 44, 200, 93, 37, 249, 30, 29, 86, 61, 81, 220, 87, 101, 236, 155, 218, 219, 88, 14, 9, 27, 236, 163, 152, 169, 117, 107, 47, 76, 147, 130, 34, 117, 141, 58, 52, 116, 129, 161, 168, 131, 143, 249, 160, 121, 59, 77, 191, 169, 196, 55, 127, 35, 119, 165, 236, 52, 209, 132, 226, 13, 191, 106, 55, 184, 123, 83, 204, 7, 125, 146, 244, 106, 93, 13, 59, 224, 155, 170, 45, 254, 94, 2, 84, 35, 254, 83, 114, 53, 214, 36, 87, 53, 144, 60, 177, 42, 77, 175, 45, 215, 150, 81, 155, 7, 118, 115, 126, 25, 120, 56, 41, 46, 78, 227, 130, 23, 56, 50, 119, 148, 33, 104, 1, 221, 109, 134, 125, 65, 156, 170, 160, 60, 13, 128, 220, 191, 125, 21, 185, 41, 192, 184, 38, 77, 168, 23, 116, 28, 168, 39, 48, 166, 59, 211, 212, 177, 134, 13, 198, 25, 175, 252, 206, 5, 4, 96, 109, 98, 213, 137, 92, 88, 57, 64, 62, 168, 221, 56, 100, 17, 151, 188, 19, 145, 86, 106, 211, 151, 248, 105, 131, 129, 51, 224, 168, 240, 67, 246, 14, 227, 43, 11, 138, 21, 115, 232, 78, 187, 176, 65, 164, 1, 216, 24, 41, 147, 26, 185, 160, 135, 117, 94, 27, 39, 16, 182, 200, 103, 189, 26, 10, 217, 55, 222, 192, 25, 82, 154, 38, 10, 210, 245, 193, 32, 103, 68, 145, 225, 196, 237, 138, 147, 68, 162, 154, 120, 230, 50, 136, 132, 15, 9, 117, 81, 194, 144, 162, 134, 161, 131, 28, 69, 34, 56, 169, 22, 222, 116, 211, 215, 21, 61, 231, 203, 228, 202, 28, 228, 164, 197, 89, 178, 254, 238, 222, 184, 120, 119, 144, 57, 152, 39, 80, 161, 101, 161, 83, 33, 135, 48, 150, 254, 18, 206, 164, 14, 87, 225, 237, 98, 78, 53, 34, 226, 64, 98, 29, 55, 138, 192, 253, 31, 236, 206, 207, 139, 180, 51, 188, 27, 207, 230, 144, 229, 71, 6, 23, 132, 59, 234, 230, 240, 206, 149, 33, 124, 9, 121, 136, 10, 62, 79, 158, 220, 202, 57, 125, 82, 250, 25, 215, 44, 9, 184, 161, 15, 8, 205, 107, 179, 236, 206, 53, 121, 120, 12, 171, 142, 137, 52, 239, 122, 223, 84, 75, 217, 120, 154, 232, 160, 190, 181, 23, 27, 189, 160, 177, 93, 242, 42, 20, 134, 16, 252, 252, 96, 12, 165, 124, 174, 232, 50, 30, 32, 174, 45, 226, 19, 217, 107, 54, 202, 190, 189, 218, 25, 111, 195, 96, 16, 236, 213, 171, 146, 171, 45, 36, 199, 2, 236, 30, 170, 234, 65, 213, 136, 200, 108, 96, 17, 147, 117, 124, 219, 174, 14, 68, 29, 140, 172, 47, 192, 161, 174, 166, 185, 94, 50, 64, 162, 150, 32, 184, 162, 185, 174, 223, 175, 58, 60, 139, 63, 54, 135, 29, 225, 71, 79, 54, 29, 47, 80, 115, 36, 123, 85, 156, 105, 21, 193, 30, 241, 77, 60, 126, 187, 2, 195, 208, 35, 75, 165, 163, 76, 212, 185, 204, 252, 27, 61, 42, 24, 20, 255, 170, 137, 89, 159, 17, 68, 98, 121, 147, 136, 58, 39, 21, 72, 59, 170, 210, 126, 255, 9, 121, 10, 13, 20, 44, 49, 84, 71, 27, 42, 84, 164, 165, 189, 40, 61, 233, 131, 67, 242, 140, 227, 226, 233, 138, 127, 249, 209, 205, 225, 1, 83, 119, 17, 196, 47, 40, 236, 145, 56, 243, 42, 6, 179, 56, 122, 68, 77, 204, 80, 5, 21, 135, 226, 114, 237, 222, 58, 245, 66, 209, 163, 126, 221, 132, 47, 45, 189, 7, 198, 173, 231, 142, 34, 97, 108, 36, 29, 63, 191, 108, 60, 87, 85, 137, 254, 230, 245, 45, 146, 168, 16, 42, 69, 61, 61, 68, 191, 84, 51, 123, 119, 159, 49, 140, 20, 24, 201, 25, 40, 140, 221, 91, 79, 97, 116, 87, 215, 109, 107, 44, 72, 199, 245, 60, 93, 23, 23, 3, 105, 76, 144, 6, 139, 235, 21, 78, 23, 221, 71, 94, 159, 241, 85, 171, 179, 208, 10, 177, 160, 164, 251, 1, 242, 40, 210, 37, 86, 173, 11, 70, 133, 142, 159, 206, 61, 33, 122, 159, 36, 121, 5, 228, 217, 247, 77, 176, 173, 21, 93, 93, 27, 148, 20, 148, 230, 17, 150, 229, 59, 47, 3, 54, 164, 135, 62, 7, 193, 154, 92, 248, 37, 147, 171, 220, 97, 63, 16, 203, 163, 10, 205, 84, 79, 203, 164, 129, 195, 48, 89, 201, 234, 223, 170, 154, 51, 186, 115, 49, 130, 83, 172, 120, 35, 95, 171, 34, 27, 38, 9, 174, 173, 124, 198, 99, 75, 37, 96, 226, 93, 186, 19, 32, 193, 243, 246, 180, 69, 226, 216, 123, 162, 127, 120, 222, 39, 219, 90, 194, 65, 6, 218, 96, 9, 106, 124, 145, 247, 96, 81, 205, 220, 0, 40, 1, 12, 198, 6, 247, 166, 159, 248, 127, 117, 198, 210, 122, 46, 127, 198, 85, 73, 48, 213, 108, 71, 253, 127, 20, 175, 70, 102, 174, 124, 183, 88, 29, 13, 53, 96, 90, 204, 50, 123, 234, 129, 73, 226, 194, 45, 129, 17, 174, 200, 204, 253, 186, 251, 220, 154, 32, 7, 217, 212, 226, 164, 191, 203, 50, 70, 223, 119, 64, 185, 55, 136, 158, 61, 116, 118, 62, 18, 86, 218, 62, 27, 214, 89, 55, 120, 68, 65, 132, 191, 229, 83, 156, 157, 183, 212, 249, 128, 45, 94, 86, 158, 217, 223, 228, 219, 242, 199, 228, 3, 84, 9, 225, 116, 231, 126, 128, 224, 254, 106, 91, 230, 186, 57, 62, 171, 230, 166, 93, 66, 59, 137, 239, 110, 201, 68, 250, 97, 200, 187, 90, 47, 20, 47, 185, 173, 134, 144, 71, 224, 126, 14, 140, 79, 144, 104, 250, 237, 106, 240, 192, 159, 198, 38, 185, 210, 36, 56, 139, 191, 214, 216, 164, 43, 245, 64, 46, 184, 183, 253, 174, 142, 110, 102, 255, 174, 17, 118, 247, 19, 174, 148, 108, 251, 214, 48, 181, 126, 38, 71, 14, 26, 188, 39, 126, 9, 103, 121, 176, 26, 101, 201, 77, 157, 175, 24, 100, 48, 179, 22, 64, 154, 221, 3, 121, 196, 75, 170, 181, 166, 27, 195, 199, 73, 250, 130, 62, 37, 22, 179, 225, 33, 171, 52, 25, 58, 97, 48, 196, 94, 59, 36, 11, 162, 108, 231, 99, 100, 0, 107, 82, 92, 51, 213, 67, 229, 102, 149, 105, 18, 123, 22, 149, 82, 43, 152, 54, 248, 149, 42, 137, 119, 90, 215, 84, 125, 22, 78, 204, 180, 121, 223, 225, 174, 21, 26, 162, 210, 4, 114, 143, 22, 208, 175, 231, 168, 238, 176, 46, 45, 252, 45, 102, 7, 19, 141, 81, 109, 34, 53, 205, 112, 75, 21, 55, 100, 20, 61, 179, 255, 75, 48, 209, 4, 240, 56, 248, 199, 248, 61, 232, 172, 82, 30, 32, 243, 85, 118, 204, 50, 199, 221, 163, 113, 207, 93, 216, 133, 189, 179, 214, 189, 206, 153, 74, 19, 231, 108, 82, 130, 159, 232, 39, 144, 136, 222, 38, 93, 136, 239, 207, 89, 244, 219, 186, 2, 225, 39, 41, 117, 123, 6, 13, 147, 247, 125, 139, 41, 64, 14, 83, 156, 96, 234, 36, 145, 165, 247, 76, 55, 26, 106, 130, 26, 145, 3, 238, 125, 123, 144, 120, 85, 50, 224, 167, 101, 83, 253, 186, 29, 223, 108, 184, 156, 176, 144, 150, 237, 191, 225, 245, 100, 228, 142, 205, 5, 210, 57, 223, 115, 115, 135, 177, 185, 150, 171, 165, 67, 80, 147, 138, 47, 154, 72, 221, 52, 228, 175, 179, 77, 141, 204, 66, 126, 229, 200, 65, 214, 13, 71, 32, 5, 164, 103, 73, 58, 109, 178, 205, 187, 113, 93, 22, 11, 157, 209, 22, 88, 160, 43, 151, 17, 227, 124, 168, 52, 235, 168, 103, 182, 107, 198, 92, 248, 156, 204, 149, 69, 135, 158, 31, 245, 11, 130, 159, 46, 167, 178, 78, 198, 239, 201, 142, 74, 156, 31, 253, 56, 160, 219, 156, 175, 243, 214, 6, 101, 229, 125, 27, 164, 235, 226, 20, 139, 143, 149, 175, 21, 101, 115, 158, 0, 86, 122, 245, 230, 120, 60, 204, 75, 107, 99, 82, 43, 29, 12, 159, 225, 70, 24, 11, 76, 27, 170, 11, 135, 246, 186, 222, 35, 143, 3, 128, 67, 205, 111, 87, 13, 110, 206, 80, 25, 50, 121, 173, 54, 11, 143, 92, 98, 83, 189, 208, 143, 247, 72, 149, 184, 45, 62, 44, 9, 249, 107, 166, 181, 225, 57, 160, 89, 249, 234, 120, 106, 149, 235, 220, 203, 209, 105, 85, 113, 224, 174, 120, 102, 152, 181, 167, 189, 66, 171, 31, 35, 146, 88, 187, 82, 84, 117, 174, 204, 186, 231, 239, 63, 45, 123, 155, 233, 27, 155, 114, 93, 110, 31, 85, 252, 23, 233, 205, 99, 234, 209, 166, 12, 133, 235, 154, 191, 152, 241, 22, 166, 57, 183, 77, 112, 113, 162, 72, 19, 76, 48, 162, 187, 238, 234, 99, 163, 114, 87, 207, 3, 103, 205, 19, 24, 76, 188, 56, 41, 121, 220, 220, 218, 222, 42, 38, 215, 120, 214, 5, 3, 159, 4, 83, 236, 70, 142, 243, 203, 226, 168, 222, 255, 212, 41, 124, 1, 67, 145, 168, 163, 159, 57, 206, 146, 242, 23, 232, 186, 69, 62, 141, 180, 115, 101, 45, 190, 4, 142, 191, 247, 55, 50, 34, 45, 21, 193, 31, 8, 23, 76, 142, 196, 88, 93, 242, 239, 8, 215, 251, 44, 142, 39, 50, 55, 218, 209, 205, 220, 156, 73, 194, 252, 214, 248, 168, 112, 106, 73, 30, 21, 245, 117, 114, 131, 130, 121, 149, 168, 238, 89, 218, 204, 31, 148, 84, 199, 94, 29, 252, 194, 202, 28, 162, 156, 171, 56, 19, 224, 135, 1, 238, 4, 202, 32, 127, 75, 31, 220, 53, 72, 16, 158, 197, 170, 230, 55, 102, 69, 71, 18, 150, 50, 81, 234, 191, 101, 128, 151, 216, 69, 141, 185, 168, 27, 162, 110, 22, 255, 114, 193, 236, 131, 197, 157, 213, 224, 149, 181, 95, 250, 215, 34, 171, 112, 87, 253, 98, 247, 186, 107, 105, 158, 196, 49, 72, 27, 216, 113, 37, 13, 102, 180, 4, 119, 143, 9, 222, 44, 206, 165, 242, 74, 3, 61, 160, 227, 28, 141, 5, 218, 234, 249, 144, 220, 194, 235, 51, 28, 20, 5, 223, 36, 39, 138, 57, 10, 27, 95, 249, 175, 196, 63, 253, 202, 175, 202, 5, 1, 183, 47, 84, 19, 20, 215, 70, 214, 242, 27, 147, 20, 35, 180, 239, 76, 143, 227, 248, 149, 187, 42, 218, 152, 199, 173, 114, 234, 224, 224, 196, 227, 58, 104, 202, 33, 225, 163, 90, 47, 6, 167, 250, 28, 82, 223, 51, 57, 238, 161, 255, 113, 17, 189, 175, 165, 100, 32, 65, 185, 108, 171, 248, 229, 247, 45, 57, 227, 30, 20, 48, 166, 76, 87, 72, 44, 155, 128, 156, 58, 147, 179, 124, 10, 100, 145, 157, 234, 73, 108, 225, 51, 227, 125, 15, 50, 185, 20, 159, 48, 27, 99, 94, 93, 44, 28, 123, 27, 160, 185, 183, 224, 81, 73, 30, 134, 46, 154, 168, 69, 233, 107, 169, 106, 133, 71, 206, 221, 153, 29, 173, 31, 120, 27, 89, 207, 41, 25, 102, 48, 53, 54, 178, 35, 218, 136, 252, 47, 17, 159, 251, 34, 188, 233, 40, 154, 183, 40, 28, 52, 232, 201, 86, 80, 238, 217, 44, 166, 161, 86, 227, 10, 54, 226, 61, 144, 196, 9, 13, 201, 255, 191, 32, 131, 178, 218, 189, 88, 67, 106, 136, 128, 243, 201, 215, 150, 233, 16, 234, 216, 142, 235, 1, 17, 84, 145, 3, 239, 91, 139, 12, 110, 119, 124, 62, 235, 235, 105, 35, 79, 137, 239, 121, 42, 157, 219, 25, 103, 200, 228, 149, 193, 95, 151, 194, 27, 171, 64, 28, 31, 55, 85, 152, 54, 74, 106, 241, 211, 126, 151, 194, 41, 199, 153, 186, 115, 79, 120, 88, 111, 86, 245, 82, 47, 6, 238, 57, 44, 29, 73, 158, 1, 94, 15, 255, 109, 191, 124, 18, 19, 86, 77, 200, 164, 173, 147, 122, 75, 127, 40, 120, 221, 57, 73, 44, 13, 17, 115, 162, 22, 187, 242, 14, 107, 8, 131, 227, 141, 165, 88, 124, 43, 247, 112, 217, 109, 165, 16, 227, 244, 211, 54, 215, 217, 66, 175, 187, 149, 18, 86, 30, 9, 199, 6, 231, 58, 0, 216, 68, 80, 251, 14, 174, 29, 114, 120, 63, 171, 169, 107, 195, 153, 11, 30, 170, 134, 34, 107, 53, 116, 229, 196, 63, 39, 109, 64, 31, 28, 15, 154, 38, 104, 252, 174, 116, 104, 58, 132, 222, 16, 132, 115, 159, 155, 31, 84, 126, 195, 102, 56, 215, 181, 161, 236, 217, 3, 193, 115, 80, 241, 160, 127, 37, 46, 165, 191, 118, 50, 132, 222, 230, 233, 30, 61, 96, 182, 150, 31, 230, 191, 174, 142, 118, 3, 187, 226, 135, 45, 86, 83, 245, 191, 75, 27, 102, 67, 80, 172, 65, 11, 233, 56, 4, 234, 81, 48, 225, 78, 6, 75, 185, 243, 117, 226, 166, 80, 252, 96, 175, 18, 177, 37, 35, 247, 208, 74, 131, 39, 111, 53, 55, 198, 67, 52, 65, 158, 5, 177, 63, 194, 13, 237, 215, 255, 129, 197, 103, 125, 50, 134, 206, 46, 116, 27, 228, 254, 66, 204, 17, 85, 165, 38, 130, 148, 69, 243, 253, 169, 94, 36, 60, 78, 96, 45, 28, 19, 167, 122, 36, 114, 240, 130, 218, 22, 237, 26, 69, 215, 42, 155, 100, 140, 120, 192, 149, 11, 95, 39, 143, 57, 170, 237, 52, 182, 98, 189, 72, 131, 80, 209, 131, 134, 71, 61, 106, 18, 36, 206, 132, 194, 168, 61, 159, 134, 119, 248, 164, 2, 146, 26, 15, 210, 229, 52, 68, 250, 161, 233, 67, 115, 141, 155, 33, 70, 120, 239, 83, 22, 161, 53, 6, 98, 225, 75, 76, 228, 232, 227, 100, 67, 157, 10, 187, 160, 45, 198, 42, 85, 38, 131, 79, 147, 198, 219, 132, 141, 86, 220, 176, 5, 99, 177, 244, 128, 202, 217, 6, 146, 150, 215, 20, 137, 136, 149, 3, 221, 161, 67, 240, 178, 231, 70, 237, 11, 110, 133, 120, 44, 38, 4, 14, 29, 62, 156, 127, 168, 148, 108, 50, 9, 65, 150, 142, 200, 98, 199, 191, 209, 141, 21, 168, 90, 60, 97, 224, 114, 182, 194, 210, 249, 101, 36, 231, 0, 185, 2, 206, 191, 157, 168, 58, 73, 17, 108, 96, 167, 183, 20, 115, 55, 107, 179, 155, 218, 251, 240, 6, 220, 113, 100, 217, 215, 155, 31, 70, 32, 225, 187, 48, 86, 39, 157, 195, 66, 246, 199, 86, 55, 159, 35, 29, 95, 71, 32, 136, 228, 216, 139, 85, 23, 228, 11, 42, 1, 51, 244, 1, 35, 238, 54, 236, 177, 27, 98, 120, 158, 180, 218, 118, 61, 231, 112, 98, 210, 60, 224, 30, 44, 141, 26, 90, 107, 59, 208, 236, 147, 180, 46, 119, 15, 164, 232, 91, 118, 138, 253, 163, 41, 61, 64, 167, 116, 87, 92, 207, 120, 170, 49, 121, 25, 163, 53, 99, 93, 157, 210, 58, 247, 197, 209, 229, 0, 114, 60, 252, 172, 57, 129, 215, 82, 203, 34, 253, 165, 126, 124, 189, 243, 218, 48, 210, 121, 163, 1, 135, 211, 77, 117, 22, 29, 217, 12, 236, 13, 22, 17, 200, 86, 149, 25, 105, 253, 218, 80, 179, 32, 93, 90, 164, 72, 107, 99, 37, 25, 209, 132, 36, 208, 233, 47, 96, 163, 22, 113, 217, 12, 233, 126, 229, 157, 69, 215, 98, 48, 192, 181, 52, 234, 149, 141, 228, 196, 126, 47, 76, 148, 170, 60, 173, 215, 205, 66, 231, 25, 82, 30, 15, 6, 160, 50, 228, 76, 39, 176, 206, 158, 212, 209, 134, 162, 222, 189, 75, 254, 114, 190, 155, 200, 148, 183, 66, 116, 76, 241, 2, 165, 84, 208, 111, 5, 51, 150, 239, 79, 144, 81, 131, 173, 118, 150, 1, 98, 255, 13, 140, 52, 210, 91, 97, 38, 102, 12, 131, 133, 209, 58, 99, 210, 7, 131, 153, 20, 101, 106, 10, 150, 134, 227, 138, 17, 65, 134, 238, 133, 13, 124, 161, 71, 158, 165, 63, 165, 109, 213, 170, 155, 7, 147, 228, 69, 187, 244, 54, 16, 75, 245, 116, 167, 166, 215, 243, 170, 100, 212, 83, 84, 186, 56, 48, 6, 50, 37, 231, 251, 168, 8, 17, 74, 165, 19, 240, 47, 123, 178, 177, 25, 39, 58, 42, 100, 133, 131, 58, 138, 27, 12, 180, 113, 55, 35, 150, 34, 208, 108, 131, 56, 214, 245, 141, 38, 189, 195, 153, 177, 146, 146, 60, 23, 126, 98, 95, 228, 147, 210, 140, 162, 229, 8, 91, 117, 118, 208, 64, 189, 145, 146, 153, 106, 215, 112, 140, 10, 40, 190, 204, 244, 231, 90, 20, 33, 189, 212, 135, 148, 100, 215, 152, 7, 140, 103, 241, 52, 58, 185, 88, 170, 2, 129, 141, 109, 213, 237, 64, 5, 149, 93, 155, 108, 151, 34, 94, 20, 163, 239, 207, 114, 254, 88, 217, 77, 110, 180, 120, 69, 186, 134, 154, 253, 209, 221, 139, 29, 172, 195, 15, 121, 101, 196, 68, 185, 6, 106, 35, 8, 221, 15, 148, 149, 9, 69, 232, 236, 95, 153, 215, 74, 188, 47, 239, 83, 180, 204, 103, 113, 47, 150, 53, 72, 56, 131, 93, 96, 103, 32, 157, 42, 230, 37, 98, 15, 133, 81, 159, 150, 180, 81, 5, 110, 231, 80, 151, 221, 254, 179, 77, 48, 171, 237, 86, 173, 117, 68, 151, 244, 17, 183, 17, 40, 49, 69, 219, 253, 117, 192, 127, 16, 144, 90, 61, 67, 91, 40, 135, 193, 129, 44, 63, 145, 253, 156, 90, 129, 119, 194, 162, 32, 50, 181, 79, 8, 187, 211, 114, 116, 117, 182, 211, 19, 6, 242, 128, 87, 21, 49, 230, 202, 72, 170, 54, 249, 7, 255, 139, 227, 21, 111, 83, 242, 3, 38, 201, 17, 242, 63, 32, 242, 248, 223, 98, 253, 73, 137, 18, 29, 126, 213, 24, 120, 68, 34, 27, 119, 162, 1, 19, 163, 172, 153, 211, 163, 175, 2, 106, 31, 108, 45, 151, 57, 90, 59, 199, 147, 73, 57, 50, 219, 226, 161, 144, 171, 175, 113, 118, 141, 82, 204, 83, 116, 129, 218, 30, 14, 244, 146, 168, 3, 47, 33, 121, 128, 53, 116, 165, 195, 225, 42, 190, 254, 209, 232, 241, 228, 155, 4, 175, 54, 244, 239, 97, 94, 129, 48, 12, 34, 17, 227, 142, 24, 95, 123, 135, 80, 181, 102, 82, 54, 71, 211, 219, 74, 231, 90, 157, 200, 7, 110, 229, 186, 69, 38, 91, 193, 53, 24, 232, 225, 65, 110, 108, 46, 105, 223, 106, 200, 193, 17, 173, 241, 156, 117, 246, 84, 129, 164, 150, 213, 6, 198, 226, 57, 123, 93, 112, 72, 213, 177, 232, 188, 214, 109, 182, 42, 143, 71, 209, 141, 221, 248, 33, 248, 217, 135, 58, 82, 33, 105, 7, 233, 215, 90, 210, 233, 136, 33, 216, 64, 47, 149, 147, 149, 166, 155, 100, 1, 51, 254, 140, 199, 248, 151, 144, 49, 187, 128, 230, 118, 27, 133, 77, 67, 194, 161, 224, 89, 20, 140, 91, 195, 150, 215, 192, 152, 13, 80, 81, 43, 1, 13, 74, 49, 83, 68, 170, 83, 18, 145, 58, 61, 45, 174, 233, 136, 19, 89, 159, 96, 59, 235, 130, 65, 22, 180, 134, 240, 36, 5, 91, 18, 103, 107, 168, 84, 230, 215, 239, 140, 186, 16, 29, 169, 196, 238, 175, 229, 58, 129, 15, 159, 3, 23, 159, 96, 69, 218, 103, 22, 147, 167, 172, 14, 67, 30, 49, 64, 146, 220, 77, 32, 8, 123, 168, 243, 236, 232, 194, 122, 105, 151, 168, 59, 85, 92, 62, 140, 248, 6, 165, 158, 132, 234, 57, 3, 145, 178, 110, 172, 196, 155, 49, 159, 255, 158, 137, 125, 141, 137, 13, 36, 243, 236, 84, 59, 33, 9, 163, 114, 188, 43, 1, 121, 117, 43, 36, 8, 110, 178, 155, 68, 158, 174, 213, 206, 221, 226, 76, 38, 154, 105, 46, 161, 59, 198, 6, 230, 4, 44, 73, 155, 74, 135, 198, 30, 195, 217, 172, 18, 117, 186, 179, 142, 198, 229, 144, 36, 253, 103, 68, 211, 245, 14, 172, 154, 109, 37, 176, 159, 128, 234, 21, 193, 17, 139, 131, 187, 187, 83, 117, 21, 49, 32, 203, 231, 163, 169, 98, 240, 56, 208, 119, 61, 66, 230, 220, 50, 103, 125, 28, 65, 148, 115, 177, 144, 230, 61, 83, 78, 149, 92, 190, 38, 16, 89, 6, 154, 250, 144, 213, 252, 220, 68, 109, 79, 39, 58, 110, 177, 208, 55, 59, 83, 178, 244, 236, 220, 157, 134, 145, 15, 145, 204, 17, 41, 43, 101, 202, 164, 39, 233, 24, 75, 243, 241, 77, 211, 97, 101, 194, 94, 149, 250, 209, 212, 25, 99, 246, 88, 119, 10, 195, 7, 62, 175, 219, 22, 47, 199, 69, 156, 117, 185, 117, 215, 25, 190, 66, 181, 15, 165, 138, 120, 207, 133, 40, 171, 191, 83, 100, 125, 216, 85, 55, 234, 80, 15, 134, 20, 111, 253, 98, 144, 237, 209, 99, 57, 205, 110, 161, 121, 88, 103, 176, 29, 149, 104, 54, 28, 78, 59, 77, 107, 216, 20, 33, 166, 133, 202, 191, 30, 232, 134, 24, 177, 49, 54, 147, 19, 25, 107, 55, 0, 197, 218, 161, 38, 39, 31, 75, 106, 227, 71, 100, 87, 139, 134, 51, 178, 159, 251, 89, 22, 190, 192, 154, 96, 234, 185, 92, 254, 29, 176, 113, 217, 34, 86, 248, 26, 173, 34, 80, 255, 245, 169, 49, 117, 87, 175, 180, 165, 187, 111, 250, 35, 34, 243, 62, 91, 225, 251, 60, 212, 168, 72, 25, 38, 108, 102, 124, 69, 8, 66, 128, 49, 121, 201, 78, 204, 30, 86, 170, 184, 126, 89, 220, 41, 119, 203, 22, 201, 98, 198, 4, 119, 184, 107, 187, 175, 56, 12, 203, 139, 182, 233, 120, 116, 80, 254, 35, 67, 190, 186, 46, 191, 108, 100, 195, 3, 1, 125, 182, 148, 2, 126, 175, 187, 91, 188, 177, 133, 64, 109, 116, 166, 73, 92, 193, 149, 37, 117, 206, 102, 190, 114, 55, 253, 158, 236, 96, 43, 253, 83, 33, 235, 32, 231, 165, 225, 135, 24, 142, 8, 27, 190, 179, 159, 162, 244, 117, 159, 238, 255, 147, 96, 191, 33, 68, 211, 168, 124, 114, 25, 88, 88, 10, 210, 91, 46, 235, 194, 79, 99, 243, 140, 122, 20, 238, 111, 21, 225, 254, 108, 33, 26, 205, 209, 181, 126, 158, 27, 2, 130, 148, 42, 0, 192, 6, 42, 59, 251, 203, 198, 83, 198, 154, 119, 111, 53, 124, 231, 231, 247, 35, 247, 35, 61, 234, 70, 43, 167, 120, 112, 195, 251, 92, 10, 241, 224, 196, 106, 46, 199, 237, 183, 84, 16, 198, 47, 235, 250, 44, 141, 121, 99, 71, 213, 113, 203, 234, 178, 35, 26, 94, 232, 34, 170, 56, 21, 252, 160, 177, 192, 120, 235, 129, 3, 146, 244, 243, 21, 19, 109, 140, 2, 183, 77, 44, 220, 139, 64, 227, 67, 62, 111, 238, 216, 204, 12, 182, 17, 38, 12, 93, 177, 223, 129, 65, 11, 251, 192, 54, 79, 103, 190, 200, 67, 21, 183, 187, 77, 42, 190, 79, 161, 77, 250, 192, 123, 206, 83, 191, 15, 65, 130, 41, 156, 155, 86, 6, 63, 116, 136, 123, 122, 54, 129, 138, 59, 205, 222, 89, 217, 173, 57, 234, 176, 246, 195, 220, 131, 13, 125, 95, 18, 47, 65, 197, 154, 48, 192, 14, 78, 4, 26, 223, 56, 146, 82, 29, 206, 254, 63, 114, 91, 35, 238, 219, 244, 216, 246, 127, 85, 238, 251, 86, 23, 192, 165, 127, 244, 162, 152, 215, 247, 217, 209, 25, 51, 20, 203, 136, 217, 117, 254, 142, 84, 71, 157, 104, 108, 91, 219, 18, 158, 86, 190, 227, 7, 58, 105, 38, 63, 214, 56, 194, 43, 2, 68, 145, 190, 111, 233, 27, 51, 248, 218, 128, 115, 92, 83, 127, 26, 129, 158, 86, 168, 192, 233, 156, 45, 254, 242, 175, 244, 58, 152, 51, 47, 97, 215, 229, 174, 111, 184, 158, 70, 183, 204, 60, 234, 214, 13, 152, 46, 146, 66, 197, 187, 69, 147, 3, 36, 65, 66, 162, 243, 69, 53, 69, 52, 76, 242, 9, 118, 207, 155, 73, 33, 112, 89, 26, 77, 191, 105, 236, 68, 233, 145, 109, 245, 148, 45, 141, 47, 205, 59, 4, 166, 70, 172, 165, 83, 39, 77, 117, 61, 111, 125, 90, 84, 100, 238, 43, 71, 157, 69, 245, 187, 148, 178, 149, 192, 58, 23, 87, 36, 215, 199, 148, 64, 153, 100, 231, 74, 171, 143, 66, 220, 79, 138, 96, 251, 47, 55, 122, 82, 20, 62, 240, 107, 194, 197, 178, 1, 209, 225, 105, 23, 6, 33, 224, 193, 93, 44, 186, 106, 101, 220, 200, 117, 130, 214, 103, 16, 168, 171, 222, 102, 11, 198, 219, 51, 246, 173, 19, 115, 17, 58, 216, 11, 112, 9, 244, 157, 13, 8, 74, 6, 199, 2, 74, 217, 29, 105, 224, 132, 50, 52, 112, 17, 108, 37, 72, 201, 119, 91, 28, 9, 167, 87, 8, 12, 203, 210, 153, 44, 197, 34, 234, 106, 3, 44, 22, 191, 54, 26, 90, 243, 57, 245, 229, 95, 75, 255, 233, 41, 250, 143, 208, 17, 229, 50, 214, 9, 232, 165, 115, 244, 154, 99, 154, 200, 85, 187, 53, 50, 108, 150, 180, 167, 6, 78, 21, 134, 221, 44, 223, 205, 119, 153, 221, 119, 93, 61, 21, 15, 117, 34, 128, 63, 121, 28, 109, 231, 154, 224, 228, 31, 181, 132, 170, 78, 88, 73, 78, 63, 89, 107, 252, 38, 27, 0, 196, 145, 7, 98, 66, 33, 194, 212, 21, 156, 6, 24, 219, 79, 84, 96, 247, 99, 71, 23, 217, 143, 160, 236, 68, 85, 174, 36, 228, 69, 208, 69, 32, 67, 146, 151, 184, 20, 249, 65, 147, 3, 141, 100, 79, 252, 142, 15, 14, 151, 105, 162, 105, 110, 123, 244, 188, 154, 24, 35, 221, 130, 166, 192, 30, 114, 205, 103, 12, 25, 77, 215, 116, 34, 72, 115, 136, 52, 161, 250, 176, 193, 130, 215, 218, 79, 193, 236, 29, 35, 208, 150, 167, 86, 17, 55, 12, 114, 243, 86, 2, 45, 86, 181, 170, 195, 202, 229, 17, 253, 220, 82, 158, 83, 78, 74, 152, 122, 200, 21, 49, 140, 28, 70, 101, 89, 67, 205, 147, 209, 84, 78, 235, 2, 208, 229, 63, 107, 108, 63, 238, 117, 117, 143, 68, 156, 39, 116, 130, 59, 182, 41, 208, 49, 60, 211, 105, 140, 145, 29, 7, 135, 79, 181, 188, 2, 234, 238, 148, 214, 246, 13, 241, 232, 196, 244, 54, 175, 11, 16, 79, 171, 101, 214, 208, 171, 71, 95, 73, 19, 82, 252, 142, 236, 16, 160, 150, 24, 84, 55, 108, 79, 158, 54, 203, 155, 98, 108, 172, 232, 163, 130, 172, 194, 14, 119, 164, 61, 64, 217, 175, 113, 57, 79, 125, 124, 8, 247, 88, 29, 212, 13, 254, 49, 149, 56, 7, 201, 131, 232, 223, 80, 160, 54, 202, 169, 25, 202, 229, 22, 11, 149, 181, 180, 39, 128, 51, 83, 5, 14, 158, 10, 194, 135, 79, 240, 72, 35, 186, 142, 204, 72, 86, 137, 67, 102, 67, 37, 188, 105, 136, 248, 200, 131, 120, 249, 33, 42, 92, 108, 100, 204, 144, 44, 28, 115, 204, 254, 30, 104, 202, 251, 129, 15, 131, 162, 153, 173, 62, 34, 186, 138, 21, 106, 107, 175, 222, 55, 209, 240, 252, 106, 204, 0, 213, 14, 39, 190, 4, 255, 245, 159, 52, 79, 101, 68, 232, 43, 192, 190, 52, 210, 53, 48, 42, 174, 204, 245, 81, 129, 133, 62, 214, 188, 95, 6, 227, 5, 151, 105, 147, 223, 168, 250, 126, 21, 220, 201, 50, 125, 89, 194, 106, 25, 238, 253, 60, 211, 136, 194, 93, 36, 134, 63, 162, 0, 241, 247, 109, 7, 202, 29, 51, 176, 228, 81, 209, 229, 186, 196, 12, 20, 35, 118, 59, 241, 104, 197, 136, 114, 181, 19, 15, 102, 207, 51, 28, 67, 53, 251, 138, 37, 74, 222, 25, 94, 183, 109, 226, 44, 238, 138, 108, 224, 20, 210, 239, 173, 38, 135, 168, 0, 178, 21, 110, 239, 188, 94, 57, 208, 220, 164, 40, 35, 109, 67, 36, 108, 193, 238, 58, 66, 237, 167, 99, 224, 108, 137, 9, 27, 39, 61, 4, 242, 55, 59, 111, 21, 1, 189, 71, 93, 198, 117, 193, 4, 42, 108, 127, 23, 148, 215, 117, 188, 111, 156, 202, 144, 134, 12, 93, 32, 127, 122, 48, 136, 238, 185, 116, 115, 55, 61, 38, 61, 126, 193, 0, 42, 242, 3, 126, 51, 70, 232, 202, 180, 11, 100, 225, 220, 212, 168, 73, 165, 120, 151, 63, 190, 218, 83, 212, 169, 102, 231, 221, 100, 76, 128, 197, 11, 46, 178, 89, 112, 152, 54, 129, 164, 230, 205, 94, 227, 117, 154, 148, 238, 33, 230, 153, 215, 86, 185, 226, 96, 6, 110, 97, 116, 111, 217, 35, 3, 75, 24, 10, 25, 16, 252, 252, 89, 16, 108, 13, 244, 216, 40, 246, 58, 242, 54, 2, 92, 209, 255, 227, 49, 191, 168, 233, 104, 91, 111, 87, 19, 239, 10, 182, 226, 219, 106, 114, 199, 236, 20, 14, 179, 186, 128, 5, 184, 122, 54, 109, 146, 55, 155, 101, 170, 121, 98, 208, 80, 248, 112, 164, 21, 64, 12, 235, 65, 19, 15, 87, 193, 98, 76, 58, 86, 171, 70, 85, 89, 183, 210, 190, 205, 193, 249, 175, 180, 26, 86, 168, 210, 167, 220, 117, 2, 0, 201, 94, 216, 172, 40, 116, 84, 148, 133, 190, 160, 22, 61, 207, 180, 88, 93, 138, 47, 143, 110, 37, 76, 48, 25, 231, 3, 56, 252, 127, 7, 137, 81, 108, 211, 241, 248, 30, 247, 222, 60, 100, 228, 23, 24, 59, 115, 77, 140, 6, 160, 86, 158, 71, 137, 75, 116, 203, 96, 21, 18, 201, 48, 5, 167, 157, 229, 238, 144, 236, 178, 224, 135, 172, 165, 86, 141, 18, 84, 143, 153, 227, 176, 41, 157, 101, 99, 37, 128, 217, 174, 115, 253, 211, 37, 142, 134, 103, 31, 126, 33, 173, 125, 247, 172, 0, 5, 240, 143, 207, 105, 63, 39, 143, 157, 174, 72, 98, 76, 240, 170, 31, 73, 26, 184, 102, 33, 236, 155, 175, 222, 225, 15, 113, 73, 85, 88, 214, 205, 133, 6, 151, 147, 244, 152, 19, 9, 201, 232, 186, 60, 201, 149, 254, 204, 74, 255, 120, 25, 53, 31, 247, 45, 133, 42, 169, 198, 174, 120, 197, 201, 188, 186, 100, 40, 143, 225, 1, 245, 65, 210, 255, 185, 11, 159, 214, 31, 142, 251, 65, 16, 96, 57, 140, 61, 118, 81, 49, 199, 84, 56, 100, 61, 21, 16, 8, 99, 133, 28, 19, 162, 70, 224, 122, 97, 214, 18, 67, 97, 131, 94, 94, 17, 239, 55, 119, 213, 138, 100, 81, 84, 53, 253, 76, 12, 244, 252, 38, 71, 107, 64, 148, 61, 240, 225, 65, 44, 217, 192, 100, 86, 16, 212, 36, 19, 150, 232, 3, 119, 250, 32, 255, 112, 116, 88, 215, 124, 255, 204, 246, 7, 182, 228, 225, 87, 99, 22, 118, 255, 239, 64, 163, 103, 120, 16, 218, 12, 151, 126, 199, 149, 195, 185, 88, 36, 49, 17, 236, 126, 10, 7, 110, 255, 233, 54, 83, 197, 40, 120, 21, 200, 212, 75, 225, 5, 99, 57, 128, 6, 118, 198, 67, 31, 204, 22, 93, 90, 75, 59, 120, 142, 101, 224, 196, 9, 147, 181, 205, 90, 87, 98, 1, 169, 248, 117, 102, 225, 255, 205, 55, 28, 239, 32, 69, 149, 127, 169, 56, 247, 192, 105, 66, 54, 15, 123, 104, 144, 75, 202, 5, 197, 191, 153, 39, 81, 41, 78, 137, 235, 79, 19, 196, 7, 111, 15, 150, 77, 254, 229, 134, 77, 113, 76, 230, 21, 52, 105, 107, 33, 251, 252, 253, 192, 207, 107, 9, 202, 202, 31, 242, 225, 138, 227, 92, 30, 79, 152, 34, 4, 117, 121, 182, 139, 202, 52, 82, 224, 250, 235, 8, 39, 237, 66, 87, 121, 22, 105, 10, 120, 173, 105, 108, 78, 56, 87, 136, 7, 193, 107, 106, 125, 8, 9, 186, 217, 63, 12, 248, 119, 133, 235, 180, 163, 47, 1, 0, 117, 120, 67, 250, 40, 222, 150, 7, 139, 163, 187, 106, 34, 233, 42, 204, 214, 156, 102, 74, 199, 124, 133, 117, 217, 140, 198, 215, 1, 121, 142, 152, 32, 59, 140, 48, 246, 175, 3, 233, 83, 178, 40, 3, 11, 170, 229, 187, 231, 242, 230, 83, 47, 125, 248, 19, 218, 246, 114, 222, 19, 241, 9, 241, 136, 45, 159, 56, 209, 130, 203, 11, 177, 205, 78, 163, 38, 65, 234, 184, 24, 145, 98, 60, 14, 253, 82, 234, 23, 58, 123, 6, 59, 242, 232, 21, 11, 134, 229, 252, 112, 94, 44, 145, 82, 205, 202, 180, 27, 63, 13, 58, 24, 206, 137, 185, 206, 8, 118, 205, 80, 133, 130, 13, 233, 149, 200, 101, 172, 113, 87, 37, 133, 150, 169, 151, 12, 129, 125, 118, 34, 52, 109, 113, 208, 253, 174, 211, 125, 126, 86, 127, 17, 227, 241, 142, 29, 248, 33, 13, 222, 104, 155, 161, 151, 126, 57, 116, 179, 102, 151, 17, 32, 175, 229, 173, 154, 76, 149, 192, 95, 114, 110, 193, 107, 116, 214, 124, 236, 213, 97, 220, 165, 24, 159, 140, 24, 240, 17, 90, 6, 254, 199, 210, 24, 145, 152, 63, 183, 51, 61, 157, 109, 53, 213, 183, 2, 114, 225, 149, 1, 72, 10, 181, 168, 62, 37, 103, 174, 105, 185, 75, 35, 250, 4, 214, 39, 166, 218, 143, 27, 137, 25, 187, 183, 177, 99, 56, 13, 143, 163, 248, 251, 94, 104, 48, 37, 192, 68, 11, 54, 129, 210, 34, 113, 175, 76, 207, 31, 170, 175, 255, 28, 161, 66, 19, 239, 173, 91, 21, 56, 101, 164, 177, 87, 72, 53, 108, 87, 99, 105, 163, 22, 44, 218, 206, 220, 155, 108, 197, 41, 70, 77, 149, 70, 130, 227, 240, 163, 169, 115, 131, 16, 150, 42, 221, 252, 19, 54, 178, 83, 130, 22, 116, 0, 72, 74, 136, 58, 253, 189, 200, 34, 128, 225, 84, 104, 165, 176, 200, 217, 25, 89, 140, 157, 21, 46, 159, 135, 247, 18, 174, 242, 218, 206, 194, 166, 159, 183, 146, 34, 198, 115, 45, 21, 203, 12, 40, 108, 62, 93, 222, 97, 111, 182, 71, 83, 47, 72, 90, 85, 131, 237, 127, 37, 111, 147, 48, 103, 0, 239, 26, 40, 72, 29, 125, 3, 104, 45, 31, 223, 83, 3, 12, 86, 238, 23, 113, 14, 113, 224, 168, 181, 217, 9, 214, 4, 198, 211, 249, 47, 11, 66, 125, 121, 134, 128, 238, 47, 88, 13, 105, 68, 240, 73, 57, 61, 16, 245, 242, 57, 109, 201, 22, 57, 147, 207, 103, 56, 35, 121, 173, 38, 226, 55, 155, 143, 202, 82, 154, 41, 34, 4, 2, 93, 45, 67, 111, 148, 174, 248, 246, 39, 126, 78, 82, 116, 206, 111, 138, 75, 47, 148, 16, 249, 47, 211, 81, 209, 78, 18, 191, 20, 78, 170, 244, 84, 190, 160, 28, 73, 198, 222, 106, 183, 36, 164, 128, 21, 167, 64, 100, 221, 83, 2, 160, 155, 237, 117, 178, 203, 247, 58, 178, 33, 207, 15, 145, 85, 70, 11, 145, 169, 236, 249, 224, 132, 47, 210, 65, 120, 186, 97, 223, 44, 242, 208, 62, 121, 160, 234, 111, 93, 35, 78, 163, 13, 157, 212, 11, 14, 160, 105, 175, 63, 172, 59, 97, 180, 236, 232, 220, 13, 63, 174, 114, 5, 198, 41, 31, 132, 33, 107, 223, 103, 168, 211, 158, 1, 156, 237, 15, 181, 169, 194, 251, 144, 89, 235, 247, 160, 6, 35, 103, 155, 224, 254, 110, 208, 197, 1, 197, 98, 20, 107, 11, 207, 69, 97, 210, 8, 135, 242, 164, 80, 252, 146, 40, 12, 182, 70, 134, 208, 164, 169, 220, 21, 132, 31, 32, 112, 170, 168, 192, 84, 23, 233, 219, 56, 25, 43, 205, 10, 212, 143, 228, 92, 227, 151, 14, 13, 67, 152, 103, 157, 194, 139, 185, 61, 65, 149, 156, 130, 176, 19, 53, 113, 175, 225, 45, 167, 99, 111, 160, 29, 216, 238, 58, 101, 91, 1, 118, 80, 235, 18, 58, 217, 194, 194, 173, 57, 94, 213, 86, 249, 246, 98, 169, 205, 214, 169, 71, 127, 228, 163, 165, 5, 149, 254, 13, 23, 131, 114, 47, 141, 92, 236, 191, 14, 185, 253, 173, 144, 52, 125, 246, 37, 230, 60, 3, 21, 121, 72, 214, 17, 153, 141, 31, 20, 160, 83, 145, 26, 161, 203, 113, 20, 88, 111, 99, 151, 201, 127, 38, 112, 20, 190, 116, 152, 165, 199, 137, 68, 235, 154, 221, 13, 159, 187, 228, 19, 68, 199, 246, 204, 237, 226, 51, 116, 193, 1, 50, 20, 75, 45, 129, 197, 26, 222, 43, 106, 50, 211, 81, 33, 170, 4, 46, 109, 225, 17, 200, 7, 161, 220, 97, 16, 140, 151, 18, 93, 160, 235, 142, 155, 93, 89, 200, 112, 227, 113, 50, 35, 58, 203, 28, 50, 239, 39, 201, 42, 29, 111, 253, 10, 247, 85, 182, 44, 110, 237, 79, 136, 109, 211, 151, 157, 233, 142, 9, 130, 179, 104, 227, 238, 115, 169, 225, 227, 73, 131, 133, 162, 134, 98, 56, 36, 99, 221, 218, 212, 84, 103, 229, 55, 176, 234, 2, 42, 188, 168, 168, 91, 243, 129, 228, 32, 71, 194, 148, 213, 65, 233, 106, 212, 19, 152, 110, 5, 53, 42, 52, 124, 105, 94, 99, 125, 234, 22, 74, 195, 248, 181, 139, 106, 205, 164, 15, 189, 153, 92, 58, 180, 248, 147, 133, 23, 64, 203, 23, 1, 222, 176, 1, 55, 36, 204, 15, 94, 227, 38, 64, 79, 55, 228, 133, 235, 81, 43, 92, 95, 191, 47, 170, 36, 26, 242, 120, 182, 67, 133, 144, 12, 175, 109, 210, 126, 76, 132, 242, 23, 147, 137, 34, 202, 45, 142, 72, 247, 32, 247, 189, 126, 204, 176, 170, 57, 160, 233, 100, 107, 143, 68, 4, 12, 156, 67, 179, 131, 229, 127, 199, 195, 40, 152, 93, 88, 97, 162, 162, 125, 68, 194, 10, 143, 58, 230, 99, 247, 125, 145, 237, 112, 210, 19, 252, 4, 215, 249, 80, 59, 201, 205, 106, 138, 95, 182, 41, 64, 184, 29, 155, 167, 175, 82, 173, 72, 76, 116, 4, 243, 71, 96, 242, 157, 142, 90, 199, 15, 89, 237, 235, 97, 69, 132, 82, 129, 173, 211, 141, 4, 163, 189, 213, 202, 242, 4, 15, 46, 178, 5, 221, 182, 107, 113, 85, 91, 171, 165, 65, 15, 170, 49, 98, 194, 165, 78, 93, 4, 12, 18, 132, 193, 91, 251, 30, 24, 253, 15, 242, 79, 248, 134, 30, 244, 58, 139, 128, 40, 206, 187, 22, 11, 97, 86, 77, 189, 116, 215, 75, 134, 246, 191, 139, 97, 240, 241, 78, 84, 173, 210, 165, 213, 190, 228, 91, 2, 14, 196, 195, 64, 30, 73, 123, 14, 233, 162, 80, 53, 30, 163, 164, 194, 210, 123, 243, 57, 15, 106, 29, 119, 132, 107, 208, 113, 153, 215, 239, 244, 134, 107, 150, 37, 132, 101, 182, 3, 186, 93, 16, 132, 228, 64, 129, 91, 57, 88, 49, 126, 192, 83, 183, 107, 23, 135, 5, 253, 137, 31, 174, 86, 7, 114, 160, 160, 137, 99, 95, 10, 51, 183, 43, 250, 6, 118, 245, 21, 209, 168, 209, 144, 20, 227, 83, 142, 88, 66, 194, 218, 198, 0, 134, 198, 111, 188, 183, 214, 247, 154, 133, 10, 132, 177, 147, 132, 129, 77, 6, 254, 73, 54, 195, 228, 137, 35, 242, 124, 34, 101, 136, 211, 148, 70, 109, 83, 224, 252, 100, 42, 217, 1, 17, 14, 249, 93, 56, 198, 76, 88, 79, 72, 37, 65, 235, 248, 157, 30, 35, 82, 250, 193, 214, 190, 232, 218, 206, 118, 61, 6, 131, 144, 171, 3, 135, 36, 32, 52, 195, 189, 87, 209, 28, 5, 149, 5, 110, 143, 93, 43, 107, 20, 79, 140, 57, 213, 230, 167, 32, 186, 171, 36, 142, 161, 41, 186, 38, 6, 119, 39, 243, 103, 45, 59, 117, 222, 171, 152, 38, 212, 33, 44, 220, 149, 214, 29, 84, 63, 184, 47, 150, 228, 134, 179, 89, 96, 208, 218, 254, 9, 159, 41, 221, 171, 214, 195, 245, 125, 4, 110, 232, 157, 84, 152, 100, 118, 106, 231, 131, 162, 239, 150, 252, 146, 157, 118, 179, 239, 178, 0, 243, 2, 83, 19, 212, 88, 116, 95, 59, 112, 42, 183, 166, 114, 9, 177, 95, 99, 103, 245, 217, 94, 225, 51, 209, 72, 48, 183, 19, 115, 1, 96, 45, 13, 42, 43, 18, 230, 65, 226, 198, 255, 36, 228, 223, 41, 162, 25, 70, 130, 177, 184, 55, 107, 187, 189, 188, 228, 225, 140, 36, 121, 244, 159, 196, 19, 151, 64, 135, 209, 105, 7, 95, 125, 188, 43, 160, 148, 160, 107, 100, 72, 37, 70, 85, 52, 254, 14, 199, 89, 226, 15, 239, 252, 208, 80, 22, 13, 82, 151, 39, 47, 86, 219, 32, 197, 55, 212, 185, 106, 12, 123, 45, 243, 244, 56, 34, 79, 50, 66, 174, 86, 8, 14, 51, 114, 18, 239, 138, 45, 98, 237, 18, 163, 164, 90, 46, 26, 89, 201, 251, 119, 112, 206, 204, 94, 130, 204, 224, 144, 53, 150, 169, 37, 173, 78, 234, 202, 154, 155, 5, 26, 232, 224, 191, 178, 49, 183, 173, 72, 27, 199, 133, 208, 40, 211, 174, 136, 124, 186, 173, 206, 70, 164, 165, 55, 224, 1, 165, 76, 121, 203, 199, 42, 47, 102, 128, 132, 28, 146, 114, 43, 117, 126, 205, 105, 197, 127, 59, 108, 55, 89, 143, 127, 85, 221, 91, 34, 183, 146, 213, 109, 207, 209, 238, 16, 188, 16, 60, 124, 179, 112, 183, 100, 33, 60, 41, 68, 27, 121, 92, 163, 120, 7, 225, 92, 217, 254, 103, 237, 126, 209, 22, 36, 53, 60, 190, 8, 2, 198, 14, 159, 29, 37, 59, 113, 115, 254, 127, 183, 52, 151, 103, 94, 179, 184, 48, 202, 174, 112, 130, 152, 14, 74, 40, 122, 116, 161, 195, 4, 95, 221, 157, 100, 128, 81, 117, 157, 129, 247, 182, 234, 241, 202, 51, 132, 75, 146, 217, 180, 162, 212, 186, 170, 168, 67, 236, 242, 12, 0, 183, 47, 158, 68, 81, 43, 106, 95, 87, 230, 222, 70, 250, 215, 92, 21, 51, 203, 175, 200, 138, 142, 96, 176, 249, 124, 192, 5, 125, 207, 41, 79, 119, 35, 140, 236, 183, 44, 27, 116, 9, 48, 63, 53, 90, 254, 218, 2, 59, 21, 224, 12, 83, 34, 117, 167, 81, 2, 206, 32, 43, 232, 69, 193, 93, 43, 105, 220, 246, 190, 123, 209, 169, 76, 151, 66, 6, 70, 6, 158, 229, 147, 133, 11, 238, 84, 71, 203, 72, 151, 150, 100, 244, 99, 7, 170, 46, 25, 234, 23, 152, 129, 216, 25, 217, 142, 170, 208, 36, 58, 133, 124, 20, 21, 210, 97, 105, 194, 172, 46, 42, 47, 200, 64, 236, 142, 96, 178, 152, 11, 27, 192, 53, 135, 19, 70, 253, 130, 104, 36, 252, 214, 156, 90, 39, 178, 101, 204, 116, 35, 189, 13, 69, 149, 24, 122, 164, 165, 41, 220, 34, 19, 16, 130, 70, 66, 17, 56, 196, 47, 14, 138, 60, 239, 103, 43, 127, 134, 192, 117, 54, 200, 155, 9, 104, 246, 210, 169, 37, 28, 155, 146, 41, 17, 215, 56, 229, 229, 212, 48, 162, 89, 52, 67, 247, 85, 90, 219, 179, 19, 161, 103, 63, 52, 24, 211, 31, 123, 213, 215, 222, 28, 0, 121, 175, 36, 41, 156, 31, 55, 201, 158, 227, 232, 29, 81, 247, 154, 27, 94, 24, 233, 130, 78, 15, 203, 53, 84, 50, 214, 154, 49, 227, 136, 116, 175, 42, 39, 8, 80, 255, 77, 5, 205, 75, 95, 224, 25, 126, 156, 87, 194, 25, 105, 84, 137, 92, 26, 225, 155, 17, 111, 98, 117, 221, 110, 236, 9, 81, 35, 79, 62, 251, 68, 30, 119, 127, 199, 1, 85, 71, 38, 212, 223, 183, 79, 129, 101, 177, 16, 161, 191, 120, 68, 145, 198, 63, 176, 139, 15, 183, 27, 124, 114, 56, 45, 194, 108, 108, 17, 229, 122, 60, 119, 197, 161, 237, 23, 244, 82, 1, 146, 69, 218, 91, 8, 20, 252, 27, 76, 52, 5, 161, 4, 112, 224, 105, 243, 84, 106, 240, 44, 139, 209, 74, 186, 83, 89, 132, 154, 38, 193, 90, 166, 16, 106, 242, 200, 55, 148, 217, 77, 37, 90, 31, 23, 132, 208, 136, 216, 152, 216, 182, 129, 40, 159, 177, 202, 86, 242, 238, 66, 215, 149, 249, 32, 145, 6, 197, 29, 245, 155, 38, 90, 118, 46, 8, 44, 169, 131, 118, 23, 251, 18, 100, 199, 91, 97, 175, 76, 229, 84, 215, 220, 133, 28, 180, 27, 217, 70, 239, 181, 78, 76, 220, 71, 130, 44, 81, 22, 124, 216, 27, 217, 119, 73, 146, 92, 246, 173, 182, 157, 30, 106, 115, 43, 221, 149, 219, 142, 231, 189, 124, 41, 133, 47, 44, 121, 12, 109, 201, 28, 196, 82, 166, 30, 84, 99, 112, 6, 222, 75, 32, 215, 160, 74, 10, 81, 166, 195, 42, 152, 38, 196, 43, 125, 8, 251, 217, 228, 238, 42, 82, 46, 251, 128, 255, 120, 226, 124, 80, 168, 194, 122, 65, 108, 233, 58, 150, 214, 247, 26, 56, 152, 161, 55, 99, 39, 21, 57, 28, 55, 59, 201, 128, 6, 217, 77, 30, 109, 7, 198, 172, 132, 100, 128, 170, 57, 241, 106, 95, 155, 208, 253, 60, 156, 225, 123, 240, 91, 190, 206, 180, 25, 155, 240, 123, 46, 151, 142, 255, 240, 127, 30, 241, 78, 86, 235, 131, 171, 145, 159, 51, 142, 17, 20, 228, 25, 173, 106, 225, 50, 139, 231, 228, 192, 119, 111, 109, 0, 66, 190, 220, 148, 226, 232, 28, 106, 60, 224, 148, 30, 54, 59, 52, 253, 17, 211, 90, 222, 73, 82, 169, 206, 47, 90, 12, 69, 210, 3, 102, 7, 61, 178, 32, 203, 8, 59, 158, 124, 69, 158, 177, 20, 94, 17, 226, 160, 32, 185, 103, 8, 77, 118, 7, 2, 96, 15, 84, 17, 254, 172, 54, 6, 96, 47, 236, 221, 185, 138, 37, 58, 164, 58, 144, 222, 127, 254, 78, 210, 177, 209, 183, 223, 241, 240, 216, 218, 96, 88, 98, 17, 60, 176, 200, 12, 27, 31, 46, 180, 77, 119, 85, 45, 194, 13, 148, 62, 165, 69, 105, 194, 126, 43, 4, 114, 11, 213, 169, 241, 55, 164, 9, 5, 113, 154, 64, 19, 48, 64, 169, 5, 2, 32, 251, 236, 246, 22, 152, 66, 48, 3, 5, 102, 0, 104, 186, 189, 175, 177, 168, 61, 206, 201, 82, 69, 125, 3, 112, 37, 94, 21, 19, 117, 248, 68, 166, 178, 173, 159, 236, 85, 117, 33, 176, 204, 239, 250, 135, 159, 106, 163, 172, 122, 201, 238, 78, 5, 120, 177, 71, 43, 216, 150, 85, 231, 114, 239, 189, 135, 234, 182, 36, 196, 252, 15, 165, 101, 244, 209, 69, 120, 199, 126, 42, 13, 27, 66, 188, 219, 208, 6, 70, 30, 242, 134, 28, 179, 170, 231, 62, 27, 153, 12, 67, 47, 87, 253, 28, 226, 84, 53, 66, 213, 213, 239, 129, 160, 1, 86, 216, 174, 248, 205, 220, 16, 66, 83, 61, 116, 23, 204, 236, 26, 122, 61, 129, 148, 170, 89, 6, 184, 118, 40, 114, 211, 240, 165, 138, 51, 88, 247, 226, 69, 219, 199, 196, 20, 48, 124, 174, 136, 254, 88, 62, 36, 71, 139, 180, 164, 52, 183, 95, 125, 117, 204, 227, 204, 153, 85, 33, 136, 101, 51, 177, 242, 17, 116, 148, 44, 165, 114, 182, 128, 64, 143, 128, 126, 236, 10, 167, 81, 113, 9, 107, 77, 100, 49, 58, 137, 12, 248, 49, 153, 170, 29, 230, 35, 167, 50, 83, 16, 18, 169, 98, 53, 222, 182, 196, 21, 157, 188, 60, 192, 133, 221, 225, 219, 30, 106, 246, 123, 95, 78, 32, 136, 48, 38, 39, 79, 218, 11, 7, 2, 113, 32, 125, 93, 15, 255, 178, 65, 63, 171, 20, 111, 29, 243, 222, 177, 42, 180, 255, 143, 176, 2, 143, 212, 141, 62, 149, 76, 165, 29, 144, 5, 231, 74, 249, 236, 54, 216, 69, 118, 75, 16, 235, 92, 106, 60, 64, 7, 114, 199, 118, 100, 135, 168, 110, 13, 85, 243, 57, 98, 155, 248, 101, 2, 51, 231, 13, 201, 111, 2, 3, 142, 162, 18, 80, 136, 134, 213, 7, 112, 145, 217, 30, 80, 185, 210, 136, 146, 23, 16, 135, 188, 189, 20, 102, 44, 139, 94, 237, 60, 38, 106, 54, 21, 158, 224, 225, 144, 142, 219, 158, 79, 70, 60, 27, 36, 167, 232, 157, 108, 156, 28, 160, 7, 62, 28, 10, 37, 116, 123, 220, 111, 188, 164, 191, 198, 133, 10, 124, 235, 28, 72, 28, 159, 154, 125, 8, 186, 69, 169, 220, 102, 55, 216, 240, 217, 215, 205, 212, 15, 122, 204, 243, 65, 15, 226, 30, 177, 173, 71, 235, 231, 98, 255, 130, 56, 86, 133, 237, 44, 49, 147, 237, 204, 202, 98, 206, 224, 62, 135, 141, 34, 30, 73, 83, 157, 198, 121, 185, 67, 91, 123, 163, 44, 104, 61, 237, 138, 62, 180, 147, 45, 214, 3, 249, 205, 15, 129, 244, 157, 20, 149, 116, 8, 65, 199, 50, 241, 43, 115, 13, 97, 112, 248, 22, 80, 124, 105, 195, 141, 183, 183, 198, 114, 95, 229, 109, 232, 123, 54, 16, 47, 226, 24, 19, 17, 193, 119, 39, 29, 60, 172, 99, 17, 75, 134, 70, 67, 187, 144, 195, 160, 203, 137, 109, 146, 116, 157, 208, 19, 164, 193, 176, 186, 221, 158, 100, 45, 215, 241, 91, 88, 30, 173, 236, 9, 128, 112, 20, 109, 182, 115, 221, 155, 134, 154, 213, 27, 91, 235, 198, 140, 103, 249, 148, 98, 229, 185, 231, 33, 22, 102, 144, 158, 110, 176, 226, 38, 218, 157, 147, 215, 57, 103, 70, 160, 86, 110, 24, 48, 152, 118, 116, 136, 65, 167, 208, 248, 64, 192, 228, 28, 184, 13, 217, 125, 53, 143, 220, 193, 199, 183, 132, 238, 212, 147, 120, 156, 19, 3, 152, 246, 6, 124, 193, 118, 197, 84, 199, 145, 0, 142, 62, 33, 135, 106, 23, 36, 43, 22, 147, 144, 122, 157, 209, 8, 48, 152, 11, 252, 129, 100, 81, 193, 82, 85, 165, 109, 237, 52, 5, 113, 198, 133, 142, 7, 204, 133, 196, 158, 91, 133, 1, 19, 11, 10, 250, 125, 65, 94, 174, 169, 73, 185, 218, 89, 10, 237, 99, 159, 183, 165, 238, 138, 83, 24, 211, 48, 92, 215, 91, 113, 157, 85, 217, 93, 214, 67, 109, 118, 230, 214, 103, 186, 16, 232, 133, 128, 146, 96, 169, 0, 135, 149, 132, 219, 156, 41, 150, 31, 45, 104, 112, 222, 125, 40, 81, 176, 141, 234, 146, 196, 78, 237, 121, 161, 164, 243, 75, 78, 161, 41, 141, 7, 168, 127, 54, 223, 116, 152, 27, 4, 226, 190, 133, 108, 27, 51, 212, 34, 208, 156, 50, 65, 168, 124, 157, 34, 254, 213, 102, 226, 132, 182, 83, 197, 183, 235, 77, 218, 178, 237, 244, 30, 172, 165, 209, 129, 19, 166, 144, 142, 62, 160, 232, 87, 150, 14, 217, 75, 2, 77, 28, 117, 17, 105, 95, 9, 115, 242, 193, 122, 187, 103, 28, 3, 209, 124, 30, 210, 58, 78, 118, 61, 18, 199, 83, 173, 15, 189, 17, 85, 156, 44, 11, 138, 182, 101, 254, 110, 186, 210, 71, 138, 12, 203, 50, 16, 70, 120, 10, 67, 165, 29, 227, 156, 233, 14, 245, 234, 7, 200, 167, 120, 0, 61, 156, 189, 233, 38, 48, 67, 22, 85, 180, 133, 65, 0, 123, 11, 24, 124, 155, 224, 14, 91, 28, 179, 75, 60, 119, 128, 27, 50, 87, 188, 61, 113, 187, 12, 222, 204, 48, 245, 249, 197, 39, 142, 243, 13, 33, 20, 225, 230, 156, 63, 97, 65, 150, 30, 180, 135, 42, 18, 192, 199, 37, 131, 49, 114, 3, 216, 208, 57, 114, 125, 235, 64, 179, 184, 41, 66, 4, 2, 74, 207, 151, 74, 241, 72, 115, 42, 121, 218, 84, 39, 173, 162, 194, 63, 135, 109, 135, 19, 128, 101, 80, 106, 127, 71, 203, 217, 189, 186, 244, 42, 112, 90, 204, 107, 148, 99, 127, 58, 0, 98, 86, 17, 9, 108, 180, 66, 5, 153, 74, 180, 158, 219, 48, 108, 115, 207, 67, 104, 41, 222, 7, 5, 225, 29, 70, 119, 180, 121, 213, 74, 3, 1, 146, 250, 11, 56, 38, 46, 146, 112, 212, 252, 26, 161, 39, 176, 175, 239, 186, 108, 207, 0, 14, 4, 22, 144, 181, 70, 131, 205, 126, 30, 247, 62, 58, 9, 184, 190, 98, 75, 253, 72, 171, 215, 199, 90, 52, 33, 217, 199, 106, 191, 9, 71, 228, 41, 73, 181, 164, 154, 171, 22, 219, 228, 241, 124, 222, 121, 123, 120, 129, 110, 145, 150, 52, 20, 195, 55, 192, 70, 237, 94, 176, 55, 155, 244, 58, 0, 121, 50, 212, 9, 176, 27, 86, 180, 23, 189, 201, 203, 229, 78, 97, 177, 225, 249, 238, 117, 73, 20, 231, 143, 235, 212, 188, 123, 138, 100, 10, 41, 240, 41, 63, 229, 102, 214, 10, 128, 70, 192, 88, 39, 20, 152, 152, 102, 207, 153, 31, 94, 82, 130, 75, 19, 137, 40, 53, 79, 251, 156, 130, 13, 75, 8, 236, 104, 165, 75, 1, 116, 1, 244, 254, 56, 96, 175, 95, 247, 175, 85, 74, 27, 227, 113, 66, 7, 8, 79, 104, 7, 215, 174, 89, 22, 224, 209, 50, 254, 239, 147, 29, 138, 6, 51, 57, 228, 95, 200, 49, 132, 161, 163, 121, 121, 183, 145, 108, 122, 113, 255, 53, 181, 154, 71, 158, 23, 174, 156, 139, 146, 158, 160, 206, 78, 206, 182, 157, 88, 92, 11, 8, 162, 9, 148, 149, 197, 252, 158, 200, 74, 72, 43, 30, 246, 203, 155, 168, 3, 105, 9, 171, 250, 34, 73, 4, 193, 224, 249, 38, 253, 146, 149, 20, 20, 43, 192, 100, 56, 16, 218, 20, 222, 206, 140, 25, 111, 113, 12, 43, 0, 133, 199, 101, 107, 120, 171, 231, 15, 215, 148, 251, 227, 239, 120, 142, 72, 220, 137, 133, 214, 165, 124, 45, 239, 68, 34, 105, 90, 72, 160, 185, 21, 118, 245, 25, 247, 39, 224, 144, 35, 34, 166, 132, 70, 62, 229, 163, 233, 146, 38, 242, 249, 69, 141, 134, 88, 123, 95, 75, 51, 12, 1, 100, 10, 219, 221, 17, 78, 240, 215, 147, 175, 144, 222, 244, 5, 67, 137, 98, 6, 86, 46, 220, 100, 239, 111, 253, 194, 252, 166, 232, 85, 67, 15, 31, 41, 169, 184, 125, 37, 75, 12, 29, 102, 115, 53, 63, 74, 25, 132, 112, 125, 180, 64, 208, 24, 121, 184, 14, 52, 78, 2, 117, 224, 141, 176, 148, 12, 78, 89, 174, 117, 195, 170, 227, 209, 44, 182, 188, 21, 212, 111, 162, 159, 67, 173, 143, 239, 50, 130, 93, 203, 172, 20, 18, 66, 182, 61, 127, 0, 164, 251, 119, 12, 215, 158, 85, 242, 140, 43, 163, 98, 230, 152, 88, 210, 174, 244, 239, 97, 45, 21, 200, 77, 250, 56, 1, 29, 145, 239, 171, 6, 204, 54, 43, 13, 109, 102, 83, 244, 126, 138, 118, 9, 207, 35, 7, 134, 36, 26, 212, 245, 49, 113, 113, 137, 240, 200, 239, 188, 38, 85, 0, 32, 181, 125, 195, 235, 167, 94, 113, 224, 233, 15, 220, 188, 173, 17, 253, 234, 21, 216, 184, 212, 233, 1, 184, 43, 49, 16, 200, 164, 103, 33, 95, 4, 33, 39, 157, 134, 239, 9, 102, 19, 162, 118, 174, 22, 7, 194, 180, 140, 11, 245, 187, 157, 87, 40, 19, 164, 147, 17, 177, 32, 107, 210, 223, 44, 228, 168, 228, 247, 239, 90, 116, 98, 187, 0, 254, 27, 88, 93, 108, 182, 74, 208, 226, 183, 161, 253, 198, 146, 204, 46, 170, 87, 70, 44, 176, 48, 39, 87, 180, 68, 200, 56, 213, 108, 103, 51, 42, 241, 184, 165, 136, 222, 225, 193, 94, 216, 171, 208, 185, 182, 26, 161, 154, 10, 112, 121, 117, 30, 161, 147, 190, 11, 133, 147, 22, 205, 147, 16, 61, 44, 42, 236, 15, 27, 234, 57, 30, 98, 86, 254, 28, 60, 103, 220, 39, 177, 100, 76, 106, 36, 204, 26, 14, 27, 190, 214, 179, 61, 77, 40, 153, 164, 63, 24, 136, 105, 240, 155, 170, 221, 77, 86, 244, 235, 3, 228, 158, 157, 12, 106, 94, 6, 232, 232, 118, 136, 29, 166, 124, 43, 158, 69, 71, 180, 85, 239, 96, 72, 154, 201, 232, 180, 88, 12, 254, 21, 63, 114, 212, 149, 117, 72, 135, 37, 184, 111, 228, 91, 137, 234, 161, 107, 141, 132, 204, 84, 10, 123, 138, 133, 105, 157, 97, 131, 38, 21, 134, 22, 92, 151, 60, 94, 2, 72, 165, 40, 233, 216, 27, 159, 20, 173, 194, 18, 27, 44, 1, 116, 149, 220, 86, 158, 250, 2, 2, 125, 255, 153, 95, 249, 119, 216, 67, 35, 254, 215, 239, 38, 145, 230, 238, 138, 189, 0, 114, 59, 186, 150, 138, 11, 231, 61, 2, 44, 133, 242, 230, 225, 1, 61, 57, 5, 119, 2, 69, 215, 253, 29, 3, 1, 192, 152, 8, 41, 137, 57, 151, 131, 244, 192, 91, 166, 114, 147, 223, 162, 218, 14, 218, 59, 123, 40, 106, 82, 28, 191, 12, 88, 18, 205, 2, 5, 137, 173, 149, 100, 117, 55, 204, 253, 68, 181, 215, 165, 19, 211, 250, 225, 205, 191, 221, 152, 168, 162, 100, 148, 176, 120, 207, 191, 189, 81, 54, 32, 20, 123, 99, 49, 97, 112, 211, 193, 20, 168, 239, 165, 249, 240, 41, 30, 83, 159, 42, 20, 226, 97, 240, 211, 92, 236, 8, 255, 68, 170, 18, 11, 87, 151, 204, 41, 208, 198, 122, 220, 169, 104, 252, 172, 38, 90, 185, 29, 141, 121, 168, 226, 149, 148, 52, 155, 98, 138, 71, 43, 55, 90, 15, 40, 143, 31, 62, 21, 60, 101, 175, 148, 216, 38, 225, 229, 140, 206, 183, 139, 138, 170, 7, 116, 83, 84, 64, 64, 94, 213, 138, 150, 140, 95, 124, 8, 55, 208, 10, 80, 50, 218, 111, 49, 140, 120, 198, 133, 20, 78, 103, 182, 106, 150, 13, 202, 104, 197, 168, 3, 180, 58, 40, 164, 104, 147, 114, 24, 121, 127, 66, 92, 223, 157, 178, 95, 82, 88, 58, 168, 238, 145, 1, 201, 249, 140, 74, 152, 205, 232, 28, 184, 54, 134, 41, 7, 184, 220, 86, 37, 193, 232, 26, 254, 201, 111, 180, 204, 141, 6, 184, 64, 35, 95, 163, 171, 129, 171, 70, 87, 114, 117, 116, 227, 48, 60, 106, 46, 140, 80, 162, 4, 188, 224, 180, 91, 76, 242, 78, 56, 232, 16, 9, 179, 175, 240, 118, 88, 252, 100, 28, 247, 17, 56, 86, 110, 50, 134, 35, 60, 227, 157, 194, 24, 253, 19, 71, 89, 213, 162, 137, 4, 92, 184, 45, 113, 22, 246, 136, 42, 231, 100, 165, 110, 72, 110, 155, 85, 48, 36, 190, 46, 51, 172, 185, 10, 106, 157, 19, 76, 94, 146, 146, 52, 183, 24, 182, 13, 187, 8, 107, 109, 114, 201, 107, 16, 42, 118, 14, 4, 103, 226, 132, 142, 17, 221, 202, 39, 87, 164, 148, 240, 60, 178, 137, 181, 51, 248, 146, 16, 110, 79, 188, 137, 242, 108, 190, 214, 180, 222, 123, 48, 42, 176, 1, 121, 22, 181, 94, 42, 120, 223, 137, 31, 99, 172, 112, 15, 64, 81, 213, 112, 27, 208, 146, 132, 134, 215, 117, 242, 0, 242, 108, 98, 101, 247, 20, 226, 207, 191, 253, 33, 24, 97, 247, 127, 136, 134, 28, 139, 145, 173, 48, 234, 252, 152, 61, 84, 36, 113, 12, 137, 204, 159, 28, 107, 174, 111, 182, 96, 10, 109, 16, 18, 251, 202, 87, 59, 105, 89, 159, 116, 186, 245, 144, 141, 93, 236, 203, 205, 227, 43, 221, 217, 178, 61, 132, 170, 16, 144, 0, 117, 121, 191, 0, 8, 190, 153, 234, 153, 93, 137, 110, 208, 61, 229, 132, 143, 115, 237, 156, 131, 193, 211, 94, 118, 144, 224, 6, 225, 153, 145, 116, 52, 22, 208, 70, 39, 44, 199, 76, 148, 105, 24, 224, 41, 106, 129, 221, 108, 111, 168, 33, 97, 223, 81, 23, 2, 106, 89, 238, 98, 7, 80, 100, 130, 108, 141, 208, 15, 224, 237, 144, 141, 63, 120, 124, 90, 253, 136, 34, 181, 206, 46, 140, 119, 7, 144, 182, 19, 151, 152, 194, 61, 206, 103, 11, 122, 232, 61, 199, 26, 228, 220, 68, 142, 1, 234, 34, 229, 200, 102, 107, 1, 65, 8, 209, 193, 196, 86, 92, 226, 12, 131, 127, 169, 99, 117, 186, 197, 65, 223, 202, 25, 232, 150, 37, 46, 217, 214, 75, 93, 62, 79, 190, 22, 225, 26, 174, 208, 224, 185, 15, 59, 211, 151, 138, 80, 183, 157, 99, 165, 142, 143, 92, 19, 135, 128, 23, 8, 129, 81, 20, 132, 224, 88, 191, 236, 89, 86, 65, 173, 78, 123, 173, 81, 14, 170, 198, 132, 25, 42, 10, 193, 228, 106, 146, 13, 51, 241, 234, 145, 61, 172, 188, 187, 85, 129, 230, 147, 177, 89, 122, 181, 123, 171, 161, 206, 59, 79, 232, 191, 183, 102, 50, 205, 234, 254, 225, 7, 50, 148, 163, 199, 250, 52, 52, 95, 104, 200, 248, 248, 158, 68, 224, 208, 74, 128, 179, 77, 101, 43, 140, 61, 134, 117, 56, 79, 153, 64, 216, 2, 3, 206, 151, 95, 202, 242, 86, 183, 18, 72, 122, 128, 237, 65, 255, 32, 8, 108, 13, 175, 54, 46, 230, 139, 101, 182, 2, 199, 74, 129, 58, 10, 203, 15, 166, 138, 247, 235, 228, 193, 17, 153, 46, 189, 85, 81, 8, 23, 182, 75, 59, 50, 201, 190, 122, 191, 90, 98, 210, 182, 131, 106, 247, 44, 92, 184, 239, 40, 97, 198, 231, 236, 226, 227, 101, 191, 210, 209, 58, 44, 210, 88, 100, 43, 89, 79, 125, 94, 16, 131, 42, 109, 103, 132, 49, 11, 137, 111, 218, 196, 21, 250, 205, 227, 130, 92, 16, 222, 79, 18, 153, 215, 133, 6, 134, 196, 205, 96, 131, 196, 146, 44, 143, 249, 226, 156, 246, 37, 40, 125, 38, 96, 0, 132, 4, 172, 43, 187, 246, 72, 51, 116, 6, 217, 13, 175, 65, 13, 99, 169, 251, 215, 68, 64, 127, 227, 162, 208, 121, 30, 24, 50, 165, 67, 177, 23, 244, 44, 38, 185, 167, 50, 22, 59, 77, 84, 46, 17, 116, 133, 116, 135, 231, 135, 35, 244, 219, 35, 209, 90, 66, 41, 37, 196, 66, 205, 219, 209, 225, 107, 89, 31, 159, 66, 209, 157, 122, 14, 38, 243, 253, 208, 7, 83, 139, 145, 2, 75, 45, 219, 176, 108, 94, 33, 33, 90, 105, 57, 244, 70, 158, 165, 166, 67, 132, 235, 187, 74, 140, 233, 15, 198, 174, 53, 70, 31, 59, 14, 84, 87, 133, 131, 33, 122, 63, 20, 58, 238, 71, 45, 166, 40, 100, 135, 222, 170, 111, 207, 134, 158, 108, 186, 159, 219, 32, 20, 191, 91, 141, 169, 1, 254, 213, 159, 183, 168, 25, 1, 63, 69, 94, 152, 188, 175, 168, 103, 40, 25, 134, 155, 187, 156, 146, 123, 220, 149, 51, 31, 5, 231, 80, 79, 61, 187, 225, 209, 83, 44, 208, 32, 77, 185, 111, 19, 116, 146, 148, 130, 198, 157, 37, 122, 225, 151, 159, 243, 180, 185, 184, 134, 23, 190, 11, 13, 186, 91, 92, 12, 55, 186, 222, 21, 71, 186, 127, 129, 235, 171, 74, 12, 26, 67, 96, 201, 15, 113, 137, 239, 81, 235, 98, 254, 41, 86, 59, 176, 176, 185, 91, 124, 12, 32, 252, 19, 88, 248, 145, 19, 248, 243, 180, 46, 9, 250, 165, 215, 112, 249, 241, 128, 203, 50, 25, 252, 52, 114, 169, 150, 172, 193, 114, 52, 111, 49, 89, 47, 24, 198, 148, 80, 252, 86, 34, 83, 181, 139, 10, 148, 185, 236, 140, 153, 162, 4, 201, 202, 253, 201, 106, 139, 5, 78, 94, 229, 30, 56, 55, 28, 218, 167, 8, 63, 120, 194, 52, 68, 40, 159, 149, 43, 115, 81, 36, 11, 166, 118, 76, 197, 87, 139, 213, 99, 238, 247, 239, 30, 53, 22, 216, 35, 133, 154, 51, 58, 29, 240, 99, 156, 221, 145, 237, 138, 191, 141, 41, 156, 191, 214, 28, 82, 245, 133, 218, 202, 146, 94, 188, 83, 205, 84, 172, 40, 101, 184, 3, 2, 23, 202, 103, 122, 2, 167, 225, 108, 181, 200, 206, 245, 141, 86, 105, 141, 235, 192, 45, 238, 102, 246, 2, 227, 23, 228, 43, 11, 213, 13, 89, 4, 44, 15, 245, 240, 32, 251, 136, 251, 45, 162, 127, 236, 73, 248, 112, 196, 110, 197, 191, 205, 33, 57, 186, 252, 73, 39, 104, 16, 157, 235, 245, 68, 175, 16, 209, 193, 43, 78, 83, 190, 215, 70, 221, 218, 110, 12, 198, 231, 21, 230, 150, 132, 225, 176, 66, 174, 177, 197, 5, 20, 72, 188, 52, 137, 36, 195, 126, 67, 95, 179, 172, 215, 157, 97, 44, 143, 138, 172, 16, 222, 180, 154, 53, 222, 213, 99, 5, 160, 110, 46, 44, 28, 189, 245, 142, 130, 187, 246, 109, 109, 225, 238, 192, 153, 181, 139, 32, 248, 21, 21, 207, 82, 239, 246, 80, 9, 74, 197, 72, 239, 228, 82, 47, 40, 38, 128, 153, 206, 93, 142, 97, 32, 172, 76, 28, 65, 250, 49, 98, 227, 239, 30, 51, 13, 219, 187, 85, 220, 226, 174, 211, 76, 200, 184, 104, 41, 110, 83, 250, 242, 99, 25, 196, 8, 98, 45, 110, 242, 246, 80, 115, 89, 163, 238, 185, 54, 48, 221, 155, 16, 50, 34, 205, 26, 243, 208, 190, 5, 77, 222, 86, 170, 211, 218, 7, 114, 83, 7, 135, 50, 206, 112, 78, 73, 169, 48, 55, 107, 48, 165, 171, 211, 218, 123, 17, 130, 39, 211, 58, 46, 123, 156, 220, 237, 196, 43, 138, 211, 234, 147, 17, 24, 144, 238, 164, 69, 136, 12, 201, 209, 47, 122, 166, 254, 4, 198, 63, 226, 53, 74, 158, 6, 49, 220, 212, 101, 150, 98, 19, 158, 110, 109, 170, 200, 132, 149, 164, 129, 64, 7, 7, 114, 231, 173, 133, 145, 127, 105, 64, 136, 100, 167, 69, 32, 202, 28, 53, 71, 65, 148, 109, 55, 242, 23, 3, 19, 26, 71, 195, 51, 89, 13, 125, 86, 167, 138, 220, 241, 162, 54, 94, 180, 18, 175, 35, 36, 223, 121, 226, 237, 174, 218, 223, 183, 24, 37, 180, 13, 170, 179, 252, 222, 217, 153, 68, 143, 35, 118, 52, 24, 128, 44, 133, 88, 255, 5, 244, 15, 174, 250, 248, 118, 69, 76, 217, 203, 125, 157, 113, 14, 204, 226, 186, 132, 233, 14, 94, 101, 199, 154, 7, 251, 142, 127, 140, 8, 160, 220, 189, 31, 235, 117, 152, 223, 114, 246, 2, 80, 177, 24, 128, 232, 27, 134, 121, 64, 229, 112, 58, 181, 159, 110, 79, 244, 25, 252, 106, 160, 131, 19, 177, 16, 20, 185, 88, 83, 121, 174, 25, 50, 124, 147, 1, 36, 62, 201, 177, 253, 81, 241, 5, 123, 127, 93, 152, 116, 177, 62, 89, 101, 138, 19, 226, 8, 3, 54, 83, 172, 19, 116, 239, 86, 204, 174, 61, 82, 99, 199, 210, 246, 10, 4, 226, 57, 183, 246, 34, 214, 180, 251, 37, 21, 20, 27, 215, 47, 119, 213, 98, 98, 28, 99, 221, 100, 30, 57, 135, 7, 52, 133, 114, 13, 105, 53, 211, 114, 249, 18, 85, 180, 251, 188, 188, 164, 245, 198, 16, 0, 111, 48, 65, 50, 138, 0, 233, 186, 149, 126, 127, 126, 133, 158, 248, 246, 155, 198, 19, 155, 35, 14, 140, 165, 149, 181, 229, 195, 189, 142, 89, 9, 39, 109, 25, 172, 120, 161, 183, 24, 53, 136, 118, 229, 59, 21, 187, 160, 210, 67, 151, 64, 159, 250, 134, 253, 141, 10, 213, 195, 94, 192, 74, 34, 8, 161, 202, 28, 149, 235, 168, 226, 108, 24, 186, 222, 48, 244, 219, 134, 207, 178, 65, 132, 250, 126, 48, 217, 232, 107, 119, 220, 154, 3, 149, 0, 220, 150, 71, 152, 105, 38, 123, 203, 231, 92, 246, 5, 175, 57, 245, 97, 131, 136, 112, 196, 93, 211, 72, 13, 5, 48, 185, 138, 192, 136, 245, 40, 204, 229, 100, 181, 25, 70, 51, 209, 253, 134, 50, 51, 111, 230, 132, 198, 212, 51, 245, 26, 124, 24, 23, 175, 15, 41, 137, 222, 200, 17, 45, 32, 218, 165, 209, 151, 151, 82, 166, 165, 166, 153, 244, 52, 62, 44, 189, 154, 116, 47, 254, 184, 3, 172, 157, 87, 69, 105, 73, 214, 143, 126, 18, 26, 10, 251, 222, 14, 5, 241, 72, 177, 4, 109, 185, 50, 71, 134, 26, 35, 17, 42, 106, 119, 193, 102, 203, 204, 49, 208, 113, 78, 158, 119, 108, 30, 60, 157, 24, 80, 168, 18, 215, 252, 129, 216, 195, 190, 121, 222, 179, 54, 58, 169, 239, 47, 225, 32, 63, 157, 161, 195, 137, 184, 231, 69, 41, 30, 31, 68, 60, 149, 26, 203, 49, 122, 158, 96, 162, 231, 91, 9, 8, 153, 92, 253, 241, 155, 40, 205, 159, 3, 117, 30, 203, 228, 59, 112, 136, 44, 249, 64, 51, 169, 142, 83, 116, 65, 35, 203, 159, 28, 32, 219, 164, 162, 2, 255, 242, 6, 78, 28, 137, 239, 69, 196, 116, 251, 175, 81, 99, 43, 20, 72, 149, 113, 4, 239, 87, 161, 51, 39, 163, 9, 96, 201, 213, 122, 233, 82, 156, 143, 120, 141, 34, 252, 17, 39, 121, 81, 73, 118, 66, 34, 232, 211, 8, 138, 124, 237, 183, 30, 236, 140, 197, 227, 17, 200, 145, 162, 184, 58, 12, 246, 47, 36, 70, 213, 205, 94, 19, 255, 33, 194, 151, 21, 245, 4, 35, 239, 121, 8, 51, 114, 190, 99, 155, 190, 245, 178, 134, 187, 75, 18, 249, 63, 145, 134, 187, 141, 248, 54, 126, 122, 174, 220, 54, 1, 138, 177, 182, 150, 202, 170, 87, 5, 212, 166, 170, 41, 220, 67, 101, 178, 152, 177, 19, 61, 239, 104, 65, 49, 27, 201, 59, 121, 166, 32, 80, 16, 19, 254, 252, 64, 174, 226, 90, 63, 75, 21, 230, 142, 212, 165, 138, 204, 128, 140, 9, 161, 148, 29, 114, 199, 206, 116, 245, 228, 72, 65, 144, 2, 190, 26, 141, 89, 182, 197, 16, 145, 91, 99, 151, 12, 247, 163, 199, 52, 254, 18, 82, 48, 121, 155, 9, 235, 210, 238, 181, 248, 239, 12, 61, 18, 62, 242, 104, 209, 199, 159, 200, 95, 166, 133, 10, 246, 22, 28, 171, 155, 142, 229, 250, 87, 201, 168, 88, 195, 186, 179, 94, 141, 22, 110, 168, 47, 69, 123, 193, 69, 114, 68, 110, 10, 126, 231, 89, 219, 216, 95, 98, 57, 242, 135, 218, 233, 129, 71, 246, 151, 169, 143, 110, 174, 132, 249, 40, 16, 56, 204, 8, 83, 42, 201, 221, 182, 219, 199, 50, 247, 104, 253, 236, 36, 207, 228, 196, 85, 202, 110, 94, 43, 147, 252, 81, 33, 176, 137, 155, 45, 11, 113, 122, 113, 17, 245, 142, 160, 32, 235, 147, 60, 128, 174, 220, 54, 43, 123, 232, 102, 238, 151, 112, 136, 93, 165, 254, 49, 22, 139, 238, 0, 26, 118, 29, 104, 87, 8, 16, 236, 21, 92, 35, 250, 20, 165, 51, 92, 160, 207, 41, 161, 172, 53, 122, 24, 149, 242, 202, 8, 67, 29, 17, 1, 156, 13, 214, 77, 67, 16, 183, 94, 52, 148, 104, 64, 224, 33, 131, 189, 42, 119, 212, 138, 251, 153, 127, 106, 115, 20, 249, 27, 232, 218, 250, 14, 157, 147, 233, 106, 32, 34, 192, 233, 86, 34, 22, 0, 252, 48, 11, 78, 56, 100, 214, 135, 64, 126, 51, 33, 235, 122, 149, 22, 38, 72, 30, 7, 213, 197, 158, 102, 84, 168, 147, 14, 62, 137, 121, 24, 16, 234, 183, 191, 199, 166, 91, 71, 133, 246, 112, 59, 85, 123, 157, 38, 21, 38, 35, 35, 141, 160, 48, 216, 211, 188, 155, 165, 170, 182, 182, 112, 66, 4, 134, 59, 143, 140, 238, 201, 58, 56, 81, 110, 70, 240, 143, 0, 143, 69, 152, 9, 230, 222, 86, 35, 117, 3, 207, 116, 49, 77, 217, 128, 159, 11, 123, 23, 46, 53, 47, 58, 185, 11, 114, 110, 252, 91, 19, 2, 110, 167, 179, 11, 10, 71, 127, 10, 250, 248, 251, 49, 76, 110, 198, 39, 163, 129, 243, 124, 248, 27, 191, 213, 251, 124, 5, 182, 0, 235, 175, 229, 188, 88, 245, 28, 89, 49, 171, 123, 107, 100, 47, 206, 96, 236, 249, 55, 112, 210, 227, 98, 64, 91, 231, 172, 216, 196, 38, 124, 207, 123, 68, 155, 128, 218, 6, 33, 235, 139, 108, 21, 136, 99, 90, 192, 231, 244, 98, 182, 187, 126, 251, 148, 184, 100, 164, 124, 165, 114, 103, 73, 161, 130, 52, 114, 67, 189, 0, 2, 37, 235, 243, 119, 28, 248, 217, 250, 8, 165, 125, 195, 91, 255, 136, 156, 229, 152, 207, 211, 253, 115, 189, 36, 218, 128, 105, 251, 151, 211, 10, 28, 214, 17, 50, 176, 146, 120, 145, 200, 109, 117, 253, 67, 160, 30, 46, 152, 230, 40, 182, 126, 229, 219, 221, 105, 156, 100, 232, 191, 219, 168, 112, 38, 39, 161, 114, 216, 146, 216, 162, 240, 97, 232, 121, 122, 149, 129, 189, 73, 187, 79, 63, 41, 118, 151, 130, 158, 183, 19, 192, 52, 130, 139, 101, 22, 253, 176, 65, 97, 74, 172, 29, 197, 79, 129, 1, 219, 202, 150, 27, 38, 225, 151, 115, 212, 68, 139, 89, 252, 15, 118, 83, 131, 12, 134, 96, 34, 227, 187, 180, 248, 68, 252, 187, 234, 198, 25, 21, 213, 179, 9, 112, 225, 117, 177, 6, 163, 17, 216, 228, 42, 225, 11, 236, 203, 244, 54, 201, 5, 170, 198, 86, 166, 14, 159, 83, 77, 115, 144, 133, 157, 107, 180, 213, 242, 189, 14, 200, 15, 16, 108, 254, 24, 60, 84, 158, 105, 174, 191, 79, 26, 209, 150, 223, 113, 118, 220, 90, 73, 54, 179, 230, 95, 92, 15, 179, 74, 131, 218, 147, 5, 188, 82, 182, 192, 203, 70, 86, 201, 5, 62, 181, 47, 166, 169, 117, 187, 203, 143, 201, 231, 18, 246, 33, 147, 152, 240, 62, 82, 14, 78, 216, 135, 29, 182, 149, 237, 211, 123, 106, 77, 6, 222, 96, 2, 161, 111, 73, 44, 26, 103, 188, 35, 152, 50, 172, 76, 158, 23, 247, 24, 160, 226, 223, 77, 169, 111, 196, 15, 71, 112, 106, 252, 207, 90, 237, 28, 108, 172, 86, 67, 169, 187, 92, 79, 32, 60, 79, 119, 140, 9, 98, 20, 222, 166, 125, 104, 144, 8, 234, 222, 2, 159, 69, 210, 235, 115, 145, 9, 205, 221, 52, 10, 137, 185, 150, 1, 44, 113, 248, 199, 219, 19, 177, 234, 113, 110, 166, 41, 161, 144, 232, 73, 190, 78, 230, 230, 125, 119, 184, 12, 249, 196, 6, 195, 15, 42, 52, 71, 192, 102, 219, 48, 11, 53, 94, 211, 134, 159, 171, 154, 158, 34, 88, 190, 224, 202, 177, 169, 18, 252, 69, 37, 73, 246, 59, 119, 17, 101, 34, 40, 80, 89, 176, 255, 221, 80, 66, 245, 133, 215, 37, 231, 66, 154, 129, 182, 243, 246, 110, 59, 9, 17, 137, 42, 165, 231, 164, 72, 155, 50, 111, 51, 252, 39, 7, 18, 100, 92, 77, 225, 245, 135, 152, 241, 247, 176, 142, 91, 74, 167, 108, 221, 68, 227, 39, 41, 39, 230, 75, 110, 251, 73, 98, 223, 247, 237, 13, 26, 81, 141, 41, 165, 154, 26, 143, 113, 173, 51, 121, 200, 47, 238, 174, 52, 173, 22, 243, 13, 15, 29, 200, 7, 178, 144, 255, 131, 217, 51, 70, 163, 216, 252, 185, 119, 117, 211, 142, 0, 213, 32, 175, 8, 182, 143, 255, 10, 42, 211, 203, 31, 209, 250, 162, 207, 27, 211, 121, 177, 10, 168, 37, 203, 87, 248, 130, 160, 33, 198, 233, 152, 133, 54, 210, 104, 237, 166, 36, 199, 241, 223, 129, 27, 250, 88, 157, 11, 121, 167, 132, 218, 190, 183, 106, 39, 200, 216, 209, 59, 14, 15, 115, 119, 184, 212, 212, 186, 50, 224, 220, 253, 82, 177, 27, 27, 142, 181, 209, 84, 114, 192, 240, 25, 168, 165, 246, 26, 182, 218, 245, 151, 110, 123, 102, 120, 97, 171, 177, 80, 203, 98, 22, 125, 125, 235, 183, 45, 121, 25, 72, 109, 9, 242, 195, 45, 206, 117, 70, 166, 100, 76, 53, 27, 139, 16, 163, 68, 161, 192, 197, 145, 52, 144, 151, 147, 39, 122, 206, 38, 30, 180, 238, 113, 138, 14, 141, 228, 153, 110, 84, 131, 190, 26, 2, 69, 14, 78, 156, 40, 199, 153, 14, 38, 120, 124, 72, 134, 26, 108, 169, 0, 228, 100, 34, 209, 163, 30, 149, 23, 57, 42, 198, 26, 184, 112, 114, 80, 129, 140, 219, 233, 230, 111, 161, 30, 38, 237, 61, 11, 147, 41, 167, 24, 185, 23, 2, 87, 11, 116, 137, 69, 92, 9, 98, 0, 202, 155, 195, 154, 29, 227, 94, 185, 41, 33, 234, 247, 5, 222, 238, 120, 58, 85, 46, 14, 38, 54, 8, 85, 101, 208, 25, 241, 72, 157, 251, 146, 158, 86, 92, 207, 194, 108, 110, 49, 123, 0, 59, 0, 134, 46, 242, 242, 123, 187, 48, 25, 168, 147, 100, 198, 219, 206, 207, 62, 56, 237, 235, 95, 65, 146, 242, 54, 108, 166, 100, 14, 133, 206, 120, 130, 173, 192, 156, 4, 230, 0, 220, 12, 172, 169, 90, 139, 106, 220, 230, 14, 242, 247, 132, 194, 143, 194, 113, 191, 179, 225, 42, 26, 158, 128, 115, 249, 68, 34, 24, 17, 227, 24, 153, 0, 33, 112, 221, 89, 115, 167, 137, 94, 94, 2, 155, 175, 87, 144, 103, 211, 188, 103, 149, 30, 60, 8, 148, 75, 118, 84, 32, 186, 202, 237, 98, 20, 211, 202, 186, 160, 128, 172, 218, 194, 255, 246, 183, 166, 77, 27, 41, 100, 71, 236, 249, 39, 124, 216, 244, 23, 247, 26, 217, 195, 54, 186, 21, 17, 120, 135, 198, 38, 126, 22, 209, 231, 49, 54, 198, 211, 185, 231, 214, 57, 191, 143, 0, 54, 42, 8, 226, 36, 61, 133, 196, 131, 78, 191, 114, 9, 204, 152, 179, 99, 59, 12, 198, 149, 230, 178, 29, 127, 1, 52, 195, 220, 232, 127, 178, 107, 216, 122, 146, 170, 201, 77, 231, 142, 235, 183, 211, 21, 206, 111, 149, 254, 146, 5, 197, 50, 222, 102, 164, 234, 141, 47, 130, 154, 139, 202, 136, 247, 118, 155, 255, 255, 79, 182, 2, 48, 81, 146, 205, 21, 113, 68, 135, 147, 7, 161, 235, 112, 168, 231, 13, 213, 252, 182, 130, 0, 207, 24, 222, 40, 219, 47, 66, 245, 85, 209, 39, 117, 46, 120, 223, 29, 159, 176, 18, 46, 101, 90, 77, 63, 104, 51, 115, 56, 248, 242, 212, 214, 8, 81, 105, 136, 3, 26, 180, 78, 53, 89, 1, 46, 238, 103, 59, 21, 249, 89, 120, 195, 63, 113, 94, 175, 108, 225, 147, 82, 22, 140, 82, 178, 113, 137, 187, 236, 182, 114, 232, 122, 30, 132, 38, 35, 162, 171, 73, 4, 120, 27, 27, 243, 180, 95, 179, 84, 87, 62, 192, 228, 210, 120, 158, 134, 247, 44, 186, 179, 125, 87, 122, 200, 185, 75, 144, 152, 82, 185, 98, 33, 8, 29, 201, 88, 107, 0, 128, 231, 209, 190, 221, 243, 171, 184, 220, 35, 61, 163, 104, 253, 54, 255, 168, 83, 97, 144, 178, 28, 86, 40, 166, 10, 240, 255, 76, 75, 230, 230, 10, 236, 154, 241, 101, 184, 46, 180, 49, 41, 227, 190, 61, 127, 255, 100, 122, 178, 34, 215, 245, 244, 0, 133, 183, 1, 157, 154, 78, 60, 234, 165, 153, 167, 204, 192, 84, 162, 120, 102, 121, 85, 217, 30, 116, 252, 39, 223, 155, 84, 172, 205, 94, 85, 90, 61, 195, 43, 71, 97, 111, 80, 2, 90, 217, 123, 242, 97, 1, 211, 106, 3, 144, 87, 107, 162, 234, 201, 210, 90, 183, 215, 82, 166, 158, 33, 85, 236, 193, 46, 173, 77, 136, 29, 235, 241, 89, 155, 62, 198, 56, 215, 155, 206, 157, 64, 127, 131, 190, 104, 7, 189, 159, 127, 9, 196, 224, 174, 137, 172, 6, 43, 32, 137, 175, 194, 185, 92, 254, 85, 120, 109, 91, 84, 208, 248, 192, 192, 254, 179, 160, 179, 58, 241, 93, 168, 242, 22, 73, 134, 244, 240, 174, 6, 60, 102, 191, 17, 43, 9, 23, 156, 129, 122, 7, 190, 214, 55, 34, 251, 75, 168, 176, 137, 93, 188, 205, 98, 7, 100, 71, 44, 155, 10, 79, 13, 29, 152, 32, 169, 169, 226, 249, 40, 14, 149, 194, 234, 233, 250, 142, 231, 249, 65, 6, 198, 205, 214, 31, 134, 89, 197, 152, 255, 48, 109, 135, 42, 49, 162, 163, 161, 229, 174, 127, 88, 201, 158, 76, 133, 24, 87, 254, 81, 130, 231, 228, 10, 178, 39, 139, 91, 47, 217, 112, 5, 248, 86, 181, 14, 50, 105, 220, 226, 160, 215, 208, 69, 9, 129, 95, 41, 54, 145, 133, 151, 137, 123, 222, 150, 118, 176, 124, 89, 100, 250, 177, 96, 65, 247, 113, 37, 143, 19, 161, 152, 46, 172, 8, 115, 147, 3, 156, 155, 65, 148, 188, 23, 49, 191, 181, 198, 66, 48, 11, 252, 246, 161, 12, 144, 5, 91, 40, 16, 126, 82, 153, 29, 117, 173, 178, 182, 149, 95, 90, 17, 46, 167, 97, 226, 106, 136, 216, 160, 209, 72, 124, 232, 90, 4, 194, 247, 0, 171, 172, 1, 100, 118, 104, 213, 121, 189, 108, 203, 48, 145, 29, 254, 244, 98, 133, 127, 26, 121, 34, 255, 87, 204, 101, 6, 82, 127, 192, 69, 87, 113, 227, 23, 94, 33, 128, 162, 172, 46, 25, 117, 2, 35, 158, 65, 76, 20, 85, 162, 149, 190, 54, 92, 240, 106, 206, 112, 228, 71, 156, 60, 96, 223, 182, 10, 7, 28, 130, 54, 215, 176, 186, 178, 223, 193, 11, 169, 151, 9, 22, 117, 180, 102, 225, 233, 78, 62, 29, 140, 198, 248, 205, 51, 27, 8, 88, 0, 156, 83, 59, 72, 140, 50, 58, 152, 254, 148, 241, 32, 237, 239, 12, 148, 66, 237, 165, 22, 78, 100, 173, 209, 114, 165, 211, 147, 234, 118, 162, 4, 86, 246, 43, 161, 185, 111, 139, 253, 73, 203, 253, 27, 115, 110, 74, 129, 235, 44, 146, 7, 148, 86, 94, 221, 13, 239, 104, 147, 9, 5, 35, 31, 156, 247, 119, 139, 25, 58, 244, 51, 143, 211, 64, 103, 192, 169, 228, 219, 196, 98, 105, 109, 222, 49, 20, 161, 154, 123, 190, 231, 203, 68, 200, 40, 101, 26, 156, 156, 23, 95, 143, 108, 95, 113, 134, 79, 146, 225, 127, 4, 50, 14, 57, 76, 164, 55, 100, 197, 8, 112, 86, 161, 160, 222, 110, 14, 248, 102, 38, 234, 234, 47, 158, 54, 8, 207, 130, 17, 159, 12, 35, 27, 227, 190, 121, 216, 136, 25, 193, 113, 159, 235, 72, 129, 60, 194, 189, 5, 100, 227, 74, 109, 254, 249, 107, 191, 97, 43, 120, 114, 108, 62, 184, 252, 25, 175, 102, 186, 131, 145, 107, 99, 229, 47, 63, 165, 253, 139, 84, 22, 173, 168, 24, 91, 182, 63, 244, 185, 204, 61, 117, 235, 119, 26, 245, 147, 145, 121, 36, 123, 35, 243, 3, 131, 252, 149, 163, 142, 214, 83, 38, 43, 79, 117, 114, 19, 159, 247, 127, 19, 25, 31, 176, 224, 220, 149, 146, 180, 54, 133, 230, 137, 52, 112, 100, 97, 174, 2, 248, 133, 43, 48, 15, 25, 50, 34, 209, 45, 250, 30, 62, 176, 52, 31, 75, 19, 9, 99, 151, 173, 166, 232, 226, 183, 222, 70, 129, 92, 104, 247, 27, 167, 246, 131, 220, 38, 214, 112, 180, 172, 89, 225, 220, 77, 6, 31, 15, 207, 155, 127, 156, 14, 61, 148, 117, 185, 1, 210, 155, 80, 211, 154, 204, 17, 214, 191, 168, 6, 251, 221, 29, 185, 163, 137, 205, 20, 114, 234, 113, 247, 27, 101, 238, 46, 184, 156, 61, 204, 4, 163, 136, 141, 196, 133, 129, 185, 146, 61, 25, 42, 60, 103, 62, 196, 82, 218, 99, 116, 97, 85, 112, 22, 163, 85, 210, 36, 201, 21, 37, 78, 223, 245, 159, 148, 183, 231, 123, 69, 215, 150, 242, 46, 160, 121, 165, 3, 248, 93, 147, 37, 236, 241, 247, 65, 137, 137, 245, 3, 197, 171, 133, 232, 48, 212, 160, 99, 103, 56, 41, 30, 135, 149, 159, 31, 6, 193, 197, 179, 167, 216, 114, 222, 83, 51, 77, 140, 34, 253, 93, 23, 141, 227, 173, 234, 148, 111, 181, 209, 112, 47, 2, 83, 5, 28, 6, 12, 64, 117, 103, 88, 145, 11, 26, 221, 26, 3, 116, 244, 207, 3, 73, 107, 18, 212, 96, 104, 88, 147, 62, 38, 244, 194, 141, 150, 12, 176, 199, 37, 150, 167, 19, 28, 168, 107, 220, 69, 97, 8, 70, 163, 9, 11, 135, 235, 206, 216, 84, 148, 214, 24, 8, 9, 32, 31, 80, 133, 150, 3, 247, 48, 6, 17, 146, 213, 225, 217, 236, 135, 38, 4, 70, 150, 53, 210, 168, 114, 184, 206, 240, 190, 78, 237, 68, 126, 171, 101, 57, 6, 244, 40, 5, 34, 154, 244, 235, 231, 179, 44, 50, 135, 124, 182, 249, 42, 159, 183, 42, 0, 118, 7, 189, 44, 7, 70, 221, 151, 137, 231, 224, 32, 81, 135, 61, 26, 126, 170, 24, 92, 89, 196, 89, 24, 229, 159, 150, 53, 77, 85, 115, 122, 60, 113, 53, 216, 226, 24, 158, 62, 83, 248, 126, 106, 27, 105, 165, 17, 146, 129, 5, 44, 222, 45, 137, 43, 226, 154, 239, 86, 90, 54, 10, 215, 240, 86, 225, 180, 224, 153, 202, 234, 108, 37, 131, 82, 117, 59, 246, 9, 112, 144, 120, 109, 175, 161, 165, 220, 32, 143, 144, 135, 159, 77, 206, 82, 18, 48, 106, 50, 250, 46, 190, 134, 214, 231, 141, 199, 52, 163, 210, 31, 42, 146, 48, 51, 62, 228, 5, 215, 192, 25, 223, 9, 34, 241, 53, 94, 71, 87, 157, 217, 163, 18, 251, 162, 49, 188, 28, 254, 188, 118, 51, 40, 116, 10, 244, 15, 118, 9, 20, 231, 255, 69, 26, 137, 14, 182, 134, 211, 242, 187, 177, 134, 162, 5, 187, 188, 15, 135, 227, 154, 89, 188, 92, 43, 129, 107, 175, 198, 74, 123, 139, 93, 232, 121, 165, 107, 125, 170, 98, 123, 243, 167, 59, 65, 152, 102, 198, 220, 157, 33, 152, 30, 135, 187, 70, 20, 120, 123, 188, 115, 44, 31, 120, 74, 187, 20, 218, 249, 16, 144, 2, 9, 220, 227, 85, 80, 113, 15, 246, 20, 177, 10, 236, 72, 43, 224, 127, 24, 41, 207, 222, 243, 29, 172, 12, 219, 238, 133, 43, 70, 8, 86, 153, 165, 44, 123, 52, 157, 73, 123, 84, 215, 107, 191, 92, 25, 121, 39, 79, 0, 133, 223, 86, 224, 164, 40, 163, 50, 162, 32, 11, 28, 254, 184, 161, 113, 68, 130, 88, 63, 208, 76, 254, 242, 47, 11, 25, 183, 125, 118, 49, 17, 52, 16, 221, 77, 114, 43, 56, 70, 18, 252, 145, 121, 248, 168, 50, 249, 148, 25, 212, 58, 190, 214, 34, 43, 214, 240, 89, 9, 144, 154, 105, 32, 47, 70, 240, 91, 183, 209, 151, 119, 212, 16, 197, 126, 90, 141, 115, 61, 147, 82, 17, 222, 253, 73, 110, 39, 29, 162, 156, 164, 178, 223, 25, 42, 165, 236, 153, 102, 167, 200, 167, 224, 126, 106, 9, 59, 79, 110, 215, 26, 101, 14, 96, 40, 29, 24, 166, 21, 255, 55, 76, 116, 149, 53, 187, 41, 146, 136, 184, 62, 41, 40, 72, 156, 45, 39, 81, 30, 118, 152, 196, 128, 125, 195, 107, 60, 74, 245, 188, 4, 240, 239, 17, 63, 17, 43, 35, 29, 104, 154, 30, 32, 2, 84, 121, 142, 45, 215, 42, 247, 15, 103, 92, 238, 43, 64, 35, 152, 194, 201, 144, 1, 52, 119, 75, 199, 68, 30, 97, 14, 4, 91, 51, 112, 84, 31, 227, 102, 121, 187, 69, 160, 61, 2, 232, 94, 67, 49, 243, 162, 234, 11, 16, 164, 43, 152, 193, 127, 236, 51, 137, 40, 225, 210, 235, 133, 186, 6, 29, 95, 183, 190, 120, 212, 218, 196, 186, 183, 82, 142, 100, 39, 30, 61, 121, 144, 22, 163, 200, 225, 144, 131, 55, 7, 186, 233, 164, 48, 89, 140, 105, 183, 101, 221, 208, 200, 74, 55, 70, 212, 23, 118, 135, 0, 163, 238, 222, 116, 90, 213, 228, 177, 172, 177, 231, 21, 61, 100, 16, 154, 227, 16, 80, 152, 188, 206, 153, 29, 214, 71, 119, 247, 186, 135, 14, 13, 56, 45, 131, 12, 181, 15, 235, 234, 239, 85, 115, 27, 50, 220, 0, 41, 212, 242, 128, 117, 69, 96, 53, 225, 191, 221, 137, 217, 139, 186, 22, 218, 190, 127, 171, 42, 247, 231, 141, 70, 86, 21, 95, 24, 156, 121, 7, 16, 187, 114, 193, 188, 152, 219, 247, 116, 153, 13, 72, 1, 173, 204, 140, 164, 58, 99, 228, 150, 139, 95, 68, 103, 128, 33, 106, 42, 2, 156, 138, 63, 9, 160, 208, 218, 192, 113, 154, 107, 75, 169, 214, 95, 144, 197, 136, 44, 157, 22, 242, 222, 6, 124, 195, 24, 50, 40, 188, 41, 86, 22, 110, 13, 9, 133, 52, 140, 161, 71, 108, 175, 136, 44, 64, 224, 165, 138, 233, 136, 64, 170, 187, 75, 166, 173, 85, 32, 137, 153, 58, 7, 230, 136, 54, 1, 111, 134, 34, 237, 237, 60, 84, 172, 152, 244, 127, 190, 98, 35, 241, 211, 44, 202, 118, 216, 250, 79, 68, 43, 166, 103, 198, 40, 150, 126, 192, 71, 82, 222, 84, 130, 32, 143, 36, 14, 203, 119, 54, 15, 42, 149, 126, 4, 190, 72, 185, 249, 7, 255, 27, 13, 58, 60, 105, 45, 144, 122, 72, 105, 31, 107, 19, 213, 202, 37, 239, 9, 28, 150, 138, 230, 169, 27, 224, 62, 80, 216, 124, 27, 173, 91, 111, 132, 133, 213, 241, 38, 111, 26, 189, 160, 135, 102, 160, 22, 38, 107, 15, 86, 172, 65, 71, 150, 169, 0, 171, 73, 238, 216, 104, 245, 44, 208, 95, 53, 179, 182, 101, 5, 130, 193, 14, 14, 229, 87, 14, 191, 141, 138, 131, 223, 131, 95, 211, 136, 96, 232, 136, 230, 115, 83, 167, 228, 139, 245, 4, 79, 108, 27, 100, 35, 220, 198, 188, 79, 84, 59, 99, 48, 244, 134, 7, 184, 17, 98, 111, 89, 202, 228, 184, 83, 180, 58, 227, 227, 61, 193, 131, 38, 71, 86, 157, 6, 142, 84, 194, 94, 171, 247, 14, 87, 50, 253, 126, 164, 173, 41, 144, 48, 165, 255, 160, 10, 119, 113, 242, 250, 219, 11, 115, 147, 216, 4, 184, 11, 65, 163, 56, 37, 15, 181, 163, 165, 127, 54, 174, 41, 102, 204, 38, 28, 47, 69, 216, 160, 109, 139, 188, 240, 118, 122, 161, 32, 67, 107, 74, 23, 57, 149, 208, 75, 89, 176, 203, 240, 240, 49, 194, 136, 15, 191, 150, 176, 143, 28, 85, 92, 129, 80, 219, 228, 122, 22, 236, 158, 31, 208, 20, 3, 193, 43, 109, 96, 92, 105, 60, 60, 108, 129, 71, 141, 91, 233, 27, 63, 158, 138, 168, 203, 40, 242, 242, 183, 228, 140, 160, 248, 63, 71, 5, 7, 254, 116, 211, 241, 26, 129, 158, 104, 130, 159, 33, 53, 9, 236, 4, 46, 159, 182, 242, 75, 60, 137, 224, 139, 201, 226, 159, 249, 102, 18, 115, 33, 249, 144, 193, 210, 44, 192, 16, 17, 171, 8, 131, 23, 45, 35, 246, 67, 124, 197, 93, 178, 87, 27, 75, 69, 158, 247, 152, 188, 130, 14, 187, 42, 211, 169, 242, 234, 116, 17, 241, 18, 130, 91, 47, 202, 192, 238, 112, 32, 85, 147, 145, 165, 210, 188, 106, 138, 172, 236, 58, 137, 120, 48, 120, 32, 183, 188, 119, 180, 56, 13, 209, 44, 217, 18, 147, 216, 26, 8, 60, 133, 245, 35, 179, 252, 244, 54, 238, 180, 231, 117, 145, 249, 219, 217, 211, 25, 149, 163, 170, 248, 6, 58, 188, 230, 66, 211, 152, 9, 197, 109, 122, 127, 100, 156, 62, 83, 180, 58, 203, 244, 69, 64, 114, 249, 40, 189, 96, 23, 228, 126, 235, 134, 26, 202, 124, 87, 46, 231, 148, 5, 171, 158, 69, 69, 96, 198, 195, 141, 66, 208, 210, 120, 131, 119, 54, 162, 123, 9, 33, 44, 214, 98, 42, 142, 108, 123, 95, 56, 213, 106, 105, 62, 159, 100, 33, 92, 134, 117, 134, 101, 12, 174, 42, 113, 22, 3, 130, 149, 108, 20, 109, 47, 183, 241, 166, 152, 35, 34, 111, 79, 171, 50, 64, 18, 161, 23, 96, 117, 104, 88, 62, 4, 55, 36, 195, 52, 216, 41, 19, 230, 183, 171, 237, 21, 90, 48, 99, 78, 173, 237, 232, 230, 93, 238, 216, 120, 176, 82, 201, 169, 3, 222, 104, 104, 92, 113, 179, 167, 255, 243, 66, 213, 199, 198, 43, 40, 27, 30, 102, 135, 103, 237, 50, 79, 89, 254, 35, 183, 63, 31, 69, 24, 25, 55, 190, 223, 112, 150, 44, 196, 223, 140, 144, 57, 61, 235, 187, 11, 214, 122, 8, 41, 24, 217, 25, 55, 74, 72, 52, 164, 105, 101, 237, 233, 72, 110, 192, 38, 94, 207, 27, 202, 95, 222, 111, 7, 132, 225, 169, 6, 198, 221, 220, 109, 142, 112, 149, 34, 170, 207, 77, 40, 227, 10, 154, 38, 177, 110, 211, 116, 191, 197, 152, 188, 165, 195, 124, 240, 77, 21, 120, 0, 172, 167, 192, 102, 214, 189, 164, 92, 200, 164, 146, 194, 94, 191, 244, 126, 144, 21, 96, 152, 182, 220, 6, 24, 216, 130, 64, 17, 162, 225, 144, 31, 13, 68, 199, 208, 171, 136, 194, 225, 51, 220, 73, 17, 56, 124, 47, 236, 84, 196, 93, 75, 184, 199, 130, 25, 238, 239, 222, 111, 121, 249, 109, 10, 35, 79, 249, 244, 109, 245, 200, 138, 98, 221, 26, 144, 252, 152, 165, 14, 34, 37, 9, 86, 119, 58, 3, 22, 196, 197, 175, 251, 82, 77, 106, 26, 7, 224, 24, 26, 201, 101, 216, 127, 243, 153, 21, 50, 119, 118, 20, 73, 145, 48, 140, 204, 42, 145, 134, 186, 13, 117, 227, 74, 152, 91, 43, 9, 106, 48, 167, 11, 251, 160, 217, 153, 64, 51, 70, 8, 133, 128, 22, 152, 173, 65, 111, 58, 189, 3, 116, 83, 69, 78, 162, 134, 67, 131, 166, 24, 113, 135, 80, 236, 120, 93, 167, 42, 226, 73, 220, 134, 36, 173, 136, 81, 104, 28, 23, 69, 111, 236, 34, 226, 193, 16, 255, 59, 239, 18, 195, 30, 12, 169, 192, 89, 77, 48, 168, 141, 167, 96, 192, 114, 225, 50, 107, 78, 203, 136, 241, 200, 241, 120, 171, 1, 89, 208, 174, 153, 195, 54, 40, 45, 159, 82, 199, 105, 169, 75, 162, 172, 157, 201, 241, 22, 187, 1, 131, 10, 2, 88, 53, 226, 189, 229, 197, 79, 51, 5, 195, 117, 218, 139, 175, 35, 137, 89, 222, 196, 208, 94, 225, 157, 35, 227, 210, 116, 81, 83, 103, 182, 174, 191, 183, 8, 114, 162, 80, 52, 171, 173, 97, 195, 215, 48, 149, 38, 151, 176, 71, 38, 130, 214, 40, 67, 137, 88, 84, 79, 103, 189, 144, 62, 214, 117, 177, 44, 82, 153, 59, 7, 249, 194, 25, 161, 66, 206, 140, 46, 37, 102, 50, 210, 35, 236, 69, 64, 236, 204, 240, 176, 135, 147, 84, 158, 37, 173, 19, 111, 238, 16, 55, 14, 94, 22, 11, 220, 139, 190, 5, 17, 161, 185, 205, 180, 6, 189, 254, 130, 235, 250, 162, 243, 44, 174, 227, 227, 68, 107, 132, 45, 148, 40, 200, 227, 17, 184, 205, 124, 142, 243, 57, 3, 10, 226, 218, 17, 213, 180, 10, 176, 18, 186, 72, 145, 61, 133, 121, 251, 226, 185, 36, 144, 149, 125, 64, 148, 29, 166, 52, 165, 202, 142, 161, 38, 75, 100, 116, 139, 150, 73, 84, 2, 202, 70, 40, 23, 121, 17, 49, 130, 144, 68, 66, 201, 63, 131, 33, 220, 134, 226, 81, 10, 213, 211, 141, 22, 249, 197, 51, 126, 47, 86, 238, 14, 189, 137, 166, 203, 192, 219, 185, 52, 84, 158, 106, 23, 150, 4, 30, 246, 46, 211, 213, 158, 194, 59, 155, 3, 149, 161, 12, 249, 39, 69, 186, 235, 200, 93, 37, 83, 208, 112, 118, 50, 126, 250, 116, 215, 33, 182, 250, 90, 214, 123, 181, 154, 237, 176, 255, 22, 99, 75, 41, 43, 67, 91, 82, 135, 163, 82, 138, 233, 79, 156, 141, 73, 179, 187, 237, 191, 246, 243, 165, 76, 66, 3, 56, 201, 134, 24, 86, 8, 111, 236, 161, 225, 220, 44, 250, 21, 195, 66, 145, 29, 3, 167, 125, 84, 213, 252, 103, 41, 77, 242, 136, 208, 194, 172, 187, 60, 85, 63, 227, 5, 54, 186, 161, 104, 25, 124, 126, 79, 153, 103, 179, 26, 35, 118, 249, 2, 153, 223, 101, 247, 38, 13, 22, 93, 231, 201, 197, 214, 170, 125, 115, 43, 14, 201, 114, 156, 210, 203, 40, 224, 15, 209, 181, 170, 226, 181, 210, 177, 82, 252, 12, 214, 86, 10, 159, 150, 191, 46, 9, 228, 222, 38, 163, 40, 216, 159, 239, 194, 147, 12, 0, 168, 133, 8, 154, 29, 147, 250, 17, 124, 45, 83, 72, 150, 236, 164, 80, 27, 133, 134, 43, 174, 26, 212, 148, 35, 168, 59, 192, 72, 199, 218, 111, 83, 127, 47, 43, 91, 11, 39, 192, 238, 197, 36, 150, 94, 234, 61, 253, 129, 87, 56, 232, 136, 195, 170, 80, 5, 246, 51, 239, 241, 175, 175, 149, 169, 24, 17, 179, 123, 169, 217, 26, 115, 212, 115, 164, 246, 160, 48, 38, 72, 175, 54, 27, 198, 201, 246, 112, 37, 200, 229, 103, 179, 226, 121, 118, 250, 228, 110, 12, 83, 129, 53, 98, 79, 15, 199, 145, 147, 23, 111, 237, 216, 31, 124, 212, 36, 17, 156, 205, 34, 51, 87, 223, 5, 196, 58, 236, 254, 255, 240, 225, 241, 131, 26, 207, 216, 51, 184, 65, 47, 91, 215, 5, 46, 71, 237, 100, 250, 230, 19, 110, 33, 240, 27, 148, 6, 189, 72, 133, 31, 79, 222, 153, 22, 151, 231, 232, 220, 80, 148, 34, 112, 82, 72, 88, 240, 17, 142, 33, 87, 84, 192, 88, 23, 247, 179, 117, 142, 12, 30, 252, 254, 245, 156, 110, 210, 243, 64, 94, 182, 13, 183, 199, 78, 206, 100, 125, 52, 196, 247, 143, 61, 24, 10, 67, 27, 90, 129, 246, 21, 11, 245, 192, 245, 141, 49, 35, 236, 228, 189, 78, 109, 198, 209, 5, 205, 28, 26, 78, 227, 93, 52, 251, 58, 146, 12, 66, 16, 145, 127, 219, 137, 170, 96, 127, 173, 141, 28, 183, 2, 178, 74, 151, 250, 82, 192, 82, 207, 7, 167, 148, 205, 109, 72, 131, 107, 204, 185, 178, 32, 197, 144, 32, 81, 99, 83, 154, 109, 186, 31, 144, 214, 141, 114, 98, 164, 107, 75, 46, 94, 100, 145, 126, 251, 251, 79, 207, 193, 50, 194, 130, 27, 132, 5, 37, 246, 207, 98, 71, 242, 222, 130, 222, 250, 157, 48, 114, 21, 156, 131, 83, 21, 51, 42, 226, 135, 132, 79, 114, 185, 251, 218, 129, 18, 20, 88, 190, 246, 34, 155, 100, 7, 192, 159, 113, 253, 144, 115, 148, 10, 13, 198, 233, 143, 36, 45, 234, 245, 250, 140, 38, 60, 42, 185, 93, 16, 112, 190, 62, 30, 57, 52, 7, 32, 104, 191, 173, 15, 39, 136, 30, 133, 15, 143, 79, 48, 179, 238, 24, 156, 250, 113, 109, 226, 177, 16, 220, 28, 54, 79, 175, 70, 45, 24, 95, 78, 134, 48, 34, 9, 197, 102, 46, 207, 87, 220, 164, 211, 138, 60, 159, 138, 116, 63, 158, 67, 157, 128, 12, 14, 84, 48, 39, 12, 195, 105, 208, 7, 222, 213, 195, 72, 231, 12, 204, 41, 240, 125, 61, 19, 105, 232, 96, 189, 13, 186, 56, 236, 36, 3, 73, 26, 139, 20, 221, 147, 159, 236, 58, 132, 157, 1, 151, 249, 154, 68, 199, 131, 121, 155, 165, 96, 80, 84, 129, 182, 166, 22, 63, 164, 92, 136, 52, 13, 77, 223, 46, 138, 1, 79, 171, 77, 185, 86, 66, 30, 70, 68, 85, 253, 91, 215, 30, 85, 118, 77, 216, 248, 200, 111, 217, 251, 117, 103, 29, 30, 20, 77, 156, 120, 196, 95, 132, 126, 121, 136, 147, 204, 124, 178, 32, 19, 241, 5, 81, 233, 195, 177, 106, 144, 121, 199, 249, 241, 184, 99, 6, 42, 191, 41, 99, 52, 198, 8, 184, 7, 252, 45, 146, 239, 181, 212, 85, 238, 80, 138, 55, 195, 208, 103, 222, 67, 203, 89, 67, 47, 151, 94, 156, 33, 65, 57, 184, 238, 183, 233, 107, 136, 184, 237, 202, 209, 117, 242, 184, 198, 13, 189, 144, 240, 156, 246, 157, 41, 217, 171, 210, 140, 65, 128, 69, 1, 253, 48, 204, 147, 231, 150, 181, 127, 112, 58, 91, 211, 26, 53, 255, 255, 134, 92, 178, 254, 160, 30, 6, 47, 186, 254, 182, 92, 133, 218, 11, 6, 229, 232, 207, 133, 33, 185, 228, 40, 41, 152, 39, 7, 252, 4, 207, 238, 1, 207, 184, 35, 40, 47, 154, 68, 155, 120, 62, 197, 155, 27, 209, 0, 70, 172, 121, 160, 49, 160, 69, 13, 154, 158, 35, 81, 158, 125, 172, 177, 184, 100, 16, 140, 148, 25, 62, 69, 155, 239, 233, 220, 3, 18, 87, 9, 118, 93, 226, 174, 30, 243, 66, 117, 14, 130, 248, 151, 238, 41, 64, 171, 168, 130, 165, 185, 38, 128, 10, 184, 128, 143, 35, 23, 229, 0, 162, 0, 148, 13, 99, 157, 174, 207, 129, 72, 108, 47, 191, 192, 141, 64, 215, 123, 202, 35, 252, 170, 32, 233, 183, 89, 4, 7, 116, 38, 101, 179, 220, 42, 134, 127, 108, 9, 224, 145, 141, 158, 169, 250, 16, 51, 102, 75, 221, 147, 171, 87, 177, 151, 241, 83, 38, 227, 234, 4, 81, 156, 37, 249, 66, 18, 248, 183, 46, 231, 148, 120, 198, 233, 253, 161, 71, 115, 77, 107, 107, 93, 187, 162, 248, 18, 114, 231, 36, 128, 180, 145, 63, 209, 130, 168, 236, 40, 233, 71, 179, 181, 208, 128, 38, 200, 100, 218, 143, 238, 24, 197, 212, 195, 245, 15, 117, 55, 159, 86, 194, 85, 1, 144, 53, 253, 10, 196, 69, 26, 74, 154, 22, 218, 100, 123, 197, 157, 143, 25, 125, 50, 164, 19, 13, 127, 102, 14, 199, 206, 113, 210, 19, 158, 34, 58, 83, 162, 125, 242, 207, 35, 58, 59, 86, 0, 64, 201, 141, 248, 15, 144, 226, 75, 145, 77, 226, 163, 32, 211, 35, 209, 72, 247, 178, 146, 29, 99, 206, 64, 152, 18, 99, 9, 193, 208, 183, 251, 72, 221, 193, 180, 41, 49, 175, 208, 168, 40, 135, 80, 186, 92, 153, 212, 224, 170, 49, 161, 221, 141, 75, 234, 246, 57, 89, 18, 173, 123, 100, 99, 240, 74, 47, 168, 151, 130, 171, 36, 46, 199, 112, 96, 245, 199, 190, 229, 111, 222, 183, 143, 84, 137, 63, 34, 210, 188, 217, 3, 65, 80, 71, 61, 168, 254, 209, 192, 2, 75, 224, 7, 202, 120, 216, 182, 215, 138, 154, 36, 205, 226, 12, 148, 134, 45, 184, 171, 42, 142, 245, 18, 11, 224, 126, 218, 156, 167, 17, 76, 50, 81, 110, 250, 187, 2, 96, 235, 107, 99, 241, 28, 154, 248, 37, 176, 23, 112, 47, 145, 53, 42, 80, 27, 22, 92, 47, 140, 199, 1, 5, 193, 11, 84, 140, 194, 9, 200, 98, 202, 168, 87, 2, 82, 194, 252, 217, 33, 107, 234, 88, 61, 136, 85, 245, 46, 74, 124, 230, 86, 3, 73, 241, 96, 74, 134, 197, 241, 209, 31, 51, 132, 196, 120, 167, 188, 14, 24, 184, 181, 55, 240, 220, 115, 205, 219, 152, 38, 92, 52, 22, 52, 140, 129, 143, 251, 234, 54, 107, 224, 39, 216, 12, 12, 9, 171, 15, 31, 175, 220, 95, 199, 111, 148, 107, 204, 184, 92, 44, 6, 175, 59, 181, 211, 100, 80, 165, 210, 123, 188, 185, 246, 194, 73, 79, 122, 161, 204, 48, 120, 222, 159, 96, 75, 9, 114, 148, 146, 18, 55, 55, 40, 113, 123, 25, 145, 86, 105, 95, 108, 218, 93, 27, 138, 38, 28, 7, 31, 62, 138, 1, 155, 215, 116, 184, 57, 132, 175, 134, 212, 172, 111, 20, 16, 37, 131, 157, 74, 205, 110, 2, 170, 103, 248, 205, 175, 147, 154, 54, 216, 250, 120, 60, 38, 56, 57, 35, 190, 81, 17, 174, 226, 55, 135, 57, 26, 159, 144, 117, 137, 238, 197, 12, 176, 112, 37, 70, 138, 235, 31, 42, 235, 187, 231, 111, 27, 35, 172, 127, 55, 230, 82, 198, 2, 125, 36, 69, 5, 120, 80, 49, 153, 63, 228, 82, 68, 74, 202, 48, 114, 231, 133, 170, 217, 96, 153, 210, 21, 245, 182, 166, 81, 4, 130, 137, 4, 125, 162, 23, 8, 14, 58, 185, 214, 166, 53, 71, 39, 61, 92, 7, 125, 11, 61, 44, 82, 187, 29, 150, 221, 55, 222, 163, 148, 165, 197, 163, 139, 10, 62, 131, 40, 209, 218, 110, 153, 181, 215, 239, 62, 11, 32, 79, 54, 32, 148, 33, 229, 152, 115, 75, 113, 192, 217, 158, 212, 141, 15, 243, 45, 26, 152, 2, 38, 34, 94, 76, 214, 100, 8, 200, 240, 233, 181, 98, 85, 60, 193, 66, 183, 103, 19, 19, 223, 176, 107, 61, 56, 30, 13, 185, 177, 84, 132, 113, 16, 17, 242, 192, 183, 181, 16, 86, 149, 218, 235, 18, 2, 220, 118, 121, 87, 219, 162, 55, 154, 13, 94, 145, 103, 51, 173, 169, 224, 167, 194, 149, 32, 131, 243, 234, 47, 56, 63, 112, 10, 36, 223, 142, 25, 211, 135, 204, 130, 14, 198, 100, 196, 9, 201, 142, 75, 116, 167, 44, 101, 157, 172, 227, 12, 68, 77, 130, 189, 2, 183, 160, 67, 51, 219, 235, 100, 48, 43, 13, 78, 223, 12, 16, 176, 44, 74, 229, 183, 91, 211, 68, 26, 66, 50, 95, 45, 62, 28, 12, 132, 95, 18, 136, 150, 176, 234, 23, 143, 231, 113, 107, 209, 104, 157, 34, 140, 235, 86, 219, 139, 170, 25, 54, 35, 215, 46, 124, 38, 171, 234, 15, 145, 2, 6, 106, 231, 219, 44, 162, 222, 72, 21, 211, 114, 170, 243, 114, 227, 25, 169, 79, 97, 40, 70, 140, 42, 65, 18, 72, 43, 56, 183, 28, 13, 141, 57, 31, 39, 47, 146, 45, 235, 249, 139, 250, 251, 169, 222, 7, 143, 34, 58, 29, 52, 146, 6, 43, 228, 193, 109, 187, 47, 26, 255, 131, 33, 62, 80, 31, 53, 129, 22, 234, 218, 117, 38, 150, 66, 9, 13, 109, 250, 145, 117, 98, 125, 232, 228, 83, 20, 215, 173, 183, 24, 155, 194, 152, 248, 120, 106, 149, 32, 96, 13, 114, 204, 12, 254, 254, 140, 241, 3, 90, 246, 13, 138, 160, 142, 77, 243, 183, 183, 224, 84, 108, 32, 141, 218, 168, 10, 244, 234, 40, 95, 51, 218, 153, 104, 18, 133, 241, 97, 42, 16, 139, 215, 219, 234, 202, 144, 213, 254, 201, 27, 177, 183, 230, 43, 169, 201, 46, 252, 251, 93, 218, 149, 223, 181, 16, 151, 217, 248, 215, 136, 29, 70, 109, 51, 12, 238, 123, 3, 99, 128, 64, 132, 11, 45, 168, 16, 0, 254, 24, 81, 120, 157, 121, 120, 28, 40, 174, 203, 218, 119, 189, 5, 79, 135, 174, 80, 31, 18, 13, 67, 174, 253, 87, 119, 54, 143, 138, 26, 159, 248, 28, 151, 250, 102, 168, 67, 129, 144, 174, 54, 89, 192, 36, 182, 37, 165, 114, 178, 174, 114, 205, 65, 195, 127, 155, 113, 4, 10, 147, 20, 234, 24, 125, 180, 82, 236, 90, 161, 34, 43, 99, 71, 145, 213, 157, 176, 163, 210, 251, 191, 235, 135, 222, 140, 241, 127, 11, 170, 133, 233, 74, 46, 119, 183, 154, 146, 228, 41, 111, 104, 105, 175, 211, 179, 226, 138, 43, 93, 191, 74, 33, 18, 229, 5, 147, 144, 107, 153, 111, 61, 116, 139, 93, 26, 190, 64, 228, 166, 176, 48, 64, 254, 139, 46, 208, 190, 152, 63, 150, 47, 107, 41, 225, 91, 81, 197, 126, 117, 135, 159, 226, 131, 157, 28, 199, 31, 194, 225, 140, 14, 87, 241, 83, 19, 254, 5, 53, 98, 230, 46, 182, 17, 255, 45, 225, 212, 127, 164, 136, 126, 199, 35, 235, 43, 173, 201, 72, 40, 82, 12, 124, 235, 101, 44, 237, 29, 200, 122, 130, 83, 43, 163, 10, 113, 198, 77, 30, 251, 53, 135, 169, 190, 247, 138, 205, 39, 122, 98, 221, 19, 170, 197, 41, 25, 123, 150, 252, 81, 237, 165, 53, 107, 201, 219, 203, 213, 198, 101, 196, 86, 195, 24, 171, 141, 107, 206, 235, 232, 167, 17, 1, 43, 225, 23, 159, 123, 53, 122, 93, 216, 246, 21, 95, 192, 101, 102, 49, 89, 93, 255, 171, 73, 220, 137, 89, 38, 15, 63, 195, 144, 194, 12, 72, 28, 58, 178, 76, 43, 224, 13, 6, 253, 51, 79, 149, 48, 224, 197, 233, 72, 254, 45, 241, 122, 237, 133, 229, 227, 223, 41, 140, 84, 60, 156, 208, 40, 54, 208, 24, 34, 206, 4, 141, 21, 215, 111, 112, 50, 170, 214, 162, 244, 119, 33, 176, 121, 25, 212, 250, 33, 239, 213, 22, 126, 175, 81, 19, 23, 92, 83, 25, 12, 164, 255, 49, 162, 8, 173, 175, 4, 137, 178, 186, 98, 131, 145, 58, 57, 136, 52, 51, 231, 20, 81, 213, 200, 26, 14, 59, 48, 52, 149, 182, 156, 209, 108, 26, 77, 113, 5, 79, 174, 31, 115, 93, 129, 51, 162, 55, 138, 167, 185, 119, 105, 19, 168, 11, 154, 88, 196, 152, 34, 255, 242, 127, 15, 8, 91, 181, 246, 145, 49, 21, 86, 150, 31, 206, 141, 78, 231, 183, 116, 124, 61, 195, 172, 80, 8, 76, 1, 126, 117, 73, 28, 215, 27, 235, 249, 175, 211, 7, 159, 104, 212, 34, 227, 187, 90, 56, 8, 70, 123, 237, 132, 108, 186, 120, 44, 212, 245, 2, 197, 185, 246, 163, 21, 54, 86, 83, 232, 182, 30, 230, 232, 10, 160, 76, 160, 137, 211, 72, 190, 46, 245, 131, 26, 127, 125, 25, 11, 252, 43, 222, 69, 161, 233, 158, 23, 122, 111, 220, 138, 214, 23, 204, 24, 213, 12, 210, 4, 94, 60, 98, 119, 146, 48, 93, 163, 134, 107, 242, 99, 97, 156, 151, 46, 239, 184, 146, 29, 2, 44, 85, 208, 148, 75, 4, 18, 151, 132, 205, 114, 17, 82, 231, 162, 44, 85, 242, 36, 251, 161, 61, 142, 55, 118, 195, 160, 136, 250, 219, 41, 177, 56, 182, 0, 8, 91, 64, 144, 11, 162, 187, 238, 125, 131, 234, 85, 3, 35, 103, 132, 137, 93, 25, 212, 119, 88, 43, 75, 228, 31, 86, 27, 140, 200, 253, 128, 18, 133, 5, 22, 192, 158, 55, 24, 221, 170, 28, 218, 158, 253, 249, 79, 240, 75, 147, 101, 215, 214, 221, 16, 224, 95, 170, 6, 88, 120, 20, 197, 108, 249, 184, 193, 58, 1, 1, 140, 121, 234, 86, 86, 213, 35, 30, 46, 225, 95, 64, 129, 123, 14, 173, 233, 117, 31, 78, 1, 148, 1, 239, 16, 189, 223, 51, 110, 25, 225, 124, 196, 199, 103, 237, 187, 86, 91, 17, 198, 105, 13, 140, 77, 12, 97, 125, 171, 164, 207, 153, 4, 250, 225, 237, 42, 114, 193, 12, 54, 42, 28, 23, 255, 112, 164, 58, 56, 50, 156, 129, 45, 59, 31, 20, 201, 169, 224, 224, 16, 120, 127, 195, 0, 132, 86, 166, 155, 141, 230, 7, 154, 175, 123, 143, 197, 69, 61, 170, 51, 225, 231, 106, 167, 242, 15, 47, 122, 76, 129, 35, 36, 253, 111, 3, 39, 136, 39, 83, 249, 212, 94, 184, 85, 199, 225, 116, 54, 174, 209, 148, 114, 180, 76, 184, 156, 155, 94, 190, 74, 130, 16, 254, 118, 242, 123, 73, 5, 177, 237, 208, 85, 160, 13, 171, 68, 23, 23, 126, 138, 70, 61, 165, 57, 65, 170, 72, 146, 39, 132, 20, 233, 106, 114, 230, 15, 192, 247, 166, 4, 211, 57, 164, 101, 235, 151, 246, 40, 158, 41, 171, 91, 112, 149, 132, 216, 249, 0, 46, 87, 91, 23, 122, 128, 55, 103, 157, 56, 162, 76, 241, 5, 235, 160, 137, 143, 95, 211, 119, 22, 185, 47, 227, 106, 8, 188, 254, 31, 123, 10, 219, 231, 65, 68, 227, 115, 122, 109, 7, 213, 90, 94, 13, 20, 104, 122, 150, 206, 214, 105, 12, 87, 62, 90, 171, 235, 160, 36, 127, 10, 99, 7, 204, 186, 111, 67, 16, 244, 198, 216, 80, 202, 197, 147, 178, 32, 110, 91, 122, 55, 50, 72, 67, 228, 179, 170, 93, 173, 81, 93, 124, 157, 171, 83, 63, 82, 96, 106, 12, 159, 85, 88, 134, 170, 251, 94, 240, 26, 119, 52, 5, 25, 138, 11, 125, 156, 12, 198, 42, 100, 70, 119, 56, 65, 8, 0, 209, 232, 151, 156, 186, 112, 229, 198, 234, 87, 70, 154, 26, 35, 76, 74, 221, 122, 123, 70, 103, 111, 39, 207, 51, 134, 75, 139, 126, 10, 141, 95, 245, 109, 108, 27, 146, 168, 177, 28, 124, 231, 63, 190, 238, 25, 30, 251, 11, 136, 165, 41, 120, 74, 7, 136, 178, 210, 220, 106, 230, 218, 241, 237, 92, 183, 172, 16, 128, 51, 168, 198, 46, 9, 42, 228, 118, 42, 94, 117, 60, 213, 62, 104, 208, 202, 207, 190, 212, 131, 183, 232, 193, 173, 47, 103, 123, 120, 182, 243, 172, 248, 30, 194, 74, 208, 161, 22, 185, 13, 8, 120, 67, 36, 223, 161, 150, 66, 12, 206, 90, 150, 58, 239, 54, 249, 189, 7, 196, 38, 190, 116, 60, 124, 99, 158, 153, 119, 61, 94, 208, 35, 231, 164, 145, 49, 78, 113, 10, 191, 96, 74, 230, 159, 153, 10, 118, 227, 113, 42, 179, 142, 33, 126, 96, 3, 166, 56, 84, 75, 227, 237, 203, 8, 237, 249, 237, 54, 68, 238, 167, 255, 145, 196, 233, 33, 37, 41, 214, 192, 63, 111, 6, 241, 10, 68, 29, 87, 186, 255, 223, 10, 181, 29, 25, 30, 26, 4, 26, 211, 231, 184, 12, 98, 119, 209, 253, 161, 89, 120, 182, 181, 62, 219, 84, 136, 94, 10, 48, 160, 127, 9, 125, 88, 234, 188, 56, 12, 3, 162, 88, 102, 147, 11, 5, 210, 213, 163, 249, 196, 0, 133, 187, 106, 233, 244, 117, 71, 221, 15, 248, 253, 37, 130, 145, 92, 150, 16, 45, 1, 46, 203, 5, 38, 89, 197, 38, 111, 143, 2, 97, 236, 217, 105, 23, 111, 129, 254, 124, 61, 140, 37, 65, 139, 207, 240, 175, 44, 192, 17, 172, 9, 103, 35, 153, 247, 133, 124, 232, 92, 65, 33, 225, 63, 157, 119, 151, 155, 22, 119, 252, 69, 13, 40, 227, 12, 110, 221, 82, 23, 208, 218, 26, 32, 213, 30, 11, 38, 70, 112, 114, 37, 85, 155, 223, 57, 125, 199, 45, 162, 34, 18, 227, 175, 35, 251, 148, 186, 100, 90, 141, 198, 219, 156, 70, 7, 70, 117, 192, 199, 202, 57, 65, 234, 201, 137, 129, 96, 197, 113, 22, 198, 55, 5, 21, 246, 237, 102, 19, 246, 37, 67, 47, 203, 244, 160, 93, 26, 50, 63, 178, 144, 105, 68, 199, 215, 150, 39, 7, 137, 109, 77, 218, 191, 108, 156, 77, 219, 133, 120, 234, 53, 79, 229, 40, 130, 67, 210, 179, 0, 69, 64, 170, 250, 185, 179, 180, 100, 78, 231, 86, 80, 59, 244, 128, 222, 142, 5, 85, 158, 177, 90, 109, 140, 170, 255, 83, 118, 122, 142, 216, 38, 216, 128, 143, 228, 62, 140, 141, 211, 160, 214, 131, 11, 30, 148, 143, 7, 180, 128, 164, 218, 243, 62, 10, 216, 131, 18, 238, 110, 132, 4, 240, 32, 108, 11, 127, 84, 23, 31, 42, 21, 199, 250, 233, 41, 47, 100, 202, 81, 181, 40, 160, 42, 84, 7, 150, 179, 234, 113, 53, 141, 57, 50, 17, 24, 192, 149, 234, 119, 81, 10, 212, 57, 6, 108, 219, 11, 180, 89, 120, 135, 63, 103, 198, 190, 250, 116, 118, 137, 101, 192, 85, 170, 80, 210, 50, 38, 228, 7, 219, 153, 251, 32, 167, 33, 218, 118, 250, 160, 149, 246, 156, 166, 56, 101, 176, 241, 64, 77, 78, 4, 234, 160, 24, 189, 72, 85, 179, 23, 222, 155, 153, 157, 146, 174, 28, 17, 193, 129, 211, 234, 67, 115, 157, 215, 159, 45, 225, 85, 102, 7, 238, 226, 131, 152, 144, 29, 97, 223, 11, 38, 111, 74, 154, 150, 241, 211, 46, 78, 64, 143, 23, 202, 99, 55, 232, 21, 54, 214, 40, 5, 84, 53, 35, 167, 177, 78, 30, 167, 234, 137, 140, 21, 16, 91, 177, 23, 119, 112, 139, 224, 162, 246, 192, 229, 231, 164, 172, 140, 126, 171, 140, 121, 215, 207, 7, 31, 206, 113, 243, 231, 19, 161, 88, 36, 72, 188, 38, 135, 143, 237, 51, 104, 142, 43, 77, 94, 65, 193, 215, 16, 112, 205, 203, 137, 177, 192, 121, 145, 97, 93, 17, 142, 117, 201, 118, 6, 206, 24, 193, 56, 115, 130, 194, 171, 204, 179, 150, 110, 7, 96, 23, 99, 183, 215, 105, 75, 54, 203, 200, 68, 144, 213, 64, 18, 153, 90, 230, 37, 240, 80, 162, 88, 246, 88, 18, 117, 74, 184, 132, 64, 168, 146, 16, 6, 148, 66, 91, 154, 173, 226, 146, 99, 71, 84, 36, 97, 82, 188, 99, 22, 200, 254, 193, 3, 100, 72, 83, 91, 194, 144, 161, 87, 153, 188, 171, 208, 149, 221, 136, 181, 62, 195, 118, 228, 228, 106, 255, 0, 21, 133, 22, 47, 117, 226, 131, 89, 3, 72, 191, 102, 131, 155, 162, 184, 32, 140, 164, 127, 128, 165, 77, 243, 136, 142, 224, 39, 134, 147, 122, 140, 207, 164, 246, 26, 56, 239, 34, 142, 118, 53, 171, 125, 92, 158, 127, 194, 232, 72, 120, 5, 226, 91, 133, 93, 184, 238, 201, 88, 46, 140, 18, 125, 118, 194, 148, 34, 158, 24, 190, 160, 77, 120, 90, 192, 106, 195, 2, 60, 87, 132, 125, 41, 182, 51, 250, 0, 239, 127, 188, 30, 143, 175, 130, 37, 42, 161, 26, 13, 128, 115, 48, 145, 137, 137, 138, 208, 246, 208, 174, 98, 239, 250, 94, 7, 89, 105, 205, 152, 60, 7, 233, 167, 237, 53, 15, 174, 245, 186, 212, 40, 199, 200, 2, 177, 71, 68, 123, 238, 89, 183, 142, 215, 41, 152, 6, 73, 226, 102, 8, 181, 198, 67, 6, 113, 77, 92, 53, 235, 20, 217, 137, 21, 236, 78, 191, 94, 107, 153, 84, 167, 0, 99, 52, 51, 152, 143, 247, 236, 9, 239, 65, 111, 249, 217, 240, 77, 251, 59, 23, 172, 117, 131, 81, 22, 156, 97, 231, 199, 177, 232, 138, 186, 245, 78, 236, 213, 99, 138, 236, 70, 146, 78, 234, 209, 249, 11, 237, 228, 21, 220, 16, 66, 70, 113, 148, 7, 147, 142, 59, 243, 20, 10, 61, 4, 57, 223, 105, 82, 232, 25, 125, 193, 13, 165, 242, 148, 54, 166, 234, 33, 106, 97, 2, 22, 23, 43, 11, 23, 75, 83, 201, 152, 232, 109, 160, 186, 94, 8, 128, 131, 154, 111, 111, 120, 53, 187, 167, 32, 206, 67, 21, 34, 65, 245, 153, 12, 176, 230, 160, 41, 127, 126, 169, 61, 212, 29, 67, 179, 2, 146, 184, 246, 41, 233, 207, 36, 202, 47, 67, 248, 170, 118, 131, 84, 192, 144, 43, 220, 7, 98, 54, 17, 203, 246, 93, 237, 113, 83, 245, 228, 186, 11, 245, 228, 253, 230, 16, 155, 107, 24, 60, 8, 26, 58, 188, 43, 23, 126, 246, 51, 205, 205, 173, 3, 113, 169, 211, 98, 0, 232, 1, 246, 3, 38, 70, 50, 77, 232, 20, 17, 151, 234, 125, 56, 123, 219, 242, 137, 124, 169, 233, 59, 21, 206, 20, 17, 132, 215, 71, 46, 159, 189, 238, 108, 47, 0, 153, 160, 216, 184, 100, 153, 2, 213, 163, 21, 16, 125, 80, 226, 55, 251, 107, 246, 141, 132, 187, 40, 126, 206, 16, 209, 8, 27, 89, 185, 175, 233, 91, 191, 79, 220, 221, 206, 200, 226, 139, 179, 215, 223, 51, 246, 58, 17, 102, 1, 150, 0, 55, 27, 228, 141, 239, 161, 66, 85, 189, 3, 145, 99, 145, 28, 171, 168, 60, 172, 48, 133, 4, 98, 30, 185, 224, 134, 152, 172, 178, 68, 200, 199, 67, 28, 202, 149, 106, 20, 96, 30, 240, 229, 230, 128, 93, 160, 67, 224, 55, 16, 83, 40, 66, 124, 61, 138, 10, 2, 194, 33, 80, 167, 114, 17, 68, 20, 151, 145, 107, 46, 231, 118, 143, 172, 144, 242, 246, 36, 128, 227, 201, 53, 121, 137, 75, 185, 239, 11, 83, 162, 77, 35, 162, 155, 39, 7, 88, 41, 113, 182, 139, 50, 68, 138, 0, 8, 105, 151, 165, 200, 243, 32, 139, 110, 53, 96, 121, 210, 202, 109, 190, 117, 18, 62, 8, 191, 162, 111, 162, 9, 144, 189, 172, 104, 2, 63, 84, 120, 203, 86, 19, 29, 200, 173, 41, 195, 90, 66, 60, 227, 3, 244, 87, 99, 111, 220, 142, 64, 205, 182, 22, 37, 31, 67, 38, 35, 77, 218, 3, 196, 184, 76, 61, 109, 12, 220, 140, 239, 122, 141, 202, 39, 135, 62, 225, 19, 12, 212, 27, 107, 161, 173, 60, 19, 137, 166, 30, 200, 232, 80, 157, 113, 246, 143, 251, 5, 116, 93, 123, 79, 104, 43, 248, 120, 5, 251, 49, 242, 136, 63, 178, 54, 12, 43, 107, 7, 38, 77, 205, 87, 43, 24, 140, 90, 235, 201, 51, 188, 17, 141, 12, 95, 133, 170, 2, 120, 6, 125, 211, 182, 180, 38, 37, 134, 90, 251, 91, 42, 169, 142, 4, 226, 28, 240, 10, 28, 101, 243, 119, 65, 93, 136, 254, 255, 36, 97, 157, 109, 13, 205, 127, 222, 61, 86, 27, 232, 147, 193, 223, 12, 203, 46, 164, 225, 148, 26, 34, 217, 47, 174, 11, 85, 35, 97, 158, 110, 76, 68, 44, 140, 65, 9, 57, 46, 3, 222, 198, 227, 39, 45, 59, 20, 231, 78, 71, 159, 144, 181, 77, 13, 206, 77, 182, 40, 241, 120, 23, 184, 16, 19, 228, 88, 53, 12, 31, 4, 16, 93, 255, 23, 29, 243, 188, 15, 235, 208, 118, 140, 11, 0, 55, 99, 110, 9, 154, 168, 62, 64, 65, 42, 119, 113, 154, 188, 202, 236, 132, 247, 1, 250, 85, 141, 153, 218, 62, 30, 68, 223, 234, 110, 45, 230, 71, 23, 238, 197, 254, 76, 41, 49, 108, 33, 206, 37, 77, 29, 163, 155, 87, 157, 151, 234, 171, 173, 9, 134, 11, 7, 228, 83, 228, 212, 137, 52, 89, 38, 135, 93, 184, 92, 240, 89, 14, 229, 128, 5, 174, 151, 154, 182, 66, 196, 198, 210, 35, 166, 220, 21, 20, 36, 93, 101, 164, 66, 36, 34, 163, 237, 217, 68, 135, 202, 35, 203, 213, 68, 179, 111, 148, 225, 129, 2, 88, 141, 130, 68, 22, 87, 255, 99, 246, 0, 127, 229, 206, 225, 177, 159, 191, 231, 65, 4, 239, 117, 191, 243, 108, 108, 172, 13, 1, 185, 150, 149, 250, 92, 124, 51, 8, 49, 100, 243, 80, 34, 160, 46, 51, 71, 96, 131, 177, 51, 252, 55, 172, 21, 233, 89, 174, 2, 138, 107, 171, 157, 35, 112, 237, 228, 55, 119, 83, 190, 246, 134, 111, 9, 63, 213, 232, 125, 247, 234, 255, 0, 162, 225, 55, 226, 156, 179, 58, 11, 14, 179, 107, 96, 227, 146, 53, 80, 113, 220, 86, 21, 28, 101, 217, 11, 73, 197, 189, 95, 35, 131, 100, 107, 47, 245, 191, 149, 51, 153, 198, 121, 10, 248, 139, 65, 187, 90, 110, 48, 214, 170, 86, 236, 252, 170, 75, 29, 21, 26, 106, 153, 206, 28, 199, 240, 46, 111, 178, 24, 202, 7, 165, 21, 254, 80, 59, 119, 21, 46, 140, 252, 25, 239, 145, 214, 164, 83, 154, 12, 250, 69, 59, 7, 89, 69, 156, 75, 56, 155, 159, 205, 104, 103, 160, 200, 139, 239, 174, 252, 88, 102, 28, 100, 182, 254, 26, 1, 177, 255, 119, 4, 51, 72, 9, 159, 74, 229, 57, 41, 190, 96, 224, 123, 181, 56, 29, 223, 170, 96, 128, 126, 220, 82, 250, 87, 75, 247, 75, 182, 249, 240, 34, 9, 222, 115, 50, 0, 91, 2, 38, 195, 196, 16, 202, 253, 169, 1, 245, 69, 78, 40, 255, 25, 85, 126, 79, 2, 63, 225, 24, 103, 130, 94, 156, 25, 80, 255, 185, 147, 206, 133, 102, 210, 198, 227, 144, 211, 229, 97, 211, 102, 193, 147, 233, 25, 28, 27, 31, 82, 64, 215, 121, 29, 13, 209, 187, 31, 197, 169, 0, 170, 109, 142, 45, 193, 218, 215, 144, 159, 32, 213, 29, 220, 206, 71, 174, 59, 116, 222, 101, 66, 76, 2, 168, 245, 232, 9, 115, 39, 84, 95, 246, 52, 198, 81, 69, 132, 182, 118, 172, 65, 20, 243, 66, 52, 3, 29, 165, 128, 47, 205, 10, 190, 137, 201, 54, 103, 36, 246, 73, 24, 133, 18, 12, 8, 73, 109, 10, 96, 235, 0, 52, 218, 175, 177, 204, 221, 10, 156, 4, 108, 224, 16, 59, 13, 32, 179, 237, 92, 195, 133, 90, 36, 125, 101, 89, 109, 201, 210, 155, 179, 232, 212, 180, 126, 205, 104, 126, 152, 13, 4, 104, 82, 232, 66, 13, 8, 172, 249, 33, 252, 42, 103, 121, 17, 243, 139, 250, 43, 24, 176, 82, 205, 252, 16, 164, 234, 192, 22, 144, 146, 135, 234, 144, 30, 246, 244, 175, 146, 114, 43, 26, 106, 165, 40, 49, 3, 11, 22, 179, 85, 51, 239, 18, 54, 225, 133, 218, 230, 129, 231, 75, 0, 85, 183, 176, 50, 135, 204, 64, 75, 184, 206, 51, 100, 7, 37, 25, 44, 16, 172, 28, 249, 160, 106, 65, 214, 122, 22, 243, 179, 90, 223, 148, 50, 26, 101, 121, 214, 165, 182, 216, 150, 188, 209, 123, 117, 243, 158, 79, 24, 122, 31, 17, 25, 0, 170, 238, 31, 244, 88, 167, 157, 10, 202, 6, 61, 244, 58, 172, 228, 187, 80, 59, 247, 49, 72, 104, 167, 21, 73, 67, 16, 155, 40, 236, 180, 118, 114, 187, 176, 57, 160, 164, 98, 136, 8, 29, 122, 62, 42, 58, 111, 49, 235, 160, 35, 231, 104, 176, 252, 206, 97, 115, 27, 160, 138, 231, 132, 103, 217, 55, 172, 20, 6, 77, 127, 88, 235, 2, 95, 178, 203, 143, 71, 107, 61, 35, 49, 88, 192, 84, 56, 125, 114, 183, 19, 179, 58, 62, 117, 228, 47, 168, 70, 98, 16, 7, 192, 77, 109, 138, 227, 1, 47, 45, 32, 10, 15, 247, 88, 43, 176, 17, 86, 229, 225, 213, 2, 59, 208, 129, 27, 90, 233, 176, 55, 66, 46, 183, 150, 65, 148, 139, 185, 80, 149, 22, 145, 84, 82, 131, 159, 214, 165, 131, 250, 54, 157, 176, 22, 100, 43, 138, 9, 132, 255, 39, 34, 93, 240, 196, 243, 21, 179, 55, 50, 158, 241, 208, 233, 45, 116, 35, 252, 209, 62, 15, 146, 189, 9, 233, 43, 118, 217, 53, 193, 50, 182, 130, 9, 220, 254, 118, 19, 161, 255, 218, 103, 38, 149, 96, 191, 78, 99, 107, 110, 124, 34, 141, 131, 166, 243, 75, 18, 252, 94, 100, 214, 172, 29, 133, 95, 74, 24, 30, 122, 185, 158, 20, 204, 190, 29, 181, 79, 137, 35, 50, 244, 171, 144, 22, 108, 16, 192, 80, 35, 57, 234, 201, 20, 82, 161, 120, 23, 102, 46, 48, 165, 181, 131, 136, 49, 54, 85, 77, 239, 14, 185, 81, 212, 95, 50, 1, 132, 125, 2, 77, 43, 73, 155, 133, 71, 129, 223, 179, 130, 228, 185, 109, 85, 57, 164, 184, 54, 222, 95, 182, 98, 155, 29, 162, 134, 147, 33, 27, 181, 7, 13, 155, 31, 133, 182, 70, 126, 199, 50, 119, 70, 105, 229, 94, 236, 82, 229, 213, 165, 84, 191, 5, 154, 226, 164, 163, 139, 12, 205, 172, 115, 70, 255, 201, 28, 135, 161, 149, 91, 218, 39, 239, 61, 141, 171, 183, 160, 118, 116, 204, 210, 28, 133, 188, 17, 142, 109, 203, 35, 36, 177, 245, 18, 156, 89, 79, 37, 149, 61, 161, 246, 7, 28, 120, 228, 174, 228, 240, 175, 4, 142, 183, 57, 186, 232, 132, 80, 52, 219, 21, 95, 196, 51, 43, 170, 104, 176, 197, 23, 158, 106, 174, 152, 243, 87, 204, 25, 224, 138, 87, 137, 198, 222, 8, 41, 209, 215, 156, 234, 178, 99, 205, 153, 188, 246, 163, 131, 93, 95, 255, 19, 219, 157, 111, 101, 43, 232, 169, 75, 15, 40, 30, 32, 243, 64, 138, 113, 93, 92, 158, 214, 100, 238, 82, 205, 16, 180, 129, 59, 153, 32, 241, 12, 134, 56, 216, 160, 22, 196, 208, 249, 174, 56, 175, 153, 92, 130, 174, 49, 84, 243, 89, 88, 6, 224, 248, 165, 44, 188, 161, 204, 234, 4, 75, 43, 43, 11, 137, 82, 21, 33, 51, 178, 138, 132, 232, 99, 143, 216, 204, 112, 170, 177, 14, 31, 115, 87, 17, 181, 188, 54, 29, 72, 107, 145, 212, 38, 82, 77, 59, 227, 55, 181, 214, 236, 255, 166, 25, 169, 127, 162, 7, 120, 235, 76, 195, 225, 45, 10, 110, 175, 117, 40, 225, 74, 242, 6, 34, 29, 56, 177, 4, 36, 202, 34, 63, 102, 56, 24, 208, 123, 204, 198, 199, 37, 84, 146, 43, 171, 46, 196, 50, 123, 177, 70, 75, 248, 217, 155, 238, 45, 108, 230, 29, 227, 251, 22, 196, 251, 225, 196, 44, 149, 178, 7, 76, 33, 253, 169, 76, 120, 174, 244, 128, 174, 73, 207, 19, 153, 127, 179, 40, 39, 250, 155, 207, 32, 254, 51, 10, 27, 39, 244, 125, 170, 50, 214, 146, 152, 192, 249, 146, 213, 223, 100, 44, 196, 28, 192, 98, 255, 63, 61, 188, 11, 195, 254, 157, 119, 117, 8, 162, 34, 70, 119, 126, 156, 67, 61, 219, 194, 14, 232, 228, 100, 87, 22, 188, 255, 111, 207, 2, 232, 19, 13, 253, 3, 104, 58, 224, 134, 165, 103, 195, 0, 24, 104, 237, 196, 100, 119, 211, 46, 54, 112, 97, 244, 138, 85, 35, 72, 209, 10, 119, 196, 154, 180, 95, 18, 217, 173, 112, 181, 250, 68, 72, 197, 35, 4, 141, 145, 208, 161, 36, 16, 91, 208, 124, 157, 78, 246, 181, 70, 26, 213, 17, 5, 191, 51, 120, 17, 13, 25, 185, 226, 175, 23, 201, 174, 215, 61, 250, 204, 192, 153, 77, 49, 248, 237, 68, 191, 240, 161, 43, 168, 12, 144, 47, 186, 75, 1, 253, 31, 250, 150, 222, 174, 3, 155, 147, 243, 47, 165, 143, 126, 182, 9, 87, 59, 109, 62, 234, 238, 40, 253, 94, 106, 194, 88, 185, 44, 139, 20, 63, 0, 90, 76, 95, 109, 241, 68, 132, 130, 144, 92, 41, 57, 138, 79, 149, 238, 127, 59, 83, 178, 245, 163, 132, 8, 74, 166, 15, 151, 202, 173, 185, 34, 182, 184, 249, 54, 20, 54, 181, 237, 60, 86, 62, 108, 200, 17, 140, 230, 37, 134, 10, 231, 52, 186, 48, 6, 93, 47, 186, 169, 41, 161, 113, 39, 184, 74, 156, 12, 19, 81, 182, 120, 91, 156, 217, 232, 75, 232, 20, 11, 40, 151, 194, 71, 138, 46, 119, 68, 3, 110, 174, 180, 253, 146, 202, 5, 92, 100, 150, 41, 35, 195, 16, 144, 189, 42, 164, 195, 146, 92, 204, 92, 226, 21, 160, 214, 202, 97, 197, 129, 132, 154, 80, 68, 115, 15, 24, 10, 29, 135, 5, 137, 250, 142, 181, 55, 232, 44, 10, 150, 168, 180, 75, 217, 214, 26, 210, 216, 128, 255, 229, 48, 62, 141, 197, 204, 108, 19, 189, 34, 114, 239, 35, 158, 55, 86, 236, 151, 23, 70, 107, 227, 183, 77, 234, 142, 182, 114, 55, 43, 21, 201, 13, 231, 135, 222, 121, 167, 25, 137, 172, 26, 71, 238, 137, 15, 95, 231, 201, 155, 22, 209, 97, 228, 26, 22, 54, 187, 156, 142, 179, 90, 225, 206, 139, 110, 191, 61, 60, 145, 84, 140, 107, 7, 74, 230, 204, 156, 94, 38, 253, 83, 241, 12, 173, 9, 116, 189, 106, 181, 131, 200, 114, 40, 77, 178, 21, 119, 144, 109, 253, 4, 44, 24, 205, 23, 83, 142, 40, 61, 85, 106, 238, 245, 103, 58, 147, 186, 239, 11, 128, 75, 207, 250, 108, 0, 88, 163, 136, 249, 83, 22, 153, 154, 90, 18, 178, 35, 19, 115, 191, 10, 25, 184, 10, 213, 155, 61, 164, 103, 20, 10, 138, 92, 71, 140, 165, 43, 52, 155, 229, 95, 204, 216, 146, 59, 225, 77, 184, 3, 105, 161, 162, 216, 96, 34, 62, 157, 116, 51, 222, 111, 48, 5, 209, 175, 159, 22, 144, 241, 229, 104, 187, 253, 54, 136, 209, 156, 133, 229, 5, 10, 227, 20, 24, 251, 90, 195, 212, 111, 13, 17, 242, 43, 132, 184, 115, 254, 38, 80, 199, 153, 75, 180, 152, 158, 88, 23, 13, 225, 242, 116, 169, 11, 86, 214, 188, 110, 95, 151, 139, 149, 221, 126, 94, 208, 108, 112, 187, 158, 248, 158, 224, 185, 177, 246, 214, 166, 230, 254, 123, 199, 251, 28, 238, 3, 251, 161, 86, 192, 50, 164, 48, 219, 193, 202, 205, 38, 164, 7, 43, 208, 138, 102, 225, 2, 107, 183, 137, 18, 44, 252, 76, 16, 60, 220, 96, 36, 40, 212, 227, 204, 58, 43, 95, 47, 226, 237, 159, 113, 30, 127, 226, 132, 199, 200, 176, 87, 243, 45, 154, 167, 29, 46, 114, 41, 171, 126, 238, 24, 88, 20, 176, 224, 186, 142, 23, 234, 28, 89, 229, 183, 159, 78, 18, 98, 141, 132, 104, 204, 164, 64, 195, 93, 245, 133, 172, 174, 14, 130, 170, 8, 1, 69, 90, 135, 108, 66, 112, 65, 28, 131, 124, 190, 179, 121, 252, 159, 209, 44, 158, 1, 213, 171, 164, 85, 153, 93, 235, 191, 4, 112, 160, 25, 26, 179, 105, 39, 21, 85, 172, 236, 186, 48, 45, 93, 85, 130, 61, 184, 38, 152, 109, 201, 70, 156, 12, 105, 57, 177, 188, 226, 63, 89, 32, 19, 186, 248, 255, 167, 190, 217, 190, 3, 76, 20, 113, 101, 153, 157, 148, 41, 115, 40, 203, 193, 245, 75, 141, 142, 109, 13, 96, 152, 61, 44, 220, 15, 53, 228, 2, 56, 180, 150, 149, 203, 219, 65, 196, 55, 222, 43, 192, 93, 189, 160, 255, 155, 177, 243, 84, 129, 233, 115, 139, 207, 145, 44, 167, 35, 134, 190, 62, 144, 229, 0, 216, 69, 218, 106, 62, 178, 75, 187, 157, 147, 68, 177, 195, 162, 42, 8, 232, 230, 161, 8, 222, 231, 55, 38, 96, 11, 29, 185, 106, 19, 32, 149, 115, 42, 23, 118, 191, 70, 156, 93, 167, 64, 159, 105, 85, 185, 116, 177, 136, 115, 63, 138, 181, 103, 141, 163, 242, 10, 34, 80, 106, 60, 102, 165, 231, 251, 108, 189, 152, 150, 143, 47, 36, 37, 254, 16, 228, 201, 54, 62, 9, 75, 64, 233, 139, 125, 218, 210, 111, 26, 225, 107, 17, 212, 127, 150, 167, 73, 242, 74, 253, 103, 16, 255, 100, 239, 102, 10, 194, 188, 58, 122, 12, 209, 108, 114, 153, 154, 235, 0, 69, 20, 247, 125, 210, 80, 230, 189, 65, 94, 240, 57, 153, 228, 124, 105, 135, 107, 193, 145, 121, 106, 112, 86, 236, 61, 0, 61, 11, 154, 184, 49, 230, 33, 132, 123, 116, 12, 83, 32, 140, 144, 65, 108, 197, 225, 44, 82, 148, 82, 78, 178, 249, 77, 237, 111, 207, 60, 176, 225, 2, 128, 161, 98, 170, 5, 195, 236, 43, 196, 41, 95, 31, 77, 148, 230, 92, 214, 4, 142, 54, 49, 76, 164, 83, 166, 85, 4, 144, 219, 61, 172, 223, 239, 199, 38, 125, 38, 104, 170, 190, 139, 168, 103, 211, 122, 105, 250, 80, 75, 249, 137, 66, 189, 125, 29, 209, 100, 61, 141, 241, 82, 170, 191, 252, 111, 18, 66, 164, 44, 240, 168, 238, 5, 130, 237, 29, 114, 29, 243, 74, 131, 98, 135, 142, 58, 237, 133, 101, 43, 89, 140, 62, 251, 40, 209, 196, 94, 152, 9, 0, 37, 232, 113, 181, 153, 26, 99, 180, 227, 196, 160, 131, 9, 157, 167, 37, 156, 190, 38, 34, 18, 156, 74, 198, 103, 96, 86, 48, 142, 223, 230, 238, 6, 147, 133, 120, 173, 108, 174, 41, 107, 199, 116, 87, 247, 146, 167, 195, 95, 242, 225, 49, 1, 129, 253, 237, 242, 14, 208, 224, 84, 180, 159, 83, 44, 139, 86, 1, 91, 121, 25, 207, 248, 126, 37, 76, 190, 185, 68, 237, 196, 80, 75, 224, 236, 49, 29, 184, 133, 183, 193, 235, 165, 220, 43, 219, 20, 31, 211, 247, 221, 135, 248, 114, 204, 52, 40, 46, 145, 98, 146, 240, 45, 212, 179, 165, 3, 197, 92, 54, 108, 122, 190, 31, 56, 237, 241, 230, 24, 123, 135, 84, 233, 179, 184, 121, 50, 196, 31, 163, 106, 88, 66, 13, 240, 177, 200, 190, 129, 108, 181, 95, 158, 96, 181, 66, 197, 74, 123, 246, 45, 222, 236, 82, 40, 81, 88, 34, 90, 85, 151, 226, 85, 138, 166, 102, 51, 164, 246, 159, 22, 208, 191, 207, 94, 121, 130, 80, 178, 76, 47, 55, 46, 85, 188, 119, 45, 67, 85, 207, 181, 123, 221, 3, 198, 160, 238, 144, 183, 19, 106, 54, 68, 245, 58, 201, 7, 20, 61, 76, 21, 159, 140, 0, 42, 148, 11, 238, 89, 95, 218, 16, 111, 217, 139, 247, 83, 78, 46, 127, 162, 48, 247, 199, 194, 96, 150, 64, 109, 9, 7, 237, 189, 225, 10, 102, 16, 141, 66, 11, 198, 248, 245, 114, 242, 235, 61, 150, 127, 253, 64, 171, 117, 242, 100, 249, 125, 38, 31, 117, 250, 212, 183, 32, 98, 37, 181, 148, 11, 126, 125, 89, 210, 74, 154, 232, 99, 94, 46, 3, 120, 24, 230, 141, 42, 241, 42, 148, 216, 198, 2, 18, 241, 137, 1, 58, 101, 155, 161, 89, 7, 237, 238, 209, 74, 186, 106, 19, 210, 158, 156, 3, 14, 60, 93, 36, 193, 157, 159, 138, 231, 29, 247, 145, 176, 246, 6, 253, 252, 140, 126, 175, 29, 18, 103, 214, 177, 47, 216, 195, 55, 157, 172, 143, 130, 59, 155, 237, 195, 247, 177, 8, 128, 101, 170, 71, 89, 90, 90, 45, 43, 78, 130, 35, 6, 72, 36, 118, 252, 229, 149, 197, 27, 174, 33, 71, 236, 183, 87, 3, 65, 113, 246, 86, 205, 236, 86, 156, 64, 24, 223, 157, 195, 104, 131, 41, 41, 174, 14, 237, 244, 24, 42, 110, 7, 247, 62, 230, 2, 106, 65, 248, 60, 177, 17, 223, 108, 38, 239, 237, 95, 106, 148, 144, 205, 6, 156, 217, 4, 186, 198, 77, 67, 129, 19, 243, 173, 61, 189, 10, 251, 100, 213, 239, 246, 84, 219, 159, 87, 231, 238, 58, 138, 142, 167, 249, 247, 123, 99, 238, 1, 159, 106, 183, 209, 25, 72, 245, 0, 225, 78, 137, 70, 218, 237, 168, 29, 42, 46, 216, 134, 32, 240, 106, 68, 114, 92, 234, 160, 228, 146, 5, 34, 187, 23, 175, 103, 161, 17, 111, 143, 237, 234, 92, 48, 90, 251, 203, 165, 178, 117, 72, 119, 149, 41, 146, 222, 82, 138, 78, 43, 239, 150, 28, 23, 58, 103, 242, 73, 211, 25, 160, 78, 53, 92, 104, 45, 237, 15, 138, 157, 221, 32, 8, 170, 165, 91, 249, 53, 29, 174, 82, 29, 95, 191, 179, 39, 91, 71, 220, 191, 202, 224, 228, 84, 143, 234, 134, 65, 171, 176, 56, 173, 66, 119, 154, 177, 77, 128, 180, 68, 29, 25, 117, 97, 251, 64, 88, 28, 7, 41, 82, 222, 165, 185, 208, 99, 187, 40, 159, 238, 104, 105, 152, 46, 246, 114, 73, 55, 88, 225, 80, 76, 37, 235, 163, 223, 86, 249, 14, 35, 69, 13, 225, 34, 132, 50, 252, 231, 213, 46, 11, 150, 74, 223, 237, 47, 88, 74, 36, 143, 119, 209, 68, 247, 244, 218, 203, 32, 128, 106, 186, 43, 63, 84, 154, 170, 72, 196, 175, 254, 123, 28, 63, 72, 65, 105, 189, 26, 32, 252, 243, 54, 22, 94, 240, 123, 75, 24, 8, 50, 45, 224, 86, 30, 9, 59, 188, 241, 154, 82, 121, 197, 29, 102, 13, 178, 84, 175, 93, 125, 151, 29, 127, 135, 62, 223, 144, 116, 209, 57, 143, 43, 132, 157, 192, 12, 132, 41, 213, 22, 121, 37, 103, 143, 144, 254, 104, 169, 36, 139, 217, 90, 250, 184, 5, 123, 5, 38, 51, 194, 11, 176, 85, 65, 66, 135, 2, 12, 52, 97, 14, 180, 122, 29, 16, 84, 247, 184, 61, 14, 155, 195, 7, 205, 32, 68, 5, 207, 54, 100, 167, 91, 127, 196, 160, 139, 169, 99, 178, 47, 6, 231, 10, 195, 15, 164, 27, 195, 181, 9, 61, 2, 213, 47, 112, 198, 206, 66, 175, 225, 128, 180, 156, 117, 25, 216, 4, 120, 44, 171, 2, 36, 79, 216, 171, 49, 225, 213, 198, 182, 11, 110, 103, 107, 113, 128, 223, 124, 238, 82, 103, 173, 40, 165, 40, 52, 221, 68, 55, 201, 171, 50, 214, 20, 84, 33, 157, 204, 149, 52, 136, 242, 212, 199, 245, 136, 165, 167, 180, 136, 132, 11, 42, 131, 152, 4, 26, 198, 63, 145, 216, 10, 147, 69, 144, 28, 195, 60, 254, 239, 234, 205, 17, 74, 159, 237, 30, 37, 237, 79, 87, 243, 151, 248, 210, 139, 144, 42, 165, 24, 49, 154, 161, 161, 121, 69, 177, 5, 155, 168, 223, 237, 60, 95, 223, 217, 191, 53, 39, 167, 128, 32, 29, 246, 171, 22, 158, 208, 113, 10, 60, 176, 7, 117, 118, 213, 22, 118, 82, 9, 50, 75, 38, 157, 6, 25, 76, 163, 157, 110, 88, 99, 144, 34, 52, 184, 43, 21, 255, 93, 1, 69, 116, 248, 54, 23, 218, 247, 48, 64, 235, 14, 71, 84, 168, 237, 49, 0, 101, 211, 248, 34, 250, 27, 75, 154, 189, 210, 62, 67, 81, 127, 130, 153, 145, 244, 128, 72, 226, 186, 93, 2, 66, 24, 140, 183, 225, 253, 60, 36, 137, 138, 200, 40, 51, 239, 90, 1, 59, 164, 177, 120, 231, 84, 53, 64, 218, 248, 210, 102, 198, 179, 158, 155, 254, 4, 38, 108, 55, 205, 3, 37, 124, 11, 202, 57, 196, 151, 176, 210, 44, 199, 11, 46, 183, 21, 102, 147, 242, 12, 26, 74, 193, 78, 166, 208, 90, 14, 242, 163, 48, 100, 150, 196, 246, 242, 52, 99, 142, 76, 217, 177, 122, 77, 196, 71, 107, 206, 135, 197, 95, 195, 196, 92, 132, 131, 152, 36, 188, 14, 162, 44, 223, 99, 36, 28, 166, 75, 150, 21, 27, 118, 35, 159, 209, 223, 159, 117, 238, 129, 59, 109, 204, 179, 71, 139, 10, 80, 78, 235, 117, 11, 92, 193, 50, 217, 13, 239, 84, 183, 81, 201, 192, 34, 126, 134, 216, 163, 249, 161, 185, 146, 33, 51, 237, 124, 230, 186, 136, 31, 20, 204, 116, 28, 58, 48, 99, 104, 126, 110, 228, 83, 37, 88, 119, 148, 110, 51, 234, 125, 127, 120, 238, 112, 245, 91, 251, 176, 54, 252, 72, 66, 22, 14, 82, 12, 38, 151, 143, 225, 107, 27, 88, 6, 26, 114, 177, 244, 24, 245, 101, 136, 97, 154, 19, 120, 31, 172, 39, 10, 83, 206, 198, 190, 16, 230, 74, 22, 30, 9, 29, 103, 58, 101, 211, 207, 72, 203, 221, 136, 246, 229, 207, 161, 214, 241, 162, 240, 230, 29, 228, 149, 210, 248, 23, 108, 168, 11, 222, 29, 232, 181, 252, 205, 144, 20, 83, 174, 206, 247, 82, 16, 242, 140, 94, 216, 45, 120, 86, 90, 189, 227, 43, 11, 112, 56, 194, 196, 55, 163, 254, 30, 55, 128, 114, 248, 88, 149, 252, 246, 195, 83, 192, 215, 103, 225, 222, 134, 12, 236, 232, 217, 105, 124, 53, 223, 194, 144, 73, 184, 76, 199, 223, 16, 210, 152, 68, 239, 32, 210, 214, 243, 5, 106, 159, 45, 154, 206, 220, 140, 241, 25, 39, 144, 116, 178, 18, 74, 184, 209, 42, 214, 47, 184, 157, 13, 74, 75, 67, 200, 106, 161, 40, 195, 252, 213, 175, 84, 218, 198, 173, 97, 205, 177, 24, 40, 82, 162, 32, 216, 221, 164, 229, 179, 65, 193, 64, 6, 69, 130, 64, 179, 184, 138, 159, 29, 165, 149, 237, 21, 100, 143, 131, 66, 218, 214, 30, 227, 56, 55, 12, 95, 74, 61, 160, 207, 219, 53, 86, 40, 108, 90, 196, 213, 0, 80, 211, 252, 66, 89, 136, 65, 8, 81, 37, 175, 175, 49, 115, 228, 8, 217, 238, 124, 172, 164, 228, 147, 86, 127, 129, 26, 183, 71, 205, 116, 30, 92, 46, 163, 245, 114, 3, 12, 87, 51, 246, 112, 207, 52, 151, 159, 230, 16, 133, 15, 145, 201, 70, 129, 45, 195, 184, 25, 189, 148, 151, 160, 148, 240, 7, 10, 91, 68, 45, 133, 223, 228, 46, 69, 170, 8, 248, 28, 210, 83, 234, 143, 44, 215, 91, 231, 246, 136, 118, 18, 124, 139, 241, 139, 186, 183, 86, 140, 222, 142, 118, 154, 231, 210, 202, 42, 60, 225, 158, 23, 220, 235, 55, 235, 68, 55, 26, 10, 233, 72, 219, 34, 153, 143, 21, 153, 204, 188, 69, 71, 22, 150, 194, 101, 198, 231, 183, 201, 112, 249, 180, 252, 79, 203, 209, 240, 176, 148, 162, 16, 231, 173, 127, 4, 59, 228, 148, 80, 47, 78, 138, 131, 160, 97, 148, 153, 65, 204, 60, 148, 19, 82, 148, 36, 103, 211, 37, 114, 217, 122, 233, 4, 198, 91, 148, 26, 136, 16, 243, 10, 63, 94, 136, 184, 206, 0, 55, 130, 235, 182, 42, 18, 68, 83, 25, 92, 241, 85, 168, 18, 117, 164, 248, 145, 250, 192, 83, 39, 146, 102, 8, 78, 60, 52, 185, 151, 134, 12, 180, 155, 87, 84, 75, 34, 16, 84, 6, 13, 4, 227, 112, 5, 249, 29, 52, 173, 49, 4, 47, 6, 34, 122, 120, 152, 98, 201, 106, 53, 142, 39, 175, 1, 18, 156, 89, 167, 227, 93, 220, 216, 88, 88, 25, 155, 16, 172, 174, 159, 193, 114, 134, 43, 80, 203, 154, 47, 21, 74, 2, 254, 224, 88, 92, 76, 218, 4, 98, 118, 89, 3, 207, 150, 136, 245, 43, 243, 182, 107, 188, 85, 17, 174, 252, 46, 30, 11, 133, 152, 37, 194, 176, 44, 3, 85, 139, 68, 214, 149, 105, 49, 210, 114, 118, 104, 189, 246, 53, 42, 221, 64, 13, 184, 143, 54, 164, 5, 222, 30, 44, 26, 195, 140, 84, 78, 217, 108, 237, 15, 254, 211, 31, 59, 240, 255, 3, 191, 127, 236, 53, 67, 71, 213, 221, 50, 125, 118, 126, 26, 206, 221, 1, 52, 215, 213, 73, 247, 12, 142, 175, 180, 144, 29, 26, 236, 15, 171, 236, 142, 188, 42, 244, 172, 170, 28, 113, 175, 32, 214, 136, 16, 231, 8, 57, 181, 70, 176, 85, 125, 77, 25, 112, 233, 181, 5, 157, 241, 24, 95, 6, 145, 21, 55, 143, 106, 96, 134, 226, 43, 44, 176, 211, 46, 152, 15, 180, 122, 146, 90, 224, 147, 167, 27, 214, 248, 165, 3, 70, 96, 233, 145, 46, 108, 145, 239, 252, 186, 66, 231, 217, 101, 165, 70, 148, 13, 221, 222, 152, 236, 78, 162, 2, 222, 245, 219, 249, 128, 218, 66, 78, 208, 229, 45, 42, 2, 73, 91, 238, 229, 227, 11, 193, 128, 184, 150, 96, 24, 184, 99, 206, 78, 72, 249, 172, 5, 114, 130, 15, 27, 23, 129, 10, 146, 94, 91, 70, 53, 172, 200, 194, 26, 231, 249, 31, 60, 42, 30, 193, 29, 240, 219, 130, 37, 121, 190, 124, 64, 147, 155, 194, 188, 203, 197, 18, 142, 27, 215, 253, 202, 144, 194, 56, 118, 53, 160, 227, 137, 7, 95, 137, 21, 229, 114, 165, 74, 163, 106, 2, 241, 8, 104, 69, 132, 144, 98, 148, 229, 57, 14, 231, 244, 227, 148, 96, 64, 242, 183, 50, 8, 101, 119, 210, 20, 14, 39, 110, 37, 42, 184, 172, 16, 25, 212, 248, 241, 102, 189, 140, 186, 24, 98, 199, 155, 46, 209, 112, 59, 59, 242, 67, 254, 248, 21, 135, 19, 194, 45, 138, 253, 156, 33, 119, 174, 153, 91, 210, 147, 188, 62, 212, 194, 98, 21, 175, 43, 161, 250, 1, 27, 49, 150, 4, 154, 254, 101, 43, 25, 121, 198, 89, 222, 78, 245, 83, 28, 188, 3, 116, 62, 117, 124, 19, 86, 11, 134, 53, 160, 14, 222, 24, 44, 208, 60, 210, 148, 166, 111, 217, 46, 129, 168, 167, 210, 220, 41, 132, 93, 12, 133, 129, 118, 53, 226, 250, 19, 251, 19, 114, 27, 155, 1, 162, 162, 83, 12, 81, 189, 159, 75, 81, 37, 89, 170, 83, 50, 170, 34, 198, 161, 185, 123, 165, 140, 64, 90, 132, 63, 166, 154, 7, 226, 191, 132, 42, 29, 218, 128, 9, 11, 26, 193, 213, 7, 235, 90, 193, 41, 228, 139, 241, 207, 84, 58, 35, 34, 190, 131, 148, 33, 10, 112, 138, 160, 70, 28, 122, 114, 211, 220, 88, 102, 179, 207, 14, 45, 136, 204, 1, 235, 34, 170, 75, 118, 14, 30, 220, 34, 69, 113, 107, 41, 149, 41, 125, 190, 148, 199, 69, 123, 130, 155, 42, 193, 254, 161, 218, 46, 40, 112, 205, 202, 66, 110, 214, 112, 140, 221, 178, 97, 141, 74, 218, 155, 205, 75, 171, 61, 244, 96, 238, 128, 167, 141, 187, 37, 54, 154, 113, 43, 228, 167, 55, 102, 64, 103, 11, 121, 235, 34, 202, 198, 141, 29, 87, 157, 170, 219, 243, 30, 188, 125, 201, 79, 218, 18, 130, 189, 5, 254, 63, 24, 121, 129, 84, 54, 81, 42, 107, 248, 167, 107, 37, 208, 170, 65, 65, 41, 212, 60, 4, 26, 17, 148, 39, 99, 163, 52, 187, 20, 239, 46, 77, 20, 38, 8, 199, 0, 217, 26, 5, 151, 131, 245, 110, 11, 179, 108, 184, 43, 246, 206, 155, 66, 93, 149, 54, 122, 196, 4, 255, 46, 77, 174, 170, 26, 12, 147, 249, 132, 179, 247, 203, 243, 162, 187, 184, 103, 182, 254, 54, 222, 84, 240, 11, 21, 65, 182, 68, 200, 167, 14, 219, 204, 149, 24, 32, 34, 98, 34, 241, 38, 149, 187, 128, 228, 44, 250, 248, 106, 250, 240, 93, 2, 197, 44, 49, 38, 194, 198, 127, 169, 202, 99, 95, 232, 204, 64, 61, 0, 245, 244, 130, 30, 173, 72, 115, 40, 242, 10, 114, 71, 231, 104, 158, 178, 87, 233, 0, 228, 65, 237, 235, 46, 249, 222, 4, 26, 175, 33, 11, 45, 108, 246, 251, 102, 48, 44, 139, 35, 38, 138, 96, 49, 75, 197, 54, 119, 124, 105, 243, 215, 19, 55, 220, 124, 172, 156, 134, 198, 132, 191, 67, 13, 115, 11, 73, 254, 220, 195, 179, 188, 103, 216, 93, 241, 50, 253, 72, 149, 101, 69, 203, 14, 11, 30, 201, 103, 251, 154, 146, 90, 227, 144, 115, 40, 25, 216, 111, 114, 201, 232, 201, 103, 253, 30, 44, 210, 254, 56, 61, 170, 126, 113, 251, 47, 159, 36, 33, 197, 137, 136, 108, 19, 241, 121, 169, 43, 221, 162, 186, 136, 134, 4, 9, 142, 48, 219, 239, 210, 43, 222, 219, 81, 8, 150, 129, 95, 48, 171, 243, 27, 107, 188, 60, 208, 18, 232, 116, 31, 23, 44, 240, 180, 199, 93, 155, 131, 139, 85, 21, 235, 193, 201, 227, 70, 63, 91, 52, 89, 240, 126, 54, 154, 120, 98, 129, 177, 79, 186, 130, 12, 134, 33, 102, 219, 47, 86, 168, 123, 116, 9, 9, 171, 135, 127, 166, 96, 213, 112, 169, 50, 120, 245, 216, 159, 178, 45, 5, 169, 118, 56, 114, 38, 172, 51, 12, 156, 220, 53, 130, 52, 236, 52, 42, 198, 84, 98, 89, 121, 12, 165, 96, 173, 227, 86, 238, 114, 161, 243, 72, 30, 71, 207, 67, 18, 193, 218, 99, 206, 51, 46, 114, 174, 144, 168, 92, 154, 207, 40, 24, 66, 121, 93, 25, 184, 168, 7, 54, 53, 220, 249, 195, 27, 153, 128, 243, 10, 161, 192, 177, 215, 125, 84, 11, 35, 203, 216, 191, 157, 109, 252, 150, 16, 229, 4, 65, 26, 56, 39, 100, 157, 28, 255, 232, 188, 121, 232, 146, 22, 185, 174, 76, 143, 194, 90, 191, 177, 144, 240, 219, 170, 251, 49, 213, 184, 64, 192, 46, 198, 5, 34, 137, 91, 237, 82, 73, 38, 116, 183, 14, 1, 146, 177, 63, 89, 113, 122, 56, 213, 92, 164, 108, 12, 123, 187, 69, 153, 97, 205, 96, 57, 137, 135, 215, 166, 223, 48, 70, 205, 164, 49, 202, 10, 145, 206, 223, 222, 19, 244, 233, 246, 194, 251, 186, 162, 14, 228, 68, 122, 190, 207, 42, 124, 70, 202, 30, 71, 71, 145, 125, 113, 144, 203, 60, 39, 171, 55, 38, 129, 235, 115, 187, 108, 97, 153, 71, 78, 26, 51, 170, 102, 51, 37, 65, 126, 195, 79, 221, 190, 228, 10, 249, 130, 32, 168, 255, 16, 122, 245, 3, 134, 56, 187, 224, 249, 136, 251, 145, 63, 52, 32, 46, 184, 6, 219, 222, 177, 254, 47, 223, 59, 224, 201, 38, 209, 197, 11, 102, 4, 163, 156, 7, 198, 138, 203, 26, 12, 232, 96, 98, 60, 172, 215, 58, 108, 46, 137, 106, 251, 78, 147, 197, 149, 82, 45, 52, 232, 250, 157, 254, 41, 205, 242, 129, 121, 38, 60, 219, 148, 52, 34, 67, 5, 56, 109, 184, 37, 180, 60, 38, 132, 181, 240, 42, 118, 123, 145, 107, 7, 173, 39, 138, 23, 205, 91, 74, 68, 229, 23, 15, 83, 42, 179, 252, 41, 120, 8, 63, 30, 177, 225, 211, 53, 39, 43, 81, 226, 172, 187, 84, 118, 60, 158, 244, 17, 180, 97, 33, 2, 66, 208, 250, 253, 231, 132, 247, 160, 99, 48, 51, 96, 196, 155, 166, 108, 184, 31, 255, 83, 180, 152, 249, 50, 184, 253, 210, 6, 215, 183, 71, 126, 229, 105, 62, 231, 15, 95, 36, 117, 82, 176, 15, 0, 21, 231, 183, 228, 167, 193, 220, 94, 158, 230, 101, 238, 33, 27, 148, 35, 2, 79, 111, 84, 72, 228, 214, 178, 39, 135, 96, 184, 238, 33, 122, 54, 168, 44, 46, 83, 76, 41, 47, 228, 148, 188, 224, 100, 41, 238, 250, 14, 205, 87, 124, 251, 241, 74, 100, 226, 244, 127, 84, 64, 0, 120, 253, 111, 69, 204, 129, 78, 24, 97, 2, 9, 86, 222, 127, 131, 28, 243, 79, 22, 188, 98, 112, 122, 4, 76, 136, 72, 211, 220, 253, 21, 187, 224, 109, 75, 70, 212, 42, 95, 107, 237, 72, 176, 63, 62, 113, 20, 246, 117, 253, 45, 119, 199, 214, 242, 65, 12, 255, 78, 216, 237, 96, 137, 56, 189, 54, 170, 198, 211, 28, 209, 4, 8, 152, 251, 105, 203, 55, 185, 52, 67, 121, 30, 139, 249, 201, 54, 3, 16, 249, 32, 39, 191, 129, 146, 81, 212, 144, 80, 48, 194, 205, 226, 93, 71, 151, 47, 206, 28, 111, 247, 21, 29, 17, 47, 171, 13, 64, 21, 91, 77, 216, 23, 183, 130, 200, 184, 186, 176, 215, 224, 54, 160, 228, 211, 242, 164, 135, 230, 90, 115, 4, 197, 169, 131, 133, 43, 52, 219, 216, 170, 2, 214, 212, 26, 41, 116, 136, 187, 133, 172, 110, 116, 39, 190, 208, 0, 133, 182, 68, 79, 10, 219, 194, 97, 252, 92, 87, 45, 6, 94, 65, 208, 45, 174, 32, 181, 195, 109, 172, 20, 166, 47, 193, 200, 31, 69, 46, 173, 69, 54, 223, 231, 183, 121, 185, 82, 34, 148, 250, 34, 82, 178, 43, 32, 67, 60, 183, 62, 152, 141, 65, 150, 146, 106, 110, 212, 98, 159, 85, 21, 108, 54, 28, 157, 144, 148, 162, 9, 123, 157, 251, 27, 38, 242, 28, 3, 172, 163, 203, 37, 78, 164, 234, 84, 79, 236, 162, 84, 167, 234, 96, 189, 203, 158, 111, 149, 220, 9, 31, 86, 249, 196, 21, 28, 28, 8, 127, 230, 199, 169, 79, 186, 152, 142, 37, 122, 114, 19, 130, 39, 73, 162, 8, 113, 180, 45, 125, 71, 173, 79, 221, 150, 138, 1, 94, 39, 4, 202, 220, 4, 146, 129, 76, 91, 119, 17, 111, 70, 6, 158, 128, 240, 5, 43, 96, 5, 98, 87, 217, 21, 80, 105, 57, 20, 64, 4, 216, 23, 42, 166, 19, 79, 138, 124, 209, 240, 50, 195, 216, 44, 223, 203, 186, 227, 241, 205, 150, 15, 37, 51, 48, 200, 227, 176, 63, 137, 43, 204, 181, 5, 7, 204, 195, 7, 86, 150, 74, 176, 104, 196, 102, 162, 255, 87, 230, 111, 101, 177, 91, 12, 117, 183, 10, 71, 105, 10, 47, 175, 216, 102, 89, 15, 93, 65, 184, 61, 104, 131, 32, 165, 169, 95, 136, 77, 209, 251, 138, 5, 80, 255, 209, 61, 212, 43, 96, 2, 153, 82, 80, 220, 107, 70, 120, 9, 73, 50, 2, 238, 76, 212, 224, 235, 134, 7, 56, 82, 158, 30, 29, 17, 38, 243, 159, 34, 29, 250, 192, 11, 58, 12, 26, 61, 53, 249, 249, 11, 206, 71, 76, 190, 252, 164, 228, 213, 27, 133, 174, 232, 212, 158, 78, 137, 91, 62, 126, 81, 133, 7, 51, 146, 121, 95, 179, 118, 106, 80, 30, 41, 150, 171, 232, 84, 18, 28, 203, 182, 120, 99, 49, 98, 4, 177, 171, 209, 119, 78, 215, 240, 42, 37, 194, 62, 227, 181, 152, 76, 68, 94, 101, 18, 183, 35, 37, 108, 165, 177, 93, 22, 49, 238, 129, 55, 53, 222, 168, 25, 209, 141, 46, 113, 179, 9, 92, 253, 59, 43, 159, 140, 234, 128, 98, 25, 193, 107, 246, 65, 29, 200, 107, 214, 221, 185, 39, 70, 236, 229, 214, 66, 118, 86, 183, 150, 247, 128, 201, 246, 249, 231, 34, 100, 185, 191, 231, 28, 106, 170, 90, 46, 144, 212, 186, 49, 230, 239, 154, 23, 194, 78, 213, 31, 129, 116, 104, 58, 184, 58, 93, 156, 77, 214, 227, 149, 5, 248, 241, 1, 129, 174, 158, 179, 88, 222, 15, 23, 171, 156, 68, 7, 62, 105, 124, 51, 36, 55, 146, 238, 119, 91, 2, 147, 153, 55, 206, 50, 142, 152, 213, 30, 158, 227, 241, 170, 47, 29, 72, 137, 32, 213, 205, 56, 205, 212, 102, 154, 138, 17, 79, 103, 175, 95, 181, 93, 246, 242, 91, 158, 47, 247, 158, 32, 229, 253, 8, 110, 56, 229, 169, 178, 142, 9, 184, 66, 15, 224, 198, 40, 254, 121, 252, 231, 166, 158, 183, 192, 44, 71, 20, 27, 14, 205, 53, 48, 46, 220, 207, 128, 80, 128, 170, 190, 254, 114, 168, 105, 120, 111, 158, 96, 179, 142, 30, 22, 6, 144, 137, 242, 245, 21, 12, 243, 55, 179, 19, 12, 232, 105, 97, 88, 108, 190, 7, 210, 50, 161, 187, 117, 216, 103, 6, 172, 238, 180, 227, 135, 117, 124, 228, 206, 6, 239, 112, 251, 157, 92, 178, 6, 108, 8, 107, 49, 217, 3, 164, 234, 197, 182, 228, 72, 68, 26, 88, 240, 32, 184, 254, 56, 161, 72, 8, 68, 208, 64, 127, 149, 142, 4, 10, 5, 70, 158, 246, 184, 152, 76, 107, 255, 59, 145, 107, 147, 28, 39, 143, 208, 83, 206, 206, 139, 114, 93, 135, 70, 193, 214, 87, 206, 124, 162, 196, 25, 18, 249, 251, 236, 149, 158, 235, 24, 116, 122, 163, 6, 20, 169, 42, 194, 108, 217, 233, 153, 231, 110, 138, 214, 228, 99, 114, 199, 197, 61, 1, 34, 59, 47, 217, 207, 8, 43, 173, 150, 124, 23, 76, 113, 123, 95, 229, 60, 122, 2, 218, 152, 239, 82, 110, 123, 101, 8, 25, 55, 135, 129, 29, 41, 115, 119, 146, 28, 252, 54, 159, 84, 50, 46, 145, 62, 54, 25, 104, 192, 196, 27, 207, 103, 246, 110, 134, 108, 33, 252, 138, 37, 213, 78, 217, 18, 199, 25, 21, 181, 24, 82, 192, 209, 7, 78, 149, 165, 22, 200, 213, 23, 191, 105, 24, 83, 201, 128, 119, 123, 59, 29, 246, 88, 145, 178, 117, 38, 198, 216, 14, 70, 233, 14, 247, 62, 77, 51, 191, 179, 210, 26, 255, 162, 11, 39, 9, 40, 139, 194, 144, 225, 40, 86, 133, 61, 239, 194, 190, 25, 204, 138, 212, 136, 100, 4, 145, 91, 148, 233, 206, 27, 218, 98, 252, 162, 176, 228, 163, 179, 214, 24, 235, 224, 86, 225, 193, 170, 100, 124, 9, 41, 35, 124, 156, 49, 95, 248, 236, 86, 70, 211, 78, 148, 114, 129, 211, 228, 69, 198, 17, 169, 149, 164, 116, 125, 37, 243, 32, 188, 245, 63, 253, 4, 163, 140, 213, 237, 89, 98, 151, 208, 196, 126, 119, 177, 52, 31, 125, 37, 130, 25, 232, 29, 122, 210, 85, 36, 171, 134, 141, 73, 173, 105, 161, 27, 142, 224, 250, 210, 211, 48, 219, 102, 57, 57, 89, 35, 199, 53, 164, 205, 40, 64, 89, 222, 5, 213, 113, 72, 133, 39, 239, 107, 123, 108, 111, 35, 90, 241, 199, 7, 241, 96, 71, 83, 157, 174, 140, 76, 30, 202, 39, 117, 52, 227, 100, 166, 138, 109, 248, 42, 80, 3, 169, 180, 62, 194, 177, 0, 195, 172, 203, 40, 12, 139, 27, 58, 235, 231, 34, 244, 164, 28, 184, 132, 5, 110, 73, 238, 101, 237, 25, 71, 48, 218, 68, 167, 255, 109, 216, 11, 147, 37, 23, 192, 149, 100, 110, 61, 24, 189, 64, 38, 16, 212, 156, 5, 174, 243, 101, 134, 5, 201, 171, 237, 0, 194, 48, 204, 205, 208, 55, 28, 41, 48, 82, 227, 111, 187, 201, 241, 121, 26, 203, 159, 198, 82, 96, 180, 255, 219, 12, 237, 212, 192, 61, 190, 12, 150, 141, 218, 122, 132, 54, 39, 219, 219, 252, 230, 72, 54, 100, 166, 110, 205, 236, 143, 62, 208, 19, 11, 168, 29, 114, 116, 226, 175, 253, 108, 210, 173, 92, 227, 174, 62, 79, 1, 42, 96, 156, 251, 43, 68, 49, 227, 212, 148, 172, 1, 105, 254, 67, 132, 108, 144, 162, 151, 48, 65, 24, 219, 208, 187, 54, 207, 44, 9, 254, 48, 49, 70, 92, 74, 15, 29, 15, 228, 231, 68, 188, 196, 248, 71, 172, 223, 159, 210, 2, 55, 43, 73, 68, 202, 50, 53, 241, 33, 12, 112, 5, 36, 92, 134, 185, 191, 7, 13, 76, 12, 97, 75, 68, 20, 54, 160, 30, 76, 71, 11, 80, 156, 145, 127, 244, 130, 156, 229, 143, 118, 232, 211, 138, 15, 55, 111, 134, 156, 109, 166, 63, 146, 18, 199, 131, 198, 64, 211, 34, 194, 191, 157, 210, 198, 231, 10, 161, 93, 224, 239, 159, 33, 27, 174, 5, 6, 90, 211, 198, 193, 203, 64, 182, 86, 187, 47, 89, 46, 158, 131, 110, 252, 225, 193, 244, 36, 246, 116, 1, 238, 177, 26, 37, 196, 113, 236, 161, 38, 45, 247, 157, 203, 185, 69, 32, 155, 11, 198, 53, 234, 187, 189, 35, 65, 36, 225, 73, 173, 244, 112, 42, 164, 175, 141, 220, 4, 174, 198, 210, 32, 169, 165, 74, 7, 140, 42, 234, 177, 10, 78, 175, 95, 203, 97, 83, 215, 38, 167, 122, 208, 157, 171, 146, 171, 23, 7, 71, 248, 28, 114, 142, 36, 180, 125, 169, 132, 3, 138, 31, 124, 245, 215, 236, 88, 248, 244, 102, 78, 193, 88, 15, 129, 9, 8, 146, 2, 164, 124, 85, 6, 193, 243, 62, 18, 233, 173, 174, 77, 28, 110, 99, 199, 155, 106, 55, 125, 104, 127, 193, 242, 173, 249, 68, 128, 193, 6, 114, 205, 117, 126, 175, 136, 57, 72, 200, 19, 133, 196, 135, 77, 9, 51, 56, 203, 15, 242, 246, 28, 17, 148, 18, 42, 158, 196, 73, 143, 130, 92, 91, 16, 101, 4, 152, 143, 251, 75, 185, 6, 203, 78, 221, 194, 130, 49, 109, 39, 28, 169, 27, 222, 211, 180, 55, 122, 227, 49, 12, 21, 16, 19, 76, 55, 204, 156, 236, 96, 95, 117, 63, 31, 134, 33, 251, 126, 5, 138, 50, 142, 229, 80, 196, 102, 183, 132, 108, 6, 209, 125, 26, 214, 50, 139, 40, 155, 123, 212, 3, 129, 201, 220, 186, 33, 176, 183, 222, 121, 0, 145, 25, 86, 45, 198, 201, 34, 123, 85, 165, 105, 224, 211, 54, 90, 233, 127, 239, 166, 174, 177, 12, 51, 129, 212, 52, 24, 31, 9, 1, 65, 219, 74, 240, 173, 163, 145, 83, 219, 159, 1, 61, 225, 56, 74, 116, 240, 35, 28, 160, 139, 30, 37, 94, 63, 196, 239, 222, 37, 135, 140, 74, 52, 138, 245, 136, 186, 91, 95, 246, 82, 43, 109, 138, 219, 237, 208, 102, 54, 30, 205, 238, 201, 191, 173, 162, 139, 0, 61, 225, 42, 121, 10, 94, 100, 47, 100, 23, 219, 4, 90, 128, 160, 100, 150, 102, 173, 122, 25, 171, 77, 204, 155, 243, 2, 202, 221, 24, 155, 23, 113, 240, 41, 199, 69, 109, 213, 239, 153, 108, 251, 165, 35, 154, 74, 43, 230, 181, 68, 212, 32, 123, 51, 36, 59, 141, 171, 123, 116, 99, 205, 28, 232, 131, 45, 252, 171, 62, 193, 125, 205, 23, 227, 228, 130, 15, 7, 127, 166, 123, 92, 115, 121, 123, 79, 30, 56, 179, 151, 142, 47, 68, 189, 194, 43, 66, 20, 55, 195, 250, 14, 228, 50, 35, 106, 158, 60, 49, 206, 126, 236, 3, 228, 41, 215, 143, 227, 24, 174, 167, 254, 23, 68, 183, 129, 11, 79, 58, 40, 161, 107, 231, 9, 207, 8, 253, 203, 225, 33, 224, 90, 151, 8, 241, 112, 170, 221, 108, 251, 46, 205, 210, 16, 10, 91, 101, 55, 158, 39, 18, 47, 240, 237, 37, 84, 27, 170, 203, 124, 157, 153, 242, 92, 19, 189, 5, 144, 100, 254, 114, 137, 187, 190, 1, 83, 202, 51, 229, 154, 191, 137, 2, 5, 241, 119, 32, 94, 123, 45, 226, 121, 227, 255, 79, 157, 7, 103, 111, 18, 249, 68, 18, 249, 67, 178, 0, 60, 100, 147, 143, 11, 53, 61, 211, 43, 237, 8, 152, 40, 87, 33, 100, 79, 109, 179, 155, 117, 49, 49, 200, 7, 166, 198, 15, 113, 159, 216, 48, 52, 156, 155, 166, 206, 102, 202, 130, 5, 216, 244, 15, 54, 164, 42, 75, 33, 6, 208, 182, 135, 44, 198, 34, 134, 70, 159, 127, 190, 98, 205, 112, 215, 195, 190, 230, 90, 125, 185, 243, 2, 103, 4, 47, 91, 253, 40, 215, 188, 249, 189, 224, 124, 18, 131, 49, 6, 187, 122, 143, 110, 158, 99, 5, 91, 217, 224, 204, 21, 205, 229, 29, 34, 101, 33, 242, 224, 41, 211, 230, 25, 197, 156, 19, 132, 183, 199, 11, 244, 57, 64, 96, 135, 125, 30, 216, 236, 24, 197, 69, 32, 108, 2, 155, 28, 173, 254, 95, 182, 232, 185, 21, 193, 188, 5, 43, 142, 57, 198, 33, 89, 177, 38, 18, 145, 138, 224, 138, 238, 193, 26, 233, 144, 162, 138, 210, 25, 182, 126, 32, 83, 185, 136, 38, 106, 235, 205, 23, 204, 151, 121, 195, 140, 16, 0, 207, 87, 168, 1, 217, 174, 103, 95, 16, 177, 74, 114, 200, 39, 242, 89, 120, 215, 139, 142, 209, 234, 238, 128, 220, 65, 202, 170, 85, 208, 87, 205, 191, 133, 158, 35, 52, 136, 60, 114, 169, 21, 15, 60, 175, 4, 66, 178, 112, 240, 182, 231, 147, 148, 130, 172, 185, 79, 111, 221, 126, 37, 142, 142, 30, 214, 233, 225, 186, 242, 93, 2, 24, 95, 137, 77, 67, 28, 208, 216, 109, 143, 161, 31, 138, 255, 51, 207, 24, 124, 202, 222, 86, 186, 195, 82, 80, 20, 109, 228, 171, 219, 26, 15, 233, 61, 207, 120, 13, 38, 132, 181, 43, 236, 108, 57, 228, 181, 71, 47, 255, 189, 99, 22, 6, 101, 89, 5, 39, 10, 171, 38, 177, 132, 105, 168, 173, 219, 231, 5, 190, 25, 62, 251, 48, 58, 143, 105, 88, 85, 120, 136, 252, 67, 139, 97, 91, 54, 245, 132, 34, 165, 22, 233, 9, 215, 34, 227, 188, 228, 211, 119, 195, 38, 229, 151, 84, 158, 149, 248, 201, 182, 94, 37, 112, 89, 10, 23, 204, 113, 20, 143, 205, 97, 46, 172, 118, 118, 153, 168, 212, 221, 152, 66, 134, 37, 242, 35, 160, 168, 176, 17, 138, 148, 114, 142, 135, 196, 16, 34, 235, 170, 68, 229, 79, 107, 26, 5, 54, 61, 233, 147, 185, 143, 179, 117, 186, 26, 216, 179, 99, 167, 52, 133, 218, 7, 224, 0, 76, 249, 204, 51, 40, 133, 90, 177, 169, 98, 151, 149, 69, 132, 166, 161, 4, 86, 46, 77, 40, 37, 189, 12, 234, 187, 15, 143, 125, 66, 171, 182, 30, 33, 197, 4, 184, 250, 14, 65, 75, 100, 136, 72, 12, 237, 91, 218, 103, 92, 168, 170, 46, 19, 71, 193, 71, 197, 192, 195, 244, 138, 163, 152, 161, 201, 59, 227, 54, 190, 56, 172, 159, 193, 135, 140, 217, 129, 112, 199, 61, 163, 101, 254, 35, 36, 16, 161, 233, 123, 69, 56, 192, 22, 97, 164, 67, 29, 128, 152, 120, 40, 240, 206, 217, 89, 8, 211, 233, 240, 35, 207, 77, 240, 249, 247, 28, 38, 191, 96, 8, 6, 33, 80, 204, 243, 165, 8, 147, 18, 73, 20, 20, 216, 219, 91, 71, 185, 255, 168, 129, 130, 76, 187, 140, 206, 244, 167, 22, 14, 182, 251, 60, 43, 239, 231, 121, 114, 228, 140, 10, 114, 80, 41, 225, 152, 121, 162, 118, 124, 205, 14, 103, 55, 69, 170, 29, 22, 172, 226, 223, 13, 43, 123, 196, 110, 158, 198, 109, 48, 240, 55, 204, 219, 113, 11, 227, 204, 104, 204, 140, 91, 40, 65, 124, 171, 169, 199, 168, 48, 19, 59, 132, 16, 1, 56, 244, 59, 128, 115, 101, 102, 148, 24, 185, 56, 52, 154, 192, 136, 171, 149, 91, 105, 52, 36, 190, 145, 244, 155, 13, 239, 39, 83, 253, 2, 5, 132, 138, 176, 48, 54, 117, 104, 86, 81, 25, 121, 212, 69, 227, 246, 195, 172, 93, 227, 117, 225, 90, 204, 92, 67, 140, 169, 106, 57, 225, 34, 103, 129, 190, 25, 239, 82, 159, 28, 144, 87, 142, 120, 253, 47, 164, 21, 79, 118, 29, 198, 134, 50, 170, 72, 104, 153, 133, 74, 79, 21, 30, 20, 70, 221, 44, 125, 120, 187, 221, 229, 78, 21, 198, 236, 160, 64, 26, 150, 57, 227, 218, 235, 50, 109, 79, 95, 119, 40, 46, 137, 127, 142, 139, 10, 141, 83, 15, 113, 189, 249, 64, 119, 66, 16, 70, 50, 224, 190, 81, 207, 197, 19, 177, 177, 252, 26, 229, 37, 128, 197, 236, 83, 23, 87, 27, 46, 143, 193, 135, 223, 201, 244, 228, 57, 165, 14, 114, 105, 85, 37, 95, 8, 42, 238, 100, 39, 102, 221, 96, 75, 4, 92, 84, 232, 140, 214, 156, 8, 61, 98, 228, 31, 229, 99, 240, 214, 90, 138, 99, 102, 141, 210, 101, 57, 193, 205, 85, 233, 252, 56, 180, 216, 192, 13, 51, 57, 252, 131, 113, 12, 20, 128, 29, 127, 13, 76, 129, 106, 171, 45, 90, 108, 119, 168, 252, 52, 172, 7, 223, 177, 4, 56, 192, 102, 11, 16, 173, 18, 55, 5, 80, 34, 127, 161, 161, 204, 127, 54, 47, 233, 83, 101, 72, 33, 65, 191, 38, 14, 163, 200, 233, 240, 213, 191, 226, 70, 46, 42, 61, 245, 15, 79, 126, 3, 177, 106, 172, 98, 179, 247, 192, 48, 142, 43, 4, 31, 35, 48, 90, 229, 227, 138, 179, 254, 109, 182, 204, 221, 54, 11, 243, 21, 192, 186, 32, 32, 102, 181, 152, 147, 202, 78, 88, 160, 251, 148, 242, 72, 181, 193, 238, 88, 8, 51, 164, 145, 171, 76, 214, 108, 100, 170, 54, 226, 136, 193, 164, 14, 82, 158, 225, 73, 249, 232, 61, 11, 99, 168, 99, 209, 206, 46, 136, 121, 210, 62, 147, 161, 237, 161, 25, 29, 247, 45, 64, 72, 185, 178, 55, 4, 66, 194, 125, 136, 132, 35, 215, 65, 103, 218, 37, 18, 42, 4, 101, 233, 146, 252, 89, 8, 197, 13, 21, 82, 208, 241, 137, 207, 126, 201, 93, 45, 150, 107, 26, 187, 75, 252, 197, 158, 202, 149, 196, 155, 217, 231, 111, 223, 54, 2, 109, 39, 216, 111, 248, 122, 13, 77, 173, 143, 115, 192, 208, 45, 162, 37, 124, 135, 5, 240, 227, 112, 89, 123, 139, 221, 35, 70, 78, 178, 173, 13, 143, 146, 131, 47, 128, 135, 29, 146, 197, 43, 73, 186, 241, 41, 139, 11, 227, 186, 3, 4, 73, 120, 109, 229, 132, 234, 30, 230, 189, 218, 107, 213, 156, 88, 146, 130, 216, 186, 100, 220, 107, 96, 245, 36, 205, 29, 40, 231, 29, 224, 224, 202, 224, 126, 13, 148, 178, 119, 79, 195, 118, 54, 227, 48, 211, 196, 130, 60, 92, 207, 144, 119, 136, 50, 173, 104, 229, 14, 36, 252, 195, 13, 104, 138, 134, 194, 34, 251, 163, 171, 2, 189, 79, 61, 195, 208, 84, 187, 102, 34, 182, 66, 143, 250, 145, 136, 33, 53, 167, 7, 24, 198, 200, 58, 191, 61, 11, 63, 200, 97, 95, 225, 80, 82, 64, 56, 243, 239, 114, 78, 81, 141, 46, 201, 104, 121, 20, 133, 55, 152, 137, 3, 204, 51, 198, 79, 63, 244, 245, 53, 163, 231, 65, 238, 128, 190, 220, 182, 183, 204, 250, 215, 79, 176, 208, 133, 252, 192, 146, 47, 153, 25, 9, 17, 83, 85, 179, 104, 184, 174, 23, 125, 84, 48, 138, 40, 77, 27, 59, 154, 27, 218, 102, 222, 207, 168, 8, 66, 240, 142, 1, 133, 57, 236, 190, 46, 46, 141, 181, 48, 45, 48, 112, 130, 241, 165, 10, 198, 234, 183, 186, 127, 2, 2, 57, 58, 109, 44, 145, 206, 145, 103, 170, 79, 12, 44, 191, 23, 168, 249, 212, 228, 246, 54, 128, 63, 154, 199, 155, 21, 140, 210, 163, 125, 176, 106, 17, 186, 127, 179, 54, 232, 142, 59, 136, 143, 58, 6, 251, 34, 18, 195, 199, 70, 131, 144, 206, 126, 202, 93, 126, 143, 84, 172, 94, 227, 145, 196, 98, 156, 13, 199, 146, 253, 23, 60, 80, 7, 175, 76, 76, 44, 199, 36, 76, 226, 243, 108, 93, 156, 151, 30, 109, 207, 255, 217, 50, 144, 75, 90, 113, 56, 175, 204, 114, 130, 45, 112, 197, 121, 161, 222, 148, 20, 123, 6, 255, 92, 248, 44, 149, 109, 126, 154, 131, 140, 246, 121, 53, 242, 248, 180, 227, 14, 75, 83, 7, 159, 164, 184, 125, 168, 69, 70, 146, 4, 75, 18, 156, 41, 194, 24, 251, 78, 198, 19, 75, 104, 175, 220, 224, 170, 197, 161, 158, 57, 114, 80, 236, 58, 80, 46, 216, 168, 216, 95, 217, 22, 145, 53, 44, 103, 100, 129, 19, 150, 193, 127, 47, 94, 129, 202, 106, 47, 84, 31, 96, 140, 128, 67, 253, 89, 22, 243, 243, 94, 105, 46, 81, 32, 133, 201, 49, 226, 214, 35, 193, 188, 154, 164, 62, 84, 7, 193, 116, 9, 163, 106, 246, 211, 125, 76, 19, 87, 13, 125, 205, 151, 226, 228, 177, 30, 134, 253, 104, 196, 9, 35, 58, 140, 77, 72, 246, 52, 244, 33, 6, 203, 7, 246, 43, 120, 237, 169, 28, 139, 3, 23, 195, 92, 68, 248, 85, 25, 96, 146, 203, 91, 84, 124, 94, 80, 173, 225, 238, 11, 228, 143, 179, 160, 185, 179, 120, 133, 43, 203, 153, 2, 12, 185, 212, 127, 184, 200, 227, 21, 3, 89, 74, 61, 40, 200, 17, 13, 162, 83, 219, 119, 236, 180, 72, 127, 141, 144, 75, 107, 62, 137, 221, 60, 174, 116, 165, 115, 131, 58, 132, 31, 249, 80, 220, 152, 63, 95, 21, 119, 192, 248, 148, 58, 12, 152, 194, 178, 217, 108, 221, 133, 104, 90, 6, 83, 155, 130, 141, 125, 201, 103, 86, 1, 33, 29, 174, 72, 171, 77, 216, 78, 234, 36, 105, 64, 75, 90, 88, 203, 98, 58, 30, 90, 175, 163, 211, 72, 83, 19, 88, 127, 93, 246, 149, 5, 25, 81, 25, 246, 141, 187, 4, 69, 44, 156, 100, 48, 111, 14, 205, 21, 61, 188, 65, 151, 123, 124, 19, 149, 228, 217, 145, 148, 89, 98, 8, 34, 100, 16, 64, 120, 0, 71, 107, 174, 120, 51, 54, 141, 207, 10, 42, 18, 19, 41, 18, 232, 17, 14, 157, 36, 218, 127, 109, 209, 175, 221, 197, 14, 240, 68, 41, 59, 221, 118, 233, 243, 40, 41, 212, 25, 189, 186, 225, 119, 253, 220, 48, 243, 246, 252, 29, 220, 122, 118, 124, 202, 161, 51, 214, 19, 189, 119, 213, 170, 197, 6, 144, 132, 239, 133, 47, 32, 75, 20, 85, 43, 118, 229, 35, 33, 102, 249, 11, 4, 172, 173, 91, 229, 119, 171, 33, 5, 31, 172, 55, 222, 212, 249, 130, 211, 239, 152, 92, 24, 65, 196, 197, 30, 129, 88, 186, 114, 177, 70, 121, 211, 138, 211, 190, 156, 21, 142, 37, 26, 1, 18, 70, 27, 161, 221, 78, 157, 176, 174, 15, 58, 55, 231, 157, 69, 244, 92, 31, 73, 251, 93, 193, 205, 112, 193, 127, 185, 99, 26, 175, 33, 41, 46, 12, 114, 70, 250, 180, 27, 206, 183, 243, 38, 148, 64, 231, 167, 11, 134, 196, 78, 252, 66, 24, 18, 84, 116, 38, 30, 17, 211, 188, 0, 126, 37, 152, 241, 141, 119, 121, 34, 52, 187, 4, 163, 23, 138, 142, 114, 206, 62, 217, 19, 245, 41, 137, 33, 28, 176, 212, 138, 157, 249, 55, 13, 176, 240, 5, 24, 61, 205, 5, 235, 216, 44, 37, 236, 59, 48, 48, 150, 125, 178, 210, 182, 194, 242, 238, 158, 43, 119, 90, 20, 218, 86, 180, 27, 187, 120, 243, 30, 213, 149, 217, 26, 176, 213, 156, 216, 14, 89, 214, 65, 53, 252, 42, 205, 57, 111, 220, 99, 243, 117, 195, 25, 26, 147, 222, 6, 242, 83, 96, 173, 192, 211, 28, 197, 10, 110, 208, 164, 167, 78, 49, 88, 249, 159, 57, 169, 206, 105, 129, 239, 54, 177, 233, 7, 169, 51, 21, 46, 199, 186, 17, 179, 16, 81, 112, 86, 84, 193, 134, 247, 135, 24, 162, 155, 8, 146, 138, 243, 240, 159, 166, 184, 166, 39, 233, 71, 21, 57, 84, 28, 88, 97, 152, 126, 73, 97, 94, 244, 228, 237, 213, 53, 58, 89, 210, 167, 102, 24, 223, 96, 211, 27, 58, 18, 192, 216, 104, 185, 209, 129, 9, 11, 63, 141, 170, 28, 39, 77, 233, 199, 14, 92, 106, 65, 192, 46, 227, 131, 55, 131, 34, 11, 75, 173, 210, 140, 230, 71, 254, 248, 87, 177, 144, 39, 194, 170, 207, 207, 101, 175, 123, 160, 95, 86, 209, 85, 220, 174, 136, 46, 71, 225, 188, 208, 46, 144, 161, 88, 35, 175, 31, 82, 224, 46, 14, 5, 67, 242, 216, 44, 65, 226, 1, 253, 4, 191, 42, 174, 226, 99, 206, 7, 154, 61, 217, 251, 37, 46, 210, 223, 176, 235, 160, 226, 132, 73, 126, 43, 74, 66, 212, 106, 167, 185, 231, 207, 132, 201, 140, 45, 51, 26, 7, 127, 214, 78, 70, 148, 57, 118, 213, 196, 65, 58, 127, 190, 153, 44, 255, 24, 3, 56, 75, 254, 146, 139, 175, 70, 255, 192, 34, 178, 93, 132, 95, 168, 102, 178, 113, 96, 62, 75, 85, 129, 164, 251, 230, 14, 59, 56, 111, 8, 67, 5, 100, 29, 185, 148, 196, 178, 12, 222, 50, 156, 97, 14, 48, 89, 174, 161, 241, 104, 119, 62, 84, 22, 165, 44, 223, 129, 73, 124, 124, 19, 189, 190, 137, 184, 238, 103, 173, 33, 132, 27, 220, 216, 147, 9, 116, 208, 230, 232, 2, 101, 141, 90, 171, 201, 111, 27, 212, 61, 249, 95, 80, 16, 235, 166, 3, 193, 1, 69, 215, 145, 175, 254, 23, 13, 220, 92, 75, 144, 170, 38, 234, 131, 62, 192, 117, 174, 103, 64, 181, 87, 65, 69, 243, 7, 9, 175, 78, 39, 70, 35, 128, 238, 47, 148, 67, 209, 96, 210, 202, 62, 153, 59, 85, 5, 125, 218, 33, 172, 87, 242, 204, 6, 58, 233, 157, 5, 11, 223, 189, 231, 164, 101, 142, 171, 104, 35, 96, 200, 54, 236, 138, 97, 94, 184, 146, 146, 12, 237, 233, 188, 101, 121, 50, 45, 87, 219, 149, 28, 132, 172, 193, 180, 9, 153, 93, 24, 106, 201, 200, 151, 101, 94, 188, 24, 227, 105, 93, 189, 84, 194, 195, 178, 155, 97, 240, 173, 218, 127, 229, 20, 244, 170, 214, 140, 146, 43, 206, 113, 61, 86, 6, 76, 139, 197, 15, 83, 132, 242, 120, 248, 6, 161, 192, 158, 35, 87, 37, 89, 156, 107, 240, 7, 172, 14, 105, 130, 0, 141, 254, 250, 38, 32, 97, 247, 130, 238, 198, 160, 137, 220, 15, 226, 5, 66, 213, 60, 170, 153, 94, 37, 136, 211, 167, 14, 161, 135, 102, 28, 88, 48, 167, 245, 56, 108, 65, 188, 44, 240, 180, 181, 20, 4, 232, 50, 67, 101, 224, 30, 139, 220, 221, 25, 106, 220, 98, 45, 44, 241, 60, 218, 253, 24, 204, 116, 139, 124, 85, 85, 228, 170, 186, 136, 176, 49, 214, 253, 31, 194, 73, 105, 46, 54, 105, 113, 110, 48, 81, 47, 31, 175, 87, 69, 85, 45, 132, 143, 1, 22, 191, 23, 174, 6, 205, 246, 79, 94, 181, 35, 240, 155, 182, 40, 217, 222, 21, 190, 72, 210, 223, 36, 210, 38, 251, 8, 230, 130, 72, 125, 154, 162, 235, 165, 179, 248, 141, 13, 82, 227, 189, 166, 185, 108, 176, 158, 122, 217, 160, 155, 87, 129, 48, 24, 239, 144, 48, 119, 148, 9, 19, 203, 212, 246, 58, 37, 15, 116, 129, 213, 248, 91, 4, 164, 121, 92, 171, 25, 45, 138, 253, 37, 4, 253, 248, 14, 28, 0, 79, 69, 85, 77, 246, 246, 59, 233, 39, 2, 174, 251, 251, 220, 109, 94, 78, 130, 78, 159, 101, 239, 231, 97, 143, 210, 88, 182, 101, 35, 93, 86, 55, 199, 178, 81, 244, 44, 176, 81, 242, 217, 113, 179, 205, 95, 0, 155, 191, 111, 11, 32, 34, 203, 236, 26, 171, 114, 6, 24, 154, 41, 188, 111, 139, 34, 166, 221, 26, 93, 40, 151, 217, 39, 211, 234, 69, 13, 223, 60, 133, 146, 123, 192, 33, 75, 179, 115, 156, 75, 69, 141, 63, 5, 4, 177, 203, 183, 204, 74, 90, 158, 196, 87, 26, 54, 182, 128, 211, 170, 117, 15, 253, 57, 68, 122, 58, 199, 96, 136, 224, 125, 47, 176, 163, 41, 14, 62, 78, 76, 38, 8, 192, 189, 170, 191, 255, 243, 103, 79, 226, 129, 107, 105, 72, 159, 72, 11, 172, 185, 56, 112, 140, 42, 93, 97, 249, 37, 140, 235, 78, 230, 146, 124, 216, 118, 219, 69, 55, 75, 217, 248, 228, 195, 22, 51, 79, 30, 128, 149, 8, 67, 225, 76, 162, 146, 13, 80, 156, 1, 1, 161, 107, 3, 158, 128, 231, 73, 97, 182, 49, 181, 226, 167, 191, 134, 104, 182, 144, 220, 246, 78, 242, 127, 105, 246, 189, 239, 25, 202, 7, 37, 220, 251, 128, 224, 185, 110, 16, 171, 177, 101, 4, 200, 0, 138, 190, 92, 194, 134, 168, 20, 37, 57, 12, 34, 167, 85, 111, 112, 133, 148, 246, 32, 167, 126, 125, 205, 254, 26, 232, 147, 76, 53, 33, 27, 134, 248, 192, 62, 205, 101, 119, 20, 2, 252, 83, 233, 159, 18, 107, 20, 201, 138, 56, 30, 39, 46, 34, 165, 202, 177, 244, 229, 220, 208, 148, 244, 110, 223, 180, 85, 144, 195, 202, 113, 6, 118, 136, 54, 116, 24, 118, 219, 180, 133, 148, 33, 179, 102, 11, 94, 104, 71, 186, 7, 99, 55, 23, 41, 249, 80, 81, 237, 32, 113, 75, 61, 174, 104, 98, 48, 108, 117, 255, 153, 206, 177, 19, 41, 9, 52, 249, 24, 198, 147, 71, 84, 189, 130, 155, 207, 234, 108, 66, 179, 251, 253, 123, 161, 174, 44, 185, 137, 83, 22, 129, 162, 91, 139, 143, 0, 63, 71, 252, 191, 28, 157, 130, 165, 100, 0, 128, 102, 51, 100, 245, 252, 212, 38, 105, 216, 92, 86, 89, 255, 91, 53, 62, 152, 232, 91, 71, 3, 7, 57, 243, 66, 15, 133, 253, 117, 60, 133, 8, 87, 187, 34, 153, 195, 199, 240, 22, 205, 222, 17, 136, 115, 208, 162, 103, 212, 23, 61, 23, 29, 30, 181, 49, 198, 2, 76, 112, 26, 0, 11, 97, 11, 114, 114, 222, 31, 212, 216, 235, 83, 74, 175, 96, 216, 142, 13, 27, 159, 19, 50, 155, 42, 176, 71, 33, 22, 96, 65, 85, 71, 226, 15, 88, 112, 63, 228, 41, 247, 203, 100, 216, 189, 87, 86, 158, 177, 104, 9, 127, 76, 124, 186, 10, 4, 3, 130, 189, 196, 170, 152, 234, 33, 193, 210, 141, 191, 145, 78, 162, 46, 13, 180, 103, 205, 141, 125, 134, 182, 9, 50, 99, 101, 243, 138, 187, 15, 208, 196, 32, 9, 235, 153, 153, 234, 139, 63, 38, 22, 58, 45, 188, 238, 137, 31, 137, 118, 22, 253, 62, 213, 67, 165, 94, 104, 228, 154, 236, 13, 149, 156, 58, 43, 13, 208, 235, 188, 243, 174, 210, 101, 115, 18, 241, 132, 230, 30, 84, 15, 41, 122, 113, 147, 29, 225, 100, 148, 21, 52, 11, 2, 154, 219, 63, 240, 6, 43, 93, 8, 151, 102, 118, 176, 125, 69, 18, 200, 246, 4, 125, 46, 59, 65, 251, 73, 59, 253, 247, 157, 93, 197, 46, 19, 88, 130, 176, 85, 245, 183, 81, 46, 139, 179, 187, 178, 235, 124, 30, 65, 188, 51, 39, 143, 32, 97, 237, 105, 245, 244, 207, 43, 76, 49, 103, 30, 228, 122, 60, 25, 213, 224, 122, 248, 140, 229, 157, 56, 225, 111, 65, 59, 253, 36, 167, 135, 239, 120, 123, 13, 37, 194, 226, 9, 239, 128, 32, 31, 62, 99, 188, 97, 21, 0, 225, 82, 58, 240, 231, 65, 52, 36, 10, 104, 75, 249, 94, 92, 2, 234, 188, 170, 7, 150, 249, 65, 40, 37, 47, 19, 69, 151, 63, 218, 127, 69, 211, 84, 198, 212, 75, 141, 25, 19, 52, 123, 234, 25, 109, 0, 60, 89, 86, 89, 19, 92, 175, 131, 34, 202, 146, 46, 197, 29, 0, 188, 37, 141, 122, 159, 127, 178, 142, 48, 16, 96, 22, 250, 4, 176, 70, 98, 137, 182, 17, 32, 233, 60, 11, 95, 180, 101, 40, 31, 177, 174, 54, 252, 26, 83, 79, 219, 68, 72, 21, 185, 75, 73, 26, 168, 238, 193, 9, 167, 84, 81, 220, 84, 239, 200, 58, 6, 253, 51, 48, 21, 6, 12, 137, 253, 42, 110, 84, 113, 202, 121, 185, 67, 224, 149, 146, 93, 253, 53, 144, 177, 145, 229, 236, 26, 140, 208, 85, 130, 105, 4, 170, 18, 232, 27, 98, 240, 143, 175, 80, 110, 216, 15, 39, 188, 65, 79, 179, 198, 54, 127, 133, 121, 163, 98, 3, 227, 238, 138, 76, 110, 58, 91, 137, 0, 167, 227, 221, 164, 138, 130, 161, 124, 241, 120, 159, 29, 81, 51, 34, 151, 114, 22, 83, 240, 132, 209, 145, 113, 3, 205, 20, 187, 147, 240, 39, 26, 136, 167, 199, 144, 154, 150, 138, 81, 130, 161, 85, 9, 56, 230, 169, 173, 126, 183, 14, 123, 218, 83, 61, 151, 249, 15, 179, 232, 146, 159, 84, 16, 52, 194, 98, 137, 188, 210, 230, 101, 1, 133, 204, 203, 124, 5, 254, 234, 167, 222, 173, 108, 84, 84, 161, 169, 244, 112, 67, 14, 195, 98, 155, 27, 61, 143, 11, 242, 254, 243, 138, 95, 197, 186, 140, 51, 152, 226, 83, 203, 133, 43, 185, 156, 133, 158, 108, 185, 8, 184, 46, 208, 137, 66, 122, 13, 170, 175, 71, 123, 135, 54, 86, 109, 240, 231, 127, 181, 95, 19, 96, 176, 92, 170, 1, 143, 228, 158, 37, 251, 101, 119, 95, 247, 156, 9, 177, 7, 47, 217, 228, 49, 72, 213, 156, 110, 175, 158, 216, 185, 250, 116, 94, 226, 51, 182, 118, 244, 50, 125, 99, 66, 179, 89, 94, 188, 223, 105, 250, 45, 126, 80, 111, 35, 33, 136, 204, 220, 161, 255, 22, 55, 229, 195, 161, 113, 117, 56, 0, 160, 195, 221, 181, 72, 246, 115, 48, 34, 127, 124, 0, 37, 51, 118, 9, 144, 104, 207, 158, 217, 67, 132, 242, 4, 46, 187, 115, 52, 4, 211, 233, 126, 154, 200, 34, 38, 176, 253, 121, 90, 54, 22, 1, 22, 94, 2, 216, 75, 211, 69, 22, 196, 37, 40, 229, 130, 16, 213, 172, 74, 25, 197, 133, 3, 106, 212, 112, 111, 25, 163, 255, 9, 154, 228, 107, 12, 182, 233, 162, 217, 244, 1, 181, 132, 41, 48, 189, 251, 131, 9, 161, 102, 177, 150, 212, 13, 146, 204, 121, 41, 64, 213, 172, 63, 109, 82, 173, 22, 230, 252, 232, 200, 86, 65, 99, 78, 250, 170, 24, 102, 198, 9, 23, 28, 223, 54, 207, 35, 191, 198, 91, 111, 234, 69, 234, 100, 162, 15, 35, 47, 198, 47, 64, 87, 40, 34, 99, 6, 218, 196, 42, 36, 254, 85, 4, 112, 212, 128, 108, 141, 217, 74, 248, 75, 249, 13, 162, 225, 194, 111, 246, 44, 1, 60, 141, 25, 146, 9, 74, 36, 243, 206, 167, 24, 76, 218, 22, 140, 72, 219, 89, 199, 178, 6, 55, 63, 217, 48, 80, 41, 231, 46, 166, 46, 9, 2, 225, 15, 156, 206, 100, 175, 73, 19, 172, 209, 126, 147, 193, 155, 105, 32, 134, 11, 158, 135, 197, 223, 223, 70, 196, 225, 58, 17, 10, 46, 251, 131, 24, 88, 34, 115, 203, 231, 52, 114, 134, 223, 132, 214, 233, 65, 255, 232, 43, 46, 251, 242, 231, 159, 83, 61, 170, 170, 252, 96, 89, 30, 206, 146, 193, 104, 7, 84, 177, 164, 30, 40, 94, 30, 215, 234, 232, 70, 7, 140, 150, 96, 79, 224, 127, 101, 156, 66, 32, 153, 106, 105, 75, 5, 36, 156, 125, 90, 82, 178, 186, 168, 117, 16, 147, 241, 25, 220, 249, 58, 129, 219, 115, 250, 64, 158, 115, 206, 137, 214, 68, 54, 13, 240, 62, 0, 8, 73, 135, 55, 37, 177, 7, 71, 255, 79, 217, 184, 204, 4, 108, 49, 93, 224, 173, 55, 79, 50, 75, 0, 24, 253, 224, 212, 191, 143, 163, 42, 204, 6, 89, 40, 213, 51, 54, 153, 66, 113, 210, 1, 150, 63, 134, 138, 17, 61, 165, 191, 175, 109, 74, 214, 137, 20, 4, 68, 233, 84, 38, 34, 75, 169, 187, 186, 40, 20, 176, 118, 4, 16, 199, 81, 74, 255, 162, 223, 67, 230, 39, 69, 33, 252, 150, 228, 111, 240, 158, 13, 121, 233, 101, 31, 30, 203, 55, 170, 34, 71, 3, 195, 173, 143, 20, 98, 160, 57, 84, 197, 79, 72, 203, 87, 22, 48, 225, 22, 10, 198, 174, 232, 7, 201, 186, 45, 205, 215, 148, 89, 210, 147, 175, 196, 170, 48, 84, 203, 24, 13, 75, 225, 160, 118, 207, 255, 243, 81, 161, 25, 217, 29, 81, 164, 74, 166, 20, 33, 90, 75, 113, 243, 194, 115, 236, 67, 28, 154, 114, 153, 163, 29, 218, 211, 141, 11, 179, 56, 232, 236, 156, 113, 147, 71, 197, 211, 156, 118, 168, 44, 251, 187, 85, 144, 132, 247, 56, 126, 98, 213, 5, 79, 21, 84, 205, 107, 7, 34, 15, 48, 11, 186, 103, 148, 50, 58, 68, 196, 34, 22, 30, 47, 38, 72, 107, 125, 54, 102, 19, 217, 37, 9, 80, 147, 230, 49, 147, 182, 234, 246, 253, 249, 238, 228, 67, 101, 233, 123, 7, 86, 191, 36, 163, 43, 120, 218, 215, 52, 48, 172, 154, 173, 255, 219, 58, 92, 115, 188, 69, 125, 229, 204, 185, 156, 164, 136, 187, 119, 9, 175, 72, 111, 197, 251, 73, 40, 13, 45, 91, 33, 242, 41, 96, 188, 113, 230, 169, 136, 152, 222, 88, 30, 223, 67, 251, 80, 36, 174, 190, 92, 165, 98, 177, 176, 193, 146, 75, 7, 31, 205, 126, 115, 95, 245, 98, 60, 187, 180, 43, 198, 18, 192, 222, 135, 187, 22, 105, 193, 204, 117, 238, 24, 249, 158, 133, 2, 162, 161, 171, 32, 131, 35, 116, 218, 145, 12, 146, 155, 57, 112, 156, 43, 129, 250, 45, 198, 75, 254, 225, 185, 4, 245, 37, 80, 74, 179, 18, 35, 91, 226, 53, 30, 27, 208, 235, 29, 249, 176, 117, 88, 166, 82, 157, 42, 158, 77, 71, 245, 202, 194, 71, 70, 36, 74, 229, 54, 1, 26, 115, 43, 68, 248, 182, 25, 183, 119, 239, 71, 61, 208, 101, 125, 176, 87, 64, 130, 126, 52, 141, 147, 89, 247, 250, 247, 63, 42, 39, 128, 213, 218, 56, 171, 150, 183, 9, 9, 112, 202, 176, 48, 148, 210, 113, 115, 108, 149, 59, 35, 255, 87, 3, 79, 150, 14, 15, 33, 198, 148, 157, 41, 159, 204, 155, 98, 44, 163, 236, 44, 165, 188, 218, 174, 112, 197, 126, 34, 62, 174, 24, 93, 98, 148, 135, 28, 56, 194, 254, 176, 74, 180, 205, 61, 155, 251, 214, 175, 70, 70, 183, 14, 160, 194, 166, 159, 90, 234, 183, 206, 93, 47, 97, 136, 21, 90, 200, 226, 108, 182, 74, 37, 144, 57, 84, 74, 134, 152, 229, 255, 111, 62, 19, 46, 15, 161, 21, 142, 28, 163, 130, 128, 164, 180, 39, 124, 235, 199, 0, 233, 95, 92, 4, 41, 176, 201, 239, 216, 207, 199, 85, 70, 147, 166, 175, 16, 172, 23, 75, 50, 6, 243, 70, 16, 152, 252, 180, 140, 123, 198, 90, 71, 214, 1, 3, 214, 241, 255, 140, 157, 76, 151, 120, 163, 170, 250, 144, 46, 163, 60, 50, 31, 212, 188, 229, 210, 128, 101, 66, 251, 248, 156, 79, 64, 186, 95, 118, 57, 189, 79, 172, 223, 93, 141, 63, 121, 133, 95, 59, 6, 13, 23, 224, 130, 221, 50, 142, 66, 41, 130, 177, 236, 215, 239, 24, 105, 219, 99, 243, 133, 224, 187, 13, 43, 70, 247, 113, 148, 50, 197, 161, 31, 21, 98, 164, 199, 193, 18, 141, 20, 189, 222, 19, 21, 11, 113, 60, 159, 196, 246, 178, 29, 15, 170, 186, 202, 151, 132, 108, 54, 53, 206, 70, 26, 55, 202, 216, 165, 95, 219, 32, 79, 170, 219, 209, 153, 55, 85, 129, 53, 238, 237, 253, 35, 233, 134, 246, 53, 120, 2, 151, 38, 239, 223, 150, 34, 47, 218, 158, 25, 183, 26, 20, 255, 136, 130, 53, 0, 66, 119, 185, 11, 40, 63, 78, 156, 204, 27, 91, 70, 106, 69, 197, 4, 125, 187, 245, 5, 51, 113, 21, 4, 219, 237, 22, 109, 131, 185, 80, 108, 232, 182, 2, 98, 65, 237, 99, 34, 20, 0, 189, 185, 157, 200, 148, 213, 236, 45, 57, 25, 181, 195, 200, 172, 242, 213, 212, 62, 157, 158, 249, 37, 237, 108, 174, 222, 184, 20, 244, 122, 224, 178, 11, 88, 114, 122, 199, 98, 234, 168, 249, 18, 32, 219, 241, 116, 67, 61, 199, 171, 241, 65, 125, 56, 50, 112, 146, 71, 160, 65, 190, 178, 225, 33, 100, 210, 212, 67, 22, 45, 22, 44, 105, 6, 244, 73, 39, 119, 115, 56, 20, 4, 160, 111, 120, 181, 151, 193, 75, 158, 190, 101, 204, 116, 36, 174, 250, 10, 171, 47, 67, 184, 242, 177, 167, 42, 206, 36, 254, 121, 141, 251, 153, 135, 56, 45, 12, 46, 63, 152, 162, 189, 94, 79, 237, 34, 255, 23, 96, 80, 38, 10, 17, 161, 82, 99, 230, 40, 24, 167, 52, 128, 183, 203, 36, 252, 71, 22, 211, 21, 22, 224, 220, 193, 171, 232, 8, 76, 80, 158, 147, 61, 250, 237, 115, 133, 211, 129, 86, 9, 191, 58, 157, 247, 121, 16, 11, 91, 10, 102, 233, 113, 92, 187, 113, 194, 219, 231, 158, 153, 170, 12, 250, 177, 82, 6, 131, 171, 123, 221, 49, 25, 183, 184, 66, 85, 164, 194, 206, 208, 110, 193, 131, 56, 251, 249, 18, 228, 119, 149, 51, 68, 181, 59, 139, 137, 122, 32, 224, 155, 6, 192, 90, 29, 162, 120, 34, 168, 71, 45, 249, 181, 194, 235, 186, 19, 247, 106, 30, 189, 60, 90, 149, 195, 78, 222, 27, 50, 69, 43, 78, 148, 31, 56, 171, 30, 74, 210, 77, 51, 179, 81, 92, 156, 147, 212, 207, 34, 14, 26, 159, 217, 10, 207, 149, 203, 151, 95, 184, 23, 59, 30, 44, 56, 86, 11, 32, 14, 112, 95, 95, 132, 99, 79, 101, 2, 188, 87, 85, 187, 181, 27, 119, 17, 108, 233, 249, 144, 132, 96, 191, 158, 248, 127, 26, 232, 93, 34, 126, 23, 154, 223, 88, 216, 241, 23, 35, 144, 43, 132, 236, 61, 122, 160, 175, 31, 150, 253, 101, 227, 34, 172, 114, 207, 236, 42, 12, 0, 106, 202, 225, 27, 20, 122, 81, 174, 19, 59, 107, 31, 238, 20, 210, 204, 3, 132, 135, 97, 201, 210, 96, 252, 54, 2, 22, 21, 78, 52, 248, 212, 41, 27, 45, 11, 214, 152, 84, 132, 93, 44, 233, 157, 183, 103, 34, 24, 178, 35, 123, 192, 203, 94, 240, 211, 224, 4, 101, 149, 8, 7, 198, 49, 164, 195, 217, 45, 50, 77, 206, 238, 50, 99, 45, 18, 246, 178, 7, 66, 142, 182, 62, 105, 19, 128, 188, 15, 184, 233, 82, 29, 15, 7, 206, 235, 73, 194, 242, 2, 170, 144, 36, 200, 186, 165, 242, 59, 115, 126, 66, 151, 116, 111, 222, 163, 208, 222, 125, 115, 193, 22, 156, 83, 33, 136, 152, 163, 242, 27, 20, 40, 180, 123, 41, 246, 31, 2, 145, 76, 114, 68, 233, 3, 49, 187, 66, 89, 100, 32, 9, 50, 115, 100, 63, 189, 225, 66, 186, 224, 248, 31, 115, 18, 76, 228, 5, 152, 108, 106, 136, 74, 253, 26, 44, 160, 144, 254, 1, 173, 243, 178, 15, 67, 77, 219, 58, 213, 17, 83, 145, 86, 189, 67, 180, 25, 30, 96, 214, 77, 130, 77, 153, 185, 30, 79, 1, 172, 74, 56, 162, 140, 66, 153, 84, 126, 56, 131, 70, 36, 163, 97, 236, 248, 123, 26, 88, 32, 83, 29, 61, 170, 54, 246, 234, 77, 46, 71, 130, 17, 130, 176, 35, 127, 58, 200, 76, 155, 24, 138, 151, 174, 43, 148, 117, 40, 220, 197, 229, 40, 170, 111, 87, 88, 194, 94, 189, 28, 160, 156, 170, 69, 42, 251, 60, 70, 22, 157, 60, 28, 49, 116, 154, 79, 99, 153, 11, 162, 47, 227, 243, 2, 183, 86, 68, 46, 135, 211, 218, 17, 92, 130, 210, 135, 33, 49, 219, 172, 191, 7, 197, 42, 170, 184, 170, 237, 12, 3, 100, 250, 35, 129, 245, 12, 192, 41, 61, 172, 240, 20, 13, 227, 244, 70, 11, 141, 47, 52, 226, 244, 22, 183, 6, 169, 8, 132, 253, 145, 82, 160, 13, 55, 221, 19, 208, 23, 153, 40, 244, 2, 138, 109, 152, 221, 85, 154, 206, 227, 210, 245, 67, 9, 39, 115, 95, 165, 241, 119, 198, 109, 255, 64, 196, 196, 253, 83, 113, 4, 234, 54, 191, 250, 30, 98, 6, 36, 168, 102, 100, 218, 16, 35, 36, 66, 183, 77, 12, 192, 162, 15, 211, 163, 40, 233, 130, 160, 230, 52, 3, 42, 98, 20, 208, 41, 247, 227, 247, 96, 71, 88, 21, 38, 8, 79, 218, 237, 88, 139, 208, 55, 120, 65, 61, 138, 59, 102, 84, 194, 2, 255, 212, 23, 66, 86, 92, 156, 15, 18, 82, 168, 56, 47, 170, 146, 55, 113, 126, 190, 46, 142, 106, 71, 247, 33, 41, 143, 52, 155, 112, 25, 106, 239, 121, 15, 53, 204, 55, 77, 146, 181, 50, 20, 137, 197, 22, 248, 184, 120, 120, 76, 253, 241, 127, 245, 134, 223, 150, 216, 55, 127, 104, 91, 251, 144, 173, 40, 35, 66, 240, 65, 11, 0, 128, 84, 96, 42, 202, 232, 91, 226, 255, 156, 67, 62, 103, 55, 77, 209, 41, 245, 247, 67, 11, 168, 122, 243, 208, 37, 39, 121, 125, 168, 58, 198, 35, 126, 220, 135, 15, 132, 155, 44, 71, 158, 61, 159, 175, 99, 31, 33, 103, 187, 52, 136, 151, 69, 60, 131, 96, 25, 90, 246, 47, 169, 83, 31, 158, 246, 137, 58, 164, 68, 100, 150, 23, 14, 102, 73, 161, 62, 26, 83, 233, 90, 40, 237, 215, 38, 229, 4, 99, 17, 118, 60, 153, 145, 176, 0, 224, 155, 63, 39, 79, 204, 21, 249, 112, 10, 118, 128, 7, 136, 24, 47, 214, 226, 20, 101, 91, 201, 24, 218, 96, 25, 213, 183, 47, 159, 6, 122, 200, 213, 39, 186, 235, 12, 184, 83, 234, 157, 226, 97, 173, 0, 195, 238, 168, 68, 57, 59, 247, 182, 19, 119, 118, 23, 179, 91, 73, 113, 66, 123, 227, 207, 15, 182, 161, 84, 76, 149, 254, 157, 131, 226, 23, 250, 115, 91, 90, 75, 9, 118, 147, 36, 172, 76, 200, 13, 231, 66, 55, 109, 135, 39, 45, 39, 153, 174, 140, 102, 58, 174, 112, 238, 184, 147, 244, 70, 203, 84, 36, 201, 79, 21, 227, 194, 221, 223, 157, 28, 153, 96, 75, 132, 110, 62, 51, 250, 28, 176, 167, 70, 69, 23, 18, 176, 168, 124, 194, 155, 60, 206, 183, 39, 162, 189, 108, 130, 104, 140, 227, 39, 145, 188, 143, 36, 39, 163, 109, 118, 15, 62, 62, 10, 249, 215, 254, 15, 252, 109, 251, 170, 77, 161, 129, 91, 51, 205, 127, 237, 26, 122, 203, 4, 136, 153, 159, 75, 27, 136, 201, 16, 80, 247, 194, 20, 90, 66, 121, 95, 238, 36, 88, 56, 116, 167, 228, 186, 152, 99, 164, 8, 249, 10, 73, 29, 115, 243, 18, 90, 20, 122, 161, 46, 27, 175, 242, 51, 129, 248, 131, 208, 57, 67, 196, 243, 38, 91, 55, 221, 158, 53, 169, 143, 164, 102, 236, 12, 59, 217, 170, 28, 217, 131, 117, 187, 255, 99, 112, 153, 228, 69, 86, 86, 137, 45, 24, 6, 141, 130, 97, 218, 251, 128, 253, 227, 40, 75, 242, 41, 51, 220, 234, 128, 201, 191, 61, 179, 192, 213, 218, 236, 141, 60, 92, 146, 59, 176, 21, 199, 121, 197, 152, 164, 149, 114, 163, 199, 66, 31, 53, 25, 218, 101, 34, 181, 141, 154, 79, 141, 25, 234, 86, 89, 181, 228, 96, 110, 59, 222, 21, 253, 183, 242, 209, 3, 159, 73, 138, 36, 226, 218, 30, 14, 22, 92, 149, 236, 206, 236, 173, 85, 248, 226, 49, 14, 169, 36, 47, 231, 244, 192, 193, 42, 217, 73, 104, 10, 178, 69, 73, 64, 182, 171, 45, 14, 47, 247, 141, 15, 151, 39, 192, 149, 197, 53, 211, 90, 104, 210, 100, 116, 20, 68, 77, 54, 13, 221, 79, 111, 162, 160, 15, 44, 130, 21, 11, 27, 34, 212, 187, 55, 56, 40, 143, 214, 229, 187, 147, 40, 164, 117, 144, 202, 99, 102, 143, 255, 14, 13, 162, 121, 253, 195, 182, 108, 157, 209, 74, 44, 136, 201, 209, 6, 94, 141, 63, 211, 187, 60, 240, 20, 55, 234, 164, 54, 179, 228, 65, 101, 161, 234, 225, 76, 217, 167, 115, 59, 153, 29, 122, 43, 62, 134, 109, 234, 213, 198, 203, 34, 209, 226, 70, 251, 118, 23, 163, 58, 214, 12, 193, 176, 250, 1, 125, 10, 65, 254, 14, 46, 27, 85, 54, 1, 100, 226, 172, 50, 43, 33, 24, 38, 214, 64, 254, 174, 219, 47, 127, 217, 89, 30, 103, 173, 134, 99, 225, 42, 210, 75, 206, 150, 11, 197, 139, 24, 50, 84, 151, 58, 87, 103, 9, 176, 171, 89, 94, 56, 165, 47, 234, 38, 202, 236, 21, 13, 141, 18, 226, 116, 247, 228, 56, 7, 119, 60, 125, 38, 56, 198, 146, 66, 160, 226, 155, 143, 78, 86, 18, 6, 230, 74, 17, 170, 234, 241, 104, 59, 205, 113, 143, 85, 71, 177, 6, 233, 254, 142, 84, 41, 157, 137, 141, 116, 209, 77, 152, 133, 132, 182, 129, 128, 129, 153, 1, 119, 130, 242, 234, 75, 221, 158, 180, 121, 96, 247, 15, 97, 218, 2, 158, 12, 68, 29, 161, 83, 127, 154, 214, 7, 79, 205, 184, 16, 216, 76, 92, 82, 46, 99, 46, 154, 184, 39, 219, 89, 80, 89, 20, 53, 199, 215, 182, 23, 44, 191, 220, 156, 117, 1, 140, 101, 78, 212, 62, 115, 149, 171, 238, 61, 123, 55, 80, 110, 120, 61, 147, 72, 50, 191, 61, 87, 175, 68, 215, 8, 223, 55, 27, 184, 122, 143, 218, 114, 210, 64, 240, 191, 5, 6, 147, 122, 182, 67, 170, 237, 92, 168, 78, 93, 176, 221, 8, 19, 96, 106, 151, 33, 240, 83, 191, 117, 188, 75, 136, 134, 102, 189, 182, 169, 77, 217, 127, 141, 6, 133, 185, 102, 44, 223, 200, 176, 107, 198, 238, 32, 114, 38, 63, 3, 88, 89, 139, 180, 229, 42, 91, 36, 232, 101, 13, 67, 149, 233, 223, 30, 198, 191, 136, 73, 244, 141, 68, 110, 68, 48, 70, 107, 121, 47, 137, 28, 241, 1, 165, 142, 169, 145, 242, 89, 135, 214, 82, 48, 119, 141, 148, 17, 124, 11, 122, 69, 127, 214, 10, 236, 200, 249, 108, 128, 23, 11, 122, 48, 61, 7, 120, 131, 60, 106, 48, 95, 81, 92, 194, 105, 135, 90, 174, 74, 37, 229, 136, 90, 54, 45, 175, 152, 65, 55, 105, 44, 5, 196, 41, 29, 116, 136, 244, 231, 70, 186, 237, 168, 224, 216, 192, 135, 91, 86, 91, 62, 163, 70, 126, 203, 27, 219, 139, 199, 133, 237, 166, 217, 158, 133, 252, 17, 45, 149, 216, 0, 163, 141, 247, 69, 7, 117, 214, 27, 39, 49, 173, 25, 82, 98, 203, 53, 175, 46, 231, 120, 188, 116, 41, 166, 14, 210, 126, 26, 238, 185, 128, 198, 117, 23, 224, 73, 216, 227, 38, 249, 250, 50, 66, 231, 191, 77, 50, 91, 134, 223, 92, 23, 6, 136, 181, 165, 209, 98, 13, 21, 118, 107, 245, 61, 41, 11, 179, 171, 5, 88, 68, 83, 6, 159, 222, 64, 219, 40, 69, 102, 227, 144, 69, 75, 240, 131, 166, 98, 210, 105, 154, 22, 68, 88, 132, 7, 126, 10, 214, 75, 79, 48, 9, 25, 180, 68, 57, 30, 57, 182, 227, 148, 125, 136, 71, 177, 112, 61, 20, 243, 169, 161, 138, 20, 3, 184, 80, 30, 175, 28, 87, 114, 151, 215, 243, 226, 69, 138, 52, 141, 41, 252, 30, 169, 61, 109, 125, 37, 110, 197, 33, 19, 199, 184, 152, 34, 216, 49, 98, 165, 211, 175, 47, 209, 45, 118, 214, 46, 217, 7, 166, 48, 23, 48, 177, 227, 106, 156, 150, 8, 30, 138, 19, 151, 7, 161, 87, 24, 247, 75, 40, 186, 164, 127, 244, 251, 50, 126, 97, 111, 167, 49, 122, 8, 67, 78, 143, 238, 124, 146, 231, 155, 159, 205, 167, 10, 188, 56, 0, 45, 26, 67, 209, 7, 76, 82, 233, 215, 35, 201, 178, 168, 36, 21, 181, 190, 185, 32, 102, 75, 36, 206, 152, 41, 96, 141, 243, 20, 123, 63, 200, 27, 205, 22, 136, 237, 238, 237, 70, 90, 52, 141, 117, 138, 42, 39, 152, 251, 222, 35, 155, 203, 254, 3, 213, 198, 175, 29, 5, 254, 138, 171, 84, 14, 150, 108, 125, 202, 146, 146, 236, 182, 85, 36, 27, 58, 22, 24, 178, 11, 17, 49, 221, 66, 254, 171, 29, 180, 120, 3, 245, 3, 75, 94, 240, 46, 245, 130, 182, 3, 163, 238, 111, 157, 59, 82, 244, 170, 152, 138, 152, 169, 203, 169, 58, 214, 16, 115, 168, 50, 5, 181, 22, 228, 214, 50, 72, 47, 70, 240, 253, 123, 146, 230, 218, 154, 159, 68, 81, 69, 164, 228, 42, 204, 207, 164, 182, 243, 227, 210, 155, 29, 99, 132, 44, 129, 103, 149, 19, 28, 230, 136, 135, 229, 22, 165, 194, 79, 64, 103, 9, 189, 246, 173, 16, 170, 162, 192, 107, 224, 175, 197, 102, 29, 64, 114, 153, 157, 43, 136, 228, 11, 28, 225, 67, 6, 218, 134, 79, 181, 224, 77, 153, 186, 203, 187, 175, 237, 104, 225, 151, 127, 31, 21, 107, 179, 169, 227, 244, 152, 86, 87, 61, 23, 33, 202, 204, 152, 58, 108, 15, 106, 123, 166, 33, 7, 255, 60, 83, 172, 30, 11, 10, 92, 108, 137, 156, 122, 121, 72, 201, 64, 130, 96, 33, 17, 110, 237, 64, 85, 3, 115, 230, 43, 192, 68, 39, 173, 163, 242, 49, 56, 37, 99, 184, 84, 142, 103, 157, 3, 154, 241, 64, 191, 147, 105, 33, 11, 154, 78, 164, 128, 195, 219, 160, 94, 44, 166, 193, 64, 129, 1, 167, 162, 242, 55, 12, 245, 62, 2, 122, 232, 153, 172, 156, 53, 254, 125, 223, 9, 144, 233, 249, 2, 121, 5, 66, 23, 140, 21, 251, 198, 245, 209, 178, 187, 162, 185, 146, 6, 178, 220, 233, 71, 212, 190, 50, 169, 69, 3, 6, 38, 33, 224, 170, 246, 184, 172, 205, 177, 137, 128, 255, 43, 35, 22, 166, 26, 120, 156, 144, 235, 84, 237, 167, 101, 114, 196, 123, 212, 97, 228, 18, 29, 224, 82, 50, 80, 41, 236, 95, 110, 57, 237, 150, 129, 249, 183, 85, 34, 168, 166, 197, 232, 167, 242, 165, 162, 12, 213, 175, 100, 26, 210, 82, 42, 162, 55, 140, 74, 110, 83, 128, 52, 30, 130, 211, 44, 171, 10, 203, 155, 13, 220, 58, 62, 228, 252, 177, 161, 107, 108, 106, 231, 224, 232, 238, 13, 231, 47, 32, 105, 68, 16, 135, 178, 91, 95, 35, 165, 29, 227, 64, 175, 179, 145, 172, 145, 134, 165, 174, 25, 29, 22, 237, 213, 144, 99, 187, 44, 36, 93, 226, 195, 32, 115, 61, 33, 80, 144, 30, 152, 80, 230, 62, 18, 89, 93, 53, 228, 107, 241, 175, 64, 4, 2, 33, 138, 94, 46, 128, 30, 150, 107, 149, 118, 228, 208, 75, 13, 41, 90, 215, 166, 54, 92, 111, 3, 29, 57, 174, 174, 232, 211, 5, 14, 174, 251, 31, 194, 207, 196, 92, 43, 211, 147, 8, 127, 92, 10, 250, 177, 37, 106, 219, 224, 242, 212, 65, 43, 208, 226, 90, 236, 92, 115, 197, 94, 13, 224, 111, 69, 174, 151, 180, 3, 217, 51, 184, 99, 173, 140, 89, 193, 31, 28, 203, 184, 74, 57, 239, 186, 44, 245, 23, 85, 52, 133, 49, 249, 134, 182, 171, 123, 37, 55, 123, 31, 194, 139, 10, 202, 201, 79, 66, 34, 228, 209, 84, 121, 244, 80, 249, 175, 249, 45, 58, 175, 85, 14, 63, 145, 24, 60, 153, 106, 51, 209, 220, 24, 129, 170, 146, 95, 22, 154, 71, 100, 171, 144, 102, 42, 6, 32, 189, 134, 125, 106, 80, 2, 116, 68, 91, 12, 44, 148, 169, 73, 132, 230, 175, 14, 238, 184, 204, 103, 244, 236, 229, 233, 195, 101, 239, 250, 247, 58, 164, 130, 117, 130, 119, 85, 98, 187, 137, 138, 202, 199, 3, 170, 107, 122, 71, 7, 220, 136, 159, 113, 22, 30, 145, 195, 111, 152, 7, 186, 13, 106, 151, 60, 195, 70, 31, 154, 24, 168, 39, 51, 175, 84, 70, 211, 152, 72, 240, 36, 152, 47, 155, 42, 30, 81, 4, 193, 53, 41, 33, 132, 69, 142, 185, 244, 94, 38, 135, 21, 164, 230, 203, 243, 202, 2, 150, 121, 61, 172, 154, 13, 183, 84, 89, 247, 233, 49, 227, 207, 133, 23, 160, 85, 44, 94, 76, 245, 10, 176, 149, 232, 116, 76, 12, 168, 10, 189, 198, 99, 78, 142, 225, 21, 33, 126, 126, 173, 24, 39, 190, 99, 10, 160, 198, 69, 15, 239, 39, 202, 35, 20, 95, 15, 142, 180, 251, 231, 10, 189, 121, 185, 33, 152, 120, 11, 195, 165, 158, 81, 219, 34, 236, 103, 83, 47, 35, 131, 142, 160, 129, 105, 141, 151, 25, 253, 108, 205, 213, 77, 38, 244, 193, 89, 184, 121, 134, 35, 132, 127, 201, 23, 6, 210, 120, 2, 164, 171, 21, 133, 54, 44, 5, 53, 165, 70, 195, 234, 81, 101, 47, 124, 132, 186, 142, 45, 24, 25, 52, 1, 134, 215, 68, 28, 204, 218, 106, 251, 39, 152, 230, 15, 26, 124, 53, 170, 49, 101, 10, 14, 133, 182, 55, 37, 112, 85, 21, 153, 217, 57, 167, 46, 221, 54, 176, 234, 2, 153, 85, 70, 70, 178, 103, 98, 205, 175, 111, 147, 204, 21, 168, 9, 145, 1, 63, 27, 110, 49, 167, 154, 98, 231, 16, 23, 55, 218, 123, 116, 223, 92, 213, 201, 202, 226, 147, 112, 252, 134, 210, 133, 97, 127, 75, 142, 127, 21, 124, 0, 52, 7, 133, 78, 226, 201, 245, 21, 251, 90, 171, 55, 79, 194, 197, 107, 160, 159, 175, 208, 239, 24, 69, 171, 250, 98, 234, 142, 69, 238, 75, 36, 59, 178, 9, 96, 128, 140, 181, 11, 68, 68, 32, 140, 43, 238, 80, 121, 230, 71, 145, 52, 190, 137, 188, 66, 1, 101, 242, 185, 153, 145, 147, 128, 110, 3, 192, 165, 66, 189, 223, 43, 127, 242, 136, 239, 204, 50, 110, 132, 178, 102, 202, 31, 126, 143, 15, 207, 65, 166, 14, 152, 91, 67, 143, 187, 135, 200, 216, 103, 235, 108, 249, 35, 132, 69, 112, 136, 41, 37, 182, 68, 212, 66, 113, 100, 101, 140, 158, 212, 36, 211, 230, 147, 134, 113, 59, 253, 193, 149, 72, 138, 195, 10, 174, 37, 209, 44, 130, 94, 179, 147, 229, 148, 48, 99, 191, 131, 8, 45, 119, 99, 135, 224, 44, 206, 187, 198, 38, 214, 32, 140, 139, 254, 155, 95, 16, 48, 49, 199, 221, 89, 56, 107, 117, 1, 68, 16, 150, 12, 191, 91, 246, 126, 167, 194, 172, 67, 203, 191, 211, 3, 118, 161, 194, 53, 155, 235, 211, 2, 162, 62, 145, 114, 15, 159, 198, 132, 212, 151, 227, 247, 175, 19, 177, 252, 144, 252, 177, 17, 127, 83, 253, 46, 155, 16, 34, 83, 70, 22, 180, 15, 45, 66, 151, 207, 78, 51, 168, 105, 140, 204, 198, 84, 147, 165, 92, 63, 46, 209, 42, 253, 150, 29, 160, 148, 185, 208, 174, 152, 48, 223, 136, 46, 240, 179, 8, 48, 128, 185, 254, 139, 60, 201, 169, 161, 61, 92, 43, 50, 187, 191, 127, 117, 63, 177, 50, 105, 207, 238, 150, 250, 85, 105, 132, 19, 148, 6, 78, 107, 156, 203, 224, 202, 18, 155, 227, 249, 115, 239, 43, 163, 122, 33, 201, 252, 255, 93, 125, 21, 134, 102, 130, 81, 110, 236, 151, 46, 186, 202, 132, 106, 163, 104, 221, 192, 14, 107, 73, 212, 86, 158, 167, 225, 27, 11, 29, 130, 103, 109, 244, 152, 8, 134, 126, 204, 251, 52, 158, 6, 234, 23, 98, 167, 154, 143, 117, 33, 215, 82, 8, 65, 60, 69, 123, 134, 109, 49, 22, 181, 103, 96, 17, 246, 0, 177, 198, 176, 122, 155, 38, 47, 156, 3, 229, 8, 132, 77, 109, 231, 40, 165, 126, 64, 206, 213, 132, 166, 116, 227, 204, 64, 72, 54, 11, 224, 78, 95, 26, 68, 110, 167, 51, 10, 231, 40, 12, 209, 223, 59, 242, 27, 181, 150, 189, 20, 186, 65, 133, 137, 87, 208, 134, 34, 91, 172, 112, 89, 27, 127, 10, 60, 143, 144, 207, 13, 232, 106, 176, 13, 180, 238, 132, 244, 73, 187, 8, 62, 118, 115, 91, 126, 60, 131, 100, 74, 171, 60, 161, 170, 220, 61, 68, 189, 229, 200, 186, 11, 220, 161, 88, 110, 186, 167, 37, 189, 142, 143, 177, 129, 86, 203, 88, 240, 145, 31, 194, 193, 219, 13, 96, 38, 78, 119, 101, 13, 43, 131, 78, 18, 200, 135, 20, 191, 42, 134, 11, 236, 220, 185, 99, 104, 28, 74, 150, 116, 182, 45, 54, 134, 248, 234, 154, 244, 38, 229, 220, 39, 22, 24, 193, 44, 64, 183, 66, 182, 14, 92, 37, 4, 146, 41, 128, 27, 111, 174, 252, 150, 56, 223, 7, 16, 130, 253, 113, 122, 91, 99, 80, 8, 83, 247, 142, 19, 58, 53, 51, 208, 249, 240, 60, 177, 74, 193, 122, 88, 101, 66, 137, 249, 62, 170, 66, 209, 230, 102, 212, 137, 37, 64, 224, 193, 203, 186, 65, 5, 141, 132, 123, 4, 113, 134, 120, 147, 241, 128, 20, 69, 6, 232, 142, 131, 135, 2, 210, 205, 90, 63, 98, 66, 83, 246, 202, 224, 149, 126, 38, 36, 190, 57, 136, 145, 198, 69, 160, 60, 210, 120, 7, 232, 230, 158, 59, 242, 125, 18, 44, 209, 21, 241, 239, 161, 169, 244, 204, 182, 52, 245, 133, 8, 39, 178, 135, 67, 55, 187, 227, 193, 165, 200, 239, 46, 217, 99, 119, 88, 243, 30, 68, 6, 106, 219, 164, 198, 112, 6, 158, 22, 15, 136, 118, 28, 31, 182, 101, 44, 59, 158, 100, 1, 187, 163, 130, 80, 101, 136, 36, 14, 149, 147, 84, 130, 94, 128, 224, 252, 78, 158, 155, 210, 71, 232, 120, 29, 221, 240, 43, 17, 73, 232, 2, 107, 125, 189, 252, 36, 154, 65, 245, 242, 120, 191, 220, 39, 65, 62, 164, 186, 40, 158, 225, 174, 165, 249, 159, 7, 98, 49, 225, 188, 73, 210, 2, 214, 110, 163, 101, 228, 70, 32, 96, 219, 9, 175, 168, 174, 158, 40, 61, 113, 215, 143, 233, 25, 142, 223, 79, 4, 9, 41, 206, 25, 67, 23, 23, 124, 169, 132, 24, 106, 232, 145, 217, 178, 62, 153, 8, 13, 240, 7, 34, 167, 234, 13, 147, 247, 34, 183, 243, 37, 197, 46, 242, 234, 57, 214, 114, 249, 40, 112, 158, 199, 218, 229, 224, 136, 52, 138, 86, 106, 213, 241, 31, 49, 227, 98, 40, 170, 115, 169, 82, 45, 46, 53, 243, 160, 101, 182, 233, 145, 30, 126, 45, 174, 205, 121, 64, 49, 5, 251, 175, 226, 34, 94, 192, 65, 185, 163, 28, 34, 52, 247, 80, 29, 137, 58, 28, 176, 176, 189, 195, 167, 207, 237, 162, 75, 161, 252, 41, 8, 233, 176, 208, 88, 167, 77, 23, 146, 194, 60, 138, 137, 214, 145, 98, 20, 203, 56, 172, 13, 121, 42, 96, 226, 35, 244, 99, 81, 143, 216, 70, 24, 189, 2, 188, 230, 165, 24, 35, 138, 186, 151, 149, 118, 180, 23, 8, 37, 177, 149, 69, 82, 241, 147, 130, 146, 169, 247, 82, 32, 47, 2, 145, 30, 10, 132, 83, 205, 173, 40, 118, 30, 178, 52, 168, 175, 48, 139, 48, 21, 62, 237, 250, 47, 92, 56, 144, 97, 13, 87, 89, 103, 156, 126, 121, 152, 164, 83, 88, 242, 184, 19, 159, 140, 175, 137, 201, 122, 56, 91, 185, 21, 104, 80, 136, 139, 38, 246, 211, 92, 132, 72, 58, 198, 245, 226, 224, 41, 123, 28, 229, 161, 243, 43, 82, 66, 26, 135, 70, 59, 78, 225, 34, 31, 144, 43, 79, 195, 140, 52, 62, 184, 248, 194, 162, 98, 34, 6, 178, 254, 72, 71, 150, 111, 241, 184, 159, 34, 56, 226, 59, 63, 49, 177, 5, 33, 53, 47, 147, 238, 143, 148, 72, 225, 17, 22, 157, 194, 100, 127, 125, 114, 131, 225, 132, 221, 120, 139, 105, 116, 107, 175, 125, 10, 12, 2, 111, 8, 108, 223, 49, 18, 72, 29, 164, 202, 209, 79, 43, 212, 186, 27, 126, 110, 115, 130, 138, 47, 78, 184, 233, 217, 2, 237, 81, 8, 215, 58, 29, 22, 238, 237, 22, 92, 252, 133, 49, 224, 131, 26, 94, 51, 2, 151, 190, 236, 55, 214, 227, 149, 200, 81, 228, 107, 52, 155, 225, 32, 60, 1, 208, 27, 168, 33, 17, 210, 145, 173, 127, 127, 254, 3, 24, 243, 68, 249, 93, 99, 189, 37, 114, 221, 185, 6, 126, 127, 52, 232, 149, 183, 61, 166, 220, 21, 239, 67, 239, 106, 219, 145, 32, 122, 13, 246, 9, 144, 184, 156, 22, 11, 228, 243, 157, 218, 201, 76, 220, 81, 164, 173, 129, 51, 123, 21, 57, 1, 0, 4, 46, 207, 177, 36, 98, 226, 131, 172, 120, 64, 169, 115, 102, 147, 159, 45, 133, 140, 231, 10, 244, 10, 221, 215, 186, 77, 174, 16, 227, 34, 169, 176, 145, 245, 141, 70, 224, 85, 94, 130, 92, 238, 60, 222, 203, 50, 58, 206, 142, 59, 29, 81, 228, 26, 144, 7, 121, 35, 124, 84, 220, 47, 96, 221, 184, 150, 134, 240, 191, 47, 117, 199, 138, 96, 40, 250, 183, 40, 117, 106, 35, 64, 233, 235, 209, 93, 7, 177, 203, 56, 26, 212, 46, 0, 194, 146, 227, 110, 189, 204, 151, 99, 237, 35, 180, 140, 162, 219, 58, 172, 74, 228, 180, 59, 12, 184, 39, 21, 200, 205, 105, 239, 191, 23, 27, 8, 131, 253, 32, 24, 156, 193, 33, 125, 126, 17, 206, 33, 199, 23, 238, 12, 54, 227, 120, 226, 88, 243, 36, 211, 94, 219, 45, 144, 197, 20, 33, 22, 179, 170, 209, 167, 66, 15, 225, 105, 38, 117, 145, 32, 94, 10, 139, 45, 239, 33, 67, 18, 158, 119, 1, 198, 197, 11, 205, 150, 136, 61, 54, 44, 255, 143, 220, 138, 147, 123, 99, 163, 215, 134, 150, 0, 210, 237, 28, 60, 241, 149, 217, 109, 165, 224, 6, 185, 68, 103, 212, 65, 43, 36, 118, 41, 49, 255, 122, 233, 224, 58, 84, 67, 145, 27, 6, 234, 232, 207, 231, 174, 70, 35, 253, 145, 213, 64, 46, 137, 9, 217, 16, 71, 242, 183, 140, 39, 136, 241, 65, 156, 47, 18, 161, 115, 234, 63, 210, 148, 123, 27, 163, 48, 27, 229, 142, 161, 38, 225, 59, 191, 56, 89, 31, 180, 210, 150, 250, 24, 29, 171, 228, 145, 68, 227, 100, 235, 51, 93, 81, 133, 148, 222, 195, 172, 151, 254, 158, 170, 7, 206, 20, 132, 77, 171, 114, 208, 224, 13, 136, 18, 6, 217, 93, 241, 130, 77, 179, 25, 208, 80, 8, 251, 215, 169, 211, 204, 235, 61, 238, 65, 95, 202, 19, 156, 62, 200, 219, 66, 113, 102, 129, 4, 227, 14, 2, 254, 84, 193, 126, 1, 160, 86, 200, 204, 244, 203, 51, 141, 179, 102, 218, 42, 188, 65, 138, 205, 3, 80, 253, 210, 33, 104, 51, 42, 57, 90, 36, 225, 31, 91, 12, 177, 182, 165, 73, 151, 21, 203, 175, 167, 183, 62, 39, 211, 20, 120, 161, 19, 125, 222, 134, 146, 9, 205, 137, 9, 172, 80, 143, 88, 97, 107, 172, 114, 40, 63, 216, 126, 119, 240, 78, 118, 67, 198, 148, 145, 49, 216, 19, 36, 144, 46, 162, 74, 181, 246, 29, 12, 242, 29, 184, 138, 132, 8, 212, 208, 58, 47, 86, 232, 149, 152, 43, 210, 219, 9, 8, 178, 160, 142, 69, 62, 160, 88, 10, 239, 138, 140, 64, 41, 228, 80, 197, 23, 57, 63, 217, 68, 104, 184, 130, 18, 19, 125, 218, 0, 5, 197, 203, 86, 35, 109, 1, 216, 20, 138, 91, 55, 79, 96, 188, 14, 13, 76, 235, 152, 42, 68, 178, 40, 125, 67, 193, 3, 225, 75, 153, 83, 227, 251, 169, 168, 94, 92, 158, 129, 66, 167, 236, 81, 248, 227, 164, 22, 219, 220, 35, 206, 54, 190, 58, 156, 116, 39, 3, 221, 36, 206, 85, 146, 149, 203, 98, 220, 255, 89, 80, 196, 247, 242, 172, 27, 8, 71, 251, 20, 168, 111, 13, 199, 171, 245, 0, 236, 4, 207, 159, 41, 147, 14, 249, 22, 123, 27, 157, 60, 74, 96, 91, 116, 84, 230, 70, 214, 88, 241, 25, 11, 231, 150, 34, 216, 48, 113, 91, 167, 33, 7, 83, 133, 17, 157, 60, 140, 127, 215, 128, 143, 38, 252, 74, 106, 42, 222, 167, 195, 150, 176, 161, 28, 47, 199, 252, 123, 172, 240, 58, 168, 60, 225, 109, 184, 52, 206, 215, 119, 34, 196, 92, 32, 33, 156, 119, 207, 227, 180, 56, 227, 244, 13, 206, 17, 238, 240, 174, 59, 52, 17, 28, 158, 120, 61, 96, 96, 236, 7, 178, 110, 240, 145, 148, 146, 93, 114, 203, 82, 6, 162, 174, 215, 67, 253, 184, 25, 216, 79, 130, 131, 205, 48, 35, 3, 62, 104, 135, 146, 182, 145, 60, 253, 171, 202, 22, 200, 104, 22, 79, 39, 131, 246, 6, 113, 8, 79, 97, 6, 191, 169, 252, 145, 224, 158, 12, 80, 220, 77, 106, 170, 15, 99, 31, 129, 39, 105, 60, 107, 19, 181, 109, 115, 207, 188, 82, 13, 209, 116, 46, 16, 18, 232, 131, 236, 143, 80, 93, 28, 93, 124, 235, 16, 53, 27, 124, 7, 66, 193, 46, 23, 29, 163, 47, 139, 27, 129, 122, 101, 109, 111, 249, 40, 63, 106, 187, 49, 49, 27, 26, 236, 7, 106, 15, 124, 7, 183, 174, 200, 131, 152, 3, 88, 243, 166, 211, 120, 14, 239, 188, 203, 47, 204, 75, 20, 145, 74, 96, 78, 53, 37, 72, 22, 197, 196, 2, 186, 44, 234, 36, 216, 249, 91, 6, 45, 129, 101, 214, 72, 220, 88, 255, 37, 73, 41, 15, 26, 93, 106, 221, 16, 71, 32, 170, 218, 247, 51, 108, 252, 188, 102, 136, 203, 72, 16, 94, 127, 252, 79, 100, 119, 158, 91, 227, 104, 184, 221, 200, 45, 185, 246, 90, 95, 150, 92, 100, 24, 236, 100, 227, 121, 36, 133, 218, 174, 96, 227, 213, 102, 97, 176, 17, 34, 92, 151, 244, 181, 119, 42, 232, 21, 125, 128, 236, 193, 195, 148, 164, 53, 69, 39, 31, 163, 60, 80, 98, 184, 149, 228, 114, 44, 213, 251, 183, 122, 189, 96, 55, 16, 123, 165, 191, 45, 154, 199, 108, 147, 161, 156, 239, 93, 245, 230, 194, 183, 151, 221, 0, 247, 248, 237, 152, 171, 146, 76, 217, 8, 65, 34, 43, 18, 83, 25, 136, 40, 187, 253, 174, 110, 215, 103, 233, 97, 101, 71, 55, 84, 214, 186, 65, 181, 43, 93, 93, 89, 207, 99, 47, 56, 104, 244, 7, 56, 202, 209, 59, 2, 117, 67, 1, 192, 58, 163, 241, 167, 254, 65, 56, 68, 117, 120, 121, 116, 226, 30, 209, 248, 235, 10, 50, 45, 254, 15, 21, 161, 12, 54, 28, 40, 250, 183, 22, 83, 114, 222, 67, 44, 164, 239, 252, 245, 230, 13, 60, 222, 242, 236, 183, 143, 223, 207, 104, 40, 247, 202, 229, 85, 150, 137, 232, 32, 38, 111, 25, 34, 143, 87, 234, 164, 186, 157, 246, 243, 215, 73, 19, 246, 10, 172, 20, 175, 251, 110, 79, 185, 131, 81, 146, 224, 121, 120, 123, 28, 191, 177, 111, 162, 229, 140, 156, 144, 228, 223, 144, 238, 215, 180, 77, 27, 183, 29, 143, 217, 71, 210, 166, 106, 75, 84, 251, 109, 143, 119, 8, 40, 107, 153, 76, 105, 125, 110, 237, 227, 211, 127, 163, 10, 110, 153, 113, 212, 28, 167, 191, 62, 57, 37, 136, 93, 76, 202, 185, 54, 75, 12, 78, 30, 188, 48, 222, 34, 61, 206, 5, 205, 15, 236, 67, 23, 88, 205, 194, 217, 174, 38, 196, 250, 89, 255, 23, 195, 70, 131, 88, 154, 143, 120, 159, 3, 51, 135, 135, 112, 114, 15, 1, 54, 181, 27, 254, 95, 79, 223, 173, 254, 110, 230, 18, 151, 124, 224, 125, 220, 107, 148, 213, 57, 173, 245, 164, 38, 95, 180, 124, 53, 144, 100, 56, 161, 2, 238, 145, 240, 52, 211, 164, 179, 87, 182, 241, 164, 153, 4, 199, 46, 28, 185, 91, 189, 179, 193, 75, 32, 135, 209, 120, 66, 224, 53, 11, 115, 27, 122, 1, 115, 120, 88, 199, 163, 127, 196, 79, 237, 134, 121, 51, 209, 218, 194, 15, 223, 197, 6, 112, 46, 177, 117, 208, 128, 105, 129, 121, 53, 199, 164, 236, 62, 139, 170, 98, 227, 0, 102, 164, 74, 232, 162, 241, 187, 109, 57, 244, 97, 134, 243, 171, 47, 158, 4, 48, 152, 6, 89, 83, 27, 176, 214, 199, 14, 176, 80, 27, 95, 211, 228, 246, 178, 221, 16, 158, 69, 14, 46, 151, 207, 74, 50, 192, 15, 53, 174, 61, 255, 130, 21, 216, 152, 105, 126, 73, 110, 107, 67, 184, 176, 125, 161, 241, 125, 243, 154, 108, 104, 201, 62, 86, 103, 218, 113, 216, 47, 91, 151, 149, 227, 116, 34, 213, 163, 244, 175, 84, 114, 137, 242, 126, 101, 19, 74, 149, 149, 104, 168, 228, 9, 238, 55, 28, 41, 20, 134, 202, 38, 81, 253, 170, 153, 30, 51, 66, 200, 59, 45, 160, 94, 208, 147, 145, 38, 206, 93, 193, 106, 214, 118, 235, 207, 206, 15, 76, 101, 196, 90, 76, 7, 213, 76, 129, 171, 173, 170, 135, 173, 10, 27, 80, 23, 39, 113, 215, 142, 161, 170, 180, 217, 37, 197, 127, 141, 101, 94, 195, 21, 230, 36, 243, 41, 81, 210, 169, 69, 75, 102, 14, 145, 155, 145, 206, 117, 145, 97, 179, 167, 124, 137, 71, 173, 94, 94, 131, 4, 215, 93, 209, 58, 34, 93, 157, 8, 0, 214, 35, 22, 96, 44, 234, 127, 181, 4, 241, 126, 145, 73, 73, 7, 196, 62, 62, 52, 16, 227, 153, 215, 59, 177, 24, 77, 33, 231, 65, 8, 159, 49, 237, 211, 196, 108, 94, 3, 248, 155, 165, 37, 55, 209, 50, 165, 105, 30, 212, 101, 1, 158, 190, 46, 228, 248, 228, 247, 31, 90, 61, 22, 167, 105, 111, 209, 27, 179, 87, 71, 55, 173, 20, 36, 123, 45, 46, 243, 166, 251, 33, 131, 127, 122, 6, 159, 202, 223, 250, 109, 224, 85, 223, 0, 12, 216, 54, 115, 148, 105, 111, 196, 192, 147, 225, 52, 237, 79, 194, 92, 234, 173, 139, 7, 238, 222, 223, 44, 16, 10, 226, 53, 231, 223, 191, 1, 6, 207, 128, 127, 109, 151, 167, 165, 220, 138, 6, 138, 27, 242, 150, 157, 6, 164, 230, 223, 44, 197, 154, 153, 137, 199, 73, 55, 54, 84, 111, 36, 170, 61, 154, 207, 39, 196, 218, 17, 208, 164, 228, 174, 216, 17, 139, 250, 218, 81, 179, 4, 132, 181, 217, 72, 11, 15, 227, 55, 191, 190, 111, 25, 199, 144, 116, 37, 111, 209, 173, 255, 202, 191, 111, 58, 246, 21, 145, 53, 195, 73, 73, 126, 20, 129, 183, 246, 177, 198, 111, 213, 146, 165, 102, 45, 115, 222, 163, 190, 111, 220, 34, 37, 12, 42, 35, 241, 140, 118, 1, 200, 36, 147, 245, 238, 150, 188, 170, 167, 87, 203, 144, 9, 41, 231, 1, 6, 101, 222, 213, 190, 197, 122, 245, 91, 166, 212, 178, 47, 78, 113, 142, 255, 8, 135, 187, 169, 78, 136, 215, 188, 226, 181, 158, 34, 174, 57, 43, 48, 45, 254, 81, 221, 84, 71, 115, 208, 125, 131, 110, 127, 178, 197, 140, 240, 112, 195, 228, 54, 54, 137, 108, 189, 18, 74, 240, 85, 158, 171, 147, 0, 15, 173, 249, 177, 162, 109, 74, 247, 185, 228, 228, 254, 16, 196, 217, 190, 53, 69, 239, 239, 206, 157, 69, 76, 41, 26, 152, 1, 251, 231, 38, 18, 90, 173, 163, 200, 85, 52, 144, 130, 230, 144, 36, 255, 11, 255, 162, 154, 88, 68, 180, 119, 146, 109, 219, 72, 13, 204, 189, 139, 175, 187, 128, 11, 139, 51, 111, 18, 155, 130, 5, 51, 159, 210, 56, 215, 122, 31, 218, 143, 195, 193, 158, 9, 123, 178, 251, 26, 78, 93, 58, 88, 182, 249, 231, 3, 102, 16, 102, 10, 167, 147, 144, 85, 154, 244, 9, 35, 119, 109, 93, 92, 245, 246, 118, 65, 20, 123, 104, 120, 99, 100, 132, 149, 153, 247, 237, 19, 223, 24, 243, 164, 201, 34, 5, 50, 107, 141, 80, 124, 245, 180, 52, 128, 239, 78, 120, 58, 249, 128, 42, 38, 59, 30, 87, 61, 38, 91, 50, 38, 183, 21, 93, 80, 32, 225, 37, 175, 90, 98, 78, 223, 240, 169, 26, 126, 18, 141, 212, 162, 212, 207, 108, 149, 0, 143, 155, 39, 166, 152, 224, 5, 231, 122, 4, 6, 219, 89, 122, 24, 56, 86, 95, 253, 220, 226, 70, 117, 177, 157, 50, 202, 62, 164, 165, 185, 141, 241, 115, 113, 167, 113, 210, 10, 142, 68, 98, 93, 1, 49, 243, 86, 197, 226, 229, 255, 179, 188, 122, 249, 147, 201, 17, 183, 42, 164, 37, 109, 64, 186, 148, 32, 187, 11, 116, 6, 199, 7, 68, 149, 25, 50, 32, 91, 142, 17, 149, 12, 11, 213, 82, 95, 194, 208, 218, 250, 106, 43, 83, 161, 226, 76, 111, 28, 1, 124, 153, 12, 239, 194, 202, 19, 81, 228, 192, 131, 48, 162, 174, 37, 135, 121, 55, 16, 131, 45, 231, 216, 39, 143, 129, 1, 145, 238, 54, 183, 141, 18, 14, 4, 212, 37, 55, 182, 7, 201, 77, 144, 148, 144, 180, 70, 150, 209, 226, 35, 156, 156, 72, 10, 29, 93, 127, 185, 185, 206, 126, 47, 181, 109, 245, 4, 246, 111, 135, 71, 131, 246, 178, 64, 191, 167, 36, 205, 134, 137, 110, 204, 33, 137, 44, 53, 146, 134, 177, 38, 22, 62, 159, 51, 138, 70, 127, 38, 205, 84, 200, 2, 177, 253, 36, 199, 90, 0, 181, 254, 179, 97, 91, 105, 109, 79, 162, 25, 128, 100, 213, 166, 228, 154, 97, 112, 85, 202, 73, 45, 179, 147, 190, 242, 17, 222, 47, 13, 250, 131, 225, 207, 82, 166, 175, 21, 11, 104, 252, 168, 224, 32, 113, 182, 5, 253, 226, 249, 6, 46, 86, 43, 117, 224, 176, 169, 69, 249, 95, 183, 96, 129, 172, 62, 8, 96, 136, 79, 101, 118, 171, 237, 221, 25, 94, 203, 142, 178, 35, 219, 67, 141, 210, 28, 181, 42, 135, 150, 80, 230, 216, 173, 44, 91, 8, 189, 110, 230, 79, 29, 56, 69, 77, 253, 16, 102, 31, 134, 151, 4, 8, 196, 6, 230, 180, 43, 55, 251, 233, 228, 92, 241, 223, 121, 82, 162, 181, 162, 227, 20, 182, 152, 101, 173, 105, 203, 52, 203, 98, 35, 117, 236, 211, 5, 153, 166, 68, 21, 236, 150, 144, 192, 249, 7, 106, 92, 245, 9, 173, 31, 34, 200, 119, 53, 241, 255, 143, 141, 181, 237, 81, 30, 134, 213, 5, 186, 117, 50, 200, 28, 94, 151, 94, 12, 82, 212, 154, 149, 197, 252, 203, 30, 180, 222, 45, 191, 158, 221, 251, 183, 171, 141, 48, 1, 41, 49, 63, 228, 243, 254, 82, 33, 220, 7, 103, 247, 233, 207, 37, 131, 53, 158, 39, 182, 21, 135, 216, 211, 133, 113, 173, 13, 75, 177, 60, 189, 97, 19, 96, 60, 39, 240, 225, 27, 32, 232, 14, 64, 106, 105, 129, 227, 147, 57, 40, 122, 200, 64, 110, 129, 55, 242, 159, 136, 127, 123, 7, 228, 220, 149, 255, 133, 245, 216, 129, 7, 187, 222, 65, 128, 163, 216, 61, 164, 7, 154, 18, 121, 186, 227, 62, 114, 195, 61, 91, 121, 13, 174, 99, 9, 117, 249, 48, 121, 253, 76, 8, 21, 6, 151, 194, 30, 20, 226, 166, 172, 236, 254, 214, 117, 248, 5, 238, 132, 162, 47, 168, 98, 101, 170, 114, 63, 217, 101, 125, 7, 222, 201, 91, 22, 117, 235, 52, 47, 43, 2, 137, 250, 149, 146, 210, 170, 31, 93, 113, 101, 219, 215, 191, 123, 188, 180, 46, 242, 215, 183, 212, 128, 154, 203, 215, 31, 64, 167, 152, 111, 60, 40, 113, 137, 245, 220, 154, 238, 242, 100, 39, 35, 244, 31, 184, 172, 155, 62, 221, 77, 25, 12, 253, 106, 76, 130, 105, 1, 41, 19, 115, 51, 40, 37, 135, 90, 144, 235, 107, 119, 199, 62, 248, 109, 167, 1, 171, 213, 84, 183, 35, 163, 88, 113, 18, 197, 53, 217, 160, 34, 98, 1, 174, 5, 174, 135, 113, 197, 132, 158, 176, 72, 244, 21, 229, 254, 15, 154, 193, 55, 14, 70, 3, 55, 106, 70, 23, 158, 210, 79, 102, 42, 154, 144, 50, 161, 90, 207, 151, 166, 27, 126, 26, 182, 66, 23, 84, 172, 122, 238, 19, 14, 94, 32, 156, 110, 14, 80, 84, 6, 78, 166, 215, 11, 236, 98, 223, 139, 47, 118, 107, 77, 52, 92, 26, 88, 193, 57, 30, 251, 239, 250, 170, 193, 180, 214, 240, 210, 25, 174, 232, 151, 20, 19, 144, 47, 96, 206, 233, 205, 251, 92, 114, 102, 252, 91, 0, 197, 202, 91, 166, 230, 46, 209, 65, 129, 220, 64, 147, 131, 123, 217, 101, 7, 243, 40, 126, 43, 132, 118, 233, 125, 224, 198, 221, 228, 236, 228, 87, 158, 221, 46, 173, 184, 172, 43, 105, 121, 174, 43, 187, 94, 28, 115, 209, 143, 2, 11, 180, 7, 29, 176, 150, 142, 164, 10, 21, 82, 63, 67, 69, 159, 135, 246, 253, 247, 35, 22, 117, 68, 38, 134, 7, 21, 108, 78, 229, 255, 126, 250, 158, 19, 58, 197, 107, 150, 211, 25, 221, 215, 240, 55, 161, 78, 71, 7, 58, 9, 214, 79, 169, 18, 142, 252, 159, 191, 25, 33, 54, 104, 124, 142, 210, 0, 9, 172, 43, 255, 99, 229, 209, 202, 1, 172, 5, 192, 14, 175, 86, 47, 134, 185, 238, 144, 191, 77, 226, 89, 10, 200, 138, 140, 92, 103, 192, 18, 129, 40, 56, 202, 128, 112, 216, 211, 179, 153, 154, 103, 8, 119, 105, 241, 143, 226, 239, 173, 226, 91, 110, 108, 26, 50, 27, 206, 253, 153, 1, 30, 200, 169, 97, 24, 65, 234, 53, 142, 253, 56, 36, 244, 28, 110, 142, 159, 66, 165, 170, 53, 227, 182, 172, 68, 13, 214, 30, 49, 164, 209, 90, 42, 99, 169, 129, 239, 103, 210, 158, 243, 104, 68, 254, 240, 216, 230, 166, 154, 248, 136, 9, 155, 30, 31, 84, 41, 16, 222, 153, 129, 200, 164, 15, 40, 203, 173, 61, 225, 22, 182, 209, 119, 50, 22, 53, 24, 141, 1, 87, 88, 124, 102, 154, 241, 174, 73, 205, 219, 251, 93, 223, 102, 221, 104, 3, 20, 64, 43, 146, 88, 40, 120, 66, 7, 70, 153, 94, 81, 237, 23, 183, 195, 211, 1, 101, 89, 120, 203, 75, 241, 138, 246, 208, 163, 230, 126, 171, 43, 188, 226, 237, 63, 0, 231, 22, 165, 199, 122, 206, 45, 124, 164, 82, 180, 45, 207, 95, 122, 18, 19, 197, 7, 31, 35, 126, 159, 106, 235, 186, 46, 100, 227, 112, 72, 26, 76, 183, 104, 48, 126, 243, 138, 121, 72, 33, 3, 171, 241, 36, 103, 3, 104, 230, 89, 177, 115, 245, 139, 79, 34, 105, 30, 105, 189, 81, 97, 217, 214, 152, 181, 18, 110, 64, 98, 101, 16, 28, 239, 163, 121, 137, 205, 92, 69, 112, 51, 105, 201, 135, 67, 92, 95, 205, 24, 158, 13, 127, 49, 19, 228, 135, 179, 235, 61, 39, 201, 238, 158, 74, 61, 47, 244, 11, 100, 157, 203, 220, 91, 165, 14, 204, 174, 158, 175, 19, 9, 13, 7, 165, 147, 246, 12, 31, 53, 89, 59, 164, 114, 142, 209, 213, 9, 135, 246, 180, 109, 243, 220, 123, 229, 159, 152, 197, 99, 74, 66, 197, 12, 249, 68, 16, 251, 120, 231, 255, 214, 206, 12, 44, 32, 152, 2, 44, 48, 192, 38, 208, 205, 202, 71, 140, 100, 249, 132, 214, 212, 236, 91, 31, 34, 90, 174, 158, 134, 178, 193, 99, 120, 214, 46, 135, 223, 236, 28, 62, 205, 248, 246, 116, 159, 144, 23, 71, 161, 132, 194, 105, 143, 241, 153, 64, 28, 188, 6, 99, 82, 133, 74, 158, 210, 137, 82, 200, 148, 186, 205, 110, 250, 215, 43, 102, 104, 13, 128, 155, 247, 18, 136, 168, 254, 235, 107, 17, 7, 254, 172, 111, 24, 59, 189, 119, 148, 26, 165, 237, 118, 212, 242, 204, 209, 27, 186, 222, 253, 232, 27, 31, 74, 69, 245, 34, 46, 147, 62, 220, 7, 204, 104, 118, 231, 222, 18, 61, 217, 152, 38, 231, 55, 178, 72, 141, 250, 65, 242, 169, 0, 233, 43, 233, 111, 189, 43, 22, 250, 169, 194, 162, 45, 156, 171, 191, 161, 6, 184, 131, 168, 145, 46, 160, 66, 243, 43, 43, 41, 11, 155, 43, 31, 181, 83, 48, 252, 155, 38, 193, 236, 20, 67, 124, 15, 179, 105, 170, 129, 13, 24, 145, 254, 23, 246, 112, 194, 42, 196, 225, 240, 230, 75, 84, 247, 112, 11, 89, 210, 250, 101, 88, 82, 37, 37, 240, 43, 25, 128, 182, 213, 49, 222, 253, 220, 157, 115, 185, 130, 96, 28, 92, 12, 232, 218, 21, 35, 61, 163, 19, 76, 21, 237, 232, 213, 254, 187, 198, 9, 80, 35, 203, 131, 100, 146, 67, 231, 242, 77, 26, 31, 187, 151, 86, 178, 229, 188, 220, 27, 236, 27, 103, 62, 252, 152, 56, 119, 40, 105, 55, 28, 36, 113, 84, 128, 40, 77, 21, 148, 0, 189, 5, 202, 47, 193, 101, 2, 24, 247, 42, 244, 66, 161, 139, 110, 227, 201, 208, 28, 243, 44, 183, 10, 10, 40, 18, 213, 109, 134, 35, 113, 254, 163, 80, 185, 174, 185, 41, 26, 230, 184, 111, 149, 241, 42, 102, 247, 50, 129, 69, 176, 186, 154, 2, 30, 68, 55, 63, 20, 105, 236, 102, 82, 205, 72, 220, 207, 4, 74, 16, 43, 143, 225, 45, 120, 96, 9, 123, 233, 249, 62, 246, 192, 217, 151, 95, 7, 226, 248, 245, 65, 105, 50, 72, 101, 194, 164, 17, 129, 28, 147, 206, 96, 55, 38, 175, 72, 140, 148, 143, 191, 138, 72, 215, 214, 40, 49, 236, 2, 106, 223, 251, 38, 174, 212, 167, 103, 28, 149, 139, 203, 64, 119, 187, 61, 128, 249, 210, 88, 236, 127, 160, 243, 143, 235, 170, 218, 54, 172, 83, 45, 242, 3, 160, 28, 243, 103, 41, 4, 192, 109, 58, 107, 69, 209, 172, 211, 9, 45, 15, 28, 224, 180, 194, 2, 178, 246, 190, 250, 214, 58, 180, 25, 252, 44, 223, 138, 215, 41, 89, 206, 134, 88, 214, 201, 20, 3, 173, 121, 169, 29, 215, 222, 194, 138, 95, 221, 147, 207, 171, 149, 114, 25, 6, 17, 94, 254, 230, 71, 36, 160, 8, 190, 194, 148, 38, 49, 0, 126, 58, 233, 11, 86, 250, 83, 223, 109, 91, 207, 89, 130, 134, 192, 228, 160, 148, 2, 110, 69, 154, 74, 179, 148, 106, 81, 218, 151, 230, 91, 16, 59, 111, 17, 197, 128, 120, 170, 110, 208, 39, 120, 152, 12, 25, 228, 23, 92, 90, 16, 156, 205, 85, 233, 231, 111, 232, 173, 235, 1, 159, 88, 115, 168, 54, 182, 100, 89, 167, 166, 236, 86, 131, 192, 57, 36, 222, 42, 252, 206, 242, 8, 42, 160, 180, 20, 8, 144, 61, 135, 93, 173, 198, 43, 145, 230, 65, 200, 5, 180, 31, 171, 81, 172, 92, 97, 59, 122, 132, 219, 135, 8, 231, 11, 211, 30, 233, 171, 66, 49, 161, 169, 204, 221, 152, 61, 78, 51, 121, 41, 169, 15, 146, 197, 27, 233, 181, 82, 227, 49, 3, 210, 248, 102, 227, 7, 163, 204, 18, 143, 128, 153, 145, 78, 196, 225, 244, 65, 9, 254, 22, 225, 121, 194, 112, 110, 165, 76, 160, 103, 4, 62, 205, 66, 36, 96, 37, 12, 87, 9, 115, 208, 145, 107, 87, 21, 245, 178, 218, 11, 115, 116, 50, 18, 94, 107, 101, 200, 72, 175, 178, 137, 47, 110, 145, 177, 16, 248, 218, 22, 207, 120, 65, 240, 116, 27, 193, 142, 107, 5, 101, 27, 3, 10, 169, 250, 125, 168, 45, 225, 53, 77, 35, 70, 112, 106, 243, 97, 55, 80, 115, 12, 56, 156, 25, 87, 28, 179, 64, 10, 122, 225, 232, 42, 116, 7, 75, 152, 224, 137, 5, 170, 49, 123, 140, 34, 184, 219, 153, 139, 101, 187, 59, 46, 143, 41, 209, 15, 121, 15, 44, 245, 170, 28, 204, 223, 88, 141, 67, 99, 13, 123, 209, 149, 36, 250, 61, 203, 52, 250, 133, 25, 1, 89, 89, 30, 209, 83, 61, 157, 64, 131, 142, 217, 240, 75, 222, 36, 3, 127, 242, 234, 92, 70, 125, 49, 75, 135, 20, 161, 110, 133, 226, 65, 42, 50, 174, 9, 45, 21, 213, 200, 199, 43, 117, 72, 61, 7, 210, 90, 234, 77, 205, 216, 128, 106, 105, 128, 232, 212, 112, 56, 35, 252, 149, 4, 61, 255, 244, 15, 0, 74, 151, 222, 175, 92, 160, 184, 162, 163, 192, 96, 33, 47, 186, 49, 91, 34, 65, 116, 35, 44, 248, 234, 168, 187, 60, 94, 165, 245, 224, 28, 18, 66, 21, 128, 107, 89, 163, 247, 214, 185, 165, 26, 186, 71, 44, 127, 125, 17, 86, 235, 7, 241, 44, 63, 119, 92, 103, 84, 58, 90, 193, 29, 193, 90, 195, 88, 96, 20, 105, 134, 88, 225, 88, 121, 203, 166, 202, 146, 65, 158, 103, 147, 200, 34, 3, 76, 153, 192, 176, 141, 22, 185, 70, 25, 73, 48, 65, 26, 244, 109, 96, 103, 58, 100, 194, 172, 136, 164, 70, 80, 36, 87, 68, 71, 70, 4, 134, 222, 30, 70, 18, 206, 118, 26, 43, 16, 152, 114, 149, 48, 215, 219, 243, 233, 130, 238, 155, 1, 181, 61, 59, 63, 145, 99, 228, 252, 52, 158, 69, 79, 119, 241, 66, 60, 158, 209, 230, 29, 152, 168, 14, 244, 139, 127, 182, 120, 35, 33, 133, 198, 132, 195, 134, 245, 184, 215, 85, 179, 169, 39, 99, 169, 77, 88, 224, 129, 102, 179, 101, 10, 27, 158, 192, 125, 84, 191, 222, 68, 2, 109, 132, 131, 41, 90, 187, 56, 206, 47, 132, 75, 40, 182, 48, 100, 25, 245, 27, 205, 116, 146, 247, 12, 164, 59, 149, 123, 222, 232, 96, 7, 109, 197, 251, 205, 97, 89, 79, 87, 175, 156, 200, 238, 10, 23, 50, 53, 202, 243, 142, 171, 206, 39, 157, 19, 83, 200, 220, 32, 227, 135, 4, 227, 218, 119, 194, 53, 182, 230, 105, 45, 166, 83, 34, 130, 115, 84, 28, 215, 108, 178, 235, 2, 11, 236, 202, 26, 207, 226, 97, 141, 192, 3, 117, 165, 115, 77, 215, 77, 37, 82, 60, 57, 251, 13, 111, 114, 253, 68, 244, 114, 113, 145, 119, 251, 14, 242, 168, 43, 3, 210, 178, 162, 150, 93, 7, 53, 255, 161, 109, 217, 13, 17, 68, 251, 182, 133, 1, 38, 217, 207, 164, 128, 11, 107, 64, 238, 254, 121, 193, 42, 251, 204, 60, 175, 11, 71, 50, 132, 82, 187, 134, 100, 195, 31, 172, 246, 104, 161, 42, 239, 122, 24, 13, 238, 12, 248, 225, 86, 69, 50, 165, 5, 12, 168, 155, 2, 129, 118, 73, 47, 33, 68, 78, 15, 119, 90, 72, 87, 4, 16, 9, 126, 150, 58, 147, 71, 33, 20, 106, 70, 199, 88, 29, 32, 61, 29, 63, 97, 176, 165, 142, 39, 50, 58, 205, 2, 242, 81, 107, 99, 160, 141, 151, 102, 183, 186, 137, 70, 55, 244, 241, 203, 119, 241, 176, 12, 216, 254, 123, 154, 114, 58, 160, 210, 140, 96, 67, 152, 80, 227, 19, 148, 227, 229, 3, 134, 38, 127, 118, 14, 155, 171, 230, 224, 253, 152, 1, 9, 41, 160, 60, 110, 196, 96, 43, 103, 192, 203, 196, 214, 146, 202, 141, 91, 189, 118, 34, 194, 214, 17, 21, 113, 154, 225, 211, 101, 200, 53, 89, 37, 177, 198, 136, 6, 46, 223, 229, 52, 140, 41, 107, 172, 95, 57, 90, 73, 144, 194, 81, 24, 110, 146, 178, 77, 71, 57, 77, 156, 173, 70, 178, 8, 97, 39, 13, 31, 152, 60, 118, 239, 253, 45, 218, 213, 100, 42, 146, 40, 33, 17, 88, 28, 75, 55, 177, 254, 91, 3, 144, 221, 111, 65, 189, 18, 29, 148, 181, 25, 178, 150, 1, 194, 192, 230, 151, 240, 54, 222, 31, 180, 1, 210, 63, 59, 82, 48, 48, 161, 19, 107, 100, 27, 139, 60, 110, 27, 121, 136, 126, 191, 167, 106, 251, 120, 54, 211, 192, 159, 179, 120, 2, 238, 182, 226, 87, 43, 213, 237, 237, 89, 195, 37, 5, 160, 211, 86, 89, 20, 252, 224, 191, 0, 18, 74, 5, 156, 156, 158, 31, 212, 32, 124, 4, 139, 112, 188, 101, 22, 169, 59, 227, 31, 116, 165, 57, 224, 65, 24, 184, 45, 32, 228, 157, 216, 97, 60, 84, 209, 28, 202, 95, 181, 164, 118, 217, 193, 202, 99, 241, 223, 192, 114, 220, 33, 219, 135, 147, 149, 165, 186, 93, 43, 14, 84, 158, 217, 9, 118, 235, 212, 95, 116, 253, 59, 169, 145, 18, 15, 102, 145, 184, 162, 40, 63, 17, 207, 147, 61, 232, 14, 55, 183, 178, 24, 34, 12, 248, 183, 120, 22, 248, 56, 122, 12, 43, 87, 115, 238, 212, 69, 245, 10, 134, 251, 39, 65, 177, 209, 30, 45, 159, 60, 210, 179, 203, 23, 123, 193, 12, 150, 240, 247, 0, 164, 218, 237, 58, 45, 148, 196, 219, 3, 15, 86, 106, 214, 143, 66, 166, 100, 188, 236, 160, 242, 183, 132, 119, 20, 130, 62, 149, 218, 106, 186, 44, 82, 55, 64, 56, 231, 91, 65, 205, 196, 16, 190, 251, 34, 125, 95, 195, 43, 169, 108, 133, 127, 26, 108, 169, 34, 175, 240, 28, 84, 77, 47, 195, 56, 103, 141, 206, 168, 75, 21, 66, 143, 173, 167, 110, 99, 79, 46, 128, 20, 121, 88, 228, 129, 151, 46, 126, 28, 145, 85, 218, 202, 244, 23, 40, 75, 162, 92, 120, 156, 116, 150, 87, 178, 86, 34, 194, 121, 82, 62, 40, 103, 246, 47, 156, 127, 241, 151, 114, 10, 91, 206, 207, 245, 70, 59, 226, 0, 194, 112, 95, 117, 96, 127, 60, 88, 151, 102, 247, 222, 205, 10, 89, 234, 248, 182, 74, 232, 192, 233, 89, 21, 111, 85, 80, 230, 205, 240, 206, 190, 73, 246, 83, 104, 190, 159, 14, 120, 245, 126, 77, 140, 214, 34, 189, 16, 222, 198, 217, 233, 179, 103, 136, 36, 99, 242, 83, 68, 17, 150, 23, 233, 165, 92, 159, 7, 89, 132, 117, 243, 207, 159, 195, 96, 140, 138, 108, 136, 6, 26, 115, 19, 105, 230, 217, 46, 192, 193, 40, 176, 186, 250, 45, 63, 212, 127, 241, 208, 162, 128, 59, 40, 6, 132, 242, 244, 248, 59, 244, 90, 45, 43, 75, 177, 255, 95, 79, 31, 207, 107, 128, 223, 186, 115, 172, 29, 48, 154, 195, 207, 155, 94, 211, 242, 231, 248, 36, 46, 253, 86, 217, 194, 14, 215, 28, 153, 88, 42, 178, 10, 130, 150, 154, 42, 64, 232, 223, 230, 63, 184, 191, 175, 156, 225, 47, 103, 114, 21, 240, 170, 236, 212, 67, 31, 12, 104, 118, 4, 232, 147, 136, 0, 184, 250, 189, 237, 68, 149, 93, 144, 30, 145, 49, 214, 236, 210, 111, 167, 254, 181, 48, 251, 152, 230, 191, 105, 229, 7, 71, 234, 77, 215, 30, 17, 138, 121, 54, 188, 193, 108, 129, 4, 216, 159, 147, 108, 39, 0, 23, 115, 218, 211, 146, 222, 11, 135, 106, 82, 189, 236, 164, 203, 161, 134, 157, 18, 65, 231, 205, 148, 39, 119, 7, 230, 198, 101, 43, 181, 90, 172, 250, 228, 219, 235, 253, 248, 194, 44, 238, 100, 3, 178, 247, 94, 84, 46, 63, 46, 181, 9, 11, 170, 229, 148, 225, 68, 161, 77, 247, 47, 210, 15, 83, 235, 182, 87, 234, 167, 120, 208, 153, 125, 240, 232, 194, 13, 140, 182, 135, 39, 109, 95, 190, 52, 5, 189, 225, 235, 241, 147, 182, 175, 27, 206, 164, 47, 209, 97, 148, 188, 114, 87, 175, 8, 208, 6, 195, 130, 33, 58, 173, 5, 185, 104, 125, 52, 243, 116, 198, 40, 32, 223, 112, 228, 18, 152, 92, 11, 93, 2, 80, 65, 82, 233, 184, 228, 39, 63, 241, 3, 223, 141, 209, 8, 19, 213, 165, 58, 142, 126, 206, 205, 251, 168, 196, 120, 88, 146, 112, 223, 89, 240, 123, 247, 106, 70, 2, 154, 45, 162, 0, 193, 85, 8, 67, 32, 92, 76, 57, 27, 1, 144, 206, 20, 252, 90, 145, 66, 94, 17, 221, 232, 193, 249, 212, 124, 112, 175, 154, 58, 51, 234, 129, 60, 44, 99, 117, 6, 163, 35, 199, 91, 254, 44, 65, 135, 91, 60, 111, 101, 12, 155, 222, 93, 34, 166, 135, 30, 184, 173, 135, 233, 1, 92, 129, 169, 30, 32, 11, 22, 247, 45, 78, 105, 36, 39, 119, 216, 231, 8, 203, 26, 39, 71, 30, 244, 78, 193, 136, 204, 204, 159, 192, 137, 140, 78, 126, 221, 79, 105, 65, 28, 39, 165, 33, 9, 46, 181, 38, 142, 104, 117, 126, 119, 90, 46, 16, 131, 238, 120, 240, 184, 91, 112, 11, 228, 159, 241, 170, 198, 104, 4, 175, 33, 15, 248, 227, 104, 204, 54, 16, 68, 191, 137, 252, 41, 111, 120, 131, 63, 7, 6, 63, 111, 200, 175, 140, 31, 82, 72, 181, 236, 148, 70, 224, 23, 128, 37, 77, 40, 207, 150, 13, 243, 101, 21, 210, 237, 236, 134, 3, 114, 164, 64, 59, 94, 139, 60, 190, 236, 134, 178, 109, 84, 116, 248, 177, 38, 192, 128, 194, 237, 180, 227, 130, 96, 187, 151, 203, 152, 147, 115, 42, 48, 174, 119, 240, 227, 6, 71, 103, 201, 124, 1, 187, 45, 99, 205, 87, 29, 251, 85, 29, 235, 114, 247, 19, 143, 51, 255, 92, 255, 45, 168, 23, 0, 34, 248, 74, 91, 246, 148, 217, 225, 73, 101, 165, 247, 184, 218, 26, 20, 176, 110, 117, 124, 49, 226, 3, 122, 29, 173, 108, 228, 132, 93, 81, 52, 11, 123, 32, 102, 34, 230, 44, 47, 209, 200, 54, 84, 204, 182, 161, 23, 236, 142, 140, 120, 255, 26, 6, 181, 62, 245, 253, 123, 41, 171, 18, 103, 133, 228, 11, 117, 62, 200, 58, 115, 34, 196, 57, 54, 212, 69, 33, 44, 184, 171, 212, 44, 192, 42, 141, 96, 91, 28, 152, 140, 24, 150, 239, 244, 100, 148, 50, 230, 175, 60, 15, 92, 31, 44, 198, 89, 223, 254, 189, 48, 38, 39, 30, 16, 126, 39, 97, 107, 62, 13, 111, 173, 245, 85, 246, 98, 118, 1, 158, 230, 78, 208, 53, 90, 119, 155, 13, 107, 92, 50, 69, 34, 84, 148, 65, 73, 193, 13, 186, 193, 32, 53, 13, 139, 68, 197, 246, 243, 136, 96, 22, 32, 11, 64, 236, 186, 178, 255, 14, 7, 201, 152, 111, 34, 215, 221, 7, 254, 49, 17, 86, 16, 177, 187, 95, 196, 22, 81, 245, 250, 88, 62, 222, 29, 95, 27, 250, 31, 248, 49, 131, 190, 107, 82, 65, 18, 81, 164, 189, 9, 190, 99, 203, 101, 199, 63, 197, 204, 183, 20, 77, 67, 239, 116, 226, 241, 26, 204, 178, 175, 0, 132, 50, 199, 103, 169, 8, 12, 255, 214, 172, 153, 133, 133, 20, 182, 5, 127, 225, 48, 55, 173, 142, 251, 182, 115, 167, 214, 106, 199, 75, 29, 4, 26, 143, 109, 246, 165, 125, 10, 164, 189, 49, 13, 35, 220, 247, 75, 246, 3, 119, 142, 242, 182, 214, 109, 129, 89, 123, 102, 179, 141, 181, 39, 104, 6, 178, 43, 143, 27, 63, 29, 227, 134, 129, 157, 8, 99, 118, 37, 3, 211, 236, 9, 40, 219, 215, 111, 108, 44, 210, 52, 82, 96, 210, 199, 84, 32, 98, 202, 95, 105, 226, 1, 149, 130, 108, 114, 0, 46, 243, 10, 229, 173, 229, 99, 28, 75, 116, 125, 22, 45, 192, 53, 165, 217, 252, 180, 255, 192, 245, 105, 61, 99, 179, 29, 30, 159, 62, 224, 155, 35, 113, 146, 119, 106, 198, 244, 241, 194, 169, 25, 34, 96, 91, 232, 195, 164, 147, 178, 135, 14, 188, 109, 128, 139, 245, 0, 112, 95, 28, 241, 1, 122, 68, 136, 102, 133, 87, 233, 200, 165, 95, 12, 234, 160, 227, 126, 191, 54, 178, 149, 234, 187, 148, 192, 178, 254, 36, 16, 38, 155, 155, 96, 87, 249, 119, 203, 50, 194, 208, 164, 22, 158, 198, 36, 240, 186, 131, 90, 149, 255, 43, 212, 95, 230, 197, 203, 149, 145, 251, 47, 145, 240, 2, 94, 201, 160, 211, 5, 133, 21, 249, 25, 43, 98, 183, 31, 252, 168, 174, 15, 226, 35, 104, 175, 115, 153, 67, 113, 168, 69, 71, 15, 202, 68, 105, 172, 53, 190, 141, 238, 89, 68, 75, 216, 206, 84, 208, 184, 104, 253, 221, 105, 95, 206, 246, 187, 38, 13, 21, 212, 66, 30, 186, 19, 159, 9, 242, 179, 151, 156, 24, 192, 105, 44, 180, 45, 136, 147, 63, 152, 100, 177, 157, 114, 93, 172, 91, 58, 197, 191, 250, 10, 37, 135, 27, 39, 248, 211, 9, 205, 104, 134, 0, 76, 126, 230, 65, 173, 149, 14, 176, 139, 118, 212, 88, 24, 204, 24, 52, 115, 195, 84, 220, 104, 165, 155, 24, 8, 29, 74, 202, 35, 29, 29, 86, 93, 220, 84, 195, 2, 202, 64, 208, 2, 171, 83, 65, 178, 103, 226, 235, 11, 189, 131, 211, 93, 110, 6, 74, 23, 92, 34, 95, 115, 39, 82, 82, 225, 120, 138, 181, 148, 6, 253, 104, 114, 110, 28, 211, 77, 24, 187, 212, 79, 176, 148, 223, 192, 198, 1, 245, 32, 131, 191, 13, 36, 52, 13, 26, 139, 97, 50, 41, 132, 43, 239, 99, 62, 223, 212, 162, 252, 234, 6, 106, 40, 101, 211, 173, 218, 12, 95, 133, 41, 56, 222, 192, 166, 73, 140, 77, 94, 151, 140, 233, 136, 70, 134, 138, 215, 126, 84, 224, 118, 142, 141, 91, 61, 37, 142, 112, 39, 96, 32, 114, 0, 184, 19, 246, 242, 84, 90, 155, 30, 132, 63, 52, 24, 93, 82, 235, 126, 130, 48, 42, 109, 27, 6, 10, 36, 45, 73, 233, 92, 23, 252, 11, 6, 185, 107, 6, 89, 158, 48, 222, 138, 239, 105, 53, 130, 181, 158, 172, 63, 219, 223, 25, 75, 7, 6, 202, 45, 62, 35, 54, 148, 217, 234, 9, 44, 152, 32, 229, 116, 135, 109, 233, 130, 44, 33, 107, 241, 33, 81, 111, 199, 84, 50, 78, 39, 196, 106, 9, 36, 210, 247, 159, 253, 243, 73, 36, 4, 118, 214, 1, 249, 105, 195, 27, 30, 77, 246, 214, 42, 27, 157, 80, 61, 59, 47, 109, 7, 32, 114, 102, 122, 117, 246, 92, 48, 12, 248, 222, 25, 140, 159, 140, 181, 6, 9, 147, 201, 130, 252, 220, 152, 0, 77, 7, 165, 161, 140, 70, 99, 16, 254, 74, 193, 47, 93, 90, 133, 204, 4, 100, 7, 143, 114, 220, 144, 249, 118, 119, 20, 228, 33, 249, 133, 253, 8, 55, 120, 196, 208, 174, 249, 82, 133, 110, 80, 53, 141, 36, 41, 36, 180, 191, 1, 191, 5, 67, 243, 224, 246, 190, 248, 77, 153, 48, 98, 23, 20, 29, 46, 194, 30, 132, 26, 136, 54, 164, 90, 42, 114, 173, 153, 16, 19, 237, 15, 83, 33, 70, 11, 114, 214, 202, 122, 140, 115, 44, 148, 121, 37, 174, 204, 19, 63, 5, 235, 12, 16, 76, 118, 195, 74, 255, 101, 93, 79, 159, 43, 74, 159, 155, 199, 102, 110, 108, 120, 162, 143, 51, 206, 86, 174, 6, 218, 131, 25, 148, 37, 191, 66, 3, 10, 76, 136, 47, 185, 234, 39, 225, 33, 38, 26, 158, 187, 13, 61, 195, 175, 91, 110, 103, 81, 228, 10, 6, 17, 203, 158, 80, 131, 156, 197, 227, 99, 180, 64, 101, 238, 57, 11, 88, 20, 62, 94, 183, 118, 208, 240, 13, 25, 165, 139, 115, 250, 3, 122, 122, 242, 225, 72, 36, 39, 7, 167, 90, 104, 37, 235, 231, 239, 155, 86, 188, 45, 45, 234, 44, 128, 140, 222, 162, 139, 105, 215, 162, 153, 150, 201, 203, 90, 73, 156, 34, 183, 18, 244, 174, 183, 171, 65, 61, 90, 2, 200, 152, 1, 191, 158, 185, 147, 10, 197, 174, 41, 169, 235, 111, 195, 14, 84, 195, 132, 157, 21, 83, 149, 66, 42, 23, 233, 33, 114, 151, 14, 138, 35, 235, 33, 2, 86, 88, 245, 49, 209, 88, 123, 217, 187, 84, 200, 45, 101, 104, 11, 88, 153, 45, 74, 62, 187, 251, 83, 52, 68, 231, 3, 114, 78, 176, 39, 180, 22, 0, 94, 197, 125, 248, 109, 53, 245, 151, 183, 78, 5, 187, 63, 138, 146, 249, 21, 64, 159, 62, 74, 147, 243, 148, 41, 100, 198, 66, 25, 137, 174, 73, 41, 151, 26, 181, 177, 101, 208, 1, 154, 5, 22, 177, 232, 96, 132, 191, 136, 65, 136, 67, 119, 156, 9, 124, 87, 141, 223, 106, 15, 173, 219, 85, 207, 57, 78, 41, 98, 58, 17, 187, 223, 212, 206, 57, 246, 42, 230, 57, 89, 39, 134, 120, 36, 125, 112, 194, 22, 125, 145, 250, 2, 145, 213, 65, 117, 138, 217, 11, 45, 193, 224, 62, 146, 86, 4, 230, 9, 84, 215, 252, 48, 71, 34, 119, 205, 110, 34, 231, 164, 37, 151, 88, 15, 163, 122, 177, 74, 3, 100, 217, 71, 21, 32, 179, 43, 138, 168, 238, 78, 78, 111, 153, 169, 176, 238, 47, 179, 180, 65, 24, 230, 75, 8, 79, 35, 154, 151, 47, 207, 236, 152, 47, 201, 114, 117, 76, 209, 127, 69, 173, 44, 11, 223, 202, 159, 156, 129, 68, 52, 220, 167, 72, 48, 123, 160, 223, 9, 88, 25, 149, 146, 64, 112, 251, 210, 147, 116, 8, 195, 121, 106, 211, 72, 121, 225, 154, 95, 94, 129, 180, 148, 44, 113, 151, 3, 55, 116, 81, 14, 196, 226, 225, 77, 153, 7, 173, 255, 82, 190, 115, 198, 79, 174, 120, 42, 173, 225, 170, 156, 181, 95, 167, 222, 105, 68, 170, 12, 67, 199, 111, 21, 107, 84, 15, 33, 35, 71, 87, 171, 213, 95, 133, 117, 196, 4, 15, 45, 196, 190, 88, 251, 180, 188, 133, 192, 9, 160, 102, 215, 71, 95, 44, 29, 25, 10, 71, 163, 101, 188, 160, 205, 242, 42, 106, 110, 91, 111, 176, 66, 197, 137, 169, 128, 197, 42, 252, 63, 2, 43, 225, 98, 40, 74, 85, 22, 189, 97, 198, 218, 88, 174, 216, 63, 85, 33, 229, 191, 125, 80, 136, 67, 215, 71, 94, 116, 166, 80, 237, 77, 253, 240, 175, 69, 79, 218, 249, 2, 50, 198, 137, 202, 184, 140, 100, 155, 47, 225, 204, 151, 0, 147, 139, 204, 50, 34, 234, 150, 104, 213, 184, 93, 251, 96, 130, 65, 11, 63, 186, 0, 17, 80, 196, 12, 97, 244, 251, 251, 224, 60, 38, 110, 57, 63, 168, 169, 32, 245, 118, 223, 65, 26, 55, 32, 88, 32, 68, 104, 91, 32, 125, 14, 76, 159, 19, 225, 207, 246, 126, 23, 17, 119, 0, 30, 212, 154, 198, 177, 152, 30, 203, 203, 163, 197, 145, 47, 139, 147, 0, 115, 104, 90, 242, 39, 56, 87, 100, 132, 223, 23, 249, 140, 204, 246, 240, 38, 62, 216, 58, 86, 182, 154, 231, 164, 126, 13, 64, 167, 163, 252, 64, 168, 165, 201, 186, 14, 47, 100, 184, 214, 213, 220, 119, 178, 2, 34, 101, 14, 179, 129, 119, 12, 204, 119, 158, 118, 220, 78, 76, 240, 131, 215, 152, 60, 70, 83, 220, 22, 101, 189, 58, 74, 200, 174, 143, 61, 135, 32, 211, 96, 215, 90, 67, 160, 176, 159, 103, 169, 77, 126, 208, 188, 197, 157, 58, 123, 181, 166, 45, 39, 173, 77, 125, 166, 158, 171, 41, 247, 196, 61, 73, 65, 27, 14, 121, 106, 4, 56, 236, 31, 91, 53, 153, 123, 0, 148, 36, 16, 167, 104, 232, 44, 132, 99, 125, 169, 230, 98, 35, 215, 220, 57, 159, 171, 131, 53, 244, 75, 141, 236, 100, 191, 1, 130, 62, 202, 173, 226, 87, 159, 191, 187, 166, 20, 49, 45, 216, 16, 183, 218, 176, 199, 35, 69, 223, 249, 84, 234, 106, 216, 30, 118, 202, 109, 174, 149, 249, 186, 24, 227, 186, 72, 220, 23, 147, 36, 21, 137, 5, 154, 240, 56, 85, 161, 96, 239, 245, 173, 74, 14, 218, 18, 209, 7, 137, 21, 139, 141, 173, 145, 104, 27, 125, 235, 243, 87, 192, 38, 134, 158, 83, 179, 248, 26, 239, 46, 13, 3, 52, 168, 33, 220, 224, 76, 31, 178, 107, 218, 247, 30, 143, 186, 100, 150, 215, 184, 4, 98, 58, 37, 121, 66, 107, 107, 94, 32, 215, 51, 80, 191, 119, 61, 163, 255, 120, 59, 227, 113, 186, 210, 186, 31, 247, 57, 51, 241, 208, 20, 3, 247, 83, 46, 196, 236, 101, 60, 242, 121, 231, 208, 192, 20, 245, 70, 6, 235, 73, 184, 18, 16, 209, 201, 250, 245, 214, 70, 138, 40, 230, 237, 21, 84, 156, 47, 94, 240, 106, 206, 185, 139, 3, 74, 120, 242, 118, 99, 69, 86, 121, 203, 230, 155, 6, 219, 8, 198, 25, 28, 132, 69, 164, 1, 252, 162, 64, 25, 232, 173, 100, 221, 14, 204, 133, 218, 4, 105, 150, 97, 57, 219, 123, 91, 48, 253, 66, 92, 34, 190, 169, 37, 90, 112, 36, 70, 13, 22, 224, 30, 101, 191, 147, 30, 255, 99, 141, 199, 42, 21, 162, 113, 74, 178, 133, 111, 194, 111, 43, 100, 195, 94, 210, 248, 134, 209, 64, 220, 193, 110, 59, 23, 210, 50, 13, 167, 204, 241, 153, 145, 194, 249, 29, 157, 27, 116, 114, 232, 222, 209, 202, 85, 1, 172, 192, 128, 130, 107, 228, 119, 99, 159, 246, 34, 249, 216, 224, 206, 238, 174, 96, 28, 89, 204, 252, 23, 78, 212, 118, 158, 73, 58, 29, 114, 184, 87, 1, 217, 148, 178, 12, 195, 57, 123, 17, 21, 95, 125, 139, 218, 157, 139, 54, 209, 97, 155, 221, 40, 55, 46, 236, 97, 226, 78, 94, 199, 24, 110, 188, 134, 150, 196, 247, 190, 116, 66, 87, 40, 10, 114, 59, 44, 114, 0, 4, 55, 75, 155, 168, 138, 246, 220, 177, 156, 106, 156, 187, 241, 193, 56, 94, 212, 150, 25, 184, 144, 152, 242, 124, 28, 200, 65, 106, 82, 243, 221, 31, 48, 242, 219, 46, 92, 130, 6, 116, 176, 244, 60, 187, 210, 164, 185, 11, 33, 26, 222, 163, 187, 109, 81, 132, 0, 43, 64, 10, 180, 69, 226, 173, 147, 100, 51, 86, 227, 3, 45, 200, 160, 187, 91, 9, 45, 144, 150, 243, 169, 214, 78, 190, 133, 21, 41, 159, 47, 228, 98, 171, 120, 27, 189, 158, 52, 146, 178, 31, 32, 86, 89, 235, 206, 255, 22, 113, 30, 191, 96, 97, 200, 255, 220, 100, 70, 26, 125, 123, 4, 169, 77, 67, 113, 91, 126, 185, 49, 36, 101, 226, 15, 32, 163, 21, 1, 253, 175, 9, 35, 42, 118, 60, 174, 117, 191, 103, 18, 233, 127, 248, 29, 224, 197, 25, 46, 249, 203, 206, 103, 20, 208, 154, 189, 32, 194, 23, 82, 5, 237, 248, 14, 178, 195, 64, 76, 100, 156, 45, 156, 236, 28, 123, 35, 241, 215, 99, 110, 232, 240, 141, 166, 219, 85, 58, 182, 27, 126, 228, 127, 251, 29, 84, 124, 92, 106, 112, 42, 229, 253, 56, 215, 140, 11, 56, 38, 239, 96, 45, 46, 22, 106, 98, 245, 212, 201, 73, 4, 129, 57, 164, 195, 90, 88, 110, 165, 101, 149, 227, 130, 193, 254, 54, 240, 210, 221, 80, 16, 155, 16, 197, 32, 213, 19, 122, 29, 125, 158, 116, 76, 219, 185, 60, 43, 49, 199, 185, 167, 186, 121, 115, 74, 39, 0, 141, 168, 221, 209, 197, 31, 127, 21, 165, 103, 109, 97, 255, 123, 82, 101, 137, 19, 119, 95, 233, 241, 252, 4, 237, 5, 247, 63, 117, 121, 180, 195, 212, 54, 80, 233, 144, 23, 27, 29, 120, 115, 0, 158, 124, 170, 17, 229, 109, 134, 192, 171, 82, 228, 161, 57, 129, 159, 67, 255, 59, 158, 223, 132, 196, 32, 144, 186, 106, 21, 145, 25, 49, 51, 217, 197, 211, 13, 171, 37, 252, 254, 67, 40, 203, 75, 175, 146, 164, 188, 152, 72, 39, 203, 101, 3, 89, 24, 142, 60, 45, 39, 0, 178, 99, 95, 170, 199, 18, 188, 171, 140, 225, 234, 107, 114, 146, 28, 148, 1, 133, 22, 78, 222, 84, 90, 160, 241, 20, 178, 169, 148, 5, 25, 31, 245, 88, 79, 248, 0, 150, 7, 54, 159, 121, 123, 153, 251, 8, 250, 65, 11, 161, 123, 214, 158, 174, 189, 107, 158, 1, 73, 42, 228, 142, 40, 35, 152, 164, 77, 249, 4, 117, 35, 102, 231, 3, 30, 44, 231, 171, 85, 207, 114, 192, 116, 250, 84, 9, 223, 189, 47, 92, 120, 204, 224, 200, 30, 63, 19, 175, 120, 64, 116, 81, 127, 11, 77, 175, 247, 225, 40, 7, 13, 241, 20, 160, 102, 218, 92, 218, 81, 158, 61, 233, 45, 16, 44, 2, 7, 14, 200, 166, 249, 114, 101, 156, 149, 249, 246, 96, 15, 9, 36, 81, 82, 77, 116, 232, 106, 184, 65, 4, 100, 103, 113, 166, 184, 90, 169, 18, 2, 92, 152, 154, 95, 187, 195, 154, 116, 93, 250, 12, 82, 109, 27, 44, 18, 13, 37, 20, 75, 22, 151, 95, 52, 75, 184, 224, 145, 31, 80, 170, 23, 220, 180, 143, 132, 14, 20, 165, 98, 151, 229, 225, 87, 171, 93, 41, 193, 104, 58, 79, 35, 33, 104, 44, 23, 103, 127, 50, 92, 39, 222, 106, 23, 75, 166, 80, 232, 248, 23, 108, 39, 124, 34, 36, 62, 65, 252, 201, 3, 1, 148, 195, 218, 228, 193, 74, 165, 131, 79, 188, 40, 135, 75, 138, 8, 222, 92, 136, 40, 81, 61, 51, 21, 41, 131, 218, 87, 198, 148, 224, 184, 149, 103, 189, 173, 35, 47, 92, 121, 195, 251, 8, 186, 230, 44, 3, 14, 55, 214, 14, 212, 8, 214, 103, 223, 133, 33, 207, 182, 193, 17, 153, 20, 79, 23, 56, 95, 82, 233, 154, 44, 242, 90, 164, 45, 91, 81, 158, 16, 229, 18, 165, 95, 11, 15, 104, 67, 22, 47, 84, 80, 17, 66, 38, 78, 138, 11, 120, 71, 0, 137, 127, 236, 25, 240, 210, 220, 149, 96, 118, 41, 144, 6, 5, 177, 149, 45, 247, 47, 238, 160, 38, 28, 152, 36, 213, 175, 158, 42, 132, 44, 137, 0, 61, 62, 62, 187, 207, 149, 243, 204, 31, 11, 38, 193, 190, 236, 16, 132, 39, 50, 58, 229, 229, 235, 38, 74, 166, 204, 110, 122, 220, 91, 132, 225, 217, 47, 92, 102, 222, 1, 173, 196, 157, 8, 75, 247, 191, 13, 3, 252, 82, 19, 203, 208, 200, 157, 90, 81, 189, 228, 111, 17, 177, 86, 123, 55, 237, 132, 2, 40, 23, 36, 155, 7, 89, 14, 186, 247, 172, 87, 189, 134, 122, 33, 33, 9, 49, 4, 10, 246, 141, 27, 243, 70, 166, 173, 69, 247, 83, 215, 125, 57, 2, 100, 137, 64, 158, 40, 84, 233, 237, 193, 10, 44, 34, 53, 234, 198, 170, 149, 39, 212, 186, 151, 255, 150, 174, 3, 73, 84, 80, 12, 247, 244, 100, 8, 230, 64, 189, 10, 91, 206, 251, 4, 109, 161, 140, 22, 170, 224, 14, 249, 150, 23, 1, 252, 43, 192, 135, 100, 59, 255, 107, 194, 191, 17, 16, 181, 107, 149, 170, 24, 182, 228, 120, 26, 123, 2, 226, 169, 95, 122, 9, 91, 152, 206, 222, 222, 91, 197, 21, 219, 224, 37, 4, 215, 158, 101, 70, 85, 46, 91, 16, 40, 88, 86, 209, 26, 41, 143, 24, 192, 48, 51, 64, 76, 54, 59, 131, 24, 61, 162, 57, 34, 182, 236, 157, 243, 59, 2, 156, 221, 195, 66, 5, 19, 131, 178, 10, 207, 200, 146, 87, 55, 179, 41, 160, 167, 241, 5, 25, 51, 222, 117, 194, 128, 207, 210, 159, 33, 110, 179, 162, 69, 103, 164, 55, 15, 35, 34, 200, 201, 188, 244, 13, 161, 1, 208, 139, 227, 210, 163, 186, 211, 147, 204, 17, 101, 173, 48, 58, 123, 43, 160, 242, 12, 201, 221, 19, 42, 3, 144, 26, 15, 176, 29, 174, 82, 177, 78, 174, 157, 117, 144, 169, 105, 65, 238, 218, 108, 41, 125, 172, 81, 86, 254, 174, 134, 199, 149, 171, 1, 217, 245, 215, 246, 252, 8, 84, 29, 160, 125, 46, 139, 189, 164, 175, 22, 170, 192, 44, 178, 104, 80, 100, 1, 201, 169, 28, 243, 202, 39, 189, 36, 161, 55, 53, 227, 201, 250, 124, 59, 8, 7, 246, 172, 70, 134, 124, 169, 167, 215, 165, 18, 242, 76, 49, 28, 246, 182, 85, 195, 125, 197, 36, 24, 77, 76, 74, 151, 64, 238, 47, 70, 85, 213, 191, 182, 110, 56, 98, 8, 80, 66, 194, 151, 102, 234, 16, 23, 246, 60, 99, 245, 223, 38, 202, 39, 52, 12, 60, 129, 207, 25, 110, 47, 188, 140, 207, 20, 16, 235, 195, 148, 206, 44, 211, 237, 38, 13, 222, 204, 162, 209, 252, 89, 206, 194, 218, 27, 81, 8, 81, 22, 43, 19, 233, 51, 76, 15, 66, 161, 120, 19, 149, 33, 231, 171, 192, 15, 250, 14, 80, 210, 210, 139, 99, 164, 217, 215, 231, 27, 144, 165, 188, 193, 186, 43, 254, 2, 181, 85, 237, 20, 181, 231, 169, 237, 238, 92, 64, 150, 196, 134, 228, 225, 213, 173, 195, 68, 19, 5, 223, 32, 252, 192, 77, 138, 2, 114, 238, 126, 106, 50, 178, 97, 60, 197, 86, 155, 122, 108, 44, 195, 3, 165, 77, 99, 244, 167, 125, 198, 185, 29, 208, 40, 175, 245, 54, 108, 232, 179, 208, 77, 161, 92, 165, 224, 172, 53, 224, 51, 40, 38, 16, 9, 29, 214, 117, 20, 21, 193, 119, 248, 228, 100, 40, 11, 163, 120, 131, 196, 218, 101, 189, 26, 54, 168, 218, 225, 213, 112, 180, 118, 70, 71, 24, 223, 99, 223, 127, 114, 55, 138, 60, 23, 88, 173, 56, 4, 129, 135, 229, 175, 25, 226, 223, 98, 133, 153, 0, 210, 82, 22, 156, 221, 71, 230, 60, 219, 11, 72, 40, 119, 188, 182, 245, 185, 2, 143, 6, 46, 136, 170, 65, 81, 215, 170, 52, 71, 190, 122, 95, 76, 117, 4, 216, 217, 150, 11, 65, 233, 170, 156, 27, 111, 35, 153, 187, 19, 133, 132, 129, 38, 128, 218, 168, 122, 199, 123, 125, 111, 23, 55, 90, 215, 64, 145, 140, 53, 224, 153, 30, 12, 99, 134, 215, 102, 234, 67, 193, 96, 75, 141, 4, 6, 84, 54, 58, 176, 238, 74, 177, 144, 29, 17, 143, 203, 189, 1, 131, 248, 89, 237, 30, 70, 155, 139, 11, 31, 85, 94, 174, 248, 242, 31, 27, 47, 240, 236, 251, 239, 200, 76, 33, 248, 133, 193, 44, 153, 230, 168, 210, 86, 37, 101, 115, 19, 216, 85, 171, 204, 90, 204, 164, 229, 217, 36, 184, 22, 225, 87, 219, 210, 31, 224, 91, 168, 192, 155, 29, 99, 216, 45, 207, 77, 112, 190, 77, 18, 212, 69, 94, 2, 13, 235, 10, 90, 0, 47, 121, 5, 48, 240, 173, 172, 158, 133, 161, 59, 190, 150, 125, 170, 231, 209, 219, 14, 154, 176, 128, 214, 224, 176, 22, 217, 75, 72, 60, 104, 162, 43, 6, 5, 80, 205, 218, 130, 80, 81, 114, 101, 40, 95, 170, 90, 117, 23, 10, 20, 204, 94, 79, 91, 214, 97, 10, 55, 116, 7, 199, 131, 217, 54, 208, 19, 31, 9, 63, 115, 114, 57, 195, 92, 13, 71, 239, 58, 108, 242, 2, 44, 216, 228, 33, 184, 177, 94, 108, 76, 83, 136, 253, 167, 131, 154, 194, 2, 31, 236, 51, 108, 221, 209, 59, 6, 125, 128, 58, 38, 176, 65, 25, 241, 228, 19, 237, 255, 177, 25, 35, 146, 223, 14, 174, 195, 61, 209, 144, 39, 225, 142, 84, 35, 56, 196, 123, 235, 2, 64, 93, 236, 103, 149, 57, 214, 169, 157, 89, 206, 29, 130, 125, 122, 106, 228, 186, 72, 226, 7, 10, 33, 40, 173, 120, 56, 166, 165, 55, 98, 71, 121, 48, 253, 22, 43, 225, 25, 192, 222, 147, 120, 254, 245, 231, 55, 163, 230, 195, 14, 57, 151, 66, 28, 22, 223, 8, 81, 171, 68, 252, 95, 200, 111, 195, 45, 144, 26, 196, 127, 104, 80, 118, 8, 1, 25, 127, 29, 120, 200, 181, 34, 227, 232, 206, 17, 214, 220, 67, 140, 204, 29, 230, 4, 100, 25, 120, 15, 114, 107, 58, 32, 109, 21, 144, 236, 221, 255, 19, 105, 90, 22, 239, 167, 198, 96, 85, 48, 46, 83, 216, 56, 61, 204, 211, 173, 112, 207, 228, 85, 233, 98, 102, 225, 17, 106, 79, 1, 219, 116, 195, 65, 214, 54, 247, 20, 215, 13, 100, 32, 174, 67, 145, 128, 248, 79, 82, 241, 38, 234, 121, 229, 153, 216, 221, 13, 72, 238, 30, 178, 209, 169, 0, 221, 112, 194, 131, 238, 254, 111, 250, 42, 250, 86, 166, 215, 115, 92, 138, 37, 174, 174, 36, 146, 109, 111, 175, 33, 85, 95, 31, 159, 165, 6, 105, 93, 135, 43, 98, 153, 47, 148, 152, 36, 255, 180, 143, 254, 159, 169, 12, 101, 67, 98, 116, 76, 92, 182, 17, 99, 210, 231, 93, 251, 18, 31, 231, 69, 214, 115, 93, 47, 226, 190, 157, 36, 154, 226, 17, 49, 39, 84, 193, 5, 31, 225, 144, 116, 50, 86, 234, 41, 255, 81, 23, 56, 234, 134, 15, 6, 206, 233, 3, 199, 55, 206, 202, 40, 7, 117, 146, 135, 3, 92, 234, 26, 128, 12, 3, 69, 220, 62, 238, 244, 100, 176, 101, 228, 246, 169, 52, 96, 56, 158, 254, 48, 116, 203, 87, 42, 2, 238, 192, 231, 94, 140, 235, 93, 42, 115, 209, 115, 251, 238, 0, 2, 167, 46, 140, 131, 249, 221, 75, 205, 38, 142, 251, 153, 28, 12, 43, 33, 249, 66, 181, 14, 142, 207, 50, 4, 208, 1, 138, 99, 243, 75, 245, 38, 254, 224, 108, 196, 140, 188, 21, 212, 143, 166, 193, 46, 37, 60, 5, 16, 192, 111, 54, 160, 65, 106, 180, 62, 12, 71, 145, 73, 75, 244, 62, 131, 242, 97, 255, 16, 92, 229, 17, 172, 37, 54, 238, 42, 105, 82, 102, 1, 107, 246, 206, 32, 97, 254, 142, 88, 188, 74, 136, 55, 39, 105, 174, 228, 205, 113, 237, 8, 223, 115, 38, 220, 16, 124, 122, 161, 215, 92, 233, 32, 51, 126, 44, 237, 105, 28, 254, 26, 64, 208, 228, 15, 0, 236, 147, 185, 137, 178, 27, 112, 214, 142, 71, 199, 174, 145, 154, 76, 185, 5, 79, 3, 238, 180, 209, 95, 0, 78, 253, 170, 123, 100, 155, 229, 234, 239, 152, 117, 87, 202, 239, 216, 92, 174, 252, 128, 242, 88, 27, 110, 69, 109, 71, 44, 140, 9, 83, 220, 199, 204, 150, 161, 198, 20, 12, 35, 196, 100, 118, 7, 40, 158, 207, 27, 110, 13, 184, 174, 18, 40, 165, 187, 145, 97, 75, 34, 186, 177, 182, 211, 97, 99, 146, 245, 131, 200, 242, 174, 216, 163, 14, 237, 139, 54, 31, 49, 154, 15, 166, 158, 129, 1, 60, 2, 9, 115, 247, 7, 25, 136, 213, 112, 72, 102, 32, 211, 78, 203, 242, 55, 205, 6, 158, 147, 238, 231, 149, 214, 151, 56, 186, 52, 154, 109, 139, 203, 83, 251, 246, 1, 160, 28, 235, 93, 100, 163, 188, 238, 181, 246, 129, 207, 8, 56, 62, 162, 65, 0, 72, 172, 56, 103, 236, 125, 126, 183, 67, 165, 236, 87, 190, 46, 159, 128, 131, 145, 171, 120, 154, 74, 179, 83, 88, 17, 1, 29, 190, 28, 111, 135, 68, 225, 213, 76, 148, 143, 141, 98, 125, 83, 143, 185, 101, 8, 154, 72, 12, 192, 193, 108, 7, 236, 22, 33, 178, 145, 127, 191, 97, 48, 249, 12, 77, 163, 158, 112, 167, 33, 60, 110, 187, 248, 118, 142, 5, 34, 42, 0, 153, 12, 38, 93, 185, 23, 204, 246, 228, 56, 28, 222, 165, 209, 98, 0, 253, 167, 175, 82, 101, 105, 12, 172, 218, 148, 174, 113, 49, 25, 138, 41, 191, 31, 99, 145, 200, 72, 122, 68, 35, 167, 146, 86, 239, 70, 9, 184, 125, 68, 190, 219, 104, 210, 106, 77, 100, 112, 4, 67, 234, 30, 5, 22, 91, 142, 146, 161, 153, 173, 193, 26, 175, 223, 55, 183, 250, 35, 114, 66, 6, 184, 46, 8, 100, 173, 214, 212, 211, 239, 21, 216, 145, 20, 144, 185, 126, 20, 215, 168, 122, 178, 76, 37, 6, 179, 26, 95, 28, 25, 229, 25, 249, 228, 103, 53, 57, 139, 125, 125, 58, 110, 139, 98, 145, 7, 242, 151, 193, 140, 172, 51, 108, 54, 201, 241, 191, 71, 166, 204, 114, 162, 152, 151, 200, 57, 151, 93, 192, 234, 133, 30, 115, 137, 218, 239, 0, 39, 24, 89, 91, 26, 144, 217, 78, 87, 231, 160, 16, 85, 220, 191, 112, 236, 6, 163, 35, 64, 48, 68, 103, 106, 102, 14, 55, 25, 205, 130, 44, 15, 135, 226, 173, 210, 174, 203, 187, 68, 255, 77, 22, 190, 96, 37, 20, 176, 195, 252, 191, 93, 51, 194, 220, 103, 46, 190, 29, 40, 128, 96, 251, 30, 211, 64, 0, 14, 113, 171, 255, 181, 125, 150, 69, 88, 145, 100, 133, 24, 212, 30, 220, 204, 69, 154, 254, 236, 36, 14, 195, 194, 215, 8, 230, 46, 214, 163, 178, 35, 73, 152, 21, 168, 146, 39, 5, 11, 201, 45, 16, 197, 109, 76, 72, 116, 105, 254, 23, 120, 17, 122, 49, 122, 55, 186, 77, 19, 102, 25, 228, 22, 47, 125, 245, 17, 228, 139, 156, 241, 145, 172, 145, 225, 85, 80, 219, 65, 70, 114, 167, 184, 38, 177, 77, 198, 248, 189, 243, 29, 254, 102, 235, 210, 127, 186, 79, 204, 250, 83, 151, 99, 181, 210, 92, 75, 55, 151, 17, 33, 54, 128, 247, 167, 241, 235, 254, 108, 29, 227, 153, 41, 26, 95, 215, 248, 75, 178, 249, 183, 69, 254, 232, 13, 12, 77, 7, 103, 184, 166, 82, 234, 32, 167, 245, 230, 122, 119, 157, 124, 163, 153, 151, 39, 193, 225, 110, 10, 108, 238, 179, 66, 105, 252, 127, 70, 207, 83, 103, 109, 152, 54, 123, 119, 140, 253, 89, 168, 109, 230, 43, 70, 117, 63, 120, 47, 13, 192, 77, 248, 48, 172, 202, 182, 84, 236, 238, 96, 249, 47, 118, 124, 122, 27, 40, 115, 251, 176, 179, 145, 32, 132, 96, 228, 145, 168, 5, 41, 224, 255, 117, 191, 67, 201, 53, 152, 133, 201, 19, 36, 246, 52, 42, 217, 235, 34, 98, 91, 165, 242, 130, 98, 79, 29, 57, 97, 45, 93, 8, 4, 49, 6, 214, 85, 177, 220, 252, 210, 25, 218, 86, 16, 10, 126, 199, 115, 221, 197, 107, 205, 253, 54, 78, 40, 52, 208, 177, 223, 206, 238, 104, 32, 181, 73, 199, 248, 205, 215, 148, 59, 85, 137, 4, 224, 143, 84, 161, 248, 13, 23, 230, 23, 83, 43, 128, 219, 78, 137, 13, 92, 207, 41, 130, 42, 114, 70, 107, 85, 232, 99, 81, 219, 64, 175, 214, 40, 83, 217, 117, 105, 159, 79, 142, 232, 180, 72, 96, 168, 4, 167, 3, 225, 27, 212, 81, 24, 149, 69, 117, 121, 101, 157, 103, 214, 90, 22, 26, 170, 247, 133, 135, 115, 41, 201, 61, 32, 90, 137, 55, 47, 34, 236, 186, 60, 240, 252, 70, 6, 83, 213, 213, 84, 165, 251, 117, 52, 173, 94, 207, 127, 79, 104, 246, 126, 53, 243, 17, 203, 45, 1, 23, 231, 250, 120, 254, 184, 28, 142, 233, 29, 29, 82, 109, 221, 125, 8, 35, 207, 126, 248, 190, 205, 48, 58, 254, 214, 95, 36, 178, 125, 230, 141, 198, 118, 30, 76, 30, 207, 127, 247, 131, 20, 20, 166, 66, 116, 96, 13, 85, 104, 86, 194, 248, 57, 111, 150, 128, 171, 211, 134, 68, 221, 3, 104, 150, 248, 70, 152, 73, 114, 55, 124, 34, 11, 127, 230, 195, 213, 105, 100, 28, 26, 2, 232, 14, 213, 194, 51, 99, 196, 190, 114, 78, 185, 170, 101, 151, 129, 139, 53, 180, 97, 14, 226, 186, 38, 202, 76, 208, 51, 204, 141, 168, 172, 108, 203, 97, 226, 249, 223, 27, 171, 162, 20, 75, 228, 205, 219, 144, 182, 139, 110, 95, 168, 24, 90, 228, 26, 125, 102, 217, 252, 165, 118, 16, 237, 230, 22, 6, 212, 215, 78, 195, 223, 3, 98, 93, 139, 126, 5, 247, 145, 243, 8, 118, 3, 244, 56, 207, 39, 162, 154, 205, 100, 224, 133, 173, 55, 142, 175, 249, 64, 73, 120, 230, 61, 134, 69, 162, 92, 120, 45, 216, 101, 77, 112, 248, 199, 47, 23, 230, 2, 104, 59, 57, 196, 145, 129, 243, 125, 100, 208, 99, 189, 101, 211, 255, 247, 121, 21, 184, 57, 174, 251, 66, 215, 77, 163, 136, 141, 84, 170, 236, 43, 61, 107, 156, 173, 9, 171, 100, 75, 243, 76, 41, 243, 18, 59, 50, 118, 119, 101, 234, 76, 150, 0, 66, 142, 177, 18, 37, 12, 152, 84, 143, 0, 46, 76, 55, 100, 14, 110, 45, 225, 32, 170, 133, 196, 160, 25, 190, 135, 131, 61, 143, 18, 65, 95, 227, 41, 161, 108, 86, 78, 106, 52, 25, 45, 140, 130, 169, 12, 29, 70, 177, 12, 97, 129, 141, 159, 146, 119, 189, 114, 212, 206, 231, 27, 89, 240, 76, 236, 210, 226, 241, 204, 166, 164, 48, 45, 131, 123, 62, 57, 144, 11, 217, 10, 28, 244, 146, 82, 252, 180, 54, 200, 215, 105, 192, 248, 170, 49, 97, 173, 38, 59, 20, 129, 245, 117, 116, 11, 249, 121, 92, 199, 122, 32, 209, 191, 29, 137, 53, 117, 201, 34, 48, 163, 29, 184, 210, 111, 85, 23, 174, 85, 217, 235, 231, 179, 107, 27, 224, 2, 139, 43, 74, 148, 21, 39, 54, 153, 21, 251, 247, 3, 50, 101, 234, 3, 108, 35, 127, 99, 33, 50, 243, 92, 216, 227, 27, 100, 50, 73, 96, 4, 118, 167, 28, 234, 70, 236, 11, 240, 32, 232, 43, 53, 45, 213, 15, 203, 246, 146, 128, 7, 101, 207, 86, 5, 152, 131, 214, 192, 189, 215, 163, 18, 177, 140, 255, 230, 255, 195, 12, 127, 249, 152, 50, 194, 232, 183, 137, 251, 208, 41, 85, 157, 61, 4, 15, 12, 239, 230, 199, 189, 229, 147, 199, 3, 122, 66, 109, 120, 182, 146, 75, 92, 179, 213, 117, 82, 107, 183, 25, 60, 181, 67, 250, 106, 122, 210, 130, 166, 106, 42, 1, 35, 220, 82, 75, 22, 86, 14, 45, 194, 160, 200, 174, 65, 71, 227, 60, 30, 149, 119, 228, 240, 26, 250, 48, 152, 31, 200, 62, 17, 13, 152, 215, 100, 20, 29, 14, 25, 185, 207, 142, 4, 17, 12, 216, 175, 104, 207, 155, 117, 62, 155, 31, 175, 14, 246, 15, 124, 23, 203, 16, 164, 5, 122, 76, 165, 250, 78, 174, 29, 217, 252, 101, 148, 193, 30, 130, 74, 141, 184, 102, 186, 33, 176, 103, 180, 76, 20, 104, 32, 220, 45, 60, 123, 155, 65, 193, 164, 79, 118, 72, 22, 67, 135, 136, 60, 79, 234, 232, 92, 246, 133, 69, 198, 19, 228, 197, 253, 111, 120, 79, 154, 137, 71, 140, 146, 0, 226, 243, 167, 238, 111, 29, 34, 6, 116, 70, 210, 234, 166, 119, 89, 19, 250, 85, 149, 102, 175, 111, 76, 203, 254, 175, 183, 98, 83, 124, 175, 51, 82, 250, 242, 26, 164, 3, 36, 10, 91, 90, 86, 9, 241, 41, 199, 240, 197, 180, 131, 62, 225, 103, 80, 75, 76, 26, 189, 68, 237, 45, 48, 137, 192, 117, 192, 205, 221, 175, 28, 152, 25, 170, 205, 206, 174, 91, 107, 228, 180, 98, 40, 156, 52, 65, 91, 85, 102, 62, 139, 45, 233, 112, 60, 11, 120, 210, 226, 149, 212, 112, 47, 236, 79, 119, 208, 108, 242, 4, 122, 91, 65, 198, 182, 216, 35, 255, 77, 10, 41, 106, 150, 228, 16, 222, 41, 228, 157, 21, 152, 214, 82, 245, 7, 67, 244, 206, 20, 243, 208, 242, 95, 186, 132, 243, 46, 221, 19, 68, 11, 211, 166, 114, 2, 47, 0, 123, 183, 38, 167, 118, 30, 0, 115, 128, 25, 11, 232, 106, 49, 154, 17, 106, 241, 255, 133, 225, 32, 147, 221, 27, 203, 226, 53, 80, 9, 200, 70, 104, 206, 44, 135, 83, 12, 132, 115, 174, 0, 31, 208, 71, 17, 174, 122, 108, 78, 70, 88, 52, 245, 246, 84, 242, 203, 223, 170, 147, 192, 230, 217, 172, 20, 63, 30, 193, 203, 44, 250, 1, 46, 252, 197, 12, 57, 118, 123, 39, 237, 95, 170, 170, 233, 64, 210, 191, 243, 203, 76, 89, 73, 241, 249, 185, 200, 164, 99, 123, 201, 229, 3, 255, 43, 52, 84, 37, 159, 234, 135, 133, 206, 160, 68, 111, 69, 142, 99, 174, 243, 49, 45, 154, 200, 186, 48, 95, 221, 104, 10, 84, 22, 40, 54, 207, 14, 36, 34, 56, 95, 90, 84, 45, 227, 145, 103, 98, 208, 89, 110, 91, 185, 110, 106, 166, 68, 0, 61, 210, 161, 211, 240, 68, 208, 36, 155, 243, 3, 208, 232, 127, 155, 147, 9, 137, 240, 237, 194, 126, 12, 165, 92, 176, 180, 49, 62, 172, 101, 204, 31, 92, 185, 193, 201, 121, 178, 51, 72, 160, 17, 199, 47, 226, 166, 12, 121, 182, 1, 142, 110, 200, 38, 184, 198, 243, 196, 159, 191, 70, 34, 104, 52, 118, 38, 139, 127, 74, 194, 128, 84, 228, 20, 124, 52, 12, 15, 22, 190, 208, 226, 252, 236, 91, 214, 227, 10, 16, 190, 164, 110, 243, 59, 249, 235, 151, 233, 136, 54, 117, 44, 47, 232, 152, 9, 255, 89, 20, 9, 195, 142, 28, 190, 215, 72, 198, 70, 180, 203, 9, 102, 195, 69, 86, 190, 195, 168, 24, 164, 197, 105, 163, 2, 74, 116, 143, 33, 70, 254, 75, 198, 181, 160, 124, 123, 138, 207, 95, 16, 163, 232, 212, 161, 80, 249, 45, 62, 99, 124, 219, 93, 240, 140, 107, 50, 176, 28, 175, 40, 70, 198, 130, 153, 112, 32, 66, 250, 212, 142, 67, 220, 73, 151, 186, 171, 27, 24, 177, 240, 17, 120, 156, 111, 134, 186, 205, 148, 139, 238, 180, 47, 178, 0, 191, 214, 140, 124, 141, 154, 215, 85, 67, 254, 194, 226, 188, 178, 254, 121, 205, 38, 150, 230, 249, 145, 77, 44, 4, 193, 238, 204, 192, 26, 33, 14, 231, 104, 11, 32, 142, 231, 90, 186, 36, 199, 65, 76, 87, 116, 95, 212, 178, 151, 218, 162, 171, 39, 48, 58, 148, 124, 228, 72, 158, 10, 8, 200, 92, 161, 140, 21, 27, 140, 128, 229, 217, 46, 21, 30, 241, 64, 149, 176, 93, 160, 122, 53, 143, 84, 12, 223, 173, 159, 5, 185, 31, 10, 244, 101, 181, 0, 182, 90, 67, 209, 222, 210, 143, 118, 178, 164, 191, 178, 153, 221, 97, 10, 57, 167, 234, 187, 20, 126, 178, 120, 212, 58, 199, 26, 62, 179, 211, 90, 246, 73, 145, 85, 177, 58, 116, 158, 126, 144, 230, 68, 209, 109, 220, 223, 87, 4, 192, 162, 199, 110, 54, 15, 253, 45, 8, 26, 91, 242, 45, 154, 218, 91, 92, 252, 121, 179, 146, 100, 208, 0, 221, 133, 21, 208, 204, 53, 221, 208, 82, 90, 179, 121, 107, 125, 89, 9, 255, 8, 106, 107, 176, 110, 160, 42, 207, 222, 253, 64, 109, 30, 173, 207, 118, 62, 11, 144, 114, 137, 172, 63, 234, 64, 70, 155, 55, 63, 195, 150, 1, 28, 102, 249, 254, 241, 73, 96, 3, 253, 133, 170, 239, 248, 205, 225, 141, 168, 100, 234, 167, 94, 232, 1, 5, 66, 165, 173, 254, 227, 201, 59, 228, 15, 170, 155, 225, 137, 22, 189, 182, 84, 221, 122, 156, 195, 54, 134, 253, 53, 214, 6, 223, 45, 116, 231, 184, 208, 39, 52, 137, 34, 83, 138, 58, 35, 142, 199, 161, 9, 158, 200, 149, 181, 163, 26, 202, 2, 183, 130, 224, 68, 137, 30, 251, 213, 147, 105, 121, 132, 237, 198, 78, 133, 228, 124, 88, 45, 83, 70, 150, 238, 128, 227, 72, 246, 56, 210, 104, 35, 99, 68, 238, 255, 114, 181, 33, 32, 217, 181, 155, 219, 238, 144, 84, 89, 133, 159, 141, 4, 41, 212, 199, 26, 17, 88, 14, 46, 107, 129, 178, 231, 58, 242, 18, 78, 186, 84, 109, 30, 241, 105, 133, 106, 144, 74, 97, 133, 128, 183, 188, 27, 124, 87, 36, 21, 23, 2, 154, 176, 32, 215, 51, 13, 133, 119, 164, 163, 25, 79, 113, 177, 255, 140, 96, 162, 40, 45, 7, 249, 60, 43, 98, 3, 131, 153, 138, 248, 203, 64, 104, 130, 46, 197, 14, 93, 193, 62, 157, 243, 175, 43, 131, 204, 162, 137, 220, 221, 83, 133, 247, 212, 221, 48, 99, 38, 63, 161, 158, 23, 119, 151, 225, 170, 129, 49, 142, 2, 134, 9, 157, 237, 58, 199, 106, 23, 165, 111, 130, 223, 138, 28, 52, 137, 210, 227, 86, 30, 101, 253, 25, 1, 158, 192, 93, 214, 218, 93, 72, 47, 34, 161, 209, 27, 37, 128, 254, 14, 241, 205, 201, 163, 134, 17, 247, 153, 173, 225, 167, 5, 40, 153, 172, 211, 251, 25, 87, 3, 209, 146, 216, 80, 111, 34, 197, 131, 222, 25, 78, 230, 239, 33, 122, 70, 205, 253, 39, 55, 254, 167, 201, 25, 34, 173, 0, 177, 182, 151, 154, 195, 45, 242, 84, 118, 214, 44, 11, 56, 210, 211, 129, 57, 91, 230, 245, 39, 190, 86, 181, 166, 204, 74, 97, 41, 46, 102, 11, 0, 121, 202, 13, 17, 199, 20, 129, 120, 64, 242, 109, 192, 5, 206, 160, 228, 217, 76, 83, 148, 253, 0, 1, 227, 125, 208, 12, 12, 76, 150, 186, 210, 189, 124, 4, 20, 20, 197, 59, 192, 37, 182, 124, 166, 200, 102, 211, 171, 66, 81, 61, 93, 120, 17, 213, 155, 12, 159, 217, 14, 95, 225, 37, 143, 53, 100, 129, 184, 35, 38, 20, 111, 159, 79, 14, 121, 151, 183, 199, 253, 207, 112, 38, 84, 172, 81, 247, 138, 162, 142, 248, 27, 13, 18, 81, 98, 216, 202, 152, 116, 218, 249, 110, 223, 26, 198, 124, 96, 217, 61, 137, 252, 82, 2, 99, 146, 161, 153, 171, 205, 139, 175, 14, 21, 41, 143, 99, 41, 18, 58, 14, 16, 242, 102, 239, 89, 57, 82, 201, 20, 25, 52, 46, 168, 241, 167, 55, 175, 1, 13, 52, 215, 190, 98, 25, 42, 88, 243, 206, 21, 243, 155, 220, 119, 202, 237, 131, 208, 212, 140, 244, 78, 8, 235, 199, 9, 121, 17, 209, 122, 250, 79, 196, 191, 192, 171, 90, 14, 36, 233, 243, 8, 118, 118, 3, 160, 174, 50, 142, 70, 59, 47, 112, 87, 193, 96, 180, 52, 105, 49, 47, 94, 63, 153, 106, 21, 148, 137, 165, 12, 254, 56, 240, 188, 221, 96, 54, 143, 144, 232, 148, 192, 84, 127, 11, 129, 48, 199, 109, 4, 33, 150, 58, 196, 94, 177, 172, 213, 49, 105, 139, 19, 205, 221, 154, 214, 52, 122, 87, 204, 214, 25, 38, 207, 222, 114, 192, 121, 99, 104, 167, 108, 17, 94, 7, 243, 101, 74, 129, 23, 36, 141, 24, 27, 136, 235, 36, 190, 244, 234, 57, 106, 163, 254, 160, 57, 209, 12, 191, 115, 223, 33, 98, 31, 154, 202, 198, 32, 254, 64, 137, 73, 112, 170, 40, 5, 58, 56, 240, 208, 32, 140, 164, 130, 122, 49, 91, 198, 83, 154, 79, 14, 196, 198, 112, 161, 99, 2, 123, 185, 136, 116, 198, 8, 251, 144, 46, 21, 72, 203, 196, 255, 59, 65, 43, 204, 6, 186, 72, 134, 101, 176, 226, 175, 239, 255, 84, 74, 94, 151, 30, 198, 181, 58, 89, 59, 61, 84, 8, 36, 41, 158, 73, 107, 246, 224, 202, 240, 254, 11, 97, 42, 171, 215, 213, 18, 57, 64, 254, 84, 245, 212, 249, 234, 229, 45, 146, 105, 208, 169, 21, 6, 125, 10, 132, 145, 217, 156, 243, 244, 197, 3, 250, 114, 37, 105, 101, 130, 142, 110, 185, 63, 14, 20, 134, 8, 193, 180, 40, 248, 110, 36, 201, 3, 43, 65, 176, 33, 222, 202, 195, 38, 132, 152, 68, 210, 181, 48, 151, 8, 26, 90, 11, 19, 162, 64, 107, 59, 164, 252, 104, 242, 81, 41, 8, 43, 235, 130, 133, 91, 84, 212, 11, 73, 238, 209, 168, 220, 159, 28, 185, 236, 8, 199, 169, 236, 235, 87, 110, 206, 0, 130, 34, 21, 167, 193, 157, 45, 239, 56, 243, 37, 132, 87, 30, 61, 131, 26, 201, 132, 213, 195, 47, 169, 177, 232, 198, 176, 53, 100, 251, 177, 96, 116, 221, 228, 225, 140, 27, 14, 209, 73, 193, 121, 101, 42, 88, 247, 28, 101, 60, 234, 134, 57, 191, 164, 33, 238, 18, 225, 197, 38, 218, 166, 230, 36, 124, 45, 102, 235, 105, 22, 116, 110, 56, 158, 124, 4, 3, 14, 252, 45, 125, 36, 43, 150, 182, 248, 69, 104, 232, 23, 236, 84, 147, 100, 59, 151, 213, 40, 171, 46, 134, 5, 184, 18, 166, 99, 240, 166, 106, 136, 103, 124, 237, 120, 221, 103, 97, 147, 109, 187, 247, 159, 210, 60, 205, 128, 89, 137, 0, 224, 179, 134, 4, 34, 93, 92, 90, 243, 24, 118, 16, 81, 30, 132, 147, 62, 214, 254, 88, 93, 130, 242, 80, 107, 39, 190, 136, 169, 220, 74, 30, 118, 92, 174, 38, 9, 34, 166, 83, 124, 246, 126, 73, 238, 138, 98, 198, 65, 137, 104, 74, 209, 198, 239, 197, 72, 231, 19, 7, 145, 177, 219, 162, 138, 59, 73, 140, 14, 247, 101, 10, 39, 81, 11, 48, 253, 161, 78, 115, 31, 180, 151, 212, 150, 167, 43, 71, 175, 43, 126, 141, 85, 8, 231, 248, 236, 167, 89, 199, 4, 112, 244, 153, 98, 209, 151, 235, 222, 169, 63, 121, 150, 185, 116, 123, 225, 129, 36, 82, 109, 167, 62, 49, 55, 64, 32, 246, 59, 180, 234, 109, 22, 137, 242, 162, 129, 200, 223, 212, 228, 152, 64, 40, 171, 26, 75, 163, 178, 27, 36, 45, 193, 201, 137, 40, 111, 116, 142, 120, 226, 108, 49, 68, 37, 34, 48, 225, 217, 237, 84, 111, 84, 249, 244, 60, 87, 136, 188, 123, 25, 80, 218, 210, 33, 13, 144, 170, 241, 245, 117, 86, 48, 113, 171, 147, 13, 200, 124, 252, 101, 76, 170, 134, 250, 0, 114, 77, 75, 197, 48, 12, 79, 169, 102, 106, 203, 32, 151, 112, 150, 3, 38, 230, 233, 98, 172, 6, 28, 11, 202, 103, 251, 89, 216, 219, 12, 250, 213, 23, 52, 23, 123, 146, 12, 190, 217, 72, 10, 82, 53, 35, 134, 0, 255, 86, 109, 27, 126, 209, 15, 41, 141, 21, 103, 37, 235, 141, 96, 199, 79, 193, 169, 50, 78, 1, 147, 65, 120, 46, 91, 93, 248, 218, 40, 250, 181, 157, 109, 131, 10, 225, 4, 95, 158, 175, 209, 15, 137, 174, 159, 104, 235, 127, 81, 192, 161, 232, 90, 72, 205, 179, 149, 122, 142, 103, 98, 41, 120, 92, 164, 29, 220, 87, 40, 86, 104, 84, 141, 71, 48, 222, 125, 164, 136, 72, 123, 106, 155, 12, 186, 224, 112, 106, 104, 122, 31, 252, 96, 123, 159, 183, 133, 208, 170, 115, 43, 19, 105, 28, 125, 24, 243, 174, 171, 91, 30, 234, 124, 37, 119, 58, 175, 61, 55, 73, 64, 137, 248, 220, 129, 146, 53, 98, 32, 140, 169, 0, 39, 214, 213, 203, 69, 67, 117, 67, 215, 248, 139, 204, 223, 166, 145, 87, 89, 225, 207, 132, 38, 6, 84, 179, 13, 49, 140, 160, 200, 233, 22, 154, 3, 127, 61, 79, 252, 49, 228, 223, 178, 20, 79, 73, 87, 128, 50, 78, 85, 81, 89, 46, 1, 5, 37, 168, 252, 193, 136, 205, 122, 51, 3, 185, 7, 110, 226, 242, 7, 122, 77, 131, 11, 34, 173, 32, 224, 208, 123, 213, 33, 36, 178, 9, 63, 35, 165, 41, 172, 219, 247, 169, 2, 186, 50, 173, 45, 215, 206, 247, 201, 13, 35, 128, 234, 201, 5, 188, 242, 185, 175, 23, 138, 5, 99, 7, 138, 212, 165, 40, 140, 226, 60, 198, 58, 183, 223, 247, 22, 204, 59, 94, 11, 34, 214, 251, 69, 110, 194, 245, 79, 159, 240, 159, 144, 118, 149, 213, 198, 194, 72, 200, 163, 189, 152, 102, 171, 195, 222, 240, 6, 140, 220, 189, 249, 102, 1, 99, 14, 125, 157, 1, 16, 24, 178, 59, 102, 37, 248, 198, 161, 196, 16, 228, 87, 223, 199, 21, 148, 76, 190, 111, 42, 185, 9, 148, 252, 11, 137, 117, 215, 163, 129, 88, 120, 89, 71, 116, 241, 218, 165, 73, 122, 38, 186, 185, 200, 165, 115, 158, 216, 125, 101, 119, 7, 74, 219, 154, 207, 119, 67, 24, 222, 147, 170, 255, 181, 222, 195, 12, 65, 153, 208, 190, 22, 243, 88, 182, 26, 23, 223, 81, 191, 132, 38, 200, 20, 73, 70, 130, 167, 46, 200, 103, 64, 129, 95, 92, 249, 89, 248, 79, 106, 32, 14, 110, 139, 165, 163, 81, 144, 163, 198, 88, 219, 208, 244, 190, 30, 220, 14, 57, 195, 222, 133, 27, 247, 150, 115, 46, 1, 40, 209, 137, 3, 54, 179, 140, 88, 135, 11, 242, 70, 156, 31, 19, 221, 68, 52, 66, 14, 3, 165, 29, 255, 28, 124, 218, 211, 66, 241, 75, 48, 254, 55, 123, 8, 131, 234, 172, 58, 235, 18, 211, 10, 87, 123, 156, 106, 163, 149, 236, 6, 236, 175, 89, 76, 221, 99, 146, 96, 164, 254, 141, 46, 206, 149, 110, 110, 156, 116, 27, 56, 9, 11, 51, 157, 46, 15, 155, 145, 52, 6, 48, 17, 203, 104, 192, 235, 31, 152, 20, 104, 112, 44, 195, 246, 13, 96, 123, 219, 173, 37, 181, 52, 58, 132, 199, 160, 91, 6, 243, 139, 191, 118, 254, 48, 6, 140, 117, 36, 38, 74, 54, 157, 43, 97, 129, 37, 121, 246, 27, 143, 11, 160, 241, 147, 93, 183, 113, 148, 143, 30, 130, 217, 203, 15, 234, 43, 237, 66, 0, 68, 99, 248, 104, 193, 78, 215, 224, 120, 97, 63, 242, 16, 216, 43, 8, 91, 194, 97, 19, 245, 255, 77, 220, 157, 84, 143, 124, 3, 9, 126, 152, 135, 174, 152, 222, 99, 46, 253, 47, 173, 55, 74, 150, 30, 102, 34, 70, 10, 25, 184, 26, 224, 69, 38, 202, 237, 141, 174, 107, 25, 77, 62, 233, 176, 118, 109, 183, 42, 36, 115, 158, 80, 44, 49, 44, 174, 18, 64, 124, 185, 17, 28, 53, 76, 112, 95, 104, 99, 111, 216, 248, 36, 147, 150, 18, 152, 171, 24, 151, 242, 7, 50, 154, 125, 174, 157, 125, 150, 85, 201, 97, 10, 41, 154, 23, 40, 229, 79, 12, 129, 251, 232, 166, 34, 157, 184, 123, 94, 173, 163, 221, 51, 16, 36, 150, 189, 93, 194, 216, 17, 184, 4, 172, 207, 29, 20, 16, 51, 248, 9, 233, 110, 16, 112, 250, 43, 166, 18, 52, 245, 28, 200, 248, 254, 204, 106, 58, 253, 222, 46, 166, 119, 36, 66, 249, 196, 16, 252, 230, 52, 161, 43, 33, 56, 170, 49, 6, 37, 118, 118, 88, 112, 241, 174, 25, 208, 108, 223, 193, 215, 194, 85, 166, 196, 192, 109, 37, 212, 223, 102, 160, 148, 174, 86, 176, 11, 190, 222, 244, 20, 187, 124, 159, 221, 125, 138, 117, 169, 11, 52, 235, 26, 152, 56, 50, 180, 81, 195, 167, 60, 232, 115, 101, 24, 50, 177, 33, 51, 238, 247, 246, 31, 20, 15, 38, 122, 225, 159, 185, 105, 87, 223, 193, 255, 176, 174, 84, 193, 244, 128, 83, 8, 148, 37, 176, 5, 23, 54, 91, 97, 19, 104, 139, 12, 73, 206, 249, 250, 161, 25, 159, 154, 196, 119, 139, 162, 27, 24, 205, 147, 0, 234, 229, 129, 128, 147, 226, 217, 137, 164, 142, 238, 29, 109, 87, 37, 255, 49, 56, 245, 251, 42, 127, 166, 27, 24, 173, 215, 238, 211, 51, 143, 157, 165, 194, 27, 114, 49, 139, 95, 110, 245, 177, 238, 66, 197, 223, 6, 202, 179, 149, 88, 234, 25, 2, 175, 135, 157, 164, 36, 7, 51, 132, 5, 64, 117, 73, 65, 55, 30, 19, 248, 7, 46, 147, 118, 95, 149, 144, 21, 163, 152, 219, 35, 234, 250, 65, 3, 75, 8, 188, 32, 160, 241, 43, 210, 178, 226, 110, 17, 38, 203, 25, 51, 244, 117, 68, 191, 42, 41, 33, 39, 57, 187, 80, 219, 177, 255, 241, 179, 102, 55, 247, 79, 157, 244, 214, 99, 52, 9, 120, 177, 238, 204, 221, 124, 21, 69, 158, 11, 70, 46, 24, 25, 122, 86, 151, 98, 138, 184, 85, 27, 156, 7, 125, 199, 76, 31, 234, 222, 46, 172, 79, 60, 13, 142, 248, 8, 156, 236, 158, 161, 118, 123, 183, 44, 250, 96, 174, 88, 225, 211, 27, 207, 114, 65, 23, 72, 136, 207, 115, 201, 172, 181, 63, 31, 19, 219, 9, 224, 192, 67, 95, 251, 212, 124, 119, 24, 187, 10, 205, 11, 40, 84, 248, 152, 237, 213, 135, 125, 30, 2, 167, 113, 173, 147, 244, 226, 173, 238, 83, 47, 68, 58, 70, 184, 86, 112, 123, 38, 175, 188, 225, 224, 246, 101, 91, 89, 216, 189, 95, 237, 164, 45, 17, 211, 243, 137, 34, 232, 112, 92, 252, 73, 30, 3, 1, 105, 83, 77, 121, 16, 60, 43, 219, 38, 47, 26, 98, 19, 197, 86, 1, 22, 105, 58, 72, 164, 54, 62, 12, 62, 238, 150, 252, 185, 21, 218, 244, 69, 85, 253, 248, 31, 166, 78, 32, 58, 113, 214, 98, 233, 108, 83, 211, 158, 27, 72, 65, 9, 173, 227, 128, 179, 220, 244, 167, 218, 32, 146, 109, 179, 178, 34, 17, 10, 196, 224, 61, 247, 88, 16, 68, 35, 210, 194, 142, 171, 72, 170, 118, 136, 12, 188, 194, 239, 155, 181, 188, 243, 196, 93, 222, 162, 204, 232, 194, 16, 28, 143, 69, 6, 50, 107, 228, 215, 208, 194, 112, 134, 143, 157, 93, 22, 139, 219, 245, 67, 7, 128, 115, 174, 135, 181, 179, 103, 132, 223, 224, 21, 172, 158, 129, 46, 82, 45, 22, 82, 118, 212, 74, 100, 160, 131, 174, 174, 197, 134, 252, 30, 157, 231, 52, 96, 175, 244, 109, 73, 105, 234, 230, 28, 245, 84, 159, 131, 174, 216, 204, 39, 87, 112, 255, 84, 41, 64, 121, 198, 39, 137, 106, 21, 120, 113, 91, 0, 177, 48, 6, 188, 154, 53, 134, 5, 223, 78, 195, 80, 137, 198, 35, 243, 160, 246, 192, 166, 169, 211, 9, 13, 68, 251, 215, 192, 166, 28, 27, 253, 70, 119, 74, 140, 206, 197, 226, 43, 190, 175, 54, 66, 126, 142, 110, 63, 101, 1, 192, 253, 202, 80, 163, 37, 11, 169, 226, 160, 208, 228, 108, 252, 49, 189, 171, 135, 183, 99, 148, 17, 79, 105, 191, 62, 42, 59, 87, 195, 255, 87, 150, 112, 253, 244, 117, 7, 10, 231, 75, 244, 239, 197, 133, 72, 119, 96, 17, 118, 89, 164, 74, 3, 168, 183, 138, 196, 15, 246, 63, 59, 227, 62, 49, 59, 44, 136, 12, 7, 197, 253, 248, 109, 145, 186, 251, 13, 181, 146, 171, 99, 226, 135, 38, 46, 65, 207, 224, 214, 178, 215, 6, 79, 244, 10, 250, 152, 110, 176, 32, 222, 113, 226, 196, 90, 54, 31, 81, 47, 145, 62, 182, 203, 100, 100, 34, 45, 164, 115, 251, 181, 191, 108, 66, 162, 132, 154, 37, 213, 13, 226, 97, 21, 124, 143, 24, 78, 105, 150, 180, 70, 144, 23, 133, 171, 156, 177, 140, 32, 63, 188, 43, 126, 247, 255, 24, 46, 126, 96, 32, 131, 251, 168, 220, 104, 49, 223, 244, 148, 170, 67, 210, 80, 128, 181, 218, 188, 223, 173, 72, 45, 125, 136, 2, 251, 253, 133, 214, 165, 87, 243, 33, 73, 221, 4, 212, 190, 197, 37, 65, 36, 2, 247, 127, 70, 218, 250, 48, 134, 198, 81, 34, 14, 170, 105, 220, 130, 110, 103, 214, 225, 18, 76, 222, 50, 41, 72, 156, 53, 50, 21, 142, 110, 1, 107, 106, 113, 190, 205, 6, 95, 67, 239, 43, 37, 60, 183, 102, 186, 230, 248, 48, 43, 112, 77, 198, 172, 194, 219, 152, 248, 232, 22, 189, 162, 232, 37, 20, 132, 123, 227, 187, 49, 121, 206, 65, 46, 210, 108, 104, 173, 95, 33, 161, 109, 101, 46, 135, 254, 9, 46, 197, 161, 245, 54, 158, 234, 94, 232, 47, 19, 47, 29, 121, 119, 94, 123, 108, 0, 189, 176, 89, 75, 24, 250, 82, 227, 26, 27, 146, 123, 66, 13, 39, 25, 129, 138, 236, 238, 125, 175, 224, 209, 196, 27, 77, 84, 145, 116, 169, 18, 136, 148, 93, 135, 111, 40, 53, 253, 75, 26, 67, 74, 94, 163, 89, 233, 232, 57, 143, 136, 235, 218, 67, 113, 119, 44, 254, 70, 90, 186, 227, 2, 124, 169, 19, 130, 104, 170, 53, 153, 171, 229, 26, 49, 146, 197, 129, 252, 232, 193, 82, 217, 57, 137, 251, 195, 186, 101, 236, 54, 113, 57, 99, 16, 32, 245, 116, 205, 61, 41, 31, 40, 253, 32, 24, 169, 80, 240, 100, 109, 179, 76, 33, 42, 72, 209, 53, 83, 190, 178, 138, 66, 251, 93, 67, 31, 34, 109, 192, 145, 44, 170, 140, 5, 98, 171, 69, 176, 213, 67, 243, 43, 214, 179, 218, 123, 215, 205, 145, 128, 241, 32, 60, 2, 100, 252, 16, 43, 50, 10, 114, 55, 101, 109, 246, 148, 24, 107, 152, 178, 87, 53, 23, 149, 248, 123, 180, 146, 7, 153, 218, 123, 108, 86, 72, 218, 208, 177, 219, 33, 235, 71, 147, 16, 105, 96, 106, 40, 149, 134, 133, 93, 121, 69, 138, 215, 244, 218, 48, 120, 62, 9, 10, 173, 189, 66, 64, 106, 105, 52, 213, 1, 230, 173, 75, 217, 107, 185, 82, 110, 248, 52, 108, 156, 16, 250, 239, 71, 20, 224, 46, 232, 128, 89, 107, 13, 210, 112, 213, 60, 240, 85, 204, 19, 151, 144, 38, 230, 73, 129, 109, 223, 254, 12, 179, 154, 110, 74, 209, 123, 28, 159, 119, 26, 145, 40, 74, 57, 19, 237, 126, 192, 62, 168, 128, 37, 56, 32, 82, 67, 110, 235, 151, 167, 200, 216, 219, 230, 64, 156, 90, 214, 51, 47, 141, 192, 197, 109, 154, 22, 1, 236, 75, 251, 132, 107, 23, 1, 132, 43, 230, 246, 245, 68, 2, 244, 127, 64, 70, 181, 212, 91, 130, 109, 253, 87, 40, 32, 147, 201, 59, 60, 99, 32, 100, 19, 160, 42, 38, 40, 43, 224, 189, 175, 204, 176, 120, 172, 67, 64, 198, 174, 136, 33, 104, 20, 130, 201, 251, 159, 44, 219, 217, 189, 78, 202, 1, 36, 203, 233, 236, 21, 4, 131, 68, 14, 240, 28, 23, 13, 139, 218, 121, 197, 231, 118, 172, 175, 64, 165, 100, 197, 103, 64, 25, 181, 182, 123, 161, 57, 116, 73, 205, 1, 98, 142, 93, 174, 112, 151, 33, 121, 66, 7, 189, 208, 113, 187, 52, 191, 221, 112, 143, 109, 247, 61, 163, 65, 134, 177, 179, 228, 194, 152, 223, 32, 119, 18, 162, 88, 219, 103, 48, 35, 178, 230, 149, 197, 103, 104, 121, 199, 47, 219, 88, 34, 26, 101, 136, 23, 97, 184, 172, 30, 127, 246, 131, 22, 155, 229, 98, 23, 121, 101, 37, 131, 235, 54, 148, 135, 223, 98, 204, 91, 77, 246, 49, 152, 248, 4, 199, 41, 96, 142, 177, 167, 198, 2, 232, 0, 223, 131, 149, 78, 218, 54, 74, 194, 214, 19, 12, 162, 172, 59, 133, 133, 45, 242, 22, 62, 163, 26, 121, 55, 171, 144, 34, 160, 137, 119, 189, 23, 167, 247, 116, 130, 94, 218, 132, 220, 10, 87, 43, 249, 203, 46, 182, 228, 57, 97, 243, 86, 228, 119, 83, 33, 15, 9, 4, 110, 4, 0, 37, 26, 220, 248, 109, 178, 8, 50, 19, 105, 172, 139, 117, 139, 146, 64, 136, 205, 110, 171, 132, 217, 77, 108, 161, 24, 167, 139, 112, 156, 27, 183, 248, 30, 9, 151, 127, 246, 50, 155, 151, 117, 126, 5, 190, 94, 172, 98, 143, 229, 169, 55, 17, 47, 237, 165, 253, 81, 4, 188, 193, 12, 72, 167, 181, 1, 78, 49, 170, 187, 29, 125, 198, 111, 76, 139, 58, 189, 9, 202, 245, 107, 252, 139, 229, 113, 142, 102, 239, 13, 75, 142, 78, 171, 232, 184, 46, 12, 99, 71, 49, 38, 24, 123, 50, 200, 239, 96, 213, 249, 32, 194, 23, 7, 84, 22, 137, 188, 19, 95, 73, 160, 177, 73, 1, 19, 26, 116, 87, 21, 191, 66, 220, 3, 65, 219, 53, 14, 115, 99, 83, 224, 91, 131, 178, 144, 85, 66, 216, 38, 237, 73, 63, 177, 58, 14, 204, 124, 19, 10, 96, 11, 153, 188, 128, 106, 99, 139, 175, 80, 237, 242, 223, 250, 77, 183, 185, 255, 238, 185, 16, 241, 131, 185, 142, 254, 81, 89, 55, 249, 14, 176, 180, 13, 116, 251, 157, 236, 25, 50, 30, 107, 70, 106, 90, 151, 104, 131, 1, 28, 178, 133, 201, 124, 151, 223, 184, 202, 201, 253, 128, 250, 246, 118, 69, 45, 227, 56, 104, 214, 126, 150, 60, 214, 166, 78, 213, 184, 180, 83, 191, 90, 220, 187, 133, 194, 64, 51, 117, 136, 122, 71, 8, 17, 0, 61, 67, 35, 187, 172, 224, 216, 3, 211, 146, 53, 162, 118, 2, 187, 38, 38, 185, 88, 78, 123, 91, 81, 196, 251, 41, 184, 166, 227, 209, 186, 185, 118, 90, 31, 142, 124, 7, 176, 241, 132, 61, 151, 210, 157, 168, 79, 146, 73, 103, 152, 145, 194, 47, 2, 198, 128, 33, 12, 181, 79, 138, 154, 79, 34, 181, 16, 24, 160, 189, 26, 8, 210, 127, 86, 166, 206, 161, 10, 0, 223, 85, 121, 102, 53, 23, 107, 28, 11, 21, 26, 132, 64, 146, 89, 136, 245, 133, 34, 133, 208, 51, 172, 27, 94, 138, 101, 156, 158, 229, 112, 72, 32, 228, 157, 120, 99, 158, 225, 134, 1, 76, 177, 70, 26, 14, 153, 204, 157, 112, 4, 52, 112, 194, 124, 239, 49, 52, 243, 115, 206, 56, 91, 163, 242, 244, 247, 40, 37, 145, 32, 187, 163, 105, 226, 125, 172, 226, 170, 235, 54, 29, 5, 5, 199, 233, 158, 187, 41, 42, 41, 90, 39, 25, 205, 168, 7, 158, 9, 47, 81, 149, 169, 3, 196, 25, 224, 165, 155, 211, 237, 232, 239, 80, 22, 102, 240, 254, 176, 76, 36, 115, 210, 155, 46, 136, 218, 208, 21, 19, 172, 73, 111, 61, 128, 77, 204, 30, 159, 53, 42, 146, 173, 108, 68, 101, 21, 23, 146, 158, 58, 15, 192, 183, 222, 32, 137, 151, 66, 169, 106, 73, 107, 246, 237, 164, 223, 4, 77, 44, 35, 214, 97, 218, 161, 252, 198, 164, 34, 71, 100, 207, 175, 73, 113, 185, 73, 54, 99, 104, 105, 49, 235, 56, 207, 250, 12, 162, 89, 218, 13, 195, 234, 103, 144, 159, 252, 123, 132, 29, 25, 229, 76, 218, 165, 121, 229, 145, 89, 155, 49, 203, 188, 104, 70, 116, 176, 90, 99, 9, 167, 137, 171, 166, 79, 18, 69, 214, 28, 246, 23, 104, 12, 228, 177, 37, 74, 150, 245, 176, 154, 93, 32, 5, 219, 137, 85, 154, 26, 46, 46, 241, 236, 73, 89, 214, 68, 135, 153, 158, 211, 132, 61, 67, 38, 76, 33, 252, 114, 202, 89, 91, 193, 58, 109, 134, 220, 217, 77, 41, 57, 65, 233, 40, 197, 248, 234, 90, 145, 180, 221, 140, 121, 227, 120, 198, 6, 171, 236, 20, 40, 224, 86, 82, 135, 65, 54, 221, 234, 103, 9, 3, 47, 49, 2, 158, 59, 244, 25, 136, 94, 76, 99, 189, 214, 175, 95, 57, 24, 41, 153, 138, 111, 66, 124, 172, 229, 193, 15, 168, 66, 137, 6, 51, 231, 180, 200, 63, 216, 22, 63, 146, 29, 73, 49, 192, 177, 30, 132, 84, 34, 50, 224, 130, 77, 200, 209, 170, 252, 148, 221, 5, 17, 48, 22, 83, 39, 147, 193, 63, 78, 113, 192, 18, 208, 185, 49, 173, 76, 56, 57, 73, 27, 78, 156, 144, 250, 233, 17, 77, 202, 188, 235, 76, 32, 1, 124, 197, 255, 36, 24, 106, 205, 20, 143, 188, 156, 168, 19, 125, 60, 90, 18, 37, 7, 23, 204, 191, 75, 232, 230, 199, 123, 46, 60, 237, 196, 32, 74, 93, 47, 15, 182, 65, 160, 70, 58, 245, 191, 84, 0, 176, 21, 147, 197, 65, 13, 0, 124, 199, 73, 27, 116, 207, 166, 226, 194, 50, 147, 135, 43, 159, 181, 168, 63, 239, 254, 77, 158, 141, 169, 186, 254, 10, 123, 205, 135, 9, 32, 0, 210, 240, 91, 107, 229, 125, 11, 212, 162, 12, 217, 11, 134, 48, 185, 49, 176, 217, 172, 125, 252, 88, 54, 107, 201, 50, 80, 58, 93, 16, 17, 54, 18, 67, 234, 191, 0, 182, 247, 114, 145, 149, 5, 108, 74, 85, 18, 133, 23, 244, 208, 237, 17, 122, 190, 47, 228, 126, 123, 93, 97, 21, 47, 153, 187, 144, 240, 189, 161, 213, 141, 129, 190, 12, 16, 143, 31, 12, 12, 52, 227, 91, 38, 142, 17, 109, 19, 248, 0, 180, 230, 79, 72, 92, 33, 219, 96, 210, 27, 204, 167, 167, 33, 201, 64, 186, 86, 211, 143, 178, 151, 57, 86, 29, 146, 226, 132, 180, 176, 78, 112, 16, 208, 171, 243, 216, 19, 41, 71, 233, 49, 185, 81, 161, 240, 90, 26, 180, 155, 27, 220, 129, 127, 255, 235, 16, 91, 204, 138, 89, 124, 255, 46, 172, 96, 158, 179, 223, 37, 137, 78, 79, 116, 76, 219, 246, 34, 119, 141, 60, 27, 245, 145, 175, 34, 87, 129, 133, 82, 8, 8, 122, 5, 158, 136, 106, 0, 118, 175, 175, 36, 73, 240, 182, 20, 228, 130, 193, 151, 201, 156, 125, 213, 205, 128, 2, 203, 91, 149, 150, 190, 138, 46, 227, 254, 87, 80, 51, 214, 122, 86, 40, 8, 206, 236, 191, 194, 246, 221, 250, 66, 27, 69, 148, 202, 220, 105, 127, 43, 29, 206, 47, 135, 227, 15, 190, 56, 180, 174, 35, 68, 138, 4, 131, 37, 209, 63, 171, 114, 120, 3, 250, 241, 174, 123, 75, 226, 13, 51, 118, 100, 239, 251, 24, 239, 148, 147, 243, 116, 132, 211, 128, 224, 247, 72, 149, 47, 62, 191, 92, 92, 87, 174, 189, 75, 110, 102, 107, 89, 86, 228, 160, 108, 10, 251, 182, 31, 27, 162, 215, 68, 254, 119, 220, 92, 196, 13, 20, 37, 56, 40, 236, 179, 40, 100, 97, 139, 143, 147, 32, 95, 114, 213, 114, 205, 245, 143, 83, 23, 184, 251, 17, 99, 114, 142, 220, 142, 113, 171, 71, 33, 6, 77, 181, 37, 71, 255, 106, 163, 195, 254, 156, 17, 44, 205, 137, 109, 120, 93, 113, 251, 187, 228, 161, 25, 110, 36, 20, 115, 124, 15, 62, 8, 89, 225, 255, 8, 253, 156, 147, 46, 140, 151, 253, 99, 82, 226, 197, 118, 24, 209, 188, 230, 213, 73, 149, 42, 116, 181, 37, 33, 204, 10, 57, 43, 30, 157, 177, 168, 21, 119, 11, 44, 190, 204, 23, 62, 97, 167, 26, 200, 110, 9, 251, 177, 116, 122, 116, 219, 116, 22, 160, 219, 17, 230, 187, 5, 195, 206, 184, 91, 83, 176, 116, 224, 134, 237, 142, 251, 13, 110, 188, 189, 191, 214, 65, 143, 43, 120, 66, 194, 41, 102, 142, 71, 159, 24, 220, 13, 136, 90, 138, 44, 105, 133, 116, 142, 2, 28, 81, 31, 99, 202, 10, 240, 130, 89, 195, 14, 212, 189, 237, 245, 227, 206, 234, 167, 8, 25, 58, 17, 163, 152, 18, 51, 36, 226, 149, 26, 165, 186, 68, 135, 230, 40, 84, 254, 54, 68, 154, 240, 147, 15, 254, 190, 237, 148, 93, 102, 252, 123, 174, 6, 82, 249, 30, 230, 38, 31, 251, 7, 6, 83, 2, 205, 252, 126, 156, 240, 79, 54, 68, 250, 216, 206, 160, 25, 197, 192, 87, 100, 111, 192, 27, 12, 188, 82, 67, 111, 206, 156, 247, 223, 153, 249, 80, 92, 155, 37, 42, 199, 227, 151, 40, 77, 63, 3, 11, 129, 18, 145, 34, 75, 244, 70, 4, 31, 241, 27, 151, 23, 20, 41, 169, 236, 148, 225, 77, 189, 78, 95, 44, 172, 237, 28, 117, 176, 81, 183, 128, 174, 45, 228, 249, 232, 246, 67, 144, 8, 250, 251, 36, 219, 55, 22, 169, 192, 240, 67, 35, 236, 121, 154, 133, 148, 69, 41, 207, 101, 138, 151, 221, 52, 30, 183, 131, 33, 220, 33, 147, 9, 220, 13, 246, 205, 23, 85, 11, 53, 88, 30, 222, 245, 139, 234, 221, 248, 88, 175, 254, 14, 154, 122, 97, 244, 250, 173, 88, 6, 179, 237, 166, 13, 248, 154, 107, 47, 203, 232, 75, 3, 238, 254, 111, 165, 179, 26, 69, 157, 154, 129, 170, 242, 15, 12, 145, 70, 87, 253, 97, 196, 232, 205, 100, 9, 192, 65, 255, 84, 153, 0, 255, 151, 253, 125, 134, 85, 244, 85, 202, 141, 84, 56, 195, 156, 237, 170, 197, 3, 181, 45, 52, 172, 42, 152, 140, 46, 47, 252, 7, 254, 187, 230, 175, 92, 174, 152, 69, 148, 191, 235, 77, 86, 131, 84, 6, 68, 92, 237, 7, 204, 47, 244, 108, 237, 85, 20, 147, 4, 115, 10, 238, 109, 40, 37, 214, 239, 110, 94, 60, 186, 164, 186, 200, 227, 250, 205, 201, 66, 27, 249, 154, 117, 221, 195, 201, 6, 26, 155, 37, 0, 198, 133, 29, 247, 68, 255, 63, 96, 20, 96, 179, 226, 206, 187, 52, 191, 216, 57, 143, 133, 154, 22, 255, 166, 35, 2, 89, 85, 250, 76, 196, 1, 234, 198, 160, 14, 240, 178, 40, 131, 225, 247, 44, 221, 248, 19, 102, 231, 195, 87, 81, 11, 59, 215, 62, 187, 154, 97, 199, 9, 116, 118, 24, 34, 17, 199, 252, 120, 156, 54, 143, 38, 184, 28, 23, 1, 219, 228, 9, 196, 127, 117, 185, 143, 170, 18, 137, 43, 244, 19, 146, 80, 232, 219, 23, 19, 226, 58, 84, 167, 133, 201, 76, 59, 99, 131, 172, 122, 229, 59, 33, 29, 215, 223, 67, 0, 125, 11, 125, 160, 110, 46, 131, 10, 182, 101, 12, 37, 207, 99, 177, 92, 3, 169, 226, 93, 122, 196, 177, 183, 29, 56, 41, 246, 239, 228, 192, 7, 152, 16, 236, 49, 235, 151, 255, 87, 217, 111, 128, 18, 120, 213, 127, 139, 187, 5, 24, 73, 134, 57, 224, 167, 171, 83, 29, 246, 196, 61, 42, 248, 224, 173, 218, 14, 7, 191, 75, 9, 30, 216, 113, 26, 133, 75, 203, 47, 146, 49, 180, 36, 40, 157, 234, 195, 9, 93, 254, 102, 119, 60, 6, 34, 247, 66, 201, 46, 4, 119, 227, 1, 59, 196, 225, 20, 49, 60, 195, 24, 124, 33, 132, 27, 177, 20, 171, 224, 235, 215, 193, 159, 26, 11, 240, 201, 204, 92, 238, 12, 15, 11, 88, 248, 44, 175, 147, 19, 113, 113, 160, 117, 149, 54, 223, 42, 218, 126, 195, 209, 154, 5, 103, 202, 130, 160, 205, 236, 135, 213, 85, 245, 240, 28, 232, 196, 161, 159, 76, 6, 116, 97, 92, 70, 108, 221, 18, 43, 119, 75, 232, 186, 140, 105, 220, 112, 47, 24, 21, 175, 219, 189, 92, 56, 72, 110, 32, 227, 60, 94, 29, 25, 152, 61, 104, 188, 136, 74, 228, 180, 115, 1, 116, 223, 199, 158, 147, 0, 138, 114, 16, 135, 252, 100, 25, 106, 196, 217, 96, 206, 234, 164, 122, 44, 46, 40, 109, 26, 126, 35, 56, 12, 237, 145, 94, 177, 92, 225, 156, 31, 59, 168, 230, 96, 72, 164, 99, 78, 55, 52, 22, 99, 225, 143, 180, 47, 214, 26, 210, 69, 242, 78, 243, 2, 64, 60, 169, 213, 183, 110, 242, 148, 229, 152, 186, 28, 106, 38, 107, 29, 43, 36, 250, 151, 170, 243, 245, 39, 63, 183, 126, 94, 94, 183, 174, 183, 12, 93, 79, 90, 70, 95, 152, 132, 211, 244, 221, 226, 183, 236, 175, 52, 131, 222, 20, 13, 128, 246, 88, 20, 175, 248, 66, 210, 92, 49, 3, 125, 57, 139, 156, 214, 150, 118, 4, 185, 137, 200, 23, 96, 193, 189, 147, 227, 50, 31, 254, 194, 228, 221, 141, 0, 238, 173, 219, 105, 87, 106, 16, 116, 40, 23, 162, 142, 238, 254, 233, 134, 52, 176, 33, 149, 17, 140, 219, 183, 106, 254, 87, 83, 29, 209, 210, 41, 18, 42, 82, 170, 254, 215, 73, 10, 223, 203, 221, 34, 74, 36, 201, 203, 202, 115, 243, 117, 224, 161, 109, 189, 120, 142, 145, 48, 126, 124, 8, 35, 139, 188, 56, 245, 163, 51, 203, 185, 100, 46, 115, 81, 127, 55, 156, 115, 136, 195, 217, 2, 156, 154, 239, 133, 42, 125, 225, 193, 26, 197, 118, 44, 61, 72, 171, 204, 226, 64, 84, 20, 202, 234, 38, 34, 160, 140, 54, 164, 131, 105, 23, 238, 66, 250, 152, 31, 13, 174, 134, 243, 151, 226, 129, 9, 89, 187, 10, 98, 241, 46, 35, 149, 127, 85, 47, 27, 87, 166, 183, 213, 20, 197, 246, 184, 21, 156, 133, 137, 81, 138, 250, 140, 90, 87, 46, 12, 153, 84, 239, 14, 94, 143, 80, 43, 220, 255, 246, 8, 127, 120, 18, 223, 74, 185, 52, 111, 19, 158, 167, 86, 126, 64, 80, 31, 95, 194, 159, 45, 6, 177, 4, 35, 168, 34, 222, 69, 164, 86, 31, 20, 118, 192, 28, 111, 207, 49, 152, 74, 134, 62, 76, 133, 60, 110, 163, 212, 237, 205, 84, 14, 74, 207, 81, 141, 206, 4, 249, 142, 55, 241, 81, 197, 3, 163, 131, 101, 249, 114, 198, 212, 128, 199, 134, 151, 212, 170, 188, 102, 80, 51, 170, 34, 110, 186, 232, 58, 242, 202, 222, 89, 159, 103, 102, 2, 195, 38, 135, 238, 198, 6, 23, 194, 47, 202, 93, 221, 229, 76, 130, 173, 90, 128, 38, 19, 245, 147, 183, 12, 185, 206, 103, 217, 88, 136, 13, 12, 112, 216, 206, 163, 98, 128, 184, 40, 196, 19, 186, 6, 79, 221, 99, 43, 145, 239, 15, 47, 231, 5, 241, 67, 242, 201, 4, 104, 79, 254, 237, 68, 164, 87, 149, 128, 177, 240, 61, 227, 27, 109, 206, 78, 255, 147, 45, 145, 79, 223, 170, 39, 119, 149, 167, 86, 78, 130, 38, 215, 133, 230, 244, 182, 218, 152, 42, 179, 15, 87, 30, 48, 170, 248, 104, 79, 40, 131, 243, 228, 30, 192, 110, 22, 81, 213, 23, 147, 28, 242, 246, 98, 189, 185, 100, 31, 179, 29, 245, 168, 154, 74, 194, 24, 80, 49, 230, 183, 132, 148, 7, 139, 63, 235, 146, 48, 60, 93, 125, 113, 116, 147, 207, 191, 45, 212, 134, 194, 239, 24, 164, 106, 58, 193, 149, 195, 165, 11, 142, 180, 223, 243, 203, 98, 19, 127, 157, 3, 150, 199, 117, 240, 250, 192, 155, 170, 210, 91, 126, 151, 247, 206, 160, 115, 221, 99, 72, 172, 10, 117, 228, 231, 83, 191, 249, 116, 16, 89, 102, 30, 119, 3, 203, 127, 103, 75, 177, 188, 38, 121, 111, 148, 113, 100, 149, 248, 184, 102, 8, 33, 176, 144, 43, 151, 242, 242, 53, 37, 200, 241, 65, 41, 148, 188, 11, 202, 144, 35, 82, 54, 203, 148, 240, 175, 84, 21, 85, 67, 102, 233, 53, 225, 26, 183, 211, 78, 193, 33, 254, 11, 165, 97, 16, 23, 238, 80, 131, 36, 229, 82, 85, 210, 211, 6, 254, 49, 24, 204, 248, 103, 197, 213, 25, 69, 205, 109, 120, 44, 168, 131, 81, 52, 141, 155, 244, 41, 73, 161, 140, 80, 137, 221, 66, 178, 48, 164, 200, 141, 184, 35, 40, 25, 147, 145, 53, 117, 68, 34, 248, 211, 127, 88, 60, 138, 32, 4, 227, 19, 101, 117, 241, 113, 72, 221, 172, 176, 224, 160, 146, 182, 83, 121, 195, 111, 9, 40, 79, 22, 149, 159, 141, 178, 53, 222, 17, 187, 28, 234, 249, 19, 255, 44, 139, 123, 102, 67, 105, 151, 136, 72, 73, 27, 81, 47, 151, 159, 230, 14, 205, 228, 110, 242, 247, 111, 239, 203, 195, 136, 38, 0, 88, 40, 208, 12, 153, 189, 222, 61, 23, 82, 251, 98, 238, 46, 6, 152, 243, 79, 111, 252, 92, 202, 74, 250, 42, 63, 102, 174, 103, 117, 202, 172, 104, 30, 120, 113, 174, 251, 72, 23, 147, 5, 115, 253, 163, 135, 208, 212, 27, 25, 226, 167, 183, 77, 244, 117, 169, 148, 247, 45, 133, 9, 54, 235, 184, 25, 78, 248, 47, 110, 162, 174, 209, 250, 228, 113, 96, 182, 132, 159, 77, 61, 153, 242, 92, 176, 254, 101, 200, 33, 40, 60, 116, 16, 89, 127, 245, 40, 198, 36, 5, 111, 228, 104, 151, 17, 112, 103, 127, 194, 232, 5, 151, 43, 105, 103, 202, 3, 10, 154, 165, 190, 21, 170, 70, 182, 76, 152, 210, 10, 122, 185, 102, 42, 169, 150, 138, 85, 13, 240, 228, 36, 166, 202, 141, 227, 60, 236, 22, 240, 136, 138, 131, 208, 1, 116, 58, 46, 4, 47, 201, 5, 138, 160, 183, 230, 247, 64, 135, 156, 115, 45, 172, 35, 129, 38, 58, 37, 110, 206, 232, 174, 60, 208, 232, 236, 133, 118, 132, 136, 225, 43, 223, 38, 27, 130, 116, 113, 234, 169, 106, 117, 213, 23, 10, 182, 57, 169, 116, 191, 19, 79, 6, 229, 231, 17, 45, 171, 7, 82, 151, 225, 140, 128, 146, 3, 88, 190, 138, 166, 199, 205, 243, 18, 44, 67, 60, 33, 117, 209, 214, 141, 186, 50, 183, 228, 17, 202, 255, 67, 115, 224, 29, 159, 82, 199, 202, 5, 226, 195, 121, 144, 24, 36, 241, 242, 44, 17, 114, 131, 95, 90, 232, 75, 215, 65, 55, 30, 160, 130, 137, 243, 112, 109, 242, 78, 158, 24, 20, 21, 237, 193, 231, 36, 214, 92, 162, 60, 129, 81, 196, 219, 97, 85, 86, 179, 185, 174, 240, 104, 178, 116, 8, 79, 3, 146, 111, 229, 140, 195, 90, 22, 41, 161, 159, 92, 65, 114, 252, 38, 135, 19, 39, 229, 158, 73, 130, 46, 18, 178, 156, 91, 193, 150, 104, 15, 193, 161, 254, 190, 182, 232, 219, 33, 251, 165, 161, 180, 195, 190, 19, 215, 74, 30, 94, 63, 160, 231, 171, 31, 240, 44, 28, 97, 167, 113, 30, 61, 157, 217, 215, 149, 237, 59, 42, 26, 194, 108, 175, 219, 74, 243, 111, 116, 61, 43, 78, 139, 165, 19, 135, 246, 228, 112, 185, 247, 202, 57, 2, 123, 186, 28, 1, 157, 41, 65, 80, 17, 149, 182, 190, 33, 196, 229, 234, 183, 249, 224, 120, 164, 11, 5, 204, 44, 158, 200, 3, 65, 112, 71, 196, 2, 216, 63, 55, 170, 188, 50, 116, 3, 220, 51, 166, 164, 132, 222, 51, 200, 101, 138, 190, 37, 0, 155, 205, 100, 248, 21, 229, 193, 87, 181, 255, 76, 11, 81, 187, 219, 194, 42, 31, 47, 159, 240, 197, 80, 137, 90, 246, 196, 68, 242, 3, 39, 34, 245, 169, 130, 210, 166, 155, 75, 212, 68, 204, 12, 222, 42, 64, 96, 250, 105, 76, 2, 192, 94, 179, 126, 149, 186, 161, 52, 112, 248, 116, 238, 68, 184, 33, 184, 92, 63, 82, 178, 16, 134, 10, 68, 166, 32, 17, 218, 61, 104, 55, 47, 50, 87, 183, 89, 107, 21, 120, 82, 253, 178, 132, 54, 88, 56, 130, 32, 245, 144, 222, 187, 19, 73, 112, 85, 193, 179, 53, 116, 11, 9, 205, 19, 190, 177, 204, 13, 5, 177, 3, 170, 48, 49, 10, 252, 168, 247, 157, 16, 71, 188, 21, 121, 150, 224, 71, 184, 209, 77, 94, 119, 147, 67, 6, 2, 103, 180, 211, 89, 49, 143, 130, 50, 162, 37, 7, 172, 201, 244, 196, 155, 70, 246, 98, 249, 28, 123, 57, 170, 131, 100, 171, 159, 154, 118, 4, 9, 187, 213, 43, 51, 229, 248, 59, 240, 207, 154, 186, 20, 249, 239, 95, 109, 138, 159, 78, 34, 86, 14, 202, 124, 175, 178, 5, 68, 247, 117, 73, 26, 117, 149, 148, 48, 55, 98, 90, 85, 209, 184, 156, 140, 94, 203, 202, 113, 53, 228, 186, 148, 153, 170, 91, 76, 99, 20, 24, 163, 208, 41, 9, 13, 225, 164, 50, 136, 44, 117, 46, 178, 99, 55, 26, 78, 51, 29, 160, 48, 71, 185, 103, 157, 81, 232, 214, 95, 233, 10, 190, 123, 249, 165, 14, 19, 174, 245, 40, 88, 19, 251, 151, 32, 245, 99, 41, 188, 39, 127, 68, 228, 237, 242, 124, 195, 203, 98, 27, 182, 248, 222, 122, 176, 128, 254, 211, 6, 142, 151, 161, 74, 176, 105, 45, 70, 9, 236, 19, 17, 220, 168, 36, 200, 226, 11, 51, 247, 35, 9, 113, 196, 99, 146, 105, 244, 137, 7, 190, 43, 2, 60, 153, 45, 178, 157, 10, 180, 90, 61, 21, 68, 215, 75, 203, 172, 14, 41, 128, 204, 85, 195, 228, 187, 138, 235, 246, 189, 71, 78, 189, 39, 167, 46, 204, 23, 201, 207, 64, 162, 22, 248, 191, 4, 212, 128, 21, 194, 170, 211, 191, 241, 118, 156, 75, 207, 38, 12, 2, 186, 31, 111, 122, 26, 131, 129, 172, 81, 92, 179, 25, 249, 25, 193, 111, 145, 163, 142, 163, 146, 244, 175, 94, 125, 102, 146, 10, 226, 15, 191, 16, 34, 236, 133, 20, 41, 223, 57, 168, 233, 239, 82, 11, 25, 240, 203, 155, 121, 106, 55, 50, 152, 229, 114, 250, 105, 104, 26, 222, 195, 247, 117, 206, 208, 57, 146, 123, 33, 27, 159, 226, 93, 146, 61, 104, 207, 253, 175, 236, 117, 242, 187, 94, 161, 245, 104, 159, 0, 177, 146, 238, 240, 84, 222, 81, 20, 187, 120, 12, 25, 70, 38, 14, 58, 237, 187, 31, 28, 191, 216, 44, 202, 161, 102, 182, 190, 31, 34, 144, 96, 192, 246, 173, 27, 144, 185, 132, 45, 135, 107, 232, 33, 53, 128, 240, 60, 170, 151, 27, 91, 85, 162, 66, 130, 140, 70, 21, 128, 8, 177, 81, 207, 188, 24, 178, 238, 8, 138, 98, 136, 142, 191, 50, 29, 30, 185, 117, 198, 195, 196, 229, 90, 201, 140, 127, 137, 36, 200, 168, 161, 37, 148, 138, 71, 37, 171, 125, 8, 45, 241, 14, 211, 45, 203, 219, 11, 62, 254, 51, 215, 199, 194, 146, 178, 26, 188, 59, 240, 218, 60, 170, 32, 129, 202, 191, 180, 151, 143, 81, 111, 255, 213, 187, 229, 21, 31, 67, 30, 201, 41, 125, 108, 71, 84, 86, 195, 255, 86, 72, 225, 131, 204, 140, 128, 200, 121, 124, 86, 67, 104, 180, 143, 194, 221, 202, 228, 192, 31, 78, 45, 30, 109, 185, 243, 47, 127, 98, 46, 38, 114, 157, 228, 72, 135, 137, 194, 219, 56, 56, 68, 132, 72, 198, 143, 61, 24, 53, 231, 169, 79, 226, 19, 200, 143, 147, 167, 68, 249, 25, 159, 3, 71, 20, 116, 28, 18, 160, 171, 67, 251, 62, 96, 211, 129, 160, 172, 152, 168, 41, 141, 72, 150, 62, 19, 89, 107, 184, 103, 132, 185, 231, 180, 68, 183, 248, 119, 33, 202, 101, 67, 54, 139, 194, 144, 18, 109, 232, 111, 238, 128, 225, 62, 44, 237, 118, 35, 88, 197, 86, 154, 41, 201, 47, 190, 69, 9, 19, 37, 233, 219, 216, 216, 239, 91, 120, 62, 82, 146, 43, 213, 4, 74, 62, 241, 220, 42, 195, 26, 18, 254, 199, 217, 240, 233, 103, 142, 231, 90, 67, 150, 191, 12, 74, 220, 152, 110, 233, 215, 64, 200, 216, 45, 2, 15, 150, 130, 200, 2, 191, 46, 189, 115, 207, 111, 88, 10, 239, 161, 56, 225, 21, 247, 196, 47, 95, 237, 38, 83, 125, 191, 155, 111, 187, 251, 125, 31, 232, 14, 24, 49, 163, 42, 97, 73, 167, 195, 44, 214, 199, 86, 157, 165, 9, 235, 23, 17, 158, 184, 177, 162, 21, 47, 253, 84, 100, 55, 204, 255, 157, 31, 205, 76, 35, 35, 233, 175, 149, 196, 125, 204, 1, 69, 59, 197, 217, 136, 185, 80, 237, 54, 19, 189, 106, 131, 98, 121, 180, 201, 26, 47, 18, 21, 176, 230, 4, 12, 120, 144, 201, 228, 1, 224, 98, 88, 64, 179, 110, 98, 233, 193, 62, 74, 187, 203, 22, 11, 121, 169, 221, 130, 130, 184, 83, 191, 154, 158, 102, 38, 74, 148, 26, 213, 69, 54, 71, 71, 72, 197, 29, 246, 57, 32, 227, 78, 125, 87, 114, 59, 171, 126, 153, 250, 123, 78, 200, 66, 122, 63, 244, 22, 239, 235, 60, 45, 59, 248, 141, 120, 127, 150, 160, 81, 165, 86, 61, 44, 176, 138, 239, 23, 188, 197, 2, 219, 190, 23, 213, 70, 25, 67, 40, 28, 196, 23, 94, 30, 70, 167, 80, 30, 2, 31, 59, 176, 78, 113, 152, 70, 72, 231, 155, 78, 131, 222, 5, 150, 177, 190, 129, 197, 84, 72, 53, 17, 102, 177, 16, 211, 203, 177, 222, 199, 68, 216, 5, 129, 103, 249, 86, 9, 203, 242, 31, 149, 233, 106, 176, 238, 243, 88, 148, 149, 92, 217, 182, 24, 31, 48, 154, 220, 174, 255, 173, 32, 6, 254, 84, 204, 163, 163, 119, 170, 107, 105, 224, 65, 203, 187, 76, 179, 172, 243, 153, 59, 188, 196, 250, 47, 93, 168, 209, 76, 241, 177, 7, 16, 142, 180, 149, 109, 122, 137, 90, 22, 88, 16, 194, 48, 88, 124, 181, 82, 223, 111, 153, 54, 101, 142, 199, 42, 184, 235, 245, 97, 249, 46, 71, 91, 173, 151, 23, 32, 177, 65, 127, 148, 144, 31, 50, 41, 29, 231, 188, 243, 173, 38, 185, 33, 183, 177, 127, 34, 17, 59, 30, 116, 22, 86, 78, 224, 21, 189, 208, 56, 232, 45, 202, 133, 223, 32, 202, 151, 89, 109, 39, 18, 255, 190, 26, 181, 7, 226, 72, 34, 206, 196, 66, 221, 177, 226, 119, 131, 222, 244, 158, 108, 255, 182, 148, 26, 35, 232, 6, 14, 229, 255, 19, 160, 190, 238, 177, 234, 2, 31, 96, 45, 80, 56, 143, 244, 197, 126, 10, 14, 211, 12, 119, 46, 77, 10, 91, 222, 211, 155, 11, 48, 182, 234, 149, 67, 251, 183, 105, 150, 149, 157, 23, 5, 58, 204, 72, 126, 95, 236, 26, 144, 78, 187, 103, 231, 208, 89, 102, 34, 136, 10, 140, 101, 181, 59, 95, 77, 1, 235, 30, 223, 233, 108, 103, 11, 44, 41, 53, 161, 88, 90, 116, 240, 72, 248, 199, 24, 14, 162, 79, 217, 249, 35, 199, 161, 139, 16, 41, 16, 230, 73, 52, 190, 188, 36, 198, 16, 84, 148, 101, 13, 228, 41, 51, 5, 164, 124, 84, 247, 136, 105, 16, 5, 151, 251, 16, 29, 244, 97, 96, 117, 102, 155, 53, 51, 146, 205, 86, 38, 207, 133, 141, 70, 126, 15, 121, 184, 175, 148, 16, 0, 127, 241, 204, 200, 140, 151, 189, 163, 185, 42, 184, 236, 54, 10, 105, 152, 25, 131, 57, 15, 133, 28, 201, 186, 228, 95, 100, 12, 92, 239, 67, 126, 144, 89, 107, 228, 70, 109, 171, 184, 90, 174, 61, 185, 210, 79, 154, 144, 66, 167, 113, 43, 159, 68, 27, 19, 82, 4, 47, 43, 85, 200, 41, 21, 217, 76, 26, 101, 11, 74, 181, 59, 207, 140, 202, 116, 24, 227, 139, 122, 231, 205, 243, 33, 233, 19, 215, 174, 187, 102, 12, 139, 136, 39, 145, 85, 1, 40, 24, 252, 147, 162, 170, 113, 221, 27, 67, 200, 97, 110, 83, 152, 128, 70, 139, 6, 20, 58, 115, 3, 231, 248, 189, 156, 93, 205, 104, 99, 64, 249, 235, 40, 120, 211, 124, 251, 238, 47, 71, 29, 159, 1, 154, 126, 224, 42, 49, 7, 230, 221, 14, 7, 21, 176, 13, 234, 12, 10, 179, 169, 234, 190, 40, 226, 14, 177, 168, 175, 240, 251, 11, 59, 241, 134, 18, 116, 148, 150, 128, 23, 112, 26, 30, 255, 65, 29, 52, 160, 57, 189, 30, 202, 50, 175, 8, 76, 15, 107, 4, 182, 55, 94, 79, 151, 39, 93, 118, 152, 27, 250, 170, 32, 26, 214, 75, 191, 37, 2, 115, 53, 16, 122, 133, 83, 164, 191, 125, 33, 132, 147, 132, 177, 13, 168, 168, 143, 205, 171, 40, 32, 121, 23, 205, 23, 87, 231, 88, 128, 72, 56, 64, 45, 57, 26, 42, 169, 5, 166, 184, 231, 51, 15, 114, 157, 213, 143, 215, 127, 127, 255, 188, 6, 111, 143, 139, 38, 178, 12, 165, 212, 232, 197, 123, 145, 77, 118, 111, 84, 148, 221, 237, 154, 227, 71, 166, 136, 108, 0, 58, 172, 147, 195, 153, 196, 88, 122, 84, 3, 182, 198, 187, 129, 79, 26, 56, 232, 201, 128, 4, 53, 196, 66, 136, 87, 102, 169, 169, 89, 45, 154, 198, 16, 152, 202, 129, 10, 69, 190, 216, 28, 122, 229, 50, 122, 133, 154, 36, 244, 208, 53, 35, 64, 106, 78, 216, 75, 130, 144, 36, 122, 86, 220, 118, 218, 252, 156, 11, 202, 114, 224, 44, 24, 160, 198, 31, 5, 136, 130, 228, 217, 46, 133, 176, 216, 167, 101, 124, 230, 230, 207, 94, 222, 141, 16, 210, 9, 7, 187, 87, 52, 253, 137, 14, 2, 181, 26, 120, 131, 160, 199, 23, 180, 235, 227, 193, 0, 47, 121, 87, 92, 72, 243, 50, 6, 110, 139, 11, 154, 210, 182, 32, 29, 142, 222, 188, 20, 91, 240, 51, 212, 20, 63, 33, 215, 78, 224, 250, 210, 156, 6, 36, 88, 39, 72, 19, 37, 208, 190, 230, 231, 130, 133, 45, 167, 209, 173, 217, 28, 227, 45, 79, 189, 145, 157, 52, 18, 118, 249, 218, 116, 115, 15, 244, 179, 120, 248, 66, 246, 20, 50, 196, 92, 201, 226, 171, 142, 77, 112, 83, 14, 51, 37, 2, 211, 12, 151, 102, 191, 48, 102, 11, 44, 59, 74, 100, 237, 50, 167, 114, 45, 4, 239, 171, 171, 154, 147, 229, 175, 43, 145, 99, 46, 202, 65, 115, 126, 240, 241, 197, 7, 113, 162, 143, 234, 146, 14, 78, 100, 35, 85, 225, 127, 217, 105, 190, 40, 191, 52, 230, 0, 246, 204, 15, 39, 180, 147, 73, 149, 76, 67, 206, 225, 204, 108, 98, 152, 19, 213, 221, 15, 218, 84, 162, 188, 7, 62, 219, 69, 10, 90, 134, 78, 55, 220, 200, 42, 158, 30, 29, 152, 97, 96, 129, 150, 146, 66, 247, 55, 191, 30, 174, 23, 34, 246, 116, 7, 110, 156, 144, 171, 119, 105, 99, 197, 42, 146, 41, 23, 40, 88, 202, 188, 233, 200, 146, 21, 17, 183, 63, 86, 33, 161, 172, 77, 142, 225, 120, 107, 239, 50, 102, 104, 139, 221, 176, 105, 185, 255, 115, 36, 45, 176, 188, 61, 148, 15, 160, 234, 241, 6, 22, 133, 8, 53, 158, 188, 238, 103, 21, 179, 239, 45, 52, 250, 100, 29, 192, 60, 2, 130, 23, 5, 79, 6, 86, 146, 241, 0, 225, 139, 100, 214, 186, 47, 250, 8, 136, 179, 187, 239, 102, 172, 228, 169, 196, 96, 231, 248, 194, 247, 46, 237, 71, 30, 88, 181, 149, 179, 106, 180, 61, 80, 84, 220, 127, 65, 121, 124, 145, 58, 214, 162, 135, 47, 92, 119, 64, 2, 138, 7, 106, 189, 190, 158, 242, 42, 147, 173, 231, 115, 60, 125, 8, 19, 92, 94, 134, 248, 205, 33, 47, 221, 178, 201, 149, 179, 96, 190, 248, 2, 128, 183, 168, 59, 189, 224, 14, 47, 155, 184, 230, 85, 43, 46, 166, 101, 143, 7, 4, 160, 129, 33, 174, 226, 169, 119, 184, 194, 122, 137, 54, 89, 121, 230, 239, 6, 148, 14, 195, 28, 193, 157, 200, 230, 24, 29, 74, 226, 154, 99, 134, 36, 7, 46, 154, 105, 61, 54, 116, 197, 169, 47, 148, 169, 127, 86, 19, 238, 105, 230, 111, 17, 168, 49, 249, 5, 104, 152, 100, 253, 21, 187, 205, 179, 84, 166, 96, 133, 141, 212, 140, 135, 61, 117, 126, 21, 34, 51, 219, 88, 168, 12, 78, 11, 234, 126, 138, 105, 73, 121, 76, 72, 245, 91, 88, 173, 50, 87, 176, 115, 153, 32, 231, 113, 205, 235, 129, 37, 89, 8, 84, 181, 169, 166, 243, 18, 163, 43, 82, 168, 42, 142, 227, 32, 35, 189, 48, 13, 153, 181, 28, 30, 28, 229, 143, 126, 185, 61, 185, 43, 10, 86, 218, 255, 207, 127, 211, 22, 134, 254, 156, 112, 214, 99, 146, 31, 22, 245, 155, 4, 240, 249, 115, 202, 236, 172, 160, 18, 220, 216, 1, 188, 230, 46, 211, 228, 185, 59, 161, 27, 55, 80, 142, 189, 197, 13, 84, 99, 148, 104, 228, 6, 101, 169, 248, 150, 202, 235, 237, 214, 167, 35, 184, 35, 106, 21, 203, 135, 194, 169, 111, 36, 115, 102, 75, 202, 198, 135, 113, 199, 198, 166, 32, 36, 96, 72, 107, 217, 64, 224, 28, 181, 3, 253, 163, 229, 28, 23, 244, 241, 86, 190, 89, 16, 218, 42, 232, 25, 23, 111, 20, 231, 161, 200, 155, 227, 66, 188, 239, 102, 24, 41, 155, 102, 84, 162, 198, 232, 190, 123, 253, 34, 202, 49, 214, 40, 185, 8, 8, 46, 2, 13, 101, 64, 235, 232, 64, 103, 119, 253, 229, 231, 46, 108, 233, 0, 57, 248, 230, 70, 96, 42, 56, 225, 241, 162, 33, 13, 114, 50, 39, 165, 217, 163, 1, 50, 247, 14, 201, 17, 84, 118, 98, 204, 117, 88, 103, 67, 114, 80, 245, 76, 118, 27, 49, 21, 200, 128, 216, 1, 39, 115, 155, 139, 224, 153, 181, 237, 129, 195, 230, 229, 117, 125, 55, 82, 7, 153, 173, 44, 248, 14, 47, 161, 128, 214, 192, 192, 240, 10, 96, 28, 162, 166, 46, 100, 134, 32, 146, 250, 197, 78, 50, 225, 90, 130, 191, 77, 26, 53, 186, 9, 188, 148, 17, 112, 206, 70, 181, 88, 62, 72, 46, 40, 138, 120, 186, 89, 236, 251, 47, 66, 58, 67, 186, 40, 35, 146, 168, 131, 47, 233, 109, 239, 177, 37, 119, 215, 66, 236, 176, 102, 212, 10, 66, 36, 244, 200, 206, 137, 111, 85, 207, 16, 23, 249, 16, 24, 90, 20, 89, 134, 68, 141, 111, 136, 114, 79, 5, 205, 84, 20, 191, 238, 46, 247, 133, 25, 74, 8, 183, 95, 68, 215, 153, 161, 191, 119, 157, 210, 246, 70, 50, 12, 171, 149, 119, 181, 29, 96, 207, 145, 190, 172, 178, 142, 101, 35, 103, 41, 145, 1, 195, 183, 27, 233, 84, 124, 254, 65, 13, 183, 217, 9, 92, 237, 250, 75, 207, 6, 100, 111, 218, 39, 152, 219, 133, 109, 164, 84, 45, 11, 126, 139, 250, 83, 107, 229, 242, 240, 29, 135, 156, 200, 28, 197, 54, 40, 192, 202, 143, 141, 19, 30, 247, 159, 35, 14, 236, 43, 45, 228, 210, 5, 44, 218, 164, 202, 238, 173, 101, 251, 176, 255, 30, 15, 27, 53, 185, 90, 145, 151, 179, 195, 72, 133, 220, 51, 124, 131, 92, 116, 145, 202, 147, 41, 202, 248, 210, 100, 107, 29, 54, 135, 202, 216, 167, 22, 245, 111, 177, 180, 78, 172, 54, 142, 230, 162, 208, 63, 101, 248, 128, 115, 246, 168, 107, 36, 172, 172, 73, 221, 84, 172, 6, 186, 45, 71, 10, 67, 147, 247, 134, 189, 120, 224, 208, 152, 157, 252, 72, 122, 86, 122, 148, 195, 113, 79, 192, 22, 19, 201, 111, 206, 242, 169, 14, 192, 98, 96, 206, 171, 182, 112, 194, 25, 103, 221, 195, 80, 174, 33, 62, 203, 233, 67, 114, 191, 215, 66, 216, 1, 206, 188, 249, 175, 140, 82, 186, 194, 166, 33, 223, 26, 199, 147, 144, 11, 207, 172, 46, 189, 78, 199, 247, 183, 178, 154, 173, 202, 75, 55, 32, 23, 60, 146, 22, 235, 83, 227, 77, 200, 10, 163, 227, 253, 31, 143, 99, 174, 177, 49, 195, 130, 228, 99, 42, 94, 196, 104, 100, 218, 77, 96, 209, 30, 143, 144, 117, 122, 110, 184, 253, 10, 230, 237, 226, 221, 203, 195, 207, 217, 150, 210, 85, 130, 84, 52, 167, 4, 127, 220, 1, 74, 111, 63, 81, 14, 0, 218, 189, 41, 209, 251, 197, 49, 1, 96, 215, 92, 84, 196, 10, 180, 128, 81, 46, 85, 172, 157, 12, 59, 134, 235, 30, 218, 129, 57, 119, 37, 99, 15, 225, 43, 164, 28, 245, 30, 193, 13, 10, 15, 207, 54, 168, 172, 52, 224, 87, 15, 249, 222, 131, 181, 78, 142, 20, 26, 20, 223, 24, 21, 97, 150, 36, 187, 146, 221, 116, 93, 187, 91, 153, 160, 223, 192, 107, 166, 38, 61, 123, 189, 71, 231, 224, 138, 241, 190, 13, 140, 53, 98, 132, 3, 90, 171, 41, 222, 54, 214, 84, 53, 106, 64, 48, 154, 135, 130, 115, 20, 49, 17, 74, 176, 55, 99, 29, 223, 20, 82, 131, 198, 202, 11, 44, 18, 170, 86, 184, 143, 5, 38, 56, 73, 136, 80, 48, 205, 108, 246, 217, 158, 21, 170, 195, 250, 43, 248, 9, 19, 201, 234, 175, 106, 149, 81, 160, 28, 67, 223, 74, 84, 84, 242, 160, 172, 176, 146, 175, 233, 159, 53, 208, 201, 7, 106, 81, 33, 12, 147, 242, 91, 208, 217, 13, 90, 204, 250, 51, 19, 127, 16, 250, 82, 69, 164, 232, 65, 129, 11, 50, 175, 14, 78, 140, 75, 134, 164, 190, 184, 173, 105, 245, 240, 24, 50, 27, 52, 205, 8, 6, 35, 65, 236, 18, 230, 206, 188, 31, 246, 5, 158, 12, 249, 224, 243, 181, 207, 12, 46, 102, 199, 216, 64, 102, 121, 109, 53, 182, 46, 244, 20, 6, 3, 185, 208, 245, 244, 6, 216, 96, 184, 47, 111, 23, 172, 43, 66, 92, 196, 242, 66, 164, 199, 231, 58, 218, 139, 227, 227, 14, 190, 241, 170, 191, 46, 212, 196, 47, 63, 119, 180, 133, 64, 41, 207, 102, 107, 217, 152, 26, 252, 138, 114, 210, 147, 104, 225, 225, 128, 117, 241, 46, 186, 179, 180, 38, 0, 234, 121, 93, 251, 197, 203, 129, 71, 82, 126, 141, 185, 107, 72, 167, 91, 216, 154, 24, 71, 173, 195, 141, 169, 73, 44, 237, 60, 185, 45, 197, 26, 185, 163, 222, 254, 211, 103, 27, 127, 134, 124, 19, 232, 222, 50, 222, 214, 144, 16, 220, 77, 251, 190, 13, 1, 154, 213, 44, 138, 131, 133, 197, 43, 179, 213, 79, 203, 178, 140, 85, 1, 53, 203, 243, 187, 158, 34, 72, 136, 112, 6, 177, 63, 49, 60, 65, 239, 0, 40, 203, 222, 126, 14, 232, 23, 170, 138, 27, 51, 104, 131, 91, 251, 164, 96, 210, 14, 206, 43, 10, 151, 96, 252, 6, 10, 234, 168, 55, 73, 218, 49, 162, 129, 65, 220, 204, 26, 143, 220, 25, 20, 28, 10, 134, 100, 206, 129, 35, 224, 238, 239, 59, 25, 54, 139, 61, 252, 210, 166, 119, 71, 131, 16, 191, 105, 119, 151, 249, 14, 103, 33, 181, 50, 247, 119, 176, 248, 9, 99, 176, 178, 203, 105, 218, 138, 131, 129, 90, 0, 114, 34, 4, 241, 9, 78, 135, 178, 65, 127, 85, 19, 13, 166, 62, 151, 131, 188, 239, 209, 187, 137, 123, 176, 74, 120, 215, 135, 50, 220, 145, 200, 251, 161, 225, 85, 174, 93, 146, 58, 16, 74, 11, 44, 186, 206, 146, 60, 169, 46, 10, 97, 186, 231, 9, 95, 124, 128, 170, 45, 154, 157, 63, 23, 7, 201, 44, 14, 167, 163, 54, 122, 166, 152, 129, 5, 184, 82, 57, 140, 60, 130, 250, 175, 247, 76, 206, 32, 212, 49, 160, 35, 253, 18, 247, 87, 48, 219, 152, 156, 136, 126, 181, 76, 244, 89, 7, 45, 220, 47, 153, 92, 32, 239, 166, 164, 211, 115, 1, 158, 94, 93, 153, 244, 175, 170, 98, 209, 211, 215, 5, 68, 75, 31, 178, 93, 64, 55, 240, 30, 68, 46, 146, 27, 14, 252, 4, 8, 236, 46, 77, 211, 224, 162, 39, 82, 203, 128, 90, 137, 58, 95, 153, 230, 220, 12, 97, 97, 245, 72, 240, 14, 31, 109, 26, 149, 130, 148, 44, 51, 40, 23, 15, 215, 223, 223, 164, 50, 68, 74, 59, 121, 245, 113, 176, 198, 123, 176, 20, 225, 195, 249, 184, 7, 236, 8, 22, 91, 5, 3, 213, 183, 54, 9, 178, 229, 210, 91, 160, 109, 224, 169, 153, 199, 191, 22, 183, 31, 38, 229, 229, 182, 192, 147, 195, 14, 153, 16, 241, 239, 21, 70, 198, 61, 79, 245, 68, 149, 215, 9, 201, 184, 192, 147, 248, 159, 70, 12, 167, 120, 252, 218, 80, 162, 24, 124, 93, 2, 241, 227, 168, 73, 219, 226, 6, 216, 161, 97, 244, 157, 254, 47, 171, 67, 251, 201, 93, 200, 246, 75, 65, 178, 52, 4, 124, 85, 159, 68, 72, 12, 199, 53, 153, 27, 134, 5, 154, 46, 49, 189, 23, 165, 52, 118, 114, 36, 192, 157, 187, 221, 101, 77, 221, 32, 216, 149, 220, 67, 198, 216, 167, 17, 80, 22, 30, 126, 138, 37, 24, 165, 42, 119, 29, 226, 151, 9, 100, 8, 168, 172, 81, 215, 174, 154, 134, 154, 246, 82, 213, 175, 162, 111, 142, 27, 126, 190, 208, 33, 90, 141, 7, 3, 132, 4, 100, 161, 177, 43, 216, 209, 223, 57, 59, 63, 159, 35, 170, 157, 195, 135, 7, 144, 173, 152, 80, 42, 44, 73, 247, 56, 80, 54, 254, 73, 67, 69, 36, 219, 82, 43, 25, 147, 20, 253, 125, 227, 175, 149, 156, 185, 200, 193, 33, 89, 45, 197, 34, 17, 38, 63, 241, 185, 71, 133, 70, 131, 244, 68, 199, 229, 221, 119, 110, 158, 6, 241, 69, 156, 5, 50, 236, 196, 72, 20, 81, 155, 246, 164, 7, 13, 65, 191, 248, 151, 29, 75, 183, 169, 55, 77, 11, 216, 92, 84, 118, 48, 229, 80, 132, 181, 141, 117, 217, 35, 153, 230, 167, 95, 37, 76, 195, 15, 240, 23, 87, 134, 116, 211, 65, 201, 3, 145, 77, 245, 173, 181, 110, 236, 236, 26, 127, 220, 159, 240, 43, 193, 24, 12, 194, 115, 61, 104, 176, 1, 194, 69, 138, 125, 18, 57, 235, 151, 97, 45, 206, 213, 77, 41, 165, 241, 243, 3, 124, 195, 234, 253, 209, 146, 205, 157, 202, 79, 7, 59, 78, 10, 191, 115, 233, 165, 69, 176, 16, 143, 159, 39, 33, 38, 223, 113, 230, 157, 203, 90, 248, 11, 243, 17, 222, 226, 151, 79, 172, 7, 193, 122, 134, 12, 150, 42, 26, 197, 34, 134, 206, 22, 97, 119, 218, 242, 164, 18, 41, 88, 126, 10, 114, 119, 135, 216, 173, 58, 34, 194, 184, 251, 77, 106, 90, 10, 197, 50, 36, 0, 252, 37, 209, 1, 16, 120, 131, 187, 191, 151, 104, 98, 132, 77, 76, 65, 184, 86, 206, 252, 172, 232, 2, 77, 85, 193, 193, 7, 15, 86, 51, 16, 156, 133, 246, 198, 254, 31, 47, 22, 18, 179, 95, 142, 102, 253, 74, 238, 118, 177, 93, 90, 79, 32, 196, 242, 251, 8, 225, 25, 226, 197, 42, 76, 160, 154, 121, 225, 96, 53, 52, 173, 137, 219, 98, 7, 47, 129, 108, 175, 157, 17, 30, 88, 218, 126, 228, 199, 145, 7, 204, 5, 71, 157, 147, 15, 204, 251, 202, 144, 129, 192, 36, 115, 99, 94, 254, 229, 104, 225, 82, 137, 254, 181, 179, 201, 226, 129, 83, 244, 13, 167, 136, 33, 86, 169, 25, 85, 20, 48, 68, 189, 189, 178, 202, 35, 113, 97, 25, 125, 105, 241, 244, 57, 184, 246, 101, 126, 8, 227, 231, 254, 128, 239, 223, 37, 22, 145, 222, 242, 147, 193, 135, 50, 232, 64, 212, 224, 214, 121, 61, 151, 9, 253, 178, 96, 235, 73, 172, 16, 128, 214, 84, 141, 118, 186, 10, 41, 64, 66, 29, 65, 162, 201, 3, 255, 6, 156, 234, 21, 29, 250, 151, 255, 242, 56, 125, 200, 55, 94, 144, 231, 252, 33, 170, 203, 16, 255, 109, 38, 30, 245, 219, 241, 103, 120, 23, 7, 3, 97, 88, 86, 22, 32, 173, 62, 101, 30, 180, 46, 5, 89, 91, 210, 100, 224, 166, 203, 85, 45, 159, 20, 208, 241, 206, 225, 118, 230, 92, 22, 246, 201, 43, 106, 202, 43, 61, 22, 16, 130, 1, 54, 133, 215, 44, 59, 85, 127, 140, 75, 124, 132, 24, 13, 115, 44, 144, 227, 238, 105, 15, 180, 151, 106, 185, 127, 188, 98, 145, 164, 39, 71, 64, 120, 19, 16, 150, 254, 141, 72, 93, 88, 113, 106, 81, 45, 155, 11, 167, 185, 113, 2, 142, 99, 136, 64, 131, 194, 46, 155, 92, 129, 115, 230, 199, 80, 94, 239, 202, 71, 71, 23, 216, 137, 75, 37, 95, 6, 34, 107, 134, 123, 143, 192, 29, 122, 132, 147, 131, 152, 243, 115, 151, 164, 147, 205, 11, 6, 249, 131, 92, 144, 180, 11, 217, 137, 4, 145, 80, 42, 148, 24, 97, 57, 133, 10, 97, 0, 237, 235, 190, 143, 212, 86, 132, 222, 30, 142, 100, 106, 209, 227, 53, 1, 118, 128, 79, 225, 242, 141, 58, 12, 43, 237, 118, 194, 247, 97, 55, 178, 16, 6, 71, 17, 179, 89, 17, 192, 164, 39, 14, 16, 219, 72, 208, 161, 206, 85, 198, 65, 187, 119, 46, 7, 51, 95, 10, 120, 190, 246, 37, 216, 157, 226, 200, 19, 229, 164, 19, 142, 68, 150, 21, 191, 103, 148, 212, 74, 63, 207, 241, 90, 148, 155, 130, 27, 163, 224, 118, 68, 181, 109, 178, 127, 77, 240, 216, 127, 39, 164, 126, 221, 106, 101, 134, 3, 95, 197, 99, 70, 4, 82, 193, 82, 99, 146, 28, 26, 129, 171, 81, 103, 4, 96, 55, 188, 204, 244, 159, 139, 239, 208, 6, 58, 230, 191, 141, 177, 206, 233, 228, 8, 113, 64, 174, 162, 161, 133, 173, 19, 160, 55, 1, 44, 38, 181, 246, 67, 146, 9, 122, 42, 32, 12, 116, 124, 253, 115, 223, 75, 37, 91, 223, 182, 123, 246, 19, 182, 143, 255, 219, 35, 88, 251, 48, 63, 23, 120, 29, 160, 252, 247, 80, 176, 29, 188, 70, 132, 220, 221, 168, 17, 14, 16, 214, 73, 99, 126, 211, 247, 177, 75, 8, 4, 139, 127, 51, 96, 115, 156, 216, 76, 56, 109, 237, 218, 191, 235, 40, 155, 74, 111, 86, 190, 68, 124, 163, 24, 68, 231, 63, 253, 148, 255, 166, 22, 52, 206, 204, 91, 12, 86, 31, 125, 63, 228, 159, 161, 245, 202, 52, 237, 178, 110, 152, 236, 42, 117, 156, 15, 88, 110, 99, 23, 243, 52, 65, 21, 233, 57, 225, 3, 237, 127, 37, 163, 177, 16, 44, 173, 61, 58, 102, 84, 151, 107, 119, 78, 30, 193, 30, 225, 28, 12, 13, 96, 3, 7, 230, 13, 63, 169, 91, 93, 51, 61, 46, 190, 1, 16, 37, 166, 24, 235, 129, 160, 156, 10, 72, 43, 194, 170, 190, 25, 140, 165, 102, 118, 50, 188, 22, 0, 247, 200, 209, 76, 244, 211, 116, 60, 169, 179, 34, 250, 123, 243, 46, 179, 28, 92, 57, 15, 176, 222, 246, 251, 35, 210, 180, 111, 1, 162, 30, 26, 58, 233, 124, 179, 11, 130, 37, 132, 134, 229, 252, 116, 140, 111, 45, 108, 230, 173, 104, 181, 46, 99, 144, 115, 65, 13, 251, 212, 111, 165, 154, 32, 126, 144, 170, 159, 102, 35, 222, 68, 37, 72, 4, 121, 66, 200, 231, 37, 42, 11, 1, 206, 120, 198, 217, 140, 156, 31, 149, 105, 233, 37, 229, 32, 52, 88, 6, 135, 157, 83, 98, 220, 139, 196, 59, 43, 59, 62, 150, 52, 122, 86, 221, 99, 26, 31, 243, 142, 110, 119, 7, 234, 30, 158, 79, 6, 139, 188, 108, 106, 151, 220, 11, 22, 19, 157, 12, 132, 190, 247, 51, 103, 109, 66, 191, 114, 79, 197, 35, 94, 106, 92, 149, 8, 243, 202, 219, 37, 106, 133, 231, 133, 54, 6, 193, 57, 184, 89, 125, 232, 147, 204, 88, 184, 205, 250, 131, 167, 156, 161, 139, 65, 9, 153, 91, 74, 89, 248, 69, 7, 7, 170, 51, 165, 185, 85, 139, 165, 246, 26, 109, 71, 79, 165, 188, 110, 65, 172, 151, 131, 122, 122, 142, 26, 254, 157, 163, 186, 251, 207, 106, 34, 140, 109, 164, 237, 19, 153, 255, 0, 148, 181, 195, 250, 161, 167, 229, 162, 15, 58, 147, 218, 97, 242, 5, 22, 86, 190, 249, 168, 248, 158, 212, 41, 14, 60, 39, 177, 205, 147, 168, 16, 59, 46, 223, 212, 95, 127, 101, 238, 93, 54, 235, 59, 92, 155, 151, 91, 123, 210, 63, 46, 32, 238, 206, 4, 218, 171, 2, 2, 189, 168, 112, 131, 8, 118, 100, 244, 152, 56, 75, 33, 18, 65, 164, 215, 188, 48, 145, 48, 24, 28, 196, 158, 237, 10, 103, 46, 38, 198, 160, 84, 215, 118, 241, 50, 27, 237, 212, 108, 108, 128, 164, 92, 98, 170, 184, 236, 225, 93, 210, 156, 251, 137, 82, 105, 4, 196, 88, 17, 128, 6, 93, 206, 168, 150, 74, 137, 201, 3, 108, 60, 191, 162, 254, 51, 167, 60, 116, 251, 8, 92, 180, 87, 111, 154, 46, 224, 156, 105, 100, 27, 37, 105, 185, 228, 58, 248, 108, 75, 158, 228, 71, 58, 143, 153, 237, 170, 236, 47, 29, 76, 19, 170, 152, 80, 23, 204, 231, 58, 196, 163, 61, 19, 14, 19, 134, 49, 173, 161, 30, 205, 114, 103, 148, 184, 228, 239, 158, 188, 195, 155, 204, 220, 176, 69, 142, 90, 81, 212, 3, 54, 28, 43, 124, 19, 54, 192, 146, 161, 121, 205, 225, 82, 119, 115, 159, 91, 22, 145, 48, 240, 115, 129, 65, 165, 60, 194, 187, 166, 111, 212, 39, 177, 23, 90, 134, 33, 66, 245, 237, 171, 28, 188, 230, 133, 29, 91, 75, 220, 209, 10, 92, 189, 255, 222, 104, 172, 55, 36, 180, 154, 91, 17, 29, 162, 175, 45, 96, 12, 176, 19, 253, 39, 120, 162, 123, 231, 180, 12, 70, 182, 66, 248, 11, 114, 137, 134, 18, 45, 238, 29, 92, 64, 135, 93, 172, 168, 252, 109, 75, 4, 213, 95, 181, 221, 245, 201, 68, 97, 178, 178, 98, 75, 243, 177, 183, 85, 113, 219, 65, 189, 254, 248, 115, 236, 182, 86, 247, 254, 14, 17, 240, 36, 49, 217, 251, 184, 183, 220, 250, 9, 160, 254, 189, 93, 93, 132, 99, 168, 226, 144, 57, 152, 65, 11, 128, 90, 72, 90, 121, 30, 16, 221, 120, 29, 101, 116, 231, 219, 167, 58, 155, 127, 78, 214, 159, 89, 2, 68, 11, 165, 172, 12, 138, 13, 190, 48, 14, 49, 145, 255, 227, 143, 18, 150, 47, 2, 207, 81, 226, 176, 110, 211, 15, 236, 186, 142, 45, 116, 82, 111, 23, 216, 250, 46, 129, 211, 84, 162, 125, 29, 108, 251, 250, 243, 215, 89, 98, 14, 253, 146, 2, 162, 214, 75, 58, 219, 111, 223, 241, 47, 240, 177, 134, 123, 177, 228, 54, 32, 21, 193, 162, 186, 182, 43, 81, 247, 10, 250, 80, 47, 108, 50, 148, 252, 102, 102, 78, 109, 65, 140, 13, 156, 175, 19, 189, 65, 252, 20, 30, 41, 184, 205, 131, 104, 36, 240, 174, 116, 14, 62, 14, 10, 244, 113, 41, 52, 181, 142, 246, 88, 88, 13, 9, 49, 117, 57, 77, 4, 52, 15, 8, 92, 116, 54, 141, 247, 120, 37, 50, 190, 246, 224, 252, 38, 158, 115, 39, 90, 119, 128, 35, 89, 199, 224, 147, 254, 152, 60, 136, 24, 87, 247, 205, 109, 111, 97, 98, 186, 28, 164, 79, 66, 149, 192, 179, 44, 34, 157, 195, 183, 43, 155, 31, 108, 241, 216, 193, 205, 14, 0, 109, 220, 51, 99, 82, 101, 194, 69, 115, 156, 124, 218, 110, 169, 69, 198, 145, 29, 231, 58, 223, 245, 6, 89, 213, 202, 34, 101, 121, 135, 37, 243, 253, 179, 217, 119, 95, 167, 230, 35, 8, 8, 93, 215, 72, 21, 77, 137, 84, 23, 97, 240, 127, 51, 3, 186, 106, 38, 60, 160, 68, 73, 231, 103, 232, 0, 56, 50, 217, 136, 215, 98, 247, 123, 2, 68, 70, 167, 90, 29, 117, 41, 101, 229, 100, 174, 105, 58, 20, 110, 224, 101, 104, 201, 236, 127, 153, 181, 200, 182, 165, 171, 107, 196, 3, 53, 130, 148, 28, 104, 100, 54, 180, 25, 236, 153, 113, 75, 126, 220, 181, 174, 182, 198, 184, 24, 210, 103, 1, 124, 92, 13, 96, 80, 167, 154, 181, 105, 210, 190, 32, 199, 26, 70, 63, 26, 145, 81, 179, 91, 112, 217, 10, 192, 31, 4, 73, 226, 148, 201, 126, 8, 251, 221, 5, 92, 232, 235, 173, 53, 86, 194, 210, 76, 8, 249, 50, 28, 182, 191, 180, 140, 153, 168, 184, 103, 87, 175, 126, 221, 74, 85, 2, 100, 22, 145, 212, 25, 172, 48, 55, 185, 104, 79, 45, 59, 39, 57, 30, 44, 120, 174, 128, 122, 154, 33, 227, 160, 199, 192, 222, 26, 101, 63, 206, 248, 96, 160, 246, 85, 186, 207, 8, 113, 92, 179, 185, 25, 176, 15, 16, 4, 14, 108, 218, 114, 150, 245, 240, 95, 111, 141, 16, 55, 1, 73, 169, 48, 13, 162, 78, 45, 32, 100, 15, 224, 72, 13, 143, 197, 95, 24, 12, 21, 99, 204, 139, 61, 241, 159, 61, 154, 66, 33, 1, 132, 44, 34, 235, 222, 152, 175, 50, 6, 29, 27, 57, 21, 37, 255, 57, 230, 132, 198, 76, 26, 1, 196, 222, 66, 79, 54, 249, 111, 162, 90, 29, 16, 6, 111, 72, 190, 235, 253, 156, 163, 153, 42, 94, 223, 181, 232, 109, 173, 159, 164, 47, 7, 27, 158, 249, 116, 126, 125, 102, 246, 20, 143, 113, 177, 147, 14, 75, 167, 112, 198, 159, 243, 4, 53, 82, 126, 151, 91, 3, 110, 19, 16, 81, 35, 101, 142, 182, 19, 69, 166, 189, 31, 8, 143, 13, 74, 228, 80, 24, 225, 180, 5, 63, 210, 223, 140, 130, 249, 96, 201, 36, 223, 7, 115, 237, 7, 42, 171, 7, 202, 226, 50, 191, 122, 46, 204, 111, 59, 30, 234, 141, 60, 182, 60, 213, 221, 206, 133, 178, 26, 177, 205, 244, 27, 116, 57, 35, 27, 177, 79, 17, 140, 236, 146, 238, 190, 250, 96, 9, 61, 10, 130, 3, 132, 108, 91, 214, 198, 171, 230, 247, 236, 252, 167, 78, 28, 128, 16, 143, 7, 151, 174, 141, 120, 102, 3, 30, 1, 28, 86, 158, 7, 188, 230, 78, 161, 157, 104, 182, 186, 153, 23, 213, 17, 5, 81, 34, 53, 64, 237, 173, 18, 153, 38, 134, 231, 107, 44, 231, 19, 202, 27, 65, 184, 247, 32, 55, 131, 125, 90, 217, 101, 239, 148, 42, 118, 138, 157, 103, 205, 58, 191, 68, 46, 180, 137, 32, 113, 255, 24, 30, 177, 78, 218, 30, 202, 59, 134, 46, 154, 198, 249, 191, 201, 205, 167, 13, 28, 154, 186, 233, 116, 109, 181, 136, 10, 94, 193, 191, 164, 32, 171, 163, 56, 229, 27, 180, 25, 64, 166, 130, 162, 119, 96, 105, 89, 168, 151, 117, 72, 192, 47, 144, 157, 181, 82, 183, 28, 230, 168, 162, 217, 149, 180, 57, 146, 85, 98, 246, 13, 169, 5, 81, 162, 171, 124, 2, 131, 210, 134, 160, 34, 251, 117, 218, 251, 210, 250, 188, 46, 173, 165, 109, 101, 110, 228, 246, 232, 76, 73, 89, 173, 70, 168, 133, 159, 26, 57, 14, 111, 199, 60, 64, 71, 160, 70, 214, 88, 125, 6, 9, 36, 212, 86, 17, 10, 10, 197, 147, 95, 2, 67, 133, 86, 203, 122, 116, 30, 34, 232, 219, 98, 248, 67, 69, 116, 230, 47, 27, 93, 99, 103, 171, 29, 113, 203, 248, 61, 242, 2, 200, 20, 156, 6, 120, 9, 82, 159, 97, 76, 56, 124, 241, 167, 88, 52, 201, 104, 41, 184, 246, 205, 165, 203, 40, 43, 4, 112, 186, 157, 254, 92, 163, 44, 46, 132, 44, 248, 170, 19, 189, 51, 197, 131, 64, 192, 178, 39, 113, 169, 92, 27, 109, 121, 233, 145, 196, 19, 57, 206, 62, 36, 47, 53, 182, 140, 253, 90, 221, 114, 3, 77, 173, 178, 209, 239, 31, 153, 196, 144, 117, 14, 188, 136, 212, 105, 230, 136, 217, 39, 187, 254, 199, 45, 111, 29, 21, 97, 134, 132, 14, 43, 125, 162, 235, 120, 168, 196, 197, 9, 156, 173, 40, 73, 203, 92, 185, 11, 114, 89, 50, 18, 172, 142, 128, 167, 253, 124, 226, 179, 236, 155, 211, 99, 95, 143, 123, 194, 10, 40, 164, 34, 249, 231, 225, 86, 0, 168, 48, 105, 44, 124, 217, 31, 55, 4, 105, 168, 35, 188, 85, 118, 53, 102, 156, 243, 166, 239, 114, 233, 92, 141, 48, 67, 62, 219, 23, 14, 171, 219, 115, 12, 13, 126, 72, 36, 148, 170, 27, 101, 195, 36, 42, 41, 166, 230, 49, 133, 143, 26, 168, 91, 234, 138, 53, 83, 235, 49, 83, 41, 79, 76, 130, 38, 105, 245, 130, 2, 9, 219, 226, 112, 203, 117, 225, 224, 71, 37, 173, 180, 245, 168, 166, 238, 49, 226, 114, 213, 228, 30, 251, 57, 255, 172, 64, 180, 193, 43, 1, 6, 28, 31, 205, 121, 40, 124, 166, 151, 236, 238, 253, 156, 172, 116, 114, 216, 140, 3, 197, 162, 111, 207, 102, 121, 215, 98, 47, 80, 124, 2, 117, 1, 64, 244, 240, 88, 67, 70, 89, 212, 171, 78, 187, 156, 183, 46, 150, 96, 19, 229, 189, 102, 165, 212, 80, 29, 89, 112, 42, 99, 26, 130, 174, 29, 173, 214, 247, 22, 98, 141, 135, 253, 21, 80, 206, 185, 197, 63, 254, 155, 32, 57, 84, 11, 104, 3, 4, 118, 96, 60, 132, 112, 129, 123, 126, 22, 3, 247, 60, 128, 6, 124, 44, 237, 0, 228, 250, 106, 173, 11, 17, 44, 110, 199, 3, 242, 47, 21, 93, 235, 61, 79, 99, 232, 126, 73, 24, 15, 211, 247, 250, 50, 120, 47, 98, 166, 154, 139, 149, 32, 82, 144, 72, 42, 0, 84, 226, 36, 138, 219, 231, 131, 54, 243, 213, 96, 68, 135, 251, 16, 217, 190, 153, 55, 182, 60, 168, 68, 127, 18, 156, 225, 23, 157, 88, 11, 217, 58, 189, 246, 144, 48, 81, 140, 175, 81, 136, 210, 250, 158, 34, 6, 241, 217, 22, 188, 179, 51, 91, 224, 86, 197, 24, 233, 23, 66, 65, 236, 57, 164, 213, 215, 187, 156, 129, 13, 252, 234, 238, 111, 168, 207, 102, 26, 13, 185, 195, 82, 18, 40, 236, 146, 4, 166, 104, 24, 3, 98, 160, 122, 46, 226, 7, 85, 217, 143, 136, 61, 85, 130, 30, 137, 55, 200, 52, 10, 104, 25, 110, 251, 213, 31, 167, 10, 255, 158, 57, 240, 164, 74, 216, 15, 243, 196, 205, 137, 113, 126, 10, 72, 190, 243, 43, 132, 207, 22, 144, 11, 32, 145, 40, 237, 6, 59, 126, 146, 181, 165, 185, 126, 59, 144, 203, 193, 93, 132, 211, 187, 242, 207, 110, 193, 99, 62, 155, 168, 214, 156, 215, 36, 105, 118, 26, 136, 89, 151, 15, 40, 141, 182, 195, 179, 80, 243, 129, 29, 6, 144, 38, 191, 6, 197, 13, 81, 63, 224, 33, 194, 79, 144, 82, 33, 18, 135, 43, 178, 51, 7, 170, 218, 112, 166, 30, 58, 159, 221, 59, 42, 69, 196, 250, 110, 241, 144, 183, 80, 75, 32, 186, 1, 53, 179, 220, 47, 84, 52, 8, 185, 65, 69, 85, 205, 98, 241, 53, 12, 240, 140, 114, 156, 50, 198, 12, 220, 227, 2, 36, 184, 75, 66, 108, 161, 88, 176, 48, 15, 104, 91, 49, 73, 173, 174, 114, 166, 83, 116, 42, 141, 170, 53, 152, 146, 109, 122, 160, 58, 194, 58, 245, 226, 7, 62, 117, 255, 220, 156, 197, 36, 247, 236, 216, 35, 20, 137, 70, 132, 51, 194, 135, 101, 224, 152, 175, 141, 200, 212, 200, 215, 247, 159, 152, 60, 85, 40, 142, 145, 137, 22, 63, 16, 119, 238, 2, 224, 203, 43, 101, 174, 65, 86, 133, 31, 151, 77, 33, 81, 0, 160, 45, 39, 97, 22, 31, 84, 234, 114, 197, 143, 57, 202, 171, 46, 162, 5, 193, 161, 63, 48, 90, 3, 118, 3, 79, 110, 91, 149, 69, 198, 88, 13, 27, 201, 43, 44, 112, 251, 244, 201, 80, 119, 37, 181, 226, 35, 212, 131, 133, 42, 212, 205, 83, 16, 94, 72, 228, 165, 20, 78, 103, 35, 146, 253, 41, 181, 117, 175, 1, 95, 8, 221, 140, 252, 207, 83, 117, 26, 202, 73, 94, 209, 156, 237, 178, 222, 199, 100, 106, 161, 83, 57, 89, 97, 166, 91, 170, 186, 168, 53, 7, 24, 185, 85, 24, 154, 56, 208, 30, 33, 89, 237, 23, 97, 236, 89, 191, 246, 22, 170, 0, 224, 28, 179, 161, 188, 242, 12, 221, 22, 151, 18, 21, 106, 229, 225, 231, 139, 85, 109, 155, 8, 46, 82, 195, 128, 181, 175, 183, 88, 153, 8, 241, 246, 65, 31, 130, 62, 200, 114, 189, 244, 73, 155, 252, 229, 120, 145, 52, 198, 156, 73, 50, 29, 11, 138, 76, 199, 111, 150, 187, 253, 33, 159, 137, 15, 116, 32, 74, 16, 54, 138, 171, 109, 156, 130, 14, 226, 250, 146, 117, 53, 222, 73, 111, 22, 116, 239, 125, 192, 243, 208, 150, 254, 157, 148, 37, 9, 120, 161, 96, 145, 117, 31, 209, 56, 230, 159, 148, 86, 135, 99, 72, 203, 135, 226, 245, 26, 102, 170, 7, 30, 79, 88, 74, 36, 81, 245, 137, 244, 216, 223, 168, 148, 15, 115, 142, 227, 63, 193, 194, 69, 212, 156, 142, 42, 63, 74, 189, 39, 36, 156, 221, 109, 120, 165, 171, 111, 97, 186, 178, 251, 67, 58, 137, 227, 55, 236, 126, 232, 140, 247, 159, 18, 180, 123, 5, 142, 218, 19, 20, 25, 152, 130, 96, 46, 28, 146, 217, 55, 245, 247, 222, 224, 151, 131, 97, 243, 159, 178, 142, 107, 250, 120, 112, 49, 190, 157, 30, 142, 228, 22, 45, 26, 166, 222, 242, 240, 54, 126, 186, 198, 102, 151, 141, 227, 216, 72, 180, 64, 219, 248, 100, 197, 84, 134, 23, 170, 172, 98, 137, 21, 165, 181, 179, 36, 19, 218, 244, 97, 45, 139, 99, 22, 56, 203, 135, 224, 164, 137, 106, 32, 97, 202, 129, 107, 181, 185, 89, 152, 82, 195, 115, 129, 179, 209, 37, 38, 224, 64, 138, 129, 111, 173, 241, 167, 161, 7, 133, 137, 174, 225, 203, 172, 245, 153, 221, 130, 95, 240, 48, 4, 195, 189, 225, 164, 246, 123, 142, 8, 23, 27, 255, 235, 250, 34, 12, 66, 23, 160, 7, 115, 14, 18, 76, 87, 183, 32, 11, 45, 201, 154, 214, 42, 189, 113, 159, 119, 116, 61, 185, 26, 209, 24, 146, 155, 95, 75, 146, 62, 85, 178, 248, 233, 59, 94, 146, 86, 241, 33, 150, 45, 111, 142, 88, 241, 192, 173, 111, 223, 27, 222, 164, 41, 6, 135, 245, 17, 173, 1, 216, 161, 133, 34, 30, 182, 162, 182, 182, 237, 215, 63, 54, 104, 208, 34, 164, 140, 72, 32, 115, 126, 35, 234, 220, 17, 83, 242, 57, 64, 58, 49, 110, 177, 19, 37, 148, 56, 23, 122, 79, 99, 251, 31, 63, 55, 95, 102, 214, 124, 240, 213, 80, 209, 232, 59, 129, 45, 17, 79, 140, 231, 136, 78, 138, 96, 42, 16, 30, 103, 56, 29, 233, 230, 192, 184, 65, 91, 248, 47, 185, 187, 168, 173, 247, 117, 182, 50, 230, 23, 83, 252, 107, 243, 182, 29, 144, 159, 187, 250, 67, 251, 248, 144, 52, 34, 234, 92, 244, 20, 68, 205, 45, 69, 99, 165, 33, 246, 217, 97, 57, 46, 59, 60, 116, 215, 137, 193, 147, 207, 249, 200, 96, 100, 216, 145, 139, 173, 28, 228, 185, 57, 209, 106, 136, 37, 7, 31, 138, 43, 98, 178, 81, 11, 25, 97, 164, 39, 205, 204, 212, 190, 95, 30, 171, 182, 242, 231, 133, 200, 78, 112, 117, 209, 130, 19, 232, 59, 61, 243, 111, 41, 90, 95, 153, 38, 117, 72, 61, 192, 119, 188, 148, 81, 137, 37, 64, 12, 207, 55, 146, 206, 162, 66, 248, 21, 9, 111, 190, 199, 137, 114, 212, 16, 204, 220, 51, 12, 123, 29, 82, 80, 175, 54, 50, 99, 186, 134, 239, 3, 104, 95, 187, 14, 216, 254, 136, 29, 66, 189, 165, 46, 170, 69, 28, 189, 166, 194, 143, 36, 160, 3, 251, 251, 124, 185, 187, 159, 59, 233, 203, 11, 82, 32, 144, 17, 136, 130, 176, 117, 94, 248, 91, 55, 116, 128, 165, 146, 252, 157, 56, 19, 67, 134, 182, 224, 169, 128, 57, 129, 31, 94, 81, 34, 14, 91, 214, 113, 83, 142, 102, 30, 45, 192, 59, 240, 30, 241, 194, 103, 67, 43, 25, 47, 34, 161, 91, 222, 213, 85, 97, 37, 123, 156, 118, 97, 104, 121, 45, 83, 117, 231, 177, 252, 161, 242, 204, 183, 54, 157, 183, 161, 195, 37, 66, 26, 3, 149, 174, 179, 13, 204, 6, 195, 197, 91, 250, 194, 103, 246, 57, 184, 24, 123, 39, 75, 209, 131, 96, 178, 150, 122, 41, 8, 8, 194, 12, 18, 53, 238, 233, 50, 205, 15, 116, 9, 224, 207, 6, 185, 124, 125, 75, 237, 29, 112, 58, 187, 222, 156, 73, 2, 181, 91, 14, 157, 126, 225, 51, 40, 40, 95, 207, 64, 204, 165, 58, 127, 98, 203, 116, 1, 93, 44, 91, 181, 3, 2, 225, 79, 210, 76, 158, 51, 188, 92, 23, 42, 234, 212, 5, 2, 180, 151, 20, 50, 181, 150, 2, 167, 221, 50, 90, 27, 72, 188, 20, 171, 130, 67, 36, 212, 47, 37, 207, 193, 84, 215, 138, 27, 233, 2, 4, 1, 173, 131, 196, 19, 69, 91, 128, 203, 160, 95, 129, 120, 164, 55, 161, 175, 172, 103, 181, 106, 7, 156, 227, 178, 40, 69, 110, 198, 185, 101, 39, 21, 161, 49, 190, 129, 162, 107, 211, 134, 29, 19, 144, 228, 32, 59, 135, 242, 124, 16, 234, 130, 119, 217, 112, 189, 236, 92, 231, 154, 234, 126, 204, 7, 242, 190, 27, 155, 97, 185, 89, 255, 224, 220, 137, 170, 64, 12, 245, 5, 101, 233, 81, 56, 149, 176, 31, 0, 163, 172, 83, 159, 16, 73, 189, 32, 135, 76, 24, 139, 128, 173, 165, 60, 102, 52, 192, 161, 156, 246, 215, 35, 225, 166, 20, 234, 44, 139, 153, 63, 39, 207, 3, 204, 99, 216, 191, 22, 132, 41, 172, 15, 36, 188, 137, 89, 24, 155, 239, 181, 88, 233, 119, 129, 104, 142, 229, 17, 6, 172, 80, 146, 132, 85, 181, 55, 124, 154, 203, 0, 123, 45, 119, 252, 187, 65, 130, 175, 36, 132, 35, 36, 201, 152, 105, 134, 102, 212, 25, 206, 10, 191, 5, 233, 37, 88, 160, 205, 179, 225, 135, 27, 155, 195, 210, 251, 67, 60, 175, 153, 70, 237, 193, 137, 108, 144, 161, 43, 56, 210, 148, 148, 181, 24, 76, 39, 173, 225, 152, 66, 249, 223, 34, 18, 6, 181, 165, 145, 205, 76, 168, 50, 183, 227, 135, 91, 46, 105, 210, 66, 45, 102, 96, 58, 246, 200, 172, 238, 102, 168, 213, 42, 92, 11, 119, 36, 109, 36, 42, 243, 127, 168, 183, 146, 135, 106, 145, 171, 9, 209, 65, 47, 226, 116, 111, 195, 17, 95, 49, 114, 181, 235, 105, 194, 19, 22, 212, 14, 7, 77, 78, 141, 27, 61, 39, 130, 223, 36, 204, 175, 131, 73, 159, 157, 139, 24, 9, 152, 184, 201, 58, 240, 112, 55, 141, 70, 135, 242, 168, 45, 13, 198, 34, 243, 86, 255, 158, 194, 68, 10, 151, 211, 252, 27, 231, 108, 217, 80, 166, 181, 7, 66, 199, 57, 185, 224, 96, 181, 165, 209, 222, 41, 194, 97, 142, 214, 117, 219, 181, 15, 46, 247, 151, 147, 210, 177, 189, 161, 201, 179, 244, 32, 77, 96, 43, 177, 62, 248, 53, 228, 168, 140, 27, 15, 233, 26, 184, 100, 13, 171, 248, 18, 11, 127, 125, 13, 105, 63, 0, 224, 150, 169, 23, 71, 112, 197, 118, 19, 47, 83, 185, 86, 221, 237, 145, 10, 35, 196, 205, 82, 243, 128, 177, 82, 155, 57, 124, 170, 148, 137, 101, 255, 5, 204, 24, 110, 134, 48, 181, 202, 205, 106, 126, 18, 24, 122, 37, 18, 16, 18, 108, 217, 0, 112, 235, 60, 207, 189, 237, 63, 85, 169, 150, 175, 98, 202, 167, 7, 21, 251, 241, 194, 191, 154, 126, 253, 232, 4, 53, 4, 167, 133, 163, 244, 245, 76, 220, 92, 33, 8, 17, 142, 130, 210, 131, 16, 254, 44, 119, 170, 231, 103, 224, 153, 40, 240, 173, 174, 92, 220, 168, 4, 151, 110, 177, 105, 247, 22, 42, 151, 111, 232, 206, 194, 56, 207, 238, 29, 41, 9, 147, 41, 103, 10, 233, 84, 215, 80, 236, 31, 179, 134, 21, 9, 129, 55, 201, 229, 175, 212, 162, 232, 153, 15, 213, 221, 77, 103, 253, 140, 241, 83, 3, 40, 162, 70, 70, 51, 173, 72, 207, 151, 18, 230, 87, 43, 234, 184, 71, 28, 154, 45, 61, 108, 171, 91, 207, 40, 207, 134, 170, 70, 134, 57, 14, 245, 227, 230, 235, 19, 6, 95, 58, 60, 57, 42, 182, 43, 40, 253, 52, 127, 109, 238, 209, 36, 235, 97, 148, 217, 196, 59, 124, 134, 234, 20, 119, 121, 1, 161, 131, 197, 51, 204, 85, 204, 76, 104, 219, 41, 195, 229, 160, 163, 164, 55, 3, 223, 26, 127, 253, 57, 236, 79, 72, 214, 62, 143, 196, 156, 87, 242, 42, 31, 38, 99, 235, 202, 181, 50, 23, 0, 32, 78, 45, 151, 180, 128, 125, 59, 165, 168, 9, 6, 49, 185, 177, 203, 122, 23, 147, 127, 34, 54, 28, 32, 243, 114, 167, 87, 164, 89, 236, 26, 87, 43, 220, 176, 224, 103, 18, 77, 233, 102, 241, 16, 173, 170, 17, 127, 115, 187, 211, 96, 211, 149, 75, 170, 222, 56, 247, 133, 63, 105, 152, 34, 87, 185, 160, 102, 179, 47, 204, 180, 98, 203, 195, 248, 115, 161, 2, 136, 211, 128, 155, 208, 186, 142, 52, 194, 16, 226, 118, 5, 240, 215, 179, 45, 117, 120, 226, 185, 69, 109, 37, 225, 88, 39, 31, 191, 153, 131, 191, 227, 194, 101, 242, 177, 228, 151, 87, 44, 54, 235, 72, 45, 232, 42, 209, 35, 177, 115, 222, 46, 87, 55, 236, 224, 180, 98, 15, 184, 214, 133, 134, 165, 97, 45, 89, 141, 54, 154, 126, 199, 109, 208, 230, 170, 113, 154, 247, 3, 126, 181, 62, 79, 201, 104, 105, 182, 207, 37, 76, 183, 57, 76, 187, 215, 118, 180, 145, 191, 212, 25, 33, 7, 248, 45, 11, 153, 176, 245, 113, 47, 73, 179, 173, 104, 102, 203, 179, 77, 149, 183, 83, 10, 172, 220, 196, 120, 68, 246, 56, 22, 108, 89, 51, 129, 76, 19, 194, 161, 200, 244, 232, 4, 37, 64, 184, 98, 177, 215, 235, 189, 95, 61, 240, 251, 87, 30, 5, 89, 32, 154, 41, 124, 93, 160, 14, 14, 175, 60, 128, 41, 231, 142, 68, 33, 221, 149, 75, 125, 130, 250, 65, 152, 176, 189, 95, 210, 114, 116, 55, 13, 116, 175, 176, 192, 192, 62, 206, 98, 64, 138, 160, 170, 1, 150, 17, 30, 65, 255, 46, 169, 84, 104, 58, 75, 136, 240, 221, 68, 232, 212, 10, 39, 29, 133, 40, 187, 21, 102, 11, 144, 191, 14, 26, 155, 20, 118, 168, 35, 131, 48, 59, 167, 155, 4, 157, 50, 175, 46, 77, 212, 46, 197, 15, 164, 157, 164, 38, 138, 190, 230, 9, 220, 202, 88, 110, 145, 201, 117, 54, 39, 250, 200, 146, 68, 242, 132, 167, 12, 3, 170, 141, 19, 202, 116, 198, 144, 90, 222, 64, 245, 224, 164, 57, 6, 220, 156, 131, 164, 190, 223, 35, 30, 8, 69, 29, 63, 92, 44, 43, 130, 145, 6, 69, 204, 164, 141, 33, 18, 130, 61, 214, 252, 103, 213, 197, 11, 84, 48, 220, 48, 31, 38, 245, 18, 183, 58, 194, 78, 28, 246, 227, 21, 178, 195, 52, 200, 165, 124, 71, 152, 134, 172, 105, 17, 164, 23, 72, 93, 230, 116, 15, 91, 97, 61, 132, 36, 33, 81, 38, 123, 66, 29, 81, 12, 183, 230, 130, 187, 34, 186, 124, 56, 1, 78, 211, 158, 169, 44, 186, 122, 97, 160, 65, 77, 223, 66, 200, 16, 136, 199, 61, 68, 6, 117, 78, 36, 104, 134, 152, 19, 112, 172, 18, 219, 41, 191, 121, 131, 38, 68, 245, 221, 180, 237, 184, 14, 240, 231, 48, 24, 89, 200, 146, 213, 192, 128, 72, 152, 155, 77, 119, 124, 178, 226, 183, 99, 115, 144, 88, 75, 114, 70, 217, 132, 178, 156, 53, 184, 120, 127, 10, 24, 84, 21, 54, 65, 38, 99, 24, 212, 50, 90, 94, 240, 170, 214, 23, 67, 90, 125, 2, 86, 39, 232, 242, 85, 101, 195, 67, 63, 61, 134, 75, 30, 37, 241, 101, 150, 6, 183, 226, 39, 4, 186, 55, 174, 90, 193, 23, 242, 12, 3, 1, 245, 202, 189, 103, 198, 126, 148, 96, 182, 87, 15, 248, 42, 63, 21, 204, 98, 144, 58, 14, 0, 221, 205, 202, 217, 37, 220, 172, 78, 134, 179, 250, 252, 248, 88, 156, 230, 41, 48, 195, 232, 23, 64, 130, 41, 156, 98, 16, 41, 225, 16, 239, 40, 155, 16, 90, 162, 50, 89, 102, 35, 198, 181, 209, 162, 20, 225, 140, 237, 24, 118, 245, 140, 40, 116, 8, 26, 253, 210, 93, 52, 127, 145, 52, 103, 116, 237, 144, 166, 122, 219, 41, 173, 96, 142, 140, 87, 168, 69, 246, 178, 6, 167, 205, 6, 242, 13, 201, 36, 245, 128, 117, 249, 110, 249, 93, 206, 38, 57, 250, 83, 173, 28, 20, 22, 239, 111, 100, 32, 254, 18, 179, 47, 78, 255, 205, 146, 15, 81, 167, 43, 178, 119, 233, 108, 109, 82, 212, 118, 166, 190, 79, 202, 88, 84, 30, 247, 215, 8, 61, 11, 36, 70, 77, 10, 88, 119, 35, 133, 92, 215, 241, 44, 174, 49, 31, 17, 148, 175, 132, 113, 136, 21, 42, 158, 183, 153, 24, 242, 127, 161, 189, 201, 87, 243, 202, 89, 106, 58, 238, 108, 53, 52, 218, 19, 204, 250, 234, 41, 108, 185, 137, 245, 205, 71, 146, 112, 96, 81, 119, 115, 136, 200, 236, 37, 60, 18, 124, 211, 39, 90, 160, 141, 143, 233, 197, 39, 189, 118, 37, 211, 37, 231, 127, 137, 191, 111, 37, 7, 216, 204, 100, 84, 133, 81, 173, 32, 140, 33, 195, 142, 17, 148, 216, 121, 94, 218, 75, 44, 154, 171, 222, 148, 236, 80, 123, 172, 133, 197, 164, 25, 52, 109, 64, 31, 255, 47, 78, 99, 7, 35, 29, 194, 101, 195, 16, 86, 187, 11, 236, 19, 223, 136, 45, 60, 155, 230, 141, 248, 26, 181, 142, 193, 143, 21, 63, 207, 97, 220, 56, 220, 134, 164, 59, 140, 152, 167, 13, 40, 235, 158, 144, 19, 54, 204, 206, 154, 212, 2, 80, 243, 206, 184, 65, 87, 8, 247, 2, 194, 173, 139, 241, 9, 137, 95, 173, 26, 7, 69, 28, 238, 150, 171, 191, 33, 192, 71, 97, 14, 241, 4, 186, 183, 236, 71, 206, 123, 111, 8, 106, 64, 68, 41, 121, 79, 183, 1, 75, 128, 29, 17, 184, 158, 252, 64, 208, 26, 170, 74, 111, 222, 89, 82, 211, 232, 222, 184, 154, 22, 239, 202, 61, 126, 226, 137, 11, 202, 202, 158, 133, 173, 219, 93, 52, 137, 202, 87, 160, 21, 255, 230, 245, 27, 216, 222, 68, 69, 139, 103, 157, 157, 30, 253, 99, 162, 163, 195, 170, 46, 163, 218, 123, 179, 58, 237, 246, 192, 233, 142, 245, 0, 184, 24, 24, 67, 1, 120, 105, 69, 30, 111, 46, 167, 12, 253, 70, 62, 81, 255, 157, 59, 254, 155, 79, 236, 125, 196, 210, 179, 177, 243, 236, 28, 134, 251, 38, 245, 106, 211, 136, 3, 44, 183, 46, 125, 163, 0, 216, 105, 177, 17, 246, 72, 253, 119, 92, 130, 113, 151, 100, 121, 206, 246, 211, 18, 95, 203, 197, 107, 179, 248, 125, 189, 234, 29, 82, 149, 143, 126, 123, 99, 2, 189, 138, 56, 228, 33, 41, 149, 101, 94, 17, 18, 167, 3, 27, 46, 34, 62, 136, 213, 192, 74, 145, 95, 63, 226, 30, 160, 242, 124, 74, 45, 72, 109, 136, 93, 15, 20, 143, 152, 145, 66, 83, 127, 32, 132, 28, 9, 218, 35, 161, 14, 71, 246, 184, 241, 140, 142, 2, 240, 132, 8, 64, 218, 11, 196, 239, 202, 249, 32, 153, 91, 65, 223, 28, 109, 45, 134, 75, 15, 63, 234, 66, 100, 36, 160, 186, 32, 109, 154, 195, 112, 115, 44, 64, 76, 81, 38, 187, 24, 10, 203, 112, 97, 228, 39, 184, 171, 32, 52, 244, 37, 153, 123, 28, 89, 53, 87, 43, 179, 29, 7, 248, 46, 69, 72, 107, 163, 23, 33, 235, 240, 56, 178, 195, 242, 57, 162, 191, 155, 161, 198, 137, 14, 122, 159, 240, 126, 221, 177, 147, 12, 188, 71, 132, 16, 14, 228, 139, 228, 2, 54, 17, 193, 208, 156, 169, 230, 2, 183, 185, 121, 37, 148, 244, 5, 66, 77, 73, 5, 250, 5, 107, 30, 86, 245, 174, 252, 134, 141, 129, 217, 88, 54, 77, 26, 37, 4, 114, 123, 77, 2, 11, 91, 236, 46, 21, 28, 2, 66, 6, 54, 60, 232, 20, 26, 181, 23, 123, 131, 58, 85, 113, 27, 139, 181, 206, 179, 124, 147, 6, 222, 192, 146, 121, 39, 151, 171, 95, 22, 17, 202, 229, 25, 102, 155, 81, 81, 86, 24, 230, 56, 212, 22, 231, 136, 58, 212, 194, 249, 240, 108, 29, 255, 175, 192, 67, 84, 209, 251, 148, 45, 66, 251, 167, 8, 95, 75, 0, 6, 251, 226, 211, 191, 176, 96, 60, 223, 78, 240, 17, 33, 125, 200, 105, 185, 178, 157, 160, 183, 212, 169, 210, 10, 138, 94, 174, 151, 146, 225, 118, 223, 14, 69, 80, 211, 39, 49, 48, 9, 140, 236, 42, 196, 26, 212, 58, 235, 136, 107, 79, 70, 74, 222, 24, 18, 201, 238, 237, 252, 103, 65, 43, 51, 32, 137, 254, 128, 41, 120, 66, 3, 161, 77, 108, 155, 139, 211, 13, 108, 0, 77, 1, 24, 167, 84, 29, 17, 152, 68, 119, 196, 33, 40, 205, 3, 168, 119, 13, 148, 6, 144, 60, 202, 31, 44, 52, 180, 38, 185, 160, 150, 246, 182, 91, 129, 244, 36, 208, 9, 126, 200, 186, 88, 111, 165, 208, 179, 29, 199, 46, 80, 129, 164, 121, 142, 41, 200, 203, 64, 13, 27, 34, 177, 49, 3, 200, 128, 24, 165, 4, 47, 228, 177, 129, 170, 14, 230, 253, 254, 166, 182, 217, 58, 95, 33, 149, 91, 46, 106, 53, 21, 238, 19, 166, 36, 25, 153, 204, 137, 182, 140, 142, 35, 179, 98, 98, 136, 143, 173, 147, 62, 213, 195, 252, 152, 227, 229, 100, 121, 45, 183, 249, 170, 55, 197, 95, 40, 182, 65, 9, 254, 41, 19, 71, 3, 120, 52, 66, 234, 163, 206, 65, 25, 159, 117, 160, 232, 165, 213, 175, 75, 12, 51, 181, 20, 91, 14, 209, 102, 23, 167, 243, 56, 42, 254, 41, 41, 74, 19, 78, 122, 88, 75, 160, 58, 58, 221, 104, 183, 224, 208, 117, 72, 175, 184, 118, 54, 50, 202, 46, 146, 80, 217, 93, 248, 98, 159, 166, 17, 220, 48, 172, 155, 51, 222, 196, 74, 5, 156, 209, 49, 33, 132, 138, 21, 205, 73, 59, 50, 224, 13, 101, 213, 130, 183, 110, 233, 68, 133, 189, 42, 55, 164, 216, 191, 212, 235, 243, 224, 148, 224, 1, 34, 32, 175, 80, 176, 117, 217, 125, 99, 173, 243, 16, 222, 215, 94, 89, 138, 231, 85, 38, 0, 68, 201, 208, 29, 240, 237, 169, 208, 145, 135, 235, 230, 86, 118, 247, 103, 57, 138, 84, 74, 79, 218, 91, 37, 200, 191, 44, 74, 178, 64, 70, 8, 227, 176, 219, 71, 141, 50, 244, 8, 59, 69, 194, 11, 246, 254, 91, 201, 244, 58, 220, 60, 205, 3, 187, 70, 255, 161, 95, 231, 36, 23, 33, 33, 20, 149, 25, 148, 141, 122, 200, 158, 72, 236, 13, 156, 148, 130, 235, 141, 61, 168, 139, 12, 211, 3, 152, 139, 69, 111, 114, 85, 63, 196, 199, 18, 187, 139, 222, 27, 186, 55, 25, 85, 143, 224, 112, 212, 52, 244, 132, 13, 150, 130, 29, 245, 87, 28, 35, 111, 250, 226, 245, 54, 107, 17, 201, 46, 35, 140, 181, 66, 245, 217, 220, 151, 107, 225, 236, 44, 92, 220, 252, 186, 132, 18, 166, 229, 196, 71, 203, 156, 249, 8, 105, 212, 254, 58, 219, 22, 136, 207, 91, 47, 252, 191, 200, 171, 53, 44, 161, 5, 51, 3, 164, 28, 87, 174, 140, 194, 168, 141, 128, 135, 106, 136, 206, 190, 108, 7, 8, 1, 160, 178, 199, 100, 106, 85, 70, 216, 130, 17, 107, 85, 167, 254, 40, 149, 188, 205, 233, 96, 39, 33, 200, 162, 72, 136, 90, 17, 174, 223, 95, 15, 94, 121, 137, 5, 132, 148, 35, 64, 235, 17, 93, 201, 192, 159, 251, 36, 227, 47, 2, 175, 222, 146, 8, 181, 70, 198, 226, 66, 215, 228, 98, 0, 62, 118, 158, 90, 16, 166, 194, 138, 5, 252, 186, 130, 103, 135, 211, 65, 51, 92, 42, 182, 201, 233, 146, 41, 245, 161, 167, 185, 0, 1, 164, 26, 174, 25, 37, 6, 8, 34, 62, 20, 197, 15, 231, 173, 221, 44, 224, 185, 153, 67, 131, 171, 81, 145, 88, 82, 149, 13, 108, 218, 102, 24, 237, 27, 253, 52, 178, 39, 147, 9, 18, 224, 179, 254, 99, 218, 18, 252, 31, 98, 235, 135, 135, 58, 56, 72, 139, 213, 119, 189, 15, 186, 10, 105, 165, 28, 121, 176, 92, 173, 81, 112, 209, 135, 34, 156, 114, 183, 39, 217, 53, 161, 115, 32, 188, 76, 54, 239, 129, 248, 17, 105, 152, 68, 210, 191, 175, 5, 254, 162, 51, 132, 33, 7, 17, 226, 164, 46, 108, 66, 147, 104, 31, 206, 15, 108, 205, 94, 54, 8, 58, 25, 75, 63, 182, 172, 79, 29, 176, 4, 228, 147, 59, 25, 120, 184, 103, 231, 209, 144, 101, 71, 47, 122, 102, 82, 60, 228, 32, 112, 245, 241, 188, 183, 205, 62, 186, 165, 134, 146, 130, 15, 244, 166, 123, 219, 114, 80, 146, 180, 197, 79, 42, 22, 113, 144, 30, 112, 19, 178, 23, 110, 60, 229, 20, 92, 177, 69, 172, 13, 211, 219, 139, 7, 146, 181, 132, 207, 120, 60, 126, 198, 219, 19, 42, 64, 123, 174, 12, 181, 226, 38, 234, 71, 228, 177, 0, 152, 37, 232, 104, 241, 25, 83, 172, 36, 145, 36, 62, 151, 231, 20, 227, 209, 97, 185, 58, 0, 239, 181, 112, 101, 70, 162, 239, 48, 103, 213, 246, 205, 208, 204, 63, 11, 0, 136, 202, 34, 135, 4, 28, 177, 151, 82, 121, 91, 76, 38, 132, 161, 94, 30, 205, 255, 140, 5, 204, 102, 19, 172, 122, 193, 17, 168, 121, 43, 249, 208, 84, 20, 47, 159, 28, 27, 79, 155, 30, 157, 61, 177, 245, 30, 182, 85, 111, 84, 170, 184, 10, 62, 0, 7, 70, 206, 75, 134, 114, 221, 240, 206, 247, 17, 68, 26, 92, 95, 221, 209, 75, 119, 17, 201, 84, 200, 39, 58, 47, 198, 245, 218, 77, 213, 101, 75, 254, 104, 173, 222, 160, 103, 16, 112, 188, 45, 108, 72, 119, 38, 175, 103, 241, 28, 130, 245, 226, 48, 177, 170, 116, 245, 81, 238, 71, 117, 163, 61, 96, 248, 252, 56, 146, 66, 194, 215, 49, 33, 81, 198, 159, 113, 125, 225, 166, 239, 26, 213, 83, 96, 58, 113, 125, 240, 70, 44, 154, 157, 73, 52, 4, 33, 224, 210, 75, 221, 18, 95, 253, 47, 224, 111, 55, 145, 238, 119, 54, 8, 5, 119, 206, 38, 105, 227, 187, 43, 13, 88, 111, 139, 41, 37, 92, 177, 178, 22, 137, 85, 17, 126, 32, 30, 157, 135, 55, 14, 11, 63, 25, 82, 228, 168, 123, 138, 185, 137, 52, 120, 65, 24, 66, 145, 193, 123, 63, 2, 203, 121, 249, 212, 243, 118, 255, 43, 189, 177, 240, 31, 1, 157, 247, 177, 178, 90, 229, 223, 0, 55, 21, 108, 230, 247, 194, 68, 120, 238, 209, 134, 239, 63, 208, 169, 154, 113, 186, 31, 197, 191, 65, 120, 61, 103, 208, 147, 158, 220, 131, 140, 254, 217, 253, 227, 11, 163, 201, 39, 13, 126, 23, 99, 4, 43, 169, 97, 77, 248, 228, 20, 168, 157, 54, 11, 39, 254, 127, 232, 150, 180, 41, 224, 63, 12, 161, 82, 60, 58, 73, 248, 0, 0, 75, 237, 222, 215, 236, 44, 206, 165, 76, 32, 58, 19, 160, 180, 64, 54, 236, 81, 51, 147, 16, 162, 159, 236, 249, 234, 21, 188, 32, 216, 49, 218, 207, 124, 119, 75, 238, 137, 13, 104, 224, 12, 184, 79, 164, 31, 230, 129, 182, 71, 31, 226, 7, 132, 186, 34, 184, 74, 71, 144, 67, 171, 220, 47, 13, 69, 18, 144, 75, 80, 123, 173, 125, 5, 81, 185, 68, 210, 170, 124, 95, 52, 131, 159, 127, 12, 143, 24, 198, 0, 244, 89, 140, 244, 209, 84, 65, 190, 239, 89, 73, 157, 189, 135, 29, 41, 21, 56, 101, 181, 251, 164, 144, 10, 169, 100, 252, 46, 94, 181, 140, 164, 162, 94, 195, 245, 183, 226, 103, 150, 62, 130, 141, 205, 232, 117, 48, 15, 187, 40, 182, 179, 148, 127, 195, 51, 230, 182, 201, 133, 184, 235, 241, 179, 185, 131, 150, 242, 103, 227, 5, 173, 89, 64, 253, 1, 218, 163, 19, 31, 221, 146, 59, 13, 186, 148, 88, 112, 110, 184, 152, 249, 111, 17, 209, 101, 72, 147, 201, 213, 98, 86, 37, 35, 59, 90, 125, 65, 105, 10, 200, 7, 91, 103, 129, 1, 90, 97, 135, 170, 55, 114, 62, 72, 169, 85, 91, 124, 255, 148, 132, 109, 189, 178, 241, 234, 127, 153, 65, 10, 235, 132, 165, 46, 202, 52, 239, 42, 97, 138, 77, 37, 179, 51, 17, 11, 191, 242, 34, 250, 220, 98, 246, 210, 116, 247, 5, 255, 95, 153, 39, 9, 131, 20, 62, 17, 186, 83, 160, 5, 16, 78, 228, 54, 34, 46, 221, 183, 164, 58, 130, 13, 185, 46, 197, 206, 59, 229, 99, 96, 133, 121, 199, 218, 212, 175, 240, 46, 157, 110, 38, 137, 214, 17, 27, 125, 124, 56, 89, 74, 110, 134, 46, 66, 5, 60, 84, 36, 21, 8, 129, 162, 51, 98, 58, 81, 243, 212, 23, 12, 201, 127, 12, 212, 32, 31, 12, 68, 20, 183, 119, 64, 235, 7, 212, 68, 184, 162, 132, 12, 132, 207, 106, 191, 248, 116, 247, 6, 129, 188, 185, 22, 159, 97, 182, 215, 241, 238, 35, 42, 134, 225, 224, 25, 235, 86, 145, 230, 182, 132, 43, 198, 148, 138, 238, 48, 163, 218, 230, 109, 191, 136, 182, 15, 53, 203, 252, 87, 20, 139, 116, 247, 33, 74, 58, 75, 76, 43, 132, 154, 66, 128, 25, 163, 147, 227, 221, 85, 121, 232, 247, 91, 239, 212, 65, 9, 156, 124, 11, 173, 80, 221, 104, 64, 217, 21, 72, 31, 114, 46, 17, 196, 178, 172, 86, 90, 16, 117, 60, 183, 188, 158, 255, 4, 58, 104, 0, 44, 84, 10, 156, 119, 83, 32, 162, 252, 6, 187, 81, 19, 158, 38, 153, 18, 234, 209, 81, 67, 74, 209, 4, 251, 63, 59, 50, 194, 211, 58, 128, 26, 140, 8, 15, 147, 6, 251, 121, 74, 31, 173, 82, 240, 0, 66, 245, 252, 211, 39, 115, 235, 225, 27, 103, 76, 121, 148, 53, 145, 42, 70, 113, 32, 129, 195, 235, 29, 137, 10, 201, 165, 0, 236, 155, 253, 69, 5, 153, 220, 149, 146, 180, 244, 33, 68, 38, 242, 155, 123, 79, 5, 13, 20, 125, 1, 51, 81, 48, 16, 87, 196, 129, 154, 52, 143, 219, 179, 119, 101, 68, 176, 102, 134, 9, 118, 217, 81, 69, 141, 72, 183, 52, 125, 153, 180, 83, 43, 228, 171, 142, 209, 45, 103, 146, 109, 209, 201, 242, 188, 3, 185, 230, 203, 168, 81, 112, 228, 7, 228, 133, 90, 87, 40, 47, 25, 125, 116, 152, 26, 65, 46, 27, 85, 120, 13, 113, 168, 6, 36, 162, 19, 131, 103, 143, 159, 201, 9, 56, 228, 168, 179, 78, 67, 19, 25, 100, 160, 3, 40, 197, 8, 50, 176, 140, 70, 99, 43, 28, 13, 143, 95, 132, 49, 254, 3, 178, 78, 76, 170, 206, 151, 53, 20, 57, 202, 231, 153, 133, 55, 57, 94, 120, 18, 169, 94, 251, 97, 41, 215, 44, 191, 8, 67, 112, 215, 54, 33, 36, 239, 143, 61, 51, 224, 107, 9, 113, 36, 14, 44, 129, 5, 239, 240, 99, 27, 188, 168, 10, 64, 128, 45, 171, 146, 114, 97, 72, 108, 121, 165, 79, 122, 53, 101, 216, 156, 103, 206, 250, 117, 182, 178, 30, 46, 28, 80, 149, 11, 89, 54, 180, 7, 150, 96, 64, 146, 154, 37, 63, 150, 21, 3, 54, 3, 73, 96, 188, 215, 47, 20, 34, 168, 159, 108, 68, 18, 62, 75, 30, 28, 90, 112, 21, 134, 90, 44, 204, 251, 181, 147, 123, 245, 216, 54, 141, 61, 197, 158, 232, 188, 31, 222, 68, 105, 224, 246, 172, 109, 127, 118, 239, 19, 231, 230, 63, 102, 234, 221, 120, 18, 119, 83, 190, 195, 116, 48, 219, 217, 24, 64, 22, 34, 17, 105, 240, 14, 98, 217, 163, 144, 79, 41, 30, 38, 144, 39, 133, 223, 106, 157, 180, 52, 242, 193, 243, 184, 65, 220, 4, 28, 119, 123, 161, 73, 243, 175, 26, 36, 120, 206, 57, 238, 181, 179, 151, 33, 144, 211, 70, 186, 213, 124, 171, 141, 56, 219, 7, 249, 247, 152, 118, 1, 38, 32, 8, 206, 212, 102, 71, 178, 167, 188, 200, 161, 154, 40, 7, 13, 253, 237, 226, 255, 126, 69, 41, 60, 249, 66, 53, 245, 138, 179, 119, 119, 140, 227, 17, 122, 79, 197, 246, 199, 242, 166, 236, 85, 108, 198, 20, 7, 223, 98, 151, 237, 225, 196, 138, 168, 11, 181, 71, 88, 110, 121, 186, 109, 239, 120, 52, 22, 4, 111, 249, 4, 200, 242, 250, 254, 164, 118, 102, 5, 236, 148, 225, 160, 63, 173, 30, 187, 129, 9, 117, 59, 68, 153, 212, 52, 158, 131, 43, 129, 95, 13, 230, 117, 225, 187, 183, 52, 229, 246, 185, 16, 73, 214, 35, 67, 61, 26, 191, 133, 222, 208, 171, 76, 212, 103, 79, 216, 177, 209, 104, 84, 92, 101, 66, 184, 55, 214, 184, 24, 179, 193, 147, 46, 216, 38, 98, 255, 10, 175, 16, 125, 206, 204, 28, 104, 181, 246, 194, 139, 157, 201, 233, 236, 128, 28, 143, 51, 145, 42, 143, 166, 79, 49, 174, 23, 57, 204, 91, 213, 252, 235, 166, 85, 209, 69, 11, 177, 142, 191, 174, 238, 100, 254, 63, 159, 173, 134, 201, 219, 151, 194, 17, 180, 6, 72, 203, 39, 3, 94, 178, 223, 187, 227, 145, 12, 113, 66, 116, 98, 215, 143, 81, 57, 169, 119, 83, 43, 72, 103, 71, 98, 209, 89, 77, 48, 210, 94, 210, 45, 239, 34, 76, 120, 203, 172, 253, 138, 217, 4, 224, 65, 115, 136, 12, 217, 104, 14, 96, 128, 68, 156, 148, 137, 85, 106, 229, 142, 35, 34, 19, 29, 178, 1, 146, 227, 165, 49, 113, 22, 169, 138, 103, 232, 125, 61, 160, 17, 79, 196, 224, 168, 112, 148, 221, 95, 3, 5, 234, 95, 24, 77, 101, 9, 210, 121, 190, 237, 227, 73, 97, 94, 129, 1, 36, 71, 13, 8, 58, 94, 48, 206, 181, 122, 145, 139, 121, 141, 68, 70, 49, 87, 23, 54, 125, 43, 18, 111, 203, 234, 22, 49, 13, 254, 171, 198, 249, 124, 190, 213, 255, 133, 60, 141, 173, 233, 109, 174, 216, 75, 78, 247, 32, 21, 113, 121, 231, 34, 169, 253, 16, 187, 29, 165, 82, 245, 206, 247, 205, 235, 73, 0, 167, 235, 216, 93, 81, 97, 222, 158, 130, 49, 1, 179, 92, 7, 56, 191, 160, 18, 115, 69, 142, 191, 131, 34, 78, 191, 80, 151, 90, 62, 8, 149, 32, 12, 89, 56, 101, 163, 181, 165, 84, 75, 223, 219, 149, 25, 30, 4, 157, 38, 71, 11, 56, 19, 170, 180, 215, 105, 191, 249, 112, 176, 75, 147, 243, 63, 157, 120, 119, 169, 1, 42, 25, 198, 12, 60, 49, 24, 201, 78, 112, 45, 0, 224, 253, 191, 6, 111, 226, 167, 82, 89, 76, 247, 80, 43, 134, 153, 223, 142, 168, 219, 146, 198, 233, 230, 120, 213, 250, 120, 102, 73, 206, 28, 222, 151, 222, 139, 28, 132, 211, 1, 174, 165, 219, 191, 147, 217, 78, 219, 236, 172, 235, 226, 247, 124, 237, 165, 64, 197, 121, 26, 39, 194, 181, 22, 133, 1, 139, 128, 55, 40, 182, 90, 209, 89, 53, 56, 30, 118, 249, 252, 42, 102, 39, 85, 250, 166, 241, 246, 180, 97, 38, 99, 238, 221, 17, 25, 6, 101, 30, 236, 73, 92, 172, 202, 146, 70, 221, 35, 246, 6, 20, 211, 160, 141, 168, 96, 200, 217, 226, 246, 168, 63, 203, 54, 218, 41, 5, 20, 162, 97, 96, 241, 181, 222, 76, 189, 38, 86, 51, 118, 60, 47, 191, 132, 123, 182, 118, 104, 2, 168, 71, 159, 47, 152, 139, 61, 64, 125, 226, 30, 181, 151, 161, 28, 49, 240, 0, 161, 92, 135, 50, 169, 184, 44, 164, 155, 52, 249, 22, 239, 87, 60, 72, 45, 234, 223, 203, 144, 88, 55, 102, 30, 83, 156, 171, 135, 179, 8, 103, 85, 131, 123, 150, 108, 245, 98, 134, 23, 64, 241, 27, 76, 255, 8, 97, 235, 56, 82, 248, 232, 195, 136, 179, 21, 98, 30, 46, 247, 47, 213, 20, 187, 127, 101, 146, 73, 10, 128, 98, 208, 184, 99, 126, 102, 219, 215, 233, 113, 242, 154, 240, 107, 147, 215, 16, 1, 51, 220, 209, 100, 43, 83, 96, 89, 96, 9, 203, 224, 138, 25, 12, 161, 42, 85, 152, 71, 150, 77, 181, 55, 200, 164, 79, 218, 52, 21, 49, 1, 20, 112, 207, 194, 218, 75, 186, 122, 42, 152, 106, 189, 199, 165, 107, 38, 184, 233, 217, 153, 36, 232, 248, 164, 254, 80, 193, 14, 215, 196, 232, 6, 217, 68, 178, 136, 219, 17, 171, 237, 156, 70, 74, 137, 98, 171, 36, 183, 170, 52, 214, 186, 126, 122, 95, 253, 33, 109, 228, 222, 240, 134, 13, 2, 255, 137, 151, 199, 50, 89, 96, 222, 17, 147, 98, 89, 230, 179, 141, 157, 106, 54, 53, 178, 14, 25, 154, 89, 79, 248, 15, 102, 166, 96, 218, 41, 166, 206, 122, 188, 4, 193, 80, 87, 73, 124, 251, 215, 86, 172, 105, 51, 237, 115, 111, 223, 26, 37, 102, 149, 73, 99, 169, 236, 226, 168, 142, 28, 189, 204, 15, 3, 163, 155, 65, 204, 233, 214, 53, 246, 40, 8, 28, 153, 1, 146, 158, 160, 117, 254, 238, 221, 29, 241, 44, 159, 110, 248, 251, 41, 11, 122, 84, 242, 245, 177, 242, 163, 89, 91, 31, 7, 96, 44, 66, 65, 90, 254, 245, 93, 232, 5, 157, 182, 255, 157, 94, 112, 32, 8, 249, 45, 153, 155, 5, 32, 87, 182, 17, 232, 205, 88, 161, 189, 208, 77, 221, 207, 195, 170, 94, 253, 232, 170, 170, 135, 136, 119, 87, 252, 164, 170, 217, 42, 220, 200, 80, 37, 35, 179, 98, 34, 173, 176, 82, 27, 48, 215, 34, 192, 36, 119, 234, 32, 131, 226, 77, 132, 188, 237, 43, 49, 173, 163, 244, 39, 154, 221, 159, 249, 208, 114, 5, 176, 51, 54, 110, 162, 24, 79, 20, 54, 1, 90, 120, 125, 124, 62, 15, 163, 161, 55, 120, 141, 207, 124, 172, 33, 221, 153, 186, 147, 116, 161, 223, 73, 119, 200, 112, 112, 54, 124, 249, 11, 140, 217, 22, 250, 5, 98, 248, 202, 26, 49, 145, 240, 207, 250, 141, 48, 33, 3, 38, 125, 51, 109, 200, 237, 142, 79, 171, 45, 253, 58, 14, 58, 168, 14, 39, 32, 248, 245, 114, 180, 27, 25, 162, 219, 130, 107, 205, 47, 248, 179, 124, 11, 237, 89, 101, 47, 36, 96, 181, 102, 2, 182, 150, 112, 239, 36, 16, 80, 4, 77, 207, 59, 8, 161, 78, 186, 45, 67, 194, 11, 233, 178, 67, 181, 75, 87, 24, 53, 221, 83, 46, 75, 71, 118, 162, 190, 169, 36, 212, 168, 168, 54, 66, 231, 161, 110, 137, 99, 14, 216, 148, 2, 119, 228, 10, 104, 236, 64, 75, 69, 12, 20, 27, 181, 208, 64, 208, 213, 10, 240, 189, 220, 171, 14, 217, 113, 34, 112, 29, 88, 39, 0, 104, 4, 207, 38, 84, 198, 22, 24, 251, 168, 78, 17, 21, 98, 202, 210, 68, 173, 223, 203, 98, 58, 20, 107, 200, 26, 110, 85, 35, 207, 149, 183, 49, 15, 76, 235, 166, 200, 94, 194, 223, 186, 203, 157, 98, 146, 90, 56, 216, 240, 154, 235, 82, 238, 137, 36, 223, 47, 219, 208, 248, 153, 125, 207, 209, 7, 171, 143, 173, 193, 177, 237, 87, 6, 96, 66, 211, 56, 161, 185, 231, 157, 152, 160, 46, 141, 33, 3, 93, 32, 74, 51, 255, 25, 180, 233, 73, 8, 116, 38, 127, 182, 59, 87, 182, 125, 201, 229, 169, 27, 79, 193, 212, 117, 102, 140, 236, 248, 247, 26, 163, 111, 41, 108, 202, 14, 31, 222, 85, 47, 239, 152, 210, 43, 155, 188, 116, 200, 75, 235, 224, 201, 199, 9, 160, 190, 179, 85, 144, 41, 12, 179, 52, 164, 11, 37, 201, 15, 148, 17, 210, 46, 11, 77, 30, 118, 170, 229, 22, 151, 245, 61, 41, 60, 125, 241, 123, 98, 156, 47, 78, 208, 91, 210, 77, 113, 132, 207, 145, 174, 50, 105, 129, 16, 185, 99, 102, 179, 129, 192, 208, 141, 244, 50, 101, 147, 44, 69, 127, 84, 112, 46, 246, 226, 213, 213, 20, 232, 164, 219, 245, 21, 94, 101, 90, 12, 188, 152, 190, 68, 175, 187, 201, 122, 214, 237, 64, 64, 155, 131, 20, 37, 46, 34, 127, 224, 174, 70, 195, 98, 23, 38, 90, 140, 120, 52, 173, 15, 150, 57, 128, 109, 61, 254, 215, 106, 76, 130, 34, 19, 214, 181, 253, 168, 29, 40, 238, 196, 225, 164, 89, 96, 95, 116, 234, 182, 104, 27, 178, 27, 38, 101, 232, 172, 161, 237, 118, 210, 159, 144, 154, 10, 18, 57, 147, 177, 27, 241, 113, 207, 201, 97, 212, 141, 149, 25, 207, 87, 226, 151, 189, 30, 12, 160, 249, 205, 70, 38, 172, 236, 202, 48, 236, 206, 178, 218, 27, 108, 152, 182, 158, 174, 136, 252, 250, 177, 73, 208, 81, 186, 20, 152, 79, 38, 79, 231, 211, 4, 241, 139, 196, 72, 197, 218, 205, 116, 94, 225, 96, 81, 244, 79, 74, 125, 252, 137, 40, 108, 51, 194, 242, 43, 106, 18, 158, 25, 152, 154, 34, 146, 11, 244, 255, 164, 218, 203, 67, 156, 211, 123, 83, 0, 168, 5, 74, 2, 193, 17, 183, 39, 98, 85, 116, 5, 92, 110, 31, 17, 61, 27, 139, 124, 206, 80, 132, 23, 114, 192, 33, 66, 146, 166, 234, 12, 122, 217, 16, 134, 36, 57, 213, 206, 177, 30, 247, 10, 19, 99, 236, 27, 131, 238, 251, 161, 25, 160, 17, 11, 25, 89, 190, 190, 45, 36, 194, 115, 251, 176, 157, 211, 139, 13, 71, 65, 207, 93, 247, 42, 39, 243, 45, 23, 214, 178, 85, 108, 215, 240, 173, 23, 90, 69, 117, 85, 254, 188, 214, 92, 181, 174, 254, 222, 14, 94, 123, 48, 221, 75, 103, 108, 32, 172, 0, 10, 86, 228, 73, 197, 220, 139, 172, 69, 179, 246, 50, 171, 99, 189, 66, 229, 233, 76, 172, 214, 23, 178, 251, 107, 71, 2, 117, 166, 164, 182, 22, 37, 222, 225, 91, 92, 182, 129, 93, 57, 221, 39, 206, 228, 185, 99, 74, 109, 18, 3, 31, 200, 133, 199, 222, 236, 237, 86, 25, 131, 112, 59, 210, 43, 131, 104, 247, 15, 211, 124, 154, 178, 27, 238, 199, 41, 76, 212, 212, 121, 19, 32, 149, 217, 192, 255, 141, 206, 6, 21, 9, 24, 172, 79, 162, 31, 181, 129, 42, 134, 180, 20, 11, 40, 33, 153, 10, 45, 44, 98, 105, 199, 72, 86, 84, 118, 74, 213, 16, 209, 166, 125, 75, 122, 231, 153, 106, 6, 145, 194, 40, 15, 163, 177, 135, 233, 175, 103, 113, 75, 12, 65, 28, 24, 79, 177, 212, 16, 78, 200, 208, 245, 33, 19, 239, 235, 175, 36, 157, 21, 76, 34, 0, 1, 231, 144, 144, 95, 152, 196, 58, 30, 91, 155, 140, 229, 222, 169, 205, 104, 3, 31, 203, 118, 147, 5, 232, 236, 145, 68, 196, 6, 109, 13, 148, 79, 200, 26, 87, 237, 163, 24, 74, 234, 168, 243, 198, 112, 98, 53, 223, 70, 28, 122, 33, 55, 169, 168, 117, 193, 236, 252, 104, 38, 63, 209, 255, 156, 149, 164, 242, 188, 47, 199, 36, 44, 45, 123, 158, 5, 219, 227, 60, 154, 188, 222, 213, 3, 61, 93, 46, 139, 148, 228, 233, 30, 219, 71, 30, 185, 108, 7, 209, 214, 210, 190, 92, 90, 208, 230, 124, 116, 132, 145, 64, 249, 2, 225, 205, 116, 80, 101, 237, 218, 121, 2, 10, 20, 4, 217, 78, 121, 247, 61, 232, 138, 254, 174, 33, 156, 62, 209, 50, 225, 133, 251, 103, 159, 203, 9, 171, 227, 166, 42, 163, 244, 240, 149, 69, 34, 235, 36, 159, 122, 184, 51, 80, 236, 99, 14, 139, 59, 113, 74, 192, 65, 163, 59, 52, 65, 207, 146, 169, 18, 100, 31, 174, 38, 110, 42, 107, 26, 189, 135, 135, 12, 71, 37, 189, 163, 47, 116, 158, 51, 128, 245, 143, 108, 197, 88, 247, 237, 7, 49, 204, 31, 81, 129, 121, 161, 180, 132, 108, 33, 9, 59, 177, 21, 220, 130, 173, 15, 76, 74, 16, 19, 112, 85, 229, 231, 83, 169, 248, 202, 247, 239, 192, 238, 97, 139, 225, 63, 127, 166, 110, 15, 103, 220, 130, 34, 201, 137, 40, 151, 24, 254, 49, 105, 86, 222, 232, 75, 163, 212, 67, 246, 156, 105, 12, 98, 115, 35, 219, 11, 52, 45, 139, 42, 144, 114, 216, 196, 105, 34, 130, 202, 87, 21, 99, 86, 120, 219, 130, 42, 237, 181, 22, 115, 53, 80, 119, 0, 218, 56, 60, 178, 223, 184, 7, 36, 114, 7, 71, 117, 67, 126, 42, 173, 238, 196, 100, 74, 91, 210, 23, 195, 68, 19, 44, 113, 151, 181, 42, 204, 230, 173, 188, 237, 215, 238, 34, 12, 54, 61, 255, 242, 167, 140, 148, 87, 118, 161, 57, 162, 72, 238, 236, 191, 7, 48, 177, 150, 255, 224, 120, 172, 235, 139, 122, 39, 80, 25, 47, 19, 72, 210, 173, 188, 68, 160, 183, 4, 201, 248, 156, 243, 202, 133, 128, 126, 239, 79, 129, 69, 77, 51, 168, 175, 139, 226, 173, 163, 248, 12, 207, 23, 239, 106, 73, 106, 112, 232, 198, 183, 213, 216, 42, 171, 247, 19, 199, 247, 212, 175, 202, 106, 250, 54, 177, 125, 8, 155, 113, 113, 119, 20, 82, 15, 16, 137, 162, 126, 227, 91, 127, 61, 127, 160, 172, 117, 95, 235, 68, 30, 103, 60, 139, 236, 41, 176, 149, 177, 57, 91, 121, 101, 241, 111, 109, 5, 63, 200, 86, 42, 107, 31, 193, 209, 74, 100, 70, 219, 106, 14, 224, 158, 3, 206, 110, 104, 142, 70, 214, 57, 68, 228, 35, 42, 224, 36, 39, 34, 116, 35, 24, 114, 14, 100, 37, 162, 192, 117, 169, 191, 63, 50, 206, 225, 125, 180, 239, 80, 45, 59, 60, 245, 98, 44, 30, 188, 205, 58, 185, 40, 144, 232, 50, 85, 30, 50, 4, 101, 239, 136, 36, 166, 111, 52, 58, 122, 211, 97, 233, 70, 164, 149, 109, 36, 78, 7, 247, 136, 92, 130, 4, 41, 67, 105, 60, 20, 196, 15, 101, 131, 208, 125, 112, 13, 125, 32, 114, 227, 134, 52, 26, 247, 4, 207, 160, 191, 208, 156, 112, 11, 233, 60, 118, 46, 170, 106, 138, 200, 187, 127, 117, 19, 26, 81, 73, 184, 20, 29, 46, 217, 88, 136, 176, 59, 100, 28, 197, 14, 187, 55, 7, 194, 141, 187, 32, 11, 128, 242, 250, 123, 222, 165, 86, 73, 177, 122, 205, 169, 20, 70, 37, 209, 61, 187, 246, 102, 209, 44, 73, 231, 128, 20, 79, 229, 54, 50, 227, 13, 18, 28, 32, 69, 141, 194, 228, 196, 139, 178, 7, 79, 229, 147, 171, 179, 64, 151, 75, 252, 34, 207, 223, 182, 222, 193, 221, 178, 77, 241, 29, 18, 79, 237, 71, 254, 96, 222, 242, 193, 133, 76, 159, 191, 38, 191, 112, 124, 242, 251, 148, 125, 174, 235, 228, 67, 39, 49, 168, 176, 237, 69, 197, 29, 205, 173, 89, 166, 223, 103, 200, 23, 141, 228, 206, 46, 168, 137, 116, 225, 19, 209, 160, 64, 89, 233, 28, 235, 83, 60, 50, 123, 201, 153, 53, 41, 167, 144, 216, 228, 53, 11, 177, 243, 0, 138, 110, 31, 118, 159, 0, 50, 27, 31, 72, 144, 132, 40, 99, 242, 20, 162, 73, 233, 75, 154, 233, 38, 240, 226, 167, 45, 56, 244, 152, 92, 136, 221, 213, 193, 84, 221, 177, 160, 71, 95, 166, 220, 123, 123, 77, 5, 128, 75, 200, 4, 113, 42, 238, 35, 151, 120, 0, 165, 168, 57, 5, 57, 49, 141, 90, 197, 4, 161, 77, 161, 149, 105, 151, 204, 35, 224, 153, 207, 114, 148, 70, 159, 252, 236, 81, 14, 172, 111, 39, 131, 200, 9, 252, 229, 86, 243, 198, 246, 9, 183, 31, 168, 79, 166, 199, 82, 20, 160, 211, 155, 49, 226, 37, 136, 158, 175, 135, 17, 81, 170, 141, 218, 111, 203, 252, 71, 166, 27, 135, 248, 36, 154, 236, 110, 247, 108, 90, 47, 204, 172, 56, 133, 121, 40, 17, 7, 232, 11, 103, 45, 202, 115, 209, 235, 156, 1, 48, 122, 156, 127, 211, 100, 196, 235, 127, 183, 239, 155, 28, 146, 108, 114, 152, 189, 253, 89, 152, 242, 1, 185, 243, 7, 223, 51, 94, 135, 242, 141, 205, 6, 165, 191, 170, 60, 46, 46, 218, 218, 185, 148, 215, 76, 65, 27, 204, 254, 192, 151, 215, 119, 149, 74, 35, 4, 182, 204, 19, 243, 212, 38, 61, 139, 66, 72, 168, 90, 187, 87, 185, 4, 113, 168, 181, 85, 81, 42, 18, 125, 127, 207, 74, 255, 31, 76, 168, 24, 253, 174, 74, 249, 57, 76, 135, 29, 141, 160, 157, 133, 197, 202, 8, 40, 73, 56, 7, 71, 152, 13, 235, 4, 204, 196, 212, 107, 6, 46, 221, 31, 154, 120, 148, 175, 183, 140, 76, 27, 56, 90, 39, 26, 112, 99, 84, 144, 60, 245, 248, 202, 44, 104, 31, 248, 103, 213, 66, 113, 23, 69, 4, 42, 61, 192, 206, 5, 46, 161, 219, 39, 78, 44, 236, 37, 74, 159, 25, 90, 143, 108, 120, 249, 159, 120, 153, 4, 122, 40, 179, 252, 54, 176, 195, 5, 242, 150, 151, 5, 174, 196, 120, 201, 116, 222, 68, 58, 116, 44, 179, 225, 217, 164, 86, 178, 53, 240, 167, 42, 5, 165, 53, 141, 13, 109, 146, 6, 38, 6, 5, 207, 92, 182, 81, 2, 121, 132, 125, 81, 117, 26, 251, 189, 29, 96, 50, 64, 27, 143, 50, 108, 244, 245, 153, 139, 169, 164, 61, 40, 220, 169, 227, 119, 204, 118, 30, 233, 151, 13, 103, 183, 15, 18, 104, 95, 82, 22, 141, 115, 169, 133, 225, 194, 18, 144, 5, 156, 115, 83, 169, 25, 124, 32, 146, 240, 102, 70, 176, 144, 183, 30, 18, 132, 241, 165, 173, 0, 29, 125, 252, 237, 211, 162, 142, 239, 64, 148, 250, 124, 39, 84, 131, 14, 202, 155, 106, 86, 172, 220, 128, 162, 231, 9, 252, 192, 245, 52, 201, 133, 90, 1, 101, 159, 195, 47, 103, 3, 47, 246, 120, 129, 39, 46, 43, 48, 19, 80, 112, 28, 180, 22, 152, 23, 148, 53, 244, 250, 212, 5, 68, 236, 37, 205, 136, 61, 53, 137, 218, 119, 11, 130, 254, 11, 38, 241, 198, 23, 159, 172, 141, 15, 136, 220, 20, 122, 65, 81, 24, 192, 196, 36, 109, 24, 48, 0, 2, 218, 172, 33, 252, 138, 174, 125, 155, 168, 152, 69, 10, 26, 234, 152, 3, 153, 112, 64, 205, 230, 239, 216, 60, 129, 41, 189, 197, 58, 38, 119, 84, 221, 11, 228, 42, 167, 194, 48, 46, 125, 251, 139, 63, 33, 226, 159, 139, 54, 0, 137, 132, 68, 246, 83, 198, 218, 217, 199, 250, 210, 37, 79, 71, 166, 69, 157, 235, 189, 26, 132, 235, 136, 145, 80, 215, 31, 135, 29, 107, 109, 74, 127, 190, 24, 155, 75, 27, 244, 205, 56, 151, 83, 184, 213, 61, 72, 41, 34, 6, 66, 31, 202, 22, 37, 134, 163, 245, 30, 84, 12, 122, 196, 189, 175, 53, 44, 225, 147, 97, 200, 67, 151, 227, 141, 203, 12, 29, 202, 53, 178, 232, 103, 239, 10, 112, 252, 34, 226, 229, 47, 87, 156, 156, 108, 116, 57, 146, 60, 155, 9, 253, 57, 197, 16, 84, 48, 226, 119, 70, 131, 134, 24, 22, 200, 33, 57, 5, 86, 8, 39, 151, 14, 175, 235, 152, 234, 48, 71, 150, 71, 157, 81, 16, 122, 185, 196, 36, 96, 43, 48, 202, 235, 8, 100, 185, 41, 102, 114, 139, 123, 131, 199, 194, 48, 75, 0, 100, 49, 247, 59, 58, 118, 125, 100, 121, 8, 192, 60, 231, 57, 11, 125, 105, 106, 109, 247, 207, 250, 215, 2, 46, 51, 136, 95, 219, 33, 140, 3, 215, 202, 162, 132, 61, 62, 2, 254, 233, 104, 247, 148, 73, 39, 190, 242, 193, 213, 230, 141, 111, 238, 242, 187, 146, 219, 86, 31, 182, 27, 1, 184, 246, 205, 140, 83, 182, 111, 165, 236, 119, 25, 239, 172, 15, 189, 79, 191, 250, 146, 129, 97, 190, 171, 159, 247, 91, 211, 241, 82, 159, 12, 103, 104, 37, 215, 117, 182, 141, 191, 160, 140, 58, 148, 153, 74, 92, 211, 158, 202, 242, 53, 215, 124, 186, 251, 186, 2, 60, 79, 122, 152, 24, 24, 62, 234, 116, 95, 244, 83, 173, 13, 34, 0, 107, 115, 121, 145, 193, 3, 241, 127, 50, 181, 82, 170, 73, 160, 76, 111, 68, 19, 104, 5, 25, 34, 178, 26, 205, 241, 147, 186, 127, 80, 59, 49, 96, 162, 194, 216, 216, 230, 222, 84, 186, 133, 147, 128, 82, 104, 88, 44, 254, 45, 97, 203, 184, 39, 130, 43, 134, 65, 5, 137, 152, 215, 59, 89, 103, 136, 205, 145, 77, 210, 201, 179, 211, 47, 149, 96, 34, 72, 144, 89, 239, 92, 220, 226, 224, 32, 104, 229, 27, 77, 235, 86, 56, 151, 55, 217, 203, 102, 131, 124, 228, 201, 242, 125, 167, 212, 193, 223, 68, 23, 11, 109, 120, 38, 182, 214, 158, 10, 29, 213, 77, 58, 205, 235, 247, 133, 135, 71, 109, 240, 37, 92, 85, 55, 177, 242, 95, 44, 253, 246, 66, 61, 74, 220, 181, 113, 174, 82, 123, 24, 106, 208, 78, 176, 212, 3, 24, 170, 142, 33, 233, 190, 146, 108, 244, 197, 88, 70, 117, 169, 84, 80, 22, 199, 210, 68, 138, 108, 15, 224, 253, 27, 217, 119, 141, 45, 11, 246, 212, 191, 177, 213, 48, 10, 156, 77, 91, 112, 152, 84, 198, 58, 77, 180, 143, 45, 171, 235, 230, 56, 98, 109, 114, 46, 94, 122, 212, 190, 224, 226, 57, 47, 43, 75, 128, 76, 134, 226, 206, 68, 91, 2, 94, 107, 131, 238, 25, 63, 151, 52, 111, 113, 135, 46, 38, 14, 154, 203, 70, 158, 107, 63, 55, 136, 36, 12, 248, 114, 72, 194, 117, 190, 114, 220, 32, 81, 79, 237, 18, 165, 255, 86, 119, 255, 63, 29, 67, 43, 40, 142, 180, 205, 16, 98, 173, 95, 110, 129, 153, 11, 126, 161, 221, 200, 130, 59, 47, 232, 40, 43, 153, 69, 142, 2, 237, 202, 161, 248, 201, 42, 10, 73, 108, 151, 87, 234, 2, 31, 183, 69, 248, 208, 107, 244, 243, 108, 177, 21, 109, 94, 123, 158, 241, 255, 198, 4, 58, 122, 100, 159, 135, 10, 71, 246, 16, 254, 141, 232, 204, 171, 183, 152, 15, 25, 26, 118, 170, 127, 47, 10, 87, 136, 30, 251, 144, 22, 148, 40, 224, 243, 27, 43, 175, 27, 239, 191, 154, 26, 177, 218, 178, 54, 86, 16, 98, 69, 51, 251, 34, 202, 147, 103, 199, 122, 28, 249, 36, 4, 243, 97, 196, 183, 150, 165, 187, 16, 176, 63, 44, 55, 52, 108, 225, 207, 139, 150, 234, 171, 203, 78, 120, 178, 37, 189, 224, 73, 193, 0, 65, 115, 31, 144, 119, 245, 179, 191, 205, 32, 252, 0, 50, 176, 43, 98, 252, 225, 233, 132, 98, 197, 254, 6, 192, 147, 19, 230, 203, 32, 242, 18, 149, 100, 45, 1, 87, 43, 140, 15, 248, 24, 235, 218, 160, 92, 11, 166, 200, 56, 220, 121, 192, 195, 13, 227, 189, 52, 6, 61, 67, 101, 122, 183, 54, 188, 17, 163, 182, 207, 75, 239, 73, 47, 125, 248, 65, 60, 36, 145, 60, 220, 1, 136, 176, 102, 244, 37, 246, 89, 71, 34, 195, 21, 246, 48, 54, 208, 128, 213, 196, 47, 221, 250, 175, 27, 169, 3, 206, 244, 40, 2, 81, 197, 73, 51, 27, 86, 84, 165, 99, 11, 35, 54, 155, 252, 242, 210, 197, 101, 177, 160, 161, 29, 61, 173, 11, 22, 53, 149, 198, 254, 89, 35, 54, 32, 171, 5, 14, 5, 254, 37, 193, 94, 37, 213, 240, 198, 25, 187, 236, 254, 45, 212, 208, 250, 248, 211, 92, 47, 191, 176, 102, 91, 112, 101, 132, 113, 100, 168, 28, 99, 210, 107, 97, 168, 224, 188, 9, 103, 180, 155, 205, 32, 174, 136, 17, 248, 249, 197, 182, 14, 191, 130, 125, 239, 155, 237, 83, 215, 67, 45, 154, 240, 146, 233, 11, 244, 13, 205, 4, 87, 245, 189, 3, 107, 211, 42, 145, 148, 189, 120, 102, 17, 204, 180, 143, 213, 231, 120, 253, 108, 101, 176, 70, 246, 7, 41, 111, 122, 83, 58, 0, 211, 55, 104, 21, 54, 173, 150, 202, 11, 143, 35, 179, 24, 85, 169, 154, 111, 126, 220, 236, 71, 246, 66, 59, 7, 34, 222, 28, 26, 124, 254, 69, 228, 228, 224, 70, 232, 92, 29, 78, 218, 87, 159, 167, 17, 84, 67, 10, 82, 5, 236, 79, 154, 223, 199, 6, 62, 187, 8, 27, 250, 124, 172, 218, 55, 17, 46, 12, 189, 204, 170, 204, 156, 174, 122, 233, 24, 249, 19, 222, 154, 95, 14, 215, 124, 225, 124, 74, 184, 102, 41, 109, 70, 238, 21, 129, 132, 26, 185, 26, 129, 193, 201, 50, 59, 119, 124, 19, 47, 16, 134, 36, 208, 23, 120, 240, 169, 190, 244, 165, 15, 18, 142, 197, 51, 206, 54, 56, 112, 220, 137, 116, 92, 68, 45, 139, 93, 43, 47, 0, 8, 69, 254, 214, 48, 211, 100, 56, 30, 158, 69, 167, 209, 220, 202, 178, 251, 62, 170, 240, 10, 111, 30, 91, 154, 124, 185, 254, 43, 177, 217, 120, 15, 199, 4, 135, 135, 69, 177, 120, 81, 169, 61, 182, 185, 34, 194, 218, 161, 91, 216, 53, 175, 145, 76, 5, 209, 157, 14, 138, 204, 180, 96, 38, 5, 89, 80, 55, 217, 160, 5, 104, 188, 214, 73, 117, 123, 59, 110, 43, 73, 167, 116, 52, 47, 186, 173, 192, 121, 92, 169, 41, 46, 50, 167, 99, 4, 31, 178, 114, 145, 103, 179, 249, 53, 131, 160, 28, 255, 39, 46, 10, 1, 192, 2, 118, 69, 72, 82, 157, 91, 64, 217, 219, 207, 209, 56, 12, 18, 143, 146, 7, 141, 69, 108, 116, 62, 241, 1, 150, 59, 151, 144, 2, 83, 111, 135, 2, 124, 200, 207, 9, 123, 86, 14, 124, 50, 205, 24, 201, 47, 24, 159, 145, 151, 124, 142, 85, 211, 45, 201, 99, 2, 157, 149, 45, 44, 115, 51, 205, 43, 24, 191, 84, 74, 253, 51, 230, 186, 120, 241, 132, 18, 41, 199, 187, 197, 41, 176, 125, 46, 68, 140, 37, 86, 23, 227, 92, 88, 71, 77, 210, 44, 83, 183, 150, 96, 20, 205, 146, 92, 245, 172, 200, 26, 42, 214, 28, 91, 232, 235, 4, 255, 108, 14, 251, 135, 57, 191, 73, 126, 214, 188, 63, 242, 237, 23, 118, 57, 66, 132, 239, 123, 219, 62, 20, 31, 250, 253, 208, 152, 185, 139, 110, 15, 240, 166, 201, 93, 116, 5, 35, 37, 16, 252, 140, 48, 134, 225, 65, 235, 60, 52, 238, 142, 97, 193, 252, 45, 223, 220, 59, 102, 133, 220, 142, 83, 245, 86, 167, 120, 231, 210, 202, 50, 143, 2, 38, 81, 13, 248, 78, 58, 39, 11, 243, 229, 95, 37, 77, 25, 222, 112, 58, 204, 229, 163, 59, 158, 179, 174, 183, 210, 108, 129, 26, 76, 121, 230, 225, 108, 19, 220, 50, 232, 33, 45, 92, 190, 248, 251, 214, 19, 127, 18, 177, 50, 137, 121, 90, 109, 98, 144, 183, 119, 226, 237, 8, 150, 19, 253, 245, 130, 38, 190, 228, 178, 65, 26, 84, 81, 50, 53, 59, 1, 192, 10, 76, 110, 20, 222, 172, 217, 22, 76, 49, 111, 41, 163, 219, 216, 157, 196, 115, 54, 206, 0, 92, 22, 242, 230, 180, 235, 23, 179, 121, 18, 157, 173, 94, 131, 100, 85, 187, 238, 234, 49, 243, 73, 200, 49, 95, 136, 120, 65, 197, 166, 58, 46, 76, 253, 125, 204, 75, 172, 197, 105, 230, 44, 178, 79, 156, 110, 85, 191, 215, 6, 49, 184, 104, 213, 156, 170, 160, 33, 35, 41, 119, 142, 83, 13, 253, 155, 93, 74, 213, 73, 231, 176, 147, 45, 70, 178, 244, 114, 230, 237, 188, 23, 234, 47, 75, 49, 124, 205, 88, 236, 21, 131, 237, 171, 54, 25, 143, 39, 215, 235, 70, 157, 67, 143, 45, 23, 205, 74, 10, 10, 208, 193, 178, 93, 153, 158, 126, 214, 169, 117, 223, 251, 201, 112, 105, 42, 200, 241, 146, 35, 229, 228, 19, 168, 129, 242, 113, 2, 243, 139, 55, 63, 116, 73, 143, 246, 15, 114, 151, 184, 168, 197, 168, 81, 238, 17, 198, 120, 204, 88, 54, 235, 186, 140, 34, 178, 195, 36, 112, 14, 247, 65, 177, 209, 105, 183, 60, 6, 99, 177, 197, 213, 136, 118, 132, 111, 56, 209, 238, 104, 204, 234, 209, 53, 14, 121, 102, 107, 242, 23, 55, 18, 76, 99, 185, 232, 39, 47, 177, 232, 151, 0, 171, 37, 34, 159, 86, 57, 58, 177, 73, 184, 106, 102, 189, 146, 126, 121, 46, 194, 139, 7, 128, 42, 177, 152, 192, 4, 127, 18, 195, 54, 20, 180, 186, 7, 160, 130, 149, 230, 50, 129, 89, 51, 68, 29, 38, 23, 128, 70, 30, 96, 214, 92, 14, 44, 222, 44, 78, 149, 9, 51, 70, 93, 38, 225, 186, 79, 72, 179, 60, 140, 190, 143, 203, 194, 19, 180, 89, 126, 190, 87, 11, 39, 247, 107, 150, 14, 98, 108, 167, 72, 79, 123, 173, 89, 60, 100, 107, 212, 21, 113, 156, 136, 230, 241, 208, 212, 176, 46, 189, 240, 254, 166, 92, 147, 115, 54, 157, 15, 39, 252, 195, 135, 128, 213, 11, 218, 192, 177, 180, 226, 5, 161, 101, 64, 225, 232, 130, 58, 26, 74, 189, 199, 80, 18, 117, 171, 132, 78, 19, 26, 104, 229, 165, 245, 104, 157, 210, 212, 251, 182, 217, 78, 13, 227, 127, 177, 101, 10, 63, 193, 165, 254, 37, 66, 111, 178, 218, 18, 227, 172, 122, 36, 66, 163, 50, 21, 122, 56, 101, 32, 123, 60, 22, 0, 75, 141, 59, 225, 141, 156, 50, 13, 173, 137, 115, 83, 86, 34, 6, 220, 64, 199, 239, 37, 214, 1, 39, 47, 213, 55, 131, 89, 47, 202, 28, 12, 236, 191, 34, 38, 32, 154, 5, 185, 203, 198, 145, 229, 60, 178, 56, 219, 255, 169, 181, 31, 16, 34, 44, 207, 40, 40, 69, 154, 151, 211, 44, 239, 141, 155, 85, 202, 3, 132, 28, 71, 166, 112, 171, 57, 219, 34, 116, 75, 244, 60, 193, 18, 85, 160, 63, 44, 44, 232, 19, 169, 31, 8, 54, 187, 161, 171, 174, 10, 203, 68, 242, 137, 96, 219, 186, 29, 153, 114, 183, 0, 66, 179, 142, 48, 88, 204, 160, 79, 123, 190, 44, 185, 25, 32, 188, 166, 18, 110, 9, 175, 233, 238, 162, 220, 181, 250, 7, 221, 233, 30, 178, 232, 147, 36, 24, 5, 162, 157, 123, 6, 63, 191, 209, 40, 98, 152, 70, 167, 86, 53, 137, 54, 43, 215, 165, 32, 8, 226, 175, 146, 37, 226, 214, 86, 102, 252, 5, 26, 33, 103, 228, 70, 240, 42, 103, 80, 231, 0, 59, 106, 51, 181, 152, 118, 187, 176, 82, 150, 124, 27, 28, 94, 230, 79, 158, 125, 232, 86, 106, 22, 85, 21, 211, 126, 244, 28, 249, 242, 179, 228, 11, 199, 198, 196, 114, 44, 35, 245, 6, 26, 129, 147, 228, 150, 137, 241, 225, 19, 89, 171, 231, 3, 81, 35, 90, 155, 200, 170, 223, 137, 38, 26, 64, 101, 83, 37, 30, 141, 107, 67, 155, 182, 87, 105, 10, 64, 186, 69, 9, 34, 121, 174, 164, 0, 185, 187, 233, 31, 8, 126, 216, 47, 88, 187, 226, 9, 5, 233, 38, 69, 230, 23, 205, 148, 123, 197, 214, 83, 234, 242, 246, 60, 132, 254, 97, 9, 64, 127, 250, 147, 229, 208, 154, 159, 165, 147, 13, 240, 185, 236, 1, 236, 95, 147, 58, 130, 186, 236, 231, 175, 17, 30, 16, 8, 57, 27, 79, 37, 118, 85, 214, 111, 156, 179, 44, 80, 18, 77, 123, 92, 13, 174, 208, 158, 198, 66, 195, 11, 227, 175, 12, 160, 178, 121, 234, 76, 10, 29, 117, 11, 98, 242, 103, 163, 169, 95, 123, 145, 255, 35, 181, 45, 204, 10, 243, 113, 85, 26, 240, 186, 198, 104, 23, 18, 177, 174, 2, 87, 205, 42, 69, 25, 1, 98, 190, 217, 230, 29, 26, 84, 81, 179, 39, 46, 173, 35, 202, 38, 57, 5, 63, 67, 243, 49, 89, 125, 207, 126, 247, 231, 183, 47, 65, 20, 208, 182, 226, 12, 136, 160, 15, 206, 151, 184, 75, 135, 206, 177, 159, 164, 139, 95, 87, 184, 61, 94, 111, 131, 11, 12, 18, 50, 156, 135, 158, 46, 49, 0, 73, 216, 119, 29, 93, 73, 87, 179, 193, 236, 9, 94, 146, 182, 189, 220, 12, 23, 189, 223, 194, 81, 148, 18, 173, 22, 55, 72, 146, 25, 148, 95, 217, 239, 225, 164, 62, 25, 182, 31, 30, 84, 241, 72, 178, 228, 93, 103, 159, 2, 221, 166, 160, 170, 248, 137, 172, 143, 235, 177, 248, 42, 93, 248, 195, 253, 249, 26, 212, 230, 99, 156, 87, 202, 242, 89, 220, 186, 60, 202, 253, 197, 238, 121, 253, 63, 223, 181, 101, 23, 131, 75, 154, 29, 95, 179, 168, 42, 131, 60, 84, 212, 149, 89, 64, 134, 32, 197, 141, 13, 186, 203, 125, 215, 80, 166, 163, 140, 252, 225, 89, 84, 154, 14, 79, 0, 88, 138, 171, 182, 19, 76, 120, 196, 233, 130, 34, 189, 197, 69, 27, 80, 12, 153, 154, 200, 107, 168, 108, 221, 15, 170, 35, 243, 109, 201, 175, 45, 74, 105, 238, 184, 104, 62, 226, 69, 83, 8, 199, 215, 144, 210, 196, 80, 178, 31, 46, 238, 11, 191, 71, 11, 203, 61, 120, 99, 85, 213, 160, 11, 143, 16, 24, 128, 202, 102, 186, 41, 211, 195, 235, 211, 186, 227, 9, 83, 244, 38, 61, 237, 42, 132, 187, 37, 201, 27, 49, 84, 211, 50, 129, 8, 111, 153, 31, 103, 218, 54, 73, 196, 67, 55, 93, 55, 21, 41, 125, 68, 215, 146, 201, 176, 187, 37, 249, 217, 37, 10, 106, 159, 27, 43, 15, 43, 166, 126, 75, 103, 78, 30, 233, 57, 146, 85, 163, 233, 220, 155, 121, 122, 103, 33, 149, 215, 212, 64, 228, 105, 5, 220, 155, 249, 194, 2, 251, 46, 249, 52, 154, 93, 250, 253, 233, 119, 198, 179, 229, 243, 81, 16, 68, 83, 139, 178, 52, 82, 175, 128, 222, 65, 62, 140, 249, 174, 85, 151, 26, 32, 165, 128, 170, 107, 154, 39, 55, 154, 59, 85, 216, 59, 59, 196, 4, 41, 208, 219, 234, 167, 188, 182, 5, 126, 209, 149, 222, 158, 72, 19, 225, 34, 161, 218, 173, 141, 211, 198, 138, 166, 99, 80, 249, 60, 83, 164, 182, 114, 114, 202, 51, 227, 215, 79, 77, 252, 147, 134, 164, 177, 19, 192, 195, 20, 26, 76, 173, 2, 156, 35, 8, 199, 80, 46, 9, 68, 45, 168, 21, 153, 166, 37, 61, 24, 101, 7, 122, 121, 54, 125, 25, 126, 37, 131, 107, 6, 97, 103, 75, 78, 54, 28, 129, 126, 223, 146, 79, 45, 13, 115, 128, 153, 59, 151, 121, 90, 136, 34, 90, 184, 246, 80, 31, 151, 246, 180, 69, 36, 104, 79, 176, 16, 135, 21, 152, 5, 22, 188, 73, 51, 204, 60, 217, 99, 126, 166, 168, 187, 253, 205, 10, 140, 248, 178, 17, 90, 97, 144, 248, 41, 147, 247, 26, 15, 167, 230, 77, 229, 127, 215, 70, 214, 43, 47, 213, 123, 112, 18, 153, 237, 19, 100, 99, 121, 160, 42, 234, 79, 245, 133, 17, 11, 199, 188, 20, 50, 249, 148, 57, 245, 253, 151, 202, 221, 126, 101, 217, 127, 76, 122, 69, 136, 13, 251, 182, 222, 227, 108, 176, 87, 185, 13, 84, 6, 75, 180, 253, 141, 95, 43, 151, 131, 202, 81, 88, 149, 188, 52, 108, 110, 144, 40, 29, 177, 102, 231, 255, 158, 72, 19, 254, 215, 152, 13, 228, 19, 3, 104, 130, 206, 229, 240, 2, 53, 127, 94, 221, 182, 149, 199, 44, 47, 17, 38, 84, 49, 74, 217, 235, 22, 58, 123, 196, 142, 247, 155, 11, 6, 102, 233, 131, 4, 248, 28, 216, 225, 65, 72, 146, 37, 61, 211, 107, 67, 140, 173, 214, 177, 37, 148, 144, 116, 162, 229, 9, 167, 183, 108, 11, 15, 86, 192, 4, 18, 217, 169, 246, 84, 186, 117, 134, 116, 85, 107, 220, 221, 202, 236, 184, 122, 20, 220, 190, 224, 137, 157, 79, 31, 41, 41, 159, 37, 8, 208, 22, 254, 168, 14, 208, 5, 194, 206, 196, 4, 251, 222, 77, 38, 39, 0, 20, 207, 248, 102, 10, 102, 245, 172, 209, 137, 224, 81, 15, 35, 101, 141, 49, 251, 61, 199, 191, 66, 67, 129, 75, 130, 226, 113, 205, 98, 62, 142, 20, 118, 144, 158, 25, 224, 50, 239, 78, 100, 32, 156, 211, 13, 85, 185, 163, 183, 205, 85, 86, 158, 59, 227, 115, 6, 112, 184, 108, 117, 146, 138, 72, 122, 132, 247, 135, 242, 196, 249, 139, 172, 236, 254, 112, 9, 47, 160, 5, 152, 165, 49, 205, 221, 101, 183, 84, 142, 39, 49, 21, 187, 248, 251, 140, 238, 165, 92, 108, 15, 0, 3, 58, 173, 80, 175, 133, 42, 208, 110, 157, 12, 50, 138, 170, 219, 107, 169, 14, 188, 96, 193, 157, 121, 147, 211, 113, 249, 129, 92, 215, 17, 11, 234, 255, 18, 169, 169, 136, 29, 242, 47, 60, 201, 0, 17, 8, 100, 220, 114, 191, 138, 128, 42, 107, 199, 190, 170, 115, 32, 57, 106, 8, 69, 172, 203, 69, 129, 122, 178, 238, 40, 73, 53, 175, 214, 205, 237, 98, 41, 215, 146, 125, 61, 113, 142, 149, 30, 95, 184, 129, 237, 135, 231, 175, 126, 198, 143, 133, 193, 65, 143, 112, 6, 133, 127, 79, 227, 32, 115, 104, 97, 208, 50, 129, 62, 45, 153, 0, 150, 87, 187, 152, 71, 195, 81, 98, 109, 239, 233, 232, 227, 14, 43, 253, 27, 138, 232, 167, 84, 82, 97, 119, 66, 31, 64, 126, 194, 201, 130, 253, 109, 241, 97, 232, 66, 146, 162, 34, 73, 157, 150, 218, 86, 210, 39, 252, 32, 125, 19, 142, 108, 22, 56, 144, 138, 215, 100, 77, 21, 170, 102, 146, 124, 166, 150, 46, 151, 114, 179, 130, 177, 200, 186, 213, 58, 212, 203, 125, 9, 48, 126, 57, 146, 78, 173, 64, 192, 186, 228, 182, 175, 125, 142, 209, 53, 253, 13, 183, 6, 207, 176, 124, 39, 175, 246, 157, 79, 178, 200, 223, 23, 248, 183, 225, 67, 71, 66, 56, 206, 27, 96, 74, 205, 112, 146, 64, 24, 0, 42, 98, 239, 186, 10, 68, 133, 160, 211, 148, 88, 0, 194, 174, 18, 95, 134, 111, 115, 49, 103, 226, 90, 213, 98, 226, 183, 111, 208, 208, 226, 165, 228, 44, 95, 228, 214, 152, 8, 11, 80, 253, 83, 70, 194, 12, 28, 248, 145, 37, 191, 4, 222, 235, 245, 52, 166, 104, 208, 27, 3, 118, 161, 112, 234, 213, 254, 17, 213, 249, 66, 39, 2, 144, 153, 62, 255, 168, 32, 97, 20, 127, 68, 227, 252, 214, 187, 246, 27, 93, 83, 202, 87, 172, 61, 130, 100, 115, 36, 240, 99, 149, 252, 110, 27, 212, 128, 97, 215, 132, 34, 194, 85, 147, 27, 73, 242, 151, 85, 232, 102, 183, 19, 188, 114, 62, 226, 50, 40, 37, 193, 113, 55, 25, 155, 140, 115, 103, 237, 160, 184, 248, 40, 149, 3, 128, 244, 166, 64, 211, 21, 52, 178, 13, 235, 117, 213, 203, 225, 78, 159, 123, 242, 187, 139, 153, 119, 168, 134, 172, 150, 168, 77, 122, 15, 200, 243, 163, 172, 146, 94, 78, 127, 91, 133, 194, 36, 166, 210, 32, 173, 235, 253, 102, 255, 53, 163, 0, 30, 224, 225, 194, 230, 241, 198, 86, 8, 36, 167, 238, 89, 141, 82, 150, 130, 61, 81, 25, 118, 195, 30, 67, 105, 161, 182, 164, 37, 69, 17, 61, 42, 227, 119, 132, 128, 231, 117, 21, 45, 43, 160, 219, 220, 6, 230, 21, 199, 216, 54, 162, 197, 26, 35, 42, 161, 144, 136, 27, 180, 94, 48, 45, 120, 120, 104, 159, 49, 44, 248, 47, 6, 26, 1, 37, 187, 199, 53, 200, 58, 44, 122, 194, 13, 154, 130, 114, 134, 159, 173, 165, 24, 142, 121, 110, 220, 187, 21, 151, 105, 44, 216, 67, 0, 113, 35, 174, 59, 214, 144, 8, 96, 167, 123, 96, 92, 35, 109, 231, 76, 19, 102, 100, 31, 189, 60, 178, 250, 58, 37, 4, 102, 168, 55, 134, 40, 248, 251, 131, 36, 192, 175, 163, 234, 111, 105, 77, 229, 160, 29, 64, 82, 76, 224, 252, 183, 25, 246, 91, 82, 191, 82, 183, 219, 153, 10, 15, 13, 132, 101, 202, 66, 106, 109, 231, 112, 234, 15, 43, 239, 181, 73, 132, 155, 112, 251, 42, 47, 127, 204, 230, 157, 248, 84, 212, 183, 235, 3, 62, 4, 248, 246, 254, 28, 36, 35, 224, 45, 235, 147, 241, 3, 127, 91, 187, 24, 233, 89, 206, 108, 138, 88, 151, 13, 220, 243, 115, 128, 189, 13, 197, 4, 205, 101, 133, 29, 50, 169, 22, 252, 124, 208, 92, 42, 235, 149, 144, 236, 5, 225, 183, 68, 188, 152, 128, 47, 26, 91, 97, 28, 101, 132, 109, 45, 44, 211, 180, 191, 53, 10, 242, 114, 23, 251, 38, 239, 171, 46, 98, 100, 199, 111, 180, 151, 105, 39, 241, 55, 99, 234, 23, 126, 231, 45, 150, 48, 94, 68, 189, 224, 27, 37, 244, 18, 178, 23, 178, 49, 108, 59, 82, 49, 225, 235, 218, 162, 136, 213, 201, 95, 101, 174, 236, 11, 87, 135, 170, 43, 255, 49, 129, 241, 81, 224, 124, 174, 148, 65, 37, 126, 198, 220, 109, 121, 95, 95, 237, 7, 157, 253, 144, 143, 145, 192, 128, 212, 138, 55, 246, 21, 211, 43, 124, 210, 243, 37, 171, 135, 133, 186, 238, 235, 152, 218, 56, 43, 152, 66, 167, 147, 197, 72, 164, 114, 167, 224, 141, 191, 104, 120, 15, 21, 162, 68, 178, 13, 113, 195, 99, 88, 248, 89, 144, 21, 102, 149, 28, 204, 219, 185, 44, 211, 124, 148, 7, 218, 162, 150, 236, 254, 114, 11, 219, 46, 221, 162, 21, 207, 108, 131, 16, 94, 28, 243, 160, 238, 94, 215, 168, 203, 179, 161, 191, 167, 230, 178, 47, 85, 175, 117, 121, 245, 218, 242, 25, 25, 8, 36, 243, 170, 148, 222, 6, 192, 226, 195, 42, 204, 186, 80, 15, 19, 196, 200, 251, 58, 15, 210, 216, 159, 102, 165, 102, 50, 8, 132, 50, 44, 154, 144, 146, 201, 197, 11, 59, 64, 4, 115, 241, 235, 124, 65, 104, 101, 27, 222, 102, 231, 247, 20, 231, 87, 103, 83, 85, 156, 113, 88, 161, 16, 198, 4, 132, 148, 213, 254, 82, 249, 108, 125, 119, 144, 102, 207, 55, 222, 85, 64, 119, 173, 64, 254, 5, 45, 63, 89, 113, 3, 236, 84, 132, 6, 254, 231, 109, 218, 166, 105, 157, 232, 3, 212, 100, 235, 217, 140, 141, 81, 69, 140, 60, 220, 10, 45, 88, 221, 59, 190, 102, 88, 22, 224, 16, 6, 11, 129, 244, 176, 103, 42, 46, 230, 46, 168, 37, 206, 8, 240, 113, 199, 55, 162, 199, 19, 155, 254, 114, 59, 204, 148, 112, 255, 85, 3, 92, 2, 70, 113, 191, 90, 205, 71, 215, 136, 22, 122, 175, 204, 110, 89, 110, 22, 35, 222, 254, 139, 151, 194, 38, 202, 212, 146, 117, 34, 248, 84, 245, 22, 214, 117, 42, 227, 113, 211, 151, 216, 248, 223, 110, 23, 23, 28, 132, 14, 142, 229, 104, 34, 25, 147, 73, 99, 80, 40, 79, 131, 208, 122, 220, 15, 40, 82, 237, 38, 25, 104, 170, 229, 150, 163, 201, 4, 120, 242, 93, 240, 209, 45, 171, 244, 201, 42, 179, 254, 159, 170, 116, 3, 123, 240, 173, 31, 113, 251, 137, 101, 173, 14, 97, 190, 139, 9, 159, 132, 147, 111, 76, 52, 9, 201, 91, 0, 215, 167, 227, 167, 2, 136, 144, 48, 33, 3, 6, 43, 253, 77, 14, 122, 91, 152, 25, 2, 96, 214, 84, 229, 173, 174, 199, 103, 219, 129, 187, 80, 224, 243, 32, 101, 200, 165, 106, 68, 69, 204, 32, 9, 222, 103, 5, 58, 86, 11, 95, 179, 205, 41, 39, 130, 62, 26, 238, 246, 149, 228, 126, 243, 11, 203, 98, 100, 165, 85, 25, 9, 211, 65, 95, 3, 50, 246, 255, 121, 10, 75, 213, 127, 141, 174, 30, 185, 136, 221, 97, 108, 110, 108, 232, 54, 44, 31, 193, 227, 176, 63, 9, 255, 97, 18, 58, 41, 217, 108, 239, 124, 100, 30, 245, 135, 137, 255, 25, 187, 20, 184, 239, 62, 97, 218, 48, 61, 96, 149, 121, 47, 114, 237, 61, 157, 174, 113, 254, 23, 21, 125, 237, 200, 216, 5, 146, 173, 61, 118, 107, 169, 226, 87, 87, 105, 151, 172, 89, 142, 54, 4, 154, 226, 8, 249, 165, 33, 25, 199, 19, 18, 241, 131, 253, 3, 255, 0, 165, 106, 25, 235, 60, 111, 72, 133, 7, 222, 147, 136, 108, 47, 91, 174, 12, 71, 121, 242, 75, 220, 132, 49, 177, 29, 34, 99, 30, 217, 125, 182, 134, 183, 112, 196, 49, 54, 5, 126, 62, 141, 249, 56, 227, 42, 217, 114, 155, 112, 150, 173, 145, 201, 10, 126, 230, 40, 192, 130, 153, 91, 115, 99, 215, 146, 242, 95, 179, 125, 176, 245, 112, 119, 71, 203, 128, 226, 97, 127, 15, 30, 128, 187, 187, 19, 206, 0, 63, 17, 126, 232, 240, 79, 137, 102, 149, 235, 175, 51, 193, 206, 204, 213, 136, 2, 80, 26, 180, 164, 37, 8, 54, 31, 73, 108, 116, 52, 110, 66, 17, 20, 3, 224, 152, 93, 195, 84, 110, 116, 106, 170, 147, 244, 221, 109, 64, 241, 44, 226, 122, 248, 126, 88, 30, 56, 88, 32, 146, 32, 159, 254, 234, 17, 5, 36, 67, 227, 194, 11, 62, 101, 202, 0, 7, 160, 73, 240, 94, 169, 29, 78, 53, 139, 12, 119, 229, 34, 194, 152, 14, 86, 204, 39, 153, 1, 68, 129, 52, 73, 174, 177, 183, 143, 23, 43, 210, 255, 47, 237, 24, 171, 94, 75, 151, 58, 203, 89, 81, 12, 95, 182, 2, 176, 29, 18, 182, 26, 53, 166, 112, 32, 106, 240, 177, 147, 2, 143, 189, 27, 184, 25, 143, 228, 166, 75, 137, 121, 4, 182, 155, 215, 193, 202, 37, 76, 69, 51, 200, 17, 144, 7, 70, 78, 83, 106, 177, 248, 22, 213, 114, 106, 39, 149, 143, 115, 46, 247, 148, 220, 184, 137, 168, 204, 242, 31, 150, 3, 70, 143, 36, 17, 221, 48, 57, 15, 191, 105, 181, 10, 46, 156, 137, 8, 207, 166, 198, 57, 113, 161, 25, 63, 126, 253, 27, 220, 209, 208, 234, 190, 171, 180, 130, 45, 145, 144, 48, 177, 247, 126, 226, 110, 68, 16, 120, 106, 154, 223, 90, 0, 119, 10, 183, 69, 57, 63, 37, 144, 242, 191, 62, 27, 115, 254, 58, 5, 223, 139, 44, 206, 10, 201, 110, 70, 147, 14, 179, 196, 111, 38, 59, 181, 182, 237, 67, 121, 151, 226, 15, 208, 249, 10, 39, 46, 140, 107, 246, 20, 221, 5, 221, 31, 113, 53, 69, 100, 21, 88, 192, 32, 64, 30, 254, 8, 157, 55, 102, 206, 203, 24, 152, 250, 100, 137, 27, 164, 138, 77, 213, 17, 127, 75, 230, 58, 108, 86, 1, 33, 34, 160, 198, 64, 223, 87, 162, 219, 17, 3, 233, 217, 136, 204, 108, 251, 110, 141, 20, 66, 20, 170, 55, 3, 229, 238, 135, 97, 227, 216, 93, 189, 91, 213, 182, 72, 139, 216, 192, 47, 86, 33, 50, 113, 5, 186, 141, 53, 41, 204, 55, 99, 81, 21, 18, 23, 164, 251, 222, 250, 62, 46, 1, 42, 157, 222, 167, 182, 45, 216, 117, 163, 67, 29, 218, 146, 157, 209, 165, 77, 12, 241, 4, 222, 106, 146, 97, 17, 155, 92, 226, 228, 148, 102, 212, 241, 125, 27, 177, 63, 101, 137, 20, 224, 157, 191, 85, 129, 96, 53, 239, 175, 121, 68, 255, 35, 236, 155, 125, 7, 92, 159, 157, 86, 174, 111, 113, 8, 125, 195, 224, 207, 173, 225, 252, 234, 105, 95, 120, 227, 190, 110, 81, 94, 152, 219, 214, 241, 197, 138, 212, 36, 77, 251, 226, 33, 189, 22, 101, 117, 130, 3, 218, 150, 182, 67, 166, 169, 181, 115, 0, 250, 169, 149, 33, 125, 210, 62, 91, 10, 218, 158, 8, 32, 3, 111, 27, 219, 110, 168, 111, 168, 191, 14, 127, 98, 243, 58, 112, 189, 223, 25, 154, 129, 143, 137, 209, 218, 224, 132, 184, 147, 60, 123, 222, 15, 141, 196, 132, 199, 6, 231, 142, 106, 192, 146, 107, 105, 186, 5, 80, 183, 45, 34, 242, 193, 56, 154, 155, 122, 30, 205, 55, 217, 231, 45, 85, 41, 196, 59, 98, 174, 230, 201, 98, 226, 208, 3, 7, 151, 60, 52, 163, 107, 88, 183, 126, 175, 167, 174, 113, 68, 130, 29, 120, 220, 20, 8, 92, 2, 26, 41, 142, 202, 31, 200, 236, 97, 195, 233, 81, 122, 205, 223, 78, 255, 66, 10, 74, 126, 172, 60, 51, 47, 193, 217, 147, 176, 235, 28, 43, 35, 223, 218, 163, 6, 96, 91, 32, 134, 248, 160, 103, 197, 60, 25, 78, 165, 163, 112, 63, 152, 81, 114, 249, 178, 8, 0, 132, 39, 228, 137, 155, 43, 78, 172, 58, 33, 23, 206, 47, 225, 160, 51, 204, 31, 222, 70, 131, 239, 55, 132, 18, 69, 125, 63, 224, 84, 34, 182, 46, 53, 51, 40, 208, 39, 241, 89, 133, 132, 8, 123, 241, 208, 83, 220, 166, 168, 196, 241, 144, 111, 198, 7, 139, 202, 54, 228, 146, 139, 103, 19, 133, 255, 228, 94, 252, 22, 155, 162, 184, 44, 82, 48, 9, 86, 245, 92, 57, 51, 226, 129, 100, 91, 191, 139, 245, 191, 94, 134, 174, 131, 52, 125, 162, 236, 219, 184, 177, 23, 196, 222, 156, 28, 86, 104, 181, 11, 55, 170, 175, 131, 208, 130, 182, 114, 187, 91, 22, 246, 216, 219, 100, 1, 10, 176, 40, 125, 153, 53, 5, 5, 0, 1, 49, 121, 42, 104, 45, 1, 216, 194, 143, 52, 58, 128, 136, 9, 18, 116, 150, 198, 190, 237, 38, 109, 5, 179, 228, 92, 47, 65, 5, 36, 223, 16, 140, 82, 62, 4, 76, 44, 133, 196, 233, 114, 65, 88, 32, 54, 197, 251, 198, 235, 230, 53, 6, 169, 115, 130, 193, 89, 235, 58, 101, 29, 54, 113, 34, 75, 166, 123, 104, 226, 109, 20, 245, 20, 154, 139, 210, 158, 203, 4, 209, 138, 165, 164, 244, 174, 197, 214, 71, 225, 167, 250, 86, 38, 138, 225, 185, 84, 77, 204, 242, 192, 75, 102, 198, 194, 203, 18, 189, 69, 146, 229, 181, 246, 220, 162, 180, 44, 40, 146, 214, 179, 151, 50, 132, 39, 199, 251, 2, 10, 84, 134, 87, 43, 222, 92, 51, 140, 243, 100, 146, 235, 168, 29, 221, 149, 110, 95, 115, 133, 251, 196, 208, 250, 222, 183, 208, 37, 144, 19, 157, 196, 106, 61, 226, 174, 157, 170, 64, 252, 95, 47, 9, 14, 66, 211, 214, 247, 21, 91, 173, 251, 131, 113, 205, 210, 10, 111, 95, 26, 233, 125, 223, 71, 216, 245, 143, 244, 176, 42, 67, 209, 225, 206, 151, 210, 150, 175, 63, 179, 211, 252, 122, 191, 22, 126, 232, 108, 60, 212, 154, 33, 35, 55, 197, 250, 156, 151, 81, 0, 234, 29, 212, 243, 132, 60, 0, 222, 231, 23, 65, 242, 55, 31, 41, 181, 41, 113, 132, 59, 13, 114, 193, 1, 99, 72, 36, 158, 224, 1, 32, 104, 237, 87, 235, 47, 233, 151, 222, 13, 190, 77, 133, 8, 55, 66, 12, 23, 172, 197, 230, 222, 144, 227, 106, 35, 186, 228, 253, 71, 54, 38, 223, 96, 103, 182, 67, 55, 47, 163, 117, 10, 219, 190, 247, 90, 132, 213, 237, 13, 47, 69, 107, 132, 129, 212, 159, 35, 216, 63, 14, 164, 50, 206, 184, 27, 161, 163, 237, 183, 209, 90, 130, 6, 28, 106, 86, 83, 114, 174, 199, 4, 72, 254, 212, 178, 93, 88, 59, 15, 118, 139, 25, 77, 207, 32, 166, 176, 157, 63, 49, 111, 243, 236, 23, 250, 59, 26, 188, 72, 177, 2, 135, 165, 161, 98, 172, 211, 120, 88, 11, 25, 172, 244, 206, 6, 238, 173, 251, 34, 62, 90, 16, 137, 32, 2, 117, 4, 162, 130, 158, 181, 212, 128, 159, 157, 16, 74, 171, 147, 97, 140, 208, 1, 215, 40, 75, 170, 224, 141, 101, 41, 117, 96, 15, 5, 148, 110, 197, 118, 171, 184, 246, 170, 230, 141, 74, 0, 86, 179, 38, 184, 175, 198, 184, 3, 232, 213, 149, 19, 179, 27, 118, 35, 171, 24, 188, 142, 217, 182, 115, 151, 180, 80, 162, 106, 132, 165, 138, 109, 190, 252, 174, 202, 81, 247, 146, 17, 34, 99, 52, 107, 33, 121, 75, 165, 188, 16, 68, 109, 79, 4, 200, 0, 119, 15, 198, 146, 213, 158, 216, 188, 222, 101, 60, 218, 134, 152, 140, 27, 17, 68, 75, 185, 32, 249, 167, 76, 153, 156, 209, 122, 98, 99, 90, 159, 206, 12, 41, 15, 231, 253, 240, 30, 83, 248, 204, 34, 91, 165, 0, 17, 32, 206, 232, 127, 53, 49, 248, 253, 138, 9, 69, 128, 228, 179, 223, 99, 33, 25, 24, 86, 118, 95, 96, 7, 184, 82, 113, 57, 216, 249, 199, 43, 146, 135, 89, 176, 118, 2, 87, 9, 24, 228, 58, 248, 88, 229, 149, 93, 5, 213, 69, 42, 197, 90, 121, 9, 193, 122, 73, 27, 102, 152, 139, 5, 13, 160, 30, 47, 93, 142, 162, 5, 8, 252, 248, 101, 7, 153, 12, 190, 200, 140, 152, 161, 212, 115, 18, 158, 55, 173, 80, 229, 116, 13, 149, 3, 91, 49, 150, 67, 163, 99, 107, 196, 52, 243, 98, 206, 127, 87, 57, 94, 121, 147, 238, 70, 131, 225, 215, 238, 113, 4, 142, 193, 87, 191, 227, 33, 134, 107, 9, 62, 235, 103, 190, 236, 67, 87, 196, 135, 94, 5, 38, 255, 249, 230, 79, 226, 148, 58, 32, 195, 216, 47, 33, 91, 125, 174, 4, 32, 143, 133, 114, 7, 255, 48, 20, 26, 216, 0, 138, 13, 212, 203, 68, 71, 165, 207, 101, 22, 80, 194, 119, 193, 255, 108, 193, 12, 144, 97, 63, 47, 116, 96, 117, 142, 21, 238, 21, 149, 187, 175, 103, 80, 136, 224, 168, 201, 159, 234, 50, 176, 128, 43, 30, 247, 112, 27, 198, 111, 17, 117, 144, 0, 6, 11, 55, 17, 161, 173, 44, 8, 207, 214, 177, 112, 102, 241, 48, 193, 13, 221, 101, 1, 175, 15, 134, 26, 36, 124, 113, 64, 230, 174, 131, 38, 255, 180, 14, 61, 19, 244, 162, 79, 3, 15, 125, 245, 164, 104, 249, 113, 205, 176, 134, 191, 226, 152, 5, 75, 188, 133, 65, 168, 211, 76, 153, 5, 174, 111, 69, 71, 78, 93, 158, 127, 5, 50, 27, 209, 173, 149, 104, 38, 112, 181, 157, 126, 99, 12, 202, 77, 138, 238, 79, 232, 4, 77, 188, 32, 131, 77, 124, 222, 63, 48, 129, 48, 225, 100, 254, 42, 242, 208, 88, 141, 20, 226, 56, 21, 171, 91, 5, 169, 202, 66, 159, 225, 93, 184, 128, 9, 11, 151, 24, 53, 224, 18, 72, 196, 155, 220, 102, 26, 207, 60, 189, 176, 104, 5, 123, 255, 154, 211, 0, 184, 247, 183, 124, 60, 55, 155, 18, 46, 172, 157, 194, 69, 118, 159, 216, 189, 93, 92, 222, 235, 155, 229, 140, 138, 238, 128, 115, 146, 98, 228, 31, 245, 240, 230, 210, 219, 79, 241, 109, 46, 42, 158, 220, 94, 89, 239, 9, 159, 194, 169, 119, 174, 92, 117, 180, 103, 18, 69, 177, 175, 221, 204, 143, 17, 212, 255, 187, 169, 250, 120, 45, 45, 11, 74, 160, 177, 86, 252, 51, 93, 147, 37, 11, 90, 56, 181, 26, 45, 227, 201, 36, 71, 145, 230, 63, 18, 154, 134, 196, 3, 182, 216, 159, 48, 64, 123, 240, 153, 123, 22, 126, 234, 197, 69, 245, 241, 13, 8, 228, 240, 20, 136, 61, 225, 113, 89, 171, 145, 124, 174, 209, 185, 232, 141, 230, 22, 28, 24, 247, 127, 186, 51, 99, 118, 69, 212, 47, 139, 128, 75, 116, 35, 48, 100, 243, 133, 53, 171, 91, 0, 141, 255, 233, 34, 10, 235, 109, 6, 25, 216, 18, 207, 225, 2, 203, 131, 212, 217, 151, 9, 76, 73, 44, 209, 172, 235, 80, 214, 114, 91, 203, 250, 218, 8, 252, 230, 240, 138, 114, 29, 49, 25, 7, 96, 119, 253, 23, 235, 133, 90, 12, 92, 62, 235, 168, 166, 240, 106, 60, 9, 4, 101, 200, 88, 33, 81, 49, 121, 96, 52, 178, 38, 27, 90, 199, 158, 47, 149, 190, 123, 73, 174, 56, 223, 160, 94, 197, 99, 98, 67, 70, 227, 208, 160, 109, 141, 94, 152, 240, 188, 43, 203, 255, 9, 246, 24, 71, 163, 177, 161, 74, 20, 199, 235, 128, 109, 14, 81, 208, 92, 45, 232, 128, 90, 135, 43, 62, 69, 15, 39, 62, 225, 181, 65, 243, 37, 234, 247, 92, 50, 60, 65, 188, 190, 90, 196, 135, 150, 76, 117, 186, 35, 119, 136, 96, 74, 239, 105, 202, 56, 249, 249, 63, 49, 221, 41, 190, 25, 124, 61, 48, 75, 253, 44, 165, 110, 103, 90, 125, 201, 104, 237, 177, 209, 236, 164, 2, 211, 59, 174, 44, 63, 89, 139, 150, 35, 90, 149, 112, 5, 217, 115, 160, 165, 28, 202, 16, 179, 2, 74, 63, 66, 147, 244, 77, 22, 206, 79, 112, 192, 70, 226, 124, 236, 242, 252, 185, 61, 233, 156, 53, 15, 152, 1, 105, 229, 194, 94, 11, 176, 187, 113, 238, 26, 219, 211, 95, 44, 122, 32, 110, 198, 212, 252, 155, 27, 117, 232, 184, 49, 110, 55, 155, 18, 120, 110, 98, 150, 92, 145, 85, 220, 240, 213, 244, 74, 106, 232, 58, 36, 11, 35, 223, 177, 246, 165, 213, 247, 224, 151, 15, 190, 130, 158, 140, 1, 20, 24, 155, 164, 143, 104, 114, 106, 111, 45, 154, 134, 197, 15, 30, 211, 126, 100, 96, 111, 208, 149, 221, 254, 11, 228, 249, 103, 188, 148, 195, 9, 84, 64, 71, 81, 7, 118, 9, 45, 79, 12, 8, 91, 110, 39, 189, 187, 195, 5, 187, 196, 82, 74, 124, 252, 120, 25, 169, 1, 169, 180, 112, 29, 194, 72, 235, 141, 70, 247, 172, 212, 136, 73, 97, 80, 23, 235, 143, 175, 200, 28, 196, 178, 212, 132, 94, 67, 54, 86, 28, 7, 86, 149, 128, 11, 224, 228, 42, 176, 71, 10, 255, 171, 78, 152, 128, 128, 70, 235, 212, 49, 192, 148, 244, 146, 158, 5, 45, 131, 114, 167, 145, 9, 240, 193, 156, 0, 108, 8, 228, 69, 1, 112, 132, 253, 138, 11, 70, 233, 178, 125, 163, 48, 254, 96, 227, 187, 242, 245, 181, 160, 29, 174, 147, 243, 50, 180, 216, 47, 67, 17, 54, 197, 245, 69, 162, 71, 199, 165, 79, 17, 110, 75, 71, 151, 101, 116, 70, 1, 250, 197, 154, 88, 119, 47, 216, 161, 108, 207, 68, 8, 143, 145, 232, 11, 153, 133, 229, 71, 148, 221, 141, 87, 209, 198, 161, 74, 13, 126, 4, 62, 43, 178, 98, 64, 159, 105, 94, 57, 236, 62, 158, 8, 86, 207, 225, 198, 124, 225, 126, 4, 161, 238, 44, 30, 0, 181, 246, 79, 175, 140, 100, 186, 48, 245, 137, 112, 2, 56, 242, 195, 108, 238, 150, 25, 102, 150, 56, 74, 95, 6, 238, 113, 115, 172, 247, 166, 151, 232, 145, 191, 45, 49, 25, 102, 225, 52, 35, 38, 87, 54, 206, 145, 155, 19, 235, 16, 58, 119, 126, 63, 170, 206, 60, 49, 207, 25, 39, 87, 97, 113, 69, 242, 251, 69, 62, 44, 189, 231, 195, 118, 59, 163, 164, 29, 56, 193, 111, 40, 213, 127, 23, 200, 37, 80, 124, 227, 100, 193, 184, 198, 226, 126, 252, 229, 246, 228, 194, 46, 201, 246, 132, 196, 117, 15, 116, 228, 197, 244, 230, 18, 134, 253, 192, 88, 194, 208, 12, 153, 14, 118, 161, 124, 150, 178, 97, 229, 158, 2, 60, 179, 162, 49, 11, 170, 50, 106, 134, 67, 9, 86, 226, 13, 2, 224, 158, 142, 61, 47, 167, 17, 201, 126, 186, 121, 52, 138, 64, 165, 147, 221, 61, 112, 38, 41, 247, 200, 168, 22, 255, 124, 14, 191, 155, 3, 109, 99, 220, 205, 129, 51, 176, 161, 101, 104, 158, 92, 51, 240, 133, 122, 126, 165, 97, 224, 252, 116, 189, 3, 98, 102, 129, 46, 90, 13, 16, 4, 201, 61, 148, 223, 129, 84, 14, 208, 148, 136, 52, 84, 164, 137, 112, 216, 109, 249, 2, 29, 107, 247, 0, 202, 175, 90, 3, 173, 130, 150, 227, 17, 98, 224, 183, 201, 21, 245, 14, 244, 58, 220, 51, 93, 41, 218, 113, 149, 173, 153, 7, 49, 51, 248, 128, 142, 205, 113, 8, 123, 5, 142, 208, 14, 67, 207, 191, 57, 188, 180, 199, 115, 237, 172, 146, 47, 96, 142, 177, 175, 126, 84, 254, 29, 37, 49, 92, 189, 112, 156, 68, 94, 176, 153, 138, 1, 158, 228, 11, 180, 193, 59, 241, 2, 184, 194, 66, 43, 52, 70, 116, 9, 41, 34, 240, 130, 249, 12, 138, 238, 105, 2, 219, 70, 34, 203, 157, 8, 102, 225, 33, 147, 77, 44, 76, 82, 30, 44, 239, 33, 59, 175, 218, 56, 9, 182, 134, 170, 80, 106, 250, 58, 77, 64, 159, 253, 208, 20, 170, 39, 13, 158, 196, 22, 119, 1, 171, 123, 255, 207, 67, 238, 122, 240, 173, 0, 225, 34, 156, 76, 175, 91, 93, 119, 151, 191, 228, 209, 235, 140, 249, 15, 93, 207, 213, 118, 90, 55, 169, 79, 122, 171, 28, 62, 124, 206, 96, 243, 115, 239, 56, 166, 138, 152, 121, 81, 119, 88, 71, 27, 141, 126, 107, 38, 117, 3, 137, 173, 128, 72, 161, 230, 227, 0, 34, 244, 186, 154, 12, 194, 218, 240, 205, 168, 47, 168, 94, 21, 44, 231, 157, 67, 91, 120, 45, 14, 214, 194, 3, 198, 229, 219, 100, 218, 94, 248, 196, 252, 213, 171, 96, 116, 83, 139, 175, 231, 190, 226, 3, 88, 187, 5, 124, 38, 252, 156, 182, 33, 255, 190, 80, 68, 196, 185, 191, 215, 32, 114, 86, 229, 80, 180, 238, 90, 128, 42, 67, 236, 134, 122, 223, 47, 84, 203, 211, 167, 73, 46, 44, 35, 184, 44, 154, 220, 147, 211, 34, 241, 181, 122, 1, 201, 197, 174, 131, 217, 216, 11, 19, 99, 79, 242, 218, 237, 166, 167, 25, 93, 13, 202, 79, 22, 123, 92, 209, 219, 107, 169, 123, 111, 35, 182, 45, 176, 138, 65, 178, 171, 106, 176, 35, 175, 231, 144, 188, 165, 209, 43, 228, 88, 13, 116, 91, 42, 247, 218, 226, 42, 20, 125, 43, 225, 39, 94, 140, 74, 221, 82, 235, 82, 151, 244, 151, 67, 174, 201, 61, 205, 93, 244, 124, 239, 14, 77, 1, 22, 194, 77, 79, 63, 22, 153, 251, 217, 227, 72, 108, 111, 230, 171, 79, 182, 252, 155, 28, 82, 153, 71, 28, 172, 15, 76, 128, 135, 213, 9, 92, 24, 61, 192, 183, 77, 117, 108, 51, 137, 67, 53, 243, 33, 29, 254, 70, 81, 45, 178, 225, 72, 20, 178, 218, 150, 161, 116, 56, 52, 226, 194, 242, 0, 83, 78, 80, 237, 110, 65, 91, 117, 238, 61, 144, 34, 221, 211, 227, 107, 135, 20, 235, 47, 176, 160, 30, 82, 223, 81, 32, 23, 131, 56, 134, 8, 151, 13, 254, 20, 107, 234, 193, 162, 214, 63, 3, 189, 45, 3, 193, 47, 118, 124, 121, 141, 129, 191, 252, 123, 114, 5, 135, 179, 29, 103, 191, 10, 202, 226, 79, 245, 6, 52, 141, 90, 246, 33, 128, 91, 63, 42, 214, 155, 149, 62, 38, 51, 200, 74, 121, 123, 145, 124, 176, 50, 50, 235, 133, 39, 73, 166, 7, 203, 254, 37, 132, 99, 77, 16, 62, 231, 246, 39, 89, 178, 102, 156, 35, 56, 123, 20, 12, 1, 179, 234, 75, 251, 68, 52, 47, 15, 171, 155, 144, 200, 146, 194, 206, 7, 171, 99, 163, 105, 67, 71, 79, 146, 12, 137, 186, 0, 219, 77, 101, 139, 232, 144, 97, 159, 5, 73, 173, 5, 240, 55, 78, 74, 210, 160, 217, 205, 227, 220, 116, 95, 199, 99, 70, 78, 111, 1, 175, 188, 25, 46, 201, 7, 88, 103, 206, 84, 26, 177, 158, 41, 17, 214, 125, 6, 144, 52, 44, 123, 152, 5, 87, 251, 186, 163, 76, 146, 193, 114, 163, 249, 30, 93, 216, 161, 183, 73, 27, 155, 25, 202, 38, 8, 145, 165, 139, 57, 27, 201, 216, 229, 37, 0, 206, 26, 25, 201, 16, 186, 160, 75, 244, 158, 75, 173, 24, 73, 76, 44, 175, 247, 118, 185, 105, 41, 156, 164, 86, 189, 62, 115, 11, 4, 198, 200, 157, 78, 203, 163, 211, 33, 99, 163, 52, 190, 161, 199, 31, 66, 139, 80, 46, 142, 151, 119, 122, 8, 96, 60, 140, 72, 21, 34, 22, 40, 139, 143, 37, 106, 42, 203, 101, 2, 28, 97, 230, 166, 148, 13, 80, 179, 224, 11, 151, 0, 48, 119, 42, 22, 29, 23, 152, 189, 95, 101, 88, 183, 242, 127, 146, 15, 115, 89, 221, 207, 65, 240, 116, 45, 125, 118, 254, 55, 89, 244, 66, 11, 213, 133, 167, 15, 153, 239, 248, 51, 134, 72, 151, 64, 0, 228, 213, 200, 229, 233, 179, 54, 24, 235, 132, 188, 183, 122, 215, 155, 1, 43, 129, 23, 211, 28, 162, 19, 38, 211, 185, 4, 70, 130, 148, 216, 253, 221, 183, 53, 64, 220, 54, 107, 163, 25, 226, 16, 209, 29, 164, 174, 124, 199, 82, 179, 8, 155, 215, 39, 37, 61, 170, 176, 192, 149, 224, 195, 40, 58, 5, 101, 200, 181, 251, 97, 169, 198, 60, 75, 83, 113, 165, 174, 165, 35, 15, 120, 11, 166, 162, 22, 233, 17, 1, 177, 3, 4, 197, 6, 52, 84, 61, 66, 86, 69, 69, 116, 170, 120, 54, 118, 250, 20, 3, 112, 149, 72, 241, 123, 214, 224, 26, 32, 32, 197, 81, 7, 222, 182, 67, 236, 119, 248, 188, 252, 40, 30, 222, 198, 6, 188, 211, 47, 170, 238, 31, 130, 220, 114, 246, 7, 43, 189, 49, 21, 125, 16, 66, 252, 224, 25, 83, 60, 34, 38, 19, 3, 195, 21, 93, 74, 75, 75, 45, 157, 237, 130, 21, 75, 38, 130, 19, 246, 39, 136, 157, 38, 157, 15, 245, 173, 11, 211, 2, 114, 100, 108, 166, 235, 71, 208, 242, 190, 59, 249, 113, 204, 33, 108, 104, 52, 105, 148, 116, 240, 135, 247, 38, 39, 140, 40, 239, 154, 169, 207, 172, 121, 188, 133, 72, 238, 189, 219, 150, 28, 204, 222, 178, 43, 222, 95, 123, 242, 134, 189, 13, 103, 107, 184, 197, 44, 237, 18, 97, 33, 82, 238, 28, 106, 117, 220, 153, 178, 198, 188, 108, 148, 170, 249, 224, 133, 192, 98, 68, 77, 78, 31, 173, 59, 226, 121, 117, 5, 237, 115, 142, 179, 20, 93, 199, 151, 103, 73, 81, 117, 22, 124, 208, 75, 205, 99, 156, 190, 115, 76, 145, 160, 158, 245, 41, 107, 44, 118, 22, 33, 9, 237, 32, 129, 62, 9, 152, 240, 187, 12, 121, 207, 50, 228, 107, 174, 122, 142, 78, 204, 153, 60, 250, 82, 67, 186, 59, 82, 14, 112, 179, 43, 228, 146, 99, 29, 102, 48, 37, 159, 205, 233, 210, 93, 132, 85, 248, 146, 20, 173, 25, 114, 67, 132, 229, 59, 237, 74, 151, 152, 181, 116, 123, 14, 179, 63, 253, 156, 8, 202, 173, 14, 205, 177, 46, 143, 200, 113, 168, 48, 84, 214, 24, 103, 17, 101, 228, 58, 59, 22, 52, 220, 31, 179, 50, 7, 241, 55, 227, 173, 116, 48, 138, 76, 237, 55, 97, 181, 19, 73, 218, 203, 243, 250, 228, 160, 157, 98, 180, 127, 2, 224, 127, 84, 48, 98, 46, 34, 98, 118, 251, 113, 254, 239, 148, 183, 29, 135, 176, 48, 158, 99, 204, 224, 122, 216, 192, 231, 167, 184, 137, 207, 89, 241, 225, 183, 46, 110, 223, 38, 241, 40, 137, 252, 126, 25, 255, 22, 165, 16, 211, 176, 231, 215, 99, 143, 225, 121, 36, 31, 28, 1, 21, 62, 244, 29, 247, 172, 76, 160, 71, 4, 210, 25, 6, 230, 101, 36, 126, 41, 152, 178, 7, 140, 129, 81, 228, 13, 80, 83, 235, 152, 221, 249, 29, 43, 235, 191, 125, 133, 53, 129, 120, 39, 63, 82, 88, 72, 44, 231, 75, 88, 241, 230, 82, 8, 40, 38, 237, 199, 120, 151, 41, 146, 100, 6, 67, 212, 150, 104, 136, 254, 231, 158, 59, 45, 104, 69, 113, 121, 114, 245, 240, 183, 147, 200, 94, 98, 83, 36, 106, 36, 235, 104, 80, 117, 125, 69, 150, 186, 50, 136, 250, 230, 184, 114, 113, 12, 236, 99, 84, 45, 197, 99, 28, 73, 131, 92, 51, 251, 204, 172, 48, 34, 81, 14, 10, 214, 27, 20, 39, 144, 239, 211, 154, 56, 5, 97, 215, 21, 214, 118, 249, 236, 59, 240, 214, 251, 1, 4, 3, 63, 7, 169, 3, 79, 165, 82, 120, 6, 59, 81, 0, 108, 52, 70, 95, 253, 243, 209, 86, 36, 37, 3, 21, 96, 175, 100, 1, 107, 123, 51, 81, 49, 113, 126, 62, 253, 181, 179, 70, 25, 174, 42, 160, 249, 138, 118, 118, 234, 91, 188, 151, 19, 146, 65, 184, 121, 79, 130, 27, 7, 217, 174, 231, 52, 109, 109, 183, 9, 152, 115, 70, 254, 123, 226, 21, 142, 78, 16, 97, 162, 27, 95, 64, 18, 186, 239, 51, 165, 246, 12, 193, 72, 206, 223, 150, 243, 149, 151, 233, 49, 83, 234, 143, 145, 159, 89, 249, 112, 1, 76, 104, 231, 209, 165, 66, 23, 135, 57, 203, 235, 25, 117, 219, 229, 238, 153, 107, 177, 112, 188, 195, 202, 226, 3, 64, 181, 24, 161, 82, 127, 84, 184, 198, 16, 50, 193, 69, 8, 103, 205, 200, 52, 15, 103, 163, 124, 149, 61, 127, 24, 202, 55, 197, 135, 96, 232, 180, 89, 27, 214, 43, 212, 33, 52, 99, 134, 147, 248, 75, 38, 188, 242, 171, 6, 32, 168, 6, 43, 201, 154, 135, 177, 31, 11, 136, 167, 27, 29, 232, 163, 192, 1, 148, 117, 119, 163, 21, 25, 73, 126, 55, 46, 21, 24, 245, 223, 117, 182, 253, 130, 56, 248, 249, 86, 255, 3, 119, 119, 100, 48, 201, 155, 4, 62, 85, 74, 141, 238, 217, 188, 48, 186, 175, 39, 43, 210, 123, 146, 99, 143, 113, 157, 177, 68, 224, 135, 255, 71, 254, 59, 129, 133, 139, 147, 20, 84, 227, 5, 245, 141, 68, 86, 172, 71, 148, 14, 210, 43, 22, 137, 117, 107, 152, 11, 140, 12, 130, 35, 214, 188, 18, 253, 128, 35, 130, 154, 71, 36, 7, 158, 174, 34, 192, 192, 77, 51, 38, 24, 65, 243, 62, 124, 163, 87, 17, 105, 149, 15, 244, 50, 193, 150, 72, 229, 193, 50, 30, 142, 158, 162, 180, 115, 210, 75, 240, 84, 214, 219, 104, 13, 63, 43, 153, 205, 27, 236, 237, 85, 175, 247, 246, 180, 7, 45, 174, 137, 60, 101, 175, 115, 127, 75, 180, 22, 5, 188, 68, 190, 178, 45, 79, 42, 248, 225, 58, 101, 66, 66, 14, 66, 220, 51, 142, 81, 119, 120, 54, 196, 9, 27, 110, 182, 16, 2, 190, 3, 85, 92, 226, 220, 121, 3, 150, 20, 220, 238, 116, 146, 132, 23, 91, 26, 101, 119, 12, 127, 125, 14, 191, 220, 172, 85, 86, 93, 115, 117, 86, 97, 163, 186, 165, 150, 99, 129, 66, 30, 230, 46, 124, 227, 195, 156, 70, 119, 179, 47, 62, 137, 169, 50, 65, 157, 65, 254, 44, 202, 0, 157, 41, 177, 14, 145, 106, 147, 147, 95, 213, 10, 194, 128, 230, 171, 181, 144, 14, 96, 93, 146, 169, 59, 45, 143, 126, 227, 58, 176, 243, 179, 141, 54, 33, 15, 94, 146, 159, 160, 246, 186, 210, 19, 122, 5, 216, 79, 44, 38, 60, 2, 129, 10, 227, 232, 161, 183, 204, 73, 188, 107, 13, 248, 72, 253, 129, 126, 82, 65, 112, 175, 193, 155, 174, 25, 44, 195, 82, 182, 144, 45, 34, 129, 163, 46, 23, 235, 71, 213, 183, 54, 116, 87, 154, 241, 207, 17, 97, 172, 158, 153, 241, 41, 110, 134, 140, 45, 134, 178, 61, 95, 11, 118, 250, 141, 131, 106, 66, 89, 3, 26, 81, 120, 165, 11, 222, 0, 208, 11, 51, 14, 236, 230, 17, 64, 68, 51, 160, 41, 249, 164, 111, 43, 43, 83, 30, 106, 118, 98, 36, 197, 110, 131, 223, 24, 219, 9, 242, 41, 42, 212, 223, 156, 7, 94, 100, 184, 61, 76, 138, 6, 116, 138, 23, 191, 117, 117, 225, 104, 185, 181, 179, 197, 172, 249, 16, 77, 84, 174, 65, 165, 44, 104, 61, 162, 125, 226, 37, 191, 214, 89, 68, 36, 253, 44, 173, 47, 156, 48, 90, 154, 17, 199, 22, 241, 103, 112, 235, 15, 119, 46, 232, 109, 246, 95, 74, 101, 5, 191, 21, 94, 7, 61, 125, 44, 127, 67, 214, 38, 113, 186, 157, 51, 200, 248, 232, 50, 25, 183, 193, 232, 7, 84, 70, 125, 42, 60, 62, 14, 250, 182, 143, 177, 184, 90, 105, 34, 59, 143, 251, 104, 221, 232, 26, 98, 225, 175, 190, 237, 104, 197, 150, 200, 233, 185, 93, 50, 237, 42, 43, 90, 178, 220, 35, 159, 94, 16, 220, 7, 9, 85, 56, 142, 228, 123, 83, 16, 237, 41, 228, 137, 70, 78, 190, 91, 7, 27, 47, 147, 136, 211, 141, 105, 140, 165, 201, 85, 102, 78, 27, 32, 106, 182, 121, 229, 225, 32, 3, 9, 35, 28, 131, 44, 94, 133, 205, 12, 14, 134, 2, 242, 88, 9, 41, 201, 4, 30, 45, 21, 30, 245, 72, 7, 96, 82, 17, 95, 23, 154, 6, 57, 24, 88, 221, 158, 146, 17, 250, 71, 220, 36, 186, 255, 94, 189, 229, 79, 163, 222, 238, 169, 7, 7, 95, 26, 184, 226, 134, 52, 34, 6, 58, 237, 16, 158, 127, 164, 85, 120, 141, 243, 167, 111, 79, 241, 182, 15, 77, 183, 218, 254, 102, 125, 130, 36, 185, 14, 121, 65, 107, 95, 37, 248, 161, 107, 155, 92, 32, 7, 100, 97, 132, 121, 25, 15, 91, 201, 190, 177, 249, 119, 222, 242, 224, 207, 234, 204, 121, 48, 12, 89, 89, 23, 240, 218, 73, 191, 66, 243, 146, 156, 213, 139, 211, 187, 12, 128, 164, 62, 214, 41, 145, 79, 3, 38, 206, 186, 178, 175, 145, 25, 232, 105, 116, 20, 15, 224, 107, 43, 240, 28, 32, 73, 207, 226, 140, 43, 203, 69, 93, 34, 216, 242, 43, 217, 63, 177, 74, 179, 82, 180, 14, 1, 214, 254, 162, 141, 187, 123, 58, 124, 138, 37, 76, 148, 132, 189, 51, 234, 145, 94, 63, 199, 84, 106, 206, 144, 54, 209, 70, 34, 182, 200, 71, 7, 57, 109, 75, 148, 72, 138, 144, 10, 237, 163, 103, 168, 170, 169, 233, 50, 43, 97, 124, 48, 198, 65, 208, 152, 20, 51, 205, 225, 208, 117, 168, 19, 205, 28, 183, 5, 240, 140, 59, 158, 55, 105, 94, 121, 84, 156, 251, 49, 85, 166, 98, 63, 183, 173, 11, 8, 218, 160, 244, 77, 196, 221, 97, 30, 30, 131, 112, 172, 46, 14, 50, 217, 140, 240, 42, 35, 77, 224, 124, 44, 24, 30, 236, 45, 251, 241, 153, 68, 158, 217, 187, 31, 200, 173, 127, 46, 167, 134, 222, 210, 30, 3, 114, 186, 211, 194, 249, 70, 40, 154, 194, 136, 151, 20, 91, 132, 112, 58, 5, 33, 155, 182, 31, 124, 227, 201, 102, 0, 208, 203, 233, 225, 206, 214, 137, 19, 213, 233, 63, 58, 65, 222, 16, 35, 61, 21, 37, 93, 125, 221, 87, 204, 104, 71, 135, 5, 70, 37, 146, 11, 210, 58, 113, 143, 118, 74, 9, 188, 67, 9, 233, 94, 241, 92, 35, 120, 233, 85, 139, 99, 14, 93, 200, 200, 200, 68, 153, 174, 81, 198, 226, 19, 88, 88, 152, 103, 79, 166, 107, 136, 214, 40, 16, 56, 183, 160, 137, 245, 164, 144, 102, 71, 114, 40, 209, 178, 230, 94, 222, 17, 134, 4, 172, 40, 85, 130, 63, 178, 38, 166, 251, 242, 119, 170, 179, 242, 150, 126, 58, 111, 96, 55, 126, 181, 243, 243, 218, 74, 164, 22, 55, 60, 160, 18, 155, 17, 29, 172, 76, 37, 206, 168, 191, 60, 234, 64, 239, 75, 40, 73, 71, 19, 19, 57, 51, 32, 66, 121, 196, 249, 166, 179, 145, 42, 130, 255, 42, 26, 234, 121, 245, 239, 79, 46, 255, 165, 30, 238, 252, 131, 193, 168, 70, 82, 19, 80, 159, 185, 196, 73, 160, 248, 91, 1, 54, 245, 134, 97, 225, 4, 178, 87, 49, 251, 248, 111, 39, 191, 165, 180, 126, 207, 43, 189, 17, 82, 37, 167, 170, 162, 51, 108, 91, 164, 204, 180, 179, 239, 45, 76, 87, 13, 178, 99, 64, 7, 168, 45, 56, 69, 114, 235, 15, 24, 112, 123, 4, 159, 172, 119, 69, 24, 4, 95, 41, 49, 171, 119, 253, 51, 110, 250, 78, 31, 168, 36, 6, 165, 196, 222, 72, 113, 157, 64, 30, 189, 73, 169, 144, 196, 221, 246, 232, 124, 17, 60, 100, 52, 236, 33, 79, 162, 80, 225, 98, 16, 24, 237, 93, 238, 158, 170, 124, 185, 162, 97, 27, 185, 181, 99, 9, 61, 149, 119, 130, 103, 227, 181, 89, 177, 47, 172, 130, 132, 225, 213, 112]
[C++] G2 data (128 bytes):
[126, 35, 31, 236, 147, 136, 131, 176, 159, 89, 68, 7, 59, 50, 7, 139, 188, 137, 181SRS initialized successfully!
ultra honk proof generation time: 44.085833ms
proof_fields [[0, 0, 1, 201, 0, 0, 57, 36, 0, 0, 57, 32, 0, 0, 0, 0, 0, 0, 0, 0, 0, 0, 0, 0, 0, 0, 0, 0, 0, 0, 0, 0], [0, 0, 0, 0, 0, 0, 0, 0, 0, 0, 0, 6, 0, 0, 0, 0, 0, 0, 0, 0, 0, 0, 0, 0, 0, 0, 0, 0, 0, 0, 0, 0], [0, 0, 0, 4, 42, 181, 214, 209, 152, 104, 70, 207, 0, 0, 0, 0, 0, 0, 0, 0, 0, 0, 0, 0, 0, 0, 0, 0, 0, 0, 0, 0], [0, 0, 0, 11, 20, 247, 131, 179, 197, 52, 154, 36, 143, 95, 116, 146, 252, 253, 79, 69, 175, 152, 47, 111, 12, 141, 30, 221, 120, 60, 20, 216], [31, 255, 255, 254, 41, 172, 44, 88, 131, 99, 142, 160, 71, 175, 186, 73, 126, 126, 167, 162, 215, 204, 23, 183, 134, 70, 143, 110, 188, 30, 10, 108], [15, 255, 255, 255, 0, 0, 49, 233, 122, 87, 94, 157, 0, 0, 0, 0, 0, 0, 0, 0, 0, 0, 0, 0, 0, 0, 0, 0, 0, 0, 0, 0], [0, 0, 0, 11, 38, 2, 6, 7, 238, 90, 53, 122, 71, 175, 186, 73, 126, 126, 167, 162, 215, 204, 23, 183, 134, 70, 143, 110, 188, 30, 10, 108], [16, 0, 0, 11, 16, 169, 98, 151, 32, 67, 106, 193, 71, 175, 186, 73, 126, 126, 167, 162, 215, 204, 23, 183, 134, 70, 143, 110, 188, 30, 10, 108], [16, 0, 0, 12, 17, 93, 204, 43, 189, 52, 24, 80, 143, 95, 116, 146, 252, 253, 79, 69, 175, 152, 47, 111, 12, 141, 30, 221, 120, 60, 20, 216], [31, 255, 255, 254, 0, 1, 120, 203, 244, 32, 100, 113, 0, 0, 0, 0, 0, 0, 0, 0, 0, 0, 0, 0, 0, 0, 0, 0, 0, 0, 0, 0], [0, 0, 0, 0, 39, 138, 80, 70, 98, 189, 171, 145, 30, 190, 233, 37, 249, 250, 158, 139, 95, 48, 94, 222, 25, 26, 61, 186, 240, 120, 41, 176], [64, 0, 0, 3, 11, 91, 120, 81, 206, 187, 20, 174, 102, 110, 163, 111, 120, 121, 70, 46, 54, 252, 118, 149, 159, 96, 205, 41, 172, 150, 52, 28], [80, 0, 0, 4, 39, 208, 157, 18, 92, 57, 51, 174, 143, 95, 116, 146, 252, 253, 79, 69, 175, 152, 47, 111, 12, 141, 30, 221, 120, 60, 20, 216], [31, 255, 255, 254, 0, 0, 249, 70, 86, 162, 202, 72, 0, 0, 0, 0, 0, 0, 0, 0, 0, 0, 0, 0, 0, 0, 0, 0, 0, 0, 0, 0], [0, 0, 0, 6, 9, 29, 3, 8, 91, 229, 149, 174, 102, 110, 163, 111, 120, 121, 70, 46, 54, 252, 118, 149, 159, 96, 205, 41, 172, 150, 52, 28], [80, 0, 0, 4, 15, 126, 41, 4, 19, 208, 132, 147, 71, 175, 186, 73, 126, 126, 167, 162, 215, 204, 23, 183, 134, 70, 143, 110, 188, 30, 10, 108], [16, 0, 0, 3, 15, 155, 32, 181, 1, 146, 192, 3, 215, 15, 46, 220, 123, 123, 246, 232, 135, 100, 71, 38, 146, 211, 174, 76, 52, 90, 31, 68], [47, 255, 255, 253, 0, 1, 181, 44, 32, 32, 215, 70, 0, 0, 0, 0, 0, 0, 0, 0, 0, 0, 0, 0, 0, 0, 0, 91, 234, 97, 6, 183], [126, 38, 169, 184, 44, 210, 32, 47, 105, 116, 155, 195, 0, 0, 0, 0, 0, 0, 0, 0, 0, 0, 0, 0, 0, 0, 0, 0, 0, 42, 182, 97], [237, 163, 51, 128, 14, 90, 18, 31, 145, 191, 41, 58, 0, 0, 0, 0, 0, 0, 0, 0, 0, 0, 0, 0, 0, 0, 0, 8, 122, 108, 14, 98], [155, 136, 163, 240, 8, 143, 195, 104, 103, 114, 15, 160, 0, 0, 0, 0, 0, 0, 0, 0, 0, 0, 0, 0, 0, 0, 0, 0, 0, 32, 168, 93], [80, 175, 250, 199, 35, 211, 180, 47, 92, 124, 177, 154, 0, 0, 0, 0, 0, 0, 0, 0, 0, 0, 0, 0, 0, 0, 0, 15, 153, 153, 166, 100], [136, 78, 39, 157, 2, 115, 18, 250, 37, 176, 106, 211, 215, 15, 46, 220, 123, 123, 246, 232, 135, 100, 71, 38, 146, 211, 174, 76, 52, 114, 129, 137], [12, 45, 146, 169, 29, 58, 75, 246, 53, 70, 250, 172, 71, 175, 186, 73, 126, 126, 167, 162, 215, 204, 23, 183, 134, 70, 143, 123, 133, 186, 249, 175], [231, 42, 244, 181, 1, 2, 45, 126, 167, 122, 76, 66, 215, 15, 46, 220, 123, 123, 246, 232, 135, 100, 71, 38, 146, 211, 174, 76, 52, 101, 114, 166], [30, 15, 80, 131, 13, 106, 158, 239, 54, 188, 153, 84, 71, 175, 186, 73, 126, 126, 167, 162, 215, 204, 23, 183, 134, 70, 143, 181, 106, 31, 79, 9], [169, 25, 145, 112, 24, 157, 7, 222, 25, 25, 225, 235, 71, 175, 186, 73, 126, 126, 167, 162, 215, 204, 23, 183, 134, 70, 143, 110, 188, 33, 4, 162], [161, 7, 140, 110, 29, 36, 228, 191, 192, 83, 190, 131, 71, 175, 186, 73, 126, 126, 167, 162, 215, 204, 23, 183, 134, 70, 144, 32, 43, 244, 248, 78], [222, 210, 228, 169, 31, 184, 190, 168, 69, 176, 20, 16, 30, 190, 233, 37, 249, 250, 158, 139, 95, 48, 94, 222, 25, 26, 61, 186, 240, 125, 222, 50], [158, 121, 16, 239, 35, 65, 104, 181, 6, 1, 87, 164, 30, 190, 233, 37, 249, 250, 158, 139, 95, 48, 94, 222, 25, 26, 62, 52, 192, 11, 225, 180], [134, 156, 253, 22, 43, 135, 1, 223, 102, 32, 189, 65, 30, 190, 233, 37, 249, 250, 158, 139, 95, 48, 94, 222, 25, 26, 61, 186, 240, 134, 130, 200], [181, 87, 246, 129, 43, 122, 8, 9, 210, 45, 62, 92, 71, 175, 186, 73, 126, 126, 167, 162, 215, 204, 23, 183, 134, 70, 143, 250, 142, 114, 4, 88], [125, 42, 160, 169, 31, 206, 30, 16, 132, 194, 214, 245, 71, 175, 186, 73, 126, 126, 167, 162, 215, 204, 23, 183, 134, 70, 143, 110, 188, 39, 89, 67], [206, 11, 218, 179, 11, 167, 31, 11, 90, 113, 63, 70, 0, 0, 0, 0, 0, 0, 0, 0, 0, 0, 0, 0, 0, 0, 0, 121, 207, 147, 184, 4], [70, 156, 253, 26, 43, 135, 1, 223, 102, 32, 189, 65, 30, 190, 233, 37, 249, 250, 158, 139, 95, 48, 94, 222, 25, 26, 61, 186, 240, 134, 130, 200], [181, 87, 246, 129, 43, 122, 8, 9, 210, 45, 62, 92, 71, 175, 186, 73, 126, 126, 167, 162, 215, 204, 23, 183, 134, 70, 143, 250, 142, 114, 4, 88], [125, 42, 160, 169, 31, 206, 30, 16, 132, 194, 214, 245, 71, 175, 186, 73, 126, 126, 167, 162, 215, 204, 23, 183, 134, 70, 143, 110, 188, 39, 89, 67], [206, 11, 218, 179, 11, 167, 31, 11, 90, 113, 63, 70, 0, 0, 0, 0, 0, 0, 0, 0, 0, 0, 0, 0, 0, 0, 0, 163, 191, 108, 203, 150], [206, 25, 181, 192, 4, 31, 70, 250, 80, 186, 184, 247, 215, 15, 46, 220, 123, 123, 246, 232, 135, 100, 71, 38, 146, 211, 174, 76, 52, 95, 153, 190], [147, 47, 106, 240, 9, 231, 187, 195, 30, 197, 39, 93, 30, 190, 233, 37, 249, 250, 158, 139, 95, 48, 94, 222, 25, 26, 62, 91, 191, 238, 211, 172], [153, 109, 0, 182, 2, 131, 125, 7, 87, 169, 237, 129, 102, 110, 163, 111, 120, 121, 70, 46, 54, 252, 118, 149, 159, 96, 205, 41, 172, 176, 150, 189], [42, 93, 194, 137, 45, 239, 49, 27, 171, 124, 212, 177, 215, 15, 46, 220, 123, 123, 246, 232, 135, 100, 71, 38, 146, 211, 174, 159, 98, 62, 107, 206], [47, 23, 148, 45, 19, 10, 196, 252, 94, 225, 45, 93, 71, 175, 186, 73, 126, 126, 167, 162, 215, 204, 23, 183, 134, 70, 143, 110, 188, 58, 89, 157], [132, 255, 115, 13, 30, 113, 4, 5, 95, 173, 135, 161, 71, 175, 186, 73, 126, 126, 167, 162, 215, 204, 23, 183, 134, 70, 143, 182, 151, 119, 97, 19], [185, 118, 33, 21, 21, 238, 139, 201, 6, 39, 7, 248, 0, 0, 0, 0, 0, 0, 0, 0, 0, 0, 0, 0, 0, 0, 0, 0, 0, 18, 66, 101], [176, 165, 112, 31, 11, 250, 57, 178, 88, 233, 109, 146, 30, 190, 233, 37, 249, 250, 158, 139, 95, 48, 94, 222, 25, 26, 62, 60, 221, 8, 229, 10], [226, 148, 146, 84, 10, 66, 134, 103, 159, 59, 126, 225, 102, 110, 163, 111, 120, 121, 70, 46, 54, 252, 118, 149, 159, 96, 205, 41, 172, 161, 51, 13], [66, 17, 7, 5, 11, 50, 24, 252, 165, 38, 164, 149, 71, 175, 186, 73, 126, 126, 167, 162, 215, 204, 23, 183, 134, 70, 144, 36, 201, 212, 150, 188], [174, 115, 29, 19, 7, 138, 236, 168, 130, 164, 173, 200, 215, 15, 46, 220, 123, 123, 246, 232, 135, 100, 71, 38, 146, 211, 174, 76, 52, 135, 233, 242], [193, 41, 253, 115, 9, 169, 209, 192, 25, 205, 252, 216, 5, 104, 89, 27, 220, 141, 33, 125, 37, 177, 106, 173, 234, 225, 189, 80, 157, 11, 84, 79], [61, 52, 213, 1, 17, 132, 122, 172, 37, 61, 92, 205, 145, 106, 152, 198, 125, 29, 196, 218, 201, 155, 81, 158, 54, 0, 104, 54, 55, 190, 200, 21], [140, 132, 155, 138, 16, 3, 164, 54, 131, 152, 226, 57, 66, 168, 148, 141, 235, 170, 134, 153, 71, 68, 122, 194, 205, 163, 220, 189, 233, 55, 43, 132], [89, 19, 23, 79, 41, 203, 69, 145, 46, 73, 30, 141, 87, 10, 59, 188, 122, 33, 121, 164, 179, 141, 145, 121, 129, 14, 20, 10, 34, 192, 171, 231], [197, 64, 234, 55, 5, 185, 33, 237, 64, 167, 178, 241, 10, 108, 251, 149, 232, 210, 190, 156, 148, 168, 52, 101, 114, 217, 224, 146, 76, 204, 74, 183], [29, 198, 6, 142, 35, 28, 139, 243, 251, 117, 3, 18, 29, 39, 231, 58, 176, 1, 3, 235, 62, 226, 34, 54, 154, 192, 217, 113, 236, 46, 203, 102], [5, 58, 2, 240, 4, 165, 213, 245, 105, 73, 206, 175, 101, 39, 35, 43, 48, 251, 92, 90, 153, 117, 63, 147, 90, 214, 158, 161, 183, 192, 230, 191], [22, 122, 209, 166, 31, 11, 5, 252, 214, 150, 171, 176, 44, 232, 132, 218, 7, 177, 18, 106, 218, 107, 146, 229, 160, 231, 27, 233, 220, 193, 119, 87], [135, 12, 25, 96, 27, 17, 90, 149, 154, 206, 32, 112, 73, 155, 119, 127, 169, 1, 94, 46, 24, 99, 227, 131, 34, 90, 161, 47, 99, 126, 3, 133], [103, 13, 194, 154, 34, 36, 219, 8, 186, 98, 247, 244, 34, 112, 216, 147, 154, 252, 142, 188, 45, 43, 208, 217, 202, 88, 221, 72, 192, 186, 18, 174], [153, 234, 198, 39, 5, 26, 23, 185, 33, 16, 116, 2, 165, 146, 251, 163, 7, 174, 120, 55, 72, 115, 118, 46, 128, 218, 95, 40, 99, 79, 55, 196], [182, 214, 61, 58, 47, 232, 182, 238, 171, 23, 93, 227, 230, 167, 34, 70, 59, 35, 9, 56, 203, 24, 71, 225, 218, 47, 160, 109, 177, 243, 126, 255], [138, 88, 116, 55, 7, 187, 249, 196, 55, 0, 50, 103, 126, 242, 81, 82, 55, 48, 104, 76, 114, 148, 249, 171, 179, 34, 120, 207, 102, 70, 69, 178], [125, 37, 97, 239, 5, 79, 93, 0, 149, 215, 232, 90, 72, 99, 33, 2, 40, 210, 31, 122, 115, 215, 145, 63, 4, 154, 243, 139, 76, 192, 119, 10], [216, 2, 200, 59, 32, 181, 93, 169, 105, 203, 143, 13, 111, 98, 133, 115, 173, 54, 38, 128, 233, 55, 231, 52, 199, 95, 230, 227, 21, 227, 158, 133], [149, 253, 206, 148, 32, 11, 93, 34, 162, 169, 126, 182, 164, 29, 149, 31, 136, 182, 173, 91, 10, 128, 177, 110, 218, 204, 104, 53, 17, 121, 81, 22], [111, 159, 157, 85, 47, 134, 98, 180, 207, 179, 234, 39, 249, 138, 93, 126, 179, 137, 87, 150, 247, 138, 57, 183, 11, 250, 57, 39, 174, 217, 100, 220], [9, 204, 19, 6, 40, 9, 95, 128, 151, 36, 248, 143, 25, 197, 139, 135, 174, 51, 151, 105, 23, 239, 208, 143, 62, 194, 53, 120, 58, 255, 22, 198], [190, 170, 225, 213, 3, 59, 241, 214, 148, 155, 176, 47, 217, 234, 116, 46, 188, 99, 40, 229, 178, 243, 7, 87, 24, 119, 130, 72, 207, 20, 71, 18], [198, 27, 159, 141, 12, 3, 140, 192, 137, 110, 121, 226, 60, 15, 97, 102, 194, 227, 249, 161, 53, 77, 201, 209, 39, 244, 10, 38, 172, 162, 32, 168], [186, 158, 46, 213, 0, 149, 10, 112, 68, 85, 182, 146, 93, 175, 211, 55, 85, 165, 69, 178, 207, 227, 115, 99, 12, 106, 114, 180, 228, 202, 158, 117], [254, 9, 24, 80, 17, 104, 3, 180, 58, 43, 15, 182, 143, 247, 137, 58, 172, 173, 184, 88, 65, 144, 45, 104, 192, 131, 105, 77, 110, 154, 162, 226], [83, 36, 26, 54, 12, 62, 12, 249, 132, 147, 205, 125, 76, 126, 229, 254, 198, 13, 10, 193, 112, 34, 60, 128, 81, 173, 82, 73, 133, 79, 246, 111], [15, 225, 179, 45, 21, 30, 210, 178, 63, 75, 79, 8, 102, 117, 26, 85, 254, 98, 107, 188, 141, 44, 205, 160, 161, 231, 48, 64, 99, 137, 70, 216], [152, 86, 22, 238, 23, 247, 46, 2, 50, 162, 182, 18, 177, 55, 43, 91, 180, 223, 107, 189, 106, 96, 129, 140, 85, 110, 253, 62, 233, 110, 152, 191], [224, 199, 94, 65, 38, 216, 42, 105, 157, 179, 99, 118, 80, 32, 162, 180, 96, 40, 10, 131, 63, 69, 19, 221, 180, 198, 111, 115, 20, 248, 114, 98], [117, 116, 52, 225, 9, 42, 93, 18, 187, 98, 132, 176, 136, 106, 236, 59, 144, 231, 158, 11, 142, 228, 153, 234, 219, 197, 55, 185, 234, 189, 222, 227], [120, 199, 225, 228, 47, 97, 81, 90, 118, 69, 220, 94, 42, 138, 24, 210, 101, 142, 74, 222, 6, 210, 128, 240, 244, 103, 135, 46, 202, 199, 37, 82], [154, 189, 177, 77, 1, 200, 230, 77, 196, 91, 214, 238, 42, 89, 240, 47, 121, 167, 109, 48, 71, 196, 79, 201, 41, 113, 7, 52, 103, 249, 133, 71], [245, 155, 43, 15, 19, 249, 206, 80, 134, 42, 28, 135, 178, 144, 102, 2, 60, 51, 136, 137, 59, 182, 255, 111, 47, 191, 0, 62, 181, 72, 252, 163], [78, 142, 126, 194, 28, 105, 20, 255, 178, 214, 5, 208, 36, 24, 141, 67, 142, 219, 71, 102, 137, 213, 42, 212, 97, 227, 122, 78, 99, 34, 155, 56], [32, 61, 141, 159, 45, 124, 233, 105, 233, 227, 36, 251, 43, 212, 72, 185, 230, 66, 133, 129, 193, 212, 30, 230, 60, 125, 212, 89, 89, 68, 72, 10], [253, 230, 212, 208, 22, 102, 142, 60, 95, 247, 101, 156, 66, 203, 68, 122, 13, 129, 175, 140, 144, 105, 6, 65, 159, 121, 82, 125, 18, 252, 142, 56], [94, 234, 109, 242, 37, 157, 216, 179, 80, 70, 241, 1, 113, 151, 253, 186, 49, 158, 69, 209, 166, 242, 209, 118, 218, 87, 213, 248, 146, 133, 89, 117], [234, 68, 137, 104, 41, 151, 48, 177, 14, 71, 216, 193, 46, 22, 206, 143, 241, 57, 61, 102, 236, 254, 59, 143, 134, 174, 179, 123, 19, 55, 251, 149], [45, 144, 44, 76, 29, 12, 62, 55, 142, 167, 132, 167, 67, 50, 210, 230, 61, 143, 158, 159, 130, 54, 140, 120, 163, 126, 134, 161, 185, 101, 49, 238], [144, 231, 164, 92, 42, 188, 107, 160, 72, 244, 118, 166, 11, 51, 40, 15, 174, 99, 216, 71, 203, 57, 147, 26, 8, 252, 130, 234, 113, 252, 194, 145], [1, 199, 188, 35, 39, 150, 255, 188, 35, 59, 244, 156, 45, 66, 234, 238, 142, 134, 177, 53, 219, 225, 188, 23, 194, 141, 22, 61, 236, 194, 186, 52], [202, 160, 187, 162, 42, 16, 86, 189, 99, 4, 47, 5, 179, 35, 150, 118, 127, 71, 109, 37, 92, 207, 18, 25, 184, 121, 200, 60, 140, 228, 114, 169], [116, 55, 60, 81, 17, 2, 100, 122, 32, 209, 174, 171, 173, 150, 126, 231, 130, 126, 32, 42, 62, 50, 135, 103, 34, 16, 63, 197, 60, 93, 83, 150], [115, 99, 2, 159, 30, 71, 158, 35, 26, 174, 54, 189, 75, 59, 5, 142, 154, 89, 207, 70, 241, 192, 84, 26, 241, 72, 185, 55, 33, 242, 160, 26], [60, 247, 97, 68, 47, 151, 172, 219, 81, 30, 220, 60, 161, 197, 126, 123, 74, 204, 254, 210, 192, 112, 111, 47, 68, 137, 214, 109, 3, 229, 68, 128], [86, 11, 73, 34, 5, 88, 83, 143, 51, 118, 207, 85, 230, 199, 218, 227, 151, 82, 77, 175, 57, 158, 163, 12, 156, 52, 225, 213, 212, 161, 160, 3], [133, 193, 181, 118, 44, 155, 93, 17, 145, 139, 3, 36, 34, 121, 246, 50, 250, 249, 235, 146, 208, 5, 70, 138, 227, 250, 82, 153, 193, 47, 59, 102], [247, 76, 169, 46, 42, 246, 150, 186, 244, 224, 254, 218, 38, 160, 94, 164, 184, 183, 2, 234, 124, 65, 250, 193, 93, 75, 3, 124, 85, 122, 148, 145], [23, 95, 64, 109, 38, 115, 153, 239, 240, 133, 131, 47, 5, 182, 149, 27, 141, 105, 83, 207, 99, 247, 47, 104, 32, 96, 89, 169, 8, 104, 142, 25], [248, 103, 109, 89, 19, 132, 53, 55, 94, 29, 231, 144, 72, 209, 165, 57, 140, 222, 156, 71, 150, 186, 181, 182, 95, 32, 125, 230, 48, 48, 163, 54], [117, 243, 151, 83, 15, 121, 87, 127, 154, 181, 5, 173, 112, 22, 87, 244, 158, 209, 15, 128, 13, 248, 155, 32, 124, 39, 243, 171, 145, 112, 208, 218], [130, 50, 232, 146, 44, 253, 75, 157, 114, 56, 92, 98, 236, 210, 96, 171, 172, 236, 39, 139, 132, 59, 100, 246, 221, 138, 19, 240, 177, 131, 136, 68], [166, 189, 87, 130, 23, 179, 123, 235, 176, 44, 100, 59, 46, 106, 199, 235, 250, 176, 243, 230, 8, 208, 58, 160, 74, 60, 143, 136, 173, 56, 243, 246], [9, 184, 90, 156, 33, 247, 215, 245, 28, 253, 39, 121, 72, 224, 203, 14, 241, 188, 251, 101, 208, 150, 94, 38, 242, 71, 147, 215, 31, 42, 163, 8], [248, 118, 171, 53, 37, 106, 116, 10, 52, 0, 197, 165, 31, 219, 160, 230, 225, 133, 54, 21, 114, 255, 247, 174, 143, 222, 173, 155, 131, 168, 64, 252], [70, 120, 188, 117, 46, 62, 107, 249, 146, 9, 207, 87, 116, 158, 30, 24, 55, 103, 23, 167, 29, 246, 115, 167, 42, 172, 160, 120, 55, 50, 67, 8], [162, 244, 20, 241, 45, 153, 227, 10, 108, 238, 215, 21, 58, 189, 145, 139, 86, 63, 228, 44, 245, 195, 55, 226, 45, 228, 157, 186, 134, 180, 185, 162], [91, 173, 194, 185, 25, 107, 71, 145, 233, 98, 79, 185, 48, 135, 204, 156, 200, 125, 88, 95, 76, 41, 210, 142, 163, 41, 195, 86, 35, 228, 235, 213], [3, 57, 245, 12, 5, 99, 155, 18, 163, 238, 60, 128, 51, 92, 64, 81, 158, 28, 194, 222, 25, 14, 55, 253, 14, 222, 12, 40, 72, 36, 219, 217], [102, 47, 18, 188, 24, 53, 67, 98, 209, 235, 4, 105, 92, 79, 118, 240, 113, 176, 172, 242, 87, 148, 135, 61, 177, 77, 155, 149, 224, 39, 173, 23], [8, 22, 75, 156, 16, 111, 163, 94, 254, 58, 180, 245, 5, 103, 19, 111, 128, 11, 226, 166, 108, 144, 193, 227, 161, 240, 56, 140, 238, 159, 155, 215], [21, 60, 169, 83, 41, 65, 42, 228, 74, 101, 35, 111, 21, 97, 27, 31, 83, 216, 105, 53, 215, 254, 166, 34, 215, 27, 185, 34, 209, 183, 153, 63], [15, 81, 224, 24, 31, 49, 77, 171, 67, 118, 101, 73, 110, 235, 165, 11, 195, 35, 94, 224, 147, 104, 163, 20, 103, 141, 190, 34, 76, 179, 160, 23], [52, 158, 128, 6, 24, 164, 174, 178, 123, 157, 114, 181, 10, 73, 135, 248, 103, 121, 209, 187, 133, 230, 67, 4, 74, 203, 34, 184, 146, 59, 186, 234], [184, 208, 141, 188, 18, 178, 188, 55, 46, 35, 234, 51, 226, 236, 201, 14, 186, 13, 182, 193, 103, 216, 38, 170, 65, 214, 104, 233, 182, 212, 139, 87], [126, 46, 77, 190, 16, 26, 49, 216, 178, 244, 96, 28, 216, 174, 109, 170, 7, 167, 199, 213, 216, 35, 244, 16, 2, 214, 14, 186, 19, 135, 50, 97], [43, 187, 210, 242, 44, 220, 204, 204, 136, 69, 155, 67, 227, 155, 127, 200, 122, 110, 58, 99, 240, 181, 79, 190, 105, 43, 232, 151, 101, 36, 27, 221], [141, 239, 220, 171, 22, 191, 16, 228, 155, 129, 219, 118, 7, 179, 128, 248, 194, 20, 108, 128, 152, 8, 74, 42, 120, 160, 66, 73, 113, 184, 193, 23], [48, 102, 62, 141, 21, 156, 156, 39, 218, 174, 231, 253, 10, 210, 230, 120, 73, 94, 83, 105, 44, 109, 69, 193, 33, 212, 166, 9, 72, 82, 68, 95], [72, 142, 113, 43, 35, 132, 232, 204, 49, 149, 157, 142, 43, 40, 157, 87, 49, 3, 48, 54, 99, 4, 209, 99, 76, 118, 226, 124, 66, 238, 84, 65], [135, 176, 242, 49, 33, 218, 212, 248, 135, 78, 48, 120, 74, 240, 29, 211, 225, 65, 144, 105, 165, 47, 131, 164, 226, 117, 142, 75, 128, 110, 2, 156], [217, 79, 97, 219, 24, 164, 229, 186, 163, 101, 106, 6, 30, 57, 15, 77, 156, 123, 19, 232, 148, 53, 59, 50, 238, 53, 76, 17, 9, 240, 125, 40], [93, 4, 42, 198, 17, 109, 42, 63, 70, 5, 191, 191, 253, 3, 221, 120, 210, 231, 248, 203, 229, 36, 30, 193, 136, 135, 114, 29, 216, 61, 219, 73], [100, 70, 65, 233, 14, 229, 147, 4, 232, 157, 248, 142, 110, 233, 58, 185, 210, 247, 150, 75, 234, 109, 149, 211, 224, 115, 205, 71, 35, 176, 30, 110], [245, 55, 172, 248, 10, 76, 50, 52, 47, 91, 194, 64, 129, 15, 248, 27, 18, 250, 226, 126, 22, 48, 106, 189, 151, 209, 171, 214, 88, 145, 126, 202], [164, 126, 175, 176, 5, 125, 246, 139, 29, 95, 186, 62, 6, 170, 193, 98, 129, 217, 101, 101, 179, 240, 171, 106, 18, 17, 28, 59, 94, 231, 213, 147], [148, 171, 235, 146, 6, 134, 169, 63, 139, 136, 38, 227, 134, 124, 40, 17, 93, 66, 147, 136, 179, 80, 68, 235, 251, 207, 190, 150, 118, 90, 73, 148], [222, 226, 44, 232, 44, 17, 161, 82, 22, 145, 60, 142, 0, 171, 105, 221, 129, 245, 187, 48, 119, 88, 75, 81, 255, 2, 122, 129, 246, 44, 4, 176], [36, 103, 236, 191, 3, 21, 113, 214, 216, 192, 48, 9, 171, 76, 64, 29, 251, 246, 24, 108, 151, 92, 7, 120, 107, 10, 205, 239, 201, 167, 36, 109], [26, 86, 233, 116, 46, 115, 71, 185, 53, 56, 188, 74, 217, 226, 192, 78, 164, 25, 186, 73, 77, 172, 216, 11, 168, 6, 205, 89, 30, 224, 166, 213], [140, 19, 171, 127, 32, 20, 169, 0, 187, 87, 160, 8, 188, 16, 36, 188, 43, 56, 197, 164, 153, 229, 161, 170, 152, 2, 130, 79, 160, 43, 48, 252], [73, 98, 120, 148, 5, 249, 100, 167, 158, 180, 29, 18, 36, 220, 91, 165, 27, 51, 175, 98, 119, 223, 6, 136, 17, 239, 250, 199, 33, 132, 207, 26], [139, 89, 211, 174, 41, 204, 72, 127, 152, 33, 31, 216, 68, 107, 233, 97, 210, 128, 128, 106, 126, 54, 49, 244, 248, 236, 190, 251, 134, 116, 114, 208], [179, 26, 159, 57, 22, 255, 137, 27, 97, 48, 199, 206, 40, 242, 151, 153, 119, 162, 94, 72, 67, 252, 255, 3, 166, 89, 163, 151, 116, 195, 110, 169], [18, 56, 209, 41, 27, 229, 63, 40, 45, 99, 175, 17, 0, 153, 65, 30, 1, 4, 137, 103, 166, 179, 183, 46, 179, 1, 111, 228, 56, 124, 59, 51], [237, 69, 212, 73, 6, 133, 188, 27, 6, 79, 194, 164, 156, 18, 8, 229, 237, 221, 42, 218, 207, 11, 43, 237, 255, 253, 203, 221, 221, 252, 190, 142], [73, 13, 10, 26, 29, 202, 42, 54, 198, 3, 179, 57, 246, 252, 125, 103, 222, 15, 140, 52, 215, 108, 250, 248, 155, 77, 32, 218, 170, 237, 200, 42], [210, 225, 14, 173, 8, 74, 179, 122, 229, 151, 202, 68, 161, 113, 129, 210, 164, 253, 197, 222, 155, 148, 246, 119, 205, 227, 195, 182, 71, 206, 7, 185], [9, 204, 123, 232, 30, 138, 31, 125, 150, 190, 235, 5, 77, 175, 214, 21, 221, 119, 117, 190, 210, 20, 124, 238, 192, 173, 229, 152, 145, 156, 223, 151], [113, 130, 151, 142, 10, 138, 249, 5, 127, 203, 235, 249, 128, 227, 212, 115, 204, 171, 84, 123, 46, 81, 180, 246, 161, 144, 9, 180, 119, 46, 111, 98], [201, 128, 240, 220, 4, 28, 255, 194, 185, 254, 248, 182, 169, 201, 80, 145, 11, 163, 100, 163, 48, 217, 64, 130, 104, 255, 139, 168, 16, 172, 220, 243], [126, 184, 140, 30, 37, 220, 15, 113, 191, 170, 29, 25, 1, 250, 87, 221, 33, 188, 213, 84, 55, 18, 83, 135, 239, 112, 205, 162, 136, 140, 78, 188], [80, 49, 179, 34, 29, 152, 25, 159, 215, 24, 235, 47, 14, 184, 209, 27, 126, 194, 178, 79, 188, 5, 132, 11, 105, 250, 218, 46, 254, 152, 56, 155], [123, 82, 187, 163, 45, 141, 89, 42, 142, 96, 205, 134, 4, 155, 174, 176, 91, 251, 166, 203, 127, 149, 245, 24, 114, 145, 40, 97, 66, 194, 40, 131], [81, 134, 196, 4, 42, 79, 66, 53, 240, 23, 13, 133, 83, 61, 40, 79, 32, 134, 253, 70, 22, 62, 143, 128, 244, 187, 42, 194, 96, 23, 125, 211], [105, 185, 225, 49, 8, 93, 79, 32, 47, 52, 197, 188, 130, 186, 187, 149, 140, 201, 35, 242, 203, 190, 219, 5, 252, 101, 215, 252, 157, 58, 58, 113], [177, 42, 56, 74, 7, 246, 213, 102, 8, 152, 165, 61, 25, 176, 72, 168, 19, 177, 128, 73, 113, 42, 241, 140, 177, 243, 93, 248, 156, 162, 201, 64], [160, 80, 231, 115, 12, 103, 170, 39, 20, 109, 251, 177, 0, 206, 217, 225, 8, 95, 35, 221, 107, 167, 57, 63, 18, 169, 152, 104, 75, 155, 31, 135], [180, 222, 154, 164, 35, 3, 156, 160, 1, 219, 151, 38, 233, 131, 62, 249, 204, 253, 13, 145, 220, 68, 127, 6, 247, 226, 34, 174, 83, 58, 137, 211], [174, 2, 33, 50, 21, 72, 31, 129, 127, 160, 179, 156, 71, 175, 186, 73, 126, 126, 167, 162, 215, 204, 23, 183, 134, 70, 143, 110, 188, 30, 10, 108], [15, 255, 255, 255, 0, 0, 0, 0, 0, 0, 0, 0, 0, 0, 0, 0, 0, 0, 0, 0, 0, 0, 0, 0, 0, 0, 0, 0, 0, 0, 0, 0], [0, 0, 0, 0, 0, 0, 0, 0, 0, 0, 0, 0, 0, 0, 0, 0, 0, 0, 0, 0, 0, 0, 0, 0, 0, 0, 0, 0, 0, 0, 0, 0], [0, 0, 0, 0, 0, 0, 0, 0, 0, 0, 0, 0, 0, 0, 0, 0, 0, 0, 0, 0, 0, 0, 0, 0, 0, 0, 0, 0, 0, 0, 0, 0], [0, 0, 0, 0, 0, 0, 0, 0, 0, 0, 0, 0, 0, 0, 0, 0, 0, 0, 0, 0, 0, 0, 0, 0, 0, 0, 0, 0, 0, 0, 0, 0], [0, 0, 0, 0, 0, 0, 0, 0, 0, 0, 0, 0, 0, 0, 0, 0, 0, 0, 0, 0, 0, 0, 0, 0, 0, 0, 0, 0, 0, 0, 0, 0], [0, 0, 0, 0, 0, 0, 0, 0, 0, 0, 0, 0, 0, 0, 0, 0, 0, 0, 0, 0, 0, 0, 0, 0, 0, 0, 0, 0, 0, 0, 0, 0], [0, 0, 0, 0, 0, 0, 0, 0, 0, 0, 0, 0, 0, 0, 0, 0, 0, 0, 0, 0, 0, 0, 0, 0, 0, 0, 0, 0, 0, 0, 0, 0], [0, 0, 0, 0, 0, 0, 0, 0, 0, 0, 0, 0, 0, 0, 0, 0, 0, 0, 0, 0, 0, 0, 0, 0, 0, 0, 0, 0, 0, 0, 0, 0], [0, 0, 0, 0, 0, 0, 0, 0, 0, 0, 0, 0, 0, 0, 0, 0, 0, 0, 0, 0, 0, 0, 0, 0, 0, 0, 0, 0, 0, 0, 0, 0], [0, 0, 0, 0, 0, 0, 0, 0, 0, 0, 0, 0, 0, 0, 0, 0, 0, 0, 0, 0, 0, 0, 0, 0, 0, 0, 0, 0, 0, 0, 0, 0], [0, 0, 0, 0, 0, 0, 0, 0, 0, 0, 0, 0, 0, 0, 0, 0, 0, 0, 0, 0, 0, 0, 0, 0, 0, 0, 0, 0, 0, 0, 0, 0], [0, 0, 0, 0, 0, 0, 0, 0, 0, 0, 0, 0, 0, 0, 0, 0, 0, 0, 0, 0, 0, 0, 0, 0, 0, 0, 0, 0, 0, 0, 0, 0], [0, 0, 0, 0, 0, 0, 0, 0, 0, 0, 0, 0, 0, 0, 0, 0, 0, 0, 0, 0, 0, 0, 0, 0, 0, 0, 0, 0, 0, 0, 0, 0], [0, 0, 0, 0, 0, 0, 0, 0, 0, 0, 0, 0, 0, 0, 0, 0, 0, 0, 0, 0, 0, 0, 0, 0, 0, 0, 0, 0, 0, 0, 0, 0], [0, 0, 0, 0, 0, 0, 0, 0, 0, 0, 0, 0, 0, 0, 0, 0, 0, 0, 0, 0, 0, 0, 0, 0, 0, 0, 0, 0, 0, 0, 0, 0], [0, 0, 0, 0, 0, 0, 0, 0, 0, 0, 0, 0, 0, 0, 0, 0, 0, 0, 0, 0, 0, 0, 0, 0, 0, 0, 0, 0, 0, 0, 0, 0], [0, 0, 0, 0, 0, 0, 0, 0, 0, 0, 0, 0, 0, 0, 0, 0, 0, 0, 0, 0, 0, 0, 0, 0, 0, 0, 0, 0, 0, 0, 0, 0], [0, 0, 0, 0, 0, 0, 0, 0, 0, 0, 0, 0, 0, 0, 0, 0, 0, 0, 0, 0, 0, 0, 0, 0, 0, 0, 0, 0, 0, 0, 0, 0], [0, 0, 0, 0, 0, 0, 0, 0, 0, 0, 0, 0, 0, 0, 0, 0, 0, 0, 0, 0, 0, 0, 0, 0, 0, 0, 0, 0, 0, 0, 0, 0], [0, 0, 0, 0, 0, 0, 0, 0, 0, 0, 0, 0, 0, 0, 0, 0, 0, 0, 0, 0, 0, 0, 0, 0, 0, 0, 0, 0, 0, 0, 0, 0], [0, 0, 0, 0, 0, 0, 0, 0, 0, 0, 0, 0, 0, 0, 0, 0, 0, 0, 0, 0, 0, 0, 0, 0, 0, 0, 0, 0, 0, 0, 0, 0], [0, 0, 0, 0, 0, 0, 0, 0, 0, 0, 0, 0, 0, 0, 0, 0, 0, 0, 0, 0, 0, 0, 0, 0, 0, 0, 0, 0, 0, 0, 0, 0], [0, 0, 0, 0, 0, 0, 0, 0, 0, 0, 0, 0, 0, 0, 0, 0, 0, 0, 0, 0, 0, 0, 0, 0, 0, 0, 0, 0, 0, 0, 0, 0], [0, 0, 0, 0, 0, 0, 0, 0, 0, 0, 0, 0, 0, 0, 0, 0, 0, 0, 0, 0, 0, 0, 0, 0, 0, 0, 0, 0, 0, 0, 0, 0], [0, 0, 0, 0, 0, 0, 0, 0, 0, 0, 0, 0, 0, 0, 0, 0, 0, 0, 0, 0, 0, 0, 0, 0, 0, 0, 0, 0, 0, 0, 0, 0], [0, 0, 0, 0, 0, 0, 0, 0, 0, 0, 0, 0, 0, 0, 0, 0, 0, 0, 0, 0, 0, 0, 0, 0, 0, 0, 0, 0, 0, 0, 0, 0], [0, 0, 0, 0, 0, 0, 0, 0, 0, 0, 0, 0, 0, 0, 0, 0, 0, 0, 0, 0, 0, 0, 0, 0, 0, 0, 0, 0, 0, 0, 0, 0], [0, 0, 0, 0, 0, 0, 0, 0, 0, 0, 0, 0, 0, 0, 0, 0, 0, 0, 0, 0, 0, 0, 0, 0, 0, 0, 0, 0, 0, 0, 0, 0], [0, 0, 0, 0, 0, 0, 0, 0, 0, 0, 0, 0, 0, 0, 0, 0, 0, 0, 0, 0, 0, 0, 0, 0, 0, 0, 0, 0, 0, 0, 0, 0], [0, 0, 0, 0, 0, 0, 0, 0, 0, 0, 0, 0, 0, 0, 0, 0, 0, 0, 0, 0, 0, 0, 0, 0, 0, 0, 0, 0, 0, 0, 0, 0], [0, 0, 0, 0, 0, 0, 0, 0, 0, 0, 0, 0, 0, 0, 0, 0, 0, 0, 0, 0, 0, 0, 0, 0, 0, 0, 0, 0, 0, 0, 0, 0], [0, 0, 0, 0, 0, 0, 0, 0, 0, 0, 0, 0, 0, 0, 0, 0, 0, 0, 0, 0, 0, 0, 0, 0, 0, 0, 0, 0, 0, 0, 0, 0], [0, 0, 0, 0, 0, 0, 0, 0, 0, 0, 0, 0, 0, 0, 0, 0, 0, 0, 0, 0, 0, 0, 0, 0, 0, 0, 0, 0, 0, 0, 0, 0], [0, 0, 0, 0, 0, 0, 0, 0, 0, 0, 0, 0, 0, 0, 0, 0, 0, 0, 0, 0, 0, 0, 0, 0, 0, 0, 0, 0, 0, 0, 0, 0], [0, 0, 0, 0, 0, 0, 0, 0, 0, 0, 0, 0, 0, 0, 0, 0, 0, 0, 0, 0, 0, 0, 0, 0, 0, 0, 0, 0, 0, 0, 0, 0], [0, 0, 0, 0, 0, 0, 0, 0, 0, 0, 0, 0, 0, 0, 0, 0, 0, 0, 0, 0, 0, 0, 0, 0, 0, 0, 0, 0, 0, 0, 0, 0], [0, 0, 0, 0, 0, 0, 0, 0, 0, 0, 0, 0, 0, 0, 0, 0, 0, 0, 0, 0, 0, 0, 0, 0, 0, 0, 0, 0, 0, 0, 0, 0], [0, 0, 0, 0, 0, 0, 0, 0, 0, 0, 0, 0, 0, 0, 0, 0, 0, 0, 0, 0, 0, 0, 0, 0, 0, 0, 0, 0, 0, 0, 0, 0], [0, 0, 0, 0, 0, 0, 0, 0, 0, 0, 0, 0, 0, 0, 0, 0, 0, 0, 0, 0, 0, 0, 0, 0, 0, 0, 0, 0, 0, 0, 0, 0], [0, 0, 0, 0, 0, 0, 0, 0, 0, 0, 0, 0, 0, 0, 0, 0, 0, 0, 0, 0, 0, 0, 0, 0, 0, 0, 0, 0, 0, 0, 0, 0], [0, 0, 0, 0, 0, 0, 0, 0, 0, 0, 0, 0, 0, 0, 0, 0, 0, 0, 0, 0, 0, 0, 0, 0, 0, 0, 0, 0, 0, 0, 0, 0], [0, 0, 0, 0, 0, 0, 0, 0, 0, 0, 0, 0, 0, 0, 0, 0, 0, 0, 0, 0, 0, 0, 0, 0, 0, 0, 0, 0, 0, 0, 0, 0], [0, 0, 0, 0, 0, 0, 0, 0, 0, 0, 0, 0, 0, 0, 0, 0, 0, 0, 0, 0, 0, 0, 0, 0, 0, 0, 0, 0, 0, 0, 0, 0], [0, 0, 0, 0, 0, 0, 0, 0, 0, 0, 0, 0, 0, 0, 0, 0, 0, 0, 0, 0, 0, 0, 0, 0, 0, 0, 0, 0, 0, 0, 0, 0], [0, 0, 0, 0, 0, 0, 0, 0, 0, 0, 0, 0, 0, 0, 0, 0, 0, 0, 0, 0, 0, 0, 0, 0, 0, 0, 0, 0, 0, 0, 0, 0], [0, 0, 0, 0, 0, 0, 0, 0, 0, 0, 0, 0, 0, 0, 0, 0, 0, 0, 0, 0, 0, 0, 0, 0, 0, 0, 0, 0, 0, 0, 0, 0], [0, 0, 0, 0, 0, 0, 0, 0, 0, 0, 0, 0, 0, 0, 0, 0, 0, 0, 0, 0, 0, 0, 0, 0, 0, 0, 0, 0, 0, 0, 0, 0], [0, 0, 0, 0, 0, 0, 0, 0, 0, 0, 0, 0, 0, 0, 0, 0, 0, 0, 0, 0, 0, 0, 0, 0, 0, 0, 0, 0, 0, 0, 0, 0], [0, 0, 0, 0, 0, 0, 0, 0, 0, 0, 0, 0, 0, 0, 0, 0, 0, 0, 0, 0, 0, 0, 0, 0, 0, 0, 0, 0, 0, 0, 0, 0], [0, 0, 0, 0, 0, 0, 0, 0, 0, 0, 0, 0, 0, 0, 0, 0, 0, 0, 0, 0, 0, 0, 0, 0, 0, 0, 0, 0, 0, 0, 0, 0], [0, 0, 0, 0, 0, 0, 0, 0, 0, 0, 0, 0, 0, 0, 0, 0, 0, 0, 0, 0, 0, 0, 0, 0, 0, 0, 0, 0, 0, 0, 0, 0], [0, 0, 0, 0, 0, 0, 0, 0, 0, 0, 0, 0, 0, 0, 0, 0, 0, 0, 0, 0, 0, 0, 0, 0, 0, 0, 0, 0, 0, 0, 0, 0], [0, 0, 0, 0, 0, 0, 0, 0, 0, 0, 0, 0, 0, 0, 0, 0, 0, 0, 0, 0, 0, 0, 0, 0, 0, 0, 0, 0, 0, 0, 0, 0], [0, 0, 0, 0, 0, 0, 0, 0, 0, 0, 0, 0, 0, 0, 0, 0, 0, 0, 0, 0, 0, 0, 0, 0, 0, 0, 0, 0, 0, 0, 0, 0], [0, 0, 0, 0, 0, 0, 0, 0, 0, 0, 0, 0, 0, 0, 0, 0, 0, 0, 0, 0, 0, 0, 0, 0, 0, 0, 0, 0, 0, 0, 0, 0], [0, 0, 0, 0, 0, 0, 0, 0, 0, 0, 0, 0, 0, 0, 0, 0, 0, 0, 0, 0, 0, 0, 0, 0, 0, 0, 0, 0, 0, 0, 0, 0], [0, 0, 0, 0, 0, 0, 0, 0, 0, 0, 0, 0, 0, 0, 0, 0, 0, 0, 0, 0, 0, 0, 0, 0, 0, 0, 0, 0, 0, 0, 0, 0], [0, 0, 0, 0, 0, 0, 0, 0, 0, 0, 0, 0, 0, 0, 0, 0, 0, 0, 0, 0, 0, 0, 0, 0, 0, 0, 0, 0, 0, 0, 0, 0], [0, 0, 0, 0, 0, 0, 0, 0, 0, 0, 0, 0, 0, 0, 0, 0, 0, 0, 0, 0, 0, 0, 0, 0, 0, 0, 0, 0, 0, 0, 0, 0], [0, 0, 0, 0, 0, 0, 0, 0, 0, 0, 0, 0, 0, 0, 0, 0, 0, 0, 0, 0, 0, 0, 0, 0, 0, 0, 0, 0, 0, 0, 0, 0], [0, 0, 0, 0, 0, 0, 0, 0, 0, 0, 0, 0, 0, 0, 0, 0, 0, 0, 0, 0, 0, 0, 0, 0, 0, 0, 0, 0, 0, 0, 0, 0], [0, 0, 0, 0, 0, 0, 0, 0, 0, 0, 0, 0, 0, 0, 0, 0, 0, 0, 0, 0, 0, 0, 0, 0, 0, 0, 0, 0, 0, 0, 0, 0], [0, 0, 0, 0, 0, 0, 0, 0, 0, 0, 0, 0, 0, 0, 0, 0, 0, 0, 0, 0, 0, 0, 0, 0, 0, 0, 0, 0, 0, 0, 0, 0], [0, 0, 0, 0, 0, 0, 0, 0, 0, 0, 0, 0, 0, 0, 0, 0, 0, 0, 0, 0, 0, 0, 0, 0, 0, 0, 0, 0, 0, 0, 0, 0], [0, 0, 0, 0, 0, 0, 0, 0, 0, 0, 0, 0, 0, 0, 0, 0, 0, 0, 0, 0, 0, 0, 0, 0, 0, 0, 0, 0, 0, 0, 0, 0], [0, 0, 0, 0, 0, 0, 0, 0, 0, 0, 0, 0, 0, 0, 0, 0, 0, 0, 0, 0, 0, 0, 0, 0, 0, 0, 0, 0, 0, 0, 0, 0], [0, 0, 0, 0, 0, 0, 0, 0, 0, 0, 0, 0, 0, 0, 0, 0, 0, 0, 0, 0, 0, 0, 0, 0, 0, 0, 0, 0, 0, 0, 0, 0], [0, 0, 0, 0, 0, 0, 0, 0, 0, 0, 0, 0, 0, 0, 0, 0, 0, 0, 0, 0, 0, 0, 0, 0, 0, 0, 0, 0, 0, 0, 0, 0], [0, 0, 0, 0, 0, 0, 0, 0, 0, 0, 0, 0, 0, 0, 0, 0, 0, 0, 0, 0, 0, 0, 0, 0, 0, 0, 0, 0, 0, 0, 0, 0], [0, 0, 0, 0, 0, 0, 0, 0, 0, 0, 0, 0, 0, 0, 0, 0, 0, 0, 0, 0, 0, 0, 0, 0, 0, 0, 0, 0, 0, 0, 0, 0], [0, 0, 0, 0, 0, 0, 0, 0, 0, 0, 0, 0, 0, 0, 0, 0, 0, 0, 0, 0, 0, 0, 0, 0, 0, 0, 0, 0, 0, 0, 0, 0], [0, 0, 0, 0, 0, 0, 0, 0, 0, 0, 0, 0, 0, 0, 0, 0, 0, 0, 0, 0, 0, 0, 0, 0, 0, 0, 0, 0, 0, 0, 0, 0], [0, 0, 0, 0, 0, 0, 0, 0, 0, 0, 0, 0, 0, 0, 0, 0, 0, 0, 0, 0, 0, 0, 0, 0, 0, 0, 0, 0, 0, 0, 0, 0], [0, 0, 0, 0, 0, 0, 0, 0, 0, 0, 0, 0, 0, 0, 0, 0, 0, 0, 0, 0, 0, 0, 0, 0, 0, 0, 0, 0, 0, 0, 0, 0], [0, 0, 0, 0, 0, 0, 0, 0, 0, 0, 0, 0, 0, 0, 0, 0, 0, 0, 0, 0, 0, 0, 0, 0, 0, 0, 0, 0, 0, 0, 0, 0], [0, 0, 0, 0, 0, 0, 0, 0, 0, 0, 0, 0, 0, 0, 0, 0, 0, 0, 0, 0, 0, 0, 0, 0, 0, 0, 0, 0, 0, 0, 0, 0], [0, 0, 0, 0, 0, 0, 0, 0, 0, 0, 0, 0, 0, 0, 0, 0, 0, 0, 0, 0, 0, 0, 0, 0, 0, 0, 0, 0, 0, 0, 0, 0], [0, 0, 0, 0, 0, 0, 0, 0, 0, 0, 0, 0, 0, 0, 0, 0, 0, 0, 0, 0, 0, 0, 0, 0, 0, 0, 0, 0, 0, 0, 0, 0], [0, 0, 0, 0, 0, 0, 0, 0, 0, 0, 0, 0, 0, 0, 0, 0, 0, 0, 0, 0, 0, 0, 0, 0, 0, 0, 0, 0, 0, 0, 0, 0], [0, 0, 0, 0, 0, 0, 0, 0, 0, 0, 0, 0, 0, 0, 0, 0, 0, 0, 0, 0, 0, 0, 0, 0, 0, 0, 0, 0, 0, 0, 0, 0], [0, 0, 0, 0, 0, 0, 0, 0, 0, 0, 0, 0, 0, 0, 0, 0, 0, 0, 0, 0, 0, 0, 0, 0, 0, 0, 0, 0, 0, 0, 0, 0], [0, 0, 0, 0, 0, 0, 0, 0, 0, 0, 0, 0, 0, 0, 0, 0, 0, 0, 0, 0, 0, 0, 0, 0, 0, 0, 0, 0, 0, 0, 0, 0], [0, 0, 0, 0, 0, 0, 0, 0, 0, 0, 0, 0, 0, 0, 0, 0, 0, 0, 0, 0, 0, 0, 0, 0, 0, 0, 0, 0, 0, 0, 0, 0], [0, 0, 0, 0, 0, 0, 0, 0, 0, 0, 0, 0, 0, 0, 0, 0, 0, 0, 0, 0, 0, 0, 0, 0, 0, 0, 0, 0, 0, 0, 0, 0], [0, 0, 0, 0, 0, 0, 0, 0, 0, 0, 0, 0, 0, 0, 0, 0, 0, 0, 0, 0, 0, 0, 0, 0, 0, 0, 0, 0, 0, 0, 0, 0], [0, 0, 0, 0, 0, 0, 0, 0, 0, 0, 0, 0, 0, 0, 0, 0, 0, 0, 0, 0, 0, 0, 0, 0, 0, 0, 0, 0, 0, 0, 0, 0], [0, 0, 0, 0, 0, 0, 0, 0, 0, 0, 0, 0, 0, 0, 0, 0, 0, 0, 0, 0, 0, 0, 0, 0, 0, 0, 0, 0, 0, 0, 0, 0], [0, 0, 0, 0, 0, 0, 0, 0, 0, 0, 0, 0, 0, 0, 0, 0, 0, 0, 0, 0, 0, 0, 0, 0, 0, 0, 0, 0, 0, 0, 0, 0], [0, 0, 0, 0, 0, 0, 0, 0, 0, 0, 0, 0, 0, 0, 0, 0, 0, 0, 0, 0, 0, 0, 0, 0, 0, 0, 0, 0, 0, 0, 0, 0], [0, 0, 0, 0, 0, 0, 0, 0, 0, 0, 0, 0, 0, 0, 0, 0, 0, 0, 0, 0, 0, 0, 0, 0, 0, 0, 0, 0, 0, 0, 0, 0], [0, 0, 0, 0, 0, 0, 0, 0, 0, 0, 0, 0, 0, 0, 0, 0, 0, 0, 0, 0, 0, 0, 0, 0, 0, 0, 0, 0, 0, 0, 0, 0], [0, 0, 0, 0, 0, 0, 0, 0, 0, 0, 0, 0, 0, 0, 0, 0, 0, 0, 0, 0, 0, 0, 0, 0, 0, 0, 0, 0, 0, 0, 0, 0], [0, 0, 0, 0, 0, 0, 0, 0, 0, 0, 0, 0, 0, 0, 0, 0, 0, 0, 0, 0, 0, 0, 0, 0, 0, 0, 0, 0, 0, 0, 0, 0], [0, 0, 0, 0, 0, 0, 0, 0, 0, 0, 0, 0, 0, 0, 0, 0, 0, 0, 0, 0, 0, 0, 0, 0, 0, 0, 0, 0, 0, 0, 0, 0], [0, 0, 0, 0, 0, 0, 0, 0, 0, 0, 0, 0, 0, 0, 0, 0, 0, 0, 0, 0, 0, 0, 0, 0, 0, 0, 0, 0, 0, 0, 0, 0], [0, 0, 0, 0, 0, 0, 0, 0, 0, 0, 0, 0, 0, 0, 0, 0, 0, 0, 0, 0, 0, 0, 0, 0, 0, 0, 0, 0, 0, 0, 0, 0], [0, 0, 0, 0, 0, 0, 0, 0, 0, 0, 0, 0, 0, 0, 0, 0, 0, 0, 0, 0, 0, 0, 0, 0, 0, 0, 0, 0, 0, 0, 0, 0], [0, 0, 0, 0, 0, 0, 0, 0, 0, 0, 0, 0, 0, 0, 0, 0, 0, 0, 0, 0, 0, 0, 0, 0, 0, 0, 0, 0, 0, 0, 0, 0], [0, 0, 0, 0, 0, 0, 0, 0, 0, 0, 0, 0, 0, 0, 0, 0, 0, 0, 0, 0, 0, 0, 0, 0, 0, 0, 0, 0, 0, 0, 0, 0], [0, 0, 0, 0, 0, 0, 0, 0, 0, 0, 0, 0, 0, 0, 0, 0, 0, 0, 0, 0, 0, 0, 0, 0, 0, 0, 0, 0, 0, 0, 0, 0], [0, 0, 0, 0, 0, 0, 0, 0, 0, 0, 0, 0, 0, 0, 0, 0, 0, 0, 0, 0, 0, 0, 0, 0, 0, 0, 0, 0, 0, 0, 0, 0], [0, 0, 0, 0, 0, 0, 0, 0, 0, 0, 0, 0, 0, 0, 0, 0, 0, 0, 0, 0, 0, 0, 0, 0, 0, 0, 0, 0, 0, 0, 0, 0], [0, 0, 0, 0, 0, 0, 0, 0, 0, 0, 0, 0, 0, 0, 0, 0, 0, 0, 0, 0, 0, 0, 0, 0, 0, 0, 0, 0, 0, 0, 0, 0], [0, 0, 0, 0, 0, 0, 0, 0, 0, 0, 0, 0, 0, 0, 0, 0, 0, 0, 0, 0, 0, 0, 0, 0, 0, 0, 0, 0, 0, 0, 0, 0], [0, 0, 0, 0, 0, 0, 0, 0, 0, 0, 0, 0, 0, 0, 0, 0, 0, 0, 0, 0, 0, 0, 0, 0, 0, 0, 0, 0, 0, 0, 0, 0], [0, 0, 0, 0, 0, 0, 0, 0, 0, 0, 0, 0, 0, 0, 0, 0, 0, 0, 0, 0, 0, 0, 0, 0, 0, 0, 0, 0, 0, 0, 0, 0], [0, 0, 0, 0, 0, 0, 0, 0, 0, 0, 0, 0, 0, 0, 0, 0, 0, 0, 0, 0, 0, 0, 0, 0, 0, 0, 0, 0, 0, 0, 0, 0], [0, 0, 0, 0, 0, 0, 0, 0, 0, 0, 0, 0, 0, 0, 0, 0, 0, 0, 0, 0, 0, 0, 0, 0, 0, 0, 0, 0, 0, 0, 0, 0], [0, 0, 0, 0, 0, 0, 0, 0, 0, 0, 0, 0, 0, 0, 0, 0, 0, 0, 0, 0, 0, 0, 0, 0, 0, 0, 0, 0, 0, 0, 0, 0], [0, 0, 0, 0, 0, 0, 0, 0, 0, 0, 0, 0, 0, 0, 0, 0, 0, 0, 0, 0, 0, 0, 0, 0, 0, 0, 0, 0, 0, 0, 0, 0], [0, 0, 0, 0, 0, 0, 0, 0, 0, 0, 0, 0, 0, 0, 0, 0, 0, 0, 0, 0, 0, 0, 0, 0, 0, 0, 0, 0, 0, 0, 0, 0], [0, 0, 0, 0, 0, 0, 0, 0, 0, 0, 0, 0, 0, 0, 0, 0, 0, 0, 0, 0, 0, 0, 0, 0, 0, 0, 0, 0, 0, 0, 0, 0], [0, 0, 0, 0, 0, 0, 0, 0, 0, 0, 0, 0, 0, 0, 0, 0, 0, 0, 0, 0, 0, 0, 0, 0, 0, 0, 0, 0, 0, 0, 0, 0], [0, 0, 0, 0, 0, 0, 0, 0, 0, 0, 0, 0, 0, 0, 0, 0, 0, 0, 0, 0, 0, 0, 0, 0, 0, 0, 0, 0, 0, 0, 0, 0], [0, 0, 0, 0, 0, 0, 0, 0, 0, 0, 0, 0, 0, 0, 0, 0, 0, 0, 0, 0, 0, 0, 0, 0, 0, 0, 0, 0, 0, 0, 0, 0], [0, 0, 0, 0, 0, 0, 0, 0, 0, 0, 0, 0, 0, 0, 0, 0, 0, 0, 0, 0, 0, 0, 0, 0, 0, 0, 0, 0, 0, 0, 0, 0], [0, 0, 0, 0, 0, 0, 0, 0, 0, 0, 0, 0, 0, 0, 0, 0, 0, 0, 0, 0, 0, 0, 0, 0, 0, 0, 0, 0, 0, 0, 0, 0], [0, 0, 0, 0, 0, 0, 0, 0, 0, 0, 0, 0, 0, 0, 0, 0, 0, 0, 0, 0, 0, 0, 0, 0, 0, 0, 0, 0, 0, 0, 0, 0], [0, 0, 0, 0, 0, 0, 0, 0, 0, 0, 0, 0, 0, 0, 0, 0, 0, 0, 0, 0, 0, 0, 0, 0, 0, 0, 0, 0, 0, 0, 0, 0], [0, 0, 0, 0, 0, 0, 0, 0, 0, 0, 0, 0, 0, 0, 0, 0, 0, 0, 0, 0, 0, 0, 0, 0, 0, 0, 0, 0, 0, 0, 0, 0], [0, 0, 0, 0, 0, 0, 0, 0, 0, 0, 0, 0, 0, 0, 0, 0, 0, 0, 0, 0, 0, 0, 0, 0, 0, 0, 0, 0, 0, 0, 0, 0], [0, 0, 0, 0, 0, 0, 0, 0, 0, 0, 0, 0, 0, 0, 0, 0, 0, 0, 0, 0, 0, 0, 0, 0, 0, 0, 0, 0, 0, 0, 0, 0], [0, 0, 0, 0, 0, 0, 0, 0, 0, 0, 0, 0, 0, 0, 0, 0, 0, 0, 0, 0, 0, 0, 0, 0, 0, 0, 0, 0, 0, 0, 0, 0], [0, 0, 0, 0, 0, 0, 0, 0, 0, 0, 0, 0, 0, 0, 0, 0, 0, 0, 0, 0, 0, 0, 0, 0, 0, 0, 0, 0, 0, 0, 0, 0], [0, 0, 0, 0, 0, 0, 0, 0, 0, 0, 0, 0, 0, 0, 0, 0, 0, 0, 0, 0, 0, 0, 0, 0, 0, 0, 0, 0, 0, 0, 0, 0], [0, 0, 0, 0, 0, 0, 0, 0, 0, 0, 0, 0, 0, 0, 0, 0, 0, 0, 0, 0, 0, 0, 0, 0, 0, 0, 0, 0, 0, 0, 0, 0], [0, 0, 0, 0, 0, 0, 0, 0, 0, 0, 0, 0, 0, 0, 0, 0, 0, 0, 0, 0, 0, 0, 0, 0, 0, 0, 0, 0, 0, 0, 0, 0], [0, 0, 0, 0, 0, 0, 0, 0, 0, 0, 0, 0, 47, 239, 200, 116, 221, 231, 252, 242, 88, 239, 83, 94, 174, 50, 144, 32, 9, 124, 46, 247], [92, 22, 110, 49, 18, 63, 229, 97, 17, 54, 10, 214, 78, 14, 8, 5, 60, 65, 137, 44, 61, 203, 82, 193, 115, 240, 217, 92, 129, 116, 185, 59], [176, 97, 219, 70, 45, 170, 81, 106, 72, 152, 245, 108, 74, 86, 122, 227, 172, 50, 205, 51, 34, 230, 185, 58, 94, 157, 175, 17, 93, 88, 117, 131], [176, 48, 118, 7, 7, 55, 142, 190, 236, 53, 124, 66, 109, 58, 232, 116, 132, 248, 252, 144, 2, 55, 77, 55, 173, 65, 82, 92, 166, 3, 3, 93], [14, 46, 151, 176, 10, 21, 139, 60, 181, 58, 56, 11, 10, 232, 195, 207, 124, 107, 5, 85, 63, 178, 226, 26, 25, 223, 208, 139, 0, 169, 147, 87], [8, 16, 26, 93, 7, 164, 48, 166, 36, 62, 207, 122, 172, 54, 251, 213, 159, 255, 90, 4, 86, 31, 127, 65, 97, 108, 79, 157, 69, 194, 54, 231], [192, 65, 78, 176, 38, 136, 165, 176, 25, 6, 136, 169, 45, 192, 204, 226, 178, 212, 223, 177, 47, 182, 111, 54, 221, 138, 105, 2, 231, 222, 164, 244], [2, 25, 115, 11, 6, 191, 131, 25, 204, 37, 109, 114, 59, 33, 72, 195, 5, 92, 181, 179, 234, 53, 165, 143, 27, 171, 37, 62, 144, 109, 238, 229], [40, 35, 67, 68, 47, 199, 43, 68, 124, 179, 32, 127, 171, 217, 156, 127, 201, 143, 224, 106, 163, 26, 81, 115, 226, 169, 34, 108, 118, 252, 96, 189], [81, 195, 211, 67, 12, 205, 46, 74, 14, 245, 97, 91, 37, 68, 118, 11, 176, 31, 226, 89, 18, 250, 194, 66, 163, 243, 10, 15, 139, 245, 231, 48], [97, 244, 226, 6, 14, 39, 234, 149, 98, 89, 30, 152, 117, 29, 14, 74, 61, 52, 16, 44, 6, 255, 223, 34, 180, 157, 47, 192, 93, 113, 149, 217], [135, 172, 22, 206, 0, 125, 65, 149, 205, 230, 110, 243, 136, 165, 97, 207, 92, 251, 191, 162, 232, 128, 255, 203, 183, 121, 98, 39, 0, 20, 6, 251], [157, 46, 194, 85, 4, 4, 188, 227, 29, 121, 87, 187, 124, 235, 104, 86, 91, 190, 232, 107, 228, 41, 222, 246, 218, 251, 160, 20, 77, 6, 200, 166], [130, 118, 201, 230, 43, 192, 214, 182, 127, 23, 183, 6, 43, 59, 234, 44, 60, 165, 229, 81, 99, 28, 84, 118, 112, 188, 80, 45, 108, 229, 21, 209], [98, 10, 86, 158, 43, 53, 41, 223, 75, 50, 158, 223, 160, 218, 181, 162, 30, 217, 150, 118, 114, 241, 100, 162, 182, 195, 216, 248, 62, 235, 199, 211], [14, 128, 107, 186, 32, 161, 128, 152, 149, 108, 73, 227, 219, 189, 15, 46, 77, 212, 116, 226, 253, 229, 183, 175, 159, 32, 231, 119, 133, 18, 255, 27], [113, 145, 232, 124, 21, 237, 159, 223, 175, 14, 225, 107, 190, 114, 160, 118, 12, 138, 137, 129, 224, 206, 9, 116, 42, 43, 203, 248, 153, 29, 64, 89], [14, 155, 127, 70, 7, 80, 0, 117, 13, 103, 58, 29, 54, 206, 212, 79, 242, 181, 113, 151, 15, 195, 40, 31, 141, 251, 85, 94, 238, 155, 247, 218], [148, 188, 254, 213, 20, 68, 230, 3, 83, 17, 68, 19, 104, 161, 29, 190, 100, 115, 5, 216, 245, 14, 151, 197, 57, 230, 182, 207, 56, 229, 47, 71], [88, 241, 208, 33, 24, 215, 74, 152, 14, 3, 146, 28, 224, 49, 27, 208, 161, 179, 223, 95, 141, 2, 138, 147, 85, 176, 190, 126, 235, 225, 234, 210], [209, 238, 7, 71, 21, 225, 210, 184, 5, 55, 151, 48, 74, 217, 37, 21, 61, 90, 63, 182, 224, 84, 181, 225, 57, 134, 111, 4, 83, 52, 163, 65], [46, 254, 103, 66, 39, 73, 4, 146, 29, 113, 178, 237, 91, 61, 47, 179, 191, 59, 112, 149, 59, 18, 227, 184, 153, 78, 161, 5, 113, 234, 111, 97], [46, 49, 89, 14, 40, 222, 40, 233, 165, 41, 72, 144, 41, 15, 219, 100, 9, 105, 24, 39, 9, 133, 184, 198, 51, 16, 34, 132, 156, 95, 44, 47], [17, 100, 70, 91, 19, 231, 156, 227, 102, 22, 247, 21, 244, 131, 81, 146, 169, 73, 79, 207, 255, 110, 85, 9, 65, 213, 154, 68, 144, 185, 11, 167], [246, 219, 153, 16, 47, 216, 212, 146, 250, 139, 190, 29, 39, 181, 57, 13, 186, 239, 97, 32, 243, 236, 201, 51, 224, 193, 26, 45, 232, 170, 76, 146], [155, 185, 141, 130, 10, 23, 156, 116, 185, 217, 105, 202, 105, 99, 160, 22, 192, 45, 193, 210, 0, 132, 217, 201, 187, 88, 206, 202, 224, 64, 190, 114], [45, 104, 217, 41, 2, 40, 35, 26, 162, 120, 252, 144, 251, 151, 217, 160, 105, 124, 236, 87, 126, 140, 158, 199, 212, 206, 97, 211, 23, 76, 97, 70], [193, 139, 104, 15, 18, 249, 159, 178, 234, 180, 184, 56, 76, 187, 223, 116, 84, 41, 229, 32, 136, 162, 160, 63, 95, 87, 114, 194, 239, 103, 32, 70], [193, 184, 171, 56, 32, 209, 39, 108, 204, 249, 75, 133, 56, 19, 4, 56, 160, 135, 201, 179, 201, 85, 171, 67, 71, 54, 250, 129, 131, 194, 106, 146], [186, 26, 127, 235, 40, 28, 126, 158, 83, 25, 146, 80, 57, 150, 198, 45, 57, 34, 234, 213, 107, 199, 61, 192, 214, 56, 62, 157, 101, 55, 63, 133], [233, 190, 138, 212, 39, 245, 14, 66, 40, 182, 61, 10, 84, 79, 166, 247, 102, 136, 186, 29, 64, 195, 15, 175, 58, 206, 106, 229, 145, 241, 206, 231], [33, 236, 233, 237, 18, 57, 63, 61, 41, 133, 193, 45, 1, 87, 138, 237, 130, 239, 40, 241, 158, 133, 14, 12, 11, 135, 188, 216, 53, 131, 103, 121], [158, 123, 101, 110, 39, 124, 229, 18, 115, 166, 32, 114, 24, 222, 179, 71, 16, 23, 88, 176, 59, 127, 135, 168, 90, 44, 28, 165, 63, 86, 132, 81], [211, 152, 244, 103, 8, 43, 150, 128, 193, 212, 134, 193, 44, 243, 106, 112, 182, 204, 124, 125, 168, 59, 127, 52, 115, 43, 189, 60, 232, 8, 137, 149], [107, 74, 18, 176, 19, 32, 61, 64, 232, 168, 135, 221, 85, 228, 59, 148, 59, 80, 133, 149, 32, 215, 56, 13, 224, 88, 14, 240, 179, 174, 106, 81], [59, 74, 18, 179, 19, 32, 61, 64, 232, 168, 135, 221, 118, 134, 87, 130, 246, 215, 186, 214, 187, 87, 188, 43, 93, 49, 227, 52, 100, 6, 114, 253], [161, 123, 101, 41, 3, 31, 114, 149, 234, 203, 114, 35, 100, 83, 115, 243, 122, 138, 157, 109, 39, 38, 217, 207, 252, 128, 239, 152, 179, 243, 229, 28], [99, 201, 173, 153, 37, 219, 201, 191, 25, 33, 134, 20, 97, 208, 234, 255, 129, 159, 218, 144, 87, 138, 167, 24, 144, 193, 151, 49, 11, 202, 24, 229], [110, 90, 11, 108, 10, 112, 41, 250, 194, 152, 97, 192, 148, 204, 197, 207, 222, 31, 51, 38, 87, 220, 231, 178, 178, 95, 124, 75, 32, 63, 253, 254], [254, 66, 9, 225, 14, 247, 248, 142, 16, 151, 71, 50, 42, 107, 140, 81, 17, 36, 226, 84, 19, 34, 205, 24, 214, 115, 164, 146, 32, 238, 151, 10], [85, 156, 160, 122, 12, 210, 47, 189, 15, 4, 65, 93, 0, 0, 0, 0, 0, 0, 0, 0, 0, 0, 0, 0, 0, 0, 0, 162, 205, 193, 197, 134], [128, 243, 149, 205, 14, 87, 225, 11, 13, 26, 60, 6, 215, 15, 46, 220, 123, 123, 246, 232, 135, 100, 71, 38, 146, 211, 174, 76, 52, 132, 240, 218], [196, 233, 44, 23, 11, 140, 13, 213, 2, 164, 249, 225, 143, 95, 116, 146, 252, 253, 79, 69, 175, 152, 47, 111, 12, 141, 31, 139, 241, 16, 11, 157], [154, 242, 185, 243, 47, 229, 99, 109, 196, 202, 206, 185, 215, 15, 46, 220, 123, 123, 246, 232, 135, 100, 71, 38, 146, 211, 174, 76, 52, 116, 177, 63], [147, 210, 248, 227, 37, 133, 141, 30, 228, 241, 132, 74, 30, 190, 233, 37, 249, 250, 158, 139, 95, 48, 94, 222, 25, 26, 61, 238, 89, 237, 208, 137], [226, 110, 118, 70, 8, 156, 170, 190, 67, 117, 132, 249, 30, 190, 233, 37, 249, 250, 158, 139, 95, 48, 94, 222, 25, 26, 61, 186, 240, 137, 39, 16], [116, 230, 93, 79, 43, 25, 203, 214, 207, 207, 43, 0, 30, 190, 233, 37, 249, 250, 158, 139, 95, 48, 94, 222, 25, 26, 62, 60, 8, 112, 174, 125], [61, 150, 116, 141, 44, 85, 144, 183, 175, 16, 168, 208, 215, 15, 46, 220, 123, 123, 246, 232, 135, 100, 71, 38, 146, 211, 174, 76, 52, 93, 23, 45], [138, 241, 253, 165, 15, 195, 128, 16, 249, 154, 17, 104, 71, 175, 186, 73, 126, 126, 167, 162, 215, 204, 23, 183, 134, 70, 144, 60, 146, 241, 219, 244], [134, 56, 72, 228, 43, 109, 191, 67, 113, 204, 156, 111, 30, 190, 233, 37, 249, 250, 158, 139, 95, 48, 94, 222, 25, 26, 61, 186, 240, 132, 211, 94], [23, 137, 160, 231, 21, 42, 1, 232, 13, 50, 68, 101, 71, 175, 186, 73, 126, 126, 167, 162, 215, 204, 23, 183, 134, 70, 144, 9, 180, 65, 191, 54], [70, 85, 156, 85, 29, 243, 149, 198, 48, 93, 69, 209, 71, 175, 186, 73, 126, 126, 167, 162, 215, 204, 23, 183, 134, 70, 143, 110, 188, 39, 238, 105], [194, 233, 99, 206, 16, 92, 45, 161, 43, 245, 191, 197, 143, 95, 116, 146, 252, 253, 79, 69, 175, 152, 47, 111, 12, 141, 31, 16, 254, 55, 50, 96], [249, 215, 87, 21, 40, 174, 178, 171, 9, 91, 242, 222, 215, 15, 46, 220, 123, 123, 246, 232, 135, 100, 71, 38, 146, 211, 174, 76, 52, 90, 78, 22], [178, 186, 19, 166, 44, 202, 179, 166, 138, 232, 28, 59, 30, 190, 233, 37, 249, 250, 158, 139, 95, 48, 94, 222, 25, 26, 62, 36, 61, 138, 226, 150], [235, 44, 165, 55, 30, 85, 102, 130, 209, 208, 88, 26, 30, 190, 233, 37, 249, 250, 158, 139, 95, 48, 94, 222, 25, 26, 61, 186, 240, 125, 253, 253], [80, 74, 198, 34, 5, 146, 151, 37, 160, 179, 132, 7, 215, 15, 46, 220, 123, 123, 246, 232, 135, 100, 71, 38, 146, 211, 175, 2, 143, 20, 239, 197], [68, 76, 58, 196, 39, 77, 131, 128, 47, 84, 189, 111, 30, 190, 233, 37, 249, 250, 158, 139, 95, 48, 94, 222, 25, 26, 61, 186, 240, 139, 82, 45], [200, 238, 156, 124, 40, 42, 2, 198, 68, 37, 231, 239, 71, 175, 186, 73, 126, 126, 167, 162, 215, 204, 23, 183, 134, 70, 144, 38, 227, 226, 218, 29], [116, 39, 221, 7, 31, 118, 149, 62, 113, 132, 32, 80, 143, 95, 116, 146, 252, 253, 79, 69, 175, 152, 47, 111, 12, 141, 30, 221, 120, 96, 118, 209], [4, 85, 92, 210, 4, 88, 23, 166, 32, 149, 107, 8, 215, 15, 46, 220, 123, 123, 246, 232, 135, 100, 71, 38, 146, 211, 174, 186, 167, 252, 45, 98], [78, 21, 35, 49, 36, 150, 38, 15, 247, 5, 221, 137, 30, 190, 233, 37, 249, 250, 158, 139, 95, 48, 94, 222, 25, 26, 61, 186, 240, 161, 82, 64], [86, 81, 52, 10, 23, 249, 47, 47, 49, 183, 249, 35, 215, 15, 46, 220, 123, 123, 246, 232, 135, 100, 71, 38, 146, 211, 174, 97, 225, 60, 163, 12], [132, 168, 217, 105, 12, 146, 53, 190, 26, 31, 113, 88, 102, 110, 163, 111, 120, 121, 70, 46, 54, 252, 118, 149, 159, 96, 205, 41, 172, 193, 7, 70], [141, 84, 137, 97, 28, 25, 255, 183, 201, 27, 162, 127, 30, 190, 233, 37, 249, 250, 158, 139, 95, 48, 94, 222, 25, 26, 62, 105, 53, 81, 174, 142], [70, 166, 124, 250, 5, 7, 10, 28, 174, 87, 111, 24, 215, 15, 46, 220, 123, 123, 246, 232, 135, 100, 71, 38, 146, 211, 174, 76, 52, 121, 237, 63], [1, 23, 217, 22, 45, 103, 163, 57, 123, 13, 38, 38, 143, 95, 116, 146, 252, 253, 79, 69, 175, 152, 47, 111, 12, 141, 31, 135, 184, 81, 22, 169], [106, 84, 15, 130, 10, 147, 94, 71, 120, 85, 127, 54, 71, 175, 186, 73, 126, 126, 167, 162, 215, 204, 23, 183, 134, 70, 143, 110, 188, 55, 26, 213], [42, 25, 129, 191, 27, 169, 54, 6, 156, 197, 87, 211, 0, 0, 0, 0, 0, 0, 0, 0, 0, 0, 0, 0, 0, 0, 0, 113, 143, 178, 118, 188], [130, 37, 2, 202, 8, 229, 253, 96, 116, 220, 106, 212, 143, 95, 116, 146, 252, 253, 79, 69, 175, 152, 47, 111, 12, 141, 30, 221, 120, 106, 238, 151], [188, 125, 47, 124, 25, 145, 157, 187, 74, 8, 168, 162, 71, 175, 186, 73, 126, 126, 167, 162, 215, 204, 23, 183, 134, 70, 143, 204, 129, 203, 174, 35], [212, 0, 100, 146, 39, 142, 54, 65, 204, 98, 21, 193, 143, 95, 116, 146, 252, 253, 79, 69, 175, 152, 47, 111, 12, 141, 30, 221, 120, 94, 27, 11], [173, 24, 24, 237, 34, 89, 25, 254, 47, 182, 9, 198, 71, 175, 186, 73, 126, 126, 167, 162, 215, 204, 23, 183, 134, 70, 143, 189, 153, 145, 188, 244], [50, 126, 165, 113, 44, 210, 214, 128, 159, 71, 81, 5, 0, 0, 0, 0, 0, 0, 0, 0, 0, 0, 0, 0, 0, 0, 0, 0, 0, 8, 131, 52], [161, 219, 28, 137, 31, 229, 29, 242, 141, 204, 144, 255, 143, 95, 116, 146, 252, 253, 79, 69, 175, 152, 47, 111, 12, 141, 31, 122, 43, 43, 245, 32], [248, 205, 73, 31, 30, 117, 67, 55, 72, 152, 151, 222, 0, 0, 0, 0, 0, 0, 0, 0, 0, 0, 0, 0, 0, 0, 0, 0, 0, 45, 75, 184], [248, 44, 95, 34, 5, 217, 71, 250, 247, 65, 35, 87, 71, 175, 186, 73, 126, 126, 167, 162, 215, 204, 23, 183, 134, 70, 143, 134, 155, 224, 49, 192], [45, 165, 147, 155, 21, 239, 41, 109, 215, 157, 195, 27, 215, 15, 46, 220, 123, 123, 246, 232, 135, 100, 71, 38, 146, 211, 174, 76, 52, 138, 46, 80], [129, 189, 3, 147, 19, 8, 14, 110, 86, 127, 100, 155, 71, 175, 186, 73, 126, 126, 167, 162, 215, 204, 23, 183, 134, 70, 144, 102, 152, 239, 185, 219], [212, 27, 254, 178, 33, 216, 16, 42, 196, 33, 160, 119, 71, 175, 186, 73, 126, 126, 167, 162, 215, 204, 23, 183, 134, 70, 143, 110, 188, 72, 76, 93], [119, 38, 55, 216, 28, 180, 122, 209, 29, 253, 210, 220, 71, 175, 186, 73, 126, 126, 167, 162, 215, 204, 23, 183, 134, 70, 143, 192, 88, 65, 213, 234], [106, 75, 151, 27, 21, 61, 253, 60, 28, 182, 154, 81, 71, 175, 186, 73, 126, 126, 167, 162, 215, 204, 23, 183, 134, 70, 143, 110, 188, 48, 98, 143], [72, 206, 199, 67, 24, 206, 150, 103, 179, 208, 147, 219, 0, 0, 0, 0, 0, 0, 0, 0, 0, 0, 0, 0, 0, 0, 0, 207, 154, 58, 8, 105], [177, 4, 32, 195, 15, 123, 196, 242, 75, 76, 72, 110, 71, 175, 186, 73, 126, 126, 167, 162, 215, 204, 23, 183, 134, 70, 143, 110, 188, 70, 228, 19], [16, 16, 159, 205, 32, 208, 207, 53, 161, 155, 206, 235, 215, 15, 46, 220, 123, 123, 246, 232, 135, 100, 71, 38, 146, 211, 174, 76, 52, 90, 31, 68], [47, 255, 255, 253, 0, 0, 0, 0, 0, 0, 0, 1, 0, 0, 0, 0, 0, 0, 0, 0, 0, 0, 0, 0, 0, 0, 0, 0, 0, 0, 0, 0], [0, 0, 0, 0, 0, 0, 0, 0, 0, 0, 0, 0, 0, 0, 0, 0, 0, 0, 0, 0, 0, 0, 0, 0, 0, 0, 0, 0, 0, 0, 0, 0], [0, 0, 0, 0, 0, 0, 0, 0, 0, 0, 0, 2, 0, 0, 0, 0, 0, 0, 0, 0, 0, 0, 0, 0, 0, 0, 0, 0, 0, 0, 0, 0], [0, 0, 0, 0, 0, 0, 0, 0, 0, 0, 0, 0, 0, 0, 0, 0, 0, 0, 0, 0, 0, 0, 0, 0, 0, 0, 0, 0, 0, 0, 0, 0], [0, 0, 0, 0, 0, 0, 0, 0, 0, 0, 0, 1, 0, 0, 0, 0, 0, 0, 0, 0, 0, 0, 0, 0, 0, 0, 0, 0, 0, 0, 0, 0], [0, 0, 0, 0, 0, 0, 0, 0, 0, 0, 0, 0, 0, 0, 0, 0, 0, 0, 0, 0, 0, 0, 0, 0, 0, 0, 0, 0, 0, 0, 0, 0], [0, 0, 0, 0, 0, 0, 0, 0, 0, 0, 0, 2, 0, 0, 0, 0, 0, 0, 0, 0, 0, 0, 0, 0, 0, 0, 0, 0, 0, 0, 0, 0], [0, 0, 0, 0, 0, 0, 0, 0, 0, 0, 0, 0, 0, 0, 0, 0, 0, 0, 0, 0, 0, 0, 0, 0, 0, 0, 0, 0, 0, 0, 0, 0], [0, 0, 0, 0, 0, 0, 0, 0, 0, 0, 0, 1, 0, 0, 0, 0, 0, 0, 0, 0, 0, 0, 0, 0, 0, 0, 0, 0, 0, 0, 0, 0], [0, 0, 0, 0, 0, 0, 0, 0, 0, 0, 0, 0, 0, 0, 0, 0, 0, 0, 0, 0, 0, 0, 0, 0, 0, 0, 0, 0, 0, 0, 0, 0], [0, 0, 0, 0, 0, 0, 0, 0, 0, 0, 0, 2, 0, 0, 0, 0, 0, 0, 0, 0, 0, 0, 0, 0, 0, 0, 0, 0, 0, 0, 0, 0], [0, 0, 0, 0, 0, 0, 0, 0, 0, 0, 0, 0, 0, 0, 0, 0, 0, 0, 0, 0, 0, 0, 0, 0, 0, 0, 0, 0, 0, 0, 0, 0], [0, 0, 0, 0, 0, 0, 0, 0, 0, 0, 0, 1, 0, 0, 0, 0, 0, 0, 0, 0, 0, 0, 0, 0, 0, 0, 0, 0, 0, 0, 0, 0], [0, 0, 0, 0, 0, 0, 0, 0, 0, 0, 0, 0, 0, 0, 0, 0, 0, 0, 0, 0, 0, 0, 0, 0, 0, 0, 0, 0, 0, 0, 0, 0], [0, 0, 0, 0, 0, 0, 0, 0, 0, 0, 0, 2, 0, 0, 0, 0, 0, 0, 0, 0, 0, 0, 0, 0, 0, 0, 0, 0, 0, 0, 0, 0], [0, 0, 0, 0, 0, 0, 0, 0, 0, 0, 0, 0, 0, 0, 0, 0, 0, 0, 0, 0, 0, 0, 0, 0, 0, 0, 0, 0, 0, 0, 0, 0], [0, 0, 0, 0, 0, 0, 0, 0, 0, 0, 0, 1, 0, 0, 0, 0, 0, 0, 0, 0, 0, 0, 0, 0, 0, 0, 0, 0, 0, 0, 0, 0], [0, 0, 0, 0, 0, 0, 0, 0, 0, 0, 0, 0, 0, 0, 0, 0, 0, 0, 0, 0, 0, 0, 0, 0, 0, 0, 0, 0, 0, 0, 0, 0], [0, 0, 0, 0, 0, 0, 0, 0, 0, 0, 0, 2, 0, 0, 0, 0, 0, 0, 0, 0, 0, 0, 0, 0, 0, 0, 0, 0, 0, 0, 0, 0], [0, 0, 0, 0, 0, 0, 0, 0, 0, 0, 0, 0, 0, 0, 0, 0, 0, 0, 0, 0, 0, 0, 0, 0, 0, 0, 0, 0, 0, 0, 0, 0], [0, 0, 0, 0, 0, 0, 0, 0, 0, 0, 0, 1, 0, 0, 0, 0, 0, 0, 0, 0, 0, 0, 0, 0, 0, 0, 0, 0, 0, 0, 0, 0], [0, 0, 0, 0, 0, 0, 0, 0, 0, 0, 0, 0, 0, 0, 0, 0, 0, 0, 0, 0, 0, 0, 0, 0, 0, 0, 0, 0, 0, 0, 0, 0], [0, 0, 0, 0, 0, 0, 0, 0, 0, 0, 0, 2, 0, 0, 0, 0, 0, 0, 0, 0, 0, 0, 0, 0, 0, 0, 0, 0, 0, 0, 0, 0], [0, 0, 0, 0, 0, 0, 0, 0, 0, 0, 0, 0, 0, 0, 0, 0, 0, 0, 0, 0, 0, 0, 0, 0, 0, 0, 0, 0, 0, 0, 0, 0], [0, 0, 0, 0, 0, 0, 0, 0, 0, 0, 0, 1, 0, 0, 0, 0, 0, 0, 0, 0, 0, 0, 0, 0, 0, 0, 0, 0, 0, 0, 0, 0], [0, 0, 0, 0, 0, 0, 0, 0, 0, 0, 0, 0, 0, 0, 0, 0, 0, 0, 0, 0, 0, 0, 0, 0, 0, 0, 0, 0, 0, 0, 0, 0], [0, 0, 0, 0, 0, 0, 0, 0, 0, 0, 0, 2, 0, 0, 0, 0, 0, 0, 0, 0, 0, 0, 0, 0, 0, 0, 0, 0, 0, 0, 0, 0], [0, 0, 0, 0, 0, 0, 0, 0, 0, 0, 0, 0, 0, 0, 0, 0, 0, 0, 0, 0, 0, 0, 0, 0, 0, 0, 0, 0, 0, 0, 0, 0], [0, 0, 0, 0, 0, 0, 0, 0, 0, 0, 0, 1, 0, 0, 0, 0, 0, 0, 0, 0, 0, 0, 0, 0, 0, 0, 0, 0, 0, 0, 0, 0], [0, 0, 0, 0, 0, 0, 0, 0, 0, 0, 0, 0, 0, 0, 0, 0, 0, 0, 0, 0, 0, 0, 0, 0, 0, 0, 0, 0, 0, 0, 0, 0], [0, 0, 0, 0, 0, 0, 0, 0, 0, 0, 0, 2, 0, 0, 0, 0, 0, 0, 0, 0, 0, 0, 0, 0, 0, 0, 0, 0, 0, 0, 0, 0], [0, 0, 0, 0, 0, 0, 0, 0, 0, 0, 0, 0, 0, 0, 0, 0, 0, 0, 0, 0, 0, 0, 0, 0, 0, 0, 0, 0, 0, 0, 0, 0], [0, 0, 0, 0, 0, 0, 0, 0, 0, 0, 0, 1, 0, 0, 0, 0, 0, 0, 0, 0, 0, 0, 0, 0, 0, 0, 0, 0, 0, 0, 0, 0], [0, 0, 0, 0, 0, 0, 0, 0, 0, 0, 0, 0, 0, 0, 0, 0, 0, 0, 0, 0, 0, 0, 0, 0, 0, 0, 0, 0, 0, 0, 0, 0], [0, 0, 0, 0, 0, 0, 0, 0, 0, 0, 0, 2, 0, 0, 0, 0, 0, 0, 0, 0, 0, 0, 0, 0, 0, 0, 0, 0, 0, 0, 0, 0], [0, 0, 0, 0, 0, 0, 0, 0, 0, 0, 0, 0, 0, 0, 0, 0, 0, 0, 0, 0, 0, 0, 0, 0, 0, 0, 0, 0, 0, 0, 0, 0], [0, 0, 0, 0, 0, 0, 0, 0, 0, 0, 0, 1, 0, 0, 0, 0, 0, 0, 0, 0, 0, 0, 0, 0, 0, 0, 0, 0, 0, 0, 0, 0], [0, 0, 0, 0, 0, 0, 0, 0, 0, 0, 0, 0, 0, 0, 0, 0, 0, 0, 0, 0, 0, 0, 0, 0, 0, 0, 0, 0, 0, 0, 0, 0], [0, 0, 0, 0, 0, 0, 0, 0, 0, 0, 0, 2, 0, 0, 0, 0, 0, 0, 0, 0, 0, 0, 0, 0, 0, 0, 0, 0, 0, 0, 0, 0], [0, 0, 0, 0, 0, 0, 0, 0, 0, 0, 0, 0, 0, 0, 0, 0, 0, 0, 0, 0, 0, 0, 0, 0, 0, 0, 0, 0, 0, 0, 0, 0], [0, 0, 0, 0, 0, 0, 0, 0, 0, 0, 0, 1, 0, 0, 0, 0, 0, 0, 0, 0, 0, 0, 0, 0, 0, 0, 0, 0, 0, 0, 0, 0], [0, 0, 0, 0, 0, 0, 0, 0, 0, 0, 0, 0, 0, 0, 0, 0, 0, 0, 0, 0, 0, 0, 0, 0, 0, 0, 0, 0, 0, 0, 0, 0], [0, 0, 0, 0, 0, 0, 0, 0, 0, 0, 0, 2, 0, 0, 0, 0, 0, 0, 0, 0, 0, 0, 0, 0, 0, 0, 0, 0, 0, 0, 0, 0], [0, 0, 0, 0, 0, 0, 0, 0, 0, 0, 0, 0, 0, 0, 0, 0, 0, 0, 0, 0, 0, 0, 0, 0, 0, 0, 0, 0, 0, 0, 0, 0], [0, 0, 0, 0, 0, 0, 0, 0, 0, 0, 0, 1, 0, 0, 0, 0, 0, 0, 0, 0, 0, 0, 0, 0, 0, 0, 0, 0, 0, 0, 0, 0], [0, 0, 0, 0, 0, 0, 0, 0, 0, 0, 0, 0, 0, 0, 0, 0, 0, 0, 0, 0, 0, 0, 0, 0, 0, 0, 0, 0, 0, 0, 0, 0], [0, 0, 0, 0, 0, 0, 0, 0, 0, 0, 0, 2, 0, 0, 0, 0, 0, 0, 0, 0, 0, 0, 0, 0, 0, 0, 0, 0, 0, 0, 0, 0], [0, 0, 0, 0, 0, 0, 0, 0, 0, 0, 0, 0, 0, 0, 0, 0, 0, 0, 0, 0, 0, 0, 0, 0, 0, 0, 0, 0, 0, 0, 0, 0], [0, 0, 0, 0, 0, 0, 0, 0, 0, 0, 0, 1, 0, 0, 0, 0, 0, 0, 0, 0, 0, 0, 0, 0, 0, 0, 0, 0, 0, 0, 0, 0], [0, 0, 0, 0, 0, 0, 0, 0, 0, 0, 0, 0, 0, 0, 0, 0, 0, 0, 0, 0, 0, 0, 0, 0, 0, 0, 0, 0, 0, 0, 0, 0], [0, 0, 0, 0, 0, 0, 0, 0, 0, 0, 0, 2, 0, 0, 0, 0, 0, 0, 0, 0, 0, 0, 0, 0, 0, 0, 0, 0, 0, 0, 0, 0], [0, 0, 0, 0, 0, 0, 0, 0, 0, 0, 0, 0, 0, 0, 0, 0, 0, 0, 0, 0, 0, 0, 0, 0, 0, 0, 0, 0, 0, 0, 0, 0], [0, 0, 0, 0, 0, 0, 0, 0, 0, 0, 0, 1, 0, 0, 0, 0, 0, 0, 0, 0, 0, 0, 0, 0, 0, 0, 0, 0, 0, 0, 0, 0], [0, 0, 0, 0, 0, 0, 0, 0, 0, 0, 0, 0, 0, 0, 0, 0, 0, 0, 0, 0, 0, 0, 0, 0, 0, 0, 0, 0, 0, 0, 0, 0], [0, 0, 0, 0, 0, 0, 0, 0, 0, 0, 0, 2, 0, 0, 0, 0, 0, 0, 0, 0, 0, 0, 0, 0, 0, 0, 0, 0, 0, 0, 0, 0], [0, 0, 0, 0, 0, 0, 0, 0, 0, 0, 0, 0, 0, 0, 0, 0, 0, 0, 0, 0, 0, 0, 0, 0, 0, 0, 0, 0, 0, 0, 0, 0], [0, 0, 0, 0, 0, 0, 0, 0, 0, 0, 0, 1, 0, 0, 0, 0, 0, 0, 0, 0, 0, 0, 0, 0, 0, 0, 0, 0, 0, 0, 0, 0], [0, 0, 0, 0, 0, 0, 0, 0, 0, 0, 0, 0, 0, 0, 0, 0, 0, 0, 0, 0, 0, 0, 0, 0, 0, 0, 0, 0, 0, 0, 0, 0], [0, 0, 0, 0, 0, 0, 0, 0, 0, 0, 0, 2, 0, 0, 0, 0, 0, 0, 0, 0, 0, 0, 0, 0, 0, 0, 0, 0, 0, 0, 0, 0], [0, 0, 0, 0, 0, 0, 0, 0, 0, 0, 0, 0, 0, 0, 0, 0, 0, 0, 0, 0, 0, 0, 0, 0, 0, 0, 0, 0, 0, 0, 0, 0], [0, 0, 0, 0, 0, 0, 0, 0, 0, 0, 0, 1, 0, 0, 0, 0, 0, 0, 0, 0, 0, 0, 0, 0, 0, 0, 0, 0, 0, 0, 0, 0], [0, 0, 0, 0, 0, 0, 0, 0, 0, 0, 0, 0, 0, 0, 0, 0, 0, 0, 0, 0, 0, 0, 0, 0, 0, 0, 0, 0, 0, 0, 0, 0], [0, 0, 0, 0, 0, 0, 0, 0, 0, 0, 0, 2, 0, 0, 0, 0, 0, 0, 0, 0, 0, 0, 0, 0, 0, 0, 0, 0, 0, 0, 0, 0], [0, 0, 0, 0, 0, 0, 0, 0, 0, 0, 0, 0, 7, 177, 174, 206, 94, 215, 81, 67, 233, 248, 167, 172, 152, 107, 186, 50, 214, 1, 203, 64], [118, 120, 132, 36, 44, 174, 30, 159, 175, 198, 10, 147, 6, 211, 196, 160, 7, 252, 201, 148, 23, 213, 211, 131, 39, 158, 219, 70, 140, 20, 18, 40], [190, 175, 64, 119, 15, 205, 64, 163, 136, 53, 92, 177, 2, 161, 122, 108, 221, 173, 51, 251, 143, 240, 148, 223, 152, 13, 168, 9, 8, 172, 106, 161], [85, 32, 169, 2, 37, 114, 120, 94, 127, 15, 74, 252, 41, 95, 183, 171, 201, 131, 149, 214, 235, 82, 172, 48, 204, 102, 50, 221, 246, 56, 146, 250], [182, 76, 237, 220, 20, 228, 48, 236, 236, 133, 207, 60, 230, 188, 202, 83, 236, 80, 96, 24, 62, 1, 165, 56, 40, 105, 1, 111, 112, 5, 128, 39], [234, 36, 70, 160, 27, 100, 134, 79, 169, 106, 176, 7, 161, 191, 77, 122, 171, 235, 181, 149, 240, 169, 202, 208, 8, 207, 36, 147, 163, 23, 254, 244], [179, 211, 197, 247, 16, 149, 49, 58, 112, 159, 144, 77, 191, 17, 51, 165, 34, 32, 125, 218, 201, 153, 56, 159, 202, 10, 113, 243, 113, 32, 142, 53], [96, 164, 111, 226, 34, 96, 32, 105, 167, 47, 207, 26, 74, 20, 245, 26, 114, 215, 250, 15, 123, 132, 160, 72, 44, 74, 106, 24, 208, 174, 158, 174], [150, 228, 104, 71, 11, 124, 92, 111, 74, 99, 243, 224, 38, 180, 173, 41, 177, 136, 249, 212, 8, 216, 104, 211, 156, 232, 75, 183, 46, 67, 20, 184], [37, 0, 92, 114, 0, 229, 187, 255, 25, 30, 56, 168, 24, 248, 9, 112, 32, 26, 240, 210, 210, 221, 84, 77, 129, 218, 74, 61, 122, 71, 153, 22], [54, 239, 98, 149, 29, 211, 71, 73, 126, 148, 59, 198, 174, 147, 56, 82, 13, 72, 46, 90, 180, 181, 167, 89, 111, 209, 191, 13, 104, 206, 83, 205], [75, 28, 201, 184, 43, 98, 158, 104, 69, 221, 193, 232, 245, 131, 81, 145, 53, 86, 93, 209, 57, 147, 136, 237, 222, 78, 27, 125, 114, 204, 220, 7], [180, 141, 29, 93, 41, 227, 249, 136, 208, 111, 120, 32, 0, 0, 0, 0, 0, 0, 0, 0, 0, 0, 0, 0, 0, 0, 0, 0, 0, 0, 0, 0], [0, 0, 0, 0, 0, 0, 0, 0, 0, 0, 0, 0, 0, 0, 0, 0, 0, 0, 0, 0, 0, 0, 0, 0, 0, 0, 0, 0, 0, 0, 0, 0], [0, 0, 0, 0, 0, 0, 0, 0, 0, 0, 0, 0, 0, 0, 0, 0, 0, 0, 0, 0, 0, 0, 0, 0, 0, 0, 0, 0, 0, 0, 0, 0], [0, 0, 0, 0, 0, 0, 0, 0, 0, 0, 0, 0, 0, 0, 0, 0, 0, 0, 0, 0, 0, 0, 0, 0, 0, 0, 0, 0, 0, 0, 0, 0], [0, 0, 0, 0, 0, 0, 0, 0, 0, 0, 0, 0, 0, 0, 0, 0, 0, 0, 0, 0, 0, 0, 0, 0, 0, 0, 0, 0, 0, 0, 0, 0], [0, 0, 0, 0, 0, 0, 0, 0, 0, 0, 0, 0, 0, 0, 0, 0, 0, 0, 0, 0, 0, 0, 0, 0, 0, 0, 0, 0, 0, 0, 0, 0], [0, 0, 0, 0, 0, 0, 0, 0, 0, 0, 0, 0, 0, 0, 0, 0, 0, 0, 0, 0, 0, 0, 0, 0, 0, 0, 0, 0, 0, 0, 0, 0], [0, 0, 0, 0, 0, 0, 0, 0, 0, 0, 0, 0, 0, 0, 0, 0, 0, 0, 0, 0, 0, 0, 0, 0, 0, 0, 0, 0, 0, 0, 0, 0], [0, 0, 0, 0, 0, 0, 0, 0, 0, 0, 0, 0, 0, 0, 0, 0, 0, 0, 0, 0, 0, 0, 0, 0, 0, 0, 0, 0, 0, 0, 0, 0], [0, 0, 0, 0, 0, 0, 0, 0, 0, 0, 0, 0, 0, 0, 0, 0, 0, 0, 0, 0, 0, 0, 0, 0, 0, 0, 0, 0, 0, 0, 0, 0], [0, 0, 0, 0, 0, 0, 0, 0, 0, 0, 0, 0, 0, 0, 0, 0, 0, 0, 0, 0, 0, 0, 0, 0, 0, 0, 0, 0, 0, 0, 0, 0], [0, 0, 0, 0, 0, 0, 0, 0, 0, 0, 0, 0, 0, 0, 0, 0, 0, 0, 0, 0, 0, 0, 0, 0, 0, 0, 0, 0, 0, 0, 0, 0], [0, 0, 0, 0, 0, 0, 0, 0, 0, 0, 0, 0, 0, 0, 0, 0, 0, 0, 0, 0, 0, 0, 0, 0, 0, 0, 0, 0, 0, 0, 0, 0], [0, 0, 0, 0, 0, 0, 0, 0, 0, 0, 0, 0, 0, 0, 0, 0, 0, 0, 0, 0, 0, 0, 0, 0, 0, 0, 0, 0, 0, 0, 0, 0], [0, 0, 0, 0, 0, 0, 0, 0, 0, 0, 0, 0, 0, 0, 0, 0, 0, 0, 0, 0, 0, 0, 0, 0, 0, 0, 0, 0, 0, 0, 0, 0], [0, 0, 0, 0, 0, 0, 0, 0, 0, 0, 0, 0, 0, 0, 0, 0, 0, 0, 0, 0, 0, 0, 0, 0, 0, 0, 0, 0, 0, 0, 0, 0], [0, 0, 0, 0, 0, 0, 0, 0, 0, 0, 0, 0, 0, 0, 0, 0, 0, 0, 0, 0, 0, 0, 0, 0, 0, 0, 0, 86, 51, 251, 255, 106], [211, 249, 210, 233, 43, 221, 101, 29, 201, 61, 52, 82, 0, 0, 0, 0, 0, 0, 0, 0, 0, 0, 0, 0, 0, 0, 0, 0, 0, 33, 221, 174], [27, 91, 249, 28, 29, 247, 189, 88, 77, 19, 36, 75, 30, 190, 233, 37, 249, 250, 158, 139, 95, 48, 94, 222, 25, 26, 62, 120, 183, 124, 71, 234], [229, 197, 35, 171, 16, 177, 50, 36, 163, 204, 1, 6, 143, 95, 116, 146, 252, 253, 79, 69, 175, 152, 47, 111, 12, 141, 30, 221, 120, 93, 61, 24], [150, 194, 133, 97, 34, 160, 253, 196, 106, 36, 113, 167, 71, 175, 186, 73, 126, 126, 167, 162, 215, 204, 23, 183, 134, 70, 144, 24, 42, 57, 67, 184], [216, 173, 125, 116, 29, 83, 101, 103, 54, 34, 247, 46, 143, 95, 116, 146, 252, 253, 79, 69, 175, 152, 47, 111, 12, 141, 30, 221, 120, 91, 152, 204], [0, 34, 28, 48, 46, 213, 112, 91, 146, 26, 29, 64, 0, 0, 0, 0, 0, 0, 0, 0, 0, 0, 0, 0, 0, 0, 0, 120, 113, 146, 234, 123], [43, 181, 127, 15, 45, 235, 237, 163, 253, 6, 40, 221, 71, 175, 186, 73, 126, 126, 167, 162, 215, 204, 23, 183, 134, 70, 143, 110, 188, 61, 212, 160], [23, 189, 3, 221, 0, 0, 0, 0, 0, 0, 0, 0, 0, 0, 0, 0, 0, 0, 0, 0, 0, 0, 0, 0, 0, 0, 0, 0, 0, 0, 0, 0], [0, 0, 0, 0, 193, 131, 3, 0, 0, 0, 0, 0, 64, 8, 0, 32, 247, 120, 0, 0, 64, 8, 0, 32, 247, 120, 0, 0, 64, 167, 43, 32], [247, 120, 0, 0, 64, 167, 43, 32, 247, 120, 0, 0, 0, 0, 0, 0, 0, 0, 0, 0, 0, 0, 0, 0, 0, 0, 0, 0, 0, 0, 0, 0], [0, 0, 0, 0, 129, 131, 3, 0, 0, 0, 0, 0, 144, 0, 0, 32, 247, 120, 0, 0, 192, 109, 43, 32, 247, 120, 0, 0, 0, 0, 0, 0], [0, 0, 0, 0, 0, 0, 0, 0, 0, 0, 0, 0, 0, 0, 0, 0, 0, 0, 0, 0, 0, 0, 0, 0, 0, 0, 0, 0, 0, 0, 0, 0], [0, 0, 0, 0, 0, 0, 0, 0, 0, 0, 0, 0, 0, 0, 0, 0, 0, 0, 0, 0, 0, 0, 0, 0, 0, 0, 0, 0, 0, 0, 0, 0], [0, 0, 0, 0, 0, 0, 0, 0, 0, 0, 0, 0, 0, 0, 0, 0, 0, 0, 0, 0, 0, 0, 0, 0, 0, 0, 0, 0, 0, 0, 0, 0], [0, 0, 0, 0, 0, 0, 0, 0, 0, 0, 0, 0, 0, 0, 0, 0, 0, 0, 0, 0, 0, 0, 0, 0, 0, 0, 0, 0, 0, 0, 0, 0], [0, 0, 0, 0, 0, 0, 0, 0, 0, 0, 0, 0, 0, 0, 0, 0, 0, 0, 0, 0, 0, 0, 0, 0, 0, 0, 0, 0, 0, 0, 0, 0], [0, 0, 0, 0, 0, 0, 0, 0, 0, 0, 0, 0, 0, 0, 0, 0, 0, 0, 0, 0, 0, 0, 0, 0, 0, 0, 0, 0, 0, 0, 0, 0], [0, 0, 0, 0, 0, 0, 0, 0, 0, 0, 0, 0, 0, 0, 0, 0, 0, 0, 0, 0, 0, 0, 0, 0, 0, 0, 0, 0, 0, 0, 0, 0], [0, 0, 0, 0, 0, 0, 0, 0, 0, 0, 0, 0, 0, 0, 0, 0, 0, 0, 0, 0, 0, 0, 0, 0, 0, 0, 0, 0, 0, 0, 0, 0], [0, 0, 0, 0, 0, 0, 0, 0, 0, 0, 0, 0, 0, 0, 0, 0, 0, 0, 0, 0, 0, 0, 0, 0, 0, 0, 0, 0, 0, 0, 0, 0], [0, 0, 0, 0, 0, 0, 0, 0, 0, 0, 0, 0, 0, 0, 0, 0, 0, 0, 0, 0, 0, 0, 0, 0, 0, 0, 0, 0, 0, 0, 0, 0], [0, 0, 0, 0, 0, 0, 0, 0, 0, 0, 0, 0, 0, 0, 0, 0, 0, 0, 0, 0, 0, 0, 0, 0, 0, 0, 0, 0, 0, 0, 0, 0], [0, 0, 0, 0, 0, 0, 0, 0, 0, 0, 0, 0, 0, 0, 0, 0, 0, 0, 0, 0, 0, 0, 0, 0, 0, 0, 0, 0, 0, 0, 0, 0], [0, 0, 0, 0, 0, 0, 0, 0, 0, 0, 0, 0, 0, 0, 0, 0, 0, 0, 0, 0, 0, 0, 0, 0, 0, 0, 0, 0, 0, 0, 0, 0], [0, 0, 0, 0, 0, 0, 0, 0, 0, 0, 0, 0, 0, 0, 0, 0, 0, 0, 0, 0, 0, 0, 0, 0, 0, 0, 0, 0, 0, 0, 0, 0], [0, 0, 0, 0, 0, 0, 0, 0, 0, 0, 0, 0, 0, 0, 0, 0, 0, 0, 0, 0, 0, 0, 0, 0, 0, 0, 0, 0, 0, 0, 0, 0], [0, 0, 0, 0, 0, 0, 0, 0, 0, 0, 0, 0, 0, 0, 0, 0, 0, 0, 0, 0, 0, 0, 0, 0, 0, 0, 0, 0, 0, 0, 0, 0], [0, 0, 0, 0, 0, 0, 0, 0, 0, 0, 0, 0, 0, 0, 0, 0, 0, 0, 0, 0, 0, 0, 0, 0, 0, 0, 0, 0, 0, 0, 0, 0], [0, 0, 0, 0, 0, 0, 0, 0, 0, 0, 0, 0, 0, 0, 0, 0, 0, 0, 0, 0, 0, 0, 0, 0, 0, 0, 0, 0, 0, 0, 0, 0], [0, 0, 0, 0, 0, 0, 0, 0, 0, 0, 0, 0, 0, 0, 0, 0, 0, 0, 0, 0, 0, 0, 0, 0, 0, 0, 0, 0, 0, 0, 0, 0], [0, 0, 0, 0, 0, 0, 0, 0, 0, 0, 0, 0, 0, 0, 0, 0, 0, 0, 0, 0, 0, 0, 0, 0, 0, 0, 0, 0, 0, 0, 0, 0], [0, 0, 0, 0, 0, 0, 0, 0, 0, 0, 0, 0, 0, 0, 0, 0, 0, 0, 0, 0, 0, 0, 0, 0, 0, 0, 0, 0, 0, 0, 0, 0], [0, 0, 0, 0, 0, 0, 0, 0, 0, 0, 0, 0, 0, 0, 0, 0, 0, 0, 0, 0, 0, 0, 0, 0, 0, 0, 0, 0, 0, 0, 0, 0], [0, 0, 0, 0, 0, 0, 0, 0, 0, 0, 0, 0, 0, 0, 0, 0, 0, 0, 0, 0, 0, 0, 0, 0, 0, 0, 0, 0, 0, 0, 0, 0], [0, 0, 0, 0, 0, 0, 0, 0, 0, 0, 0, 0, 0, 0, 0, 0, 0, 0, 0, 0, 0, 0, 0, 0, 0, 0, 0, 0, 0, 0, 0, 0], [0, 0, 0, 0, 0, 0, 0, 0, 0, 0, 0, 0, 0, 0, 0, 0, 0, 0, 0, 0, 0, 0, 0, 0, 0, 0, 0, 0, 0, 0, 0, 0], [0, 0, 0, 0, 0, 0, 0, 0, 0, 0, 0, 0, 0, 0, 0, 0, 0, 0, 0, 0, 0, 0, 0, 0, 0, 0, 0, 0, 0, 0, 0, 0], [0, 0, 0, 0, 0, 0, 0, 0, 0, 0, 0, 0, 0, 0, 0, 0, 0, 0, 0, 0, 0, 0, 0, 0, 0, 0, 0, 0, 0, 0, 0, 0], [0, 0, 0, 0, 0, 0, 0, 0, 0, 0, 0, 0, 0, 0, 0, 0, 0, 0, 0, 0, 0, 0, 0, 0, 0, 0, 0, 0, 0, 0, 0, 0], [0, 0, 0, 0, 0, 0, 0, 0, 0, 0, 0, 0, 0, 0, 0, 0, 0, 0, 0, 0, 0, 0, 0, 0, 0, 0, 0, 0, 0, 0, 0, 0], [0, 0, 0, 0, 0, 0, 0, 0, 0, 0, 0, 0, 0, 0, 0, 0, 0, 0, 0, 0, 0, 0, 0, 0, 0, 0, 0, 0, 0, 0, 0, 0], [0, 0, 0, 0, 0, 0, 0, 0, 0, 0, 0, 0, 0, 0, 0, 0, 0, 0, 0, 0, 0, 0, 0, 0, 0, 0, 0, 0, 0, 0, 0, 0], [0, 0, 0, 0, 0, 0, 0, 0, 0, 0, 0, 0, 0, 0, 0, 0, 0, 0, 0, 0, 0, 0, 0, 0, 0, 0, 0, 0, 0, 0, 0, 0], [0, 0, 0, 0, 0, 0, 0, 0, 0, 0, 0, 0, 0, 0, 0, 0, 0, 0, 0, 0, 0, 0, 0, 0, 0, 0, 0, 0, 0, 0, 0, 0], [0, 0, 0, 0, 0, 0, 0, 0, 0, 0, 0, 0, 0, 0, 0, 0, 0, 0, 0, 0, 0, 0, 0, 0, 0, 0, 0, 0, 0, 0, 0, 0], [0, 0, 0, 0, 0, 0, 0, 0, 0, 0, 0, 0, 0, 0, 0, 0, 0, 0, 0, 0, 0, 0, 0, 0, 0, 0, 0, 0, 0, 0, 0, 0], [0, 0, 0, 0, 0, 0, 0, 0, 0, 0, 0, 0, 0, 0, 0, 0, 0, 0, 0, 0, 0, 0, 0, 0, 0, 0, 0, 0, 0, 0, 0, 0], [0, 0, 0, 0, 0, 0, 0, 0, 0, 0, 0, 0, 0, 0, 0, 0, 0, 0, 0, 0, 0, 0, 0, 0, 0, 0, 0, 0, 0, 0, 0, 0], [0, 0, 0, 0, 0, 0, 0, 0, 0, 0, 0, 0, 0, 0, 0, 0, 0, 0, 0, 0, 0, 0, 0, 0, 0, 0, 0, 0, 0, 0, 0, 0], [0, 0, 0, 0, 0, 0, 0, 0, 0, 0, 0, 0, 0, 0, 0, 0, 0, 0, 0, 0, 0, 0, 0, 0, 0, 0, 0, 0, 0, 0, 0, 0], [0, 0, 0, 0, 0, 0, 0, 0, 0, 0, 0, 0, 0, 0, 0, 0, 0, 0, 0, 0, 0, 0, 0, 0, 0, 0, 0, 0, 0, 0, 0, 0], [0, 0, 0, 0, 0, 0, 0, 0, 0, 0, 0, 0, 0, 0, 0, 0, 0, 0, 0, 0, 0, 0, 0, 0, 0, 0, 0, 0, 0, 0, 0, 0], [0, 0, 0, 0, 0, 0, 0, 0, 0, 0, 0, 0, 0, 0, 0, 0, 0, 0, 0, 0, 0, 0, 0, 0, 0, 0, 0, 0, 0, 0, 0, 0], [0, 0, 0, 0, 0, 0, 0, 0, 0, 0, 0, 0, 0, 0, 0, 0, 0, 0, 0, 0, 0, 0, 0, 0, 0, 0, 0, 0, 0, 0, 0, 0], [0, 0, 0, 0, 0, 0, 0, 0, 0, 0, 0, 0, 0, 0, 0, 0, 0, 0, 0, 0, 0, 0, 0, 0, 0, 0, 0, 0, 0, 0, 0, 0], [0, 0, 0, 0, 0, 0, 0, 0, 0, 0, 0, 0, 0, 0, 0, 0, 0, 0, 0, 0, 0, 0, 0, 0, 0, 0, 0, 0, 0, 0, 0, 0], [0, 0, 0, 0, 0, 0, 0, 0, 0, 0, 0, 0, 0, 0, 0, 0, 0, 0, 0, 0, 0, 0, 0, 0, 0, 0, 0, 0, 0, 0, 0, 0], [0, 0, 0, 0, 0, 0, 0, 0, 0, 0, 0, 0, 0, 0, 0, 0, 0, 0, 0, 0, 0, 0, 0, 0, 0, 0, 0, 0, 0, 0, 0, 0], [0, 0, 0, 0, 0, 0, 0, 0, 0, 0, 0, 0, 0, 0, 0, 0, 0, 0, 0, 0, 0, 0, 0, 0, 0, 0, 0, 0, 0, 0, 0, 0], [0, 0, 0, 0, 0, 0, 0, 0, 0, 0, 0, 0, 0, 0, 0, 0, 0, 0, 0, 0, 0, 0, 0, 0, 0, 0, 0, 0, 0, 0, 0, 0], [0, 0, 0, 0, 0, 0, 0, 0, 0, 0, 0, 0, 0, 0, 0, 0, 0, 0, 0, 0, 0, 0, 0, 0, 0, 0, 0, 0, 0, 0, 0, 0], [0, 0, 0, 0, 0, 0, 0, 0, 0, 0, 0, 0, 0, 0, 0, 0, 0, 0, 0, 0, 0, 0, 0, 0, 0, 0, 0, 0, 0, 0, 0, 0], [0, 0, 0, 0, 0, 0, 0, 0, 0, 0, 0, 0, 0, 0, 0, 0, 0, 0, 0, 0, 0, 0, 0, 0, 0, 0, 0, 0, 0, 0, 0, 0], [0, 0, 0, 0, 0, 0, 0, 0, 0, 0, 0, 0, 0, 0, 0, 0, 0, 0, 0, 0, 0, 0, 0, 0, 0, 0, 0, 0, 0, 0, 0, 0], [0, 0, 0, 0, 0, 0, 0, 0, 0, 0, 0, 0, 0, 0, 0, 0, 0, 0, 0, 0, 0, 0, 0, 0, 0, 0, 0, 0, 0, 0, 0, 0], [0, 0, 0, 0, 0, 0, 0, 0, 0, 0, 0, 0, 0, 0, 0, 0, 0, 0, 0, 0, 0, 0, 0, 0, 0, 0, 0, 0, 0, 0, 0, 0], [0, 0, 0, 0, 0, 0, 0, 0, 0, 0, 0, 0, 0, 0, 0, 0, 0, 0, 0, 0, 0, 0, 0, 0, 0, 0, 0, 0, 0, 0, 0, 0], [0, 0, 0, 0, 0, 0, 0, 0, 0, 0, 0, 0, 0, 0, 0, 0, 0, 0, 0, 0, 0, 0, 0, 0, 0, 0, 0, 0, 0, 0, 0, 0], [0, 0, 0, 0, 0, 0, 0, 0, 0, 0, 0, 0, 0, 0, 0, 0, 0, 0, 0, 0, 0, 0, 0, 0, 0, 0, 0, 0, 0, 0, 0, 0], [0, 0, 0, 0, 0, 0, 0, 0, 0, 0, 0, 0, 0, 0, 0, 0, 0, 0, 0, 0, 0, 0, 0, 0, 0, 0, 0, 0, 0, 0, 0, 0], [0, 0, 0, 0, 0, 0, 0, 0, 0, 0, 0, 0, 0, 0, 0, 0, 0, 0, 0, 0, 0, 0, 0, 0, 0, 0, 0, 0, 0, 0, 0, 0], [0, 0, 0, 0, 0, 0, 0, 0, 0, 0, 0, 0, 0, 0, 0, 0, 0, 0, 0, 0, 0, 0, 0, 0, 0, 0, 0, 0, 0, 0, 0, 0], [0, 0, 0, 0, 0, 0, 0, 0, 0, 0, 0, 0, 0, 0, 0, 0, 0, 0, 0, 0, 0, 0, 0, 0, 0, 0, 0, 0, 0, 0, 0, 0], [0, 0, 0, 0, 0, 0, 0, 0, 0, 0, 0, 0, 0, 0, 0, 0, 0, 0, 0, 0, 0, 0, 0, 0, 0, 0, 0, 0, 0, 0, 0, 0], [0, 0, 0, 0, 0, 0, 0, 0, 0, 0, 0, 0, 0, 0, 0, 0, 0, 0, 0, 0, 0, 0, 0, 0, 0, 0, 0, 0, 0, 0, 0, 0], [0, 0, 0, 0, 0, 0, 0, 0, 0, 0, 0, 0, 0, 0, 0, 0, 0, 0, 0, 0, 0, 0, 0, 0, 0, 0, 0, 0, 0, 0, 0, 0], [0, 0, 0, 0, 0, 0, 0, 0, 0, 0, 0, 0, 0, 0, 0, 0, 0, 0, 0, 0, 0, 0, 0, 0, 0, 0, 0, 0, 0, 0, 0, 0], [0, 0, 0, 0, 0, 0, 0, 0, 0, 0, 0, 0, 0, 0, 0, 0, 0, 0, 0, 0, 0, 0, 0, 0, 0, 0, 0, 0, 0, 0, 0, 0], [0, 0, 0, 0, 0, 0, 0, 0, 0, 0, 0, 0, 0, 0, 0, 0, 0, 0, 0, 0, 0, 0, 0, 0, 0, 0, 0, 0, 0, 0, 0, 0], [0, 0, 0, 0, 0, 0, 0, 0, 0, 0, 0, 0, 0, 0, 0, 0, 0, 0, 0, 0, 0, 0, 0, 0, 0, 0, 0, 0, 0, 0, 0, 0], [0, 0, 0, 0, 0, 0, 0, 0, 0, 0, 0, 0, 0, 0, 0, 0, 0, 0, 0, 0, 0, 0, 0, 0, 0, 0, 0, 0, 0, 0, 0, 0], [0, 0, 0, 0, 0, 0, 0, 0, 0, 0, 0, 0, 0, 0, 0, 0, 0, 0, 0, 0, 0, 0, 0, 0, 0, 0, 0, 0, 0, 0, 0, 0], [0, 0, 0, 0, 0, 0, 0, 0, 0, 0, 0, 0, 0, 0, 0, 0, 0, 0, 0, 0, 0, 0, 0, 0, 0, 0, 0, 0, 0, 0, 0, 0], [0, 0, 0, 0, 0, 0, 0, 0, 0, 0, 0, 0, 0, 0, 0, 0, 0, 0, 0, 0, 0, 0, 0, 0, 0, 0, 0, 0, 0, 0, 0, 0], [0, 0, 0, 0, 0, 0, 0, 0, 0, 0, 0, 0, 0, 0, 0, 0, 0, 0, 0, 0, 0, 0, 0, 0, 0, 0, 0, 0, 0, 0, 0, 0], [0, 0, 0, 0, 0, 0, 0, 0, 0, 0, 0, 0, 0, 0, 0, 0, 0, 0, 0, 0, 0, 0, 0, 0, 0, 0, 0, 0, 0, 0, 0, 0], [0, 0, 0, 0, 0, 0, 0, 0, 0, 0, 0, 0, 0, 0, 0, 0, 0, 0, 0, 0, 0, 0, 0, 0, 0, 0, 0, 0, 0, 0, 0, 0], [0, 0, 0, 0, 0, 0, 0, 0, 0, 0, 0, 0, 0, 0, 0, 0, 0, 0, 0, 0, 0, 0, 0, 0, 0, 0, 0, 0, 0, 0, 0, 0], [0, 0, 0, 0, 0, 0, 0, 0, 0, 0, 0, 0, 0, 0, 0, 0, 0, 0, 0, 0, 0, 0, 0, 0, 0, 0, 0, 0, 0, 0, 0, 0], [0, 0, 0, 0, 0, 0, 0, 0, 0, 0, 0, 0, 0, 0, 0, 0, 0, 0, 0, 0, 0, 0, 0, 0, 0, 0, 0, 0, 0, 0, 0, 0], [0, 0, 0, 0, 0, 0, 0, 0, 0, 0, 0, 0, 0, 0, 0, 0, 0, 0, 0, 0, 0, 0, 0, 0, 0, 0, 0, 0, 0, 0, 0, 0], [0, 0, 0, 0, 0, 0, 0, 0, 0, 0, 0, 0, 0, 0, 0, 0, 0, 0, 0, 0, 0, 0, 0, 0, 0, 0, 0, 0, 0, 0, 0, 0], [0, 0, 0, 0, 0, 0, 0, 0, 0, 0, 0, 0, 0, 0, 0, 0, 0, 0, 0, 0, 0, 0, 0, 0, 0, 0, 0, 0, 0, 0, 0, 0], [0, 0, 0, 0, 0, 0, 0, 0, 0, 0, 0, 0, 0, 0, 0, 0, 0, 0, 0, 0, 0, 0, 0, 0, 0, 0, 0, 0, 0, 0, 0, 0], [0, 0, 0, 0, 0, 0, 0, 0, 0, 0, 0, 0, 0, 0, 0, 0, 0, 0, 0, 0, 0, 0, 0, 0, 0, 0, 0, 0, 0, 0, 0, 0], [0, 0, 0, 0, 0, 0, 0, 0, 0, 0, 0, 0, 0, 0, 0, 0, 0, 0, 0, 0, 0, 0, 0, 0, 0, 0, 0, 0, 0, 0, 0, 0], [0, 0, 0, 0, 0, 0, 0, 0, 0, 0, 0, 0, 0, 0, 0, 0, 0, 0, 0, 0, 0, 0, 0, 0, 0, 0, 0, 0, 0, 0, 0, 0], [0, 0, 0, 0, 0, 0, 0, 0, 0, 0, 0, 0, 0, 0, 0, 0, 0, 0, 0, 0, 0, 0, 0, 0, 0, 0, 0, 0, 0, 0, 0, 0], [0, 0, 0, 0, 0, 0, 0, 0, 0, 0, 0, 0, 0, 0, 0, 0, 0, 0, 0, 0, 0, 0, 0, 0, 0, 0, 0, 0, 0, 0, 0, 0], [0, 0, 0, 0, 0, 0, 0, 0, 0, 0, 0, 0, 0, 0, 0, 0, 0, 0, 0, 0, 0, 0, 0, 0, 0, 0, 0, 0, 0, 0, 0, 0], [0, 0, 0, 0, 0, 0, 0, 0, 0, 0, 0, 0, 0, 0, 0, 0, 0, 0, 0, 0, 0, 0, 0, 0, 0, 0, 0, 0, 0, 0, 0, 0], [0, 0, 0, 0, 0, 0, 0, 0, 0, 0, 0, 0, 0, 0, 0, 0, 0, 0, 0, 0, 0, 0, 0, 0, 0, 0, 0, 0, 0, 0, 0, 0], [0, 0, 0, 0, 0, 0, 0, 0, 0, 0, 0, 0, 0, 0, 0, 0, 0, 0, 0, 0, 0, 0, 0, 0, 0, 0, 0, 0, 0, 0, 0, 0], [0, 0, 0, 0, 0, 0, 0, 0, 0, 0, 0, 0, 0, 0, 0, 0, 0, 0, 0, 0, 0, 0, 0, 0, 0, 0, 0, 0, 0, 0, 0, 0], [0, 0, 0, 0, 0, 0, 0, 0, 0, 0, 0, 0, 0, 0, 0, 0, 0, 0, 0, 0, 0, 0, 0, 0, 0, 0, 0, 0, 0, 0, 0, 0], [0, 0, 0, 0, 0, 0, 0, 0, 0, 0, 0, 0, 0, 0, 0, 0, 0, 0, 0, 0, 0, 0, 0, 0, 0, 0, 0, 0, 0, 0, 0, 0], [0, 0, 0, 0, 0, 0, 0, 0, 0, 0, 0, 0, 0, 0, 0, 0, 0, 0, 0, 0, 0, 0, 0, 0, 0, 0, 0, 0, 0, 0, 0, 0], [0, 0, 0, 0, 0, 0, 0, 0, 0, 0, 0, 0, 0, 0, 0, 0, 0, 0, 0, 0, 0, 0, 0, 0, 0, 0, 0, 0, 0, 0, 0, 0], [0, 0, 0, 0, 0, 0, 0, 0, 0, 0, 0, 0, 0, 0, 0, 0, 0, 0, 0, 0, 0, 0, 0, 0, 0, 0, 0, 0, 0, 0, 0, 0], [0, 0, 0, 0, 0, 0, 0, 0, 0, 0, 0, 0, 0, 0, 0, 0, 0, 0, 0, 0, 0, 0, 0, 0, 0, 0, 0, 0, 0, 0, 0, 0], [0, 0, 0, 0, 0, 0, 0, 0, 0, 0, 0, 0, 0, 0, 0, 0, 0, 0, 0, 0, 0, 0, 0, 0, 0, 0, 0, 0, 0, 0, 0, 0], [0, 0, 0, 0, 0, 0, 0, 0, 0, 0, 0, 0, 0, 0, 0, 0, 0, 0, 0, 0, 0, 0, 0, 0, 0, 0, 0, 0, 0, 0, 0, 0], [0, 0, 0, 0, 0, 0, 0, 0, 0, 0, 0, 0, 0, 0, 0, 0, 0, 0, 0, 0, 0, 0, 0, 0, 0, 0, 0, 0, 0, 0, 0, 0], [0, 0, 0, 0, 0, 0, 0, 0, 0, 0, 0, 0, 0, 0, 0, 0, 0, 0, 0, 0, 0, 0, 0, 0, 0, 0, 0, 0, 0, 0, 0, 0], [0, 0, 0, 0, 0, 0, 0, 0, 0, 0, 0, 0, 0, 0, 0, 0, 0, 0, 0, 0, 0, 0, 0, 0, 0, 0, 0, 0, 0, 0, 0, 0], [0, 0, 0, 0, 0, 0, 0, 0, 0, 0, 0, 0, 0, 0, 0, 0, 0, 0, 0, 0, 0, 0, 0, 0, 0, 0, 0, 0, 0, 0, 0, 0], [0, 0, 0, 0, 0, 0, 0, 0, 0, 0, 0, 0, 0, 0, 0, 0, 0, 0, 0, 0, 0, 0, 0, 0, 0, 0, 0, 0, 0, 0, 0, 0], [0, 0, 0, 0, 0, 0, 0, 0, 0, 0, 0, 0, 0, 0, 0, 0, 0, 0, 0, 0, 0, 0, 0, 0, 0, 0, 0, 0, 0, 0, 0, 0], [0, 0, 0, 0, 0, 0, 0, 0, 0, 0, 0, 0, 0, 0, 0, 0, 0, 0, 0, 0, 0, 0, 0, 0, 0, 0, 0, 0, 0, 0, 0, 0], [0, 0, 0, 0, 0, 0, 0, 0, 0, 0, 0, 0, 0, 0, 0, 0, 0, 0, 0, 0, 0, 0, 0, 0, 0, 0, 0, 0, 0, 0, 0, 0], [0, 0, 0, 0, 0, 0, 0, 0, 0, 0, 0, 0, 0, 0, 0, 0, 0, 0, 0, 0, 0, 0, 0, 0, 0, 0, 0, 0, 0, 0, 0, 0], [0, 0, 0, 0, 0, 0, 0, 0, 0, 0, 0, 0, 0, 0, 0, 0, 0, 0, 0, 0, 0, 0, 0, 0, 0, 0, 0, 0, 0, 0, 0, 0], [0, 0, 0, 0, 0, 0, 0, 0, 0, 0, 0, 0, 0, 0, 0, 0, 0, 0, 0, 0, 0, 0, 0, 0, 0, 0, 0, 0, 0, 0, 0, 0], [0, 0, 0, 0, 0, 0, 0, 0, 0, 0, 0, 0, 0, 0, 0, 0, 0, 0, 0, 0, 0, 0, 0, 0, 0, 0, 0, 0, 0, 0, 0, 0], [0, 0, 0, 0, 0, 0, 0, 0, 0, 0, 0, 0, 0, 0, 0, 0, 0, 0, 0, 0, 0, 0, 0, 0, 0, 0, 0, 0, 0, 0, 0, 0], [0, 0, 0, 0, 0, 0, 0, 0, 0, 0, 0, 0, 0, 0, 0, 0, 0, 0, 0, 0, 0, 0, 0, 0, 0, 0, 0, 0, 0, 0, 0, 0], [0, 0, 0, 0, 0, 0, 0, 0, 0, 0, 0, 0, 0, 0, 0, 0, 0, 0, 0, 0, 0, 0, 0, 0, 0, 0, 0, 0, 0, 0, 0, 0], [0, 0, 0, 0, 0, 0, 0, 0, 0, 0, 0, 0, 0, 0, 0, 0, 0, 0, 0, 0, 0, 0, 0, 0, 0, 0, 0, 0, 0, 0, 0, 0], [0, 0, 0, 0, 0, 0, 0, 0, 0, 0, 0, 0, 0, 0, 0, 0, 0, 0, 0, 0, 0, 0, 0, 0, 0, 0, 0, 0, 0, 0, 0, 0], [0, 0, 0, 0, 0, 0, 0, 0, 0, 0, 0, 0, 0, 0, 0, 0, 0, 0, 0, 0, 0, 0, 0, 0, 0, 0, 0, 0, 0, 0, 0, 0], [0, 0, 0, 0, 0, 0, 0, 0, 0, 0, 0, 0, 0, 0, 0, 0, 0, 0, 0, 0, 0, 0, 0, 0, 0, 0, 0, 0, 0, 0, 0, 0], [0, 0, 0, 0, 0, 0, 0, 0, 0, 0, 0, 0, 0, 0, 0, 0, 0, 0, 0, 0, 0, 0, 0, 0, 0, 0, 0, 0, 0, 0, 0, 0], [0, 0, 0, 0, 0, 0, 0, 0, 0, 0, 0, 0, 0, 0, 0, 0, 0, 0, 0, 0, 0, 0, 0, 0, 0, 0, 0, 0, 0, 0, 0, 0], [0, 0, 0, 0, 0, 0, 0, 0, 0, 0, 0, 0, 0, 0, 0, 0, 0, 0, 0, 0, 0, 0, 0, 0, 0, 0, 0, 0, 0, 0, 0, 0], [0, 0, 0, 0, 0, 0, 0, 0, 0, 0, 0, 0, 0, 0, 0, 0, 0, 0, 0, 0, 0, 0, 0, 0, 0, 0, 0, 0, 0, 0, 0, 0], [0, 0, 0, 0, 0, 0, 0, 0, 0, 0, 0, 0, 0, 0, 0, 0, 0, 0, 0, 0, 0, 0, 0, 0, 0, 0, 0, 0, 0, 0, 0, 0], [0, 0, 0, 0, 0, 0, 0, 0, 0, 0, 0, 0, 0, 0, 0, 0, 0, 0, 0, 0, 0, 0, 0, 0, 0, 0, 0, 0, 0, 0, 0, 0], [0, 0, 0, 0, 0, 0, 0, 0, 0, 0, 0, 0, 0, 0, 0, 0, 0, 0, 0, 0, 0, 0, 0, 0, 0, 0, 0, 0, 0, 0, 0, 0], [0, 0, 0, 0, 0, 0, 0, 0, 0, 0, 0, 0, 0, 0, 0, 0, 0, 0, 0, 0, 0, 0, 0, 0, 0, 0, 0, 0, 0, 0, 0, 0], [0, 0, 0, 0, 0, 0, 0, 0, 0, 0, 0, 0, 0, 0, 0, 0, 0, 0, 0, 0, 0, 0, 0, 0, 0, 0, 0, 0, 0, 0, 0, 0], [0, 0, 0, 0, 0, 0, 0, 0, 0, 0, 0, 0, 0, 0, 0, 0, 0, 0, 0, 0, 0, 0, 0, 0, 0, 0, 0, 0, 0, 0, 0, 0], [0, 0, 0, 0, 0, 0, 0, 0, 0, 0, 0, 0, 0, 0, 0, 0, 0, 0, 0, 0, 0, 0, 0, 0, 0, 0, 0, 0, 0, 0, 0, 0], [0, 0, 0, 0, 0, 0, 0, 0, 0, 0, 0, 0, 0, 0, 0, 0, 0, 0, 0, 0, 0, 0, 0, 0, 0, 0, 0, 0, 0, 0, 0, 0], [0, 0, 0, 0, 0, 0, 0, 0, 0, 0, 0, 0, 0, 0, 0, 0, 0, 0, 0, 0, 0, 0, 0, 0, 0, 0, 0, 0, 0, 0, 0, 0], [0, 0, 0, 0, 0, 0, 0, 0, 0, 0, 0, 0, 0, 0, 0, 0, 0, 0, 0, 0, 0, 0, 0, 0, 0, 0, 0, 0, 0, 0, 0, 0], [0, 0, 0, 0, 0, 0, 0, 0, 0, 0, 0, 0, 0, 0, 0, 0, 0, 0, 0, 0, 0, 0, 0, 0, 0, 0, 0, 0, 0, 0, 0, 0], [0, 0, 0, 0, 0, 0, 0, 0, 0, 0, 0, 0, 0, 0, 0, 0, 0, 0, 0, 0, 0, 0, 0, 0, 0, 0, 0, 0, 0, 0, 0, 0], [0, 0, 0, 0, 0, 0, 0, 0, 0, 0, 0, 0, 0, 0, 0, 0, 0, 0, 0, 0, 0, 0, 0, 0, 0, 0, 0, 0, 0, 0, 0, 0], [0, 0, 0, 0, 0, 0, 0, 0, 0, 0, 0, 0, 0, 0, 0, 0, 0, 0, 0, 0, 0, 0, 0, 0, 0, 0, 0, 0, 0, 0, 0, 0], [0, 0, 0, 0, 0, 0, 0, 0, 0, 0, 0, 0, 0, 0, 0, 0, 0, 0, 0, 0, 0, 0, 0, 0, 0, 0, 0, 0, 0, 0, 0, 0], [0, 0, 0, 0, 0, 0, 0, 0, 0, 0, 0, 0, 0, 0, 0, 0, 0, 0, 0, 0, 0, 0, 0, 0, 0, 0, 0, 0, 0, 0, 0, 0], [0, 0, 0, 0, 0, 0, 0, 0, 0, 0, 0, 0, 0, 0, 0, 0, 0, 0, 0, 0, 0, 0, 0, 0, 0, 0, 0, 0, 0, 0, 0, 0], [0, 0, 0, 0, 0, 0, 0, 0, 0, 0, 0, 0, 0, 0, 0, 0, 0, 0, 0, 0, 0, 0, 0, 0, 0, 0, 0, 0, 0, 0, 0, 0], [0, 0, 0, 0, 0, 0, 0, 0, 0, 0, 0, 0, 0, 0, 0, 0, 0, 0, 0, 0, 0, 0, 0, 0, 0, 0, 0, 0, 0, 0, 0, 0], [0, 0, 0, 0, 0, 0, 0, 0, 0, 0, 0, 0, 0, 0, 0, 0, 0, 0, 0, 0, 0, 0, 0, 0, 0, 0, 0, 0, 0, 0, 0, 0], [0, 0, 0, 0, 0, 0, 0, 0, 0, 0, 0, 0, 0, 0, 0, 0, 0, 0, 0, 0, 0, 0, 0, 0, 0, 0, 0, 0, 0, 0, 0, 0], [0, 0, 0, 0, 0, 0, 0, 0, 0, 0, 0, 0, 0, 0, 0, 0, 0, 0, 0, 0, 0, 0, 0, 0, 0, 0, 0, 0, 0, 0, 0, 0], [0, 0, 0, 0, 0, 0, 0, 0, 0, 0, 0, 0, 0, 0, 0, 0, 0, 0, 0, 0, 0, 0, 0, 0, 0, 0, 0, 0, 0, 0, 0, 0], [0, 0, 0, 0, 0, 0, 0, 0, 0, 0, 0, 0, 0, 0, 0, 0, 0, 0, 0, 0, 0, 0, 0, 0, 0, 0, 0, 0, 0, 0, 0, 0], [0, 0, 0, 0, 0, 0, 0, 0, 0, 0, 0, 0, 0, 0, 0, 0, 0, 0, 0, 0, 0, 0, 0, 0, 0, 0, 0, 0, 0, 0, 0, 0], [0, 0, 0, 0, 0, 0, 0, 0, 0, 0, 0, 0, 0, 0, 0, 0, 0, 0, 0, 0, 0, 0, 0, 0, 0, 0, 0, 0, 0, 0, 0, 0], [0, 0, 0, 0, 0, 0, 0, 0, 0, 0, 0, 0, 0, 0, 0, 0, 0, 0, 0, 0, 0, 0, 0, 0, 0, 0, 0, 0, 0, 0, 0, 0], [0, 0, 0, 0, 0, 0, 0, 0, 0, 0, 0, 0, 0, 0, 0, 0, 0, 0, 0, 0, 0, 0, 0, 0, 0, 0, 0, 0, 0, 0, 0, 0], [0, 0, 0, 0, 0, 0, 0, 0, 0, 0, 0, 0, 0, 0, 0, 0, 0, 0, 0, 0, 0, 0, 0, 0, 0, 0, 0, 0, 0, 0, 0, 0], [0, 0, 0, 0, 0, 0, 0, 0, 0, 0, 0, 0, 0, 0, 0, 0, 0, 0, 0, 0, 0, 0, 0, 0, 0, 0, 0, 0, 0, 0, 0, 0], [0, 0, 0, 0, 0, 0, 0, 0, 0, 0, 0, 0, 0, 0, 0, 0, 0, 0, 0, 0, 0, 0, 0, 0, 0, 0, 0, 0, 0, 0, 0, 0], [0, 0, 0, 0, 0, 0, 0, 0, 0, 0, 0, 0, 0, 0, 0, 0, 0, 0, 0, 0, 0, 0, 0, 0, 0, 0, 0, 0, 0, 0, 0, 0], [0, 0, 0, 0, 0, 0, 0, 0, 0, 0, 0, 0, 0, 0, 0, 0, 0, 0, 0, 0, 0, 0, 0, 0, 0, 0, 0, 0, 0, 0, 0, 0], [0, 0, 0, 0, 0, 0, 0, 0, 0, 0, 0, 0, 0, 0, 0, 0, 0, 0, 0, 0, 0, 0, 0, 0, 0, 0, 0, 0, 0, 0, 0, 0], [0, 0, 0, 0, 0, 0, 0, 0, 0, 0, 0, 0, 0, 0, 0, 0, 0, 0, 0, 0, 0, 0, 0, 0, 0, 0, 0, 0, 0, 0, 0, 0], [0, 0, 0, 0, 0, 0, 0, 0, 0, 0, 0, 0, 0, 0, 0, 0, 0, 0, 0, 0, 0, 0, 0, 0, 0, 0, 0, 0, 0, 0, 0, 0], [0, 0, 0, 0, 0, 0, 0, 0, 0, 0, 0, 0, 0, 0, 0, 0, 0, 0, 0, 0, 0, 0, 0, 0, 0, 0, 0, 0, 0, 0, 0, 0], [0, 0, 0, 0, 0, 0, 0, 0, 0, 0, 0, 0, 0, 0, 0, 0, 0, 0, 0, 0, 0, 0, 0, 0, 0, 0, 0, 0, 0, 0, 0, 0], [0, 0, 0, 0, 0, 0, 0, 0, 0, 0, 0, 0, 0, 0, 0, 0, 0, 0, 0, 0, 0, 0, 0, 0, 0, 0, 0, 0, 0, 0, 0, 0], [0, 0, 0, 0, 0, 0, 0, 0, 0, 0, 0, 0, 0, 0, 0, 0, 0, 0, 0, 0, 0, 0, 0, 0, 0, 0, 0, 0, 0, 0, 0, 0], [0, 0, 0, 0, 0, 0, 0, 0, 0, 0, 0, 0, 0, 0, 0, 0, 0, 0, 0, 0, 0, 0, 0, 0, 0, 0, 0, 0, 0, 0, 0, 0], [0, 0, 0, 0, 0, 0, 0, 0, 0, 0, 0, 0, 0, 0, 0, 0, 0, 0, 0, 0, 0, 0, 0, 0, 0, 0, 0, 0, 0, 0, 0, 0], [0, 0, 0, 0, 0, 0, 0, 0, 0, 0, 0, 0, 0, 0, 0, 0, 0, 0, 0, 0, 0, 0, 0, 0, 0, 0, 0, 0, 0, 0, 0, 0], [0, 0, 0, 0, 0, 0, 0, 0, 0, 0, 0, 0, 0, 0, 0, 0, 0, 0, 0, 0, 0, 0, 0, 0, 0, 0, 0, 0, 0, 0, 0, 0], [0, 0, 0, 0, 0, 0, 0, 0, 0, 0, 0, 0, 0, 0, 0, 0, 0, 0, 0, 0, 0, 0, 0, 0, 0, 0, 0, 0, 0, 0, 0, 0], [0, 0, 0, 0, 0, 0, 0, 0, 0, 0, 0, 0, 0, 0, 0, 0, 0, 0, 0, 0, 0, 0, 0, 0, 0, 0, 0, 0, 0, 0, 0, 0], [0, 0, 0, 0, 0, 0, 0, 0, 0, 0, 0, 0, 0, 0, 0, 0, 0, 0, 0, 0, 0, 0, 0, 0, 0, 0, 0, 0, 0, 0, 0, 0], [0, 0, 0, 0, 0, 0, 0, 0, 0, 0, 0, 0, 0, 0, 0, 0, 0, 0, 0, 0, 0, 0, 0, 0, 0, 0, 0, 0, 0, 0, 0, 0], [0, 0, 0, 0, 0, 0, 0, 0, 0, 0, 0, 0, 0, 0, 0, 0, 0, 0, 0, 0, 0, 0, 0, 0, 0, 0, 0, 0, 0, 0, 0, 0], [0, 0, 0, 0, 0, 0, 0, 0, 0, 0, 0, 0, 0, 0, 0, 0, 0, 0, 0, 0, 0, 0, 0, 0, 0, 0, 0, 0, 0, 0, 0, 0], [0, 0, 0, 0, 0, 0, 0, 0, 0, 0, 0, 0, 0, 0, 0, 0, 0, 0, 0, 0, 0, 0, 0, 0, 0, 0, 0, 0, 0, 0, 0, 0], [0, 0, 0, 0, 0, 0, 0, 0, 0, 0, 0, 0, 0, 0, 0, 0, 0, 0, 0, 0, 0, 0, 0, 0, 0, 0, 0, 0, 0, 0, 0, 0], [0, 0, 0, 0, 0, 0, 0, 0, 0, 0, 0, 0, 0, 0, 0, 0, 0, 0, 0, 0, 0, 0, 0, 0, 0, 0, 0, 0, 0, 0, 0, 0], [0, 0, 0, 0, 0, 0, 0, 0, 0, 0, 0, 0, 0, 0, 0, 0, 0, 0, 0, 0, 0, 0, 0, 0, 0, 0, 0, 0, 0, 0, 0, 0], [0, 0, 0, 0, 0, 0, 0, 0, 0, 0, 0, 0, 0, 0, 0, 0, 0, 0, 0, 0, 0, 0, 0, 0, 0, 0, 0, 0, 0, 0, 0, 0], [0, 0, 0, 0, 0, 0, 0, 0, 0, 0, 0, 0, 0, 0, 0, 0, 0, 0, 0, 0, 0, 0, 0, 0, 0, 0, 0, 0, 0, 0, 0, 0], [0, 0, 0, 0, 0, 0, 0, 0, 0, 0, 0, 0, 0, 0, 0, 0, 0, 0, 0, 0, 0, 0, 0, 0, 0, 0, 0, 0, 0, 0, 0, 0], [0, 0, 0, 0, 0, 0, 0, 0, 0, 0, 0, 0, 0, 0, 0, 0, 0, 0, 0, 0, 0, 0, 0, 0, 0, 0, 0, 0, 0, 0, 0, 0], [0, 0, 0, 0, 0, 0, 0, 0, 0, 0, 0, 0, 0, 0, 0, 0, 0, 0, 0, 0, 0, 0, 0, 0, 0, 0, 0, 0, 0, 0, 0, 0], [0, 0, 0, 0, 0, 0, 0, 0, 0, 0, 0, 0, 0, 0, 0, 0, 0, 0, 0, 0, 0, 0, 0, 0, 0, 0, 0, 0, 0, 0, 0, 0], [0, 0, 0, 0, 0, 0, 0, 0, 0, 0, 0, 0, 0, 0, 0, 0, 0, 0, 0, 0, 0, 0, 0, 0, 0, 0, 0, 0, 0, 0, 0, 0], [0, 0, 0, 0, 0, 0, 0, 0, 0, 0, 0, 0, 0, 0, 0, 0, 0, 0, 0, 0, 0, 0, 0, 0, 0, 0, 0, 0, 0, 0, 0, 0], [0, 0, 0, 0, 0, 0, 0, 0, 0, 0, 0, 0, 0, 0, 0, 0, 0, 0, 0, 0, 0, 0, 0, 0, 0, 0, 0, 0, 0, 0, 0, 0], [0, 0, 0, 0, 0, 0, 0, 0, 0, 0, 0, 0, 0, 0, 0, 0, 0, 0, 0, 0, 0, 0, 0, 0, 0, 0, 0, 0, 0, 0, 0, 0], [0, 0, 0, 0, 0, 0, 0, 0, 0, 0, 0, 0, 0, 0, 0, 0, 0, 0, 0, 0, 0, 0, 0, 0, 0, 0, 0, 0, 0, 0, 0, 0], [0, 0, 0, 0, 0, 0, 0, 0, 0, 0, 0, 0, 0, 0, 0, 0, 0, 0, 0, 0, 0, 0, 0, 0, 0, 0, 0, 0, 0, 0, 0, 0], [0, 0, 0, 0, 0, 0, 0, 0, 0, 0, 0, 0, 0, 0, 0, 0, 0, 0, 0, 0, 0, 0, 0, 0, 0, 0, 0, 0, 0, 0, 0, 0], [0, 0, 0, 0, 0, 0, 0, 0, 0, 0, 0, 0, 0, 0, 0, 0, 0, 0, 0, 0, 0, 0, 0, 0, 0, 0, 0, 0, 0, 0, 0, 0], [0, 0, 0, 0, 0, 0, 0, 0, 0, 0, 0, 0, 0, 0, 0, 0, 0, 0, 0, 0, 0, 0, 0, 0, 0, 0, 0, 0, 0, 0, 0, 0], [0, 0, 0, 0, 0, 0, 0, 0, 0, 0, 0, 0, 0, 0, 0, 0, 0, 0, 0, 0, 0, 0, 0, 0, 0, 0, 0, 0, 0, 0, 0, 0], [0, 0, 0, 0, 0, 0, 0, 0, 0, 0, 0, 0, 0, 0, 0, 0, 0, 0, 0, 0, 0, 0, 0, 0, 0, 0, 0, 0, 0, 0, 0, 0], [0, 0, 0, 0, 0, 0, 0, 0, 0, 0, 0, 0, 0, 0, 0, 0, 0, 0, 0, 0, 0, 0, 0, 0, 0, 0, 0, 0, 0, 0, 0, 0], [0, 0, 0, 0, 0, 0, 0, 0, 0, 0, 0, 0, 0, 0, 0, 0, 0, 0, 0, 0, 0, 0, 0, 0, 0, 0, 0, 0, 0, 0, 0, 0], [0, 0, 0, 0, 0, 0, 0, 0, 0, 0, 0, 0, 0, 0, 0, 0, 0, 0, 0, 0, 0, 0, 0, 0, 0, 0, 0, 0, 0, 0, 0, 0], [0, 0, 0, 0, 0, 0, 0, 0, 0, 0, 0, 0, 0, 0, 0, 0, 0, 0, 0, 0, 0, 0, 0, 0, 0, 0, 0, 0, 0, 0, 0, 0], [0, 0, 0, 0, 0, 0, 0, 0, 0, 0, 0, 0, 0, 0, 0, 0, 0, 0, 0, 0, 0, 0, 0, 0, 0, 0, 0, 0, 0, 0, 0, 0], [0, 0, 0, 0, 0, 0, 0, 0, 0, 0, 0, 0, 0, 0, 0, 0, 0, 0, 0, 0, 0, 0, 0, 0, 0, 0, 0, 0, 0, 0, 0, 0], [0, 0, 0, 0, 0, 0, 0, 0, 0, 0, 0, 0, 0, 0, 0, 0, 0, 0, 0, 0, 0, 0, 0, 0, 0, 0, 0, 0, 0, 0, 0, 0], [0, 0, 0, 0, 0, 0, 0, 0, 0, 0, 0, 0, 0, 0, 0, 0, 0, 0, 0, 0, 0, 0, 0, 0, 0, 0, 0, 0, 0, 0, 0, 0], [0, 0, 0, 0, 0, 0, 0, 0, 0, 0, 0, 0, 0, 0, 0, 0, 0, 0, 0, 0, 0, 0, 0, 0, 0, 0, 0, 0, 0, 0, 0, 0], [0, 0, 0, 0, 0, 0, 0, 0, 0, 0, 0, 0, 0, 0, 0, 0, 0, 0, 0, 0, 0, 0, 0, 0, 0, 0, 0, 0, 0, 0, 0, 0], [0, 0, 0, 0, 0, 0, 0, 0, 0, 0, 0, 0, 0, 0, 0, 0, 0, 0, 0, 0, 0, 0, 0, 0, 0, 0, 0, 0, 0, 0, 0, 0], [0, 0, 0, 0, 0, 0, 0, 0, 0, 0, 0, 0, 0, 0, 0, 0, 0, 0, 0, 0, 0, 0, 0, 0, 0, 0, 0, 0, 0, 0, 0, 0], [0, 0, 0, 0, 0, 0, 0, 0, 0, 0, 0, 0, 0, 0, 0, 0, 0, 0, 0, 0, 0, 0, 0, 0, 0, 0, 0, 0, 0, 0, 0, 0], [0, 0, 0, 0, 0, 0, 0, 0, 0, 0, 0, 0, 0, 0, 0, 0, 0, 0, 0, 0, 0, 0, 0, 0, 0, 0, 0, 0, 0, 0, 0, 0], [0, 0, 0, 0, 0, 0, 0, 0, 0, 0, 0, 0, 0, 0, 0, 0, 0, 0, 0, 0, 0, 0, 0, 0, 0, 0, 0, 0, 0, 0, 0, 0], [0, 0, 0, 0, 0, 0, 0, 0, 0, 0, 0, 0, 0, 0, 0, 0, 0, 0, 0, 0, 0, 0, 0, 0, 0, 0, 0, 0, 0, 0, 0, 0], [0, 0, 0, 0, 0, 0, 0, 0, 0, 0, 0, 0, 0, 0, 0, 0, 0, 0, 0, 0, 0, 0, 0, 0, 0, 0, 0, 0, 0, 0, 0, 0], [0, 0, 0, 0, 0, 0, 0, 0, 0, 0, 0, 0, 0, 0, 0, 0, 0, 0, 0, 0, 0, 0, 0, 0, 0, 0, 0, 0, 0, 0, 0, 0], [0, 0, 0, 0, 0, 0, 0, 0, 0, 0, 0, 0, 0, 0, 0, 0, 0, 0, 0, 0, 0, 0, 0, 0, 0, 0, 0, 0, 0, 0, 0, 0], [0, 0, 0, 0, 0, 0, 0, 0, 0, 0, 0, 0, 0, 0, 0, 0, 0, 0, 0, 0, 0, 0, 0, 0, 0, 0, 0, 0, 0, 0, 0, 0], [0, 0, 0, 0, 0, 0, 0, 0, 0, 0, 0, 0, 0, 0, 0, 0, 0, 0, 0, 0, 0, 0, 0, 0, 0, 0, 0, 0, 0, 0, 0, 0], [0, 0, 0, 0, 0, 0, 0, 0, 0, 0, 0, 0, 0, 0, 0, 0, 0, 0, 0, 0, 0, 0, 0, 0, 0, 0, 0, 0, 0, 0, 0, 0], [0, 0, 0, 0, 0, 0, 0, 0, 0, 0, 0, 0, 0, 0, 0, 0, 0, 0, 0, 0, 0, 0, 0, 0, 0, 0, 0, 0, 0, 0, 0, 0], [0, 0, 0, 0, 0, 0, 0, 0, 0, 0, 0, 0, 0, 0, 0, 0, 0, 0, 0, 0, 0, 0, 0, 0, 0, 0, 0, 0, 0, 0, 0, 0], [0, 0, 0, 0, 0, 0, 0, 0, 0, 0, 0, 0, 0, 0, 0, 0, 0, 0, 0, 0, 0, 0, 0, 0, 0, 0, 0, 0, 0, 0, 0, 0], [0, 0, 0, 0, 0, 0, 0, 0, 0, 0, 0, 0, 0, 0, 0, 0, 0, 0, 0, 0, 0, 0, 0, 0, 0, 0, 0, 0, 0, 0, 0, 0], [0, 0, 0, 0, 0, 0, 0, 0, 0, 0, 0, 0, 0, 0, 0, 0, 0, 0, 0, 0, 0, 0, 0, 0, 0, 0, 0, 0, 0, 0, 0, 0], [0, 0, 0, 0, 0, 0, 0, 0, 0, 0, 0, 0, 0, 0, 0, 0, 0, 0, 0, 0, 0, 0, 0, 0, 0, 0, 0, 0, 0, 0, 0, 0], [0, 0, 0, 0, 0, 0, 0, 0, 0, 0, 0, 0, 0, 0, 0, 0, 0, 0, 0, 0, 0, 0, 0, 0, 0, 0, 0, 0, 0, 0, 0, 0], [0, 0, 0, 0, 0, 0, 0, 0, 0, 0, 0, 0, 0, 0, 0, 0, 0, 0, 0, 0, 0, 0, 0, 0, 0, 0, 0, 0, 0, 0, 0, 0], [0, 0, 0, 0, 0, 0, 0, 0, 0, 0, 0, 0, 0, 0, 0, 0, 0, 0, 0, 0, 0, 0, 0, 0, 0, 0, 0, 0, 0, 0, 0, 0], [0, 0, 0, 0, 0, 0, 0, 0, 0, 0, 0, 0, 0, 0, 0, 0, 0, 0, 0, 0, 0, 0, 0, 0, 0, 0, 0, 0, 0, 0, 0, 0], [0, 0, 0, 0, 0, 0, 0, 0, 0, 0, 0, 0, 0, 0, 0, 0, 0, 0, 0, 0, 0, 0, 0, 0, 0, 0, 0, 0, 0, 0, 0, 0], [0, 0, 0, 0, 0, 0, 0, 0, 0, 0, 0, 0, 0, 0, 0, 0, 0, 0, 0, 0, 0, 0, 0, 0, 0, 0, 0, 0, 0, 0, 0, 0], [0, 0, 0, 0, 0, 0, 0, 0, 0, 0, 0, 0, 0, 0, 0, 0, 0, 0, 0, 0, 0, 0, 0, 0, 0, 0, 0, 0, 0, 0, 0, 0], [0, 0, 0, 0, 0, 0, 0, 0, 0, 0, 0, 0, 0, 0, 0, 0, 0, 0, 0, 0, 0, 0, 0, 0, 0, 0, 0, 0, 0, 0, 0, 0], [0, 0, 0, 0, 0, 0, 0, 0, 0, 0, 0, 0, 0, 0, 0, 0, 0, 0, 0, 0, 0, 0, 0, 0, 0, 0, 0, 0, 0, 0, 0, 0], [0, 0, 0, 0, 0, 0, 0, 0, 0, 0, 0, 0, 0, 0, 0, 0, 0, 0, 0, 0, 0, 0, 0, 0, 0, 0, 0, 0, 0, 0, 0, 0], [0, 0, 0, 0, 0, 0, 0, 0, 0, 0, 0, 0, 0, 0, 0, 0, 0, 0, 0, 0, 0, 0, 0, 0, 0, 0, 0, 0, 0, 0, 0, 0], [0, 0, 0, 0, 0, 0, 0, 0, 0, 0, 0, 0, 0, 0, 0, 0, 0, 0, 0, 0, 0, 0, 0, 0, 0, 0, 0, 0, 0, 0, 0, 0], [0, 0, 0, 0, 0, 0, 0, 0, 0, 0, 0, 0, 0, 0, 0, 0, 0, 0, 0, 0, 0, 0, 0, 0, 0, 0, 0, 0, 0, 0, 0, 0], [0, 0, 0, 0, 0, 0, 0, 0, 0, 0, 0, 0, 0, 0, 0, 0, 0, 0, 0, 0, 0, 0, 0, 0, 0, 0, 0, 0, 0, 0, 0, 0], [0, 0, 0, 0, 0, 0, 0, 0, 0, 0, 0, 0, 0, 0, 0, 0, 0, 0, 0, 0, 0, 0, 0, 0, 0, 0, 0, 0, 0, 0, 0, 0], [0, 0, 0, 0, 0, 0, 0, 0, 0, 0, 0, 0, 0, 0, 0, 0, 0, 0, 0, 0, 0, 0, 0, 0, 0, 0, 0, 0, 0, 0, 0, 0], [0, 0, 0, 0, 0, 0, 0, 0, 0, 0, 0, 0, 0, 0, 0, 0, 0, 0, 0, 0, 0, 0, 0, 0, 0, 0, 0, 0, 0, 0, 0, 0], [0, 0, 0, 0, 0, 0, 0, 0, 0, 0, 0, 0, 0, 0, 0, 0, 0, 0, 0, 0, 0, 0, 0, 0, 0, 0, 0, 0, 0, 0, 0, 0], [0, 0, 0, 0, 0, 0, 0, 0, 0, 0, 0, 0, 0, 0, 0, 0, 0, 0, 0, 0, 0, 0, 0, 0, 0, 0, 0, 0, 0, 0, 0, 0], [0, 0, 0, 0, 0, 0, 0, 0, 0, 0, 0, 0, 0, 0, 0, 0, 0, 0, 0, 0, 0, 0, 0, 0, 0, 0, 0, 0, 0, 0, 0, 0], [0, 0, 0, 0, 0, 0, 0, 0, 0, 0, 0, 0, 0, 0, 0, 0, 0, 0, 0, 0, 0, 0, 0, 0, 0, 0, 0, 0, 0, 0, 0, 0], [0, 0, 0, 0, 0, 0, 0, 0, 0, 0, 0, 0, 0, 0, 0, 0, 0, 0, 0, 0, 0, 0, 0, 0, 0, 0, 0, 0, 0, 0, 0, 0], [0, 0, 0, 0, 0, 0, 0, 0, 0, 0, 0, 0, 0, 0, 0, 0, 0, 0, 0, 0, 0, 0, 0, 0, 0, 0, 0, 0, 0, 0, 0, 0], [0, 0, 0, 0, 0, 0, 0, 0, 0, 0, 0, 0, 0, 0, 0, 0, 0, 0, 0, 0, 0, 0, 0, 0, 0, 0, 0, 0, 0, 0, 0, 0], [0, 0, 0, 0, 0, 0, 0, 0, 0, 0, 0, 0, 0, 0, 0, 0, 0, 0, 0, 0, 0, 0, 0, 0, 0, 0, 0, 0, 0, 0, 0, 0], [0, 0, 0, 0, 0, 0, 0, 0, 0, 0, 0, 0, 0, 0, 0, 0, 0, 0, 0, 0, 0, 0, 0, 0, 0, 0, 0, 0, 0, 0, 0, 0], [0, 0, 0, 0, 0, 0, 0, 0, 0, 0, 0, 0, 0, 0, 0, 0, 0, 0, 0, 0, 0, 0, 0, 0, 0, 0, 0, 0, 0, 0, 0, 0], [0, 0, 0, 0, 0, 0, 0, 0, 0, 0, 0, 0, 0, 0, 0, 0, 0, 0, 0, 0, 0, 0, 0, 0, 0, 0, 0, 0, 0, 0, 0, 0], [0, 0, 0, 0, 0, 0, 0, 0, 0, 0, 0, 0, 0, 0, 0, 0, 0, 0, 0, 0, 0, 0, 0, 0, 0, 0, 0, 0, 0, 0, 0, 0], [0, 0, 0, 0, 0, 0, 0, 0, 0, 0, 0, 0, 0, 0, 0, 0, 0, 0, 0, 0, 0, 0, 0, 0, 0, 0, 0, 0, 0, 0, 0, 0], [0, 0, 0, 0, 0, 0, 0, 0, 0, 0, 0, 0, 0, 0, 0, 0, 0, 0, 0, 0, 0, 0, 0, 0, 0, 0, 0, 0, 0, 0, 0, 0], [0, 0, 0, 0, 0, 0, 0, 0, 0, 0, 0, 0, 0, 0, 0, 0, 0, 0, 0, 0, 0, 0, 0, 0, 0, 0, 0, 0, 0, 0, 0, 0], [0, 0, 0, 0, 0, 0, 0, 0, 0, 0, 0, 0, 0, 0, 0, 0, 0, 0, 0, 0, 0, 0, 0, 0, 0, 0, 0, 0, 0, 0, 0, 0], [0, 0, 0, 0, 0, 0, 0, 0, 0, 0, 0, 0, 0, 0, 0, 0, 0, 0, 0, 0, 0, 0, 0, 0, 0, 0, 0, 0, 0, 0, 0, 0], [0, 0, 0, 0, 0, 0, 0, 0, 0, 0, 0, 0, 0, 0, 0, 0, 0, 0, 0, 0, 0, 0, 0, 0, 0, 0, 0, 0, 0, 0, 0, 0], [0, 0, 0, 0, 0, 0, 0, 0, 0, 0, 0, 0, 0, 0, 0, 0, 0, 0, 0, 0, 0, 0, 0, 0, 0, 0, 0, 0, 0, 0, 0, 0], [0, 0, 0, 0, 0, 0, 0, 0, 0, 0, 0, 0, 0, 0, 0, 0, 0, 0, 0, 0, 0, 0, 0, 0, 0, 0, 0, 0, 0, 0, 0, 0], [0, 0, 0, 0, 0, 0, 0, 0, 0, 0, 0, 0, 0, 0, 0, 0, 0, 0, 0, 0, 0, 0, 0, 0, 0, 0, 0, 0, 0, 0, 0, 0], [0, 0, 0, 0, 0, 0, 0, 0, 0, 0, 0, 0, 0, 0, 0, 0, 0, 0, 0, 0, 0, 0, 0, 0, 0, 0, 0, 0, 0, 0, 0, 0], [0, 0, 0, 0, 0, 0, 0, 0, 0, 0, 0, 0, 0, 0, 0, 0, 0, 0, 0, 0, 0, 0, 0, 0, 0, 0, 0, 0, 0, 0, 0, 0], [0, 0, 0, 0, 0, 0, 0, 0, 0, 0, 0, 0, 0, 0, 0, 0, 0, 0, 0, 0, 0, 0, 0, 0, 0, 0, 0, 0, 0, 0, 0, 0], [0, 0, 0, 0, 0, 0, 0, 0, 0, 0, 0, 0, 0, 0, 0, 0, 0, 0, 0, 0, 0, 0, 0, 0, 0, 0, 0, 0, 0, 0, 0, 0], [0, 0, 0, 0, 0, 0, 0, 0, 0, 0, 0, 0, 0, 0, 0, 0, 0, 0, 0, 0, 0, 0, 0, 0, 0, 0, 0, 0, 0, 0, 0, 0], [0, 0, 0, 0, 0, 0, 0, 0, 0, 0, 0, 0, 0, 0, 0, 0, 0, 0, 0, 0, 0, 0, 0, 0, 0, 0, 0, 0, 0, 0, 0, 0], [0, 0, 0, 0, 0, 0, 0, 0, 0, 0, 0, 0, 0, 0, 0, 0, 0, 0, 0, 0, 0, 0, 0, 0, 0, 0, 0, 0, 0, 0, 0, 0], [0, 0, 0, 0, 0, 0, 0, 0, 0, 0, 0, 0, 0, 0, 0, 0, 0, 0, 0, 0, 0, 0, 0, 0, 0, 0, 0, 0, 0, 0, 0, 0], [0, 0, 0, 0, 0, 0, 0, 0, 0, 0, 0, 0, 0, 0, 0, 0, 0, 0, 0, 0, 0, 0, 0, 0, 0, 0, 0, 0, 0, 0, 0, 0], [0, 0, 0, 0, 0, 0, 0, 0, 0, 0, 0, 0, 0, 0, 0, 0, 0, 0, 0, 0, 0, 0, 0, 0, 0, 0, 0, 0, 0, 0, 0, 0], [0, 0, 0, 0, 0, 0, 0, 0, 0, 0, 0, 0, 0, 0, 0, 0, 0, 0, 0, 0, 0, 0, 0, 0, 0, 0, 0, 0, 0, 0, 0, 0], [0, 0, 0, 0, 0, 0, 0, 0, 0, 0, 0, 0, 0, 0, 0, 0, 0, 0, 0, 0, 0, 0, 0, 0, 0, 0, 0, 0, 0, 0, 0, 0], [0, 0, 0, 0, 0, 0, 0, 0, 0, 0, 0, 0, 0, 0, 0, 0, 0, 0, 0, 0, 0, 0, 0, 0, 0, 0, 0, 0, 0, 0, 0, 0], [0, 0, 0, 0, 0, 0, 0, 0, 0, 0, 0, 0, 0, 0, 0, 0, 0, 0, 0, 0, 0, 0, 0, 0, 0, 0, 0, 0, 0, 0, 0, 0], [0, 0, 0, 0, 0, 0, 0, 0, 0, 0, 0, 0, 0, 0, 0, 0, 0, 0, 0, 0, 0, 0, 0, 0, 0, 0, 0, 0, 0, 0, 0, 0], [0, 0, 0, 0, 0, 0, 0, 0, 0, 0, 0, 0, 0, 0, 0, 0, 0, 0, 0, 0, 0, 0, 0, 0, 0, 0, 0, 0, 0, 0, 0, 0], [0, 0, 0, 0, 0, 0, 0, 0, 0, 0, 0, 0, 0, 0, 0, 0, 0, 0, 0, 0, 0, 0, 0, 0, 0, 0, 0, 0, 0, 0, 0, 0], [0, 0, 0, 0, 0, 0, 0, 0, 0, 0, 0, 0, 0, 0, 0, 0, 0, 0, 0, 0, 0, 0, 0, 0, 0, 0, 0, 0, 0, 0, 0, 0], [0, 0, 0, 0, 0, 0, 0, 0, 0, 0, 0, 0, 0, 0, 0, 0, 0, 0, 0, 0, 0, 0, 0, 0, 0, 0, 0, 0, 0, 0, 0, 0], [0, 0, 0, 0, 0, 0, 0, 0, 0, 0, 0, 0, 0, 0, 0, 0, 0, 0, 0, 0, 0, 0, 0, 0, 0, 0, 0, 0, 0, 0, 0, 0], [0, 0, 0, 0, 0, 0, 0, 0, 0, 0, 0, 0, 0, 0, 0, 0, 0, 0, 0, 0, 0, 0, 0, 0, 0, 0, 0, 0, 0, 0, 0, 0], [0, 0, 0, 0, 0, 0, 0, 0, 0, 0, 0, 0, 0, 0, 0, 0, 0, 0, 0, 0, 0, 0, 0, 0, 0, 0, 0, 0, 0, 0, 0, 0], [0, 0, 0, 0, 0, 0, 0, 0, 0, 0, 0, 0, 0, 0, 0, 0, 0, 0, 0, 0, 0, 0, 0, 0, 0, 0, 0, 0, 0, 0, 0, 0], [0, 0, 0, 0, 0, 0, 0, 0, 0, 0, 0, 0, 0, 0, 0, 0, 0, 0, 0, 0, 0, 0, 0, 0, 0, 0, 0, 0, 0, 0, 0, 0], [0, 0, 0, 0, 0, 0, 0, 0, 0, 0, 0, 0, 0, 0, 0, 0, 0, 0, 0, 0, 0, 0, 0, 0, 0, 0, 0, 0, 0, 0, 0, 0], [0, 0, 0, 0, 0, 0, 0, 0, 0, 0, 0, 0, 0, 0, 0, 0, 0, 0, 0, 0, 0, 0, 0, 0, 0, 0, 0, 0, 0, 0, 0, 0], [0, 0, 0, 0, 0, 0, 0, 0, 0, 0, 0, 0, 0, 0, 0, 0, 0, 0, 0, 0, 0, 0, 0, 0, 0, 0, 0, 0, 0, 0, 0, 0], [0, 0, 0, 0, 0, 0, 0, 0, 0, 0, 0, 0, 0, 0, 0, 0, 0, 0, 0, 0, 0, 0, 0, 0, 0, 0, 0, 0, 0, 0, 0, 0], [0, 0, 0, 0, 0, 0, 0, 0, 0, 0, 0, 0, 0, 0, 0, 0, 0, 0, 0, 0, 0, 0, 0, 0, 0, 0, 0, 0, 0, 0, 0, 0], [0, 0, 0, 0, 0, 0, 0, 0, 0, 0, 0, 0, 0, 0, 0, 0, 0, 0, 0, 0, 0, 0, 0, 0, 0, 0, 0, 0, 0, 0, 0, 0], [0, 0, 0, 0, 0, 0, 0, 0, 0, 0, 0, 0, 0, 0, 0, 0, 0, 0, 0, 0, 0, 0, 0, 0, 0, 0, 0, 0, 0, 0, 0, 0], [0, 0, 0, 0, 0, 0, 0, 0, 0, 0, 0, 0, 0, 0, 0, 0, 0, 0, 0, 0, 0, 0, 0, 0, 0, 0, 0, 0, 0, 0, 0, 0], [0, 0, 0, 0, 0, 0, 0, 0, 0, 0, 0, 0, 0, 0, 0, 0, 0, 0, 0, 0, 0, 0, 0, 0, 0, 0, 0, 0, 0, 0, 0, 0], [0, 0, 0, 0, 0, 0, 0, 0, 0, 0, 0, 0, 0, 0, 0, 0, 0, 0, 0, 0, 0, 0, 0, 0, 0, 0, 0, 0, 0, 0, 0, 0], [0, 0, 0, 0, 0, 0, 0, 0, 0, 0, 0, 0, 0, 0, 0, 0, 0, 0, 0, 0, 0, 0, 0, 0, 0, 0, 0, 0, 0, 0, 0, 0], [0, 0, 0, 0, 0, 0, 0, 0, 0, 0, 0, 0, 0, 0, 0, 0, 0, 0, 0, 0, 0, 0, 0, 0, 0, 0, 0, 0, 0, 0, 0, 0], [0, 0, 0, 0, 0, 0, 0, 0, 0, 0, 0, 0, 0, 0, 0, 0, 0, 0, 0, 0, 0, 0, 0, 0, 0, 0, 0, 0, 0, 0, 0, 0], [0, 0, 0, 0, 0, 0, 0, 0, 0, 0, 0, 0, 0, 0, 0, 0, 0, 0, 0, 0, 0, 0, 0, 0, 0, 0, 0, 0, 0, 0, 0, 0], [0, 0, 0, 0, 0, 0, 0, 0, 0, 0, 0, 0, 0, 0, 0, 0, 0, 0, 0, 0, 0, 0, 0, 0, 0, 0, 0, 0, 0, 0, 0, 0], [0, 0, 0, 0, 0, 0, 0, 0, 0, 0, 0, 0, 0, 0, 0, 0, 0, 0, 0, 0, 0, 0, 0, 0, 0, 0, 0, 0, 0, 0, 0, 0], [0, 0, 0, 0, 0, 0, 0, 0, 0, 0, 0, 0, 0, 0, 0, 0, 0, 0, 0, 0, 0, 0, 0, 0, 0, 0, 0, 0, 0, 0, 0, 0], [0, 0, 0, 0, 0, 0, 0, 0, 0, 0, 0, 0, 0, 0, 0, 0, 0, 0, 0, 0, 0, 0, 0, 0, 0, 0, 0, 0, 0, 0, 0, 0], [0, 0, 0, 0, 0, 0, 0, 0, 0, 0, 0, 0, 0, 0, 0, 0, 0, 0, 0, 0, 0, 0, 0, 0, 0, 0, 0, 0, 0, 0, 0, 0], [0, 0, 0, 0, 0, 0, 0, 0, 0, 0, 0, 0, 0, 0, 0, 0, 0, 0, 0, 0, 0, 0, 0, 0, 0, 0, 0, 0, 0, 0, 0, 0], [0, 0, 0, 0, 0, 0, 0, 0, 0, 0, 0, 0, 0, 0, 0, 0, 0, 0, 0, 0, 0, 0, 0, 0, 0, 0, 0, 0, 0, 0, 0, 0], [0, 0, 0, 0, 0, 0, 0, 0, 0, 0, 0, 0, 0, 0, 0, 0, 0, 0, 0, 0, 0, 0, 0, 0, 0, 0, 0, 0, 0, 0, 0, 0], [0, 0, 0, 0, 0, 0, 0, 0, 0, 0, 0, 0, 0, 0, 0, 0, 0, 0, 0, 0, 0, 0, 0, 0, 0, 0, 0, 0, 0, 0, 0, 0], [0, 0, 0, 0, 0, 0, 0, 0, 0, 0, 0, 0, 0, 0, 0, 0, 0, 0, 0, 0, 0, 0, 0, 0, 0, 0, 0, 0, 0, 0, 0, 0], [0, 0, 0, 0, 0, 0, 0, 0, 0, 0, 0, 0, 0, 0, 0, 0, 0, 0, 0, 0, 0, 0, 0, 0, 0, 0, 0, 0, 0, 0, 0, 0], [0, 0, 0, 0, 0, 0, 0, 0, 0, 0, 0, 0, 0, 0, 0, 0, 0, 0, 0, 0, 0, 0, 0, 0, 0, 0, 0, 0, 0, 0, 0, 0], [0, 0, 0, 0, 0, 0, 0, 0, 0, 0, 0, 0, 0, 0, 0, 0, 0, 0, 0, 0, 0, 0, 0, 0, 0, 0, 0, 0, 0, 0, 0, 0], [0, 0, 0, 0, 0, 0, 0, 0, 0, 0, 0, 0, 0, 0, 0, 0, 0, 0, 0, 0, 0, 0, 0, 0, 0, 0, 0, 0, 0, 0, 0, 0], [0, 0, 0, 0, 0, 0, 0, 0, 0, 0, 0, 0, 0, 0, 0, 0, 0, 0, 0, 0, 0, 0, 0, 0, 0, 0, 0, 0, 0, 0, 0, 0], [0, 0, 0, 0, 0, 0, 0, 0, 0, 0, 0, 0, 0, 0, 0, 0, 0, 0, 0, 0, 0, 0, 0, 0, 0, 0, 0, 0, 0, 0, 0, 0], [0, 0, 0, 0, 0, 0, 0, 0, 0, 0, 0, 0, 0, 0, 0, 0, 0, 0, 0, 0, 0, 0, 0, 0, 0, 0, 0, 0, 0, 0, 0, 0], [0, 0, 0, 0, 0, 0, 0, 0, 0, 0, 0, 0, 0, 0, 0, 0, 0, 0, 0, 0, 0, 0, 0, 0, 0, 0, 0, 0, 0, 0, 0, 0], [0, 0, 0, 0, 0, 0, 0, 0, 0, 0, 0, 0, 0, 0, 0, 0, 0, 0, 0, 0, 0, 0, 0, 0, 0, 0, 0, 0, 0, 0, 0, 0], [0, 0, 0, 0, 0, 0, 0, 0, 0, 0, 0, 0, 0, 0, 0, 0, 0, 0, 0, 0, 0, 0, 0, 0, 0, 0, 0, 0, 0, 0, 0, 0], [0, 0, 0, 0, 0, 0, 0, 0, 0, 0, 0, 0, 0, 0, 0, 0, 0, 0, 0, 0, 0, 0, 0, 0, 0, 0, 0, 0, 0, 0, 0, 0], [0, 0, 0, 0, 0, 0, 0, 0, 0, 0, 0, 0, 0, 0, 0, 0, 0, 0, 0, 0, 0, 0, 0, 0, 0, 0, 0, 0, 0, 0, 0, 0], [0, 0, 0, 0, 0, 0, 0, 0, 0, 0, 0, 0, 0, 0, 0, 0, 0, 0, 0, 0, 0, 0, 0, 0, 0, 0, 0, 0, 0, 0, 0, 0], [0, 0, 0, 0, 0, 0, 0, 0, 0, 0, 0, 0, 0, 0, 0, 0, 0, 0, 0, 0, 0, 0, 0, 0, 0, 0, 0, 0, 0, 0, 0, 0], [0, 0, 0, 0, 0, 0, 0, 0, 0, 0, 0, 0, 0, 0, 0, 0, 0, 0, 0, 0, 0, 0, 0, 0, 0, 0, 0, 0, 0, 0, 0, 0], [0, 0, 0, 0, 0, 0, 0, 0, 0, 0, 0, 0, 0, 0, 0, 0, 0, 0, 0, 0, 0, 0, 0, 0, 0, 0, 0, 0, 0, 0, 0, 0], [0, 0, 0, 0, 0, 0, 0, 0, 0, 0, 0, 0, 0, 0, 0, 0, 0, 0, 0, 0, 0, 0, 0, 0, 0, 0, 0, 0, 0, 0, 0, 0], [0, 0, 0, 0, 0, 0, 0, 0, 0, 0, 0, 0, 0, 0, 0, 0, 0, 0, 0, 0, 0, 0, 0, 0, 0, 0, 0, 0, 0, 0, 0, 0], [0, 0, 0, 0, 0, 0, 0, 0, 0, 0, 0, 0, 0, 0, 0, 0, 0, 0, 0, 0, 0, 0, 0, 0, 0, 0, 0, 0, 0, 0, 0, 0], [0, 0, 0, 0, 0, 0, 0, 0, 0, 0, 0, 0, 0, 0, 0, 0, 0, 0, 0, 0, 0, 0, 0, 0, 0, 0, 0, 0, 0, 0, 0, 0], [0, 0, 0, 0, 0, 0, 0, 0, 0, 0, 0, 0, 0, 0, 0, 0, 0, 0, 0, 0, 0, 0, 0, 0, 0, 0, 0, 0, 0, 0, 0, 0], [0, 0, 0, 0, 0, 0, 0, 0, 0, 0, 0, 0, 0, 0, 0, 0, 0, 0, 0, 0, 0, 0, 0, 0, 0, 0, 0, 0, 0, 0, 0, 0], [0, 0, 0, 0, 0, 0, 0, 0, 0, 0, 0, 0, 0, 0, 0, 0, 0, 0, 0, 0, 0, 0, 0, 0, 0, 0, 0, 0, 0, 0, 0, 0], [0, 0, 0, 0, 0, 0, 0, 0, 0, 0, 0, 0, 0, 0, 0, 0, 0, 0, 0, 0, 0, 0, 0, 0, 0, 0, 0, 0, 0, 0, 0, 0], [0, 0, 0, 0, 0, 0, 0, 0, 0, 0, 0, 0, 0, 0, 0, 0, 0, 0, 0, 0, 0, 0, 0, 0, 0, 0, 0, 0, 0, 0, 0, 0], [0, 0, 0, 0, 0, 0, 0, 0, 0, 0, 0, 0, 0, 0, 0, 0, 0, 0, 0, 0, 0, 0, 0, 0, 0, 0, 0, 0, 0, 0, 0, 0], [0, 0, 0, 0, 0, 0, 0, 0, 0, 0, 0, 0, 0, 0, 0, 0, 0, 0, 0, 0, 0, 0, 0, 0, 0, 0, 0, 0, 0, 0, 0, 0], [0, 0, 0, 0, 0, 0, 0, 0, 0, 0, 0, 0, 0, 0, 0, 0, 0, 0, 0, 0, 0, 0, 0, 0, 0, 0, 0, 0, 0, 0, 0, 0], [0, 0, 0, 0, 0, 0, 0, 0, 0, 0, 0, 0, 0, 0, 0, 0, 0, 0, 0, 0, 0, 0, 0, 0, 0, 0, 0, 0, 0, 0, 0, 0], [0, 0, 0, 0, 0, 0, 0, 0, 0, 0, 0, 0, 0, 0, 0, 0, 0, 0, 0, 0, 0, 0, 0, 0, 0, 0, 0, 0, 0, 0, 0, 0], [0, 0, 0, 0, 0, 0, 0, 0, 0, 0, 0, 0, 0, 0, 0, 0, 0, 0, 0, 0, 0, 0, 0, 0, 0, 0, 0, 0, 0, 0, 0, 0], [0, 0, 0, 0, 0, 0, 0, 0, 0, 0, 0, 0, 0, 0, 0, 0, 0, 0, 0, 0, 0, 0, 0, 0, 0, 0, 0, 0, 0, 0, 0, 0], [0, 0, 0, 0, 0, 0, 0, 0, 0, 0, 0, 0, 0, 0, 0, 0, 0, 0, 0, 0, 0, 0, 0, 0, 0, 0, 0, 0, 0, 0, 0, 0], [0, 0, 0, 0, 0, 0, 0, 0, 0, 0, 0, 0, 0, 0, 0, 0, 0, 0, 0, 0, 0, 0, 0, 0, 0, 0, 0, 0, 0, 0, 0, 0], [0, 0, 0, 0, 0, 0, 0, 0, 0, 0, 0, 0, 0, 0, 0, 0, 0, 0, 0, 0, 0, 0, 0, 0, 0, 0, 0, 0, 0, 0, 0, 0], [0, 0, 0, 0, 0, 0, 0, 0, 0, 0, 0, 0, 0, 0, 0, 0, 0, 0, 0, 0, 0, 0, 0, 0, 0, 0, 0, 0, 0, 0, 0, 0], [0, 0, 0, 0, 0, 0, 0, 0, 0, 0, 0, 0, 0, 0, 0, 0, 0, 0, 0, 0, 0, 0, 0, 0, 0, 0, 0, 0, 0, 0, 0, 0], [0, 0, 0, 0, 0, 0, 0, 0, 0, 0, 0, 0, 0, 0, 0, 0, 0, 0, 0, 0, 0, 0, 0, 0, 0, 0, 0, 0, 0, 0, 0, 0], [0, 0, 0, 0, 0, 0, 0, 0, 0, 0, 0, 0, 0, 0, 0, 0, 0, 0, 0, 0, 0, 0, 0, 0, 0, 0, 0, 0, 0, 0, 0, 0], [0, 0, 0, 0, 0, 0, 0, 0, 0, 0, 0, 0, 0, 0, 0, 0, 0, 0, 0, 0, 0, 0, 0, 0, 0, 0, 0, 0, 0, 0, 0, 0], [0, 0, 0, 0, 0, 0, 0, 0, 0, 0, 0, 0, 0, 0, 0, 0, 0, 0, 0, 0, 0, 0, 0, 0, 0, 0, 0, 0, 0, 0, 0, 0], [0, 0, 0, 0, 0, 0, 0, 0, 0, 0, 0, 0, 0, 0, 0, 0, 0, 0, 0, 0, 0, 0, 0, 0, 0, 0, 0, 0, 0, 0, 0, 0], [0, 0, 0, 0, 0, 0, 0, 0, 0, 0, 0, 0, 0, 0, 0, 0, 0, 0, 0, 0, 0, 0, 0, 0, 0, 0, 0, 0, 0, 0, 0, 0], [0, 0, 0, 0, 0, 0, 0, 0, 0, 0, 0, 0, 0, 0, 0, 0, 0, 0, 0, 0, 0, 0, 0, 0, 0, 0, 0, 0, 0, 0, 0, 0], [0, 0, 0, 0, 0, 0, 0, 0, 0, 0, 0, 0, 0, 0, 0, 0, 0, 0, 0, 0, 0, 0, 0, 0, 0, 0, 0, 0, 0, 0, 0, 0], [0, 0, 0, 0, 0, 0, 0, 0, 0, 0, 0, 0, 0, 0, 0, 0, 0, 0, 0, 0, 0, 0, 0, 0, 0, 0, 0, 0, 0, 0, 0, 0], [0, 0, 0, 0, 0, 0, 0, 0, 0, 0, 0, 0, 0, 0, 0, 0, 0, 0, 0, 0, 0, 0, 0, 0, 0, 0, 0, 0, 0, 0, 0, 0], [0, 0, 0, 0, 0, 0, 0, 0, 0, 0, 0, 0, 0, 0, 0, 0, 0, 0, 0, 0, 0, 0, 0, 0, 0, 0, 0, 0, 0, 0, 0, 0], [0, 0, 0, 0, 0, 0, 0, 0, 0, 0, 0, 0, 0, 0, 0, 0, 0, 0, 0, 0, 0, 0, 0, 0, 0, 0, 0, 0, 0, 0, 0, 0], [0, 0, 0, 0, 0, 0, 0, 0, 0, 0, 0, 0, 0, 0, 0, 0, 0, 0, 0, 0, 0, 0, 0, 0, 0, 0, 0, 0, 0, 0, 0, 0], [0, 0, 0, 0, 0, 0, 0, 0, 0, 0, 0, 0, 0, 0, 0, 0, 0, 0, 0, 0, 0, 0, 0, 0, 0, 0, 0, 0, 0, 0, 0, 0], [0, 0, 0, 0, 0, 0, 0, 0, 0, 0, 0, 0, 0, 0, 0, 0, 0, 0, 0, 0, 0, 0, 0, 0, 0, 0, 0, 0, 0, 0, 0, 0], [0, 0, 0, 0, 0, 0, 0, 0, 0, 0, 0, 0, 0, 0, 0, 0, 0, 0, 0, 0, 0, 0, 0, 0, 0, 0, 0, 0, 0, 0, 0, 0], [0, 0, 0, 0, 0, 0, 0, 0, 0, 0, 0, 0, 0, 0, 0, 0, 0, 0, 0, 0, 0, 0, 0, 0, 0, 0, 0, 0, 0, 0, 0, 0], [0, 0, 0, 0, 0, 0, 0, 0, 0, 0, 0, 0, 0, 0, 0, 0, 0, 0, 0, 0, 0, 0, 0, 0, 0, 0, 0, 0, 0, 0, 0, 0], [0, 0, 0, 0, 0, 0, 0, 0, 0, 0, 0, 0, 0, 0, 0, 0, 0, 0, 0, 0, 0, 0, 0, 0, 0, 0, 0, 0, 0, 0, 0, 0], [0, 0, 0, 0, 0, 0, 0, 0, 0, 0, 0, 0, 0, 0, 0, 0, 0, 0, 0, 0, 0, 0, 0, 0, 0, 0, 0, 0, 0, 0, 0, 0], [0, 0, 0, 0, 0, 0, 0, 0, 0, 0, 0, 0, 0, 0, 0, 0, 0, 0, 0, 0, 0, 0, 0, 0, 0, 0, 0, 0, 0, 0, 0, 0], [0, 0, 0, 0, 0, 0, 0, 0, 0, 0, 0, 0, 0, 0, 0, 0, 0, 0, 0, 0, 0, 0, 0, 0, 0, 0, 0, 0, 0, 0, 0, 0], [0, 0, 0, 0, 0, 0, 0, 0, 0, 0, 0, 0, 0, 0, 0, 0, 0, 0, 0, 0, 0, 0, 0, 0, 0, 0, 0, 0, 0, 0, 0, 0], [0, 0, 0, 0, 0, 0, 0, 0, 0, 0, 0, 0, 0, 0, 0, 0, 0, 0, 0, 0, 0, 0, 0, 0, 0, 0, 0, 0, 0, 0, 0, 0], [0, 0, 0, 0, 0, 0, 0, 0, 0, 0, 0, 0, 0, 0, 0, 0, 0, 0, 0, 0, 0, 0, 0, 0, 0, 0, 0, 0, 0, 0, 0, 0], [0, 0, 0, 0, 0, 0, 0, 0, 0, 0, 0, 0, 0, 0, 0, 0, 0, 0, 0, 0, 0, 0, 0, 0, 0, 0, 0, 0, 0, 0, 0, 0], [0, 0, 0, 0, 0, 0, 0, 0, 0, 0, 0, 0, 0, 0, 0, 0, 0, 0, 0, 0, 0, 0, 0, 0, 0, 0, 0, 0, 0, 0, 0, 0], [0, 0, 0, 0, 0, 0, 0, 0, 0, 0, 0, 0, 0, 0, 0, 0, 0, 0, 0, 0, 0, 0, 0, 0, 0, 0, 0, 0, 0, 0, 0, 0], [0, 0, 0, 0, 0, 0, 0, 0, 0, 0, 0, 0, 0, 0, 0, 0, 0, 0, 0, 0, 0, 0, 0, 0, 0, 0, 0, 0, 0, 0, 0, 0], [0, 0, 0, 0, 0, 0, 0, 0, 0, 0, 0, 0, 0, 0, 0, 0, 0, 0, 0, 0, 0, 0, 0, 0, 0, 0, 0, 0, 0, 0, 0, 0], [0, 0, 0, 0, 0, 0, 0, 0, 0, 0, 0, 0, 0, 0, 0, 0, 0, 0, 0, 0, 0, 0, 0, 0, 0, 0, 0, 0, 0, 0, 0, 0], [0, 0, 0, 0, 0, 0, 0, 0, 0, 0, 0, 0, 0, 0, 0, 0, 0, 0, 0, 0, 0, 0, 0, 0, 0, 0, 0, 0, 0, 0, 0, 0], [0, 0, 0, 0, 0, 0, 0, 0, 0, 0, 0, 0, 0, 0, 0, 0, 0, 0, 0, 0, 0, 0, 0, 0, 0, 0, 0, 0, 0, 0, 0, 0], [0, 0, 0, 0, 0, 0, 0, 0, 0, 0, 0, 0, 0, 0, 0, 0, 0, 0, 0, 0, 0, 0, 0, 0, 0, 0, 0, 0, 0, 0, 0, 0], [0, 0, 0, 0, 0, 0, 0, 0, 0, 0, 0, 0, 0, 0, 0, 0, 0, 0, 0, 0, 0, 0, 0, 0, 0, 0, 0, 0, 0, 0, 0, 0], [0, 0, 0, 0, 0, 0, 0, 0, 0, 0, 0, 0, 0, 0, 0, 0, 0, 0, 0, 0, 0, 0, 0, 0, 0, 0, 0, 0, 0, 0, 0, 0], [0, 0, 0, 0, 0, 0, 0, 0, 0, 0, 0, 0, 0, 0, 0, 0, 0, 0, 0, 0, 0, 0, 0, 0, 0, 0, 0, 0, 0, 0, 0, 0], [0, 0, 0, 0, 0, 0, 0, 0, 0, 0, 0, 0, 0, 0, 0, 0, 0, 0, 0, 0, 0, 0, 0, 0, 0, 0, 0, 0, 0, 0, 0, 0], [0, 0, 0, 0, 0, 0, 0, 0, 0, 0, 0, 0, 0, 0, 0, 0, 0, 0, 0, 0, 0, 0, 0, 0, 0, 0, 0, 0, 0, 0, 0, 0], [0, 0, 0, 0, 0, 0, 0, 0, 0, 0, 0, 0, 0, 0, 0, 0, 0, 0, 0, 0, 0, 0, 0, 0, 0, 0, 0, 0, 0, 0, 0, 0], [0, 0, 0, 0, 0, 0, 0, 0, 0, 0, 0, 0, 0, 0, 0, 0, 0, 0, 0, 0, 0, 0, 0, 0, 0, 0, 0, 0, 0, 0, 0, 0], [0, 0, 0, 0, 0, 0, 0, 0, 0, 0, 0, 0, 0, 0, 0, 0, 0, 0, 0, 0, 0, 0, 0, 0, 0, 0, 0, 0, 0, 0, 0, 0], [0, 0, 0, 0, 0, 0, 0, 0, 0, 0, 0, 0, 0, 0, 0, 0, 0, 0, 0, 0, 0, 0, 0, 0, 0, 0, 0, 0, 0, 0, 0, 0], [0, 0, 0, 0, 0, 0, 0, 0, 0, 0, 0, 0, 0, 0, 0, 0, 0, 0, 0, 0, 0, 0, 0, 0, 0, 0, 0, 0, 0, 0, 0, 0], [0, 0, 0, 0, 0, 0, 0, 0, 0, 0, 0, 0, 0, 0, 0, 0, 0, 0, 0, 0, 0, 0, 0, 0, 0, 0, 0, 0, 0, 0, 0, 0], [0, 0, 0, 0, 0, 0, 0, 0, 0, 0, 0, 0, 0, 0, 0, 0, 0, 0, 0, 0, 0, 0, 0, 0, 0, 0, 0, 0, 0, 0, 0, 0], [0, 0, 0, 0, 0, 0, 0, 0, 0, 0, 0, 0, 0, 0, 0, 0, 0, 0, 0, 0, 0, 0, 0, 0, 0, 0, 0, 0, 0, 0, 0, 0], [0, 0, 0, 0, 0, 0, 0, 0, 0, 0, 0, 0, 0, 0, 0, 0, 0, 0, 0, 0, 0, 0, 0, 0, 0, 0, 0, 0, 0, 0, 0, 0], [0, 0, 0, 0, 0, 0, 0, 0, 0, 0, 0, 0, 0, 0, 0, 0, 0, 0, 0, 0, 0, 0, 0, 0, 0, 0, 0, 0, 0, 0, 0, 0], [0, 0, 0, 0, 0, 0, 0, 0, 0, 0, 0, 0, 0, 0, 0, 0, 0, 0, 0, 0, 0, 0, 0, 0, 0, 0, 0, 0, 0, 0, 0, 0], [0, 0, 0, 0, 0, 0, 0, 0, 0, 0, 0, 0, 0, 0, 0, 0, 0, 0, 0, 0, 0, 0, 0, 0, 0, 0, 0, 0, 0, 0, 0, 0], [0, 0, 0, 0, 0, 0, 0, 0, 0, 0, 0, 0, 0, 0, 0, 0, 0, 0, 0, 0, 0, 0, 0, 0, 0, 0, 0, 0, 0, 0, 0, 0], [0, 0, 0, 0, 0, 0, 0, 0, 0, 0, 0, 0, 0, 0, 0, 0, 0, 0, 0, 0, 0, 0, 0, 0, 0, 0, 0, 0, 0, 0, 0, 0], [0, 0, 0, 0, 0, 0, 0, 0, 0, 0, 0, 0, 0, 0, 0, 0, 0, 0, 0, 0, 0, 0, 0, 0, 0, 0, 0, 0, 0, 0, 0, 0], [0, 0, 0, 0, 0, 0, 0, 0, 0, 0, 0, 0, 0, 0, 0, 0, 0, 0, 0, 0, 0, 0, 0, 0, 0, 0, 0, 0, 0, 0, 0, 0], [0, 0, 0, 0, 0, 0, 0, 0, 0, 0, 0, 0, 0, 0, 0, 0, 0, 0, 0, 0, 0, 0, 0, 0, 0, 0, 0, 0, 0, 0, 0, 0], [0, 0, 0, 0, 0, 0, 0, 0, 0, 0, 0, 0, 0, 0, 0, 0, 0, 0, 0, 0, 0, 0, 0, 0, 0, 0, 0, 0, 0, 0, 0, 0], [0, 0, 0, 0, 0, 0, 0, 0, 0, 0, 0, 0, 0, 0, 0, 0, 0, 0, 0, 0, 0, 0, 0, 0, 0, 0, 0, 0, 0, 0, 0, 0], [0, 0, 0, 0, 0, 0, 0, 0, 0, 0, 0, 0, 0, 0, 0, 0, 0, 0, 0, 0, 0, 0, 0, 0, 0, 0, 0, 0, 0, 0, 0, 0], [0, 0, 0, 0, 0, 0, 0, 0, 0, 0, 0, 0, 0, 0, 0, 0, 0, 0, 0, 0, 0, 0, 0, 0, 0, 0, 0, 0, 0, 0, 0, 0], [0, 0, 0, 0, 0, 0, 0, 0, 0, 0, 0, 0, 0, 0, 0, 0, 0, 0, 0, 0, 0, 0, 0, 0, 0, 0, 0, 0, 0, 0, 0, 0], [0, 0, 0, 0, 0, 0, 0, 0, 0, 0, 0, 0, 0, 0, 0, 0, 0, 0, 0, 0, 0, 0, 0, 0, 0, 0, 0, 0, 0, 0, 0, 0], [0, 0, 0, 0, 0, 0, 0, 0, 0, 0, 0, 0, 0, 0, 0, 0, 0, 0, 0, 0, 0, 0, 0, 0, 0, 0, 0, 0, 0, 0, 0, 0], [0, 0, 0, 0, 0, 0, 0, 0, 0, 0, 0, 0, 0, 0, 0, 0, 0, 0, 0, 0, 0, 0, 0, 0, 0, 0, 0, 0, 0, 0, 0, 0], [0, 0, 0, 0, 0, 0, 0, 0, 0, 0, 0, 0, 0, 0, 0, 0, 0, 0, 0, 0, 0, 0, 0, 0, 0, 0, 0, 0, 0, 0, 0, 0], [0, 0, 0, 0, 0, 0, 0, 0, 0, 0, 0, 0, 0, 0, 0, 0, 0, 0, 0, 0, 0, 0, 0, 0, 0, 0, 0, 0, 0, 0, 0, 0], [0, 0, 0, 0, 0, 0, 0, 0, 0, 0, 0, 0, 0, 0, 0, 0, 0, 0, 0, 0, 0, 0, 0, 0, 0, 0, 0, 0, 0, 0, 0, 0], [0, 0, 0, 0, 0, 0, 0, 0, 0, 0, 0, 0, 0, 0, 0, 0, 0, 0, 0, 0, 0, 0, 0, 0, 0, 0, 0, 0, 0, 0, 0, 0], [0, 0, 0, 0, 0, 0, 0, 0, 0, 0, 0, 0, 0, 0, 0, 0, 0, 0, 0, 0, 0, 0, 0, 0, 0, 0, 0, 0, 0, 0, 0, 0], [0, 0, 0, 0, 0, 0, 0, 0, 0, 0, 0, 0, 0, 0, 0, 0, 0, 0, 0, 0, 0, 0, 0, 0, 0, 0, 0, 0, 0, 0, 0, 0], [0, 0, 0, 0, 0, 0, 0, 0, 0, 0, 0, 0, 0, 0, 0, 0, 0, 0, 0, 0, 0, 0, 0, 0, 0, 0, 0, 0, 0, 0, 0, 0], [0, 0, 0, 0, 0, 0, 0, 0, 0, 0, 0, 0, 0, 0, 0, 0, 0, 0, 0, 0, 0, 0, 0, 0, 0, 0, 0, 0, 0, 0, 0, 0], [0, 0, 0, 0, 0, 0, 0, 0, 0, 0, 0, 0, 0, 0, 0, 0, 0, 0, 0, 0, 0, 0, 0, 0, 0, 0, 0, 0, 0, 0, 0, 0], [0, 0, 0, 0, 0, 0, 0, 0, 0, 0, 0, 0, 0, 0, 0, 0, 0, 0, 0, 0, 0, 0, 0, 0, 0, 0, 0, 0, 0, 0, 0, 0], [0, 0, 0, 0, 0, 0, 0, 0, 0, 0, 0, 0, 0, 0, 0, 0, 0, 0, 0, 0, 0, 0, 0, 0, 0, 0, 0, 0, 0, 0, 0, 0], [0, 0, 0, 0, 0, 0, 0, 0, 0, 0, 0, 0, 0, 0, 0, 0, 0, 0, 0, 0, 0, 0, 0, 0, 0, 0, 0, 0, 0, 0, 0, 0], [0, 0, 0, 0, 0, 0, 0, 0, 0, 0, 0, 0, 0, 0, 0, 0, 0, 0, 0, 0, 0, 0, 0, 0, 0, 0, 0, 0, 0, 0, 0, 0], [0, 0, 0, 0, 0, 0, 0, 0, 0, 0, 0, 0, 0, 0, 0, 0, 0, 0, 0, 0, 0, 0, 0, 0, 0, 0, 0, 0, 0, 0, 0, 0], [0, 0, 0, 0, 0, 0, 0, 0, 0, 0, 0, 0, 0, 0, 0, 0, 0, 0, 0, 0, 0, 0, 0, 0, 0, 0, 0, 0, 0, 0, 0, 0], [0, 0, 0, 0, 0, 0, 0, 0, 0, 0, 0, 0, 0, 0, 0, 0, 0, 0, 0, 0, 0, 0, 0, 0, 0, 0, 0, 0, 0, 0, 0, 0], [0, 0, 0, 0, 0, 0, 0, 0, 0, 0, 0, 0, 0, 0, 0, 0, 0, 0, 0, 0, 0, 0, 0, 0, 0, 0, 0, 0, 0, 0, 0, 0], [0, 0, 0, 0, 0, 0, 0, 0, 0, 0, 0, 0, 0, 0, 0, 0, 0, 0, 0, 0, 0, 0, 0, 0, 0, 0, 0, 0, 0, 0, 0, 0], [0, 0, 0, 0, 0, 0, 0, 0, 0, 0, 0, 0, 0, 0, 0, 0, 0, 0, 0, 0, 0, 0, 0, 0, 0, 0, 0, 0, 0, 0, 0, 0], [0, 0, 0, 0, 0, 0, 0, 0, 0, 0, 0, 0, 0, 0, 0, 0, 0, 0, 0, 0, 0, 0, 0, 0, 0, 0, 0, 0, 0, 0, 0, 0], [0, 0, 0, 0, 0, 0, 0, 0, 0, 0, 0, 0, 0, 0, 0, 0, 0, 0, 0, 0, 0, 0, 0, 0, 0, 0, 0, 0, 0, 0, 0, 0], [0, 0, 0, 0, 0, 0, 0, 0, 0, 0, 0, 0, 0, 0, 0, 0, 0, 0, 0, 0, 0, 0, 0, 0, 0, 0, 0, 0, 0, 0, 0, 0], [0, 0, 0, 0, 0, 0, 0, 0, 0, 0, 0, 0, 0, 0, 0, 0, 0, 0, 0, 0, 0, 0, 0, 0, 0, 0, 0, 0, 0, 0, 0, 0], [0, 0, 0, 0, 0, 0, 0, 0, 0, 0, 0, 0, 0, 0, 0, 0, 0, 0, 0, 0, 0, 0, 0, 0, 0, 0, 0, 0, 0, 0, 0, 0], [0, 0, 0, 0, 0, 0, 0, 0, 0, 0, 0, 0, 0, 0, 0, 0, 0, 0, 0, 0, 0, 0, 0, 0, 0, 0, 0, 0, 0, 0, 0, 0], [0, 0, 0, 0, 0, 0, 0, 0, 0, 0, 0, 0, 0, 0, 0, 0, 0, 0, 0, 0, 0, 0, 0, 0, 0, 0, 0, 0, 0, 0, 0, 0], [0, 0, 0, 0, 0, 0, 0, 0, 0, 0, 0, 0, 0, 0, 0, 0, 0, 0, 0, 0, 0, 0, 0, 0, 0, 0, 0, 0, 0, 0, 0, 0], [0, 0, 0, 0, 0, 0, 0, 0, 0, 0, 0, 0, 0, 0, 0, 0, 0, 0, 0, 0, 0, 0, 0, 0, 0, 0, 0, 0, 0, 0, 0, 0], [0, 0, 0, 0, 0, 0, 0, 0, 0, 0, 0, 0, 0, 0, 0, 0, 0, 0, 0, 0, 0, 0, 0, 0, 0, 0, 0, 0, 0, 0, 0, 0], [0, 0, 0, 0, 0, 0, 0, 0, 0, 0, 0, 0, 0, 0, 0, 0, 0, 0, 0, 0, 0, 0, 0, 0, 0, 0, 0, 0, 0, 0, 0, 0], [0, 0, 0, 0, 0, 0, 0, 0, 0, 0, 0, 0, 0, 0, 0, 0, 0, 0, 0, 0, 0, 0, 0, 0, 0, 0, 0, 0, 0, 0, 0, 0], [0, 0, 0, 0, 0, 0, 0, 0, 0, 0, 0, 0, 0, 0, 0, 0, 0, 0, 0, 0, 0, 0, 0, 0, 0, 0, 0, 0, 0, 0, 0, 0], [0, 0, 0, 0, 0, 0, 0, 0, 0, 0, 0, 0, 0, 0, 0, 0, 0, 0, 0, 0, 0, 0, 0, 0, 0, 0, 0, 0, 0, 0, 0, 0], [0, 0, 0, 0, 0, 0, 0, 0, 0, 0, 0, 0, 0, 0, 0, 0, 0, 0, 0, 0, 0, 0, 0, 0, 0, 0, 0, 0, 0, 0, 0, 0], [0, 0, 0, 0, 0, 0, 0, 0, 0, 0, 0, 0, 0, 0, 0, 0, 0, 0, 0, 0, 0, 0, 0, 0, 0, 0, 0, 0, 0, 0, 0, 0], [0, 0, 0, 0, 0, 0, 0, 0, 0, 0, 0, 0, 0, 0, 0, 0, 0, 0, 0, 0, 0, 0, 0, 0, 0, 0, 0, 0, 0, 0, 0, 0], [0, 0, 0, 0, 0, 0, 0, 0, 0, 0, 0, 0, 0, 0, 0, 0, 0, 0, 0, 0, 0, 0, 0, 0, 0, 0, 0, 0, 0, 0, 0, 0], [0, 0, 0, 0, 0, 0, 0, 0, 0, 0, 0, 0, 0, 0, 0, 0, 0, 0, 0, 0, 0, 0, 0, 0, 0, 0, 0, 0, 0, 0, 0, 0], [0, 0, 0, 0, 0, 0, 0, 0, 0, 0, 0, 0, 0, 0, 0, 0, 0, 0, 0, 0, 0, 0, 0, 0, 0, 0, 0, 0, 0, 0, 0, 0], [0, 0, 0, 0, 0, 0, 0, 0, 0, 0, 0, 0, 0, 0, 0, 0, 0, 0, 0, 0, 0, 0, 0, 0, 0, 0, 0, 0, 0, 0, 0, 0], [0, 0, 0, 0, 0, 0, 0, 0, 0, 0, 0, 0, 0, 0, 0, 0, 0, 0, 0, 0, 0, 0, 0, 0, 0, 0, 0, 0, 0, 0, 0, 0], [0, 0, 0, 0, 0, 0, 0, 0, 0, 0, 0, 0, 0, 0, 0, 0, 0, 0, 0, 0, 0, 0, 0, 0, 0, 0, 0, 0, 0, 0, 0, 0], [0, 0, 0, 0, 0, 0, 0, 0, 0, 0, 0, 0, 0, 0, 0, 0, 0, 0, 0, 0, 0, 0, 0, 0, 0, 0, 0, 0, 0, 0, 0, 0], [0, 0, 0, 0, 0, 0, 0, 0, 0, 0, 0, 0, 0, 0, 0, 0, 0, 0, 0, 0, 0, 0, 0, 0, 0, 0, 0, 0, 0, 0, 0, 0], [0, 0, 0, 0, 0, 0, 0, 0, 0, 0, 0, 0, 0, 0, 0, 0, 0, 0, 0, 0, 0, 0, 0, 0, 0, 0, 0, 0, 0, 0, 0, 0], [0, 0, 0, 0, 0, 0, 0, 0, 0, 0, 0, 0, 0, 0, 0, 0, 0, 0, 0, 0, 0, 0, 0, 0, 0, 0, 0, 0, 0, 0, 0, 0], [0, 0, 0, 0, 0, 0, 0, 0, 0, 0, 0, 0, 0, 0, 0, 0, 0, 0, 0, 0, 0, 0, 0, 0, 0, 0, 0, 0, 0, 0, 0, 0], [0, 0, 0, 0, 0, 0, 0, 0, 0, 0, 0, 0, 0, 0, 0, 0, 0, 0, 0, 0, 0, 0, 0, 0, 0, 0, 0, 0, 0, 0, 0, 0], [0, 0, 0, 0, 0, 0, 0, 0, 0, 0, 0, 0, 0, 0, 0, 0, 0, 0, 0, 0, 0, 0, 0, 0, 0, 0, 0, 0, 0, 0, 0, 0], [0, 0, 0, 0, 0, 0, 0, 0, 0, 0, 0, 0, 0, 0, 0, 0, 0, 0, 0, 0, 0, 0, 0, 0, 0, 0, 0, 0, 0, 0, 0, 0], [0, 0, 0, 0, 0, 0, 0, 0, 0, 0, 0, 0, 0, 0, 0, 0, 0, 0, 0, 0, 0, 0, 0, 0, 0, 0, 0, 0, 0, 0, 0, 0], [0, 0, 0, 0, 0, 0, 0, 0, 0, 0, 0, 0, 0, 0, 0, 0, 0, 0, 0, 0, 0, 0, 0, 0, 0, 0, 0, 0, 0, 0, 0, 0], [0, 0, 0, 0, 0, 0, 0, 0, 0, 0, 0, 0, 0, 0, 0, 0, 0, 0, 0, 0, 0, 0, 0, 0, 0, 0, 0, 0, 0, 0, 0, 0], [0, 0, 0, 0, 0, 0, 0, 0, 0, 0, 0, 0, 0, 0, 0, 0, 0, 0, 0, 0, 0, 0, 0, 0, 0, 0, 0, 0, 0, 0, 0, 0], [0, 0, 0, 0, 0, 0, 0, 0, 0, 0, 0, 0, 0, 0, 0, 0, 0, 0, 0, 0, 0, 0, 0, 0, 0, 0, 0, 0, 0, 0, 0, 0], [0, 0, 0, 0, 0, 0, 0, 0, 0, 0, 0, 0, 0, 0, 0, 0, 0, 0, 0, 0, 0, 0, 0, 0, 0, 0, 0, 0, 0, 0, 0, 0], [0, 0, 0, 0, 0, 0, 0, 0, 0, 0, 0, 0, 0, 0, 0, 0, 0, 0, 0, 0, 0, 0, 0, 0, 0, 0, 0, 0, 0, 0, 0, 0], [0, 0, 0, 0, 0, 0, 0, 0, 0, 0, 0, 0, 0, 0, 0, 0, 0, 0, 0, 0, 0, 0, 0, 0, 0, 0, 0, 0, 0, 0, 0, 0], [0, 0, 0, 0, 0, 0, 0, 0, 0, 0, 0, 0, 0, 0, 0, 0, 0, 0, 0, 0, 0, 0, 0, 0, 0, 0, 0, 0, 0, 0, 0, 0], [0, 0, 0, 0, 0, 0, 0, 0, 0, 0, 0, 0, 0, 0, 0, 0, 0, 0, 0, 0, 0, 0, 0, 0, 0, 0, 0, 0, 0, 0, 0, 0], [0, 0, 0, 0, 0, 0, 0, 0, 0, 0, 0, 0, 0, 0, 0, 0, 0, 0, 0, 0, 0, 0, 0, 0, 0, 0, 0, 0, 0, 0, 0, 0], [0, 0, 0, 0, 0, 0, 0, 0, 0, 0, 0, 0, 0, 0, 0, 0, 0, 0, 0, 0, 0, 0, 0, 0, 0, 0, 0, 0, 0, 0, 0, 0], [0, 0, 0, 0, 0, 0, 0, 0, 0, 0, 0, 0, 0, 0, 0, 0, 0, 0, 0, 0, 0, 0, 0, 0, 0, 0, 0, 0, 0, 0, 0, 0], [0, 0, 0, 0, 0, 0, 0, 0, 0, 0, 0, 0, 0, 0, 0, 0, 0, 0, 0, 0, 0, 0, 0, 0, 0, 0, 0, 0, 0, 0, 0, 0], [0, 0, 0, 0, 0, 0, 0, 0, 0, 0, 0, 0, 0, 0, 0, 0, 0, 0, 0, 0, 0, 0, 0, 0, 0, 0, 0, 0, 0, 0, 0, 0], [0, 0, 0, 0, 0, 0, 0, 0, 0, 0, 0, 0, 0, 0, 0, 0, 0, 0, 0, 0, 0, 0, 0, 0, 0, 0, 0, 0, 0, 0, 0, 0], [0, 0, 0, 0, 0, 0, 0, 0, 0, 0, 0, 0, 0, 0, 0, 0, 0, 0, 0, 0, 0, 0, 0, 0, 0, 0, 0, 0, 0, 0, 0, 0], [0, 0, 0, 0, 0, 0, 0, 0, 0, 0, 0, 0, 0, 0, 0, 0, 0, 0, 0, 0, 0, 0, 0, 0, 0, 0, 0, 0, 0, 0, 0, 0], [0, 0, 0, 0, 0, 0, 0, 0, 0, 0, 0, 0, 0, 0, 0, 0, 0, 0, 0, 0, 0, 0, 0, 0, 0, 0, 0, 0, 0, 0, 0, 0], [0, 0, 0, 0, 0, 0, 0, 0, 0, 0, 0, 0, 0, 0, 0, 0, 0, 0, 0, 0, 0, 0, 0, 0, 0, 0, 0, 0, 0, 0, 0, 0], [0, 0, 0, 0, 0, 0, 0, 0, 0, 0, 0, 0, 0, 0, 0, 0, 0, 0, 0, 0, 0, 0, 0, 0, 0, 0, 0, 0, 0, 0, 0, 0], [0, 0, 0, 0, 0, 0, 0, 0, 0, 0, 0, 0, 0, 0, 0, 0, 0, 0, 0, 0, 0, 0, 0, 0, 0, 0, 0, 0, 0, 0, 0, 0], [0, 0, 0, 0, 0, 0, 0, 0, 0, 0, 0, 0, 0, 0, 0, 0, 0, 0, 0, 0, 0, 0, 0, 0, 0, 0, 0, 0, 0, 0, 0, 0], [0, 0, 0, 0, 0, 0, 0, 0, 0, 0, 0, 0, 0, 0, 0, 0, 0, 0, 0, 0, 0, 0, 0, 0, 0, 0, 0, 0, 0, 0, 0, 0], [0, 0, 0, 0, 0, 0, 0, 0, 0, 0, 0, 0, 0, 0, 0, 0, 0, 0, 0, 0, 0, 0, 0, 0, 0, 0, 0, 0, 0, 0, 0, 0], [0, 0, 0, 0, 0, 0, 0, 0, 0, 0, 0, 0, 0, 0, 0, 0, 0, 0, 0, 0, 0, 0, 0, 0, 0, 0, 0, 0, 0, 0, 0, 0], [0, 0, 0, 0, 0, 0, 0, 0, 0, 0, 0, 0, 0, 0, 0, 0, 0, 0, 0, 0, 0, 0, 0, 0, 0, 0, 0, 0, 0, 0, 0, 0], [0, 0, 0, 0, 0, 0, 0, 0, 0, 0, 0, 0, 0, 0, 0, 0, 0, 0, 0, 0, 0, 0, 0, 0, 0, 0, 0, 0, 0, 0, 0, 0], [0, 0, 0, 0, 0, 0, 0, 0, 0, 0, 0, 0, 0, 0, 0, 0, 0, 0, 0, 0, 0, 0, 0, 0, 0, 0, 0, 0, 0, 0, 0, 0], [0, 0, 0, 0, 0, 0, 0, 0, 0, 0, 0, 0, 0, 0, 0, 0, 0, 0, 0, 0, 0, 0, 0, 0, 0, 0, 0, 0, 0, 0, 0, 0], [0, 0, 0, 0, 0, 0, 0, 0, 0, 0, 0, 0, 0, 0, 0, 0, 0, 0, 0, 0, 0, 0, 0, 0, 0, 0, 0, 0, 0, 0, 0, 0], [0, 0, 0, 0, 0, 0, 0, 0, 0, 0, 0, 0, 0, 0, 0, 0, 0, 0, 0, 0, 0, 0, 0, 0, 0, 0, 0, 0, 0, 0, 0, 0], [0, 0, 0, 0, 0, 0, 0, 0, 0, 0, 0, 0, 0, 0, 0, 0, 0, 0, 0, 0, 0, 0, 0, 0, 0, 0, 0, 0, 0, 0, 0, 0], [0, 0, 0, 0, 0, 0, 0, 0, 0, 0, 0, 0, 0, 0, 0, 0, 0, 0, 0, 0, 0, 0, 0, 0, 0, 0, 0, 0, 0, 0, 0, 0], [0, 0, 0, 0, 0, 0, 0, 0, 0, 0, 0, 0, 0, 0, 0, 0, 0, 0, 0, 0, 0, 0, 0, 0, 0, 0, 0, 0, 0, 0, 0, 0], [0, 0, 0, 0, 0, 0, 0, 0, 0, 0, 0, 0, 0, 0, 0, 0, 0, 0, 0, 0, 0, 0, 0, 0, 0, 0, 0, 0, 0, 0, 0, 0], [0, 0, 0, 0, 0, 0, 0, 0, 0, 0, 0, 0, 0, 0, 0, 0, 0, 0, 0, 0, 0, 0, 0, 0, 0, 0, 0, 0, 0, 0, 0, 0], [0, 0, 0, 0, 0, 0, 0, 0, 0, 0, 0, 0, 0, 0, 0, 0, 0, 0, 0, 0, 0, 0, 0, 0, 0, 0, 0, 0, 0, 0, 0, 0], [0, 0, 0, 0, 0, 0, 0, 0, 0, 0, 0, 0, 0, 0, 0, 0, 0, 0, 0, 0, 0, 0, 0, 0, 0, 0, 0, 0, 0, 0, 0, 0], [0, 0, 0, 0, 0, 0, 0, 0, 0, 0, 0, 0, 0, 0, 0, 0, 0, 0, 0, 0, 0, 0, 0, 0, 0, 0, 0, 0, 0, 0, 0, 0], [0, 0, 0, 0, 0, 0, 0, 0, 0, 0, 0, 0, 0, 0, 0, 0, 0, 0, 0, 0, 0, 0, 0, 0, 0, 0, 0, 0, 0, 0, 0, 0], [0, 0, 0, 0, 0, 0, 0, 0, 0, 0, 0, 0, 0, 0, 0, 0, 0, 0, 0, 0, 0, 0, 0, 0, 0, 0, 0, 0, 0, 0, 0, 0], [0, 0, 0, 0, 0, 0, 0, 0, 0, 0, 0, 0, 0, 0, 0, 0, 0, 0, 0, 0, 0, 0, 0, 0, 0, 0, 0, 0, 0, 0, 0, 0], [0, 0, 0, 0, 0, 0, 0, 0, 0, 0, 0, 0, 0, 0, 0, 0, 0, 0, 0, 0, 0, 0, 0, 0, 0, 0, 0, 0, 0, 0, 0, 0], [0, 0, 0, 0, 0, 0, 0, 0, 0, 0, 0, 0, 0, 0, 0, 0, 0, 0, 0, 0, 0, 0, 0, 0, 0, 0, 0, 0, 0, 0, 0, 0], [0, 0, 0, 0, 0, 0, 0, 0, 0, 0, 0, 0, 0, 0, 0, 0, 0, 0, 0, 0, 0, 0, 0, 0, 0, 0, 0, 0, 0, 0, 0, 0], [0, 0, 0, 0, 0, 0, 0, 0, 0, 0, 0, 0, 0, 0, 0, 0, 0, 0, 0, 0, 0, 0, 0, 0, 0, 0, 0, 0, 0, 0, 0, 0], [0, 0, 0, 0, 0, 0, 0, 0, 0, 0, 0, 0, 0, 0, 0, 0, 0, 0, 0, 0, 0, 0, 0, 0, 0, 0, 0, 0, 0, 0, 0, 0], [0, 0, 0, 0, 0, 0, 0, 0, 0, 0, 0, 0, 0, 0, 0, 0, 0, 0, 0, 0, 0, 0, 0, 0, 0, 0, 0, 0, 0, 0, 0, 0], [0, 0, 0, 0, 0, 0, 0, 0, 0, 0, 0, 0, 0, 0, 0, 0, 0, 0, 0, 0, 0, 0, 0, 0, 0, 0, 0, 0, 0, 0, 0, 0], [0, 0, 0, 0, 0, 0, 0, 0, 0, 0, 0, 0, 0, 0, 0, 0, 0, 0, 0, 0, 0, 0, 0, 0, 0, 0, 0, 0, 0, 0, 0, 0], [0, 0, 0, 0, 0, 0, 0, 0, 0, 0, 0, 0, 0, 0, 0, 0, 0, 0, 0, 0, 0, 0, 0, 0, 0, 0, 0, 0, 0, 0, 0, 0], [0, 0, 0, 0, 0, 0, 0, 0, 0, 0, 0, 0, 0, 0, 0, 0, 0, 0, 0, 0, 0, 0, 0, 0, 0, 0, 0, 0, 0, 0, 0, 0], [0, 0, 0, 0, 0, 0, 0, 0, 0, 0, 0, 0, 0, 0, 0, 0, 0, 0, 0, 0, 0, 0, 0, 0, 0, 0, 0, 0, 0, 0, 0, 0], [0, 0, 0, 0, 0, 0, 0, 0, 0, 0, 0, 0, 0, 0, 0, 0, 0, 0, 0, 0, 0, 0, 0, 0, 0, 0, 0, 0, 0, 0, 0, 0], [0, 0, 0, 0, 0, 0, 0, 0, 0, 0, 0, 0, 0, 0, 0, 0, 0, 0, 0, 0, 0, 0, 0, 0, 0, 0, 0, 0, 0, 0, 0, 0], [0, 0, 0, 0, 0, 0, 0, 0, 0, 0, 0, 0, 0, 0, 0, 0, 0, 0, 0, 0, 0, 0, 0, 0, 0, 0, 0, 0, 0, 0, 0, 0], [0, 0, 0, 0, 0, 0, 0, 0, 0, 0, 0, 0, 0, 0, 0, 0, 0, 0, 0, 0, 0, 0, 0, 0, 0, 0, 0, 0, 0, 0, 0, 0], [0, 0, 0, 0, 0, 0, 0, 0, 0, 0, 0, 0, 0, 0, 0, 0, 0, 0, 0, 0, 0, 0, 0, 0, 0, 0, 0, 0, 0, 0, 0, 0], [0, 0, 0, 0, 0, 0, 0, 0, 0, 0, 0, 0, 0, 0, 0, 0, 0, 0, 0, 0, 0, 0, 0, 0, 0, 0, 0, 0, 0, 0, 0, 0], [0, 0, 0, 0, 0, 0, 0, 0, 0, 0, 0, 0, 0, 0, 0, 0, 0, 0, 0, 0, 0, 0, 0, 0, 0, 0, 0, 0, 0, 0, 0, 0], [0, 0, 0, 0, 0, 0, 0, 0, 0, 0, 0, 0, 0, 0, 0, 0, 0, 0, 0, 0, 0, 0, 0, 0, 0, 0, 0, 0, 0, 0, 0, 0], [0, 0, 0, 0, 0, 0, 0, 0, 0, 0, 0, 0, 0, 0, 0, 0, 0, 0, 0, 0, 0, 0, 0, 0, 0, 0, 0, 0, 0, 0, 0, 0], [0, 0, 0, 0, 0, 0, 0, 0, 0, 0, 0, 0, 0, 0, 0, 0, 0, 0, 0, 0, 0, 0, 0, 0, 0, 0, 0, 0, 0, 0, 0, 0], [0, 0, 0, 0, 0, 0, 0, 0, 0, 0, 0, 0, 0, 0, 0, 0, 0, 0, 0, 0, 0, 0, 0, 0, 0, 0, 0, 0, 0, 0, 0, 0], [0, 0, 0, 0, 0, 0, 0, 0, 0, 0, 0, 0, 0, 0, 0, 0, 0, 0, 0, 0, 0, 0, 0, 0, 0, 0, 0, 0, 0, 0, 0, 0], [0, 0, 0, 0, 0, 0, 0, 0, 0, 0, 0, 0, 0, 0, 0, 0, 0, 0, 0, 0, 0, 0, 0, 0, 0, 0, 0, 0, 0, 0, 0, 0], [0, 0, 0, 0, 0, 0, 0, 0, 0, 0, 0, 0, 0, 0, 0, 0, 0, 0, 0, 0, 0, 0, 0, 0, 0, 0, 0, 0, 0, 0, 0, 0], [0, 0, 0, 0, 0, 0, 0, 0, 0, 0, 0, 0, 0, 0, 0, 0, 0, 0, 0, 0, 0, 0, 0, 0, 0, 0, 0, 0, 0, 0, 0, 0], [0, 0, 0, 0, 0, 0, 0, 0, 0, 0, 0, 0, 0, 0, 0, 0, 0, 0, 0, 0, 0, 0, 0, 0, 0, 0, 0, 0, 0, 0, 0, 0], [0, 0, 0, 0, 0, 0, 0, 0, 0, 0, 0, 0, 0, 0, 0, 0, 0, 0, 0, 0, 0, 0, 0, 0, 0, 0, 0, 0, 0, 0, 0, 0], [0, 0, 0, 0, 0, 0, 0, 0, 0, 0, 0, 0, 0, 0, 0, 0, 0, 0, 0, 0, 0, 0, 0, 0, 0, 0, 0, 0, 0, 0, 0, 0], [0, 0, 0, 0, 0, 0, 0, 0, 0, 0, 0, 0, 0, 0, 0, 0, 0, 0, 0, 0, 0, 0, 0, 0, 0, 0, 0, 0, 0, 0, 0, 0], [0, 0, 0, 0, 0, 0, 0, 0, 0, 0, 0, 0, 0, 0, 0, 0, 0, 0, 0, 0, 0, 0, 0, 0, 0, 0, 0, 0, 0, 0, 0, 0], [0, 0, 0, 0, 0, 0, 0, 0, 0, 0, 0, 0, 0, 0, 0, 0, 0, 0, 0, 0, 0, 0, 0, 0, 0, 0, 0, 0, 0, 0, 0, 0], [0, 0, 0, 0, 0, 0, 0, 0, 0, 0, 0, 0, 0, 0, 0, 0, 0, 0, 0, 0, 0, 0, 0, 0, 0, 0, 0, 0, 0, 0, 0, 0], [0, 0, 0, 0, 0, 0, 0, 0, 0, 0, 0, 0, 0, 0, 0, 0, 0, 0, 0, 0, 0, 0, 0, 0, 0, 0, 0, 0, 0, 0, 0, 0], [0, 0, 0, 0, 0, 0, 0, 0, 0, 0, 0, 0, 0, 0, 0, 0, 0, 0, 0, 0, 0, 0, 0, 0, 0, 0, 0, 0, 0, 0, 0, 0], [0, 0, 0, 0, 0, 0, 0, 0, 0, 0, 0, 0, 0, 0, 0, 0, 0, 0, 0, 0, 0, 0, 0, 0, 0, 0, 0, 0, 0, 0, 0, 0], [0, 0, 0, 0, 0, 0, 0, 0, 0, 0, 0, 0, 0, 0, 0, 0, 0, 0, 0, 0, 0, 0, 0, 0, 0, 0, 0, 0, 0, 0, 0, 0], [0, 0, 0, 0, 0, 0, 0, 0, 0, 0, 0, 0, 0, 0, 0, 0, 0, 0, 0, 0, 0, 0, 0, 0, 0, 0, 0, 0, 0, 0, 0, 0], [0, 0, 0, 0, 0, 0, 0, 0, 0, 0, 0, 0, 0, 0, 0, 0, 0, 0, 0, 0, 0, 0, 0, 0, 0, 0, 0, 0, 0, 0, 0, 0], [0, 0, 0, 0, 0, 0, 0, 0, 0, 0, 0, 0, 0, 0, 0, 0, 0, 0, 0, 0, 0, 0, 0, 0, 0, 0, 0, 0, 0, 0, 0, 0], [0, 0, 0, 0, 0, 0, 0, 0, 0, 0, 0, 0, 0, 0, 0, 0, 0, 0, 0, 0, 0, 0, 0, 0, 0, 0, 0, 0, 0, 0, 0, 0], [0, 0, 0, 0, 0, 0, 0, 0, 0, 0, 0, 0, 0, 0, 0, 0, 0, 0, 0, 0, 0, 0, 0, 0, 0, 0, 0, 0, 0, 0, 0, 0], [0, 0, 0, 0, 0, 0, 0, 0, 0, 0, 0, 0, 0, 0, 0, 0, 0, 0, 0, 0, 0, 0, 0, 0, 0, 0, 0, 0, 0, 0, 0, 0], [0, 0, 0, 0, 0, 0, 0, 0, 0, 0, 0, 0, 0, 0, 0, 0, 0, 0, 0, 0, 0, 0, 0, 0, 0, 0, 0, 0, 0, 0, 0, 0], [0, 0, 0, 0, 0, 0, 0, 0, 0, 0, 0, 0, 0, 0, 0, 0, 0, 0, 0, 0, 0, 0, 0, 0, 0, 0, 0, 0, 0, 0, 0, 0], [0, 0, 0, 0, 0, 0, 0, 0, 0, 0, 0, 0, 0, 0, 0, 0, 0, 0, 0, 0, 0, 0, 0, 0, 0, 0, 0, 0, 0, 0, 0, 0], [0, 0, 0, 0, 0, 0, 0, 0, 0, 0, 0, 0, 0, 0, 0, 0, 0, 0, 0, 0, 0, 0, 0, 0, 0, 0, 0, 0, 0, 0, 0, 0], [0, 0, 0, 0, 0, 0, 0, 0, 0, 0, 0, 0, 0, 0, 0, 0, 0, 0, 0, 0, 0, 0, 0, 0, 0, 0, 0, 0, 0, 0, 0, 0], [0, 0, 0, 0, 0, 0, 0, 0, 0, 0, 0, 0, 0, 0, 0, 0, 0, 0, 0, 0, 0, 0, 0, 0, 0, 0, 0, 0, 0, 0, 0, 0], [0, 0, 0, 0, 0, 0, 0, 0, 0, 0, 0, 0, 0, 0, 0, 0, 0, 0, 0, 0, 0, 0, 0, 0, 0, 0, 0, 0, 0, 0, 0, 0], [0, 0, 0, 0, 0, 0, 0, 0, 0, 0, 0, 0, 0, 0, 0, 0, 0, 0, 0, 0, 0, 0, 0, 0, 0, 0, 0, 0, 0, 0, 0, 0], [0, 0, 0, 0, 0, 0, 0, 0, 0, 0, 0, 0, 0, 0, 0, 0, 0, 0, 0, 0, 0, 0, 0, 0, 0, 0, 0, 0, 0, 0, 0, 0], [0, 0, 0, 0, 0, 0, 0, 0, 0, 0, 0, 0, 0, 0, 0, 0, 0, 0, 0, 0, 0, 0, 0, 0, 0, 0, 0, 0, 0, 0, 0, 0], [0, 0, 0, 0, 0, 0, 0, 0, 0, 0, 0, 0, 0, 0, 0, 0, 0, 0, 0, 0, 0, 0, 0, 0, 0, 0, 0, 0, 0, 0, 0, 0], [0, 0, 0, 0, 0, 0, 0, 0, 0, 0, 0, 0, 0, 0, 0, 0, 0, 0, 0, 0, 0, 0, 0, 0, 0, 0, 0, 0, 0, 0, 0, 0], [0, 0, 0, 0, 0, 0, 0, 0, 0, 0, 0, 0, 0, 0, 0, 0, 0, 0, 0, 0, 0, 0, 0, 0, 0, 0, 0, 0, 0, 0, 0, 0], [0, 0, 0, 0, 0, 0, 0, 0, 0, 0, 0, 0, 0, 0, 0, 0, 0, 0, 0, 0, 0, 0, 0, 0, 0, 0, 0, 0, 0, 0, 0, 0], [0, 0, 0, 0, 0, 0, 0, 0, 0, 0, 0, 0, 0, 0, 0, 0, 0, 0, 0, 0, 0, 0, 0, 0, 0, 0, 0, 0, 0, 0, 0, 0], [0, 0, 0, 0, 0, 0, 0, 0, 0, 0, 0, 0, 0, 0, 0, 0, 0, 0, 0, 0, 0, 0, 0, 0, 0, 0, 0, 0, 0, 0, 0, 0], [0, 0, 0, 0, 0, 0, 0, 0, 0, 0, 0, 0, 0, 0, 0, 0, 0, 0, 0, 0, 0, 0, 0, 0, 0, 0, 0, 0, 0, 0, 0, 0], [0, 0, 0, 0, 0, 0, 0, 0, 0, 0, 0, 0, 0, 0, 0, 0, 0, 0, 0, 0, 0, 0, 0, 0, 0, 0, 0, 0, 0, 0, 0, 0], [0, 0, 0, 0, 0, 0, 0, 0, 0, 0, 0, 0, 0, 0, 0, 0, 0, 0, 0, 0, 0, 0, 0, 0, 0, 0, 0, 0, 0, 0, 0, 0], [0, 0, 0, 0, 0, 0, 0, 0, 0, 0, 0, 0, 0, 0, 0, 0, 0, 0, 0, 0, 0, 0, 0, 0, 0, 0, 0, 0, 0, 0, 0, 0], [0, 0, 0, 0, 0, 0, 0, 0, 0, 0, 0, 0, 0, 0, 0, 0, 0, 0, 0, 0, 0, 0, 0, 0, 0, 0, 0, 0, 0, 0, 0, 0], [0, 0, 0, 0, 0, 0, 0, 0, 0, 0, 0, 0, 0, 0, 0, 0, 0, 0, 0, 0, 0, 0, 0, 0, 0, 0, 0, 0, 0, 0, 0, 0], [0, 0, 0, 0, 0, 0, 0, 0, 0, 0, 0, 0, 0, 0, 0, 0, 0, 0, 0, 0, 0, 0, 0, 0, 0, 0, 0, 0, 0, 0, 0, 0], [0, 0, 0, 0, 0, 0, 0, 0, 0, 0, 0, 0, 0, 0, 0, 0, 0, 0, 0, 0, 0, 0, 0, 0, 0, 0, 0, 0, 0, 0, 0, 0], [0, 0, 0, 0, 0, 0, 0, 0, 0, 0, 0, 0, 0, 0, 0, 0, 0, 0, 0, 0, 0, 0, 0, 0, 0, 0, 0, 0, 0, 0, 0, 0], [0, 0, 0, 0, 0, 0, 0, 0, 0, 0, 0, 0, 0, 0, 0, 0, 0, 0, 0, 0, 0, 0, 0, 0, 0, 0, 0, 0, 0, 0, 0, 0], [0, 0, 0, 0, 0, 0, 0, 0, 0, 0, 0, 0, 0, 0, 0, 0, 0, 0, 0, 0, 0, 0, 0, 0, 0, 0, 0, 0, 0, 0, 0, 0], [0, 0, 0, 0, 0, 0, 0, 0, 0, 0, 0, 0, 0, 0, 0, 0, 0, 0, 0, 0, 0, 0, 0, 0, 0, 0, 0, 0, 0, 0, 0, 0], [0, 0, 0, 0, 0, 0, 0, 0, 0, 0, 0, 0, 0, 0, 0, 0, 0, 0, 0, 0, 0, 0, 0, 0, 0, 0, 0, 0, 0, 0, 0, 0], [0, 0, 0, 0, 0, 0, 0, 0, 0, 0, 0, 0, 0, 0, 0, 0, 0, 0, 0, 0, 0, 0, 0, 0, 0, 0, 0, 0, 0, 0, 0, 0], [0, 0, 0, 0, 0, 0, 0, 0, 0, 0, 0, 0, 0, 0, 0, 0, 0, 0, 0, 0, 0, 0, 0, 0, 0, 0, 0, 0, 0, 0, 0, 0], [0, 0, 0, 0, 0, 0, 0, 0, 0, 0, 0, 0, 0, 0, 0, 0, 0, 0, 0, 0, 0, 0, 0, 0, 0, 0, 0, 0, 0, 0, 0, 0], [0, 0, 0, 0, 0, 0, 0, 0, 0, 0, 0, 0, 0, 0, 0, 0, 0, 0, 0, 0, 0, 0, 0, 0, 0, 0, 0, 0, 0, 0, 0, 0], [0, 0, 0, 0, 0, 0, 0, 0, 0, 0, 0, 0, 0, 0, 0, 0, 0, 0, 0, 0, 0, 0, 0, 0, 0, 0, 0, 0, 0, 0, 0, 0], [0, 0, 0, 0, 0, 0, 0, 0, 0, 0, 0, 0, 0, 0, 0, 0, 0, 0, 0, 0, 0, 0, 0, 0, 0, 0, 0, 0, 0, 0, 0, 0], [0, 0, 0, 0, 0, 0, 0, 0, 0, 0, 0, 0, 0, 0, 0, 0, 0, 0, 0, 0, 0, 0, 0, 0, 0, 0, 0, 0, 0, 0, 0, 0], [0, 0, 0, 0, 0, 0, 0, 0, 0, 0, 0, 0, 0, 0, 0, 0, 0, 0, 0, 0, 0, 0, 0, 0, 0, 0, 0, 0, 0, 0, 0, 0], [0, 0, 0, 0, 0, 0, 0, 0, 0, 0, 0, 0, 0, 0, 0, 0, 0, 0, 0, 0, 0, 0, 0, 0, 0, 0, 0, 0, 0, 0, 0, 0], [0, 0, 0, 0, 0, 0, 0, 0, 0, 0, 0, 0, 0, 0, 0, 0, 0, 0, 0, 0, 0, 0, 0, 0, 0, 0, 0, 0, 0, 0, 0, 0], [0, 0, 0, 0, 0, 0, 0, 0, 0, 0, 0, 0, 0, 0, 0, 0, 0, 0, 0, 0, 0, 0, 0, 0, 0, 0, 0, 0, 0, 0, 0, 0], [0, 0, 0, 0, 0, 0, 0, 0, 0, 0, 0, 0, 0, 0, 0, 0, 0, 0, 0, 0, 0, 0, 0, 0, 0, 0, 0, 0, 0, 0, 0, 0], [0, 0, 0, 0, 0, 0, 0, 0, 0, 0, 0, 0, 0, 0, 0, 0, 0, 0, 0, 0, 0, 0, 0, 0, 0, 0, 0, 0, 0, 0, 0, 0], [0, 0, 0, 0, 0, 0, 0, 0, 0, 0, 0, 0, 0, 0, 0, 0, 0, 0, 0, 0, 0, 0, 0, 0, 0, 0, 0, 0, 0, 0, 0, 0], [0, 0, 0, 0, 0, 0, 0, 0, 0, 0, 0, 0, 0, 0, 0, 0, 0, 0, 0, 0, 0, 0, 0, 0, 0, 0, 0, 0, 0, 0, 0, 0], [0, 0, 0, 0, 0, 0, 0, 0, 0, 0, 0, 0, 0, 0, 0, 0, 0, 0, 0, 0, 0, 0, 0, 0, 0, 0, 0, 0, 0, 0, 0, 0], [0, 0, 0, 0, 0, 0, 0, 0, 0, 0, 0, 0, 0, 0, 0, 0, 0, 0, 0, 0, 0, 0, 0, 0, 0, 0, 0, 0, 0, 0, 0, 0], [0, 0, 0, 0, 0, 0, 0, 0, 0, 0, 0, 0, 0, 0, 0, 0, 0, 0, 0, 0, 0, 0, 0, 0, 0, 0, 0, 0, 0, 0, 0, 0], [0, 0, 0, 0, 0, 0, 0, 0, 0, 0, 0, 0, 0, 0, 0, 0, 0, 0, 0, 0, 0, 0, 0, 0, 0, 0, 0, 0, 0, 0, 0, 0], [0, 0, 0, 0, 0, 0, 0, 0, 0, 0, 0, 0, 0, 0, 0, 0, 0, 0, 0, 0, 0, 0, 0, 0, 0, 0, 0, 0, 0, 0, 0, 0], [0, 0, 0, 0, 0, 0, 0, 0, 0, 0, 0, 0, 0, 0, 0, 0, 0, 0, 0, 0, 0, 0, 0, 0, 0, 0, 0, 0, 0, 0, 0, 0], [0, 0, 0, 0, 0, 0, 0, 0, 0, 0, 0, 0, 0, 0, 0, 0, 0, 0, 0, 0, 0, 0, 0, 0, 0, 0, 0, 0, 0, 0, 0, 0], [0, 0, 0, 0, 0, 0, 0, 0, 0, 0, 0, 0, 0, 0, 0, 0, 0, 0, 0, 0, 0, 0, 0, 0, 0, 0, 0, 0, 0, 0, 0, 0], [0, 0, 0, 0, 0, 0, 0, 0, 0, 0, 0, 0, 0, 0, 0, 0, 0, 0, 0, 0, 0, 0, 0, 0, 0, 0, 0, 0, 0, 0, 0, 0], [0, 0, 0, 0, 0, 0, 0, 0, 0, 0, 0, 0, 0, 0, 0, 0, 0, 0, 0, 0, 0, 0, 0, 0, 0, 0, 0, 0, 0, 0, 0, 0], [0, 0, 0, 0, 0, 0, 0, 0, 0, 0, 0, 0, 0, 0, 0, 0, 0, 0, 0, 0, 0, 0, 0, 0, 0, 0, 0, 0, 0, 0, 0, 0], [0, 0, 0, 0, 0, 0, 0, 0, 0, 0, 0, 0, 0, 0, 0, 0, 0, 0, 0, 0, 0, 0, 0, 0, 0, 0, 0, 0, 0, 0, 0, 0], [0, 0, 0, 0, 0, 0, 0, 0, 0, 0, 0, 0, 0, 0, 0, 0, 0, 0, 0, 0, 0, 0, 0, 0, 0, 0, 0, 0, 0, 0, 0, 0], [0, 0, 0, 0, 0, 0, 0, 0, 0, 0, 0, 0, 0, 0, 0, 0, 0, 0, 0, 0, 0, 0, 0, 0, 0, 0, 0, 0, 0, 0, 0, 0], [0, 0, 0, 0, 0, 0, 0, 0, 0, 0, 0, 0, 0, 0, 0, 0, 0, 0, 0, 0, 0, 0, 0, 0, 0, 0, 0, 0, 0, 0, 0, 0], [0, 0, 0, 0, 0, 0, 0, 0, 0, 0, 0, 0, 0, 0, 0, 0, 0, 0, 0, 0, 0, 0, 0, 0, 0, 0, 0, 0, 0, 0, 0, 0], [0, 0, 0, 0, 0, 0, 0, 0, 0, 0, 0, 0, 0, 0, 0, 0, 0, 0, 0, 0, 0, 0, 0, 0, 0, 0, 0, 0, 0, 0, 0, 0], [0, 0, 0, 0, 0, 0, 0, 0, 0, 0, 0, 0, 0, 0, 0, 0, 0, 0, 0, 0, 0, 0, 0, 0, 0, 0, 0, 0, 0, 0, 0, 0], [0, 0, 0, 0, 0, 0, 0, 0, 0, 0, 0, 0, 0, 0, 0, 0, 0, 0, 0, 0, 0, 0, 0, 0, 0, 0, 0, 0, 0, 0, 0, 0], [0, 0, 0, 0, 0, 0, 0, 0, 0, 0, 0, 0, 0, 0, 0, 0, 0, 0, 0, 0, 0, 0, 0, 0, 0, 0, 0, 0, 0, 0, 0, 0], [0, 0, 0, 0, 0, 0, 0, 0, 0, 0, 0, 0, 0, 0, 0, 0, 0, 0, 0, 0, 0, 0, 0, 0, 0, 0, 0, 0, 0, 0, 0, 0], [0, 0, 0, 0, 0, 0, 0, 0, 0, 0, 0, 0, 0, 0, 0, 0, 0, 0, 0, 0, 0, 0, 0, 0, 0, 0, 0, 0, 0, 0, 0, 0], [0, 0, 0, 0, 0, 0, 0, 0, 0, 0, 0, 0, 0, 0, 0, 0, 0, 0, 0, 0, 0, 0, 0, 0, 0, 0, 0, 0, 0, 0, 0, 0], [0, 0, 0, 0, 0, 0, 0, 0, 0, 0, 0, 0, 0, 0, 0, 0, 0, 0, 0, 0, 0, 0, 0, 0, 0, 0, 0, 0, 0, 0, 0, 0], [0, 0, 0, 0, 0, 0, 0, 0, 0, 0, 0, 0, 0, 0, 0, 0, 0, 0, 0, 0, 0, 0, 0, 0, 0, 0, 0, 0, 0, 0, 0, 0], [0, 0, 0, 0, 0, 0, 0, 0, 0, 0, 0, 0, 0, 0, 0, 0, 0, 0, 0, 0, 0, 0, 0, 0, 0, 0, 0, 0, 0, 0, 0, 0], [0, 0, 0, 0, 0, 0, 0, 0, 0, 0, 0, 0, 0, 0, 0, 0, 0, 0, 0, 0, 0, 0, 0, 0, 0, 0, 0, 0, 0, 0, 0, 0], [0, 0, 0, 0, 0, 0, 0, 0, 0, 0, 0, 0, 0, 0, 0, 0, 0, 0, 0, 0, 0, 0, 0, 0, 0, 0, 0, 0, 0, 0, 0, 0], [0, 0, 0, 0, 0, 0, 0, 0, 0, 0, 0, 0, 0, 0, 0, 0, 0, 0, 0, 0, 0, 0, 0, 0, 0, 0, 0, 0, 0, 0, 0, 0], [0, 0, 0, 0, 0, 0, 0, 0, 0, 0, 0, 0, 0, 0, 0, 0, 0, 0, 0, 0, 0, 0, 0, 0, 0, 0, 0, 0, 0, 0, 0, 0], [0, 0, 0, 0, 0, 0, 0, 0, 0, 0, 0, 0, 0, 0, 0, 0, 0, 0, 0, 0, 0, 0, 0, 0, 0, 0, 0, 0, 0, 0, 0, 0], [0, 0, 0, 0, 0, 0, 0, 0, 0, 0, 0, 0, 0, 0, 0, 0, 0, 0, 0, 0, 0, 0, 0, 0, 0, 0, 0, 0, 0, 0, 0, 0], [0, 0, 0, 0, 0, 0, 0, 0, 0, 0, 0, 0, 0, 0, 0, 0, 0, 0, 0, 0, 0, 0, 0, 0, 0, 0, 0, 0, 0, 0, 0, 0], [0, 0, 0, 0, 0, 0, 0, 0, 0, 0, 0, 0, 0, 0, 0, 0, 0, 0, 0, 0, 0, 0, 0, 0, 0, 0, 0, 0, 0, 0, 0, 0], [0, 0, 0, 0, 0, 0, 0, 0, 0, 0, 0, 0, 0, 0, 0, 0, 0, 0, 0, 0, 0, 0, 0, 0, 0, 0, 0, 0, 0, 0, 0, 0], [0, 0, 0, 0, 0, 0, 0, 0, 0, 0, 0, 0, 0, 0, 0, 0, 0, 0, 0, 0, 0, 0, 0, 0, 0, 0, 0, 0, 0, 0, 0, 0], [0, 0, 0, 0, 0, 0, 0, 0, 0, 0, 0, 0, 0, 0, 0, 0, 0, 0, 0, 0, 0, 0, 0, 0, 0, 0, 0, 0, 0, 0, 0, 0], [0, 0, 0, 0, 0, 0, 0, 0, 0, 0, 0, 0, 0, 0, 0, 0, 0, 0, 0, 0, 0, 0, 0, 0, 0, 0, 0, 0, 0, 0, 0, 0], [0, 0, 0, 0, 0, 0, 0, 0, 0, 0, 0, 0, 0, 0, 0, 0, 0, 0, 0, 0, 0, 0, 0, 0, 0, 0, 0, 0, 0, 0, 0, 0], [0, 0, 0, 0, 0, 0, 0, 0, 0, 0, 0, 0, 0, 0, 0, 0, 0, 0, 0, 0, 0, 0, 0, 0, 0, 0, 0, 0, 0, 0, 0, 0], [0, 0, 0, 0, 0, 0, 0, 0, 0, 0, 0, 0, 0, 0, 0, 0, 0, 0, 0, 0, 0, 0, 0, 0, 0, 0, 0, 0, 0, 0, 0, 0], [0, 0, 0, 0, 0, 0, 0, 0, 0, 0, 0, 0, 0, 0, 0, 0, 0, 0, 0, 0, 0, 0, 0, 0, 0, 0, 0, 0, 0, 0, 0, 0], [0, 0, 0, 0, 0, 0, 0, 0, 0, 0, 0, 0, 0, 0, 0, 0, 0, 0, 0, 0, 0, 0, 0, 0, 0, 0, 0, 0, 0, 0, 0, 0], [0, 0, 0, 0, 0, 0, 0, 0, 0, 0, 0, 0, 0, 0, 0, 0, 0, 0, 0, 0, 0, 0, 0, 0, 0, 0, 0, 0, 0, 0, 0, 0], [0, 0, 0, 0, 0, 0, 0, 0, 0, 0, 0, 0, 0, 0, 0, 0, 0, 0, 0, 0, 0, 0, 0, 0, 0, 0, 0, 0, 0, 0, 0, 0], [0, 0, 0, 0, 0, 0, 0, 0, 0, 0, 0, 0, 0, 0, 0, 0, 0, 0, 0, 0, 0, 0, 0, 0, 0, 0, 0, 0, 0, 0, 0, 0], [0, 0, 0, 0, 0, 0, 0, 0, 0, 0, 0, 0, 0, 0, 0, 0, 0, 0, 0, 0, 0, 0, 0, 0, 0, 0, 0, 0, 0, 0, 0, 0], [0, 0, 0, 0, 0, 0, 0, 0, 0, 0, 0, 0, 0, 0, 0, 0, 0, 0, 0, 0, 0, 0, 0, 0, 0, 0, 0, 0, 0, 0, 0, 0], [0, 0, 0, 0, 0, 0, 0, 0, 0, 0, 0, 0, 0, 0, 0, 0, 0, 0, 0, 0, 0, 0, 0, 0, 0, 0, 0, 0, 0, 0, 0, 0], [0, 0, 0, 0, 0, 0, 0, 0, 0, 0, 0, 0, 0, 0, 0, 0, 0, 0, 0, 0, 0, 0, 0, 0, 0, 0, 0, 0, 0, 0, 0, 0], [0, 0, 0, 0, 0, 0, 0, 0, 0, 0, 0, 0, 0, 0, 0, 0, 0, 0, 0, 0, 0, 0, 0, 0, 0, 0, 0, 0, 0, 0, 0, 0], [0, 0, 0, 0, 0, 0, 0, 0, 0, 0, 0, 0, 0, 0, 0, 0, 0, 0, 0, 0, 0, 0, 0, 0, 0, 0, 0, 0, 0, 0, 0, 0], [0, 0, 0, 0, 0, 0, 0, 0, 0, 0, 0, 0, 0, 0, 0, 0, 0, 0, 0, 0, 0, 0, 0, 0, 0, 0, 0, 0, 0, 0, 0, 0], [0, 0, 0, 0, 0, 0, 0, 0, 0, 0, 0, 0, 0, 0, 0, 0, 0, 0, 0, 0, 0, 0, 0, 0, 0, 0, 0, 0, 0, 0, 0, 0], [0, 0, 0, 0, 0, 0, 0, 0, 0, 0, 0, 0, 0, 0, 0, 0, 0, 0, 0, 0, 0, 0, 0, 0, 0, 0, 0, 0, 0, 0, 0, 0], [0, 0, 0, 0, 0, 0, 0, 0, 0, 0, 0, 0, 0, 0, 0, 0, 0, 0, 0, 0, 0, 0, 0, 0, 0, 0, 0, 0, 0, 0, 0, 0], [0, 0, 0, 0, 0, 0, 0, 0, 0, 0, 0, 0, 0, 0, 0, 0, 0, 0, 0, 0, 0, 0, 0, 0, 0, 0, 0, 0, 0, 0, 0, 0], [0, 0, 0, 0, 0, 0, 0, 0, 0, 0, 0, 0, 0, 0, 0, 0, 0, 0, 0, 0, 0, 0, 0, 0, 0, 0, 0, 0, 0, 0, 0, 0], [0, 0, 0, 0, 0, 0, 0, 0, 0, 0, 0, 0, 0, 0, 0, 0, 0, 0, 0, 0, 0, 0, 0, 0, 0, 0, 0, 0, 0, 0, 0, 0], [0, 0, 0, 0, 0, 0, 0, 0, 0, 0, 0, 0, 0, 0, 0, 0, 0, 0, 0, 0, 0, 0, 0, 0, 0, 0, 0, 0, 0, 0, 0, 0], [0, 0, 0, 0, 0, 0, 0, 0, 0, 0, 0, 0, 0, 0, 0, 0, 0, 0, 0, 0, 0, 0, 0, 0, 0, 0, 0, 0, 0, 0, 0, 0], [0, 0, 0, 0, 0, 0, 0, 0, 0, 0, 0, 0, 0, 0, 0, 0, 0, 0, 0, 0, 0, 0, 0, 0, 0, 0, 0, 0, 0, 0, 0, 0], [0, 0, 0, 0, 0, 0, 0, 0, 0, 0, 0, 0, 0, 0, 0, 0, 0, 0, 0, 0, 0, 0, 0, 0, 0, 0, 0, 0, 0, 0, 0, 0], [0, 0, 0, 0, 0, 0, 0, 0, 0, 0, 0, 0, 0, 0, 0, 0, 0, 0, 0, 0, 0, 0, 0, 0, 0, 0, 0, 0, 0, 0, 0, 0], [0, 0, 0, 0, 0, 0, 0, 0, 0, 0, 0, 0, 0, 0, 0, 0, 0, 0, 0, 0, 0, 0, 0, 0, 0, 0, 0, 0, 0, 0, 0, 0], [0, 0, 0, 0, 0, 0, 0, 0, 0, 0, 0, 0, 0, 0, 0, 0, 0, 0, 0, 0, 0, 0, 0, 0, 0, 0, 0, 0, 0, 0, 0, 0], [0, 0, 0, 0, 0, 0, 0, 0, 0, 0, 0, 0, 0, 0, 0, 0, 0, 0, 0, 0, 0, 0, 0, 0, 0, 0, 0, 0, 0, 0, 0, 0], [0, 0, 0, 0, 0, 0, 0, 0, 0, 0, 0, 0, 0, 0, 0, 0, 0, 0, 0, 0, 0, 0, 0, 0, 0, 0, 0, 0, 0, 0, 0, 0], [0, 0, 0, 0, 0, 0, 0, 0, 0, 0, 0, 0, 0, 0, 0, 0, 0, 0, 0, 0, 0, 0, 0, 0, 0, 0, 0, 0, 0, 0, 0, 0], [0, 0, 0, 0, 0, 0, 0, 0, 0, 0, 0, 0, 0, 0, 0, 0, 0, 0, 0, 0, 0, 0, 0, 0, 0, 0, 0, 0, 0, 0, 0, 0], [0, 0, 0, 0, 0, 0, 0, 0, 0, 0, 0, 0, 0, 0, 0, 0, 0, 0, 0, 0, 0, 0, 0, 0, 0, 0, 0, 0, 0, 0, 0, 0], [0, 0, 0, 0, 0, 0, 0, 0, 0, 0, 0, 0, 0, 0, 0, 0, 0, 0, 0, 0, 0, 0, 0, 0, 0, 0, 0, 0, 0, 0, 0, 0], [0, 0, 0, 0, 0, 0, 0, 0, 0, 0, 0, 0, 0, 0, 0, 0, 0, 0, 0, 0, 0, 0, 0, 0, 0, 0, 0, 0, 0, 0, 0, 0], [0, 0, 0, 0, 0, 0, 0, 0, 0, 0, 0, 0, 0, 0, 0, 0, 0, 0, 0, 0, 0, 0, 0, 0, 0, 0, 0, 0, 0, 0, 0, 0], [0, 0, 0, 0, 0, 0, 0, 0, 0, 0, 0, 0, 0, 0, 0, 0, 0, 0, 0, 0, 0, 0, 0, 0, 0, 0, 0, 0, 0, 0, 0, 0], [0, 0, 0, 0, 0, 0, 0, 0, 0, 0, 0, 0, 0, 0, 0, 0, 0, 0, 0, 0, 0, 0, 0, 0, 0, 0, 0, 0, 0, 0, 0, 0], [0, 0, 0, 0, 0, 0, 0, 0, 0, 0, 0, 0, 0, 0, 0, 0, 0, 0, 0, 0, 0, 0, 0, 0, 0, 0, 0, 0, 0, 0, 0, 0], [0, 0, 0, 0, 0, 0, 0, 0, 0, 0, 0, 0, 0, 0, 0, 0, 0, 0, 0, 0, 0, 0, 0, 0, 0, 0, 0, 0, 0, 0, 0, 0], [0, 0, 0, 0, 0, 0, 0, 0, 0, 0, 0, 0, 0, 0, 0, 0, 0, 0, 0, 0, 0, 0, 0, 0, 0, 0, 0, 0, 0, 0, 0, 0], [0, 0, 0, 0, 0, 0, 0, 0, 0, 0, 0, 0, 0, 0, 0, 0, 0, 0, 0, 0, 0, 0, 0, 0, 0, 0, 0, 0, 0, 0, 0, 0], [0, 0, 0, 0, 0, 0, 0, 0, 0, 0, 0, 0, 0, 0, 0, 0, 0, 0, 0, 0, 0, 0, 0, 0, 0, 0, 0, 0, 0, 0, 0, 0], [0, 0, 0, 0, 0, 0, 0, 0, 0, 0, 0, 0, 0, 0, 0, 0, 0, 0, 0, 0, 0, 0, 0, 0, 0, 0, 0, 0, 0, 0, 0, 0], [0, 0, 0, 0, 0, 0, 0, 0, 0, 0, 0, 0, 0, 0, 0, 0, 0, 0, 0, 0, 0, 0, 0, 0, 0, 0, 0, 0, 0, 0, 0, 0], [0, 0, 0, 0, 0, 0, 0, 0, 0, 0, 0, 0, 0, 0, 0, 0, 0, 0, 0, 0, 0, 0, 0, 0, 0, 0, 0, 0, 0, 0, 0, 0], [0, 0, 0, 0, 0, 0, 0, 0, 0, 0, 0, 0, 0, 0, 0, 0, 0, 0, 0, 0, 0, 0, 0, 0, 0, 0, 0, 0, 0, 0, 0, 0], [0, 0, 0, 0, 0, 0, 0, 0, 0, 0, 0, 0, 0, 0, 0, 0, 0, 0, 0, 0, 0, 0, 0, 0, 0, 0, 0, 0, 0, 0, 0, 0], [0, 0, 0, 0, 0, 0, 0, 0, 0, 0, 0, 0, 0, 0, 0, 0, 0, 0, 0, 0, 0, 0, 0, 0, 0, 0, 0, 0, 0, 0, 0, 0], [0, 0, 0, 0, 0, 0, 0, 0, 0, 0, 0, 0, 0, 0, 0, 0, 0, 0, 0, 0, 0, 0, 0, 0, 0, 0, 0, 0, 0, 0, 0, 0], [0, 0, 0, 0, 0, 0, 0, 0, 0, 0, 0, 0, 0, 0, 0, 0, 0, 0, 0, 0, 0, 0, 0, 0, 0, 0, 0, 0, 0, 0, 0, 0], [0, 0, 0, 0, 0, 0, 0, 0, 0, 0, 0, 0, 0, 0, 0, 0, 0, 0, 0, 0, 0, 0, 0, 0, 0, 0, 0, 0, 0, 0, 0, 0], [0, 0, 0, 0, 0, 0, 0, 0, 0, 0, 0, 0, 0, 0, 0, 0, 0, 0, 0, 0, 0, 0, 0, 0, 0, 0, 0, 0, 0, 0, 0, 0], [0, 0, 0, 0, 0, 0, 0, 0, 0, 0, 0, 0, 0, 0, 0, 0, 0, 0, 0, 0, 0, 0, 0, 0, 0, 0, 0, 0, 0, 0, 0, 0], [0, 0, 0, 0, 0, 0, 0, 0, 0, 0, 0, 0, 0, 0, 0, 0, 0, 0, 0, 0, 0, 0, 0, 0, 0, 0, 0, 0, 0, 0, 0, 0], [0, 0, 0, 0, 0, 0, 0, 0, 0, 0, 0, 0, 0, 0, 0, 0, 0, 0, 0, 0, 0, 0, 0, 0, 0, 0, 0, 0, 0, 0, 0, 0], [0, 0, 0, 0, 0, 0, 0, 0, 0, 0, 0, 0, 0, 0, 0, 0, 0, 0, 0, 0, 0, 0, 0, 0, 0, 0, 0, 0, 0, 0, 0, 0], [0, 0, 0, 0, 0, 0, 0, 0, 0, 0, 0, 0, 0, 0, 0, 0, 0, 0, 0, 0, 0, 0, 0, 0, 0, 0, 0, 0, 0, 0, 0, 0], [0, 0, 0, 0, 0, 0, 0, 0, 0, 0, 0, 0, 0, 0, 0, 0, 0, 0, 0, 0, 0, 0, 0, 0, 0, 0, 0, 0, 0, 0, 0, 0], [0, 0, 0, 0, 0, 0, 0, 0, 0, 0, 0, 0, 0, 0, 0, 0, 0, 0, 0, 0, 0, 0, 0, 0, 0, 0, 0, 0, 0, 0, 0, 0], [0, 0, 0, 0, 0, 0, 0, 0, 0, 0, 0, 0, 0, 0, 0, 0, 0, 0, 0, 0, 0, 0, 0, 0, 0, 0, 0, 0, 0, 0, 0, 0], [0, 0, 0, 0, 0, 0, 0, 0, 0, 0, 0, 0, 0, 0, 0, 0, 0, 0, 0, 0, 0, 0, 0, 0, 0, 0, 0, 0, 0, 0, 0, 0], [0, 0, 0, 0, 0, 0, 0, 0, 0, 0, 0, 0, 0, 0, 0, 0, 0, 0, 0, 0, 0, 0, 0, 0, 0, 0, 0, 0, 0, 0, 0, 0], [0, 0, 0, 0, 0, 0, 0, 0, 0, 0, 0, 0, 0, 0, 0, 0, 0, 0, 0, 0, 0, 0, 0, 0, 0, 0, 0, 0, 0, 0, 0, 0], [0, 0, 0, 0, 0, 0, 0, 0, 0, 0, 0, 0, 0, 0, 0, 0, 0, 0, 0, 0, 0, 0, 0, 0, 0, 0, 0, 0, 0, 0, 0, 0], [0, 0, 0, 0, 0, 0, 0, 0, 0, 0, 0, 0, 0, 0, 0, 0, 0, 0, 0, 0, 0, 0, 0, 0, 0, 0, 0, 0, 0, 0, 0, 0], [0, 0, 0, 0, 0, 0, 0, 0, 0, 0, 0, 0, 0, 0, 0, 0, 0, 0, 0, 0, 0, 0, 0, 0, 0, 0, 0, 0, 0, 0, 0, 0], [0, 0, 0, 0, 0, 0, 0, 0, 0, 0, 0, 0, 0, 0, 0, 0, 0, 0, 0, 0, 0, 0, 0, 0, 0, 0, 0, 0, 0, 0, 0, 0], [0, 0, 0, 0, 0, 0, 0, 0, 0, 0, 0, 0, 0, 0, 0, 0, 0, 0, 0, 0, 0, 0, 0, 0, 0, 0, 0, 0, 0, 0, 0, 0], [0, 0, 0, 0, 0, 0, 0, 0, 0, 0, 0, 0, 0, 0, 0, 0, 0, 0, 0, 0, 0, 0, 0, 0, 0, 0, 0, 0, 0, 0, 0, 0], [0, 0, 0, 0, 0, 0, 0, 0, 0, 0, 0, 0, 0, 0, 0, 0, 0, 0, 0, 0, 0, 0, 0, 0, 0, 0, 0, 0, 0, 0, 0, 0], [0, 0, 0, 0, 0, 0, 0, 0, 0, 0, 0, 0, 0, 0, 0, 0, 0, 0, 0, 0, 0, 0, 0, 0, 0, 0, 0, 0, 0, 0, 0, 0], [0, 0, 0, 0, 0, 0, 0, 0, 0, 0, 0, 0, 0, 0, 0, 0, 0, 0, 0, 0, 0, 0, 0, 0, 0, 0, 0, 0, 0, 0, 0, 0], [0, 0, 0, 0, 0, 0, 0, 0, 0, 0, 0, 0, 0, 0, 0, 0, 0, 0, 0, 0, 0, 0, 0, 0, 0, 0, 0, 0, 0, 0, 0, 0], [0, 0, 0, 0, 0, 0, 0, 0, 0, 0, 0, 0, 0, 0, 0, 0, 0, 0, 0, 0, 0, 0, 0, 0, 0, 0, 0, 0, 0, 0, 0, 0], [0, 0, 0, 0, 0, 0, 0, 0, 0, 0, 0, 0, 0, 0, 0, 0, 0, 0, 0, 0, 0, 0, 0, 0, 0, 0, 0, 0, 0, 0, 0, 0], [0, 0, 0, 0, 0, 0, 0, 0, 0, 0, 0, 0, 0, 0, 0, 0, 0, 0, 0, 0, 0, 0, 0, 0, 0, 0, 0, 0, 0, 0, 0, 0], [0, 0, 0, 0, 0, 0, 0, 0, 0, 0, 0, 0, 0, 0, 0, 0, 0, 0, 0, 0, 0, 0, 0, 0, 0, 0, 0, 0, 0, 0, 0, 0], [0, 0, 0, 0, 0, 0, 0, 0, 0, 0, 0, 0, 0, 0, 0, 0, 0, 0, 0, 0, 0, 0, 0, 0, 0, 0, 0, 0, 0, 0, 0, 0], [0, 0, 0, 0, 0, 0, 0, 0, 0, 0, 0, 0, 0, 0, 0, 0, 0, 0, 0, 0, 0, 0, 0, 0, 0, 0, 0, 0, 0, 0, 0, 0], [0, 0, 0, 0, 0, 0, 0, 0, 0, 0, 0, 0, 0, 0, 0, 0, 0, 0, 0, 0, 0, 0, 0, 0, 0, 0, 0, 0, 0, 0, 0, 0], [0, 0, 0, 0, 0, 0, 0, 0, 0, 0, 0, 0, 0, 0, 0, 0, 0, 0, 0, 0, 0, 0, 0, 0, 0, 0, 0, 0, 0, 0, 0, 0], [0, 0, 0, 0, 0, 0, 0, 0, 0, 0, 0, 0, 0, 0, 0, 0, 0, 0, 0, 0, 0, 0, 0, 0, 0, 0, 0, 0, 0, 0, 0, 0], [0, 0, 0, 0, 0, 0, 0, 0, 0, 0, 0, 0, 0, 0, 0, 0, 0, 0, 0, 0, 0, 0, 0, 0, 0, 0, 0, 0, 0, 0, 0, 0], [0, 0, 0, 0, 0, 0, 0, 0, 0, 0, 0, 0, 0, 0, 0, 0, 0, 0, 0, 0, 0, 0, 0, 0, 0, 0, 0, 0, 0, 0, 0, 0], [0, 0, 0, 0, 0, 0, 0, 0, 0, 0, 0, 0, 0, 0, 0, 0, 0, 0, 0, 0, 0, 0, 0, 0, 0, 0, 0, 0, 0, 0, 0, 0], [0, 0, 0, 0, 0, 0, 0, 0, 0, 0, 0, 0, 0, 0, 0, 0, 0, 0, 0, 0, 0, 0, 0, 0, 0, 0, 0, 0, 0, 0, 0, 0], [0, 0, 0, 0, 0, 0, 0, 0, 0, 0, 0, 0, 0, 0, 0, 0, 0, 0, 0, 0, 0, 0, 0, 0, 0, 0, 0, 0, 0, 0, 0, 0], [0, 0, 0, 0, 0, 0, 0, 0, 0, 0, 0, 0, 0, 0, 0, 0, 0, 0, 0, 0, 0, 0, 0, 0, 0, 0, 0, 0, 0, 0, 0, 0], [0, 0, 0, 0, 0, 0, 0, 0, 0, 0, 0, 0, 0, 0, 0, 0, 0, 0, 0, 0, 0, 0, 0, 0, 0, 0, 0, 0, 0, 0, 0, 0], [0, 0, 0, 0, 0, 0, 0, 0, 0, 0, 0, 0, 0, 0, 0, 0, 0, 0, 0, 0, 0, 0, 0, 0, 0, 0, 0, 0, 0, 0, 0, 0], [0, 0, 0, 0, 0, 0, 0, 0, 0, 0, 0, 0, 0, 0, 0, 0, 0, 0, 0, 0, 0, 0, 0, 0, 0, 0, 0, 0, 0, 0, 0, 0], [0, 0, 0, 0, 0, 0, 0, 0, 0, 0, 0, 0, 0, 0, 0, 0, 0, 0, 0, 0, 0, 0, 0, 0, 0, 0, 0, 0, 0, 0, 0, 0], [0, 0, 0, 0, 0, 0, 0, 0, 0, 0, 0, 0, 0, 0, 0, 0, 0, 0, 0, 0, 0, 0, 0, 0, 0, 0, 0, 0, 0, 0, 0, 0], [0, 0, 0, 0, 0, 0, 0, 0, 0, 0, 0, 0, 0, 0, 0, 0, 0, 0, 0, 0, 0, 0, 0, 0, 0, 0, 0, 0, 0, 0, 0, 0], [0, 0, 0, 0, 0, 0, 0, 0, 0, 0, 0, 0, 0, 0, 0, 0, 0, 0, 0, 0, 0, 0, 0, 0, 0, 0, 0, 0, 0, 0, 0, 0], [0, 0, 0, 0, 0, 0, 0, 0, 0, 0, 0, 0, 0, 0, 0, 0, 0, 0, 0, 0, 0, 0, 0, 0, 0, 0, 0, 0, 0, 0, 0, 0], [0, 0, 0, 0, 0, 0, 0, 0, 0, 0, 0, 0, 0, 0, 0, 0, 0, 0, 0, 0, 0, 0, 0, 0, 0, 0, 0, 0, 0, 0, 0, 0], [0, 0, 0, 0, 0, 0, 0, 0, 0, 0, 0, 0, 0, 0, 0, 0, 0, 0, 0, 0, 0, 0, 0, 0, 0, 0, 0, 0, 0, 0, 0, 0], [0, 0, 0, 0, 0, 0, 0, 0, 0, 0, 0, 0, 0, 0, 0, 0, 0, 0, 0, 0, 0, 0, 0, 0, 0, 0, 0, 0, 0, 0, 0, 0], [0, 0, 0, 0, 0, 0, 0, 0, 0, 0, 0, 0, 0, 0, 0, 0, 0, 0, 0, 0, 0, 0, 0, 0, 0, 0, 0, 0, 0, 0, 0, 0], [0, 0, 0, 0, 0, 0, 0, 0, 0, 0, 0, 0, 0, 0, 0, 0, 0, 0, 0, 0, 0, 0, 0, 0, 0, 0, 0, 0, 0, 0, 0, 0], [0, 0, 0, 0, 0, 0, 0, 0, 0, 0, 0, 0, 0, 0, 0, 0, 0, 0, 0, 0, 0, 0, 0, 0, 0, 0, 0, 0, 0, 0, 0, 0], [0, 0, 0, 0, 0, 0, 0, 0, 0, 0, 0, 0, 0, 0, 0, 0, 0, 0, 0, 0, 0, 0, 0, 0, 0, 0, 0, 0, 0, 0, 0, 0], [0, 0, 0, 0, 0, 0, 0, 0, 0, 0, 0, 0, 0, 0, 0, 0, 0, 0, 0, 0, 0, 0, 0, 0, 0, 0, 0, 0, 0, 0, 0, 0], [0, 0, 0, 0, 0, 0, 0, 0, 0, 0, 0, 0, 0, 0, 0, 0, 0, 0, 0, 0, 0, 0, 0, 0, 0, 0, 0, 0, 0, 0, 0, 0], [0, 0, 0, 0, 0, 0, 0, 0, 0, 0, 0, 0, 0, 0, 0, 0, 0, 0, 0, 0, 0, 0, 0, 0, 0, 0, 0, 0, 0, 0, 0, 0], [0, 0, 0, 0, 0, 0, 0, 0, 0, 0, 0, 0, 0, 0, 0, 0, 0, 0, 0, 0, 0, 0, 0, 0, 0, 0, 0, 0, 0, 0, 0, 0], [0, 0, 0, 0, 0, 0, 0, 0, 0, 0, 0, 0, 0, 0, 0, 0, 0, 0, 0, 0, 0, 0, 0, 0, 0, 0, 0, 0, 0, 0, 0, 0], [0, 0, 0, 0, 0, 0, 0, 0, 0, 0, 0, 0, 0, 0, 0, 0, 0, 0, 0, 0, 0, 0, 0, 0, 0, 0, 0, 0, 0, 0, 0, 0], [0, 0, 0, 0, 0, 0, 0, 0, 0, 0, 0, 0, 0, 0, 0, 0, 0, 0, 0, 0, 0, 0, 0, 0, 0, 0, 0, 0, 0, 0, 0, 0], [0, 0, 0, 0, 0, 0, 0, 0, 0, 0, 0, 0, 0, 0, 0, 0, 0, 0, 0, 0, 0, 0, 0, 0, 0, 0, 0, 0, 0, 0, 0, 0], [0, 0, 0, 0, 0, 0, 0, 0, 0, 0, 0, 0, 0, 0, 0, 0, 0, 0, 0, 0, 0, 0, 0, 0, 0, 0, 0, 0, 0, 0, 0, 0], [0, 0, 0, 0, 0, 0, 0, 0, 0, 0, 0, 0, 0, 0, 0, 0, 0, 0, 0, 0, 0, 0, 0, 0, 0, 0, 0, 0, 0, 0, 0, 0], [0, 0, 0, 0, 0, 0, 0, 0, 0, 0, 0, 0, 0, 0, 0, 0, 0, 0, 0, 0, 0, 0, 0, 0, 0, 0, 0, 0, 0, 0, 0, 0], [0, 0, 0, 0, 0, 0, 0, 0, 0, 0, 0, 0, 0, 0, 0, 0, 0, 0, 0, 0, 0, 0, 0, 0, 0, 0, 0, 0, 0, 0, 0, 0], [0, 0, 0, 0, 0, 0, 0, 0, 0, 0, 0, 0, 0, 0, 0, 0, 0, 0, 0, 0, 0, 0, 0, 0, 0, 0, 0, 0, 0, 0, 0, 0], [0, 0, 0, 0, 0, 0, 0, 0, 0, 0, 0, 0, 0, 0, 0, 0, 0, 0, 0, 0, 0, 0, 0, 0, 0, 0, 0, 0, 0, 0, 0, 0], [0, 0, 0, 0, 0, 0, 0, 0, 0, 0, 0, 0, 0, 0, 0, 0, 0, 0, 0, 0, 0, 0, 0, 0, 0, 0, 0, 0, 0, 0, 0, 0], [0, 0, 0, 0, 0, 0, 0, 0, 0, 0, 0, 0, 0, 0, 0, 0, 0, 0, 0, 0, 0, 0, 0, 0, 0, 0, 0, 0, 0, 0, 0, 0], [0, 0, 0, 0, 0, 0, 0, 0, 0, 0, 0, 0, 0, 0, 0, 0, 0, 0, 0, 0, 0, 0, 0, 0, 0, 0, 0, 0, 0, 0, 0, 0], [0, 0, 0, 0, 0, 0, 0, 0, 0, 0, 0, 0, 0, 0, 0, 0, 0, 0, 0, 0, 0, 0, 0, 0, 0, 0, 0, 0, 0, 0, 0, 0], [0, 0, 0, 0, 0, 0, 0, 0, 0, 0, 0, 0, 0, 0, 0, 0, 0, 0, 0, 0, 0, 0, 0, 0, 0, 0, 0, 0, 0, 0, 0, 0], [0, 0, 0, 0, 0, 0, 0, 0, 0, 0, 0, 0, 0, 0, 0, 0, 0, 0, 0, 0, 0, 0, 0, 0, 0, 0, 0, 0, 0, 0, 0, 0], [0, 0, 0, 0, 0, 0, 0, 0, 0, 0, 0, 0, 0, 0, 0, 0, 0, 0, 0, 0, 0, 0, 0, 0, 0, 0, 0, 0, 0, 0, 0, 0], [0, 0, 0, 0, 0, 0, 0, 0, 0, 0, 0, 0, 0, 0, 0, 0, 0, 0, 0, 0, 0, 0, 0, 0, 0, 0, 0, 0, 0, 0, 0, 0], [0, 0, 0, 0, 0, 0, 0, 0, 0, 0, 0, 0, 0, 0, 0, 0, 0, 0, 0, 0, 0, 0, 0, 0, 0, 0, 0, 0, 0, 0, 0, 0], [0, 0, 0, 0, 0, 0, 0, 0, 0, 0, 0, 0, 0, 0, 0, 0, 0, 0, 0, 0, 0, 0, 0, 0, 0, 0, 0, 0, 0, 0, 0, 0], [0, 0, 0, 0, 0, 0, 0, 0, 0, 0, 0, 0, 0, 0, 0, 0, 0, 0, 0, 0, 0, 0, 0, 0, 0, 0, 0, 0, 0, 0, 0, 0], [0, 0, 0, 0, 0, 0, 0, 0, 0, 0, 0, 0, 0, 0, 0, 0, 0, 0, 0, 0, 0, 0, 0, 0, 0, 0, 0, 0, 0, 0, 0, 0], [0, 0, 0, 0, 0, 0, 0, 0, 0, 0, 0, 0, 0, 0, 0, 0, 0, 0, 0, 0, 0, 0, 0, 0, 0, 0, 0, 0, 0, 0, 0, 0], [0, 0, 0, 0, 0, 0, 0, 0, 0, 0, 0, 0, 0, 0, 0, 0, 0, 0, 0, 0, 0, 0, 0, 0, 0, 0, 0, 0, 0, 0, 0, 0], [0, 0, 0, 0, 0, 0, 0, 0, 0, 0, 0, 0, 0, 0, 0, 0, 0, 0, 0, 0, 0, 0, 0, 0, 0, 0, 0, 0, 0, 0, 0, 0], [0, 0, 0, 0, 0, 0, 0, 0, 0, 0, 0, 0, 0, 0, 0, 0, 0, 0, 0, 0, 0, 0, 0, 0, 0, 0, 0, 0, 0, 0, 0, 0], [0, 0, 0, 0, 0, 0, 0, 0, 0, 0, 0, 0, 0, 0, 0, 0, 0, 0, 0, 0, 0, 0, 0, 0, 0, 0, 0, 0, 0, 0, 0, 0], [0, 0, 0, 0, 0, 0, 0, 0, 0, 0, 0, 0, 0, 0, 0, 0, 0, 0, 0, 0, 0, 0, 0, 0, 0, 0, 0, 0, 0, 0, 0, 0], [0, 0, 0, 0, 0, 0, 0, 0, 0, 0, 0, 0, 0, 0, 0, 0, 0, 0, 0, 0, 0, 0, 0, 0, 0, 0, 0, 0, 0, 0, 0, 0], [0, 0, 0, 0, 0, 0, 0, 0, 0, 0, 0, 0, 0, 0, 0, 0, 0, 0, 0, 0, 0, 0, 0, 0, 0, 0, 0, 0, 0, 0, 0, 0], [0, 0, 0, 0, 0, 0, 0, 0, 0, 0, 0, 0, 0, 0, 0, 0, 0, 0, 0, 0, 0, 0, 0, 0, 0, 0, 0, 0, 0, 0, 0, 0], [0, 0, 0, 0, 0, 0, 0, 0, 0, 0, 0, 0, 0, 0, 0, 0, 0, 0, 0, 0, 0, 0, 0, 0, 0, 0, 0, 0, 0, 0, 0, 0], [0, 0, 0, 0, 0, 0, 0, 0, 0, 0, 0, 0, 0, 0, 0, 0, 0, 0, 0, 0, 0, 0, 0, 0, 0, 0, 0, 0, 0, 0, 0, 0], [0, 0, 0, 0, 0, 0, 0, 0, 0, 0, 0, 0, 0, 0, 0, 0, 0, 0, 0, 0, 0, 0, 0, 0, 0, 0, 0, 0, 0, 0, 0, 0], [0, 0, 0, 0, 0, 0, 0, 0, 0, 0, 0, 0, 0, 0, 0, 0, 0, 0, 0, 0, 0, 0, 0, 0, 0, 0, 0, 0, 0, 0, 0, 0], [0, 0, 0, 0, 0, 0, 0, 0, 0, 0, 0, 0, 0, 0, 0, 0, 0, 0, 0, 0, 0, 0, 0, 0, 0, 0, 0, 0, 0, 0, 0, 0], [0, 0, 0, 0, 0, 0, 0, 0, 0, 0, 0, 0, 0, 0, 0, 0, 0, 0, 0, 0, 0, 0, 0, 0, 0, 0, 0, 0, 0, 0, 0, 0], [0, 0, 0, 0, 0, 0, 0, 0, 0, 0, 0, 0, 0, 0, 0, 0, 0, 0, 0, 0, 0, 0, 0, 0, 0, 0, 0, 0, 0, 0, 0, 0], [0, 0, 0, 0, 0, 0, 0, 0, 0, 0, 0, 0, 0, 0, 0, 0, 0, 0, 0, 0, 0, 0, 0, 0, 0, 0, 0, 0, 0, 0, 0, 0], [0, 0, 0, 0, 0, 0, 0, 0, 0, 0, 0, 0, 0, 0, 0, 0, 0, 0, 0, 0, 0, 0, 0, 0, 0, 0, 0, 0, 0, 0, 0, 0], [0, 0, 0, 0, 0, 0, 0, 0, 0, 0, 0, 0, 0, 0, 0, 0, 0, 0, 0, 0, 0, 0, 0, 0, 0, 0, 0, 0, 0, 0, 0, 0], [0, 0, 0, 0, 0, 0, 0, 0, 0, 0, 0, 0, 0, 0, 0, 0, 0, 0, 0, 0, 0, 0, 0, 0, 0, 0, 0, 0, 0, 0, 0, 0], [0, 0, 0, 0, 0, 0, 0, 0, 0, 0, 0, 0, 0, 0, 0, 0, 0, 0, 0, 0, 0, 0, 0, 0, 0, 0, 0, 0, 0, 0, 0, 0], [0, 0, 0, 0, 0, 0, 0, 0, 0, 0, 0, 0, 0, 0, 0, 0, 0, 0, 0, 0, 0, 0, 0, 0, 0, 0, 0, 0, 0, 0, 0, 0], [0, 0, 0, 0, 0, 0, 0, 0, 0, 0, 0, 0, 0, 0, 0, 0, 0, 0, 0, 0, 0, 0, 0, 0, 0, 0, 0, 0, 0, 0, 0, 0], [0, 0, 0, 0, 0, 0, 0, 0, 0, 0, 0, 0, 0, 0, 0, 0, 0, 0, 0, 0, 0, 0, 0, 0, 0, 0, 0, 0, 0, 0, 0, 0], [0, 0, 0, 0, 0, 0, 0, 0, 0, 0, 0, 0, 0, 0, 0, 0, 0, 0, 0, 0, 0, 0, 0, 0, 0, 0, 0, 0, 0, 0, 0, 0], [0, 0, 0, 0, 0, 0, 0, 0, 0, 0, 0, 0, 0, 0, 0, 0, 0, 0, 0, 0, 0, 0, 0, 0, 0, 0, 0, 0, 0, 0, 0, 0], [0, 0, 0, 0, 0, 0, 0, 0, 0, 0, 0, 0, 0, 0, 0, 0, 0, 0, 0, 0, 0, 0, 0, 0, 0, 0, 0, 0, 0, 0, 0, 0], [0, 0, 0, 0, 0, 0, 0, 0, 0, 0, 0, 0, 0, 0, 0, 0, 0, 0, 0, 0, 0, 0, 0, 0, 0, 0, 0, 0, 0, 0, 0, 0], [0, 0, 0, 0, 0, 0, 0, 0, 0, 0, 0, 0, 0, 0, 0, 0, 0, 0, 0, 0, 0, 0, 0, 0, 0, 0, 0, 0, 0, 0, 0, 0], [0, 0, 0, 0, 0, 0, 0, 0, 0, 0, 0, 0, 0, 0, 0, 0, 0, 0, 0, 0, 0, 0, 0, 0, 0, 0, 0, 0, 0, 0, 0, 0], [0, 0, 0, 0, 0, 0, 0, 0, 0, 0, 0, 0, 0, 0, 0, 0, 0, 0, 0, 0, 0, 0, 0, 0, 0, 0, 0, 0, 0, 0, 0, 0], [0, 0, 0, 0, 0, 0, 0, 0, 0, 0, 0, 0, 0, 0, 0, 0, 0, 0, 0, 0, 0, 0, 0, 0, 0, 0, 0, 0, 0, 0, 0, 0], [0, 0, 0, 0, 0, 0, 0, 0, 0, 0, 0, 0, 0, 0, 0, 0, 0, 0, 0, 0, 0, 0, 0, 0, 0, 0, 0, 0, 0, 0, 0, 0], [0, 0, 0, 0, 0, 0, 0, 0, 0, 0, 0, 0, 0, 0, 0, 0, 0, 0, 0, 0, 0, 0, 0, 0, 0, 0, 0, 0, 0, 0, 0, 0], [0, 0, 0, 0, 0, 0, 0, 0, 0, 0, 0, 0, 0, 0, 0, 0, 0, 0, 0, 0, 0, 0, 0, 0, 0, 0, 0, 0, 0, 0, 0, 0], [0, 0, 0, 0, 0, 0, 0, 0, 0, 0, 0, 0, 0, 0, 0, 0, 0, 0, 0, 0, 0, 0, 0, 0, 0, 0, 0, 0, 0, 0, 0, 0], [0, 0, 0, 0, 0, 0, 0, 0, 0, 0, 0, 0, 0, 0, 0, 0, 0, 0, 0, 0, 0, 0, 0, 0, 0, 0, 0, 0, 0, 0, 0, 0], [0, 0, 0, 0, 0, 0, 0, 0, 0, 0, 0, 0, 0, 0, 0, 0, 0, 0, 0, 0, 0, 0, 0, 0, 0, 0, 0, 0, 0, 0, 0, 0], [0, 0, 0, 0, 0, 0, 0, 0, 0, 0, 0, 0, 0, 0, 0, 0, 0, 0, 0, 0, 0, 0, 0, 0, 0, 0, 0, 0, 0, 0, 0, 0], [0, 0, 0, 0, 0, 0, 0, 0, 0, 0, 0, 0, 0, 0, 0, 0, 0, 0, 0, 0, 0, 0, 0, 0, 0, 0, 0, 0, 0, 0, 0, 0], [0, 0, 0, 0, 0, 0, 0, 0, 0, 0, 0, 0, 0, 0, 0, 0, 0, 0, 0, 0, 0, 0, 0, 0, 0, 0, 0, 0, 0, 0, 0, 0], [0, 0, 0, 0, 0, 0, 0, 0, 0, 0, 0, 0, 0, 0, 0, 0, 0, 0, 0, 0, 0, 0, 0, 0, 0, 0, 0, 0, 0, 0, 0, 0], [0, 0, 0, 0, 0, 0, 0, 0, 0, 0, 0, 0, 0, 0, 0, 0, 0, 0, 0, 0, 0, 0, 0, 0, 0, 0, 0, 0, 0, 0, 0, 0], [0, 0, 0, 0, 0, 0, 0, 0, 0, 0, 0, 0, 0, 0, 0, 0, 0, 0, 0, 0, 0, 0, 0, 0, 0, 0, 0, 0, 0, 0, 0, 0], [0, 0, 0, 0, 0, 0, 0, 0, 0, 0, 0, 0, 0, 0, 0, 0, 0, 0, 0, 0, 0, 0, 0, 0, 0, 0, 0, 0, 0, 0, 0, 0], [0, 0, 0, 0, 0, 0, 0, 0, 0, 0, 0, 0, 0, 0, 0, 0, 0, 0, 0, 0, 0, 0, 0, 0, 0, 0, 0, 0, 0, 0, 0, 0], [0, 0, 0, 0, 0, 0, 0, 0, 0, 0, 0, 0, 0, 0, 0, 0, 0, 0, 0, 0, 0, 0, 0, 0, 0, 0, 0, 0, 0, 0, 0, 0], [0, 0, 0, 0, 0, 0, 0, 0, 0, 0, 0, 0, 0, 0, 0, 0, 0, 0, 0, 0, 0, 0, 0, 0, 0, 0, 0, 0, 0, 0, 0, 0], [0, 0, 0, 0, 0, 0, 0, 0, 0, 0, 0, 0, 0, 0, 0, 0, 0, 0, 0, 0, 0, 0, 0, 0, 0, 0, 0, 0, 0, 0, 0, 0], [0, 0, 0, 0, 0, 0, 0, 0, 0, 0, 0, 0, 0, 0, 0, 0, 0, 0, 0, 0, 0, 0, 0, 0, 0, 0, 0, 0, 0, 0, 0, 0], [0, 0, 0, 0, 0, 0, 0, 0, 0, 0, 0, 0, 0, 0, 0, 0, 0, 0, 0, 0, 0, 0, 0, 0, 0, 0, 0, 0, 0, 0, 0, 0], [0, 0, 0, 0, 0, 0, 0, 0, 0, 0, 0, 0, 0, 0, 0, 0, 0, 0, 0, 0, 0, 0, 0, 0, 0, 0, 0, 0, 0, 0, 0, 0], [0, 0, 0, 0, 0, 0, 0, 0, 0, 0, 0, 0, 0, 0, 0, 0, 0, 0, 0, 0, 0, 0, 0, 0, 0, 0, 0, 0, 0, 0, 0, 0], [0, 0, 0, 0, 0, 0, 0, 0, 0, 0, 0, 0, 0, 0, 0, 0, 0, 0, 0, 0, 0, 0, 0, 0, 0, 0, 0, 0, 0, 0, 0, 0], [0, 0, 0, 0, 0, 0, 0, 0, 0, 0, 0, 0, 0, 0, 0, 0, 0, 0, 0, 0, 0, 0, 0, 0, 0, 0, 0, 0, 0, 0, 0, 0], [0, 0, 0, 0, 0, 0, 0, 0, 0, 0, 0, 0, 0, 0, 0, 0, 0, 0, 0, 0, 0, 0, 0, 0, 0, 0, 0, 0, 0, 0, 0, 0], [0, 0, 0, 0, 0, 0, 0, 0, 0, 0, 0, 0, 0, 0, 0, 0, 0, 0, 0, 0, 0, 0, 0, 0, 0, 0, 0, 0, 0, 0, 0, 0], [0, 0, 0, 0, 0, 0, 0, 0, 0, 0, 0, 0, 0, 0, 0, 0, 0, 0, 0, 0, 0, 0, 0, 0, 0, 0, 0, 0, 0, 0, 0, 0], [0, 0, 0, 0, 0, 0, 0, 0, 0, 0, 0, 0, 0, 0, 0, 0, 0, 0, 0, 0, 0, 0, 0, 0, 0, 0, 0, 0, 0, 0, 0, 0], [0, 0, 0, 0, 0, 0, 0, 0, 0, 0, 0, 0, 0, 0, 0, 0, 0, 0, 0, 0, 0, 0, 0, 0, 0, 0, 0, 0, 0, 0, 0, 0], [0, 0, 0, 0, 0, 0, 0, 0, 0, 0, 0, 0, 0, 0, 0, 0, 0, 0, 0, 0, 0, 0, 0, 0, 0, 0, 0, 0, 0, 0, 0, 0], [0, 0, 0, 0, 0, 0, 0, 0, 0, 0, 0, 0, 0, 0, 0, 0, 0, 0, 0, 0, 0, 0, 0, 0, 0, 0, 0, 0, 0, 0, 0, 0], [0, 0, 0, 0, 0, 0, 0, 0, 0, 0, 0, 0, 0, 0, 0, 0, 0, 0, 0, 0, 0, 0, 0, 0, 0, 0, 0, 0, 0, 0, 0, 0], [0, 0, 0, 0, 0, 0, 0, 0, 0, 0, 0, 0, 0, 0, 0, 0, 0, 0, 0, 0, 0, 0, 0, 0, 0, 0, 0, 0, 0, 0, 0, 0], [0, 0, 0, 0, 0, 0, 0, 0, 0, 0, 0, 0, 0, 0, 0, 0, 0, 0, 0, 0, 0, 0, 0, 0, 0, 0, 0, 0, 0, 0, 0, 0], [0, 0, 0, 0, 0, 0, 0, 0, 0, 0, 0, 0, 0, 0, 0, 0, 0, 0, 0, 0, 0, 0, 0, 0, 0, 0, 0, 0, 0, 0, 0, 0], [0, 0, 0, 0, 0, 0, 0, 0, 0, 0, 0, 0, 0, 0, 0, 0, 0, 0, 0, 0, 0, 0, 0, 0, 0, 0, 0, 0, 0, 0, 0, 0], [0, 0, 0, 0, 0, 0, 0, 0, 0, 0, 0, 0, 0, 0, 0, 0, 0, 0, 0, 0, 0, 0, 0, 0, 0, 0, 0, 0, 0, 0, 0, 0], [0, 0, 0, 0, 0, 0, 0, 0, 0, 0, 0, 0, 0, 0, 0, 0, 0, 0, 0, 0, 0, 0, 0, 0, 0, 0, 0, 0, 0, 0, 0, 0], [0, 0, 0, 0, 0, 0, 0, 0, 0, 0, 0, 0, 0, 0, 0, 0, 0, 0, 0, 0, 0, 0, 0, 0, 0, 0, 0, 0, 0, 0, 0, 0], [0, 0, 0, 0, 0, 0, 0, 0, 0, 0, 0, 0, 0, 0, 0, 0, 0, 0, 0, 0, 0, 0, 0, 0, 0, 0, 0, 0, 0, 0, 0, 0], [0, 0, 0, 0, 0, 0, 0, 0, 0, 0, 0, 0, 0, 0, 0, 0, 0, 0, 0, 0, 0, 0, 0, 0, 0, 0, 0, 0, 0, 0, 0, 0], [0, 0, 0, 0, 0, 0, 0, 0, 0, 0, 0, 0, 0, 0, 0, 0, 0, 0, 0, 0, 0, 0, 0, 0, 0, 0, 0, 0, 0, 0, 0, 0], [0, 0, 0, 0, 0, 0, 0, 0, 0, 0, 0, 0, 0, 0, 0, 0, 0, 0, 0, 0, 0, 0, 0, 0, 0, 0, 0, 0, 0, 0, 0, 0], [0, 0, 0, 0, 0, 0, 0, 0, 0, 0, 0, 0, 0, 0, 0, 0, 0, 0, 0, 0, 0, 0, 0, 0, 0, 0, 0, 0, 0, 0, 0, 0], [0, 0, 0, 0, 0, 0, 0, 0, 0, 0, 0, 0, 0, 0, 0, 0, 0, 0, 0, 0, 0, 0, 0, 0, 0, 0, 0, 0, 0, 0, 0, 0], [0, 0, 0, 0, 0, 0, 0, 0, 0, 0, 0, 0, 0, 0, 0, 0, 0, 0, 0, 0, 0, 0, 0, 0, 0, 0, 0, 0, 0, 0, 0, 0], [0, 0, 0, 0, 0, 0, 0, 0, 0, 0, 0, 0, 0, 0, 0, 0, 0, 0, 0, 0, 0, 0, 0, 0, 0, 0, 0, 0, 0, 0, 0, 0], [0, 0, 0, 0, 0, 0, 0, 0, 0, 0, 0, 0, 0, 0, 0, 0, 0, 0, 0, 0, 0, 0, 0, 0, 0, 0, 0, 0, 0, 0, 0, 0], [0, 0, 0, 0, 0, 0, 0, 0, 0, 0, 0, 0, 0, 0, 0, 0, 0, 0, 0, 0, 0, 0, 0, 0, 0, 0, 0, 0, 0, 0, 0, 0], [0, 0, 0, 0, 0, 0, 0, 0, 0, 0, 0, 0, 0, 0, 0, 0, 0, 0, 0, 0, 0, 0, 0, 0, 0, 0, 0, 0, 0, 0, 0, 0], [0, 0, 0, 0, 0, 0, 0, 0, 0, 0, 0, 0, 0, 0, 0, 0, 0, 0, 0, 0, 0, 0, 0, 0, 0, 0, 0, 0, 0, 0, 0, 0], [0, 0, 0, 0, 0, 0, 0, 0, 0, 0, 0, 0, 0, 0, 0, 0, 0, 0, 0, 0, 0, 0, 0, 0, 0, 0, 0, 0, 0, 0, 0, 0], [0, 0, 0, 0, 0, 0, 0, 0, 0, 0, 0, 0, 0, 0, 0, 0, 0, 0, 0, 0, 0, 0, 0, 0, 0, 0, 0, 0, 0, 0, 0, 0], [0, 0, 0, 0, 0, 0, 0, 0, 0, 0, 0, 0, 0, 0, 0, 0, 0, 0, 0, 0, 0, 0, 0, 0, 0, 0, 0, 0, 0, 0, 0, 0], [0, 0, 0, 0, 0, 0, 0, 0, 0, 0, 0, 0, 0, 0, 0, 0, 0, 0, 0, 0, 0, 0, 0, 0, 0, 0, 0, 0, 0, 0, 0, 0], [0, 0, 0, 0, 0, 0, 0, 0, 0, 0, 0, 0, 0, 0, 0, 0, 0, 0, 0, 0, 0, 0, 0, 0, 0, 0, 0, 0, 0, 0, 0, 0], [0, 0, 0, 0, 0, 0, 0, 0, 0, 0, 0, 0, 0, 0, 0, 0, 0, 0, 0, 0, 0, 0, 0, 0, 0, 0, 0, 0, 0, 0, 0, 0], [0, 0, 0, 0, 0, 0, 0, 0, 0, 0, 0, 0, 0, 0, 0, 0, 0, 0, 0, 0, 0, 0, 0, 0, 0, 0, 0, 0, 0, 0, 0, 0], [0, 0, 0, 0, 0, 0, 0, 0, 0, 0, 0, 0, 0, 0, 0, 0, 0, 0, 0, 0, 0, 0, 0, 0, 0, 0, 0, 0, 0, 0, 0, 0], [0, 0, 0, 0, 0, 0, 0, 0, 0, 0, 0, 0, 0, 0, 0, 0, 0, 0, 0, 0, 0, 0, 0, 0, 0, 0, 0, 0, 0, 0, 0, 0], [0, 0, 0, 0, 0, 0, 0, 0, 0, 0, 0, 0, 0, 0, 0, 0, 0, 0, 0, 0, 0, 0, 0, 0, 0, 0, 0, 0, 0, 0, 0, 0], [0, 0, 0, 0, 0, 0, 0, 0, 0, 0, 0, 0, 0, 0, 0, 0, 0, 0, 0, 0, 0, 0, 0, 0, 0, 0, 0, 0, 0, 0, 0, 0], [0, 0, 0, 0, 0, 0, 0, 0, 0, 0, 0, 0, 0, 0, 0, 0, 0, 0, 0, 0, 0, 0, 0, 0, 0, 0, 0, 0, 0, 0, 0, 0], [0, 0, 0, 0, 0, 0, 0, 0, 0, 0, 0, 0, 0, 0, 0, 0, 0, 0, 0, 0, 0, 0, 0, 0, 0, 0, 0, 0, 0, 0, 0, 0], [0, 0, 0, 0, 0, 0, 0, 0, 0, 0, 0, 0, 0, 0, 0, 0, 0, 0, 0, 0, 0, 0, 0, 0, 0, 0, 0, 0, 0, 0, 0, 0], [0, 0, 0, 0, 0, 0, 0, 0, 0, 0, 0, 0, 0, 0, 0, 0, 0, 0, 0, 0, 0, 0, 0, 0, 0, 0, 0, 0, 0, 0, 0, 0], [0, 0, 0, 0, 0, 0, 0, 0, 0, 0, 0, 0, 0, 0, 0, 0, 0, 0, 0, 0, 0, 0, 0, 0, 0, 0, 0, 0, 0, 0, 0, 0], [0, 0, 0, 0, 0, 0, 0, 0, 0, 0, 0, 0, 0, 0, 0, 0, 0, 0, 0, 0, 0, 0, 0, 0, 0, 0, 0, 0, 0, 0, 0, 0], [0, 0, 0, 0, 0, 0, 0, 0, 0, 0, 0, 0, 0, 0, 0, 0, 0, 0, 0, 0, 0, 0, 0, 0, 0, 0, 0, 0, 0, 0, 0, 0], [0, 0, 0, 0, 0, 0, 0, 0, 0, 0, 0, 0, 0, 0, 0, 0, 0, 0, 0, 0, 0, 0, 0, 0, 0, 0, 0, 0, 0, 0, 0, 0], [0, 0, 0, 0, 0, 0, 0, 0, 0, 0, 0, 0, 0, 0, 0, 0, 0, 0, 0, 0, 0, 0, 0, 0, 0, 0, 0, 0, 0, 0, 0, 0], [0, 0, 0, 0, 0, 0, 0, 0, 0, 0, 0, 0, 0, 0, 0, 0, 0, 0, 0, 0, 0, 0, 0, 0, 0, 0, 0, 0, 0, 0, 0, 0], [0, 0, 0, 0, 0, 0, 0, 0, 0, 0, 0, 0, 0, 0, 0, 0, 0, 0, 0, 0, 0, 0, 0, 0, 0, 0, 0, 0, 0, 0, 0, 0], [0, 0, 0, 0, 0, 0, 0, 0, 0, 0, 0, 0, 0, 0, 0, 0, 0, 0, 0, 0, 0, 0, 0, 0, 0, 0, 0, 0, 0, 0, 0, 0], [0, 0, 0, 0, 0, 0, 0, 0, 0, 0, 0, 0, 0, 0, 0, 0, 0, 0, 0, 0, 0, 0, 0, 0, 0, 0, 0, 0, 0, 0, 0, 0], [0, 0, 0, 0, 0, 0, 0, 0, 0, 0, 0, 0, 0, 0, 0, 0, 0, 0, 0, 0, 0, 0, 0, 0, 0, 0, 0, 0, 0, 0, 0, 0], [0, 0, 0, 0, 0, 0, 0, 0, 0, 0, 0, 0, 0, 0, 0, 0, 0, 0, 0, 0, 0, 0, 0, 0, 0, 0, 0, 0, 0, 0, 0, 0], [0, 0, 0, 0, 0, 0, 0, 0, 0, 0, 0, 0, 0, 0, 0, 0, 0, 0, 0, 0, 0, 0, 0, 0, 0, 0, 0, 0, 0, 0, 0, 0], [0, 0, 0, 0, 0, 0, 0, 0, 0, 0, 0, 0, 0, 0, 0, 0, 0, 0, 0, 0, 0, 0, 0, 0, 0, 0, 0, 0, 0, 0, 0, 0], [0, 0, 0, 0, 0, 0, 0, 0, 0, 0, 0, 0, 0, 0, 0, 0, 0, 0, 0, 0, 0, 0, 0, 0, 0, 0, 0, 0, 0, 0, 0, 0], [0, 0, 0, 0, 0, 0, 0, 0, 0, 0, 0, 0, 0, 0, 0, 0, 0, 0, 0, 0, 0, 0, 0, 0, 0, 0, 0, 0, 0, 0, 0, 0], [0, 0, 0, 0, 0, 0, 0, 0, 0, 0, 0, 0, 0, 0, 0, 0, 0, 0, 0, 0, 0, 0, 0, 0, 0, 0, 0, 0, 0, 0, 0, 0], [0, 0, 0, 0, 0, 0, 0, 0, 0, 0, 0, 0, 0, 0, 0, 0, 0, 0, 0, 0, 0, 0, 0, 0, 0, 0, 0, 0, 0, 0, 0, 0], [0, 0, 0, 0, 0, 0, 0, 0, 0, 0, 0, 0, 0, 0, 0, 0, 0, 0, 0, 0, 0, 0, 0, 0, 0, 0, 0, 0, 0, 0, 0, 0], [0, 0, 0, 0, 0, 0, 0, 0, 0, 0, 0, 0, 0, 0, 0, 0, 0, 0, 0, 0, 0, 0, 0, 0, 0, 0, 0, 0, 0, 0, 0, 0], [0, 0, 0, 0, 0, 0, 0, 0, 0, 0, 0, 0, 0, 0, 0, 0, 0, 0, 0, 0, 0, 0, 0, 0, 0, 0, 0, 0, 0, 0, 0, 0], [0, 0, 0, 0, 0, 0, 0, 0, 0, 0, 0, 0, 0, 0, 0, 0, 0, 0, 0, 0, 0, 0, 0, 0, 0, 0, 0, 0, 0, 0, 0, 0], [0, 0, 0, 0, 0, 0, 0, 0, 0, 0, 0, 0, 0, 0, 0, 0, 0, 0, 0, 0, 0, 0, 0, 0, 0, 0, 0, 0, 0, 0, 0, 0], [0, 0, 0, 0, 0, 0, 0, 0, 0, 0, 0, 0, 0, 0, 0, 0, 0, 0, 0, 0, 0, 0, 0, 0, 0, 0, 0, 0, 0, 0, 0, 0], [0, 0, 0, 0, 0, 0, 0, 0, 0, 0, 0, 0, 0, 0, 0, 0, 0, 0, 0, 0, 0, 0, 0, 0, 0, 0, 0, 0, 0, 0, 0, 0], [0, 0, 0, 0, 0, 0, 0, 0, 0, 0, 0, 0, 0, 0, 0, 0, 0, 0, 0, 0, 0, 0, 0, 0, 0, 0, 0, 0, 0, 0, 0, 0], [0, 0, 0, 0, 0, 0, 0, 0, 0, 0, 0, 0, 0, 0, 0, 0, 0, 0, 0, 0, 0, 0, 0, 0, 0, 0, 0, 0, 0, 0, 0, 0], [0, 0, 0, 0, 0, 0, 0, 0, 0, 0, 0, 0, 0, 0, 0, 0, 0, 0, 0, 0, 0, 0, 0, 0, 0, 0, 0, 0, 0, 0, 0, 0], [0, 0, 0, 0, 0, 0, 0, 0, 0, 0, 0, 0, 0, 0, 0, 0, 0, 0, 0, 0, 0, 0, 0, 0, 0, 0, 0, 0, 0, 0, 0, 0], [0, 0, 0, 0, 0, 0, 0, 0, 0, 0, 0, 0, 0, 0, 0, 0, 0, 0, 0, 0, 0, 0, 0, 0, 0, 0, 0, 0, 0, 0, 0, 0], [0, 0, 0, 0, 0, 0, 0, 0, 0, 0, 0, 0, 0, 0, 0, 0, 0, 0, 0, 0, 0, 0, 0, 0, 0, 0, 0, 0, 0, 0, 0, 0], [0, 0, 0, 0, 0, 0, 0, 0, 0, 0, 0, 0, 0, 0, 0, 0, 0, 0, 0, 0, 0, 0, 0, 0, 0, 0, 0, 0, 0, 0, 0, 0], [0, 0, 0, 0, 0, 0, 0, 0, 0, 0, 0, 0, 0, 0, 0, 0, 0, 0, 0, 0, 0, 0, 0, 0, 0, 0, 0, 0, 0, 0, 0, 0], [0, 0, 0, 0, 0, 0, 0, 0, 0, 0, 0, 0, 0, 0, 0, 0, 0, 0, 0, 0, 0, 0, 0, 0, 0, 0, 0, 0, 0, 0, 0, 0], [0, 0, 0, 0, 0, 0, 0, 0, 0, 0, 0, 0, 0, 0, 0, 0, 0, 0, 0, 0, 0, 0, 0, 0, 0, 0, 0, 0, 0, 0, 0, 0], [0, 0, 0, 0, 0, 0, 0, 0, 0, 0, 0, 0, 0, 0, 0, 0, 0, 0, 0, 0, 0, 0, 0, 0, 0, 0, 0, 0, 0, 0, 0, 0], [0, 0, 0, 0, 0, 0, 0, 0, 0, 0, 0, 0, 0, 0, 0, 0, 0, 0, 0, 0, 0, 0, 0, 0, 0, 0, 0, 0, 0, 0, 0, 0], [0, 0, 0, 0, 0, 0, 0, 0, 0, 0, 0, 0, 0, 0, 0, 0, 0, 0, 0, 0, 0, 0, 0, 0, 0, 0, 0, 0, 0, 0, 0, 0], [0, 0, 0, 0, 0, 0, 0, 0, 0, 0, 0, 0, 0, 0, 0, 0, 0, 0, 0, 0, 0, 0, 0, 0, 0, 0, 0, 0, 0, 0, 0, 0], [0, 0, 0, 0, 0, 0, 0, 0, 0, 0, 0, 0, 0, 0, 0, 0, 0, 0, 0, 0, 0, 0, 0, 0, 0, 0, 0, 0, 0, 0, 0, 0], [0, 0, 0, 0, 0, 0, 0, 0, 0, 0, 0, 0, 0, 0, 0, 0, 0, 0, 0, 0, 0, 0, 0, 0, 0, 0, 0, 0, 0, 0, 0, 0], [0, 0, 0, 0, 0, 0, 0, 0, 0, 0, 0, 0, 0, 0, 0, 0, 0, 0, 0, 0, 0, 0, 0, 0, 0, 0, 0, 0, 0, 0, 0, 0], [0, 0, 0, 0, 0, 0, 0, 0, 0, 0, 0, 0, 0, 0, 0, 0, 0, 0, 0, 0, 0, 0, 0, 0, 0, 0, 0, 0, 0, 0, 0, 0], [0, 0, 0, 0, 0, 0, 0, 0, 0, 0, 0, 0, 0, 0, 0, 0, 0, 0, 0, 0, 0, 0, 0, 0, 0, 0, 0, 0, 0, 0, 0, 0], [0, 0, 0, 0, 0, 0, 0, 0, 0, 0, 0, 0, 0, 0, 0, 0, 0, 0, 0, 0, 0, 0, 0, 0, 0, 0, 0, 0, 0, 0, 0, 0], [0, 0, 0, 0, 0, 0, 0, 0, 0, 0, 0, 0, 0, 0, 0, 0, 0, 0, 0, 0, 0, 0, 0, 0, 0, 0, 0, 0, 0, 0, 0, 0], [0, 0, 0, 0, 0, 0, 0, 0, 0, 0, 0, 0, 0, 0, 0, 0, 0, 0, 0, 0, 0, 0, 0, 0, 0, 0, 0, 0, 0, 0, 0, 0], [0, 0, 0, 0, 0, 0, 0, 0, 0, 0, 0, 0, 0, 0, 0, 0, 0, 0, 0, 0, 0, 0, 0, 0, 0, 0, 0, 0, 0, 0, 0, 0], [0, 0, 0, 0, 0, 0, 0, 0, 0, 0, 0, 0, 0, 0, 0, 0, 0, 0, 0, 0, 0, 0, 0, 0, 0, 0, 0, 0, 0, 0, 0, 0], [0, 0, 0, 0, 0, 0, 0, 0, 0, 0, 0, 0, 0, 0, 0, 0, 0, 0, 0, 0, 0, 0, 0, 0, 0, 0, 0, 0, 0, 0, 0, 0], [0, 0, 0, 0, 0, 0, 0, 0, 0, 0, 0, 0, 0, 0, 0, 0, 0, 0, 0, 0, 0, 0, 0, 0, 0, 0, 0, 0, 0, 0, 0, 0], [0, 0, 0, 0, 0, 0, 0, 0, 0, 0, 0, 0, 0, 0, 0, 0, 0, 0, 0, 0, 0, 0, 0, 0, 0, 0, 0, 0, 0, 0, 0, 0], [0, 0, 0, 0, 0, 0, 0, 0, 0, 0, 0, 0, 0, 0, 0, 0, 0, 0, 0, 0, 0, 0, 0, 0, 0, 0, 0, 0, 0, 0, 0, 0], [0, 0, 0, 0, 0, 0, 0, 0, 0, 0, 0, 0, 0, 0, 0, 0, 0, 0, 0, 0, 0, 0, 0, 0, 0, 0, 0, 0, 0, 0, 0, 0], [0, 0, 0, 0, 0, 0, 0, 0, 0, 0, 0, 0, 0, 0, 0, 0, 0, 0, 0, 0, 0, 0, 0, 0, 0, 0, 0, 0, 0, 0, 0, 0], [0, 0, 0, 0, 0, 0, 0, 0, 0, 0, 0, 0, 0, 0, 0, 0, 0, 0, 0, 0, 0, 0, 0, 0, 0, 0, 0, 0, 0, 0, 0, 0], [0, 0, 0, 0, 0, 0, 0, 0, 0, 0, 0, 0, 0, 0, 0, 0, 0, 0, 0, 0, 0, 0, 0, 0, 0, 0, 0, 0, 0, 0, 0, 0], [0, 0, 0, 0, 0, 0, 0, 0, 0, 0, 0, 0, 0, 0, 0, 0, 0, 0, 0, 0, 0, 0, 0, 0, 0, 0, 0, 0, 0, 0, 0, 0], [0, 0, 0, 0, 0, 0, 0, 0, 0, 0, 0, 0, 0, 0, 0, 0, 0, 0, 0, 0, 0, 0, 0, 0, 0, 0, 0, 0, 0, 0, 0, 0], [0, 0, 0, 0, 0, 0, 0, 0, 0, 0, 0, 0, 0, 0, 0, 0, 0, 0, 0, 0, 0, 0, 0, 0, 0, 0, 0, 0, 0, 0, 0, 0], [0, 0, 0, 0, 0, 0, 0, 0, 0, 0, 0, 0, 0, 0, 0, 0, 0, 0, 0, 0, 0, 0, 0, 0, 0, 0, 0, 0, 0, 0, 0, 0], [0, 0, 0, 0, 0, 0, 0, 0, 0, 0, 0, 0, 0, 0, 0, 0, 0, 0, 0, 0, 0, 0, 0, 0, 0, 0, 0, 0, 0, 0, 0, 0], [0, 0, 0, 0, 0, 0, 0, 0, 0, 0, 0, 0, 0, 0, 0, 0, 0, 0, 0, 0, 0, 0, 0, 0, 0, 0, 0, 0, 0, 0, 0, 0], [0, 0, 0, 0, 0, 0, 0, 0, 0, 0, 0, 0, 0, 0, 0, 0, 0, 0, 0, 0, 0, 0, 0, 0, 0, 0, 0, 0, 0, 0, 0, 0], [0, 0, 0, 0, 0, 0, 0, 0, 0, 0, 0, 0, 0, 0, 0, 0, 0, 0, 0, 0, 0, 0, 0, 0, 0, 0, 0, 0, 0, 0, 0, 0], [0, 0, 0, 0, 0, 0, 0, 0, 0, 0, 0, 0, 0, 0, 0, 0, 0, 0, 0, 0, 0, 0, 0, 0, 0, 0, 0, 0, 0, 0, 0, 0], [0, 0, 0, 0, 0, 0, 0, 0, 0, 0, 0, 0, 0, 0, 0, 0, 0, 0, 0, 0, 0, 0, 0, 0, 0, 0, 0, 0, 0, 0, 0, 0], [0, 0, 0, 0, 0, 0, 0, 0, 0, 0, 0, 0, 0, 0, 0, 0, 0, 0, 0, 0, 0, 0, 0, 0, 0, 0, 0, 0, 0, 0, 0, 0], [0, 0, 0, 0, 0, 0, 0, 0, 0, 0, 0, 0, 0, 0, 0, 0, 0, 0, 0, 0, 0, 0, 0, 0, 0, 0, 0, 0, 0, 0, 0, 0], [0, 0, 0, 0, 0, 0, 0, 0, 0, 0, 0, 0, 0, 0, 0, 0, 0, 0, 0, 0, 0, 0, 0, 0, 0, 0, 0, 0, 0, 0, 0, 0], [0, 0, 0, 0, 0, 0, 0, 0, 0, 0, 0, 0, 0, 0, 0, 0, 0, 0, 0, 0, 0, 0, 0, 0, 0, 0, 0, 0, 0, 0, 0, 0], [0, 0, 0, 0, 0, 0, 0, 0, 0, 0, 0, 0, 0, 0, 0, 0, 0, 0, 0, 0, 0, 0, 0, 0, 0, 0, 0, 0, 0, 0, 0, 0], [0, 0, 0, 0, 0, 0, 0, 0, 0, 0, 0, 0, 0, 0, 0, 0, 0, 0, 0, 0, 0, 0, 0, 0, 0, 0, 0, 0, 0, 0, 0, 0], [0, 0, 0, 0, 0, 0, 0, 0, 0, 0, 0, 0, 0, 0, 0, 0, 0, 0, 0, 0, 0, 0, 0, 0, 0, 0, 0, 0, 0, 0, 0, 0], [0, 0, 0, 0, 0, 0, 0, 0, 0, 0, 0, 0, 0, 0, 0, 0, 0, 0, 0, 0, 0, 0, 0, 0, 0, 0, 0, 0, 0, 0, 0, 0], [0, 0, 0, 0, 0, 0, 0, 0, 0, 0, 0, 0, 0, 0, 0, 0, 0, 0, 0, 0, 0, 0, 0, 0, 0, 0, 0, 0, 0, 0, 0, 0], [0, 0, 0, 0, 0, 0, 0, 0, 0, 0, 0, 0, 0, 0, 0, 0, 0, 0, 0, 0, 0, 0, 0, 0, 0, 0, 0, 0, 0, 0, 0, 0], [0, 0, 0, 0, 0, 0, 0, 0, 0, 0, 0, 0, 0, 0, 0, 0, 0, 0, 0, 0, 0, 0, 0, 0, 0, 0, 0, 0, 0, 0, 0, 0], [0, 0, 0, 0, 0, 0, 0, 0, 0, 0, 0, 0, 0, 0, 0, 0, 0, 0, 0, 0, 0, 0, 0, 0, 0, 0, 0, 0, 0, 0, 0, 0], [0, 0, 0, 0, 0, 0, 0, 0, 0, 0, 0, 0, 0, 0, 0, 0, 0, 0, 0, 0, 0, 0, 0, 0, 0, 0, 0, 0, 0, 0, 0, 0], [0, 0, 0, 0, 0, 0, 0, 0, 0, 0, 0, 0, 0, 0, 0, 0, 0, 0, 0, 0, 0, 0, 0, 0, 0, 0, 0, 0, 0, 0, 0, 0], [0, 0, 0, 0, 0, 0, 0, 0, 0, 0, 0, 0, 0, 0, 0, 0, 0, 0, 0, 0, 0, 0, 0, 0, 0, 0, 0, 0, 0, 0, 0, 0], [0, 0, 0, 0, 0, 0, 0, 0, 0, 0, 0, 0, 0, 0, 0, 0, 0, 0, 0, 0, 0, 0, 0, 0, 0, 0, 0, 0, 0, 0, 0, 0], [0, 0, 0, 0, 0, 0, 0, 0, 0, 0, 0, 0, 0, 0, 0, 0, 0, 0, 0, 0, 0, 0, 0, 0, 0, 0, 0, 0, 0, 0, 0, 0], [0, 0, 0, 0, 0, 0, 0, 0, 0, 0, 0, 0, 0, 0, 0, 0, 0, 0, 0, 0, 0, 0, 0, 0, 0, 0, 0, 0, 0, 0, 0, 0], [0, 0, 0, 0, 0, 0, 0, 0, 0, 0, 0, 0, 0, 0, 0, 0, 0, 0, 0, 0, 0, 0, 0, 0, 0, 0, 0, 0, 0, 0, 0, 0], [0, 0, 0, 0, 0, 0, 0, 0, 0, 0, 0, 0, 0, 0, 0, 0, 0, 0, 0, 0, 0, 0, 0, 0, 0, 0, 0, 0, 0, 0, 0, 0], [0, 0, 0, 0, 0, 0, 0, 0, 0, 0, 0, 0, 0, 0, 0, 0, 0, 0, 0, 0, 0, 0, 0, 0, 0, 0, 0, 0, 0, 0, 0, 0], [0, 0, 0, 0, 0, 0, 0, 0, 0, 0, 0, 0, 0, 0, 0, 0, 0, 0, 0, 0, 0, 0, 0, 0, 0, 0, 0, 0, 0, 0, 0, 0], [0, 0, 0, 0, 0, 0, 0, 0, 0, 0, 0, 0, 0, 0, 0, 0, 0, 0, 0, 0, 0, 0, 0, 0, 0, 0, 0, 0, 0, 0, 0, 0], [0, 0, 0, 0, 0, 0, 0, 0, 0, 0, 0, 0, 0, 0, 0, 0, 0, 0, 0, 0, 0, 0, 0, 0, 0, 0, 0, 0, 0, 0, 0, 0], [0, 0, 0, 0, 0, 0, 0, 0, 0, 0, 0, 0, 0, 0, 0, 0, 0, 0, 0, 0, 0, 0, 0, 0, 0, 0, 0, 0, 0, 0, 0, 0], [0, 0, 0, 0, 0, 0, 0, 0, 0, 0, 0, 0, 0, 0, 0, 0, 0, 0, 0, 0, 0, 0, 0, 0, 0, 0, 0, 0, 0, 0, 0, 0], [0, 0, 0, 0, 0, 0, 0, 0, 0, 0, 0, 0, 0, 0, 0, 0, 0, 0, 0, 0, 0, 0, 0, 0, 0, 0, 0, 0, 0, 0, 0, 0], [0, 0, 0, 0, 0, 0, 0, 0, 0, 0, 0, 0, 0, 0, 0, 0, 0, 0, 0, 0, 0, 0, 0, 0, 0, 0, 0, 0, 0, 0, 0, 0], [0, 0, 0, 0, 0, 0, 0, 0, 0, 0, 0, 0, 0, 0, 0, 0, 0, 0, 0, 0, 0, 0, 0, 0, 0, 0, 0, 0, 0, 0, 0, 0], [0, 0, 0, 0, 0, 0, 0, 0, 0, 0, 0, 0, 0, 0, 0, 0, 0, 0, 0, 0, 0, 0, 0, 0, 0, 0, 0, 0, 0, 0, 0, 0], [0, 0, 0, 0, 0, 0, 0, 0, 0, 0, 0, 0, 0, 0, 0, 0, 0, 0, 0, 0, 0, 0, 0, 0, 0, 0, 0, 0, 0, 0, 0, 0], [0, 0, 0, 0, 0, 0, 0, 0, 0, 0, 0, 0, 0, 0, 0, 0, 0, 0, 0, 0, 0, 0, 0, 0, 0, 0, 0, 0, 0, 0, 0, 0], [0, 0, 0, 0, 0, 0, 0, 0, 0, 0, 0, 0, 0, 0, 0, 0, 0, 0, 0, 0, 0, 0, 0, 0, 0, 0, 0, 0, 0, 0, 0, 0], [0, 0, 0, 0, 0, 0, 0, 0, 0, 0, 0, 0, 0, 0, 0, 0, 0, 0, 0, 0, 0, 0, 0, 0, 0, 0, 0, 0, 0, 0, 0, 0], [0, 0, 0, 0, 0, 0, 0, 0, 0, 0, 0, 0, 0, 0, 0, 0, 0, 0, 0, 0, 0, 0, 0, 0, 0, 0, 0, 0, 0, 0, 0, 0], [0, 0, 0, 0, 0, 0, 0, 0, 0, 0, 0, 0, 0, 0, 0, 0, 0, 0, 0, 0, 0, 0, 0, 0, 0, 0, 0, 0, 0, 0, 0, 0], [0, 0, 0, 0, 0, 0, 0, 0, 0, 0, 0, 0, 0, 0, 0, 0, 0, 0, 0, 0, 0, 0, 0, 0, 0, 0, 0, 0, 0, 0, 0, 0], [0, 0, 0, 0, 0, 0, 0, 0, 0, 0, 0, 0, 0, 0, 0, 0, 0, 0, 0, 0, 0, 0, 0, 0, 0, 0, 0, 0, 0, 0, 0, 0], [0, 0, 0, 0, 0, 0, 0, 0, 0, 0, 0, 0, 0, 0, 0, 0, 0, 0, 0, 0, 0, 0, 0, 0, 0, 0, 0, 0, 0, 0, 0, 0], [0, 0, 0, 0, 0, 0, 0, 0, 0, 0, 0, 0, 0, 0, 0, 0, 0, 0, 0, 0, 0, 0, 0, 0, 0, 0, 0, 0, 0, 0, 0, 0], [0, 0, 0, 0, 0, 0, 0, 0, 0, 0, 0, 0, 0, 0, 0, 0, 0, 0, 0, 0, 0, 0, 0, 0, 0, 0, 0, 0, 0, 0, 0, 0], [0, 0, 0, 0, 0, 0, 0, 0, 0, 0, 0, 0, 0, 0, 0, 0, 0, 0, 0, 0, 0, 0, 0, 0, 0, 0, 0, 0, 0, 0, 0, 0], [0, 0, 0, 0, 0, 0, 0, 0, 0, 0, 0, 0, 0, 0, 0, 0, 0, 0, 0, 0, 0, 0, 0, 0, 0, 0, 0, 0, 0, 0, 0, 0], [0, 0, 0, 0, 0, 0, 0, 0, 0, 0, 0, 0, 0, 0, 0, 0, 0, 0, 0, 0, 0, 0, 0, 0, 0, 0, 0, 0, 0, 0, 0, 0], [0, 0, 0, 0, 0, 0, 0, 0, 0, 0, 0, 0, 0, 0, 0, 0, 0, 0, 0, 0, 0, 0, 0, 0, 0, 0, 0, 0, 0, 0, 0, 0], [0, 0, 0, 0, 0, 0, 0, 0, 0, 0, 0, 0, 0, 0, 0, 0, 0, 0, 0, 0, 0, 0, 0, 0, 0, 0, 0, 0, 0, 0, 0, 0], [0, 0, 0, 0, 0, 0, 0, 0, 0, 0, 0, 0, 0, 0, 0, 0, 0, 0, 0, 0, 0, 0, 0, 0, 0, 0, 0, 0, 0, 0, 0, 0], [0, 0, 0, 0, 0, 0, 0, 0, 0, 0, 0, 0, 0, 0, 0, 0, 0, 0, 0, 0, 0, 0, 0, 0, 0, 0, 0, 0, 0, 0, 0, 0], [0, 0, 0, 0, 0, 0, 0, 0, 0, 0, 0, 0, 0, 0, 0, 0, 0, 0, 0, 0, 0, 0, 0, 0, 0, 0, 0, 0, 0, 0, 0, 0], [0, 0, 0, 0, 0, 0, 0, 0, 0, 0, 0, 0, 0, 0, 0, 0, 0, 0, 0, 0, 0, 0, 0, 0, 0, 0, 0, 0, 0, 0, 0, 0], [0, 0, 0, 0, 0, 0, 0, 0, 0, 0, 0, 0, 0, 0, 0, 0, 0, 0, 0, 0, 0, 0, 0, 0, 0, 0, 0, 0, 0, 0, 0, 0], [0, 0, 0, 0, 0, 0, 0, 0, 0, 0, 0, 0, 0, 0, 0, 0, 0, 0, 0, 0, 0, 0, 0, 0, 0, 0, 0, 0, 0, 0, 0, 0], [0, 0, 0, 0, 0, 0, 0, 0, 0, 0, 0, 0, 0, 0, 0, 0, 0, 0, 0, 0, 0, 0, 0, 0, 0, 0, 0, 0, 0, 0, 0, 0], [0, 0, 0, 0, 0, 0, 0, 0, 0, 0, 0, 0, 0, 0, 0, 0, 0, 0, 0, 0, 0, 0, 0, 0, 0, 0, 0, 0, 0, 0, 0, 0], [0, 0, 0, 0, 0, 0, 0, 0, 0, 0, 0, 0, 0, 0, 0, 0, 0, 0, 0, 0, 0, 0, 0, 0, 0, 0, 0, 0, 0, 0, 0, 0], [0, 0, 0, 0, 0, 0, 0, 0, 0, 0, 0, 0, 0, 0, 0, 0, 0, 0, 0, 0, 0, 0, 0, 0, 0, 0, 0, 0, 0, 0, 0, 0], [0, 0, 0, 0, 0, 0, 0, 0, 0, 0, 0, 0, 0, 0, 0, 0, 0, 0, 0, 0, 0, 0, 0, 0, 0, 0, 0, 0, 0, 0, 0, 0], [0, 0, 0, 0, 0, 0, 0, 0, 0, 0, 0, 0, 0, 0, 0, 0, 0, 0, 0, 0, 0, 0, 0, 0, 0, 0, 0, 0, 0, 0, 0, 0], [0, 0, 0, 0, 0, 0, 0, 0, 0, 0, 0, 0, 0, 0, 0, 0, 0, 0, 0, 0, 0, 0, 0, 0, 0, 0, 0, 0, 0, 0, 0, 0], [0, 0, 0, 0, 0, 0, 0, 0, 0, 0, 0, 0, 0, 0, 0, 0, 0, 0, 0, 0, 0, 0, 0, 0, 0, 0, 0, 0, 0, 0, 0, 0], [0, 0, 0, 0, 0, 0, 0, 0, 0, 0, 0, 0, 0, 0, 0, 0, 0, 0, 0, 0, 0, 0, 0, 0, 0, 0, 0, 0, 0, 0, 0, 0], [0, 0, 0, 0, 0, 0, 0, 0, 0, 0, 0, 0, 0, 0, 0, 0, 0, 0, 0, 0, 0, 0, 0, 0, 0, 0, 0, 0, 0, 0, 0, 0], [0, 0, 0, 0, 0, 0, 0, 0, 0, 0, 0, 0, 0, 0, 0, 0, 0, 0, 0, 0, 0, 0, 0, 0, 0, 0, 0, 0, 0, 0, 0, 0], [0, 0, 0, 0, 0, 0, 0, 0, 0, 0, 0, 0, 0, 0, 0, 0, 0, 0, 0, 0, 0, 0, 0, 0, 0, 0, 0, 0, 0, 0, 0, 0], [0, 0, 0, 0, 0, 0, 0, 0, 0, 0, 0, 0, 0, 0, 0, 0, 0, 0, 0, 0, 0, 0, 0, 0, 0, 0, 0, 0, 0, 0, 0, 0], [0, 0, 0, 0, 0, 0, 0, 0, 0, 0, 0, 0, 0, 0, 0, 0, 0, 0, 0, 0, 0, 0, 0, 0, 0, 0, 0, 0, 0, 0, 0, 0], [0, 0, 0, 0, 0, 0, 0, 0, 0, 0, 0, 0, 0, 0, 0, 0, 0, 0, 0, 0, 0, 0, 0, 0, 0, 0, 0, 0, 0, 0, 0, 0], [0, 0, 0, 0, 0, 0, 0, 0, 0, 0, 0, 0, 0, 0, 0, 0, 0, 0, 0, 0, 0, 0, 0, 0, 0, 0, 0, 0, 0, 0, 0, 0], [0, 0, 0, 0, 0, 0, 0, 0, 0, 0, 0, 0, 0, 0, 0, 0, 0, 0, 0, 0, 0, 0, 0, 0, 0, 0, 0, 0, 0, 0, 0, 0], [0, 0, 0, 0, 0, 0, 0, 0, 0, 0, 0, 0, 0, 0, 0, 0, 0, 0, 0, 0, 0, 0, 0, 0, 0, 0, 0, 0, 0, 0, 0, 0], [0, 0, 0, 0, 0, 0, 0, 0, 0, 0, 0, 0, 0, 0, 0, 0, 0, 0, 0, 0, 0, 0, 0, 0, 0, 0, 0, 0, 0, 0, 0, 0], [0, 0, 0, 0, 0, 0, 0, 0, 0, 0, 0, 0, 0, 0, 0, 0, 0, 0, 0, 0, 0, 0, 0, 0, 0, 0, 0, 0, 0, 0, 0, 0], [0, 0, 0, 0, 0, 0, 0, 0, 0, 0, 0, 0, 0, 0, 0, 0, 0, 0, 0, 0, 0, 0, 0, 0, 0, 0, 0, 0, 0, 0, 0, 0], [0, 0, 0, 0, 0, 0, 0, 0, 0, 0, 0, 0, 0, 0, 0, 0, 0, 0, 0, 0, 0, 0, 0, 0, 0, 0, 0, 0, 0, 0, 0, 0], [0, 0, 0, 0, 0, 0, 0, 0, 0, 0, 0, 0, 0, 0, 0, 0, 0, 0, 0, 0, 0, 0, 0, 0, 0, 0, 0, 0, 0, 0, 0, 0], [0, 0, 0, 0, 0, 0, 0, 0, 0, 0, 0, 0, 0, 0, 0, 0, 0, 0, 0, 0, 0, 0, 0, 0, 0, 0, 0, 0, 0, 0, 0, 0], [0, 0, 0, 0, 0, 0, 0, 0, 0, 0, 0, 0, 0, 0, 0, 0, 0, 0, 0, 0, 0, 0, 0, 0, 0, 0, 0, 0, 0, 0, 0, 0], [0, 0, 0, 0, 0, 0, 0, 0, 0, 0, 0, 0, 0, 0, 0, 0, 0, 0, 0, 0, 0, 0, 0, 0, 0, 0, 0, 0, 0, 0, 0, 0], [0, 0, 0, 0, 0, 0, 0, 0, 0, 0, 0, 0, 0, 0, 0, 0, 0, 0, 0, 0, 0, 0, 0, 0, 0, 0, 0, 0, 0, 0, 0, 0], [0, 0, 0, 0, 0, 0, 0, 0, 0, 0, 0, 0, 0, 0, 0, 0, 0, 0, 0, 0, 0, 0, 0, 0, 0, 0, 0, 0, 0, 0, 0, 0], [0, 0, 0, 0, 0, 0, 0, 0, 0, 0, 0, 0, 0, 0, 0, 0, 0, 0, 0, 0, 0, 0, 0, 0, 0, 0, 0, 0, 0, 0, 0, 0], [0, 0, 0, 0, 0, 0, 0, 0, 0, 0, 0, 0, 0, 0, 0, 0, 0, 0, 0, 0, 0, 0, 0, 0, 0, 0, 0, 0, 0, 0, 0, 0], [0, 0, 0, 0, 0, 0, 0, 0, 0, 0, 0, 0, 0, 0, 0, 0, 0, 0, 0, 0, 0, 0, 0, 0, 0, 0, 0, 0, 0, 0, 0, 0], [0, 0, 0, 0, 0, 0, 0, 0, 0, 0, 0, 0, 0, 0, 0, 0, 0, 0, 0, 0, 0, 0, 0, 0, 0, 0, 0, 0, 0, 0, 0, 0], [0, 0, 0, 0, 0, 0, 0, 0, 0, 0, 0, 0, 0, 0, 0, 0, 0, 0, 0, 0, 0, 0, 0, 0, 0, 0, 0, 0, 0, 0, 0, 0], [0, 0, 0, 0, 0, 0, 0, 0, 0, 0, 0, 0, 0, 0, 0, 0, 0, 0, 0, 0, 0, 0, 0, 0, 0, 0, 0, 0, 0, 0, 0, 0], [0, 0, 0, 0, 0, 0, 0, 0, 0, 0, 0, 0, 0, 0, 0, 0, 0, 0, 0, 0, 0, 0, 0, 0, 0, 0, 0, 0, 0, 0, 0, 0], [0, 0, 0, 0, 0, 0, 0, 0, 0, 0, 0, 0, 0, 0, 0, 0, 0, 0, 0, 0, 0, 0, 0, 0, 0, 0, 0, 0, 0, 0, 0, 0], [0, 0, 0, 0, 0, 0, 0, 0, 0, 0, 0, 0, 0, 0, 0, 0, 0, 0, 0, 0, 0, 0, 0, 0, 0, 0, 0, 0, 0, 0, 0, 0], [0, 0, 0, 0, 0, 0, 0, 0, 0, 0, 0, 0, 0, 0, 0, 0, 0, 0, 0, 0, 0, 0, 0, 0, 0, 0, 0, 0, 0, 0, 0, 0], [0, 0, 0, 0, 0, 0, 0, 0, 0, 0, 0, 0, 0, 0, 0, 0, 0, 0, 0, 0, 0, 0, 0, 0, 0, 0, 0, 0, 0, 0, 0, 0], [0, 0, 0, 0, 0, 0, 0, 0, 0, 0, 0, 0, 0, 0, 0, 0, 0, 0, 0, 0, 0, 0, 0, 0, 0, 0, 0, 0, 0, 0, 0, 0], [0, 0, 0, 0, 0, 0, 0, 0, 0, 0, 0, 0, 0, 0, 0, 0, 0, 0, 0, 0, 0, 0, 0, 0, 0, 0, 0, 0, 0, 0, 0, 0], [0, 0, 0, 0, 0, 0, 0, 0, 0, 0, 0, 0, 0, 0, 0, 0, 0, 0, 0, 0, 0, 0, 0, 0, 0, 0, 0, 0, 0, 0, 0, 0], [0, 0, 0, 0, 0, 0, 0, 0, 0, 0, 0, 0, 0, 0, 0, 0, 0, 0, 0, 0, 0, 0, 0, 0, 0, 0, 0, 0, 0, 0, 0, 0], [0, 0, 0, 0, 0, 0, 0, 0, 0, 0, 0, 0, 0, 0, 0, 0, 0, 0, 0, 0, 0, 0, 0, 0, 0, 0, 0, 0, 0, 0, 0, 0], [0, 0, 0, 0, 0, 0, 0, 0, 0, 0, 0, 0, 0, 0, 0, 0, 0, 0, 0, 0, 0, 0, 0, 0, 0, 0, 0, 0, 0, 0, 0, 0], [0, 0, 0, 0, 0, 0, 0, 0, 0, 0, 0, 0, 0, 0, 0, 0, 0, 0, 0, 0, 0, 0, 0, 0, 0, 0, 0, 0, 0, 0, 0, 0], [0, 0, 0, 0, 0, 0, 0, 0, 0, 0, 0, 0, 0, 0, 0, 0, 0, 0, 0, 0, 0, 0, 0, 0, 0, 0, 0, 0, 0, 0, 0, 0], [0, 0, 0, 0, 0, 0, 0, 0, 0, 0, 0, 0, 0, 0, 0, 0, 0, 0, 0, 0, 0, 0, 0, 0, 0, 0, 0, 0, 0, 0, 0, 0], [0, 0, 0, 0, 0, 0, 0, 0, 0, 0, 0, 0, 0, 0, 0, 0, 0, 0, 0, 0, 0, 0, 0, 0, 0, 0, 0, 0, 0, 0, 0, 0], [0, 0, 0, 0, 0, 0, 0, 0, 0, 0, 0, 0, 0, 0, 0, 0, 0, 0, 0, 0, 0, 0, 0, 0, 0, 0, 0, 0, 0, 0, 0, 0], [0, 0, 0, 0, 0, 0, 0, 0, 0, 0, 0, 0, 0, 0, 0, 0, 0, 0, 0, 0, 0, 0, 0, 0, 0, 0, 0, 0, 0, 0, 0, 0], [0, 0, 0, 0, 0, 0, 0, 0, 0, 0, 0, 0, 0, 0, 0, 0, 0, 0, 0, 0, 0, 0, 0, 0, 0, 0, 0, 0, 0, 0, 0, 0], [0, 0, 0, 0, 0, 0, 0, 0, 0, 0, 0, 0, 0, 0, 0, 0, 0, 0, 0, 0, 0, 0, 0, 0, 0, 0, 0, 0, 0, 0, 0, 0], [0, 0, 0, 0, 0, 0, 0, 0, 0, 0, 0, 0, 0, 0, 0, 0, 0, 0, 0, 0, 0, 0, 0, 0, 0, 0, 0, 0, 0, 0, 0, 0], [0, 0, 0, 0, 0, 0, 0, 0, 0, 0, 0, 0, 0, 0, 0, 0, 0, 0, 0, 0, 0, 0, 0, 0, 0, 0, 0, 0, 0, 0, 0, 0], [0, 0, 0, 0, 0, 0, 0, 0, 0, 0, 0, 0, 0, 0, 0, 0, 0, 0, 0, 0, 0, 0, 0, 0, 0, 0, 0, 0, 0, 0, 0, 0], [0, 0, 0, 0, 0, 0, 0, 0, 0, 0, 0, 0, 0, 0, 0, 0, 0, 0, 0, 0, 0, 0, 0, 0, 0, 0, 0, 0, 0, 0, 0, 0], [0, 0, 0, 0, 0, 0, 0, 0, 0, 0, 0, 0, 0, 0, 0, 0, 0, 0, 0, 0, 0, 0, 0, 0, 0, 0, 0, 0, 0, 0, 0, 0], [0, 0, 0, 0, 0, 0, 0, 0, 0, 0, 0, 0, 0, 0, 0, 0, 0, 0, 0, 0, 0, 0, 0, 0, 0, 0, 0, 0, 0, 0, 0, 0], [0, 0, 0, 0, 0, 0, 0, 0, 0, 0, 0, 0, 0, 0, 0, 0, 0, 0, 0, 0, 0, 0, 0, 0, 0, 0, 0, 0, 0, 0, 0, 0], [0, 0, 0, 0, 0, 0, 0, 0, 0, 0, 0, 0, 0, 0, 0, 0, 0, 0, 0, 0, 0, 0, 0, 0, 0, 0, 0, 0, 0, 0, 0, 0], [0, 0, 0, 0, 0, 0, 0, 0, 0, 0, 0, 0, 0, 0, 0, 0, 0, 0, 0, 0, 0, 0, 0, 0, 0, 0, 0, 0, 0, 0, 0, 0], [0, 0, 0, 0, 0, 0, 0, 0, 0, 0, 0, 0, 0, 0, 0, 0, 0, 0, 0, 0, 0, 0, 0, 0, 0, 0, 0, 0, 0, 0, 0, 0], [0, 0, 0, 0, 0, 0, 0, 0, 0, 0, 0, 0, 0, 0, 0, 0, 0, 0, 0, 0, 0, 0, 0, 0, 0, 0, 0, 0, 0, 0, 0, 0], [0, 0, 0, 0, 0, 0, 0, 0, 0, 0, 0, 0, 0, 0, 0, 0, 0, 0, 0, 0, 0, 0, 0, 0, 0, 0, 0, 0, 0, 0, 0, 0], [0, 0, 0, 0, 0, 0, 0, 0, 0, 0, 0, 0, 0, 0, 0, 0, 0, 0, 0, 0, 0, 0, 0, 0, 0, 0, 0, 0, 0, 0, 0, 0], [0, 0, 0, 0, 0, 0, 0, 0, 0, 0, 0, 0, 0, 0, 0, 0, 0, 0, 0, 0, 0, 0, 0, 0, 0, 0, 0, 0, 0, 0, 0, 0], [0, 0, 0, 0, 0, 0, 0, 0, 0, 0, 0, 0, 0, 0, 0, 0, 0, 0, 0, 0, 0, 0, 0, 0, 0, 0, 0, 0, 0, 0, 0, 0], [0, 0, 0, 0, 0, 0, 0, 0, 0, 0, 0, 0, 0, 0, 0, 0, 0, 0, 0, 0, 0, 0, 0, 0, 0, 0, 0, 0, 0, 0, 0, 0], [0, 0, 0, 0, 0, 0, 0, 0, 0, 0, 0, 0, 0, 0, 0, 0, 0, 0, 0, 0, 0, 0, 0, 0, 0, 0, 0, 0, 0, 0, 0, 0], [0, 0, 0, 0, 0, 0, 0, 0, 0, 0, 0, 0, 0, 0, 0, 0, 0, 0, 0, 0, 0, 0, 0, 0, 0, 0, 0, 0, 0, 0, 0, 0], [0, 0, 0, 0, 0, 0, 0, 0, 0, 0, 0, 0, 0, 0, 0, 0, 0, 0, 0, 0, 0, 0, 0, 0, 0, 0, 0, 0, 0, 0, 0, 0], [0, 0, 0, 0, 0, 0, 0, 0, 0, 0, 0, 0, 0, 0, 0, 0, 0, 0, 0, 0, 0, 0, 0, 0, 0, 0, 0, 0, 0, 0, 0, 0], [0, 0, 0, 0, 0, 0, 0, 0, 0, 0, 0, 0, 0, 0, 0, 0, 0, 0, 0, 0, 0, 0, 0, 0, 0, 0, 0, 0, 0, 0, 0, 0], [0, 0, 0, 0, 0, 0, 0, 0, 0, 0, 0, 0, 0, 0, 0, 0, 0, 0, 0, 0, 0, 0, 0, 0, 0, 0, 0, 0, 0, 0, 0, 0], [0, 0, 0, 0, 0, 0, 0, 0, 0, 0, 0, 0, 0, 0, 0, 0, 0, 0, 0, 0, 0, 0, 0, 0, 0, 0, 0, 0, 0, 0, 0, 0], [0, 0, 0, 0, 0, 0, 0, 0, 0, 0, 0, 0, 0, 0, 0, 0, 0, 0, 0, 0, 0, 0, 0, 0, 0, 0, 0, 0, 0, 0, 0, 0], [0, 0, 0, 0, 0, 0, 0, 0, 0, 0, 0, 0, 0, 0, 0, 0, 0, 0, 0, 0, 0, 0, 0, 0, 0, 0, 0, 0, 0, 0, 0, 0], [0, 0, 0, 0, 0, 0, 0, 0, 0, 0, 0, 0, 0, 0, 0, 0, 0, 0, 0, 0, 0, 0, 0, 0, 0, 0, 0, 0, 0, 0, 0, 0], [0, 0, 0, 0, 0, 0, 0, 0, 0, 0, 0, 0, 0, 0, 0, 0, 0, 0, 0, 0, 0, 0, 0, 0, 0, 0, 0, 0, 0, 0, 0, 0], [0, 0, 0, 0, 0, 0, 0, 0, 0, 0, 0, 0, 0, 0, 0, 0, 0, 0, 0, 0, 0, 0, 0, 0, 0, 0, 0, 0, 0, 0, 0, 0], [0, 0, 0, 0, 0, 0, 0, 0, 0, 0, 0, 0, 0, 0, 0, 0, 0, 0, 0, 0, 0, 0, 0, 0, 0, 0, 0, 0, 0, 0, 0, 0], [0, 0, 0, 0, 0, 0, 0, 0, 0, 0, 0, 0, 0, 0, 0, 0, 0, 0, 0, 0, 0, 0, 0, 0, 0, 0, 0, 0, 0, 0, 0, 0], [0, 0, 0, 0, 0, 0, 0, 0, 0, 0, 0, 0, 0, 0, 0, 0, 0, 0, 0, 0, 0, 0, 0, 0, 0, 0, 0, 0, 0, 0, 0, 0], [0, 0, 0, 0, 0, 0, 0, 0, 0, 0, 0, 0, 0, 0, 0, 0, 0, 0, 0, 0, 0, 0, 0, 0, 0, 0, 0, 0, 0, 0, 0, 0], [0, 0, 0, 0, 0, 0, 0, 0, 0, 0, 0, 0, 0, 0, 0, 0, 0, 0, 0, 0, 0, 0, 0, 0, 0, 0, 0, 0, 0, 0, 0, 0], [0, 0, 0, 0, 0, 0, 0, 0, 0, 0, 0, 0, 0, 0, 0, 0, 0, 0, 0, 0, 0, 0, 0, 0, 0, 0, 0, 0, 0, 0, 0, 0], [0, 0, 0, 0, 0, 0, 0, 0, 0, 0, 0, 0, 0, 0, 0, 0, 0, 0, 0, 0, 0, 0, 0, 0, 0, 0, 0, 0, 0, 0, 0, 0], [0, 0, 0, 0, 0, 0, 0, 0, 0, 0, 0, 0, 0, 0, 0, 0, 0, 0, 0, 0, 0, 0, 0, 0, 0, 0, 0, 0, 0, 0, 0, 0], [0, 0, 0, 0, 0, 0, 0, 0, 0, 0, 0, 0, 0, 0, 0, 0, 0, 0, 0, 0, 0, 0, 0, 0, 0, 0, 0, 0, 0, 0, 0, 0], [0, 0, 0, 0, 0, 0, 0, 0, 0, 0, 0, 0, 0, 0, 0, 0, 0, 0, 0, 0, 0, 0, 0, 0, 0, 0, 0, 0, 0, 0, 0, 0], [0, 0, 0, 0, 0, 0, 0, 0, 0, 0, 0, 0, 0, 0, 0, 0, 0, 0, 0, 0, 0, 0, 0, 0, 0, 0, 0, 0, 0, 0, 0, 0], [0, 0, 0, 0, 0, 0, 0, 0, 0, 0, 0, 0, 0, 0, 0, 0, 0, 0, 0, 0, 0, 0, 0, 0, 0, 0, 0, 0, 0, 0, 0, 0], [0, 0, 0, 0, 0, 0, 0, 0, 0, 0, 0, 0, 0, 0, 0, 0, 0, 0, 0, 0, 0, 0, 0, 0, 0, 0, 0, 0, 0, 0, 0, 0], [0, 0, 0, 0, 0, 0, 0, 0, 0, 0, 0, 0, 0, 0, 0, 0, 0, 0, 0, 0, 0, 0, 0, 0, 0, 0, 0, 0, 0, 0, 0, 0], [0, 0, 0, 0, 0, 0, 0, 0, 0, 0, 0, 0, 0, 0, 0, 0, 0, 0, 0, 0, 0, 0, 0, 0, 0, 0, 0, 0, 0, 0, 0, 0], [0, 0, 0, 0, 0, 0, 0, 0, 0, 0, 0, 0, 0, 0, 0, 0, 0, 0, 0, 0, 0, 0, 0, 0, 0, 0, 0, 0, 0, 0, 0, 0], [0, 0, 0, 0, 0, 0, 0, 0, 0, 0, 0, 0, 0, 0, 0, 0, 0, 0, 0, 0, 0, 0, 0, 0, 0, 0, 0, 0, 0, 0, 0, 0], [0, 0, 0, 0, 0, 0, 0, 0, 0, 0, 0, 0, 0, 0, 0, 0, 0, 0, 0, 0, 0, 0, 0, 0, 0, 0, 0, 0, 0, 0, 0, 0], [0, 0, 0, 0, 0, 0, 0, 0, 0, 0, 0, 0, 0, 0, 0, 0, 0, 0, 0, 0, 0, 0, 0, 0, 0, 0, 0, 0, 0, 0, 0, 0], [0, 0, 0, 0, 193, 170, 0, 0, 0, 0, 0, 0, 0, 8, 0, 32, 247, 120, 0, 0, 0, 8, 0, 32, 247, 120, 0, 0, 192, 45, 44, 32], [247, 120, 0, 0, 192, 45, 44, 32, 247, 120, 0, 0, 48, 0, 0, 0, 0, 0, 0, 0, 20, 158, 0, 0, 0, 0, 0, 0, 0, 0, 0, 0], [0, 0, 0, 0, 0, 0, 0, 0, 0, 0, 0, 0, 0, 0, 0, 0, 0, 0, 0, 0, 0, 0, 0, 0, 0, 0, 0, 0, 0, 0, 0, 0], [0, 0, 0, 0, 0, 0, 0, 0, 0, 0, 0, 0, 0, 0, 0, 0, 0, 0, 0, 0, 0, 0, 0, 0, 0, 0, 0, 0, 0, 0, 0, 0], [0, 0, 0, 0, 0, 0, 0, 0, 0, 0, 0, 0, 0, 0, 0, 0, 0, 0, 0, 0, 0, 0, 0, 0, 0, 0, 0, 0, 0, 0, 0, 0], [0, 0, 0, 0, 0, 0, 0, 0, 0, 0, 0, 0, 0, 0, 0, 0, 0, 0, 0, 0, 0, 0, 0, 0, 0, 0, 0, 0, 0, 0, 0, 0], [0, 0, 0, 0, 0, 0, 0, 0, 0, 0, 0, 0, 0, 0, 0, 0, 0, 0, 0, 0, 0, 0, 0, 0, 0, 0, 0, 0, 0, 0, 0, 0], [0, 0, 0, 0, 0, 0, 0, 0, 0, 0, 0, 0, 0, 0, 0, 0, 0, 0, 0, 0, 0, 0, 0, 0, 0, 0, 0, 0, 0, 0, 0, 0], [0, 0, 0, 0, 0, 0, 0, 0, 0, 0, 0, 0, 0, 0, 0, 0, 0, 0, 0, 0, 0, 0, 0, 0, 0, 0, 0, 0, 0, 0, 0, 0], [0, 0, 0, 0, 0, 0, 0, 0, 0, 0, 0, 0, 0, 0, 0, 0, 0, 0, 0, 0, 0, 0, 0, 0, 0, 0, 0, 0, 0, 0, 0, 0], [0, 0, 0, 0, 0, 0, 0, 0, 0, 0, 0, 0, 0, 0, 0, 0, 0, 0, 0, 0, 0, 0, 0, 0, 0, 0, 0, 0, 0, 0, 0, 0], [0, 0, 0, 0, 0, 0, 0, 0, 0, 0, 0, 0, 0, 0, 0, 0, 0, 0, 0, 0, 0, 0, 0, 0, 0, 0, 0, 0, 0, 0, 0, 0], [0, 0, 0, 0, 0, 0, 0, 0, 0, 0, 0, 0, 0, 0, 0, 0, 0, 0, 0, 0, 0, 0, 0, 0, 0, 0, 0, 0, 0, 0, 0, 0], [0, 0, 0, 0, 0, 0, 0, 0, 0, 0, 0, 0, 0, 0, 0, 0, 0, 0, 0, 0, 0, 0, 0, 0, 0, 0, 0, 0, 0, 0, 0, 0], [0, 0, 0, 0, 0, 0, 0, 0, 0, 0, 0, 0, 0, 0, 0, 0, 0, 0, 0, 0, 0, 0, 0, 0, 0, 0, 0, 0, 0, 0, 0, 0], [0, 0, 0, 0, 0, 0, 0, 0, 0, 0, 0, 0, 0, 0, 0, 0, 0, 0, 0, 0, 0, 0, 0, 0, 0, 0, 0, 0, 0, 0, 0, 0], [0, 0, 0, 0, 0, 0, 0, 0, 0, 0, 0, 0, 0, 0, 0, 0, 0, 0, 0, 0, 0, 0, 0, 0, 0, 0, 0, 0, 0, 0, 0, 0], [0, 0, 0, 0, 0, 0, 0, 0, 0, 0, 0, 0, 0, 0, 0, 0, 0, 0, 0, 0, 0, 0, 0, 0, 0, 0, 0, 0, 0, 0, 0, 0], [0, 0, 0, 0, 0, 0, 0, 0, 0, 0, 0, 0, 0, 0, 0, 0, 0, 0, 0, 0, 0, 0, 0, 0, 0, 0, 0, 0, 0, 0, 0, 0], [0, 0, 0, 0, 0, 0, 0, 0, 0, 0, 0, 0, 0, 0, 0, 0, 0, 0, 0, 0, 0, 0, 0, 0, 0, 0, 0, 0, 0, 0, 0, 0], [0, 0, 0, 0, 0, 0, 0, 0, 0, 0, 0, 0, 0, 0, 0, 0, 0, 0, 0, 0, 0, 0, 0, 0, 0, 0, 0, 0, 0, 0, 0, 0], [0, 0, 0, 0, 0, 0, 0, 0, 0, 0, 0, 0, 0, 0, 0, 0, 0, 0, 0, 0, 0, 0, 0, 0, 0, 0, 0, 0, 0, 0, 0, 0], [0, 0, 0, 0, 0, 0, 0, 0, 0, 0, 0, 0, 0, 0, 0, 0, 0, 0, 0, 0, 0, 0, 0, 0, 0, 0, 0, 0, 0, 0, 0, 0], [0, 0, 0, 0, 0, 0, 0, 0, 0, 0, 0, 0, 0, 0, 0, 0, 0, 0, 0, 0, 0, 0, 0, 0, 0, 0, 0, 0, 0, 0, 0, 0], [0, 0, 0, 0, 0, 0, 0, 0, 0, 0, 0, 0, 0, 0, 0, 0, 0, 0, 0, 0, 0, 0, 0, 0, 0, 0, 0, 0, 0, 0, 0, 0], [0, 0, 0, 0, 0, 0, 0, 0, 0, 0, 0, 0, 0, 0, 0, 0, 0, 0, 0, 0, 0, 0, 0, 0, 0, 0, 0, 0, 0, 0, 0, 0], [0, 0, 0, 0, 0, 0, 0, 0, 0, 0, 0, 0, 0, 0, 0, 0, 0, 0, 0, 0, 0, 0, 0, 0, 0, 0, 0, 0, 0, 0, 0, 0], [0, 0, 0, 0, 0, 0, 0, 0, 0, 0, 0, 0, 0, 0, 0, 0, 0, 0, 0, 0, 0, 0, 0, 0, 0, 0, 0, 0, 0, 0, 0, 0], [0, 0, 0, 0, 0, 0, 0, 0, 0, 0, 0, 0, 0, 0, 0, 0, 0, 0, 0, 0, 0, 0, 0, 0, 0, 0, 0, 0, 0, 0, 0, 0], [0, 0, 0, 0, 0, 0, 0, 0, 0, 0, 0, 0, 0, 0, 0, 0, 0, 0, 0, 0, 0, 0, 0, 0, 0, 0, 0, 0, 0, 0, 0, 0], [0, 0, 0, 0, 0, 0, 0, 0, 0, 0, 0, 0, 0, 0, 0, 0, 0, 0, 0, 0, 0, 0, 0, 0, 0, 0, 0, 0, 0, 0, 0, 0], [0, 0, 0, 0, 0, 0, 0, 0, 0, 0, 0, 0, 0, 0, 0, 0, 0, 0, 0, 0, 0, 0, 0, 0, 0, 0, 0, 0, 0, 0, 0, 0], [0, 0, 0, 0, 0, 0, 0, 0, 0, 0, 0, 0, 0, 0, 0, 0, 0, 0, 0, 0, 0, 0, 0, 0, 0, 0, 0, 0, 0, 0, 0, 0], [0, 0, 0, 0, 0, 0, 0, 0, 0, 0, 0, 0, 0, 0, 0, 0, 0, 0, 0, 0, 0, 0, 0, 0, 0, 0, 0, 0, 0, 0, 0, 0], [0, 0, 0, 0, 0, 0, 0, 0, 0, 0, 0, 0, 0, 0, 0, 0, 0, 0, 0, 0, 0, 0, 0, 0, 0, 0, 0, 0, 0, 0, 0, 0], [0, 0, 0, 0, 0, 0, 0, 0, 0, 0, 0, 0, 0, 0, 0, 0, 0, 0, 0, 0, 0, 0, 0, 0, 0, 0, 0, 0, 0, 0, 0, 0], [0, 0, 0, 0, 0, 0, 0, 0, 0, 0, 0, 0, 0, 0, 0, 0, 0, 0, 0, 0, 0, 0, 0, 0, 0, 0, 0, 0, 0, 0, 0, 0], [0, 0, 0, 0, 0, 0, 0, 0, 0, 0, 0, 0, 0, 0, 0, 0, 0, 0, 0, 0, 0, 0, 0, 0, 0, 0, 0, 0, 0, 0, 0, 0], [0, 0, 0, 0, 0, 0, 0, 0, 0, 0, 0, 0, 0, 0, 0, 0, 0, 0, 0, 0, 0, 0, 0, 0, 0, 0, 0, 0, 0, 0, 0, 0], [0, 0, 0, 0, 0, 0, 0, 0, 0, 0, 0, 0, 0, 0, 0, 0, 0, 0, 0, 0, 0, 0, 0, 0, 0, 0, 0, 0, 0, 0, 0, 0], [0, 0, 0, 0, 0, 0, 0, 0, 0, 0, 0, 0, 0, 0, 0, 0, 0, 0, 0, 0, 0, 0, 0, 0, 0, 0, 0, 0, 0, 0, 0, 0], [0, 0, 0, 0, 0, 0, 0, 0, 0, 0, 0, 0, 0, 0, 0, 0, 0, 0, 0, 0, 0, 0, 0, 0, 0, 0, 0, 0, 0, 0, 0, 0], [0, 0, 0, 0, 0, 0, 0, 0, 0, 0, 0, 0, 0, 0, 0, 0, 0, 0, 0, 0, 0, 0, 0, 0, 0, 0, 0, 0, 0, 0, 0, 0], [0, 0, 0, 0, 0, 0, 0, 0, 0, 0, 0, 0, 0, 0, 0, 0, 0, 0, 0, 0, 0, 0, 0, 0, 0, 0, 0, 0, 0, 0, 0, 0], [0, 0, 0, 0, 0, 0, 0, 0, 0, 0, 0, 0, 0, 0, 0, 0, 0, 0, 0, 0, 0, 0, 0, 0, 0, 0, 0, 0, 0, 0, 0, 0], [0, 0, 0, 0, 0, 0, 0, 0, 0, 0, 0, 0, 0, 0, 0, 0, 0, 0, 0, 0, 0, 0, 0, 0, 0, 0, 0, 0, 0, 0, 0, 0], [0, 0, 0, 0, 0, 0, 0, 0, 0, 0, 0, 0, 0, 0, 0, 0, 0, 0, 0, 0, 0, 0, 0, 0, 0, 0, 0, 0, 0, 0, 0, 0], [0, 0, 0, 0, 0, 0, 0, 0, 0, 0, 0, 0, 0, 0, 0, 0, 0, 0, 0, 0, 0, 0, 0, 0, 0, 0, 0, 0, 0, 0, 0, 0], [0, 0, 0, 0, 0, 0, 0, 0, 0, 0, 0, 0, 0, 0, 0, 0, 0, 0, 0, 0, 0, 0, 0, 0, 0, 0, 0, 0, 0, 0, 0, 0], [0, 0, 0, 0, 0, 0, 0, 0, 0, 0, 0, 0, 0, 0, 0, 0, 0, 0, 0, 0, 0, 0, 0, 0, 0, 0, 0, 0, 0, 0, 0, 0], [0, 0, 0, 0, 0, 0, 0, 0, 0, 0, 0, 0, 0, 0, 0, 0, 0, 0, 0, 0, 0, 0, 0, 0, 0, 0, 0, 0, 0, 0, 0, 0], [0, 0, 0, 0, 0, 0, 0, 0, 0, 0, 0, 0, 0, 0, 0, 0, 0, 0, 0, 0, 0, 0, 0, 0, 0, 0, 0, 0, 0, 0, 0, 0], [0, 0, 0, 0, 0, 0, 0, 0, 0, 0, 0, 0, 0, 0, 0, 0, 0, 0, 0, 0, 0, 0, 0, 0, 0, 0, 0, 0, 0, 0, 0, 0], [0, 0, 0, 0, 0, 0, 0, 0, 0, 0, 0, 0, 0, 0, 0, 0, 0, 0, 0, 0, 0, 0, 0, 0, 0, 0, 0, 0, 0, 0, 0, 0], [0, 0, 0, 0, 0, 0, 0, 0, 0, 0, 0, 0, 0, 0, 0, 0, 0, 0, 0, 0, 0, 0, 0, 0, 0, 0, 0, 0, 0, 0, 0, 0], [0, 0, 0, 0, 0, 0, 0, 0, 0, 0, 0, 0, 0, 0, 0, 0, 0, 0, 0, 0, 0, 0, 0, 0, 0, 0, 0, 0, 0, 0, 0, 0], [0, 0, 0, 0, 0, 0, 0, 0, 0, 0, 0, 0, 0, 0, 0, 0, 0, 0, 0, 0, 0, 0, 0, 0, 0, 0, 0, 0, 0, 0, 0, 0], [0, 0, 0, 0, 0, 0, 0, 0, 0, 0, 0, 0, 0, 0, 0, 0, 0, 0, 0, 0, 0, 0, 0, 0, 0, 0, 0, 0, 0, 0, 0, 0], [0, 0, 0, 0, 0, 0, 0, 0, 0, 0, 0, 0, 0, 0, 0, 0, 0, 0, 0, 0, 0, 0, 0, 0, 0, 0, 0, 0, 0, 0, 0, 0], [0, 0, 0, 0, 0, 0, 0, 0, 0, 0, 0, 0, 0, 0, 0, 0, 0, 0, 0, 0, 0, 0, 0, 0, 0, 0, 0, 0, 0, 0, 0, 0], [0, 0, 0, 0, 0, 0, 0, 0, 0, 0, 0, 0, 0, 0, 0, 0, 0, 0, 0, 0, 0, 0, 0, 0, 0, 0, 0, 0, 0, 0, 0, 0], [0, 0, 0, 0, 0, 0, 0, 0, 0, 0, 0, 0, 0, 0, 0, 0, 0, 0, 0, 0, 0, 0, 0, 0, 0, 0, 0, 0, 0, 0, 0, 0], [0, 0, 0, 0, 0, 0, 0, 0, 0, 0, 0, 0, 0, 0, 0, 0, 0, 0, 0, 0, 0, 0, 0, 0, 0, 0, 0, 0, 0, 0, 0, 0], [0, 0, 0, 0, 0, 0, 0, 0, 0, 0, 0, 0, 0, 0, 0, 0, 0, 0, 0, 0, 0, 0, 0, 0, 0, 0, 0, 0, 0, 0, 0, 0], [0, 0, 0, 0, 0, 0, 0, 0, 0, 0, 0, 0, 0, 0, 0, 0, 0, 0, 0, 0, 0, 0, 0, 0, 0, 0, 0, 0, 0, 0, 0, 0], [0, 0, 0, 0, 0, 0, 0, 0, 0, 0, 0, 0, 0, 0, 0, 0, 0, 0, 0, 0, 0, 0, 0, 0, 0, 0, 0, 0, 0, 0, 0, 0], [0, 0, 0, 0, 0, 0, 0, 0, 0, 0, 0, 0, 0, 0, 0, 0, 0, 0, 0, 0, 0, 0, 0, 0, 0, 0, 0, 0, 0, 0, 0, 0], [0, 0, 0, 0, 0, 0, 0, 0, 0, 0, 0, 0, 0, 0, 0, 0, 0, 0, 0, 0, 0, 0, 0, 0, 0, 0, 0, 0, 0, 0, 0, 0], [0, 0, 0, 0, 0, 0, 0, 0, 0, 0, 0, 0, 0, 0, 0, 0, 0, 0, 0, 0, 0, 0, 0, 0, 0, 0, 0, 0, 0, 0, 0, 0], [0, 0, 0, 0, 0, 0, 0, 0, 0, 0, 0, 0, 0, 0, 0, 0, 0, 0, 0, 0, 0, 0, 0, 0, 0, 0, 0, 0, 0, 0, 0, 0], [0, 0, 0, 0, 0, 0, 0, 0, 0, 0, 0, 0, 0, 0, 0, 0, 0, 0, 0, 0, 0, 0, 0, 0, 0, 0, 0, 0, 0, 0, 0, 0], [0, 0, 0, 0, 0, 0, 0, 0, 0, 0, 0, 0, 0, 0, 0, 0, 0, 0, 0, 0, 0, 0, 0, 0, 0, 0, 0, 0, 0, 0, 0, 0], [0, 0, 0, 0, 0, 0, 0, 0, 0, 0, 0, 0, 0, 0, 0, 0, 0, 0, 0, 0, 0, 0, 0, 0, 0, 0, 0, 0, 0, 0, 0, 0], [0, 0, 0, 0, 0, 0, 0, 0, 0, 0, 0, 0, 0, 0, 0, 0, 0, 0, 0, 0, 0, 0, 0, 0, 0, 0, 0, 0, 0, 0, 0, 0], [0, 0, 0, 0, 0, 0, 0, 0, 0, 0, 0, 0, 0, 0, 0, 0, 0, 0, 0, 0, 0, 0, 0, 0, 0, 0, 0, 0, 0, 0, 0, 0], [0, 0, 0, 0, 0, 0, 0, 0, 0, 0, 0, 0, 0, 0, 0, 0, 0, 0, 0, 0, 0, 0, 0, 0, 0, 0, 0, 0, 0, 0, 0, 0], [0, 0, 0, 0, 0, 0, 0, 0, 0, 0, 0, 0, 0, 0, 0, 0, 0, 0, 0, 0, 0, 0, 0, 0, 0, 0, 0, 0, 0, 0, 0, 0], [0, 0, 0, 0, 0, 0, 0, 0, 0, 0, 0, 0, 0, 0, 0, 0, 0, 0, 0, 0, 0, 0, 0, 0, 0, 0, 0, 0, 0, 0, 0, 0], [0, 0, 0, 0, 0, 0, 0, 0, 0, 0, 0, 0, 0, 0, 0, 0, 0, 0, 0, 0, 0, 0, 0, 0, 0, 0, 0, 0, 0, 0, 0, 0], [0, 0, 0, 0, 0, 0, 0, 0, 0, 0, 0, 0, 0, 0, 0, 0, 0, 0, 0, 0, 0, 0, 0, 0, 0, 0, 0, 0, 0, 0, 0, 0], [0, 0, 0, 0, 0, 0, 0, 0, 0, 0, 0, 0, 0, 0, 0, 0, 0, 0, 0, 0, 0, 0, 0, 0, 0, 0, 0, 0, 0, 0, 0, 0], [0, 0, 0, 0, 0, 0, 0, 0, 0, 0, 0, 0, 0, 0, 0, 0, 0, 0, 0, 0, 0, 0, 0, 0, 0, 0, 0, 0, 0, 0, 0, 0], [0, 0, 0, 0, 0, 0, 0, 0, 0, 0, 0, 0, 0, 0, 0, 0, 0, 0, 0, 0, 0, 0, 0, 0, 0, 0, 0, 0, 0, 0, 0, 0], [0, 0, 0, 0, 0, 0, 0, 0, 0, 0, 0, 0, 0, 0, 0, 0, 0, 0, 0, 0, 0, 0, 0, 0, 0, 0, 0, 0, 0, 0, 0, 0], [0, 0, 0, 0, 0, 0, 0, 0, 0, 0, 0, 0, 0, 0, 0, 0, 0, 0, 0, 0, 0, 0, 0, 0, 0, 0, 0, 0, 0, 0, 0, 0], [0, 0, 0, 0, 0, 0, 0, 0, 0, 0, 0, 0, 0, 0, 0, 0, 0, 0, 0, 0, 0, 0, 0, 0, 0, 0, 0, 0, 0, 0, 0, 0], [0, 0, 0, 0, 0, 0, 0, 0, 0, 0, 0, 0, 0, 0, 0, 0, 0, 0, 0, 0, 0, 0, 0, 0, 0, 0, 0, 0, 0, 0, 0, 0], [0, 0, 0, 0, 0, 0, 0, 0, 0, 0, 0, 0, 0, 0, 0, 0, 0, 0, 0, 0, 0, 0, 0, 0, 0, 0, 0, 0, 0, 0, 0, 0], [0, 0, 0, 0, 0, 0, 0, 0, 0, 0, 0, 0, 0, 0, 0, 0, 0, 0, 0, 0, 0, 0, 0, 0, 0, 0, 0, 0, 0, 0, 0, 0], [0, 0, 0, 0, 0, 0, 0, 0, 0, 0, 0, 0, 0, 0, 0, 0, 0, 0, 0, 0, 0, 0, 0, 0, 0, 0, 0, 0, 0, 0, 0, 0], [0, 0, 0, 0, 0, 0, 0, 0, 0, 0, 0, 0, 0, 0, 0, 0, 0, 0, 0, 0, 0, 0, 0, 0, 0, 0, 0, 0, 0, 0, 0, 0], [0, 0, 0, 0, 0, 0, 0, 0, 0, 0, 0, 0, 0, 0, 0, 0, 0, 0, 0, 0, 0, 0, 0, 0, 0, 0, 0, 0, 0, 0, 0, 0], [0, 0, 0, 0, 0, 0, 0, 0, 0, 0, 0, 0, 0, 0, 0, 0, 0, 0, 0, 0, 0, 0, 0, 0, 0, 0, 0, 0, 0, 0, 0, 0], [0, 0, 0, 0, 0, 0, 0, 0, 0, 0, 0, 0, 0, 0, 0, 0, 0, 0, 0, 0, 0, 0, 0, 0, 0, 0, 0, 0, 0, 0, 0, 0], [0, 0, 0, 0, 0, 0, 0, 0, 0, 0, 0, 0, 0, 0, 0, 0, 0, 0, 0, 0, 0, 0, 0, 0, 0, 0, 0, 0, 0, 0, 0, 0], [0, 0, 0, 0, 0, 0, 0, 0, 0, 0, 0, 0, 0, 0, 0, 0, 0, 0, 0, 0, 0, 0, 0, 0, 0, 0, 0, 0, 0, 0, 0, 0], [0, 0, 0, 0, 0, 0, 0, 0, 0, 0, 0, 0, 0, 0, 0, 0, 0, 0, 0, 0, 0, 0, 0, 0, 0, 0, 0, 0, 0, 0, 0, 0], [0, 0, 0, 0, 0, 0, 0, 0, 0, 0, 0, 0, 0, 0, 0, 0, 0, 0, 0, 0, 0, 0, 0, 0, 0, 0, 0, 0, 0, 0, 0, 0], [0, 0, 0, 0, 0, 0, 0, 0, 0, 0, 0, 0, 0, 0, 0, 0, 0, 0, 0, 0, 0, 0, 0, 0, 0, 0, 0, 0, 0, 0, 0, 0], [0, 0, 0, 0, 0, 0, 0, 0, 0, 0, 0, 0, 0, 0, 0, 0, 0, 0, 0, 0, 0, 0, 0, 0, 0, 0, 0, 0, 0, 0, 0, 0], [0, 0, 0, 0, 0, 0, 0, 0, 0, 0, 0, 0, 0, 0, 0, 0, 0, 0, 0, 0, 0, 0, 0, 0, 0, 0, 0, 0, 0, 0, 0, 0], [0, 0, 0, 0, 0, 0, 0, 0, 0, 0, 0, 0, 0, 0, 0, 0, 0, 0, 0, 0, 0, 0, 0, 0, 0, 0, 0, 0, 0, 0, 0, 0], [0, 0, 0, 0, 0, 0, 0, 0, 0, 0, 0, 0, 0, 0, 0, 0, 0, 0, 0, 0, 0, 0, 0, 0, 0, 0, 0, 0, 0, 0, 0, 0], [0, 0, 0, 0, 0, 0, 0, 0, 0, 0, 0, 0, 0, 0, 0, 0, 0, 0, 0, 0, 0, 0, 0, 0, 0, 0, 0, 0, 0, 0, 0, 0], [0, 0, 0, 0, 0, 0, 0, 0, 0, 0, 0, 0, 0, 0, 0, 0, 0, 0, 0, 0, 0, 0, 0, 0, 0, 0, 0, 0, 0, 0, 0, 0], [0, 0, 0, 0, 0, 0, 0, 0, 0, 0, 0, 0, 0, 0, 0, 0, 0, 0, 0, 0, 0, 0, 0, 0, 0, 0, 0, 0, 0, 0, 0, 0], [0, 0, 0, 0, 0, 0, 0, 0, 0, 0, 0, 0, 0, 0, 0, 0, 0, 0, 0, 0, 0, 0, 0, 0, 0, 0, 0, 0, 0, 0, 0, 0], [0, 0, 0, 0, 0, 0, 0, 0, 0, 0, 0, 0, 0, 0, 0, 0, 0, 0, 0, 0, 0, 0, 0, 0, 0, 0, 0, 0, 0, 0, 0, 0], [0, 0, 0, 0, 0, 0, 0, 0, 0, 0, 0, 0, 0, 0, 0, 0, 0, 0, 0, 0, 0, 0, 0, 0, 0, 0, 0, 0, 0, 0, 0, 0], [0, 0, 0, 0, 0, 0, 0, 0, 0, 0, 0, 0, 0, 0, 0, 0, 0, 0, 0, 0, 0, 0, 0, 0, 0, 0, 0, 0, 0, 0, 0, 0], [0, 0, 0, 0, 0, 0, 0, 0, 0, 0, 0, 0, 0, 0, 0, 0, 0, 0, 0, 0, 0, 0, 0, 0, 0, 0, 0, 0, 0, 0, 0, 0], [0, 0, 0, 0, 0, 0, 0, 0, 0, 0, 0, 0, 0, 0, 0, 0, 0, 0, 0, 0, 0, 0, 0, 0, 0, 0, 0, 0, 0, 0, 0, 0], [0, 0, 0, 0, 0, 0, 0, 0, 0, 0, 0, 0, 0, 0, 0, 0, 0, 0, 0, 0, 0, 0, 0, 0, 0, 0, 0, 0, 0, 0, 0, 0], [0, 0, 0, 0, 0, 0, 0, 0, 0, 0, 0, 0, 0, 0, 0, 0, 0, 0, 0, 0, 0, 0, 0, 0, 0, 0, 0, 0, 0, 0, 0, 0], [0, 0, 0, 0, 0, 0, 0, 0, 0, 0, 0, 0, 0, 0, 0, 0, 0, 0, 0, 0, 0, 0, 0, 0, 0, 0, 0, 0, 0, 0, 0, 0], [0, 0, 0, 0, 0, 0, 0, 0, 0, 0, 0, 0, 0, 0, 0, 0, 0, 0, 0, 0, 0, 0, 0, 0, 0, 0, 0, 0, 0, 0, 0, 0], [0, 0, 0, 0, 0, 0, 0, 0, 0, 0, 0, 0, 0, 0, 0, 0, 0, 0, 0, 0, 0, 0, 0, 0, 0, 0, 0, 0, 0, 0, 0, 0], [0, 0, 0, 0, 0, 0, 0, 0, 0, 0, 0, 0, 0, 0, 0, 0, 0, 0, 0, 0, 0, 0, 0, 0, 0, 0, 0, 0, 0, 0, 0, 0], [0, 0, 0, 0, 0, 0, 0, 0, 0, 0, 0, 0, 0, 0, 0, 0, 0, 0, 0, 0, 0, 0, 0, 0, 0, 0, 0, 0, 0, 0, 0, 0], [0, 0, 0, 0, 0, 0, 0, 0, 0, 0, 0, 0, 0, 0, 0, 0, 0, 0, 0, 0, 0, 0, 0, 0, 0, 0, 0, 0, 0, 0, 0, 0], [0, 0, 0, 0, 0, 0, 0, 0, 0, 0, 0, 0, 0, 0, 0, 0, 0, 0, 0, 0, 0, 0, 0, 0, 0, 0, 0, 0, 0, 0, 0, 0], [0, 0, 0, 0, 0, 0, 0, 0, 0, 0, 0, 0, 0, 0, 0, 0, 0, 0, 0, 0, 0, 0, 0, 0, 0, 0, 0, 0, 0, 0, 0, 0], [0, 0, 0, 0, 0, 0, 0, 0, 0, 0, 0, 0, 0, 0, 0, 0, 0, 0, 0, 0, 0, 0, 0, 0, 0, 0, 0, 0, 0, 0, 0, 0], [0, 0, 0, 0, 0, 0, 0, 0, 0, 0, 0, 0, 0, 0, 0, 0, 0, 0, 0, 0, 0, 0, 0, 0, 0, 0, 0, 0, 0, 0, 0, 0], [0, 0, 0, 0, 0, 0, 0, 0, 0, 0, 0, 0, 0, 0, 0, 0, 0, 0, 0, 0, 0, 0, 0, 0, 0, 0, 0, 0, 0, 0, 0, 0], [0, 0, 0, 0, 0, 0, 0, 0, 0, 0, 0, 0, 0, 0, 0, 0, 0, 0, 0, 0, 0, 0, 0, 0, 0, 0, 0, 0, 0, 0, 0, 0], [0, 0, 0, 0, 0, 0, 0, 0, 0, 0, 0, 0, 0, 0, 0, 0, 0, 0, 0, 0, 0, 0, 0, 0, 0, 0, 0, 0, 0, 0, 0, 0], [0, 0, 0, 0, 0, 0, 0, 0, 0, 0, 0, 0, 0, 0, 0, 0, 0, 0, 0, 0, 0, 0, 0, 0, 0, 0, 0, 0, 0, 0, 0, 0], [0, 0, 0, 0, 0, 0, 0, 0, 0, 0, 0, 0, 0, 0, 0, 0, 0, 0, 0, 0, 0, 0, 0, 0, 0, 0, 0, 0, 0, 0, 0, 0], [0, 0, 0, 0, 0, 0, 0, 0, 0, 0, 0, 0, 0, 0, 0, 0, 0, 0, 0, 0, 0, 0, 0, 0, 0, 0, 0, 0, 125, 217, 63, 124], [7, 20, 119, 198, 10, 186, 71, 154, 2, 28, 84, 182, 148, 115, 14, 87, 154, 219, 8, 239, 121, 61, 132, 177, 244, 48, 105, 35, 148, 11, 148, 55], [6, 172, 176, 216, 251, 66, 130, 73, 114, 64, 114, 190, 186, 115, 55, 194, 204, 15, 61, 237, 0, 106, 71, 22, 250, 152, 239, 28, 189, 163, 23, 71], [133, 214, 113, 248, 98, 84, 29, 109, 134, 3, 148, 107, 183, 213, 34, 84, 212, 133, 119, 0, 12, 41, 245, 35, 218, 7, 15, 37, 116, 44, 168, 137], [247, 114, 171, 208, 107, 202, 13, 143, 226, 195, 190, 54, 238, 226, 119, 125, 234, 66, 130, 226, 156, 3, 143, 221, 223, 61, 27, 33, 76, 1, 48, 128], [154, 35, 47, 15, 46, 107, 141, 163, 89, 87, 123, 181, 225, 141, 147, 57, 248, 238, 157, 66, 251, 138, 192, 44, 22, 131, 59, 56, 203, 199, 91, 41], [168, 170, 60, 79, 97, 28, 185, 100, 74, 84, 217, 128, 212, 143, 11, 109, 158, 78, 41, 154, 202, 24, 168, 125, 122, 2, 165, 9, 246, 38, 132, 1], [220, 73, 90, 71, 91, 63, 223, 220, 83, 247, 79, 139, 95, 74, 228, 175, 110, 130, 252, 150, 236, 185, 20, 155, 80, 230, 217, 33, 253, 236, 23, 209], [120, 53, 77, 254, 189, 173, 112, 41, 139, 70, 108, 119, 81, 248, 54, 223, 246, 0, 111, 14, 126, 73, 139, 12, 63, 64, 66, 18, 185, 182, 71, 250], [48, 161, 99, 79, 238, 132, 197, 51, 152, 26, 16, 84, 161, 86, 224, 67, 221, 93, 154, 217, 183, 124, 76, 242, 142, 97, 45, 26, 25, 107, 236, 157], [91, 162, 57, 59, 185, 234, 112, 229, 35, 172, 55, 28, 186, 10, 229, 237, 205, 118, 207, 120, 130, 31, 63, 230, 251, 220, 35, 50, 0, 0, 0, 0], [0, 0, 0, 0, 0, 0, 0, 0, 0, 0, 0, 0, 0, 0, 0, 0, 0, 0, 0, 0, 0, 0, 0, 0, 0, 0, 0, 0, 0, 0, 0, 0], [0, 0, 0, 0, 0, 0, 0, 0, 0, 0, 0, 0, 0, 0, 0, 0, 0, 0, 0, 0, 0, 0, 0, 0, 0, 0, 0, 0, 0, 0, 0, 0], [0, 0, 0, 0, 0, 0, 0, 0, 0, 0, 0, 0, 0, 0, 0, 0, 0, 0, 0, 0, 0, 0, 0, 0, 0, 0, 0, 0, 77, 1, 164, 127], [231, 186, 136, 225, 100, 63, 118, 49, 145, 155, 57, 171, 12, 250, 76, 13, 181, 251, 246, 172, 220, 173, 111, 11, 173, 201, 118, 95, 231, 31, 203, 190], [14, 113, 164, 168, 88, 162, 74, 110, 15, 201, 89, 151, 104, 86, 206, 64, 253, 133, 108, 190, 199, 30, 129, 145, 56, 75, 219, 77, 2, 192, 31, 4], [217, 201, 161, 3, 83, 162, 132, 226, 35, 126, 80, 46, 55, 39, 235, 146, 184, 16, 102, 75, 119, 185, 42, 186, 138, 202, 211, 61, 10, 193, 53, 22], [115, 145, 147, 56, 193, 89, 224, 44, 108, 16, 96, 156, 254, 34, 236, 152, 250, 12, 215, 21, 34, 239, 68, 143, 131, 13, 15, 15, 190, 239, 226, 28], [49, 169, 240, 102, 176, 246, 169, 71, 3, 193, 78, 222, 202, 104, 203, 227, 229, 154, 39, 15, 97, 132, 144, 46, 238, 76, 26, 89, 177, 198, 215, 54], [221, 110, 154, 72, 194, 249, 146, 59, 62, 18, 196, 60, 168, 109, 29, 75, 44, 66, 250, 62, 125, 252, 31, 208, 203, 164, 187, 59, 113, 197, 27, 221], [13, 245, 23, 34, 107, 176, 142, 153, 254, 126, 68, 222, 22, 197, 221, 130, 198, 0, 198, 221, 173, 19, 228, 203, 232, 37, 200, 14, 1, 0, 0, 240], [147, 245, 225, 67, 145, 112, 185, 121, 72, 232, 51, 40, 93, 88, 129, 129, 182, 69, 80, 184, 41, 160, 49, 225, 114, 78, 100, 48, 167, 197, 139, 122], [254, 58, 20, 208, 17, 48, 18, 14, 53, 36, 95, 12, 141, 242, 12, 254, 145, 53, 1, 69, 235, 101, 10, 217, 100, 70, 249, 15, 53, 101, 221, 80], [240, 142, 203, 102, 63, 112, 35, 58, 214, 95, 60, 109, 6, 133, 234, 201, 240, 88, 90, 215, 44, 240, 30, 198, 250, 55, 101, 29, 145, 210, 154, 242], [250, 101, 78, 195, 78, 100, 252, 10, 3, 125, 173, 87, 40, 68, 180, 230, 154, 94, 142, 83, 103, 43, 113, 191, 114, 55, 105, 59, 250, 161, 77, 158], [43, 78, 227, 187, 40, 170, 147, 223, 17, 164, 194, 226, 111, 227, 89, 48, 110, 32, 90, 153, 236, 81, 197, 216, 42, 65, 110, 32, 1, 0, 0, 240], [147, 245, 225, 67, 145, 112, 185, 121, 72, 232, 51, 40, 93, 88, 129, 129, 182, 69, 80, 184, 41, 160, 49, 225, 114, 78, 100, 48, 37, 55, 107, 180], [152, 197, 67, 127, 156, 120, 151, 232, 115, 223, 153, 144, 146, 115, 187, 255, 73, 37, 254, 200, 59, 66, 239, 40, 38, 92, 19, 44, 138, 59, 123, 2], [196, 201, 92, 84, 180, 2, 92, 226, 114, 36, 109, 43, 236, 180, 88, 113, 113, 168, 170, 228, 177, 103, 183, 42, 120, 209, 232, 20, 17, 89, 97, 149], [8, 193, 73, 7, 13, 32, 128, 206, 97, 205, 147, 50, 142, 94, 22, 131, 45, 80, 37, 99, 70, 219, 132, 63, 0, 28, 230, 58, 115, 16, 66, 255], [67, 56, 81, 128, 76, 7, 192, 44, 165, 23, 178, 199, 190, 200, 34, 125, 227, 46, 142, 106, 191, 80, 42, 26, 53, 50, 152, 24, 0, 0, 0, 0], [0, 0, 0, 0, 0, 0, 0, 0, 0, 0, 0, 0, 0, 0, 0, 0, 0, 0, 0, 0, 0, 0, 0, 0, 0, 0, 0, 0, 0, 0, 0, 0], [0, 0, 0, 0, 0, 0, 0, 0, 0, 0, 0, 0, 0, 0, 0, 0, 0, 0, 0, 0, 0, 0, 0, 0, 0, 0, 0, 0, 0, 0, 0, 0], [0, 0, 0, 0, 0, 0, 0, 0, 0, 0, 0, 0, 0, 0, 0, 0, 0, 0, 0, 0, 0, 0, 0, 0, 0, 0, 0, 0, 0, 0, 0, 0], [0, 0, 0, 0, 0, 0, 0, 0, 0, 0, 0, 0, 0, 0, 0, 0, 0, 0, 0, 0, 0, 0, 0, 0, 0, 0, 0, 0, 0, 0, 0, 0], [0, 0, 0, 0, 0, 0, 0, 0, 0, 0, 0, 0, 0, 0, 0, 0, 0, 0, 0, 0, 0, 0, 0, 0, 0, 0, 0, 0, 0, 0, 0, 0], [0, 0, 0, 0, 0, 0, 0, 0, 0, 0, 0, 0, 0, 0, 0, 0, 0, 0, 0, 0, 0, 0, 0, 0, 0, 0, 0, 0, 0, 0, 0, 0], [0, 0, 0, 0, 0, 0, 0, 0, 0, 0, 0, 0, 0, 0, 0, 0, 0, 0, 0, 0, 0, 0, 0, 0, 0, 0, 0, 0, 0, 0, 0, 0], [0, 0, 0, 0, 0, 0, 0, 0, 0, 0, 0, 0, 0, 0, 0, 0, 0, 0, 0, 0, 0, 0, 0, 0, 0, 0, 0, 0, 0, 0, 0, 0], [0, 0, 0, 0, 0, 0, 0, 0, 0, 0, 0, 0, 0, 0, 0, 0, 0, 0, 0, 0, 0, 0, 0, 0, 0, 0, 0, 0, 0, 0, 0, 0], [0, 0, 0, 0, 0, 0, 0, 0, 0, 0, 0, 0, 0, 0, 0, 0, 0, 0, 0, 0, 0, 0, 0, 0, 0, 0, 0, 0, 0, 0, 0, 0], [0, 0, 0, 0, 0, 0, 0, 0, 0, 0, 0, 0, 0, 0, 0, 0, 0, 0, 0, 0, 0, 0, 0, 0, 0, 0, 0, 0, 0, 0, 0, 0], [0, 0, 0, 0, 0, 0, 0, 0, 0, 0, 0, 0, 0, 0, 0, 0, 0, 0, 0, 0, 0, 0, 0, 0, 0, 0, 0, 0, 0, 0, 0, 0], [0, 0, 0, 0, 0, 0, 0, 0, 0, 0, 0, 0, 0, 0, 0, 0, 0, 0, 0, 0, 0, 0, 0, 0, 0, 0, 0, 0, 0, 0, 0, 0], [0, 0, 0, 0, 0, 0, 0, 0, 0, 0, 0, 0, 0, 0, 0, 0, 0, 0, 0, 0, 0, 0, 0, 0, 0, 0, 0, 0, 0, 0, 0, 0], [0, 0, 0, 0, 0, 0, 0, 0, 0, 0, 0, 0, 0, 0, 0, 0, 0, 0, 0, 0, 0, 0, 0, 0, 0, 0, 0, 0, 0, 0, 0, 0], [0, 0, 0, 0, 0, 0, 0, 0, 0, 0, 0, 0, 0, 0, 0, 0, 0, 0, 0, 0, 0, 0, 0, 0, 0, 0, 0, 0, 0, 0, 0, 0], [0, 0, 0, 0, 0, 0, 0, 0, 0, 0, 0, 0, 0, 0, 0, 0, 0, 0, 0, 0, 0, 0, 0, 0, 0, 0, 0, 0, 0, 0, 0, 0], [0, 0, 0, 0, 0, 0, 0, 0, 0, 0, 0, 0, 0, 0, 0, 0, 0, 0, 0, 0, 0, 0, 0, 0, 0, 0, 0, 0, 0, 0, 0, 0], [0, 0, 0, 0, 0, 0, 0, 0, 0, 0, 0, 0, 0, 0, 0, 0, 0, 0, 0, 0, 0, 0, 0, 0, 0, 0, 0, 0, 0, 0, 0, 0], [0, 0, 0, 0, 0, 0, 0, 0, 0, 0, 0, 0, 0, 0, 0, 0, 0, 0, 0, 0, 0, 0, 0, 0, 0, 0, 0, 0, 0, 0, 0, 0], [0, 0, 0, 0, 0, 0, 0, 0, 0, 0, 0, 0, 0, 0, 0, 0, 0, 0, 0, 0, 0, 0, 0, 0, 0, 0, 0, 0, 0, 0, 0, 0], [0, 0, 0, 0, 0, 0, 0, 0, 0, 0, 0, 0, 0, 0, 0, 0, 0, 0, 0, 0, 0, 0, 0, 0, 0, 0, 0, 0, 0, 0, 0, 0], [0, 0, 0, 0, 0, 0, 0, 0, 0, 0, 0, 0, 0, 0, 0, 0, 0, 0, 0, 0, 0, 0, 0, 0, 0, 0, 0, 0, 0, 0, 0, 0], [0, 0, 0, 0, 0, 0, 0, 0, 0, 0, 0, 0, 0, 0, 0, 0, 0, 0, 0, 0, 0, 0, 0, 0, 0, 0, 0, 0, 0, 0, 0, 0], [0, 0, 0, 0, 0, 0, 0, 0, 0, 0, 0, 0, 0, 0, 0, 0, 0, 0, 0, 0, 0, 0, 0, 0, 0, 0, 0, 0, 0, 0, 0, 0], [0, 0, 0, 0, 0, 0, 0, 0, 0, 0, 0, 0, 0, 0, 0, 0, 0, 0, 0, 0, 0, 0, 0, 0, 0, 0, 0, 0, 0, 0, 0, 0], [0, 0, 0, 0, 0, 0, 0, 0, 0, 0, 0, 0, 0, 0, 0, 0, 0, 0, 0, 0, 0, 0, 0, 0, 0, 0, 0, 0, 0, 0, 0, 0], [0, 0, 0, 0, 0, 0, 0, 0, 0, 0, 0, 0, 0, 0, 0, 0, 0, 0, 0, 0, 0, 0, 0, 0, 0, 0, 0, 0, 0, 0, 0, 0], [0, 0, 0, 0, 0, 0, 0, 0, 0, 0, 0, 0, 0, 0, 0, 0, 0, 0, 0, 0, 0, 0, 0, 0, 0, 0, 0, 0, 0, 0, 0, 0], [0, 0, 0, 0, 0, 0, 0, 0, 0, 0, 0, 0, 0, 0, 0, 0, 0, 0, 0, 0, 0, 0, 0, 0, 0, 0, 0, 0, 0, 0, 0, 0], [0, 0, 0, 0, 0, 0, 0, 0, 0, 0, 0, 0, 0, 0, 0, 0, 0, 0, 0, 0, 0, 0, 0, 0, 0, 0, 0, 0, 0, 0, 0, 0], [0, 0, 0, 0, 0, 0, 0, 0, 0, 0, 0, 0, 0, 0, 0, 0, 0, 0, 0, 0, 0, 0, 0, 0, 0, 0, 0, 0, 0, 0, 0, 0], [0, 0, 0, 0, 0, 0, 0, 0, 0, 0, 0, 0, 0, 0, 0, 0, 0, 0, 0, 0, 0, 0, 0, 0, 0, 0, 0, 0, 0, 0, 0, 0], [0, 0, 0, 0, 0, 0, 0, 0, 0, 0, 0, 0, 0, 0, 0, 0, 0, 0, 0, 0, 0, 0, 0, 0, 0, 0, 0, 0, 0, 0, 0, 0], [0, 0, 0, 0, 0, 0, 0, 0, 0, 0, 0, 0, 0, 0, 0, 0, 0, 0, 0, 0, 0, 0, 0, 0, 0, 0, 0, 0, 0, 0, 0, 0], [0, 0, 0, 0, 0, 0, 0, 0, 0, 0, 0, 0, 0, 0, 0, 0, 0, 0, 0, 0, 0, 0, 0, 0, 0, 0, 0, 0, 0, 0, 0, 0], [0, 0, 0, 0, 0, 0, 0, 0, 0, 0, 0, 0, 0, 0, 0, 0, 0, 0, 0, 0, 0, 0, 0, 0, 0, 0, 0, 0, 0, 0, 0, 0], [0, 0, 0, 0, 0, 0, 0, 0, 0, 0, 0, 0, 0, 0, 0, 0, 0, 0, 0, 0, 0, 0, 0, 0, 0, 0, 0, 0, 0, 0, 0, 0], [0, 0, 0, 0, 0, 0, 0, 0, 0, 0, 0, 0, 0, 0, 0, 0, 0, 0, 0, 0, 0, 0, 0, 0, 0, 0, 0, 0, 0, 0, 0, 0], [0, 0, 0, 0, 0, 0, 0, 0, 0, 0, 0, 0, 0, 0, 0, 0, 0, 0, 0, 0, 0, 0, 0, 0, 0, 0, 0, 0, 0, 0, 0, 0], [0, 0, 0, 0, 0, 0, 0, 0, 0, 0, 0, 0, 0, 0, 0, 0, 0, 0, 0, 0, 0, 0, 0, 0, 0, 0, 0, 0, 0, 0, 0, 0], [0, 0, 0, 0, 0, 0, 0, 0, 0, 0, 0, 0, 0, 0, 0, 0, 0, 0, 0, 0, 0, 0, 0, 0, 0, 0, 0, 0, 0, 0, 0, 0], [0, 0, 0, 0, 0, 0, 0, 0, 0, 0, 0, 0, 0, 0, 0, 0, 0, 0, 0, 0, 0, 0, 0, 0, 0, 0, 0, 0, 0, 0, 0, 0], [0, 0, 0, 0, 0, 0, 0, 0, 0, 0, 0, 0, 0, 0, 0, 0, 0, 0, 0, 0, 0, 0, 0, 0, 0, 0, 0, 0, 0, 0, 0, 0], [0, 0, 0, 0, 0, 0, 0, 0, 0, 0, 0, 0, 0, 0, 0, 0, 0, 0, 0, 0, 0, 0, 0, 0, 0, 0, 0, 0, 0, 0, 0, 0], [0, 0, 0, 0, 0, 0, 0, 0, 0, 0, 0, 0, 0, 0, 0, 0, 0, 0, 0, 0, 0, 0, 0, 0, 0, 0, 0, 0, 0, 0, 0, 0], [0, 0, 0, 0, 0, 0, 0, 0, 0, 0, 0, 0, 0, 0, 0, 0, 0, 0, 0, 0, 0, 0, 0, 0, 0, 0, 0, 0, 0, 0, 0, 0], [0, 0, 0, 0, 0, 0, 0, 0, 0, 0, 0, 0, 0, 0, 0, 0, 0, 0, 0, 0, 0, 0, 0, 0, 0, 0, 0, 0, 0, 0, 0, 0], [0, 0, 0, 0, 0, 0, 0, 0, 0, 0, 0, 0, 0, 0, 0, 0, 0, 0, 0, 0, 0, 0, 0, 0, 0, 0, 0, 0, 0, 0, 0, 0], [0, 0, 0, 0, 0, 0, 0, 0, 0, 0, 0, 0, 0, 0, 0, 0, 0, 0, 0, 0, 0, 0, 0, 0, 0, 0, 0, 0, 0, 0, 0, 0], [0, 0, 0, 0, 0, 0, 0, 0, 0, 0, 0, 0, 0, 0, 0, 0, 0, 0, 0, 0, 0, 0, 0, 0, 0, 0, 0, 0, 0, 0, 0, 0], [0, 0, 0, 0, 0, 0, 0, 0, 0, 0, 0, 0, 0, 0, 0, 0, 0, 0, 0, 0, 0, 0, 0, 0, 0, 0, 0, 0, 0, 0, 0, 0], [0, 0, 0, 0, 0, 0, 0, 0, 0, 0, 0, 0, 0, 0, 0, 0, 0, 0, 0, 0, 0, 0, 0, 0, 0, 0, 0, 0, 0, 0, 0, 0], [0, 0, 0, 0, 0, 0, 0, 0, 0, 0, 0, 0, 0, 0, 0, 0, 0, 0, 0, 0, 0, 0, 0, 0, 0, 0, 0, 0, 0, 0, 0, 0], [0, 0, 0, 0, 0, 0, 0, 0, 0, 0, 0, 0, 0, 0, 0, 0, 0, 0, 0, 0, 0, 0, 0, 0, 0, 0, 0, 0, 0, 0, 0, 0], [0, 0, 0, 0, 0, 0, 0, 0, 0, 0, 0, 0, 0, 0, 0, 0, 0, 0, 0, 0, 0, 0, 0, 0, 0, 0, 0, 0, 0, 0, 0, 0], [0, 0, 0, 0, 0, 0, 0, 0, 0, 0, 0, 0, 0, 0, 0, 0, 0, 0, 0, 0, 0, 0, 0, 0, 0, 0, 0, 0, 0, 0, 0, 0], [0, 0, 0, 0, 0, 0, 0, 0, 0, 0, 0, 0, 0, 0, 0, 0, 0, 0, 0, 0, 0, 0, 0, 0, 0, 0, 0, 0, 0, 0, 0, 0], [0, 0, 0, 0, 0, 0, 0, 0, 0, 0, 0, 0, 0, 0, 0, 0, 0, 0, 0, 0, 0, 0, 0, 0, 0, 0, 0, 0, 0, 0, 0, 0], [0, 0, 0, 0, 0, 0, 0, 0, 0, 0, 0, 0, 0, 0, 0, 0, 0, 0, 0, 0, 0, 0, 0, 0, 0, 0, 0, 0, 0, 0, 0, 0], [0, 0, 0, 0, 0, 0, 0, 0, 0, 0, 0, 0, 0, 0, 0, 0, 0, 0, 0, 0, 0, 0, 0, 0, 0, 0, 0, 0, 0, 0, 0, 0], [0, 0, 0, 0, 0, 0, 0, 0, 0, 0, 0, 0, 0, 0, 0, 0, 0, 0, 0, 0, 0, 0, 0, 0, 0, 0, 0, 0, 0, 0, 0, 0], [0, 0, 0, 0, 0, 0, 0, 0, 0, 0, 0, 0, 0, 0, 0, 0, 0, 0, 0, 0, 0, 0, 0, 0, 0, 0, 0, 0, 0, 0, 0, 0], [0, 0, 0, 0, 0, 0, 0, 0, 0, 0, 0, 0, 0, 0, 0, 0, 0, 0, 0, 0, 0, 0, 0, 0, 0, 0, 0, 0, 0, 0, 0, 0], [0, 0, 0, 0, 0, 0, 0, 0, 0, 0, 0, 0, 0, 0, 0, 0, 0, 0, 0, 0, 0, 0, 0, 0, 0, 0, 0, 0, 0, 0, 0, 0], [0, 0, 0, 0, 0, 0, 0, 0, 0, 0, 0, 0, 0, 0, 0, 0, 0, 0, 0, 0, 0, 0, 0, 0, 0, 0, 0, 0, 0, 0, 0, 0], [0, 0, 0, 0, 0, 0, 0, 0, 0, 0, 0, 0, 0, 0, 0, 0, 0, 0, 0, 0, 0, 0, 0, 0, 0, 0, 0, 0, 0, 0, 0, 0], [0, 0, 0, 0, 0, 0, 0, 0, 0, 0, 0, 0, 0, 0, 0, 0, 0, 0, 0, 0, 0, 0, 0, 0, 0, 0, 0, 0, 0, 0, 0, 0], [0, 0, 0, 0, 0, 0, 0, 0, 0, 0, 0, 0, 0, 0, 0, 0, 0, 0, 0, 0, 0, 0, 0, 0, 0, 0, 0, 0, 0, 0, 0, 0], [0, 0, 0, 0, 0, 0, 0, 0, 0, 0, 0, 0, 0, 0, 0, 0, 0, 0, 0, 0, 0, 0, 0, 0, 0, 0, 0, 0, 0, 0, 0, 0], [0, 0, 0, 0, 0, 0, 0, 0, 0, 0, 0, 0, 0, 0, 0, 0, 0, 0, 0, 0, 0, 0, 0, 0, 0, 0, 0, 0, 0, 0, 0, 0], [0, 0, 0, 0, 0, 0, 0, 0, 0, 0, 0, 0, 0, 0, 0, 0, 0, 0, 0, 0, 0, 0, 0, 0, 0, 0, 0, 0, 0, 0, 0, 0], [0, 0, 0, 0, 0, 0, 0, 0, 0, 0, 0, 0, 0, 0, 0, 0, 0, 0, 0, 0, 0, 0, 0, 0, 0, 0, 0, 0, 0, 0, 0, 0], [0, 0, 0, 0, 0, 0, 0, 0, 0, 0, 0, 0, 0, 0, 0, 0, 0, 0, 0, 0, 0, 0, 0, 0, 0, 0, 0, 0, 0, 0, 0, 0], [0, 0, 0, 0, 0, 0, 0, 0, 0, 0, 0, 0, 0, 0, 0, 0, 0, 0, 0, 0, 0, 0, 0, 0, 0, 0, 0, 0, 0, 0, 0, 0], [0, 0, 0, 0, 0, 0, 0, 0, 0, 0, 0, 0, 0, 0, 0, 0, 0, 0, 0, 0, 0, 0, 0, 0, 0, 0, 0, 0, 0, 0, 0, 0], [0, 0, 0, 0, 0, 0, 0, 0, 0, 0, 0, 0, 0, 0, 0, 0, 0, 0, 0, 0, 0, 0, 0, 0, 0, 0, 0, 0, 0, 0, 0, 0], [0, 0, 0, 0, 0, 0, 0, 0, 0, 0, 0, 0, 0, 0, 0, 0, 0, 0, 0, 0, 0, 0, 0, 0, 0, 0, 0, 0, 0, 0, 0, 0], [0, 0, 0, 0, 0, 0, 0, 0, 0, 0, 0, 0, 0, 0, 0, 0, 0, 0, 0, 0, 0, 0, 0, 0, 0, 0, 0, 0, 0, 0, 0, 0], [0, 0, 0, 0, 0, 0, 0, 0, 0, 0, 0, 0, 0, 0, 0, 0, 0, 0, 0, 0, 0, 0, 0, 0, 0, 0, 0, 0, 0, 0, 0, 0], [0, 0, 0, 0, 0, 0, 0, 0, 0, 0, 0, 0, 0, 0, 0, 0, 0, 0, 0, 0, 0, 0, 0, 0, 0, 0, 0, 0, 0, 0, 0, 0], [0, 0, 0, 0, 0, 0, 0, 0, 0, 0, 0, 0, 0, 0, 0, 0, 0, 0, 0, 0, 0, 0, 0, 0, 0, 0, 0, 0, 0, 0, 0, 0], [0, 0, 0, 0, 0, 0, 0, 0, 0, 0, 0, 0, 0, 0, 0, 0, 0, 0, 0, 0, 0, 0, 0, 0, 0, 0, 0, 0, 0, 0, 0, 0], [0, 0, 0, 0, 0, 0, 0, 0, 0, 0, 0, 0, 0, 0, 0, 0, 0, 0, 0, 0, 0, 0, 0, 0, 0, 0, 0, 0, 0, 0, 0, 0], [0, 0, 0, 0, 0, 0, 0, 0, 0, 0, 0, 0, 0, 0, 0, 0, 0, 0, 0, 0, 0, 0, 0, 0, 0, 0, 0, 0, 0, 0, 0, 0], [0, 0, 0, 0, 0, 0, 0, 0, 0, 0, 0, 0, 0, 0, 0, 0, 0, 0, 0, 0, 0, 0, 0, 0, 0, 0, 0, 0, 0, 0, 0, 0], [0, 0, 0, 0, 0, 0, 0, 0, 0, 0, 0, 0, 0, 0, 0, 0, 0, 0, 0, 0, 0, 0, 0, 0, 0, 0, 0, 0, 0, 0, 0, 0], [0, 0, 0, 0, 0, 0, 0, 0, 0, 0, 0, 0, 0, 0, 0, 0, 0, 0, 0, 0, 0, 0, 0, 0, 0, 0, 0, 0, 0, 0, 0, 0], [0, 0, 0, 0, 0, 0, 0, 0, 0, 0, 0, 0, 0, 0, 0, 0, 0, 0, 0, 0, 0, 0, 0, 0, 0, 0, 0, 0, 0, 0, 0, 0], [0, 0, 0, 0, 0, 0, 0, 0, 0, 0, 0, 0, 0, 0, 0, 0, 0, 0, 0, 0, 0, 0, 0, 0, 0, 0, 0, 0, 0, 0, 0, 0], [0, 0, 0, 0, 0, 0, 0, 0, 0, 0, 0, 0, 0, 0, 0, 0, 0, 0, 0, 0, 0, 0, 0, 0, 0, 0, 0, 0, 0, 0, 0, 0], [0, 0, 0, 0, 0, 0, 0, 0, 0, 0, 0, 0, 0, 0, 0, 0, 0, 0, 0, 0, 0, 0, 0, 0, 0, 0, 0, 0, 0, 0, 0, 0], [0, 0, 0, 0, 0, 0, 0, 0, 0, 0, 0, 0, 0, 0, 0, 0, 0, 0, 0, 0, 0, 0, 0, 0, 0, 0, 0, 0, 0, 0, 0, 0], [0, 0, 0, 0, 0, 0, 0, 0, 0, 0, 0, 0, 0, 0, 0, 0, 0, 0, 0, 0, 0, 0, 0, 0, 0, 0, 0, 0, 0, 0, 0, 0], [0, 0, 0, 0, 0, 0, 0, 0, 0, 0, 0, 0, 0, 0, 0, 0, 0, 0, 0, 0, 0, 0, 0, 0, 0, 0, 0, 0, 0, 0, 0, 0], [0, 0, 0, 0, 0, 0, 0, 0, 0, 0, 0, 0, 0, 0, 0, 0, 0, 0, 0, 0, 0, 0, 0, 0, 0, 0, 0, 0, 0, 0, 0, 0], [0, 0, 0, 0, 0, 0, 0, 0, 0, 0, 0, 0, 0, 0, 0, 0, 0, 0, 0, 0, 0, 0, 0, 0, 0, 0, 0, 0, 0, 0, 0, 0], [0, 0, 0, 0, 0, 0, 0, 0, 0, 0, 0, 0, 0, 0, 0, 0, 0, 0, 0, 0, 0, 0, 0, 0, 0, 0, 0, 0, 0, 0, 0, 0], [0, 0, 0, 0, 0, 0, 0, 0, 0, 0, 0, 0, 0, 0, 0, 0, 0, 0, 0, 0, 0, 0, 0, 0, 0, 0, 0, 0, 0, 0, 0, 0], [0, 0, 0, 0, 0, 0, 0, 0, 0, 0, 0, 0, 0, 0, 0, 0, 0, 0, 0, 0, 0, 0, 0, 0, 0, 0, 0, 0, 0, 0, 0, 0], [0, 0, 0, 0, 0, 0, 0, 0, 0, 0, 0, 0, 0, 0, 0, 0, 0, 0, 0, 0, 0, 0, 0, 0, 0, 0, 0, 0, 0, 0, 0, 0], [0, 0, 0, 0, 0, 0, 0, 0, 0, 0, 0, 0, 0, 0, 0, 0, 0, 0, 0, 0, 0, 0, 0, 0, 0, 0, 0, 0, 0, 0, 0, 0], [0, 0, 0, 0, 0, 0, 0, 0, 0, 0, 0, 0, 0, 0, 0, 0, 0, 0, 0, 0, 0, 0, 0, 0, 0, 0, 0, 0, 0, 0, 0, 0], [0, 0, 0, 0, 0, 0, 0, 0, 0, 0, 0, 0, 0, 0, 0, 0, 0, 0, 0, 0, 0, 0, 0, 0, 0, 0, 0, 0, 0, 0, 0, 0], [0, 0, 0, 0, 0, 0, 0, 0, 0, 0, 0, 0, 0, 0, 0, 0, 0, 0, 0, 0, 0, 0, 0, 0, 0, 0, 0, 0, 0, 0, 0, 0], [0, 0, 0, 0, 0, 0, 0, 0, 0, 0, 0, 0, 0, 0, 0, 0, 0, 0, 0, 0, 0, 0, 0, 0, 0, 0, 0, 0, 0, 0, 0, 0], [0, 0, 0, 0, 0, 0, 0, 0, 0, 0, 0, 0, 0, 0, 0, 0, 0, 0, 0, 0, 0, 0, 0, 0, 0, 0, 0, 0, 0, 0, 0, 0], [0, 0, 0, 0, 0, 0, 0, 0, 0, 0, 0, 0, 0, 0, 0, 0, 0, 0, 0, 0, 0, 0, 0, 0, 0, 0, 0, 0, 0, 0, 0, 0], [0, 0, 0, 0, 0, 0, 0, 0, 0, 0, 0, 0, 0, 0, 0, 0, 0, 0, 0, 0, 0, 0, 0, 0, 0, 0, 0, 0, 0, 0, 0, 0], [0, 0, 0, 0, 0, 0, 0, 0, 0, 0, 0, 0, 0, 0, 0, 0, 0, 0, 0, 0, 0, 0, 0, 0, 0, 0, 0, 0, 0, 0, 0, 0], [0, 0, 0, 0, 0, 0, 0, 0, 0, 0, 0, 0, 0, 0, 0, 0, 0, 0, 0, 0, 0, 0, 0, 0, 0, 0, 0, 0, 0, 0, 0, 0], [0, 0, 0, 0, 0, 0, 0, 0, 0, 0, 0, 0, 0, 0, 0, 0, 0, 0, 0, 0, 0, 0, 0, 0, 0, 0, 0, 0, 0, 0, 0, 0], [0, 0, 0, 0, 0, 0, 0, 0, 0, 0, 0, 0, 0, 0, 0, 0, 0, 0, 0, 0, 0, 0, 0, 0, 0, 0, 0, 0, 0, 0, 0, 0], [0, 0, 0, 0, 0, 0, 0, 0, 0, 0, 0, 0, 0, 0, 0, 0, 0, 0, 0, 0, 0, 0, 0, 0, 0, 0, 0, 0, 0, 0, 0, 0], [0, 0, 0, 0, 0, 0, 0, 0, 0, 0, 0, 0, 0, 0, 0, 0, 0, 0, 0, 0, 0, 0, 0, 0, 0, 0, 0, 0, 0, 0, 0, 0], [0, 0, 0, 0, 0, 0, 0, 0, 0, 0, 0, 0, 0, 0, 0, 0, 0, 0, 0, 0, 0, 0, 0, 0, 0, 0, 0, 0, 0, 0, 0, 0], [0, 0, 0, 0, 0, 0, 0, 0, 0, 0, 0, 0, 0, 0, 0, 0, 0, 0, 0, 0, 0, 0, 0, 0, 0, 0, 0, 0, 0, 0, 0, 0], [0, 0, 0, 0, 0, 0, 0, 0, 0, 0, 0, 0, 0, 0, 0, 0, 0, 0, 0, 0, 0, 0, 0, 0, 0, 0, 0, 0, 0, 0, 0, 0], [0, 0, 0, 0, 0, 0, 0, 0, 0, 0, 0, 0, 0, 0, 0, 0, 0, 0, 0, 0, 0, 0, 0, 0, 0, 0, 0, 0, 0, 0, 0, 0], [0, 0, 0, 0, 0, 0, 0, 0, 0, 0, 0, 0, 0, 0, 0, 0, 0, 0, 0, 0, 0, 0, 0, 0, 0, 0, 0, 0, 0, 0, 0, 0], [0, 0, 0, 0, 0, 0, 0, 0, 0, 0, 0, 0, 0, 0, 0, 0, 0, 0, 0, 0, 0, 0, 0, 0, 0, 0, 0, 0, 0, 0, 0, 0], [0, 0, 0, 0, 0, 0, 0, 0, 0, 0, 0, 0, 0, 0, 0, 0, 0, 0, 0, 0, 0, 0, 0, 0, 0, 0, 0, 0, 0, 0, 0, 0], [0, 0, 0, 0, 0, 0, 0, 0, 0, 0, 0, 0, 0, 0, 0, 0, 0, 0, 0, 0, 0, 0, 0, 0, 0, 0, 0, 0, 0, 0, 0, 0], [0, 0, 0, 0, 0, 0, 0, 0, 0, 0, 0, 0, 0, 0, 0, 0, 0, 0, 0, 0, 0, 0, 0, 0, 0, 0, 0, 0, 0, 0, 0, 0], [0, 0, 0, 0, 0, 0, 0, 0, 0, 0, 0, 0, 0, 0, 0, 0, 0, 0, 0, 0, 0, 0, 0, 0, 0, 0, 0, 0, 0, 0, 0, 0], [0, 0, 0, 0, 0, 0, 0, 0, 0, 0, 0, 0, 0, 0, 0, 0, 0, 0, 0, 0, 0, 0, 0, 0, 0, 0, 0, 0, 0, 0, 0, 0], [0, 0, 0, 0, 0, 0, 0, 0, 0, 0, 0, 0, 0, 0, 0, 0, 0, 0, 0, 0, 0, 0, 0, 0, 0, 0, 0, 0, 0, 0, 0, 0], [0, 0, 0, 0, 0, 0, 0, 0, 0, 0, 0, 0, 0, 0, 0, 0, 0, 0, 0, 0, 0, 0, 0, 0, 0, 0, 0, 0, 0, 0, 0, 0], [0, 0, 0, 0, 0, 0, 0, 0, 0, 0, 0, 0, 0, 0, 0, 0, 0, 0, 0, 0, 0, 0, 0, 0, 0, 0, 0, 0, 0, 0, 0, 0], [0, 0, 0, 0, 0, 0, 0, 0, 0, 0, 0, 0, 0, 0, 0, 0, 0, 0, 0, 0, 0, 0, 0, 0, 0, 0, 0, 0, 0, 0, 0, 0], [0, 0, 0, 0, 0, 0, 0, 0, 0, 0, 0, 0, 0, 0, 0, 0, 0, 0, 0, 0, 0, 0, 0, 0, 0, 0, 0, 0, 0, 0, 0, 0], [0, 0, 0, 0, 0, 0, 0, 0, 0, 0, 0, 0, 0, 0, 0, 0, 0, 0, 0, 0, 0, 0, 0, 0, 0, 0, 0, 0, 0, 0, 0, 0], [0, 0, 0, 0, 0, 0, 0, 0, 0, 0, 0, 0, 0, 0, 0, 0, 0, 0, 0, 0, 0, 0, 0, 0, 0, 0, 0, 0, 0, 0, 0, 0], [0, 0, 0, 0, 0, 0, 0, 0, 0, 0, 0, 0, 0, 0, 0, 0, 0, 0, 0, 0, 0, 0, 0, 0, 0, 0, 0, 0, 0, 0, 0, 0], [0, 0, 0, 0, 0, 0, 0, 0, 0, 0, 0, 0, 0, 0, 0, 0, 0, 0, 0, 0, 0, 0, 0, 0, 0, 0, 0, 0, 0, 0, 0, 0], [0, 0, 0, 0, 0, 0, 0, 0, 0, 0, 0, 0, 0, 0, 0, 0, 0, 0, 0, 0, 0, 0, 0, 0, 0, 0, 0, 0, 0, 0, 0, 0], [0, 0, 0, 0, 0, 0, 0, 0, 0, 0, 0, 0, 0, 0, 0, 0, 0, 0, 0, 0, 0, 0, 0, 0, 0, 0, 0, 0, 0, 0, 0, 0], [0, 0, 0, 0, 0, 0, 0, 0, 0, 0, 0, 0, 0, 0, 0, 0, 0, 0, 0, 0, 0, 0, 0, 0, 0, 0, 0, 0, 0, 0, 0, 0], [0, 0, 0, 0, 0, 0, 0, 0, 0, 0, 0, 0, 0, 0, 0, 0, 0, 0, 0, 0, 0, 0, 0, 0, 0, 0, 0, 0, 0, 0, 0, 0], [0, 0, 0, 0, 0, 0, 0, 0, 0, 0, 0, 0, 0, 0, 0, 0, 0, 0, 0, 0, 0, 0, 0, 0, 0, 0, 0, 0, 0, 0, 0, 0], [0, 0, 0, 0, 0, 0, 0, 0, 0, 0, 0, 0, 0, 0, 0, 0, 0, 0, 0, 0, 0, 0, 0, 0, 0, 0, 0, 0, 124, 247, 8, 190], [174, 26, 31, 221, 18, 231, 130, 7, 56, 63, 15, 94, 113, 27, 113, 131, 17, 109, 239, 251, 253, 181, 228, 138, 84, 181, 146, 3, 202, 49, 197, 233], [146, 117, 91, 221, 174, 97, 80, 223, 225, 216, 4, 143, 234, 124, 198, 17, 178, 47, 4, 77, 102, 168, 12, 29, 38, 117, 240, 23, 127, 227, 98, 170], [139, 211, 42, 16, 103, 15, 233, 98, 245, 144, 153, 41, 128, 83, 126, 37, 9, 236, 211, 145, 245, 31, 213, 250, 210, 113, 6, 28, 223, 145, 186, 231], [38, 155, 94, 98, 124, 61, 238, 113, 82, 179, 91, 176, 2, 192, 189, 32, 75, 140, 153, 103, 235, 102, 116, 102, 179, 83, 133, 0, 192, 110, 89, 185], [243, 130, 103, 198, 16, 92, 10, 192, 208, 114, 223, 213, 208, 118, 38, 99, 194, 108, 68, 42, 185, 3, 153, 187, 241, 7, 215, 20, 29, 118, 194, 75], [65, 195, 209, 160, 9, 78, 95, 147, 185, 96, 175, 151, 116, 252, 46, 135, 14, 204, 149, 222, 83, 243, 33, 21, 160, 159, 86, 57, 0, 0, 0, 0], [0, 0, 0, 0, 0, 0, 0, 0, 0, 0, 0, 0, 0, 0, 0, 0, 0, 0, 0, 0, 0, 0, 0, 0, 0, 0, 0, 0, 0, 0, 0, 0], [0, 0, 0, 0, 0, 0, 0, 0, 0, 0, 0, 0, 0, 0, 0, 0, 0, 0, 0, 0, 0, 0, 0, 0, 0, 0, 0, 0, 0, 0, 0, 0], [0, 0, 0, 0, 0, 0, 0, 0, 0, 0, 0, 0, 0, 0, 0, 0, 0, 0, 0, 0, 0, 0, 0, 0, 0, 0, 0, 0, 0, 0, 0, 0], [0, 0, 0, 0, 0, 0, 0, 0, 0, 0, 0, 0, 0, 0, 0, 0, 0, 0, 0, 0, 0, 0, 0, 0, 0, 0, 0, 0, 0, 0, 0, 0], [0, 0, 0, 0, 0, 0, 0, 0, 0, 0, 0, 0, 0, 0, 0, 0, 0, 0, 0, 0, 0, 0, 0, 0, 0, 0, 0, 0, 0, 0, 0, 0], [0, 0, 0, 0, 0, 0, 0, 0, 0, 0, 0, 0, 0, 0, 0, 0, 0, 0, 0, 0, 0, 0, 0, 0, 0, 0, 0, 0, 0, 0, 0, 0], [0, 0, 0, 0, 0, 0, 0, 0, 0, 0, 0, 0, 0, 0, 0, 0, 0, 0, 0, 0, 0, 0, 0, 0, 0, 0, 0, 0, 0, 0, 0, 0], [0, 0, 0, 0, 0, 0, 0, 0, 0, 0, 0, 0, 0, 0, 0, 0, 0, 0, 0, 0, 0, 0, 0, 0, 0, 0, 0, 0, 0, 0, 0, 0], [0, 0, 0, 0, 0, 0, 0, 0, 0, 0, 0, 0, 0, 0, 0, 0, 0, 0, 0, 0, 0, 0, 0, 0, 0, 0, 0, 0, 0, 0, 0, 0], [0, 0, 0, 0, 0, 0, 0, 0, 0, 0, 0, 0, 0, 0, 0, 0, 0, 0, 0, 0, 0, 0, 0, 0, 0, 0, 0, 0, 0, 0, 0, 0], [0, 0, 0, 0, 0, 0, 0, 0, 0, 0, 0, 0, 0, 0, 0, 0, 0, 0, 0, 0, 0, 0, 0, 0, 0, 0, 0, 0, 0, 0, 0, 0], [0, 0, 0, 0, 0, 0, 0, 0, 0, 0, 0, 0, 0, 0, 0, 0, 0, 0, 0, 0, 0, 0, 0, 0, 0, 0, 0, 0, 0, 0, 0, 0], [0, 0, 0, 0, 0, 0, 0, 0, 0, 0, 0, 0, 0, 0, 0, 0, 0, 0, 0, 0, 0, 0, 0, 0, 0, 0, 0, 0, 0, 0, 0, 0], [0, 0, 0, 0, 0, 0, 0, 0, 0, 0, 0, 0, 0, 0, 0, 0, 0, 0, 0, 0, 0, 0, 0, 0, 0, 0, 0, 0, 0, 0, 0, 0], [0, 0, 0, 0, 0, 0, 0, 0, 0, 0, 0, 0, 0, 0, 0, 0, 0, 0, 0, 0, 0, 0, 0, 0, 0, 0, 0, 0, 0, 0, 0, 0], [0, 0, 0, 0, 0, 0, 0, 0, 0, 0, 0, 0, 0, 0, 0, 0, 0, 0, 0, 0, 0, 0, 0, 0, 0, 0, 0, 0, 0, 0, 0, 0], [0, 0, 0, 0, 0, 0, 0, 0, 0, 0, 0, 0, 0, 0, 0, 0, 0, 0, 0, 0, 0, 0, 0, 0, 0, 0, 0, 0, 0, 0, 0, 0], [0, 0, 0, 0, 0, 0, 0, 0, 0, 0, 0, 0, 0, 0, 0, 0, 0, 0, 0, 0, 0, 0, 0, 0, 0, 0, 0, 0, 0, 0, 0, 0], [0, 0, 0, 0, 0, 0, 0, 0, 0, 0, 0, 0, 0, 0, 0, 0, 0, 0, 0, 0, 0, 0, 0, 0, 0, 0, 0, 0, 0, 0, 0, 0], [0, 0, 0, 0, 0, 0, 0, 0, 0, 0, 0, 0, 0, 0, 0, 0, 0, 0, 0, 0, 0, 0, 0, 0, 0, 0, 0, 0, 0, 0, 0, 0], [0, 0, 0, 0, 0, 0, 0, 0, 0, 0, 0, 0, 0, 0, 0, 0, 0, 0, 0, 0, 0, 0, 0, 0, 0, 0, 0, 0, 0, 0, 0, 0], [0, 0, 0, 0, 0, 0, 0, 0, 0, 0, 0, 0, 0, 0, 0, 0, 0, 0, 0, 0, 0, 0, 0, 0, 0, 0, 0, 0, 0, 0, 0, 0], [0, 0, 0, 0, 0, 0, 0, 0, 0, 0, 0, 0, 0, 0, 0, 0, 0, 0, 0, 0, 0, 0, 0, 0, 0, 0, 0, 0, 0, 0, 0, 0], [0, 0, 0, 0, 0, 0, 0, 0, 0, 0, 0, 0, 0, 0, 0, 0, 0, 0, 0, 0, 0, 0, 0, 0, 0, 0, 0, 0, 0, 0, 0, 0], [0, 0, 0, 0, 0, 0, 0, 0, 0, 0, 0, 0, 0, 0, 0, 0, 0, 0, 0, 0, 0, 0, 0, 0, 0, 0, 0, 0, 0, 0, 0, 0], [0, 0, 0, 0, 0, 0, 0, 0, 0, 0, 0, 0, 0, 0, 0, 0, 0, 0, 0, 0, 0, 0, 0, 0, 0, 0, 0, 0, 0, 0, 0, 0], [0, 0, 0, 0, 0, 0, 0, 0, 0, 0, 0, 0, 0, 0, 0, 0, 0, 0, 0, 0, 0, 0, 0, 0, 0, 0, 0, 0, 0, 0, 0, 0], [0, 0, 0, 0, 0, 0, 0, 0, 0, 0, 0, 0, 0, 0, 0, 0, 0, 0, 0, 0, 0, 0, 0, 0, 0, 0, 0, 0, 0, 0, 0, 0], [0, 0, 0, 0, 0, 0, 0, 0, 0, 0, 0, 0, 0, 0, 0, 0, 0, 0, 0, 0, 0, 0, 0, 0, 0, 0, 0, 0, 0, 0, 0, 0], [0, 0, 0, 0, 0, 0, 0, 0, 0, 0, 0, 0, 0, 0, 0, 0, 0, 0, 0, 0, 0, 0, 0, 0, 0, 0, 0, 0, 0, 0, 0, 0], [0, 0, 0, 0, 0, 0, 0, 0, 0, 0, 0, 0, 0, 0, 0, 0, 0, 0, 0, 0, 0, 0, 0, 0, 0, 0, 0, 0, 0, 0, 0, 0], [0, 0, 0, 0, 0, 0, 0, 0, 0, 0, 0, 0, 0, 0, 0, 0, 0, 0, 0, 0, 0, 0, 0, 0, 0, 0, 0, 0, 0, 0, 0, 0], [0, 0, 0, 0, 0, 0, 0, 0, 0, 0, 0, 0, 0, 0, 0, 0, 0, 0, 0, 0, 0, 0, 0, 0, 0, 0, 0, 0, 0, 0, 0, 0], [0, 0, 0, 0, 0, 0, 0, 0, 0, 0, 0, 0, 0, 0, 0, 0, 0, 0, 0, 0, 0, 0, 0, 0, 0, 0, 0, 0, 0, 0, 0, 0], [0, 0, 0, 0, 0, 0, 0, 0, 0, 0, 0, 0, 0, 0, 0, 0, 0, 0, 0, 0, 0, 0, 0, 0, 0, 0, 0, 0, 0, 0, 0, 0], [0, 0, 0, 0, 0, 0, 0, 0, 0, 0, 0, 0, 0, 0, 0, 0, 0, 0, 0, 0, 0, 0, 0, 0, 0, 0, 0, 0, 0, 0, 0, 0], [0, 0, 0, 0, 0, 0, 0, 0, 0, 0, 0, 0, 0, 0, 0, 0, 0, 0, 0, 0, 0, 0, 0, 0, 0, 0, 0, 0, 0, 0, 0, 0], [0, 0, 0, 0, 0, 0, 0, 0, 0, 0, 0, 0, 0, 0, 0, 0, 0, 0, 0, 0, 0, 0, 0, 0, 0, 0, 0, 0, 0, 0, 0, 0], [0, 0, 0, 0, 0, 0, 0, 0, 0, 0, 0, 0, 0, 0, 0, 0, 0, 0, 0, 0, 0, 0, 0, 0, 0, 0, 0, 0, 0, 0, 0, 0], [0, 0, 0, 0, 0, 0, 0, 0, 0, 0, 0, 0, 0, 0, 0, 0, 0, 0, 0, 0, 0, 0, 0, 0, 0, 0, 0, 0, 0, 0, 0, 0], [0, 0, 0, 0, 0, 0, 0, 0, 0, 0, 0, 0, 0, 0, 0, 0, 0, 0, 0, 0, 0, 0, 0, 0, 0, 0, 0, 0, 0, 0, 0, 0], [0, 0, 0, 0, 0, 0, 0, 0, 0, 0, 0, 0, 0, 0, 0, 0, 0, 0, 0, 0, 0, 0, 0, 0, 0, 0, 0, 0, 0, 0, 0, 0], [0, 0, 0, 0, 0, 0, 0, 0, 0, 0, 0, 0, 0, 0, 0, 0, 0, 0, 0, 0, 0, 0, 0, 0, 0, 0, 0, 0, 0, 0, 0, 0], [0, 0, 0, 0, 0, 0, 0, 0, 0, 0, 0, 0, 0, 0, 0, 0, 0, 0, 0, 0, 0, 0, 0, 0, 0, 0, 0, 0, 0, 0, 0, 0], [0, 0, 0, 0, 0, 0, 0, 0, 0, 0, 0, 0, 0, 0, 0, 0, 0, 0, 0, 0, 0, 0, 0, 0, 0, 0, 0, 0, 0, 0, 0, 0], [0, 0, 0, 0, 0, 0, 0, 0, 0, 0, 0, 0, 0, 0, 0, 0, 0, 0, 0, 0, 0, 0, 0, 0, 0, 0, 0, 0, 0, 0, 0, 0], [0, 0, 0, 0, 0, 0, 0, 0, 0, 0, 0, 0, 0, 0, 0, 0, 0, 0, 0, 0, 0, 0, 0, 0, 0, 0, 0, 0, 0, 0, 0, 0], [0, 0, 0, 0, 0, 0, 0, 0, 0, 0, 0, 0, 0, 0, 0, 0, 0, 0, 0, 0, 0, 0, 0, 0, 0, 0, 0, 0, 0, 0, 0, 0], [0, 0, 0, 0, 0, 0, 0, 0, 0, 0, 0, 0, 0, 0, 0, 0, 0, 0, 0, 0, 0, 0, 0, 0, 0, 0, 0, 0, 0, 0, 0, 0], [0, 0, 0, 0, 0, 0, 0, 0, 0, 0, 0, 0, 0, 0, 0, 0, 0, 0, 0, 0, 0, 0, 0, 0, 0, 0, 0, 0, 0, 0, 0, 0], [0, 0, 0, 0, 0, 0, 0, 0, 0, 0, 0, 0, 0, 0, 0, 0, 0, 0, 0, 0, 0, 0, 0, 0, 0, 0, 0, 0, 0, 0, 0, 0], [0, 0, 0, 0, 0, 0, 0, 0, 0, 0, 0, 0, 0, 0, 0, 0, 0, 0, 0, 0, 0, 0, 0, 0, 0, 0, 0, 0, 0, 0, 0, 0], [0, 0, 0, 0, 0, 0, 0, 0, 0, 0, 0, 0, 0, 0, 0, 0, 0, 0, 0, 0, 0, 0, 0, 0, 0, 0, 0, 0, 0, 0, 0, 0], [0, 0, 0, 0, 0, 0, 0, 0, 0, 0, 0, 0, 0, 0, 0, 0, 0, 0, 0, 0, 0, 0, 0, 0, 0, 0, 0, 0, 0, 0, 0, 0], [0, 0, 0, 0, 0, 0, 0, 0, 0, 0, 0, 0, 0, 0, 0, 0, 0, 0, 0, 0, 0, 0, 0, 0, 0, 0, 0, 0, 0, 0, 0, 0], [0, 0, 0, 0, 0, 0, 0, 0, 0, 0, 0, 0, 0, 0, 0, 0, 0, 0, 0, 0, 0, 0, 0, 0, 0, 0, 0, 0, 0, 0, 0, 0], [0, 0, 0, 0, 0, 0, 0, 0, 0, 0, 0, 0, 0, 0, 0, 0, 0, 0, 0, 0, 0, 0, 0, 0, 0, 0, 0, 0, 0, 0, 0, 0], [0, 0, 0, 0, 0, 0, 0, 0, 0, 0, 0, 0, 0, 0, 0, 0, 0, 0, 0, 0, 0, 0, 0, 0, 0, 0, 0, 0, 0, 0, 0, 0], [0, 0, 0, 0, 0, 0, 0, 0, 0, 0, 0, 0, 0, 0, 0, 0, 0, 0, 0, 0, 0, 0, 0, 0, 0, 0, 0, 0, 0, 0, 0, 0], [0, 0, 0, 0, 0, 0, 0, 0, 0, 0, 0, 0, 0, 0, 0, 0, 0, 0, 0, 0, 0, 0, 0, 0, 0, 0, 0, 0, 0, 0, 0, 0], [0, 0, 0, 0, 0, 0, 0, 0, 0, 0, 0, 0, 0, 0, 0, 0, 0, 0, 0, 0, 0, 0, 0, 0, 0, 0, 0, 0, 0, 0, 0, 0], [0, 0, 0, 0, 0, 0, 0, 0, 0, 0, 0, 0, 0, 0, 0, 0, 0, 0, 0, 0, 0, 0, 0, 0, 0, 0, 0, 0, 0, 0, 0, 0], [0, 0, 0, 0, 0, 0, 0, 0, 0, 0, 0, 0, 0, 0, 0, 0, 0, 0, 0, 0, 0, 0, 0, 0, 0, 0, 0, 0, 0, 0, 0, 0], [0, 0, 0, 0, 0, 0, 0, 0, 0, 0, 0, 0, 0, 0, 0, 0, 0, 0, 0, 0, 0, 0, 0, 0, 0, 0, 0, 0, 0, 0, 0, 0], [0, 0, 0, 0, 0, 0, 0, 0, 0, 0, 0, 0, 0, 0, 0, 0, 0, 0, 0, 0, 0, 0, 0, 0, 0, 0, 0, 0, 0, 0, 0, 0], [0, 0, 0, 0, 0, 0, 0, 0, 0, 0, 0, 0, 0, 0, 0, 0, 0, 0, 0, 0, 0, 0, 0, 0, 0, 0, 0, 0, 0, 0, 0, 0], [0, 0, 0, 0, 0, 0, 0, 0, 0, 0, 0, 0, 0, 0, 0, 0, 0, 0, 0, 0, 0, 0, 0, 0, 0, 0, 0, 0, 0, 0, 0, 0], [0, 0, 0, 0, 0, 0, 0, 0, 0, 0, 0, 0, 0, 0, 0, 0, 0, 0, 0, 0, 0, 0, 0, 0, 0, 0, 0, 0, 0, 0, 0, 0], [0, 0, 0, 0, 0, 0, 0, 0, 0, 0, 0, 0, 0, 0, 0, 0, 0, 0, 0, 0, 0, 0, 0, 0, 0, 0, 0, 0, 0, 0, 0, 0], [0, 0, 0, 0, 0, 0, 0, 0, 0, 0, 0, 0, 0, 0, 0, 0, 0, 0, 0, 0, 0, 0, 0, 0, 0, 0, 0, 0, 0, 0, 0, 0], [0, 0, 0, 0, 0, 0, 0, 0, 0, 0, 0, 0, 0, 0, 0, 0, 0, 0, 0, 0, 0, 0, 0, 0, 0, 0, 0, 0, 0, 0, 0, 0], [0, 0, 0, 0, 0, 0, 0, 0, 0, 0, 0, 0, 0, 0, 0, 0, 0, 0, 0, 0, 0, 0, 0, 0, 0, 0, 0, 0, 0, 0, 0, 0], [0, 0, 0, 0, 0, 0, 0, 0, 0, 0, 0, 0, 0, 0, 0, 0, 0, 0, 0, 0, 0, 0, 0, 0, 0, 0, 0, 0, 0, 0, 0, 0], [0, 0, 0, 0, 0, 0, 0, 0, 0, 0, 0, 0, 0, 0, 0, 0, 0, 0, 0, 0, 0, 0, 0, 0, 0, 0, 0, 0, 0, 0, 0, 0], [0, 0, 0, 0, 0, 0, 0, 0, 0, 0, 0, 0, 0, 0, 0, 0, 0, 0, 0, 0, 0, 0, 0, 0, 0, 0, 0, 0, 0, 0, 0, 0], [0, 0, 0, 0, 0, 0, 0, 0, 0, 0, 0, 0, 0, 0, 0, 0, 0, 0, 0, 0, 0, 0, 0, 0, 0, 0, 0, 0, 0, 0, 0, 0], [0, 0, 0, 0, 0, 0, 0, 0, 0, 0, 0, 0, 0, 0, 0, 0, 0, 0, 0, 0, 0, 0, 0, 0, 0, 0, 0, 0, 0, 0, 0, 0], [0, 0, 0, 0, 0, 0, 0, 0, 0, 0, 0, 0, 0, 0, 0, 0, 0, 0, 0, 0, 0, 0, 0, 0, 0, 0, 0, 0, 0, 0, 0, 0], [0, 0, 0, 0, 0, 0, 0, 0, 0, 0, 0, 0, 0, 0, 0, 0, 0, 0, 0, 0, 0, 0, 0, 0, 0, 0, 0, 0, 0, 0, 0, 0], [0, 0, 0, 0, 0, 0, 0, 0, 0, 0, 0, 0, 0, 0, 0, 0, 0, 0, 0, 0, 0, 0, 0, 0, 0, 0, 0, 0, 0, 0, 0, 0], [0, 0, 0, 0, 0, 0, 0, 0, 0, 0, 0, 0, 0, 0, 0, 0, 0, 0, 0, 0, 0, 0, 0, 0, 0, 0, 0, 0, 0, 0, 0, 0], [0, 0, 0, 0, 0, 0, 0, 0, 0, 0, 0, 0, 0, 0, 0, 0, 0, 0, 0, 0, 0, 0, 0, 0, 0, 0, 0, 0, 0, 0, 0, 0], [0, 0, 0, 0, 0, 0, 0, 0, 0, 0, 0, 0, 0, 0, 0, 0, 0, 0, 0, 0, 0, 0, 0, 0, 0, 0, 0, 0, 0, 0, 0, 0], [0, 0, 0, 0, 0, 0, 0, 0, 0, 0, 0, 0, 0, 0, 0, 0, 0, 0, 0, 0, 0, 0, 0, 0, 0, 0, 0, 0, 0, 0, 0, 0], [0, 0, 0, 0, 0, 0, 0, 0, 0, 0, 0, 0, 0, 0, 0, 0, 0, 0, 0, 0, 0, 0, 0, 0, 0, 0, 0, 0, 0, 0, 0, 0], [0, 0, 0, 0, 0, 0, 0, 0, 0, 0, 0, 0, 0, 0, 0, 0, 0, 0, 0, 0, 0, 0, 0, 0, 0, 0, 0, 0, 0, 0, 0, 0], [0, 0, 0, 0, 0, 0, 0, 0, 0, 0, 0, 0, 0, 0, 0, 0, 0, 0, 0, 0, 0, 0, 0, 0, 0, 0, 0, 0, 0, 0, 0, 0], [0, 0, 0, 0, 0, 0, 0, 0, 0, 0, 0, 0, 0, 0, 0, 0, 0, 0, 0, 0, 0, 0, 0, 0, 0, 0, 0, 0, 0, 0, 0, 0], [0, 0, 0, 0, 0, 0, 0, 0, 0, 0, 0, 0, 0, 0, 0, 0, 0, 0, 0, 0, 0, 0, 0, 0, 0, 0, 0, 0, 0, 0, 0, 0], [0, 0, 0, 0, 0, 0, 0, 0, 0, 0, 0, 0, 0, 0, 0, 0, 0, 0, 0, 0, 0, 0, 0, 0, 0, 0, 0, 0, 0, 0, 0, 0], [0, 0, 0, 0, 0, 0, 0, 0, 0, 0, 0, 0, 0, 0, 0, 0, 0, 0, 0, 0, 0, 0, 0, 0, 0, 0, 0, 0, 0, 0, 0, 0], [0, 0, 0, 0, 0, 0, 0, 0, 0, 0, 0, 0, 0, 0, 0, 0, 0, 0, 0, 0, 0, 0, 0, 0, 0, 0, 0, 0, 0, 0, 0, 0], [0, 0, 0, 0, 0, 0, 0, 0, 0, 0, 0, 0, 0, 0, 0, 0, 0, 0, 0, 0, 0, 0, 0, 0, 0, 0, 0, 0, 0, 0, 0, 0], [0, 0, 0, 0, 0, 0, 0, 0, 0, 0, 0, 0, 0, 0, 0, 0, 0, 0, 0, 0, 0, 0, 0, 0, 0, 0, 0, 0, 0, 0, 0, 0], [0, 0, 0, 0, 0, 0, 0, 0, 0, 0, 0, 0, 0, 0, 0, 0, 0, 0, 0, 0, 0, 0, 0, 0, 0, 0, 0, 0, 0, 0, 0, 0], [0, 0, 0, 0, 0, 0, 0, 0, 0, 0, 0, 0, 0, 0, 0, 0, 0, 0, 0, 0, 0, 0, 0, 0, 0, 0, 0, 0, 0, 0, 0, 0], [0, 0, 0, 0, 0, 0, 0, 0, 0, 0, 0, 0, 0, 0, 0, 0, 0, 0, 0, 0, 0, 0, 0, 0, 0, 0, 0, 0, 0, 0, 0, 0], [0, 0, 0, 0, 0, 0, 0, 0, 0, 0, 0, 0, 0, 0, 0, 0, 0, 0, 0, 0, 0, 0, 0, 0, 0, 0, 0, 0, 0, 0, 0, 0], [0, 0, 0, 0, 0, 0, 0, 0, 0, 0, 0, 0, 0, 0, 0, 0, 0, 0, 0, 0, 0, 0, 0, 0, 0, 0, 0, 0, 0, 0, 0, 0], [0, 0, 0, 0, 0, 0, 0, 0, 0, 0, 0, 0, 0, 0, 0, 0, 0, 0, 0, 0, 0, 0, 0, 0, 0, 0, 0, 0, 0, 0, 0, 0], [0, 0, 0, 0, 0, 0, 0, 0, 0, 0, 0, 0, 0, 0, 0, 0, 0, 0, 0, 0, 0, 0, 0, 0, 0, 0, 0, 0, 0, 0, 0, 0], [0, 0, 0, 0, 0, 0, 0, 0, 0, 0, 0, 0, 0, 0, 0, 0, 0, 0, 0, 0, 0, 0, 0, 0, 0, 0, 0, 0, 0, 0, 0, 0], [0, 0, 0, 0, 0, 0, 0, 0, 0, 0, 0, 0, 0, 0, 0, 0, 0, 0, 0, 0, 0, 0, 0, 0, 0, 0, 0, 0, 0, 0, 0, 0], [0, 0, 0, 0, 0, 0, 0, 0, 0, 0, 0, 0, 0, 0, 0, 0, 0, 0, 0, 0, 0, 0, 0, 0, 0, 0, 0, 0, 0, 0, 0, 0], [0, 0, 0, 0, 0, 0, 0, 0, 0, 0, 0, 0, 0, 0, 0, 0, 0, 0, 0, 0, 0, 0, 0, 0, 0, 0, 0, 0, 0, 0, 0, 0], [0, 0, 0, 0, 0, 0, 0, 0, 0, 0, 0, 0, 0, 0, 0, 0, 0, 0, 0, 0, 0, 0, 0, 0, 0, 0, 0, 0, 0, 0, 0, 0], [0, 0, 0, 0, 0, 0, 0, 0, 0, 0, 0, 0, 0, 0, 0, 0, 0, 0, 0, 0, 0, 0, 0, 0, 0, 0, 0, 0, 0, 0, 0, 0], [0, 0, 0, 0, 0, 0, 0, 0, 0, 0, 0, 0, 0, 0, 0, 0, 0, 0, 0, 0, 0, 0, 0, 0, 0, 0, 0, 0, 0, 0, 0, 0], [0, 0, 0, 0, 0, 0, 0, 0, 0, 0, 0, 0, 0, 0, 0, 0, 0, 0, 0, 0, 0, 0, 0, 0, 0, 0, 0, 0, 0, 0, 0, 0], [0, 0, 0, 0, 0, 0, 0, 0, 0, 0, 0, 0, 0, 0, 0, 0, 0, 0, 0, 0, 0, 0, 0, 0, 0, 0, 0, 0, 0, 0, 0, 0], [0, 0, 0, 0, 0, 0, 0, 0, 0, 0, 0, 0, 0, 0, 0, 0, 0, 0, 0, 0, 0, 0, 0, 0, 0, 0, 0, 0, 0, 0, 0, 0], [0, 0, 0, 0, 0, 0, 0, 0, 0, 0, 0, 0, 0, 0, 0, 0, 0, 0, 0, 0, 0, 0, 0, 0, 0, 0, 0, 0, 0, 0, 0, 0], [0, 0, 0, 0, 0, 0, 0, 0, 0, 0, 0, 0, 0, 0, 0, 0, 0, 0, 0, 0, 0, 0, 0, 0, 0, 0, 0, 0, 0, 0, 0, 0], [0, 0, 0, 0, 0, 0, 0, 0, 0, 0, 0, 0, 0, 0, 0, 0, 0, 0, 0, 0, 0, 0, 0, 0, 0, 0, 0, 0, 0, 0, 0, 0], [0, 0, 0, 0, 0, 0, 0, 0, 0, 0, 0, 0, 0, 0, 0, 0, 0, 0, 0, 0, 0, 0, 0, 0, 0, 0, 0, 0, 0, 0, 0, 0], [0, 0, 0, 0, 0, 0, 0, 0, 0, 0, 0, 0, 0, 0, 0, 0, 0, 0, 0, 0, 0, 0, 0, 0, 0, 0, 0, 0, 0, 0, 0, 0], [0, 0, 0, 0, 0, 0, 0, 0, 0, 0, 0, 0, 0, 0, 0, 0, 0, 0, 0, 0, 0, 0, 0, 0, 0, 0, 0, 0, 0, 0, 0, 0], [0, 0, 0, 0, 0, 0, 0, 0, 0, 0, 0, 0, 0, 0, 0, 0, 0, 0, 0, 0, 0, 0, 0, 0, 0, 0, 0, 0, 0, 0, 0, 0], [0, 0, 0, 0, 0, 0, 0, 0, 0, 0, 0, 0, 0, 0, 0, 0, 0, 0, 0, 0, 0, 0, 0, 0, 0, 0, 0, 0, 0, 0, 0, 0], [0, 0, 0, 0, 0, 0, 0, 0, 0, 0, 0, 0, 0, 0, 0, 0, 0, 0, 0, 0, 0, 0, 0, 0, 0, 0, 0, 0, 0, 0, 0, 0], [0, 0, 0, 0, 0, 0, 0, 0, 0, 0, 0, 0, 0, 0, 0, 0, 0, 0, 0, 0, 0, 0, 0, 0, 0, 0, 0, 0, 0, 0, 0, 0], [0, 0, 0, 0, 0, 0, 0, 0, 0, 0, 0, 0, 0, 0, 0, 0, 0, 0, 0, 0, 0, 0, 0, 0, 0, 0, 0, 0, 0, 0, 0, 0], [0, 0, 0, 0, 0, 0, 0, 0, 0, 0, 0, 0, 0, 0, 0, 0, 0, 0, 0, 0, 0, 0, 0, 0, 0, 0, 0, 0, 0, 0, 0, 0], [0, 0, 0, 0, 0, 0, 0, 0, 0, 0, 0, 0, 0, 0, 0, 0, 0, 0, 0, 0, 0, 0, 0, 0, 0, 0, 0, 0, 0, 0, 0, 0], [0, 0, 0, 0, 0, 0, 0, 0, 0, 0, 0, 0, 0, 0, 0, 0, 0, 0, 0, 0, 0, 0, 0, 0, 0, 0, 0, 0, 0, 0, 0, 0], [0, 0, 0, 0, 0, 0, 0, 0, 0, 0, 0, 0, 0, 0, 0, 0, 0, 0, 0, 0, 0, 0, 0, 0, 0, 0, 0, 0, 0, 0, 0, 0], [0, 0, 0, 0, 0, 0, 0, 0, 0, 0, 0, 0, 0, 0, 0, 0, 0, 0, 0, 0, 0, 0, 0, 0, 0, 0, 0, 0, 0, 0, 0, 0], [0, 0, 0, 0, 0, 0, 0, 0, 0, 0, 0, 0, 0, 0, 0, 0, 0, 0, 0, 0, 0, 0, 0, 0, 0, 0, 0, 0, 0, 0, 0, 0], [0, 0, 0, 0, 0, 0, 0, 0, 0, 0, 0, 0, 0, 0, 0, 0, 0, 0, 0, 0, 0, 0, 0, 0, 0, 0, 0, 0, 0, 0, 0, 0], [0, 0, 0, 0, 0, 0, 0, 0, 0, 0, 0, 0, 0, 0, 0, 0, 0, 0, 0, 0, 0, 0, 0, 0, 0, 0, 0, 0, 0, 0, 0, 0], [0, 0, 0, 0, 0, 0, 0, 0, 0, 0, 0, 0, 0, 0, 0, 0, 0, 0, 0, 0, 0, 0, 0, 0, 0, 0, 0, 0, 0, 0, 0, 0], [0, 0, 0, 0, 0, 0, 0, 0, 0, 0, 0, 0, 0, 0, 0, 0, 0, 0, 0, 0, 0, 0, 0, 0, 0, 0, 0, 0, 0, 0, 0, 0], [0, 0, 0, 0, 0, 0, 0, 0, 0, 0, 0, 0, 0, 0, 0, 0, 0, 0, 0, 0, 0, 0, 0, 0, 0, 0, 0, 0, 0, 0, 0, 0], [0, 0, 0, 0, 0, 0, 0, 0, 0, 0, 0, 0, 0, 0, 0, 0, 0, 0, 0, 0, 0, 0, 0, 0, 0, 0, 0, 0, 0, 0, 0, 0], [0, 0, 0, 0, 0, 0, 0, 0, 0, 0, 0, 0, 0, 0, 0, 0, 0, 0, 0, 0, 0, 0, 0, 0, 0, 0, 0, 0, 0, 0, 0, 0], [0, 0, 0, 0, 0, 0, 0, 0, 0, 0, 0, 0, 0, 0, 0, 0, 0, 0, 0, 0, 0, 0, 0, 0, 0, 0, 0, 0, 0, 0, 0, 0], [0, 0, 0, 0, 0, 0, 0, 0, 0, 0, 0, 0, 0, 0, 0, 0, 0, 0, 0, 0, 0, 0, 0, 0, 0, 0, 0, 0, 0, 0, 0, 0], [0, 0, 0, 0, 0, 0, 0, 0, 0, 0, 0, 0, 0, 0, 0, 0, 0, 0, 0, 0, 0, 0, 0, 0, 0, 0, 0, 0, 0, 0, 0, 0], [0, 0, 0, 0, 0, 0, 0, 0, 0, 0, 0, 0, 0, 0, 0, 0, 0, 0, 0, 0, 0, 0, 0, 0, 0, 0, 0, 0, 0, 0, 0, 0], [0, 0, 0, 0, 0, 0, 0, 0, 0, 0, 0, 0, 0, 0, 0, 0, 0, 0, 0, 0, 0, 0, 0, 0, 0, 0, 0, 0, 0, 0, 0, 0], [0, 0, 0, 0, 0, 0, 0, 0, 0, 0, 0, 0, 0, 0, 0, 0, 0, 0, 0, 0, 0, 0, 0, 0, 0, 0, 0, 0, 0, 0, 0, 0], [0, 0, 0, 0, 0, 0, 0, 0, 0, 0, 0, 0, 0, 0, 0, 0, 0, 0, 0, 0, 0, 0, 0, 0, 0, 0, 0, 0, 0, 0, 0, 0], [0, 0, 0, 0, 0, 0, 0, 0, 0, 0, 0, 0, 0, 0, 0, 0, 0, 0, 0, 0, 0, 0, 0, 0, 0, 0, 0, 0, 0, 0, 0, 0], [0, 0, 0, 0, 0, 0, 0, 0, 0, 0, 0, 0, 0, 0, 0, 0, 0, 0, 0, 0, 0, 0, 0, 0, 0, 0, 0, 0, 0, 0, 0, 0], [0, 0, 0, 0, 0, 0, 0, 0, 0, 0, 0, 0, 0, 0, 0, 0, 0, 0, 0, 0, 0, 0, 0, 0, 0, 0, 0, 0, 0, 0, 0, 0], [0, 0, 0, 0, 0, 0, 0, 0, 0, 0, 0, 0, 0, 0, 0, 0, 0, 0, 0, 0, 0, 0, 0, 0, 0, 0, 0, 0, 0, 0, 0, 0], [0, 0, 0, 0, 0, 0, 0, 0, 0, 0, 0, 0, 0, 0, 0, 0, 0, 0, 0, 0, 0, 0, 0, 0, 0, 0, 0, 0, 0, 0, 0, 0], [0, 0, 0, 0, 0, 0, 0, 0, 0, 0, 0, 0, 0, 0, 0, 0, 0, 0, 0, 0, 0, 0, 0, 0, 0, 0, 0, 0, 0, 0, 0, 0], [0, 0, 0, 0, 0, 0, 0, 0, 0, 0, 0, 0, 0, 0, 0, 0, 0, 0, 0, 0, 0, 0, 0, 0, 0, 0, 0, 0, 0, 0, 0, 0], [0, 0, 0, 0, 0, 0, 0, 0, 0, 0, 0, 0, 0, 0, 0, 0, 0, 0, 0, 0, 0, 0, 0, 0, 0, 0, 0, 0, 0, 0, 0, 0], [0, 0, 0, 0, 0, 0, 0, 0, 0, 0, 0, 0, 0, 0, 0, 0, 0, 0, 0, 0, 0, 0, 0, 0, 0, 0, 0, 0, 0, 0, 0, 0], [0, 0, 0, 0, 0, 0, 0, 0, 0, 0, 0, 0, 0, 0, 0, 0, 0, 0, 0, 0, 0, 0, 0, 0, 0, 0, 0, 0, 6, 114, 61, 234], [244, 181, 143, 178, 61, 123, 215, 241, 41, 173, 203, 109, 100, 125, 153, 224, 184, 221, 247, 222, 84, 2, 79, 176, 173, 173, 172, 59, 83, 237, 219, 68], [231, 105, 81, 212, 122, 210, 230, 159, 223, 64, 124, 151, 140, 89, 146, 248, 140, 39, 250, 51, 139, 128, 222, 229, 78, 78, 154, 72, 5, 133, 223, 160], [210, 183, 47, 107, 159, 26, 33, 238, 161, 226, 187, 156, 114, 89, 190, 112, 24, 143, 61, 114, 179, 64, 180, 231, 155, 69, 147, 71, 4, 156, 14, 145], [207, 164, 5, 35, 110, 165, 57, 186, 107, 26, 250, 98, 28, 37, 29, 79, 152, 185, 229, 123, 120, 9, 154, 141, 181, 153, 14, 79, 7, 232, 217, 107], [188, 135, 106, 93, 112, 103, 39, 157, 178, 36, 147, 235, 55, 222, 195, 33, 32, 8, 89, 28, 71, 166, 34, 225, 30, 218, 130, 18, 255, 144, 170, 135], [86, 206, 247, 19, 135, 189, 8, 78, 188, 58, 51, 41, 176, 136, 239, 166, 191, 133, 246, 124, 250, 245, 156, 233, 14, 54, 150, 36, 0, 0, 0, 0], [0, 0, 0, 0, 0, 0, 0, 0, 0, 0, 0, 0, 0, 0, 0, 0, 0, 0, 0, 0, 0, 0, 0, 0, 0, 0, 0, 0, 0, 0, 0, 0], [0, 0, 0, 0, 0, 0, 0, 0, 0, 0, 0, 0, 0, 0, 0, 0, 0, 0, 0, 0, 0, 0, 0, 0, 0, 0, 0, 0, 0, 0, 0, 0], [0, 0, 0, 0, 0, 0, 0, 0, 0, 0, 0, 0, 0, 0, 0, 0, 0, 0, 0, 0, 0, 0, 0, 0, 0, 0, 0, 0, 0, 0, 0, 0], [0, 0, 0, 0, 0, 0, 0, 0, 0, 0, 0, 0, 0, 0, 0, 0, 0, 0, 0, 0, 0, 0, 0, 0, 0, 0, 0, 0, 0, 0, 0, 0], [0, 0, 0, 0, 0, 0, 0, 0, 0, 0, 0, 0, 0, 0, 0, 0, 0, 0, 0, 0, 0, 0, 0, 0, 0, 0, 0, 0, 0, 0, 0, 0], [0, 0, 0, 0, 0, 0, 0, 0, 0, 0, 0, 0, 0, 0, 0, 0, 0, 0, 0, 0, 0, 0, 0, 0, 0, 0, 0, 0, 0, 0, 0, 0], [0, 0, 0, 0, 0, 0, 0, 0, 0, 0, 0, 0, 0, 0, 0, 0, 0, 0, 0, 0, 0, 0, 0, 0, 0, 0, 0, 0, 0, 0, 0, 0], [0, 0, 0, 0, 0, 0, 0, 0, 0, 0, 0, 0, 0, 0, 0, 0, 0, 0, 0, 0, 0, 0, 0, 0, 0, 0, 0, 0, 0, 0, 0, 0], [0, 0, 0, 0, 0, 0, 0, 0, 0, 0, 0, 0, 0, 0, 0, 0, 0, 0, 0, 0, 0, 0, 0, 0, 0, 0, 0, 0, 0, 0, 0, 0], [0, 0, 0, 0, 0, 0, 0, 0, 0, 0, 0, 0, 0, 0, 0, 0, 0, 0, 0, 0, 0, 0, 0, 0, 0, 0, 0, 0, 0, 0, 0, 0], [0, 0, 0, 0, 0, 0, 0, 0, 0, 0, 0, 0, 0, 0, 0, 0, 0, 0, 0, 0, 0, 0, 0, 0, 0, 0, 0, 0, 0, 0, 0, 0], [0, 0, 0, 0, 0, 0, 0, 0, 0, 0, 0, 0, 0, 0, 0, 0, 0, 0, 0, 0, 0, 0, 0, 0, 0, 0, 0, 0, 0, 0, 0, 0], [0, 0, 0, 0, 0, 0, 0, 0, 0, 0, 0, 0, 0, 0, 0, 0, 0, 0, 0, 0, 0, 0, 0, 0, 0, 0, 0, 0, 0, 0, 0, 0], [0, 0, 0, 0, 0, 0, 0, 0, 0, 0, 0, 0, 0, 0, 0, 0, 0, 0, 0, 0, 0, 0, 0, 0, 0, 0, 0, 0, 0, 0, 0, 0], [0, 0, 0, 0, 0, 0, 0, 0, 0, 0, 0, 0, 0, 0, 0, 0, 0, 0, 0, 0, 0, 0, 0, 0, 0, 0, 0, 0, 0, 0, 0, 0], [0, 0, 0, 0, 0, 0, 0, 0, 0, 0, 0, 0, 0, 0, 0, 0, 0, 0, 0, 0, 0, 0, 0, 0, 0, 0, 0, 0, 0, 0, 0, 0], [0, 0, 0, 0, 0, 0, 0, 0, 0, 0, 0, 0, 0, 0, 0, 0, 0, 0, 0, 0, 0, 0, 0, 0, 0, 0, 0, 0, 0, 0, 0, 0], [0, 0, 0, 0, 0, 0, 0, 0, 0, 0, 0, 0, 0, 0, 0, 0, 0, 0, 0, 0, 0, 0, 0, 0, 0, 0, 0, 0, 0, 0, 0, 0], [0, 0, 0, 0, 0, 0, 0, 0, 0, 0, 0, 0, 0, 0, 0, 0, 0, 0, 0, 0, 0, 0, 0, 0, 0, 0, 0, 0, 0, 0, 0, 0], [0, 0, 0, 0, 0, 0, 0, 0, 0, 0, 0, 0, 0, 0, 0, 0, 0, 0, 0, 0, 0, 0, 0, 0, 0, 0, 0, 0, 0, 0, 0, 0], [0, 0, 0, 0, 0, 0, 0, 0, 0, 0, 0, 0, 0, 0, 0, 0, 0, 0, 0, 0, 0, 0, 0, 0, 0, 0, 0, 0, 0, 0, 0, 0], [0, 0, 0, 0, 0, 0, 0, 0, 0, 0, 0, 0, 0, 0, 0, 0, 0, 0, 0, 0, 0, 0, 0, 0, 0, 0, 0, 0, 0, 0, 0, 0], [0, 0, 0, 0, 0, 0, 0, 0, 0, 0, 0, 0, 0, 0, 0, 0, 0, 0, 0, 0, 0, 0, 0, 0, 0, 0, 0, 0, 0, 0, 0, 0], [0, 0, 0, 0, 0, 0, 0, 0, 0, 0, 0, 0, 0, 0, 0, 0, 0, 0, 0, 0, 0, 0, 0, 0, 0, 0, 0, 0, 0, 0, 0, 0], [0, 0, 0, 0, 0, 0, 0, 0, 0, 0, 0, 0, 0, 0, 0, 0, 0, 0, 0, 0, 0, 0, 0, 0, 0, 0, 0, 0, 0, 0, 0, 0], [0, 0, 0, 0, 0, 0, 0, 0, 0, 0, 0, 0, 0, 0, 0, 0, 0, 0, 0, 0, 0, 0, 0, 0, 0, 0, 0, 0, 0, 0, 0, 0], [0, 0, 0, 0, 0, 0, 0, 0, 0, 0, 0, 0, 0, 0, 0, 0, 0, 0, 0, 0, 0, 0, 0, 0, 0, 0, 0, 0, 0, 0, 0, 0], [0, 0, 0, 0, 0, 0, 0, 0, 0, 0, 0, 0, 0, 0, 0, 0, 0, 0, 0, 0, 0, 0, 0, 0, 0, 0, 0, 0, 0, 0, 0, 0], [0, 0, 0, 0, 0, 0, 0, 0, 0, 0, 0, 0, 0, 0, 0, 0, 0, 0, 0, 0, 0, 0, 0, 0, 0, 0, 0, 0, 0, 0, 0, 0], [0, 0, 0, 0, 0, 0, 0, 0, 0, 0, 0, 0, 0, 0, 0, 0, 0, 0, 0, 0, 0, 0, 0, 0, 0, 0, 0, 0, 0, 0, 0, 0], [0, 0, 0, 0, 0, 0, 0, 0, 0, 0, 0, 0, 0, 0, 0, 0, 0, 0, 0, 0, 0, 0, 0, 0, 0, 0, 0, 0, 0, 0, 0, 0], [0, 0, 0, 0, 0, 0, 0, 0, 0, 0, 0, 0, 0, 0, 0, 0, 0, 0, 0, 0, 0, 0, 0, 0, 0, 0, 0, 0, 0, 0, 0, 0], [0, 0, 0, 0, 0, 0, 0, 0, 0, 0, 0, 0, 0, 0, 0, 0, 0, 0, 0, 0, 0, 0, 0, 0, 0, 0, 0, 0, 0, 0, 0, 0], [0, 0, 0, 0, 0, 0, 0, 0, 0, 0, 0, 0, 0, 0, 0, 0, 0, 0, 0, 0, 0, 0, 0, 0, 0, 0, 0, 0, 0, 0, 0, 0], [0, 0, 0, 0, 0, 0, 0, 0, 0, 0, 0, 0, 0, 0, 0, 0, 0, 0, 0, 0, 0, 0, 0, 0, 0, 0, 0, 0, 0, 0, 0, 0], [0, 0, 0, 0, 0, 0, 0, 0, 0, 0, 0, 0, 0, 0, 0, 0, 0, 0, 0, 0, 0, 0, 0, 0, 0, 0, 0, 0, 0, 0, 0, 0], [0, 0, 0, 0, 0, 0, 0, 0, 0, 0, 0, 0, 0, 0, 0, 0, 0, 0, 0, 0, 0, 0, 0, 0, 0, 0, 0, 0, 0, 0, 0, 0], [0, 0, 0, 0, 0, 0, 0, 0, 0, 0, 0, 0, 0, 0, 0, 0, 0, 0, 0, 0, 0, 0, 0, 0, 0, 0, 0, 0, 0, 0, 0, 0], [0, 0, 0, 0, 0, 0, 0, 0, 0, 0, 0, 0, 0, 0, 0, 0, 0, 0, 0, 0, 0, 0, 0, 0, 0, 0, 0, 0, 0, 0, 0, 0], [0, 0, 0, 0, 0, 0, 0, 0, 0, 0, 0, 0, 0, 0, 0, 0, 0, 0, 0, 0, 0, 0, 0, 0, 0, 0, 0, 0, 0, 0, 0, 0], [0, 0, 0, 0, 0, 0, 0, 0, 0, 0, 0, 0, 0, 0, 0, 0, 0, 0, 0, 0, 0, 0, 0, 0, 0, 0, 0, 0, 0, 0, 0, 0], [0, 0, 0, 0, 0, 0, 0, 0, 0, 0, 0, 0, 0, 0, 0, 0, 0, 0, 0, 0, 0, 0, 0, 0, 0, 0, 0, 0, 0, 0, 0, 0], [0, 0, 0, 0, 0, 0, 0, 0, 0, 0, 0, 0, 0, 0, 0, 0, 0, 0, 0, 0, 0, 0, 0, 0, 0, 0, 0, 0, 0, 0, 0, 0], [0, 0, 0, 0, 0, 0, 0, 0, 0, 0, 0, 0, 0, 0, 0, 0, 0, 0, 0, 0, 0, 0, 0, 0, 0, 0, 0, 0, 0, 0, 0, 0], [0, 0, 0, 0, 0, 0, 0, 0, 0, 0, 0, 0, 0, 0, 0, 0, 0, 0, 0, 0, 0, 0, 0, 0, 0, 0, 0, 0, 0, 0, 0, 0], [0, 0, 0, 0, 0, 0, 0, 0, 0, 0, 0, 0, 0, 0, 0, 0, 0, 0, 0, 0, 0, 0, 0, 0, 0, 0, 0, 0, 0, 0, 0, 0], [0, 0, 0, 0, 0, 0, 0, 0, 0, 0, 0, 0, 0, 0, 0, 0, 0, 0, 0, 0, 0, 0, 0, 0, 0, 0, 0, 0, 0, 0, 0, 0], [0, 0, 0, 0, 0, 0, 0, 0, 0, 0, 0, 0, 0, 0, 0, 0, 0, 0, 0, 0, 0, 0, 0, 0, 0, 0, 0, 0, 0, 0, 0, 0], [0, 0, 0, 0, 0, 0, 0, 0, 0, 0, 0, 0, 0, 0, 0, 0, 0, 0, 0, 0, 0, 0, 0, 0, 0, 0, 0, 0, 0, 0, 0, 0], [0, 0, 0, 0, 0, 0, 0, 0, 0, 0, 0, 0, 0, 0, 0, 0, 0, 0, 0, 0, 0, 0, 0, 0, 0, 0, 0, 0, 0, 0, 0, 0], [0, 0, 0, 0, 0, 0, 0, 0, 0, 0, 0, 0, 0, 0, 0, 0, 0, 0, 0, 0, 0, 0, 0, 0, 0, 0, 0, 0, 0, 0, 0, 0], [0, 0, 0, 0, 0, 0, 0, 0, 0, 0, 0, 0, 0, 0, 0, 0, 0, 0, 0, 0, 0, 0, 0, 0, 0, 0, 0, 0, 0, 0, 0, 0], [0, 0, 0, 0, 0, 0, 0, 0, 0, 0, 0, 0, 0, 0, 0, 0, 0, 0, 0, 0, 0, 0, 0, 0, 0, 0, 0, 0, 0, 0, 0, 0], [0, 0, 0, 0, 0, 0, 0, 0, 0, 0, 0, 0, 0, 0, 0, 0, 0, 0, 0, 0, 0, 0, 0, 0, 0, 0, 0, 0, 0, 0, 0, 0], [0, 0, 0, 0, 0, 0, 0, 0, 0, 0, 0, 0, 0, 0, 0, 0, 0, 0, 0, 0, 0, 0, 0, 0, 0, 0, 0, 0, 0, 0, 0, 0], [0, 0, 0, 0, 0, 0, 0, 0, 0, 0, 0, 0, 0, 0, 0, 0, 0, 0, 0, 0, 0, 0, 0, 0, 0, 0, 0, 0, 0, 0, 0, 0], [0, 0, 0, 0, 0, 0, 0, 0, 0, 0, 0, 0, 0, 0, 0, 0, 0, 0, 0, 0, 0, 0, 0, 0, 0, 0, 0, 0, 0, 0, 0, 0], [0, 0, 0, 0, 0, 0, 0, 0, 0, 0, 0, 0, 0, 0, 0, 0, 0, 0, 0, 0, 0, 0, 0, 0, 0, 0, 0, 0, 0, 0, 0, 0], [0, 0, 0, 0, 0, 0, 0, 0, 0, 0, 0, 0, 0, 0, 0, 0, 0, 0, 0, 0, 0, 0, 0, 0, 0, 0, 0, 0, 0, 0, 0, 0], [0, 0, 0, 0, 0, 0, 0, 0, 0, 0, 0, 0, 0, 0, 0, 0, 0, 0, 0, 0, 0, 0, 0, 0, 0, 0, 0, 0, 0, 0, 0, 0], [0, 0, 0, 0, 0, 0, 0, 0, 0, 0, 0, 0, 0, 0, 0, 0, 0, 0, 0, 0, 0, 0, 0, 0, 0, 0, 0, 0, 0, 0, 0, 0], [0, 0, 0, 0, 0, 0, 0, 0, 0, 0, 0, 0, 0, 0, 0, 0, 0, 0, 0, 0, 0, 0, 0, 0, 0, 0, 0, 0, 0, 0, 0, 0], [0, 0, 0, 0, 0, 0, 0, 0, 0, 0, 0, 0, 0, 0, 0, 0, 0, 0, 0, 0, 0, 0, 0, 0, 0, 0, 0, 0, 0, 0, 0, 0], [0, 0, 0, 0, 0, 0, 0, 0, 0, 0, 0, 0, 0, 0, 0, 0, 0, 0, 0, 0, 0, 0, 0, 0, 0, 0, 0, 0, 0, 0, 0, 0], [0, 0, 0, 0, 0, 0, 0, 0, 0, 0, 0, 0, 0, 0, 0, 0, 0, 0, 0, 0, 0, 0, 0, 0, 0, 0, 0, 0, 0, 0, 0, 0], [0, 0, 0, 0, 0, 0, 0, 0, 0, 0, 0, 0, 0, 0, 0, 0, 0, 0, 0, 0, 0, 0, 0, 0, 0, 0, 0, 0, 0, 0, 0, 0], [0, 0, 0, 0, 0, 0, 0, 0, 0, 0, 0, 0, 0, 0, 0, 0, 0, 0, 0, 0, 0, 0, 0, 0, 0, 0, 0, 0, 0, 0, 0, 0], [0, 0, 0, 0, 0, 0, 0, 0, 0, 0, 0, 0, 0, 0, 0, 0, 0, 0, 0, 0, 0, 0, 0, 0, 0, 0, 0, 0, 0, 0, 0, 0], [0, 0, 0, 0, 0, 0, 0, 0, 0, 0, 0, 0, 0, 0, 0, 0, 0, 0, 0, 0, 0, 0, 0, 0, 0, 0, 0, 0, 0, 0, 0, 0], [0, 0, 0, 0, 0, 0, 0, 0, 0, 0, 0, 0, 0, 0, 0, 0, 0, 0, 0, 0, 0, 0, 0, 0, 0, 0, 0, 0, 0, 0, 0, 0], [0, 0, 0, 0, 0, 0, 0, 0, 0, 0, 0, 0, 0, 0, 0, 0, 0, 0, 0, 0, 0, 0, 0, 0, 0, 0, 0, 0, 0, 0, 0, 0], [0, 0, 0, 0, 0, 0, 0, 0, 0, 0, 0, 0, 0, 0, 0, 0, 0, 0, 0, 0, 0, 0, 0, 0, 0, 0, 0, 0, 0, 0, 0, 0], [0, 0, 0, 0, 0, 0, 0, 0, 0, 0, 0, 0, 0, 0, 0, 0, 0, 0, 0, 0, 0, 0, 0, 0, 0, 0, 0, 0, 0, 0, 0, 0], [0, 0, 0, 0, 0, 0, 0, 0, 0, 0, 0, 0, 0, 0, 0, 0, 0, 0, 0, 0, 0, 0, 0, 0, 0, 0, 0, 0, 0, 0, 0, 0], [0, 0, 0, 0, 0, 0, 0, 0, 0, 0, 0, 0, 0, 0, 0, 0, 0, 0, 0, 0, 0, 0, 0, 0, 0, 0, 0, 0, 0, 0, 0, 0], [0, 0, 0, 0, 0, 0, 0, 0, 0, 0, 0, 0, 0, 0, 0, 0, 0, 0, 0, 0, 0, 0, 0, 0, 0, 0, 0, 0, 0, 0, 0, 0], [0, 0, 0, 0, 0, 0, 0, 0, 0, 0, 0, 0, 0, 0, 0, 0, 0, 0, 0, 0, 0, 0, 0, 0, 0, 0, 0, 0, 0, 0, 0, 0], [0, 0, 0, 0, 0, 0, 0, 0, 0, 0, 0, 0, 0, 0, 0, 0, 0, 0, 0, 0, 0, 0, 0, 0, 0, 0, 0, 0, 0, 0, 0, 0], [0, 0, 0, 0, 0, 0, 0, 0, 0, 0, 0, 0, 0, 0, 0, 0, 0, 0, 0, 0, 0, 0, 0, 0, 0, 0, 0, 0, 0, 0, 0, 0], [0, 0, 0, 0, 0, 0, 0, 0, 0, 0, 0, 0, 0, 0, 0, 0, 0, 0, 0, 0, 0, 0, 0, 0, 0, 0, 0, 0, 0, 0, 0, 0], [0, 0, 0, 0, 0, 0, 0, 0, 0, 0, 0, 0, 0, 0, 0, 0, 0, 0, 0, 0, 0, 0, 0, 0, 0, 0, 0, 0, 0, 0, 0, 0], [0, 0, 0, 0, 0, 0, 0, 0, 0, 0, 0, 0, 0, 0, 0, 0, 0, 0, 0, 0, 0, 0, 0, 0, 0, 0, 0, 0, 0, 0, 0, 0], [0, 0, 0, 0, 0, 0, 0, 0, 0, 0, 0, 0, 0, 0, 0, 0, 0, 0, 0, 0, 0, 0, 0, 0, 0, 0, 0, 0, 0, 0, 0, 0], [0, 0, 0, 0, 0, 0, 0, 0, 0, 0, 0, 0, 0, 0, 0, 0, 0, 0, 0, 0, 0, 0, 0, 0, 0, 0, 0, 0, 0, 0, 0, 0], [0, 0, 0, 0, 0, 0, 0, 0, 0, 0, 0, 0, 0, 0, 0, 0, 0, 0, 0, 0, 0, 0, 0, 0, 0, 0, 0, 0, 0, 0, 0, 0], [0, 0, 0, 0, 0, 0, 0, 0, 0, 0, 0, 0, 0, 0, 0, 0, 0, 0, 0, 0, 0, 0, 0, 0, 0, 0, 0, 0, 0, 0, 0, 0], [0, 0, 0, 0, 0, 0, 0, 0, 0, 0, 0, 0, 0, 0, 0, 0, 0, 0, 0, 0, 0, 0, 0, 0, 0, 0, 0, 0, 0, 0, 0, 0], [0, 0, 0, 0, 0, 0, 0, 0, 0, 0, 0, 0, 0, 0, 0, 0, 0, 0, 0, 0, 0, 0, 0, 0, 0, 0, 0, 0, 0, 0, 0, 0], [0, 0, 0, 0, 0, 0, 0, 0, 0, 0, 0, 0, 0, 0, 0, 0, 0, 0, 0, 0, 0, 0, 0, 0, 0, 0, 0, 0, 0, 0, 0, 0], [0, 0, 0, 0, 0, 0, 0, 0, 0, 0, 0, 0, 0, 0, 0, 0, 0, 0, 0, 0, 0, 0, 0, 0, 0, 0, 0, 0, 0, 0, 0, 0], [0, 0, 0, 0, 0, 0, 0, 0, 0, 0, 0, 0, 0, 0, 0, 0, 0, 0, 0, 0, 0, 0, 0, 0, 0, 0, 0, 0, 0, 0, 0, 0], [0, 0, 0, 0, 0, 0, 0, 0, 0, 0, 0, 0, 0, 0, 0, 0, 0, 0, 0, 0, 0, 0, 0, 0, 0, 0, 0, 0, 0, 0, 0, 0], [0, 0, 0, 0, 0, 0, 0, 0, 0, 0, 0, 0, 0, 0, 0, 0, 0, 0, 0, 0, 0, 0, 0, 0, 0, 0, 0, 0, 0, 0, 0, 0], [0, 0, 0, 0, 0, 0, 0, 0, 0, 0, 0, 0, 0, 0, 0, 0, 0, 0, 0, 0, 0, 0, 0, 0, 0, 0, 0, 0, 0, 0, 0, 0], [0, 0, 0, 0, 0, 0, 0, 0, 0, 0, 0, 0, 0, 0, 0, 0, 0, 0, 0, 0, 0, 0, 0, 0, 0, 0, 0, 0, 0, 0, 0, 0], [0, 0, 0, 0, 0, 0, 0, 0, 0, 0, 0, 0, 0, 0, 0, 0, 0, 0, 0, 0, 0, 0, 0, 0, 0, 0, 0, 0, 0, 0, 0, 0], [0, 0, 0, 0, 0, 0, 0, 0, 0, 0, 0, 0, 0, 0, 0, 0, 0, 0, 0, 0, 0, 0, 0, 0, 0, 0, 0, 0, 0, 0, 0, 0], [0, 0, 0, 0, 0, 0, 0, 0, 0, 0, 0, 0, 0, 0, 0, 0, 0, 0, 0, 0, 0, 0, 0, 0, 0, 0, 0, 0, 0, 0, 0, 0], [0, 0, 0, 0, 0, 0, 0, 0, 0, 0, 0, 0, 0, 0, 0, 0, 0, 0, 0, 0, 0, 0, 0, 0, 0, 0, 0, 0, 0, 0, 0, 0], [0, 0, 0, 0, 0, 0, 0, 0, 0, 0, 0, 0, 0, 0, 0, 0, 0, 0, 0, 0, 0, 0, 0, 0, 0, 0, 0, 0, 0, 0, 0, 0], [0, 0, 0, 0, 0, 0, 0, 0, 0, 0, 0, 0, 0, 0, 0, 0, 0, 0, 0, 0, 0, 0, 0, 0, 0, 0, 0, 0, 0, 0, 0, 0], [0, 0, 0, 0, 0, 0, 0, 0, 0, 0, 0, 0, 0, 0, 0, 0, 0, 0, 0, 0, 0, 0, 0, 0, 0, 0, 0, 0, 0, 0, 0, 0], [0, 0, 0, 0, 0, 0, 0, 0, 0, 0, 0, 0, 0, 0, 0, 0, 0, 0, 0, 0, 0, 0, 0, 0, 0, 0, 0, 0, 0, 0, 0, 0], [0, 0, 0, 0, 0, 0, 0, 0, 0, 0, 0, 0, 0, 0, 0, 0, 0, 0, 0, 0, 0, 0, 0, 0, 0, 0, 0, 0, 0, 0, 0, 0], [0, 0, 0, 0, 0, 0, 0, 0, 0, 0, 0, 0, 0, 0, 0, 0, 0, 0, 0, 0, 0, 0, 0, 0, 0, 0, 0, 0, 0, 0, 0, 0], [0, 0, 0, 0, 0, 0, 0, 0, 0, 0, 0, 0, 0, 0, 0, 0, 0, 0, 0, 0, 0, 0, 0, 0, 0, 0, 0, 0, 0, 0, 0, 0], [0, 0, 0, 0, 0, 0, 0, 0, 0, 0, 0, 0, 0, 0, 0, 0, 0, 0, 0, 0, 0, 0, 0, 0, 0, 0, 0, 0, 0, 0, 0, 0], [0, 0, 0, 0, 0, 0, 0, 0, 0, 0, 0, 0, 0, 0, 0, 0, 0, 0, 0, 0, 0, 0, 0, 0, 0, 0, 0, 0, 0, 0, 0, 0], [0, 0, 0, 0, 0, 0, 0, 0, 0, 0, 0, 0, 0, 0, 0, 0, 0, 0, 0, 0, 0, 0, 0, 0, 0, 0, 0, 0, 0, 0, 0, 0], [0, 0, 0, 0, 0, 0, 0, 0, 0, 0, 0, 0, 0, 0, 0, 0, 0, 0, 0, 0, 0, 0, 0, 0, 0, 0, 0, 0, 0, 0, 0, 0], [0, 0, 0, 0, 0, 0, 0, 0, 0, 0, 0, 0, 0, 0, 0, 0, 0, 0, 0, 0, 0, 0, 0, 0, 0, 0, 0, 0, 0, 0, 0, 0], [0, 0, 0, 0, 0, 0, 0, 0, 0, 0, 0, 0, 0, 0, 0, 0, 0, 0, 0, 0, 0, 0, 0, 0, 0, 0, 0, 0, 0, 0, 0, 0], [0, 0, 0, 0, 0, 0, 0, 0, 0, 0, 0, 0, 0, 0, 0, 0, 0, 0, 0, 0, 0, 0, 0, 0, 0, 0, 0, 0, 0, 0, 0, 0], [0, 0, 0, 0, 0, 0, 0, 0, 0, 0, 0, 0, 0, 0, 0, 0, 0, 0, 0, 0, 0, 0, 0, 0, 0, 0, 0, 0, 0, 0, 0, 0], [0, 0, 0, 0, 0, 0, 0, 0, 0, 0, 0, 0, 0, 0, 0, 0, 0, 0, 0, 0, 0, 0, 0, 0, 0, 0, 0, 0, 58, 135, 25, 113], [98, 228, 208, 29, 181, 155, 252, 214, 25, 242, 7, 88, 252, 59, 252, 129, 104, 84, 85, 74, 0, 174, 42, 168, 206, 74, 145, 77, 197, 135, 26, 249], [42, 26, 46, 0, 250, 94, 84, 150, 226, 146, 222, 231, 148, 16, 132, 50, 101, 43, 249, 233, 204, 238, 3, 73, 123, 229, 67, 47, 99, 81, 149, 109], [35, 160, 241, 227, 50, 193, 106, 218, 15, 31, 77, 224, 54, 213, 183, 92, 225, 152, 179, 176, 103, 178, 117, 170, 115, 212, 57, 59, 162, 0, 15, 190], [49, 38, 56, 79, 113, 17, 167, 237, 60, 85, 243, 171, 4, 1, 234, 217, 53, 148, 104, 142, 173, 243, 137, 2, 5, 25, 86, 34, 130, 74, 27, 253], [191, 152, 216, 79, 189, 209, 75, 10, 108, 209, 18, 65, 75, 225, 152, 1, 24, 208, 255, 119, 11, 146, 168, 194, 7, 9, 203, 91, 164, 48, 0, 179], [246, 125, 134, 228, 125, 218, 140, 58, 137, 143, 117, 102, 140, 76, 19, 32, 215, 141, 21, 247, 106, 98, 99, 117, 174, 67, 139, 47, 168, 204, 106, 19], [226, 168, 177, 89, 167, 254, 150, 68, 28, 126, 105, 77, 205, 112, 87, 138, 187, 155, 102, 204, 73, 88, 94, 230, 24, 252, 130, 69, 154, 251, 104, 33], [253, 110, 109, 72, 91, 254, 202, 207, 192, 140, 49, 185, 20, 79, 110, 201, 148, 172, 228, 152, 114, 186, 80, 255, 123, 213, 210, 66, 110, 73, 142, 55], [86, 162, 247, 73, 218, 243, 77, 239, 95, 133, 170, 199, 126, 49, 153, 186, 195, 151, 238, 12, 128, 175, 214, 140, 16, 195, 182, 55, 81, 173, 23, 120], [109, 34, 237, 156, 3, 134, 12, 139, 71, 239, 234, 97, 72, 203, 78, 43, 39, 126, 68, 65, 152, 184, 114, 165, 241, 87, 24, 77, 201, 51, 83, 252], [216, 177, 231, 206, 113, 242, 111, 233, 51, 70, 204, 72, 68, 65, 18, 151, 115, 179, 73, 175, 164, 22, 147, 194, 146, 50, 246, 37, 237, 226, 6, 172], [139, 243, 248, 171, 141, 188, 213, 92, 140, 199, 212, 175, 67, 166, 120, 199, 191, 130, 172, 241, 51, 174, 16, 204, 98, 118, 139, 7, 104, 91, 79, 146], [31, 80, 79, 72, 150, 44, 191, 255, 51, 153, 188, 5, 148, 139, 175, 118, 242, 251, 27, 171, 175, 126, 65, 100, 9, 44, 155, 83, 44, 87, 181, 82], [180, 149, 224, 8, 150, 12, 172, 43, 16, 197, 78, 102, 159, 203, 165, 1, 252, 117, 242, 66, 37, 80, 189, 40, 71, 113, 167, 96, 125, 61, 8, 231], [176, 244, 215, 93, 150, 126, 123, 2, 17, 125, 70, 107, 140, 9, 53, 3, 9, 75, 4, 80, 237, 34, 79, 128, 207, 198, 90, 40, 203, 74, 223, 97], [222, 148, 34, 189, 48, 154, 217, 2, 175, 9, 130, 195, 190, 47, 172, 100, 64, 102, 197, 40, 124, 249, 194, 230, 113, 250, 75, 36, 88, 96, 121, 229], [234, 190, 66, 243, 197, 94, 180, 120, 144, 11, 191, 173, 209, 173, 220, 233, 15, 56, 242, 255, 184, 80, 193, 43, 0, 102, 117, 57, 187, 224, 236, 199], [129, 209, 194, 39, 13, 51, 229, 57, 198, 42, 54, 197, 163, 148, 81, 142, 155, 228, 42, 185, 84, 1, 101, 54, 55, 97, 40, 91, 197, 55, 97, 144], [154, 53, 127, 21, 27, 237, 232, 73, 221, 249, 143, 91, 144, 73, 196, 153, 85, 136, 112, 114, 209, 72, 71, 146, 218, 130, 142, 24, 133, 230, 125, 171], [4, 27, 1, 204, 32, 56, 107, 164, 61, 92, 231, 108, 228, 149, 172, 134, 53, 229, 16, 177, 136, 124, 178, 198, 151, 102, 151, 67, 243, 184, 60, 143], [237, 154, 86, 225, 159, 73, 3, 180, 111, 162, 197, 4, 68, 23, 133, 211, 99, 34, 175, 36, 77, 36, 247, 212, 75, 65, 157, 67, 85, 89, 202, 174], [128, 228, 173, 165, 3, 157, 45, 239, 67, 235, 217, 25, 218, 7, 95, 137, 231, 186, 148, 74, 254, 244, 121, 190, 180, 0, 115, 19, 251, 101, 88, 95], [146, 14, 77, 232, 29, 75, 67, 99, 163, 93, 126, 72, 246, 176, 220, 234, 105, 122, 242, 172, 161, 64, 86, 13, 112, 250, 227, 0, 145, 233, 168, 243], [3, 26, 90, 117, 114, 143, 61, 228, 36, 104, 172, 176, 249, 181, 11, 221, 193, 139, 175, 115, 127, 38, 74, 32, 69, 180, 58, 11, 0, 0, 0, 0], [0, 0, 0, 0, 0, 0, 0, 0, 0, 0, 0, 0, 0, 0, 0, 0, 0, 0, 0, 0, 0, 0, 0, 0, 0, 0, 0, 0, 0, 0, 0, 0], [0, 0, 0, 0, 0, 0, 0, 0, 0, 0, 0, 0, 0, 0, 0, 0, 0, 0, 0, 0, 0, 0, 0, 0, 0, 0, 0, 0, 0, 0, 0, 0], [0, 0, 0, 0, 0, 0, 0, 0, 0, 0, 0, 0, 0, 0, 0, 0, 0, 0, 0, 0, 0, 0, 0, 0, 0, 0, 0, 0, 0, 0, 0, 0], [0, 0, 0, 0, 0, 0, 0, 0, 0, 0, 0, 0, 0, 0, 0, 0, 0, 0, 0, 0, 0, 0, 0, 0, 0, 0, 0, 0, 0, 0, 0, 0], [0, 0, 0, 0, 0, 0, 0, 0, 0, 0, 0, 0, 0, 0, 0, 0, 0, 0, 0, 0, 0, 0, 0, 0, 0, 0, 0, 0, 0, 0, 0, 0], [0, 0, 0, 0, 0, 0, 0, 0, 0, 0, 0, 0, 0, 0, 0, 0, 0, 0, 0, 0, 0, 0, 0, 0, 0, 0, 0, 0, 0, 0, 0, 0], [0, 0, 0, 0, 0, 0, 0, 0, 0, 0, 0, 0, 0, 0, 0, 0, 0, 0, 0, 0, 0, 0, 0, 0, 0, 0, 0, 0, 0, 0, 0, 0], [0, 0, 0, 0, 0, 0, 0, 0, 0, 0, 0, 0, 0, 0, 0, 0, 0, 0, 0, 0, 0, 0, 0, 0, 0, 0, 0, 0, 0, 0, 0, 0], [0, 0, 0, 0, 0, 0, 0, 0, 0, 0, 0, 0, 0, 0, 0, 0, 0, 0, 0, 0, 0, 0, 0, 0, 0, 0, 0, 0, 0, 0, 0, 0], [0, 0, 0, 0, 0, 0, 0, 0, 0, 0, 0, 0, 0, 0, 0, 0, 0, 0, 0, 0, 0, 0, 0, 0, 0, 0, 0, 0, 0, 0, 0, 0], [0, 0, 0, 0, 0, 0, 0, 0, 0, 0, 0, 0, 0, 0, 0, 0, 0, 0, 0, 0, 0, 0, 0, 0, 0, 0, 0, 0, 0, 0, 0, 0], [0, 0, 0, 0, 0, 0, 0, 0, 0, 0, 0, 0, 0, 0, 0, 0, 0, 0, 0, 0, 0, 0, 0, 0, 0, 0, 0, 0, 0, 0, 0, 0], [0, 0, 0, 0, 0, 0, 0, 0, 0, 0, 0, 0, 0, 0, 0, 0, 0, 0, 0, 0, 0, 0, 0, 0, 0, 0, 0, 0, 51, 208, 147, 162], [113, 81, 8, 169, 81, 186, 18, 159, 203, 78, 26, 83, 220, 23, 41, 111, 26, 231, 27, 68, 240, 3, 1, 211, 157, 51, 139, 11, 72, 110, 146, 164], [221, 154, 5, 141, 243, 82, 94, 129, 25, 80, 235, 75, 116, 176, 4, 190, 80, 80, 199, 220, 227, 41, 217, 253, 82, 134, 99, 77, 50, 227, 236, 238], [33, 171, 133, 216, 161, 91, 148, 217, 116, 87, 163, 152, 54, 100, 170, 87, 9, 66, 91, 209, 148, 74, 165, 43, 5, 19, 143, 18, 133, 148, 249, 96], [40, 117, 64, 235, 168, 112, 10, 17, 91, 225, 253, 4, 122, 195, 185, 109, 192, 6, 48, 5, 57, 146, 140, 4, 149, 124, 226, 27, 111, 249, 129, 208], [253, 157, 65, 198, 195, 190, 252, 136, 119, 197, 232, 172, 81, 39, 203, 129, 5, 104, 184, 134, 232, 202, 124, 23, 131, 57, 251, 3, 88, 171, 90, 32], [96, 96, 73, 134, 96, 124, 167, 197, 215, 156, 244, 181, 225, 81, 205, 205, 143, 9, 145, 74, 108, 193, 129, 7, 68, 95, 43, 31, 41, 187, 6, 80], [32, 220, 78, 10, 213, 107, 236, 171, 188, 110, 93, 169, 165, 79, 110, 28, 36, 101, 186, 228, 26, 236, 40, 194, 150, 124, 74, 58, 225, 205, 8, 172], [175, 95, 148, 197, 9, 69, 17, 218, 176, 130, 55, 93, 108, 27, 158, 6, 42, 123, 94, 247, 87, 89, 206, 229, 10, 59, 202, 8, 63, 211, 150, 134], [217, 14, 155, 46, 255, 149, 126, 246, 242, 70, 69, 98, 82, 164, 14, 137, 169, 121, 157, 142, 113, 172, 160, 91, 214, 35, 19, 56, 90, 74, 128, 218], [104, 12, 249, 184, 139, 109, 194, 73, 192, 0, 142, 109, 155, 205, 111, 14, 162, 175, 203, 125, 62, 250, 50, 250, 156, 250, 103, 3, 50, 245, 225, 211], [195, 217, 54, 137, 120, 230, 182, 13, 46, 74, 153, 96, 102, 99, 189, 234, 29, 150, 122, 127, 41, 138, 171, 97, 11, 53, 12, 57, 62, 163, 140, 228], [138, 140, 98, 148, 1, 90, 9, 215, 25, 131, 130, 156, 250, 13, 18, 183, 12, 30, 249, 182, 35, 100, 197, 10, 237, 254, 64, 65, 149, 210, 44, 241], [80, 96, 52, 173, 147, 205, 178, 212, 136, 152, 211, 71, 118, 252, 254, 177, 253, 90, 239, 254, 243, 209, 92, 136, 67, 232, 182, 87, 228, 194, 206, 184], [142, 31, 248, 49, 116, 180, 244, 79, 117, 224, 183, 24, 173, 123, 20, 212, 170, 74, 89, 59, 235, 70, 216, 249, 224, 160, 192, 89, 2, 29, 146, 164], [45, 1, 28, 173, 9, 5, 212, 139, 62, 190, 65, 19, 170, 159, 179, 57, 34, 169, 55, 172, 23, 158, 127, 85, 109, 67, 181, 67, 78, 129, 149, 18], [89, 217, 189, 215, 54, 4, 56, 44, 50, 126, 103, 93, 108, 119, 7, 39, 83, 178, 15, 230, 71, 249, 196, 87, 54, 45, 248, 1, 111, 49, 19, 177], [199, 245, 157, 63, 87, 221, 155, 190, 199, 133, 196, 196, 31, 192, 194, 216, 12, 36, 96, 201, 147, 200, 166, 57, 65, 232, 73, 13, 0, 0, 0, 0], [0, 0, 0, 0, 0, 0, 0, 0, 0, 0, 0, 0, 0, 0, 0, 0, 0, 0, 0, 0, 0, 0, 0, 0, 0, 0, 0, 0, 0, 0, 0, 0], [0, 0, 0, 0, 0, 0, 0, 0, 0, 0, 0, 0, 0, 0, 0, 0, 0, 0, 0, 0, 0, 0, 0, 0, 0, 0, 0, 0, 0, 0, 0, 0], [0, 0, 0, 0, 0, 0, 0, 0, 0, 0, 0, 0, 0, 0, 0, 0, 0, 0, 0, 0, 0, 0, 0, 0, 0, 0, 0, 0, 0, 0, 0, 0], [0, 0, 0, 0, 0, 0, 0, 0, 0, 0, 0, 0, 0, 0, 0, 0, 0, 0, 0, 0, 0, 0, 0, 0, 0, 0, 0, 0, 0, 0, 0, 0], [0, 0, 0, 0, 0, 0, 0, 0, 0, 0, 0, 0, 0, 0, 0, 0, 0, 0, 0, 0, 0, 0, 0, 0, 0, 0, 0, 0, 0, 0, 0, 0], [0, 0, 0, 0, 0, 0, 0, 0, 0, 0, 0, 0, 0, 0, 0, 0, 0, 0, 0, 0, 0, 0, 0, 0, 0, 0, 0, 0, 0, 0, 0, 0], [0, 0, 0, 0, 0, 0, 0, 0, 0, 0, 0, 0, 0, 0, 0, 0, 0, 0, 0, 0, 0, 0, 0, 0, 0, 0, 0, 0, 0, 0, 0, 0], [0, 0, 0, 0, 0, 0, 0, 0, 0, 0, 0, 0, 0, 0, 0, 0, 0, 0, 0, 0, 0, 0, 0, 0, 0, 0, 0, 0, 0, 0, 0, 0], [0, 0, 0, 0, 0, 0, 0, 0, 0, 0, 0, 0, 0, 0, 0, 0, 0, 0, 0, 0, 0, 0, 0, 0, 0, 0, 0, 0, 0, 0, 0, 0], [0, 0, 0, 0, 0, 0, 0, 0, 0, 0, 0, 0, 0, 0, 0, 0, 0, 0, 0, 0, 0, 0, 0, 0, 0, 0, 0, 0, 0, 0, 0, 0], [0, 0, 0, 0, 0, 0, 0, 0, 0, 0, 0, 0, 0, 0, 0, 0, 0, 0, 0, 0, 0, 0, 0, 0, 0, 0, 0, 0, 0, 0, 0, 0], [0, 0, 0, 0, 0, 0, 0, 0, 0, 0, 0, 0, 0, 0, 0, 0, 0, 0, 0, 0, 0, 0, 0, 0, 0, 0, 0, 0, 0, 0, 0, 0], [0, 0, 0, 0, 0, 0, 0, 0, 0, 0, 0, 0, 0, 0, 0, 0, 0, 0, 0, 0, 0, 0, 0, 0, 0, 0, 0, 0, 0, 0, 0, 0], [0, 0, 0, 0, 0, 0, 0, 0, 0, 0, 0, 0, 0, 0, 0, 0, 0, 0, 0, 0, 0, 0, 0, 0, 0, 0, 0, 0, 0, 0, 0, 0], [0, 0, 0, 0, 0, 0, 0, 0, 0, 0, 0, 0, 0, 0, 0, 0, 0, 0, 0, 0, 0, 0, 0, 0, 0, 0, 0, 0, 0, 0, 0, 0], [0, 0, 0, 0, 0, 0, 0, 0, 0, 0, 0, 0, 0, 0, 0, 0, 0, 0, 0, 0, 0, 0, 0, 0, 0, 0, 0, 0, 0, 0, 0, 0], [0, 0, 0, 0, 0, 0, 0, 0, 0, 0, 0, 0, 0, 0, 0, 0, 0, 0, 0, 0, 0, 0, 0, 0, 0, 0, 0, 0, 0, 0, 0, 0], [0, 0, 0, 0, 0, 0, 0, 0, 0, 0, 0, 0, 0, 0, 0, 0, 0, 0, 0, 0, 0, 0, 0, 0, 0, 0, 0, 0, 0, 0, 0, 0], [0, 0, 0, 0, 0, 0, 0, 0, 0, 0, 0, 0, 0, 0, 0, 0, 0, 0, 0, 0, 0, 0, 0, 0, 0, 0, 0, 0, 0, 0, 0, 0], [0, 0, 0, 0, 0, 0, 0, 0, 0, 0, 0, 0, 0, 0, 0, 0, 0, 0, 0, 0, 0, 0, 0, 0, 0, 0, 0, 0, 0, 0, 0, 0], [0, 0, 0, 0, 0, 0, 0, 0, 0, 0, 0, 0, 0, 0, 0, 0, 0, 0, 0, 0, 0, 0, 0, 0, 0, 0, 0, 0, 0, 0, 0, 0], [0, 0, 0, 0, 0, 0, 0, 0, 0, 0, 0, 0, 0, 0, 0, 0, 0, 0, 0, 0, 0, 0, 0, 0, 0, 0, 0, 0, 0, 0, 0, 0], [0, 0, 0, 0, 0, 0, 0, 0, 0, 0, 0, 0, 0, 0, 0, 0, 0, 0, 0, 0, 0, 0, 0, 0, 0, 0, 0, 0, 0, 0, 0, 0], [0, 0, 0, 0, 0, 0, 0, 0, 0, 0, 0, 0, 0, 0, 0, 0, 0, 0, 0, 0, 0, 0, 0, 0, 0, 0, 0, 0, 0, 0, 0, 0], [0, 0, 0, 0, 0, 0, 0, 0, 0, 0, 0, 0, 0, 0, 0, 0, 0, 0, 0, 0, 0, 0, 0, 0, 0, 0, 0, 0, 0, 0, 0, 0], [0, 0, 0, 0, 0, 0, 0, 0, 0, 0, 0, 0, 0, 0, 0, 0, 0, 0, 0, 0, 0, 0, 0, 0, 0, 0, 0, 0, 0, 0, 0, 0], [0, 0, 0, 0, 0, 0, 0, 0, 0, 0, 0, 0, 0, 0, 0, 0, 0, 0, 0, 0, 0, 0, 0, 0, 0, 0, 0, 0, 0, 0, 0, 0], [0, 0, 0, 0, 0, 0, 0, 0, 0, 0, 0, 0, 0, 0, 0, 0, 0, 0, 0, 0, 0, 0, 0, 0, 0, 0, 0, 0, 0, 0, 0, 0], [0, 0, 0, 0, 0, 0, 0, 0, 0, 0, 0, 0, 0, 0, 0, 0, 0, 0, 0, 0, 0, 0, 0, 0, 0, 0, 0, 0, 0, 0, 0, 0], [0, 0, 0, 0, 0, 0, 0, 0, 0, 0, 0, 0, 0, 0, 0, 0, 0, 0, 0, 0, 0, 0, 0, 0, 0, 0, 0, 0, 0, 0, 0, 0], [0, 0, 0, 0, 0, 0, 0, 0, 0, 0, 0, 0, 0, 0, 0, 0, 0, 0, 0, 0, 0, 0, 0, 0, 0, 0, 0, 0, 0, 0, 0, 0], [0, 0, 0, 0, 0, 0, 0, 0, 0, 0, 0, 0, 0, 0, 0, 0, 0, 0, 0, 0, 0, 0, 0, 0, 0, 0, 0, 0, 0, 0, 0, 0], [0, 0, 0, 0, 0, 0, 0, 0, 0, 0, 0, 0, 0, 0, 0, 0, 0, 0, 0, 0, 0, 0, 0, 0, 0, 0, 0, 0, 0, 0, 0, 0], [0, 0, 0, 0, 0, 0, 0, 0, 0, 0, 0, 0, 0, 0, 0, 0, 0, 0, 0, 0, 0, 0, 0, 0, 0, 0, 0, 0, 0, 0, 0, 0], [0, 0, 0, 0, 0, 0, 0, 0, 0, 0, 0, 0, 0, 0, 0, 0, 0, 0, 0, 0, 0, 0, 0, 0, 0, 0, 0, 0, 0, 0, 0, 0], [0, 0, 0, 0, 0, 0, 0, 0, 0, 0, 0, 0, 0, 0, 0, 0, 0, 0, 0, 0, 0, 0, 0, 0, 0, 0, 0, 0, 0, 0, 0, 0], [0, 0, 0, 0, 0, 0, 0, 0, 0, 0, 0, 0, 0, 0, 0, 0, 0, 0, 0, 0, 0, 0, 0, 0, 0, 0, 0, 0, 0, 0, 0, 0], [0, 0, 0, 0, 0, 0, 0, 0, 0, 0, 0, 0, 0, 0, 0, 0, 0, 0, 0, 0, 0, 0, 0, 0, 0, 0, 0, 0, 0, 0, 0, 0], [0, 0, 0, 0, 0, 0, 0, 0, 0, 0, 0, 0, 0, 0, 0, 0, 0, 0, 0, 0, 0, 0, 0, 0, 0, 0, 0, 0, 0, 0, 0, 0], [0, 0, 0, 0, 0, 0, 0, 0, 0, 0, 0, 0, 0, 0, 0, 0, 0, 0, 0, 0, 0, 0, 0, 0, 0, 0, 0, 0, 0, 0, 0, 0], [0, 0, 0, 0, 0, 0, 0, 0, 0, 0, 0, 0, 0, 0, 0, 0, 0, 0, 0, 0, 0, 0, 0, 0, 0, 0, 0, 0, 0, 0, 0, 0], [0, 0, 0, 0, 0, 0, 0, 0, 0, 0, 0, 0, 0, 0, 0, 0, 0, 0, 0, 0, 0, 0, 0, 0, 0, 0, 0, 0, 0, 0, 0, 0], [0, 0, 0, 0, 0, 0, 0, 0, 0, 0, 0, 0, 0, 0, 0, 0, 0, 0, 0, 0, 0, 0, 0, 0, 0, 0, 0, 0, 0, 0, 0, 0], [0, 0, 0, 0, 0, 0, 0, 0, 0, 0, 0, 0, 0, 0, 0, 0, 0, 0, 0, 0, 0, 0, 0, 0, 0, 0, 0, 0, 0, 0, 0, 0], [0, 0, 0, 0, 0, 0, 0, 0, 0, 0, 0, 0, 0, 0, 0, 0, 0, 0, 0, 0, 0, 0, 0, 0, 0, 0, 0, 0, 0, 0, 0, 0], [0, 0, 0, 0, 0, 0, 0, 0, 0, 0, 0, 0, 0, 0, 0, 0, 0, 0, 0, 0, 0, 0, 0, 0, 0, 0, 0, 0, 0, 0, 0, 0], [0, 0, 0, 0, 0, 0, 0, 0, 0, 0, 0, 0, 0, 0, 0, 0, 0, 0, 0, 0, 0, 0, 0, 0, 0, 0, 0, 0, 0, 0, 0, 0], [0, 0, 0, 0, 0, 0, 0, 0, 0, 0, 0, 0, 0, 0, 0, 0, 0, 0, 0, 0, 0, 0, 0, 0, 0, 0, 0, 0, 0, 0, 0, 0], [0, 0, 0, 0, 0, 0, 0, 0, 0, 0, 0, 0, 0, 0, 0, 0, 0, 0, 0, 0, 0, 0, 0, 0, 0, 0, 0, 0, 0, 0, 0, 0], [0, 0, 0, 0, 0, 0, 0, 0, 0, 0, 0, 0, 0, 0, 0, 0, 0, 0, 0, 0, 0, 0, 0, 0, 0, 0, 0, 0, 0, 0, 0, 0], [0, 0, 0, 0, 0, 0, 0, 0, 0, 0, 0, 0, 0, 0, 0, 0, 0, 0, 0, 0, 0, 0, 0, 0, 0, 0, 0, 0, 0, 0, 0, 0], [0, 0, 0, 0, 0, 0, 0, 0, 0, 0, 0, 0, 0, 0, 0, 0, 0, 0, 0, 0, 0, 0, 0, 0, 0, 0, 0, 0, 0, 0, 0, 0], [0, 0, 0, 0, 0, 0, 0, 0, 0, 0, 0, 0, 0, 0, 0, 0, 0, 0, 0, 0, 0, 0, 0, 0, 0, 0, 0, 0, 0, 0, 0, 0], [0, 0, 0, 0, 0, 0, 0, 0, 0, 0, 0, 0, 0, 0, 0, 0, 0, 0, 0, 0, 0, 0, 0, 0, 0, 0, 0, 0, 0, 0, 0, 0], [0, 0, 0, 0, 0, 0, 0, 0, 0, 0, 0, 0, 0, 0, 0, 0, 0, 0, 0, 0, 0, 0, 0, 0, 0, 0, 0, 0, 0, 0, 0, 0], [0, 0, 0, 0, 0, 0, 0, 0, 0, 0, 0, 0, 0, 0, 0, 0, 0, 0, 0, 0, 0, 0, 0, 0, 0, 0, 0, 0, 0, 0, 0, 0], [0, 0, 0, 0, 0, 0, 0, 0, 0, 0, 0, 0, 0, 0, 0, 0, 0, 0, 0, 0, 0, 0, 0, 0, 0, 0, 0, 0, 0, 0, 0, 0], [0, 0, 0, 0, 0, 0, 0, 0, 0, 0, 0, 0, 0, 0, 0, 0, 0, 0, 0, 0, 0, 0, 0, 0, 0, 0, 0, 0, 0, 0, 0, 0], [0, 0, 0, 0, 0, 0, 0, 0, 0, 0, 0, 0, 0, 0, 0, 0, 0, 0, 0, 0, 0, 0, 0, 0, 0, 0, 0, 0, 0, 0, 0, 0], [0, 0, 0, 0, 0, 0, 0, 0, 0, 0, 0, 0, 0, 0, 0, 0, 0, 0, 0, 0, 0, 0, 0, 0, 0, 0, 0, 0, 0, 0, 0, 0], [0, 0, 0, 0, 0, 0, 0, 0, 0, 0, 0, 0, 0, 0, 0, 0, 0, 0, 0, 0, 0, 0, 0, 0, 0, 0, 0, 0, 0, 0, 0, 0], [0, 0, 0, 0, 0, 0, 0, 0, 0, 0, 0, 0, 0, 0, 0, 0, 0, 0, 0, 0, 0, 0, 0, 0, 0, 0, 0, 0, 0, 0, 0, 0], [0, 0, 0, 0, 0, 0, 0, 0, 0, 0, 0, 0, 0, 0, 0, 0, 0, 0, 0, 0, 0, 0, 0, 0, 0, 0, 0, 0, 0, 0, 0, 0], [0, 0, 0, 0, 0, 0, 0, 0, 0, 0, 0, 0, 0, 0, 0, 0, 0, 0, 0, 0, 0, 0, 0, 0, 0, 0, 0, 0, 0, 0, 0, 0], [0, 0, 0, 0, 0, 0, 0, 0, 0, 0, 0, 0, 0, 0, 0, 0, 0, 0, 0, 0, 0, 0, 0, 0, 0, 0, 0, 0, 0, 0, 0, 0], [0, 0, 0, 0, 0, 0, 0, 0, 0, 0, 0, 0, 0, 0, 0, 0, 0, 0, 0, 0, 0, 0, 0, 0, 0, 0, 0, 0, 0, 0, 0, 0], [0, 0, 0, 0, 0, 0, 0, 0, 0, 0, 0, 0, 0, 0, 0, 0, 0, 0, 0, 0, 0, 0, 0, 0, 0, 0, 0, 0, 0, 0, 0, 0], [0, 0, 0, 0, 0, 0, 0, 0, 0, 0, 0, 0, 0, 0, 0, 0, 0, 0, 0, 0, 0, 0, 0, 0, 0, 0, 0, 0, 0, 0, 0, 0], [0, 0, 0, 0, 0, 0, 0, 0, 0, 0, 0, 0, 0, 0, 0, 0, 0, 0, 0, 0, 0, 0, 0, 0, 0, 0, 0, 0, 0, 0, 0, 0], [0, 0, 0, 0, 0, 0, 0, 0, 0, 0, 0, 0, 0, 0, 0, 0, 0, 0, 0, 0, 0, 0, 0, 0, 0, 0, 0, 0, 0, 0, 0, 0], [0, 0, 0, 0, 0, 0, 0, 0, 0, 0, 0, 0, 0, 0, 0, 0, 0, 0, 0, 0, 0, 0, 0, 0, 0, 0, 0, 0, 0, 0, 0, 0], [0, 0, 0, 0, 0, 0, 0, 0, 0, 0, 0, 0, 0, 0, 0, 0, 0, 0, 0, 0, 0, 0, 0, 0, 0, 0, 0, 0, 0, 0, 0, 0], [0, 0, 0, 0, 0, 0, 0, 0, 0, 0, 0, 0, 0, 0, 0, 0, 0, 0, 0, 0, 0, 0, 0, 0, 0, 0, 0, 0, 0, 0, 0, 0], [0, 0, 0, 0, 0, 0, 0, 0, 0, 0, 0, 0, 0, 0, 0, 0, 0, 0, 0, 0, 0, 0, 0, 0, 0, 0, 0, 0, 0, 0, 0, 0], [0, 0, 0, 0, 0, 0, 0, 0, 0, 0, 0, 0, 0, 0, 0, 0, 0, 0, 0, 0, 0, 0, 0, 0, 0, 0, 0, 0, 0, 0, 0, 0], [0, 0, 0, 0, 0, 0, 0, 0, 0, 0, 0, 0, 0, 0, 0, 0, 0, 0, 0, 0, 0, 0, 0, 0, 0, 0, 0, 0, 0, 0, 0, 0], [0, 0, 0, 0, 0, 0, 0, 0, 0, 0, 0, 0, 0, 0, 0, 0, 0, 0, 0, 0, 0, 0, 0, 0, 0, 0, 0, 0, 0, 0, 0, 0], [0, 0, 0, 0, 0, 0, 0, 0, 0, 0, 0, 0, 0, 0, 0, 0, 0, 0, 0, 0, 0, 0, 0, 0, 0, 0, 0, 0, 0, 0, 0, 0], [0, 0, 0, 0, 0, 0, 0, 0, 0, 0, 0, 0, 0, 0, 0, 0, 0, 0, 0, 0, 0, 0, 0, 0, 0, 0, 0, 0, 0, 0, 0, 0], [0, 0, 0, 0, 0, 0, 0, 0, 0, 0, 0, 0, 0, 0, 0, 0, 0, 0, 0, 0, 0, 0, 0, 0, 0, 0, 0, 0, 0, 0, 0, 0], [0, 0, 0, 0, 0, 0, 0, 0, 0, 0, 0, 0, 0, 0, 0, 0, 0, 0, 0, 0, 0, 0, 0, 0, 0, 0, 0, 0, 0, 0, 0, 0], [0, 0, 0, 0, 0, 0, 0, 0, 0, 0, 0, 0, 0, 0, 0, 0, 0, 0, 0, 0, 0, 0, 0, 0, 0, 0, 0, 0, 0, 0, 0, 0], [0, 0, 0, 0, 0, 0, 0, 0, 0, 0, 0, 0, 0, 0, 0, 0, 0, 0, 0, 0, 0, 0, 0, 0, 0, 0, 0, 0, 0, 0, 0, 0], [0, 0, 0, 0, 0, 0, 0, 0, 0, 0, 0, 0, 0, 0, 0, 0, 0, 0, 0, 0, 0, 0, 0, 0, 0, 0, 0, 0, 0, 0, 0, 0], [0, 0, 0, 0, 0, 0, 0, 0, 0, 0, 0, 0, 0, 0, 0, 0, 0, 0, 0, 0, 0, 0, 0, 0, 0, 0, 0, 0, 0, 0, 0, 0], [0, 0, 0, 0, 0, 0, 0, 0, 0, 0, 0, 0, 0, 0, 0, 0, 0, 0, 0, 0, 0, 0, 0, 0, 0, 0, 0, 0, 0, 0, 0, 0], [0, 0, 0, 0, 0, 0, 0, 0, 0, 0, 0, 0, 0, 0, 0, 0, 0, 0, 0, 0, 0, 0, 0, 0, 0, 0, 0, 0, 0, 0, 0, 0], [0, 0, 0, 0, 0, 0, 0, 0, 0, 0, 0, 0, 0, 0, 0, 0, 0, 0, 0, 0, 0, 0, 0, 0, 0, 0, 0, 0, 0, 0, 0, 0], [0, 0, 0, 0, 0, 0, 0, 0, 0, 0, 0, 0, 0, 0, 0, 0, 0, 0, 0, 0, 0, 0, 0, 0, 0, 0, 0, 0, 0, 0, 0, 0], [0, 0, 0, 0, 0, 0, 0, 0, 0, 0, 0, 0, 0, 0, 0, 0, 0, 0, 0, 0, 0, 0, 0, 0, 0, 0, 0, 0, 0, 0, 0, 0], [0, 0, 0, 0, 0, 0, 0, 0, 0, 0, 0, 0, 0, 0, 0, 0, 0, 0, 0, 0, 0, 0, 0, 0, 0, 0, 0, 0, 0, 0, 0, 0], [0, 0, 0, 0, 0, 0, 0, 0, 0, 0, 0, 0, 0, 0, 0, 0, 0, 0, 0, 0, 0, 0, 0, 0, 0, 0, 0, 0, 0, 0, 0, 0], [0, 0, 0, 0, 0, 0, 0, 0, 0, 0, 0, 0, 0, 0, 0, 0, 0, 0, 0, 0, 0, 0, 0, 0, 0, 0, 0, 0, 0, 0, 0, 0], [0, 0, 0, 0, 0, 0, 0, 0, 0, 0, 0, 0, 0, 0, 0, 0, 0, 0, 0, 0, 0, 0, 0, 0, 0, 0, 0, 0, 0, 0, 0, 0], [0, 0, 0, 0, 0, 0, 0, 0, 0, 0, 0, 0, 0, 0, 0, 0, 0, 0, 0, 0, 0, 0, 0, 0, 0, 0, 0, 0, 0, 0, 0, 0], [0, 0, 0, 0, 0, 0, 0, 0, 0, 0, 0, 0, 0, 0, 0, 0, 0, 0, 0, 0, 0, 0, 0, 0, 0, 0, 0, 0, 0, 0, 0, 0], [0, 0, 0, 0, 0, 0, 0, 0, 0, 0, 0, 0, 0, 0, 0, 0, 0, 0, 0, 0, 0, 0, 0, 0, 0, 0, 0, 0, 0, 0, 0, 0], [0, 0, 0, 0, 0, 0, 0, 0, 0, 0, 0, 0, 0, 0, 0, 0, 0, 0, 0, 0, 0, 0, 0, 0, 0, 0, 0, 0, 0, 0, 0, 0], [0, 0, 0, 0, 0, 0, 0, 0, 0, 0, 0, 0, 0, 0, 0, 0, 0, 0, 0, 0, 0, 0, 0, 0, 0, 0, 0, 0, 0, 0, 0, 0], [0, 0, 0, 0, 0, 0, 0, 0, 0, 0, 0, 0, 0, 0, 0, 0, 0, 0, 0, 0, 0, 0, 0, 0, 0, 0, 0, 0, 0, 0, 0, 0], [0, 0, 0, 0, 0, 0, 0, 0, 0, 0, 0, 0, 0, 0, 0, 0, 0, 0, 0, 0, 0, 0, 0, 0, 0, 0, 0, 0, 0, 0, 0, 0], [0, 0, 0, 0, 0, 0, 0, 0, 0, 0, 0, 0, 0, 0, 0, 0, 0, 0, 0, 0, 0, 0, 0, 0, 0, 0, 0, 0, 0, 0, 0, 0], [0, 0, 0, 0, 0, 0, 0, 0, 0, 0, 0, 0, 0, 0, 0, 0, 0, 0, 0, 0, 0, 0, 0, 0, 0, 0, 0, 0, 0, 0, 0, 0], [0, 0, 0, 0, 0, 0, 0, 0, 0, 0, 0, 0, 0, 0, 0, 0, 0, 0, 0, 0, 0, 0, 0, 0, 0, 0, 0, 0, 42, 206, 91, 120], [2, 29, 198, 48, 101, 180, 1, 167, 119, 103, 65, 70, 238, 168, 179, 246, 62, 15, 128, 208, 32, 177, 160, 7, 113, 15, 176, 80, 109, 238, 136, 34], [32, 154, 248, 184, 161, 244, 140, 223, 167, 150, 243, 88, 245, 192, 63, 38, 219, 42, 152, 42, 131, 214, 35, 126, 175, 136, 155, 28, 128, 85, 254, 104], [43, 247, 142, 229, 95, 227, 83, 101, 140, 114, 82, 168, 253, 33, 193, 165, 86, 95, 91, 149, 203, 62, 186, 60, 243, 196, 177, 4, 62, 100, 35, 226], [132, 151, 123, 90, 220, 168, 159, 33, 148, 41, 156, 62, 155, 185, 49, 68, 3, 174, 210, 140, 134, 241, 161, 219, 171, 165, 194, 79, 220, 72, 6, 67], [114, 225, 11, 213, 169, 249, 133, 140, 103, 20, 87, 162, 179, 183, 49, 208, 220, 118, 137, 60, 30, 181, 251, 174, 110, 137, 99, 89, 74, 93, 31, 77], [141, 125, 28, 170, 143, 204, 54, 63, 99, 113, 44, 122, 24, 57, 0, 181, 100, 98, 12, 140, 247, 195, 124, 203, 152, 166, 106, 86, 247, 71, 174, 73], [116, 8, 68, 12, 59, 118, 194, 5, 211, 129, 199, 181, 40, 233, 37, 22, 8, 92, 207, 34, 194, 112, 62, 118, 233, 32, 250, 50, 36, 185, 168, 182], [23, 19, 2, 140, 163, 166, 63, 3, 92, 249, 18, 172, 186, 207, 168, 40, 130, 211, 90, 156, 201, 177, 175, 5, 139, 26, 109, 9, 253, 135, 32, 224], [79, 210, 148, 162, 19, 137, 79, 90, 97, 122, 255, 117, 200, 36, 74, 105, 86, 146, 97, 54, 236, 124, 144, 107, 135, 96, 73, 85, 16, 103, 13, 65], [248, 242, 123, 134, 26, 9, 135, 115, 76, 36, 168, 115, 128, 52, 195, 220, 130, 237, 172, 232, 36, 180, 81, 82, 155, 114, 138, 56, 165, 10, 173, 38], [40, 91, 50, 127, 205, 85, 236, 191, 83, 16, 168, 57, 67, 239, 57, 92, 21, 245, 217, 4, 79, 221, 249, 85, 58, 69, 13, 73, 10, 135, 70, 238], [126, 68, 217, 209, 187, 91, 14, 79, 3, 255, 178, 232, 153, 84, 157, 146, 14, 166, 66, 36, 215, 179, 196, 143, 196, 44, 209, 92, 220, 39, 128, 239], [61, 146, 27, 93, 90, 23, 244, 72, 255, 24, 242, 81, 81, 51, 66, 85, 137, 186, 130, 212, 223, 156, 55, 234, 138, 227, 125, 84, 145, 162, 19, 194], [172, 94, 113, 0, 194, 108, 141, 43, 139, 44, 196, 169, 186, 171, 205, 26, 131, 213, 112, 61, 34, 12, 84, 8, 113, 176, 2, 63, 98, 213, 243, 26], [225, 111, 119, 61, 173, 118, 121, 90, 40, 197, 54, 177, 208, 171, 71, 103, 96, 221, 69, 164, 242, 50, 154, 78, 247, 63, 123, 27, 244, 111, 166, 131], [253, 188, 126, 128, 50, 203, 148, 29, 12, 76, 66, 74, 95, 96, 223, 77, 176, 38, 49, 234, 32, 104, 166, 193, 102, 29, 137, 8, 31, 109, 2, 56], [113, 139, 115, 146, 190, 175, 68, 125, 206, 121, 77, 227, 201, 179, 123, 94, 247, 233, 152, 46, 174, 72, 69, 203, 139, 151, 42, 34, 146, 205, 129, 247], [232, 172, 28, 183, 47, 169, 214, 186, 18, 34, 45, 157, 98, 160, 53, 233, 76, 24, 140, 45, 97, 201, 117, 64, 69, 166, 168, 62, 215, 17, 236, 31], [26, 118, 26, 72, 65, 64, 0, 176, 86, 183, 61, 145, 57, 25, 82, 155, 255, 145, 71, 174, 42, 124, 233, 78, 40, 47, 44, 91, 15, 114, 53, 217], [157, 226, 63, 190, 200, 160, 80, 57, 224, 52, 75, 121, 171, 130, 1, 82, 158, 243, 234, 239, 13, 161, 145, 13, 81, 42, 165, 64, 134, 18, 51, 88], [40, 183, 49, 143, 207, 15, 133, 111, 202, 179, 149, 160, 85, 132, 151, 60, 201, 237, 170, 198, 23, 148, 97, 79, 114, 112, 225, 35, 238, 151, 183, 32], [47, 199, 42, 57, 37, 29, 8, 171, 75, 171, 196, 101, 103, 58, 82, 172, 43, 186, 61, 36, 233, 124, 222, 131, 104, 27, 89, 91, 179, 115, 116, 180], [3, 103, 203, 78, 66, 23, 136, 122, 224, 47, 108, 154, 147, 23, 240, 171, 73, 220, 59, 210, 188, 38, 233, 62, 147, 208, 242, 88, 155, 51, 205, 10], [89, 193, 144, 244, 56, 220, 50, 251, 103, 65, 156, 139, 115, 63, 46, 105, 49, 22, 175, 98, 106, 214, 106, 38, 110, 189, 217, 22, 0, 0, 0, 0], [0, 0, 0, 0, 0, 0, 0, 0, 0, 0, 0, 0, 0, 0, 0, 0, 0, 0, 0, 0, 0, 0, 0, 0, 0, 0, 0, 0, 0, 0, 0, 0], [0, 0, 0, 0, 0, 0, 0, 0, 0, 0, 0, 0, 0, 0, 0, 0, 0, 0, 0, 0, 0, 0, 0, 0, 0, 0, 0, 0, 0, 0, 0, 0], [0, 0, 0, 0, 0, 0, 0, 0, 0, 0, 0, 0, 0, 0, 0, 0, 0, 0, 0, 0, 0, 0, 0, 0, 0, 0, 0, 0, 0, 0, 0, 0], [0, 0, 0, 0, 0, 0, 0, 0, 0, 0, 0, 0, 0, 0, 0, 0, 0, 0, 0, 0, 0, 0, 0, 0, 0, 0, 0, 0, 0, 0, 0, 0], [0, 0, 0, 0, 0, 0, 0, 0, 0, 0, 0, 0, 0, 0, 0, 0, 0, 0, 0, 0, 0, 0, 0, 0, 0, 0, 0, 0, 0, 0, 0, 0], [0, 0, 0, 0, 0, 0, 0, 0, 0, 0, 0, 0, 0, 0, 0, 0, 0, 0, 0, 0, 0, 0, 0, 0, 0, 0, 0, 0, 0, 0, 0, 0], [0, 0, 0, 0, 0, 0, 0, 0, 0, 0, 0, 0, 0, 0, 0, 0, 0, 0, 0, 0, 0, 0, 0, 0, 0, 0, 0, 0, 0, 0, 0, 0], [0, 0, 0, 0, 0, 0, 0, 0, 0, 0, 0, 0, 0, 0, 0, 0, 0, 0, 0, 0, 0, 0, 0, 0, 0, 0, 0, 0, 0, 0, 0, 0], [0, 0, 0, 0, 0, 0, 0, 0, 0, 0, 0, 0, 0, 0, 0, 0, 0, 0, 0, 0, 0, 0, 0, 0, 0, 0, 0, 0, 0, 0, 0, 0], [0, 0, 0, 0, 0, 0, 0, 0, 0, 0, 0, 0, 0, 0, 0, 0, 0, 0, 0, 0, 0, 0, 0, 0, 0, 0, 0, 0, 0, 0, 0, 0], [0, 0, 0, 0, 0, 0, 0, 0, 0, 0, 0, 0, 0, 0, 0, 0, 0, 0, 0, 0, 0, 0, 0, 0, 0, 0, 0, 0, 0, 0, 0, 0], [0, 0, 0, 0, 0, 0, 0, 0, 0, 0, 0, 0, 0, 0, 0, 0, 0, 0, 0, 0, 0, 0, 0, 0, 0, 0, 0, 0, 0, 0, 0, 0], [0, 0, 0, 0, 0, 0, 0, 0, 0, 0, 0, 0, 0, 0, 0, 0, 0, 0, 0, 0, 0, 0, 0, 0, 0, 0, 0, 0, 125, 117, 86, 229], [207, 77, 227, 97, 114, 156, 1, 176, 180, 185, 58, 68, 44, 150, 100, 202, 179, 171, 114, 140, 69, 5, 104, 56, 129, 152, 101, 9, 222, 137, 97, 134], [27, 29, 171, 216, 235, 145, 89, 136, 229, 28, 239, 150, 96, 110, 92, 80, 232, 126, 218, 198, 228, 180, 173, 27, 135, 129, 87, 46, 144, 126, 78, 237], [111, 199, 135, 30, 130, 74, 149, 147, 51, 114, 122, 29, 229, 73, 72, 184, 62, 92, 192, 242, 72, 136, 11, 66, 11, 176, 188, 41, 212, 228, 250, 78], [27, 29, 232, 110, 70, 98, 30, 205, 8, 91, 62, 169, 57, 254, 7, 147, 178, 250, 45, 104, 11, 206, 142, 94, 245, 193, 234, 58, 236, 150, 17, 219], [6, 122, 152, 184, 228, 217, 192, 37, 247, 75, 78, 102, 220, 88, 212, 177, 238, 97, 188, 76, 152, 44, 104, 139, 86, 102, 119, 82, 145, 104, 136, 193], [81, 108, 235, 40, 254, 28, 247, 230, 206, 216, 255, 24, 183, 93, 25, 33, 247, 16, 12, 176, 106, 91, 181, 143, 136, 203, 72, 83, 0, 0, 0, 0], [0, 0, 0, 0, 0, 0, 0, 0, 0, 0, 0, 0, 0, 0, 0, 0, 0, 0, 0, 0, 0, 0, 0, 0, 0, 0, 0, 0, 0, 0, 0, 0], [0, 0, 0, 0, 0, 0, 0, 0, 0, 0, 0, 0, 0, 0, 0, 0, 0, 0, 0, 0, 0, 0, 0, 0, 0, 0, 0, 0, 0, 0, 0, 0], [0, 0, 0, 0, 0, 0, 0, 0, 0, 0, 0, 0, 0, 0, 0, 0, 0, 0, 0, 0, 0, 0, 0, 0, 0, 0, 0, 0, 0, 0, 0, 0], [0, 0, 0, 0, 0, 0, 0, 0, 0, 0, 0, 0, 0, 0, 0, 0, 0, 0, 0, 0, 0, 0, 0, 0, 0, 0, 0, 0, 0, 0, 0, 0], [0, 0, 0, 0, 0, 0, 0, 0, 0, 0, 0, 0, 0, 0, 0, 0, 0, 0, 0, 0, 0, 0, 0, 0, 0, 0, 0, 0, 0, 0, 0, 0], [0, 0, 0, 0, 0, 0, 0, 0, 0, 0, 0, 0, 0, 0, 0, 0, 0, 0, 0, 0, 0, 0, 0, 0, 0, 0, 0, 0, 0, 0, 0, 0], [0, 0, 0, 0, 0, 0, 0, 0, 0, 0, 0, 0, 0, 0, 0, 0, 0, 0, 0, 0, 0, 0, 0, 0, 0, 0, 0, 0, 0, 0, 0, 0], [0, 0, 0, 0, 0, 0, 0, 0, 0, 0, 0, 0, 0, 0, 0, 0, 0, 0, 0, 0, 0, 0, 0, 0, 0, 0, 0, 0, 0, 0, 0, 0], [0, 0, 0, 0, 0, 0, 0, 0, 0, 0, 0, 0, 0, 0, 0, 0, 0, 0, 0, 0, 0, 0, 0, 0, 0, 0, 0, 0, 0, 0, 0, 0], [0, 0, 0, 0, 0, 0, 0, 0, 0, 0, 0, 0, 0, 0, 0, 0, 0, 0, 0, 0, 0, 0, 0, 0, 0, 0, 0, 0, 0, 0, 0, 0], [0, 0, 0, 0, 0, 0, 0, 0, 0, 0, 0, 0, 0, 0, 0, 0, 0, 0, 0, 0, 0, 0, 0, 0, 0, 0, 0, 0, 0, 0, 0, 0], [0, 0, 0, 0, 0, 0, 0, 0, 0, 0, 0, 0, 0, 0, 0, 0, 0, 0, 0, 0, 0, 0, 0, 0, 0, 0, 0, 0, 0, 0, 0, 0], [0, 0, 0, 0, 0, 0, 0, 0, 0, 0, 0, 0, 0, 0, 0, 0, 0, 0, 0, 0, 0, 0, 0, 0, 0, 0, 0, 0, 0, 0, 0, 0], [0, 0, 0, 0, 0, 0, 0, 0, 0, 0, 0, 0, 0, 0, 0, 0, 0, 0, 0, 0, 0, 0, 0, 0, 0, 0, 0, 0, 0, 0, 0, 0], [0, 0, 0, 0, 0, 0, 0, 0, 0, 0, 0, 0, 0, 0, 0, 0, 0, 0, 0, 0, 0, 0, 0, 0, 0, 0, 0, 0, 0, 0, 0, 0], [0, 0, 0, 0, 0, 0, 0, 0, 0, 0, 0, 0, 0, 0, 0, 0, 0, 0, 0, 0, 0, 0, 0, 0, 0, 0, 0, 0, 0, 0, 0, 0], [0, 0, 0, 0, 0, 0, 0, 0, 0, 0, 0, 0, 0, 0, 0, 0, 0, 0, 0, 0, 0, 0, 0, 0, 0, 0, 0, 0, 0, 0, 0, 0], [0, 0, 0, 0, 0, 0, 0, 0, 0, 0, 0, 0, 0, 0, 0, 0, 0, 0, 0, 0, 0, 0, 0, 0, 0, 0, 0, 0, 0, 0, 0, 0], [0, 0, 0, 0, 0, 0, 0, 0, 0, 0, 0, 0, 0, 0, 0, 0, 0, 0, 0, 0, 0, 0, 0, 0, 0, 0, 0, 0, 0, 0, 0, 0], [0, 0, 0, 0, 0, 0, 0, 0, 0, 0, 0, 0, 0, 0, 0, 0, 0, 0, 0, 0, 0, 0, 0, 0, 0, 0, 0, 0, 0, 0, 0, 0], [0, 0, 0, 0, 0, 0, 0, 0, 0, 0, 0, 0, 0, 0, 0, 0, 0, 0, 0, 0, 0, 0, 0, 0, 0, 0, 0, 0, 0, 0, 0, 0], [0, 0, 0, 0, 0, 0, 0, 0, 0, 0, 0, 0, 0, 0, 0, 0, 0, 0, 0, 0, 0, 0, 0, 0, 0, 0, 0, 0, 0, 0, 0, 0], [0, 0, 0, 0, 0, 0, 0, 0, 0, 0, 0, 0, 0, 0, 0, 0, 0, 0, 0, 0, 0, 0, 0, 0, 0, 0, 0, 0, 0, 0, 0, 0], [0, 0, 0, 0, 0, 0, 0, 0, 0, 0, 0, 0, 0, 0, 0, 0, 0, 0, 0, 0, 0, 0, 0, 0, 0, 0, 0, 0, 0, 0, 0, 0], [0, 0, 0, 0, 0, 0, 0, 0, 0, 0, 0, 0, 0, 0, 0, 0, 0, 0, 0, 0, 0, 0, 0, 0, 0, 0, 0, 0, 0, 0, 0, 0], [0, 0, 0, 0, 0, 0, 0, 0, 0, 0, 0, 0, 0, 0, 0, 0, 0, 0, 0, 0, 0, 0, 0, 0, 0, 0, 0, 0, 0, 0, 0, 0], [0, 0, 0, 0, 0, 0, 0, 0, 0, 0, 0, 0, 0, 0, 0, 0, 0, 0, 0, 0, 0, 0, 0, 0, 0, 0, 0, 0, 0, 0, 0, 0], [0, 0, 0, 0, 0, 0, 0, 0, 0, 0, 0, 0, 0, 0, 0, 0, 0, 0, 0, 0, 0, 0, 0, 0, 0, 0, 0, 0, 0, 0, 0, 0], [0, 0, 0, 0, 0, 0, 0, 0, 0, 0, 0, 0, 0, 0, 0, 0, 0, 0, 0, 0, 0, 0, 0, 0, 0, 0, 0, 0, 0, 0, 0, 0], [0, 0, 0, 0, 0, 0, 0, 0, 0, 0, 0, 0, 0, 0, 0, 0, 0, 0, 0, 0, 0, 0, 0, 0, 0, 0, 0, 0, 0, 0, 0, 0], [0, 0, 0, 0, 0, 0, 0, 0, 0, 0, 0, 0, 0, 0, 0, 0, 0, 0, 0, 0, 0, 0, 0, 0, 0, 0, 0, 0, 0, 0, 0, 0], [0, 0, 0, 0, 0, 0, 0, 0, 0, 0, 0, 0, 0, 0, 0, 0, 0, 0, 0, 0, 0, 0, 0, 0, 0, 0, 0, 0, 0, 0, 0, 0], [0, 0, 0, 0, 0, 0, 0, 0, 0, 0, 0, 0, 0, 0, 0, 0, 0, 0, 0, 0, 0, 0, 0, 0, 0, 0, 0, 0, 0, 0, 0, 0], [0, 0, 0, 0, 0, 0, 0, 0, 0, 0, 0, 0, 0, 0, 0, 0, 0, 0, 0, 0, 0, 0, 0, 0, 0, 0, 0, 0, 0, 0, 0, 0], [0, 0, 0, 0, 0, 0, 0, 0, 0, 0, 0, 0, 0, 0, 0, 0, 0, 0, 0, 0, 0, 0, 0, 0, 0, 0, 0, 0, 0, 0, 0, 0], [0, 0, 0, 0, 0, 0, 0, 0, 0, 0, 0, 0, 0, 0, 0, 0, 0, 0, 0, 0, 0, 0, 0, 0, 0, 0, 0, 0, 0, 0, 0, 0], [0, 0, 0, 0, 0, 0, 0, 0, 0, 0, 0, 0, 0, 0, 0, 0, 0, 0, 0, 0, 0, 0, 0, 0, 0, 0, 0, 0, 0, 0, 0, 0], [0, 0, 0, 0, 0, 0, 0, 0, 0, 0, 0, 0, 0, 0, 0, 0, 0, 0, 0, 0, 0, 0, 0, 0, 0, 0, 0, 0, 0, 0, 0, 0], [0, 0, 0, 0, 0, 0, 0, 0, 0, 0, 0, 0, 0, 0, 0, 0, 0, 0, 0, 0, 0, 0, 0, 0, 0, 0, 0, 0, 0, 0, 0, 0], [0, 0, 0, 0, 0, 0, 0, 0, 0, 0, 0, 0, 0, 0, 0, 0, 0, 0, 0, 0, 0, 0, 0, 0, 0, 0, 0, 0, 0, 0, 0, 0], [0, 0, 0, 0, 0, 0, 0, 0, 0, 0, 0, 0, 0, 0, 0, 0, 0, 0, 0, 0, 0, 0, 0, 0, 0, 0, 0, 0, 0, 0, 0, 0], [0, 0, 0, 0, 0, 0, 0, 0, 0, 0, 0, 0, 0, 0, 0, 0, 0, 0, 0, 0, 0, 0, 0, 0, 0, 0, 0, 0, 0, 0, 0, 0], [0, 0, 0, 0, 0, 0, 0, 0, 0, 0, 0, 0, 0, 0, 0, 0, 0, 0, 0, 0, 0, 0, 0, 0, 0, 0, 0, 0, 0, 0, 0, 0], [0, 0, 0, 0, 0, 0, 0, 0, 0, 0, 0, 0, 0, 0, 0, 0, 0, 0, 0, 0, 0, 0, 0, 0, 0, 0, 0, 0, 0, 0, 0, 0], [0, 0, 0, 0, 0, 0, 0, 0, 0, 0, 0, 0, 0, 0, 0, 0, 0, 0, 0, 0, 0, 0, 0, 0, 0, 0, 0, 0, 0, 0, 0, 0], [0, 0, 0, 0, 0, 0, 0, 0, 0, 0, 0, 0, 0, 0, 0, 0, 0, 0, 0, 0, 0, 0, 0, 0, 0, 0, 0, 0, 0, 0, 0, 0], [0, 0, 0, 0, 0, 0, 0, 0, 0, 0, 0, 0, 0, 0, 0, 0, 0, 0, 0, 0, 0, 0, 0, 0, 0, 0, 0, 0, 0, 0, 0, 0], [0, 0, 0, 0, 0, 0, 0, 0, 0, 0, 0, 0, 0, 0, 0, 0, 0, 0, 0, 0, 0, 0, 0, 0, 0, 0, 0, 0, 0, 0, 0, 0], [0, 0, 0, 0, 0, 0, 0, 0, 0, 0, 0, 0, 0, 0, 0, 0, 0, 0, 0, 0, 0, 0, 0, 0, 0, 0, 0, 0, 0, 0, 0, 0], [0, 0, 0, 0, 0, 0, 0, 0, 0, 0, 0, 0, 0, 0, 0, 0, 0, 0, 0, 0, 0, 0, 0, 0, 0, 0, 0, 0, 0, 0, 0, 0], [0, 0, 0, 0, 0, 0, 0, 0, 0, 0, 0, 0, 0, 0, 0, 0, 0, 0, 0, 0, 0, 0, 0, 0, 0, 0, 0, 0, 0, 0, 0, 0], [0, 0, 0, 0, 0, 0, 0, 0, 0, 0, 0, 0, 0, 0, 0, 0, 0, 0, 0, 0, 0, 0, 0, 0, 0, 0, 0, 0, 0, 0, 0, 0], [0, 0, 0, 0, 0, 0, 0, 0, 0, 0, 0, 0, 0, 0, 0, 0, 0, 0, 0, 0, 0, 0, 0, 0, 0, 0, 0, 0, 0, 0, 0, 0], [0, 0, 0, 0, 0, 0, 0, 0, 0, 0, 0, 0, 0, 0, 0, 0, 0, 0, 0, 0, 0, 0, 0, 0, 0, 0, 0, 0, 0, 0, 0, 0], [0, 0, 0, 0, 0, 0, 0, 0, 0, 0, 0, 0, 0, 0, 0, 0, 0, 0, 0, 0, 0, 0, 0, 0, 0, 0, 0, 0, 0, 0, 0, 0], [0, 0, 0, 0, 0, 0, 0, 0, 0, 0, 0, 0, 0, 0, 0, 0, 0, 0, 0, 0, 0, 0, 0, 0, 0, 0, 0, 0, 0, 0, 0, 0], [0, 0, 0, 0, 0, 0, 0, 0, 0, 0, 0, 0, 0, 0, 0, 0, 0, 0, 0, 0, 0, 0, 0, 0, 0, 0, 0, 0, 0, 0, 0, 0], [0, 0, 0, 0, 0, 0, 0, 0, 0, 0, 0, 0, 0, 0, 0, 0, 0, 0, 0, 0, 0, 0, 0, 0, 0, 0, 0, 0, 0, 0, 0, 0], [0, 0, 0, 0, 0, 0, 0, 0, 0, 0, 0, 0, 0, 0, 0, 0, 0, 0, 0, 0, 0, 0, 0, 0, 0, 0, 0, 0, 0, 0, 0, 0], [0, 0, 0, 0, 0, 0, 0, 0, 0, 0, 0, 0, 0, 0, 0, 0, 0, 0, 0, 0, 0, 0, 0, 0, 0, 0, 0, 0, 0, 0, 0, 0], [0, 0, 0, 0, 0, 0, 0, 0, 0, 0, 0, 0, 0, 0, 0, 0, 0, 0, 0, 0, 0, 0, 0, 0, 0, 0, 0, 0, 0, 0, 0, 0], [0, 0, 0, 0, 0, 0, 0, 0, 0, 0, 0, 0, 0, 0, 0, 0, 0, 0, 0, 0, 0, 0, 0, 0, 0, 0, 0, 0, 0, 0, 0, 0], [0, 0, 0, 0, 0, 0, 0, 0, 0, 0, 0, 0, 0, 0, 0, 0, 0, 0, 0, 0, 0, 0, 0, 0, 0, 0, 0, 0, 0, 0, 0, 0], [0, 0, 0, 0, 0, 0, 0, 0, 0, 0, 0, 0, 0, 0, 0, 0, 0, 0, 0, 0, 0, 0, 0, 0, 0, 0, 0, 0, 0, 0, 0, 0], [0, 0, 0, 0, 0, 0, 0, 0, 0, 0, 0, 0, 0, 0, 0, 0, 0, 0, 0, 0, 0, 0, 0, 0, 0, 0, 0, 0, 0, 0, 0, 0], [0, 0, 0, 0, 0, 0, 0, 0, 0, 0, 0, 0, 0, 0, 0, 0, 0, 0, 0, 0, 0, 0, 0, 0, 0, 0, 0, 0, 0, 0, 0, 0], [0, 0, 0, 0, 0, 0, 0, 0, 0, 0, 0, 0, 0, 0, 0, 0, 0, 0, 0, 0, 0, 0, 0, 0, 0, 0, 0, 0, 0, 0, 0, 0], [0, 0, 0, 0, 0, 0, 0, 0, 0, 0, 0, 0, 0, 0, 0, 0, 0, 0, 0, 0, 0, 0, 0, 0, 0, 0, 0, 0, 0, 0, 0, 0], [0, 0, 0, 0, 0, 0, 0, 0, 0, 0, 0, 0, 0, 0, 0, 0, 0, 0, 0, 0, 0, 0, 0, 0, 0, 0, 0, 0, 0, 0, 0, 0], [0, 0, 0, 0, 0, 0, 0, 0, 0, 0, 0, 0, 0, 0, 0, 0, 0, 0, 0, 0, 0, 0, 0, 0, 0, 0, 0, 0, 0, 0, 0, 0], [0, 0, 0, 0, 0, 0, 0, 0, 0, 0, 0, 0, 0, 0, 0, 0, 0, 0, 0, 0, 0, 0, 0, 0, 0, 0, 0, 0, 0, 0, 0, 0], [0, 0, 0, 0, 0, 0, 0, 0, 0, 0, 0, 0, 0, 0, 0, 0, 0, 0, 0, 0, 0, 0, 0, 0, 0, 0, 0, 0, 0, 0, 0, 0], [0, 0, 0, 0, 0, 0, 0, 0, 0, 0, 0, 0, 0, 0, 0, 0, 0, 0, 0, 0, 0, 0, 0, 0, 0, 0, 0, 0, 0, 0, 0, 0], [0, 0, 0, 0, 0, 0, 0, 0, 0, 0, 0, 0, 0, 0, 0, 0, 0, 0, 0, 0, 0, 0, 0, 0, 0, 0, 0, 0, 0, 0, 0, 0], [0, 0, 0, 0, 0, 0, 0, 0, 0, 0, 0, 0, 0, 0, 0, 0, 0, 0, 0, 0, 0, 0, 0, 0, 0, 0, 0, 0, 0, 0, 0, 0], [0, 0, 0, 0, 0, 0, 0, 0, 0, 0, 0, 0, 0, 0, 0, 0, 0, 0, 0, 0, 0, 0, 0, 0, 0, 0, 0, 0, 0, 0, 0, 0], [0, 0, 0, 0, 0, 0, 0, 0, 0, 0, 0, 0, 0, 0, 0, 0, 0, 0, 0, 0, 0, 0, 0, 0, 0, 0, 0, 0, 0, 0, 0, 0], [0, 0, 0, 0, 0, 0, 0, 0, 0, 0, 0, 0, 0, 0, 0, 0, 0, 0, 0, 0, 0, 0, 0, 0, 0, 0, 0, 0, 0, 0, 0, 0], [0, 0, 0, 0, 0, 0, 0, 0, 0, 0, 0, 0, 0, 0, 0, 0, 0, 0, 0, 0, 0, 0, 0, 0, 0, 0, 0, 0, 0, 0, 0, 0], [0, 0, 0, 0, 0, 0, 0, 0, 0, 0, 0, 0, 0, 0, 0, 0, 0, 0, 0, 0, 0, 0, 0, 0, 0, 0, 0, 0, 0, 0, 0, 0], [0, 0, 0, 0, 0, 0, 0, 0, 0, 0, 0, 0, 0, 0, 0, 0, 0, 0, 0, 0, 0, 0, 0, 0, 0, 0, 0, 0, 0, 0, 0, 0], [0, 0, 0, 0, 0, 0, 0, 0, 0, 0, 0, 0, 0, 0, 0, 0, 0, 0, 0, 0, 0, 0, 0, 0, 0, 0, 0, 0, 0, 0, 0, 0], [0, 0, 0, 0, 0, 0, 0, 0, 0, 0, 0, 0, 0, 0, 0, 0, 0, 0, 0, 0, 0, 0, 0, 0, 0, 0, 0, 0, 0, 0, 0, 0], [0, 0, 0, 0, 0, 0, 0, 0, 0, 0, 0, 0, 0, 0, 0, 0, 0, 0, 0, 0, 0, 0, 0, 0, 0, 0, 0, 0, 0, 0, 0, 0], [0, 0, 0, 0, 0, 0, 0, 0, 0, 0, 0, 0, 0, 0, 0, 0, 0, 0, 0, 0, 0, 0, 0, 0, 0, 0, 0, 0, 0, 0, 0, 0], [0, 0, 0, 0, 0, 0, 0, 0, 0, 0, 0, 0, 0, 0, 0, 0, 0, 0, 0, 0, 0, 0, 0, 0, 0, 0, 0, 0, 0, 0, 0, 0], [0, 0, 0, 0, 0, 0, 0, 0, 0, 0, 0, 0, 0, 0, 0, 0, 0, 0, 0, 0, 0, 0, 0, 0, 0, 0, 0, 0, 0, 0, 0, 0], [0, 0, 0, 0, 0, 0, 0, 0, 0, 0, 0, 0, 0, 0, 0, 0, 0, 0, 0, 0, 0, 0, 0, 0, 0, 0, 0, 0, 0, 0, 0, 0], [0, 0, 0, 0, 0, 0, 0, 0, 0, 0, 0, 0, 0, 0, 0, 0, 0, 0, 0, 0, 0, 0, 0, 0, 0, 0, 0, 0, 0, 0, 0, 0], [0, 0, 0, 0, 0, 0, 0, 0, 0, 0, 0, 0, 0, 0, 0, 0, 0, 0, 0, 0, 0, 0, 0, 0, 0, 0, 0, 0, 0, 0, 0, 0], [0, 0, 0, 0, 0, 0, 0, 0, 0, 0, 0, 0, 0, 0, 0, 0, 0, 0, 0, 0, 0, 0, 0, 0, 0, 0, 0, 0, 0, 0, 0, 0], [0, 0, 0, 0, 0, 0, 0, 0, 0, 0, 0, 0, 0, 0, 0, 0, 0, 0, 0, 0, 0, 0, 0, 0, 0, 0, 0, 0, 0, 0, 0, 0], [0, 0, 0, 0, 0, 0, 0, 0, 0, 0, 0, 0, 0, 0, 0, 0, 0, 0, 0, 0, 0, 0, 0, 0, 0, 0, 0, 0, 0, 0, 0, 0], [0, 0, 0, 0, 0, 0, 0, 0, 0, 0, 0, 0, 0, 0, 0, 0, 0, 0, 0, 0, 0, 0, 0, 0, 0, 0, 0, 0, 0, 0, 0, 0], [0, 0, 0, 0, 0, 0, 0, 0, 0, 0, 0, 0, 0, 0, 0, 0, 0, 0, 0, 0, 0, 0, 0, 0, 0, 0, 0, 0, 0, 0, 0, 0], [0, 0, 0, 0, 0, 0, 0, 0, 0, 0, 0, 0, 0, 0, 0, 0, 0, 0, 0, 0, 0, 0, 0, 0, 0, 0, 0, 0, 0, 0, 0, 0], [0, 0, 0, 0, 0, 0, 0, 0, 0, 0, 0, 0, 0, 0, 0, 0, 0, 0, 0, 0, 0, 0, 0, 0, 0, 0, 0, 0, 0, 0, 0, 0], [0, 0, 0, 0, 0, 0, 0, 0, 0, 0, 0, 0, 0, 0, 0, 0, 0, 0, 0, 0, 0, 0, 0, 0, 0, 0, 0, 0, 0, 0, 0, 0], [0, 0, 0, 0, 0, 0, 0, 0, 0, 0, 0, 0, 0, 0, 0, 0, 0, 0, 0, 0, 0, 0, 0, 0, 0, 0, 0, 0, 0, 0, 0, 0], [0, 0, 0, 0, 0, 0, 0, 0, 0, 0, 0, 0, 0, 0, 0, 0, 0, 0, 0, 0, 0, 0, 0, 0, 0, 0, 0, 0, 0, 0, 0, 0], [0, 0, 0, 0, 0, 0, 0, 0, 0, 0, 0, 0, 0, 0, 0, 0, 0, 0, 0, 0, 0, 0, 0, 0, 0, 0, 0, 0, 0, 0, 0, 0], [0, 0, 0, 0, 0, 0, 0, 0, 0, 0, 0, 0, 0, 0, 0, 0, 0, 0, 0, 0, 0, 0, 0, 0, 0, 0, 0, 0, 0, 0, 0, 0], [0, 0, 0, 0, 0, 0, 0, 0, 0, 0, 0, 0, 0, 0, 0, 0, 0, 0, 0, 0, 0, 0, 0, 0, 0, 0, 0, 0, 0, 0, 0, 0], [0, 0, 0, 0, 0, 0, 0, 0, 0, 0, 0, 0, 0, 0, 0, 0, 0, 0, 0, 0, 0, 0, 0, 0, 0, 0, 0, 0, 0, 0, 0, 0], [0, 0, 0, 0, 0, 0, 0, 0, 0, 0, 0, 0, 0, 0, 0, 0, 0, 0, 0, 0, 0, 0, 0, 0, 0, 0, 0, 0, 0, 0, 0, 0], [0, 0, 0, 0, 0, 0, 0, 0, 0, 0, 0, 0, 0, 0, 0, 0, 0, 0, 0, 0, 0, 0, 0, 0, 0, 0, 0, 0, 0, 0, 0, 0], [0, 0, 0, 0, 0, 0, 0, 0, 0, 0, 0, 0, 0, 0, 0, 0, 0, 0, 0, 0, 0, 0, 0, 0, 0, 0, 0, 0, 0, 0, 0, 0], [0, 0, 0, 0, 0, 0, 0, 0, 0, 0, 0, 0, 0, 0, 0, 0, 0, 0, 0, 0, 0, 0, 0, 0, 0, 0, 0, 0, 0, 0, 0, 0], [0, 0, 0, 0, 0, 0, 0, 0, 0, 0, 0, 0, 0, 0, 0, 0, 0, 0, 0, 0, 0, 0, 0, 0, 0, 0, 0, 0, 0, 0, 0, 0], [0, 0, 0, 0, 0, 0, 0, 0, 0, 0, 0, 0, 0, 0, 0, 0, 0, 0, 0, 0, 0, 0, 0, 0, 0, 0, 0, 0, 0, 0, 0, 0], [0, 0, 0, 0, 0, 0, 0, 0, 0, 0, 0, 0, 0, 0, 0, 0, 0, 0, 0, 0, 0, 0, 0, 0, 0, 0, 0, 0, 0, 0, 0, 0], [0, 0, 0, 0, 0, 0, 0, 0, 0, 0, 0, 0, 0, 0, 0, 0, 0, 0, 0, 0, 0, 0, 0, 0, 0, 0, 0, 0, 0, 0, 0, 0], [0, 0, 0, 0, 0, 0, 0, 0, 0, 0, 0, 0, 0, 0, 0, 0, 0, 0, 0, 0, 0, 0, 0, 0, 0, 0, 0, 0, 0, 0, 0, 0], [0, 0, 0, 0, 0, 0, 0, 0, 0, 0, 0, 0, 0, 0, 0, 0, 0, 0, 0, 0, 0, 0, 0, 0, 0, 0, 0, 0, 0, 0, 0, 0], [0, 0, 0, 0, 0, 0, 0, 0, 0, 0, 0, 0, 0, 0, 0, 0, 0, 0, 0, 0, 0, 0, 0, 0, 0, 0, 0, 0, 218, 84, 228, 122], [209, 191, 93, 150, 154, 174, 145, 3, 29, 242, 1, 23, 116, 251, 246, 58, 4, 105, 34, 191, 50, 25, 211, 98, 229, 118, 38, 43, 252, 240, 196, 141], [200, 150, 11, 106, 91, 105, 221, 123, 165, 96, 108, 140, 121, 80, 236, 0, 30, 231, 75, 5, 212, 189, 240, 105, 93, 251, 163, 84, 238, 172, 151, 90], [86, 214, 27, 1, 100, 199, 236, 59, 72, 108, 71, 32, 226, 33, 234, 228, 118, 31, 112, 119, 65, 51, 225, 97, 170, 246, 44, 93, 15, 93, 150, 105], [220, 140, 177, 139, 195, 67, 225, 67, 57, 211, 75, 153, 98, 15, 199, 42, 116, 29, 32, 148, 130, 93, 12, 176, 225, 184, 20, 18, 199, 48, 101, 224], [225, 82, 254, 28, 203, 222, 79, 118, 52, 103, 101, 170, 243, 64, 23, 229, 184, 69, 207, 154, 242, 231, 216, 13, 72, 196, 193, 22, 126, 178, 18, 18], [224, 168, 80, 72, 242, 40, 188, 80, 241, 226, 223, 136, 139, 75, 160, 103, 187, 226, 0, 17, 201, 163, 237, 157, 71, 11, 39, 49, 220, 234, 82, 3], [164, 53, 173, 243, 152, 155, 163, 240, 81, 4, 233, 97, 52, 26, 35, 246, 251, 219, 14, 245, 136, 148, 171, 49, 4, 131, 180, 42, 250, 177, 246, 88], [99, 174, 20, 237, 64, 49, 19, 194, 190, 200, 197, 27, 118, 61, 157, 57, 161, 194, 246, 30, 217, 137, 139, 87, 34, 11, 17, 92, 169, 154, 94, 106], [131, 194, 176, 147, 226, 181, 4, 208, 56, 178, 89, 3, 25, 88, 252, 118, 86, 215, 232, 14, 118, 255, 232, 143, 33, 100, 169, 3, 36, 253, 94, 226], [32, 80, 64, 49, 17, 175, 99, 102, 201, 205, 16, 231, 4, 144, 125, 201, 96, 58, 81, 141, 172, 68, 39, 205, 18, 140, 74, 68, 167, 210, 26, 83], [205, 136, 154, 221, 60, 160, 191, 226, 32, 11, 155, 152, 41, 210, 58, 31, 182, 168, 84, 137, 187, 54, 188, 156, 230, 149, 144, 63, 127, 181, 3, 54], [206, 74, 206, 188, 198, 19, 227, 79, 30, 193, 42, 112, 81, 88, 64, 81, 101, 215, 212, 157, 111, 67, 74, 58, 155, 144, 43, 28, 245, 167, 93, 101], [220, 167, 153, 122, 10, 207, 243, 193, 200, 49, 241, 131, 91, 150, 137, 251, 5, 198, 109, 191, 219, 54, 36, 127, 29, 132, 255, 75, 18, 29, 132, 184], [97, 73, 143, 211, 244, 61, 238, 79, 38, 109, 134, 192, 180, 20, 154, 178, 10, 11, 239, 53, 45, 187, 217, 75, 135, 42, 11, 96, 159, 116, 74, 183], [219, 39, 41, 176, 150, 8, 118, 143, 43, 94, 88, 155, 28, 110, 40, 79, 184, 183, 130, 11, 120, 52, 176, 233, 72, 106, 156, 86, 153, 72, 5, 128], [57, 243, 212, 56, 9, 47, 222, 212, 234, 147, 250, 170, 28, 141, 197, 90, 119, 216, 91, 104, 145, 20, 253, 64, 182, 243, 7, 70, 147, 138, 70, 173], [131, 10, 152, 168, 33, 192, 27, 18, 107, 158, 40, 165, 109, 168, 159, 134, 150, 205, 160, 71, 83, 65, 227, 77, 38, 64, 17, 9, 186, 131, 221, 21], [44, 82, 151, 92, 182, 155, 171, 189, 201, 175, 149, 255, 107, 164, 135, 177, 36, 98, 172, 88, 67, 149, 25, 165, 190, 203, 123, 0, 4, 32, 245, 31], [42, 206, 97, 155, 136, 128, 30, 146, 194, 55, 193, 145, 153, 237, 93, 148, 166, 31, 24, 61, 39, 113, 124, 159, 189, 208, 86, 37, 200, 111, 231, 70], [246, 90, 249, 72, 216, 101, 108, 103, 173, 70, 208, 46, 26, 64, 119, 122, 186, 220, 135, 198, 12, 1, 115, 199, 201, 76, 4, 87, 43, 169, 217, 57], [202, 244, 75, 155, 245, 94, 4, 0, 61, 168, 107, 252, 23, 64, 24, 246, 215, 209, 148, 67, 107, 164, 238, 131, 100, 6, 83, 69, 77, 198, 20, 66], [3, 181, 160, 45, 230, 208, 117, 96, 172, 124, 33, 114, 63, 95, 141, 238, 137, 69, 232, 197, 161, 161, 241, 149, 115, 207, 255, 20, 220, 4, 233, 228], [242, 222, 13, 173, 46, 120, 232, 15, 228, 68, 102, 23, 138, 237, 166, 54, 72, 162, 99, 100, 131, 218, 228, 143, 56, 11, 151, 87, 10, 230, 173, 131], [23, 72, 165, 49, 38, 3, 222, 86, 165, 207, 141, 241, 154, 165, 171, 125, 86, 189, 253, 7, 182, 138, 167, 9, 212, 157, 137, 39, 0, 0, 0, 0], [0, 0, 0, 0, 0, 0, 0, 0, 0, 0, 0, 0, 0, 0, 0, 0, 0, 0, 0, 0, 0, 0, 0, 0, 0, 0, 0, 0, 0, 0, 0, 0], [0, 0, 0, 0, 0, 0, 0, 0, 0, 0, 0, 0, 0, 0, 0, 0, 0, 0, 0, 0, 0, 0, 0, 0, 0, 0, 0, 0, 0, 0, 0, 0], [0, 0, 0, 0, 0, 0, 0, 0, 0, 0, 0, 0, 0, 0, 0, 0, 0, 0, 0, 0, 0, 0, 0, 0, 0, 0, 0, 0, 0, 0, 0, 0], [0, 0, 0, 0, 0, 0, 0, 0, 0, 0, 0, 0, 0, 0, 0, 0, 0, 0, 0, 0, 0, 0, 0, 0, 0, 0, 0, 0, 0, 0, 0, 0], [0, 0, 0, 0, 0, 0, 0, 0, 0, 0, 0, 0, 0, 0, 0, 0, 0, 0, 0, 0, 0, 0, 0, 0, 0, 0, 0, 0, 0, 0, 0, 0], [0, 0, 0, 0, 0, 0, 0, 0, 0, 0, 0, 0, 0, 0, 0, 0, 0, 0, 0, 0, 0, 0, 0, 0, 0, 0, 0, 0, 0, 0, 0, 0], [0, 0, 0, 0, 0, 0, 0, 0, 0, 0, 0, 0, 0, 0, 0, 0, 0, 0, 0, 0, 0, 0, 0, 0, 0, 0, 0, 0, 0, 0, 0, 0], [0, 0, 0, 0, 0, 0, 0, 0, 0, 0, 0, 0, 0, 0, 0, 0, 0, 0, 0, 0, 0, 0, 0, 0, 0, 0, 0, 0, 0, 0, 0, 0], [0, 0, 0, 0, 0, 0, 0, 0, 0, 0, 0, 0, 0, 0, 0, 0, 0, 0, 0, 0, 0, 0, 0, 0, 0, 0, 0, 0, 0, 0, 0, 0], [0, 0, 0, 0, 0, 0, 0, 0, 0, 0, 0, 0, 0, 0, 0, 0, 0, 0, 0, 0, 0, 0, 0, 0, 0, 0, 0, 0, 0, 0, 0, 0], [0, 0, 0, 0, 0, 0, 0, 0, 0, 0, 0, 0, 0, 0, 0, 0, 0, 0, 0, 0, 0, 0, 0, 0, 0, 0, 0, 0, 0, 0, 0, 0], [0, 0, 0, 0, 0, 0, 0, 0, 0, 0, 0, 0, 0, 0, 0, 0, 0, 0, 0, 0, 0, 0, 0, 0, 0, 0, 0, 0, 0, 0, 0, 0], [0, 0, 0, 0, 0, 0, 0, 0, 0, 0, 0, 0, 0, 0, 0, 0, 0, 0, 0, 0, 0, 0, 0, 0, 0, 0, 0, 0, 122, 143, 220, 40], [239, 142, 133, 105, 89, 0, 3, 187, 169, 29, 193, 177, 119, 155, 33, 104, 32, 109, 73, 111, 17, 112, 108, 221, 48, 173, 106, 39, 39, 27, 10, 251], [153, 159, 87, 213, 13, 103, 72, 48, 245, 104, 24, 183, 158, 183, 185, 181, 113, 200, 69, 22, 205, 99, 149, 17, 42, 73, 188, 19, 1, 47, 117, 154], [135, 209, 101, 152, 59, 36, 168, 184, 46, 29, 79, 140, 102, 163, 214, 5, 77, 220, 93, 109, 208, 48, 249, 87, 27, 175, 121, 60, 205, 48, 44, 77], [79, 180, 191, 242, 10, 134, 185, 85, 209, 217, 81, 248, 240, 104, 17, 254, 213, 213, 50, 222, 230, 83, 189, 152, 72, 119, 143, 24, 64, 159, 68, 47], [124, 138, 148, 181, 40, 64, 154, 148, 17, 35, 160, 20, 238, 87, 81, 225, 100, 8, 191, 113, 169, 47, 246, 56, 71, 26, 11, 68, 234, 21, 49, 152], [228, 43, 103, 143, 224, 10, 136, 79, 96, 28, 86, 82, 155, 114, 86, 114, 133, 185, 89, 101, 39, 164, 43, 79, 1, 243, 128, 27, 0, 0, 0, 0], [0, 0, 0, 0, 0, 0, 0, 0, 0, 0, 0, 0, 0, 0, 0, 0, 0, 0, 0, 0, 0, 0, 0, 0, 0, 0, 0, 0, 0, 0, 0, 0], [0, 0, 0, 0, 0, 0, 0, 0, 0, 0, 0, 0, 0, 0, 0, 0, 0, 0, 0, 0, 0, 0, 0, 0, 0, 0, 0, 0, 0, 0, 0, 0], [0, 0, 0, 0, 0, 0, 0, 0, 0, 0, 0, 0, 0, 0, 0, 0, 0, 0, 0, 0, 0, 0, 0, 0, 0, 0, 0, 0, 0, 0, 0, 0], [0, 0, 0, 0, 0, 0, 0, 0, 0, 0, 0, 0, 0, 0, 0, 0, 0, 0, 0, 0, 0, 0, 0, 0, 0, 0, 0, 0, 0, 0, 0, 0], [0, 0, 0, 0, 0, 0, 0, 0, 0, 0, 0, 0, 0, 0, 0, 0, 0, 0, 0, 0, 0, 0, 0, 0, 0, 0, 0, 0, 0, 0, 0, 0], [0, 0, 0, 0, 0, 0, 0, 0, 0, 0, 0, 0, 0, 0, 0, 0, 0, 0, 0, 0, 0, 0, 0, 0, 0, 0, 0, 0, 0, 0, 0, 0], [0, 0, 0, 0, 0, 0, 0, 0, 0, 0, 0, 0, 0, 0, 0, 0, 0, 0, 0, 0, 0, 0, 0, 0, 0, 0, 0, 0, 0, 0, 0, 0], [0, 0, 0, 0, 0, 0, 0, 0, 0, 0, 0, 0, 0, 0, 0, 0, 0, 0, 0, 0, 0, 0, 0, 0, 0, 0, 0, 0, 0, 0, 0, 0], [0, 0, 0, 0, 0, 0, 0, 0, 0, 0, 0, 0, 0, 0, 0, 0, 0, 0, 0, 0, 0, 0, 0, 0, 0, 0, 0, 0, 0, 0, 0, 0], [0, 0, 0, 0, 0, 0, 0, 0, 0, 0, 0, 0, 0, 0, 0, 0, 0, 0, 0, 0, 0, 0, 0, 0, 0, 0, 0, 0, 0, 0, 0, 0], [0, 0, 0, 0, 0, 0, 0, 0, 0, 0, 0, 0, 0, 0, 0, 0, 0, 0, 0, 0, 0, 0, 0, 0, 0, 0, 0, 0, 26, 88, 55, 248], [151, 25, 172, 70, 242, 249, 22, 153, 113, 29, 199, 83, 106, 175, 16, 7, 55, 20, 218, 36, 153, 37, 175, 13, 123, 254, 137, 29, 1, 0, 0, 240], [147, 245, 225, 67, 145, 112, 185, 121, 72, 232, 51, 40, 93, 88, 129, 129, 182, 69, 80, 184, 41, 160, 49, 225, 114, 78, 100, 48, 26, 88, 55, 248], [151, 25, 172, 70, 242, 249, 22, 153, 113, 29, 199, 83, 106, 175, 16, 7, 55, 20, 218, 36, 153, 37, 175, 13, 123, 254, 137, 29, 205, 11, 219, 163], [214, 239, 39, 230, 7, 185, 18, 202, 73, 9, 244, 194, 78, 131, 48, 74, 189, 192, 83, 28, 90, 121, 153, 88, 59, 68, 57, 13, 188, 33, 214, 125], [159, 114, 18, 219, 241, 68, 80, 156, 97, 233, 144, 212, 127, 6, 217, 135, 44, 242, 153, 141, 122, 185, 198, 107, 232, 43, 72, 71, 254, 8, 215, 174], [202, 126, 80, 14, 33, 226, 245, 51, 18, 61, 176, 173, 207, 24, 237, 115, 162, 143, 112, 7, 72, 249, 94, 62, 163, 238, 73, 15, 68, 175, 9, 231], [74, 184, 171, 99, 135, 196, 82, 197, 64, 189, 232, 52, 144, 181, 1, 146, 44, 96, 223, 164, 245, 70, 15, 139, 50, 221, 137, 71, 240, 41, 150, 250], [47, 140, 189, 32, 55, 27, 203, 57, 221, 119, 13, 59, 89, 151, 23, 123, 53, 70, 175, 17, 202, 97, 106, 56, 63, 5, 190, 36, 1, 0, 0, 240], [147, 245, 225, 67, 145, 112, 185, 121, 72, 232, 51, 40, 93, 88, 129, 129, 182, 69, 80, 184, 41, 160, 49, 225, 114, 78, 100, 48, 240, 41, 150, 250], [47, 140, 189, 32, 55, 27, 203, 57, 221, 119, 13, 59, 89, 151, 23, 123, 53, 70, 175, 17, 202, 97, 106, 56, 63, 5, 190, 36, 37, 83, 86, 173], [54, 186, 109, 78, 27, 62, 227, 76, 248, 114, 13, 96, 10, 35, 76, 26, 183, 136, 168, 207, 29, 106, 134, 3, 76, 95, 9, 42, 64, 130, 43, 179], [207, 142, 235, 253, 58, 143, 50, 79, 153, 70, 162, 165, 43, 125, 20, 153, 177, 40, 120, 112, 223, 150, 248, 41, 232, 203, 83, 39, 92, 38, 196, 244], [34, 189, 163, 39, 76, 21, 197, 75, 59, 19, 174, 209, 3, 231, 88, 177, 28, 36, 35, 100, 3, 124, 175, 39, 0, 190, 193, 33, 38, 45, 76, 98], [211, 18, 216, 159, 251, 65, 4, 144, 161, 240, 247, 41, 112, 250, 168, 224, 43, 43, 112, 228, 21, 167, 145, 50, 143, 76, 13, 58, 1, 121, 127, 156], [234, 204, 185, 28, 121, 10, 141, 189, 237, 98, 175, 73, 141, 57, 35, 237, 70, 84, 34, 43, 149, 75, 28, 66, 152, 110, 0, 45, 1, 0, 0, 240], [147, 245, 225, 67, 145, 112, 185, 121, 72, 232, 51, 40, 93, 88, 129, 129, 182, 69, 80, 184, 41, 160, 49, 225, 114, 78, 100, 48, 1, 121, 127, 156], [234, 204, 185, 28, 121, 10, 141, 189, 237, 98, 175, 73, 141, 57, 35, 237, 70, 84, 34, 43, 149, 75, 28, 66, 152, 110, 0, 45, 105, 143, 251, 52], [33, 189, 94, 62, 35, 251, 234, 91, 58, 31, 149, 154, 218, 171, 122, 226, 252, 192, 116, 53, 74, 17, 78, 42, 176, 4, 19, 75, 215, 73, 95, 132], [55, 234, 5, 82, 106, 23, 145, 253, 156, 185, 235, 216, 69, 128, 122, 152, 225, 27, 227, 228, 175, 142, 214, 190, 35, 227, 224, 16, 106, 23, 89, 51], [165, 221, 163, 95, 73, 40, 113, 148, 178, 243, 100, 107, 138, 89, 16, 207, 198, 121, 179, 138, 97, 216, 106, 0, 171, 182, 31, 69, 203, 229, 20, 114], [189, 142, 242, 43, 40, 221, 14, 135, 28, 68, 248, 246, 16, 112, 198, 253, 5, 116, 107, 127, 68, 251, 42, 160, 117, 92, 248, 70, 162, 130, 196, 205], [26, 200, 65, 238, 72, 227, 124, 190, 141, 224, 58, 5, 149, 59, 105, 11, 40, 121, 174, 196, 24, 149, 104, 178, 171, 174, 142, 49, 0, 0, 0, 0], [0, 0, 0, 0, 0, 0, 0, 0, 0, 0, 0, 0, 0, 0, 0, 0, 0, 0, 0, 0, 0, 0, 0, 0, 0, 0, 0, 0, 162, 130, 196, 205], [26, 200, 65, 238, 72, 227, 124, 190, 141, 224, 58, 5, 149, 59, 105, 11, 40, 121, 174, 196, 24, 149, 104, 178, 171, 174, 142, 49, 101, 31, 211, 216], [43, 64, 210, 240, 236, 205, 84, 229, 204, 46, 224, 19, 137, 150, 39, 241, 202, 235, 67, 39, 56, 88, 100, 12, 65, 245, 62, 40, 44, 146, 245, 240], [78, 77, 80, 242, 4, 56, 174, 254, 128, 52, 159, 216, 163, 85, 251, 189, 204, 195, 2, 122, 191, 48, 150, 202, 90, 20, 248, 1, 163, 181, 145, 227], [118, 131, 198, 153, 119, 111, 149, 218, 72, 179, 164, 142, 183, 218, 222, 92, 111, 216, 121, 200, 225, 215, 50, 249, 120, 232, 37, 67, 126, 245, 73, 224], [110, 62, 7, 110, 14, 82, 218, 117, 98, 223, 82, 218, 57, 19, 78, 134, 200, 127, 153, 83, 29, 250, 253, 16, 21, 13, 23, 38, 172, 136, 180, 161], [93, 235, 122, 196, 237, 190, 198, 83, 98, 127, 94, 111, 94, 4, 158, 222, 70, 17, 149, 148, 81, 6, 39, 126, 3, 147, 20, 22, 0, 0, 0, 0], [0, 0, 0, 0, 0, 0, 0, 0, 0, 0, 0, 0, 0, 0, 0, 0, 0, 0, 0, 0, 0, 0, 0, 0, 0, 0, 0, 0, 172, 136, 180, 161], [93, 235, 122, 196, 237, 190, 198, 83, 98, 127, 94, 111, 94, 4, 158, 222, 70, 17, 149, 148, 81, 6, 39, 126, 3, 147, 20, 22, 91, 65, 183, 24], [95, 30, 114, 52, 97, 201, 67, 85, 23, 100, 190, 125, 2, 164, 60, 167, 142, 253, 24, 33, 121, 236, 73, 117, 245, 2, 63, 27, 28, 62, 22, 198], [32, 20, 55, 181, 36, 161, 151, 240, 130, 44, 246, 207, 24, 42, 213, 254, 113, 133, 57, 142, 52, 161, 216, 213, 91, 107, 133, 46, 123, 176, 36, 236], [71, 124, 31, 102, 225, 76, 124, 111, 60, 226, 23, 112, 249, 118, 1, 197, 87, 150, 87, 22, 120, 235, 236, 126, 40, 251, 29, 23, 182, 127, 84, 23], [29, 182, 58, 147, 117, 90, 51, 164, 223, 34, 45, 22, 212, 3, 191, 19, 154, 157, 16, 118, 100, 17, 255, 173, 37, 145, 5, 61, 149, 12, 85, 111], [50, 140, 12, 32, 41, 199, 114, 240, 179, 221, 143, 30, 9, 186, 79, 8, 175, 102, 244, 245, 172, 250, 3, 253, 2, 22, 77, 13, 0, 0, 0, 0], [0, 0, 0, 0, 0, 0, 0, 0, 0, 0, 0, 0, 0, 0, 0, 0, 0, 0, 0, 0, 0, 0, 0, 0, 0, 0, 0, 0, 149, 12, 85, 111], [50, 140, 12, 32, 41, 199, 114, 240, 179, 221, 143, 30, 9, 186, 79, 8, 175, 102, 244, 245, 172, 250, 3, 253, 2, 22, 77, 13, 47, 37, 67, 229], [200, 189, 33, 129, 162, 80, 97, 7, 44, 0, 133, 248, 23, 164, 87, 122, 163, 10, 197, 63, 120, 8, 179, 76, 30, 75, 156, 28, 133, 211, 48, 137], [11, 96, 51, 59, 159, 50, 249, 157, 200, 220, 32, 159, 48, 187, 251, 125, 217, 241, 65, 102, 240, 181, 143, 145, 194, 100, 38, 18, 155, 75, 201, 160], [215, 243, 198, 120, 161, 227, 134, 64, 136, 120, 191, 81, 135, 64, 55, 222, 125, 149, 168, 77, 8, 248, 149, 160, 248, 112, 147, 40, 119, 225, 252, 141], [225, 194, 187, 125, 124, 168, 7, 17, 245, 123, 56, 4, 10, 140, 145, 10, 226, 253, 157, 79, 230, 138, 122, 145, 119, 161, 120, 35, 41, 157, 124, 163], [1, 43, 30, 7, 222, 73, 12, 8, 49, 113, 126, 148, 47, 79, 175, 31, 177, 158, 224, 92, 128, 204, 129, 254, 125, 241, 8, 29, 0, 0, 0, 0], [0, 0, 0, 0, 0, 0, 0, 0, 0, 0, 0, 0, 0, 0, 0, 0, 0, 0, 0, 0, 0, 0, 0, 0, 0, 0, 0, 0, 41, 157, 124, 163], [1, 43, 30, 7, 222, 73, 12, 8, 49, 113, 126, 148, 47, 79, 175, 31, 177, 158, 224, 92, 128, 204, 129, 254, 125, 241, 8, 29, 94, 78, 25, 92], [82, 18, 241, 124, 65, 220, 54, 51, 77, 15, 197, 9, 108, 202, 85, 153, 44, 56, 87, 255, 242, 145, 18, 85, 4, 121, 252, 38, 55, 187, 51, 137], [179, 188, 15, 124, 48, 58, 215, 212, 28, 45, 208, 8, 233, 65, 99, 113, 22, 69, 66, 230, 29, 114, 207, 135, 74, 44, 245, 12, 91, 168, 27, 202], [114, 212, 63, 82, 139, 43, 255, 160, 128, 179, 249, 165, 36, 193, 127, 32, 77, 48, 151, 57, 81, 52, 83, 45, 149, 253, 232, 8, 121, 123, 160, 86], [77, 207, 73, 189, 46, 182, 190, 76, 63, 178, 235, 251, 162, 177, 40, 117, 49, 202, 108, 19, 11, 171, 196, 47, 90, 1, 176, 22, 164, 148, 120, 77], [220, 25, 10, 166, 238, 47, 247, 97, 239, 26, 52, 96, 167, 92, 126, 232, 5, 201, 251, 149, 185, 167, 162, 54, 186, 130, 114, 39, 0, 0, 0, 0], [0, 0, 0, 0, 0, 0, 0, 0, 0, 0, 0, 0, 0, 0, 0, 0, 0, 0, 0, 0, 0, 0, 0, 0, 0, 0, 0, 0, 164, 148, 120, 77], [220, 25, 10, 166, 238, 47, 247, 97, 239, 26, 52, 96, 167, 92, 126, 232, 5, 201, 251, 149, 185, 167, 162, 54, 186, 130, 114, 39, 242, 68, 109, 199], [195, 170, 43, 159, 144, 194, 249, 94, 253, 50, 129, 170, 134, 1, 230, 118, 55, 242, 80, 67, 113, 45, 215, 107, 179, 19, 241, 37, 115, 150, 192, 27], [232, 32, 207, 67, 121, 238, 181, 118, 235, 39, 200, 242, 46, 229, 38, 202, 24, 254, 165, 221, 200, 247, 195, 246, 92, 14, 222, 29, 228, 172, 113, 192], [217, 37, 49, 155, 73, 88, 40, 112, 21, 40, 216, 149, 41, 153, 141, 1, 10, 204, 161, 54, 236, 241, 189, 60, 115, 79, 166, 30, 252, 177, 228, 97], [248, 126, 19, 205, 194, 241, 156, 190, 223, 46, 39, 187, 56, 148, 223, 159, 195, 230, 149, 248, 231, 139, 153, 208, 239, 233, 82, 22, 0, 0, 0, 0], [0, 0, 0, 0, 0, 0, 0, 0, 0, 0, 0, 0, 0, 0, 0, 0, 0, 0, 0, 0, 0, 0, 0, 0, 0, 0, 0, 0, 0, 0, 0, 0], [0, 0, 0, 0, 0, 0, 0, 0, 0, 0, 0, 0, 0, 0, 0, 0, 0, 0, 0, 0, 0, 0, 0, 0, 0, 0, 0, 0, 0, 0, 0, 0], [0, 0, 0, 0, 0, 0, 0, 0, 0, 0, 0, 0, 0, 0, 0, 0, 0, 0, 0, 0, 0, 0, 0, 0, 0, 0, 0, 0, 0, 0, 0, 0], [0, 0, 0, 0, 0, 0, 0, 0, 0, 0, 0, 0, 0, 0, 0, 0, 0, 0, 0, 0, 0, 0, 0, 0, 0, 0, 0, 0, 0, 0, 0, 0], [0, 0, 0, 0, 0, 0, 0, 0, 0, 0, 0, 0, 0, 0, 0, 0, 0, 0, 0, 0, 0, 0, 0, 0, 0, 0, 0, 0, 0, 0, 0, 0], [0, 0, 0, 0, 0, 0, 0, 0, 0, 0, 0, 0, 0, 0, 0, 0, 0, 0, 0, 0, 0, 0, 0, 0, 0, 0, 0, 0, 0, 0, 0, 0], [0, 0, 0, 0, 0, 0, 0, 0, 0, 0, 0, 0, 0, 0, 0, 0, 0, 0, 0, 0, 0, 0, 0, 0, 0, 0, 0, 0, 0, 0, 0, 0], [0, 0, 0, 0, 0, 0, 0, 0, 0, 0, 0, 0, 0, 0, 0, 0, 0, 0, 0, 0, 0, 0, 0, 0, 0, 0, 0, 0, 0, 0, 0, 0], [0, 0, 0, 0, 0, 0, 0, 0, 0, 0, 0, 0, 0, 0, 0, 0, 0, 0, 0, 0, 0, 0, 0, 0, 0, 0, 0, 0, 0, 0, 0, 0], [0, 0, 0, 0, 0, 0, 0, 0, 0, 0, 0, 0, 0, 0, 0, 0, 0, 0, 0, 0, 0, 0, 0, 0, 0, 0, 0, 0, 0, 0, 0, 0], [0, 0, 0, 0, 0, 0, 0, 0, 0, 0, 0, 0, 0, 0, 0, 0, 0, 0, 0, 0, 0, 0, 0, 0, 0, 0, 0, 0, 0, 0, 0, 0], [0, 0, 0, 0, 0, 0, 0, 0, 0, 0, 0, 0, 0, 0, 0, 0, 0, 0, 0, 0, 0, 0, 0, 0, 0, 0, 0, 0, 0, 0, 0, 0], [0, 0, 0, 0, 0, 0, 0, 0, 0, 0, 0, 0, 0, 0, 0, 0, 0, 0, 0, 0, 0, 0, 0, 0, 0, 0, 0, 0, 0, 0, 0, 0], [0, 0, 0, 0, 0, 0, 0, 0, 0, 0, 0, 0, 0, 0, 0, 0, 0, 0, 0, 0, 0, 0, 0, 0, 0, 0, 0, 0, 0, 0, 0, 0], [0, 0, 0, 0, 0, 0, 0, 0, 0, 0, 0, 0, 0, 0, 0, 0, 0, 0, 0, 0, 0, 0, 0, 0, 0, 0, 0, 0, 0, 0, 0, 0], [0, 0, 0, 0, 0, 0, 0, 0, 0, 0, 0, 0, 0, 0, 0, 0, 0, 0, 0, 0, 0, 0, 0, 0, 0, 0, 0, 0, 0, 0, 0, 0], [0, 0, 0, 0, 0, 0, 0, 0, 0, 0, 0, 0, 0, 0, 0, 0, 0, 0, 0, 0, 0, 0, 0, 0, 0, 0, 0, 0, 0, 0, 0, 0], [0, 0, 0, 0, 0, 0, 0, 0, 0, 0, 0, 0, 0, 0, 0, 0, 0, 0, 0, 0, 0, 0, 0, 0, 0, 0, 0, 0, 0, 0, 0, 0], [0, 0, 0, 0, 0, 0, 0, 0, 0, 0, 0, 0, 0, 0, 0, 0, 0, 0, 0, 0, 0, 0, 0, 0, 0, 0, 0, 0, 0, 0, 0, 0], [0, 0, 0, 0, 0, 0, 0, 0, 0, 0, 0, 0, 0, 0, 0, 0, 0, 0, 0, 0, 0, 0, 0, 0, 0, 0, 0, 0, 0, 0, 0, 0], [0, 0, 0, 0, 0, 0, 0, 0, 0, 0, 0, 0, 0, 0, 0, 0, 0, 0, 0, 0, 0, 0, 0, 0, 0, 0, 0, 0, 0, 0, 0, 0], [0, 0, 0, 0, 0, 0, 0, 0, 0, 0, 0, 0, 0, 0, 0, 0, 0, 0, 0, 0, 0, 0, 0, 0, 0, 0, 0, 0, 0, 0, 0, 0], [0, 0, 0, 0, 0, 0, 0, 0, 0, 0, 0, 0, 0, 0, 0, 0, 0, 0, 0, 0, 0, 0, 0, 0, 0, 0, 0, 0, 0, 0, 0, 0], [0, 0, 0, 0, 0, 0, 0, 0, 0, 0, 0, 0, 0, 0, 0, 0, 0, 0, 0, 0, 0, 0, 0, 0, 0, 0, 0, 0, 0, 0, 0, 0], [0, 0, 0, 0, 0, 0, 0, 0, 0, 0, 0, 0, 0, 0, 0, 0, 0, 0, 0, 0, 0, 0, 0, 0, 0, 0, 0, 0, 0, 0, 0, 0], [0, 0, 0, 0, 0, 0, 0, 0, 0, 0, 0, 0, 0, 0, 0, 0, 0, 0, 0, 0, 0, 0, 0, 0, 0, 0, 0, 0, 0, 0, 0, 0], [0, 0, 0, 0, 0, 0, 0, 0, 0, 0, 0, 0, 0, 0, 0, 0, 0, 0, 0, 0, 0, 0, 0, 0, 0, 0, 0, 0, 0, 0, 0, 0], [0, 0, 0, 0, 0, 0, 0, 0, 0, 0, 0, 0, 0, 0, 0, 0, 0, 0, 0, 0, 0, 0, 0, 0, 0, 0, 0, 0, 0, 0, 0, 0], [0, 0, 0, 0, 0, 0, 0, 0, 0, 0, 0, 0, 0, 0, 0, 0, 0, 0, 0, 0, 0, 0, 0, 0, 0, 0, 0, 0, 0, 0, 0, 0], [0, 0, 0, 0, 0, 0, 0, 0, 0, 0, 0, 0, 0, 0, 0, 0, 0, 0, 0, 0, 0, 0, 0, 0, 0, 0, 0, 0, 44, 86, 141, 72], [4, 17, 109, 221, 64, 217, 138, 57, 31, 125, 23, 117, 97, 213, 233, 111, 218, 40, 11, 31, 200, 100, 9, 92, 70, 92, 218, 47, 15, 188, 105, 80], [62, 228, 5, 88, 96, 112, 95, 124, 219, 195, 88, 233, 199, 59, 168, 141, 0, 165, 217, 128, 59, 216, 196, 15, 125, 171, 215, 53, 160, 207, 176, 255], [224, 226, 129, 188, 157, 246, 206, 18, 36, 243, 17, 109, 51, 96, 31, 78, 57, 47, 27, 174, 26, 212, 172, 247, 15, 59, 101, 70, 206, 180, 229, 181], [118, 183, 233, 127, 118, 65, 190, 58, 174, 50, 230, 147, 72, 9, 8, 155, 233, 19, 186, 70, 169, 1, 27, 65, 95, 153, 226, 91, 75, 44, 160, 100], [10, 228, 92, 113, 85, 12, 70, 44, 228, 190, 66, 95, 145, 147, 249, 116, 94, 20, 154, 19, 117, 242, 46, 5, 180, 211, 192, 4, 150, 147, 140, 239], [238, 89, 229, 96, 63, 94, 241, 218, 185, 251, 101, 208, 32, 101, 119, 2, 238, 31, 187, 57, 247, 97, 190, 20, 189, 134, 109, 71, 0, 0, 0, 0], [0, 0, 0, 0, 0, 0, 0, 0, 0, 0, 0, 0, 0, 0, 0, 0, 0, 0, 0, 0, 0, 0, 0, 0, 0, 0, 0, 0, 71, 124, 155, 26], [38, 77, 164, 57, 254, 4, 232, 143, 122, 84, 152, 70, 5, 149, 185, 141, 249, 183, 182, 55, 163, 245, 96, 215, 89, 139, 168, 35, 128, 25, 2, 2], [197, 4, 127, 250, 104, 115, 178, 108, 56, 237, 181, 28, 154, 31, 111, 164, 127, 251, 156, 194, 22, 4, 74, 163, 210, 238, 205, 42, 97, 40, 63, 116], [61, 25, 73, 80, 60, 125, 74, 200, 54, 197, 41, 252, 117, 222, 153, 208, 13, 69, 216, 130, 87, 253, 155, 254, 85, 227, 32, 21, 114, 27, 182, 208], [0, 213, 60, 235, 100, 204, 208, 166, 156, 124, 167, 123, 67, 60, 41, 134, 104, 12, 151, 51, 48, 179, 51, 31, 203, 38, 140, 15, 53, 70, 236, 15], [98, 69, 151, 85, 9, 243, 65, 87, 0, 53, 253, 113, 188, 175, 85, 43, 173, 195, 176, 143, 77, 37, 29, 231, 149, 232, 251, 32, 0, 0, 0, 0], [0, 0, 0, 0, 0, 0, 0, 0, 0, 0, 0, 0, 0, 0, 0, 0, 0, 0, 0, 0, 0, 0, 0, 0, 0, 0, 0, 0, 103, 53, 184, 120], [96, 12, 116, 103, 22, 55, 45, 24, 195, 172, 97, 106, 17, 190, 35, 62, 225, 45, 204, 95, 241, 62, 22, 228, 119, 157, 37, 75, 220, 80, 205, 243], [36, 59, 161, 208, 107, 6, 238, 72, 184, 132, 117, 145, 169, 202, 242, 61, 166, 18, 215, 202, 51, 79, 31, 50, 181, 232, 206, 79, 204, 135, 233, 63], [106, 211, 252, 91, 246, 0, 108, 9, 64, 82, 73, 127, 96, 19, 147, 225, 108, 214, 241, 211, 239, 63, 245, 228, 251, 151, 14, 15, 148, 249, 147, 70], [155, 155, 102, 0, 41, 54, 24, 55, 198, 187, 84, 178, 108, 13, 159, 216, 4, 2, 10, 139, 165, 158, 103, 59, 133, 218, 10, 39, 19, 58, 139, 219], [122, 214, 137, 86, 32, 34, 129, 25, 172, 57, 210, 48, 8, 159, 205, 209, 89, 67, 224, 20, 132, 0, 84, 162, 6, 169, 15, 30, 156, 39, 25, 11], [121, 220, 177, 253, 196, 222, 237, 144, 56, 198, 156, 232, 248, 101, 55, 58, 229, 250, 117, 51, 12, 158, 28, 73, 85, 28, 36, 83, 40, 1, 179, 22], [244, 232, 27, 137, 90, 231, 18, 42, 174, 52, 36, 234, 91, 116, 247, 174, 144, 96, 168, 209, 78, 130, 96, 234, 67, 221, 54, 57, 241, 96, 13, 94], [78, 215, 4, 117, 225, 88, 146, 229, 226, 229, 167, 233, 178, 204, 178, 54, 222, 113, 177, 157, 245, 170, 108, 111, 202, 91, 84, 45, 172, 198, 200, 238], [97, 42, 21, 245, 122, 129, 227, 186, 204, 193, 3, 26, 157, 103, 179, 182, 130, 17, 83, 70, 131, 77, 62, 137, 146, 23, 20, 73, 191, 156, 196, 101], [215, 68, 67, 80, 57, 61, 144, 47, 177, 81, 221, 226, 242, 67, 37, 255, 57, 96, 8, 207, 77, 42, 52, 37, 7, 148, 216, 22, 176, 80, 163, 214], [105, 40, 130, 75, 182, 237, 10, 138, 221, 141, 141, 183, 176, 122, 26, 118, 71, 150, 76, 52, 192, 117, 115, 188, 107, 133, 53, 55, 37, 104, 199, 16], [95, 85, 224, 140, 102, 211, 0, 23, 143, 34, 115, 211, 242, 68, 231, 51, 46, 177, 177, 177, 152, 90, 122, 251, 29, 230, 4, 95, 76, 73, 133, 57], [160, 138, 139, 25, 209, 77, 128, 8, 169, 139, 4, 148, 236, 181, 127, 174, 55, 63, 130, 162, 245, 245, 126, 178, 11, 3, 85, 83, 134, 186, 49, 242], [147, 217, 168, 188, 44, 125, 204, 148, 145, 154, 110, 154, 12, 16, 114, 210, 167, 138, 55, 152, 78, 63, 63, 13, 162, 210, 146, 93, 18, 206, 138, 255], [235, 112, 136, 195, 2, 184, 108, 199, 240, 194, 126, 95, 15, 212, 163, 240, 134, 128, 190, 78, 59, 245, 70, 97, 93, 159, 232, 87, 80, 27, 158, 72], [216, 87, 208, 115, 213, 199, 46, 192, 182, 1, 23, 134, 248, 215, 150, 220, 80, 110, 254, 228, 130, 34, 136, 32, 198, 219, 208, 17, 54, 225, 197, 121], [106, 32, 143, 231, 151, 168, 83, 239, 157, 156, 252, 134, 210, 11, 152, 18, 92, 149, 112, 88, 89, 210, 125, 109, 247, 132, 183, 15, 64, 105, 183, 111], [162, 161, 194, 95, 92, 223, 244, 76, 17, 239, 203, 55, 16, 106, 107, 24, 238, 238, 223, 38, 255, 85, 4, 167, 209, 213, 68, 26, 226, 218, 160, 106], [154, 189, 225, 101, 96, 181, 216, 243, 38, 82, 177, 143, 192, 187, 224, 178, 133, 121, 212, 109, 207, 10, 148, 164, 103, 189, 11, 5, 15, 171, 75, 200], [214, 243, 4, 125, 206, 137, 100, 47, 232, 195, 18, 214, 149, 23, 246, 50, 137, 78, 85, 241, 44, 90, 216, 252, 94, 32, 210, 54, 38, 17, 75, 241], [88, 19, 1, 84, 163, 16, 209, 21, 126, 240, 208, 90, 172, 153, 12, 194, 148, 185, 101, 25, 164, 197, 247, 64, 179, 68, 244, 94, 132, 29, 68, 234], [221, 242, 242, 178, 137, 111, 210, 27, 25, 138, 164, 240, 138, 90, 22, 203, 138, 122, 33, 184, 35, 101, 182, 238, 79, 58, 73, 51, 77, 135, 11, 231], [189, 130, 105, 97, 185, 195, 232, 220, 126, 13, 45, 250, 26, 247, 32, 41, 210, 9, 49, 185, 216, 239, 33, 170, 209, 221, 14, 52, 139, 5, 82, 13], [3, 136, 194, 37, 44, 42, 74, 121, 161, 108, 7, 57, 32, 172, 54, 136, 100, 136, 130, 5, 204, 145, 24, 46, 58, 48, 208, 34, 170, 38, 192, 34], [115, 128, 183, 46, 77, 104, 173, 173, 8, 5, 216, 78, 21, 167, 242, 125, 68, 4, 94, 62, 166, 136, 145, 19, 206, 54, 70, 16, 76, 208, 71, 17], [121, 105, 151, 247, 212, 0, 215, 93, 52, 204, 136, 10, 41, 104, 38, 158, 177, 36, 5, 101, 201, 108, 238, 229, 246, 97, 225, 44, 14, 47, 249, 139], [8, 87, 218, 158, 209, 217, 18, 88, 26, 68, 127, 7, 208, 39, 232, 181, 242, 216, 252, 180, 228, 33, 44, 22, 215, 142, 42, 42, 138, 123, 147, 32], [19, 67, 237, 23, 111, 45, 240, 190, 152, 16, 99, 78, 112, 119, 246, 245, 103, 74, 218, 96, 101, 64, 227, 174, 92, 141, 248, 5, 115, 201, 173, 4], [143, 214, 82, 16, 221, 101, 70, 209, 103, 37, 250, 49, 84, 135, 3, 26, 229, 114, 166, 69, 23, 37, 164, 137, 191, 150, 63, 91, 0, 0, 0, 0], [0, 0, 0, 0, 0, 0, 0, 0, 0, 0, 0, 0, 0, 0, 0, 0, 0, 0, 0, 0, 0, 0, 0, 0, 0, 0, 0, 0, 0, 0, 0, 0], [0, 0, 0, 0, 0, 0, 0, 0, 0, 0, 0, 0, 0, 0, 0, 0, 0, 0, 0, 0, 0, 0, 0, 0, 0, 0, 0, 0, 0, 0, 0, 0], [0, 0, 0, 0, 0, 0, 0, 0, 0, 0, 0, 0, 0, 0, 0, 0, 0, 0, 0, 0, 0, 0, 0, 0, 0, 0, 0, 0, 0, 0, 0, 0], [0, 0, 0, 0, 0, 0, 0, 0, 0, 0, 0, 0, 0, 0, 0, 0, 0, 0, 0, 0, 0, 0, 0, 0, 0, 0, 0, 0, 0, 0, 0, 0], [0, 0, 0, 0, 0, 0, 0, 0, 0, 0, 0, 0, 0, 0, 0, 0, 0, 0, 0, 0, 0, 0, 0, 0, 0, 0, 0, 0, 0, 0, 0, 0], [0, 0, 0, 0, 0, 0, 0, 0, 0, 0, 0, 0, 0, 0, 0, 0, 0, 0, 0, 0, 0, 0, 0, 0, 0, 0, 0, 0, 0, 0, 0, 0], [0, 0, 0, 0, 0, 0, 0, 0, 0, 0, 0, 0, 0, 0, 0, 0, 0, 0, 0, 0, 0, 0, 0, 0, 0, 0, 0, 0, 0, 0, 0, 0], [0, 0, 0, 0, 0, 0, 0, 0, 0, 0, 0, 0, 0, 0, 0, 0, 0, 0, 0, 0, 0, 0, 0, 0, 0, 0, 0, 0, 0, 0, 0, 0], [0, 0, 0, 0, 0, 0, 0, 0, 0, 0, 0, 0, 0, 0, 0, 0, 0, 0, 0, 0, 0, 0, 0, 0, 0, 0, 0, 0, 0, 0, 0, 0], [0, 0, 0, 0, 0, 0, 0, 0, 0, 0, 0, 0, 0, 0, 0, 0, 0, 0, 0, 0, 0, 0, 0, 0, 0, 0, 0, 0, 88, 89, 160, 254], [196, 129, 239, 140, 228, 64, 197, 124, 20, 243, 97, 106, 115, 44, 145, 155, 54, 46, 194, 101, 226, 251, 51, 16, 94, 204, 118, 8, 1, 0, 0, 240], [147, 245, 225, 67, 145, 112, 185, 121, 72, 232, 51, 40, 93, 88, 129, 129, 182, 69, 80, 184, 41, 160, 49, 225, 114, 78, 100, 48, 88, 89, 160, 254], [196, 129, 239, 140, 228, 64, 197, 124, 20, 243, 97, 106, 115, 44, 145, 155, 54, 46, 194, 101, 226, 251, 51, 16, 94, 204, 118, 8, 137, 70, 240, 180], [110, 42, 217, 197, 178, 80, 1, 237, 236, 75, 159, 165, 204, 9, 120, 201, 14, 147, 183, 127, 33, 232, 170, 20, 138, 168, 135, 14, 115, 125, 236, 146], [192, 239, 146, 48, 212, 201, 88, 137, 0, 192, 203, 204, 41, 131, 188, 132, 137, 17, 2, 219, 195, 230, 98, 1, 33, 3, 226, 13, 203, 227, 168, 155], [80, 97, 240, 214, 181, 207, 226, 113, 106, 98, 183, 127, 67, 195, 208, 212, 115, 253, 230, 163, 21, 236, 189, 59, 140, 184, 41, 40, 230, 153, 219, 232], [114, 151, 221, 140, 82, 24, 255, 40, 144, 122, 4, 65, 140, 165, 179, 163, 234, 82, 25, 2, 88, 63, 183, 118, 64, 235, 77, 1, 255, 203, 199, 100], [61, 15, 175, 244, 2, 70, 64, 196, 72, 56, 119, 188, 217, 114, 33, 159, 44, 76, 243, 77, 203, 12, 146, 215, 245, 201, 126, 89, 79, 9, 17, 83], [220, 112, 144, 120, 139, 57, 189, 190, 77, 214, 112, 179, 93, 31, 154, 44, 168, 108, 98, 63, 172, 240, 124, 16, 215, 85, 249, 33, 0, 0, 0, 0], [0, 0, 0, 0, 0, 0, 0, 0, 0, 0, 0, 0, 0, 0, 0, 0, 0, 0, 0, 0, 0, 0, 0, 0, 0, 0, 0, 0, 0, 0, 0, 0], [0, 0, 0, 0, 0, 0, 0, 0, 0, 0, 0, 0, 0, 0, 0, 0, 0, 0, 0, 0, 0, 0, 0, 0, 0, 0, 0, 0, 0, 0, 0, 0], [0, 0, 0, 0, 0, 0, 0, 0, 0, 0, 0, 0, 0, 0, 0, 0, 0, 0, 0, 0, 0, 0, 0, 0, 0, 0, 0, 0, 0, 0, 0, 0], [0, 0, 0, 0, 0, 0, 0, 0, 0, 0, 0, 0, 0, 0, 0, 0, 0, 0, 0, 0, 0, 0, 0, 0, 0, 0, 0, 0, 0, 0, 0, 0], [0, 0, 0, 0, 0, 0, 0, 0, 0, 0, 0, 0, 0, 0, 0, 0, 0, 0, 0, 0, 0, 0, 0, 0, 0, 0, 0, 0, 0, 0, 0, 0], [0, 0, 0, 0, 0, 0, 0, 0, 0, 0, 0, 0, 0, 0, 0, 0, 0, 0, 0, 0, 0, 0, 0, 0, 0, 0, 0, 0, 0, 0, 0, 0], [0, 0, 0, 0, 0, 0, 0, 0, 0, 0, 0, 0, 0, 0, 0, 0, 0, 0, 0, 0, 0, 0, 0, 0, 0, 0, 0, 0, 0, 0, 0, 0], [0, 0, 0, 0, 0, 0, 0, 0, 0, 0, 0, 0, 0, 0, 0, 0, 0, 0, 0, 0, 0, 0, 0, 0, 0, 0, 0, 0, 0, 0, 0, 0], [0, 0, 0, 0, 0, 0, 0, 0, 0, 0, 0, 0, 0, 0, 0, 0, 0, 0, 0, 0, 0, 0, 0, 0, 0, 0, 0, 0, 0, 0, 0, 0], [0, 0, 0, 0, 0, 0, 0, 0, 0, 0, 0, 0, 0, 0, 0, 0, 0, 0, 0, 0, 0, 0, 0, 0, 0, 0, 0, 0, 0, 0, 0, 0], [0, 0, 0, 0, 0, 0, 0, 0, 0, 0, 0, 0, 0, 0, 0, 0, 0, 0, 0, 0, 0, 0, 0, 0, 0, 0, 0, 0, 0, 0, 0, 0], [0, 0, 0, 0, 0, 0, 0, 0, 0, 0, 0, 0, 0, 0, 0, 0, 0, 0, 0, 0, 0, 0, 0, 0, 0, 0, 0, 0, 0, 0, 0, 0], [0, 0, 0, 0, 0, 0, 0, 0, 0, 0, 0, 0, 0, 0, 0, 0, 0, 0, 0, 0, 0, 0, 0, 0, 0, 0, 0, 0, 0, 0, 0, 0], [0, 0, 0, 0, 0, 0, 0, 0, 0, 0, 0, 0, 0, 0, 0, 0, 0, 0, 0, 0, 0, 0, 0, 0, 0, 0, 0, 0, 0, 0, 0, 0], [0, 0, 0, 0, 0, 0, 0, 0, 0, 0, 0, 0, 0, 0, 0, 0, 0, 0, 0, 0, 0, 0, 0, 0, 0, 0, 0, 0, 0, 0, 0, 0], [0, 0, 0, 0, 0, 0, 0, 0, 0, 0, 0, 0, 0, 0, 0, 0, 0, 0, 0, 0, 0, 0, 0, 0, 0, 0, 0, 0, 0, 0, 0, 0], [0, 0, 0, 0, 0, 0, 0, 0, 0, 0, 0, 0, 0, 0, 0, 0, 0, 0, 0, 0, 0, 0, 0, 0, 0, 0, 0, 0, 0, 0, 0, 0], [0, 0, 0, 0, 0, 0, 0, 0, 0, 0, 0, 0, 0, 0, 0, 0, 0, 0, 0, 0, 0, 0, 0, 0, 0, 0, 0, 0, 0, 0, 0, 0], [0, 0, 0, 0, 0, 0, 0, 0, 0, 0, 0, 0, 0, 0, 0, 0, 0, 0, 0, 0, 0, 0, 0, 0, 0, 0, 0, 0, 0, 0, 0, 0], [0, 0, 0, 0, 0, 0, 0, 0, 0, 0, 0, 0, 0, 0, 0, 0, 0, 0, 0, 0, 0, 0, 0, 0, 0, 0, 0, 0, 0, 0, 0, 0], [0, 0, 0, 0, 0, 0, 0, 0, 0, 0, 0, 0, 0, 0, 0, 0, 0, 0, 0, 0, 0, 0, 0, 0, 0, 0, 0, 0, 0, 0, 0, 0], [0, 0, 0, 0, 0, 0, 0, 0, 0, 0, 0, 0, 0, 0, 0, 0, 0, 0, 0, 0, 0, 0, 0, 0, 0, 0, 0, 0, 0, 0, 0, 0], [0, 0, 0, 0, 0, 0, 0, 0, 0, 0, 0, 0, 0, 0, 0, 0, 0, 0, 0, 0, 0, 0, 0, 0, 0, 0, 0, 0, 0, 0, 0, 0], [0, 0, 0, 0, 0, 0, 0, 0, 0, 0, 0, 0, 0, 0, 0, 0, 0, 0, 0, 0, 0, 0, 0, 0, 0, 0, 0, 0, 0, 0, 0, 0], [0, 0, 0, 0, 0, 0, 0, 0, 0, 0, 0, 0, 0, 0, 0, 0, 0, 0, 0, 0, 0, 0, 0, 0, 0, 0, 0, 0, 0, 0, 0, 0], [0, 0, 0, 0, 0, 0, 0, 0, 0, 0, 0, 0, 0, 0, 0, 0, 0, 0, 0, 0, 0, 0, 0, 0, 0, 0, 0, 0, 0, 0, 0, 0], [0, 0, 0, 0, 0, 0, 0, 0, 0, 0, 0, 0, 0, 0, 0, 0, 0, 0, 0, 0, 0, 0, 0, 0, 0, 0, 0, 0, 0, 0, 0, 0], [0, 0, 0, 0, 0, 0, 0, 0, 0, 0, 0, 0, 0, 0, 0, 0, 0, 0, 0, 0, 0, 0, 0, 0, 0, 0, 0, 0, 0, 0, 0, 0], [0, 0, 0, 0, 0, 0, 0, 0, 0, 0, 0, 0, 0, 0, 0, 0, 0, 0, 0, 0, 0, 0, 0, 0, 0, 0, 0, 0, 0, 0, 0, 0], [0, 0, 0, 0, 0, 0, 0, 0, 0, 0, 0, 0, 0, 0, 0, 0, 0, 0, 0, 0, 0, 0, 0, 0, 0, 0, 0, 0, 0, 0, 0, 0], [0, 0, 0, 0, 0, 0, 0, 0, 0, 0, 0, 0, 0, 0, 0, 0, 0, 0, 0, 0, 0, 0, 0, 0, 0, 0, 0, 0, 0, 0, 0, 0], [0, 0, 0, 0, 0, 0, 0, 0, 0, 0, 0, 0, 0, 0, 0, 0, 0, 0, 0, 0, 0, 0, 0, 0, 0, 0, 0, 0, 0, 0, 0, 0], [0, 0, 0, 0, 0, 0, 0, 0, 0, 0, 0, 0, 0, 0, 0, 0, 0, 0, 0, 0, 0, 0, 0, 0, 0, 0, 0, 0, 0, 0, 0, 0], [0, 0, 0, 0, 0, 0, 0, 0, 0, 0, 0, 0, 0, 0, 0, 0, 0, 0, 0, 0, 0, 0, 0, 0, 0, 0, 0, 0, 0, 0, 0, 0], [0, 0, 0, 0, 0, 0, 0, 0, 0, 0, 0, 0, 0, 0, 0, 0, 0, 0, 0, 0, 0, 0, 0, 0, 0, 0, 0, 0, 0, 0, 0, 0], [0, 0, 0, 0, 0, 0, 0, 0, 0, 0, 0, 0, 0, 0, 0, 0, 0, 0, 0, 0, 0, 0, 0, 0, 0, 0, 0, 0, 0, 0, 0, 0], [0, 0, 0, 0, 0, 0, 0, 0, 0, 0, 0, 0, 0, 0, 0, 0, 0, 0, 0, 0, 0, 0, 0, 0, 0, 0, 0, 0, 0, 0, 0, 0], [0, 0, 0, 0, 0, 0, 0, 0, 0, 0, 0, 0, 0, 0, 0, 0, 0, 0, 0, 0, 0, 0, 0, 0, 0, 0, 0, 0, 0, 0, 0, 0], [0, 0, 0, 0, 0, 0, 0, 0, 0, 0, 0, 0, 0, 0, 0, 0, 0, 0, 0, 0, 0, 0, 0, 0, 0, 0, 0, 0, 0, 0, 0, 0], [0, 0, 0, 0, 0, 0, 0, 0, 0, 0, 0, 0, 0, 0, 0, 0, 0, 0, 0, 0, 0, 0, 0, 0, 0, 0, 0, 0, 0, 0, 0, 0], [0, 0, 0, 0, 0, 0, 0, 0, 0, 0, 0, 0, 0, 0, 0, 0, 0, 0, 0, 0, 0, 0, 0, 0, 0, 0, 0, 0, 0, 0, 0, 0], [0, 0, 0, 0, 0, 0, 0, 0, 0, 0, 0, 0, 0, 0, 0, 0, 0, 0, 0, 0, 0, 0, 0, 0, 0, 0, 0, 0, 0, 0, 0, 0], [0, 0, 0, 0, 0, 0, 0, 0, 0, 0, 0, 0, 0, 0, 0, 0, 0, 0, 0, 0, 0, 0, 0, 0, 0, 0, 0, 0, 0, 0, 0, 0], [0, 0, 0, 0, 0, 0, 0, 0, 0, 0, 0, 0, 0, 0, 0, 0, 0, 0, 0, 0, 0, 0, 0, 0, 0, 0, 0, 0, 0, 0, 0, 0], [0, 0, 0, 0, 0, 0, 0, 0, 0, 0, 0, 0, 0, 0, 0, 0, 0, 0, 0, 0, 0, 0, 0, 0, 0, 0, 0, 0, 0, 0, 0, 0], [0, 0, 0, 0, 0, 0, 0, 0, 0, 0, 0, 0, 0, 0, 0, 0, 0, 0, 0, 0, 0, 0, 0, 0, 0, 0, 0, 0, 0, 0, 0, 0], [0, 0, 0, 0, 0, 0, 0, 0, 0, 0, 0, 0, 0, 0, 0, 0, 0, 0, 0, 0, 0, 0, 0, 0, 0, 0, 0, 0, 0, 0, 0, 0], [0, 0, 0, 0, 0, 0, 0, 0, 0, 0, 0, 0, 0, 0, 0, 0, 0, 0, 0, 0, 0, 0, 0, 0, 0, 0, 0, 0, 0, 0, 0, 0], [0, 0, 0, 0, 0, 0, 0, 0, 0, 0, 0, 0, 0, 0, 0, 0, 0, 0, 0, 0, 0, 0, 0, 0, 0, 0, 0, 0, 0, 0, 0, 0], [0, 0, 0, 0, 0, 0, 0, 0, 0, 0, 0, 0, 0, 0, 0, 0, 0, 0, 0, 0, 0, 0, 0, 0, 0, 0, 0, 0, 0, 0, 0, 0], [0, 0, 0, 0, 0, 0, 0, 0, 0, 0, 0, 0, 0, 0, 0, 0, 0, 0, 0, 0, 0, 0, 0, 0, 0, 0, 0, 0, 0, 0, 0, 0], [0, 0, 0, 0, 0, 0, 0, 0, 0, 0, 0, 0, 0, 0, 0, 0, 0, 0, 0, 0, 0, 0, 0, 0, 0, 0, 0, 0, 0, 0, 0, 0], [0, 0, 0, 0, 0, 0, 0, 0, 0, 0, 0, 0, 0, 0, 0, 0, 0, 0, 0, 0, 0, 0, 0, 0, 0, 0, 0, 0, 0, 0, 0, 0], [0, 0, 0, 0, 0, 0, 0, 0, 0, 0, 0, 0, 0, 0, 0, 0, 0, 0, 0, 0, 0, 0, 0, 0, 0, 0, 0, 0, 0, 0, 0, 0], [0, 0, 0, 0, 0, 0, 0, 0, 0, 0, 0, 0, 0, 0, 0, 0, 0, 0, 0, 0, 0, 0, 0, 0, 0, 0, 0, 0, 0, 0, 0, 0], [0, 0, 0, 0, 0, 0, 0, 0, 0, 0, 0, 0, 0, 0, 0, 0, 0, 0, 0, 0, 0, 0, 0, 0, 0, 0, 0, 0, 0, 0, 0, 0], [0, 0, 0, 0, 0, 0, 0, 0, 0, 0, 0, 0, 0, 0, 0, 0, 0, 0, 0, 0, 0, 0, 0, 0, 0, 0, 0, 0, 0, 0, 0, 0], [0, 0, 0, 0, 0, 0, 0, 0, 0, 0, 0, 0, 0, 0, 0, 0, 0, 0, 0, 0, 0, 0, 0, 0, 0, 0, 0, 0, 0, 0, 0, 0], [0, 0, 0, 0, 0, 0, 0, 0, 0, 0, 0, 0, 0, 0, 0, 0, 0, 0, 0, 0, 0, 0, 0, 0, 0, 0, 0, 0, 0, 0, 0, 0], [0, 0, 0, 0, 0, 0, 0, 0, 0, 0, 0, 0, 0, 0, 0, 0, 0, 0, 0, 0, 0, 0, 0, 0, 0, 0, 0, 0, 0, 0, 0, 0], [0, 0, 0, 0, 0, 0, 0, 0, 0, 0, 0, 0, 0, 0, 0, 0, 0, 0, 0, 0, 0, 0, 0, 0, 0, 0, 0, 0, 0, 0, 0, 0], [0, 0, 0, 0, 0, 0, 0, 0, 0, 0, 0, 0, 0, 0, 0, 0, 0, 0, 0, 0, 0, 0, 0, 0, 0, 0, 0, 0, 0, 0, 0, 0], [0, 0, 0, 0, 0, 0, 0, 0, 0, 0, 0, 0, 0, 0, 0, 0, 0, 0, 0, 0, 0, 0, 0, 0, 0, 0, 0, 0, 0, 0, 0, 0], [0, 0, 0, 0, 0, 0, 0, 0, 0, 0, 0, 0, 0, 0, 0, 0, 0, 0, 0, 0, 0, 0, 0, 0, 0, 0, 0, 0, 0, 0, 0, 0], [0, 0, 0, 0, 0, 0, 0, 0, 0, 0, 0, 0, 0, 0, 0, 0, 0, 0, 0, 0, 0, 0, 0, 0, 0, 0, 0, 0, 0, 0, 0, 0], [0, 0, 0, 0, 0, 0, 0, 0, 0, 0, 0, 0, 0, 0, 0, 0, 0, 0, 0, 0, 0, 0, 0, 0, 0, 0, 0, 0, 0, 0, 0, 0], [0, 0, 0, 0, 0, 0, 0, 0, 0, 0, 0, 0, 0, 0, 0, 0, 0, 0, 0, 0, 0, 0, 0, 0, 0, 0, 0, 0, 0, 0, 0, 0], [0, 0, 0, 0, 0, 0, 0, 0, 0, 0, 0, 0, 0, 0, 0, 0, 0, 0, 0, 0, 0, 0, 0, 0, 0, 0, 0, 0, 0, 0, 0, 0], [0, 0, 0, 0, 0, 0, 0, 0, 0, 0, 0, 0, 0, 0, 0, 0, 0, 0, 0, 0, 0, 0, 0, 0, 0, 0, 0, 0, 0, 0, 0, 0], [0, 0, 0, 0, 0, 0, 0, 0, 0, 0, 0, 0, 0, 0, 0, 0, 0, 0, 0, 0, 0, 0, 0, 0, 0, 0, 0, 0, 0, 0, 0, 0], [0, 0, 0, 0, 0, 0, 0, 0, 0, 0, 0, 0, 0, 0, 0, 0, 0, 0, 0, 0, 0, 0, 0, 0, 0, 0, 0, 0, 0, 0, 0, 0], [0, 0, 0, 0, 0, 0, 0, 0, 0, 0, 0, 0, 0, 0, 0, 0, 0, 0, 0, 0, 0, 0, 0, 0, 0, 0, 0, 0, 0, 0, 0, 0], [0, 0, 0, 0, 0, 0, 0, 0, 0, 0, 0, 0, 0, 0, 0, 0, 0, 0, 0, 0, 0, 0, 0, 0, 0, 0, 0, 0, 0, 0, 0, 0], [0, 0, 0, 0, 0, 0, 0, 0, 0, 0, 0, 0, 0, 0, 0, 0, 0, 0, 0, 0, 0, 0, 0, 0, 0, 0, 0, 0, 0, 0, 0, 0], [0, 0, 0, 0, 0, 0, 0, 0, 0, 0, 0, 0, 0, 0, 0, 0, 0, 0, 0, 0, 0, 0, 0, 0, 0, 0, 0, 0, 0, 0, 0, 0], [0, 0, 0, 0, 0, 0, 0, 0, 0, 0, 0, 0, 0, 0, 0, 0, 0, 0, 0, 0, 0, 0, 0, 0, 0, 0, 0, 0, 0, 0, 0, 0], [0, 0, 0, 0, 0, 0, 0, 0, 0, 0, 0, 0, 0, 0, 0, 0, 0, 0, 0, 0, 0, 0, 0, 0, 0, 0, 0, 0, 0, 0, 0, 0], [0, 0, 0, 0, 0, 0, 0, 0, 0, 0, 0, 0, 0, 0, 0, 0, 0, 0, 0, 0, 0, 0, 0, 0, 0, 0, 0, 0, 0, 0, 0, 0], [0, 0, 0, 0, 0, 0, 0, 0, 0, 0, 0, 0, 0, 0, 0, 0, 0, 0, 0, 0, 0, 0, 0, 0, 0, 0, 0, 0, 0, 0, 0, 0], [0, 0, 0, 0, 0, 0, 0, 0, 0, 0, 0, 0, 0, 0, 0, 0, 0, 0, 0, 0, 0, 0, 0, 0, 0, 0, 0, 0, 0, 0, 0, 0], [0, 0, 0, 0, 0, 0, 0, 0, 0, 0, 0, 0, 0, 0, 0, 0, 0, 0, 0, 0, 0, 0, 0, 0, 0, 0, 0, 0, 0, 0, 0, 0], [0, 0, 0, 0, 0, 0, 0, 0, 0, 0, 0, 0, 0, 0, 0, 0, 0, 0, 0, 0, 0, 0, 0, 0, 0, 0, 0, 0, 0, 0, 0, 0], [0, 0, 0, 0, 0, 0, 0, 0, 0, 0, 0, 0, 0, 0, 0, 0, 0, 0, 0, 0, 0, 0, 0, 0, 0, 0, 0, 0, 0, 0, 0, 0], [0, 0, 0, 0, 0, 0, 0, 0, 0, 0, 0, 0, 0, 0, 0, 0, 0, 0, 0, 0, 0, 0, 0, 0, 0, 0, 0, 0, 0, 0, 0, 0], [0, 0, 0, 0, 0, 0, 0, 0, 0, 0, 0, 0, 0, 0, 0, 0, 0, 0, 0, 0, 0, 0, 0, 0, 0, 0, 0, 0, 0, 0, 0, 0], [0, 0, 0, 0, 0, 0, 0, 0, 0, 0, 0, 0, 0, 0, 0, 0, 0, 0, 0, 0, 0, 0, 0, 0, 0, 0, 0, 0, 0, 0, 0, 0], [0, 0, 0, 0, 0, 0, 0, 0, 0, 0, 0, 0, 0, 0, 0, 0, 0, 0, 0, 0, 0, 0, 0, 0, 0, 0, 0, 0, 0, 0, 0, 0], [0, 0, 0, 0, 0, 0, 0, 0, 0, 0, 0, 0, 0, 0, 0, 0, 0, 0, 0, 0, 0, 0, 0, 0, 0, 0, 0, 0, 0, 0, 0, 0], [0, 0, 0, 0, 0, 0, 0, 0, 0, 0, 0, 0, 0, 0, 0, 0, 0, 0, 0, 0, 0, 0, 0, 0, 0, 0, 0, 0, 0, 0, 0, 0], [0, 0, 0, 0, 0, 0, 0, 0, 0, 0, 0, 0, 0, 0, 0, 0, 0, 0, 0, 0, 0, 0, 0, 0, 0, 0, 0, 0, 0, 0, 0, 0], [0, 0, 0, 0, 0, 0, 0, 0, 0, 0, 0, 0, 0, 0, 0, 0, 0, 0, 0, 0, 0, 0, 0, 0, 0, 0, 0, 0, 0, 0, 0, 0], [0, 0, 0, 0, 0, 0, 0, 0, 0, 0, 0, 0, 0, 0, 0, 0, 0, 0, 0, 0, 0, 0, 0, 0, 0, 0, 0, 0, 0, 0, 0, 0], [0, 0, 0, 0, 0, 0, 0, 0, 0, 0, 0, 0, 0, 0, 0, 0, 0, 0, 0, 0, 0, 0, 0, 0, 0, 0, 0, 0, 0, 0, 0, 0], [0, 0, 0, 0, 0, 0, 0, 0, 0, 0, 0, 0, 0, 0, 0, 0, 0, 0, 0, 0, 0, 0, 0, 0, 0, 0, 0, 0, 0, 0, 0, 0], [0, 0, 0, 0, 0, 0, 0, 0, 0, 0, 0, 0, 0, 0, 0, 0, 0, 0, 0, 0, 0, 0, 0, 0, 0, 0, 0, 0, 0, 0, 0, 0], [0, 0, 0, 0, 0, 0, 0, 0, 0, 0, 0, 0, 0, 0, 0, 0, 0, 0, 0, 0, 0, 0, 0, 0, 0, 0, 0, 0, 0, 0, 0, 0], [0, 0, 0, 0, 0, 0, 0, 0, 0, 0, 0, 0, 0, 0, 0, 0, 0, 0, 0, 0, 0, 0, 0, 0, 0, 0, 0, 0, 0, 0, 0, 0], [0, 0, 0, 0, 0, 0, 0, 0, 0, 0, 0, 0, 0, 0, 0, 0, 0, 0, 0, 0, 0, 0, 0, 0, 0, 0, 0, 0, 0, 0, 0, 0], [0, 0, 0, 0, 0, 0, 0, 0, 0, 0, 0, 0, 0, 0, 0, 0, 0, 0, 0, 0, 0, 0, 0, 0, 0, 0, 0, 0, 0, 0, 0, 0], [0, 0, 0, 0, 0, 0, 0, 0, 0, 0, 0, 0, 0, 0, 0, 0, 0, 0, 0, 0, 0, 0, 0, 0, 0, 0, 0, 0, 0, 0, 0, 0], [0, 0, 0, 0, 0, 0, 0, 0, 0, 0, 0, 0, 0, 0, 0, 0, 0, 0, 0, 0, 0, 0, 0, 0, 0, 0, 0, 0, 0, 0, 0, 0], [0, 0, 0, 0, 0, 0, 0, 0, 0, 0, 0, 0, 0, 0, 0, 0, 0, 0, 0, 0, 0, 0, 0, 0, 0, 0, 0, 0, 0, 0, 0, 0], [0, 0, 0, 0, 0, 0, 0, 0, 0, 0, 0, 0, 0, 0, 0, 0, 0, 0, 0, 0, 0, 0, 0, 0, 0, 0, 0, 0, 0, 0, 0, 0], [0, 0, 0, 0, 0, 0, 0, 0, 0, 0, 0, 0, 0, 0, 0, 0, 0, 0, 0, 0, 0, 0, 0, 0, 0, 0, 0, 0, 0, 0, 0, 0], [0, 0, 0, 0, 0, 0, 0, 0, 0, 0, 0, 0, 0, 0, 0, 0, 0, 0, 0, 0, 0, 0, 0, 0, 0, 0, 0, 0, 0, 0, 0, 0], [0, 0, 0, 0, 0, 0, 0, 0, 0, 0, 0, 0, 0, 0, 0, 0, 0, 0, 0, 0, 0, 0, 0, 0, 0, 0, 0, 0, 0, 0, 0, 0], [0, 0, 0, 0, 0, 0, 0, 0, 0, 0, 0, 0, 0, 0, 0, 0, 0, 0, 0, 0, 0, 0, 0, 0, 0, 0, 0, 0, 0, 0, 0, 0], [0, 0, 0, 0, 0, 0, 0, 0, 0, 0, 0, 0, 0, 0, 0, 0, 0, 0, 0, 0, 0, 0, 0, 0, 0, 0, 0, 0, 0, 0, 0, 0], [0, 0, 0, 0, 0, 0, 0, 0, 0, 0, 0, 0, 0, 0, 0, 0, 0, 0, 0, 0, 0, 0, 0, 0, 0, 0, 0, 0, 0, 0, 0, 0], [0, 0, 0, 0, 0, 0, 0, 0, 0, 0, 0, 0, 0, 0, 0, 0, 0, 0, 0, 0, 0, 0, 0, 0, 0, 0, 0, 0, 0, 0, 0, 0], [0, 0, 0, 0, 0, 0, 0, 0, 0, 0, 0, 0, 0, 0, 0, 0, 0, 0, 0, 0, 0, 0, 0, 0, 0, 0, 0, 0, 0, 0, 0, 0], [0, 0, 0, 0, 0, 0, 0, 0, 0, 0, 0, 0, 0, 0, 0, 0, 0, 0, 0, 0, 0, 0, 0, 0, 0, 0, 0, 0, 0, 0, 0, 0], [0, 0, 0, 0, 0, 0, 0, 0, 0, 0, 0, 0, 0, 0, 0, 0, 0, 0, 0, 0, 0, 0, 0, 0, 0, 0, 0, 0, 0, 0, 0, 0], [0, 0, 0, 0, 0, 0, 0, 0, 0, 0, 0, 0, 0, 0, 0, 0, 0, 0, 0, 0, 0, 0, 0, 0, 0, 0, 0, 0, 0, 0, 0, 0], [0, 0, 0, 0, 0, 0, 0, 0, 0, 0, 0, 0, 0, 0, 0, 0, 0, 0, 0, 0, 0, 0, 0, 0, 0, 0, 0, 0, 0, 0, 0, 0], [0, 0, 0, 0, 0, 0, 0, 0, 0, 0, 0, 0, 0, 0, 0, 0, 0, 0, 0, 0, 0, 0, 0, 0, 0, 0, 0, 0, 0, 0, 0, 0], [0, 0, 0, 0, 0, 0, 0, 0, 0, 0, 0, 0, 0, 0, 0, 0, 0, 0, 0, 0, 0, 0, 0, 0, 0, 0, 0, 0, 0, 0, 0, 0], [0, 0, 0, 0, 0, 0, 0, 0, 0, 0, 0, 0, 0, 0, 0, 0, 0, 0, 0, 0, 0, 0, 0, 0, 0, 0, 0, 0, 0, 0, 0, 0], [0, 0, 0, 0, 0, 0, 0, 0, 0, 0, 0, 0, 0, 0, 0, 0, 0, 0, 0, 0, 0, 0, 0, 0, 0, 0, 0, 0, 0, 0, 0, 0], [0, 0, 0, 0, 0, 0, 0, 0, 0, 0, 0, 0, 0, 0, 0, 0, 0, 0, 0, 0, 0, 0, 0, 0, 0, 0, 0, 0, 0, 0, 0, 0], [0, 0, 0, 0, 0, 0, 0, 0, 0, 0, 0, 0, 0, 0, 0, 0, 0, 0, 0, 0, 0, 0, 0, 0, 0, 0, 0, 0, 0, 0, 0, 0], [0, 0, 0, 0, 0, 0, 0, 0, 0, 0, 0, 0, 0, 0, 0, 0, 0, 0, 0, 0, 0, 0, 0, 0, 0, 0, 0, 0, 0, 0, 0, 0], [0, 0, 0, 0, 0, 0, 0, 0, 0, 0, 0, 0, 0, 0, 0, 0, 0, 0, 0, 0, 0, 0, 0, 0, 0, 0, 0, 0, 0, 0, 0, 0], [0, 0, 0, 0, 0, 0, 0, 0, 0, 0, 0, 0, 0, 0, 0, 0, 0, 0, 0, 0, 0, 0, 0, 0, 0, 0, 0, 0, 0, 0, 0, 0], [0, 0, 0, 0, 0, 0, 0, 0, 0, 0, 0, 0, 0, 0, 0, 0, 0, 0, 0, 0, 0, 0, 0, 0, 0, 0, 0, 0, 0, 0, 0, 0], [0, 0, 0, 0, 0, 0, 0, 0, 0, 0, 0, 0, 0, 0, 0, 0, 0, 0, 0, 0, 0, 0, 0, 0, 0, 0, 0, 0, 0, 0, 0, 0], [0, 0, 0, 0, 0, 0, 0, 0, 0, 0, 0, 0, 0, 0, 0, 0, 0, 0, 0, 0, 0, 0, 0, 0, 0, 0, 0, 0, 0, 0, 0, 0], [0, 0, 0, 0, 0, 0, 0, 0, 0, 0, 0, 0, 0, 0, 0, 0, 0, 0, 0, 0, 0, 0, 0, 0, 0, 0, 0, 0, 0, 0, 0, 0], [0, 0, 0, 0, 0, 0, 0, 0, 0, 0, 0, 0, 0, 0, 0, 0, 0, 0, 0, 0, 0, 0, 0, 0, 0, 0, 0, 0, 0, 0, 0, 0], [0, 0, 0, 0, 0, 0, 0, 0, 0, 0, 0, 0, 0, 0, 0, 0, 0, 0, 0, 0, 0, 0, 0, 0, 0, 0, 0, 0, 0, 0, 0, 0], [0, 0, 0, 0, 0, 0, 0, 0, 0, 0, 0, 0, 0, 0, 0, 0, 0, 0, 0, 0, 0, 0, 0, 0, 0, 0, 0, 0, 0, 0, 0, 0], [0, 0, 0, 0, 0, 0, 0, 0, 0, 0, 0, 0, 0, 0, 0, 0, 0, 0, 0, 0, 0, 0, 0, 0, 0, 0, 0, 0, 0, 0, 0, 0], [0, 0, 0, 0, 0, 0, 0, 0, 0, 0, 0, 0, 0, 0, 0, 0, 0, 0, 0, 0, 0, 0, 0, 0, 0, 0, 0, 0, 0, 0, 0, 0], [0, 0, 0, 0, 0, 0, 0, 0, 0, 0, 0, 0, 0, 0, 0, 0, 0, 0, 0, 0, 0, 0, 0, 0, 0, 0, 0, 0, 0, 0, 0, 0], [0, 0, 0, 0, 0, 0, 0, 0, 0, 0, 0, 0, 0, 0, 0, 0, 0, 0, 0, 0, 0, 0, 0, 0, 0, 0, 0, 0, 0, 0, 0, 0], [0, 0, 0, 0, 0, 0, 0, 0, 0, 0, 0, 0, 0, 0, 0, 0, 0, 0, 0, 0, 0, 0, 0, 0, 0, 0, 0, 0, 0, 0, 0, 0], [0, 0, 0, 0, 0, 0, 0, 0, 0, 0, 0, 0, 0, 0, 0, 0, 0, 0, 0, 0, 0, 0, 0, 0, 0, 0, 0, 0, 0, 0, 0, 0], [0, 0, 0, 0, 0, 0, 0, 0, 0, 0, 0, 0, 0, 0, 0, 0, 0, 0, 0, 0, 0, 0, 0, 0, 0, 0, 0, 0, 0, 0, 0, 0], [0, 0, 0, 0, 0, 0, 0, 0, 0, 0, 0, 0, 0, 0, 0, 0, 0, 0, 0, 0, 0, 0, 0, 0, 0, 0, 0, 0, 0, 0, 0, 0], [0, 0, 0, 0, 0, 0, 0, 0, 0, 0, 0, 0, 0, 0, 0, 0, 0, 0, 0, 0, 0, 0, 0, 0, 0, 0, 0, 0, 0, 0, 0, 0], [0, 0, 0, 0, 0, 0, 0, 0, 0, 0, 0, 0, 0, 0, 0, 0, 0, 0, 0, 0, 0, 0, 0, 0, 0, 0, 0, 0, 0, 0, 0, 0], [0, 0, 0, 0, 0, 0, 0, 0, 0, 0, 0, 0, 0, 0, 0, 0, 0, 0, 0, 0, 0, 0, 0, 0, 0, 0, 0, 0, 0, 0, 0, 0], [0, 0, 0, 0, 0, 0, 0, 0, 0, 0, 0, 0, 0, 0, 0, 0, 0, 0, 0, 0, 0, 0, 0, 0, 0, 0, 0, 0, 0, 0, 0, 0], [0, 0, 0, 0, 0, 0, 0, 0, 0, 0, 0, 0, 0, 0, 0, 0, 0, 0, 0, 0, 0, 0, 0, 0, 0, 0, 0, 0, 0, 0, 0, 0], [0, 0, 0, 0, 0, 0, 0, 0, 0, 0, 0, 0, 0, 0, 0, 0, 0, 0, 0, 0, 0, 0, 0, 0, 0, 0, 0, 0, 0, 0, 0, 0], [0, 0, 0, 0, 0, 0, 0, 0, 0, 0, 0, 0, 0, 0, 0, 0, 0, 0, 0, 0, 0, 0, 0, 0, 0, 0, 0, 0, 0, 0, 0, 0], [0, 0, 0, 0, 0, 0, 0, 0, 0, 0, 0, 0, 0, 0, 0, 0, 0, 0, 0, 0, 0, 0, 0, 0, 0, 0, 0, 0, 0, 0, 0, 0], [0, 0, 0, 0, 0, 0, 0, 0, 0, 0, 0, 0, 0, 0, 0, 0, 0, 0, 0, 0, 0, 0, 0, 0, 0, 0, 0, 0, 0, 0, 0, 0], [0, 0, 0, 0, 0, 0, 0, 0, 0, 0, 0, 0, 0, 0, 0, 0, 0, 0, 0, 0, 0, 0, 0, 0, 0, 0, 0, 0, 0, 0, 0, 0], [0, 0, 0, 0, 0, 0, 0, 0, 0, 0, 0, 0, 0, 0, 0, 0, 0, 0, 0, 0, 0, 0, 0, 0, 0, 0, 0, 0, 0, 0, 0, 0], [0, 0, 0, 0, 0, 0, 0, 0, 0, 0, 0, 0, 0, 0, 0, 0, 0, 0, 0, 0, 0, 0, 0, 0, 0, 0, 0, 0, 0, 0, 0, 0], [0, 0, 0, 0, 0, 0, 0, 0, 0, 0, 0, 0, 0, 0, 0, 0, 0, 0, 0, 0, 0, 0, 0, 0, 0, 0, 0, 0, 0, 0, 0, 0], [0, 0, 0, 0, 0, 0, 0, 0, 0, 0, 0, 0, 0, 0, 0, 0, 0, 0, 0, 0, 0, 0, 0, 0, 0, 0, 0, 0, 0, 0, 0, 0], [0, 0, 0, 0, 0, 0, 0, 0, 0, 0, 0, 0, 0, 0, 0, 0, 0, 0, 0, 0, 0, 0, 0, 0, 0, 0, 0, 0, 0, 0, 0, 0], [0, 0, 0, 0, 0, 0, 0, 0, 0, 0, 0, 0, 0, 0, 0, 0, 0, 0, 0, 0, 0, 0, 0, 0, 0, 0, 0, 0, 0, 0, 0, 0], [0, 0, 0, 0, 0, 0, 0, 0, 0, 0, 0, 0, 0, 0, 0, 0, 0, 0, 0, 0, 0, 0, 0, 0, 0, 0, 0, 0, 0, 0, 0, 0], [0, 0, 0, 0, 0, 0, 0, 0, 0, 0, 0, 0, 0, 0, 0, 0, 0, 0, 0, 0, 0, 0, 0, 0, 0, 0, 0, 0, 0, 0, 0, 0], [0, 0, 0, 0, 0, 0, 0, 0, 0, 0, 0, 0, 0, 0, 0, 0, 0, 0, 0, 0, 0, 0, 0, 0, 0, 0, 0, 0, 0, 0, 0, 0], [0, 0, 0, 0, 0, 0, 0, 0, 0, 0, 0, 0, 0, 0, 0, 0, 0, 0, 0, 0, 0, 0, 0, 0, 0, 0, 0, 0, 0, 0, 0, 0], [0, 0, 0, 0, 0, 0, 0, 0, 0, 0, 0, 0, 0, 0, 0, 0, 0, 0, 0, 0, 0, 0, 0, 0, 0, 0, 0, 0, 0, 0, 0, 0], [0, 0, 0, 0, 0, 0, 0, 0, 0, 0, 0, 0, 0, 0, 0, 0, 0, 0, 0, 0, 0, 0, 0, 0, 0, 0, 0, 0, 0, 0, 0, 0], [0, 0, 0, 0, 0, 0, 0, 0, 0, 0, 0, 0, 0, 0, 0, 0, 0, 0, 0, 0, 0, 0, 0, 0, 0, 0, 0, 0, 0, 0, 0, 0], [0, 0, 0, 0, 0, 0, 0, 0, 0, 0, 0, 0, 0, 0, 0, 0, 0, 0, 0, 0, 0, 0, 0, 0, 0, 0, 0, 0, 0, 0, 0, 0], [0, 0, 0, 0, 0, 0, 0, 0, 0, 0, 0, 0, 0, 0, 0, 0, 0, 0, 0, 0, 0, 0, 0, 0, 0, 0, 0, 0, 0, 0, 0, 0], [0, 0, 0, 0, 0, 0, 0, 0, 0, 0, 0, 0, 0, 0, 0, 0, 0, 0, 0, 0, 0, 0, 0, 0, 0, 0, 0, 0, 0, 0, 0, 0], [0, 0, 0, 0, 0, 0, 0, 0, 0, 0, 0, 0, 0, 0, 0, 0, 0, 0, 0, 0, 0, 0, 0, 0, 0, 0, 0, 0, 0, 0, 0, 0], [0, 0, 0, 0, 0, 0, 0, 0, 0, 0, 0, 0, 0, 0, 0, 0, 0, 0, 0, 0, 0, 0, 0, 0, 0, 0, 0, 0, 0, 0, 0, 0], [0, 0, 0, 0, 0, 0, 0, 0, 0, 0, 0, 0, 0, 0, 0, 0, 0, 0, 0, 0, 0, 0, 0, 0, 0, 0, 0, 0, 0, 0, 0, 0], [0, 0, 0, 0, 0, 0, 0, 0, 0, 0, 0, 0, 0, 0, 0, 0, 0, 0, 0, 0, 0, 0, 0, 0, 0, 0, 0, 0, 0, 0, 0, 0], [0, 0, 0, 0, 129, 12, 0, 0, 0, 0, 0, 0, 144, 0, 0, 32, 247, 120, 0, 0, 144, 0, 0, 32, 247, 120, 0, 0, 0, 0, 0, 0], [0, 0, 0, 0, 0, 0, 0, 0, 0, 0, 0, 0, 144, 0, 0, 32, 247, 120, 0, 0, 192, 45, 44, 32, 247, 120, 0, 0, 0, 0, 0, 0], [0, 0, 0, 0, 0, 0, 0, 0, 0, 0, 0, 0, 0, 0, 0, 0, 0, 0, 0, 0, 0, 0, 0, 0, 0, 0, 0, 0, 0, 0, 0, 0], [0, 0, 0, 0, 0, 0, 0, 0, 0, 0, 0, 0, 0, 0, 0, 0, 0, 0, 0, 0, 0, 0, 0, 0, 0, 0, 0, 0, 0, 0, 0, 0], [0, 0, 0, 0, 0, 0, 0, 0, 0, 0, 0, 0, 0, 0, 0, 0, 0, 0, 0, 0, 0, 0, 0, 0, 0, 0, 0, 0, 0, 0, 0, 0], [0, 0, 0, 0, 0, 0, 0, 0, 0, 0, 0, 0, 0, 0, 0, 0, 0, 0, 0, 0, 0, 0, 0, 0, 0, 0, 0, 0, 0, 0, 0, 0], [0, 0, 0, 0, 0, 0, 0, 0, 0, 0, 0, 0, 0, 0, 0, 0, 0, 0, 0, 0, 0, 0, 0, 0, 0, 0, 0, 0, 0, 0, 0, 0], [0, 0, 0, 0, 0, 0, 0, 0, 0, 0, 0, 0, 0, 0, 0, 0, 0, 0, 0, 0, 0, 0, 0, 0, 0, 0, 0, 0, 0, 0, 0, 0], [0, 0, 0, 0, 0, 0, 0, 0, 0, 0, 0, 0, 0, 0, 0, 0, 0, 0, 0, 0, 0, 0, 0, 0, 0, 0, 0, 0, 0, 0, 0, 0], [0, 0, 0, 0, 0, 0, 0, 0, 0, 0, 0, 0, 0, 0, 0, 0, 0, 0, 0, 0, 0, 0, 0, 0, 0, 0, 0, 0, 0, 0, 0, 0], [0, 0, 0, 0, 0, 0, 0, 0, 0, 0, 0, 0, 0, 0, 0, 0, 0, 0, 0, 0, 0, 0, 0, 0, 0, 0, 0, 0, 0, 0, 0, 0], [0, 0, 0, 0, 0, 0, 0, 0, 0, 0, 0, 0, 0, 0, 0, 0, 0, 0, 0, 0, 0, 0, 0, 0, 0, 0, 0, 0, 0, 0, 0, 0], [0, 0, 0, 0, 0, 0, 0, 0, 0, 0, 0, 0, 0, 0, 0, 0, 0, 0, 0, 0, 0, 0, 0, 0, 0, 0, 0, 0, 0, 0, 0, 0], [0, 0, 0, 0, 0, 0, 0, 0, 0, 0, 0, 0, 0, 0, 0, 0, 0, 0, 0, 0, 0, 0, 0, 0, 0, 0, 0, 0, 0, 0, 0, 0], [0, 0, 0, 0, 0, 0, 0, 0, 0, 0, 0, 0, 0, 0, 0, 0, 0, 0, 0, 0, 0, 0, 0, 0, 0, 0, 0, 0, 0, 0, 0, 0], [0, 0, 0, 0, 0, 0, 0, 0, 0, 0, 0, 0, 0, 0, 0, 0, 0, 0, 0, 0, 0, 0, 0, 0, 0, 0, 0, 0, 0, 0, 0, 0], [0, 0, 0, 0, 0, 0, 0, 0, 0, 0, 0, 0, 0, 0, 0, 0, 0, 0, 0, 0, 0, 0, 0, 0, 0, 0, 0, 0, 0, 0, 0, 0], [0, 0, 0, 0, 0, 0, 0, 0, 0, 0, 0, 0, 0, 0, 0, 0, 0, 0, 0, 0, 0, 0, 0, 0, 0, 0, 0, 0, 0, 0, 0, 0], [0, 0, 0, 0, 0, 0, 0, 0, 0, 0, 0, 0, 0, 0, 0, 0, 0, 0, 0, 0, 0, 0, 0, 0, 0, 0, 0, 0, 0, 0, 0, 0], [0, 0, 0, 0, 0, 0, 0, 0, 0, 0, 0, 0, 0, 0, 0, 0, 0, 0, 0, 0, 0, 0, 0, 0, 0, 0, 0, 0, 0, 0, 0, 0], [0, 0, 0, 0, 0, 0, 0, 0, 0, 0, 0, 0, 0, 0, 0, 0, 0, 0, 0, 0, 0, 0, 0, 0, 0, 0, 0, 0, 0, 0, 0, 0], [0, 0, 0, 0, 0, 0, 0, 0, 0, 0, 0, 0, 0, 0, 0, 0, 0, 0, 0, 0, 0, 0, 0, 0, 0, 0, 0, 0, 0, 0, 0, 0], [0, 0, 0, 0, 0, 0, 0, 0, 0, 0, 0, 0, 0, 0, 0, 0, 0, 0, 0, 0, 0, 0, 0, 0, 0, 0, 0, 0, 0, 0, 0, 0], [0, 0, 0, 0, 0, 0, 0, 0, 0, 0, 0, 0, 0, 0, 0, 0, 0, 0, 0, 0, 0, 0, 0, 0, 0, 0, 0, 0, 0, 0, 0, 0], [0, 0, 0, 0, 0, 0, 0, 0, 0, 0, 0, 0, 0, 0, 0, 0, 0, 0, 0, 0, 0, 0, 0, 0, 0, 0, 0, 0, 0, 0, 0, 0], [0, 0, 0, 0, 0, 0, 0, 0, 0, 0, 0, 0, 0, 0, 0, 0, 0, 0, 0, 0, 0, 0, 0, 0, 0, 0, 0, 0, 0, 0, 0, 0], [0, 0, 0, 0, 0, 0, 0, 0, 0, 0, 0, 0, 0, 0, 0, 0, 0, 0, 0, 0, 0, 0, 0, 0, 0, 0, 0, 0, 0, 0, 0, 0], [0, 0, 0, 0, 0, 0, 0, 0, 0, 0, 0, 0, 0, 0, 0, 0, 0, 0, 0, 0, 0, 0, 0, 0, 0, 0, 0, 0, 0, 0, 0, 0], [0, 0, 0, 0, 0, 0, 0, 0, 0, 0, 0, 0, 0, 0, 0, 0, 0, 0, 0, 0, 0, 0, 0, 0, 0, 0, 0, 0, 0, 0, 0, 0], [0, 0, 0, 0, 0, 0, 0, 0, 0, 0, 0, 0, 0, 0, 0, 0, 0, 0, 0, 0, 0, 0, 0, 0, 0, 0, 0, 0, 0, 0, 0, 0], [0, 0, 0, 0, 0, 0, 0, 0, 0, 0, 0, 0, 0, 0, 0, 0, 0, 0, 0, 0, 0, 0, 0, 0, 0, 0, 0, 0, 0, 0, 0, 0], [0, 0, 0, 0, 0, 0, 0, 0, 0, 0, 0, 0, 0, 0, 0, 0, 0, 0, 0, 0, 0, 0, 0, 0, 0, 0, 0, 0, 0, 0, 0, 0], [0, 0, 0, 0, 0, 0, 0, 0, 0, 0, 0, 0, 0, 0, 0, 0, 0, 0, 0, 0, 0, 0, 0, 0, 0, 0, 0, 0, 0, 0, 0, 0], [0, 0, 0, 0, 0, 0, 0, 0, 0, 0, 0, 0, 0, 0, 0, 0, 0, 0, 0, 0, 0, 0, 0, 0, 0, 0, 0, 0, 0, 0, 0, 0], [0, 0, 0, 0, 0, 0, 0, 0, 0, 0, 0, 0, 0, 0, 0, 0, 0, 0, 0, 0, 0, 0, 0, 0, 0, 0, 0, 0, 0, 0, 0, 0], [0, 0, 0, 0, 0, 0, 0, 0, 0, 0, 0, 0, 0, 0, 0, 0, 0, 0, 0, 0, 0, 0, 0, 0, 0, 0, 0, 0, 0, 0, 0, 0], [0, 0, 0, 0, 0, 0, 0, 0, 0, 0, 0, 0, 0, 0, 0, 0, 0, 0, 0, 0, 0, 0, 0, 0, 0, 0, 0, 0, 0, 0, 0, 0], [0, 0, 0, 0, 0, 0, 0, 0, 0, 0, 0, 0, 0, 0, 0, 0, 0, 0, 0, 0, 0, 0, 0, 0, 0, 0, 0, 0, 0, 0, 0, 0], [0, 0, 0, 0, 0, 0, 0, 0, 0, 0, 0, 0, 0, 0, 0, 0, 0, 0, 0, 0, 0, 0, 0, 0, 0, 0, 0, 0, 0, 0, 0, 0], [0, 0, 0, 0, 0, 0, 0, 0, 0, 0, 0, 0, 0, 0, 0, 0, 0, 0, 0, 0, 0, 0, 0, 0, 0, 0, 0, 0, 0, 0, 0, 0], [0, 0, 0, 0, 0, 0, 0, 0, 0, 0, 0, 0, 0, 0, 0, 0, 0, 0, 0, 0, 0, 0, 0, 0, 0, 0, 0, 0, 0, 0, 0, 0], [0, 0, 0, 0, 0, 0, 0, 0, 0, 0, 0, 0, 0, 0, 0, 0, 0, 0, 0, 0, 0, 0, 0, 0, 0, 0, 0, 0, 0, 0, 0, 0], [0, 0, 0, 0, 0, 0, 0, 0, 0, 0, 0, 0, 0, 0, 0, 0, 0, 0, 0, 0, 0, 0, 0, 0, 0, 0, 0, 0, 0, 0, 0, 0], [0, 0, 0, 0, 0, 0, 0, 0, 0, 0, 0, 0, 0, 0, 0, 0, 0, 0, 0, 0, 0, 0, 0, 0, 0, 0, 0, 0, 0, 0, 0, 0], [0, 0, 0, 0, 0, 0, 0, 0, 0, 0, 0, 0, 0, 0, 0, 0, 0, 0, 0, 0, 0, 0, 0, 0, 0, 0, 0, 0, 0, 0, 0, 0], [0, 0, 0, 0, 0, 0, 0, 0, 0, 0, 0, 0, 0, 0, 0, 0, 0, 0, 0, 0, 0, 0, 0, 0, 0, 0, 0, 0, 0, 0, 0, 0], [0, 0, 0, 0, 0, 0, 0, 0, 0, 0, 0, 0, 0, 0, 0, 0, 0, 0, 0, 0, 0, 0, 0, 0, 0, 0, 0, 0, 0, 0, 0, 0], [0, 0, 0, 0, 0, 0, 0, 0, 0, 0, 0, 0, 0, 0, 0, 0, 0, 0, 0, 0, 0, 0, 0, 0, 0, 0, 0, 0, 0, 0, 0, 0], [0, 0, 0, 0, 0, 0, 0, 0, 0, 0, 0, 0, 0, 0, 0, 0, 0, 0, 0, 0, 0, 0, 0, 0, 0, 0, 0, 0, 0, 0, 0, 0], [0, 0, 0, 0, 0, 0, 0, 0, 0, 0, 0, 0, 0, 0, 0, 0, 0, 0, 0, 0, 0, 0, 0, 0, 0, 0, 0, 0, 0, 0, 0, 0], [0, 0, 0, 0, 0, 0, 0, 0, 0, 0, 0, 0, 0, 0, 0, 0, 0, 0, 0, 0, 0, 0, 0, 0, 0, 0, 0, 0, 0, 0, 0, 0], [0, 0, 0, 0, 0, 0, 0, 0, 0, 0, 0, 0, 0, 0, 0, 0, 0, 0, 0, 0, 0, 0, 0, 0, 0, 0, 0, 0, 0, 0, 0, 0], [0, 0, 0, 0, 0, 0, 0, 0, 0, 0, 0, 0, 0, 0, 0, 0, 0, 0, 0, 0, 0, 0, 0, 0, 0, 0, 0, 0, 0, 0, 0, 0], [0, 0, 0, 0, 0, 0, 0, 0, 0, 0, 0, 0, 0, 0, 0, 0, 0, 0, 0, 0, 0, 0, 0, 0, 0, 0, 0, 0, 0, 0, 0, 0], [0, 0, 0, 0, 0, 0, 0, 0, 0, 0, 0, 0, 0, 0, 0, 0, 0, 0, 0, 0, 0, 0, 0, 0, 0, 0, 0, 0, 0, 0, 0, 0], [0, 0, 0, 0, 0, 0, 0, 0, 0, 0, 0, 0, 0, 0, 0, 0, 0, 0, 0, 0, 0, 0, 0, 0, 0, 0, 0, 0, 0, 0, 0, 0], [0, 0, 0, 0, 0, 0, 0, 0, 0, 0, 0, 0, 0, 0, 0, 0, 0, 0, 0, 0, 0, 0, 0, 0, 0, 0, 0, 0, 0, 0, 0, 0], [0, 0, 0, 0, 0, 0, 0, 0, 0, 0, 0, 0, 0, 0, 0, 0, 0, 0, 0, 0, 0, 0, 0, 0, 0, 0, 0, 0, 0, 0, 0, 0], [0, 0, 0, 0, 0, 0, 0, 0, 0, 0, 0, 0, 0, 0, 0, 0, 0, 0, 0, 0, 0, 0, 0, 0, 0, 0, 0, 0, 0, 0, 0, 0], [0, 0, 0, 0, 0, 0, 0, 0, 0, 0, 0, 0, 0, 0, 0, 0, 0, 0, 0, 0, 0, 0, 0, 0, 0, 0, 0, 0, 0, 0, 0, 0], [0, 0, 0, 0, 0, 0, 0, 0, 0, 0, 0, 0, 0, 0, 0, 0, 0, 0, 0, 0, 0, 0, 0, 0, 0, 0, 0, 0, 0, 0, 0, 0], [0, 0, 0, 0, 0, 0, 0, 0, 0, 0, 0, 0, 0, 0, 0, 0, 0, 0, 0, 0, 0, 0, 0, 0, 0, 0, 0, 0, 0, 0, 0, 0], [0, 0, 0, 0, 0, 0, 0, 0, 0, 0, 0, 0, 0, 0, 0, 0, 0, 0, 0, 0, 0, 0, 0, 0, 0, 0, 0, 0, 0, 0, 0, 0], [0, 0, 0, 0, 0, 0, 0, 0, 0, 0, 0, 0, 0, 0, 0, 0, 0, 0, 0, 0, 0, 0, 0, 0, 0, 0, 0, 0, 0, 0, 0, 0], [0, 0, 0, 0, 0, 0, 0, 0, 0, 0, 0, 0, 0, 0, 0, 0, 0, 0, 0, 0, 0, 0, 0, 0, 0, 0, 0, 0, 0, 0, 0, 0], [0, 0, 0, 0, 0, 0, 0, 0, 0, 0, 0, 0, 0, 0, 0, 0, 0, 0, 0, 0, 0, 0, 0, 0, 0, 0, 0, 0, 0, 0, 0, 0], [0, 0, 0, 0, 0, 0, 0, 0, 0, 0, 0, 0, 0, 0, 0, 0, 0, 0, 0, 0, 0, 0, 0, 0, 0, 0, 0, 0, 0, 0, 0, 0], [0, 0, 0, 0, 0, 0, 0, 0, 0, 0, 0, 0, 0, 0, 0, 0, 0, 0, 0, 0, 0, 0, 0, 0, 0, 0, 0, 0, 0, 0, 0, 0], [0, 0, 0, 0, 0, 0, 0, 0, 0, 0, 0, 0, 0, 0, 0, 0, 0, 0, 0, 0, 0, 0, 0, 0, 0, 0, 0, 0, 0, 0, 0, 0], [0, 0, 0, 0, 0, 0, 0, 0, 0, 0, 0, 0, 0, 0, 0, 0, 0, 0, 0, 0, 0, 0, 0, 0, 0, 0, 0, 0, 0, 0, 0, 0], [0, 0, 0, 0, 0, 0, 0, 0, 0, 0, 0, 0, 0, 0, 0, 0, 0, 0, 0, 0, 0, 0, 0, 0, 0, 0, 0, 0, 0, 0, 0, 0], [0, 0, 0, 0, 0, 0, 0, 0, 0, 0, 0, 0, 0, 0, 0, 0, 0, 0, 0, 0, 0, 0, 0, 0, 0, 0, 0, 0, 0, 0, 0, 0], [0, 0, 0, 0, 0, 0, 0, 0, 0, 0, 0, 0, 0, 0, 0, 0, 0, 0, 0, 0, 0, 0, 0, 0, 0, 0, 0, 0, 0, 0, 0, 0], [0, 0, 0, 0, 0, 0, 0, 0, 0, 0, 0, 0, 0, 0, 0, 0, 0, 0, 0, 0, 0, 0, 0, 0, 0, 0, 0, 0, 0, 0, 0, 0], [0, 0, 0, 0, 0, 0, 0, 0, 0, 0, 0, 0, 0, 0, 0, 0, 0, 0, 0, 0, 0, 0, 0, 0, 0, 0, 0, 0, 0, 0, 0, 0], [0, 0, 0, 0, 0, 0, 0, 0, 0, 0, 0, 0, 0, 0, 0, 0, 0, 0, 0, 0, 0, 0, 0, 0, 0, 0, 0, 0, 0, 0, 0, 0], [0, 0, 0, 0, 0, 0, 0, 0, 0, 0, 0, 0, 0, 0, 0, 0, 0, 0, 0, 0, 0, 0, 0, 0, 0, 0, 0, 0, 0, 0, 0, 0], [0, 0, 0, 0, 0, 0, 0, 0, 0, 0, 0, 0, 0, 0, 0, 0, 0, 0, 0, 0, 0, 0, 0, 0, 0, 0, 0, 0, 0, 0, 0, 0], [0, 0, 0, 0, 0, 0, 0, 0, 0, 0, 0, 0, 0, 0, 0, 0, 0, 0, 0, 0, 0, 0, 0, 0, 0, 0, 0, 0, 0, 0, 0, 0], [0, 0, 0, 0, 0, 0, 0, 0, 0, 0, 0, 0, 0, 0, 0, 0, 0, 0, 0, 0, 0, 0, 0, 0, 0, 0, 0, 0, 0, 0, 0, 0], [0, 0, 0, 0, 0, 0, 0, 0, 0, 0, 0, 0, 0, 0, 0, 0, 0, 0, 0, 0, 0, 0, 0, 0, 0, 0, 0, 0, 0, 0, 0, 0], [0, 0, 0, 0, 0, 0, 0, 0, 0, 0, 0, 0, 0, 0, 0, 0, 0, 0, 0, 0, 0, 0, 0, 0, 0, 0, 0, 0, 0, 0, 0, 0], [0, 0, 0, 0, 0, 0, 0, 0, 0, 0, 0, 0, 0, 0, 0, 0, 0, 0, 0, 0, 0, 0, 0, 0, 0, 0, 0, 0, 0, 0, 0, 0], [0, 0, 0, 0, 0, 0, 0, 0, 0, 0, 0, 0, 0, 0, 0, 0, 0, 0, 0, 0, 0, 0, 0, 0, 0, 0, 0, 0, 0, 0, 0, 0], [0, 0, 0, 0, 0, 0, 0, 0, 0, 0, 0, 0, 0, 0, 0, 0, 0, 0, 0, 0, 0, 0, 0, 0, 0, 0, 0, 0, 0, 0, 0, 0], [0, 0, 0, 0, 0, 0, 0, 0, 0, 0, 0, 0, 0, 0, 0, 0, 0, 0, 0, 0, 0, 0, 0, 0, 0, 0, 0, 0, 0, 0, 0, 0], [0, 0, 0, 0, 0, 0, 0, 0, 0, 0, 0, 0, 0, 0, 0, 0, 0, 0, 0, 0, 0, 0, 0, 0, 0, 0, 0, 0, 0, 0, 0, 0], [0, 0, 0, 0, 0, 0, 0, 0, 0, 0, 0, 0, 0, 0, 0, 0, 0, 0, 0, 0, 0, 0, 0, 0, 0, 0, 0, 0, 0, 0, 0, 0], [0, 0, 0, 0, 0, 0, 0, 0, 0, 0, 0, 0, 0, 0, 0, 0, 0, 0, 0, 0, 0, 0, 0, 0, 0, 0, 0, 0, 0, 0, 0, 0], [0, 0, 0, 0, 0, 0, 0, 0, 0, 0, 0, 0, 0, 0, 0, 0, 0, 0, 0, 0, 0, 0, 0, 0, 0, 0, 0, 0, 0, 0, 0, 0], [0, 0, 0, 0, 0, 0, 0, 0, 0, 0, 0, 0, 0, 0, 0, 0, 0, 0, 0, 0, 0, 0, 0, 0, 0, 0, 0, 0, 0, 0, 0, 0], [0, 0, 0, 0, 0, 0, 0, 0, 0, 0, 0, 0, 0, 0, 0, 0, 0, 0, 0, 0, 0, 0, 0, 0, 0, 0, 0, 0, 0, 0, 0, 0], [0, 0, 0, 0, 0, 0, 0, 0, 0, 0, 0, 0, 0, 0, 0, 0, 0, 0, 0, 0, 0, 0, 0, 0, 0, 0, 0, 0, 0, 0, 0, 0], [0, 0, 0, 0, 0, 0, 0, 0, 0, 0, 0, 0, 0, 0, 0, 0, 0, 0, 0, 0, 0, 0, 0, 0, 0, 0, 0, 0, 0, 0, 0, 0], [0, 0, 0, 0, 0, 0, 0, 0, 0, 0, 0, 0, 0, 0, 0, 0, 0, 0, 0, 0, 0, 0, 0, 0, 0, 0, 0, 0, 0, 0, 0, 0], [0, 0, 0, 0, 0, 0, 0, 0, 0, 0, 0, 0, 0, 0, 0, 0, 0, 0, 0, 0, 0, 0, 0, 0, 0, 0, 0, 0, 0, 0, 0, 0], [0, 0, 0, 0, 0, 0, 0, 0, 0, 0, 0, 0, 0, 0, 0, 0, 0, 0, 0, 0, 0, 0, 0, 0, 0, 0, 0, 0, 0, 0, 0, 0], [0, 0, 0, 0, 0, 0, 0, 0, 0, 0, 0, 0, 0, 0, 0, 0, 0, 0, 0, 0, 0, 0, 0, 0, 0, 0, 0, 0, 0, 0, 0, 0], [0, 0, 0, 0, 0, 0, 0, 0, 0, 0, 0, 0, 0, 0, 0, 0, 0, 0, 0, 0, 0, 0, 0, 0, 0, 0, 0, 0, 0, 0, 0, 0], [0, 0, 0, 0, 0, 0, 0, 0, 0, 0, 0, 0, 0, 0, 0, 0, 0, 0, 0, 0, 0, 0, 0, 0, 0, 0, 0, 0, 208, 170, 1, 0], [0, 0, 0, 0, 20, 128, 0, 0, 0, 0, 0, 0, 1, 0, 0, 0, 0, 0, 0, 0, 2, 0, 0, 0, 0, 0, 0, 0, 3, 0, 0, 0], [0, 0, 0, 0, 4, 0, 0, 0, 0, 0, 0, 0, 5, 0, 0, 0, 0, 0, 0, 0, 6, 0, 0, 0, 0, 0, 0, 0, 7, 0, 0, 0], [0, 0, 0, 0, 8, 0, 0, 0, 0, 0, 0, 0, 9, 0, 0, 0, 0, 0, 0, 0, 10, 0, 0, 0, 0, 0, 0, 0, 11, 0, 0, 0], [0, 0, 0, 0, 12, 0, 0, 0, 0, 0, 0, 0, 13, 0, 0, 0, 0, 0, 0, 0, 14, 0, 0, 0, 0, 0, 0, 0, 15, 0, 0, 0], [0, 0, 0, 0, 16, 0, 0, 0, 0, 0, 0, 0, 17, 0, 0, 0, 0, 0, 0, 0, 18, 0, 0, 0, 0, 0, 0, 0, 19, 0, 0, 0], [0, 0, 0, 0, 20, 0, 0, 0, 0, 0, 0, 0, 21, 0, 0, 0, 0, 0, 0, 0, 22, 0, 0, 0, 0, 0, 0, 0, 23, 0, 0, 0], [0, 0, 0, 0, 24, 0, 0, 0, 0, 0, 0, 0, 25, 0, 0, 0, 0, 0, 0, 0, 26, 0, 0, 0, 0, 0, 0, 0, 27, 0, 0, 0], [0, 0, 0, 0, 28, 0, 0, 0, 0, 0, 0, 0, 29, 0, 0, 0, 0, 0, 0, 0, 30, 0, 0, 0, 0, 0, 0, 0, 31, 0, 0, 0], [0, 0, 0, 0, 32, 0, 0, 0, 0, 0, 0, 0, 33, 0, 0, 0, 0, 0, 0, 0, 34, 0, 0, 0, 0, 0, 0, 0, 35, 0, 0, 0], [0, 0, 0, 0, 36, 0, 0, 0, 0, 0, 0, 0, 37, 0, 0, 0, 0, 0, 0, 0, 38, 0, 0, 0, 0, 0, 0, 0, 39, 0, 0, 0], [0, 0, 0, 0, 40, 0, 0, 0, 0, 0, 0, 0, 41, 0, 0, 0, 0, 0, 0, 0, 42, 0, 0, 0, 0, 0, 0, 0, 43, 0, 0, 0], [0, 0, 0, 0, 44, 0, 0, 0, 0, 0, 0, 0, 45, 0, 0, 0, 0, 0, 0, 0, 46, 0, 0, 0, 0, 0, 0, 0, 47, 0, 0, 0], [0, 0, 0, 0, 48, 0, 0, 0, 0, 0, 0, 0, 49, 0, 0, 0, 0, 0, 0, 0, 50, 0, 0, 0, 0, 0, 0, 0, 51, 0, 0, 0], [0, 0, 0, 0, 52, 0, 0, 0, 0, 0, 0, 0, 53, 0, 0, 0, 0, 0, 0, 0, 54, 0, 0, 0, 0, 0, 0, 0, 55, 0, 0, 0], [0, 0, 0, 0, 56, 0, 0, 0, 0, 0, 0, 0, 57, 0, 0, 0, 0, 0, 0, 0, 58, 0, 0, 0, 0, 0, 0, 0, 59, 0, 0, 0], [0, 0, 0, 0, 60, 0, 0, 0, 0, 0, 0, 0, 61, 0, 0, 0, 0, 0, 0, 0, 62, 0, 0, 0, 0, 0, 0, 0, 63, 0, 0, 0], [0, 0, 0, 0, 64, 0, 0, 0, 0, 0, 0, 0, 65, 0, 0, 0, 0, 0, 0, 0, 66, 0, 0, 0, 0, 0, 0, 0, 67, 0, 0, 0], [0, 0, 0, 0, 68, 0, 0, 0, 0, 0, 0, 0, 69, 0, 0, 0, 0, 0, 0, 0, 70, 0, 0, 0, 0, 0, 0, 0, 71, 0, 0, 0], [0, 0, 0, 0, 72, 0, 0, 0, 0, 0, 0, 0, 73, 0, 0, 0, 0, 0, 0, 0, 74, 0, 0, 0, 0, 0, 0, 0, 75, 0, 0, 0], [0, 0, 0, 0, 76, 0, 0, 0, 0, 0, 0, 0, 77, 0, 0, 0, 0, 0, 0, 0, 78, 0, 0, 0, 0, 0, 0, 0, 79, 0, 0, 0], [0, 0, 0, 0, 80, 0, 0, 0, 0, 0, 0, 0, 81, 0, 0, 0, 0, 0, 0, 0, 82, 0, 0, 0, 0, 0, 0, 0, 83, 0, 0, 0], [0, 0, 0, 0, 84, 0, 0, 0, 0, 0, 0, 0, 85, 0, 0, 0, 0, 0, 0, 0, 86, 0, 0, 0, 0, 0, 0, 0, 87, 0, 0, 0], [0, 0, 0, 0, 88, 0, 0, 0, 0, 0, 0, 0, 89, 0, 0, 0, 0, 0, 0, 0, 90, 0, 0, 0, 0, 0, 0, 0, 91, 0, 0, 0], [0, 0, 0, 0, 92, 0, 0, 0, 0, 0, 0, 0, 93, 0, 0, 0, 0, 0, 0, 0, 94, 0, 0, 0, 0, 0, 0, 0, 95, 0, 0, 0], [0, 0, 0, 0, 96, 0, 0, 0, 0, 0, 0, 0, 97, 0, 0, 0, 0, 0, 0, 0, 98, 0, 0, 0, 0, 0, 0, 0, 99, 0, 0, 0], [0, 0, 0, 0, 100, 0, 0, 0, 0, 0, 0, 0, 101, 0, 0, 0, 0, 0, 0, 0, 102, 0, 0, 0, 0, 0, 0, 0, 103, 0, 0, 0], [0, 0, 0, 0, 104, 0, 0, 0, 0, 0, 0, 0, 105, 0, 0, 0, 0, 0, 0, 0, 106, 0, 0, 0, 0, 0, 0, 0, 107, 0, 0, 0], [0, 0, 0, 0, 108, 0, 0, 0, 0, 0, 0, 0, 109, 0, 0, 0, 0, 0, 0, 0, 110, 0, 0, 0, 0, 0, 0, 0, 111, 0, 0, 0], [0, 0, 0, 0, 112, 0, 0, 0, 0, 0, 0, 0, 113, 0, 0, 0, 0, 0, 0, 0, 114, 0, 0, 0, 0, 0, 0, 0, 115, 0, 0, 0], [0, 0, 0, 0, 116, 0, 0, 0, 0, 0, 0, 0, 117, 0, 0, 0, 0, 0, 0, 0, 118, 0, 0, 0, 0, 0, 0, 0, 119, 0, 0, 0], [0, 0, 0, 0, 120, 0, 0, 0, 0, 0, 0, 0, 121, 0, 0, 0, 0, 0, 0, 0, 122, 0, 0, 0, 0, 0, 0, 0, 123, 0, 0, 0], [0, 0, 0, 0, 124, 0, 0, 0, 0, 0, 0, 0, 125, 0, 0, 0, 0, 0, 0, 0, 126, 0, 0, 0, 0, 0, 0, 0, 127, 0, 0, 0], [0, 0, 0, 0, 128, 0, 0, 0, 0, 0, 0, 0, 129, 0, 0, 0, 0, 0, 0, 0, 130, 0, 0, 0, 0, 0, 0, 0, 131, 0, 0, 0], [0, 0, 0, 0, 132, 0, 0, 0, 0, 0, 0, 0, 133, 0, 0, 0, 0, 0, 0, 0, 134, 0, 0, 0, 0, 0, 0, 0, 135, 0, 0, 0], [0, 0, 0, 0, 136, 0, 0, 0, 0, 0, 0, 0, 137, 0, 0, 0, 0, 0, 0, 0, 138, 0, 0, 0, 0, 0, 0, 0, 139, 0, 0, 0], [0, 0, 0, 0, 140, 0, 0, 0, 0, 0, 0, 0, 141, 0, 0, 0, 0, 0, 0, 0, 142, 0, 0, 0, 0, 0, 0, 0, 143, 0, 0, 0], [0, 0, 0, 0, 144, 0, 0, 0, 0, 0, 0, 0, 145, 0, 0, 0, 0, 0, 0, 0, 146, 0, 0, 0, 0, 0, 0, 0, 147, 0, 0, 0], [0, 0, 0, 0, 148, 0, 0, 0, 0, 0, 0, 0, 149, 0, 0, 0, 0, 0, 0, 0, 150, 0, 0, 0, 0, 0, 0, 0, 151, 0, 0, 0], [0, 0, 0, 0, 152, 0, 0, 0, 0, 0, 0, 0, 153, 0, 0, 0, 0, 0, 0, 0, 154, 0, 0, 0, 0, 0, 0, 0, 155, 0, 0, 0], [0, 0, 0, 0, 156, 0, 0, 0, 0, 0, 0, 0, 157, 0, 0, 0, 0, 0, 0, 0, 158, 0, 0, 0, 0, 0, 0, 0, 159, 0, 0, 0], [0, 0, 0, 0, 160, 0, 0, 0, 0, 0, 0, 0, 161, 0, 0, 0, 0, 0, 0, 0, 162, 0, 0, 0, 0, 0, 0, 0, 163, 0, 0, 0], [0, 0, 0, 0, 164, 0, 0, 0, 0, 0, 0, 0, 165, 0, 0, 0, 0, 0, 0, 0, 166, 0, 0, 0, 0, 0, 0, 0, 167, 0, 0, 0], [0, 0, 0, 0, 168, 0, 0, 0, 0, 0, 0, 0, 169, 0, 0, 0, 0, 0, 0, 0, 170, 0, 0, 0, 0, 0, 0, 0, 171, 0, 0, 0], [0, 0, 0, 0, 172, 0, 0, 0, 0, 0, 0, 0, 173, 0, 0, 0, 0, 0, 0, 0, 174, 0, 0, 0, 0, 0, 0, 0, 175, 0, 0, 0], [0, 0, 0, 0, 176, 0, 0, 0, 0, 0, 0, 0, 177, 0, 0, 0, 0, 0, 0, 0, 178, 0, 0, 0, 0, 0, 0, 0, 179, 0, 0, 0], [0, 0, 0, 0, 180, 0, 0, 0, 0, 0, 0, 0, 181, 0, 0, 0, 0, 0, 0, 0, 182, 0, 0, 0, 0, 0, 0, 0, 183, 0, 0, 0], [0, 0, 0, 0, 184, 0, 0, 0, 0, 0, 0, 0, 185, 0, 0, 0, 0, 0, 0, 0, 186, 0, 0, 0, 0, 0, 0, 0, 187, 0, 0, 0], [0, 0, 0, 0, 188, 0, 0, 0, 0, 0, 0, 0, 189, 0, 0, 0, 0, 0, 0, 0, 190, 0, 0, 0, 0, 0, 0, 0, 191, 0, 0, 0], [0, 0, 0, 0, 192, 0, 0, 0, 0, 0, 0, 0, 193, 0, 0, 0, 0, 0, 0, 0, 194, 0, 0, 0, 0, 0, 0, 0, 195, 0, 0, 0], [0, 0, 0, 0, 196, 0, 0, 0, 0, 0, 0, 0, 197, 0, 0, 0, 0, 0, 0, 0, 198, 0, 0, 0, 0, 0, 0, 0, 199, 0, 0, 0], [0, 0, 0, 0, 200, 0, 0, 0, 0, 0, 0, 0, 201, 0, 0, 0, 0, 0, 0, 0, 202, 0, 0, 0, 0, 0, 0, 0, 203, 0, 0, 0], [0, 0, 0, 0, 204, 0, 0, 0, 0, 0, 0, 0, 205, 0, 0, 0, 0, 0, 0, 0, 206, 0, 0, 0, 0, 0, 0, 0, 207, 0, 0, 0], [0, 0, 0, 0, 208, 0, 0, 0, 0, 0, 0, 0, 209, 0, 0, 0, 0, 0, 0, 0, 210, 0, 0, 0, 0, 0, 0, 0, 211, 0, 0, 0], [0, 0, 0, 0, 212, 0, 0, 0, 0, 0, 0, 0, 213, 0, 0, 0, 0, 0, 0, 0, 214, 0, 0, 0, 0, 0, 0, 0, 215, 0, 0, 0], [0, 0, 0, 0, 216, 0, 0, 0, 0, 0, 0, 0, 217, 0, 0, 0, 0, 0, 0, 0, 218, 0, 0, 0, 0, 0, 0, 0, 219, 0, 0, 0], [0, 0, 0, 0, 220, 0, 0, 0, 0, 0, 0, 0, 221, 0, 0, 0, 0, 0, 0, 0, 222, 0, 0, 0, 0, 0, 0, 0, 223, 0, 0, 0], [0, 0, 0, 0, 224, 0, 0, 0, 0, 0, 0, 0, 225, 0, 0, 0, 0, 0, 0, 0, 226, 0, 0, 0, 0, 0, 0, 0, 227, 0, 0, 0], [0, 0, 0, 0, 228, 0, 0, 0, 0, 0, 0, 0, 229, 0, 0, 0, 0, 0, 0, 0, 230, 0, 0, 0, 0, 0, 0, 0, 231, 0, 0, 0], [0, 0, 0, 0, 232, 0, 0, 0, 0, 0, 0, 0, 233, 0, 0, 0, 0, 0, 0, 0, 234, 0, 0, 0, 0, 0, 0, 0, 235, 0, 0, 0], [0, 0, 0, 0, 236, 0, 0, 0, 0, 0, 0, 0, 237, 0, 0, 0, 0, 0, 0, 0, 238, 0, 0, 0, 0, 0, 0, 0, 239, 0, 0, 0], [0, 0, 0, 0, 240, 0, 0, 0, 0, 0, 0, 0, 241, 0, 0, 0, 0, 0, 0, 0, 242, 0, 0, 0, 0, 0, 0, 0, 243, 0, 0, 0], [0, 0, 0, 0, 244, 0, 0, 0, 0, 0, 0, 0, 245, 0, 0, 0, 0, 0, 0, 0, 246, 0, 0, 0, 0, 0, 0, 0, 247, 0, 0, 0], [0, 0, 0, 0, 248, 0, 0, 0, 0, 0, 0, 0, 249, 0, 0, 0, 0, 0, 0, 0, 250, 0, 0, 0, 0, 0, 0, 0, 251, 0, 0, 0], [0, 0, 0, 0, 252, 0, 0, 0, 0, 0, 0, 0, 253, 0, 0, 0, 0, 0, 0, 0, 254, 0, 0, 0, 0, 0, 0, 0, 255, 0, 0, 0], [0, 0, 0, 0, 0, 1, 0, 0, 0, 0, 0, 0, 1, 1, 0, 0, 0, 0, 0, 0, 2, 1, 0, 0, 0, 0, 0, 0, 3, 1, 0, 0], [0, 0, 0, 0, 4, 1, 0, 0, 0, 0, 0, 0, 5, 1, 0, 0, 0, 0, 0, 0, 6, 1, 0, 0, 0, 0, 0, 0, 7, 1, 0, 0], [0, 0, 0, 0, 8, 1, 0, 0, 0, 0, 0, 0, 9, 1, 0, 0, 0, 0, 0, 0, 10, 1, 0, 0, 0, 0, 0, 0, 11, 1, 0, 0], [0, 0, 0, 0, 12, 1, 0, 0, 0, 0, 0, 0, 13, 1, 0, 0, 0, 0, 0, 0, 14, 1, 0, 0, 0, 0, 0, 0, 15, 1, 0, 0], [0, 0, 0, 0, 16, 1, 0, 0, 0, 0, 0, 0, 17, 1, 0, 0, 0, 0, 0, 0, 18, 1, 0, 0, 0, 0, 0, 0, 19, 1, 0, 0], [0, 0, 0, 0, 20, 1, 0, 0, 0, 0, 0, 0, 21, 1, 0, 0, 0, 0, 0, 0, 22, 1, 0, 0, 0, 0, 0, 0, 23, 1, 0, 0], [0, 0, 0, 0, 24, 1, 0, 0, 0, 0, 0, 0, 25, 1, 0, 0, 0, 0, 0, 0, 26, 1, 0, 0, 0, 0, 0, 0, 27, 1, 0, 0], [0, 0, 0, 0, 28, 1, 0, 0, 0, 0, 0, 0, 29, 1, 0, 0, 0, 0, 0, 0, 30, 1, 0, 0, 0, 0, 0, 0, 31, 1, 0, 0], [0, 0, 0, 0, 32, 1, 0, 0, 0, 0, 0, 0, 33, 1, 0, 0, 0, 0, 0, 0, 34, 1, 0, 0, 0, 0, 0, 0, 35, 1, 0, 0], [0, 0, 0, 0, 36, 1, 0, 0, 0, 0, 0, 0, 37, 1, 0, 0, 0, 0, 0, 0, 38, 1, 0, 0, 0, 0, 0, 0, 39, 1, 0, 0], [0, 0, 0, 0, 40, 1, 0, 0, 0, 0, 0, 0, 41, 1, 0, 0, 0, 0, 0, 0, 42, 1, 0, 0, 0, 0, 0, 0, 43, 1, 0, 0], [0, 0, 0, 0, 44, 1, 0, 0, 0, 0, 0, 0, 45, 1, 0, 0, 0, 0, 0, 0, 46, 1, 0, 0, 0, 0, 0, 0, 47, 1, 0, 0], [0, 0, 0, 0, 48, 1, 0, 0, 0, 0, 0, 0, 49, 1, 0, 0, 0, 0, 0, 0, 50, 1, 0, 0, 0, 0, 0, 0, 51, 1, 0, 0], [0, 0, 0, 0, 52, 1, 0, 0, 0, 0, 0, 0, 53, 1, 0, 0, 0, 0, 0, 0, 54, 1, 0, 0, 0, 0, 0, 0, 55, 1, 0, 0], [0, 0, 0, 0, 56, 1, 0, 0, 0, 0, 0, 0, 57, 1, 0, 0, 0, 0, 0, 0, 58, 1, 0, 0, 0, 0, 0, 0, 59, 1, 0, 0], [0, 0, 0, 0, 60, 1, 0, 0, 0, 0, 0, 0, 61, 1, 0, 0, 0, 0, 0, 0, 62, 1, 0, 0, 0, 0, 0, 0, 63, 1, 0, 0], [0, 0, 0, 0, 64, 1, 0, 0, 0, 0, 0, 0, 65, 1, 0, 0, 0, 0, 0, 0, 66, 1, 0, 0, 0, 0, 0, 0, 67, 1, 0, 0], [0, 0, 0, 0, 68, 1, 0, 0, 0, 0, 0, 0, 69, 1, 0, 0, 0, 0, 0, 0, 70, 1, 0, 0, 0, 0, 0, 0, 71, 1, 0, 0], [0, 0, 0, 0, 72, 1, 0, 0, 0, 0, 0, 0, 73, 1, 0, 0, 0, 0, 0, 0, 74, 1, 0, 0, 0, 0, 0, 0, 75, 1, 0, 0], [0, 0, 0, 0, 76, 1, 0, 0, 0, 0, 0, 0, 77, 1, 0, 0, 0, 0, 0, 0, 78, 1, 0, 0, 0, 0, 0, 0, 79, 1, 0, 0], [0, 0, 0, 0, 80, 1, 0, 0, 0, 0, 0, 0, 81, 1, 0, 0, 0, 0, 0, 0, 82, 1, 0, 0, 0, 0, 0, 0, 83, 1, 0, 0], [0, 0, 0, 0, 84, 1, 0, 0, 0, 0, 0, 0, 85, 1, 0, 0, 0, 0, 0, 0, 86, 1, 0, 0, 0, 0, 0, 0, 87, 1, 0, 0], [0, 0, 0, 0, 88, 1, 0, 0, 0, 0, 0, 0, 89, 1, 0, 0, 0, 0, 0, 0, 90, 1, 0, 0, 0, 0, 0, 0, 91, 1, 0, 0], [0, 0, 0, 0, 92, 1, 0, 0, 0, 0, 0, 0, 93, 1, 0, 0, 0, 0, 0, 0, 94, 1, 0, 0, 0, 0, 0, 0, 95, 1, 0, 0], [0, 0, 0, 0, 96, 1, 0, 0, 0, 0, 0, 0, 97, 1, 0, 0, 0, 0, 0, 0, 98, 1, 0, 0, 0, 0, 0, 0, 99, 1, 0, 0], [0, 0, 0, 0, 100, 1, 0, 0, 0, 0, 0, 0, 101, 1, 0, 0, 0, 0, 0, 0, 102, 1, 0, 0, 0, 0, 0, 0, 103, 1, 0, 0], [0, 0, 0, 0, 104, 1, 0, 0, 0, 0, 0, 0, 105, 1, 0, 0, 0, 0, 0, 0, 106, 1, 0, 0, 0, 0, 0, 0, 107, 1, 0, 0], [0, 0, 0, 0, 108, 1, 0, 0, 0, 0, 0, 0, 109, 1, 0, 0, 0, 0, 0, 0, 110, 1, 0, 0, 0, 0, 0, 0, 111, 1, 0, 0], [0, 0, 0, 0, 112, 1, 0, 0, 0, 0, 0, 0, 113, 1, 0, 0, 0, 0, 0, 0, 114, 1, 0, 0, 0, 0, 0, 0, 115, 1, 0, 0], [0, 0, 0, 0, 116, 1, 0, 0, 0, 0, 0, 0, 117, 1, 0, 0, 0, 0, 0, 0, 118, 1, 0, 0, 0, 0, 0, 0, 119, 1, 0, 0], [0, 0, 0, 0, 120, 1, 0, 0, 0, 0, 0, 0, 121, 1, 0, 0, 0, 0, 0, 0, 122, 1, 0, 0, 0, 0, 0, 0, 123, 1, 0, 0], [0, 0, 0, 0, 124, 1, 0, 0, 0, 0, 0, 0, 125, 1, 0, 0, 0, 0, 0, 0, 126, 1, 0, 0, 0, 0, 0, 0, 127, 1, 0, 0], [0, 0, 0, 0, 128, 1, 0, 0, 0, 0, 0, 0, 129, 1, 0, 0, 0, 0, 0, 0, 130, 1, 0, 0, 0, 0, 0, 0, 131, 1, 0, 0], [0, 0, 0, 0, 132, 1, 0, 0, 0, 0, 0, 0, 133, 1, 0, 0, 0, 0, 0, 0, 134, 1, 0, 0, 0, 0, 0, 0, 135, 1, 0, 0], [0, 0, 0, 0, 136, 1, 0, 0, 0, 0, 0, 0, 137, 1, 0, 0, 0, 0, 0, 0, 138, 1, 0, 0, 0, 0, 0, 0, 139, 1, 0, 0], [0, 0, 0, 0, 140, 1, 0, 0, 0, 0, 0, 0, 141, 1, 0, 0, 0, 0, 0, 0, 142, 1, 0, 0, 0, 0, 0, 0, 143, 1, 0, 0], [0, 0, 0, 0, 144, 1, 0, 0, 0, 0, 0, 0, 145, 1, 0, 0, 0, 0, 0, 0, 146, 1, 0, 0, 0, 0, 0, 0, 147, 1, 0, 0], [0, 0, 0, 0, 148, 1, 0, 0, 0, 0, 0, 0, 149, 1, 0, 0, 0, 0, 0, 0, 150, 1, 0, 0, 0, 0, 0, 0, 151, 1, 0, 0], [0, 0, 0, 0, 152, 1, 0, 0, 0, 0, 0, 0, 153, 1, 0, 0, 0, 0, 0, 0, 154, 1, 0, 0, 0, 0, 0, 0, 155, 1, 0, 0], [0, 0, 0, 0, 156, 1, 0, 0, 0, 0, 0, 0, 157, 1, 0, 0, 0, 0, 0, 0, 158, 1, 0, 0, 0, 0, 0, 0, 159, 1, 0, 0], [0, 0, 0, 0, 160, 1, 0, 0, 0, 0, 0, 0, 161, 1, 0, 0, 0, 0, 0, 0, 162, 1, 0, 0, 0, 0, 0, 0, 163, 1, 0, 0], [0, 0, 0, 0, 164, 1, 0, 0, 0, 0, 0, 0, 165, 1, 0, 0, 0, 0, 0, 0, 166, 1, 0, 0, 0, 0, 0, 0, 167, 1, 0, 0], [0, 0, 0, 0, 168, 1, 0, 0, 0, 0, 0, 0, 169, 1, 0, 0, 0, 0, 0, 0, 170, 1, 0, 0, 0, 0, 0, 0, 171, 1, 0, 0], [0, 0, 0, 0, 172, 1, 0, 0, 0, 0, 0, 0, 173, 1, 0, 0, 0, 0, 0, 0, 174, 1, 0, 0, 0, 0, 0, 0, 175, 1, 0, 0], [0, 0, 0, 0, 176, 1, 0, 0, 0, 0, 0, 0, 177, 1, 0, 0, 0, 0, 0, 0, 178, 1, 0, 0, 0, 0, 0, 0, 179, 1, 0, 0], [0, 0, 0, 0, 180, 1, 0, 0, 0, 0, 0, 0, 181, 1, 0, 0, 0, 0, 0, 0, 182, 1, 0, 0, 0, 0, 0, 0, 183, 1, 0, 0], [0, 0, 0, 0, 184, 1, 0, 0, 0, 0, 0, 0, 185, 1, 0, 0, 0, 0, 0, 0, 186, 1, 0, 0, 0, 0, 0, 0, 187, 1, 0, 0], [0, 0, 0, 0, 188, 1, 0, 0, 0, 0, 0, 0, 189, 1, 0, 0, 0, 0, 0, 0, 190, 1, 0, 0, 0, 0, 0, 0, 191, 1, 0, 0], [0, 0, 0, 0, 192, 1, 0, 0, 0, 0, 0, 0, 193, 1, 0, 0, 0, 0, 0, 0, 194, 1, 0, 0, 0, 0, 0, 0, 195, 1, 0, 0], [0, 0, 0, 0, 196, 1, 0, 0, 0, 0, 0, 0, 197, 1, 0, 0, 0, 0, 0, 0, 198, 1, 0, 0, 0, 0, 0, 0, 199, 1, 0, 0], [0, 0, 0, 0, 200, 1, 0, 0, 0, 0, 0, 0, 201, 1, 0, 0, 0, 0, 0, 0, 202, 1, 0, 0, 0, 0, 0, 0, 203, 1, 0, 0], [0, 0, 0, 0, 204, 1, 0, 0, 0, 0, 0, 0, 205, 1, 0, 0, 0, 0, 0, 0, 206, 1, 0, 0, 0, 0, 0, 0, 207, 1, 0, 0], [0, 0, 0, 0, 208, 1, 0, 0, 0, 0, 0, 0, 209, 1, 0, 0, 0, 0, 0, 0, 210, 1, 0, 0, 0, 0, 0, 0, 211, 1, 0, 0], [0, 0, 0, 0, 212, 1, 0, 0, 0, 0, 0, 0, 213, 1, 0, 0, 0, 0, 0, 0, 214, 1, 0, 0, 0, 0, 0, 0, 215, 1, 0, 0], [0, 0, 0, 0, 216, 1, 0, 0, 0, 0, 0, 0, 217, 1, 0, 0, 0, 0, 0, 0, 218, 1, 0, 0, 0, 0, 0, 0, 219, 1, 0, 0], [0, 0, 0, 0, 220, 1, 0, 0, 0, 0, 0, 0, 221, 1, 0, 0, 0, 0, 0, 0, 222, 1, 0, 0, 0, 0, 0, 0, 223, 1, 0, 0], [0, 0, 0, 0, 224, 1, 0, 0, 0, 0, 0, 0, 225, 1, 0, 0, 0, 0, 0, 0, 226, 1, 0, 0, 0, 0, 0, 0, 227, 1, 0, 0], [0, 0, 0, 0, 228, 1, 0, 0, 0, 0, 0, 0, 229, 1, 0, 0, 0, 0, 0, 0, 230, 1, 0, 0, 0, 0, 0, 0, 231, 1, 0, 0], [0, 0, 0, 0, 232, 1, 0, 0, 0, 0, 0, 0, 233, 1, 0, 0, 0, 0, 0, 0, 234, 1, 0, 0, 0, 0, 0, 0, 235, 1, 0, 0], [0, 0, 0, 0, 236, 1, 0, 0, 0, 0, 0, 0, 237, 1, 0, 0, 0, 0, 0, 0, 238, 1, 0, 0, 0, 0, 0, 0, 239, 1, 0, 0], [0, 0, 0, 0, 240, 1, 0, 0, 0, 0, 0, 0, 241, 1, 0, 0, 0, 0, 0, 0, 242, 1, 0, 0, 0, 0, 0, 0, 243, 1, 0, 0], [0, 0, 0, 0, 244, 1, 0, 0, 0, 0, 0, 0, 245, 1, 0, 0, 0, 0, 0, 0, 246, 1, 0, 0, 0, 0, 0, 0, 247, 1, 0, 0], [0, 0, 0, 0, 248, 1, 0, 0, 0, 0, 0, 0, 249, 1, 0, 0, 0, 0, 0, 0, 250, 1, 0, 0, 0, 0, 0, 0, 251, 1, 0, 0], [0, 0, 0, 0, 252, 1, 0, 0, 0, 0, 0, 0, 253, 1, 0, 0, 0, 0, 0, 0, 254, 1, 0, 0, 0, 0, 0, 0, 255, 1, 0, 0], [0, 0, 0, 0, 0, 2, 0, 0, 0, 0, 0, 0, 1, 2, 0, 0, 0, 0, 0, 0, 2, 2, 0, 0, 0, 0, 0, 0, 3, 2, 0, 0], [0, 0, 0, 0, 4, 2, 0, 0, 0, 0, 0, 0, 5, 2, 0, 0, 0, 0, 0, 0, 6, 2, 0, 0, 0, 0, 0, 0, 7, 2, 0, 0], [0, 0, 0, 0, 8, 2, 0, 0, 0, 0, 0, 0, 9, 2, 0, 0, 0, 0, 0, 0, 10, 2, 0, 0, 0, 0, 0, 0, 11, 2, 0, 0], [0, 0, 0, 0, 12, 2, 0, 0, 0, 0, 0, 0, 13, 2, 0, 0, 0, 0, 0, 0, 14, 2, 0, 0, 0, 0, 0, 0, 15, 2, 0, 0], [0, 0, 0, 0, 16, 2, 0, 0, 0, 0, 0, 0, 17, 2, 0, 0, 0, 0, 0, 0, 18, 2, 0, 0, 0, 0, 0, 0, 19, 2, 0, 0], [0, 0, 0, 0, 20, 2, 0, 0, 0, 0, 0, 0, 21, 2, 0, 0, 0, 0, 0, 0, 22, 2, 0, 0, 0, 0, 0, 0, 23, 2, 0, 0], [0, 0, 0, 0, 24, 2, 0, 0, 0, 0, 0, 0, 25, 2, 0, 0, 0, 0, 0, 0, 26, 2, 0, 0, 0, 0, 0, 0, 27, 2, 0, 0], [0, 0, 0, 0, 28, 2, 0, 0, 0, 0, 0, 0, 29, 2, 0, 0, 0, 0, 0, 0, 30, 2, 0, 0, 0, 0, 0, 0, 31, 2, 0, 0], [0, 0, 0, 0, 32, 2, 0, 0, 0, 0, 0, 0, 33, 2, 0, 0, 0, 0, 0, 0, 34, 2, 0, 0, 0, 0, 0, 0, 35, 2, 0, 0], [0, 0, 0, 0, 36, 2, 0, 0, 0, 0, 0, 0, 37, 2, 0, 0, 0, 0, 0, 0, 38, 2, 0, 0, 0, 0, 0, 0, 39, 2, 0, 0], [0, 0, 0, 0, 40, 2, 0, 0, 0, 0, 0, 0, 41, 2, 0, 0, 0, 0, 0, 0, 42, 2, 0, 0, 0, 0, 0, 0, 43, 2, 0, 0], [0, 0, 0, 0, 44, 2, 0, 0, 0, 0, 0, 0, 45, 2, 0, 0, 0, 0, 0, 0, 46, 2, 0, 0, 0, 0, 0, 0, 47, 2, 0, 0], [0, 0, 0, 0, 48, 2, 0, 0, 0, 0, 0, 0, 49, 2, 0, 0, 0, 0, 0, 0, 50, 2, 0, 0, 0, 0, 0, 0, 51, 2, 0, 0], [0, 0, 0, 0, 52, 2, 0, 0, 0, 0, 0, 0, 53, 2, 0, 0, 0, 0, 0, 0, 54, 2, 0, 0, 0, 0, 0, 0, 55, 2, 0, 0], [0, 0, 0, 0, 56, 2, 0, 0, 0, 0, 0, 0, 57, 2, 0, 0, 0, 0, 0, 0, 58, 2, 0, 0, 0, 0, 0, 0, 59, 2, 0, 0], [0, 0, 0, 0, 60, 2, 0, 0, 0, 0, 0, 0, 61, 2, 0, 0, 0, 0, 0, 0, 62, 2, 0, 0, 0, 0, 0, 0, 63, 2, 0, 0], [0, 0, 0, 0, 64, 2, 0, 0, 0, 0, 0, 0, 65, 2, 0, 0, 0, 0, 0, 0, 66, 2, 0, 0, 0, 0, 0, 0, 67, 2, 0, 0], [0, 0, 0, 0, 68, 2, 0, 0, 0, 0, 0, 0, 69, 2, 0, 0, 0, 0, 0, 0, 70, 2, 0, 0, 0, 0, 0, 0, 71, 2, 0, 0], [0, 0, 0, 0, 72, 2, 0, 0, 0, 0, 0, 0, 73, 2, 0, 0, 0, 0, 0, 0, 74, 2, 0, 0, 0, 0, 0, 0, 75, 2, 0, 0], [0, 0, 0, 0, 76, 2, 0, 0, 0, 0, 0, 0, 77, 2, 0, 0, 0, 0, 0, 0, 78, 2, 0, 0, 0, 0, 0, 0, 79, 2, 0, 0], [0, 0, 0, 0, 80, 2, 0, 0, 0, 0, 0, 0, 81, 2, 0, 0, 0, 0, 0, 0, 82, 2, 0, 0, 0, 0, 0, 0, 83, 2, 0, 0], [0, 0, 0, 0, 84, 2, 0, 0, 0, 0, 0, 0, 85, 2, 0, 0, 0, 0, 0, 0, 86, 2, 0, 0, 0, 0, 0, 0, 87, 2, 0, 0], [0, 0, 0, 0, 88, 2, 0, 0, 0, 0, 0, 0, 89, 2, 0, 0, 0, 0, 0, 0, 90, 2, 0, 0, 0, 0, 0, 0, 91, 2, 0, 0], [0, 0, 0, 0, 92, 2, 0, 0, 0, 0, 0, 0, 93, 2, 0, 0, 0, 0, 0, 0, 94, 2, 0, 0, 0, 0, 0, 0, 95, 2, 0, 0], [0, 0, 0, 0, 96, 2, 0, 0, 0, 0, 0, 0, 97, 2, 0, 0, 0, 0, 0, 0, 98, 2, 0, 0, 0, 0, 0, 0, 99, 2, 0, 0], [0, 0, 0, 0, 100, 2, 0, 0, 0, 0, 0, 0, 101, 2, 0, 0, 0, 0, 0, 0, 102, 2, 0, 0, 0, 0, 0, 0, 103, 2, 0, 0], [0, 0, 0, 0, 104, 2, 0, 0, 0, 0, 0, 0, 105, 2, 0, 0, 0, 0, 0, 0, 106, 2, 0, 0, 0, 0, 0, 0, 107, 2, 0, 0], [0, 0, 0, 0, 108, 2, 0, 0, 0, 0, 0, 0, 109, 2, 0, 0, 0, 0, 0, 0, 110, 2, 0, 0, 0, 0, 0, 0, 111, 2, 0, 0], [0, 0, 0, 0, 112, 2, 0, 0, 0, 0, 0, 0, 113, 2, 0, 0, 0, 0, 0, 0, 114, 2, 0, 0, 0, 0, 0, 0, 115, 2, 0, 0], [0, 0, 0, 0, 116, 2, 0, 0, 0, 0, 0, 0, 117, 2, 0, 0, 0, 0, 0, 0, 118, 2, 0, 0, 0, 0, 0, 0, 119, 2, 0, 0], [0, 0, 0, 0, 120, 2, 0, 0, 0, 0, 0, 0, 121, 2, 0, 0, 0, 0, 0, 0, 122, 2, 0, 0, 0, 0, 0, 0, 123, 2, 0, 0], [0, 0, 0, 0, 124, 2, 0, 0, 0, 0, 0, 0, 125, 2, 0, 0, 0, 0, 0, 0, 126, 2, 0, 0, 0, 0, 0, 0, 127, 2, 0, 0], [0, 0, 0, 0, 128, 2, 0, 0, 0, 0, 0, 0, 129, 2, 0, 0, 0, 0, 0, 0, 130, 2, 0, 0, 0, 0, 0, 0, 131, 2, 0, 0], [0, 0, 0, 0, 132, 2, 0, 0, 0, 0, 0, 0, 133, 2, 0, 0, 0, 0, 0, 0, 134, 2, 0, 0, 0, 0, 0, 0, 135, 2, 0, 0], [0, 0, 0, 0, 136, 2, 0, 0, 0, 0, 0, 0, 137, 2, 0, 0, 0, 0, 0, 0, 138, 2, 0, 0, 0, 0, 0, 0, 139, 2, 0, 0], [0, 0, 0, 0, 140, 2, 0, 0, 0, 0, 0, 0, 141, 2, 0, 0, 0, 0, 0, 0, 142, 2, 0, 0, 0, 0, 0, 0, 143, 2, 0, 0], [0, 0, 0, 0, 144, 2, 0, 0, 0, 0, 0, 0, 145, 2, 0, 0, 0, 0, 0, 0, 146, 2, 0, 0, 0, 0, 0, 0, 147, 2, 0, 0], [0, 0, 0, 0, 148, 2, 0, 0, 0, 0, 0, 0, 149, 2, 0, 0, 0, 0, 0, 0, 150, 2, 0, 0, 0, 0, 0, 0, 151, 2, 0, 0], [0, 0, 0, 0, 152, 2, 0, 0, 0, 0, 0, 0, 153, 2, 0, 0, 0, 0, 0, 0, 154, 2, 0, 0, 0, 0, 0, 0, 155, 2, 0, 0], [0, 0, 0, 0, 156, 2, 0, 0, 0, 0, 0, 0, 157, 2, 0, 0, 0, 0, 0, 0, 158, 2, 0, 0, 0, 0, 0, 0, 159, 2, 0, 0], [0, 0, 0, 0, 160, 2, 0, 0, 0, 0, 0, 0, 161, 2, 0, 0, 0, 0, 0, 0, 162, 2, 0, 0, 0, 0, 0, 0, 163, 2, 0, 0], [0, 0, 0, 0, 164, 2, 0, 0, 0, 0, 0, 0, 165, 2, 0, 0, 0, 0, 0, 0, 166, 2, 0, 0, 0, 0, 0, 0, 167, 2, 0, 0], [0, 0, 0, 0, 168, 2, 0, 0, 0, 0, 0, 0, 169, 2, 0, 0, 0, 0, 0, 0, 170, 2, 0, 0, 0, 0, 0, 0, 171, 2, 0, 0], [0, 0, 0, 0, 172, 2, 0, 0, 0, 0, 0, 0, 173, 2, 0, 0, 0, 0, 0, 0, 174, 2, 0, 0, 0, 0, 0, 0, 175, 2, 0, 0], [0, 0, 0, 0, 176, 2, 0, 0, 0, 0, 0, 0, 177, 2, 0, 0, 0, 0, 0, 0, 178, 2, 0, 0, 0, 0, 0, 0, 179, 2, 0, 0], [0, 0, 0, 0, 180, 2, 0, 0, 0, 0, 0, 0, 181, 2, 0, 0, 0, 0, 0, 0, 182, 2, 0, 0, 0, 0, 0, 0, 183, 2, 0, 0], [0, 0, 0, 0, 184, 2, 0, 0, 0, 0, 0, 0, 185, 2, 0, 0, 0, 0, 0, 0, 186, 2, 0, 0, 0, 0, 0, 0, 187, 2, 0, 0], [0, 0, 0, 0, 188, 2, 0, 0, 0, 0, 0, 0, 189, 2, 0, 0, 0, 0, 0, 0, 190, 2, 0, 0, 0, 0, 0, 0, 191, 2, 0, 0], [0, 0, 0, 0, 192, 2, 0, 0, 0, 0, 0, 0, 193, 2, 0, 0, 0, 0, 0, 0, 194, 2, 0, 0, 0, 0, 0, 0, 195, 2, 0, 0], [0, 0, 0, 0, 196, 2, 0, 0, 0, 0, 0, 0, 197, 2, 0, 0, 0, 0, 0, 0, 198, 2, 0, 0, 0, 0, 0, 0, 199, 2, 0, 0], [0, 0, 0, 0, 200, 2, 0, 0, 0, 0, 0, 0, 201, 2, 0, 0, 0, 0, 0, 0, 202, 2, 0, 0, 0, 0, 0, 0, 203, 2, 0, 0], [0, 0, 0, 0, 204, 2, 0, 0, 0, 0, 0, 0, 205, 2, 0, 0, 0, 0, 0, 0, 206, 2, 0, 0, 0, 0, 0, 0, 207, 2, 0, 0], [0, 0, 0, 0, 208, 2, 0, 0, 0, 0, 0, 0, 209, 2, 0, 0, 0, 0, 0, 0, 210, 2, 0, 0, 0, 0, 0, 0, 211, 2, 0, 0], [0, 0, 0, 0, 212, 2, 0, 0, 0, 0, 0, 0, 213, 2, 0, 0, 0, 0, 0, 0, 214, 2, 0, 0, 0, 0, 0, 0, 215, 2, 0, 0], [0, 0, 0, 0, 216, 2, 0, 0, 0, 0, 0, 0, 217, 2, 0, 0, 0, 0, 0, 0, 218, 2, 0, 0, 0, 0, 0, 0, 219, 2, 0, 0], [0, 0, 0, 0, 220, 2, 0, 0, 0, 0, 0, 0, 221, 2, 0, 0, 0, 0, 0, 0, 222, 2, 0, 0, 0, 0, 0, 0, 223, 2, 0, 0], [0, 0, 0, 0, 224, 2, 0, 0, 0, 0, 0, 0, 225, 2, 0, 0, 0, 0, 0, 0, 226, 2, 0, 0, 0, 0, 0, 0, 227, 2, 0, 0], [0, 0, 0, 0, 228, 2, 0, 0, 0, 0, 0, 0, 229, 2, 0, 0, 0, 0, 0, 0, 230, 2, 0, 0, 0, 0, 0, 0, 231, 2, 0, 0], [0, 0, 0, 0, 232, 2, 0, 0, 0, 0, 0, 0, 233, 2, 0, 0, 0, 0, 0, 0, 234, 2, 0, 0, 0, 0, 0, 0, 235, 2, 0, 0], [0, 0, 0, 0, 236, 2, 0, 0, 0, 0, 0, 0, 237, 2, 0, 0, 0, 0, 0, 0, 238, 2, 0, 0, 0, 0, 0, 0, 239, 2, 0, 0], [0, 0, 0, 0, 240, 2, 0, 0, 0, 0, 0, 0, 241, 2, 0, 0, 0, 0, 0, 0, 242, 2, 0, 0, 0, 0, 0, 0, 243, 2, 0, 0], [0, 0, 0, 0, 244, 2, 0, 0, 0, 0, 0, 0, 245, 2, 0, 0, 0, 0, 0, 0, 246, 2, 0, 0, 0, 0, 0, 0, 247, 2, 0, 0], [0, 0, 0, 0, 248, 2, 0, 0, 0, 0, 0, 0, 249, 2, 0, 0, 0, 0, 0, 0, 250, 2, 0, 0, 0, 0, 0, 0, 251, 2, 0, 0], [0, 0, 0, 0, 252, 2, 0, 0, 0, 0, 0, 0, 253, 2, 0, 0, 0, 0, 0, 0, 254, 2, 0, 0, 0, 0, 0, 0, 255, 2, 0, 0], [0, 0, 0, 0, 0, 3, 0, 0, 0, 0, 0, 0, 1, 3, 0, 0, 0, 0, 0, 0, 2, 3, 0, 0, 0, 0, 0, 0, 3, 3, 0, 0], [0, 0, 0, 0, 4, 3, 0, 0, 0, 0, 0, 0, 5, 3, 0, 0, 0, 0, 0, 0, 6, 3, 0, 0, 0, 0, 0, 0, 7, 3, 0, 0], [0, 0, 0, 0, 8, 3, 0, 0, 0, 0, 0, 0, 9, 3, 0, 0, 0, 0, 0, 0, 10, 3, 0, 0, 0, 0, 0, 0, 11, 3, 0, 0], [0, 0, 0, 0, 12, 3, 0, 0, 0, 0, 0, 0, 13, 3, 0, 0, 0, 0, 0, 0, 14, 3, 0, 0, 0, 0, 0, 0, 15, 3, 0, 0], [0, 0, 0, 0, 16, 3, 0, 0, 0, 0, 0, 0, 17, 3, 0, 0, 0, 0, 0, 0, 18, 3, 0, 0, 0, 0, 0, 0, 19, 3, 0, 0], [0, 0, 0, 0, 20, 3, 0, 0, 0, 0, 0, 0, 21, 3, 0, 0, 0, 0, 0, 0, 22, 3, 0, 0, 0, 0, 0, 0, 23, 3, 0, 0], [0, 0, 0, 0, 24, 3, 0, 0, 0, 0, 0, 0, 25, 3, 0, 0, 0, 0, 0, 0, 26, 3, 0, 0, 0, 0, 0, 0, 27, 3, 0, 0], [0, 0, 0, 0, 28, 3, 0, 0, 0, 0, 0, 0, 29, 3, 0, 0, 0, 0, 0, 0, 30, 3, 0, 0, 0, 0, 0, 0, 31, 3, 0, 0], [0, 0, 0, 0, 32, 3, 0, 0, 0, 0, 0, 0, 33, 3, 0, 0, 0, 0, 0, 0, 34, 3, 0, 0, 0, 0, 0, 0, 35, 3, 0, 0], [0, 0, 0, 0, 36, 3, 0, 0, 0, 0, 0, 0, 37, 3, 0, 0, 0, 0, 0, 0, 38, 3, 0, 0, 0, 0, 0, 0, 39, 3, 0, 0], [0, 0, 0, 0, 40, 3, 0, 0, 0, 0, 0, 0, 41, 3, 0, 0, 0, 0, 0, 0, 42, 3, 0, 0, 0, 0, 0, 0, 43, 3, 0, 0], [0, 0, 0, 0, 44, 3, 0, 0, 0, 0, 0, 0, 45, 3, 0, 0, 0, 0, 0, 0, 46, 3, 0, 0, 0, 0, 0, 0, 47, 3, 0, 0], [0, 0, 0, 0, 48, 3, 0, 0, 0, 0, 0, 0, 49, 3, 0, 0, 0, 0, 0, 0, 50, 3, 0, 0, 0, 0, 0, 0, 51, 3, 0, 0], [0, 0, 0, 0, 52, 3, 0, 0, 0, 0, 0, 0, 53, 3, 0, 0, 0, 0, 0, 0, 54, 3, 0, 0, 0, 0, 0, 0, 55, 3, 0, 0], [0, 0, 0, 0, 56, 3, 0, 0, 0, 0, 0, 0, 57, 3, 0, 0, 0, 0, 0, 0, 58, 3, 0, 0, 0, 0, 0, 0, 59, 3, 0, 0], [0, 0, 0, 0, 60, 3, 0, 0, 0, 0, 0, 0, 61, 3, 0, 0, 0, 0, 0, 0, 62, 3, 0, 0, 0, 0, 0, 0, 63, 3, 0, 0], [0, 0, 0, 0, 64, 3, 0, 0, 0, 0, 0, 0, 65, 3, 0, 0, 0, 0, 0, 0, 66, 3, 0, 0, 0, 0, 0, 0, 67, 3, 0, 0], [0, 0, 0, 0, 68, 3, 0, 0, 0, 0, 0, 0, 69, 3, 0, 0, 0, 0, 0, 0, 70, 3, 0, 0, 0, 0, 0, 0, 71, 3, 0, 0], [0, 0, 0, 0, 72, 3, 0, 0, 0, 0, 0, 0, 73, 3, 0, 0, 0, 0, 0, 0, 74, 3, 0, 0, 0, 0, 0, 0, 75, 3, 0, 0], [0, 0, 0, 0, 76, 3, 0, 0, 0, 0, 0, 0, 77, 3, 0, 0, 0, 0, 0, 0, 78, 3, 0, 0, 0, 0, 0, 0, 79, 3, 0, 0], [0, 0, 0, 0, 80, 3, 0, 0, 0, 0, 0, 0, 81, 3, 0, 0, 0, 0, 0, 0, 82, 3, 0, 0, 0, 0, 0, 0, 83, 3, 0, 0], [0, 0, 0, 0, 84, 3, 0, 0, 0, 0, 0, 0, 85, 3, 0, 0, 0, 0, 0, 0, 86, 3, 0, 0, 0, 0, 0, 0, 87, 3, 0, 0], [0, 0, 0, 0, 88, 3, 0, 0, 0, 0, 0, 0, 89, 3, 0, 0, 0, 0, 0, 0, 90, 3, 0, 0, 0, 0, 0, 0, 91, 3, 0, 0], [0, 0, 0, 0, 92, 3, 0, 0, 0, 0, 0, 0, 93, 3, 0, 0, 0, 0, 0, 0, 94, 3, 0, 0, 0, 0, 0, 0, 95, 3, 0, 0], [0, 0, 0, 0, 96, 3, 0, 0, 0, 0, 0, 0, 97, 3, 0, 0, 0, 0, 0, 0, 98, 3, 0, 0, 0, 0, 0, 0, 99, 3, 0, 0], [0, 0, 0, 0, 100, 3, 0, 0, 0, 0, 0, 0, 101, 3, 0, 0, 0, 0, 0, 0, 102, 3, 0, 0, 0, 0, 0, 0, 103, 3, 0, 0], [0, 0, 0, 0, 104, 3, 0, 0, 0, 0, 0, 0, 105, 3, 0, 0, 0, 0, 0, 0, 106, 3, 0, 0, 0, 0, 0, 0, 107, 3, 0, 0], [0, 0, 0, 0, 108, 3, 0, 0, 0, 0, 0, 0, 109, 3, 0, 0, 0, 0, 0, 0, 110, 3, 0, 0, 0, 0, 0, 0, 111, 3, 0, 0], [0, 0, 0, 0, 112, 3, 0, 0, 0, 0, 0, 0, 113, 3, 0, 0, 0, 0, 0, 0, 114, 3, 0, 0, 0, 0, 0, 0, 115, 3, 0, 0], [0, 0, 0, 0, 116, 3, 0, 0, 0, 0, 0, 0, 117, 3, 0, 0, 0, 0, 0, 0, 118, 3, 0, 0, 0, 0, 0, 0, 119, 3, 0, 0], [0, 0, 0, 0, 120, 3, 0, 0, 0, 0, 0, 0, 121, 3, 0, 0, 0, 0, 0, 0, 122, 3, 0, 0, 0, 0, 0, 0, 123, 3, 0, 0], [0, 0, 0, 0, 124, 3, 0, 0, 0, 0, 0, 0, 125, 3, 0, 0, 0, 0, 0, 0, 126, 3, 0, 0, 0, 0, 0, 0, 127, 3, 0, 0], [0, 0, 0, 0, 128, 3, 0, 0, 0, 0, 0, 0, 129, 3, 0, 0, 0, 0, 0, 0, 130, 3, 0, 0, 0, 0, 0, 0, 131, 3, 0, 0], [0, 0, 0, 0, 132, 3, 0, 0, 0, 0, 0, 0, 133, 3, 0, 0, 0, 0, 0, 0, 134, 3, 0, 0, 0, 0, 0, 0, 135, 3, 0, 0], [0, 0, 0, 0, 136, 3, 0, 0, 0, 0, 0, 0, 137, 3, 0, 0, 0, 0, 0, 0, 138, 3, 0, 0, 0, 0, 0, 0, 139, 3, 0, 0], [0, 0, 0, 0, 140, 3, 0, 0, 0, 0, 0, 0, 141, 3, 0, 0, 0, 0, 0, 0, 142, 3, 0, 0, 0, 0, 0, 0, 143, 3, 0, 0], [0, 0, 0, 0, 144, 3, 0, 0, 0, 0, 0, 0, 145, 3, 0, 0, 0, 0, 0, 0, 146, 3, 0, 0, 0, 0, 0, 0, 147, 3, 0, 0], [0, 0, 0, 0, 148, 3, 0, 0, 0, 0, 0, 0, 149, 3, 0, 0, 0, 0, 0, 0, 150, 3, 0, 0, 0, 0, 0, 0, 151, 3, 0, 0], [0, 0, 0, 0, 152, 3, 0, 0, 0, 0, 0, 0, 153, 3, 0, 0, 0, 0, 0, 0, 154, 3, 0, 0, 0, 0, 0, 0, 155, 3, 0, 0], [0, 0, 0, 0, 156, 3, 0, 0, 0, 0, 0, 0, 157, 3, 0, 0, 0, 0, 0, 0, 158, 3, 0, 0, 0, 0, 0, 0, 159, 3, 0, 0], [0, 0, 0, 0, 160, 3, 0, 0, 0, 0, 0, 0, 161, 3, 0, 0, 0, 0, 0, 0, 162, 3, 0, 0, 0, 0, 0, 0, 163, 3, 0, 0], [0, 0, 0, 0, 164, 3, 0, 0, 0, 0, 0, 0, 165, 3, 0, 0, 0, 0, 0, 0, 166, 3, 0, 0, 0, 0, 0, 0, 167, 3, 0, 0], [0, 0, 0, 0, 168, 3, 0, 0, 0, 0, 0, 0, 169, 3, 0, 0, 0, 0, 0, 0, 170, 3, 0, 0, 0, 0, 0, 0, 171, 3, 0, 0], [0, 0, 0, 0, 172, 3, 0, 0, 0, 0, 0, 0, 173, 3, 0, 0, 0, 0, 0, 0, 174, 3, 0, 0, 0, 0, 0, 0, 175, 3, 0, 0], [0, 0, 0, 0, 176, 3, 0, 0, 0, 0, 0, 0, 177, 3, 0, 0, 0, 0, 0, 0, 178, 3, 0, 0, 0, 0, 0, 0, 179, 3, 0, 0], [0, 0, 0, 0, 180, 3, 0, 0, 0, 0, 0, 0, 181, 3, 0, 0, 0, 0, 0, 0, 182, 3, 0, 0, 0, 0, 0, 0, 183, 3, 0, 0], [0, 0, 0, 0, 184, 3, 0, 0, 0, 0, 0, 0, 185, 3, 0, 0, 0, 0, 0, 0, 186, 3, 0, 0, 0, 0, 0, 0, 187, 3, 0, 0], [0, 0, 0, 0, 188, 3, 0, 0, 0, 0, 0, 0, 189, 3, 0, 0, 0, 0, 0, 0, 190, 3, 0, 0, 0, 0, 0, 0, 191, 3, 0, 0], [0, 0, 0, 0, 192, 3, 0, 0, 0, 0, 0, 0, 193, 3, 0, 0, 0, 0, 0, 0, 194, 3, 0, 0, 0, 0, 0, 0, 195, 3, 0, 0], [0, 0, 0, 0, 196, 3, 0, 0, 0, 0, 0, 0, 197, 3, 0, 0, 0, 0, 0, 0, 198, 3, 0, 0, 0, 0, 0, 0, 199, 3, 0, 0], [0, 0, 0, 0, 200, 3, 0, 0, 0, 0, 0, 0, 201, 3, 0, 0, 0, 0, 0, 0, 202, 3, 0, 0, 0, 0, 0, 0, 203, 3, 0, 0], [0, 0, 0, 0, 204, 3, 0, 0, 0, 0, 0, 0, 205, 3, 0, 0, 0, 0, 0, 0, 206, 3, 0, 0, 0, 0, 0, 0, 207, 3, 0, 0], [0, 0, 0, 0, 208, 3, 0, 0, 0, 0, 0, 0, 209, 3, 0, 0, 0, 0, 0, 0, 210, 3, 0, 0, 0, 0, 0, 0, 211, 3, 0, 0], [0, 0, 0, 0, 212, 3, 0, 0, 0, 0, 0, 0, 213, 3, 0, 0, 0, 0, 0, 0, 214, 3, 0, 0, 0, 0, 0, 0, 215, 3, 0, 0], [0, 0, 0, 0, 216, 3, 0, 0, 0, 0, 0, 0, 217, 3, 0, 0, 0, 0, 0, 0, 218, 3, 0, 0, 0, 0, 0, 0, 219, 3, 0, 0], [0, 0, 0, 0, 220, 3, 0, 0, 0, 0, 0, 0, 221, 3, 0, 0, 0, 0, 0, 0, 222, 3, 0, 0, 0, 0, 0, 0, 223, 3, 0, 0], [0, 0, 0, 0, 224, 3, 0, 0, 0, 0, 0, 0, 225, 3, 0, 0, 0, 0, 0, 0, 226, 3, 0, 0, 0, 0, 0, 0, 227, 3, 0, 0], [0, 0, 0, 0, 228, 3, 0, 0, 0, 0, 0, 0, 229, 3, 0, 0, 0, 0, 0, 0, 230, 3, 0, 0, 0, 0, 0, 0, 231, 3, 0, 0], [0, 0, 0, 0, 232, 3, 0, 0, 0, 0, 0, 0, 233, 3, 0, 0, 0, 0, 0, 0, 234, 3, 0, 0, 0, 0, 0, 0, 235, 3, 0, 0], [0, 0, 0, 0, 236, 3, 0, 0, 0, 0, 0, 0, 237, 3, 0, 0, 0, 0, 0, 0, 238, 3, 0, 0, 0, 0, 0, 0, 239, 3, 0, 0], [0, 0, 0, 0, 240, 3, 0, 0, 0, 0, 0, 0, 241, 3, 0, 0, 0, 0, 0, 0, 242, 3, 0, 0, 0, 0, 0, 0, 243, 3, 0, 0], [0, 0, 0, 0, 244, 3, 0, 0, 0, 0, 0, 0, 245, 3, 0, 0, 0, 0, 0, 0, 246, 3, 0, 0, 0, 0, 0, 0, 247, 3, 0, 0], [0, 0, 0, 0, 248, 3, 0, 0, 0, 0, 0, 0, 249, 3, 0, 0, 0, 0, 0, 0, 250, 3, 0, 0, 0, 0, 0, 0, 251, 3, 0, 0], [0, 0, 0, 0, 252, 3, 0, 0, 0, 0, 0, 0, 253, 3, 0, 0, 0, 0, 0, 0, 254, 3, 0, 0, 0, 0, 0, 0, 255, 3, 0, 0], [0, 0, 0, 0, 0, 4, 0, 0, 0, 0, 0, 0, 1, 4, 0, 0, 0, 0, 0, 0, 2, 4, 0, 0, 0, 0, 0, 0, 3, 4, 0, 0], [0, 0, 0, 0, 4, 4, 0, 0, 0, 0, 0, 0, 5, 4, 0, 0, 0, 0, 0, 0, 6, 4, 0, 0, 0, 0, 0, 0, 7, 4, 0, 0], [0, 0, 0, 0, 8, 4, 0, 0, 0, 0, 0, 0, 9, 4, 0, 0, 0, 0, 0, 0, 10, 4, 0, 0, 0, 0, 0, 0, 11, 4, 0, 0], [0, 0, 0, 0, 12, 4, 0, 0, 0, 0, 0, 0, 13, 4, 0, 0, 0, 0, 0, 0, 14, 4, 0, 0, 0, 0, 0, 0, 15, 4, 0, 0], [0, 0, 0, 0, 16, 4, 0, 0, 0, 0, 0, 0, 17, 4, 0, 0, 0, 0, 0, 0, 18, 4, 0, 0, 0, 0, 0, 0, 19, 4, 0, 0], [0, 0, 0, 0, 20, 4, 0, 0, 0, 0, 0, 0, 21, 4, 0, 0, 0, 0, 0, 0, 22, 4, 0, 0, 0, 0, 0, 0, 23, 4, 0, 0], [0, 0, 0, 0, 24, 4, 0, 0, 0, 0, 0, 0, 25, 4, 0, 0, 0, 0, 0, 0, 26, 4, 0, 0, 0, 0, 0, 0, 27, 4, 0, 0], [0, 0, 0, 0, 28, 4, 0, 0, 0, 0, 0, 0, 29, 4, 0, 0, 0, 0, 0, 0, 30, 4, 0, 0, 0, 0, 0, 0, 31, 4, 0, 0], [0, 0, 0, 0, 32, 4, 0, 0, 0, 0, 0, 0, 33, 4, 0, 0, 0, 0, 0, 0, 34, 4, 0, 0, 0, 0, 0, 0, 35, 4, 0, 0], [0, 0, 0, 0, 36, 4, 0, 0, 0, 0, 0, 0, 37, 4, 0, 0, 0, 0, 0, 0, 38, 4, 0, 0, 0, 0, 0, 0, 39, 4, 0, 0], [0, 0, 0, 0, 40, 4, 0, 0, 0, 0, 0, 0, 41, 4, 0, 0, 0, 0, 0, 0, 42, 4, 0, 0, 0, 0, 0, 0, 43, 4, 0, 0], [0, 0, 0, 0, 44, 4, 0, 0, 0, 0, 0, 0, 45, 4, 0, 0, 0, 0, 0, 0, 46, 4, 0, 0, 0, 0, 0, 0, 47, 4, 0, 0], [0, 0, 0, 0, 48, 4, 0, 0, 0, 0, 0, 0, 49, 4, 0, 0, 0, 0, 0, 0, 50, 4, 0, 0, 0, 0, 0, 0, 51, 4, 0, 0], [0, 0, 0, 0, 52, 4, 0, 0, 0, 0, 0, 0, 53, 4, 0, 0, 0, 0, 0, 0, 54, 4, 0, 0, 0, 0, 0, 0, 55, 4, 0, 0], [0, 0, 0, 0, 56, 4, 0, 0, 0, 0, 0, 0, 57, 4, 0, 0, 0, 0, 0, 0, 58, 4, 0, 0, 0, 0, 0, 0, 59, 4, 0, 0], [0, 0, 0, 0, 60, 4, 0, 0, 0, 0, 0, 0, 61, 4, 0, 0, 0, 0, 0, 0, 62, 4, 0, 0, 0, 0, 0, 0, 63, 4, 0, 0], [0, 0, 0, 0, 64, 4, 0, 0, 0, 0, 0, 0, 65, 4, 0, 0, 0, 0, 0, 0, 66, 4, 0, 0, 0, 0, 0, 0, 67, 4, 0, 0], [0, 0, 0, 0, 68, 4, 0, 0, 0, 0, 0, 0, 69, 4, 0, 0, 0, 0, 0, 0, 70, 4, 0, 0, 0, 0, 0, 0, 71, 4, 0, 0], [0, 0, 0, 0, 72, 4, 0, 0, 0, 0, 0, 0, 73, 4, 0, 0, 0, 0, 0, 0, 74, 4, 0, 0, 0, 0, 0, 0, 75, 4, 0, 0], [0, 0, 0, 0, 76, 4, 0, 0, 0, 0, 0, 0, 77, 4, 0, 0, 0, 0, 0, 0, 78, 4, 0, 0, 0, 0, 0, 0, 79, 4, 0, 0], [0, 0, 0, 0, 80, 4, 0, 0, 0, 0, 0, 0, 81, 4, 0, 0, 0, 0, 0, 0, 82, 4, 0, 0, 0, 0, 0, 0, 83, 4, 0, 0], [0, 0, 0, 0, 84, 4, 0, 0, 0, 0, 0, 0, 85, 4, 0, 0, 0, 0, 0, 0, 86, 4, 0, 0, 0, 0, 0, 0, 87, 4, 0, 0], [0, 0, 0, 0, 88, 4, 0, 0, 0, 0, 0, 0, 89, 4, 0, 0, 0, 0, 0, 0, 90, 4, 0, 0, 0, 0, 0, 0, 91, 4, 0, 0], [0, 0, 0, 0, 92, 4, 0, 0, 0, 0, 0, 0, 93, 4, 0, 0, 0, 0, 0, 0, 94, 4, 0, 0, 0, 0, 0, 0, 95, 4, 0, 0], [0, 0, 0, 0, 96, 4, 0, 0, 0, 0, 0, 0, 97, 4, 0, 0, 0, 0, 0, 0, 98, 4, 0, 0, 0, 0, 0, 0, 99, 4, 0, 0], [0, 0, 0, 0, 100, 4, 0, 0, 0, 0, 0, 0, 101, 4, 0, 0, 0, 0, 0, 0, 102, 4, 0, 0, 0, 0, 0, 0, 103, 4, 0, 0], [0, 0, 0, 0, 104, 4, 0, 0, 0, 0, 0, 0, 105, 4, 0, 0, 0, 0, 0, 0, 106, 4, 0, 0, 0, 0, 0, 0, 107, 4, 0, 0], [0, 0, 0, 0, 108, 4, 0, 0, 0, 0, 0, 0, 109, 4, 0, 0, 0, 0, 0, 0, 110, 4, 0, 0, 0, 0, 0, 0, 111, 4, 0, 0], [0, 0, 0, 0, 112, 4, 0, 0, 0, 0, 0, 0, 113, 4, 0, 0, 0, 0, 0, 0, 114, 4, 0, 0, 0, 0, 0, 0, 115, 4, 0, 0], [0, 0, 0, 0, 116, 4, 0, 0, 0, 0, 0, 0, 117, 4, 0, 0, 0, 0, 0, 0, 118, 4, 0, 0, 0, 0, 0, 0, 119, 4, 0, 0], [0, 0, 0, 0, 120, 4, 0, 0, 0, 0, 0, 0, 121, 4, 0, 0, 0, 0, 0, 0, 122, 4, 0, 0, 0, 0, 0, 0, 123, 4, 0, 0], [0, 0, 0, 0, 124, 4, 0, 0, 0, 0, 0, 0, 125, 4, 0, 0, 0, 0, 0, 0, 126, 4, 0, 0, 0, 0, 0, 0, 127, 4, 0, 0], [0, 0, 0, 0, 128, 4, 0, 0, 0, 0, 0, 0, 129, 4, 0, 0, 0, 0, 0, 0, 130, 4, 0, 0, 0, 0, 0, 0, 131, 4, 0, 0], [0, 0, 0, 0, 132, 4, 0, 0, 0, 0, 0, 0, 133, 4, 0, 0, 0, 0, 0, 0, 134, 4, 0, 0, 0, 0, 0, 0, 135, 4, 0, 0], [0, 0, 0, 0, 136, 4, 0, 0, 0, 0, 0, 0, 137, 4, 0, 0, 0, 0, 0, 0, 138, 4, 0, 0, 0, 0, 0, 0, 139, 4, 0, 0], [0, 0, 0, 0, 140, 4, 0, 0, 0, 0, 0, 0, 141, 4, 0, 0, 0, 0, 0, 0, 142, 4, 0, 0, 0, 0, 0, 0, 143, 4, 0, 0], [0, 0, 0, 0, 144, 4, 0, 0, 0, 0, 0, 0, 145, 4, 0, 0, 0, 0, 0, 0, 146, 4, 0, 0, 0, 0, 0, 0, 147, 4, 0, 0], [0, 0, 0, 0, 148, 4, 0, 0, 0, 0, 0, 0, 149, 4, 0, 0, 0, 0, 0, 0, 150, 4, 0, 0, 0, 0, 0, 0, 151, 4, 0, 0], [0, 0, 0, 0, 152, 4, 0, 0, 0, 0, 0, 0, 153, 4, 0, 0, 0, 0, 0, 0, 154, 4, 0, 0, 0, 0, 0, 0, 155, 4, 0, 0], [0, 0, 0, 0, 156, 4, 0, 0, 0, 0, 0, 0, 157, 4, 0, 0, 0, 0, 0, 0, 158, 4, 0, 0, 0, 0, 0, 0, 159, 4, 0, 0], [0, 0, 0, 0, 160, 4, 0, 0, 0, 0, 0, 0, 161, 4, 0, 0, 0, 0, 0, 0, 162, 4, 0, 0, 0, 0, 0, 0, 163, 4, 0, 0], [0, 0, 0, 0, 164, 4, 0, 0, 0, 0, 0, 0, 165, 4, 0, 0, 0, 0, 0, 0, 166, 4, 0, 0, 0, 0, 0, 0, 167, 4, 0, 0], [0, 0, 0, 0, 168, 4, 0, 0, 0, 0, 0, 0, 169, 4, 0, 0, 0, 0, 0, 0, 170, 4, 0, 0, 0, 0, 0, 0, 171, 4, 0, 0], [0, 0, 0, 0, 172, 4, 0, 0, 0, 0, 0, 0, 173, 4, 0, 0, 0, 0, 0, 0, 174, 4, 0, 0, 0, 0, 0, 0, 175, 4, 0, 0], [0, 0, 0, 0, 176, 4, 0, 0, 0, 0, 0, 0, 177, 4, 0, 0, 0, 0, 0, 0, 178, 4, 0, 0, 0, 0, 0, 0, 179, 4, 0, 0], [0, 0, 0, 0, 180, 4, 0, 0, 0, 0, 0, 0, 181, 4, 0, 0, 0, 0, 0, 0, 182, 4, 0, 0, 0, 0, 0, 0, 183, 4, 0, 0], [0, 0, 0, 0, 184, 4, 0, 0, 0, 0, 0, 0, 185, 4, 0, 0, 0, 0, 0, 0, 186, 4, 0, 0, 0, 0, 0, 0, 187, 4, 0, 0], [0, 0, 0, 0, 188, 4, 0, 0, 0, 0, 0, 0, 189, 4, 0, 0, 0, 0, 0, 0, 190, 4, 0, 0, 0, 0, 0, 0, 191, 4, 0, 0], [0, 0, 0, 0, 192, 4, 0, 0, 0, 0, 0, 0, 193, 4, 0, 0, 0, 0, 0, 0, 194, 4, 0, 0, 0, 0, 0, 0, 195, 4, 0, 0], [0, 0, 0, 0, 196, 4, 0, 0, 0, 0, 0, 0, 197, 4, 0, 0, 0, 0, 0, 0, 198, 4, 0, 0, 0, 0, 0, 0, 199, 4, 0, 0], [0, 0, 0, 0, 200, 4, 0, 0, 0, 0, 0, 0, 201, 4, 0, 0, 0, 0, 0, 0, 202, 4, 0, 0, 0, 0, 0, 0, 203, 4, 0, 0], [0, 0, 0, 0, 204, 4, 0, 0, 0, 0, 0, 0, 205, 4, 0, 0, 0, 0, 0, 0, 206, 4, 0, 0, 0, 0, 0, 0, 207, 4, 0, 0], [0, 0, 0, 0, 208, 4, 0, 0, 0, 0, 0, 0, 209, 4, 0, 0, 0, 0, 0, 0, 210, 4, 0, 0, 0, 0, 0, 0, 211, 4, 0, 0], [0, 0, 0, 0, 212, 4, 0, 0, 0, 0, 0, 0, 213, 4, 0, 0, 0, 0, 0, 0, 214, 4, 0, 0, 0, 0, 0, 0, 215, 4, 0, 0], [0, 0, 0, 0, 216, 4, 0, 0, 0, 0, 0, 0, 217, 4, 0, 0, 0, 0, 0, 0, 218, 4, 0, 0, 0, 0, 0, 0, 219, 4, 0, 0], [0, 0, 0, 0, 220, 4, 0, 0, 0, 0, 0, 0, 221, 4, 0, 0, 0, 0, 0, 0, 222, 4, 0, 0, 0, 0, 0, 0, 223, 4, 0, 0], [0, 0, 0, 0, 224, 4, 0, 0, 0, 0, 0, 0, 225, 4, 0, 0, 0, 0, 0, 0, 226, 4, 0, 0, 0, 0, 0, 0, 227, 4, 0, 0], [0, 0, 0, 0, 228, 4, 0, 0, 0, 0, 0, 0, 229, 4, 0, 0, 0, 0, 0, 0, 230, 4, 0, 0, 0, 0, 0, 0, 231, 4, 0, 0], [0, 0, 0, 0, 232, 4, 0, 0, 0, 0, 0, 0, 233, 4, 0, 0, 0, 0, 0, 0, 234, 4, 0, 0, 0, 0, 0, 0, 235, 4, 0, 0], [0, 0, 0, 0, 236, 4, 0, 0, 0, 0, 0, 0, 237, 4, 0, 0, 0, 0, 0, 0, 238, 4, 0, 0, 0, 0, 0, 0, 239, 4, 0, 0], [0, 0, 0, 0, 240, 4, 0, 0, 0, 0, 0, 0, 241, 4, 0, 0, 0, 0, 0, 0, 242, 4, 0, 0, 0, 0, 0, 0, 243, 4, 0, 0], [0, 0, 0, 0, 244, 4, 0, 0, 0, 0, 0, 0, 245, 4, 0, 0, 0, 0, 0, 0, 246, 4, 0, 0, 0, 0, 0, 0, 247, 4, 0, 0], [0, 0, 0, 0, 248, 4, 0, 0, 0, 0, 0, 0, 249, 4, 0, 0, 0, 0, 0, 0, 250, 4, 0, 0, 0, 0, 0, 0, 251, 4, 0, 0], [0, 0, 0, 0, 252, 4, 0, 0, 0, 0, 0, 0, 253, 4, 0, 0, 0, 0, 0, 0, 254, 4, 0, 0, 0, 0, 0, 0, 255, 4, 0, 0], [0, 0, 0, 0, 0, 5, 0, 0, 0, 0, 0, 0, 1, 5, 0, 0, 0, 0, 0, 0, 2, 5, 0, 0, 0, 0, 0, 0, 3, 5, 0, 0], [0, 0, 0, 0, 4, 5, 0, 0, 0, 0, 0, 0, 5, 5, 0, 0, 0, 0, 0, 0, 6, 5, 0, 0, 0, 0, 0, 0, 7, 5, 0, 0], [0, 0, 0, 0, 8, 5, 0, 0, 0, 0, 0, 0, 9, 5, 0, 0, 0, 0, 0, 0, 10, 5, 0, 0, 0, 0, 0, 0, 11, 5, 0, 0], [0, 0, 0, 0, 12, 5, 0, 0, 0, 0, 0, 0, 13, 5, 0, 0, 0, 0, 0, 0, 14, 5, 0, 0, 0, 0, 0, 0, 15, 5, 0, 0], [0, 0, 0, 0, 16, 5, 0, 0, 0, 0, 0, 0, 17, 5, 0, 0, 0, 0, 0, 0, 18, 5, 0, 0, 0, 0, 0, 0, 19, 5, 0, 0], [0, 0, 0, 0, 20, 5, 0, 0, 0, 0, 0, 0, 21, 5, 0, 0, 0, 0, 0, 0, 22, 5, 0, 0, 0, 0, 0, 0, 23, 5, 0, 0], [0, 0, 0, 0, 24, 5, 0, 0, 0, 0, 0, 0, 25, 5, 0, 0, 0, 0, 0, 0, 26, 5, 0, 0, 0, 0, 0, 0, 27, 5, 0, 0], [0, 0, 0, 0, 28, 5, 0, 0, 0, 0, 0, 0, 29, 5, 0, 0, 0, 0, 0, 0, 30, 5, 0, 0, 0, 0, 0, 0, 31, 5, 0, 0], [0, 0, 0, 0, 32, 5, 0, 0, 0, 0, 0, 0, 33, 5, 0, 0, 0, 0, 0, 0, 34, 5, 0, 0, 0, 0, 0, 0, 35, 5, 0, 0], [0, 0, 0, 0, 36, 5, 0, 0, 0, 0, 0, 0, 37, 5, 0, 0, 0, 0, 0, 0, 38, 5, 0, 0, 0, 0, 0, 0, 39, 5, 0, 0], [0, 0, 0, 0, 40, 5, 0, 0, 0, 0, 0, 0, 41, 5, 0, 0, 0, 0, 0, 0, 42, 5, 0, 0, 0, 0, 0, 0, 43, 5, 0, 0], [0, 0, 0, 0, 44, 5, 0, 0, 0, 0, 0, 0, 45, 5, 0, 0, 0, 0, 0, 0, 46, 5, 0, 0, 0, 0, 0, 0, 47, 5, 0, 0], [0, 0, 0, 0, 48, 5, 0, 0, 0, 0, 0, 0, 49, 5, 0, 0, 0, 0, 0, 0, 50, 5, 0, 0, 0, 0, 0, 0, 51, 5, 0, 0], [0, 0, 0, 0, 52, 5, 0, 0, 0, 0, 0, 0, 53, 5, 0, 0, 0, 0, 0, 0, 54, 5, 0, 0, 0, 0, 0, 0, 55, 5, 0, 0], [0, 0, 0, 0, 56, 5, 0, 0, 0, 0, 0, 0, 57, 5, 0, 0, 0, 0, 0, 0, 58, 5, 0, 0, 0, 0, 0, 0, 59, 5, 0, 0], [0, 0, 0, 0, 60, 5, 0, 0, 0, 0, 0, 0, 61, 5, 0, 0, 0, 0, 0, 0, 62, 5, 0, 0, 0, 0, 0, 0, 63, 5, 0, 0], [0, 0, 0, 0, 64, 5, 0, 0, 0, 0, 0, 0, 65, 5, 0, 0, 0, 0, 0, 0, 66, 5, 0, 0, 0, 0, 0, 0, 67, 5, 0, 0], [0, 0, 0, 0, 68, 5, 0, 0, 0, 0, 0, 0, 69, 5, 0, 0, 0, 0, 0, 0, 70, 5, 0, 0, 0, 0, 0, 0, 71, 5, 0, 0], [0, 0, 0, 0, 72, 5, 0, 0, 0, 0, 0, 0, 73, 5, 0, 0, 0, 0, 0, 0, 74, 5, 0, 0, 0, 0, 0, 0, 75, 5, 0, 0], [0, 0, 0, 0, 76, 5, 0, 0, 0, 0, 0, 0, 77, 5, 0, 0, 0, 0, 0, 0, 78, 5, 0, 0, 0, 0, 0, 0, 79, 5, 0, 0], [0, 0, 0, 0, 80, 5, 0, 0, 0, 0, 0, 0, 81, 5, 0, 0, 0, 0, 0, 0, 82, 5, 0, 0, 0, 0, 0, 0, 83, 5, 0, 0], [0, 0, 0, 0, 84, 5, 0, 0, 0, 0, 0, 0, 85, 5, 0, 0, 0, 0, 0, 0, 86, 5, 0, 0, 0, 0, 0, 0, 87, 5, 0, 0], [0, 0, 0, 0, 88, 5, 0, 0, 0, 0, 0, 0, 89, 5, 0, 0, 0, 0, 0, 0, 90, 5, 0, 0, 0, 0, 0, 0, 91, 5, 0, 0], [0, 0, 0, 0, 92, 5, 0, 0, 0, 0, 0, 0, 93, 5, 0, 0, 0, 0, 0, 0, 94, 5, 0, 0, 0, 0, 0, 0, 95, 5, 0, 0], [0, 0, 0, 0, 96, 5, 0, 0, 0, 0, 0, 0, 97, 5, 0, 0, 0, 0, 0, 0, 98, 5, 0, 0, 0, 0, 0, 0, 99, 5, 0, 0], [0, 0, 0, 0, 100, 5, 0, 0, 0, 0, 0, 0, 101, 5, 0, 0, 0, 0, 0, 0, 102, 5, 0, 0, 0, 0, 0, 0, 103, 5, 0, 0], [0, 0, 0, 0, 104, 5, 0, 0, 0, 0, 0, 0, 105, 5, 0, 0, 0, 0, 0, 0, 106, 5, 0, 0, 0, 0, 0, 0, 107, 5, 0, 0], [0, 0, 0, 0, 108, 5, 0, 0, 0, 0, 0, 0, 109, 5, 0, 0, 0, 0, 0, 0, 110, 5, 0, 0, 0, 0, 0, 0, 111, 5, 0, 0], [0, 0, 0, 0, 112, 5, 0, 0, 0, 0, 0, 0, 113, 5, 0, 0, 0, 0, 0, 0, 114, 5, 0, 0, 0, 0, 0, 0, 115, 5, 0, 0], [0, 0, 0, 0, 116, 5, 0, 0, 0, 0, 0, 0, 117, 5, 0, 0, 0, 0, 0, 0, 118, 5, 0, 0, 0, 0, 0, 0, 119, 5, 0, 0], [0, 0, 0, 0, 120, 5, 0, 0, 0, 0, 0, 0, 121, 5, 0, 0, 0, 0, 0, 0, 122, 5, 0, 0, 0, 0, 0, 0, 123, 5, 0, 0], [0, 0, 0, 0, 124, 5, 0, 0, 0, 0, 0, 0, 125, 5, 0, 0, 0, 0, 0, 0, 126, 5, 0, 0, 0, 0, 0, 0, 127, 5, 0, 0], [0, 0, 0, 0, 128, 5, 0, 0, 0, 0, 0, 0, 129, 5, 0, 0, 0, 0, 0, 0, 130, 5, 0, 0, 0, 0, 0, 0, 131, 5, 0, 0], [0, 0, 0, 0, 132, 5, 0, 0, 0, 0, 0, 0, 133, 5, 0, 0, 0, 0, 0, 0, 134, 5, 0, 0, 0, 0, 0, 0, 135, 5, 0, 0], [0, 0, 0, 0, 136, 5, 0, 0, 0, 0, 0, 0, 137, 5, 0, 0, 0, 0, 0, 0, 138, 5, 0, 0, 0, 0, 0, 0, 139, 5, 0, 0], [0, 0, 0, 0, 140, 5, 0, 0, 0, 0, 0, 0, 141, 5, 0, 0, 0, 0, 0, 0, 142, 5, 0, 0, 0, 0, 0, 0, 143, 5, 0, 0], [0, 0, 0, 0, 144, 5, 0, 0, 0, 0, 0, 0, 145, 5, 0, 0, 0, 0, 0, 0, 146, 5, 0, 0, 0, 0, 0, 0, 147, 5, 0, 0], [0, 0, 0, 0, 148, 5, 0, 0, 0, 0, 0, 0, 149, 5, 0, 0, 0, 0, 0, 0, 150, 5, 0, 0, 0, 0, 0, 0, 151, 5, 0, 0], [0, 0, 0, 0, 152, 5, 0, 0, 0, 0, 0, 0, 153, 5, 0, 0, 0, 0, 0, 0, 154, 5, 0, 0, 0, 0, 0, 0, 155, 5, 0, 0], [0, 0, 0, 0, 156, 5, 0, 0, 0, 0, 0, 0, 157, 5, 0, 0, 0, 0, 0, 0, 158, 5, 0, 0, 0, 0, 0, 0, 159, 5, 0, 0], [0, 0, 0, 0, 160, 5, 0, 0, 0, 0, 0, 0, 161, 5, 0, 0, 0, 0, 0, 0, 162, 5, 0, 0, 0, 0, 0, 0, 163, 5, 0, 0], [0, 0, 0, 0, 164, 5, 0, 0, 0, 0, 0, 0, 165, 5, 0, 0, 0, 0, 0, 0, 166, 5, 0, 0, 0, 0, 0, 0, 167, 5, 0, 0], [0, 0, 0, 0, 168, 5, 0, 0, 0, 0, 0, 0, 169, 5, 0, 0, 0, 0, 0, 0, 170, 5, 0, 0, 0, 0, 0, 0, 171, 5, 0, 0], [0, 0, 0, 0, 172, 5, 0, 0, 0, 0, 0, 0, 173, 5, 0, 0, 0, 0, 0, 0, 174, 5, 0, 0, 0, 0, 0, 0, 175, 5, 0, 0], [0, 0, 0, 0, 176, 5, 0, 0, 0, 0, 0, 0, 177, 5, 0, 0, 0, 0, 0, 0, 178, 5, 0, 0, 0, 0, 0, 0, 179, 5, 0, 0], [0, 0, 0, 0, 180, 5, 0, 0, 0, 0, 0, 0, 181, 5, 0, 0, 0, 0, 0, 0, 182, 5, 0, 0, 0, 0, 0, 0, 183, 5, 0, 0], [0, 0, 0, 0, 184, 5, 0, 0, 0, 0, 0, 0, 185, 5, 0, 0, 0, 0, 0, 0, 186, 5, 0, 0, 0, 0, 0, 0, 187, 5, 0, 0], [0, 0, 0, 0, 188, 5, 0, 0, 0, 0, 0, 0, 189, 5, 0, 0, 0, 0, 0, 0, 190, 5, 0, 0, 0, 0, 0, 0, 191, 5, 0, 0], [0, 0, 0, 0, 192, 5, 0, 0, 0, 0, 0, 0, 193, 5, 0, 0, 0, 0, 0, 0, 194, 5, 0, 0, 0, 0, 0, 0, 195, 5, 0, 0], [0, 0, 0, 0, 196, 5, 0, 0, 0, 0, 0, 0, 197, 5, 0, 0, 0, 0, 0, 0, 198, 5, 0, 0, 0, 0, 0, 0, 199, 5, 0, 0], [0, 0, 0, 0, 200, 5, 0, 0, 0, 0, 0, 0, 201, 5, 0, 0, 0, 0, 0, 0, 202, 5, 0, 0, 0, 0, 0, 0, 203, 5, 0, 0], [0, 0, 0, 0, 204, 5, 0, 0, 0, 0, 0, 0, 205, 5, 0, 0, 0, 0, 0, 0, 206, 5, 0, 0, 0, 0, 0, 0, 207, 5, 0, 0], [0, 0, 0, 0, 208, 5, 0, 0, 0, 0, 0, 0, 209, 5, 0, 0, 0, 0, 0, 0, 210, 5, 0, 0, 0, 0, 0, 0, 211, 5, 0, 0], [0, 0, 0, 0, 212, 5, 0, 0, 0, 0, 0, 0, 213, 5, 0, 0, 0, 0, 0, 0, 214, 5, 0, 0, 0, 0, 0, 0, 215, 5, 0, 0], [0, 0, 0, 0, 216, 5, 0, 0, 0, 0, 0, 0, 217, 5, 0, 0, 0, 0, 0, 0, 218, 5, 0, 0, 0, 0, 0, 0, 219, 5, 0, 0], [0, 0, 0, 0, 220, 5, 0, 0, 0, 0, 0, 0, 221, 5, 0, 0, 0, 0, 0, 0, 222, 5, 0, 0, 0, 0, 0, 0, 223, 5, 0, 0], [0, 0, 0, 0, 224, 5, 0, 0, 0, 0, 0, 0, 225, 5, 0, 0, 0, 0, 0, 0, 226, 5, 0, 0, 0, 0, 0, 0, 227, 5, 0, 0], [0, 0, 0, 0, 228, 5, 0, 0, 0, 0, 0, 0, 229, 5, 0, 0, 0, 0, 0, 0, 230, 5, 0, 0, 0, 0, 0, 0, 231, 5, 0, 0], [0, 0, 0, 0, 232, 5, 0, 0, 0, 0, 0, 0, 233, 5, 0, 0, 0, 0, 0, 0, 234, 5, 0, 0, 0, 0, 0, 0, 235, 5, 0, 0], [0, 0, 0, 0, 236, 5, 0, 0, 0, 0, 0, 0, 237, 5, 0, 0, 0, 0, 0, 0, 238, 5, 0, 0, 0, 0, 0, 0, 239, 5, 0, 0], [0, 0, 0, 0, 240, 5, 0, 0, 0, 0, 0, 0, 241, 5, 0, 0, 0, 0, 0, 0, 242, 5, 0, 0, 0, 0, 0, 0, 243, 5, 0, 0], [0, 0, 0, 0, 244, 5, 0, 0, 0, 0, 0, 0, 245, 5, 0, 0, 0, 0, 0, 0, 246, 5, 0, 0, 0, 0, 0, 0, 247, 5, 0, 0], [0, 0, 0, 0, 248, 5, 0, 0, 0, 0, 0, 0, 249, 5, 0, 0, 0, 0, 0, 0, 250, 5, 0, 0, 0, 0, 0, 0, 251, 5, 0, 0], [0, 0, 0, 0, 252, 5, 0, 0, 0, 0, 0, 0, 253, 5, 0, 0, 0, 0, 0, 0, 254, 5, 0, 0, 0, 0, 0, 0, 255, 5, 0, 0], [0, 0, 0, 0, 0, 6, 0, 0, 0, 0, 0, 0, 1, 6, 0, 0, 0, 0, 0, 0, 2, 6, 0, 0, 0, 0, 0, 0, 3, 6, 0, 0], [0, 0, 0, 0, 4, 6, 0, 0, 0, 0, 0, 0, 5, 6, 0, 0, 0, 0, 0, 0, 6, 6, 0, 0, 0, 0, 0, 0, 7, 6, 0, 0], [0, 0, 0, 0, 8, 6, 0, 0, 0, 0, 0, 0, 9, 6, 0, 0, 0, 0, 0, 0, 10, 6, 0, 0, 0, 0, 0, 0, 11, 6, 0, 0], [0, 0, 0, 0, 12, 6, 0, 0, 0, 0, 0, 0, 13, 6, 0, 0, 0, 0, 0, 0, 14, 6, 0, 0, 0, 0, 0, 0, 15, 6, 0, 0], [0, 0, 0, 0, 16, 6, 0, 0, 0, 0, 0, 0, 17, 6, 0, 0, 0, 0, 0, 0, 18, 6, 0, 0, 0, 0, 0, 0, 19, 6, 0, 0], [0, 0, 0, 0, 20, 6, 0, 0, 0, 0, 0, 0, 21, 6, 0, 0, 0, 0, 0, 0, 22, 6, 0, 0, 0, 0, 0, 0, 23, 6, 0, 0], [0, 0, 0, 0, 24, 6, 0, 0, 0, 0, 0, 0, 25, 6, 0, 0, 0, 0, 0, 0, 26, 6, 0, 0, 0, 0, 0, 0, 27, 6, 0, 0], [0, 0, 0, 0, 28, 6, 0, 0, 0, 0, 0, 0, 29, 6, 0, 0, 0, 0, 0, 0, 30, 6, 0, 0, 0, 0, 0, 0, 31, 6, 0, 0], [0, 0, 0, 0, 32, 6, 0, 0, 0, 0, 0, 0, 33, 6, 0, 0, 0, 0, 0, 0, 34, 6, 0, 0, 0, 0, 0, 0, 35, 6, 0, 0], [0, 0, 0, 0, 36, 6, 0, 0, 0, 0, 0, 0, 37, 6, 0, 0, 0, 0, 0, 0, 38, 6, 0, 0, 0, 0, 0, 0, 39, 6, 0, 0], [0, 0, 0, 0, 40, 6, 0, 0, 0, 0, 0, 0, 41, 6, 0, 0, 0, 0, 0, 0, 42, 6, 0, 0, 0, 0, 0, 0, 43, 6, 0, 0], [0, 0, 0, 0, 44, 6, 0, 0, 0, 0, 0, 0, 45, 6, 0, 0, 0, 0, 0, 0, 46, 6, 0, 0, 0, 0, 0, 0, 47, 6, 0, 0], [0, 0, 0, 0, 48, 6, 0, 0, 0, 0, 0, 0, 49, 6, 0, 0, 0, 0, 0, 0, 50, 6, 0, 0, 0, 0, 0, 0, 51, 6, 0, 0], [0, 0, 0, 0, 52, 6, 0, 0, 0, 0, 0, 0, 53, 6, 0, 0, 0, 0, 0, 0, 54, 6, 0, 0, 0, 0, 0, 0, 55, 6, 0, 0], [0, 0, 0, 0, 56, 6, 0, 0, 0, 0, 0, 0, 57, 6, 0, 0, 0, 0, 0, 0, 58, 6, 0, 0, 0, 0, 0, 0, 59, 6, 0, 0], [0, 0, 0, 0, 60, 6, 0, 0, 0, 0, 0, 0, 61, 6, 0, 0, 0, 0, 0, 0, 62, 6, 0, 0, 0, 0, 0, 0, 63, 6, 0, 0], [0, 0, 0, 0, 64, 6, 0, 0, 0, 0, 0, 0, 65, 6, 0, 0, 0, 0, 0, 0, 66, 6, 0, 0, 0, 0, 0, 0, 67, 6, 0, 0], [0, 0, 0, 0, 68, 6, 0, 0, 0, 0, 0, 0, 69, 6, 0, 0, 0, 0, 0, 0, 70, 6, 0, 0, 0, 0, 0, 0, 71, 6, 0, 0], [0, 0, 0, 0, 72, 6, 0, 0, 0, 0, 0, 0, 73, 6, 0, 0, 0, 0, 0, 0, 74, 6, 0, 0, 0, 0, 0, 0, 75, 6, 0, 0], [0, 0, 0, 0, 76, 6, 0, 0, 0, 0, 0, 0, 77, 6, 0, 0, 0, 0, 0, 0, 78, 6, 0, 0, 0, 0, 0, 0, 79, 6, 0, 0], [0, 0, 0, 0, 80, 6, 0, 0, 0, 0, 0, 0, 81, 6, 0, 0, 0, 0, 0, 0, 82, 6, 0, 0, 0, 0, 0, 0, 83, 6, 0, 0], [0, 0, 0, 0, 84, 6, 0, 0, 0, 0, 0, 0, 85, 6, 0, 0, 0, 0, 0, 0, 86, 6, 0, 0, 0, 0, 0, 0, 87, 6, 0, 0], [0, 0, 0, 0, 88, 6, 0, 0, 0, 0, 0, 0, 89, 6, 0, 0, 0, 0, 0, 0, 90, 6, 0, 0, 0, 0, 0, 0, 91, 6, 0, 0], [0, 0, 0, 0, 92, 6, 0, 0, 0, 0, 0, 0, 93, 6, 0, 0, 0, 0, 0, 0, 94, 6, 0, 0, 0, 0, 0, 0, 95, 6, 0, 0], [0, 0, 0, 0, 96, 6, 0, 0, 0, 0, 0, 0, 97, 6, 0, 0, 0, 0, 0, 0, 98, 6, 0, 0, 0, 0, 0, 0, 99, 6, 0, 0], [0, 0, 0, 0, 100, 6, 0, 0, 0, 0, 0, 0, 101, 6, 0, 0, 0, 0, 0, 0, 102, 6, 0, 0, 0, 0, 0, 0, 103, 6, 0, 0], [0, 0, 0, 0, 104, 6, 0, 0, 0, 0, 0, 0, 105, 6, 0, 0, 0, 0, 0, 0, 106, 6, 0, 0, 0, 0, 0, 0, 107, 6, 0, 0], [0, 0, 0, 0, 108, 6, 0, 0, 0, 0, 0, 0, 109, 6, 0, 0, 0, 0, 0, 0, 110, 6, 0, 0, 0, 0, 0, 0, 111, 6, 0, 0], [0, 0, 0, 0, 112, 6, 0, 0, 0, 0, 0, 0, 113, 6, 0, 0, 0, 0, 0, 0, 114, 6, 0, 0, 0, 0, 0, 0, 115, 6, 0, 0], [0, 0, 0, 0, 116, 6, 0, 0, 0, 0, 0, 0, 117, 6, 0, 0, 0, 0, 0, 0, 118, 6, 0, 0, 0, 0, 0, 0, 119, 6, 0, 0], [0, 0, 0, 0, 120, 6, 0, 0, 0, 0, 0, 0, 121, 6, 0, 0, 0, 0, 0, 0, 122, 6, 0, 0, 0, 0, 0, 0, 123, 6, 0, 0], [0, 0, 0, 0, 124, 6, 0, 0, 0, 0, 0, 0, 125, 6, 0, 0, 0, 0, 0, 0, 126, 6, 0, 0, 0, 0, 0, 0, 127, 6, 0, 0], [0, 0, 0, 0, 128, 6, 0, 0, 0, 0, 0, 0, 129, 6, 0, 0, 0, 0, 0, 0, 130, 6, 0, 0, 0, 0, 0, 0, 131, 6, 0, 0], [0, 0, 0, 0, 132, 6, 0, 0, 0, 0, 0, 0, 133, 6, 0, 0, 0, 0, 0, 0, 134, 6, 0, 0, 0, 0, 0, 0, 135, 6, 0, 0], [0, 0, 0, 0, 136, 6, 0, 0, 0, 0, 0, 0, 137, 6, 0, 0, 0, 0, 0, 0, 138, 6, 0, 0, 0, 0, 0, 0, 139, 6, 0, 0], [0, 0, 0, 0, 140, 6, 0, 0, 0, 0, 0, 0, 141, 6, 0, 0, 0, 0, 0, 0, 142, 6, 0, 0, 0, 0, 0, 0, 143, 6, 0, 0], [0, 0, 0, 0, 144, 6, 0, 0, 0, 0, 0, 0, 145, 6, 0, 0, 0, 0, 0, 0, 146, 6, 0, 0, 0, 0, 0, 0, 147, 6, 0, 0], [0, 0, 0, 0, 148, 6, 0, 0, 0, 0, 0, 0, 149, 6, 0, 0, 0, 0, 0, 0, 150, 6, 0, 0, 0, 0, 0, 0, 151, 6, 0, 0], [0, 0, 0, 0, 152, 6, 0, 0, 0, 0, 0, 0, 153, 6, 0, 0, 0, 0, 0, 0, 154, 6, 0, 0, 0, 0, 0, 0, 155, 6, 0, 0], [0, 0, 0, 0, 156, 6, 0, 0, 0, 0, 0, 0, 157, 6, 0, 0, 0, 0, 0, 0, 158, 6, 0, 0, 0, 0, 0, 0, 159, 6, 0, 0], [0, 0, 0, 0, 160, 6, 0, 0, 0, 0, 0, 0, 161, 6, 0, 0, 0, 0, 0, 0, 162, 6, 0, 0, 0, 0, 0, 0, 163, 6, 0, 0], [0, 0, 0, 0, 164, 6, 0, 0, 0, 0, 0, 0, 165, 6, 0, 0, 0, 0, 0, 0, 166, 6, 0, 0, 0, 0, 0, 0, 167, 6, 0, 0], [0, 0, 0, 0, 168, 6, 0, 0, 0, 0, 0, 0, 169, 6, 0, 0, 0, 0, 0, 0, 170, 6, 0, 0, 0, 0, 0, 0, 171, 6, 0, 0], [0, 0, 0, 0, 172, 6, 0, 0, 0, 0, 0, 0, 173, 6, 0, 0, 0, 0, 0, 0, 174, 6, 0, 0, 0, 0, 0, 0, 175, 6, 0, 0], [0, 0, 0, 0, 176, 6, 0, 0, 0, 0, 0, 0, 177, 6, 0, 0, 0, 0, 0, 0, 178, 6, 0, 0, 0, 0, 0, 0, 179, 6, 0, 0], [0, 0, 0, 0, 180, 6, 0, 0, 0, 0, 0, 0, 181, 6, 0, 0, 0, 0, 0, 0, 182, 6, 0, 0, 0, 0, 0, 0, 183, 6, 0, 0], [0, 0, 0, 0, 184, 6, 0, 0, 0, 0, 0, 0, 185, 6, 0, 0, 0, 0, 0, 0, 186, 6, 0, 0, 0, 0, 0, 0, 187, 6, 0, 0], [0, 0, 0, 0, 188, 6, 0, 0, 0, 0, 0, 0, 189, 6, 0, 0, 0, 0, 0, 0, 190, 6, 0, 0, 0, 0, 0, 0, 191, 6, 0, 0], [0, 0, 0, 0, 192, 6, 0, 0, 0, 0, 0, 0, 193, 6, 0, 0, 0, 0, 0, 0, 194, 6, 0, 0, 0, 0, 0, 0, 195, 6, 0, 0], [0, 0, 0, 0, 196, 6, 0, 0, 0, 0, 0, 0, 197, 6, 0, 0, 0, 0, 0, 0, 198, 6, 0, 0, 0, 0, 0, 0, 199, 6, 0, 0], [0, 0, 0, 0, 200, 6, 0, 0, 0, 0, 0, 0, 201, 6, 0, 0, 0, 0, 0, 0, 202, 6, 0, 0, 0, 0, 0, 0, 203, 6, 0, 0], [0, 0, 0, 0, 204, 6, 0, 0, 0, 0, 0, 0, 205, 6, 0, 0, 0, 0, 0, 0, 206, 6, 0, 0, 0, 0, 0, 0, 207, 6, 0, 0], [0, 0, 0, 0, 208, 6, 0, 0, 0, 0, 0, 0, 209, 6, 0, 0, 0, 0, 0, 0, 210, 6, 0, 0, 0, 0, 0, 0, 211, 6, 0, 0], [0, 0, 0, 0, 212, 6, 0, 0, 0, 0, 0, 0, 213, 6, 0, 0, 0, 0, 0, 0, 214, 6, 0, 0, 0, 0, 0, 0, 215, 6, 0, 0], [0, 0, 0, 0, 216, 6, 0, 0, 0, 0, 0, 0, 217, 6, 0, 0, 0, 0, 0, 0, 218, 6, 0, 0, 0, 0, 0, 0, 219, 6, 0, 0], [0, 0, 0, 0, 220, 6, 0, 0, 0, 0, 0, 0, 221, 6, 0, 0, 0, 0, 0, 0, 222, 6, 0, 0, 0, 0, 0, 0, 223, 6, 0, 0], [0, 0, 0, 0, 224, 6, 0, 0, 0, 0, 0, 0, 225, 6, 0, 0, 0, 0, 0, 0, 226, 6, 0, 0, 0, 0, 0, 0, 227, 6, 0, 0], [0, 0, 0, 0, 228, 6, 0, 0, 0, 0, 0, 0, 229, 6, 0, 0, 0, 0, 0, 0, 230, 6, 0, 0, 0, 0, 0, 0, 231, 6, 0, 0], [0, 0, 0, 0, 232, 6, 0, 0, 0, 0, 0, 0, 233, 6, 0, 0, 0, 0, 0, 0, 234, 6, 0, 0, 0, 0, 0, 0, 235, 6, 0, 0], [0, 0, 0, 0, 236, 6, 0, 0, 0, 0, 0, 0, 237, 6, 0, 0, 0, 0, 0, 0, 238, 6, 0, 0, 0, 0, 0, 0, 239, 6, 0, 0], [0, 0, 0, 0, 240, 6, 0, 0, 0, 0, 0, 0, 241, 6, 0, 0, 0, 0, 0, 0, 242, 6, 0, 0, 0, 0, 0, 0, 243, 6, 0, 0], [0, 0, 0, 0, 244, 6, 0, 0, 0, 0, 0, 0, 245, 6, 0, 0, 0, 0, 0, 0, 246, 6, 0, 0, 0, 0, 0, 0, 247, 6, 0, 0], [0, 0, 0, 0, 248, 6, 0, 0, 0, 0, 0, 0, 249, 6, 0, 0, 0, 0, 0, 0, 250, 6, 0, 0, 0, 0, 0, 0, 251, 6, 0, 0], [0, 0, 0, 0, 252, 6, 0, 0, 0, 0, 0, 0, 253, 6, 0, 0, 0, 0, 0, 0, 254, 6, 0, 0, 0, 0, 0, 0, 255, 6, 0, 0], [0, 0, 0, 0, 0, 7, 0, 0, 0, 0, 0, 0, 1, 7, 0, 0, 0, 0, 0, 0, 2, 7, 0, 0, 0, 0, 0, 0, 3, 7, 0, 0], [0, 0, 0, 0, 4, 7, 0, 0, 0, 0, 0, 0, 5, 7, 0, 0, 0, 0, 0, 0, 6, 7, 0, 0, 0, 0, 0, 0, 7, 7, 0, 0], [0, 0, 0, 0, 8, 7, 0, 0, 0, 0, 0, 0, 9, 7, 0, 0, 0, 0, 0, 0, 10, 7, 0, 0, 0, 0, 0, 0, 11, 7, 0, 0], [0, 0, 0, 0, 12, 7, 0, 0, 0, 0, 0, 0, 13, 7, 0, 0, 0, 0, 0, 0, 14, 7, 0, 0, 0, 0, 0, 0, 15, 7, 0, 0], [0, 0, 0, 0, 16, 7, 0, 0, 0, 0, 0, 0, 17, 7, 0, 0, 0, 0, 0, 0, 18, 7, 0, 0, 0, 0, 0, 0, 19, 7, 0, 0], [0, 0, 0, 0, 20, 7, 0, 0, 0, 0, 0, 0, 21, 7, 0, 0, 0, 0, 0, 0, 22, 7, 0, 0, 0, 0, 0, 0, 23, 7, 0, 0], [0, 0, 0, 0, 24, 7, 0, 0, 0, 0, 0, 0, 25, 7, 0, 0, 0, 0, 0, 0, 26, 7, 0, 0, 0, 0, 0, 0, 27, 7, 0, 0], [0, 0, 0, 0, 28, 7, 0, 0, 0, 0, 0, 0, 29, 7, 0, 0, 0, 0, 0, 0, 30, 7, 0, 0, 0, 0, 0, 0, 31, 7, 0, 0], [0, 0, 0, 0, 32, 7, 0, 0, 0, 0, 0, 0, 33, 7, 0, 0, 0, 0, 0, 0, 34, 7, 0, 0, 0, 0, 0, 0, 35, 7, 0, 0], [0, 0, 0, 0, 36, 7, 0, 0, 0, 0, 0, 0, 37, 7, 0, 0, 0, 0, 0, 0, 38, 7, 0, 0, 0, 0, 0, 0, 39, 7, 0, 0], [0, 0, 0, 0, 40, 7, 0, 0, 0, 0, 0, 0, 41, 7, 0, 0, 0, 0, 0, 0, 42, 7, 0, 0, 0, 0, 0, 0, 43, 7, 0, 0], [0, 0, 0, 0, 44, 7, 0, 0, 0, 0, 0, 0, 45, 7, 0, 0, 0, 0, 0, 0, 46, 7, 0, 0, 0, 0, 0, 0, 47, 7, 0, 0], [0, 0, 0, 0, 48, 7, 0, 0, 0, 0, 0, 0, 49, 7, 0, 0, 0, 0, 0, 0, 50, 7, 0, 0, 0, 0, 0, 0, 51, 7, 0, 0], [0, 0, 0, 0, 52, 7, 0, 0, 0, 0, 0, 0, 53, 7, 0, 0, 0, 0, 0, 0, 54, 7, 0, 0, 0, 0, 0, 0, 55, 7, 0, 0], [0, 0, 0, 0, 56, 7, 0, 0, 0, 0, 0, 0, 57, 7, 0, 0, 0, 0, 0, 0, 58, 7, 0, 0, 0, 0, 0, 0, 59, 7, 0, 0], [0, 0, 0, 0, 60, 7, 0, 0, 0, 0, 0, 0, 61, 7, 0, 0, 0, 0, 0, 0, 62, 7, 0, 0, 0, 0, 0, 0, 63, 7, 0, 0], [0, 0, 0, 0, 64, 7, 0, 0, 0, 0, 0, 0, 65, 7, 0, 0, 0, 0, 0, 0, 66, 7, 0, 0, 0, 0, 0, 0, 67, 7, 0, 0], [0, 0, 0, 0, 68, 7, 0, 0, 0, 0, 0, 0, 69, 7, 0, 0, 0, 0, 0, 0, 70, 7, 0, 0, 0, 0, 0, 0, 71, 7, 0, 0], [0, 0, 0, 0, 72, 7, 0, 0, 0, 0, 0, 0, 73, 7, 0, 0, 0, 0, 0, 0, 74, 7, 0, 0, 0, 0, 0, 0, 75, 7, 0, 0], [0, 0, 0, 0, 76, 7, 0, 0, 0, 0, 0, 0, 77, 7, 0, 0, 0, 0, 0, 0, 78, 7, 0, 0, 0, 0, 0, 0, 79, 7, 0, 0], [0, 0, 0, 0, 80, 7, 0, 0, 0, 0, 0, 0, 81, 7, 0, 0, 0, 0, 0, 0, 82, 7, 0, 0, 0, 0, 0, 0, 83, 7, 0, 0], [0, 0, 0, 0, 84, 7, 0, 0, 0, 0, 0, 0, 85, 7, 0, 0, 0, 0, 0, 0, 86, 7, 0, 0, 0, 0, 0, 0, 87, 7, 0, 0], [0, 0, 0, 0, 88, 7, 0, 0, 0, 0, 0, 0, 89, 7, 0, 0, 0, 0, 0, 0, 90, 7, 0, 0, 0, 0, 0, 0, 91, 7, 0, 0], [0, 0, 0, 0, 92, 7, 0, 0, 0, 0, 0, 0, 93, 7, 0, 0, 0, 0, 0, 0, 94, 7, 0, 0, 0, 0, 0, 0, 95, 7, 0, 0], [0, 0, 0, 0, 96, 7, 0, 0, 0, 0, 0, 0, 97, 7, 0, 0, 0, 0, 0, 0, 98, 7, 0, 0, 0, 0, 0, 0, 99, 7, 0, 0], [0, 0, 0, 0, 100, 7, 0, 0, 0, 0, 0, 0, 101, 7, 0, 0, 0, 0, 0, 0, 102, 7, 0, 0, 0, 0, 0, 0, 103, 7, 0, 0], [0, 0, 0, 0, 104, 7, 0, 0, 0, 0, 0, 0, 105, 7, 0, 0, 0, 0, 0, 0, 106, 7, 0, 0, 0, 0, 0, 0, 107, 7, 0, 0], [0, 0, 0, 0, 108, 7, 0, 0, 0, 0, 0, 0, 109, 7, 0, 0, 0, 0, 0, 0, 110, 7, 0, 0, 0, 0, 0, 0, 111, 7, 0, 0], [0, 0, 0, 0, 112, 7, 0, 0, 0, 0, 0, 0, 113, 7, 0, 0, 0, 0, 0, 0, 114, 7, 0, 0, 0, 0, 0, 0, 115, 7, 0, 0], [0, 0, 0, 0, 116, 7, 0, 0, 0, 0, 0, 0, 117, 7, 0, 0, 0, 0, 0, 0, 118, 7, 0, 0, 0, 0, 0, 0, 119, 7, 0, 0], [0, 0, 0, 0, 120, 7, 0, 0, 0, 0, 0, 0, 121, 7, 0, 0, 0, 0, 0, 0, 122, 7, 0, 0, 0, 0, 0, 0, 123, 7, 0, 0], [0, 0, 0, 0, 124, 7, 0, 0, 0, 0, 0, 0, 125, 7, 0, 0, 0, 0, 0, 0, 126, 7, 0, 0, 0, 0, 0, 0, 127, 7, 0, 0], [0, 0, 0, 0, 128, 7, 0, 0, 0, 0, 0, 0, 129, 7, 0, 0, 0, 0, 0, 0, 130, 7, 0, 0, 0, 0, 0, 0, 131, 7, 0, 0], [0, 0, 0, 0, 132, 7, 0, 0, 0, 0, 0, 0, 133, 7, 0, 0, 0, 0, 0, 0, 134, 7, 0, 0, 0, 0, 0, 0, 135, 7, 0, 0], [0, 0, 0, 0, 136, 7, 0, 0, 0, 0, 0, 0, 137, 7, 0, 0, 0, 0, 0, 0, 138, 7, 0, 0, 0, 0, 0, 0, 139, 7, 0, 0], [0, 0, 0, 0, 140, 7, 0, 0, 0, 0, 0, 0, 141, 7, 0, 0, 0, 0, 0, 0, 142, 7, 0, 0, 0, 0, 0, 0, 143, 7, 0, 0], [0, 0, 0, 0, 144, 7, 0, 0, 0, 0, 0, 0, 145, 7, 0, 0, 0, 0, 0, 0, 146, 7, 0, 0, 0, 0, 0, 0, 147, 7, 0, 0], [0, 0, 0, 0, 148, 7, 0, 0, 0, 0, 0, 0, 149, 7, 0, 0, 0, 0, 0, 0, 150, 7, 0, 0, 0, 0, 0, 0, 151, 7, 0, 0], [0, 0, 0, 0, 152, 7, 0, 0, 0, 0, 0, 0, 153, 7, 0, 0, 0, 0, 0, 0, 154, 7, 0, 0, 0, 0, 0, 0, 155, 7, 0, 0], [0, 0, 0, 0, 156, 7, 0, 0, 0, 0, 0, 0, 157, 7, 0, 0, 0, 0, 0, 0, 158, 7, 0, 0, 0, 0, 0, 0, 159, 7, 0, 0], [0, 0, 0, 0, 160, 7, 0, 0, 0, 0, 0, 0, 161, 7, 0, 0, 0, 0, 0, 0, 162, 7, 0, 0, 0, 0, 0, 0, 163, 7, 0, 0], [0, 0, 0, 0, 164, 7, 0, 0, 0, 0, 0, 0, 165, 7, 0, 0, 0, 0, 0, 0, 166, 7, 0, 0, 0, 0, 0, 0, 167, 7, 0, 0], [0, 0, 0, 0, 168, 7, 0, 0, 0, 0, 0, 0, 169, 7, 0, 0, 0, 0, 0, 0, 170, 7, 0, 0, 0, 0, 0, 0, 171, 7, 0, 0], [0, 0, 0, 0, 172, 7, 0, 0, 0, 0, 0, 0, 173, 7, 0, 0, 0, 0, 0, 0, 174, 7, 0, 0, 0, 0, 0, 0, 175, 7, 0, 0], [0, 0, 0, 0, 176, 7, 0, 0, 0, 0, 0, 0, 177, 7, 0, 0, 0, 0, 0, 0, 178, 7, 0, 0, 0, 0, 0, 0, 179, 7, 0, 0], [0, 0, 0, 0, 180, 7, 0, 0, 0, 0, 0, 0, 181, 7, 0, 0, 0, 0, 0, 0, 182, 7, 0, 0, 0, 0, 0, 0, 183, 7, 0, 0], [0, 0, 0, 0, 184, 7, 0, 0, 0, 0, 0, 0, 185, 7, 0, 0, 0, 0, 0, 0, 186, 7, 0, 0, 0, 0, 0, 0, 187, 7, 0, 0], [0, 0, 0, 0, 188, 7, 0, 0, 0, 0, 0, 0, 189, 7, 0, 0, 0, 0, 0, 0, 190, 7, 0, 0, 0, 0, 0, 0, 191, 7, 0, 0], [0, 0, 0, 0, 192, 7, 0, 0, 0, 0, 0, 0, 193, 7, 0, 0, 0, 0, 0, 0, 194, 7, 0, 0, 0, 0, 0, 0, 195, 7, 0, 0], [0, 0, 0, 0, 196, 7, 0, 0, 0, 0, 0, 0, 197, 7, 0, 0, 0, 0, 0, 0, 198, 7, 0, 0, 0, 0, 0, 0, 199, 7, 0, 0], [0, 0, 0, 0, 200, 7, 0, 0, 0, 0, 0, 0, 201, 7, 0, 0, 0, 0, 0, 0, 202, 7, 0, 0, 0, 0, 0, 0, 203, 7, 0, 0], [0, 0, 0, 0, 204, 7, 0, 0, 0, 0, 0, 0, 205, 7, 0, 0, 0, 0, 0, 0, 206, 7, 0, 0, 0, 0, 0, 0, 207, 7, 0, 0], [0, 0, 0, 0, 208, 7, 0, 0, 0, 0, 0, 0, 209, 7, 0, 0, 0, 0, 0, 0, 210, 7, 0, 0, 0, 0, 0, 0, 211, 7, 0, 0], [0, 0, 0, 0, 212, 7, 0, 0, 0, 0, 0, 0, 213, 7, 0, 0, 0, 0, 0, 0, 214, 7, 0, 0, 0, 0, 0, 0, 215, 7, 0, 0], [0, 0, 0, 0, 216, 7, 0, 0, 0, 0, 0, 0, 217, 7, 0, 0, 0, 0, 0, 0, 218, 7, 0, 0, 0, 0, 0, 0, 219, 7, 0, 0], [0, 0, 0, 0, 220, 7, 0, 0, 0, 0, 0, 0, 221, 7, 0, 0, 0, 0, 0, 0, 222, 7, 0, 0, 0, 0, 0, 0, 223, 7, 0, 0], [0, 0, 0, 0, 224, 7, 0, 0, 0, 0, 0, 0, 225, 7, 0, 0, 0, 0, 0, 0, 226, 7, 0, 0, 0, 0, 0, 0, 227, 7, 0, 0], [0, 0, 0, 0, 228, 7, 0, 0, 0, 0, 0, 0, 229, 7, 0, 0, 0, 0, 0, 0, 230, 7, 0, 0, 0, 0, 0, 0, 231, 7, 0, 0], [0, 0, 0, 0, 232, 7, 0, 0, 0, 0, 0, 0, 233, 7, 0, 0, 0, 0, 0, 0, 234, 7, 0, 0, 0, 0, 0, 0, 235, 7, 0, 0], [0, 0, 0, 0, 236, 7, 0, 0, 0, 0, 0, 0, 237, 7, 0, 0, 0, 0, 0, 0, 238, 7, 0, 0, 0, 0, 0, 0, 239, 7, 0, 0], [0, 0, 0, 0, 240, 7, 0, 0, 0, 0, 0, 0, 241, 7, 0, 0, 0, 0, 0, 0, 242, 7, 0, 0, 0, 0, 0, 0, 243, 7, 0, 0], [0, 0, 0, 0, 244, 7, 0, 0, 0, 0, 0, 0, 245, 7, 0, 0, 0, 0, 0, 0, 246, 7, 0, 0, 0, 0, 0, 0, 247, 7, 0, 0], [0, 0, 0, 0, 248, 7, 0, 0, 0, 0, 0, 0, 249, 7, 0, 0, 0, 0, 0, 0, 250, 7, 0, 0, 0, 0, 0, 0, 251, 7, 0, 0], [0, 0, 0, 0, 252, 7, 0, 0, 0, 0, 0, 0, 253, 7, 0, 0, 0, 0, 0, 0, 254, 7, 0, 0, 0, 0, 0, 0, 255, 7, 0, 0], [0, 0, 0, 0, 0, 8, 0, 0, 0, 0, 0, 0, 1, 8, 0, 0, 0, 0, 0, 0, 2, 8, 0, 0, 0, 0, 0, 0, 3, 8, 0, 0], [0, 0, 0, 0, 4, 8, 0, 0, 0, 0, 0, 0, 5, 8, 0, 0, 0, 0, 0, 0, 6, 8, 0, 0, 0, 0, 0, 0, 7, 8, 0, 0], [0, 0, 0, 0, 8, 8, 0, 0, 0, 0, 0, 0, 9, 8, 0, 0, 0, 0, 0, 0, 10, 8, 0, 0, 0, 0, 0, 0, 11, 8, 0, 0], [0, 0, 0, 0, 12, 8, 0, 0, 0, 0, 0, 0, 13, 8, 0, 0, 0, 0, 0, 0, 14, 8, 0, 0, 0, 0, 0, 0, 15, 8, 0, 0], [0, 0, 0, 0, 16, 8, 0, 0, 0, 0, 0, 0, 17, 8, 0, 0, 0, 0, 0, 0, 18, 8, 0, 0, 0, 0, 0, 0, 19, 8, 0, 0], [0, 0, 0, 0, 20, 8, 0, 0, 0, 0, 0, 0, 21, 8, 0, 0, 0, 0, 0, 0, 22, 8, 0, 0, 0, 0, 0, 0, 23, 8, 0, 0], [0, 0, 0, 0, 24, 8, 0, 0, 0, 0, 0, 0, 25, 8, 0, 0, 0, 0, 0, 0, 26, 8, 0, 0, 0, 0, 0, 0, 27, 8, 0, 0], [0, 0, 0, 0, 28, 8, 0, 0, 0, 0, 0, 0, 29, 8, 0, 0, 0, 0, 0, 0, 30, 8, 0, 0, 0, 0, 0, 0, 31, 8, 0, 0], [0, 0, 0, 0, 32, 8, 0, 0, 0, 0, 0, 0, 33, 8, 0, 0, 0, 0, 0, 0, 34, 8, 0, 0, 0, 0, 0, 0, 35, 8, 0, 0], [0, 0, 0, 0, 36, 8, 0, 0, 0, 0, 0, 0, 37, 8, 0, 0, 0, 0, 0, 0, 38, 8, 0, 0, 0, 0, 0, 0, 39, 8, 0, 0], [0, 0, 0, 0, 40, 8, 0, 0, 0, 0, 0, 0, 41, 8, 0, 0, 0, 0, 0, 0, 42, 8, 0, 0, 0, 0, 0, 0, 43, 8, 0, 0], [0, 0, 0, 0, 44, 8, 0, 0, 0, 0, 0, 0, 45, 8, 0, 0, 0, 0, 0, 0, 46, 8, 0, 0, 0, 0, 0, 0, 47, 8, 0, 0], [0, 0, 0, 0, 48, 8, 0, 0, 0, 0, 0, 0, 49, 8, 0, 0, 0, 0, 0, 0, 50, 8, 0, 0, 0, 0, 0, 0, 51, 8, 0, 0], [0, 0, 0, 0, 52, 8, 0, 0, 0, 0, 0, 0, 53, 8, 0, 0, 0, 0, 0, 0, 54, 8, 0, 0, 0, 0, 0, 0, 55, 8, 0, 0], [0, 0, 0, 0, 56, 8, 0, 0, 0, 0, 0, 0, 57, 8, 0, 0, 0, 0, 0, 0, 58, 8, 0, 0, 0, 0, 0, 0, 59, 8, 0, 0], [0, 0, 0, 0, 60, 8, 0, 0, 0, 0, 0, 0, 61, 8, 0, 0, 0, 0, 0, 0, 62, 8, 0, 0, 0, 0, 0, 0, 63, 8, 0, 0], [0, 0, 0, 0, 64, 8, 0, 0, 0, 0, 0, 0, 65, 8, 0, 0, 0, 0, 0, 0, 66, 8, 0, 0, 0, 0, 0, 0, 67, 8, 0, 0], [0, 0, 0, 0, 68, 8, 0, 0, 0, 0, 0, 0, 69, 8, 0, 0, 0, 0, 0, 0, 70, 8, 0, 0, 0, 0, 0, 0, 71, 8, 0, 0], [0, 0, 0, 0, 72, 8, 0, 0, 0, 0, 0, 0, 73, 8, 0, 0, 0, 0, 0, 0, 74, 8, 0, 0, 0, 0, 0, 0, 75, 8, 0, 0], [0, 0, 0, 0, 76, 8, 0, 0, 0, 0, 0, 0, 77, 8, 0, 0, 0, 0, 0, 0, 78, 8, 0, 0, 0, 0, 0, 0, 79, 8, 0, 0], [0, 0, 0, 0, 80, 8, 0, 0, 0, 0, 0, 0, 81, 8, 0, 0, 0, 0, 0, 0, 82, 8, 0, 0, 0, 0, 0, 0, 83, 8, 0, 0], [0, 0, 0, 0, 84, 8, 0, 0, 0, 0, 0, 0, 85, 8, 0, 0, 0, 0, 0, 0, 86, 8, 0, 0, 0, 0, 0, 0, 87, 8, 0, 0], [0, 0, 0, 0, 88, 8, 0, 0, 0, 0, 0, 0, 89, 8, 0, 0, 0, 0, 0, 0, 90, 8, 0, 0, 0, 0, 0, 0, 91, 8, 0, 0], [0, 0, 0, 0, 92, 8, 0, 0, 0, 0, 0, 0, 93, 8, 0, 0, 0, 0, 0, 0, 94, 8, 0, 0, 0, 0, 0, 0, 95, 8, 0, 0], [0, 0, 0, 0, 96, 8, 0, 0, 0, 0, 0, 0, 97, 8, 0, 0, 0, 0, 0, 0, 98, 8, 0, 0, 0, 0, 0, 0, 99, 8, 0, 0], [0, 0, 0, 0, 100, 8, 0, 0, 0, 0, 0, 0, 101, 8, 0, 0, 0, 0, 0, 0, 102, 8, 0, 0, 0, 0, 0, 0, 103, 8, 0, 0], [0, 0, 0, 0, 104, 8, 0, 0, 0, 0, 0, 0, 105, 8, 0, 0, 0, 0, 0, 0, 106, 8, 0, 0, 0, 0, 0, 0, 107, 8, 0, 0], [0, 0, 0, 0, 108, 8, 0, 0, 0, 0, 0, 0, 109, 8, 0, 0, 0, 0, 0, 0, 110, 8, 0, 0, 0, 0, 0, 0, 111, 8, 0, 0], [0, 0, 0, 0, 112, 8, 0, 0, 0, 0, 0, 0, 113, 8, 0, 0, 0, 0, 0, 0, 114, 8, 0, 0, 0, 0, 0, 0, 115, 8, 0, 0], [0, 0, 0, 0, 116, 8, 0, 0, 0, 0, 0, 0, 117, 8, 0, 0, 0, 0, 0, 0, 118, 8, 0, 0, 0, 0, 0, 0, 119, 8, 0, 0], [0, 0, 0, 0, 120, 8, 0, 0, 0, 0, 0, 0, 121, 8, 0, 0, 0, 0, 0, 0, 122, 8, 0, 0, 0, 0, 0, 0, 123, 8, 0, 0], [0, 0, 0, 0, 124, 8, 0, 0, 0, 0, 0, 0, 125, 8, 0, 0, 0, 0, 0, 0, 126, 8, 0, 0, 0, 0, 0, 0, 127, 8, 0, 0], [0, 0, 0, 0, 128, 8, 0, 0, 0, 0, 0, 0, 129, 8, 0, 0, 0, 0, 0, 0, 130, 8, 0, 0, 0, 0, 0, 0, 131, 8, 0, 0], [0, 0, 0, 0, 132, 8, 0, 0, 0, 0, 0, 0, 133, 8, 0, 0, 0, 0, 0, 0, 134, 8, 0, 0, 0, 0, 0, 0, 135, 8, 0, 0], [0, 0, 0, 0, 136, 8, 0, 0, 0, 0, 0, 0, 137, 8, 0, 0, 0, 0, 0, 0, 138, 8, 0, 0, 0, 0, 0, 0, 139, 8, 0, 0], [0, 0, 0, 0, 140, 8, 0, 0, 0, 0, 0, 0, 141, 8, 0, 0, 0, 0, 0, 0, 142, 8, 0, 0, 0, 0, 0, 0, 143, 8, 0, 0], [0, 0, 0, 0, 144, 8, 0, 0, 0, 0, 0, 0, 145, 8, 0, 0, 0, 0, 0, 0, 146, 8, 0, 0, 0, 0, 0, 0, 147, 8, 0, 0], [0, 0, 0, 0, 148, 8, 0, 0, 0, 0, 0, 0, 149, 8, 0, 0, 0, 0, 0, 0, 150, 8, 0, 0, 0, 0, 0, 0, 151, 8, 0, 0], [0, 0, 0, 0, 152, 8, 0, 0, 0, 0, 0, 0, 153, 8, 0, 0, 0, 0, 0, 0, 154, 8, 0, 0, 0, 0, 0, 0, 155, 8, 0, 0], [0, 0, 0, 0, 156, 8, 0, 0, 0, 0, 0, 0, 157, 8, 0, 0, 0, 0, 0, 0, 158, 8, 0, 0, 0, 0, 0, 0, 159, 8, 0, 0], [0, 0, 0, 0, 160, 8, 0, 0, 0, 0, 0, 0, 161, 8, 0, 0, 0, 0, 0, 0, 162, 8, 0, 0, 0, 0, 0, 0, 163, 8, 0, 0], [0, 0, 0, 0, 164, 8, 0, 0, 0, 0, 0, 0, 165, 8, 0, 0, 0, 0, 0, 0, 166, 8, 0, 0, 0, 0, 0, 0, 167, 8, 0, 0], [0, 0, 0, 0, 168, 8, 0, 0, 0, 0, 0, 0, 169, 8, 0, 0, 0, 0, 0, 0, 170, 8, 0, 0, 0, 0, 0, 0, 171, 8, 0, 0], [0, 0, 0, 0, 172, 8, 0, 0, 0, 0, 0, 0, 173, 8, 0, 0, 0, 0, 0, 0, 174, 8, 0, 0, 0, 0, 0, 0, 175, 8, 0, 0], [0, 0, 0, 0, 176, 8, 0, 0, 0, 0, 0, 0, 177, 8, 0, 0, 0, 0, 0, 0, 178, 8, 0, 0, 0, 0, 0, 0, 179, 8, 0, 0], [0, 0, 0, 0, 180, 8, 0, 0, 0, 0, 0, 0, 181, 8, 0, 0, 0, 0, 0, 0, 182, 8, 0, 0, 0, 0, 0, 0, 183, 8, 0, 0], [0, 0, 0, 0, 184, 8, 0, 0, 0, 0, 0, 0, 185, 8, 0, 0, 0, 0, 0, 0, 186, 8, 0, 0, 0, 0, 0, 0, 187, 8, 0, 0], [0, 0, 0, 0, 188, 8, 0, 0, 0, 0, 0, 0, 189, 8, 0, 0, 0, 0, 0, 0, 190, 8, 0, 0, 0, 0, 0, 0, 191, 8, 0, 0], [0, 0, 0, 0, 192, 8, 0, 0, 0, 0, 0, 0, 193, 8, 0, 0, 0, 0, 0, 0, 194, 8, 0, 0, 0, 0, 0, 0, 195, 8, 0, 0], [0, 0, 0, 0, 196, 8, 0, 0, 0, 0, 0, 0, 197, 8, 0, 0, 0, 0, 0, 0, 198, 8, 0, 0, 0, 0, 0, 0, 199, 8, 0, 0], [0, 0, 0, 0, 200, 8, 0, 0, 0, 0, 0, 0, 201, 8, 0, 0, 0, 0, 0, 0, 202, 8, 0, 0, 0, 0, 0, 0, 203, 8, 0, 0], [0, 0, 0, 0, 204, 8, 0, 0, 0, 0, 0, 0, 205, 8, 0, 0, 0, 0, 0, 0, 206, 8, 0, 0, 0, 0, 0, 0, 207, 8, 0, 0], [0, 0, 0, 0, 208, 8, 0, 0, 0, 0, 0, 0, 209, 8, 0, 0, 0, 0, 0, 0, 210, 8, 0, 0, 0, 0, 0, 0, 211, 8, 0, 0], [0, 0, 0, 0, 212, 8, 0, 0, 0, 0, 0, 0, 213, 8, 0, 0, 0, 0, 0, 0, 214, 8, 0, 0, 0, 0, 0, 0, 215, 8, 0, 0], [0, 0, 0, 0, 216, 8, 0, 0, 0, 0, 0, 0, 217, 8, 0, 0, 0, 0, 0, 0, 218, 8, 0, 0, 0, 0, 0, 0, 219, 8, 0, 0], [0, 0, 0, 0, 220, 8, 0, 0, 0, 0, 0, 0, 221, 8, 0, 0, 0, 0, 0, 0, 222, 8, 0, 0, 0, 0, 0, 0, 223, 8, 0, 0], [0, 0, 0, 0, 224, 8, 0, 0, 0, 0, 0, 0, 225, 8, 0, 0, 0, 0, 0, 0, 226, 8, 0, 0, 0, 0, 0, 0, 227, 8, 0, 0], [0, 0, 0, 0, 228, 8, 0, 0, 0, 0, 0, 0, 229, 8, 0, 0, 0, 0, 0, 0, 230, 8, 0, 0, 0, 0, 0, 0, 231, 8, 0, 0], [0, 0, 0, 0, 232, 8, 0, 0, 0, 0, 0, 0, 233, 8, 0, 0, 0, 0, 0, 0, 234, 8, 0, 0, 0, 0, 0, 0, 235, 8, 0, 0], [0, 0, 0, 0, 236, 8, 0, 0, 0, 0, 0, 0, 237, 8, 0, 0, 0, 0, 0, 0, 238, 8, 0, 0, 0, 0, 0, 0, 239, 8, 0, 0], [0, 0, 0, 0, 240, 8, 0, 0, 0, 0, 0, 0, 241, 8, 0, 0, 0, 0, 0, 0, 242, 8, 0, 0, 0, 0, 0, 0, 243, 8, 0, 0], [0, 0, 0, 0, 244, 8, 0, 0, 0, 0, 0, 0, 245, 8, 0, 0, 0, 0, 0, 0, 246, 8, 0, 0, 0, 0, 0, 0, 247, 8, 0, 0], [0, 0, 0, 0, 248, 8, 0, 0, 0, 0, 0, 0, 249, 8, 0, 0, 0, 0, 0, 0, 250, 8, 0, 0, 0, 0, 0, 0, 251, 8, 0, 0], [0, 0, 0, 0, 252, 8, 0, 0, 0, 0, 0, 0, 253, 8, 0, 0, 0, 0, 0, 0, 254, 8, 0, 0, 0, 0, 0, 0, 255, 8, 0, 0], [0, 0, 0, 0, 0, 9, 0, 0, 0, 0, 0, 0, 1, 9, 0, 0, 0, 0, 0, 0, 2, 9, 0, 0, 0, 0, 0, 0, 3, 9, 0, 0], [0, 0, 0, 0, 4, 9, 0, 0, 0, 0, 0, 0, 5, 9, 0, 0, 0, 0, 0, 0, 6, 9, 0, 0, 0, 0, 0, 0, 7, 9, 0, 0], [0, 0, 0, 0, 8, 9, 0, 0, 0, 0, 0, 0, 9, 9, 0, 0, 0, 0, 0, 0, 10, 9, 0, 0, 0, 0, 0, 0, 11, 9, 0, 0], [0, 0, 0, 0, 12, 9, 0, 0, 0, 0, 0, 0, 13, 9, 0, 0, 0, 0, 0, 0, 14, 9, 0, 0, 0, 0, 0, 0, 15, 9, 0, 0], [0, 0, 0, 0, 16, 9, 0, 0, 0, 0, 0, 0, 17, 9, 0, 0, 0, 0, 0, 0, 18, 9, 0, 0, 0, 0, 0, 0, 19, 9, 0, 0], [0, 0, 0, 0, 20, 9, 0, 0, 0, 0, 0, 0, 21, 9, 0, 0, 0, 0, 0, 0, 22, 9, 0, 0, 0, 0, 0, 0, 23, 9, 0, 0], [0, 0, 0, 0, 24, 9, 0, 0, 0, 0, 0, 0, 25, 9, 0, 0, 0, 0, 0, 0, 26, 9, 0, 0, 0, 0, 0, 0, 27, 9, 0, 0], [0, 0, 0, 0, 28, 9, 0, 0, 0, 0, 0, 0, 29, 9, 0, 0, 0, 0, 0, 0, 30, 9, 0, 0, 0, 0, 0, 0, 31, 9, 0, 0], [0, 0, 0, 0, 32, 9, 0, 0, 0, 0, 0, 0, 33, 9, 0, 0, 0, 0, 0, 0, 34, 9, 0, 0, 0, 0, 0, 0, 35, 9, 0, 0], [0, 0, 0, 0, 36, 9, 0, 0, 0, 0, 0, 0, 37, 9, 0, 0, 0, 0, 0, 0, 38, 9, 0, 0, 0, 0, 0, 0, 39, 9, 0, 0], [0, 0, 0, 0, 40, 9, 0, 0, 0, 0, 0, 0, 41, 9, 0, 0, 0, 0, 0, 0, 42, 9, 0, 0, 0, 0, 0, 0, 43, 9, 0, 0], [0, 0, 0, 0, 44, 9, 0, 0, 0, 0, 0, 0, 45, 9, 0, 0, 0, 0, 0, 0, 46, 9, 0, 0, 0, 0, 0, 0, 47, 9, 0, 0], [0, 0, 0, 0, 48, 9, 0, 0, 0, 0, 0, 0, 49, 9, 0, 0, 0, 0, 0, 0, 50, 9, 0, 0, 0, 0, 0, 0, 51, 9, 0, 0], [0, 0, 0, 0, 52, 9, 0, 0, 0, 0, 0, 0, 53, 9, 0, 0, 0, 0, 0, 0, 54, 9, 0, 0, 0, 0, 0, 0, 55, 9, 0, 0], [0, 0, 0, 0, 56, 9, 0, 0, 0, 0, 0, 0, 57, 9, 0, 0, 0, 0, 0, 0, 58, 9, 0, 0, 0, 0, 0, 0, 59, 9, 0, 0], [0, 0, 0, 0, 60, 9, 0, 0, 0, 0, 0, 0, 61, 9, 0, 0, 0, 0, 0, 0, 62, 9, 0, 0, 0, 0, 0, 0, 63, 9, 0, 0], [0, 0, 0, 0, 64, 9, 0, 0, 0, 0, 0, 0, 65, 9, 0, 0, 0, 0, 0, 0, 66, 9, 0, 0, 0, 0, 0, 0, 67, 9, 0, 0], [0, 0, 0, 0, 68, 9, 0, 0, 0, 0, 0, 0, 69, 9, 0, 0, 0, 0, 0, 0, 70, 9, 0, 0, 0, 0, 0, 0, 71, 9, 0, 0], [0, 0, 0, 0, 72, 9, 0, 0, 0, 0, 0, 0, 73, 9, 0, 0, 0, 0, 0, 0, 74, 9, 0, 0, 0, 0, 0, 0, 75, 9, 0, 0], [0, 0, 0, 0, 76, 9, 0, 0, 0, 0, 0, 0, 77, 9, 0, 0, 0, 0, 0, 0, 78, 9, 0, 0, 0, 0, 0, 0, 79, 9, 0, 0], [0, 0, 0, 0, 80, 9, 0, 0, 0, 0, 0, 0, 81, 9, 0, 0, 0, 0, 0, 0, 82, 9, 0, 0, 0, 0, 0, 0, 83, 9, 0, 0], [0, 0, 0, 0, 84, 9, 0, 0, 0, 0, 0, 0, 85, 9, 0, 0, 0, 0, 0, 0, 86, 9, 0, 0, 0, 0, 0, 0, 87, 9, 0, 0], [0, 0, 0, 0, 88, 9, 0, 0, 0, 0, 0, 0, 89, 9, 0, 0, 0, 0, 0, 0, 90, 9, 0, 0, 0, 0, 0, 0, 91, 9, 0, 0], [0, 0, 0, 0, 92, 9, 0, 0, 0, 0, 0, 0, 93, 9, 0, 0, 0, 0, 0, 0, 94, 9, 0, 0, 0, 0, 0, 0, 95, 9, 0, 0], [0, 0, 0, 0, 96, 9, 0, 0, 0, 0, 0, 0, 97, 9, 0, 0, 0, 0, 0, 0, 98, 9, 0, 0, 0, 0, 0, 0, 99, 9, 0, 0], [0, 0, 0, 0, 100, 9, 0, 0, 0, 0, 0, 0, 101, 9, 0, 0, 0, 0, 0, 0, 102, 9, 0, 0, 0, 0, 0, 0, 103, 9, 0, 0], [0, 0, 0, 0, 104, 9, 0, 0, 0, 0, 0, 0, 105, 9, 0, 0, 0, 0, 0, 0, 106, 9, 0, 0, 0, 0, 0, 0, 107, 9, 0, 0], [0, 0, 0, 0, 108, 9, 0, 0, 0, 0, 0, 0, 109, 9, 0, 0, 0, 0, 0, 0, 110, 9, 0, 0, 0, 0, 0, 0, 111, 9, 0, 0], [0, 0, 0, 0, 112, 9, 0, 0, 0, 0, 0, 0, 113, 9, 0, 0, 0, 0, 0, 0, 114, 9, 0, 0, 0, 0, 0, 0, 115, 9, 0, 0], [0, 0, 0, 0, 116, 9, 0, 0, 0, 0, 0, 0, 117, 9, 0, 0, 0, 0, 0, 0, 118, 9, 0, 0, 0, 0, 0, 0, 119, 9, 0, 0], [0, 0, 0, 0, 120, 9, 0, 0, 0, 0, 0, 0, 121, 9, 0, 0, 0, 0, 0, 0, 122, 9, 0, 0, 0, 0, 0, 0, 123, 9, 0, 0], [0, 0, 0, 0, 124, 9, 0, 0, 0, 0, 0, 0, 125, 9, 0, 0, 0, 0, 0, 0, 126, 9, 0, 0, 0, 0, 0, 0, 127, 9, 0, 0], [0, 0, 0, 0, 128, 9, 0, 0, 0, 0, 0, 0, 129, 9, 0, 0, 0, 0, 0, 0, 130, 9, 0, 0, 0, 0, 0, 0, 131, 9, 0, 0], [0, 0, 0, 0, 132, 9, 0, 0, 0, 0, 0, 0, 133, 9, 0, 0, 0, 0, 0, 0, 134, 9, 0, 0, 0, 0, 0, 0, 135, 9, 0, 0], [0, 0, 0, 0, 136, 9, 0, 0, 0, 0, 0, 0, 137, 9, 0, 0, 0, 0, 0, 0, 138, 9, 0, 0, 0, 0, 0, 0, 139, 9, 0, 0], [0, 0, 0, 0, 140, 9, 0, 0, 0, 0, 0, 0, 141, 9, 0, 0, 0, 0, 0, 0, 142, 9, 0, 0, 0, 0, 0, 0, 143, 9, 0, 0], [0, 0, 0, 0, 144, 9, 0, 0, 0, 0, 0, 0, 145, 9, 0, 0, 0, 0, 0, 0, 146, 9, 0, 0, 0, 0, 0, 0, 147, 9, 0, 0], [0, 0, 0, 0, 148, 9, 0, 0, 0, 0, 0, 0, 149, 9, 0, 0, 0, 0, 0, 0, 150, 9, 0, 0, 0, 0, 0, 0, 151, 9, 0, 0], [0, 0, 0, 0, 152, 9, 0, 0, 0, 0, 0, 0, 153, 9, 0, 0, 0, 0, 0, 0, 154, 9, 0, 0, 0, 0, 0, 0, 155, 9, 0, 0], [0, 0, 0, 0, 156, 9, 0, 0, 0, 0, 0, 0, 157, 9, 0, 0, 0, 0, 0, 0, 158, 9, 0, 0, 0, 0, 0, 0, 159, 9, 0, 0], [0, 0, 0, 0, 160, 9, 0, 0, 0, 0, 0, 0, 161, 9, 0, 0, 0, 0, 0, 0, 162, 9, 0, 0, 0, 0, 0, 0, 163, 9, 0, 0], [0, 0, 0, 0, 164, 9, 0, 0, 0, 0, 0, 0, 165, 9, 0, 0, 0, 0, 0, 0, 166, 9, 0, 0, 0, 0, 0, 0, 167, 9, 0, 0], [0, 0, 0, 0, 168, 9, 0, 0, 0, 0, 0, 0, 169, 9, 0, 0, 0, 0, 0, 0, 170, 9, 0, 0, 0, 0, 0, 0, 171, 9, 0, 0], [0, 0, 0, 0, 172, 9, 0, 0, 0, 0, 0, 0, 173, 9, 0, 0, 0, 0, 0, 0, 174, 9, 0, 0, 0, 0, 0, 0, 175, 9, 0, 0], [0, 0, 0, 0, 176, 9, 0, 0, 0, 0, 0, 0, 177, 9, 0, 0, 0, 0, 0, 0, 178, 9, 0, 0, 0, 0, 0, 0, 179, 9, 0, 0], [0, 0, 0, 0, 180, 9, 0, 0, 0, 0, 0, 0, 181, 9, 0, 0, 0, 0, 0, 0, 182, 9, 0, 0, 0, 0, 0, 0, 183, 9, 0, 0], [0, 0, 0, 0, 184, 9, 0, 0, 0, 0, 0, 0, 185, 9, 0, 0, 0, 0, 0, 0, 186, 9, 0, 0, 0, 0, 0, 0, 187, 9, 0, 0], [0, 0, 0, 0, 188, 9, 0, 0, 0, 0, 0, 0, 189, 9, 0, 0, 0, 0, 0, 0, 190, 9, 0, 0, 0, 0, 0, 0, 191, 9, 0, 0], [0, 0, 0, 0, 192, 9, 0, 0, 0, 0, 0, 0, 193, 9, 0, 0, 0, 0, 0, 0, 194, 9, 0, 0, 0, 0, 0, 0, 195, 9, 0, 0], [0, 0, 0, 0, 196, 9, 0, 0, 0, 0, 0, 0, 197, 9, 0, 0, 0, 0, 0, 0, 198, 9, 0, 0, 0, 0, 0, 0, 199, 9, 0, 0], [0, 0, 0, 0, 200, 9, 0, 0, 0, 0, 0, 0, 201, 9, 0, 0, 0, 0, 0, 0, 202, 9, 0, 0, 0, 0, 0, 0, 203, 9, 0, 0], [0, 0, 0, 0, 204, 9, 0, 0, 0, 0, 0, 0, 205, 9, 0, 0, 0, 0, 0, 0, 206, 9, 0, 0, 0, 0, 0, 0, 207, 9, 0, 0], [0, 0, 0, 0, 208, 9, 0, 0, 0, 0, 0, 0, 209, 9, 0, 0, 0, 0, 0, 0, 210, 9, 0, 0, 0, 0, 0, 0, 211, 9, 0, 0], [0, 0, 0, 0, 212, 9, 0, 0, 0, 0, 0, 0, 213, 9, 0, 0, 0, 0, 0, 0, 214, 9, 0, 0, 0, 0, 0, 0, 215, 9, 0, 0], [0, 0, 0, 0, 216, 9, 0, 0, 0, 0, 0, 0, 217, 9, 0, 0, 0, 0, 0, 0, 218, 9, 0, 0, 0, 0, 0, 0, 219, 9, 0, 0], [0, 0, 0, 0, 220, 9, 0, 0, 0, 0, 0, 0, 221, 9, 0, 0, 0, 0, 0, 0, 222, 9, 0, 0, 0, 0, 0, 0, 223, 9, 0, 0], [0, 0, 0, 0, 224, 9, 0, 0, 0, 0, 0, 0, 225, 9, 0, 0, 0, 0, 0, 0, 226, 9, 0, 0, 0, 0, 0, 0, 227, 9, 0, 0], [0, 0, 0, 0, 228, 9, 0, 0, 0, 0, 0, 0, 229, 9, 0, 0, 0, 0, 0, 0, 230, 9, 0, 0, 0, 0, 0, 0, 231, 9, 0, 0], [0, 0, 0, 0, 232, 9, 0, 0, 0, 0, 0, 0, 233, 9, 0, 0, 0, 0, 0, 0, 234, 9, 0, 0, 0, 0, 0, 0, 235, 9, 0, 0], [0, 0, 0, 0, 236, 9, 0, 0, 0, 0, 0, 0, 237, 9, 0, 0, 0, 0, 0, 0, 238, 9, 0, 0, 0, 0, 0, 0, 239, 9, 0, 0], [0, 0, 0, 0, 240, 9, 0, 0, 0, 0, 0, 0, 241, 9, 0, 0, 0, 0, 0, 0, 242, 9, 0, 0, 0, 0, 0, 0, 243, 9, 0, 0], [0, 0, 0, 0, 244, 9, 0, 0, 0, 0, 0, 0, 245, 9, 0, 0, 0, 0, 0, 0, 246, 9, 0, 0, 0, 0, 0, 0, 247, 9, 0, 0], [0, 0, 0, 0, 248, 9, 0, 0, 0, 0, 0, 0, 249, 9, 0, 0, 0, 0, 0, 0, 250, 9, 0, 0, 0, 0, 0, 0, 251, 9, 0, 0], [0, 0, 0, 0, 252, 9, 0, 0, 0, 0, 0, 0, 253, 9, 0, 0, 0, 0, 0, 0, 254, 9, 0, 0, 0, 0, 0, 0, 255, 9, 0, 0], [0, 0, 0, 0, 0, 10, 0, 0, 0, 0, 0, 0, 1, 10, 0, 0, 0, 0, 0, 0, 2, 10, 0, 0, 0, 0, 0, 0, 3, 10, 0, 0], [0, 0, 0, 0, 4, 10, 0, 0, 0, 0, 0, 0, 5, 10, 0, 0, 0, 0, 0, 0, 6, 10, 0, 0, 0, 0, 0, 0, 7, 10, 0, 0], [0, 0, 0, 0, 8, 10, 0, 0, 0, 0, 0, 0, 9, 10, 0, 0, 0, 0, 0, 0, 10, 10, 0, 0, 0, 0, 0, 0, 11, 10, 0, 0], [0, 0, 0, 0, 12, 10, 0, 0, 0, 0, 0, 0, 13, 10, 0, 0, 0, 0, 0, 0, 14, 10, 0, 0, 0, 0, 0, 0, 15, 10, 0, 0], [0, 0, 0, 0, 16, 10, 0, 0, 0, 0, 0, 0, 17, 10, 0, 0, 0, 0, 0, 0, 18, 10, 0, 0, 0, 0, 0, 0, 19, 10, 0, 0], [0, 0, 0, 0, 20, 10, 0, 0, 0, 0, 0, 0, 21, 10, 0, 0, 0, 0, 0, 0, 22, 10, 0, 0, 0, 0, 0, 0, 23, 10, 0, 0], [0, 0, 0, 0, 24, 10, 0, 0, 0, 0, 0, 0, 25, 10, 0, 0, 0, 0, 0, 0, 26, 10, 0, 0, 0, 0, 0, 0, 27, 10, 0, 0], [0, 0, 0, 0, 28, 10, 0, 0, 0, 0, 0, 0, 29, 10, 0, 0, 0, 0, 0, 0, 30, 10, 0, 0, 0, 0, 0, 0, 31, 10, 0, 0], [0, 0, 0, 0, 32, 10, 0, 0, 0, 0, 0, 0, 33, 10, 0, 0, 0, 0, 0, 0, 34, 10, 0, 0, 0, 0, 0, 0, 35, 10, 0, 0], [0, 0, 0, 0, 36, 10, 0, 0, 0, 0, 0, 0, 37, 10, 0, 0, 0, 0, 0, 0, 38, 10, 0, 0, 0, 0, 0, 0, 39, 10, 0, 0], [0, 0, 0, 0, 40, 10, 0, 0, 0, 0, 0, 0, 41, 10, 0, 0, 0, 0, 0, 0, 42, 10, 0, 0, 0, 0, 0, 0, 43, 10, 0, 0], [0, 0, 0, 0, 44, 10, 0, 0, 0, 0, 0, 0, 45, 10, 0, 0, 0, 0, 0, 0, 46, 10, 0, 0, 0, 0, 0, 0, 47, 10, 0, 0], [0, 0, 0, 0, 48, 10, 0, 0, 0, 0, 0, 0, 49, 10, 0, 0, 0, 0, 0, 0, 50, 10, 0, 0, 0, 0, 0, 0, 51, 10, 0, 0], [0, 0, 0, 0, 52, 10, 0, 0, 0, 0, 0, 0, 53, 10, 0, 0, 0, 0, 0, 0, 54, 10, 0, 0, 0, 0, 0, 0, 55, 10, 0, 0], [0, 0, 0, 0, 56, 10, 0, 0, 0, 0, 0, 0, 57, 10, 0, 0, 0, 0, 0, 0, 58, 10, 0, 0, 0, 0, 0, 0, 59, 10, 0, 0], [0, 0, 0, 0, 60, 10, 0, 0, 0, 0, 0, 0, 61, 10, 0, 0, 0, 0, 0, 0, 62, 10, 0, 0, 0, 0, 0, 0, 63, 10, 0, 0], [0, 0, 0, 0, 64, 10, 0, 0, 0, 0, 0, 0, 65, 10, 0, 0, 0, 0, 0, 0, 66, 10, 0, 0, 0, 0, 0, 0, 67, 10, 0, 0], [0, 0, 0, 0, 68, 10, 0, 0, 0, 0, 0, 0, 69, 10, 0, 0, 0, 0, 0, 0, 70, 10, 0, 0, 0, 0, 0, 0, 71, 10, 0, 0], [0, 0, 0, 0, 72, 10, 0, 0, 0, 0, 0, 0, 73, 10, 0, 0, 0, 0, 0, 0, 74, 10, 0, 0, 0, 0, 0, 0, 75, 10, 0, 0], [0, 0, 0, 0, 76, 10, 0, 0, 0, 0, 0, 0, 77, 10, 0, 0, 0, 0, 0, 0, 78, 10, 0, 0, 0, 0, 0, 0, 79, 10, 0, 0], [0, 0, 0, 0, 80, 10, 0, 0, 0, 0, 0, 0, 81, 10, 0, 0, 0, 0, 0, 0, 82, 10, 0, 0, 0, 0, 0, 0, 83, 10, 0, 0], [0, 0, 0, 0, 84, 10, 0, 0, 0, 0, 0, 0, 85, 10, 0, 0, 0, 0, 0, 0, 86, 10, 0, 0, 0, 0, 0, 0, 87, 10, 0, 0], [0, 0, 0, 0, 88, 10, 0, 0, 0, 0, 0, 0, 89, 10, 0, 0, 0, 0, 0, 0, 90, 10, 0, 0, 0, 0, 0, 0, 91, 10, 0, 0], [0, 0, 0, 0, 92, 10, 0, 0, 0, 0, 0, 0, 93, 10, 0, 0, 0, 0, 0, 0, 94, 10, 0, 0, 0, 0, 0, 0, 95, 10, 0, 0], [0, 0, 0, 0, 96, 10, 0, 0, 0, 0, 0, 0, 97, 10, 0, 0, 0, 0, 0, 0, 98, 10, 0, 0, 0, 0, 0, 0, 99, 10, 0, 0], [0, 0, 0, 0, 100, 10, 0, 0, 0, 0, 0, 0, 101, 10, 0, 0, 0, 0, 0, 0, 102, 10, 0, 0, 0, 0, 0, 0, 103, 10, 0, 0], [0, 0, 0, 0, 104, 10, 0, 0, 0, 0, 0, 0, 105, 10, 0, 0, 0, 0, 0, 0, 106, 10, 0, 0, 0, 0, 0, 0, 107, 10, 0, 0], [0, 0, 0, 0, 108, 10, 0, 0, 0, 0, 0, 0, 109, 10, 0, 0, 0, 0, 0, 0, 110, 10, 0, 0, 0, 0, 0, 0, 111, 10, 0, 0], [0, 0, 0, 0, 112, 10, 0, 0, 0, 0, 0, 0, 113, 10, 0, 0, 0, 0, 0, 0, 114, 10, 0, 0, 0, 0, 0, 0, 115, 10, 0, 0], [0, 0, 0, 0, 116, 10, 0, 0, 0, 0, 0, 0, 117, 10, 0, 0, 0, 0, 0, 0, 118, 10, 0, 0, 0, 0, 0, 0, 119, 10, 0, 0], [0, 0, 0, 0, 120, 10, 0, 0, 0, 0, 0, 0, 121, 10, 0, 0, 0, 0, 0, 0, 122, 10, 0, 0, 0, 0, 0, 0, 123, 10, 0, 0], [0, 0, 0, 0, 124, 10, 0, 0, 0, 0, 0, 0, 125, 10, 0, 0, 0, 0, 0, 0, 126, 10, 0, 0, 0, 0, 0, 0, 127, 10, 0, 0], [0, 0, 0, 0, 128, 10, 0, 0, 0, 0, 0, 0, 129, 10, 0, 0, 0, 0, 0, 0, 130, 10, 0, 0, 0, 0, 0, 0, 131, 10, 0, 0], [0, 0, 0, 0, 132, 10, 0, 0, 0, 0, 0, 0, 133, 10, 0, 0, 0, 0, 0, 0, 134, 10, 0, 0, 0, 0, 0, 0, 135, 10, 0, 0], [0, 0, 0, 0, 136, 10, 0, 0, 0, 0, 0, 0, 137, 10, 0, 0, 0, 0, 0, 0, 138, 10, 0, 0, 0, 0, 0, 0, 139, 10, 0, 0], [0, 0, 0, 0, 140, 10, 0, 0, 0, 0, 0, 0, 141, 10, 0, 0, 0, 0, 0, 0, 142, 10, 0, 0, 0, 0, 0, 0, 143, 10, 0, 0], [0, 0, 0, 0, 144, 10, 0, 0, 0, 0, 0, 0, 145, 10, 0, 0, 0, 0, 0, 0, 146, 10, 0, 0, 0, 0, 0, 0, 147, 10, 0, 0], [0, 0, 0, 0, 148, 10, 0, 0, 0, 0, 0, 0, 149, 10, 0, 0, 0, 0, 0, 0, 150, 10, 0, 0, 0, 0, 0, 0, 151, 10, 0, 0], [0, 0, 0, 0, 152, 10, 0, 0, 0, 0, 0, 0, 153, 10, 0, 0, 0, 0, 0, 0, 154, 10, 0, 0, 0, 0, 0, 0, 155, 10, 0, 0], [0, 0, 0, 0, 156, 10, 0, 0, 0, 0, 0, 0, 157, 10, 0, 0, 0, 0, 0, 0, 158, 10, 0, 0, 0, 0, 0, 0, 159, 10, 0, 0], [0, 0, 0, 0, 160, 10, 0, 0, 0, 0, 0, 0, 161, 10, 0, 0, 0, 0, 0, 0, 162, 10, 0, 0, 0, 0, 0, 0, 163, 10, 0, 0], [0, 0, 0, 0, 164, 10, 0, 0, 0, 0, 0, 0, 165, 10, 0, 0, 0, 0, 0, 0, 166, 10, 0, 0, 0, 0, 0, 0, 167, 10, 0, 0], [0, 0, 0, 0, 168, 10, 0, 0, 0, 0, 0, 0, 169, 10, 0, 0, 0, 0, 0, 0, 170, 10, 0, 0, 0, 0, 0, 0, 171, 10, 0, 0], [0, 0, 0, 0, 172, 10, 0, 0, 0, 0, 0, 0, 173, 10, 0, 0, 0, 0, 0, 0, 174, 10, 0, 0, 0, 0, 0, 0, 175, 10, 0, 0], [0, 0, 0, 0, 176, 10, 0, 0, 0, 0, 0, 0, 177, 10, 0, 0, 0, 0, 0, 0, 178, 10, 0, 0, 0, 0, 0, 0, 179, 10, 0, 0], [0, 0, 0, 0, 180, 10, 0, 0, 0, 0, 0, 0, 181, 10, 0, 0, 0, 0, 0, 0, 182, 10, 0, 0, 0, 0, 0, 0, 183, 10, 0, 0], [0, 0, 0, 0, 184, 10, 0, 0, 0, 0, 0, 0, 185, 10, 0, 0, 0, 0, 0, 0, 186, 10, 0, 0, 0, 0, 0, 0, 187, 10, 0, 0], [0, 0, 0, 0, 188, 10, 0, 0, 0, 0, 0, 0, 189, 10, 0, 0, 0, 0, 0, 0, 190, 10, 0, 0, 0, 0, 0, 0, 191, 10, 0, 0], [0, 0, 0, 0, 192, 10, 0, 0, 0, 0, 0, 0, 193, 10, 0, 0, 0, 0, 0, 0, 194, 10, 0, 0, 0, 0, 0, 0, 195, 10, 0, 0], [0, 0, 0, 0, 196, 10, 0, 0, 0, 0, 0, 0, 197, 10, 0, 0, 0, 0, 0, 0, 198, 10, 0, 0, 0, 0, 0, 0, 199, 10, 0, 0], [0, 0, 0, 0, 200, 10, 0, 0, 0, 0, 0, 0, 201, 10, 0, 0, 0, 0, 0, 0, 202, 10, 0, 0, 0, 0, 0, 0, 203, 10, 0, 0], [0, 0, 0, 0, 204, 10, 0, 0, 0, 0, 0, 0, 205, 10, 0, 0, 0, 0, 0, 0, 206, 10, 0, 0, 0, 0, 0, 0, 207, 10, 0, 0], [0, 0, 0, 0, 208, 10, 0, 0, 0, 0, 0, 0, 209, 10, 0, 0, 0, 0, 0, 0, 210, 10, 0, 0, 0, 0, 0, 0, 211, 10, 0, 0], [0, 0, 0, 0, 212, 10, 0, 0, 0, 0, 0, 0, 213, 10, 0, 0, 0, 0, 0, 0, 214, 10, 0, 0, 0, 0, 0, 0, 215, 10, 0, 0], [0, 0, 0, 0, 216, 10, 0, 0, 0, 0, 0, 0, 217, 10, 0, 0, 0, 0, 0, 0, 218, 10, 0, 0, 0, 0, 0, 0, 219, 10, 0, 0], [0, 0, 0, 0, 220, 10, 0, 0, 0, 0, 0, 0, 221, 10, 0, 0, 0, 0, 0, 0, 222, 10, 0, 0, 0, 0, 0, 0, 223, 10, 0, 0], [0, 0, 0, 0, 224, 10, 0, 0, 0, 0, 0, 0, 225, 10, 0, 0, 0, 0, 0, 0, 226, 10, 0, 0, 0, 0, 0, 0, 227, 10, 0, 0], [0, 0, 0, 0, 228, 10, 0, 0, 0, 0, 0, 0, 229, 10, 0, 0, 0, 0, 0, 0, 230, 10, 0, 0, 0, 0, 0, 0, 231, 10, 0, 0], [0, 0, 0, 0, 232, 10, 0, 0, 0, 0, 0, 0, 233, 10, 0, 0, 0, 0, 0, 0, 234, 10, 0, 0, 0, 0, 0, 0, 235, 10, 0, 0], [0, 0, 0, 0, 236, 10, 0, 0, 0, 0, 0, 0, 237, 10, 0, 0, 0, 0, 0, 0, 238, 10, 0, 0, 0, 0, 0, 0, 239, 10, 0, 0], [0, 0, 0, 0, 240, 10, 0, 0, 0, 0, 0, 0, 241, 10, 0, 0, 0, 0, 0, 0, 242, 10, 0, 0, 0, 0, 0, 0, 243, 10, 0, 0], [0, 0, 0, 0, 244, 10, 0, 0, 0, 0, 0, 0, 245, 10, 0, 0, 0, 0, 0, 0, 246, 10, 0, 0, 0, 0, 0, 0, 247, 10, 0, 0], [0, 0, 0, 0, 248, 10, 0, 0, 0, 0, 0, 0, 249, 10, 0, 0, 0, 0, 0, 0, 250, 10, 0, 0, 0, 0, 0, 0, 251, 10, 0, 0], [0, 0, 0, 0, 252, 10, 0, 0, 0, 0, 0, 0, 253, 10, 0, 0, 0, 0, 0, 0, 254, 10, 0, 0, 0, 0, 0, 0, 255, 10, 0, 0], [0, 0, 0, 0, 0, 11, 0, 0, 0, 0, 0, 0, 1, 11, 0, 0, 0, 0, 0, 0, 2, 11, 0, 0, 0, 0, 0, 0, 3, 11, 0, 0], [0, 0, 0, 0, 4, 11, 0, 0, 0, 0, 0, 0, 5, 11, 0, 0, 0, 0, 0, 0, 6, 11, 0, 0, 0, 0, 0, 0, 7, 11, 0, 0], [0, 0, 0, 0, 8, 11, 0, 0, 0, 0, 0, 0, 9, 11, 0, 0, 0, 0, 0, 0, 10, 11, 0, 0, 0, 0, 0, 0, 11, 11, 0, 0], [0, 0, 0, 0, 12, 11, 0, 0, 0, 0, 0, 0, 13, 11, 0, 0, 0, 0, 0, 0, 14, 11, 0, 0, 0, 0, 0, 0, 15, 11, 0, 0], [0, 0, 0, 0, 16, 11, 0, 0, 0, 0, 0, 0, 17, 11, 0, 0, 0, 0, 0, 0, 18, 11, 0, 0, 0, 0, 0, 0, 19, 11, 0, 0], [0, 0, 0, 0, 20, 11, 0, 0, 0, 0, 0, 0, 21, 11, 0, 0, 0, 0, 0, 0, 22, 11, 0, 0, 0, 0, 0, 0, 23, 11, 0, 0], [0, 0, 0, 0, 24, 11, 0, 0, 0, 0, 0, 0, 25, 11, 0, 0, 0, 0, 0, 0, 26, 11, 0, 0, 0, 0, 0, 0, 27, 11, 0, 0], [0, 0, 0, 0, 28, 11, 0, 0, 0, 0, 0, 0, 29, 11, 0, 0, 0, 0, 0, 0, 30, 11, 0, 0, 0, 0, 0, 0, 31, 11, 0, 0], [0, 0, 0, 0, 32, 11, 0, 0, 0, 0, 0, 0, 33, 11, 0, 0, 0, 0, 0, 0, 34, 11, 0, 0, 0, 0, 0, 0, 35, 11, 0, 0], [0, 0, 0, 0, 36, 11, 0, 0, 0, 0, 0, 0, 37, 11, 0, 0, 0, 0, 0, 0, 38, 11, 0, 0, 0, 0, 0, 0, 39, 11, 0, 0], [0, 0, 0, 0, 40, 11, 0, 0, 0, 0, 0, 0, 41, 11, 0, 0, 0, 0, 0, 0, 42, 11, 0, 0, 0, 0, 0, 0, 43, 11, 0, 0], [0, 0, 0, 0, 44, 11, 0, 0, 0, 0, 0, 0, 45, 11, 0, 0, 0, 0, 0, 0, 46, 11, 0, 0, 0, 0, 0, 0, 47, 11, 0, 0], [0, 0, 0, 0, 48, 11, 0, 0, 0, 0, 0, 0, 49, 11, 0, 0, 0, 0, 0, 0, 50, 11, 0, 0, 0, 0, 0, 0, 51, 11, 0, 0], [0, 0, 0, 0, 52, 11, 0, 0, 0, 0, 0, 0, 53, 11, 0, 0, 0, 0, 0, 0, 54, 11, 0, 0, 0, 0, 0, 0, 55, 11, 0, 0], [0, 0, 0, 0, 56, 11, 0, 0, 0, 0, 0, 0, 57, 11, 0, 0, 0, 0, 0, 0, 58, 11, 0, 0, 0, 0, 0, 0, 59, 11, 0, 0], [0, 0, 0, 0, 60, 11, 0, 0, 0, 0, 0, 0, 61, 11, 0, 0, 0, 0, 0, 0, 62, 11, 0, 0, 0, 0, 0, 0, 63, 11, 0, 0], [0, 0, 0, 0, 64, 11, 0, 0, 0, 0, 0, 0, 65, 11, 0, 0, 0, 0, 0, 0, 66, 11, 0, 0, 0, 0, 0, 0, 67, 11, 0, 0], [0, 0, 0, 0, 68, 11, 0, 0, 0, 0, 0, 0, 69, 11, 0, 0, 0, 0, 0, 0, 70, 11, 0, 0, 0, 0, 0, 0, 71, 11, 0, 0], [0, 0, 0, 0, 72, 11, 0, 0, 0, 0, 0, 0, 73, 11, 0, 0, 0, 0, 0, 0, 74, 11, 0, 0, 0, 0, 0, 0, 75, 11, 0, 0], [0, 0, 0, 0, 76, 11, 0, 0, 0, 0, 0, 0, 77, 11, 0, 0, 0, 0, 0, 0, 78, 11, 0, 0, 0, 0, 0, 0, 79, 11, 0, 0], [0, 0, 0, 0, 80, 11, 0, 0, 0, 0, 0, 0, 81, 11, 0, 0, 0, 0, 0, 0, 82, 11, 0, 0, 0, 0, 0, 0, 83, 11, 0, 0], [0, 0, 0, 0, 84, 11, 0, 0, 0, 0, 0, 0, 85, 11, 0, 0, 0, 0, 0, 0, 86, 11, 0, 0, 0, 0, 0, 0, 87, 11, 0, 0], [0, 0, 0, 0, 88, 11, 0, 0, 0, 0, 0, 0, 89, 11, 0, 0, 0, 0, 0, 0, 90, 11, 0, 0, 0, 0, 0, 0, 91, 11, 0, 0], [0, 0, 0, 0, 92, 11, 0, 0, 0, 0, 0, 0, 93, 11, 0, 0, 0, 0, 0, 0, 94, 11, 0, 0, 0, 0, 0, 0, 95, 11, 0, 0], [0, 0, 0, 0, 96, 11, 0, 0, 0, 0, 0, 0, 97, 11, 0, 0, 0, 0, 0, 0, 98, 11, 0, 0, 0, 0, 0, 0, 99, 11, 0, 0], [0, 0, 0, 0, 100, 11, 0, 0, 0, 0, 0, 0, 101, 11, 0, 0, 0, 0, 0, 0, 102, 11, 0, 0, 0, 0, 0, 0, 103, 11, 0, 0], [0, 0, 0, 0, 104, 11, 0, 0, 0, 0, 0, 0, 105, 11, 0, 0, 0, 0, 0, 0, 106, 11, 0, 0, 0, 0, 0, 0, 107, 11, 0, 0], [0, 0, 0, 0, 108, 11, 0, 0, 0, 0, 0, 0, 109, 11, 0, 0, 0, 0, 0, 0, 110, 11, 0, 0, 0, 0, 0, 0, 111, 11, 0, 0], [0, 0, 0, 0, 112, 11, 0, 0, 0, 0, 0, 0, 113, 11, 0, 0, 0, 0, 0, 0, 114, 11, 0, 0, 0, 0, 0, 0, 115, 11, 0, 0], [0, 0, 0, 0, 116, 11, 0, 0, 0, 0, 0, 0, 117, 11, 0, 0, 0, 0, 0, 0, 118, 11, 0, 0, 0, 0, 0, 0, 119, 11, 0, 0], [0, 0, 0, 0, 120, 11, 0, 0, 0, 0, 0, 0, 121, 11, 0, 0, 0, 0, 0, 0, 122, 11, 0, 0, 0, 0, 0, 0, 123, 11, 0, 0], [0, 0, 0, 0, 124, 11, 0, 0, 0, 0, 0, 0, 125, 11, 0, 0, 0, 0, 0, 0, 126, 11, 0, 0, 0, 0, 0, 0, 127, 11, 0, 0], [0, 0, 0, 0, 128, 11, 0, 0, 0, 0, 0, 0, 129, 11, 0, 0, 0, 0, 0, 0, 130, 11, 0, 0, 0, 0, 0, 0, 131, 11, 0, 0], [0, 0, 0, 0, 132, 11, 0, 0, 0, 0, 0, 0, 133, 11, 0, 0, 0, 0, 0, 0, 134, 11, 0, 0, 0, 0, 0, 0, 135, 11, 0, 0], [0, 0, 0, 0, 136, 11, 0, 0, 0, 0, 0, 0, 137, 11, 0, 0, 0, 0, 0, 0, 138, 11, 0, 0, 0, 0, 0, 0, 139, 11, 0, 0], [0, 0, 0, 0, 140, 11, 0, 0, 0, 0, 0, 0, 141, 11, 0, 0, 0, 0, 0, 0, 142, 11, 0, 0, 0, 0, 0, 0, 143, 11, 0, 0], [0, 0, 0, 0, 144, 11, 0, 0, 0, 0, 0, 0, 145, 11, 0, 0, 0, 0, 0, 0, 146, 11, 0, 0, 0, 0, 0, 0, 147, 11, 0, 0], [0, 0, 0, 0, 148, 11, 0, 0, 0, 0, 0, 0, 149, 11, 0, 0, 0, 0, 0, 0, 150, 11, 0, 0, 0, 0, 0, 0, 151, 11, 0, 0], [0, 0, 0, 0, 152, 11, 0, 0, 0, 0, 0, 0, 153, 11, 0, 0, 0, 0, 0, 0, 154, 11, 0, 0, 0, 0, 0, 0, 155, 11, 0, 0], [0, 0, 0, 0, 156, 11, 0, 0, 0, 0, 0, 0, 157, 11, 0, 0, 0, 0, 0, 0, 158, 11, 0, 0, 0, 0, 0, 0, 159, 11, 0, 0], [0, 0, 0, 0, 160, 11, 0, 0, 0, 0, 0, 0, 161, 11, 0, 0, 0, 0, 0, 0, 162, 11, 0, 0, 0, 0, 0, 0, 163, 11, 0, 0], [0, 0, 0, 0, 164, 11, 0, 0, 0, 0, 0, 0, 165, 11, 0, 0, 0, 0, 0, 0, 166, 11, 0, 0, 0, 0, 0, 0, 167, 11, 0, 0], [0, 0, 0, 0, 168, 11, 0, 0, 0, 0, 0, 0, 169, 11, 0, 0, 0, 0, 0, 0, 170, 11, 0, 0, 0, 0, 0, 0, 171, 11, 0, 0], [0, 0, 0, 0, 172, 11, 0, 0, 0, 0, 0, 0, 173, 11, 0, 0, 0, 0, 0, 0, 174, 11, 0, 0, 0, 0, 0, 0, 175, 11, 0, 0], [0, 0, 0, 0, 176, 11, 0, 0, 0, 0, 0, 0, 177, 11, 0, 0, 0, 0, 0, 0, 178, 11, 0, 0, 0, 0, 0, 0, 179, 11, 0, 0], [0, 0, 0, 0, 180, 11, 0, 0, 0, 0, 0, 0, 181, 11, 0, 0, 0, 0, 0, 0, 182, 11, 0, 0, 0, 0, 0, 0, 183, 11, 0, 0], [0, 0, 0, 0, 184, 11, 0, 0, 0, 0, 0, 0, 185, 11, 0, 0, 0, 0, 0, 0, 186, 11, 0, 0, 0, 0, 0, 0, 187, 11, 0, 0], [0, 0, 0, 0, 188, 11, 0, 0, 0, 0, 0, 0, 189, 11, 0, 0, 0, 0, 0, 0, 190, 11, 0, 0, 0, 0, 0, 0, 191, 11, 0, 0], [0, 0, 0, 0, 192, 11, 0, 0, 0, 0, 0, 0, 193, 11, 0, 0, 0, 0, 0, 0, 194, 11, 0, 0, 0, 0, 0, 0, 195, 11, 0, 0], [0, 0, 0, 0, 196, 11, 0, 0, 0, 0, 0, 0, 197, 11, 0, 0, 0, 0, 0, 0, 198, 11, 0, 0, 0, 0, 0, 0, 199, 11, 0, 0], [0, 0, 0, 0, 200, 11, 0, 0, 0, 0, 0, 0, 201, 11, 0, 0, 0, 0, 0, 0, 202, 11, 0, 0, 0, 0, 0, 0, 203, 11, 0, 0], [0, 0, 0, 0, 204, 11, 0, 0, 0, 0, 0, 0, 205, 11, 0, 0, 0, 0, 0, 0, 206, 11, 0, 0, 0, 0, 0, 0, 207, 11, 0, 0], [0, 0, 0, 0, 208, 11, 0, 0, 0, 0, 0, 0, 209, 11, 0, 0, 0, 0, 0, 0, 210, 11, 0, 0, 0, 0, 0, 0, 211, 11, 0, 0], [0, 0, 0, 0, 212, 11, 0, 0, 0, 0, 0, 0, 213, 11, 0, 0, 0, 0, 0, 0, 214, 11, 0, 0, 0, 0, 0, 0, 215, 11, 0, 0], [0, 0, 0, 0, 216, 11, 0, 0, 0, 0, 0, 0, 217, 11, 0, 0, 0, 0, 0, 0, 218, 11, 0, 0, 0, 0, 0, 0, 219, 11, 0, 0], [0, 0, 0, 0, 220, 11, 0, 0, 0, 0, 0, 0, 221, 11, 0, 0, 0, 0, 0, 0, 222, 11, 0, 0, 0, 0, 0, 0, 223, 11, 0, 0], [0, 0, 0, 0, 224, 11, 0, 0, 0, 0, 0, 0, 225, 11, 0, 0, 0, 0, 0, 0, 226, 11, 0, 0, 0, 0, 0, 0, 227, 11, 0, 0], [0, 0, 0, 0, 228, 11, 0, 0, 0, 0, 0, 0, 229, 11, 0, 0, 0, 0, 0, 0, 230, 11, 0, 0, 0, 0, 0, 0, 231, 11, 0, 0], [0, 0, 0, 0, 232, 11, 0, 0, 0, 0, 0, 0, 233, 11, 0, 0, 0, 0, 0, 0, 234, 11, 0, 0, 0, 0, 0, 0, 235, 11, 0, 0], [0, 0, 0, 0, 236, 11, 0, 0, 0, 0, 0, 0, 237, 11, 0, 0, 0, 0, 0, 0, 238, 11, 0, 0, 0, 0, 0, 0, 239, 11, 0, 0], [0, 0, 0, 0, 240, 11, 0, 0, 0, 0, 0, 0, 241, 11, 0, 0, 0, 0, 0, 0, 242, 11, 0, 0, 0, 0, 0, 0, 243, 11, 0, 0], [0, 0, 0, 0, 244, 11, 0, 0, 0, 0, 0, 0, 245, 11, 0, 0, 0, 0, 0, 0, 246, 11, 0, 0, 0, 0, 0, 0, 247, 11, 0, 0], [0, 0, 0, 0, 248, 11, 0, 0, 0, 0, 0, 0, 249, 11, 0, 0, 0, 0, 0, 0, 250, 11, 0, 0, 0, 0, 0, 0, 251, 11, 0, 0], [0, 0, 0, 0, 252, 11, 0, 0, 0, 0, 0, 0, 253, 11, 0, 0, 0, 0, 0, 0, 254, 11, 0, 0, 0, 0, 0, 0, 255, 11, 0, 0], [0, 0, 0, 0, 0, 12, 0, 0, 0, 0, 0, 0, 1, 12, 0, 0, 0, 0, 0, 0, 2, 12, 0, 0, 0, 0, 0, 0, 3, 12, 0, 0], [0, 0, 0, 0, 4, 12, 0, 0, 0, 0, 0, 0, 5, 12, 0, 0, 0, 0, 0, 0, 6, 12, 0, 0, 0, 0, 0, 0, 7, 12, 0, 0], [0, 0, 0, 0, 8, 12, 0, 0, 0, 0, 0, 0, 9, 12, 0, 0, 0, 0, 0, 0, 10, 12, 0, 0, 0, 0, 0, 0, 11, 12, 0, 0], [0, 0, 0, 0, 12, 12, 0, 0, 0, 0, 0, 0, 13, 12, 0, 0, 0, 0, 0, 0, 14, 12, 0, 0, 0, 0, 0, 0, 15, 12, 0, 0], [0, 0, 0, 0, 16, 12, 0, 0, 0, 0, 0, 0, 17, 12, 0, 0, 0, 0, 0, 0, 18, 12, 0, 0, 0, 0, 0, 0, 19, 12, 0, 0], [0, 0, 0, 0, 20, 12, 0, 0, 0, 0, 0, 0, 21, 12, 0, 0, 0, 0, 0, 0, 22, 12, 0, 0, 0, 0, 0, 0, 23, 12, 0, 0], [0, 0, 0, 0, 24, 12, 0, 0, 0, 0, 0, 0, 25, 12, 0, 0, 0, 0, 0, 0, 26, 12, 0, 0, 0, 0, 0, 0, 27, 12, 0, 0], [0, 0, 0, 0, 28, 12, 0, 0, 0, 0, 0, 0, 29, 12, 0, 0, 0, 0, 0, 0, 30, 12, 0, 0, 0, 0, 0, 0, 31, 12, 0, 0], [0, 0, 0, 0, 32, 12, 0, 0, 0, 0, 0, 0, 33, 12, 0, 0, 0, 0, 0, 0, 34, 12, 0, 0, 0, 0, 0, 0, 35, 12, 0, 0], [0, 0, 0, 0, 36, 12, 0, 0, 0, 0, 0, 0, 37, 12, 0, 0, 0, 0, 0, 0, 38, 12, 0, 0, 0, 0, 0, 0, 39, 12, 0, 0], [0, 0, 0, 0, 40, 12, 0, 0, 0, 0, 0, 0, 41, 12, 0, 0, 0, 0, 0, 0, 42, 12, 0, 0, 0, 0, 0, 0, 43, 12, 0, 0], [0, 0, 0, 0, 44, 12, 0, 0, 0, 0, 0, 0, 45, 12, 0, 0, 0, 0, 0, 0, 46, 12, 0, 0, 0, 0, 0, 0, 47, 12, 0, 0], [0, 0, 0, 0, 48, 12, 0, 0, 0, 0, 0, 0, 49, 12, 0, 0, 0, 0, 0, 0, 50, 12, 0, 0, 0, 0, 0, 0, 51, 12, 0, 0], [0, 0, 0, 0, 52, 12, 0, 0, 0, 0, 0, 0, 53, 12, 0, 0, 0, 0, 0, 0, 54, 12, 0, 0, 0, 0, 0, 0, 55, 12, 0, 0], [0, 0, 0, 0, 56, 12, 0, 0, 0, 0, 0, 0, 57, 12, 0, 0, 0, 0, 0, 0, 58, 12, 0, 0, 0, 0, 0, 0, 59, 12, 0, 0], [0, 0, 0, 0, 60, 12, 0, 0, 0, 0, 0, 0, 61, 12, 0, 0, 0, 0, 0, 0, 62, 12, 0, 0, 0, 0, 0, 0, 63, 12, 0, 0], [0, 0, 0, 0, 64, 12, 0, 0, 0, 0, 0, 0, 65, 12, 0, 0, 0, 0, 0, 0, 66, 12, 0, 0, 0, 0, 0, 0, 67, 12, 0, 0], [0, 0, 0, 0, 68, 12, 0, 0, 0, 0, 0, 0, 69, 12, 0, 0, 0, 0, 0, 0, 70, 12, 0, 0, 0, 0, 0, 0, 71, 12, 0, 0], [0, 0, 0, 0, 72, 12, 0, 0, 0, 0, 0, 0, 73, 12, 0, 0, 0, 0, 0, 0, 74, 12, 0, 0, 0, 0, 0, 0, 75, 12, 0, 0], [0, 0, 0, 0, 76, 12, 0, 0, 0, 0, 0, 0, 77, 12, 0, 0, 0, 0, 0, 0, 78, 12, 0, 0, 0, 0, 0, 0, 79, 12, 0, 0], [0, 0, 0, 0, 80, 12, 0, 0, 0, 0, 0, 0, 81, 12, 0, 0, 0, 0, 0, 0, 82, 12, 0, 0, 0, 0, 0, 0, 83, 12, 0, 0], [0, 0, 0, 0, 84, 12, 0, 0, 0, 0, 0, 0, 85, 12, 0, 0, 0, 0, 0, 0, 86, 12, 0, 0, 0, 0, 0, 0, 87, 12, 0, 0], [0, 0, 0, 0, 88, 12, 0, 0, 0, 0, 0, 0, 89, 12, 0, 0, 0, 0, 0, 0, 90, 12, 0, 0, 0, 0, 0, 0, 91, 12, 0, 0], [0, 0, 0, 0, 92, 12, 0, 0, 0, 0, 0, 0, 93, 12, 0, 0, 0, 0, 0, 0, 94, 12, 0, 0, 0, 0, 0, 0, 95, 12, 0, 0], [0, 0, 0, 0, 96, 12, 0, 0, 0, 0, 0, 0, 97, 12, 0, 0, 0, 0, 0, 0, 98, 12, 0, 0, 0, 0, 0, 0, 99, 12, 0, 0], [0, 0, 0, 0, 100, 12, 0, 0, 0, 0, 0, 0, 101, 12, 0, 0, 0, 0, 0, 0, 102, 12, 0, 0, 0, 0, 0, 0, 103, 12, 0, 0], [0, 0, 0, 0, 104, 12, 0, 0, 0, 0, 0, 0, 105, 12, 0, 0, 0, 0, 0, 0, 106, 12, 0, 0, 0, 0, 0, 0, 107, 12, 0, 0], [0, 0, 0, 0, 108, 12, 0, 0, 0, 0, 0, 0, 109, 12, 0, 0, 0, 0, 0, 0, 110, 12, 0, 0, 0, 0, 0, 0, 111, 12, 0, 0], [0, 0, 0, 0, 112, 12, 0, 0, 0, 0, 0, 0, 113, 12, 0, 0, 0, 0, 0, 0, 114, 12, 0, 0, 0, 0, 0, 0, 115, 12, 0, 0], [0, 0, 0, 0, 116, 12, 0, 0, 0, 0, 0, 0, 117, 12, 0, 0, 0, 0, 0, 0, 118, 12, 0, 0, 0, 0, 0, 0, 119, 12, 0, 0], [0, 0, 0, 0, 120, 12, 0, 0, 0, 0, 0, 0, 121, 12, 0, 0, 0, 0, 0, 0, 122, 12, 0, 0, 0, 0, 0, 0, 123, 12, 0, 0], [0, 0, 0, 0, 124, 12, 0, 0, 0, 0, 0, 0, 125, 12, 0, 0, 0, 0, 0, 0, 126, 12, 0, 0, 0, 0, 0, 0, 127, 12, 0, 0], [0, 0, 0, 0, 128, 12, 0, 0, 0, 0, 0, 0, 129, 12, 0, 0, 0, 0, 0, 0, 130, 12, 0, 0, 0, 0, 0, 0, 131, 12, 0, 0], [0, 0, 0, 0, 132, 12, 0, 0, 0, 0, 0, 0, 133, 12, 0, 0, 0, 0, 0, 0, 134, 12, 0, 0, 0, 0, 0, 0, 135, 12, 0, 0], [0, 0, 0, 0, 136, 12, 0, 0, 0, 0, 0, 0, 137, 12, 0, 0, 0, 0, 0, 0, 138, 12, 0, 0, 0, 0, 0, 0, 139, 12, 0, 0], [0, 0, 0, 0, 140, 12, 0, 0, 0, 0, 0, 0, 141, 12, 0, 0, 0, 0, 0, 0, 142, 12, 0, 0, 0, 0, 0, 0, 143, 12, 0, 0], [0, 0, 0, 0, 144, 12, 0, 0, 0, 0, 0, 0, 145, 12, 0, 0, 0, 0, 0, 0, 146, 12, 0, 0, 0, 0, 0, 0, 147, 12, 0, 0], [0, 0, 0, 0, 148, 12, 0, 0, 0, 0, 0, 0, 149, 12, 0, 0, 0, 0, 0, 0, 150, 12, 0, 0, 0, 0, 0, 0, 151, 12, 0, 0], [0, 0, 0, 0, 152, 12, 0, 0, 0, 0, 0, 0, 153, 12, 0, 0, 0, 0, 0, 0, 154, 12, 0, 0, 0, 0, 0, 0, 155, 12, 0, 0], [0, 0, 0, 0, 156, 12, 0, 0, 0, 0, 0, 0, 157, 12, 0, 0, 0, 0, 0, 0, 158, 12, 0, 0, 0, 0, 0, 0, 159, 12, 0, 0], [0, 0, 0, 0, 160, 12, 0, 0, 0, 0, 0, 0, 161, 12, 0, 0, 0, 0, 0, 0, 162, 12, 0, 0, 0, 0, 0, 0, 163, 12, 0, 0], [0, 0, 0, 0, 164, 12, 0, 0, 0, 0, 0, 0, 165, 12, 0, 0, 0, 0, 0, 0, 166, 12, 0, 0, 0, 0, 0, 0, 167, 12, 0, 0], [0, 0, 0, 0, 168, 12, 0, 0, 0, 0, 0, 0, 169, 12, 0, 0, 0, 0, 0, 0, 170, 12, 0, 0, 0, 0, 0, 0, 171, 12, 0, 0], [0, 0, 0, 0, 172, 12, 0, 0, 0, 0, 0, 0, 173, 12, 0, 0, 0, 0, 0, 0, 174, 12, 0, 0, 0, 0, 0, 0, 175, 12, 0, 0], [0, 0, 0, 0, 176, 12, 0, 0, 0, 0, 0, 0, 177, 12, 0, 0, 0, 0, 0, 0, 178, 12, 0, 0, 0, 0, 0, 0, 179, 12, 0, 0], [0, 0, 0, 0, 180, 12, 0, 0, 0, 0, 0, 0, 181, 12, 0, 0, 0, 0, 0, 0, 182, 12, 0, 0, 0, 0, 0, 0, 183, 12, 0, 0], [0, 0, 0, 0, 184, 12, 0, 0, 0, 0, 0, 0, 185, 12, 0, 0, 0, 0, 0, 0, 186, 12, 0, 0, 0, 0, 0, 0, 187, 12, 0, 0], [0, 0, 0, 0, 188, 12, 0, 0, 0, 0, 0, 0, 189, 12, 0, 0, 0, 0, 0, 0, 190, 12, 0, 0, 0, 0, 0, 0, 191, 12, 0, 0], [0, 0, 0, 0, 192, 12, 0, 0, 0, 0, 0, 0, 193, 12, 0, 0, 0, 0, 0, 0, 194, 12, 0, 0, 0, 0, 0, 0, 195, 12, 0, 0], [0, 0, 0, 0, 196, 12, 0, 0, 0, 0, 0, 0, 197, 12, 0, 0, 0, 0, 0, 0, 198, 12, 0, 0, 0, 0, 0, 0, 199, 12, 0, 0], [0, 0, 0, 0, 200, 12, 0, 0, 0, 0, 0, 0, 201, 12, 0, 0, 0, 0, 0, 0, 202, 12, 0, 0, 0, 0, 0, 0, 203, 12, 0, 0], [0, 0, 0, 0, 204, 12, 0, 0, 0, 0, 0, 0, 205, 12, 0, 0, 0, 0, 0, 0, 206, 12, 0, 0, 0, 0, 0, 0, 207, 12, 0, 0], [0, 0, 0, 0, 208, 12, 0, 0, 0, 0, 0, 0, 209, 12, 0, 0, 0, 0, 0, 0, 210, 12, 0, 0, 0, 0, 0, 0, 211, 12, 0, 0], [0, 0, 0, 0, 212, 12, 0, 0, 0, 0, 0, 0, 213, 12, 0, 0, 0, 0, 0, 0, 214, 12, 0, 0, 0, 0, 0, 0, 215, 12, 0, 0], [0, 0, 0, 0, 216, 12, 0, 0, 0, 0, 0, 0, 217, 12, 0, 0, 0, 0, 0, 0, 218, 12, 0, 0, 0, 0, 0, 0, 219, 12, 0, 0], [0, 0, 0, 0, 220, 12, 0, 0, 0, 0, 0, 0, 221, 12, 0, 0, 0, 0, 0, 0, 222, 12, 0, 0, 0, 0, 0, 0, 223, 12, 0, 0], [0, 0, 0, 0, 224, 12, 0, 0, 0, 0, 0, 0, 225, 12, 0, 0, 0, 0, 0, 0, 226, 12, 0, 0, 0, 0, 0, 0, 227, 12, 0, 0], [0, 0, 0, 0, 228, 12, 0, 0, 0, 0, 0, 0, 229, 12, 0, 0, 0, 0, 0, 0, 230, 12, 0, 0, 0, 0, 0, 0, 231, 12, 0, 0], [0, 0, 0, 0, 232, 12, 0, 0, 0, 0, 0, 0, 233, 12, 0, 0, 0, 0, 0, 0, 234, 12, 0, 0, 0, 0, 0, 0, 235, 12, 0, 0], [0, 0, 0, 0, 236, 12, 0, 0, 0, 0, 0, 0, 237, 12, 0, 0, 0, 0, 0, 0, 238, 12, 0, 0, 0, 0, 0, 0, 239, 12, 0, 0], [0, 0, 0, 0, 240, 12, 0, 0, 0, 0, 0, 0, 241, 12, 0, 0, 0, 0, 0, 0, 242, 12, 0, 0, 0, 0, 0, 0, 243, 12, 0, 0], [0, 0, 0, 0, 244, 12, 0, 0, 0, 0, 0, 0, 245, 12, 0, 0, 0, 0, 0, 0, 246, 12, 0, 0, 0, 0, 0, 0, 247, 12, 0, 0], [0, 0, 0, 0, 248, 12, 0, 0, 0, 0, 0, 0, 249, 12, 0, 0, 0, 0, 0, 0, 250, 12, 0, 0, 0, 0, 0, 0, 251, 12, 0, 0], [0, 0, 0, 0, 252, 12, 0, 0, 0, 0, 0, 0, 253, 12, 0, 0, 0, 0, 0, 0, 254, 12, 0, 0, 0, 0, 0, 0, 255, 12, 0, 0], [0, 0, 0, 0, 0, 13, 0, 0, 0, 0, 0, 0, 1, 13, 0, 0, 0, 0, 0, 0, 2, 13, 0, 0, 0, 0, 0, 0, 3, 13, 0, 0], [0, 0, 0, 0, 4, 13, 0, 0, 0, 0, 0, 0, 5, 13, 0, 0, 0, 0, 0, 0, 6, 13, 0, 0, 0, 0, 0, 0, 7, 13, 0, 0], [0, 0, 0, 0, 8, 13, 0, 0, 0, 0, 0, 0, 9, 13, 0, 0, 0, 0, 0, 0, 10, 13, 0, 0, 0, 0, 0, 0, 11, 13, 0, 0], [0, 0, 0, 0, 12, 13, 0, 0, 0, 0, 0, 0, 13, 13, 0, 0, 0, 0, 0, 0, 14, 13, 0, 0, 0, 0, 0, 0, 15, 13, 0, 0], [0, 0, 0, 0, 16, 13, 0, 0, 0, 0, 0, 0, 17, 13, 0, 0, 0, 0, 0, 0, 18, 13, 0, 0, 0, 0, 0, 0, 19, 13, 0, 0], [0, 0, 0, 0, 20, 13, 0, 0, 0, 0, 0, 0, 21, 13, 0, 0, 0, 0, 0, 0, 22, 13, 0, 0, 0, 0, 0, 0, 23, 13, 0, 0], [0, 0, 0, 0, 24, 13, 0, 0, 0, 0, 0, 0, 25, 13, 0, 0, 0, 0, 0, 0, 26, 13, 0, 0, 0, 0, 0, 0, 27, 13, 0, 0], [0, 0, 0, 0, 28, 13, 0, 0, 0, 0, 0, 0, 29, 13, 0, 0, 0, 0, 0, 0, 30, 13, 0, 0, 0, 0, 0, 0, 31, 13, 0, 0], [0, 0, 0, 0, 32, 13, 0, 0, 0, 0, 0, 0, 33, 13, 0, 0, 0, 0, 0, 0, 34, 13, 0, 0, 0, 0, 0, 0, 35, 13, 0, 0], [0, 0, 0, 0, 36, 13, 0, 0, 0, 0, 0, 0, 37, 13, 0, 0, 0, 0, 0, 0, 38, 13, 0, 0, 0, 0, 0, 0, 39, 13, 0, 0], [0, 0, 0, 0, 40, 13, 0, 0, 0, 0, 0, 0, 41, 13, 0, 0, 0, 0, 0, 0, 42, 13, 0, 0, 0, 0, 0, 0, 43, 13, 0, 0], [0, 0, 0, 0, 44, 13, 0, 0, 0, 0, 0, 0, 45, 13, 0, 0, 0, 0, 0, 0, 46, 13, 0, 0, 0, 0, 0, 0, 47, 13, 0, 0], [0, 0, 0, 0, 48, 13, 0, 0, 0, 0, 0, 0, 49, 13, 0, 0, 0, 0, 0, 0, 50, 13, 0, 0, 0, 0, 0, 0, 51, 13, 0, 0], [0, 0, 0, 0, 52, 13, 0, 0, 0, 0, 0, 0, 53, 13, 0, 0, 0, 0, 0, 0, 54, 13, 0, 0, 0, 0, 0, 0, 55, 13, 0, 0], [0, 0, 0, 0, 56, 13, 0, 0, 0, 0, 0, 0, 57, 13, 0, 0, 0, 0, 0, 0, 58, 13, 0, 0, 0, 0, 0, 0, 59, 13, 0, 0], [0, 0, 0, 0, 60, 13, 0, 0, 0, 0, 0, 0, 61, 13, 0, 0, 0, 0, 0, 0, 62, 13, 0, 0, 0, 0, 0, 0, 63, 13, 0, 0], [0, 0, 0, 0, 64, 13, 0, 0, 0, 0, 0, 0, 65, 13, 0, 0, 0, 0, 0, 0, 66, 13, 0, 0, 0, 0, 0, 0, 67, 13, 0, 0], [0, 0, 0, 0, 68, 13, 0, 0, 0, 0, 0, 0, 69, 13, 0, 0, 0, 0, 0, 0, 70, 13, 0, 0, 0, 0, 0, 0, 71, 13, 0, 0], [0, 0, 0, 0, 72, 13, 0, 0, 0, 0, 0, 0, 73, 13, 0, 0, 0, 0, 0, 0, 74, 13, 0, 0, 0, 0, 0, 0, 75, 13, 0, 0], [0, 0, 0, 0, 76, 13, 0, 0, 0, 0, 0, 0, 77, 13, 0, 0, 0, 0, 0, 0, 78, 13, 0, 0, 0, 0, 0, 0, 79, 13, 0, 0], [0, 0, 0, 0, 80, 13, 0, 0, 0, 0, 0, 0, 81, 13, 0, 0, 0, 0, 0, 0, 82, 13, 0, 0, 0, 0, 0, 0, 83, 13, 0, 0], [0, 0, 0, 0, 84, 13, 0, 0, 0, 0, 0, 0, 85, 13, 0, 0, 0, 0, 0, 0, 86, 13, 0, 0, 0, 0, 0, 0, 87, 13, 0, 0], [0, 0, 0, 0, 88, 13, 0, 0, 0, 0, 0, 0, 89, 13, 0, 0, 0, 0, 0, 0, 90, 13, 0, 0, 0, 0, 0, 0, 91, 13, 0, 0], [0, 0, 0, 0, 92, 13, 0, 0, 0, 0, 0, 0, 93, 13, 0, 0, 0, 0, 0, 0, 94, 13, 0, 0, 0, 0, 0, 0, 95, 13, 0, 0], [0, 0, 0, 0, 96, 13, 0, 0, 0, 0, 0, 0, 97, 13, 0, 0, 0, 0, 0, 0, 98, 13, 0, 0, 0, 0, 0, 0, 99, 13, 0, 0], [0, 0, 0, 0, 100, 13, 0, 0, 0, 0, 0, 0, 101, 13, 0, 0, 0, 0, 0, 0, 102, 13, 0, 0, 0, 0, 0, 0, 103, 13, 0, 0], [0, 0, 0, 0, 104, 13, 0, 0, 0, 0, 0, 0, 105, 13, 0, 0, 0, 0, 0, 0, 106, 13, 0, 0, 0, 0, 0, 0, 107, 13, 0, 0], [0, 0, 0, 0, 108, 13, 0, 0, 0, 0, 0, 0, 109, 13, 0, 0, 0, 0, 0, 0, 110, 13, 0, 0, 0, 0, 0, 0, 111, 13, 0, 0], [0, 0, 0, 0, 112, 13, 0, 0, 0, 0, 0, 0, 113, 13, 0, 0, 0, 0, 0, 0, 114, 13, 0, 0, 0, 0, 0, 0, 115, 13, 0, 0], [0, 0, 0, 0, 116, 13, 0, 0, 0, 0, 0, 0, 117, 13, 0, 0, 0, 0, 0, 0, 118, 13, 0, 0, 0, 0, 0, 0, 119, 13, 0, 0], [0, 0, 0, 0, 120, 13, 0, 0, 0, 0, 0, 0, 121, 13, 0, 0, 0, 0, 0, 0, 122, 13, 0, 0, 0, 0, 0, 0, 123, 13, 0, 0], [0, 0, 0, 0, 124, 13, 0, 0, 0, 0, 0, 0, 125, 13, 0, 0, 0, 0, 0, 0, 126, 13, 0, 0, 0, 0, 0, 0, 127, 13, 0, 0], [0, 0, 0, 0, 128, 13, 0, 0, 0, 0, 0, 0, 129, 13, 0, 0, 0, 0, 0, 0, 130, 13, 0, 0, 0, 0, 0, 0, 131, 13, 0, 0], [0, 0, 0, 0, 132, 13, 0, 0, 0, 0, 0, 0, 133, 13, 0, 0, 0, 0, 0, 0, 134, 13, 0, 0, 0, 0, 0, 0, 135, 13, 0, 0], [0, 0, 0, 0, 136, 13, 0, 0, 0, 0, 0, 0, 137, 13, 0, 0, 0, 0, 0, 0, 138, 13, 0, 0, 0, 0, 0, 0, 139, 13, 0, 0], [0, 0, 0, 0, 140, 13, 0, 0, 0, 0, 0, 0, 141, 13, 0, 0, 0, 0, 0, 0, 142, 13, 0, 0, 0, 0, 0, 0, 143, 13, 0, 0], [0, 0, 0, 0, 144, 13, 0, 0, 0, 0, 0, 0, 145, 13, 0, 0, 0, 0, 0, 0, 146, 13, 0, 0, 0, 0, 0, 0, 147, 13, 0, 0], [0, 0, 0, 0, 148, 13, 0, 0, 0, 0, 0, 0, 149, 13, 0, 0, 0, 0, 0, 0, 150, 13, 0, 0, 0, 0, 0, 0, 151, 13, 0, 0], [0, 0, 0, 0, 152, 13, 0, 0, 0, 0, 0, 0, 153, 13, 0, 0, 0, 0, 0, 0, 154, 13, 0, 0, 0, 0, 0, 0, 155, 13, 0, 0], [0, 0, 0, 0, 156, 13, 0, 0, 0, 0, 0, 0, 157, 13, 0, 0, 0, 0, 0, 0, 158, 13, 0, 0, 0, 0, 0, 0, 159, 13, 0, 0], [0, 0, 0, 0, 160, 13, 0, 0, 0, 0, 0, 0, 161, 13, 0, 0, 0, 0, 0, 0, 162, 13, 0, 0, 0, 0, 0, 0, 163, 13, 0, 0], [0, 0, 0, 0, 164, 13, 0, 0, 0, 0, 0, 0, 165, 13, 0, 0, 0, 0, 0, 0, 166, 13, 0, 0, 0, 0, 0, 0, 167, 13, 0, 0], [0, 0, 0, 0, 168, 13, 0, 0, 0, 0, 0, 0, 169, 13, 0, 0, 0, 0, 0, 0, 170, 13, 0, 0, 0, 0, 0, 0, 171, 13, 0, 0], [0, 0, 0, 0, 172, 13, 0, 0, 0, 0, 0, 0, 173, 13, 0, 0, 0, 0, 0, 0, 174, 13, 0, 0, 0, 0, 0, 0, 175, 13, 0, 0], [0, 0, 0, 0, 176, 13, 0, 0, 0, 0, 0, 0, 177, 13, 0, 0, 0, 0, 0, 0, 178, 13, 0, 0, 0, 0, 0, 0, 179, 13, 0, 0], [0, 0, 0, 0, 180, 13, 0, 0, 0, 0, 0, 0, 181, 13, 0, 0, 0, 0, 0, 0, 182, 13, 0, 0, 0, 0, 0, 0, 183, 13, 0, 0], [0, 0, 0, 0, 184, 13, 0, 0, 0, 0, 0, 0, 185, 13, 0, 0, 0, 0, 0, 0, 186, 13, 0, 0, 0, 0, 0, 0, 187, 13, 0, 0], [0, 0, 0, 0, 188, 13, 0, 0, 0, 0, 0, 0, 189, 13, 0, 0, 0, 0, 0, 0, 190, 13, 0, 0, 0, 0, 0, 0, 191, 13, 0, 0], [0, 0, 0, 0, 192, 13, 0, 0, 0, 0, 0, 0, 193, 13, 0, 0, 0, 0, 0, 0, 194, 13, 0, 0, 0, 0, 0, 0, 195, 13, 0, 0], [0, 0, 0, 0, 196, 13, 0, 0, 0, 0, 0, 0, 197, 13, 0, 0, 0, 0, 0, 0, 198, 13, 0, 0, 0, 0, 0, 0, 199, 13, 0, 0], [0, 0, 0, 0, 200, 13, 0, 0, 0, 0, 0, 0, 201, 13, 0, 0, 0, 0, 0, 0, 202, 13, 0, 0, 0, 0, 0, 0, 203, 13, 0, 0], [0, 0, 0, 0, 204, 13, 0, 0, 0, 0, 0, 0, 205, 13, 0, 0, 0, 0, 0, 0, 206, 13, 0, 0, 0, 0, 0, 0, 207, 13, 0, 0], [0, 0, 0, 0, 208, 13, 0, 0, 0, 0, 0, 0, 209, 13, 0, 0, 0, 0, 0, 0, 210, 13, 0, 0, 0, 0, 0, 0, 211, 13, 0, 0], [0, 0, 0, 0, 212, 13, 0, 0, 0, 0, 0, 0, 213, 13, 0, 0, 0, 0, 0, 0, 214, 13, 0, 0, 0, 0, 0, 0, 215, 13, 0, 0], [0, 0, 0, 0, 216, 13, 0, 0, 0, 0, 0, 0, 217, 13, 0, 0, 0, 0, 0, 0, 218, 13, 0, 0, 0, 0, 0, 0, 219, 13, 0, 0], [0, 0, 0, 0, 220, 13, 0, 0, 0, 0, 0, 0, 221, 13, 0, 0, 0, 0, 0, 0, 222, 13, 0, 0, 0, 0, 0, 0, 223, 13, 0, 0], [0, 0, 0, 0, 224, 13, 0, 0, 0, 0, 0, 0, 225, 13, 0, 0, 0, 0, 0, 0, 226, 13, 0, 0, 0, 0, 0, 0, 227, 13, 0, 0], [0, 0, 0, 0, 228, 13, 0, 0, 0, 0, 0, 0, 229, 13, 0, 0, 0, 0, 0, 0, 230, 13, 0, 0, 0, 0, 0, 0, 231, 13, 0, 0], [0, 0, 0, 0, 0, 0, 0, 0, 0, 0, 0, 0, 0, 0, 0, 0, 0, 0, 0, 0, 0, 0, 0, 0, 0, 0, 0, 0, 0, 0, 0, 0], [0, 0, 0, 0, 0, 0, 0, 0, 0, 0, 0, 0, 0, 0, 0, 0, 0, 0, 0, 0, 0, 0, 0, 0, 0, 0, 0, 0, 0, 0, 0, 0], [0, 0, 0, 0, 0, 0, 0, 0, 0, 0, 0, 0, 0, 0, 0, 0, 0, 0, 0, 0, 0, 0, 0, 0, 0, 0, 0, 0, 0, 0, 0, 0], [0, 0, 0, 0, 0, 0, 0, 0, 0, 0, 0, 0, 0, 0, 0, 0, 0, 0, 0, 0, 0, 0, 0, 0, 0, 0, 0, 0, 0, 0, 0, 0], [0, 0, 0, 0, 0, 0, 0, 0, 0, 0, 0, 0, 0, 0, 0, 0, 0, 0, 0, 0, 0, 0, 0, 0, 0, 0, 0, 0, 0, 0, 0, 0], [0, 0, 0, 0, 0, 0, 0, 0, 0, 0, 0, 0, 0, 0, 0, 0, 0, 0, 0, 0, 0, 0, 0, 0, 0, 0, 0, 0, 0, 0, 0, 0], [0, 0, 0, 0, 0, 0, 0, 0, 0, 0, 0, 0, 0, 0, 0, 0, 0, 0, 0, 0, 0, 0, 0, 0, 0, 0, 0, 0, 0, 0, 0, 0], [0, 0, 0, 0, 0, 0, 0, 0, 0, 0, 0, 0, 0, 0, 0, 0, 0, 0, 0, 0, 0, 0, 0, 0, 0, 0, 0, 0, 0, 0, 0, 0], [0, 0, 0, 0, 0, 0, 0, 0, 0, 0, 0, 0, 0, 0, 0, 0, 0, 0, 0, 0, 0, 0, 0, 0, 0, 0, 0, 0, 0, 0, 0, 0], [0, 0, 0, 0, 0, 0, 0, 0, 0, 0, 0, 0, 0, 0, 0, 0, 0, 0, 0, 0, 0, 0, 0, 0, 0, 0, 0, 0, 0, 0, 0, 0], [0, 0, 0, 0, 0, 0, 0, 0, 0, 0, 0, 0, 0, 0, 0, 0, 0, 0, 0, 0, 0, 0, 0, 0, 0, 0, 0, 0, 0, 0, 0, 0], [0, 0, 0, 0, 0, 0, 0, 0, 0, 0, 0, 0, 0, 0, 0, 0, 0, 0, 0, 0, 0, 0, 0, 0, 0, 0, 0, 0, 0, 0, 0, 0], [0, 0, 0, 0, 0, 0, 0, 0, 0, 0, 0, 0, 0, 0, 0, 0, 0, 0, 0, 0, 0, 0, 0, 0, 0, 0, 0, 0, 0, 0, 0, 0], [0, 0, 0, 0, 0, 0, 0, 0, 0, 0, 0, 0, 0, 0, 0, 0, 0, 0, 0, 0, 0, 0, 0, 0, 0, 0, 0, 0, 0, 0, 0, 0], [0, 0, 0, 0, 0, 0, 0, 0, 0, 0, 0, 0, 0, 0, 0, 0, 0, 0, 0, 0, 0, 0, 0, 0, 0, 0, 0, 0, 0, 0, 0, 0], [0, 0, 0, 0, 0, 0, 0, 0, 0, 0, 0, 0, 0, 0, 0, 0, 0, 0, 0, 0, 0, 0, 0, 0, 0, 0, 0, 0, 0, 0, 0, 0], [0, 0, 0, 0, 0, 0, 0, 0, 0, 0, 0, 0, 0, 0, 0, 0, 0, 0, 0, 0, 0, 0, 0, 0, 0, 0, 0, 0, 0, 0, 0, 0], [0, 0, 0, 0, 0, 0, 0, 0, 0, 0, 0, 0, 0, 0, 0, 0, 0, 0, 0, 0, 0, 0, 0, 0, 0, 0, 0, 0, 0, 0, 0, 0], [0, 0, 0, 0, 0, 0, 0, 0, 0, 0, 0, 0, 0, 0, 0, 0, 0, 0, 0, 0, 0, 0, 0, 0, 0, 0, 0, 0, 0, 0, 0, 0], [0, 0, 0, 0, 0, 0, 0, 0, 0, 0, 0, 0, 0, 0, 0, 0, 0, 0, 0, 0, 0, 0, 0, 0, 0, 0, 0, 0, 0, 0, 0, 0], [0, 0, 0, 0, 0, 0, 0, 0, 0, 0, 0, 0, 0, 0, 0, 0, 0, 0, 0, 0, 0, 0, 0, 0, 0, 0, 0, 0, 0, 0, 0, 0], [0, 0, 0, 0, 0, 0, 0, 0, 0, 0, 0, 0, 0, 0, 0, 0, 0, 0, 0, 0, 0, 0, 0, 0, 0, 0, 0, 0, 0, 0, 0, 0], [0, 0, 0, 0, 0, 0, 0, 0, 0, 0, 0, 0, 0, 0, 0, 0, 0, 0, 0, 0, 0, 0, 0, 0, 0, 0, 0, 0, 0, 0, 0, 0], [0, 0, 0, 0, 0, 0, 0, 0, 0, 0, 0, 0, 0, 0, 0, 0, 0, 0, 0, 0, 0, 0, 0, 0, 0, 0, 0, 0, 0, 0, 0, 0], [0, 0, 0, 0, 0, 0, 0, 0, 0, 0, 0, 0, 0, 0, 0, 0, 0, 0, 0, 0, 0, 0, 0, 0, 0, 0, 0, 0, 0, 0, 0, 0], [0, 0, 0, 0, 0, 0, 0, 0, 0, 0, 0, 0, 0, 0, 0, 0, 0, 0, 0, 0, 0, 0, 0, 0, 0, 0, 0, 0, 0, 0, 0, 0], [0, 0, 0, 0, 0, 0, 0, 0, 0, 0, 0, 0, 0, 0, 0, 0, 0, 0, 0, 0, 0, 0, 0, 0, 0, 0, 0, 0, 0, 0, 0, 0], [0, 0, 0, 0, 0, 0, 0, 0, 0, 0, 0, 0, 0, 0, 0, 0, 0, 0, 0, 0, 0, 0, 0, 0, 0, 0, 0, 0, 0, 0, 0, 0], [0, 0, 0, 0, 0, 0, 0, 0, 0, 0, 0, 0, 0, 0, 0, 0, 0, 0, 0, 0, 0, 0, 0, 0, 0, 0, 0, 0, 0, 0, 0, 0], [0, 0, 0, 0, 0, 0, 0, 0, 0, 0, 0, 0, 0, 0, 0, 0, 0, 0, 0, 0, 0, 0, 0, 0, 0, 0, 0, 0, 0, 0, 0, 0], [0, 0, 0, 0, 0, 0, 0, 0, 0, 0, 0, 0, 0, 0, 0, 0, 0, 0, 0, 0, 0, 0, 0, 0, 0, 0, 0, 0, 0, 0, 0, 0], [0, 0, 0, 0, 0, 0, 0, 0, 0, 0, 0, 0, 0, 0, 0, 0, 0, 0, 0, 0, 0, 0, 0, 0, 0, 0, 0, 0, 0, 0, 0, 0], [0, 0, 0, 0, 0, 0, 0, 0, 0, 0, 0, 0, 0, 0, 0, 0, 0, 0, 0, 0, 0, 0, 0, 0, 0, 0, 0, 0, 0, 0, 0, 0], [0, 0, 0, 0, 0, 0, 0, 0, 0, 0, 0, 0, 0, 0, 0, 0, 0, 0, 0, 0, 0, 0, 0, 0, 0, 0, 0, 0, 0, 0, 0, 0], [0, 0, 0, 0, 0, 0, 0, 0, 0, 0, 0, 0, 0, 0, 0, 0, 0, 0, 0, 0, 0, 0, 0, 0, 0, 0, 0, 0, 0, 0, 0, 0], [0, 0, 0, 0, 0, 0, 0, 0, 0, 0, 0, 0, 0, 0, 0, 0, 0, 0, 0, 0, 0, 0, 0, 0, 0, 0, 0, 0, 0, 0, 0, 0], [0, 0, 0, 0, 0, 0, 0, 0, 0, 0, 0, 0, 0, 0, 0, 0, 0, 0, 0, 0, 0, 0, 0, 0, 0, 0, 0, 0, 0, 0, 0, 0], [0, 0, 0, 0, 0, 0, 0, 0, 0, 0, 0, 0, 0, 0, 0, 0, 0, 0, 0, 0, 0, 0, 0, 0, 0, 0, 0, 0, 0, 0, 0, 0], [0, 0, 0, 0, 0, 0, 0, 0, 0, 0, 0, 0, 0, 0, 0, 0, 0, 0, 0, 0, 0, 0, 0, 0, 0, 0, 0, 0, 0, 0, 0, 0], [0, 0, 0, 0, 0, 0, 0, 0, 0, 0, 0, 0, 0, 0, 0, 0, 0, 0, 0, 0, 0, 0, 0, 0, 0, 0, 0, 0, 0, 0, 0, 0], [0, 0, 0, 0, 0, 0, 0, 0, 0, 0, 0, 0, 0, 0, 0, 0, 0, 0, 0, 0, 0, 0, 0, 0, 0, 0, 0, 0, 0, 0, 0, 0], [0, 0, 0, 0, 0, 0, 0, 0, 0, 0, 0, 0, 0, 0, 0, 0, 0, 0, 0, 0, 0, 0, 0, 0, 0, 0, 0, 0, 0, 0, 0, 0], [0, 0, 0, 0, 0, 0, 0, 0, 0, 0, 0, 0, 0, 0, 0, 0, 0, 0, 0, 0, 0, 0, 0, 0, 0, 0, 0, 0, 0, 0, 0, 0], [0, 0, 0, 0, 0, 0, 0, 0, 0, 0, 0, 0, 0, 0, 0, 0, 0, 0, 0, 0, 0, 0, 0, 0, 0, 0, 0, 0, 0, 0, 0, 0], [0, 0, 0, 0, 0, 0, 0, 0, 0, 0, 0, 0, 0, 0, 0, 0, 0, 0, 0, 0, 0, 0, 0, 0, 0, 0, 0, 0, 0, 0, 0, 0], [0, 0, 0, 0, 0, 0, 0, 0, 0, 0, 0, 0, 0, 0, 0, 0, 0, 0, 0, 0, 0, 0, 0, 0, 0, 0, 0, 0, 0, 0, 0, 0], [0, 0, 0, 0, 0, 0, 0, 0, 0, 0, 0, 0, 0, 0, 0, 0, 0, 0, 0, 0, 0, 0, 0, 0, 0, 0, 0, 0, 0, 0, 0, 0], [0, 0, 0, 0, 0, 0, 0, 0, 0, 0, 0, 0, 0, 0, 0, 0, 0, 0, 0, 0, 0, 0, 0, 0, 0, 0, 0, 0, 0, 0, 0, 0], [0, 0, 0, 0, 0, 0, 0, 0, 0, 0, 0, 0, 0, 0, 0, 0, 0, 0, 0, 0, 0, 0, 0, 0, 0, 0, 0, 0, 0, 0, 0, 0], [0, 0, 0, 0, 0, 0, 0, 0, 0, 0, 0, 0, 0, 0, 0, 0, 0, 0, 0, 0, 0, 0, 0, 0, 0, 0, 0, 0, 0, 0, 0, 0], [0, 0, 0, 0, 0, 0, 0, 0, 0, 0, 0, 0, 0, 0, 0, 0, 0, 0, 0, 0, 0, 0, 0, 0, 0, 0, 0, 0, 0, 0, 0, 0], [0, 0, 0, 0, 0, 0, 0, 0, 0, 0, 0, 0, 0, 0, 0, 0, 0, 0, 0, 0, 0, 0, 0, 0, 0, 0, 0, 0, 0, 0, 0, 0], [0, 0, 0, 0, 0, 0, 0, 0, 0, 0, 0, 0, 0, 0, 0, 0, 0, 0, 0, 0, 0, 0, 0, 0, 0, 0, 0, 0, 0, 0, 0, 0], [0, 0, 0, 0, 0, 0, 0, 0, 0, 0, 0, 0, 0, 0, 0, 0, 0, 0, 0, 0, 0, 0, 0, 0, 0, 0, 0, 0, 0, 0, 0, 0], [0, 0, 0, 0, 0, 0, 0, 0, 0, 0, 0, 0, 0, 0, 0, 0, 0, 0, 0, 0, 0, 0, 0, 0, 0, 0, 0, 0, 0, 0, 0, 0], [0, 0, 0, 0, 0, 0, 0, 0, 0, 0, 0, 0, 0, 0, 0, 0, 0, 0, 0, 0, 0, 0, 0, 0, 0, 0, 0, 0, 0, 0, 0, 0], [0, 0, 0, 0, 0, 0, 0, 0, 0, 0, 0, 0, 0, 0, 0, 0, 0, 0, 0, 0, 0, 0, 0, 0, 0, 0, 0, 0, 0, 0, 0, 0], [0, 0, 0, 0, 0, 0, 0, 0, 0, 0, 0, 0, 0, 0, 0, 0, 0, 0, 0, 0, 0, 0, 0, 0, 0, 0, 0, 0, 0, 0, 0, 0], [0, 0, 0, 0, 0, 0, 0, 0, 0, 0, 0, 0, 0, 0, 0, 0, 0, 0, 0, 0, 0, 0, 0, 0, 0, 0, 0, 0, 0, 0, 0, 0], [0, 0, 0, 0, 0, 0, 0, 0, 0, 0, 0, 0, 0, 0, 0, 0, 0, 0, 0, 0, 0, 0, 0, 0, 0, 0, 0, 0, 0, 0, 0, 0], [0, 0, 0, 0, 0, 0, 0, 0, 0, 0, 0, 0, 0, 0, 0, 0, 0, 0, 0, 0, 0, 0, 0, 0, 0, 0, 0, 0, 0, 0, 0, 0], [0, 0, 0, 0, 0, 0, 0, 0, 0, 0, 0, 0, 0, 0, 0, 0, 0, 0, 0, 0, 0, 0, 0, 0, 0, 0, 0, 0, 0, 0, 0, 0], [0, 0, 0, 0, 0, 0, 0, 0, 0, 0, 0, 0, 0, 0, 0, 0, 0, 0, 0, 0, 0, 0, 0, 0, 0, 0, 0, 0, 0, 0, 0, 0], [0, 0, 0, 0, 0, 0, 0, 0, 0, 0, 0, 0, 0, 0, 0, 0, 0, 0, 0, 0, 0, 0, 0, 0, 0, 0, 0, 0, 0, 0, 0, 0], [0, 0, 0, 0, 0, 0, 0, 0, 0, 0, 0, 0, 0, 0, 0, 0, 0, 0, 0, 0, 0, 0, 0, 0, 0, 0, 0, 0, 0, 0, 0, 0], [0, 0, 0, 0, 0, 0, 0, 0, 0, 0, 0, 0, 0, 0, 0, 0, 0, 0, 0, 0, 0, 0, 0, 0, 0, 0, 0, 0, 0, 0, 0, 0], [0, 0, 0, 0, 0, 0, 0, 0, 0, 0, 0, 0, 0, 0, 0, 0, 0, 0, 0, 0, 0, 0, 0, 0, 0, 0, 0, 0, 0, 0, 0, 0], [0, 0, 0, 0, 0, 0, 0, 0, 0, 0, 0, 0, 0, 0, 0, 0, 0, 0, 0, 0, 0, 0, 0, 0, 0, 0, 0, 0, 0, 0, 0, 0], [0, 0, 0, 0, 0, 0, 0, 0, 0, 0, 0, 0, 0, 0, 0, 0, 0, 0, 0, 0, 0, 0, 0, 0, 0, 0, 0, 0, 0, 0, 0, 0], [0, 0, 0, 0, 0, 0, 0, 0, 0, 0, 0, 0, 0, 0, 0, 0, 0, 0, 0, 0, 0, 0, 0, 0, 0, 0, 0, 0, 0, 0, 0, 0], [0, 0, 0, 0, 0, 0, 0, 0, 0, 0, 0, 0, 0, 0, 0, 0, 0, 0, 0, 0, 0, 0, 0, 0, 0, 0, 0, 0, 0, 0, 0, 0], [0, 0, 0, 0, 0, 0, 0, 0, 0, 0, 0, 0, 0, 0, 0, 0, 0, 0, 0, 0, 0, 0, 0, 0, 0, 0, 0, 0, 0, 0, 0, 0], [0, 0, 0, 0, 0, 0, 0, 0, 0, 0, 0, 0, 0, 0, 0, 0, 0, 0, 0, 0, 0, 0, 0, 0, 0, 0, 0, 0, 0, 0, 0, 0], [0, 0, 0, 0, 0, 0, 0, 0, 0, 0, 0, 0, 0, 0, 0, 0, 0, 0, 0, 0, 0, 0, 0, 0, 0, 0, 0, 0, 0, 0, 0, 0], [0, 0, 0, 0, 0, 0, 0, 0, 0, 0, 0, 0, 0, 0, 0, 0, 0, 0, 0, 0, 0, 0, 0, 0, 0, 0, 0, 0, 0, 0, 0, 0], [0, 0, 0, 0, 0, 0, 0, 0, 0, 0, 0, 0, 0, 0, 0, 0, 0, 0, 0, 0, 0, 0, 0, 0, 0, 0, 0, 0, 0, 0, 0, 0], [0, 0, 0, 0, 0, 0, 0, 0, 0, 0, 0, 0, 0, 0, 0, 0, 0, 0, 0, 0, 0, 0, 0, 0, 0, 0, 0, 0, 0, 0, 0, 0], [0, 0, 0, 0, 0, 0, 0, 0, 0, 0, 0, 0, 0, 0, 0, 0, 0, 0, 0, 0, 0, 0, 0, 0, 0, 0, 0, 0, 0, 0, 0, 0], [0, 0, 0, 0, 0, 0, 0, 0, 0, 0, 0, 0, 0, 0, 0, 0, 0, 0, 0, 0, 0, 0, 0, 0, 0, 0, 0, 0, 0, 0, 0, 0], [0, 0, 0, 0, 0, 0, 0, 0, 0, 0, 0, 0, 0, 0, 0, 0, 0, 0, 0, 0, 0, 0, 0, 0, 0, 0, 0, 0, 0, 0, 0, 0], [0, 0, 0, 0, 0, 0, 0, 0, 0, 0, 0, 0, 0, 0, 0, 0, 0, 0, 0, 0, 0, 0, 0, 0, 0, 0, 0, 0, 0, 0, 0, 0], [0, 0, 0, 0, 0, 0, 0, 0, 0, 0, 0, 0, 0, 0, 0, 0, 0, 0, 0, 0, 0, 0, 0, 0, 0, 0, 0, 0, 0, 0, 0, 0], [0, 0, 0, 0, 0, 0, 0, 0, 0, 0, 0, 0, 0, 0, 0, 0, 0, 0, 0, 0, 0, 0, 0, 0, 0, 0, 0, 0, 0, 0, 0, 0], [0, 0, 0, 0, 0, 0, 0, 0, 0, 0, 0, 0, 0, 0, 0, 0, 0, 0, 0, 0, 0, 0, 0, 0, 0, 0, 0, 0, 0, 0, 0, 0], [0, 0, 0, 0, 0, 0, 0, 0, 0, 0, 0, 0, 0, 0, 0, 0, 0, 0, 0, 0, 0, 0, 0, 0, 0, 0, 0, 0, 0, 0, 0, 0], [0, 0, 0, 0, 0, 0, 0, 0, 0, 0, 0, 0, 0, 0, 0, 0, 0, 0, 0, 0, 0, 0, 0, 0, 0, 0, 0, 0, 0, 0, 0, 0], [0, 0, 0, 0, 0, 0, 0, 0, 0, 0, 0, 0, 0, 0, 0, 0, 0, 0, 0, 0, 0, 0, 0, 0, 0, 0, 0, 0, 0, 0, 0, 0], [0, 0, 0, 0, 0, 0, 0, 0, 0, 0, 0, 0, 0, 0, 0, 0, 0, 0, 0, 0, 0, 0, 0, 0, 0, 0, 0, 0, 0, 0, 0, 0], [0, 0, 0, 0, 0, 0, 0, 0, 0, 0, 0, 0, 0, 0, 0, 0, 0, 0, 0, 0, 0, 0, 0, 0, 0, 0, 0, 0, 0, 0, 0, 0], [0, 0, 0, 0, 0, 0, 0, 0, 0, 0, 0, 0, 0, 0, 0, 0, 0, 0, 0, 0, 0, 0, 0, 0, 0, 0, 0, 0, 0, 0, 0, 0], [0, 0, 0, 0, 0, 0, 0, 0, 0, 0, 0, 0, 0, 0, 0, 0, 0, 0, 0, 0, 0, 0, 0, 0, 0, 0, 0, 0, 0, 0, 0, 0], [0, 0, 0, 0, 0, 0, 0, 0, 0, 0, 0, 0, 0, 0, 0, 0, 0, 0, 0, 0, 0, 0, 0, 0, 0, 0, 0, 0, 0, 0, 0, 0], [0, 0, 0, 0, 0, 0, 0, 0, 0, 0, 0, 0, 0, 0, 0, 0, 0, 0, 0, 0, 0, 0, 0, 0, 0, 0, 0, 0, 0, 0, 0, 0], [0, 0, 0, 0, 0, 0, 0, 0, 0, 0, 0, 0, 0, 0, 0, 0, 0, 0, 0, 0, 0, 0, 0, 0, 0, 0, 0, 0, 0, 0, 0, 0], [0, 0, 0, 0, 0, 0, 0, 0, 0, 0, 0, 0, 0, 0, 0, 0, 0, 0, 0, 0, 0, 0, 0, 0, 0, 0, 0, 0, 0, 0, 0, 0], [0, 0, 0, 0, 0, 0, 0, 0, 0, 0, 0, 0, 0, 0, 0, 0, 0, 0, 0, 0, 0, 0, 0, 0, 0, 0, 0, 0, 0, 0, 0, 0], [0, 0, 0, 0, 0, 0, 0, 0, 0, 0, 0, 0, 0, 0, 0, 0, 0, 0, 0, 0, 0, 0, 0, 0, 0, 0, 0, 0, 0, 0, 0, 0], [0, 0, 0, 0, 0, 0, 0, 0, 0, 0, 0, 0, 0, 0, 0, 0, 0, 0, 0, 0, 0, 0, 0, 0, 0, 0, 0, 0, 0, 0, 0, 0], [0, 0, 0, 0, 0, 0, 0, 0, 0, 0, 0, 0, 0, 0, 0, 0, 0, 0, 0, 0, 0, 0, 0, 0, 0, 0, 0, 0, 0, 0, 0, 0], [0, 0, 0, 0, 0, 0, 0, 0, 0, 0, 0, 0, 0, 0, 0, 0, 0, 0, 0, 0, 0, 0, 0, 0, 0, 0, 0, 0, 0, 0, 0, 0], [0, 0, 0, 0, 0, 0, 0, 0, 0, 0, 0, 0, 0, 0, 0, 0, 0, 0, 0, 0, 0, 0, 0, 0, 0, 0, 0, 0, 0, 0, 0, 0], [0, 0, 0, 0, 0, 0, 0, 0, 0, 0, 0, 0, 0, 0, 0, 0, 0, 0, 0, 0, 0, 0, 0, 0, 0, 0, 0, 0, 0, 0, 0, 0], [0, 0, 0, 0, 0, 0, 0, 0, 0, 0, 0, 0, 0, 0, 0, 0, 0, 0, 0, 0, 0, 0, 0, 0, 0, 0, 0, 0, 0, 0, 0, 0], [0, 0, 0, 0, 0, 0, 0, 0, 0, 0, 0, 0, 0, 0, 0, 0, 0, 0, 0, 0, 0, 0, 0, 0, 0, 0, 0, 0, 0, 0, 0, 0], [0, 0, 0, 0, 0, 0, 0, 0, 0, 0, 0, 0, 0, 0, 0, 0, 0, 0, 0, 0, 0, 0, 0, 0, 0, 0, 0, 0, 0, 0, 0, 0], [0, 0, 0, 0, 0, 0, 0, 0, 0, 0, 0, 0, 0, 0, 0, 0, 0, 0, 0, 0, 0, 0, 0, 0, 0, 0, 0, 0, 0, 0, 0, 0], [0, 0, 0, 0, 0, 0, 0, 0, 0, 0, 0, 0, 0, 0, 0, 0, 0, 0, 0, 0, 0, 0, 0, 0, 0, 0, 0, 0, 0, 0, 0, 0], [0, 0, 0, 0, 0, 0, 0, 0, 0, 0, 0, 0, 0, 0, 0, 0, 0, 0, 0, 0, 0, 0, 0, 0, 0, 0, 0, 0, 0, 0, 0, 0], [0, 0, 0, 0, 0, 0, 0, 0, 0, 0, 0, 0, 0, 0, 0, 0, 0, 0, 0, 0, 0, 0, 0, 0, 0, 0, 0, 0, 0, 0, 0, 0], [0, 0, 0, 0, 0, 0, 0, 0, 0, 0, 0, 0, 0, 0, 0, 0, 0, 0, 0, 0, 0, 0, 0, 0, 0, 0, 0, 0, 0, 0, 0, 0], [0, 0, 0, 0, 0, 0, 0, 0, 0, 0, 0, 0, 0, 0, 0, 0, 0, 0, 0, 0, 0, 0, 0, 0, 0, 0, 0, 0, 0, 0, 0, 0], [0, 0, 0, 0, 0, 0, 0, 0, 0, 0, 0, 0, 0, 0, 0, 0, 0, 0, 0, 0, 0, 0, 0, 0, 0, 0, 0, 0, 0, 0, 0, 0], [0, 0, 0, 0, 0, 0, 0, 0, 0, 0, 0, 0, 0, 0, 0, 0, 0, 0, 0, 0, 0, 0, 0, 0, 0, 0, 0, 0, 0, 0, 0, 0], [0, 0, 0, 0, 0, 0, 0, 0, 0, 0, 0, 0, 0, 0, 0, 0, 0, 0, 0, 0, 0, 0, 0, 0, 0, 0, 0, 0, 0, 0, 0, 0], [0, 0, 0, 0, 0, 0, 0, 0, 0, 0, 0, 0, 0, 0, 0, 0, 0, 0, 0, 0, 0, 0, 0, 0, 0, 0, 0, 0, 0, 0, 0, 0], [0, 0, 0, 0, 0, 0, 0, 0, 0, 0, 0, 0, 0, 0, 0, 0, 0, 0, 0, 0, 0, 0, 0, 0, 0, 0, 0, 0, 0, 0, 0, 0], [0, 0, 0, 0, 0, 0, 0, 0, 0, 0, 0, 0, 0, 0, 0, 0, 0, 0, 0, 0, 0, 0, 0, 0, 0, 0, 0, 0, 0, 0, 0, 0], [0, 0, 0, 0, 0, 0, 0, 0, 0, 0, 0, 0, 0, 0, 0, 0, 0, 0, 0, 0, 0, 0, 0, 0, 0, 0, 0, 0, 0, 0, 0, 0], [0, 0, 0, 0, 0, 0, 0, 0, 0, 0, 0, 0, 0, 0, 0, 0, 0, 0, 0, 0, 0, 0, 0, 0, 0, 0, 0, 0, 0, 0, 0, 0], [0, 0, 0, 0, 0, 0, 0, 0, 0, 0, 0, 0, 0, 0, 0, 0, 0, 0, 0, 0, 0, 0, 0, 0, 0, 0, 0, 0, 0, 0, 0, 0], [0, 0, 0, 0, 0, 0, 0, 0, 0, 0, 0, 0, 0, 0, 0, 0, 0, 0, 0, 0, 0, 0, 0, 0, 0, 0, 0, 0, 0, 0, 0, 0], [0, 0, 0, 0, 0, 0, 0, 0, 0, 0, 0, 0, 0, 0, 0, 0, 0, 0, 0, 0, 0, 0, 0, 0, 0, 0, 0, 0, 0, 0, 0, 0], [0, 0, 0, 0, 0, 0, 0, 0, 0, 0, 0, 0, 0, 0, 0, 0, 0, 0, 0, 0, 0, 0, 0, 0, 0, 0, 0, 0, 0, 0, 0, 0], [0, 0, 0, 0, 0, 0, 0, 0, 0, 0, 0, 0, 0, 0, 0, 0, 0, 0, 0, 0, 0, 0, 0, 0, 0, 0, 0, 0, 0, 0, 0, 0], [0, 0, 0, 0, 0, 0, 0, 0, 0, 0, 0, 0, 0, 0, 0, 0, 0, 0, 0, 0, 0, 0, 0, 0, 0, 0, 0, 0, 0, 0, 0, 0], [0, 0, 0, 0, 0, 0, 0, 0, 0, 0, 0, 0, 0, 0, 0, 0, 0, 0, 0, 0, 0, 0, 0, 0, 0, 0, 0, 0, 0, 0, 0, 0], [0, 0, 0, 0, 0, 0, 0, 0, 0, 0, 0, 0, 0, 0, 0, 0, 0, 0, 0, 0, 0, 0, 0, 0, 0, 0, 0, 0, 0, 0, 0, 0], [0, 0, 0, 0, 0, 0, 0, 0, 0, 0, 0, 0, 0, 0, 0, 0, 0, 0, 0, 0, 0, 0, 0, 0, 0, 0, 0, 0, 0, 0, 0, 0], [0, 0, 0, 0, 0, 0, 0, 0, 0, 0, 0, 0, 0, 0, 0, 0, 0, 0, 0, 0, 0, 0, 0, 0, 0, 0, 0, 0, 0, 0, 0, 0], [0, 0, 0, 0, 0, 0, 0, 0, 0, 0, 0, 0, 0, 0, 0, 0, 0, 0, 0, 0, 0, 0, 0, 0, 0, 0, 0, 0, 0, 0, 0, 0], [0, 0, 0, 0, 0, 0, 0, 0, 0, 0, 0, 0, 0, 0, 0, 0, 0, 0, 0, 0, 0, 0, 0, 0, 0, 0, 0, 0, 0, 0, 0, 0], [0, 0, 0, 0, 0, 0, 0, 0, 0, 0, 0, 0, 0, 0, 0, 0, 0, 0, 0, 0, 0, 0, 0, 0, 0, 0, 0, 0, 0, 0, 0, 0], [0, 0, 0, 0, 0, 0, 0, 0, 0, 0, 0, 0, 0, 0, 0, 0, 0, 0, 0, 0, 0, 0, 0, 0, 0, 0, 0, 0, 0, 0, 0, 0], [0, 0, 0, 0, 0, 0, 0, 0, 0, 0, 0, 0, 0, 0, 0, 0, 0, 0, 0, 0, 0, 0, 0, 0, 0, 0, 0, 0, 0, 0, 0, 0], [0, 0, 0, 0, 0, 0, 0, 0, 0, 0, 0, 0, 0, 0, 0, 0, 0, 0, 0, 0, 113, 210, 1, 0, 0, 0, 0, 0, 32, 8, 0, 32], [247, 120, 0, 0, 32, 8, 0, 32, 247, 120, 0, 0, 144, 88, 45, 32, 247, 120, 0, 0, 144, 88, 45, 32, 247, 120, 0, 0, 0, 0, 0, 0], [0, 0, 0, 0, 0, 0, 0, 0, 0, 0, 0, 0, 0, 0, 0, 0, 0, 0, 0, 0, 0, 0, 0, 0, 0, 0, 0, 0, 0, 0, 0, 0], [0, 0, 0, 0, 0, 0, 0, 0, 0, 0, 0, 0, 0, 0, 0, 0, 0, 0, 0, 0, 0, 0, 0, 0, 0, 0, 0, 0, 0, 0, 0, 0], [0, 0, 0, 0, 0, 0, 0, 0, 0, 0, 0, 0, 0, 0, 0, 0, 0, 0, 0, 0, 0, 0, 0, 0, 0, 0, 0, 0, 0, 0, 0, 0], [0, 0, 0, 0, 0, 0, 0, 0, 0, 0, 0, 0, 0, 0, 0, 0, 0, 0, 0, 0, 0, 0, 0, 0, 0, 0, 0, 0, 0, 0, 0, 0], [0, 0, 0, 0, 0, 0, 0, 0, 0, 0, 0, 0, 0, 0, 0, 0, 0, 0, 0, 0, 0, 0, 0, 0, 0, 0, 0, 0, 0, 0, 0, 0], [0, 0, 0, 0, 0, 0, 0, 0, 0, 0, 0, 0, 0, 0, 0, 0, 0, 0, 0, 0, 0, 0, 0, 0, 0, 0, 0, 0, 0, 0, 0, 0], [0, 0, 0, 0, 0, 0, 0, 0, 0, 0, 0, 0, 0, 0, 0, 0, 0, 0, 0, 0, 0, 0, 0, 0, 0, 0, 0, 0, 0, 0, 0, 0], [0, 0, 0, 0, 0, 0, 0, 0, 0, 0, 0, 0, 0, 0, 0, 0, 0, 0, 0, 0, 0, 0, 0, 0, 0, 0, 0, 0, 0, 0, 0, 0], [0, 0, 0, 0, 0, 0, 0, 0, 0, 0, 0, 0, 0, 0, 0, 0, 0, 0, 0, 0, 0, 0, 0, 0, 0, 0, 0, 0, 0, 0, 0, 0], [0, 0, 0, 0, 0, 0, 0, 0, 0, 0, 0, 0, 0, 0, 0, 0, 0, 0, 0, 0, 0, 0, 0, 0, 0, 0, 0, 0, 0, 0, 0, 0], [0, 0, 0, 0, 0, 0, 0, 0, 0, 0, 0, 0, 0, 0, 0, 0, 0, 0, 0, 0, 0, 0, 0, 0, 0, 0, 0, 0, 0, 0, 0, 0], [0, 0, 0, 0, 0, 0, 0, 0, 0, 0, 0, 0, 0, 0, 0, 0, 0, 0, 0, 0, 0, 0, 0, 0, 0, 0, 0, 0, 0, 0, 0, 0], [0, 0, 0, 0, 0, 0, 0, 0, 0, 0, 0, 0, 0, 0, 0, 0, 0, 0, 0, 0, 0, 0, 0, 0, 0, 0, 0, 0, 0, 0, 0, 0], [0, 0, 0, 0, 0, 0, 0, 0, 0, 0, 0, 0, 0, 0, 0, 0, 0, 0, 0, 0, 0, 0, 0, 0, 0, 0, 0, 0, 0, 0, 0, 0], [0, 0, 0, 0, 0, 0, 0, 0, 0, 0, 0, 0, 0, 0, 0, 0, 0, 0, 0, 0, 0, 0, 0, 0, 0, 0, 0, 0, 0, 0, 0, 0], [0, 0, 0, 0, 0, 0, 0, 0, 0, 0, 0, 0, 0, 0, 0, 0, 0, 0, 0, 0, 0, 0, 0, 0, 0, 0, 0, 0, 0, 0, 0, 0], [0, 0, 0, 0, 0, 0, 0, 0, 0, 0, 0, 0, 0, 0, 0, 0, 0, 0, 0, 0, 0, 0, 0, 0, 0, 0, 0, 0, 0, 0, 0, 0], [0, 0, 0, 0, 0, 0, 0, 0, 0, 0, 0, 0, 0, 0, 0, 0, 0, 0, 0, 0, 0, 0, 0, 0, 0, 0, 0, 0, 0, 0, 0, 0], [0, 0, 0, 0, 0, 0, 0, 0, 0, 0, 0, 0, 0, 0, 0, 0, 0, 0, 0, 0, 0, 0, 0, 0, 0, 0, 0, 0, 0, 0, 0, 0], [0, 0, 0, 0, 0, 0, 0, 0, 0, 0, 0, 0, 0, 0, 0, 0, 0, 0, 0, 0, 0, 0, 0, 0, 0, 0, 0, 0, 0, 0, 0, 0], [0, 0, 0, 0, 0, 0, 0, 0, 0, 0, 0, 0, 0, 0, 0, 0, 0, 0, 0, 0, 0, 0, 0, 0, 0, 0, 0, 0, 0, 0, 0, 0], [0, 0, 0, 0, 0, 0, 0, 0, 0, 0, 0, 0, 0, 0, 0, 0, 0, 0, 0, 0, 0, 0, 0, 0, 0, 0, 0, 0, 0, 0, 0, 0], [0, 0, 0, 0, 0, 0, 0, 0, 0, 0, 0, 0, 0, 0, 0, 0, 0, 0, 0, 0, 0, 0, 0, 0, 0, 0, 0, 0, 0, 0, 0, 0], [0, 0, 0, 0, 0, 0, 0, 0, 0, 0, 0, 0, 0, 0, 0, 0, 0, 0, 0, 0, 0, 0, 0, 0, 0, 0, 0, 0, 0, 0, 0, 0], [0, 0, 0, 0, 0, 0, 0, 0, 0, 0, 0, 0, 0, 0, 0, 0, 0, 0, 0, 0, 0, 0, 0, 0, 0, 0, 0, 0, 0, 0, 0, 0], [0, 0, 0, 0, 0, 0, 0, 0, 0, 0, 0, 0, 0, 0, 0, 0, 0, 0, 0, 0, 0, 0, 0, 0, 0, 0, 0, 0, 0, 0, 0, 0], [0, 0, 0, 0, 0, 0, 0, 0, 0, 0, 0, 0, 0, 0, 0, 0, 0, 0, 0, 0, 0, 0, 0, 0, 0, 0, 0, 0, 0, 0, 0, 0], [0, 0, 0, 0, 0, 0, 0, 0, 0, 0, 0, 0, 0, 0, 0, 0, 0, 0, 0, 0, 0, 0, 0, 0, 0, 0, 0, 0, 0, 0, 0, 0], [0, 0, 0, 0, 0, 0, 0, 0, 0, 0, 0, 0, 0, 0, 0, 0, 0, 0, 0, 0, 0, 0, 0, 0, 0, 0, 0, 0, 0, 0, 0, 0], [0, 0, 0, 0, 0, 0, 0, 0, 0, 0, 0, 0, 0, 0, 0, 0, 0, 0, 0, 0, 0, 0, 0, 0, 0, 0, 0, 0, 0, 0, 0, 0], [0, 0, 0, 0, 0, 0, 0, 0, 0, 0, 0, 0, 0, 0, 0, 0, 0, 0, 0, 0, 0, 0, 0, 0, 0, 0, 0, 0, 0, 0, 0, 0], [0, 0, 0, 0, 0, 0, 0, 0, 0, 0, 0, 0, 0, 0, 0, 0, 0, 0, 0, 0, 0, 0, 0, 0, 0, 0, 0, 0, 0, 0, 0, 0], [0, 0, 0, 0, 0, 0, 0, 0, 0, 0, 0, 0, 0, 0, 0, 0, 0, 0, 0, 0, 0, 0, 0, 0, 0, 0, 0, 0, 0, 0, 0, 0], [0, 0, 0, 0, 0, 0, 0, 0, 0, 0, 0, 0, 0, 0, 0, 0, 0, 0, 0, 0, 0, 0, 0, 0, 0, 0, 0, 0, 0, 0, 0, 0], [0, 0, 0, 0, 0, 0, 0, 0, 0, 0, 0, 0, 0, 0, 0, 0, 0, 0, 0, 0, 0, 0, 0, 0, 0, 0, 0, 0, 0, 0, 0, 0], [0, 0, 0, 0, 0, 0, 0, 0, 0, 0, 0, 0, 0, 0, 0, 0, 0, 0, 0, 0, 0, 0, 0, 0, 0, 0, 0, 0, 0, 0, 0, 0], [0, 0, 0, 0, 0, 0, 0, 0, 0, 0, 0, 0, 0, 0, 0, 0, 0, 0, 0, 0, 0, 0, 0, 0, 0, 0, 0, 0, 0, 0, 0, 0], [0, 0, 0, 0, 0, 0, 0, 0, 0, 0, 0, 0, 0, 0, 0, 0, 0, 0, 0, 0, 0, 0, 0, 0, 0, 0, 0, 0, 0, 0, 0, 0], [0, 0, 0, 0, 0, 0, 0, 0, 0, 0, 0, 0, 0, 0, 0, 0, 0, 0, 0, 0, 0, 0, 0, 0, 0, 0, 0, 0, 0, 0, 0, 0], [0, 0, 0, 0, 0, 0, 0, 0, 0, 0, 0, 0, 0, 0, 0, 0, 0, 0, 0, 0, 0, 0, 0, 0, 0, 0, 0, 0, 0, 0, 0, 0], [0, 0, 0, 0, 0, 0, 0, 0, 0, 0, 0, 0, 0, 0, 0, 0, 0, 0, 0, 0, 0, 0, 0, 0, 0, 0, 0, 0, 0, 0, 0, 0], [0, 0, 0, 0, 0, 0, 0, 0, 0, 0, 0, 0, 0, 0, 0, 0, 0, 0, 0, 0, 0, 0, 0, 0, 0, 0, 0, 0, 0, 0, 0, 0], [0, 0, 0, 0, 0, 0, 0, 0, 0, 0, 0, 0, 0, 0, 0, 0, 0, 0, 0, 0, 0, 0, 0, 0, 0, 0, 0, 0, 0, 0, 0, 0], [0, 0, 0, 0, 0, 0, 0, 0, 0, 0, 0, 0, 0, 0, 0, 0, 0, 0, 0, 0, 0, 0, 0, 0, 0, 0, 0, 0, 0, 0, 0, 0], [0, 0, 0, 0, 0, 0, 0, 0, 0, 0, 0, 0, 0, 0, 0, 0, 0, 0, 0, 0, 0, 0, 0, 0, 0, 0, 0, 0, 0, 0, 0, 0], [0, 0, 0, 0, 0, 0, 0, 0, 0, 0, 0, 0, 0, 0, 0, 0, 0, 0, 0, 0, 0, 0, 0, 0, 0, 0, 0, 0, 0, 0, 0, 0], [0, 0, 0, 0, 0, 0, 0, 0, 0, 0, 0, 0, 0, 0, 0, 0, 0, 0, 0, 0, 0, 0, 0, 0, 0, 0, 0, 0, 0, 0, 0, 0], [0, 0, 0, 0, 0, 0, 0, 0, 0, 0, 0, 0, 0, 0, 0, 0, 0, 0, 0, 0, 0, 0, 0, 0, 0, 0, 0, 0, 0, 0, 0, 0], [0, 0, 0, 0, 0, 0, 0, 0, 0, 0, 0, 0, 0, 0, 0, 0, 0, 0, 0, 0, 0, 0, 0, 0, 0, 0, 0, 0, 0, 0, 0, 0], [0, 0, 0, 0, 0, 0, 0, 0, 0, 0, 0, 0, 0, 0, 0, 0, 0, 0, 0, 0, 0, 0, 0, 0, 0, 0, 0, 0, 0, 0, 0, 0], [0, 0, 0, 0, 0, 0, 0, 0, 0, 0, 0, 0, 0, 0, 0, 0, 0, 0, 0, 0, 0, 0, 0, 0, 0, 0, 0, 0, 0, 0, 0, 0], [0, 0, 0, 0, 0, 0, 0, 0, 0, 0, 0, 0, 0, 0, 0, 0, 0, 0, 0, 0, 0, 0, 0, 0, 0, 0, 0, 0, 0, 0, 0, 0], [0, 0, 0, 0, 0, 0, 0, 0, 0, 0, 0, 0, 0, 0, 0, 0, 0, 0, 0, 0, 0, 0, 0, 0, 0, 0, 0, 0, 0, 0, 0, 0], [0, 0, 0, 0, 0, 0, 0, 0, 0, 0, 0, 0, 0, 0, 0, 0, 0, 0, 0, 0, 0, 0, 0, 0, 0, 0, 0, 0, 0, 0, 0, 0], [0, 0, 0, 0, 0, 0, 0, 0, 0, 0, 0, 0, 0, 0, 0, 0, 0, 0, 0, 0, 0, 0, 0, 0, 0, 0, 0, 0, 0, 0, 0, 0], [0, 0, 0, 0, 0, 0, 0, 0, 0, 0, 0, 0, 0, 0, 0, 0, 0, 0, 0, 0, 0, 0, 0, 0, 0, 0, 0, 0, 0, 0, 0, 0], [0, 0, 0, 0, 0, 0, 0, 0, 0, 0, 0, 0, 0, 0, 0, 0, 0, 0, 0, 0, 0, 0, 0, 0, 0, 0, 0, 0, 0, 0, 0, 0], [0, 0, 0, 0, 0, 0, 0, 0, 0, 0, 0, 0, 0, 0, 0, 0, 0, 0, 0, 0, 0, 0, 0, 0, 0, 0, 0, 0, 0, 0, 0, 0], [0, 0, 0, 0, 0, 0, 0, 0, 0, 0, 0, 0, 0, 0, 0, 0, 0, 0, 0, 0, 0, 0, 0, 0, 0, 0, 0, 0, 0, 0, 0, 0], [0, 0, 0, 0, 0, 0, 0, 0, 0, 0, 0, 0, 0, 0, 0, 0, 0, 0, 0, 0, 0, 0, 0, 0, 0, 0, 0, 0, 0, 0, 0, 0], [0, 0, 0, 0, 0, 0, 0, 0, 0, 0, 0, 0, 0, 0, 0, 0, 0, 0, 0, 0, 0, 0, 0, 0, 0, 0, 0, 0, 0, 0, 0, 0], [0, 0, 0, 0, 0, 0, 0, 0, 0, 0, 0, 0, 0, 0, 0, 0, 0, 0, 0, 0, 0, 0, 0, 0, 0, 0, 0, 0, 0, 0, 0, 0], [0, 0, 0, 0, 0, 0, 0, 0, 0, 0, 0, 0, 0, 0, 0, 0, 0, 0, 0, 0, 0, 0, 0, 0, 0, 0, 0, 0, 0, 0, 0, 0], [0, 0, 0, 0, 0, 0, 0, 0, 0, 0, 0, 0, 0, 0, 0, 0, 0, 0, 0, 0, 0, 0, 0, 0, 0, 0, 0, 0, 0, 0, 0, 0], [0, 0, 0, 0, 0, 0, 0, 0, 0, 0, 0, 0, 0, 0, 0, 0, 0, 0, 0, 0, 0, 0, 0, 0, 0, 0, 0, 0, 0, 0, 0, 0], [0, 0, 0, 0, 0, 0, 0, 0, 0, 0, 0, 0, 0, 0, 0, 0, 0, 0, 0, 0, 0, 0, 0, 0, 0, 0, 0, 0, 0, 0, 0, 0], [0, 0, 0, 0, 0, 0, 0, 0, 0, 0, 0, 0, 0, 0, 0, 0, 0, 0, 0, 0, 0, 0, 0, 0, 0, 0, 0, 0, 0, 0, 0, 0], [0, 0, 0, 0, 0, 0, 0, 0, 0, 0, 0, 0, 0, 0, 0, 0, 0, 0, 0, 0, 0, 0, 0, 0, 0, 0, 0, 0, 0, 0, 0, 0], [0, 0, 0, 0, 0, 0, 0, 0, 0, 0, 0, 0, 0, 0, 0, 0, 0, 0, 0, 0, 0, 0, 0, 0, 0, 0, 0, 0, 0, 0, 0, 0], [0, 0, 0, 0, 0, 0, 0, 0, 0, 0, 0, 0, 0, 0, 0, 0, 0, 0, 0, 0, 0, 0, 0, 0, 0, 0, 0, 0, 0, 0, 0, 0], [0, 0, 0, 0, 0, 0, 0, 0, 0, 0, 0, 0, 0, 0, 0, 0, 0, 0, 0, 0, 0, 0, 0, 0, 0, 0, 0, 0, 0, 0, 0, 0], [0, 0, 0, 0, 0, 0, 0, 0, 0, 0, 0, 0, 0, 0, 0, 0, 0, 0, 0, 0, 0, 0, 0, 0, 0, 0, 0, 0, 0, 0, 0, 0], [0, 0, 0, 0, 0, 0, 0, 0, 0, 0, 0, 0, 0, 0, 0, 0, 0, 0, 0, 0, 0, 0, 0, 0, 0, 0, 0, 0, 0, 0, 0, 0], [0, 0, 0, 0, 0, 0, 0, 0, 0, 0, 0, 0, 0, 0, 0, 0, 0, 0, 0, 0, 0, 0, 0, 0, 0, 0, 0, 0, 0, 0, 0, 0], [0, 0, 0, 0, 0, 0, 0, 0, 0, 0, 0, 0, 0, 0, 0, 0, 0, 0, 0, 0, 0, 0, 0, 0, 0, 0, 0, 0, 0, 0, 0, 0], [0, 0, 0, 0, 0, 0, 0, 0, 0, 0, 0, 0, 0, 0, 0, 0, 0, 0, 0, 0, 0, 0, 0, 0, 0, 0, 0, 0, 0, 0, 0, 0], [0, 0, 0, 0, 0, 0, 0, 0, 0, 0, 0, 0, 0, 0, 0, 0, 0, 0, 0, 0, 0, 0, 0, 0, 0, 0, 0, 0, 0, 0, 0, 0], [0, 0, 0, 0, 0, 0, 0, 0, 0, 0, 0, 0, 0, 0, 0, 0, 0, 0, 0, 0, 0, 0, 0, 0, 0, 0, 0, 0, 0, 0, 0, 0], [0, 0, 0, 0, 0, 0, 0, 0, 0, 0, 0, 0, 0, 0, 0, 0, 0, 0, 0, 0, 0, 0, 0, 0, 0, 0, 0, 0, 0, 0, 0, 0], [0, 0, 0, 0, 0, 0, 0, 0, 0, 0, 0, 0, 0, 0, 0, 0, 0, 0, 0, 0, 0, 0, 0, 0, 0, 0, 0, 0, 0, 0, 0, 0], [0, 0, 0, 0, 0, 0, 0, 0, 0, 0, 0, 0, 0, 0, 0, 0, 0, 0, 0, 0, 0, 0, 0, 0, 0, 0, 0, 0, 0, 0, 0, 0], [0, 0, 0, 0, 0, 0, 0, 0, 0, 0, 0, 0, 0, 0, 0, 0, 0, 0, 0, 0, 0, 0, 0, 0, 0, 0, 0, 0, 0, 0, 0, 0], [0, 0, 0, 0, 0, 0, 0, 0, 0, 0, 0, 0, 0, 0, 0, 0, 0, 0, 0, 0, 0, 0, 0, 0, 0, 0, 0, 0, 0, 0, 0, 0], [0, 0, 0, 0, 0, 0, 0, 0, 0, 0, 0, 0, 0, 0, 0, 0, 0, 0, 0, 0, 0, 0, 0, 0, 0, 0, 0, 0, 0, 0, 0, 0], [0, 0, 0, 0, 0, 0, 0, 0, 0, 0, 0, 0, 0, 0, 0, 0, 0, 0, 0, 0, 0, 0, 0, 0, 0, 0, 0, 0, 0, 0, 0, 0], [0, 0, 0, 0, 0, 0, 0, 0, 0, 0, 0, 0, 0, 0, 0, 0, 0, 0, 0, 0, 0, 0, 0, 0, 0, 0, 0, 0, 0, 0, 0, 0], [0, 0, 0, 0, 0, 0, 0, 0, 0, 0, 0, 0, 0, 0, 0, 0, 0, 0, 0, 0, 0, 0, 0, 0, 0, 0, 0, 0, 0, 0, 0, 0], [0, 0, 0, 0, 0, 0, 0, 0, 0, 0, 0, 0, 0, 0, 0, 0, 0, 0, 0, 0, 0, 0, 0, 0, 0, 0, 0, 0, 0, 0, 0, 0], [0, 0, 0, 0, 0, 0, 0, 0, 0, 0, 0, 0, 0, 0, 0, 0, 0, 0, 0, 0, 0, 0, 0, 0, 0, 0, 0, 0, 0, 0, 0, 0], [0, 0, 0, 0, 0, 0, 0, 0, 0, 0, 0, 0, 0, 0, 0, 0, 0, 0, 0, 0, 0, 0, 0, 0, 0, 0, 0, 0, 0, 0, 0, 0], [0, 0, 0, 0, 0, 0, 0, 0, 0, 0, 0, 0, 0, 0, 0, 0, 0, 0, 0, 0, 0, 0, 0, 0, 0, 0, 0, 0, 0, 0, 0, 0], [0, 0, 0, 0, 0, 0, 0, 0, 0, 0, 0, 0, 0, 0, 0, 0, 0, 0, 0, 0, 0, 0, 0, 0, 0, 0, 0, 0, 0, 0, 0, 0], [0, 0, 0, 0, 0, 0, 0, 0, 0, 0, 0, 0, 0, 0, 0, 0, 0, 0, 0, 0, 0, 0, 0, 0, 0, 0, 0, 0, 0, 0, 0, 0], [0, 0, 0, 0, 0, 0, 0, 0, 0, 0, 0, 0, 0, 0, 0, 0, 0, 0, 0, 0, 0, 0, 0, 0, 0, 0, 0, 0, 0, 0, 0, 0], [0, 0, 0, 0, 0, 0, 0, 0, 0, 0, 0, 0, 0, 0, 0, 0, 0, 0, 0, 0, 0, 0, 0, 0, 0, 0, 0, 0, 0, 0, 0, 0], [0, 0, 0, 0, 0, 0, 0, 0, 0, 0, 0, 0, 0, 0, 0, 0, 0, 0, 0, 0, 0, 0, 0, 0, 0, 0, 0, 0, 0, 0, 0, 0], [0, 0, 0, 0, 0, 0, 0, 0, 0, 0, 0, 0, 0, 0, 0, 0, 0, 0, 0, 0, 0, 0, 0, 0, 0, 0, 0, 0, 0, 0, 0, 0], [0, 0, 0, 0, 0, 0, 0, 0, 0, 0, 0, 0, 0, 0, 0, 0, 0, 0, 0, 0, 0, 0, 0, 0, 0, 0, 0, 0, 0, 0, 0, 0], [0, 0, 0, 0, 0, 0, 0, 0, 0, 0, 0, 0, 0, 0, 0, 0, 0, 0, 0, 0, 0, 0, 0, 0, 0, 0, 0, 0, 0, 0, 0, 0], [0, 0, 0, 0, 0, 0, 0, 0, 0, 0, 0, 0, 0, 0, 0, 0, 0, 0, 0, 0, 0, 0, 0, 0, 0, 0, 0, 0, 0, 0, 0, 0], [0, 0, 0, 0, 0, 0, 0, 0, 0, 0, 0, 0, 0, 0, 0, 0, 0, 0, 0, 0, 0, 0, 0, 0, 0, 0, 0, 0, 0, 0, 0, 0], [0, 0, 0, 0, 0, 0, 0, 0, 0, 0, 0, 0, 0, 0, 0, 0, 0, 0, 0, 0, 0, 0, 0, 0, 0, 0, 0, 0, 0, 0, 0, 0], [0, 0, 0, 0, 0, 0, 0, 0, 0, 0, 0, 0, 0, 0, 0, 0, 0, 0, 0, 0, 0, 0, 0, 0, 0, 0, 0, 0, 0, 0, 0, 0], [0, 0, 0, 0, 0, 0, 0, 0, 0, 0, 0, 0, 0, 0, 0, 0, 0, 0, 0, 0, 0, 0, 0, 0, 0, 0, 0, 0, 0, 0, 0, 0], [0, 0, 0, 0, 0, 0, 0, 0, 0, 0, 0, 0, 0, 0, 0, 0, 0, 0, 0, 0, 0, 0, 0, 0, 0, 0, 0, 0, 0, 0, 0, 0], [0, 0, 0, 0, 0, 0, 0, 0, 0, 0, 0, 0, 0, 0, 0, 0, 0, 0, 0, 0, 0, 0, 0, 0, 0, 0, 0, 0, 0, 0, 0, 0], [0, 0, 0, 0, 0, 0, 0, 0, 0, 0, 0, 0, 0, 0, 0, 0, 0, 0, 0, 0, 0, 0, 0, 0, 0, 0, 0, 0, 0, 0, 0, 0], [0, 0, 0, 0, 0, 0, 0, 0, 0, 0, 0, 0, 0, 0, 0, 0, 0, 0, 0, 0, 0, 0, 0, 0, 0, 0, 0, 0, 0, 0, 0, 0], [0, 0, 0, 0, 0, 0, 0, 0, 0, 0, 0, 0, 0, 0, 0, 0, 0, 0, 0, 0, 0, 0, 0, 0, 0, 0, 0, 0, 0, 0, 0, 0], [0, 0, 0, 0, 0, 0, 0, 0, 0, 0, 0, 0, 0, 0, 0, 0, 0, 0, 0, 0, 0, 0, 0, 0, 0, 0, 0, 0, 0, 0, 0, 0], [0, 0, 0, 0, 0, 0, 0, 0, 0, 0, 0, 0, 0, 0, 0, 0, 0, 0, 0, 0, 0, 0, 0, 0, 0, 0, 0, 0, 0, 0, 0, 0], [0, 0, 0, 0, 0, 0, 0, 0, 0, 0, 0, 0, 0, 0, 0, 0, 0, 0, 0, 0, 0, 0, 0, 0, 0, 0, 0, 0, 0, 0, 0, 0], [0, 0, 0, 0, 0, 0, 0, 0, 0, 0, 0, 0, 0, 0, 0, 0, 0, 0, 0, 0, 0, 0, 0, 0, 0, 0, 0, 0, 0, 0, 0, 0], [0, 0, 0, 0, 0, 0, 0, 0, 0, 0, 0, 0, 0, 0, 0, 0, 0, 0, 0, 0, 0, 0, 0, 0, 0, 0, 0, 0, 0, 0, 0, 0], [0, 0, 0, 0, 0, 0, 0, 0, 0, 0, 0, 0, 0, 0, 0, 0, 0, 0, 0, 0, 0, 0, 0, 0, 0, 0, 0, 0, 0, 0, 0, 0], [0, 0, 0, 0, 0, 0, 0, 0, 0, 0, 0, 0, 0, 0, 0, 0, 0, 0, 0, 0, 0, 0, 0, 0, 0, 0, 0, 0, 0, 0, 0, 0], [0, 0, 0, 0, 0, 0, 0, 0, 0, 0, 0, 0, 0, 0, 0, 0, 0, 0, 0, 0, 0, 0, 0, 0, 0, 0, 0, 0, 0, 0, 0, 0], [0, 0, 0, 0, 0, 0, 0, 0, 0, 0, 0, 0, 0, 0, 0, 0, 0, 0, 0, 0, 0, 0, 0, 0, 0, 0, 0, 0, 0, 0, 0, 0], [0, 0, 0, 0, 0, 0, 0, 0, 0, 0, 0, 0, 0, 0, 0, 0, 0, 0, 0, 0, 0, 0, 0, 0, 0, 0, 0, 0, 0, 0, 0, 0], [0, 0, 0, 0, 0, 0, 0, 0, 0, 0, 0, 0, 0, 0, 0, 0, 0, 0, 0, 0, 0, 0, 0, 0, 0, 0, 0, 0, 0, 0, 0, 0], [0, 0, 0, 0, 0, 0, 0, 0, 0, 0, 0, 0, 0, 0, 0, 0, 0, 0, 0, 0, 0, 0, 0, 0, 0, 0, 0, 0, 0, 0, 0, 0], [0, 0, 0, 0, 0, 0, 0, 0, 0, 0, 0, 0, 0, 0, 0, 0, 0, 0, 0, 0, 0, 0, 0, 0, 0, 0, 0, 0, 0, 0, 0, 0], [0, 0, 0, 0, 0, 0, 0, 0, 0, 0, 0, 0, 0, 0, 0, 0, 0, 0, 0, 0, 0, 0, 0, 0, 0, 0, 0, 0, 0, 0, 0, 0], [0, 0, 0, 0, 0, 0, 0, 0, 0, 0, 0, 0, 0, 0, 0, 0, 0, 0, 0, 0, 0, 0, 0, 0, 0, 0, 0, 0, 0, 0, 0, 0], [0, 0, 0, 0, 0, 0, 0, 0, 0, 0, 0, 0, 0, 0, 0, 0, 0, 0, 0, 0, 0, 0, 0, 0, 0, 0, 0, 0, 0, 0, 0, 0], [0, 0, 0, 0, 0, 0, 0, 0, 0, 0, 0, 0, 0, 0, 0, 0, 0, 0, 0, 0, 0, 0, 0, 0, 0, 0, 0, 0, 0, 0, 0, 0], [0, 0, 0, 0, 0, 0, 0, 0, 0, 0, 0, 0, 0, 0, 0, 0, 0, 0, 0, 0, 0, 0, 0, 0, 0, 0, 0, 0, 0, 0, 0, 0], [0, 0, 0, 0, 0, 0, 0, 0, 0, 0, 0, 0, 0, 0, 0, 0, 0, 0, 0, 0, 0, 0, 0, 0, 0, 0, 0, 0, 0, 0, 0, 0], [0, 0, 0, 0, 0, 0, 0, 0, 0, 0, 0, 0, 0, 0, 0, 0, 0, 0, 0, 0, 0, 0, 0, 0, 0, 0, 0, 0, 0, 0, 0, 0], [0, 0, 0, 0, 0, 0, 0, 0, 0, 0, 0, 0, 0, 0, 0, 0, 0, 0, 0, 0, 0, 0, 0, 0, 0, 0, 0, 0, 0, 0, 0, 0], [0, 0, 0, 0, 0, 0, 0, 0, 0, 0, 0, 0, 0, 0, 0, 0, 0, 0, 0, 0, 0, 0, 0, 0, 0, 0, 0, 0, 0, 0, 0, 0], [0, 0, 0, 0, 0, 0, 0, 0, 0, 0, 0, 0, 0, 0, 0, 0, 0, 0, 0, 0, 0, 0, 0, 0, 0, 0, 0, 0, 0, 0, 0, 0], [0, 0, 0, 0, 0, 0, 0, 0, 0, 0, 0, 0, 0, 0, 0, 0, 0, 0, 0, 0, 0, 0, 0, 0, 0, 0, 0, 0, 0, 0, 0, 0], [0, 0, 0, 0, 0, 0, 0, 0, 0, 0, 0, 0, 0, 0, 0, 0, 0, 0, 0, 0, 0, 0, 0, 0, 0, 0, 0, 0, 0, 0, 0, 0], [0, 0, 0, 0, 0, 0, 0, 0, 0, 0, 0, 0, 0, 0, 0, 0, 0, 0, 0, 0, 0, 0, 0, 0, 0, 0, 0, 0, 0, 0, 0, 0], [0, 0, 0, 0, 0, 0, 0, 0, 0, 0, 0, 0, 0, 0, 0, 0, 0, 0, 0, 0, 0, 0, 0, 0, 0, 0, 0, 0, 0, 0, 0, 0], [0, 0, 0, 0, 0, 0, 0, 0, 0, 0, 0, 0, 0, 0, 0, 0, 0, 0, 0, 0, 0, 0, 0, 0, 0, 0, 0, 0, 0, 0, 0, 0], [0, 0, 0, 0, 0, 0, 0, 0, 0, 0, 0, 0, 0, 0, 0, 0, 0, 0, 0, 0, 0, 0, 0, 0, 0, 0, 0, 0, 0, 0, 0, 0], [0, 0, 0, 0, 0, 0, 0, 0, 0, 0, 0, 0, 0, 0, 0, 0, 0, 0, 0, 0, 0, 0, 0, 0, 0, 0, 0, 0, 0, 0, 0, 0], [0, 0, 0, 0, 0, 0, 0, 0, 0, 0, 0, 0, 0, 0, 0, 0, 0, 0, 0, 0, 0, 0, 0, 0, 0, 0, 0, 0, 0, 0, 0, 0], [0, 0, 0, 0, 0, 0, 0, 0, 0, 0, 0, 0, 0, 0, 0, 0, 0, 0, 0, 0, 0, 0, 0, 0, 0, 0, 0, 0, 0, 0, 0, 0], [0, 0, 0, 0, 0, 0, 0, 0, 0, 0, 0, 0, 0, 0, 0, 0, 0, 0, 0, 0, 0, 0, 0, 0, 0, 0, 0, 0, 0, 0, 0, 0], [0, 0, 0, 0, 0, 0, 0, 0, 0, 0, 0, 0, 0, 0, 0, 0, 0, 0, 0, 0, 0, 0, 0, 0, 0, 0, 0, 0, 0, 0, 0, 0], [0, 0, 0, 0, 0, 0, 0, 0, 0, 0, 0, 0, 0, 0, 0, 0, 0, 0, 0, 0, 0, 0, 0, 0, 0, 0, 0, 0, 0, 0, 0, 0], [0, 0, 0, 0, 0, 0, 0, 0, 0, 0, 0, 0, 0, 0, 0, 0, 0, 0, 0, 0, 0, 0, 0, 0, 0, 0, 0, 0, 0, 0, 0, 0], [0, 0, 0, 0, 0, 0, 0, 0, 0, 0, 0, 0, 0, 0, 0, 0, 0, 0, 0, 0, 0, 0, 0, 0, 0, 0, 0, 0, 0, 0, 0, 0], [0, 0, 0, 0, 0, 0, 0, 0, 0, 0, 0, 0, 0, 0, 0, 0, 0, 0, 0, 0, 0, 0, 0, 0, 0, 0, 0, 0, 0, 0, 0, 0], [0, 0, 0, 0, 0, 0, 0, 0, 0, 0, 0, 0, 0, 0, 0, 0, 0, 0, 0, 0, 0, 0, 0, 0, 0, 0, 0, 0, 0, 0, 0, 0], [0, 0, 0, 0, 0, 0, 0, 0, 0, 0, 0, 0, 0, 0, 0, 0, 0, 0, 0, 0, 0, 0, 0, 0, 0, 0, 0, 0, 0, 0, 0, 0], [0, 0, 0, 0, 0, 0, 0, 0, 0, 0, 0, 0, 0, 0, 0, 0, 0, 0, 0, 0, 0, 0, 0, 0, 0, 0, 0, 0, 0, 0, 0, 0], [0, 0, 0, 0, 0, 0, 0, 0, 0, 0, 0, 0, 0, 0, 0, 0, 0, 0, 0, 0, 0, 0, 0, 0, 0, 0, 0, 0, 0, 0, 0, 0], [0, 0, 0, 0, 0, 0, 0, 0, 0, 0, 0, 0, 0, 0, 0, 0, 0, 0, 0, 0, 0, 0, 0, 0, 0, 0, 0, 0, 0, 0, 0, 0], [0, 0, 0, 0, 0, 0, 0, 0, 0, 0, 0, 0, 0, 0, 0, 0, 0, 0, 0, 0, 0, 0, 0, 0, 0, 0, 0, 0, 0, 0, 0, 0], [0, 0, 0, 0, 0, 0, 0, 0, 0, 0, 0, 0, 0, 0, 0, 0, 0, 0, 0, 0, 0, 0, 0, 0, 0, 0, 0, 0, 0, 0, 0, 0], [0, 0, 0, 0, 0, 0, 0, 0, 0, 0, 0, 0, 0, 0, 0, 0, 0, 0, 0, 0, 0, 0, 0, 0, 0, 0, 0, 0, 0, 0, 0, 0], [0, 0, 0, 0, 0, 0, 0, 0, 0, 0, 0, 0, 0, 0, 0, 0, 0, 0, 0, 0, 0, 0, 0, 0, 0, 0, 0, 0, 0, 0, 0, 0], [0, 0, 0, 0, 0, 0, 0, 0, 0, 0, 0, 0, 0, 0, 0, 0, 0, 0, 0, 0, 0, 0, 0, 0, 0, 0, 0, 0, 0, 0, 0, 0], [0, 0, 0, 0, 0, 0, 0, 0, 0, 0, 0, 0, 0, 0, 0, 0, 0, 0, 0, 0, 0, 0, 0, 0, 0, 0, 0, 0, 0, 0, 0, 0], [0, 0, 0, 0, 0, 0, 0, 0, 0, 0, 0, 0, 0, 0, 0, 0, 0, 0, 0, 0, 0, 0, 0, 0, 0, 0, 0, 0, 0, 0, 0, 0], [0, 0, 0, 0, 0, 0, 0, 0, 0, 0, 0, 0, 0, 0, 0, 0, 0, 0, 0, 0, 0, 0, 0, 0, 0, 0, 0, 0, 0, 0, 0, 0], [0, 0, 0, 0, 0, 0, 0, 0, 0, 0, 0, 0, 0, 0, 0, 0, 0, 0, 0, 0, 0, 0, 0, 0, 0, 0, 0, 0, 0, 0, 0, 0], [0, 0, 0, 0, 0, 0, 0, 0, 0, 0, 0, 0, 0, 0, 0, 0, 0, 0, 0, 0, 0, 0, 0, 0, 0, 0, 0, 0, 0, 0, 0, 0], [0, 0, 0, 0, 0, 0, 0, 0, 0, 0, 0, 0, 0, 0, 0, 0, 0, 0, 0, 0, 0, 0, 0, 0, 0, 0, 0, 0, 0, 0, 0, 0], [0, 0, 0, 0, 0, 0, 0, 0, 0, 0, 0, 0, 0, 0, 0, 0, 0, 0, 0, 0, 0, 0, 0, 0, 0, 0, 0, 0, 0, 0, 0, 0], [0, 0, 0, 0, 0, 0, 0, 0, 0, 0, 0, 0, 0, 0, 0, 0, 0, 0, 0, 0, 0, 0, 0, 0, 0, 0, 0, 0, 0, 0, 0, 0], [0, 0, 0, 0, 0, 0, 0, 0, 0, 0, 0, 0, 0, 0, 0, 0, 0, 0, 0, 0, 0, 0, 0, 0, 0, 0, 0, 0, 0, 0, 0, 0], [0, 0, 0, 0, 0, 0, 0, 0, 0, 0, 0, 0, 0, 0, 0, 0, 0, 0, 0, 0, 0, 0, 0, 0, 0, 0, 0, 0, 0, 0, 0, 0], [0, 0, 0, 0, 0, 0, 0, 0, 0, 0, 0, 0, 0, 0, 0, 0, 0, 0, 0, 0, 0, 0, 0, 0, 0, 0, 0, 0, 0, 0, 0, 0], [0, 0, 0, 0, 0, 0, 0, 0, 0, 0, 0, 0, 0, 0, 0, 0, 0, 0, 0, 0, 0, 0, 0, 0, 0, 0, 0, 0, 0, 0, 0, 0], [0, 0, 0, 0, 0, 0, 0, 0, 0, 0, 0, 0, 0, 0, 0, 0, 0, 0, 0, 0, 0, 0, 0, 0, 0, 0, 0, 0, 0, 0, 0, 0], [0, 0, 0, 0, 0, 0, 0, 0, 0, 0, 0, 0, 0, 0, 0, 0, 0, 0, 0, 0, 0, 0, 0, 0, 0, 0, 0, 0, 0, 0, 0, 0], [0, 0, 0, 0, 0, 0, 0, 0, 0, 0, 0, 0, 0, 0, 0, 0, 0, 0, 0, 0, 0, 0, 0, 0, 0, 0, 0, 0, 0, 0, 0, 0], [0, 0, 0, 0, 0, 0, 0, 0, 0, 0, 0, 0, 0, 0, 0, 0, 0, 0, 0, 0, 0, 0, 0, 0, 0, 0, 0, 0, 0, 0, 0, 0], [0, 0, 0, 0, 0, 0, 0, 0, 0, 0, 0, 0, 0, 0, 0, 0, 0, 0, 0, 0, 0, 0, 0, 0, 0, 0, 0, 0, 0, 0, 0, 0], [0, 0, 0, 0, 0, 0, 0, 0, 0, 0, 0, 0, 0, 0, 0, 0, 0, 0, 0, 0, 0, 0, 0, 0, 0, 0, 0, 0, 0, 0, 0, 0], [0, 0, 0, 0, 0, 0, 0, 0, 0, 0, 0, 0, 0, 0, 0, 0, 0, 0, 0, 0, 0, 0, 0, 0, 0, 0, 0, 0, 0, 0, 0, 0], [0, 0, 0, 0, 0, 0, 0, 0, 0, 0, 0, 0, 0, 0, 0, 0, 0, 0, 0, 0, 0, 0, 0, 0, 0, 0, 0, 0, 0, 0, 0, 0], [0, 0, 0, 0, 0, 0, 0, 0, 0, 0, 0, 0, 0, 0, 0, 0, 0, 0, 0, 0, 0, 0, 0, 0, 0, 0, 0, 0, 0, 0, 0, 0], [0, 0, 0, 0, 0, 0, 0, 0, 0, 0, 0, 0, 0, 0, 0, 0, 0, 0, 0, 0, 0, 0, 0, 0, 0, 0, 0, 0, 0, 0, 0, 0], [0, 0, 0, 0, 0, 0, 0, 0, 0, 0, 0, 0, 0, 0, 0, 0, 0, 0, 0, 0, 0, 0, 0, 0, 0, 0, 0, 0, 0, 0, 0, 0], [0, 0, 0, 0, 0, 0, 0, 0, 0, 0, 0, 0, 0, 0, 0, 0, 0, 0, 0, 0, 0, 0, 0, 0, 0, 0, 0, 0, 0, 0, 0, 0], [0, 0, 0, 0, 0, 0, 0, 0, 0, 0, 0, 0, 0, 0, 0, 0, 0, 0, 0, 0, 0, 0, 0, 0, 0, 0, 0, 0, 0, 0, 0, 0], [0, 0, 0, 0, 0, 0, 0, 0, 0, 0, 0, 0, 0, 0, 0, 0, 0, 0, 0, 0, 0, 0, 0, 0, 0, 0, 0, 0, 0, 0, 0, 0], [0, 0, 0, 0, 0, 0, 0, 0, 0, 0, 0, 0, 0, 0, 0, 0, 0, 0, 0, 0, 0, 0, 0, 0, 0, 0, 0, 0, 0, 0, 0, 0], [0, 0, 0, 0, 0, 0, 0, 0, 0, 0, 0, 0, 0, 0, 0, 0, 0, 0, 0, 0, 0, 0, 0, 0, 0, 0, 0, 0, 0, 0, 0, 0], [0, 0, 0, 0, 0, 0, 0, 0, 0, 0, 0, 0, 0, 0, 0, 0, 0, 0, 0, 0, 0, 0, 0, 0, 0, 0, 0, 0, 0, 0, 0, 0], [0, 0, 0, 0, 0, 0, 0, 0, 0, 0, 0, 0, 0, 0, 0, 0, 0, 0, 0, 0, 0, 0, 0, 0, 0, 0, 0, 0, 0, 0, 0, 0], [0, 0, 0, 0, 0, 0, 0, 0, 0, 0, 0, 0, 0, 0, 0, 0, 0, 0, 0, 0, 0, 0, 0, 0, 0, 0, 0, 0, 0, 0, 0, 0], [0, 0, 0, 0, 0, 0, 0, 0, 0, 0, 0, 0, 0, 0, 0, 0, 0, 0, 0, 0, 0, 0, 0, 0, 0, 0, 0, 0, 0, 0, 0, 0], [0, 0, 0, 0, 0, 0, 0, 0, 0, 0, 0, 0, 0, 0, 0, 0, 0, 0, 0, 0, 0, 0, 0, 0, 0, 0, 0, 0, 0, 0, 0, 0], [0, 0, 0, 0, 0, 0, 0, 0, 0, 0, 0, 0, 0, 0, 0, 0, 0, 0, 0, 0, 0, 0, 0, 0, 0, 0, 0, 0, 0, 0, 0, 0], [0, 0, 0, 0, 0, 0, 0, 0, 0, 0, 0, 0, 0, 0, 0, 0, 0, 0, 0, 0, 0, 0, 0, 0, 0, 0, 0, 0, 0, 0, 0, 0], [0, 0, 0, 0, 0, 0, 0, 0, 0, 0, 0, 0, 0, 0, 0, 0, 0, 0, 0, 0, 0, 0, 0, 0, 0, 0, 0, 0, 0, 0, 0, 0], [0, 0, 0, 0, 0, 0, 0, 0, 0, 0, 0, 0, 0, 0, 0, 0, 0, 0, 0, 0, 0, 0, 0, 0, 0, 0, 0, 0, 0, 0, 0, 0], [0, 0, 0, 0, 0, 0, 0, 0, 0, 0, 0, 0, 0, 0, 0, 0, 0, 0, 0, 0, 0, 0, 0, 0, 0, 0, 0, 0, 0, 0, 0, 0], [0, 0, 0, 0, 0, 0, 0, 0, 0, 0, 0, 0, 0, 0, 0, 0, 0, 0, 0, 0, 0, 0, 0, 0, 0, 0, 0, 0, 0, 0, 0, 0], [0, 0, 0, 0, 0, 0, 0, 0, 0, 0, 0, 0, 0, 0, 0, 0, 0, 0, 0, 0, 0, 0, 0, 0, 0, 0, 0, 0, 0, 0, 0, 0], [0, 0, 0, 0, 0, 0, 0, 0, 0, 0, 0, 0, 0, 0, 0, 0, 0, 0, 0, 0, 0, 0, 0, 0, 0, 0, 0, 0, 0, 0, 0, 0], [0, 0, 0, 0, 0, 0, 0, 0, 0, 0, 0, 0, 0, 0, 0, 0, 0, 0, 0, 0, 0, 0, 0, 0, 0, 0, 0, 0, 0, 0, 0, 0], [0, 0, 0, 0, 0, 0, 0, 0, 0, 0, 0, 0, 0, 0, 0, 0, 0, 0, 0, 0, 0, 0, 0, 0, 0, 0, 0, 0, 0, 0, 0, 0], [0, 0, 0, 0, 0, 0, 0, 0, 0, 0, 0, 0, 0, 0, 0, 0, 0, 0, 0, 0, 0, 0, 0, 0, 0, 0, 0, 0, 0, 0, 0, 0], [0, 0, 0, 0, 0, 0, 0, 0, 0, 0, 0, 0, 0, 0, 0, 0, 0, 0, 0, 0, 0, 0, 0, 0, 0, 0, 0, 0, 0, 0, 0, 0], [0, 0, 0, 0, 0, 0, 0, 0, 0, 0, 0, 0, 0, 0, 0, 0, 0, 0, 0, 0, 0, 0, 0, 0, 0, 0, 0, 0, 0, 0, 0, 0], [0, 0, 0, 0, 0, 0, 0, 0, 0, 0, 0, 0, 0, 0, 0, 0, 0, 0, 0, 0, 0, 0, 0, 0, 0, 0, 0, 0, 0, 0, 0, 0], [0, 0, 0, 0, 0, 0, 0, 0, 0, 0, 0, 0, 0, 0, 0, 0, 0, 0, 0, 0, 0, 0, 0, 0, 0, 0, 0, 0, 0, 0, 0, 0], [0, 0, 0, 0, 0, 0, 0, 0, 0, 0, 0, 0, 0, 0, 0, 0, 0, 0, 0, 0, 0, 0, 0, 0, 0, 0, 0, 0, 0, 0, 0, 0], [0, 0, 0, 0, 0, 0, 0, 0, 0, 0, 0, 0, 0, 0, 0, 0, 0, 0, 0, 0, 0, 0, 0, 0, 0, 0, 0, 0, 0, 0, 0, 0], [0, 0, 0, 0, 0, 0, 0, 0, 0, 0, 0, 0, 0, 0, 0, 0, 0, 0, 0, 0, 0, 0, 0, 0, 0, 0, 0, 0, 0, 0, 0, 0], [0, 0, 0, 0, 0, 0, 0, 0, 0, 0, 0, 0, 0, 0, 0, 0, 0, 0, 0, 0, 0, 0, 0, 0, 0, 0, 0, 0, 0, 0, 0, 0], [0, 0, 0, 0, 0, 0, 0, 0, 0, 0, 0, 0, 0, 0, 0, 0, 0, 0, 0, 0, 0, 0, 0, 0, 0, 0, 0, 0, 0, 0, 0, 0], [0, 0, 0, 0, 0, 0, 0, 0, 0, 0, 0, 0, 0, 0, 0, 0, 0, 0, 0, 0, 0, 0, 0, 0, 0, 0, 0, 0, 0, 0, 0, 0], [0, 0, 0, 0, 0, 0, 0, 0, 0, 0, 0, 0, 0, 0, 0, 0, 0, 0, 0, 0, 0, 0, 0, 0, 0, 0, 0, 0, 0, 0, 0, 0], [0, 0, 0, 0, 0, 0, 0, 0, 0, 0, 0, 0, 0, 0, 0, 0, 0, 0, 0, 0, 0, 0, 0, 0, 0, 0, 0, 0, 0, 0, 0, 0], [0, 0, 0, 0, 0, 0, 0, 0, 0, 0, 0, 0, 0, 0, 0, 0, 0, 0, 0, 0, 0, 0, 0, 0, 0, 0, 0, 0, 0, 0, 0, 0], [0, 0, 0, 0, 0, 0, 0, 0, 0, 0, 0, 0, 0, 0, 0, 0, 0, 0, 0, 0, 0, 0, 0, 0, 0, 0, 0, 0, 0, 0, 0, 0], [0, 0, 0, 0, 0, 0, 0, 0, 0, 0, 0, 0, 0, 0, 0, 0, 0, 0, 0, 0, 0, 0, 0, 0, 0, 0, 0, 0, 0, 0, 0, 0], [0, 0, 0, 0, 0, 0, 0, 0, 0, 0, 0, 0, 0, 0, 0, 0, 0, 0, 0, 0, 0, 0, 0, 0, 0, 0, 0, 0, 0, 0, 0, 0], [0, 0, 0, 0, 0, 0, 0, 0, 0, 0, 0, 0, 0, 0, 0, 0, 0, 0, 0, 0, 0, 0, 0, 0, 0, 0, 0, 0, 0, 0, 0, 0], [0, 0, 0, 0, 0, 0, 0, 0, 0, 0, 0, 0, 0, 0, 0, 0, 0, 0, 0, 0, 0, 0, 0, 0, 0, 0, 0, 0, 0, 0, 0, 0], [0, 0, 0, 0, 0, 0, 0, 0, 0, 0, 0, 0, 0, 0, 0, 0, 0, 0, 0, 0, 0, 0, 0, 0, 0, 0, 0, 0, 0, 0, 0, 0], [0, 0, 0, 0, 0, 0, 0, 0, 0, 0, 0, 0, 0, 0, 0, 0, 0, 0, 0, 0, 0, 0, 0, 0, 0, 0, 0, 0, 0, 0, 0, 0], [0, 0, 0, 0, 0, 0, 0, 0, 0, 0, 0, 0, 0, 0, 0, 0, 0, 0, 0, 0, 0, 0, 0, 0, 0, 0, 0, 0, 0, 0, 0, 0], [0, 0, 0, 0, 0, 0, 0, 0, 0, 0, 0, 0, 0, 0, 0, 0, 0, 0, 0, 0, 0, 0, 0, 0, 0, 0, 0, 0, 0, 0, 0, 0], [0, 0, 0, 0, 0, 0, 0, 0, 0, 0, 0, 0, 0, 0, 0, 0, 0, 0, 0, 0, 0, 0, 0, 0, 0, 0, 0, 0, 0, 0, 0, 0], [0, 0, 0, 0, 0, 0, 0, 0, 0, 0, 0, 0, 0, 0, 0, 0, 0, 0, 0, 0, 0, 0, 0, 0, 0, 0, 0, 0, 0, 0, 0, 0], [0, 0, 0, 0, 0, 0, 0, 0, 0, 0, 0, 0, 0, 0, 0, 0, 0, 0, 0, 0, 0, 0, 0, 0, 0, 0, 0, 0, 0, 0, 0, 0], [0, 0, 0, 0, 0, 0, 0, 0, 0, 0, 0, 0, 0, 0, 0, 0, 0, 0, 0, 0, 0, 0, 0, 0, 0, 0, 0, 0, 0, 0, 0, 0], [0, 0, 0, 0, 0, 0, 0, 0, 0, 0, 0, 0, 0, 0, 0, 0, 0, 0, 0, 0, 0, 0, 0, 0, 0, 0, 0, 0, 0, 0, 0, 0], [0, 0, 0, 0, 0, 0, 0, 0, 0, 0, 0, 0, 0, 0, 0, 0, 0, 0, 0, 0, 0, 0, 0, 0, 0, 0, 0, 0, 0, 0, 0, 0], [0, 0, 0, 0, 0, 0, 0, 0, 0, 0, 0, 0, 0, 0, 0, 0, 0, 0, 0, 0, 0, 0, 0, 0, 0, 0, 0, 0, 0, 0, 0, 0], [0, 0, 0, 0, 0, 0, 0, 0, 0, 0, 0, 0, 0, 0, 0, 0, 0, 0, 0, 0, 0, 0, 0, 0, 0, 0, 0, 0, 0, 0, 0, 0], [0, 0, 0, 0, 0, 0, 0, 0, 0, 0, 0, 0, 0, 0, 0, 0, 0, 0, 0, 0, 0, 0, 0, 0, 0, 0, 0, 0, 0, 0, 0, 0], [0, 0, 0, 0, 0, 0, 0, 0, 0, 0, 0, 0, 0, 0, 0, 0, 0, 0, 0, 0, 0, 0, 0, 0, 0, 0, 0, 0, 0, 0, 0, 0], [0, 0, 0, 0, 0, 0, 0, 0, 0, 0, 0, 0, 0, 0, 0, 0, 0, 0, 0, 0, 0, 0, 0, 0, 0, 0, 0, 0, 0, 0, 0, 0], [0, 0, 0, 0, 0, 0, 0, 0, 0, 0, 0, 0, 0, 0, 0, 0, 0, 0, 0, 0, 0, 0, 0, 0, 0, 0, 0, 0, 0, 0, 0, 0], [0, 0, 0, 0, 0, 0, 0, 0, 0, 0, 0, 0, 0, 0, 0, 0, 0, 0, 0, 0, 0, 0, 0, 0, 0, 0, 0, 0, 0, 0, 0, 0], [0, 0, 0, 0, 0, 0, 0, 0, 0, 0, 0, 0, 0, 0, 0, 0, 0, 0, 0, 0, 0, 0, 0, 0, 0, 0, 0, 0, 0, 0, 0, 0], [0, 0, 0, 0, 0, 0, 0, 0, 0, 0, 0, 0, 0, 0, 0, 0, 0, 0, 0, 0, 0, 0, 0, 0, 0, 0, 0, 0, 0, 0, 0, 0], [0, 0, 0, 0, 0, 0, 0, 0, 0, 0, 0, 0, 0, 0, 0, 0, 0, 0, 0, 0, 0, 0, 0, 0, 0, 0, 0, 0, 0, 0, 0, 0], [0, 0, 0, 0, 0, 0, 0, 0, 0, 0, 0, 0, 0, 0, 0, 0, 0, 0, 0, 0, 0, 0, 0, 0, 0, 0, 0, 0, 0, 0, 0, 0], [0, 0, 0, 0, 0, 0, 0, 0, 0, 0, 0, 0, 0, 0, 0, 0, 0, 0, 0, 0, 0, 0, 0, 0, 0, 0, 0, 0, 0, 0, 0, 0], [0, 0, 0, 0, 0, 0, 0, 0, 0, 0, 0, 0, 0, 0, 0, 0, 0, 0, 0, 0, 0, 0, 0, 0, 0, 0, 0, 0, 0, 0, 0, 0], [0, 0, 0, 0, 0, 0, 0, 0, 0, 0, 0, 0, 0, 0, 0, 0, 0, 0, 0, 0, 0, 0, 0, 0, 0, 0, 0, 0, 0, 0, 0, 0], [0, 0, 0, 0, 0, 0, 0, 0, 0, 0, 0, 0, 0, 0, 0, 0, 0, 0, 0, 0, 0, 0, 0, 0, 0, 0, 0, 0, 0, 0, 0, 0], [0, 0, 0, 0, 0, 0, 0, 0, 0, 0, 0, 0, 0, 0, 0, 0, 0, 0, 0, 0, 0, 0, 0, 0, 0, 0, 0, 0, 0, 0, 0, 0], [0, 0, 0, 0, 0, 0, 0, 0, 0, 0, 0, 0, 0, 0, 0, 0, 0, 0, 0, 0, 0, 0, 0, 0, 0, 0, 0, 0, 0, 0, 0, 0], [0, 0, 0, 0, 0, 0, 0, 0, 0, 0, 0, 0, 0, 0, 0, 0, 0, 0, 0, 0, 0, 0, 0, 0, 0, 0, 0, 0, 0, 0, 0, 0], [0, 0, 0, 0, 0, 0, 0, 0, 0, 0, 0, 0, 0, 0, 0, 0, 0, 0, 0, 0, 0, 0, 0, 0, 0, 0, 0, 0, 0, 0, 0, 0], [0, 0, 0, 0, 0, 0, 0, 0, 0, 0, 0, 0, 0, 0, 0, 0, 0, 0, 0, 0, 0, 0, 0, 0, 0, 0, 0, 0, 0, 0, 0, 0], [0, 0, 0, 0, 0, 0, 0, 0, 0, 0, 0, 0, 0, 0, 0, 0, 0, 0, 0, 0, 0, 0, 0, 0, 0, 0, 0, 0, 0, 0, 0, 0], [0, 0, 0, 0, 0, 0, 0, 0, 0, 0, 0, 0, 0, 0, 0, 0, 0, 0, 0, 0, 0, 0, 0, 0, 0, 0, 0, 0, 0, 0, 0, 0], [0, 0, 0, 0, 0, 0, 0, 0, 0, 0, 0, 0, 0, 0, 0, 0, 0, 0, 0, 0, 0, 0, 0, 0, 0, 0, 0, 0, 0, 0, 0, 0], [0, 0, 0, 0, 0, 0, 0, 0, 0, 0, 0, 0, 0, 0, 0, 0, 0, 0, 0, 0, 0, 0, 0, 0, 0, 0, 0, 0, 0, 0, 0, 0], [0, 0, 0, 0, 0, 0, 0, 0, 0, 0, 0, 0, 0, 0, 0, 0, 0, 0, 0, 0, 0, 0, 0, 0, 0, 0, 0, 0, 0, 0, 0, 0], [0, 0, 0, 0, 0, 0, 0, 0, 0, 0, 0, 0, 0, 0, 0, 0, 0, 0, 0, 0, 0, 0, 0, 0, 0, 0, 0, 0, 0, 0, 0, 0], [0, 0, 0, 0, 0, 0, 0, 0, 0, 0, 0, 0, 0, 0, 0, 0, 0, 0, 0, 0, 0, 0, 0, 0, 0, 0, 0, 0, 0, 0, 0, 0], [0, 0, 0, 0, 0, 0, 0, 0, 0, 0, 0, 0, 0, 0, 0, 0, 0, 0, 0, 0, 0, 0, 0, 0, 0, 0, 0, 0, 0, 0, 0, 0], [0, 0, 0, 0, 0, 0, 0, 0, 0, 0, 0, 0, 0, 0, 0, 0, 0, 0, 0, 0, 0, 0, 0, 0, 0, 0, 0, 0, 0, 0, 0, 0], [0, 0, 0, 0, 0, 0, 0, 0, 0, 0, 0, 0, 0, 0, 0, 0, 0, 0, 0, 0, 0, 0, 0, 0, 0, 0, 0, 0, 0, 0, 0, 0], [0, 0, 0, 0, 0, 0, 0, 0, 0, 0, 0, 0, 0, 0, 0, 0, 0, 0, 0, 0, 0, 0, 0, 0, 0, 0, 0, 0, 0, 0, 0, 0], [0, 0, 0, 0, 0, 0, 0, 0, 0, 0, 0, 0, 0, 0, 0, 0, 0, 0, 0, 0, 0, 0, 0, 0, 0, 0, 0, 0, 0, 0, 0, 0], [0, 0, 0, 0, 0, 0, 0, 0, 0, 0, 0, 0, 0, 0, 0, 0, 0, 0, 0, 0, 0, 0, 0, 0, 0, 0, 0, 0, 0, 0, 0, 0], [0, 0, 0, 0, 0, 0, 0, 0, 0, 0, 0, 0, 0, 0, 0, 0, 0, 0, 0, 0, 0, 0, 0, 0, 0, 0, 0, 0, 0, 0, 0, 0], [0, 0, 0, 0, 0, 0, 0, 0, 0, 0, 0, 0, 0, 0, 0, 0, 0, 0, 0, 0, 0, 0, 0, 0, 0, 0, 0, 0, 0, 0, 0, 0], [0, 0, 0, 0, 0, 0, 0, 0, 0, 0, 0, 0, 0, 0, 0, 0, 0, 0, 0, 0, 0, 0, 0, 0, 0, 0, 0, 0, 0, 0, 0, 0], [0, 0, 0, 0, 0, 0, 0, 0, 0, 0, 0, 0, 0, 0, 0, 0, 0, 0, 0, 0, 0, 0, 0, 0, 0, 0, 0, 0, 0, 0, 0, 0], [0, 0, 0, 0, 0, 0, 0, 0, 0, 0, 0, 0, 0, 0, 0, 0, 0, 0, 0, 0, 0, 0, 0, 0, 0, 0, 0, 0, 0, 0, 0, 0], [0, 0, 0, 0, 0, 0, 0, 0, 0, 0, 0, 0, 0, 0, 0, 0, 0, 0, 0, 0, 0, 0, 0, 0, 0, 0, 0, 0, 0, 0, 0, 0], [0, 0, 0, 0, 0, 0, 0, 0, 0, 0, 0, 0, 0, 0, 0, 0, 0, 0, 0, 0, 0, 0, 0, 0, 0, 0, 0, 0, 0, 0, 0, 0], [0, 0, 0, 0, 0, 0, 0, 0, 0, 0, 0, 0, 0, 0, 0, 0, 0, 0, 0, 0, 0, 0, 0, 0, 0, 0, 0, 0, 0, 0, 0, 0], [0, 0, 0, 0, 0, 0, 0, 0, 0, 0, 0, 0, 0, 0, 0, 0, 0, 0, 0, 0, 0, 0, 0, 0, 0, 0, 0, 0, 0, 0, 0, 0], [0, 0, 0, 0, 0, 0, 0, 0, 0, 0, 0, 0, 0, 0, 0, 0, 0, 0, 0, 0, 0, 0, 0, 0, 0, 0, 0, 0, 0, 0, 0, 0], [0, 0, 0, 0, 0, 0, 0, 0, 0, 0, 0, 0, 0, 0, 0, 0, 0, 0, 0, 0, 0, 0, 0, 0, 0, 0, 0, 0, 0, 0, 0, 0], [0, 0, 0, 0, 0, 0, 0, 0, 0, 0, 0, 0, 0, 0, 0, 0, 0, 0, 0, 0, 0, 0, 0, 0, 0, 0, 0, 0, 0, 0, 0, 0], [0, 0, 0, 0, 0, 0, 0, 0, 0, 0, 0, 0, 0, 0, 0, 0, 0, 0, 0, 0, 0, 0, 0, 0, 0, 0, 0, 0, 0, 0, 0, 0], [0, 0, 0, 0, 0, 0, 0, 0, 0, 0, 0, 0, 0, 0, 0, 0, 0, 0, 0, 0, 0, 0, 0, 0, 0, 0, 0, 0, 0, 0, 0, 0], [0, 0, 0, 0, 0, 0, 0, 0, 0, 0, 0, 0, 0, 0, 0, 0, 0, 0, 0, 0, 0, 0, 0, 0, 0, 0, 0, 0, 0, 0, 0, 0], [0, 0, 0, 0, 0, 0, 0, 0, 0, 0, 0, 0, 0, 0, 0, 0, 0, 0, 0, 0, 0, 0, 0, 0, 0, 0, 0, 0, 0, 0, 0, 0], [0, 0, 0, 0, 0, 0, 0, 0, 0, 0, 0, 0, 0, 0, 0, 0, 0, 0, 0, 0, 0, 0, 0, 0, 0, 0, 0, 0, 0, 0, 0, 0], [0, 0, 0, 0, 0, 0, 0, 0, 0, 0, 0, 0, 0, 0, 0, 0, 0, 0, 0, 0, 0, 0, 0, 0, 0, 0, 0, 0, 0, 0, 0, 0], [0, 0, 0, 0, 0, 0, 0, 0, 0, 0, 0, 0, 0, 0, 0, 0, 0, 0, 0, 0, 0, 0, 0, 0, 0, 0, 0, 0, 0, 0, 0, 0], [0, 0, 0, 0, 0, 0, 0, 0, 0, 0, 0, 0, 0, 0, 0, 0, 0, 0, 0, 0, 0, 0, 0, 0, 0, 0, 0, 0, 0, 0, 0, 0], [0, 0, 0, 0, 0, 0, 0, 0, 0, 0, 0, 0, 0, 0, 0, 0, 0, 0, 0, 0, 0, 0, 0, 0, 0, 0, 0, 0, 0, 0, 0, 0], [0, 0, 0, 0, 0, 0, 0, 0, 0, 0, 0, 0, 0, 0, 0, 0, 0, 0, 0, 0, 0, 0, 0, 0, 0, 0, 0, 0, 0, 0, 0, 0], [0, 0, 0, 0, 0, 0, 0, 0, 0, 0, 0, 0, 0, 0, 0, 0, 0, 0, 0, 0, 0, 0, 0, 0, 0, 0, 0, 0, 0, 0, 0, 0], [0, 0, 0, 0, 0, 0, 0, 0, 0, 0, 0, 0, 0, 0, 0, 0, 0, 0, 0, 0, 0, 0, 0, 0, 0, 0, 0, 0, 0, 0, 0, 0], [0, 0, 0, 0, 0, 0, 0, 0, 0, 0, 0, 0, 0, 0, 0, 0, 0, 0, 0, 0, 0, 0, 0, 0, 0, 0, 0, 0, 0, 0, 0, 0], [0, 0, 0, 0, 0, 0, 0, 0, 0, 0, 0, 0, 0, 0, 0, 0, 0, 0, 0, 0, 0, 0, 0, 0, 0, 0, 0, 0, 0, 0, 0, 0], [0, 0, 0, 0, 0, 0, 0, 0, 0, 0, 0, 0, 0, 0, 0, 0, 0, 0, 0, 0, 0, 0, 0, 0, 0, 0, 0, 0, 0, 0, 0, 0], [0, 0, 0, 0, 0, 0, 0, 0, 0, 0, 0, 0, 0, 0, 0, 0, 0, 0, 0, 0, 0, 0, 0, 0, 0, 0, 0, 0, 0, 0, 0, 0], [0, 0, 0, 0, 0, 0, 0, 0, 0, 0, 0, 0, 0, 0, 0, 0, 0, 0, 0, 0, 0, 0, 0, 0, 0, 0, 0, 0, 0, 0, 0, 0], [0, 0, 0, 0, 0, 0, 0, 0, 0, 0, 0, 0, 0, 0, 0, 0, 0, 0, 0, 0, 0, 0, 0, 0, 0, 0, 0, 0, 0, 0, 0, 0], [0, 0, 0, 0, 0, 0, 0, 0, 0, 0, 0, 0, 0, 0, 0, 0, 0, 0, 0, 0, 0, 0, 0, 0, 0, 0, 0, 0, 0, 0, 0, 0], [0, 0, 0, 0, 0, 0, 0, 0, 0, 0, 0, 0, 0, 0, 0, 0, 0, 0, 0, 0, 0, 0, 0, 0, 0, 0, 0, 0, 0, 0, 0, 0], [0, 0, 0, 0, 0, 0, 0, 0, 0, 0, 0, 0, 0, 0, 0, 0, 0, 0, 0, 0, 0, 0, 0, 0, 0, 0, 0, 0, 0, 0, 0, 0], [0, 0, 0, 0, 0, 0, 0, 0, 0, 0, 0, 0, 0, 0, 0, 0, 0, 0, 0, 0, 0, 0, 0, 0, 0, 0, 0, 0, 0, 0, 0, 0], [0, 0, 0, 0, 0, 0, 0, 0, 0, 0, 0, 0, 0, 0, 0, 0, 0, 0, 0, 0, 0, 0, 0, 0, 0, 0, 0, 0, 0, 0, 0, 0], [0, 0, 0, 0, 0, 0, 0, 0, 0, 0, 0, 0, 0, 0, 0, 0, 0, 0, 0, 0, 0, 0, 0, 0, 0, 0, 0, 0, 0, 0, 0, 0], [0, 0, 0, 0, 0, 0, 0, 0, 0, 0, 0, 0, 0, 0, 0, 0, 0, 0, 0, 0, 0, 0, 0, 0, 0, 0, 0, 0, 0, 0, 0, 0], [0, 0, 0, 0, 0, 0, 0, 0, 0, 0, 0, 0, 0, 0, 0, 0, 0, 0, 0, 0, 0, 0, 0, 0, 0, 0, 0, 0, 0, 0, 0, 0], [0, 0, 0, 0, 0, 0, 0, 0, 0, 0, 0, 0, 0, 0, 0, 0, 0, 0, 0, 0, 0, 0, 0, 0, 0, 0, 0, 0, 0, 0, 0, 0], [0, 0, 0, 0, 0, 0, 0, 0, 0, 0, 0, 0, 0, 0, 0, 0, 0, 0, 0, 0, 0, 0, 0, 0, 0, 0, 0, 0, 0, 0, 0, 0], [0, 0, 0, 0, 0, 0, 0, 0, 0, 0, 0, 0, 0, 0, 0, 0, 0, 0, 0, 0, 0, 0, 0, 0, 0, 0, 0, 0, 0, 0, 0, 0], [0, 0, 0, 0, 0, 0, 0, 0, 0, 0, 0, 0, 0, 0, 0, 0, 0, 0, 0, 0, 0, 0, 0, 0, 0, 0, 0, 0, 0, 0, 0, 0], [0, 0, 0, 0, 0, 0, 0, 0, 0, 0, 0, 0, 0, 0, 0, 0, 0, 0, 0, 0, 0, 0, 0, 0, 0, 0, 0, 0, 0, 0, 0, 0], [0, 0, 0, 0, 0, 0, 0, 0, 0, 0, 0, 0, 0, 0, 0, 0, 0, 0, 0, 0, 0, 0, 0, 0, 0, 0, 0, 0, 0, 0, 0, 0], [0, 0, 0, 0, 0, 0, 0, 0, 0, 0, 0, 0, 0, 0, 0, 0, 0, 0, 0, 0, 0, 0, 0, 0, 0, 0, 0, 0, 0, 0, 0, 0], [0, 0, 0, 0, 0, 0, 0, 0, 0, 0, 0, 0, 0, 0, 0, 0, 0, 0, 0, 0, 0, 0, 0, 0, 0, 0, 0, 0, 0, 0, 0, 0], [0, 0, 0, 0, 0, 0, 0, 0, 0, 0, 0, 0, 0, 0, 0, 0, 0, 0, 0, 0, 0, 0, 0, 0, 0, 0, 0, 0, 0, 0, 0, 0], [0, 0, 0, 0, 0, 0, 0, 0, 0, 0, 0, 0, 0, 0, 0, 0, 0, 0, 0, 0, 0, 0, 0, 0, 0, 0, 0, 0, 0, 0, 0, 0], [0, 0, 0, 0, 0, 0, 0, 0, 0, 0, 0, 0, 0, 0, 0, 0, 0, 0, 0, 0, 0, 0, 0, 0, 0, 0, 0, 0, 0, 0, 0, 0], [0, 0, 0, 0, 0, 0, 0, 0, 0, 0, 0, 0, 0, 0, 0, 0, 0, 0, 0, 0, 0, 0, 0, 0, 0, 0, 0, 0, 0, 0, 0, 0], [0, 0, 0, 0, 0, 0, 0, 0, 0, 0, 0, 0, 0, 0, 0, 0, 0, 0, 0, 0, 0, 0, 0, 0, 0, 0, 0, 0, 0, 0, 0, 0], [0, 0, 0, 0, 0, 0, 0, 0, 0, 0, 0, 0, 0, 0, 0, 0, 0, 0, 0, 0, 0, 0, 0, 0, 0, 0, 0, 0, 0, 0, 0, 0], [0, 0, 0, 0, 0, 0, 0, 0, 0, 0, 0, 0, 0, 0, 0, 0, 0, 0, 0, 0, 0, 0, 0, 0, 0, 0, 0, 0, 0, 0, 0, 0], [0, 0, 0, 0, 0, 0, 0, 0, 0, 0, 0, 0, 0, 0, 0, 0, 0, 0, 0, 0, 0, 0, 0, 0, 0, 0, 0, 0, 0, 0, 0, 0], [0, 0, 0, 0, 0, 0, 0, 0, 0, 0, 0, 0, 0, 0, 0, 0, 0, 0, 0, 0, 0, 0, 0, 0, 0, 0, 0, 0, 0, 0, 0, 0], [0, 0, 0, 0, 0, 0, 0, 0, 0, 0, 0, 0, 0, 0, 0, 0, 0, 0, 0, 0, 0, 0, 0, 0, 0, 0, 0, 0, 0, 0, 0, 0], [0, 0, 0, 0, 0, 0, 0, 0, 0, 0, 0, 0, 0, 0, 0, 0, 0, 0, 0, 0, 0, 0, 0, 0, 0, 0, 0, 0, 0, 0, 0, 0], [0, 0, 0, 0, 0, 0, 0, 0, 0, 0, 0, 0, 0, 0, 0, 0, 0, 0, 0, 0, 0, 0, 0, 0, 0, 0, 0, 0, 0, 0, 0, 0], [0, 0, 0, 0, 0, 0, 0, 0, 0, 0, 0, 0, 0, 0, 0, 0, 0, 0, 0, 0, 0, 0, 0, 0, 0, 0, 0, 0, 0, 0, 0, 0], [0, 0, 0, 0, 0, 0, 0, 0, 0, 0, 0, 0, 0, 0, 0, 0, 0, 0, 0, 0, 0, 0, 0, 0, 0, 0, 0, 0, 0, 0, 0, 0], [0, 0, 0, 0, 0, 0, 0, 0, 0, 0, 0, 0, 0, 0, 0, 0, 0, 0, 0, 0, 0, 0, 0, 0, 0, 0, 0, 0, 0, 0, 0, 0], [0, 0, 0, 0, 0, 0, 0, 0, 0, 0, 0, 0, 0, 0, 0, 0, 0, 0, 0, 0, 0, 0, 0, 0, 0, 0, 0, 0, 0, 0, 0, 0], [0, 0, 0, 0, 0, 0, 0, 0, 0, 0, 0, 0, 0, 0, 0, 0, 0, 0, 0, 0, 0, 0, 0, 0, 0, 0, 0, 0, 0, 0, 0, 0], [0, 0, 0, 0, 0, 0, 0, 0, 0, 0, 0, 0, 0, 0, 0, 0, 0, 0, 0, 0, 0, 0, 0, 0, 0, 0, 0, 0, 0, 0, 0, 0], [0, 0, 0, 0, 0, 0, 0, 0, 0, 0, 0, 0, 0, 0, 0, 0, 0, 0, 0, 0, 0, 0, 0, 0, 0, 0, 0, 0, 0, 0, 0, 0], [0, 0, 0, 0, 0, 0, 0, 0, 0, 0, 0, 0, 0, 0, 0, 0, 0, 0, 0, 0, 0, 0, 0, 0, 0, 0, 0, 0, 0, 0, 0, 0], [0, 0, 0, 0, 0, 0, 0, 0, 0, 0, 0, 0, 0, 0, 0, 0, 0, 0, 0, 0, 0, 0, 0, 0, 0, 0, 0, 0, 0, 0, 0, 0], [0, 0, 0, 0, 0, 0, 0, 0, 0, 0, 0, 0, 0, 0, 0, 0, 0, 0, 0, 0, 0, 0, 0, 0, 0, 0, 0, 0, 0, 0, 0, 0], [0, 0, 0, 0, 0, 0, 0, 0, 0, 0, 0, 0, 0, 0, 0, 0, 0, 0, 0, 0, 0, 0, 0, 0, 0, 0, 0, 0, 0, 0, 0, 0], [0, 0, 0, 0, 0, 0, 0, 0, 0, 0, 0, 0, 0, 0, 0, 0, 0, 0, 0, 0, 0, 0, 0, 0, 0, 0, 0, 0, 0, 0, 0, 0], [0, 0, 0, 0, 0, 0, 0, 0, 0, 0, 0, 0, 0, 0, 0, 0, 0, 0, 0, 0, 0, 0, 0, 0, 0, 0, 0, 0, 0, 0, 0, 0], [0, 0, 0, 0, 0, 0, 0, 0, 0, 0, 0, 0, 0, 0, 0, 0, 0, 0, 0, 0, 0, 0, 0, 0, 0, 0, 0, 0, 0, 0, 0, 0], [0, 0, 0, 0, 0, 0, 0, 0, 0, 0, 0, 0, 0, 0, 0, 0, 0, 0, 0, 0, 0, 0, 0, 0, 0, 0, 0, 0, 0, 0, 0, 0], [0, 0, 0, 0, 0, 0, 0, 0, 0, 0, 0, 0, 0, 0, 0, 0, 0, 0, 0, 0, 0, 0, 0, 0, 0, 0, 0, 0, 0, 0, 0, 0], [0, 0, 0, 0, 0, 0, 0, 0, 0, 0, 0, 0, 0, 0, 0, 0, 0, 0, 0, 0, 0, 0, 0, 0, 0, 0, 0, 0, 0, 0, 0, 0], [0, 0, 0, 0, 0, 0, 0, 0, 0, 0, 0, 0, 0, 0, 0, 0, 0, 0, 0, 0, 0, 0, 0, 0, 0, 0, 0, 0, 0, 0, 0, 0], [0, 0, 0, 0, 0, 0, 0, 0, 0, 0, 0, 0, 0, 0, 0, 0, 0, 0, 0, 0, 0, 0, 0, 0, 0, 0, 0, 0, 0, 0, 0, 0], [0, 0, 0, 0, 0, 0, 0, 0, 0, 0, 0, 0, 0, 0, 0, 0, 0, 0, 0, 0, 0, 0, 0, 0, 0, 0, 0, 0, 0, 0, 0, 0], [0, 0, 0, 0, 0, 0, 0, 0, 0, 0, 0, 0, 0, 0, 0, 0, 0, 0, 0, 0, 0, 0, 0, 0, 0, 0, 0, 0, 0, 0, 0, 0], [0, 0, 0, 0, 0, 0, 0, 0, 0, 0, 0, 0, 0, 0, 0, 0, 0, 0, 0, 0, 0, 0, 0, 0, 0, 0, 0, 0, 0, 0, 0, 0], [0, 0, 0, 0, 0, 0, 0, 0, 0, 0, 0, 0, 0, 0, 0, 0, 0, 0, 0, 0, 0, 0, 0, 0, 0, 0, 0, 0, 0, 0, 0, 0], [0, 0, 0, 0, 0, 0, 0, 0, 0, 0, 0, 0, 0, 0, 0, 0, 0, 0, 0, 0, 0, 0, 0, 0, 0, 0, 0, 0, 0, 0, 0, 0], [0, 0, 0, 0, 0, 0, 0, 0, 0, 0, 0, 0, 0, 0, 0, 0, 0, 0, 0, 0, 0, 0, 0, 0, 0, 0, 0, 0, 0, 0, 0, 0], [0, 0, 0, 0, 0, 0, 0, 0, 0, 0, 0, 0, 0, 0, 0, 0, 0, 0, 0, 0, 0, 0, 0, 0, 0, 0, 0, 0, 0, 0, 0, 0], [0, 0, 0, 0, 0, 0, 0, 0, 0, 0, 0, 0, 0, 0, 0, 0, 0, 0, 0, 0, 0, 0, 0, 0, 0, 0, 0, 0, 0, 0, 0, 0], [0, 0, 0, 0, 0, 0, 0, 0, 0, 0, 0, 0, 0, 0, 0, 0, 0, 0, 0, 0, 0, 0, 0, 0, 0, 0, 0, 0, 0, 0, 0, 0], [0, 0, 0, 0, 0, 0, 0, 0, 0, 0, 0, 0, 0, 0, 0, 0, 0, 0, 0, 0, 0, 0, 0, 0, 0, 0, 0, 0, 0, 0, 0, 0], [0, 0, 0, 0, 0, 0, 0, 0, 0, 0, 0, 0, 0, 0, 0, 0, 0, 0, 0, 0, 0, 0, 0, 0, 0, 0, 0, 0, 0, 0, 0, 0], [0, 0, 0, 0, 0, 0, 0, 0, 0, 0, 0, 0, 0, 0, 0, 0, 0, 0, 0, 0, 0, 0, 0, 0, 0, 0, 0, 0, 0, 0, 0, 0], [0, 0, 0, 0, 0, 0, 0, 0, 0, 0, 0, 0, 0, 0, 0, 0, 0, 0, 0, 0, 0, 0, 0, 0, 0, 0, 0, 0, 0, 0, 0, 0], [0, 0, 0, 0, 0, 0, 0, 0, 0, 0, 0, 0, 0, 0, 0, 0, 0, 0, 0, 0, 0, 0, 0, 0, 0, 0, 0, 0, 0, 0, 0, 0], [0, 0, 0, 0, 0, 0, 0, 0, 0, 0, 0, 0, 0, 0, 0, 0, 0, 0, 0, 0, 0, 0, 0, 0, 0, 0, 0, 0, 0, 0, 0, 0], [0, 0, 0, 0, 0, 0, 0, 0, 0, 0, 0, 0, 0, 0, 0, 0, 0, 0, 0, 0, 0, 0, 0, 0, 0, 0, 0, 0, 0, 0, 0, 0], [0, 0, 0, 0, 0, 0, 0, 0, 0, 0, 0, 0, 0, 0, 0, 0, 0, 0, 0, 0, 0, 0, 0, 0, 0, 0, 0, 0, 0, 0, 0, 0], [0, 0, 0, 0, 0, 0, 0, 0, 0, 0, 0, 0, 0, 0, 0, 0, 0, 0, 0, 0, 0, 0, 0, 0, 0, 0, 0, 0, 0, 0, 0, 0], [0, 0, 0, 0, 0, 0, 0, 0, 0, 0, 0, 0, 0, 0, 0, 0, 0, 0, 0, 0, 0, 0, 0, 0, 0, 0, 0, 0, 0, 0, 0, 0], [0, 0, 0, 0, 0, 0, 0, 0, 0, 0, 0, 0, 0, 0, 0, 0, 0, 0, 0, 0, 0, 0, 0, 0, 0, 0, 0, 0, 0, 0, 0, 0], [0, 0, 0, 0, 0, 0, 0, 0, 0, 0, 0, 0, 0, 0, 0, 0, 0, 0, 0, 0, 0, 0, 0, 0, 0, 0, 0, 0, 0, 0, 0, 0], [0, 0, 0, 0, 0, 0, 0, 0, 0, 0, 0, 0, 0, 0, 0, 0, 0, 0, 0, 0, 0, 0, 0, 0, 0, 0, 0, 0, 0, 0, 0, 0], [0, 0, 0, 0, 0, 0, 0, 0, 0, 0, 0, 0, 0, 0, 0, 0, 0, 0, 0, 0, 0, 0, 0, 0, 0, 0, 0, 0, 0, 0, 0, 0], [0, 0, 0, 0, 0, 0, 0, 0, 0, 0, 0, 0, 0, 0, 0, 0, 0, 0, 0, 0, 0, 0, 0, 0, 0, 0, 0, 0, 0, 0, 0, 0], [0, 0, 0, 0, 0, 0, 0, 0, 0, 0, 0, 0, 0, 0, 0, 0, 0, 0, 0, 0, 0, 0, 0, 0, 0, 0, 0, 0, 0, 0, 0, 0], [0, 0, 0, 0, 0, 0, 0, 0, 0, 0, 0, 0, 0, 0, 0, 0, 0, 0, 0, 0, 0, 0, 0, 0, 0, 0, 0, 0, 0, 0, 0, 0], [0, 0, 0, 0, 0, 0, 0, 0, 0, 0, 0, 0, 0, 0, 0, 0, 0, 0, 0, 0, 0, 0, 0, 0, 0, 0, 0, 0, 0, 0, 0, 0], [0, 0, 0, 0, 0, 0, 0, 0, 0, 0, 0, 0, 0, 0, 0, 0, 0, 0, 0, 0, 0, 0, 0, 0, 0, 0, 0, 0, 0, 0, 0, 0], [0, 0, 0, 0, 0, 0, 0, 0, 0, 0, 0, 0, 0, 0, 0, 0, 0, 0, 0, 0, 0, 0, 0, 0, 0, 0, 0, 0, 0, 0, 0, 0], [0, 0, 0, 0, 0, 0, 0, 0, 0, 0, 0, 0, 0, 0, 0, 0, 0, 0, 0, 0, 0, 0, 0, 0, 0, 0, 0, 0, 0, 0, 0, 0], [0, 0, 0, 0, 0, 0, 0, 0, 0, 0, 0, 0, 0, 0, 0, 0, 0, 0, 0, 0, 0, 0, 0, 0, 0, 0, 0, 0, 0, 0, 0, 0], [0, 0, 0, 0, 0, 0, 0, 0, 0, 0, 0, 0, 0, 0, 0, 0, 0, 0, 0, 0, 0, 0, 0, 0, 0, 0, 0, 0, 0, 0, 0, 0], [0, 0, 0, 0, 0, 0, 0, 0, 0, 0, 0, 0, 0, 0, 0, 0, 0, 0, 0, 0, 0, 0, 0, 0, 0, 0, 0, 0, 0, 0, 0, 0], [0, 0, 0, 0, 0, 0, 0, 0, 0, 0, 0, 0, 0, 0, 0, 0, 0, 0, 0, 0, 0, 0, 0, 0, 0, 0, 0, 0, 0, 0, 0, 0], [0, 0, 0, 0, 0, 0, 0, 0, 0, 0, 0, 0, 0, 0, 0, 0, 0, 0, 0, 0, 0, 0, 0, 0, 0, 0, 0, 0, 0, 0, 0, 0], [0, 0, 0, 0, 0, 0, 0, 0, 0, 0, 0, 0, 0, 0, 0, 0, 0, 0, 0, 0, 0, 0, 0, 0, 0, 0, 0, 0, 0, 0, 0, 0], [0, 0, 0, 0, 0, 0, 0, 0, 0, 0, 0, 0, 0, 0, 0, 0, 0, 0, 0, 0, 0, 0, 0, 0, 0, 0, 0, 0, 0, 0, 0, 0], [0, 0, 0, 0, 0, 0, 0, 0, 0, 0, 0, 0, 0, 0, 0, 0, 0, 0, 0, 0, 0, 0, 0, 0, 0, 0, 0, 0, 0, 0, 0, 0], [0, 0, 0, 0, 0, 0, 0, 0, 0, 0, 0, 0, 0, 0, 0, 0, 0, 0, 0, 0, 0, 0, 0, 0, 0, 0, 0, 0, 0, 0, 0, 0], [0, 0, 0, 0, 0, 0, 0, 0, 0, 0, 0, 0, 0, 0, 0, 0, 0, 0, 0, 0, 0, 0, 0, 0, 0, 0, 0, 0, 0, 0, 0, 0], [0, 0, 0, 0, 0, 0, 0, 0, 0, 0, 0, 0, 0, 0, 0, 0, 0, 0, 0, 0, 0, 0, 0, 0, 0, 0, 0, 0, 0, 0, 0, 0], [0, 0, 0, 0, 0, 0, 0, 0, 0, 0, 0, 0, 0, 0, 0, 0, 0, 0, 0, 0, 0, 0, 0, 0, 0, 0, 0, 0, 0, 0, 0, 0], [0, 0, 0, 0, 0, 0, 0, 0, 0, 0, 0, 0, 0, 0, 0, 0, 0, 0, 0, 0, 0, 0, 0, 0, 0, 0, 0, 0, 0, 0, 0, 0], [0, 0, 0, 0, 0, 0, 0, 0, 0, 0, 0, 0, 0, 0, 0, 0, 0, 0, 0, 0, 0, 0, 0, 0, 0, 0, 0, 0, 0, 0, 0, 0], [0, 0, 0, 0, 0, 0, 0, 0, 0, 0, 0, 0, 0, 0, 0, 0, 0, 0, 0, 0, 0, 0, 0, 0, 0, 0, 0, 0, 0, 0, 0, 0], [0, 0, 0, 0, 0, 0, 0, 0, 0, 0, 0, 0, 0, 0, 0, 0, 0, 0, 0, 0, 0, 0, 0, 0, 0, 0, 0, 0, 0, 0, 0, 0], [0, 0, 0, 0, 0, 0, 0, 0, 0, 0, 0, 0, 0, 0, 0, 0, 0, 0, 0, 0, 0, 0, 0, 0, 0, 0, 0, 0, 0, 0, 0, 0], [0, 0, 0, 0, 0, 0, 0, 0, 0, 0, 0, 0, 0, 0, 0, 0, 0, 0, 0, 0, 0, 0, 0, 0, 0, 0, 0, 0, 0, 0, 0, 0], [0, 0, 0, 0, 0, 0, 0, 0, 0, 0, 0, 0, 0, 0, 0, 0, 0, 0, 0, 0, 0, 0, 0, 0, 0, 0, 0, 0, 0, 0, 0, 0], [0, 0, 0, 0, 0, 0, 0, 0, 0, 0, 0, 0, 0, 0, 0, 0, 0, 0, 0, 0, 0, 0, 0, 0, 0, 0, 0, 0, 0, 0, 0, 0], [0, 0, 0, 0, 0, 0, 0, 0, 0, 0, 0, 0, 0, 0, 0, 0, 0, 0, 0, 0, 0, 0, 0, 0, 0, 0, 0, 0, 0, 0, 0, 0], [0, 0, 0, 0, 0, 0, 0, 0, 0, 0, 0, 0, 0, 0, 0, 0, 0, 0, 0, 0, 0, 0, 0, 0, 0, 0, 0, 0, 0, 0, 0, 0], [0, 0, 0, 0, 0, 0, 0, 0, 0, 0, 0, 0, 0, 0, 0, 0, 0, 0, 0, 0, 0, 0, 0, 0, 0, 0, 0, 0, 0, 0, 0, 0], [0, 0, 0, 0, 0, 0, 0, 0, 0, 0, 0, 0, 0, 0, 0, 0, 0, 0, 0, 0, 0, 0, 0, 0, 0, 0, 0, 0, 0, 0, 0, 0], [0, 0, 0, 0, 0, 0, 0, 0, 0, 0, 0, 0, 0, 0, 0, 0, 0, 0, 0, 0, 0, 0, 0, 0, 0, 0, 0, 0, 0, 0, 0, 0], [0, 0, 0, 0, 0, 0, 0, 0, 0, 0, 0, 0, 0, 0, 0, 0, 0, 0, 0, 0, 0, 0, 0, 0, 0, 0, 0, 0, 0, 0, 0, 0], [0, 0, 0, 0, 0, 0, 0, 0, 0, 0, 0, 0, 0, 0, 0, 0, 0, 0, 0, 0, 0, 0, 0, 0, 0, 0, 0, 0, 0, 0, 0, 0], [0, 0, 0, 0, 0, 0, 0, 0, 0, 0, 0, 0, 0, 0, 0, 0, 0, 0, 0, 0, 0, 0, 0, 0, 0, 0, 0, 0, 0, 0, 0, 0], [0, 0, 0, 0, 0, 0, 0, 0, 0, 0, 0, 0, 0, 0, 0, 0, 0, 0, 0, 0, 0, 0, 0, 0, 0, 0, 0, 0, 0, 0, 0, 0], [0, 0, 0, 0, 0, 0, 0, 0, 0, 0, 0, 0, 0, 0, 0, 0, 0, 0, 0, 0, 0, 0, 0, 0, 0, 0, 0, 0, 0, 0, 0, 0], [0, 0, 0, 0, 0, 0, 0, 0, 0, 0, 0, 0, 0, 0, 0, 0, 0, 0, 0, 0, 0, 0, 0, 0, 0, 0, 0, 0, 0, 0, 0, 0], [0, 0, 0, 0, 0, 0, 0, 0, 0, 0, 0, 0, 0, 0, 0, 0, 0, 0, 0, 0, 0, 0, 0, 0, 0, 0, 0, 0, 0, 0, 0, 0], [0, 0, 0, 0, 0, 0, 0, 0, 0, 0, 0, 0, 0, 0, 0, 0, 0, 0, 0, 0, 0, 0, 0, 0, 0, 0, 0, 0, 0, 0, 0, 0], [0, 0, 0, 0, 0, 0, 0, 0, 0, 0, 0, 0, 0, 0, 0, 0, 0, 0, 0, 0, 0, 0, 0, 0, 0, 0, 0, 0, 0, 0, 0, 0], [0, 0, 0, 0, 0, 0, 0, 0, 0, 0, 0, 0, 0, 0, 0, 0, 0, 0, 0, 0, 0, 0, 0, 0, 0, 0, 0, 0, 0, 0, 0, 0], [0, 0, 0, 0, 0, 0, 0, 0, 0, 0, 0, 0, 0, 0, 0, 0, 0, 0, 0, 0, 0, 0, 0, 0, 0, 0, 0, 0, 0, 0, 0, 0], [0, 0, 0, 0, 0, 0, 0, 0, 0, 0, 0, 0, 0, 0, 0, 0, 0, 0, 0, 0, 0, 0, 0, 0, 0, 0, 0, 0, 0, 0, 0, 0], [0, 0, 0, 0, 0, 0, 0, 0, 0, 0, 0, 0, 0, 0, 0, 0, 0, 0, 0, 0, 0, 0, 0, 0, 0, 0, 0, 0, 0, 0, 0, 0], [0, 0, 0, 0, 0, 0, 0, 0, 0, 0, 0, 0, 0, 0, 0, 0, 0, 0, 0, 0, 0, 0, 0, 0, 0, 0, 0, 0, 0, 0, 0, 0], [0, 0, 0, 0, 0, 0, 0, 0, 0, 0, 0, 0, 0, 0, 0, 0, 0, 0, 0, 0, 0, 0, 0, 0, 0, 0, 0, 0, 0, 0, 0, 0], [0, 0, 0, 0, 0, 0, 0, 0, 0, 0, 0, 0, 0, 0, 0, 0, 0, 0, 0, 0, 0, 0, 0, 0, 0, 0, 0, 0, 0, 0, 0, 0], [0, 0, 0, 0, 0, 0, 0, 0, 0, 0, 0, 0, 0, 0, 0, 0, 0, 0, 0, 0, 0, 0, 0, 0, 0, 0, 0, 0, 0, 0, 0, 0], [0, 0, 0, 0, 0, 0, 0, 0, 0, 0, 0, 0, 0, 0, 0, 0, 0, 0, 0, 0, 0, 0, 0, 0, 0, 0, 0, 0, 0, 0, 0, 0], [0, 0, 0, 0, 0, 0, 0, 0, 0, 0, 0, 0, 0, 0, 0, 0, 0, 0, 0, 0, 0, 0, 0, 0, 0, 0, 0, 0, 0, 0, 0, 0], [0, 0, 0, 0, 0, 0, 0, 0, 0, 0, 0, 0, 0, 0, 0, 0, 0, 0, 0, 0, 0, 0, 0, 0, 0, 0, 0, 0, 0, 0, 0, 0], [0, 0, 0, 0, 0, 0, 0, 0, 0, 0, 0, 0, 0, 0, 0, 0, 0, 0, 0, 0, 0, 0, 0, 0, 0, 0, 0, 0, 0, 0, 0, 0], [0, 0, 0, 0, 0, 0, 0, 0, 0, 0, 0, 0, 0, 0, 0, 0, 0, 0, 0, 0, 0, 0, 0, 0, 0, 0, 0, 0, 0, 0, 0, 0], [0, 0, 0, 0, 0, 0, 0, 0, 0, 0, 0, 0, 0, 0, 0, 0, 0, 0, 0, 0, 0, 0, 0, 0, 0, 0, 0, 0, 0, 0, 0, 0], [0, 0, 0, 0, 0, 0, 0, 0, 0, 0, 0, 0, 0, 0, 0, 0, 0, 0, 0, 0, 0, 0, 0, 0, 0, 0, 0, 0, 0, 0, 0, 0], [0, 0, 0, 0, 0, 0, 0, 0, 0, 0, 0, 0, 0, 0, 0, 0, 0, 0, 0, 0, 0, 0, 0, 0, 0, 0, 0, 0, 0, 0, 0, 0], [0, 0, 0, 0, 0, 0, 0, 0, 0, 0, 0, 0, 0, 0, 0, 0, 0, 0, 0, 0, 0, 0, 0, 0, 0, 0, 0, 0, 0, 0, 0, 0], [0, 0, 0, 0, 0, 0, 0, 0, 0, 0, 0, 0, 0, 0, 0, 0, 0, 0, 0, 0, 0, 0, 0, 0, 0, 0, 0, 0, 0, 0, 0, 0], [0, 0, 0, 0, 0, 0, 0, 0, 0, 0, 0, 0, 0, 0, 0, 0, 0, 0, 0, 0, 0, 0, 0, 0, 0, 0, 0, 0, 0, 0, 0, 0], [0, 0, 0, 0, 0, 0, 0, 0, 0, 0, 0, 0, 0, 0, 0, 0, 0, 0, 0, 0, 0, 0, 0, 0, 0, 0, 0, 0, 0, 0, 0, 0], [0, 0, 0, 0, 0, 0, 0, 0, 0, 0, 0, 0, 0, 0, 0, 0, 0, 0, 0, 0, 0, 0, 0, 0, 0, 0, 0, 0, 0, 0, 0, 0], [0, 0, 0, 0, 0, 0, 0, 0, 0, 0, 0, 0, 0, 0, 0, 0, 0, 0, 0, 0, 0, 0, 0, 0, 0, 0, 0, 0, 0, 0, 0, 0], [0, 0, 0, 0, 0, 0, 0, 0, 0, 0, 0, 0, 0, 0, 0, 0, 0, 0, 0, 0, 0, 0, 0, 0, 0, 0, 0, 0, 0, 0, 0, 0], [0, 0, 0, 0, 0, 0, 0, 0, 0, 0, 0, 0, 0, 0, 0, 0, 0, 0, 0, 0, 0, 0, 0, 0, 0, 0, 0, 0, 0, 0, 0, 0], [0, 0, 0, 0, 0, 0, 0, 0, 0, 0, 0, 0, 0, 0, 0, 0, 0, 0, 0, 0, 0, 0, 0, 0, 0, 0, 0, 0, 0, 0, 0, 0], [0, 0, 0, 0, 0, 0, 0, 0, 0, 0, 0, 0, 0, 0, 0, 0, 0, 0, 0, 0, 0, 0, 0, 0, 0, 0, 0, 0, 0, 0, 0, 0], [0, 0, 0, 0, 0, 0, 0, 0, 0, 0, 0, 0, 0, 0, 0, 0, 0, 0, 0, 0, 0, 0, 0, 0, 0, 0, 0, 0, 0, 0, 0, 0], [0, 0, 0, 0, 0, 0, 0, 0, 0, 0, 0, 0, 0, 0, 0, 0, 0, 0, 0, 0, 0, 0, 0, 0, 0, 0, 0, 0, 0, 0, 0, 0], [0, 0, 0, 0, 0, 0, 0, 0, 0, 0, 0, 0, 0, 0, 0, 0, 0, 0, 0, 0, 0, 0, 0, 0, 0, 0, 0, 0, 0, 0, 0, 0], [0, 0, 0, 0, 0, 0, 0, 0, 0, 0, 0, 0, 0, 0, 0, 0, 0, 0, 0, 0, 0, 0, 0, 0, 0, 0, 0, 0, 0, 0, 0, 0], [0, 0, 0, 0, 0, 0, 0, 0, 0, 0, 0, 0, 0, 0, 0, 0, 0, 0, 0, 0, 0, 0, 0, 0, 0, 0, 0, 0, 0, 0, 0, 0], [0, 0, 0, 0, 0, 0, 0, 0, 0, 0, 0, 0, 0, 0, 0, 0, 0, 0, 0, 0, 0, 0, 0, 0, 0, 0, 0, 0, 0, 0, 0, 0], [0, 0, 0, 0, 0, 0, 0, 0, 0, 0, 0, 0, 0, 0, 0, 0, 0, 0, 0, 0, 0, 0, 0, 0, 0, 0, 0, 0, 0, 0, 0, 0], [0, 0, 0, 0, 0, 0, 0, 0, 0, 0, 0, 0, 0, 0, 0, 0, 0, 0, 0, 0, 0, 0, 0, 0, 0, 0, 0, 0, 0, 0, 0, 0], [0, 0, 0, 0, 0, 0, 0, 0, 0, 0, 0, 0, 0, 0, 0, 0, 0, 0, 0, 0, 0, 0, 0, 0, 0, 0, 0, 0, 0, 0, 0, 0], [0, 0, 0, 0, 0, 0, 0, 0, 0, 0, 0, 0, 0, 0, 0, 0, 0, 0, 0, 0, 0, 0, 0, 0, 0, 0, 0, 0, 0, 0, 0, 0], [0, 0, 0, 0, 0, 0, 0, 0, 0, 0, 0, 0, 0, 0, 0, 0, 0, 0, 0, 0, 0, 0, 0, 0, 0, 0, 0, 0, 0, 0, 0, 0], [0, 0, 0, 0, 0, 0, 0, 0, 0, 0, 0, 0, 0, 0, 0, 0, 0, 0, 0, 0, 0, 0, 0, 0, 0, 0, 0, 0, 0, 0, 0, 0], [0, 0, 0, 0, 0, 0, 0, 0, 0, 0, 0, 0, 0, 0, 0, 0, 0, 0, 0, 0, 0, 0, 0, 0, 0, 0, 0, 0, 0, 0, 0, 0], [0, 0, 0, 0, 0, 0, 0, 0, 0, 0, 0, 0, 0, 0, 0, 0, 0, 0, 0, 0, 0, 0, 0, 0, 0, 0, 0, 0, 0, 0, 0, 0], [0, 0, 0, 0, 0, 0, 0, 0, 0, 0, 0, 0, 0, 0, 0, 0, 0, 0, 0, 0, 0, 0, 0, 0, 0, 0, 0, 0, 0, 0, 0, 0], [0, 0, 0, 0, 0, 0, 0, 0, 0, 0, 0, 0, 0, 0, 0, 0, 0, 0, 0, 0, 0, 0, 0, 0, 0, 0, 0, 0, 0, 0, 0, 0], [0, 0, 0, 0, 0, 0, 0, 0, 0, 0, 0, 0, 0, 0, 0, 0, 0, 0, 0, 0, 0, 0, 0, 0, 0, 0, 0, 0, 0, 0, 0, 0], [0, 0, 0, 0, 0, 0, 0, 0, 0, 0, 0, 0, 0, 0, 0, 0, 0, 0, 0, 0, 0, 0, 0, 0, 0, 0, 0, 0, 0, 0, 0, 0], [0, 0, 0, 0, 0, 0, 0, 0, 0, 0, 0, 0, 0, 0, 0, 0, 0, 0, 0, 0, 0, 0, 0, 0, 0, 0, 0, 0, 0, 0, 0, 0], [0, 0, 0, 0, 0, 0, 0, 0, 0, 0, 0, 0, 0, 0, 0, 0, 0, 0, 0, 0, 0, 0, 0, 0, 0, 0, 0, 0, 0, 0, 0, 0], [0, 0, 0, 0, 0, 0, 0, 0, 0, 0, 0, 0, 0, 0, 0, 0, 0, 0, 0, 0, 0, 0, 0, 0, 0, 0, 0, 0, 0, 0, 0, 0], [0, 0, 0, 0, 0, 0, 0, 0, 0, 0, 0, 0, 0, 0, 0, 0, 0, 0, 0, 0, 0, 0, 0, 0, 0, 0, 0, 0, 0, 0, 0, 0], [0, 0, 0, 0, 0, 0, 0, 0, 0, 0, 0, 0, 0, 0, 0, 0, 0, 0, 0, 0, 0, 0, 0, 0, 0, 0, 0, 0, 0, 0, 0, 0], [0, 0, 0, 0, 0, 0, 0, 0, 0, 0, 0, 0, 0, 0, 0, 0, 0, 0, 0, 0, 0, 0, 0, 0, 0, 0, 0, 0, 0, 0, 0, 0], [0, 0, 0, 0, 0, 0, 0, 0, 0, 0, 0, 0, 0, 0, 0, 0, 0, 0, 0, 0, 0, 0, 0, 0, 0, 0, 0, 0, 0, 0, 0, 0], [0, 0, 0, 0, 0, 0, 0, 0, 0, 0, 0, 0, 0, 0, 0, 0, 0, 0, 0, 0, 0, 0, 0, 0, 0, 0, 0, 0, 0, 0, 0, 0], [0, 0, 0, 0, 0, 0, 0, 0, 0, 0, 0, 0, 0, 0, 0, 0, 0, 0, 0, 0, 0, 0, 0, 0, 0, 0, 0, 0, 0, 0, 0, 0], [0, 0, 0, 0, 0, 0, 0, 0, 0, 0, 0, 0, 0, 0, 0, 0, 0, 0, 0, 0, 0, 0, 0, 0, 0, 0, 0, 0, 0, 0, 0, 0], [0, 0, 0, 0, 0, 0, 0, 0, 0, 0, 0, 0, 0, 0, 0, 0, 0, 0, 0, 0, 0, 0, 0, 0, 0, 0, 0, 0, 0, 0, 0, 0], [0, 0, 0, 0, 0, 0, 0, 0, 0, 0, 0, 0, 0, 0, 0, 0, 0, 0, 0, 0, 0, 0, 0, 0, 0, 0, 0, 0, 0, 0, 0, 0], [0, 0, 0, 0, 0, 0, 0, 0, 0, 0, 0, 0, 0, 0, 0, 0, 0, 0, 0, 0, 0, 0, 0, 0, 0, 0, 0, 0, 0, 0, 0, 0], [0, 0, 0, 0, 0, 0, 0, 0, 0, 0, 0, 0, 0, 0, 0, 0, 0, 0, 0, 0, 0, 0, 0, 0, 0, 0, 0, 0, 0, 0, 0, 0], [0, 0, 0, 0, 0, 0, 0, 0, 0, 0, 0, 0, 0, 0, 0, 0, 0, 0, 0, 0, 0, 0, 0, 0, 0, 0, 0, 0, 0, 0, 0, 0], [0, 0, 0, 0, 0, 0, 0, 0, 0, 0, 0, 0, 0, 0, 0, 0, 0, 0, 0, 0, 0, 0, 0, 0, 0, 0, 0, 0, 0, 0, 0, 0], [0, 0, 0, 0, 0, 0, 0, 0, 0, 0, 0, 0, 0, 0, 0, 0, 0, 0, 0, 0, 0, 0, 0, 0, 0, 0, 0, 0, 0, 0, 0, 0], [0, 0, 0, 0, 0, 0, 0, 0, 0, 0, 0, 0, 0, 0, 0, 0, 0, 0, 0, 0, 0, 0, 0, 0, 0, 0, 0, 0, 0, 0, 0, 0], [0, 0, 0, 0, 0, 0, 0, 0, 0, 0, 0, 0, 0, 0, 0, 0, 0, 0, 0, 0, 0, 0, 0, 0, 0, 0, 0, 0, 0, 0, 0, 0], [0, 0, 0, 0, 0, 0, 0, 0, 0, 0, 0, 0, 0, 0, 0, 0, 0, 0, 0, 0, 0, 0, 0, 0, 0, 0, 0, 0, 0, 0, 0, 0], [0, 0, 0, 0, 0, 0, 0, 0, 0, 0, 0, 0, 0, 0, 0, 0, 0, 0, 0, 0, 0, 0, 0, 0, 0, 0, 0, 0, 0, 0, 0, 0], [0, 0, 0, 0, 0, 0, 0, 0, 0, 0, 0, 0, 0, 0, 0, 0, 0, 0, 0, 0, 0, 0, 0, 0, 0, 0, 0, 0, 0, 0, 0, 0], [0, 0, 0, 0, 0, 0, 0, 0, 0, 0, 0, 0, 0, 0, 0, 0, 0, 0, 0, 0, 0, 0, 0, 0, 0, 0, 0, 0, 0, 0, 0, 0], [0, 0, 0, 0, 0, 0, 0, 0, 0, 0, 0, 0, 0, 0, 0, 0, 0, 0, 0, 0, 0, 0, 0, 0, 0, 0, 0, 0, 0, 0, 0, 0], [0, 0, 0, 0, 0, 0, 0, 0, 0, 0, 0, 0, 0, 0, 0, 0, 0, 0, 0, 0, 0, 0, 0, 0, 0, 0, 0, 0, 0, 0, 0, 0], [0, 0, 0, 0, 0, 0, 0, 0, 0, 0, 0, 0, 0, 0, 0, 0, 0, 0, 0, 0, 0, 0, 0, 0, 0, 0, 0, 0, 0, 0, 0, 0], [0, 0, 0, 0, 0, 0, 0, 0, 0, 0, 0, 0, 0, 0, 0, 0, 0, 0, 0, 0, 0, 0, 0, 0, 0, 0, 0, 0, 0, 0, 0, 0], [0, 0, 0, 0, 0, 0, 0, 0, 0, 0, 0, 0, 0, 0, 0, 0, 0, 0, 0, 0, 0, 0, 0, 0, 0, 0, 0, 0, 0, 0, 0, 0], [0, 0, 0, 0, 0, 0, 0, 0, 0, 0, 0, 0, 0, 0, 0, 0, 0, 0, 0, 0, 0, 0, 0, 0, 0, 0, 0, 0, 0, 0, 0, 0], [0, 0, 0, 0, 0, 0, 0, 0, 0, 0, 0, 0, 0, 0, 0, 0, 0, 0, 0, 0, 0, 0, 0, 0, 0, 0, 0, 0, 0, 0, 0, 0], [0, 0, 0, 0, 0, 0, 0, 0, 0, 0, 0, 0, 0, 0, 0, 0, 0, 0, 0, 0, 0, 0, 0, 0, 0, 0, 0, 0, 0, 0, 0, 0], [0, 0, 0, 0, 0, 0, 0, 0, 0, 0, 0, 0, 0, 0, 0, 0, 0, 0, 0, 0, 0, 0, 0, 0, 0, 0, 0, 0, 0, 0, 0, 0], [0, 0, 0, 0, 0, 0, 0, 0, 0, 0, 0, 0, 0, 0, 0, 0, 0, 0, 0, 0, 0, 0, 0, 0, 0, 0, 0, 0, 0, 0, 0, 0], [0, 0, 0, 0, 0, 0, 0, 0, 0, 0, 0, 0, 0, 0, 0, 0, 0, 0, 0, 0, 0, 0, 0, 0, 0, 0, 0, 0, 0, 0, 0, 0], [0, 0, 0, 0, 0, 0, 0, 0, 0, 0, 0, 0, 0, 0, 0, 0, 0, 0, 0, 0, 0, 0, 0, 0, 0, 0, 0, 0, 0, 0, 0, 0], [0, 0, 0, 0, 0, 0, 0, 0, 0, 0, 0, 0, 0, 0, 0, 0, 0, 0, 0, 0, 0, 0, 0, 0, 0, 0, 0, 0, 0, 0, 0, 0], [0, 0, 0, 0, 0, 0, 0, 0, 0, 0, 0, 0, 0, 0, 0, 0, 0, 0, 0, 0, 0, 0, 0, 0, 0, 0, 0, 0, 0, 0, 0, 0], [0, 0, 0, 0, 0, 0, 0, 0, 0, 0, 0, 0, 0, 0, 0, 0, 0, 0, 0, 0, 0, 0, 0, 0, 0, 0, 0, 0, 0, 0, 0, 0], [0, 0, 0, 0, 0, 0, 0, 0, 0, 0, 0, 0, 0, 0, 0, 0, 0, 0, 0, 0, 0, 0, 0, 0, 0, 0, 0, 0, 0, 0, 0, 0], [0, 0, 0, 0, 0, 0, 0, 0, 0, 0, 0, 0, 0, 0, 0, 0, 0, 0, 0, 0, 0, 0, 0, 0, 0, 0, 0, 0, 0, 0, 0, 0], [0, 0, 0, 0, 0, 0, 0, 0, 0, 0, 0, 0, 0, 0, 0, 0, 0, 0, 0, 0, 0, 0, 0, 0, 0, 0, 0, 0, 0, 0, 0, 0], [0, 0, 0, 0, 0, 0, 0, 0, 0, 0, 0, 0, 0, 0, 0, 0, 0, 0, 0, 0, 0, 0, 0, 0, 0, 0, 0, 0, 0, 0, 0, 0], [0, 0, 0, 0, 0, 0, 0, 0, 0, 0, 0, 0, 0, 0, 0, 0, 0, 0, 0, 0, 0, 0, 0, 0, 0, 0, 0, 0, 0, 0, 0, 0], [0, 0, 0, 0, 0, 0, 0, 0, 0, 0, 0, 0, 0, 0, 0, 0, 0, 0, 0, 0, 0, 0, 0, 0, 0, 0, 0, 0, 0, 0, 0, 0], [0, 0, 0, 0, 0, 0, 0, 0, 0, 0, 0, 0, 0, 0, 0, 0, 0, 0, 0, 0, 0, 0, 0, 0, 0, 0, 0, 0, 0, 0, 0, 0], [0, 0, 0, 0, 0, 0, 0, 0, 0, 0, 0, 0, 0, 0, 0, 0, 0, 0, 0, 0, 0, 0, 0, 0, 0, 0, 0, 0, 0, 0, 0, 0], [0, 0, 0, 0, 0, 0, 0, 0, 0, 0, 0, 0, 0, 0, 0, 0, 0, 0, 0, 0, 0, 0, 0, 0, 0, 0, 0, 0, 0, 0, 0, 0], [0, 0, 0, 0, 0, 0, 0, 0, 0, 0, 0, 0, 0, 0, 0, 0, 0, 0, 0, 0, 0, 0, 0, 0, 0, 0, 0, 0, 0, 0, 0, 0], [0, 0, 0, 0, 0, 0, 0, 0, 0, 0, 0, 0, 0, 0, 0, 0, 0, 0, 0, 0, 0, 0, 0, 0, 0, 0, 0, 0, 0, 0, 0, 0], [0, 0, 0, 0, 0, 0, 0, 0, 0, 0, 0, 0, 0, 0, 0, 0, 0, 0, 0, 0, 0, 0, 0, 0, 0, 0, 0, 0, 0, 0, 0, 0], [0, 0, 0, 0, 0, 0, 0, 0, 0, 0, 0, 0, 0, 0, 0, 0, 0, 0, 0, 0, 0, 0, 0, 0, 0, 0, 0, 0, 0, 0, 0, 0], [0, 0, 0, 0, 0, 0, 0, 0, 0, 0, 0, 0, 0, 0, 0, 0, 0, 0, 0, 0, 0, 0, 0, 0, 0, 0, 0, 0, 0, 0, 0, 0], [0, 0, 0, 0, 0, 0, 0, 0, 0, 0, 0, 0, 0, 0, 0, 0, 0, 0, 0, 0, 0, 0, 0, 0, 0, 0, 0, 0, 0, 0, 0, 0], [0, 0, 0, 0, 0, 0, 0, 0, 0, 0, 0, 0, 0, 0, 0, 0, 0, 0, 0, 0, 0, 0, 0, 0, 0, 0, 0, 0, 0, 0, 0, 0], [0, 0, 0, 0, 0, 0, 0, 0, 0, 0, 0, 0, 0, 0, 0, 0, 0, 0, 0, 0, 0, 0, 0, 0, 0, 0, 0, 0, 0, 0, 0, 0], [0, 0, 0, 0, 0, 0, 0, 0, 0, 0, 0, 0, 0, 0, 0, 0, 0, 0, 0, 0, 0, 0, 0, 0, 0, 0, 0, 0, 0, 0, 0, 0], [0, 0, 0, 0, 0, 0, 0, 0, 0, 0, 0, 0, 0, 0, 0, 0, 0, 0, 0, 0, 0, 0, 0, 0, 0, 0, 0, 0, 0, 0, 0, 0], [0, 0, 0, 0, 0, 0, 0, 0, 0, 0, 0, 0, 0, 0, 0, 0, 0, 0, 0, 0, 0, 0, 0, 0, 0, 0, 0, 0, 0, 0, 0, 0], [0, 0, 0, 0, 0, 0, 0, 0, 0, 0, 0, 0, 0, 0, 0, 0, 0, 0, 0, 0, 0, 0, 0, 0, 0, 0, 0, 0, 0, 0, 0, 0], [0, 0, 0, 0, 0, 0, 0, 0, 0, 0, 0, 0, 0, 0, 0, 0, 0, 0, 0, 0, 0, 0, 0, 0, 0, 0, 0, 0, 0, 0, 0, 0], [0, 0, 0, 0, 0, 0, 0, 0, 0, 0, 0, 0, 0, 0, 0, 0, 0, 0, 0, 0, 0, 0, 0, 0, 0, 0, 0, 0, 0, 0, 0, 0], [0, 0, 0, 0, 0, 0, 0, 0, 0, 0, 0, 0, 0, 0, 0, 0, 0, 0, 0, 0, 0, 0, 0, 0, 0, 0, 0, 0, 0, 0, 0, 0], [0, 0, 0, 0, 0, 0, 0, 0, 0, 0, 0, 0, 0, 0, 0, 0, 0, 0, 0, 0, 0, 0, 0, 0, 0, 0, 0, 0, 0, 0, 0, 0], [0, 0, 0, 0, 0, 0, 0, 0, 0, 0, 0, 0, 0, 0, 0, 0, 0, 0, 0, 0, 0, 0, 0, 0, 0, 0, 0, 0, 0, 0, 0, 0], [0, 0, 0, 0, 0, 0, 0, 0, 0, 0, 0, 0, 0, 0, 0, 0, 0, 0, 0, 0, 0, 0, 0, 0, 0, 0, 0, 0, 0, 0, 0, 0], [0, 0, 0, 0, 0, 0, 0, 0, 0, 0, 0, 0, 0, 0, 0, 0, 0, 0, 0, 0, 0, 0, 0, 0, 0, 0, 0, 0, 0, 0, 0, 0], [0, 0, 0, 0, 0, 0, 0, 0, 0, 0, 0, 0, 0, 0, 0, 0, 0, 0, 0, 0, 0, 0, 0, 0, 0, 0, 0, 0, 0, 0, 0, 0], [0, 0, 0, 0, 0, 0, 0, 0, 0, 0, 0, 0, 0, 0, 0, 0, 0, 0, 0, 0, 0, 0, 0, 0, 0, 0, 0, 0, 0, 0, 0, 0], [0, 0, 0, 0, 0, 0, 0, 0, 0, 0, 0, 0, 0, 0, 0, 0, 0, 0, 0, 0, 0, 0, 0, 0, 0, 0, 0, 0, 0, 0, 0, 0], [0, 0, 0, 0, 0, 0, 0, 0, 0, 0, 0, 0, 0, 0, 0, 0, 0, 0, 0, 0, 0, 0, 0, 0, 0, 0, 0, 0, 0, 0, 0, 0], [0, 0, 0, 0, 0, 0, 0, 0, 0, 0, 0, 0, 0, 0, 0, 0, 0, 0, 0, 0, 0, 0, 0, 0, 0, 0, 0, 0, 0, 0, 0, 0], [0, 0, 0, 0, 0, 0, 0, 0, 0, 0, 0, 0, 0, 0, 0, 0, 0, 0, 0, 0, 0, 0, 0, 0, 0, 0, 0, 0, 0, 0, 0, 0], [0, 0, 0, 0, 0, 0, 0, 0, 0, 0, 0, 0, 0, 0, 0, 0, 0, 0, 0, 0, 0, 0, 0, 0, 0, 0, 0, 0, 0, 0, 0, 0], [0, 0, 0, 0, 0, 0, 0, 0, 0, 0, 0, 0, 0, 0, 0, 0, 0, 0, 0, 0, 0, 0, 0, 0, 0, 0, 0, 0, 0, 0, 0, 0], [0, 0, 0, 0, 0, 0, 0, 0, 0, 0, 0, 0, 0, 0, 0, 0, 0, 0, 0, 0, 0, 0, 0, 0, 0, 0, 0, 0, 0, 0, 0, 0], [0, 0, 0, 0, 0, 0, 0, 0, 0, 0, 0, 0, 0, 0, 0, 0, 0, 0, 0, 0, 0, 0, 0, 0, 0, 0, 0, 0, 0, 0, 0, 0], [0, 0, 0, 0, 0, 0, 0, 0, 0, 0, 0, 0, 0, 0, 0, 0, 0, 0, 0, 0, 0, 0, 0, 0, 0, 0, 0, 0, 0, 0, 0, 0], [0, 0, 0, 0, 0, 0, 0, 0, 0, 0, 0, 0, 0, 0, 0, 0, 0, 0, 0, 0, 0, 0, 0, 0, 0, 0, 0, 0, 0, 0, 0, 0], [0, 0, 0, 0, 0, 0, 0, 0, 0, 0, 0, 0, 0, 0, 0, 0, 0, 0, 0, 0, 0, 0, 0, 0, 0, 0, 0, 0, 0, 0, 0, 0], [0, 0, 0, 0, 0, 0, 0, 0, 0, 0, 0, 0, 0, 0, 0, 0, 0, 0, 0, 0, 0, 0, 0, 0, 0, 0, 0, 0, 0, 0, 0, 0], [0, 0, 0, 0, 0, 0, 0, 0, 0, 0, 0, 0, 0, 0, 0, 0, 0, 0, 0, 0, 0, 0, 0, 0, 0, 0, 0, 0, 0, 0, 0, 0], [0, 0, 0, 0, 0, 0, 0, 0, 0, 0, 0, 0, 0, 0, 0, 0, 0, 0, 0, 0, 0, 0, 0, 0, 0, 0, 0, 0, 0, 0, 0, 0], [0, 0, 0, 0, 0, 0, 0, 0, 0, 0, 0, 0, 0, 0, 0, 0, 0, 0, 0, 0, 0, 0, 0, 0, 0, 0, 0, 0, 0, 0, 0, 0], [0, 0, 0, 0, 0, 0, 0, 0, 0, 0, 0, 0, 0, 0, 0, 0, 0, 0, 0, 0, 0, 0, 0, 0, 0, 0, 0, 0, 0, 0, 0, 0], [0, 0, 0, 0, 0, 0, 0, 0, 0, 0, 0, 0, 0, 0, 0, 0, 0, 0, 0, 0, 0, 0, 0, 0, 0, 0, 0, 0, 0, 0, 0, 0], [0, 0, 0, 0, 0, 0, 0, 0, 0, 0, 0, 0, 0, 0, 0, 0, 0, 0, 0, 0, 0, 0, 0, 0, 0, 0, 0, 0, 0, 0, 0, 0], [0, 0, 0, 0, 0, 0, 0, 0, 0, 0, 0, 0, 0, 0, 0, 0, 0, 0, 0, 0, 0, 0, 0, 0, 0, 0, 0, 0, 0, 0, 0, 0], [0, 0, 0, 0, 0, 0, 0, 0, 0, 0, 0, 0, 0, 0, 0, 0, 0, 0, 0, 0, 0, 0, 0, 0, 0, 0, 0, 0, 0, 0, 0, 0], [0, 0, 0, 0, 0, 0, 0, 0, 0, 0, 0, 0, 0, 0, 0, 0, 0, 0, 0, 0, 0, 0, 0, 0, 0, 0, 0, 0, 0, 0, 0, 0], [0, 0, 0, 0, 0, 0, 0, 0, 0, 0, 0, 0, 0, 0, 0, 0, 0, 0, 0, 0, 0, 0, 0, 0, 0, 0, 0, 0, 0, 0, 0, 0], [0, 0, 0, 0, 0, 0, 0, 0, 0, 0, 0, 0, 0, 0, 0, 0, 0, 0, 0, 0, 0, 0, 0, 0, 0, 0, 0, 0, 0, 0, 0, 0], [0, 0, 0, 0, 0, 0, 0, 0, 0, 0, 0, 0, 0, 0, 0, 0, 0, 0, 0, 0, 0, 0, 0, 0, 0, 0, 0, 0, 0, 0, 0, 0], [0, 0, 0, 0, 0, 0, 0, 0, 0, 0, 0, 0, 0, 0, 0, 0, 0, 0, 0, 0, 0, 0, 0, 0, 0, 0, 0, 0, 0, 0, 0, 0], [0, 0, 0, 0, 0, 0, 0, 0, 0, 0, 0, 0, 0, 0, 0, 0, 0, 0, 0, 0, 0, 0, 0, 0, 0, 0, 0, 0, 0, 0, 0, 0], [0, 0, 0, 0, 0, 0, 0, 0, 0, 0, 0, 0, 0, 0, 0, 0, 0, 0, 0, 0, 0, 0, 0, 0, 0, 0, 0, 0, 0, 0, 0, 0], [0, 0, 0, 0, 0, 0, 0, 0, 0, 0, 0, 0, 0, 0, 0, 0, 0, 0, 0, 0, 0, 0, 0, 0, 0, 0, 0, 0, 0, 0, 0, 0], [0, 0, 0, 0, 0, 0, 0, 0, 0, 0, 0, 0, 0, 0, 0, 0, 0, 0, 0, 0, 0, 0, 0, 0, 0, 0, 0, 0, 0, 0, 0, 0], [0, 0, 0, 0, 0, 0, 0, 0, 0, 0, 0, 0, 0, 0, 0, 0, 0, 0, 0, 0, 0, 0, 0, 0, 0, 0, 0, 0, 0, 0, 0, 0], [0, 0, 0, 0, 0, 0, 0, 0, 0, 0, 0, 0, 0, 0, 0, 0, 0, 0, 0, 0, 0, 0, 0, 0, 0, 0, 0, 0, 0, 0, 0, 0], [0, 0, 0, 0, 0, 0, 0, 0, 0, 0, 0, 0, 0, 0, 0, 0, 0, 0, 0, 0, 0, 0, 0, 0, 0, 0, 0, 0, 0, 0, 0, 0], [0, 0, 0, 0, 0, 0, 0, 0, 0, 0, 0, 0, 0, 0, 0, 0, 0, 0, 0, 0, 0, 0, 0, 0, 0, 0, 0, 0, 0, 0, 0, 0], [0, 0, 0, 0, 0, 0, 0, 0, 0, 0, 0, 0, 0, 0, 0, 0, 0, 0, 0, 0, 0, 0, 0, 0, 0, 0, 0, 0, 0, 0, 0, 0], [0, 0, 0, 0, 0, 0, 0, 0, 0, 0, 0, 0, 0, 0, 0, 0, 0, 0, 0, 0, 0, 0, 0, 0, 0, 0, 0, 0, 0, 0, 0, 0], [0, 0, 0, 0, 0, 0, 0, 0, 0, 0, 0, 0, 0, 0, 0, 0, 0, 0, 0, 0, 0, 0, 0, 0, 0, 0, 0, 0, 0, 0, 0, 0], [0, 0, 0, 0, 0, 0, 0, 0, 0, 0, 0, 0, 0, 0, 0, 0, 0, 0, 0, 0, 0, 0, 0, 0, 0, 0, 0, 0, 0, 0, 0, 0], [0, 0, 0, 0, 0, 0, 0, 0, 0, 0, 0, 0, 0, 0, 0, 0, 0, 0, 0, 0, 0, 0, 0, 0, 0, 0, 0, 0, 0, 0, 0, 0], [0, 0, 0, 0, 0, 0, 0, 0, 0, 0, 0, 0, 0, 0, 0, 0, 0, 0, 0, 0, 0, 0, 0, 0, 0, 0, 0, 0, 0, 0, 0, 0], [0, 0, 0, 0, 0, 0, 0, 0, 0, 0, 0, 0, 0, 0, 0, 0, 0, 0, 0, 0, 0, 0, 0, 0, 0, 0, 0, 0, 0, 0, 0, 0], [0, 0, 0, 0, 0, 0, 0, 0, 0, 0, 0, 0, 0, 0, 0, 0, 0, 0, 0, 0, 0, 0, 0, 0, 0, 0, 0, 0, 0, 0, 0, 0], [0, 0, 0, 0, 0, 0, 0, 0, 0, 0, 0, 0, 0, 0, 0, 0, 0, 0, 0, 0, 0, 0, 0, 0, 0, 0, 0, 0, 0, 0, 0, 0], [0, 0, 0, 0, 0, 0, 0, 0, 0, 0, 0, 0, 0, 0, 0, 0, 0, 0, 0, 0, 0, 0, 0, 0, 0, 0, 0, 0, 0, 0, 0, 0], [0, 0, 0, 0, 0, 0, 0, 0, 0, 0, 0, 0, 0, 0, 0, 0, 0, 0, 0, 0, 0, 0, 0, 0, 0, 0, 0, 0, 0, 0, 0, 0], [0, 0, 0, 0, 0, 0, 0, 0, 0, 0, 0, 0, 0, 0, 0, 0, 0, 0, 0, 0, 0, 0, 0, 0, 0, 0, 0, 0, 0, 0, 0, 0], [0, 0, 0, 0, 0, 0, 0, 0, 0, 0, 0, 0, 0, 0, 0, 0, 0, 0, 0, 0, 0, 0, 0, 0, 0, 0, 0, 0, 0, 0, 0, 0], [0, 0, 0, 0, 0, 0, 0, 0, 0, 0, 0, 0, 0, 0, 0, 0, 0, 0, 0, 0, 0, 0, 0, 0, 0, 0, 0, 0, 0, 0, 0, 0], [0, 0, 0, 0, 0, 0, 0, 0, 0, 0, 0, 0, 0, 0, 0, 0, 0, 0, 0, 0, 0, 0, 0, 0, 0, 0, 0, 0, 0, 0, 0, 0], [0, 0, 0, 0, 0, 0, 0, 0, 0, 0, 0, 0, 0, 0, 0, 0, 0, 0, 0, 0, 0, 0, 0, 0, 0, 0, 0, 0, 0, 0, 0, 0], [0, 0, 0, 0, 0, 0, 0, 0, 0, 0, 0, 0, 0, 0, 0, 0, 0, 0, 0, 0, 0, 0, 0, 0, 0, 0, 0, 0, 0, 0, 0, 0], [0, 0, 0, 0, 0, 0, 0, 0, 0, 0, 0, 0, 0, 0, 0, 0, 0, 0, 0, 0, 0, 0, 0, 0, 0, 0, 0, 0, 0, 0, 0, 0], [0, 0, 0, 0, 0, 0, 0, 0, 0, 0, 0, 0, 0, 0, 0, 0, 0, 0, 0, 0, 0, 0, 0, 0, 0, 0, 0, 0, 0, 0, 0, 0], [0, 0, 0, 0, 0, 0, 0, 0, 0, 0, 0, 0, 0, 0, 0, 0, 0, 0, 0, 0, 0, 0, 0, 0, 0, 0, 0, 0, 0, 0, 0, 0], [0, 0, 0, 0, 0, 0, 0, 0, 0, 0, 0, 0, 0, 0, 0, 0, 0, 0, 0, 0, 0, 0, 0, 0, 0, 0, 0, 0, 0, 0, 0, 0], [0, 0, 0, 0, 0, 0, 0, 0, 0, 0, 0, 0, 0, 0, 0, 0, 0, 0, 0, 0, 0, 0, 0, 0, 0, 0, 0, 0, 0, 0, 0, 0], [0, 0, 0, 0, 0, 0, 0, 0, 0, 0, 0, 0, 0, 0, 0, 0, 0, 0, 0, 0, 0, 0, 0, 0, 0, 0, 0, 0, 0, 0, 0, 0], [0, 0, 0, 0, 0, 0, 0, 0, 0, 0, 0, 0, 0, 0, 0, 0, 0, 0, 0, 0, 0, 0, 0, 0, 0, 0, 0, 0, 0, 0, 0, 0], [0, 0, 0, 0, 0, 0, 0, 0, 0, 0, 0, 0, 0, 0, 0, 0, 0, 0, 0, 0, 0, 0, 0, 0, 0, 0, 0, 0, 0, 0, 0, 0], [0, 0, 0, 0, 0, 0, 0, 0, 0, 0, 0, 0, 0, 0, 0, 0, 0, 0, 0, 0, 0, 0, 0, 0, 0, 0, 0, 0, 0, 0, 0, 0], [0, 0, 0, 0, 0, 0, 0, 0, 0, 0, 0, 0, 0, 0, 0, 0, 0, 0, 0, 0, 0, 0, 0, 0, 0, 0, 0, 0, 0, 0, 0, 0], [0, 0, 0, 0, 0, 0, 0, 0, 0, 0, 0, 0, 0, 0, 0, 0, 0, 0, 0, 0, 0, 0, 0, 0, 0, 0, 0, 0, 0, 0, 0, 0], [0, 0, 0, 0, 0, 0, 0, 0, 0, 0, 0, 0, 0, 0, 0, 0, 0, 0, 0, 0, 0, 0, 0, 0, 0, 0, 0, 0, 0, 0, 0, 0], [0, 0, 0, 0, 0, 0, 0, 0, 0, 0, 0, 0, 0, 0, 0, 0, 0, 0, 0, 0, 0, 0, 0, 0, 0, 0, 0, 0, 0, 0, 0, 0], [0, 0, 0, 0, 0, 0, 0, 0, 0, 0, 0, 0, 0, 0, 0, 0, 0, 0, 0, 0, 0, 0, 0, 0, 0, 0, 0, 0, 0, 0, 0, 0], [0, 0, 0, 0, 0, 0, 0, 0, 0, 0, 0, 0, 0, 0, 0, 0, 0, 0, 0, 0, 0, 0, 0, 0, 0, 0, 0, 0, 0, 0, 0, 0], [0, 0, 0, 0, 0, 0, 0, 0, 0, 0, 0, 0, 0, 0, 0, 0, 0, 0, 0, 0, 0, 0, 0, 0, 0, 0, 0, 0, 0, 0, 0, 0], [0, 0, 0, 0, 0, 0, 0, 0, 0, 0, 0, 0, 0, 0, 0, 0, 0, 0, 0, 0, 0, 0, 0, 0, 0, 0, 0, 0, 0, 0, 0, 0], [0, 0, 0, 0, 0, 0, 0, 0, 0, 0, 0, 0, 0, 0, 0, 0, 0, 0, 0, 0, 0, 0, 0, 0, 0, 0, 0, 0, 0, 0, 0, 0], [0, 0, 0, 0, 0, 0, 0, 0, 0, 0, 0, 0, 0, 0, 0, 0, 0, 0, 0, 0, 0, 0, 0, 0, 0, 0, 0, 0, 0, 0, 0, 0], [0, 0, 0, 0, 0, 0, 0, 0, 0, 0, 0, 0, 0, 0, 0, 0, 0, 0, 0, 0, 0, 0, 0, 0, 0, 0, 0, 0, 0, 0, 0, 0], [0, 0, 0, 0, 0, 0, 0, 0, 0, 0, 0, 0, 0, 0, 0, 0, 0, 0, 0, 0, 0, 0, 0, 0, 0, 0, 0, 0, 0, 0, 0, 0], [0, 0, 0, 0, 0, 0, 0, 0, 0, 0, 0, 0, 0, 0, 0, 0, 0, 0, 0, 0, 0, 0, 0, 0, 0, 0, 0, 0, 0, 0, 0, 0], [0, 0, 0, 0, 0, 0, 0, 0, 0, 0, 0, 0, 0, 0, 0, 0, 0, 0, 0, 0, 0, 0, 0, 0, 0, 0, 0, 0, 0, 0, 0, 0], [0, 0, 0, 0, 0, 0, 0, 0, 0, 0, 0, 0, 0, 0, 0, 0, 0, 0, 0, 0, 0, 0, 0, 0, 0, 0, 0, 0, 0, 0, 0, 0], [0, 0, 0, 0, 0, 0, 0, 0, 0, 0, 0, 0, 0, 0, 0, 0, 0, 0, 0, 0, 0, 0, 0, 0, 0, 0, 0, 0, 0, 0, 0, 0], [0, 0, 0, 0, 0, 0, 0, 0, 0, 0, 0, 0, 0, 0, 0, 0, 0, 0, 0, 0, 0, 0, 0, 0, 0, 0, 0, 0, 0, 0, 0, 0], [0, 0, 0, 0, 0, 0, 0, 0, 0, 0, 0, 0, 0, 0, 0, 0, 0, 0, 0, 0, 0, 0, 0, 0, 0, 0, 0, 0, 0, 0, 0, 0], [0, 0, 0, 0, 0, 0, 0, 0, 0, 0, 0, 0, 0, 0, 0, 0, 0, 0, 0, 0, 0, 0, 0, 0, 0, 0, 0, 0, 0, 0, 0, 0], [0, 0, 0, 0, 0, 0, 0, 0, 0, 0, 0, 0, 0, 0, 0, 0, 0, 0, 0, 0, 0, 0, 0, 0, 0, 0, 0, 0, 0, 0, 0, 0], [0, 0, 0, 0, 0, 0, 0, 0, 0, 0, 0, 0, 0, 0, 0, 0, 0, 0, 0, 0, 0, 0, 0, 0, 0, 0, 0, 0, 0, 0, 0, 0], [0, 0, 0, 0, 0, 0, 0, 0, 0, 0, 0, 0, 0, 0, 0, 0, 0, 0, 0, 0, 0, 0, 0, 0, 0, 0, 0, 0, 0, 0, 0, 0], [0, 0, 0, 0, 0, 0, 0, 0, 0, 0, 0, 0, 0, 0, 0, 0, 0, 0, 0, 0, 0, 0, 0, 0, 0, 0, 0, 0, 0, 0, 0, 0], [0, 0, 0, 0, 0, 0, 0, 0, 0, 0, 0, 0, 0, 0, 0, 0, 0, 0, 0, 0, 0, 0, 0, 0, 0, 0, 0, 0, 0, 0, 0, 0], [0, 0, 0, 0, 0, 0, 0, 0, 0, 0, 0, 0, 0, 0, 0, 0, 0, 0, 0, 0, 0, 0, 0, 0, 0, 0, 0, 0, 0, 0, 0, 0], [0, 0, 0, 0, 0, 0, 0, 0, 0, 0, 0, 0, 0, 0, 0, 0, 0, 0, 0, 0, 0, 0, 0, 0, 0, 0, 0, 0, 0, 0, 0, 0], [0, 0, 0, 0, 0, 0, 0, 0, 0, 0, 0, 0, 0, 0, 0, 0, 0, 0, 0, 0, 0, 0, 0, 0, 0, 0, 0, 0, 0, 0, 0, 0], [0, 0, 0, 0, 0, 0, 0, 0, 0, 0, 0, 0, 0, 0, 0, 0, 0, 0, 0, 0, 0, 0, 0, 0, 0, 0, 0, 0, 0, 0, 0, 0], [0, 0, 0, 0, 0, 0, 0, 0, 0, 0, 0, 0, 0, 0, 0, 0, 0, 0, 0, 0, 0, 0, 0, 0, 0, 0, 0, 0, 0, 0, 0, 0], [0, 0, 0, 0, 0, 0, 0, 0, 0, 0, 0, 0, 0, 0, 0, 0, 0, 0, 0, 0, 0, 0, 0, 0, 0, 0, 0, 0, 0, 0, 0, 0], [0, 0, 0, 0, 0, 0, 0, 0, 0, 0, 0, 0, 0, 0, 0, 0, 0, 0, 0, 0, 0, 0, 0, 0, 0, 0, 0, 0, 0, 0, 0, 0], [0, 0, 0, 0, 0, 0, 0, 0, 0, 0, 0, 0, 0, 0, 0, 0, 0, 0, 0, 0, 0, 0, 0, 0, 0, 0, 0, 0, 0, 0, 0, 0], [0, 0, 0, 0, 0, 0, 0, 0, 0, 0, 0, 0, 0, 0, 0, 0, 0, 0, 0, 0, 0, 0, 0, 0, 0, 0, 0, 0, 0, 0, 0, 0], [0, 0, 0, 0, 0, 0, 0, 0, 0, 0, 0, 0, 0, 0, 0, 0, 0, 0, 0, 0, 0, 0, 0, 0, 0, 0, 0, 0, 0, 0, 0, 0], [0, 0, 0, 0, 0, 0, 0, 0, 0, 0, 0, 0, 0, 0, 0, 0, 0, 0, 0, 0, 0, 0, 0, 0, 0, 0, 0, 0, 0, 0, 0, 0], [0, 0, 0, 0, 0, 0, 0, 0, 0, 0, 0, 0, 0, 0, 0, 0, 0, 0, 0, 0, 0, 0, 0, 0, 0, 0, 0, 0, 0, 0, 0, 0], [0, 0, 0, 0, 0, 0, 0, 0, 0, 0, 0, 0, 0, 0, 0, 0, 0, 0, 0, 0, 0, 0, 0, 0, 0, 0, 0, 0, 0, 0, 0, 0], [0, 0, 0, 0, 0, 0, 0, 0, 0, 0, 0, 0, 0, 0, 0, 0, 0, 0, 0, 0, 0, 0, 0, 0, 0, 0, 0, 0, 0, 0, 0, 0], [0, 0, 0, 0, 0, 0, 0, 0, 0, 0, 0, 0, 0, 0, 0, 0, 0, 0, 0, 0, 0, 0, 0, 0, 0, 0, 0, 0, 0, 0, 0, 0], [0, 0, 0, 0, 0, 0, 0, 0, 0, 0, 0, 0, 0, 0, 0, 0, 0, 0, 0, 0, 0, 0, 0, 0, 0, 0, 0, 0, 0, 0, 0, 0], [0, 0, 0, 0, 0, 0, 0, 0, 0, 0, 0, 0, 0, 0, 0, 0, 0, 0, 0, 0, 0, 0, 0, 0, 0, 0, 0, 0, 0, 0, 0, 0], [0, 0, 0, 0, 0, 0, 0, 0, 0, 0, 0, 0, 0, 0, 0, 0, 0, 0, 0, 0, 0, 0, 0, 0, 0, 0, 0, 0, 0, 0, 0, 0], [0, 0, 0, 0, 0, 0, 0, 0, 0, 0, 0, 0, 0, 0, 0, 0, 0, 0, 0, 0, 0, 0, 0, 0, 0, 0, 0, 0, 0, 0, 0, 0], [0, 0, 0, 0, 0, 0, 0, 0, 0, 0, 0, 0, 0, 0, 0, 0, 0, 0, 0, 0, 0, 0, 0, 0, 0, 0, 0, 0, 0, 0, 0, 0], [0, 0, 0, 0, 0, 0, 0, 0, 0, 0, 0, 0, 0, 0, 0, 0, 0, 0, 0, 0, 0, 0, 0, 0, 0, 0, 0, 0, 0, 0, 0, 0], [0, 0, 0, 0, 0, 0, 0, 0, 0, 0, 0, 0, 0, 0, 0, 0, 0, 0, 0, 0, 0, 0, 0, 0, 0, 0, 0, 0, 0, 0, 0, 0], [0, 0, 0, 0, 0, 0, 0, 0, 0, 0, 0, 0, 0, 0, 0, 0, 0, 0, 0, 0, 0, 0, 0, 0, 0, 0, 0, 0, 0, 0, 0, 0], [0, 0, 0, 0, 0, 0, 0, 0, 0, 0, 0, 0, 0, 0, 0, 0, 0, 0, 0, 0, 0, 0, 0, 0, 0, 0, 0, 0, 0, 0, 0, 0], [0, 0, 0, 0, 0, 0, 0, 0, 0, 0, 0, 0, 0, 0, 0, 0, 0, 0, 0, 0, 0, 0, 0, 0, 0, 0, 0, 0, 0, 0, 0, 0], [0, 0, 0, 0, 0, 0, 0, 0, 0, 0, 0, 0, 0, 0, 0, 0, 0, 0, 0, 0, 0, 0, 0, 0, 0, 0, 0, 0, 0, 0, 0, 0], [0, 0, 0, 0, 0, 0, 0, 0, 0, 0, 0, 0, 0, 0, 0, 0, 0, 0, 0, 0, 0, 0, 0, 0, 0, 0, 0, 0, 0, 0, 0, 0], [0, 0, 0, 0, 0, 0, 0, 0, 0, 0, 0, 0, 0, 0, 0, 0, 0, 0, 0, 0, 0, 0, 0, 0, 0, 0, 0, 0, 0, 0, 0, 0], [0, 0, 0, 0, 0, 0, 0, 0, 0, 0, 0, 0, 0, 0, 0, 0, 0, 0, 0, 0, 0, 0, 0, 0, 0, 0, 0, 0, 0, 0, 0, 0], [0, 0, 0, 0, 0, 0, 0, 0, 0, 0, 0, 0, 0, 0, 0, 0, 0, 0, 0, 0, 0, 0, 0, 0, 0, 0, 0, 0, 0, 0, 0, 0], [0, 0, 0, 0, 0, 0, 0, 0, 0, 0, 0, 0, 0, 0, 0, 0, 0, 0, 0, 0, 0, 0, 0, 0, 0, 0, 0, 0, 0, 0, 0, 0], [0, 0, 0, 0, 0, 0, 0, 0, 0, 0, 0, 0, 0, 0, 0, 0, 0, 0, 0, 0, 0, 0, 0, 0, 0, 0, 0, 0, 0, 0, 0, 0], [0, 0, 0, 0, 0, 0, 0, 0, 0, 0, 0, 0, 0, 0, 0, 0, 0, 0, 0, 0, 0, 0, 0, 0, 0, 0, 0, 0, 0, 0, 0, 0], [0, 0, 0, 0, 0, 0, 0, 0, 0, 0, 0, 0, 0, 0, 0, 0, 0, 0, 0, 0, 0, 0, 0, 0, 0, 0, 0, 0, 0, 0, 0, 0], [0, 0, 0, 0, 0, 0, 0, 0, 0, 0, 0, 0, 0, 0, 0, 0, 0, 0, 0, 0, 0, 0, 0, 0, 0, 0, 0, 0, 0, 0, 0, 0], [0, 0, 0, 0, 0, 0, 0, 0, 0, 0, 0, 0, 0, 0, 0, 0, 0, 0, 0, 0, 0, 0, 0, 0, 0, 0, 0, 0, 0, 0, 0, 0], [0, 0, 0, 0, 0, 0, 0, 0, 0, 0, 0, 0, 0, 0, 0, 0, 0, 0, 0, 0, 0, 0, 0, 0, 0, 0, 0, 0, 0, 0, 0, 0], [0, 0, 0, 0, 0, 0, 0, 0, 0, 0, 0, 0, 0, 0, 0, 0, 0, 0, 0, 0, 0, 0, 0, 0, 0, 0, 0, 0, 0, 0, 0, 0], [0, 0, 0, 0, 0, 0, 0, 0, 0, 0, 0, 0, 0, 0, 0, 0, 0, 0, 0, 0, 0, 0, 0, 0, 0, 0, 0, 0, 0, 0, 0, 0], [0, 0, 0, 0, 0, 0, 0, 0, 0, 0, 0, 0, 0, 0, 0, 0, 0, 0, 0, 0, 0, 0, 0, 0, 0, 0, 0, 0, 0, 0, 0, 0], [0, 0, 0, 0, 0, 0, 0, 0, 0, 0, 0, 0, 0, 0, 0, 0, 0, 0, 0, 0, 0, 0, 0, 0, 0, 0, 0, 0, 0, 0, 0, 0], [0, 0, 0, 0, 0, 0, 0, 0, 0, 0, 0, 0, 0, 0, 0, 0, 0, 0, 0, 0, 0, 0, 0, 0, 0, 0, 0, 0, 0, 0, 0, 0], [0, 0, 0, 0, 0, 0, 0, 0, 0, 0, 0, 0, 0, 0, 0, 0, 0, 0, 0, 0, 0, 0, 0, 0, 0, 0, 0, 0, 0, 0, 0, 0], [0, 0, 0, 0, 0, 0, 0, 0, 0, 0, 0, 0, 0, 0, 0, 0, 0, 0, 0, 0, 0, 0, 0, 0, 0, 0, 0, 0, 0, 0, 0, 0], [0, 0, 0, 0, 0, 0, 0, 0, 0, 0, 0, 0, 0, 0, 0, 0, 0, 0, 0, 0, 0, 0, 0, 0, 0, 0, 0, 0, 0, 0, 0, 0], [0, 0, 0, 0, 0, 0, 0, 0, 0, 0, 0, 0, 0, 0, 0, 0, 0, 0, 0, 0, 0, 0, 0, 0, 0, 0, 0, 0, 0, 0, 0, 0], [0, 0, 0, 0, 0, 0, 0, 0, 0, 0, 0, 0, 0, 0, 0, 0, 0, 0, 0, 0, 0, 0, 0, 0, 0, 0, 0, 0, 0, 0, 0, 0], [0, 0, 0, 0, 0, 0, 0, 0, 0, 0, 0, 0, 0, 0, 0, 0, 0, 0, 0, 0, 0, 0, 0, 0, 0, 0, 0, 0, 0, 0, 0, 0], [0, 0, 0, 0, 0, 0, 0, 0, 0, 0, 0, 0, 0, 0, 0, 0, 0, 0, 0, 0, 0, 0, 0, 0, 0, 0, 0, 0, 0, 0, 0, 0], [0, 0, 0, 0, 0, 0, 0, 0, 0, 0, 0, 0, 0, 0, 0, 0, 0, 0, 0, 0, 0, 0, 0, 0, 0, 0, 0, 0, 0, 0, 0, 0], [0, 0, 0, 0, 0, 0, 0, 0, 0, 0, 0, 0, 0, 0, 0, 0, 0, 0, 0, 0, 0, 0, 0, 0, 0, 0, 0, 0, 0, 0, 0, 0], [0, 0, 0, 0, 0, 0, 0, 0, 0, 0, 0, 0, 0, 0, 0, 0, 0, 0, 0, 0, 0, 0, 0, 0, 0, 0, 0, 0, 0, 0, 0, 0], [0, 0, 0, 0, 0, 0, 0, 0, 0, 0, 0, 0, 0, 0, 0, 0, 0, 0, 0, 0, 0, 0, 0, 0, 0, 0, 0, 0, 0, 0, 0, 0], [0, 0, 0, 0, 0, 0, 0, 0, 0, 0, 0, 0, 0, 0, 0, 0, 0, 0, 0, 0, 0, 0, 0, 0, 0, 0, 0, 0, 0, 0, 0, 0], [0, 0, 0, 0, 0, 0, 0, 0, 0, 0, 0, 0, 0, 0, 0, 0, 0, 0, 0, 0, 0, 0, 0, 0, 0, 0, 0, 0, 0, 0, 0, 0], [0, 0, 0, 0, 0, 0, 0, 0, 0, 0, 0, 0, 0, 0, 0, 0, 0, 0, 0, 0, 0, 0, 0, 0, 0, 0, 0, 0, 0, 0, 0, 0], [0, 0, 0, 0, 0, 0, 0, 0, 0, 0, 0, 0, 0, 0, 0, 0, 0, 0, 0, 0, 0, 0, 0, 0, 0, 0, 0, 0, 0, 0, 0, 0], [0, 0, 0, 0, 0, 0, 0, 0, 0, 0, 0, 0, 0, 0, 0, 0, 0, 0, 0, 0, 0, 0, 0, 0, 0, 0, 0, 0, 0, 0, 0, 0], [0, 0, 0, 0, 0, 0, 0, 0, 0, 0, 0, 0, 0, 0, 0, 0, 0, 0, 0, 0, 0, 0, 0, 0, 0, 0, 0, 0, 0, 0, 0, 0], [0, 0, 0, 0, 0, 0, 0, 0, 0, 0, 0, 0, 0, 0, 0, 0, 0, 0, 0, 0, 0, 0, 0, 0, 0, 0, 0, 0, 0, 0, 0, 0], [0, 0, 0, 0, 0, 0, 0, 0, 0, 0, 0, 0, 0, 0, 0, 0, 0, 0, 0, 0, 0, 0, 0, 0, 0, 0, 0, 0, 0, 0, 0, 0], [0, 0, 0, 0, 0, 0, 0, 0, 0, 0, 0, 0, 0, 0, 0, 0, 0, 0, 0, 0, 0, 0, 0, 0, 0, 0, 0, 0, 0, 0, 0, 0], [0, 0, 0, 0, 0, 0, 0, 0, 0, 0, 0, 0, 0, 0, 0, 0, 0, 0, 0, 0, 0, 0, 0, 0, 0, 0, 0, 0, 0, 0, 0, 0], [0, 0, 0, 0, 0, 0, 0, 0, 0, 0, 0, 0, 0, 0, 0, 0, 0, 0, 0, 0, 0, 0, 0, 0, 0, 0, 0, 0, 0, 0, 0, 0], [0, 0, 0, 0, 0, 0, 0, 0, 0, 0, 0, 0, 0, 0, 0, 0, 0, 0, 0, 0, 0, 0, 0, 0, 0, 0, 0, 0, 0, 0, 0, 0], [0, 0, 0, 0, 0, 0, 0, 0, 0, 0, 0, 0, 0, 0, 0, 0, 0, 0, 0, 0, 0, 0, 0, 0, 0, 0, 0, 0, 0, 0, 0, 0], [0, 0, 0, 0, 0, 0, 0, 0, 0, 0, 0, 0, 0, 0, 0, 0, 0, 0, 0, 0, 0, 0, 0, 0, 0, 0, 0, 0, 0, 0, 0, 0], [0, 0, 0, 0, 0, 0, 0, 0, 0, 0, 0, 0, 0, 0, 0, 0, 0, 0, 0, 0, 0, 0, 0, 0, 0, 0, 0, 0, 0, 0, 0, 0], [0, 0, 0, 0, 0, 0, 0, 0, 0, 0, 0, 0, 0, 0, 0, 0, 0, 0, 0, 0, 0, 0, 0, 0, 0, 0, 0, 0, 0, 0, 0, 0], [0, 0, 0, 0, 0, 0, 0, 0, 0, 0, 0, 0, 0, 0, 0, 0, 0, 0, 0, 0, 0, 0, 0, 0, 0, 0, 0, 0, 0, 0, 0, 0], [0, 0, 0, 0, 0, 0, 0, 0, 0, 0, 0, 0, 0, 0, 0, 0, 0, 0, 0, 0, 0, 0, 0, 0, 0, 0, 0, 0, 0, 0, 0, 0], [0, 0, 0, 0, 0, 0, 0, 0, 0, 0, 0, 0, 0, 0, 0, 0, 0, 0, 0, 0, 0, 0, 0, 0, 0, 0, 0, 0, 0, 0, 0, 0], [0, 0, 0, 0, 0, 0, 0, 0, 0, 0, 0, 0, 0, 0, 0, 0, 0, 0, 0, 0, 0, 0, 0, 0, 0, 0, 0, 0, 0, 0, 0, 0], [0, 0, 0, 0, 0, 0, 0, 0, 0, 0, 0, 0, 0, 0, 0, 0, 0, 0, 0, 0, 0, 0, 0, 0, 0, 0, 0, 0, 0, 0, 0, 0], [0, 0, 0, 0, 0, 0, 0, 0, 0, 0, 0, 0, 0, 0, 0, 0, 0, 0, 0, 0, 0, 0, 0, 0, 0, 0, 0, 0, 0, 0, 0, 0], [0, 0, 0, 0, 0, 0, 0, 0, 0, 0, 0, 0, 0, 0, 0, 0, 0, 0, 0, 0, 0, 0, 0, 0, 0, 0, 0, 0, 0, 0, 0, 0], [0, 0, 0, 0, 0, 0, 0, 0, 0, 0, 0, 0, 0, 0, 0, 0, 0, 0, 0, 0, 0, 0, 0, 0, 0, 0, 0, 0, 0, 0, 0, 0], [0, 0, 0, 0, 0, 0, 0, 0, 0, 0, 0, 0, 0, 0, 0, 0, 0, 0, 0, 0, 0, 0, 0, 0, 0, 0, 0, 0, 0, 0, 0, 0], [0, 0, 0, 0, 0, 0, 0, 0, 0, 0, 0, 0, 0, 0, 0, 0, 0, 0, 0, 0, 0, 0, 0, 0, 0, 0, 0, 0, 0, 0, 0, 0], [0, 0, 0, 0, 0, 0, 0, 0, 0, 0, 0, 0, 0, 0, 0, 0, 0, 0, 0, 0, 0, 0, 0, 0, 0, 0, 0, 0, 0, 0, 0, 0], [0, 0, 0, 0, 0, 0, 0, 0, 0, 0, 0, 0, 0, 0, 0, 0, 0, 0, 0, 0, 0, 0, 0, 0, 0, 0, 0, 0, 0, 0, 0, 0], [0, 0, 0, 0, 0, 0, 0, 0, 0, 0, 0, 0, 0, 0, 0, 0, 0, 0, 0, 0, 0, 0, 0, 0, 0, 0, 0, 0, 0, 0, 0, 0], [0, 0, 0, 0, 0, 0, 0, 0, 0, 0, 0, 0, 0, 0, 0, 0, 0, 0, 0, 0, 0, 0, 0, 0, 0, 0, 0, 0, 0, 0, 0, 0], [0, 0, 0, 0, 0, 0, 0, 0, 0, 0, 0, 0, 0, 0, 0, 0, 0, 0, 0, 0, 0, 0, 0, 0, 0, 0, 0, 0, 0, 0, 0, 0], [0, 0, 0, 0, 0, 0, 0, 0, 0, 0, 0, 0, 0, 0, 0, 0, 0, 0, 0, 0, 0, 0, 0, 0, 0, 0, 0, 0, 0, 0, 0, 0], [0, 0, 0, 0, 0, 0, 0, 0, 0, 0, 0, 0, 0, 0, 0, 0, 0, 0, 0, 0, 0, 0, 0, 0, 0, 0, 0, 0, 0, 0, 0, 0], [0, 0, 0, 0, 0, 0, 0, 0, 0, 0, 0, 0, 0, 0, 0, 0, 0, 0, 0, 0, 0, 0, 0, 0, 0, 0, 0, 0, 0, 0, 0, 0], [0, 0, 0, 0, 0, 0, 0, 0, 0, 0, 0, 0, 0, 0, 0, 0, 0, 0, 0, 0, 0, 0, 0, 0, 0, 0, 0, 0, 0, 0, 0, 0], [0, 0, 0, 0, 0, 0, 0, 0, 0, 0, 0, 0, 0, 0, 0, 0, 0, 0, 0, 0, 0, 0, 0, 0, 0, 0, 0, 0, 0, 0, 0, 0], [0, 0, 0, 0, 0, 0, 0, 0, 0, 0, 0, 0, 0, 0, 0, 0, 0, 0, 0, 0, 0, 0, 0, 0, 0, 0, 0, 0, 0, 0, 0, 0], [0, 0, 0, 0, 0, 0, 0, 0, 0, 0, 0, 0, 0, 0, 0, 0, 0, 0, 0, 0, 0, 0, 0, 0, 0, 0, 0, 0, 0, 0, 0, 0], [0, 0, 0, 0, 0, 0, 0, 0, 0, 0, 0, 0, 0, 0, 0, 0, 0, 0, 0, 0, 0, 0, 0, 0, 0, 0, 0, 0, 0, 0, 0, 0], [0, 0, 0, 0, 0, 0, 0, 0, 0, 0, 0, 0, 0, 0, 0, 0, 0, 0, 0, 0, 0, 0, 0, 0, 0, 0, 0, 0, 0, 0, 0, 0], [0, 0, 0, 0, 0, 0, 0, 0, 0, 0, 0, 0, 0, 0, 0, 0, 0, 0, 0, 0, 0, 0, 0, 0, 0, 0, 0, 0, 0, 0, 0, 0], [0, 0, 0, 0, 0, 0, 0, 0, 0, 0, 0, 0, 0, 0, 0, 0, 0, 0, 0, 0, 0, 0, 0, 0, 0, 0, 0, 0, 0, 0, 0, 0], [0, 0, 0, 0, 0, 0, 0, 0, 0, 0, 0, 0, 0, 0, 0, 0, 0, 0, 0, 0, 0, 0, 0, 0, 0, 0, 0, 0, 0, 0, 0, 0], [0, 0, 0, 0, 0, 0, 0, 0, 0, 0, 0, 0, 0, 0, 0, 0, 0, 0, 0, 0, 0, 0, 0, 0, 0, 0, 0, 0, 0, 0, 0, 0], [0, 0, 0, 0, 0, 0, 0, 0, 0, 0, 0, 0, 0, 0, 0, 0, 0, 0, 0, 0, 0, 0, 0, 0, 0, 0, 0, 0, 0, 0, 0, 0], [0, 0, 0, 0, 0, 0, 0, 0, 0, 0, 0, 0, 0, 0, 0, 0, 0, 0, 0, 0, 0, 0, 0, 0, 0, 0, 0, 0, 0, 0, 0, 0], [0, 0, 0, 0, 0, 0, 0, 0, 0, 0, 0, 0, 0, 0, 0, 0, 0, 0, 0, 0, 0, 0, 0, 0, 0, 0, 0, 0, 0, 0, 0, 0], [0, 0, 0, 0, 0, 0, 0, 0, 0, 0, 0, 0, 0, 0, 0, 0, 0, 0, 0, 0, 0, 0, 0, 0, 0, 0, 0, 0, 0, 0, 0, 0], [0, 0, 0, 0, 0, 0, 0, 0, 0, 0, 0, 0, 0, 0, 0, 0, 0, 0, 0, 0, 0, 0, 0, 0, 0, 0, 0, 0, 0, 0, 0, 0], [0, 0, 0, 0, 0, 0, 0, 0, 0, 0, 0, 0, 0, 0, 0, 0, 0, 0, 0, 0, 0, 0, 0, 0, 0, 0, 0, 0, 0, 0, 0, 0], [0, 0, 0, 0, 0, 0, 0, 0, 0, 0, 0, 0, 0, 0, 0, 0, 0, 0, 0, 0, 0, 0, 0, 0, 0, 0, 0, 0, 0, 0, 0, 0], [0, 0, 0, 0, 0, 0, 0, 0, 0, 0, 0, 0, 0, 0, 0, 0, 0, 0, 0, 0, 0, 0, 0, 0, 0, 0, 0, 0, 0, 0, 0, 0], [0, 0, 0, 0, 0, 0, 0, 0, 0, 0, 0, 0, 0, 0, 0, 0, 0, 0, 0, 0, 0, 0, 0, 0, 0, 0, 0, 0, 0, 0, 0, 0], [0, 0, 0, 0, 0, 0, 0, 0, 0, 0, 0, 0, 0, 0, 0, 0, 0, 0, 0, 0, 0, 0, 0, 0, 0, 0, 0, 0, 0, 0, 0, 0], [0, 0, 0, 0, 0, 0, 0, 0, 0, 0, 0, 0, 0, 0, 0, 0, 0, 0, 0, 0, 0, 0, 0, 0, 0, 0, 0, 0, 0, 0, 0, 0], [0, 0, 0, 0, 0, 0, 0, 0, 0, 0, 0, 0, 0, 0, 0, 0, 0, 0, 0, 0, 0, 0, 0, 0, 0, 0, 0, 0, 0, 0, 0, 0], [0, 0, 0, 0, 0, 0, 0, 0, 0, 0, 0, 0, 0, 0, 0, 0, 0, 0, 0, 0, 0, 0, 0, 0, 0, 0, 0, 0, 0, 0, 0, 0], [0, 0, 0, 0, 0, 0, 0, 0, 0, 0, 0, 0, 0, 0, 0, 0, 0, 0, 0, 0, 0, 0, 0, 0, 0, 0, 0, 0, 0, 0, 0, 0], [0, 0, 0, 0, 0, 0, 0, 0, 0, 0, 0, 0, 0, 0, 0, 0, 0, 0, 0, 0, 0, 0, 0, 0, 0, 0, 0, 0, 0, 0, 0, 0], [0, 0, 0, 0, 0, 0, 0, 0, 0, 0, 0, 0, 0, 0, 0, 0, 0, 0, 0, 0, 0, 0, 0, 0, 0, 0, 0, 0, 0, 0, 0, 0], [0, 0, 0, 0, 0, 0, 0, 0, 0, 0, 0, 0, 0, 0, 0, 0, 0, 0, 0, 0, 0, 0, 0, 0, 0, 0, 0, 0, 0, 0, 0, 0], [0, 0, 0, 0, 0, 0, 0, 0, 0, 0, 0, 0, 0, 0, 0, 0, 0, 0, 0, 0, 0, 0, 0, 0, 0, 0, 0, 0, 0, 0, 0, 0], [0, 0, 0, 0, 0, 0, 0, 0, 0, 0, 0, 0, 0, 0, 0, 0, 0, 0, 0, 0, 0, 0, 0, 0, 0, 0, 0, 0, 0, 0, 0, 0], [0, 0, 0, 0, 0, 0, 0, 0, 0, 0, 0, 0, 0, 0, 0, 0, 0, 0, 0, 0, 0, 0, 0, 0, 0, 0, 0, 0, 0, 0, 0, 0], [0, 0, 0, 0, 0, 0, 0, 0, 0, 0, 0, 0, 0, 0, 0, 0, 0, 0, 0, 0, 0, 0, 0, 0, 0, 0, 0, 0, 0, 0, 0, 0], [0, 0, 0, 0, 0, 0, 0, 0, 0, 0, 0, 0, 0, 0, 0, 0, 0, 0, 0, 0, 0, 0, 0, 0, 0, 0, 0, 0, 0, 0, 0, 0], [0, 0, 0, 0, 0, 0, 0, 0, 0, 0, 0, 0, 0, 0, 0, 0, 0, 0, 0, 0, 0, 0, 0, 0, 0, 0, 0, 0, 0, 0, 0, 0], [0, 0, 0, 0, 0, 0, 0, 0, 0, 0, 0, 0, 0, 0, 0, 0, 0, 0, 0, 0, 0, 0, 0, 0, 0, 0, 0, 0, 0, 0, 0, 0], [0, 0, 0, 0, 0, 0, 0, 0, 0, 0, 0, 0, 0, 0, 0, 0, 0, 0, 0, 0, 0, 0, 0, 0, 0, 0, 0, 0, 0, 0, 0, 0], [0, 0, 0, 0, 0, 0, 0, 0, 0, 0, 0, 0, 0, 0, 0, 0, 0, 0, 0, 0, 0, 0, 0, 0, 0, 0, 0, 0, 0, 0, 0, 0], [0, 0, 0, 0, 0, 0, 0, 0, 0, 0, 0, 0, 0, 0, 0, 0, 0, 0, 0, 0, 0, 0, 0, 0, 0, 0, 0, 0, 0, 0, 0, 0], [0, 0, 0, 0, 0, 0, 0, 0, 0, 0, 0, 0, 0, 0, 0, 0, 0, 0, 0, 0, 0, 0, 0, 0, 0, 0, 0, 0, 0, 0, 0, 0], [0, 0, 0, 0, 0, 0, 0, 0, 0, 0, 0, 0, 0, 0, 0, 0, 0, 0, 0, 0, 0, 0, 0, 0, 0, 0, 0, 0, 0, 0, 0, 0], [0, 0, 0, 0, 0, 0, 0, 0, 0, 0, 0, 0, 0, 0, 0, 0, 0, 0, 0, 0, 0, 0, 0, 0, 0, 0, 0, 0, 0, 0, 0, 0], [0, 0, 0, 0, 0, 0, 0, 0, 0, 0, 0, 0, 0, 0, 0, 0, 0, 0, 0, 0, 0, 0, 0, 0, 0, 0, 0, 0, 0, 0, 0, 0], [0, 0, 0, 0, 0, 0, 0, 0, 0, 0, 0, 0, 0, 0, 0, 0, 0, 0, 0, 0, 0, 0, 0, 0, 0, 0, 0, 0, 0, 0, 0, 0], [0, 0, 0, 0, 0, 0, 0, 0, 0, 0, 0, 0, 0, 0, 0, 0, 0, 0, 0, 0, 0, 0, 0, 0, 0, 0, 0, 0, 0, 0, 0, 0], [0, 0, 0, 0, 0, 0, 0, 0, 0, 0, 0, 0, 0, 0, 0, 0, 0, 0, 0, 0, 0, 0, 0, 0, 0, 0, 0, 0, 0, 0, 0, 0], [0, 0, 0, 0, 0, 0, 0, 0, 0, 0, 0, 0, 0, 0, 0, 0, 0, 0, 0, 0, 0, 0, 0, 0, 0, 0, 0, 0, 0, 0, 0, 0], [0, 0, 0, 0, 0, 0, 0, 0, 0, 0, 0, 0, 0, 0, 0, 0, 0, 0, 0, 0, 0, 0, 0, 0, 0, 0, 0, 0, 0, 0, 0, 0], [0, 0, 0, 0, 0, 0, 0, 0, 0, 0, 0, 0, 0, 0, 0, 0, 0, 0, 0, 0, 0, 0, 0, 0, 0, 0, 0, 0, 0, 0, 0, 0], [0, 0, 0, 0, 0, 0, 0, 0, 0, 0, 0, 0, 0, 0, 0, 0, 0, 0, 0, 0, 0, 0, 0, 0, 0, 0, 0, 0, 0, 0, 0, 0], [0, 0, 0, 0, 0, 0, 0, 0, 0, 0, 0, 0, 0, 0, 0, 0, 0, 0, 0, 0, 0, 0, 0, 0, 0, 0, 0, 0, 0, 0, 0, 0], [0, 0, 0, 0, 0, 0, 0, 0, 0, 0, 0, 0, 0, 0, 0, 0, 0, 0, 0, 0, 0, 0, 0, 0, 0, 0, 0, 0, 0, 0, 0, 0], [0, 0, 0, 0, 0, 0, 0, 0, 0, 0, 0, 0, 0, 0, 0, 0, 0, 0, 0, 0, 0, 0, 0, 0, 0, 0, 0, 0, 0, 0, 0, 0], [0, 0, 0, 0, 0, 0, 0, 0, 0, 0, 0, 0, 0, 0, 0, 0, 0, 0, 0, 0, 0, 0, 0, 0, 0, 0, 0, 0, 0, 0, 0, 0], [0, 0, 0, 0, 0, 0, 0, 0, 0, 0, 0, 0, 0, 0, 0, 0, 0, 0, 0, 0, 0, 0, 0, 0, 0, 0, 0, 0, 0, 0, 0, 0], [0, 0, 0, 0, 0, 0, 0, 0, 0, 0, 0, 0, 0, 0, 0, 0, 0, 0, 0, 0, 0, 0, 0, 0, 0, 0, 0, 0, 0, 0, 0, 0], [0, 0, 0, 0, 0, 0, 0, 0, 0, 0, 0, 0, 0, 0, 0, 0, 0, 0, 0, 0, 0, 0, 0, 0, 0, 0, 0, 0, 0, 0, 0, 0], [0, 0, 0, 0, 0, 0, 0, 0, 0, 0, 0, 0, 0, 0, 0, 0, 0, 0, 0, 0, 0, 0, 0, 0, 0, 0, 0, 0, 0, 0, 0, 0], [0, 0, 0, 0, 0, 0, 0, 0, 0, 0, 0, 0, 0, 0, 0, 0, 0, 0, 0, 0, 0, 0, 0, 0, 0, 0, 0, 0, 0, 0, 0, 0], [0, 0, 0, 0, 0, 0, 0, 0, 0, 0, 0, 0, 0, 0, 0, 0, 0, 0, 0, 0, 0, 0, 0, 0, 0, 0, 0, 0, 0, 0, 0, 0], [0, 0, 0, 0, 0, 0, 0, 0, 0, 0, 0, 0, 0, 0, 0, 0, 0, 0, 0, 0, 0, 0, 0, 0, 0, 0, 0, 0, 0, 0, 0, 0], [0, 0, 0, 0, 0, 0, 0, 0, 0, 0, 0, 0, 0, 0, 0, 0, 0, 0, 0, 0, 0, 0, 0, 0, 0, 0, 0, 0, 0, 0, 0, 0], [0, 0, 0, 0, 0, 0, 0, 0, 0, 0, 0, 0, 0, 0, 0, 0, 0, 0, 0, 0, 0, 0, 0, 0, 0, 0, 0, 0, 0, 0, 0, 0], [0, 0, 0, 0, 0, 0, 0, 0, 0, 0, 0, 0, 0, 0, 0, 0, 0, 0, 0, 0, 0, 0, 0, 0, 0, 0, 0, 0, 0, 0, 0, 0], [0, 0, 0, 0, 0, 0, 0, 0, 0, 0, 0, 0, 0, 0, 0, 0, 0, 0, 0, 0, 0, 0, 0, 0, 0, 0, 0, 0, 0, 0, 0, 0], [0, 0, 0, 0, 0, 0, 0, 0, 0, 0, 0, 0, 0, 0, 0, 0, 0, 0, 0, 0, 0, 0, 0, 0, 0, 0, 0, 0, 0, 0, 0, 0], [0, 0, 0, 0, 0, 0, 0, 0, 0, 0, 0, 0, 0, 0, 0, 0, 0, 0, 0, 0, 0, 0, 0, 0, 0, 0, 0, 0, 0, 0, 0, 0], [0, 0, 0, 0, 0, 0, 0, 0, 0, 0, 0, 0, 0, 0, 0, 0, 0, 0, 0, 0, 0, 0, 0, 0, 0, 0, 0, 0, 0, 0, 0, 0], [0, 0, 0, 0, 0, 0, 0, 0, 0, 0, 0, 0, 0, 0, 0, 0, 0, 0, 0, 0, 0, 0, 0, 0, 0, 0, 0, 0, 0, 0, 0, 0], [0, 0, 0, 0, 0, 0, 0, 0, 0, 0, 0, 0, 0, 0, 0, 0, 0, 0, 0, 0, 0, 0, 0, 0, 0, 0, 0, 0, 0, 0, 0, 0], [0, 0, 0, 0, 0, 0, 0, 0, 0, 0, 0, 0, 0, 0, 0, 0, 0, 0, 0, 0, 0, 0, 0, 0, 0, 0, 0, 0, 0, 0, 0, 0], [0, 0, 0, 0, 0, 0, 0, 0, 0, 0, 0, 0, 0, 0, 0, 0, 0, 0, 0, 0, 0, 0, 0, 0, 0, 0, 0, 0, 0, 0, 0, 0], [0, 0, 0, 0, 0, 0, 0, 0, 0, 0, 0, 0, 0, 0, 0, 0, 0, 0, 0, 0, 0, 0, 0, 0, 0, 0, 0, 0, 0, 0, 0, 0], [0, 0, 0, 0, 0, 0, 0, 0, 0, 0, 0, 0, 0, 0, 0, 0, 0, 0, 0, 0, 0, 0, 0, 0, 0, 0, 0, 0, 0, 0, 0, 0], [0, 0, 0, 0, 0, 0, 0, 0, 0, 0, 0, 0, 0, 0, 0, 0, 0, 0, 0, 0, 0, 0, 0, 0, 0, 0, 0, 0, 0, 0, 0, 0], [0, 0, 0, 0, 0, 0, 0, 0, 0, 0, 0, 0, 0, 0, 0, 0, 0, 0, 0, 0, 0, 0, 0, 0, 0, 0, 0, 0, 0, 0, 0, 0], [0, 0, 0, 0, 0, 0, 0, 0, 0, 0, 0, 0, 0, 0, 0, 0, 0, 0, 0, 0, 0, 0, 0, 0, 0, 0, 0, 0, 0, 0, 0, 0], [0, 0, 0, 0, 0, 0, 0, 0, 0, 0, 0, 0, 0, 0, 0, 0, 0, 0, 0, 0, 0, 0, 0, 0, 0, 0, 0, 0, 0, 0, 0, 0], [0, 0, 0, 0, 0, 0, 0, 0, 0, 0, 0, 0, 0, 0, 0, 0, 0, 0, 0, 0, 0, 0, 0, 0, 0, 0, 0, 0, 0, 0, 0, 0], [0, 0, 0, 0, 0, 0, 0, 0, 0, 0, 0, 0, 0, 0, 0, 0, 0, 0, 0, 0, 0, 0, 0, 0, 0, 0, 0, 0, 0, 0, 0, 0], [0, 0, 0, 0, 0, 0, 0, 0, 0, 0, 0, 0, 0, 0, 0, 0, 0, 0, 0, 0, 0, 0, 0, 0, 0, 0, 0, 0, 0, 0, 0, 0], [0, 0, 0, 0, 0, 0, 0, 0, 0, 0, 0, 0, 0, 0, 0, 0, 0, 0, 0, 0, 0, 0, 0, 0, 0, 0, 0, 0, 0, 0, 0, 0], [0, 0, 0, 0, 0, 0, 0, 0, 0, 0, 0, 0, 0, 0, 0, 0, 0, 0, 0, 0, 0, 0, 0, 0, 0, 0, 0, 0, 0, 0, 0, 0], [0, 0, 0, 0, 0, 0, 0, 0, 0, 0, 0, 0, 0, 0, 0, 0, 0, 0, 0, 0, 0, 0, 0, 0, 0, 0, 0, 0, 0, 0, 0, 0], [0, 0, 0, 0, 0, 0, 0, 0, 0, 0, 0, 0, 0, 0, 0, 0, 0, 0, 0, 0, 0, 0, 0, 0, 0, 0, 0, 0, 0, 0, 0, 0], [0, 0, 0, 0, 0, 0, 0, 0, 0, 0, 0, 0, 0, 0, 0, 0, 0, 0, 0, 0, 0, 0, 0, 0, 0, 0, 0, 0, 0, 0, 0, 0], [0, 0, 0, 0, 0, 0, 0, 0, 0, 0, 0, 0, 0, 0, 0, 0, 0, 0, 0, 0, 0, 0, 0, 0, 0, 0, 0, 0, 0, 0, 0, 0], [0, 0, 0, 0, 0, 0, 0, 0, 0, 0, 0, 0, 0, 0, 0, 0, 0, 0, 0, 0, 0, 0, 0, 0, 0, 0, 0, 0, 0, 0, 0, 0], [0, 0, 0, 0, 0, 0, 0, 0, 0, 0, 0, 0, 0, 0, 0, 0, 0, 0, 0, 0, 0, 0, 0, 0, 0, 0, 0, 0, 0, 0, 0, 0], [0, 0, 0, 0, 0, 0, 0, 0, 0, 0, 0, 0, 0, 0, 0, 0, 0, 0, 0, 0, 0, 0, 0, 0, 0, 0, 0, 0, 0, 0, 0, 0], [0, 0, 0, 0, 0, 0, 0, 0, 0, 0, 0, 0, 0, 0, 0, 0, 0, 0, 0, 0, 0, 0, 0, 0, 0, 0, 0, 0, 0, 0, 0, 0], [0, 0, 0, 0, 0, 0, 0, 0, 0, 0, 0, 0, 0, 0, 0, 0, 0, 0, 0, 0, 0, 0, 0, 0, 0, 0, 0, 0, 0, 0, 0, 0], [0, 0, 0, 0, 0, 0, 0, 0, 0, 0, 0, 0, 0, 0, 0, 0, 0, 0, 0, 0, 0, 0, 0, 0, 0, 0, 0, 0, 0, 0, 0, 0], [0, 0, 0, 0, 0, 0, 0, 0, 0, 0, 0, 0, 0, 0, 0, 0, 0, 0, 0, 0, 0, 0, 0, 0, 0, 0, 0, 0, 0, 0, 0, 0], [0, 0, 0, 0, 0, 0, 0, 0, 0, 0, 0, 0, 0, 0, 0, 0, 0, 0, 0, 0, 0, 0, 0, 0, 0, 0, 0, 0, 0, 0, 0, 0], [0, 0, 0, 0, 0, 0, 0, 0, 0, 0, 0, 0, 0, 0, 0, 0, 0, 0, 0, 0, 0, 0, 0, 0, 0, 0, 0, 0, 0, 0, 0, 0], [0, 0, 0, 0, 0, 0, 0, 0, 0, 0, 0, 0, 0, 0, 0, 0, 0, 0, 0, 0, 0, 0, 0, 0, 0, 0, 0, 0, 0, 0, 0, 0], [0, 0, 0, 0, 0, 0, 0, 0, 0, 0, 0, 0, 0, 0, 0, 0, 0, 0, 0, 0, 0, 0, 0, 0, 0, 0, 0, 0, 0, 0, 0, 0], [0, 0, 0, 0, 0, 0, 0, 0, 0, 0, 0, 0, 0, 0, 0, 0, 0, 0, 0, 0, 0, 0, 0, 0, 0, 0, 0, 0, 0, 0, 0, 0], [0, 0, 0, 0, 0, 0, 0, 0, 0, 0, 0, 0, 0, 0, 0, 0, 0, 0, 0, 0, 0, 0, 0, 0, 0, 0, 0, 0, 0, 0, 0, 0], [0, 0, 0, 0, 0, 0, 0, 0, 0, 0, 0, 0, 0, 0, 0, 0, 0, 0, 0, 0, 0, 0, 0, 0, 0, 0, 0, 0, 0, 0, 0, 0], [0, 0, 0, 0, 0, 0, 0, 0, 0, 0, 0, 0, 0, 0, 0, 0, 0, 0, 0, 0, 0, 0, 0, 0, 0, 0, 0, 0, 0, 0, 0, 0], [0, 0, 0, 0, 0, 0, 0, 0, 0, 0, 0, 0, 0, 0, 0, 0, 0, 0, 0, 0, 0, 0, 0, 0, 0, 0, 0, 0, 0, 0, 0, 0], [0, 0, 0, 0, 0, 0, 0, 0, 0, 0, 0, 0, 0, 0, 0, 0, 0, 0, 0, 0, 0, 0, 0, 0, 0, 0, 0, 0, 0, 0, 0, 0], [0, 0, 0, 0, 0, 0, 0, 0, 0, 0, 0, 0, 0, 0, 0, 0, 0, 0, 0, 0, 0, 0, 0, 0, 0, 0, 0, 0, 0, 0, 0, 0], [0, 0, 0, 0, 0, 0, 0, 0, 0, 0, 0, 0, 0, 0, 0, 0, 0, 0, 0, 0, 0, 0, 0, 0, 0, 0, 0, 0, 0, 0, 0, 0], [0, 0, 0, 0, 0, 0, 0, 0, 0, 0, 0, 0, 0, 0, 0, 0, 0, 0, 0, 0, 0, 0, 0, 0, 0, 0, 0, 0, 0, 0, 0, 0], [0, 0, 0, 0, 0, 0, 0, 0, 0, 0, 0, 0, 0, 0, 0, 0, 0, 0, 0, 0, 0, 0, 0, 0, 0, 0, 0, 0, 0, 0, 0, 0], [0, 0, 0, 0, 0, 0, 0, 0, 0, 0, 0, 0, 0, 0, 0, 0, 0, 0, 0, 0, 0, 0, 0, 0, 0, 0, 0, 0, 0, 0, 0, 0], [0, 0, 0, 0, 0, 0, 0, 0, 0, 0, 0, 0, 0, 0, 0, 0, 0, 0, 0, 0, 0, 0, 0, 0, 0, 0, 0, 0, 0, 0, 0, 0], [0, 0, 0, 0, 0, 0, 0, 0, 0, 0, 0, 0, 0, 0, 0, 0, 0, 0, 0, 0, 0, 0, 0, 0, 0, 0, 0, 0, 0, 0, 0, 0], [0, 0, 0, 0, 0, 0, 0, 0, 0, 0, 0, 0, 0, 0, 0, 0, 0, 0, 0, 0, 0, 0, 0, 0, 0, 0, 0, 0, 0, 0, 0, 0], [0, 0, 0, 0, 0, 0, 0, 0, 0, 0, 0, 0, 0, 0, 0, 0, 0, 0, 0, 0, 0, 0, 0, 0, 0, 0, 0, 0, 0, 0, 0, 0], [0, 0, 0, 0, 0, 0, 0, 0, 0, 0, 0, 0, 0, 0, 0, 0, 0, 0, 0, 0, 0, 0, 0, 0, 0, 0, 0, 0, 0, 0, 0, 0], [0, 0, 0, 0, 0, 0, 0, 0, 0, 0, 0, 0, 0, 0, 0, 0, 0, 0, 0, 0, 0, 0, 0, 0, 0, 0, 0, 0, 0, 0, 0, 0], [0, 0, 0, 0, 0, 0, 0, 0, 0, 0, 0, 0, 0, 0, 0, 0, 0, 0, 0, 0, 0, 0, 0, 0, 0, 0, 0, 0, 0, 0, 0, 0], [0, 0, 0, 0, 0, 0, 0, 0, 0, 0, 0, 0, 0, 0, 0, 0, 0, 0, 0, 0, 0, 0, 0, 0, 0, 0, 0, 0, 0, 0, 0, 0], [0, 0, 0, 0, 0, 0, 0, 0, 0, 0, 0, 0, 0, 0, 0, 0, 0, 0, 0, 0, 0, 0, 0, 0, 0, 0, 0, 0, 0, 0, 0, 0], [0, 0, 0, 0, 0, 0, 0, 0, 0, 0, 0, 0, 0, 0, 0, 0, 0, 0, 0, 0, 0, 0, 0, 0, 0, 0, 0, 0, 0, 0, 0, 0], [0, 0, 0, 0, 0, 0, 0, 0, 0, 0, 0, 0, 0, 0, 0, 0, 0, 0, 0, 0, 0, 0, 0, 0, 0, 0, 0, 0, 0, 0, 0, 0], [0, 0, 0, 0, 0, 0, 0, 0, 0, 0, 0, 0, 0, 0, 0, 0, 0, 0, 0, 0, 0, 0, 0, 0, 0, 0, 0, 0, 0, 0, 0, 0], [0, 0, 0, 0, 0, 0, 0, 0, 0, 0, 0, 0, 0, 0, 0, 0, 0, 0, 0, 0, 0, 0, 0, 0, 0, 0, 0, 0, 0, 0, 0, 0], [0, 0, 0, 0, 0, 0, 0, 0, 0, 0, 0, 0, 0, 0, 0, 0, 0, 0, 0, 0, 0, 0, 0, 0, 0, 0, 0, 0, 0, 0, 0, 0], [0, 0, 0, 0, 0, 0, 0, 0, 0, 0, 0, 0, 0, 0, 0, 0, 0, 0, 0, 0, 0, 0, 0, 0, 0, 0, 0, 0, 0, 0, 0, 0], [0, 0, 0, 0, 0, 0, 0, 0, 0, 0, 0, 0, 0, 0, 0, 0, 0, 0, 0, 0, 0, 0, 0, 0, 0, 0, 0, 0, 0, 0, 0, 0], [0, 0, 0, 0, 0, 0, 0, 0, 0, 0, 0, 0, 0, 0, 0, 0, 0, 0, 0, 0, 0, 0, 0, 0, 0, 0, 0, 0, 0, 0, 0, 0], [0, 0, 0, 0, 0, 0, 0, 0, 0, 0, 0, 0, 0, 0, 0, 0, 0, 0, 0, 0, 0, 0, 0, 0, 0, 0, 0, 0, 0, 0, 0, 0], [0, 0, 0, 0, 0, 0, 0, 0, 0, 0, 0, 0, 0, 0, 0, 0, 0, 0, 0, 0, 0, 0, 0, 0, 0, 0, 0, 0, 0, 0, 0, 0], [0, 0, 0, 0, 0, 0, 0, 0, 0, 0, 0, 0, 0, 0, 0, 0, 0, 0, 0, 0, 0, 0, 0, 0, 0, 0, 0, 0, 0, 0, 0, 0], [0, 0, 0, 0, 0, 0, 0, 0, 0, 0, 0, 0, 0, 0, 0, 0, 0, 0, 0, 0, 0, 0, 0, 0, 0, 0, 0, 0, 0, 0, 0, 0], [0, 0, 0, 0, 0, 0, 0, 0, 0, 0, 0, 0, 0, 0, 0, 0, 0, 0, 0, 0, 0, 0, 0, 0, 0, 0, 0, 0, 0, 0, 0, 0], [0, 0, 0, 0, 0, 0, 0, 0, 0, 0, 0, 0, 0, 0, 0, 0, 0, 0, 0, 0, 0, 0, 0, 0, 0, 0, 0, 0, 0, 0, 0, 0], [0, 0, 0, 0, 0, 0, 0, 0, 0, 0, 0, 0, 0, 0, 0, 0, 0, 0, 0, 0, 0, 0, 0, 0, 0, 0, 0, 0, 0, 0, 0, 0], [0, 0, 0, 0, 0, 0, 0, 0, 0, 0, 0, 0, 0, 0, 0, 0, 0, 0, 0, 0, 0, 0, 0, 0, 0, 0, 0, 0, 0, 0, 0, 0], [0, 0, 0, 0, 0, 0, 0, 0, 0, 0, 0, 0, 0, 0, 0, 0, 0, 0, 0, 0, 0, 0, 0, 0, 0, 0, 0, 0, 0, 0, 0, 0], [0, 0, 0, 0, 0, 0, 0, 0, 0, 0, 0, 0, 0, 0, 0, 0, 0, 0, 0, 0, 0, 0, 0, 0, 0, 0, 0, 0, 0, 0, 0, 0], [0, 0, 0, 0, 0, 0, 0, 0, 0, 0, 0, 0, 0, 0, 0, 0, 0, 0, 0, 0, 0, 0, 0, 0, 0, 0, 0, 0, 0, 0, 0, 0], [0, 0, 0, 0, 0, 0, 0, 0, 0, 0, 0, 0, 0, 0, 0, 0, 0, 0, 0, 0, 0, 0, 0, 0, 0, 0, 0, 0, 0, 0, 0, 0], [0, 0, 0, 0, 0, 0, 0, 0, 0, 0, 0, 0, 0, 0, 0, 0, 0, 0, 0, 0, 0, 0, 0, 0, 0, 0, 0, 0, 0, 0, 0, 0], [0, 0, 0, 0, 0, 0, 0, 0, 0, 0, 0, 0, 0, 0, 0, 0, 0, 0, 0, 0, 0, 0, 0, 0, 0, 0, 0, 0, 0, 0, 0, 0], [0, 0, 0, 0, 0, 0, 0, 0, 0, 0, 0, 0, 0, 0, 0, 0, 0, 0, 0, 0, 0, 0, 0, 0, 0, 0, 0, 0, 0, 0, 0, 0], [0, 0, 0, 0, 0, 0, 0, 0, 0, 0, 0, 0, 0, 0, 0, 0, 0, 0, 0, 0, 0, 0, 0, 0, 0, 0, 0, 0, 0, 0, 0, 0], [0, 0, 0, 0, 0, 0, 0, 0, 0, 0, 0, 0, 0, 0, 0, 0, 0, 0, 0, 0, 0, 0, 0, 0, 0, 0, 0, 0, 0, 0, 0, 0], [0, 0, 0, 0, 0, 0, 0, 0, 0, 0, 0, 0, 0, 0, 0, 0, 0, 0, 0, 0, 0, 0, 0, 0, 0, 0, 0, 0, 0, 0, 0, 0], [0, 0, 0, 0, 0, 0, 0, 0, 0, 0, 0, 0, 0, 0, 0, 0, 0, 0, 0, 0, 0, 0, 0, 0, 0, 0, 0, 0, 0, 0, 0, 0], [0, 0, 0, 0, 0, 0, 0, 0, 0, 0, 0, 0, 0, 0, 0, 0, 0, 0, 0, 0, 0, 0, 0, 0, 0, 0, 0, 0, 0, 0, 0, 0], [0, 0, 0, 0, 0, 0, 0, 0, 0, 0, 0, 0, 0, 0, 0, 0, 0, 0, 0, 0, 0, 0, 0, 0, 0, 0, 0, 0, 0, 0, 0, 0], [0, 0, 0, 0, 0, 0, 0, 0, 0, 0, 0, 0, 0, 0, 0, 0, 0, 0, 0, 0, 0, 0, 0, 0, 0, 0, 0, 0, 0, 0, 0, 0], [0, 0, 0, 0, 0, 0, 0, 0, 0, 0, 0, 0, 0, 0, 0, 0, 0, 0, 0, 0, 0, 0, 0, 0, 0, 0, 0, 0, 0, 0, 0, 0], [0, 0, 0, 0, 0, 0, 0, 0, 0, 0, 0, 0, 0, 0, 0, 0, 0, 0, 0, 0, 0, 0, 0, 0, 0, 0, 0, 0, 0, 0, 0, 0], [0, 0, 0, 0, 0, 0, 0, 0, 0, 0, 0, 0, 0, 0, 0, 0, 0, 0, 0, 0, 0, 0, 0, 0, 0, 0, 0, 0, 0, 0, 0, 0], [0, 0, 0, 0, 0, 0, 0, 0, 0, 0, 0, 0, 0, 0, 0, 0, 0, 0, 0, 0, 0, 0, 0, 0, 0, 0, 0, 0, 0, 0, 0, 0], [0, 0, 0, 0, 0, 0, 0, 0, 0, 0, 0, 0, 0, 0, 0, 0, 0, 0, 0, 0, 0, 0, 0, 0, 0, 0, 0, 0, 0, 0, 0, 0], [0, 0, 0, 0, 0, 0, 0, 0, 0, 0, 0, 0, 0, 0, 0, 0, 0, 0, 0, 0, 0, 0, 0, 0, 0, 0, 0, 0, 0, 0, 0, 0], [0, 0, 0, 0, 0, 0, 0, 0, 0, 0, 0, 0, 0, 0, 0, 0, 0, 0, 0, 0, 0, 0, 0, 0, 0, 0, 0, 0, 0, 0, 0, 0], [0, 0, 0, 0, 0, 0, 0, 0, 0, 0, 0, 0, 0, 0, 0, 0, 0, 0, 0, 0, 0, 0, 0, 0, 0, 0, 0, 0, 0, 0, 0, 0], [0, 0, 0, 0, 0, 0, 0, 0, 0, 0, 0, 0, 0, 0, 0, 0, 0, 0, 0, 0, 0, 0, 0, 0, 0, 0, 0, 0, 0, 0, 0, 0], [0, 0, 0, 0, 0, 0, 0, 0, 0, 0, 0, 0, 0, 0, 0, 0, 0, 0, 0, 0, 0, 0, 0, 0, 0, 0, 0, 0, 0, 0, 0, 0], [0, 0, 0, 0, 0, 0, 0, 0, 0, 0, 0, 0, 0, 0, 0, 0, 0, 0, 0, 0, 0, 0, 0, 0, 0, 0, 0, 0, 0, 0, 0, 0], [0, 0, 0, 0, 0, 0, 0, 0, 0, 0, 0, 0, 0, 0, 0, 0, 0, 0, 0, 0, 0, 0, 0, 0, 0, 0, 0, 0, 0, 0, 0, 0], [0, 0, 0, 0, 0, 0, 0, 0, 0, 0, 0, 0, 0, 0, 0, 0, 0, 0, 0, 0, 0, 0, 0, 0, 0, 0, 0, 0, 0, 0, 0, 0], [0, 0, 0, 0, 0, 0, 0, 0, 0, 0, 0, 0, 0, 0, 0, 0, 0, 0, 0, 0, 0, 0, 0, 0, 0, 0, 0, 0, 0, 0, 0, 0], [0, 0, 0, 0, 0, 0, 0, 0, 0, 0, 0, 0, 0, 0, 0, 0, 0, 0, 0, 0, 0, 0, 0, 0, 0, 0, 0, 0, 0, 0, 0, 0], [0, 0, 0, 0, 0, 0, 0, 0, 0, 0, 0, 0, 0, 0, 0, 0, 0, 0, 0, 0, 0, 0, 0, 0, 0, 0, 0, 0, 0, 0, 0, 0], [0, 0, 0, 0, 0, 0, 0, 0, 0, 0, 0, 0, 0, 0, 0, 0, 0, 0, 0, 0, 0, 0, 0, 0, 0, 0, 0, 0, 0, 0, 0, 0], [0, 0, 0, 0, 0, 0, 0, 0, 0, 0, 0, 0, 0, 0, 0, 0, 0, 0, 0, 0, 0, 0, 0, 0, 0, 0, 0, 0, 0, 0, 0, 0], [0, 0, 0, 0, 0, 0, 0, 0, 0, 0, 0, 0, 0, 0, 0, 0, 0, 0, 0, 0, 0, 0, 0, 0, 0, 0, 0, 0, 0, 0, 0, 0], [0, 0, 0, 0, 0, 0, 0, 0, 0, 0, 0, 0, 0, 0, 0, 0, 0, 0, 0, 0, 0, 0, 0, 0, 0, 0, 0, 0, 0, 0, 0, 0], [0, 0, 0, 0, 0, 0, 0, 0, 0, 0, 0, 0, 0, 0, 0, 0, 0, 0, 0, 0, 0, 0, 0, 0, 0, 0, 0, 0, 0, 0, 0, 0], [0, 0, 0, 0, 0, 0, 0, 0, 0, 0, 0, 0, 0, 0, 0, 0, 0, 0, 0, 0, 0, 0, 0, 0, 0, 0, 0, 0, 0, 0, 0, 0], [0, 0, 0, 0, 0, 0, 0, 0, 0, 0, 0, 0, 0, 0, 0, 0, 0, 0, 0, 0, 0, 0, 0, 0, 0, 0, 0, 0, 0, 0, 0, 0], [0, 0, 0, 0, 0, 0, 0, 0, 0, 0, 0, 0, 0, 0, 0, 0, 0, 0, 0, 0, 0, 0, 0, 0, 0, 0, 0, 0, 0, 0, 0, 0], [0, 0, 0, 0, 0, 0, 0, 0, 0, 0, 0, 0, 0, 0, 0, 0, 0, 0, 0, 0, 0, 0, 0, 0, 0, 0, 0, 0, 0, 0, 0, 0], [0, 0, 0, 0, 0, 0, 0, 0, 0, 0, 0, 0, 0, 0, 0, 0, 0, 0, 0, 0, 0, 0, 0, 0, 0, 0, 0, 0, 0, 0, 0, 0], [0, 0, 0, 0, 0, 0, 0, 0, 0, 0, 0, 0, 0, 0, 0, 0, 0, 0, 0, 0, 0, 0, 0, 0, 0, 0, 0, 0, 0, 0, 0, 0], [0, 0, 0, 0, 0, 0, 0, 0, 0, 0, 0, 0, 0, 0, 0, 0, 0, 0, 0, 0, 0, 0, 0, 0, 0, 0, 0, 0, 0, 0, 0, 0], [0, 0, 0, 0, 0, 0, 0, 0, 0, 0, 0, 0, 0, 0, 0, 0, 0, 0, 0, 0, 0, 0, 0, 0, 0, 0, 0, 0, 0, 0, 0, 0], [0, 0, 0, 0, 0, 0, 0, 0, 0, 0, 0, 0, 0, 0, 0, 0, 0, 0, 0, 0, 0, 0, 0, 0, 0, 0, 0, 0, 0, 0, 0, 0], [0, 0, 0, 0, 0, 0, 0, 0, 0, 0, 0, 0, 0, 0, 0, 0, 0, 0, 0, 0, 0, 0, 0, 0, 0, 0, 0, 0, 0, 0, 0, 0], [0, 0, 0, 0, 0, 0, 0, 0, 0, 0, 0, 0, 0, 0, 0, 0, 0, 0, 0, 0, 0, 0, 0, 0, 0, 0, 0, 0, 0, 0, 0, 0], [0, 0, 0, 0, 0, 0, 0, 0, 0, 0, 0, 0, 0, 0, 0, 0, 0, 0, 0, 0, 0, 0, 0, 0, 0, 0, 0, 0, 0, 0, 0, 0], [0, 0, 0, 0, 0, 0, 0, 0, 0, 0, 0, 0, 0, 0, 0, 0, 0, 0, 0, 0, 0, 0, 0, 0, 0, 0, 0, 0, 0, 0, 0, 0], [0, 0, 0, 0, 0, 0, 0, 0, 0, 0, 0, 0, 0, 0, 0, 0, 0, 0, 0, 0, 0, 0, 0, 0, 0, 0, 0, 0, 0, 0, 0, 0], [0, 0, 0, 0, 0, 0, 0, 0, 0, 0, 0, 0, 0, 0, 0, 0, 0, 0, 0, 0, 0, 0, 0, 0, 0, 0, 0, 0, 0, 0, 0, 0], [0, 0, 0, 0, 0, 0, 0, 0, 0, 0, 0, 0, 0, 0, 0, 0, 0, 0, 0, 0, 0, 0, 0, 0, 0, 0, 0, 0, 0, 0, 0, 0], [0, 0, 0, 0, 0, 0, 0, 0, 0, 0, 0, 0, 0, 0, 0, 0, 0, 0, 0, 0, 0, 0, 0, 0, 0, 0, 0, 0, 0, 0, 0, 0], [0, 0, 0, 0, 0, 0, 0, 0, 0, 0, 0, 0, 0, 0, 0, 0, 0, 0, 0, 0, 0, 0, 0, 0, 0, 0, 0, 0, 0, 0, 0, 0], [0, 0, 0, 0, 0, 0, 0, 0, 0, 0, 0, 0, 0, 0, 0, 0, 0, 0, 0, 0, 0, 0, 0, 0, 0, 0, 0, 0, 0, 0, 0, 0], [0, 0, 0, 0, 0, 0, 0, 0, 0, 0, 0, 0, 0, 0, 0, 0, 0, 0, 0, 0, 0, 0, 0, 0, 0, 0, 0, 0, 0, 0, 0, 0], [0, 0, 0, 0, 0, 0, 0, 0, 0, 0, 0, 0, 0, 0, 0, 0, 0, 0, 0, 0, 0, 0, 0, 0, 0, 0, 0, 0, 0, 0, 0, 0], [0, 0, 0, 0, 0, 0, 0, 0, 0, 0, 0, 0, 0, 0, 0, 0, 0, 0, 0, 0, 0, 0, 0, 0, 0, 0, 0, 0, 0, 0, 0, 0], [0, 0, 0, 0, 0, 0, 0, 0, 0, 0, 0, 0, 0, 0, 0, 0, 0, 0, 0, 0, 0, 0, 0, 0, 0, 0, 0, 0, 0, 0, 0, 0], [0, 0, 0, 0, 0, 0, 0, 0, 0, 0, 0, 0, 0, 0, 0, 0, 0, 0, 0, 0, 0, 0, 0, 0, 0, 0, 0, 0, 0, 0, 0, 0], [0, 0, 0, 0, 0, 0, 0, 0, 0, 0, 0, 0, 0, 0, 0, 0, 0, 0, 0, 0, 0, 0, 0, 0, 0, 0, 0, 0, 0, 0, 0, 0], [0, 0, 0, 0, 0, 0, 0, 0, 0, 0, 0, 0, 0, 0, 0, 0, 0, 0, 0, 0, 0, 0, 0, 0, 0, 0, 0, 0, 0, 0, 0, 0], [0, 0, 0, 0, 0, 0, 0, 0, 0, 0, 0, 0, 0, 0, 0, 0, 0, 0, 0, 0, 0, 0, 0, 0, 0, 0, 0, 0, 0, 0, 0, 0], [0, 0, 0, 0, 0, 0, 0, 0, 0, 0, 0, 0, 0, 0, 0, 0, 0, 0, 0, 0, 0, 0, 0, 0, 0, 0, 0, 0, 0, 0, 0, 0], [0, 0, 0, 0, 0, 0, 0, 0, 0, 0, 0, 0, 0, 0, 0, 0, 0, 0, 0, 0, 0, 0, 0, 0, 0, 0, 0, 0, 0, 0, 0, 0], [0, 0, 0, 0, 0, 0, 0, 0, 0, 0, 0, 0, 0, 0, 0, 0, 0, 0, 0, 0, 0, 0, 0, 0, 0, 0, 0, 0, 0, 0, 0, 0], [0, 0, 0, 0, 0, 0, 0, 0, 0, 0, 0, 0, 0, 0, 0, 0, 0, 0, 0, 0, 0, 0, 0, 0, 0, 0, 0, 0, 0, 0, 0, 0], [0, 0, 0, 0, 0, 0, 0, 0, 0, 0, 0, 0, 0, 0, 0, 0, 0, 0, 0, 0, 0, 0, 0, 0, 0, 0, 0, 0, 0, 0, 0, 0], [0, 0, 0, 0, 0, 0, 0, 0, 0, 0, 0, 0, 0, 0, 0, 0, 0, 0, 0, 0, 0, 0, 0, 0, 0, 0, 0, 0, 0, 0, 0, 0], [0, 0, 0, 0, 0, 0, 0, 0, 0, 0, 0, 0, 0, 0, 0, 0, 0, 0, 0, 0, 0, 0, 0, 0, 0, 0, 0, 0, 0, 0, 0, 0], [0, 0, 0, 0, 0, 0, 0, 0, 0, 0, 0, 0, 0, 0, 0, 0, 0, 0, 0, 0, 0, 0, 0, 0, 0, 0, 0, 0, 0, 0, 0, 0], [0, 0, 0, 0, 0, 0, 0, 0, 0, 0, 0, 0, 0, 0, 0, 0, 0, 0, 0, 0, 0, 0, 0, 0, 0, 0, 0, 0, 0, 0, 0, 0], [0, 0, 0, 0, 0, 0, 0, 0, 0, 0, 0, 0, 0, 0, 0, 0, 0, 0, 0, 0, 0, 0, 0, 0, 0, 0, 0, 0, 0, 0, 0, 0], [0, 0, 0, 0, 0, 0, 0, 0, 0, 0, 0, 0, 0, 0, 0, 0, 0, 0, 0, 0, 0, 0, 0, 0, 0, 0, 0, 0, 0, 0, 0, 0], [0, 0, 0, 0, 0, 0, 0, 0, 0, 0, 0, 0, 0, 0, 0, 0, 0, 0, 0, 0, 0, 0, 0, 0, 0, 0, 0, 0, 0, 0, 0, 0], [0, 0, 0, 0, 0, 0, 0, 0, 0, 0, 0, 0, 0, 0, 0, 0, 0, 0, 0, 0, 0, 0, 0, 0, 0, 0, 0, 0, 0, 0, 0, 0], [0, 0, 0, 0, 0, 0, 0, 0, 0, 0, 0, 0, 0, 0, 0, 0, 0, 0, 0, 0, 0, 0, 0, 0, 0, 0, 0, 0, 0, 0, 0, 0], [0, 0, 0, 0, 0, 0, 0, 0, 0, 0, 0, 0, 0, 0, 0, 0, 0, 0, 0, 0, 0, 0, 0, 0, 0, 0, 0, 0, 0, 0, 0, 0], [0, 0, 0, 0, 0, 0, 0, 0, 0, 0, 0, 0, 0, 0, 0, 0, 0, 0, 0, 0, 0, 0, 0, 0, 0, 0, 0, 0, 0, 0, 0, 0], [0, 0, 0, 0, 0, 0, 0, 0, 0, 0, 0, 0, 0, 0, 0, 0, 0, 0, 0, 0, 0, 0, 0, 0, 0, 0, 0, 0, 0, 0, 0, 0], [0, 0, 0, 0, 0, 0, 0, 0, 0, 0, 0, 0, 0, 0, 0, 0, 0, 0, 0, 0, 0, 0, 0, 0, 0, 0, 0, 0, 0, 0, 0, 0], [0, 0, 0, 0, 0, 0, 0, 0, 0, 0, 0, 0, 0, 0, 0, 0, 0, 0, 0, 0, 0, 0, 0, 0, 0, 0, 0, 0, 0, 0, 0, 0], [0, 0, 0, 0, 0, 0, 0, 0, 0, 0, 0, 0, 0, 0, 0, 0, 0, 0, 0, 0, 0, 0, 0, 0, 0, 0, 0, 0, 0, 0, 0, 0], [0, 0, 0, 0, 0, 0, 0, 0, 0, 0, 0, 0, 0, 0, 0, 0, 0, 0, 0, 0, 0, 0, 0, 0, 0, 0, 0, 0, 0, 0, 0, 0], [0, 0, 0, 0, 0, 0, 0, 0, 0, 0, 0, 0, 0, 0, 0, 0, 0, 0, 0, 0, 0, 0, 0, 0, 0, 0, 0, 0, 0, 0, 0, 0], [0, 0, 0, 0, 0, 0, 0, 0, 0, 0, 0, 0, 0, 0, 0, 0, 0, 0, 0, 0, 0, 0, 0, 0, 0, 0, 0, 0, 0, 0, 0, 0], [0, 0, 0, 0, 0, 0, 0, 0, 0, 0, 0, 0, 0, 0, 0, 0, 0, 0, 0, 0, 0, 0, 0, 0, 0, 0, 0, 0, 0, 0, 0, 0], [0, 0, 0, 0, 0, 0, 0, 0, 0, 0, 0, 0, 0, 0, 0, 0, 0, 0, 0, 0, 0, 0, 0, 0, 0, 0, 0, 0, 0, 0, 0, 0], [0, 0, 0, 0, 0, 0, 0, 0, 0, 0, 0, 0, 0, 0, 0, 0, 0, 0, 0, 0, 0, 0, 0, 0, 0, 0, 0, 0, 0, 0, 0, 0], [0, 0, 0, 0, 0, 0, 0, 0, 0, 0, 0, 0, 0, 0, 0, 0, 0, 0, 0, 0, 0, 0, 0, 0, 0, 0, 0, 0, 0, 0, 0, 0], [0, 0, 0, 0, 0, 0, 0, 0, 0, 0, 0, 0, 0, 0, 0, 0, 0, 0, 0, 0, 0, 0, 0, 0, 0, 0, 0, 0, 0, 0, 0, 0], [0, 0, 0, 0, 0, 0, 0, 0, 0, 0, 0, 0, 0, 0, 0, 0, 0, 0, 0, 0, 0, 0, 0, 0, 0, 0, 0, 0, 0, 0, 0, 0], [0, 0, 0, 0, 0, 0, 0, 0, 0, 0, 0, 0, 0, 0, 0, 0, 0, 0, 0, 0, 0, 0, 0, 0, 0, 0, 0, 0, 0, 0, 0, 0], [0, 0, 0, 0, 0, 0, 0, 0, 0, 0, 0, 0, 0, 0, 0, 0, 0, 0, 0, 0, 0, 0, 0, 0, 0, 0, 0, 0, 0, 0, 0, 0], [0, 0, 0, 0, 0, 0, 0, 0, 0, 0, 0, 0, 0, 0, 0, 0, 0, 0, 0, 0, 0, 0, 0, 0, 0, 0, 0, 0, 0, 0, 0, 0], [0, 0, 0, 0, 0, 0, 0, 0, 0, 0, 0, 0, 0, 0, 0, 0, 0, 0, 0, 0, 0, 0, 0, 0, 0, 0, 0, 0, 0, 0, 0, 0], [0, 0, 0, 0, 0, 0, 0, 0, 0, 0, 0, 0, 0, 0, 0, 0, 0, 0, 0, 0, 0, 0, 0, 0, 0, 0, 0, 0, 0, 0, 0, 0], [0, 0, 0, 0, 0, 0, 0, 0, 0, 0, 0, 0, 0, 0, 0, 0, 0, 0, 0, 0, 0, 0, 0, 0, 0, 0, 0, 0, 0, 0, 0, 0], [0, 0, 0, 0, 0, 0, 0, 0, 0, 0, 0, 0, 0, 0, 0, 0, 0, 0, 0, 0, 0, 0, 0, 0, 0, 0, 0, 0, 0, 0, 0, 0], [0, 0, 0, 0, 0, 0, 0, 0, 0, 0, 0, 0, 0, 0, 0, 0, 0, 0, 0, 0, 0, 0, 0, 0, 0, 0, 0, 0, 0, 0, 0, 0], [0, 0, 0, 0, 0, 0, 0, 0, 0, 0, 0, 0, 0, 0, 0, 0, 0, 0, 0, 0, 0, 0, 0, 0, 0, 0, 0, 0, 0, 0, 0, 0], [0, 0, 0, 0, 0, 0, 0, 0, 0, 0, 0, 0, 0, 0, 0, 0, 0, 0, 0, 0, 0, 0, 0, 0, 0, 0, 0, 0, 0, 0, 0, 0], [0, 0, 0, 0, 0, 0, 0, 0, 0, 0, 0, 0, 0, 0, 0, 0, 0, 0, 0, 0, 0, 0, 0, 0, 0, 0, 0, 0, 0, 0, 0, 0], [0, 0, 0, 0, 0, 0, 0, 0, 0, 0, 0, 0, 0, 0, 0, 0, 0, 0, 0, 0, 0, 0, 0, 0, 0, 0, 0, 0, 0, 0, 0, 0], [0, 0, 0, 0, 0, 0, 0, 0, 0, 0, 0, 0, 0, 0, 0, 0, 0, 0, 0, 0, 0, 0, 0, 0, 0, 0, 0, 0, 0, 0, 0, 0], [0, 0, 0, 0, 0, 0, 0, 0, 0, 0, 0, 0, 0, 0, 0, 0, 0, 0, 0, 0, 0, 0, 0, 0, 0, 0, 0, 0, 0, 0, 0, 0], [0, 0, 0, 0, 0, 0, 0, 0, 0, 0, 0, 0, 0, 0, 0, 0, 0, 0, 0, 0, 0, 0, 0, 0, 0, 0, 0, 0, 0, 0, 0, 0], [0, 0, 0, 0, 0, 0, 0, 0, 0, 0, 0, 0, 0, 0, 0, 0, 0, 0, 0, 0, 0, 0, 0, 0, 0, 0, 0, 0, 0, 0, 0, 0], [0, 0, 0, 0, 0, 0, 0, 0, 0, 0, 0, 0, 0, 0, 0, 0, 0, 0, 0, 0, 0, 0, 0, 0, 0, 0, 0, 0, 0, 0, 0, 0], [0, 0, 0, 0, 0, 0, 0, 0, 0, 0, 0, 0, 0, 0, 0, 0, 0, 0, 0, 0, 0, 0, 0, 0, 0, 0, 0, 0, 0, 0, 0, 0], [0, 0, 0, 0, 0, 0, 0, 0, 0, 0, 0, 0, 0, 0, 0, 0, 0, 0, 0, 0, 0, 0, 0, 0, 0, 0, 0, 0, 0, 0, 0, 0], [0, 0, 0, 0, 0, 0, 0, 0, 0, 0, 0, 0, 0, 0, 0, 0, 0, 0, 0, 0, 0, 0, 0, 0, 0, 0, 0, 0, 0, 0, 0, 0], [0, 0, 0, 0, 0, 0, 0, 0, 0, 0, 0, 0, 0, 0, 0, 0, 0, 0, 0, 0, 0, 0, 0, 0, 0, 0, 0, 0, 0, 0, 0, 0], [0, 0, 0, 0, 0, 0, 0, 0, 0, 0, 0, 0, 0, 0, 0, 0, 0, 0, 0, 0, 0, 0, 0, 0, 0, 0, 0, 0, 0, 0, 0, 0], [0, 0, 0, 0, 0, 0, 0, 0, 0, 0, 0, 0, 0, 0, 0, 0, 0, 0, 0, 0, 0, 0, 0, 0, 0, 0, 0, 0, 0, 0, 0, 0], [0, 0, 0, 0, 0, 0, 0, 0, 0, 0, 0, 0, 0, 0, 0, 0, 0, 0, 0, 0, 0, 0, 0, 0, 0, 0, 0, 0, 0, 0, 0, 0], [0, 0, 0, 0, 0, 0, 0, 0, 0, 0, 0, 0, 0, 0, 0, 0, 0, 0, 0, 0, 0, 0, 0, 0, 0, 0, 0, 0, 0, 0, 0, 0], [0, 0, 0, 0, 0, 0, 0, 0, 0, 0, 0, 0, 0, 0, 0, 0, 0, 0, 0, 0, 0, 0, 0, 0, 0, 0, 0, 0, 0, 0, 0, 0], [0, 0, 0, 0, 0, 0, 0, 0, 0, 0, 0, 0, 0, 0, 0, 0, 0, 0, 0, 0, 0, 0, 0, 0, 0, 0, 0, 0, 0, 0, 0, 0], [0, 0, 0, 0, 0, 0, 0, 0, 0, 0, 0, 0, 0, 0, 0, 0, 0, 0, 0, 0, 0, 0, 0, 0, 0, 0, 0, 0, 0, 0, 0, 0], [0, 0, 0, 0, 0, 0, 0, 0, 0, 0, 0, 0, 0, 0, 0, 0, 0, 0, 0, 0, 0, 0, 0, 0, 0, 0, 0, 0, 0, 0, 0, 0], [0, 0, 0, 0, 0, 0, 0, 0, 0, 0, 0, 0, 0, 0, 0, 0, 0, 0, 0, 0, 0, 0, 0, 0, 0, 0, 0, 0, 0, 0, 0, 0], [0, 0, 0, 0, 0, 0, 0, 0, 0, 0, 0, 0, 0, 0, 0, 0, 0, 0, 0, 0, 0, 0, 0, 0, 0, 0, 0, 0, 0, 0, 0, 0], [0, 0, 0, 0, 0, 0, 0, 0, 0, 0, 0, 0, 0, 0, 0, 0, 0, 0, 0, 0, 0, 0, 0, 0, 0, 0, 0, 0, 0, 0, 0, 0], [0, 0, 0, 0, 0, 0, 0, 0, 0, 0, 0, 0, 0, 0, 0, 0, 0, 0, 0, 0, 0, 0, 0, 0, 0, 0, 0, 0, 0, 0, 0, 0], [0, 0, 0, 0, 0, 0, 0, 0, 0, 0, 0, 0, 0, 0, 0, 0, 0, 0, 0, 0, 0, 0, 0, 0, 0, 0, 0, 0, 0, 0, 0, 0], [0, 0, 0, 0, 0, 0, 0, 0, 0, 0, 0, 0, 0, 0, 0, 0, 0, 0, 0, 0, 0, 0, 0, 0, 0, 0, 0, 0, 0, 0, 0, 0], [0, 0, 0, 0, 0, 0, 0, 0, 0, 0, 0, 0, 0, 0, 0, 0, 0, 0, 0, 0, 0, 0, 0, 0, 0, 0, 0, 0, 0, 0, 0, 0], [0, 0, 0, 0, 0, 0, 0, 0, 0, 0, 0, 0, 0, 0, 0, 0, 0, 0, 0, 0, 0, 0, 0, 0, 0, 0, 0, 0, 0, 0, 0, 0], [0, 0, 0, 0, 0, 0, 0, 0, 0, 0, 0, 0, 0, 0, 0, 0, 0, 0, 0, 0, 0, 0, 0, 0, 0, 0, 0, 0, 0, 0, 0, 0], [0, 0, 0, 0, 0, 0, 0, 0, 0, 0, 0, 0, 0, 0, 0, 0, 0, 0, 0, 0, 0, 0, 0, 0, 0, 0, 0, 0, 0, 0, 0, 0], [0, 0, 0, 0, 0, 0, 0, 0, 0, 0, 0, 0, 0, 0, 0, 0, 0, 0, 0, 0, 0, 0, 0, 0, 0, 0, 0, 0, 0, 0, 0, 0], [0, 0, 0, 0, 0, 0, 0, 0, 0, 0, 0, 0, 0, 0, 0, 0, 0, 0, 0, 0, 0, 0, 0, 0, 0, 0, 0, 0, 0, 0, 0, 0], [0, 0, 0, 0, 0, 0, 0, 0, 0, 0, 0, 0, 0, 0, 0, 0, 0, 0, 0, 0, 0, 0, 0, 0, 0, 0, 0, 0, 0, 0, 0, 0], [0, 0, 0, 0, 0, 0, 0, 0, 0, 0, 0, 0, 0, 0, 0, 0, 0, 0, 0, 0, 0, 0, 0, 0, 0, 0, 0, 0, 0, 0, 0, 0], [0, 0, 0, 0, 0, 0, 0, 0, 0, 0, 0, 0, 0, 0, 0, 0, 0, 0, 0, 0, 0, 0, 0, 0, 0, 0, 0, 0, 0, 0, 0, 0], [0, 0, 0, 0, 0, 0, 0, 0, 0, 0, 0, 0, 0, 0, 0, 0, 0, 0, 0, 0, 0, 0, 0, 0, 0, 0, 0, 0, 0, 0, 0, 0], [0, 0, 0, 0, 0, 0, 0, 0, 0, 0, 0, 0, 0, 0, 0, 0, 0, 0, 0, 0, 0, 0, 0, 0, 0, 0, 0, 0, 0, 0, 0, 0], [0, 0, 0, 0, 0, 0, 0, 0, 0, 0, 0, 0, 0, 0, 0, 0, 0, 0, 0, 0, 0, 0, 0, 0, 0, 0, 0, 0, 0, 0, 0, 0], [0, 0, 0, 0, 0, 0, 0, 0, 0, 0, 0, 0, 0, 0, 0, 0, 0, 0, 0, 0, 0, 0, 0, 0, 0, 0, 0, 0, 0, 0, 0, 0], [0, 0, 0, 0, 0, 0, 0, 0, 0, 0, 0, 0, 0, 0, 0, 0, 0, 0, 0, 0, 0, 0, 0, 0, 0, 0, 0, 0, 0, 0, 0, 0], [0, 0, 0, 0, 0, 0, 0, 0, 0, 0, 0, 0, 0, 0, 0, 0, 0, 0, 0, 0, 0, 0, 0, 0, 0, 0, 0, 0, 0, 0, 0, 0], [0, 0, 0, 0, 0, 0, 0, 0, 0, 0, 0, 0, 0, 0, 0, 0, 0, 0, 0, 0, 0, 0, 0, 0, 0, 0, 0, 0, 0, 0, 0, 0], [0, 0, 0, 0, 0, 0, 0, 0, 0, 0, 0, 0, 0, 0, 0, 0, 0, 0, 0, 0, 0, 0, 0, 0, 0, 0, 0, 0, 0, 0, 0, 0], [0, 0, 0, 0, 0, 0, 0, 0, 0, 0, 0, 0, 0, 0, 0, 0, 0, 0, 0, 0, 0, 0, 0, 0, 0, 0, 0, 0, 0, 0, 0, 0], [0, 0, 0, 0, 0, 0, 0, 0, 0, 0, 0, 0, 0, 0, 0, 0, 0, 0, 0, 0, 0, 0, 0, 0, 0, 0, 0, 0, 0, 0, 0, 0], [0, 0, 0, 0, 0, 0, 0, 0, 0, 0, 0, 0, 0, 0, 0, 0, 0, 0, 0, 0, 0, 0, 0, 0, 0, 0, 0, 0, 0, 0, 0, 0], [0, 0, 0, 0, 0, 0, 0, 0, 0, 0, 0, 0, 0, 0, 0, 0, 0, 0, 0, 0, 0, 0, 0, 0, 0, 0, 0, 0, 0, 0, 0, 0], [0, 0, 0, 0, 0, 0, 0, 0, 0, 0, 0, 0, 0, 0, 0, 0, 0, 0, 0, 0, 0, 0, 0, 0, 0, 0, 0, 0, 0, 0, 0, 0], [0, 0, 0, 0, 0, 0, 0, 0, 0, 0, 0, 0, 0, 0, 0, 0, 0, 0, 0, 0, 0, 0, 0, 0, 0, 0, 0, 0, 0, 0, 0, 0], [0, 0, 0, 0, 0, 0, 0, 0, 0, 0, 0, 0, 0, 0, 0, 0, 0, 0, 0, 0, 0, 0, 0, 0, 0, 0, 0, 0, 0, 0, 0, 0], [0, 0, 0, 0, 0, 0, 0, 0, 0, 0, 0, 0, 0, 0, 0, 0, 0, 0, 0, 0, 0, 0, 0, 0, 0, 0, 0, 0, 0, 0, 0, 0], [0, 0, 0, 0, 0, 0, 0, 0, 0, 0, 0, 0, 0, 0, 0, 0, 0, 0, 0, 0, 0, 0, 0, 0, 0, 0, 0, 0, 0, 0, 0, 0], [0, 0, 0, 0, 0, 0, 0, 0, 0, 0, 0, 0, 0, 0, 0, 0, 0, 0, 0, 0, 0, 0, 0, 0, 0, 0, 0, 0, 0, 0, 0, 0], [0, 0, 0, 0, 0, 0, 0, 0, 0, 0, 0, 0, 0, 0, 0, 0, 0, 0, 0, 0, 0, 0, 0, 0, 0, 0, 0, 0, 0, 0, 0, 0], [0, 0, 0, 0, 0, 0, 0, 0, 0, 0, 0, 0, 0, 0, 0, 0, 0, 0, 0, 0, 0, 0, 0, 0, 0, 0, 0, 0, 0, 0, 0, 0], [0, 0, 0, 0, 0, 0, 0, 0, 0, 0, 0, 0, 0, 0, 0, 0, 0, 0, 0, 0, 0, 0, 0, 0, 0, 0, 0, 0, 0, 0, 0, 0], [0, 0, 0, 0, 0, 0, 0, 0, 0, 0, 0, 0, 0, 0, 0, 0, 0, 0, 0, 0, 0, 0, 0, 0, 0, 0, 0, 0, 0, 0, 0, 0], [0, 0, 0, 0, 0, 0, 0, 0, 0, 0, 0, 0, 0, 0, 0, 0, 0, 0, 0, 0, 0, 0, 0, 0, 0, 0, 0, 0, 0, 0, 0, 0], [0, 0, 0, 0, 0, 0, 0, 0, 0, 0, 0, 0, 0, 0, 0, 0, 0, 0, 0, 0, 0, 0, 0, 0, 0, 0, 0, 0, 0, 0, 0, 0], [0, 0, 0, 0, 0, 0, 0, 0, 0, 0, 0, 0, 0, 0, 0, 0, 0, 0, 0, 0, 0, 0, 0, 0, 0, 0, 0, 0, 0, 0, 0, 0], [0, 0, 0, 0, 0, 0, 0, 0, 0, 0, 0, 0, 0, 0, 0, 0, 0, 0, 0, 0, 0, 0, 0, 0, 0, 0, 0, 0, 0, 0, 0, 0], [0, 0, 0, 0, 0, 0, 0, 0, 0, 0, 0, 0, 0, 0, 0, 0, 0, 0, 0, 0, 0, 0, 0, 0, 0, 0, 0, 0, 0, 0, 0, 0], [0, 0, 0, 0, 0, 0, 0, 0, 0, 0, 0, 0, 0, 0, 0, 0, 0, 0, 0, 0, 0, 0, 0, 0, 0, 0, 0, 0, 0, 0, 0, 0], [0, 0, 0, 0, 0, 0, 0, 0, 0, 0, 0, 0, 0, 0, 0, 0, 0, 0, 0, 0, 0, 0, 0, 0, 0, 0, 0, 0, 0, 0, 0, 0], [0, 0, 0, 0, 0, 0, 0, 0, 0, 0, 0, 0, 0, 0, 0, 0, 0, 0, 0, 0, 0, 0, 0, 0, 0, 0, 0, 0, 0, 0, 0, 0], [0, 0, 0, 0, 0, 0, 0, 0, 0, 0, 0, 0, 0, 0, 0, 0, 0, 0, 0, 0, 0, 0, 0, 0, 0, 0, 0, 0, 0, 0, 0, 0], [0, 0, 0, 0, 0, 0, 0, 0, 0, 0, 0, 0, 0, 0, 0, 0, 0, 0, 0, 0, 0, 0, 0, 0, 0, 0, 0, 0, 0, 0, 0, 0], [0, 0, 0, 0, 0, 0, 0, 0, 0, 0, 0, 0, 0, 0, 0, 0, 0, 0, 0, 0, 0, 0, 0, 0, 0, 0, 0, 0, 0, 0, 0, 0], [0, 0, 0, 0, 0, 0, 0, 0, 0, 0, 0, 0, 0, 0, 0, 0, 0, 0, 0, 0, 0, 0, 0, 0, 0, 0, 0, 0, 0, 0, 0, 0], [0, 0, 0, 0, 0, 0, 0, 0, 0, 0, 0, 0, 0, 0, 0, 0, 0, 0, 0, 0, 0, 0, 0, 0, 0, 0, 0, 0, 0, 0, 0, 0], [0, 0, 0, 0, 0, 0, 0, 0, 0, 0, 0, 0, 0, 0, 0, 0, 0, 0, 0, 0, 0, 0, 0, 0, 0, 0, 0, 0, 0, 0, 0, 0], [0, 0, 0, 0, 0, 0, 0, 0, 0, 0, 0, 0, 0, 0, 0, 0, 0, 0, 0, 0, 0, 0, 0, 0, 0, 0, 0, 0, 0, 0, 0, 0], [0, 0, 0, 0, 0, 0, 0, 0, 0, 0, 0, 0, 0, 0, 0, 0, 0, 0, 0, 0, 0, 0, 0, 0, 0, 0, 0, 0, 0, 0, 0, 0], [0, 0, 0, 0, 0, 0, 0, 0, 0, 0, 0, 0, 0, 0, 0, 0, 0, 0, 0, 0, 0, 0, 0, 0, 0, 0, 0, 0, 0, 0, 0, 0], [0, 0, 0, 0, 0, 0, 0, 0, 0, 0, 0, 0, 0, 0, 0, 0, 0, 0, 0, 0, 0, 0, 0, 0, 0, 0, 0, 0, 0, 0, 0, 0], [0, 0, 0, 0, 0, 0, 0, 0, 0, 0, 0, 0, 0, 0, 0, 0, 0, 0, 0, 0, 0, 0, 0, 0, 0, 0, 0, 0, 0, 0, 0, 0], [0, 0, 0, 0, 0, 0, 0, 0, 0, 0, 0, 0, 0, 0, 0, 0, 0, 0, 0, 0, 0, 0, 0, 0, 0, 0, 0, 0, 0, 0, 0, 0], [0, 0, 0, 0, 0, 0, 0, 0, 0, 0, 0, 0, 0, 0, 0, 0, 0, 0, 0, 0, 0, 0, 0, 0, 0, 0, 0, 0, 0, 0, 0, 0], [0, 0, 0, 0, 0, 0, 0, 0, 0, 0, 0, 0, 0, 0, 0, 0, 0, 0, 0, 0, 0, 0, 0, 0, 0, 0, 0, 0, 0, 0, 0, 0], [0, 0, 0, 0, 0, 0, 0, 0, 0, 0, 0, 0, 0, 0, 0, 0, 0, 0, 0, 0, 0, 0, 0, 0, 0, 0, 0, 0, 0, 0, 0, 0], [0, 0, 0, 0, 0, 0, 0, 0, 0, 0, 0, 0, 0, 0, 0, 0, 0, 0, 0, 0, 0, 0, 0, 0, 0, 0, 0, 0, 0, 0, 0, 0], [0, 0, 0, 0, 0, 0, 0, 0, 0, 0, 0, 0, 0, 0, 0, 0, 0, 0, 0, 0, 0, 0, 0, 0, 0, 0, 0, 0, 0, 0, 0, 0], [0, 0, 0, 0, 0, 0, 0, 0, 0, 0, 0, 0, 0, 0, 0, 0, 0, 0, 0, 0, 0, 0, 0, 0, 0, 0, 0, 0, 0, 0, 0, 0], [0, 0, 0, 0, 0, 0, 0, 0, 0, 0, 0, 0, 0, 0, 0, 0, 0, 0, 0, 0, 0, 0, 0, 0, 0, 0, 0, 0, 0, 0, 0, 0], [0, 0, 0, 0, 0, 0, 0, 0, 0, 0, 0, 0, 0, 0, 0, 0, 0, 0, 0, 0, 0, 0, 0, 0, 0, 0, 0, 0, 0, 0, 0, 0], [0, 0, 0, 0, 0, 0, 0, 0, 0, 0, 0, 0, 0, 0, 0, 0, 0, 0, 0, 0, 0, 0, 0, 0, 0, 0, 0, 0, 0, 0, 0, 0], [0, 0, 0, 0, 0, 0, 0, 0, 0, 0, 0, 0, 0, 0, 0, 0, 0, 0, 0, 0, 0, 0, 0, 0, 0, 0, 0, 0, 0, 0, 0, 0], [0, 0, 0, 0, 0, 0, 0, 0, 0, 0, 0, 0, 0, 0, 0, 0, 0, 0, 0, 0, 0, 0, 0, 0, 0, 0, 0, 0, 0, 0, 0, 0], [0, 0, 0, 0, 0, 0, 0, 0, 0, 0, 0, 0, 0, 0, 0, 0, 0, 0, 0, 0, 0, 0, 0, 0, 0, 0, 0, 0, 0, 0, 0, 0], [0, 0, 0, 0, 0, 0, 0, 0, 0, 0, 0, 0, 0, 0, 0, 0, 0, 0, 0, 0, 0, 0, 0, 0, 0, 0, 0, 0, 0, 0, 0, 0], [0, 0, 0, 0, 0, 0, 0, 0, 0, 0, 0, 0, 0, 0, 0, 0, 0, 0, 0, 0, 0, 0, 0, 0, 0, 0, 0, 0, 0, 0, 0, 0], [0, 0, 0, 0, 0, 0, 0, 0, 0, 0, 0, 0, 0, 0, 0, 0, 0, 0, 0, 0, 0, 0, 0, 0, 0, 0, 0, 0, 0, 0, 0, 0], [0, 0, 0, 0, 0, 0, 0, 0, 0, 0, 0, 0, 0, 0, 0, 0, 0, 0, 0, 0, 0, 0, 0, 0, 0, 0, 0, 0, 0, 0, 0, 0], [0, 0, 0, 0, 0, 0, 0, 0, 0, 0, 0, 0, 0, 0, 0, 0, 0, 0, 0, 0, 0, 0, 0, 0, 0, 0, 0, 0, 0, 0, 0, 0], [0, 0, 0, 0, 0, 0, 0, 0, 0, 0, 0, 0, 0, 0, 0, 0, 0, 0, 0, 0, 0, 0, 0, 0, 0, 0, 0, 0, 0, 0, 0, 0], [0, 0, 0, 0, 0, 0, 0, 0, 0, 0, 0, 0, 0, 0, 0, 0, 0, 0, 0, 0, 0, 0, 0, 0, 0, 0, 0, 0, 0, 0, 0, 0], [0, 0, 0, 0, 0, 0, 0, 0, 0, 0, 0, 0, 0, 0, 0, 0, 0, 0, 0, 0, 0, 0, 0, 0, 0, 0, 0, 0, 0, 0, 0, 0], [0, 0, 0, 0, 0, 0, 0, 0, 0, 0, 0, 0, 0, 0, 0, 0, 0, 0, 0, 0, 0, 0, 0, 0, 0, 0, 0, 0, 0, 0, 0, 0], [0, 0, 0, 0, 0, 0, 0, 0, 0, 0, 0, 0, 0, 0, 0, 0, 0, 0, 0, 0, 0, 0, 0, 0, 0, 0, 0, 0, 0, 0, 0, 0], [0, 0, 0, 0, 0, 0, 0, 0, 0, 0, 0, 0, 0, 0, 0, 0, 0, 0, 0, 0, 0, 0, 0, 0, 0, 0, 0, 0, 0, 0, 0, 0], [0, 0, 0, 0, 0, 0, 0, 0, 0, 0, 0, 0, 0, 0, 0, 0, 0, 0, 0, 0, 0, 0, 0, 0, 0, 0, 0, 0, 0, 0, 0, 0], [0, 0, 0, 0, 0, 0, 0, 0, 0, 0, 0, 0, 0, 0, 0, 0, 0, 0, 0, 0, 0, 0, 0, 0, 0, 0, 0, 0, 0, 0, 0, 0], [0, 0, 0, 0, 0, 0, 0, 0, 0, 0, 0, 0, 0, 0, 0, 0, 0, 0, 0, 0, 0, 0, 0, 0, 0, 0, 0, 0, 0, 0, 0, 0], [0, 0, 0, 0, 0, 0, 0, 0, 0, 0, 0, 0, 0, 0, 0, 0, 0, 0, 0, 0, 0, 0, 0, 0, 0, 0, 0, 0, 0, 0, 0, 0], [0, 0, 0, 0, 0, 0, 0, 0, 0, 0, 0, 0, 0, 0, 0, 0, 0, 0, 0, 0, 0, 0, 0, 0, 0, 0, 0, 0, 0, 0, 0, 0], [0, 0, 0, 0, 0, 0, 0, 0, 0, 0, 0, 0, 0, 0, 0, 0, 0, 0, 0, 0, 0, 0, 0, 0, 0, 0, 0, 0, 0, 0, 0, 0], [0, 0, 0, 0, 0, 0, 0, 0, 0, 0, 0, 0, 0, 0, 0, 0, 0, 0, 0, 0, 0, 0, 0, 0, 0, 0, 0, 0, 0, 0, 0, 0], [0, 0, 0, 0, 0, 0, 0, 0, 0, 0, 0, 0, 0, 0, 0, 0, 0, 0, 0, 0, 0, 0, 0, 0, 0, 0, 0, 0, 0, 0, 0, 0], [0, 0, 0, 0, 0, 0, 0, 0, 0, 0, 0, 0, 0, 0, 0, 0, 0, 0, 0, 0, 0, 0, 0, 0, 0, 0, 0, 0, 0, 0, 0, 0], [0, 0, 0, 0, 0, 0, 0, 0, 0, 0, 0, 0, 0, 0, 0, 0, 0, 0, 0, 0, 0, 0, 0, 0, 0, 0, 0, 0, 0, 0, 0, 0], [0, 0, 0, 0, 0, 0, 0, 0, 0, 0, 0, 0, 0, 0, 0, 0, 0, 0, 0, 0, 0, 0, 0, 0, 0, 0, 0, 0, 0, 0, 0, 0], [0, 0, 0, 0, 0, 0, 0, 0, 0, 0, 0, 0, 0, 0, 0, 0, 0, 0, 0, 0, 0, 0, 0, 0, 0, 0, 0, 0, 0, 0, 0, 0], [0, 0, 0, 0, 0, 0, 0, 0, 0, 0, 0, 0, 0, 0, 0, 0, 0, 0, 0, 0, 0, 0, 0, 0, 0, 0, 0, 0, 0, 0, 0, 0], [0, 0, 0, 0, 0, 0, 0, 0, 0, 0, 0, 0, 0, 0, 0, 0, 0, 0, 0, 0, 0, 0, 0, 0, 0, 0, 0, 0, 0, 0, 0, 0], [0, 0, 0, 0, 0, 0, 0, 0, 0, 0, 0, 0, 0, 0, 0, 0, 0, 0, 0, 0, 0, 0, 0, 0, 0, 0, 0, 0, 0, 0, 0, 0], [0, 0, 0, 0, 0, 0, 0, 0, 0, 0, 0, 0, 0, 0, 0, 0, 0, 0, 0, 0, 0, 0, 0, 0, 0, 0, 0, 0, 0, 0, 0, 0], [0, 0, 0, 0, 0, 0, 0, 0, 0, 0, 0, 0, 0, 0, 0, 0, 0, 0, 0, 0, 0, 0, 0, 0, 0, 0, 0, 0, 0, 0, 0, 0], [0, 0, 0, 0, 0, 0, 0, 0, 0, 0, 0, 0, 0, 0, 0, 0, 0, 0, 0, 0, 0, 0, 0, 0, 0, 0, 0, 0, 0, 0, 0, 0], [0, 0, 0, 0, 0, 0, 0, 0, 0, 0, 0, 0, 0, 0, 0, 0, 0, 0, 0, 0, 0, 0, 0, 0, 0, 0, 0, 0, 0, 0, 0, 0], [0, 0, 0, 0, 0, 0, 0, 0, 0, 0, 0, 0, 0, 0, 0, 0, 0, 0, 0, 0, 0, 0, 0, 0, 0, 0, 0, 0, 0, 0, 0, 0], [0, 0, 0, 0, 0, 0, 0, 0, 0, 0, 0, 0, 0, 0, 0, 0, 0, 0, 0, 0, 0, 0, 0, 0, 0, 0, 0, 0, 0, 0, 0, 0], [0, 0, 0, 0, 0, 0, 0, 0, 0, 0, 0, 0, 0, 0, 0, 0, 0, 0, 0, 0, 0, 0, 0, 0, 0, 0, 0, 0, 0, 0, 0, 0], [0, 0, 0, 0, 0, 0, 0, 0, 0, 0, 0, 0, 0, 0, 0, 0, 0, 0, 0, 0, 0, 0, 0, 0, 0, 0, 0, 0, 0, 0, 0, 0], [0, 0, 0, 0, 0, 0, 0, 0, 0, 0, 0, 0, 0, 0, 0, 0, 0, 0, 0, 0, 0, 0, 0, 0, 0, 0, 0, 0, 0, 0, 0, 0], [0, 0, 0, 0, 0, 0, 0, 0, 0, 0, 0, 0, 0, 0, 0, 0, 0, 0, 0, 0, 0, 0, 0, 0, 0, 0, 0, 0, 0, 0, 0, 0], [0, 0, 0, 0, 0, 0, 0, 0, 0, 0, 0, 0, 0, 0, 0, 0, 0, 0, 0, 0, 0, 0, 0, 0, 0, 0, 0, 0, 0, 0, 0, 0], [0, 0, 0, 0, 0, 0, 0, 0, 0, 0, 0, 0, 0, 0, 0, 0, 0, 0, 0, 0, 0, 0, 0, 0, 0, 0, 0, 0, 0, 0, 0, 0], [0, 0, 0, 0, 0, 0, 0, 0, 0, 0, 0, 0, 0, 0, 0, 0, 0, 0, 0, 0, 0, 0, 0, 0, 0, 0, 0, 0, 0, 0, 0, 0], [0, 0, 0, 0, 0, 0, 0, 0, 0, 0, 0, 0, 0, 0, 0, 0, 0, 0, 0, 0, 0, 0, 0, 0, 0, 0, 0, 0, 0, 0, 0, 0], [0, 0, 0, 0, 0, 0, 0, 0, 0, 0, 0, 0, 0, 0, 0, 0, 0, 0, 0, 0, 0, 0, 0, 0, 0, 0, 0, 0, 0, 0, 0, 0], [0, 0, 0, 0, 0, 0, 0, 0, 0, 0, 0, 0, 0, 0, 0, 0, 0, 0, 0, 0, 0, 0, 0, 0, 0, 0, 0, 0, 0, 0, 0, 0], [0, 0, 0, 0, 0, 0, 0, 0, 0, 0, 0, 0, 0, 0, 0, 0, 0, 0, 0, 0, 0, 0, 0, 0, 0, 0, 0, 0, 0, 0, 0, 0], [0, 0, 0, 0, 0, 0, 0, 0, 0, 0, 0, 0, 0, 0, 0, 0, 0, 0, 0, 0, 0, 0, 0, 0, 0, 0, 0, 0, 0, 0, 0, 0], [0, 0, 0, 0, 0, 0, 0, 0, 0, 0, 0, 0, 0, 0, 0, 0, 0, 0, 0, 0, 0, 0, 0, 0, 0, 0, 0, 0, 0, 0, 0, 0], [0, 0, 0, 0, 0, 0, 0, 0, 0, 0, 0, 0, 0, 0, 0, 0, 0, 0, 0, 0, 0, 0, 0, 0, 0, 0, 0, 0, 0, 0, 0, 0], [0, 0, 0, 0, 0, 0, 0, 0, 0, 0, 0, 0, 0, 0, 0, 0, 0, 0, 0, 0, 0, 0, 0, 0, 0, 0, 0, 0, 0, 0, 0, 0], [0, 0, 0, 0, 0, 0, 0, 0, 0, 0, 0, 0, 0, 0, 0, 0, 0, 0, 0, 0, 0, 0, 0, 0, 0, 0, 0, 0, 0, 0, 0, 0], [0, 0, 0, 0, 0, 0, 0, 0, 0, 0, 0, 0, 0, 0, 0, 0, 0, 0, 0, 0, 0, 0, 0, 0, 0, 0, 0, 0, 0, 0, 0, 0], [0, 0, 0, 0, 0, 0, 0, 0, 0, 0, 0, 0, 0, 0, 0, 0, 0, 0, 0, 0, 0, 0, 0, 0, 0, 0, 0, 0, 0, 0, 0, 0], [0, 0, 0, 0, 0, 0, 0, 0, 0, 0, 0, 0, 0, 0, 0, 0, 0, 0, 0, 0, 0, 0, 0, 0, 0, 0, 0, 0, 0, 0, 0, 0], [0, 0, 0, 0, 0, 0, 0, 0, 0, 0, 0, 0, 0, 0, 0, 0, 0, 0, 0, 0, 0, 0, 0, 0, 0, 0, 0, 0, 0, 0, 0, 0], [0, 0, 0, 0, 0, 0, 0, 0, 0, 0, 0, 0, 0, 0, 0, 0, 0, 0, 0, 0, 0, 0, 0, 0, 0, 0, 0, 0, 0, 0, 0, 0], [0, 0, 0, 0, 0, 0, 0, 0, 0, 0, 0, 0, 0, 0, 0, 0, 0, 0, 0, 0, 0, 0, 0, 0, 0, 0, 0, 0, 0, 0, 0, 0], [0, 0, 0, 0, 0, 0, 0, 0, 0, 0, 0, 0, 0, 0, 0, 0, 0, 0, 0, 0, 0, 0, 0, 0, 0, 0, 0, 0, 0, 0, 0, 0], [0, 0, 0, 0, 0, 0, 0, 0, 0, 0, 0, 0, 0, 0, 0, 0, 0, 0, 0, 0, 0, 0, 0, 0, 0, 0, 0, 0, 0, 0, 0, 0], [0, 0, 0, 0, 0, 0, 0, 0, 0, 0, 0, 0, 0, 0, 0, 0, 0, 0, 0, 0, 0, 0, 0, 0, 0, 0, 0, 0, 0, 0, 0, 0], [0, 0, 0, 0, 0, 0, 0, 0, 0, 0, 0, 0, 0, 0, 0, 0, 0, 0, 0, 0, 0, 0, 0, 0, 0, 0, 0, 0, 0, 0, 0, 0], [0, 0, 0, 0, 0, 0, 0, 0, 0, 0, 0, 0, 0, 0, 0, 0, 0, 0, 0, 0, 0, 0, 0, 0, 0, 0, 0, 0, 0, 0, 0, 0], [0, 0, 0, 0, 0, 0, 0, 0, 0, 0, 0, 0, 0, 0, 0, 0, 0, 0, 0, 0, 0, 0, 0, 0, 0, 0, 0, 0, 0, 0, 0, 0], [0, 0, 0, 0, 0, 0, 0, 0, 0, 0, 0, 0, 0, 0, 0, 0, 0, 0, 0, 0, 0, 0, 0, 0, 0, 0, 0, 0, 0, 0, 0, 0], [0, 0, 0, 0, 0, 0, 0, 0, 0, 0, 0, 0, 0, 0, 0, 0, 0, 0, 0, 0, 0, 0, 0, 0, 0, 0, 0, 0, 0, 0, 0, 0], [0, 0, 0, 0, 0, 0, 0, 0, 0, 0, 0, 0, 0, 0, 0, 0, 0, 0, 0, 0, 0, 0, 0, 0, 0, 0, 0, 0, 0, 0, 0, 0], [0, 0, 0, 0, 0, 0, 0, 0, 0, 0, 0, 0, 0, 0, 0, 0, 0, 0, 0, 0, 0, 0, 0, 0, 0, 0, 0, 0, 0, 0, 0, 0], [0, 0, 0, 0, 0, 0, 0, 0, 0, 0, 0, 0, 0, 0, 0, 0, 0, 0, 0, 0, 0, 0, 0, 0, 0, 0, 0, 0, 0, 0, 0, 0], [0, 0, 0, 0, 0, 0, 0, 0, 0, 0, 0, 0, 0, 0, 0, 0, 0, 0, 0, 0, 0, 0, 0, 0, 0, 0, 0, 0, 0, 0, 0, 0], [0, 0, 0, 0, 0, 0, 0, 0, 0, 0, 0, 0, 0, 0, 0, 0, 0, 0, 0, 0, 0, 0, 0, 0, 0, 0, 0, 0, 0, 0, 0, 0], [0, 0, 0, 0, 0, 0, 0, 0, 0, 0, 0, 0, 0, 0, 0, 0, 0, 0, 0, 0, 0, 0, 0, 0, 0, 0, 0, 0, 0, 0, 0, 0], [0, 0, 0, 0, 0, 0, 0, 0, 0, 0, 0, 0, 0, 0, 0, 0, 0, 0, 0, 0, 0, 0, 0, 0, 0, 0, 0, 0, 0, 0, 0, 0], [0, 0, 0, 0, 0, 0, 0, 0, 0, 0, 0, 0, 0, 0, 0, 0, 0, 0, 0, 0, 0, 0, 0, 0, 0, 0, 0, 0, 0, 0, 0, 0], [0, 0, 0, 0, 0, 0, 0, 0, 0, 0, 0, 0, 0, 0, 0, 0, 0, 0, 0, 0, 0, 0, 0, 0, 0, 0, 0, 0, 0, 0, 0, 0], [0, 0, 0, 0, 0, 0, 0, 0, 0, 0, 0, 0, 0, 0, 0, 0, 0, 0, 0, 0, 0, 0, 0, 0, 0, 0, 0, 0, 0, 0, 0, 0], [0, 0, 0, 0, 0, 0, 0, 0, 0, 0, 0, 0, 0, 0, 0, 0, 0, 0, 0, 0, 0, 0, 0, 0, 0, 0, 0, 0, 0, 0, 0, 0], [0, 0, 0, 0, 0, 0, 0, 0, 0, 0, 0, 0, 0, 0, 0, 0, 0, 0, 0, 0, 0, 0, 0, 0, 0, 0, 0, 0, 0, 0, 0, 0], [0, 0, 0, 0, 0, 0, 0, 0, 0, 0, 0, 0, 0, 0, 0, 0, 0, 0, 0, 0, 0, 0, 0, 0, 0, 0, 0, 0, 0, 0, 0, 0], [0, 0, 0, 0, 0, 0, 0, 0, 0, 0, 0, 0, 0, 0, 0, 0, 0, 0, 0, 0, 0, 0, 0, 0, 0, 0, 0, 0, 0, 0, 0, 0], [0, 0, 0, 0, 0, 0, 0, 0, 0, 0, 0, 0, 0, 0, 0, 0, 0, 0, 0, 0, 0, 0, 0, 0, 0, 0, 0, 0, 0, 0, 0, 0], [0, 0, 0, 0, 0, 0, 0, 0, 0, 0, 0, 0, 0, 0, 0, 0, 0, 0, 0, 0, 0, 0, 0, 0, 0, 0, 0, 0, 0, 0, 0, 0], [0, 0, 0, 0, 0, 0, 0, 0, 0, 0, 0, 0, 0, 0, 0, 0, 0, 0, 0, 0, 0, 0, 0, 0, 0, 0, 0, 0, 0, 0, 0, 0], [0, 0, 0, 0, 0, 0, 0, 0, 0, 0, 0, 0, 0, 0, 0, 0, 0, 0, 0, 0, 0, 0, 0, 0, 0, 0, 0, 0, 0, 0, 0, 0], [0, 0, 0, 0, 0, 0, 0, 0, 0, 0, 0, 0, 0, 0, 0, 0, 0, 0, 0, 0, 0, 0, 0, 0, 0, 0, 0, 0, 0, 0, 0, 0], [0, 0, 0, 0, 0, 0, 0, 0, 0, 0, 0, 0, 0, 0, 0, 0, 0, 0, 0, 0, 0, 0, 0, 0, 0, 0, 0, 0, 0, 0, 0, 0], [0, 0, 0, 0, 0, 0, 0, 0, 0, 0, 0, 0, 0, 0, 0, 0, 0, 0, 0, 0, 0, 0, 0, 0, 0, 0, 0, 0, 0, 0, 0, 0], [0, 0, 0, 0, 0, 0, 0, 0, 0, 0, 0, 0, 0, 0, 0, 0, 0, 0, 0, 0, 0, 0, 0, 0, 0, 0, 0, 0, 0, 0, 0, 0], [0, 0, 0, 0, 0, 0, 0, 0, 0, 0, 0, 0, 0, 0, 0, 0, 0, 0, 0, 0, 0, 0, 0, 0, 0, 0, 0, 0, 0, 0, 0, 0], [0, 0, 0, 0, 0, 0, 0, 0, 0, 0, 0, 0, 0, 0, 0, 0, 0, 0, 0, 0, 0, 0, 0, 0, 0, 0, 0, 0, 0, 0, 0, 0], [0, 0, 0, 0, 0, 0, 0, 0, 0, 0, 0, 0, 0, 0, 0, 0, 0, 0, 0, 0, 0, 0, 0, 0, 0, 0, 0, 0, 0, 0, 0, 0], [0, 0, 0, 0, 0, 0, 0, 0, 0, 0, 0, 0, 0, 0, 0, 0, 0, 0, 0, 0, 0, 0, 0, 0, 0, 0, 0, 0, 0, 0, 0, 0], [0, 0, 0, 0, 0, 0, 0, 0, 0, 0, 0, 0, 0, 0, 0, 0, 0, 0, 0, 0, 0, 0, 0, 0, 0, 0, 0, 0, 0, 0, 0, 0], [0, 0, 0, 0, 0, 0, 0, 0, 0, 0, 0, 0, 0, 0, 0, 0, 0, 0, 0, 0, 0, 0, 0, 0, 0, 0, 0, 0, 0, 0, 0, 0], [0, 0, 0, 0, 0, 0, 0, 0, 0, 0, 0, 0, 0, 0, 0, 0, 0, 0, 0, 0, 0, 0, 0, 0, 0, 0, 0, 0, 0, 0, 0, 0], [0, 0, 0, 0, 0, 0, 0, 0, 0, 0, 0, 0, 0, 0, 0, 0, 0, 0, 0, 0, 0, 0, 0, 0, 0, 0, 0, 0, 0, 0, 0, 0], [0, 0, 0, 0, 0, 0, 0, 0, 0, 0, 0, 0, 0, 0, 0, 0, 0, 0, 0, 0, 0, 0, 0, 0, 0, 0, 0, 0, 0, 0, 0, 0], [0, 0, 0, 0, 0, 0, 0, 0, 0, 0, 0, 0, 0, 0, 0, 0, 0, 0, 0, 0, 0, 0, 0, 0, 0, 0, 0, 0, 0, 0, 0, 0], [0, 0, 0, 0, 0, 0, 0, 0, 0, 0, 0, 0, 0, 0, 0, 0, 0, 0, 0, 0, 0, 0, 0, 0, 0, 0, 0, 0, 0, 0, 0, 0], [0, 0, 0, 0, 0, 0, 0, 0, 0, 0, 0, 0, 0, 0, 0, 0, 0, 0, 0, 0, 0, 0, 0, 0, 0, 0, 0, 0, 0, 0, 0, 0], [0, 0, 0, 0, 0, 0, 0, 0, 0, 0, 0, 0, 0, 0, 0, 0, 0, 0, 0, 0, 0, 0, 0, 0, 0, 0, 0, 0, 0, 0, 0, 0], [0, 0, 0, 0, 0, 0, 0, 0, 0, 0, 0, 0, 0, 0, 0, 0, 0, 0, 0, 0, 0, 0, 0, 0, 0, 0, 0, 0, 0, 0, 0, 0], [0, 0, 0, 0, 0, 0, 0, 0, 0, 0, 0, 0, 0, 0, 0, 0, 0, 0, 0, 0, 0, 0, 0, 0, 0, 0, 0, 0, 0, 0, 0, 0], [0, 0, 0, 0, 0, 0, 0, 0, 0, 0, 0, 0, 0, 0, 0, 0, 0, 0, 0, 0, 0, 0, 0, 0, 0, 0, 0, 0, 0, 0, 0, 0], [0, 0, 0, 0, 0, 0, 0, 0, 0, 0, 0, 0, 0, 0, 0, 0, 0, 0, 0, 0, 0, 0, 0, 0, 0, 0, 0, 0, 0, 0, 0, 0], [0, 0, 0, 0, 0, 0, 0, 0, 0, 0, 0, 0, 0, 0, 0, 0, 0, 0, 0, 0, 0, 0, 0, 0, 0, 0, 0, 0, 0, 0, 0, 0], [0, 0, 0, 0, 0, 0, 0, 0, 0, 0, 0, 0, 0, 0, 0, 0, 0, 0, 0, 0, 0, 0, 0, 0, 0, 0, 0, 0, 0, 0, 0, 0], [0, 0, 0, 0, 0, 0, 0, 0, 0, 0, 0, 0, 0, 0, 0, 0, 0, 0, 0, 0, 0, 0, 0, 0, 0, 0, 0, 0, 0, 0, 0, 0], [0, 0, 0, 0, 0, 0, 0, 0, 0, 0, 0, 0, 0, 0, 0, 0, 0, 0, 0, 0, 0, 0, 0, 0, 0, 0, 0, 0, 0, 0, 0, 0], [0, 0, 0, 0, 0, 0, 0, 0, 0, 0, 0, 0, 0, 0, 0, 0, 0, 0, 0, 0, 0, 0, 0, 0, 0, 0, 0, 0, 0, 0, 0, 0], [0, 0, 0, 0, 0, 0, 0, 0, 0, 0, 0, 0, 0, 0, 0, 0, 0, 0, 0, 0, 0, 0, 0, 0, 0, 0, 0, 0, 0, 0, 0, 0], [0, 0, 0, 0, 0, 0, 0, 0, 0, 0, 0, 0, 0, 0, 0, 0, 0, 0, 0, 0, 0, 0, 0, 0, 0, 0, 0, 0, 0, 0, 0, 0], [0, 0, 0, 0, 0, 0, 0, 0, 0, 0, 0, 0, 0, 0, 0, 0, 0, 0, 0, 0, 0, 0, 0, 0, 0, 0, 0, 0, 0, 0, 0, 0], [0, 0, 0, 0, 0, 0, 0, 0, 0, 0, 0, 0, 0, 0, 0, 0, 0, 0, 0, 0, 0, 0, 0, 0, 0, 0, 0, 0, 0, 0, 0, 0], [0, 0, 0, 0, 0, 0, 0, 0, 0, 0, 0, 0, 0, 0, 0, 0, 0, 0, 0, 0, 0, 0, 0, 0, 0, 0, 0, 0, 0, 0, 0, 0], [0, 0, 0, 0, 0, 0, 0, 0, 0, 0, 0, 0, 0, 0, 0, 0, 0, 0, 0, 0, 0, 0, 0, 0, 0, 0, 0, 0, 0, 0, 0, 0], [0, 0, 0, 0, 0, 0, 0, 0, 0, 0, 0, 0, 0, 0, 0, 0, 0, 0, 0, 0, 0, 0, 0, 0, 0, 0, 0, 0, 0, 0, 0, 0], [0, 0, 0, 0, 0, 0, 0, 0, 0, 0, 0, 0, 0, 0, 0, 0, 0, 0, 0, 0, 0, 0, 0, 0, 0, 0, 0, 0, 0, 0, 0, 0], [0, 0, 0, 0, 0, 0, 0, 0, 0, 0, 0, 0, 0, 0, 0, 0, 0, 0, 0, 0, 0, 0, 0, 0, 0, 0, 0, 0, 0, 0, 0, 0], [0, 0, 0, 0, 0, 0, 0, 0, 0, 0, 0, 0, 0, 0, 0, 0, 0, 0, 0, 0, 0, 0, 0, 0, 0, 0, 0, 0, 0, 0, 0, 0], [0, 0, 0, 0, 0, 0, 0, 0, 0, 0, 0, 0, 0, 0, 0, 0, 0, 0, 0, 0, 0, 0, 0, 0, 0, 0, 0, 0, 0, 0, 0, 0], [0, 0, 0, 0, 0, 0, 0, 0, 0, 0, 0, 0, 0, 0, 0, 0, 0, 0, 0, 0, 0, 0, 0, 0, 0, 0, 0, 0, 0, 0, 0, 0], [0, 0, 0, 0, 0, 0, 0, 0, 0, 0, 0, 0, 0, 0, 0, 0, 0, 0, 0, 0, 0, 0, 0, 0, 0, 0, 0, 0, 0, 0, 0, 0], [0, 0, 0, 0, 0, 0, 0, 0, 0, 0, 0, 0, 0, 0, 0, 0, 0, 0, 0, 0, 0, 0, 0, 0, 0, 0, 0, 0, 0, 0, 0, 0], [0, 0, 0, 0, 0, 0, 0, 0, 0, 0, 0, 0, 0, 0, 0, 0, 0, 0, 0, 0, 0, 0, 0, 0, 0, 0, 0, 0, 0, 0, 0, 0], [0, 0, 0, 0, 0, 0, 0, 0, 0, 0, 0, 0, 0, 0, 0, 0, 0, 0, 0, 0, 0, 0, 0, 0, 0, 0, 0, 0, 0, 0, 0, 0], [0, 0, 0, 0, 0, 0, 0, 0, 0, 0, 0, 0, 0, 0, 0, 0, 0, 0, 0, 0, 0, 0, 0, 0, 0, 0, 0, 0, 0, 0, 0, 0], [0, 0, 0, 0, 0, 0, 0, 0, 0, 0, 0, 0, 0, 0, 0, 0, 0, 0, 0, 0, 0, 0, 0, 0, 0, 0, 0, 0, 0, 0, 0, 0], [0, 0, 0, 0, 0, 0, 0, 0, 0, 0, 0, 0, 0, 0, 0, 0, 0, 0, 0, 0, 0, 0, 0, 0, 0, 0, 0, 0, 0, 0, 0, 0], [0, 0, 0, 0, 0, 0, 0, 0, 0, 0, 0, 0, 0, 0, 0, 0, 0, 0, 0, 0, 0, 0, 0, 0, 0, 0, 0, 0, 0, 0, 0, 0], [0, 0, 0, 0, 0, 0, 0, 0, 0, 0, 0, 0, 0, 0, 0, 0, 0, 0, 0, 0, 0, 0, 0, 0, 0, 0, 0, 0, 0, 0, 0, 0], [0, 0, 0, 0, 0, 0, 0, 0, 0, 0, 0, 0, 0, 0, 0, 0, 0, 0, 0, 0, 0, 0, 0, 0, 0, 0, 0, 0, 0, 0, 0, 0], [0, 0, 0, 0, 0, 0, 0, 0, 0, 0, 0, 0, 0, 0, 0, 0, 0, 0, 0, 0, 0, 0, 0, 0, 0, 0, 0, 0, 0, 0, 0, 0], [0, 0, 0, 0, 0, 0, 0, 0, 0, 0, 0, 0, 0, 0, 0, 0, 0, 0, 0, 0, 0, 0, 0, 0, 0, 0, 0, 0, 0, 0, 0, 0], [0, 0, 0, 0, 0, 0, 0, 0, 0, 0, 0, 0, 0, 0, 0, 0, 0, 0, 0, 0, 0, 0, 0, 0, 0, 0, 0, 0, 0, 0, 0, 0], [0, 0, 0, 0, 0, 0, 0, 0, 0, 0, 0, 0, 0, 0, 0, 0, 0, 0, 0, 0, 0, 0, 0, 0, 0, 0, 0, 0, 0, 0, 0, 0], [0, 0, 0, 0, 0, 0, 0, 0, 0, 0, 0, 0, 0, 0, 0, 0, 0, 0, 0, 0, 0, 0, 0, 0, 0, 0, 0, 0, 0, 0, 0, 0], [0, 0, 0, 0, 0, 0, 0, 0, 0, 0, 0, 0, 0, 0, 0, 0, 0, 0, 0, 0, 0, 0, 0, 0, 0, 0, 0, 0, 0, 0, 0, 0], [0, 0, 0, 0, 0, 0, 0, 0, 0, 0, 0, 0, 0, 0, 0, 0, 0, 0, 0, 0, 0, 0, 0, 0, 0, 0, 0, 0, 0, 0, 0, 0], [0, 0, 0, 0, 0, 0, 0, 0, 0, 0, 0, 0, 0, 0, 0, 0, 0, 0, 0, 0, 0, 0, 0, 0, 0, 0, 0, 0, 0, 0, 0, 0], [0, 0, 0, 0, 0, 0, 0, 0, 0, 0, 0, 0, 0, 0, 0, 0, 0, 0, 0, 0, 0, 0, 0, 0, 0, 0, 0, 0, 0, 0, 0, 0], [0, 0, 0, 0, 0, 0, 0, 0, 0, 0, 0, 0, 0, 0, 0, 0, 0, 0, 0, 0, 0, 0, 0, 0, 0, 0, 0, 0, 0, 0, 0, 0], [0, 0, 0, 0, 0, 0, 0, 0, 0, 0, 0, 0, 0, 0, 0, 0, 0, 0, 0, 0, 0, 0, 0, 0, 0, 0, 0, 0, 0, 0, 0, 0], [0, 0, 0, 0, 0, 0, 0, 0, 0, 0, 0, 0, 0, 0, 0, 0, 0, 0, 0, 0, 0, 0, 0, 0, 0, 0, 0, 0, 0, 0, 0, 0], [0, 0, 0, 0, 0, 0, 0, 0, 0, 0, 0, 0, 0, 0, 0, 0, 0, 0, 0, 0, 0, 0, 0, 0, 0, 0, 0, 0, 0, 0, 0, 0], [0, 0, 0, 0, 0, 0, 0, 0, 0, 0, 0, 0, 0, 0, 0, 0, 0, 0, 0, 0, 0, 0, 0, 0, 0, 0, 0, 0, 0, 0, 0, 0], [0, 0, 0, 0, 0, 0, 0, 0, 0, 0, 0, 0, 0, 0, 0, 0, 0, 0, 0, 0, 0, 0, 0, 0, 0, 0, 0, 0, 0, 0, 0, 0], [0, 0, 0, 0, 0, 0, 0, 0, 0, 0, 0, 0, 0, 0, 0, 0, 0, 0, 0, 0, 0, 0, 0, 0, 0, 0, 0, 0, 0, 0, 0, 0], [0, 0, 0, 0, 0, 0, 0, 0, 0, 0, 0, 0, 0, 0, 0, 0, 0, 0, 0, 0, 0, 0, 0, 0, 0, 0, 0, 0, 0, 0, 0, 0], [0, 0, 0, 0, 0, 0, 0, 0, 0, 0, 0, 0, 0, 0, 0, 0, 0, 0, 0, 0, 0, 0, 0, 0, 0, 0, 0, 0, 0, 0, 0, 0], [0, 0, 0, 0, 0, 0, 0, 0, 0, 0, 0, 0, 0, 0, 0, 0, 0, 0, 0, 0, 0, 0, 0, 0, 0, 0, 0, 0, 0, 0, 0, 0], [0, 0, 0, 0, 0, 0, 0, 0, 0, 0, 0, 0, 0, 0, 0, 0, 0, 0, 0, 0, 0, 0, 0, 0, 0, 0, 0, 0, 0, 0, 0, 0], [0, 0, 0, 0, 0, 0, 0, 0, 0, 0, 0, 0, 0, 0, 0, 0, 0, 0, 0, 0, 0, 0, 0, 0, 0, 0, 0, 0, 0, 0, 0, 0], [0, 0, 0, 0, 0, 0, 0, 0, 0, 0, 0, 0, 0, 0, 0, 0, 0, 0, 0, 0, 0, 0, 0, 0, 0, 0, 0, 0, 0, 0, 0, 0], [0, 0, 0, 0, 0, 0, 0, 0, 0, 0, 0, 0, 0, 0, 0, 0, 0, 0, 0, 0, 0, 0, 0, 0, 0, 0, 0, 0, 0, 0, 0, 0], [0, 0, 0, 0, 0, 0, 0, 0, 0, 0, 0, 0, 0, 0, 0, 0, 0, 0, 0, 0, 0, 0, 0, 0, 0, 0, 0, 0, 0, 0, 0, 0], [0, 0, 0, 0, 0, 0, 0, 0, 0, 0, 0, 0, 0, 0, 0, 0, 0, 0, 0, 0, 0, 0, 0, 0, 0, 0, 0, 0, 0, 0, 0, 0], [0, 0, 0, 0, 0, 0, 0, 0, 0, 0, 0, 0, 0, 0, 0, 0, 0, 0, 0, 0, 0, 0, 0, 0, 0, 0, 0, 0, 0, 0, 0, 0], [0, 0, 0, 0, 0, 0, 0, 0, 0, 0, 0, 0, 0, 0, 0, 0, 0, 0, 0, 0, 0, 0, 0, 0, 0, 0, 0, 0, 0, 0, 0, 0], [0, 0, 0, 0, 0, 0, 0, 0, 0, 0, 0, 0, 0, 0, 0, 0, 0, 0, 0, 0, 0, 0, 0, 0, 0, 0, 0, 0, 0, 0, 0, 0], [0, 0, 0, 0, 0, 0, 0, 0, 0, 0, 0, 0, 0, 0, 0, 0, 0, 0, 0, 0, 0, 0, 0, 0, 0, 0, 0, 0, 0, 0, 0, 0], [0, 0, 0, 0, 0, 0, 0, 0, 0, 0, 0, 0, 0, 0, 0, 0, 0, 0, 0, 0, 0, 0, 0, 0, 0, 0, 0, 0, 0, 0, 0, 0], [0, 0, 0, 0, 0, 0, 0, 0, 0, 0, 0, 0, 0, 0, 0, 0, 0, 0, 0, 0, 0, 0, 0, 0, 0, 0, 0, 0, 0, 0, 0, 0], [0, 0, 0, 0, 0, 0, 0, 0, 0, 0, 0, 0, 0, 0, 0, 0, 0, 0, 0, 0, 0, 0, 0, 0, 0, 0, 0, 0, 0, 0, 0, 0], [0, 0, 0, 0, 0, 0, 0, 0, 0, 0, 0, 0, 0, 0, 0, 0, 0, 0, 0, 0, 0, 0, 0, 0, 0, 0, 0, 0, 0, 0, 0, 0], [0, 0, 0, 0, 0, 0, 0, 0, 0, 0, 0, 0, 0, 0, 0, 0, 0, 0, 0, 0, 0, 0, 0, 0, 0, 0, 0, 0, 0, 0, 0, 0], [0, 0, 0, 0, 0, 0, 0, 0, 0, 0, 0, 0, 0, 0, 0, 0, 0, 0, 0, 0, 0, 0, 0, 0, 0, 0, 0, 0, 0, 0, 0, 0], [0, 0, 0, 0, 0, 0, 0, 0, 0, 0, 0, 0, 0, 0, 0, 0, 0, 0, 0, 0, 0, 0, 0, 0, 0, 0, 0, 0, 0, 0, 0, 0], [0, 0, 0, 0, 0, 0, 0, 0, 0, 0, 0, 0, 0, 0, 0, 0, 0, 0, 0, 0, 0, 0, 0, 0, 0, 0, 0, 0, 0, 0, 0, 0], [0, 0, 0, 0, 0, 0, 0, 0, 0, 0, 0, 0, 0, 0, 0, 0, 0, 0, 0, 0, 0, 0, 0, 0, 0, 0, 0, 0, 0, 0, 0, 0], [0, 0, 0, 0, 0, 0, 0, 0, 0, 0, 0, 0, 0, 0, 0, 0, 0, 0, 0, 0, 0, 0, 0, 0, 0, 0, 0, 0, 0, 0, 0, 0], [0, 0, 0, 0, 0, 0, 0, 0, 0, 0, 0, 0, 0, 0, 0, 0, 0, 0, 0, 0, 0, 0, 0, 0, 0, 0, 0, 0, 0, 0, 0, 0], [0, 0, 0, 0, 0, 0, 0, 0, 0, 0, 0, 0, 0, 0, 0, 0, 0, 0, 0, 0, 0, 0, 0, 0, 0, 0, 0, 0, 0, 0, 0, 0], [0, 0, 0, 0, 0, 0, 0, 0, 0, 0, 0, 0, 0, 0, 0, 0, 0, 0, 0, 0, 0, 0, 0, 0, 0, 0, 0, 0, 0, 0, 0, 0], [0, 0, 0, 0, 0, 0, 0, 0, 0, 0, 0, 0, 0, 0, 0, 0, 0, 0, 0, 0, 0, 0, 0, 0, 0, 0, 0, 0, 0, 0, 0, 0], [0, 0, 0, 0, 0, 0, 0, 0, 0, 0, 0, 0, 0, 0, 0, 0, 0, 0, 0, 0, 0, 0, 0, 0, 0, 0, 0, 0, 0, 0, 0, 0], [0, 0, 0, 0, 0, 0, 0, 0, 0, 0, 0, 0, 0, 0, 0, 0, 0, 0, 0, 0, 0, 0, 0, 0, 0, 0, 0, 0, 0, 0, 0, 0], [0, 0, 0, 0, 0, 0, 0, 0, 0, 0, 0, 0, 0, 0, 0, 0, 0, 0, 0, 0, 0, 0, 0, 0, 0, 0, 0, 0, 0, 0, 0, 0], [0, 0, 0, 0, 0, 0, 0, 0, 0, 0, 0, 0, 0, 0, 0, 0, 0, 0, 0, 0, 0, 0, 0, 0, 0, 0, 0, 0, 0, 0, 0, 0], [0, 0, 0, 0, 0, 0, 0, 0, 0, 0, 0, 0, 0, 0, 0, 0, 0, 0, 0, 0, 0, 0, 0, 0, 0, 0, 0, 0, 0, 0, 0, 0], [0, 0, 0, 0, 0, 0, 0, 0, 0, 0, 0, 0, 0, 0, 0, 0, 0, 0, 0, 0, 0, 0, 0, 0, 0, 0, 0, 0, 0, 0, 0, 0], [0, 0, 0, 0, 0, 0, 0, 0, 0, 0, 0, 0, 0, 0, 0, 0, 0, 0, 0, 0, 0, 0, 0, 0, 0, 0, 0, 0, 0, 0, 0, 0], [0, 0, 0, 0, 0, 0, 0, 0, 0, 0, 0, 0, 0, 0, 0, 0, 0, 0, 0, 0, 0, 0, 0, 0, 0, 0, 0, 0, 0, 0, 0, 0], [0, 0, 0, 0, 0, 0, 0, 0, 0, 0, 0, 0, 0, 0, 0, 0, 0, 0, 0, 0, 0, 0, 0, 0, 0, 0, 0, 0, 0, 0, 0, 0], [0, 0, 0, 0, 0, 0, 0, 0, 0, 0, 0, 0, 0, 0, 0, 0, 0, 0, 0, 0, 0, 0, 0, 0, 0, 0, 0, 0, 0, 0, 0, 0], [0, 0, 0, 0, 0, 0, 0, 0, 0, 0, 0, 0, 0, 0, 0, 0, 0, 0, 0, 0, 0, 0, 0, 0, 0, 0, 0, 0, 0, 0, 0, 0], [0, 0, 0, 0, 0, 0, 0, 0, 0, 0, 0, 0, 0, 0, 0, 0, 0, 0, 0, 0, 0, 0, 0, 0, 0, 0, 0, 0, 0, 0, 0, 0], [0, 0, 0, 0, 0, 0, 0, 0, 0, 0, 0, 0, 0, 0, 0, 0, 0, 0, 0, 0, 0, 0, 0, 0, 0, 0, 0, 0, 0, 0, 0, 0], [0, 0, 0, 0, 0, 0, 0, 0, 0, 0, 0, 0, 0, 0, 0, 0, 0, 0, 0, 0, 0, 0, 0, 0, 0, 0, 0, 0, 0, 0, 0, 0], [0, 0, 0, 0, 0, 0, 0, 0, 0, 0, 0, 0, 0, 0, 0, 0, 0, 0, 0, 0, 0, 0, 0, 0, 0, 0, 0, 0, 0, 0, 0, 0], [0, 0, 0, 0, 0, 0, 0, 0, 0, 0, 0, 0, 0, 0, 0, 0, 0, 0, 0, 0, 0, 0, 0, 0, 0, 0, 0, 0, 0, 0, 0, 0], [0, 0, 0, 0, 0, 0, 0, 0, 0, 0, 0, 0, 0, 0, 0, 0, 0, 0, 0, 0, 0, 0, 0, 0, 0, 0, 0, 0, 0, 0, 0, 0], [0, 0, 0, 0, 0, 0, 0, 0, 0, 0, 0, 0, 0, 0, 0, 0, 0, 0, 0, 0, 0, 0, 0, 0, 0, 0, 0, 0, 0, 0, 0, 0], [0, 0, 0, 0, 0, 0, 0, 0, 0, 0, 0, 0, 0, 0, 0, 0, 0, 0, 0, 0, 0, 0, 0, 0, 0, 0, 0, 0, 0, 0, 0, 0], [0, 0, 0, 0, 0, 0, 0, 0, 0, 0, 0, 0, 0, 0, 0, 0, 0, 0, 0, 0, 0, 0, 0, 0, 0, 0, 0, 0, 0, 0, 0, 0], [0, 0, 0, 0, 0, 0, 0, 0, 0, 0, 0, 0, 0, 0, 0, 0, 0, 0, 0, 0, 0, 0, 0, 0, 0, 0, 0, 0, 0, 0, 0, 0], [0, 0, 0, 0, 0, 0, 0, 0, 0, 0, 0, 0, 0, 0, 0, 0, 0, 0, 0, 0, 0, 0, 0, 0, 0, 0, 0, 0, 0, 0, 0, 0], [0, 0, 0, 0, 0, 0, 0, 0, 0, 0, 0, 0, 0, 0, 0, 0, 0, 0, 0, 0, 0, 0, 0, 0, 0, 0, 0, 0, 0, 0, 0, 0], [0, 0, 0, 0, 0, 0, 0, 0, 0, 0, 0, 0, 0, 0, 0, 0, 0, 0, 0, 0, 0, 0, 0, 0, 0, 0, 0, 0, 0, 0, 0, 0], [0, 0, 0, 0, 0, 0, 0, 0, 0, 0, 0, 0, 0, 0, 0, 0, 0, 0, 0, 0, 0, 0, 0, 0, 0, 0, 0, 0, 0, 0, 0, 0], [0, 0, 0, 0, 0, 0, 0, 0, 0, 0, 0, 0, 0, 0, 0, 0, 0, 0, 0, 0, 0, 0, 0, 0, 0, 0, 0, 0, 0, 0, 0, 0], [0, 0, 0, 0, 0, 0, 0, 0, 0, 0, 0, 0, 0, 0, 0, 0, 0, 0, 0, 0, 0, 0, 0, 0, 0, 0, 0, 0, 0, 0, 0, 0], [0, 0, 0, 0, 0, 0, 0, 0, 0, 0, 0, 0, 0, 0, 0, 0, 0, 0, 0, 0, 0, 0, 0, 0, 0, 0, 0, 0, 0, 0, 0, 0], [0, 0, 0, 0, 0, 0, 0, 0, 0, 0, 0, 0, 0, 0, 0, 0, 0, 0, 0, 0, 0, 0, 0, 0, 0, 0, 0, 0, 0, 0, 0, 0], [0, 0, 0, 0, 0, 0, 0, 0, 0, 0, 0, 0, 0, 0, 0, 0, 0, 0, 0, 0, 0, 0, 0, 0, 0, 0, 0, 0, 0, 0, 0, 0], [0, 0, 0, 0, 0, 0, 0, 0, 0, 0, 0, 0, 0, 0, 0, 0, 0, 0, 0, 0, 0, 0, 0, 0, 0, 0, 0, 0, 0, 0, 0, 0], [0, 0, 0, 0, 0, 0, 0, 0, 0, 0, 0, 0, 0, 0, 0, 0, 0, 0, 0, 0, 0, 0, 0, 0, 0, 0, 0, 0, 0, 0, 0, 0], [0, 0, 0, 0, 0, 0, 0, 0, 0, 0, 0, 0, 0, 0, 0, 0, 0, 0, 0, 0, 0, 0, 0, 0, 0, 0, 0, 0, 0, 0, 0, 0], [0, 0, 0, 0, 0, 0, 0, 0, 0, 0, 0, 0, 0, 0, 0, 0, 0, 0, 0, 0, 0, 0, 0, 0, 0, 0, 0, 0, 0, 0, 0, 0], [0, 0, 0, 0, 0, 0, 0, 0, 0, 0, 0, 0, 0, 0, 0, 0, 0, 0, 0, 0, 0, 0, 0, 0, 0, 0, 0, 0, 0, 0, 0, 0], [0, 0, 0, 0, 0, 0, 0, 0, 0, 0, 0, 0, 0, 0, 0, 0, 0, 0, 0, 0, 0, 0, 0, 0, 0, 0, 0, 0, 0, 0, 0, 0], [0, 0, 0, 0, 0, 0, 0, 0, 0, 0, 0, 0, 0, 0, 0, 0, 0, 0, 0, 0, 0, 0, 0, 0, 0, 0, 0, 0, 0, 0, 0, 0], [0, 0, 0, 0, 0, 0, 0, 0, 0, 0, 0, 0, 0, 0, 0, 0, 0, 0, 0, 0, 0, 0, 0, 0, 0, 0, 0, 0, 0, 0, 0, 0], [0, 0, 0, 0, 0, 0, 0, 0, 0, 0, 0, 0, 0, 0, 0, 0, 0, 0, 0, 0, 0, 0, 0, 0, 0, 0, 0, 0, 0, 0, 0, 0], [0, 0, 0, 0, 0, 0, 0, 0, 0, 0, 0, 0, 0, 0, 0, 0, 0, 0, 0, 0, 0, 0, 0, 0, 0, 0, 0, 0, 0, 0, 0, 0], [0, 0, 0, 0, 0, 0, 0, 0, 0, 0, 0, 0, 0, 0, 0, 0, 0, 0, 0, 0, 0, 0, 0, 0, 0, 0, 0, 0, 0, 0, 0, 0], [0, 0, 0, 0, 0, 0, 0, 0, 0, 0, 0, 0, 0, 0, 0, 0, 0, 0, 0, 0, 0, 0, 0, 0, 0, 0, 0, 0, 0, 0, 0, 0], [0, 0, 0, 0, 0, 0, 0, 0, 0, 0, 0, 0, 0, 0, 0, 0, 0, 0, 0, 0, 0, 0, 0, 0, 0, 0, 0, 0, 0, 0, 0, 0], [0, 0, 0, 0, 0, 0, 0, 0, 0, 0, 0, 0, 0, 0, 0, 0, 0, 0, 0, 0, 0, 0, 0, 0, 0, 0, 0, 0, 0, 0, 0, 0], [0, 0, 0, 0, 0, 0, 0, 0, 0, 0, 0, 0, 0, 0, 0, 0, 0, 0, 0, 0, 0, 0, 0, 0, 0, 0, 0, 0, 0, 0, 0, 0], [0, 0, 0, 0, 0, 0, 0, 0, 0, 0, 0, 0, 0, 0, 0, 0, 0, 0, 0, 0, 0, 0, 0, 0, 0, 0, 0, 0, 0, 0, 0, 0], [0, 0, 0, 0, 0, 0, 0, 0, 0, 0, 0, 0, 0, 0, 0, 0, 0, 0, 0, 0, 0, 0, 0, 0, 0, 0, 0, 0, 0, 0, 0, 0], [0, 0, 0, 0, 0, 0, 0, 0, 0, 0, 0, 0, 0, 0, 0, 0, 0, 0, 0, 0, 0, 0, 0, 0, 0, 0, 0, 0, 0, 0, 0, 0], [0, 0, 0, 0, 0, 0, 0, 0, 0, 0, 0, 0, 0, 0, 0, 0, 0, 0, 0, 0, 0, 0, 0, 0, 0, 0, 0, 0, 0, 0, 0, 0], [0, 0, 0, 0, 0, 0, 0, 0, 0, 0, 0, 0, 0, 0, 0, 0, 0, 0, 0, 0, 0, 0, 0, 0, 0, 0, 0, 0, 0, 0, 0, 0], [0, 0, 0, 0, 0, 0, 0, 0, 0, 0, 0, 0, 0, 0, 0, 0, 0, 0, 0, 0, 0, 0, 0, 0, 0, 0, 0, 0, 0, 0, 0, 0], [0, 0, 0, 0, 0, 0, 0, 0, 0, 0, 0, 0, 0, 0, 0, 0, 0, 0, 0, 0, 0, 0, 0, 0, 0, 0, 0, 0, 0, 0, 0, 0], [0, 0, 0, 0, 0, 0, 0, 0, 0, 0, 0, 0, 0, 0, 0, 0, 0, 0, 0, 0, 0, 0, 0, 0, 0, 0, 0, 0, 0, 0, 0, 0], [0, 0, 0, 0, 0, 0, 0, 0, 0, 0, 0, 0, 0, 0, 0, 0, 0, 0, 0, 0, 0, 0, 0, 0, 0, 0, 0, 0, 0, 0, 0, 0], [0, 0, 0, 0, 0, 0, 0, 0, 0, 0, 0, 0, 0, 0, 0, 0, 0, 0, 0, 0, 0, 0, 0, 0, 0, 0, 0, 0, 0, 0, 0, 0], [0, 0, 0, 0, 0, 0, 0, 0, 0, 0, 0, 0, 0, 0, 0, 0, 0, 0, 0, 0, 0, 0, 0, 0, 0, 0, 0, 0, 0, 0, 0, 0], [0, 0, 0, 0, 0, 0, 0, 0, 0, 0, 0, 0, 0, 0, 0, 0, 0, 0, 0, 0, 0, 0, 0, 0, 0, 0, 0, 0, 0, 0, 0, 0], [0, 0, 0, 0, 0, 0, 0, 0, 0, 0, 0, 0, 0, 0, 0, 0, 0, 0, 0, 0, 0, 0, 0, 0, 0, 0, 0, 0, 0, 0, 0, 0], [0, 0, 0, 0, 0, 0, 0, 0, 0, 0, 0, 0, 0, 0, 0, 0, 0, 0, 0, 0, 0, 0, 0, 0, 0, 0, 0, 0, 0, 0, 0, 0], [0, 0, 0, 0, 0, 0, 0, 0, 0, 0, 0, 0, 0, 0, 0, 0, 0, 0, 0, 0, 0, 0, 0, 0, 0, 0, 0, 0, 0, 0, 0, 0], [0, 0, 0, 0, 0, 0, 0, 0, 0, 0, 0, 0, 0, 0, 0, 0, 0, 0, 0, 0, 0, 0, 0, 0, 0, 0, 0, 0, 0, 0, 0, 0], [0, 0, 0, 0, 0, 0, 0, 0, 0, 0, 0, 0, 0, 0, 0, 0, 0, 0, 0, 0, 0, 0, 0, 0, 0, 0, 0, 0, 0, 0, 0, 0], [0, 0, 0, 0, 0, 0, 0, 0, 0, 0, 0, 0, 0, 0, 0, 0, 0, 0, 0, 0, 0, 0, 0, 0, 0, 0, 0, 0, 0, 0, 0, 0], [0, 0, 0, 0, 0, 0, 0, 0, 0, 0, 0, 0, 0, 0, 0, 0, 0, 0, 0, 0, 0, 0, 0, 0, 0, 0, 0, 0, 0, 0, 0, 0], [0, 0, 0, 0, 0, 0, 0, 0, 0, 0, 0, 0, 0, 0, 0, 0, 0, 0, 0, 0, 0, 0, 0, 0, 0, 0, 0, 0, 0, 0, 0, 0], [0, 0, 0, 0, 0, 0, 0, 0, 0, 0, 0, 0, 0, 0, 0, 0, 0, 0, 0, 0, 0, 0, 0, 0, 0, 0, 0, 0, 0, 0, 0, 0], [0, 0, 0, 0, 0, 0, 0, 0, 0, 0, 0, 0, 0, 0, 0, 0, 0, 0, 0, 0, 0, 0, 0, 0, 0, 0, 0, 0, 0, 0, 0, 0], [0, 0, 0, 0, 0, 0, 0, 0, 0, 0, 0, 0, 0, 0, 0, 0, 0, 0, 0, 0, 0, 0, 0, 0, 0, 0, 0, 0, 0, 0, 0, 0], [0, 0, 0, 0, 0, 0, 0, 0, 0, 0, 0, 0, 0, 0, 0, 0, 0, 0, 0, 0, 0, 0, 0, 0, 0, 0, 0, 0, 0, 0, 0, 0], [0, 0, 0, 0, 0, 0, 0, 0, 0, 0, 0, 0, 0, 0, 0, 0, 0, 0, 0, 0, 0, 0, 0, 0, 0, 0, 0, 0, 0, 0, 0, 0], [0, 0, 0, 0, 0, 0, 0, 0, 0, 0, 0, 0, 0, 0, 0, 0, 0, 0, 0, 0, 0, 0, 0, 0, 0, 0, 0, 0, 0, 0, 0, 0], [0, 0, 0, 0, 0, 0, 0, 0, 0, 0, 0, 0, 0, 0, 0, 0, 0, 0, 0, 0, 0, 0, 0, 0, 0, 0, 0, 0, 0, 0, 0, 0], [0, 0, 0, 0, 0, 0, 0, 0, 0, 0, 0, 0, 0, 0, 0, 0, 0, 0, 0, 0, 0, 0, 0, 0, 0, 0, 0, 0, 0, 0, 0, 0], [0, 0, 0, 0, 0, 0, 0, 0, 0, 0, 0, 0, 0, 0, 0, 0, 0, 0, 0, 0, 0, 0, 0, 0, 0, 0, 0, 0, 0, 0, 0, 0], [0, 0, 0, 0, 0, 0, 0, 0, 0, 0, 0, 0, 0, 0, 0, 0, 0, 0, 0, 0, 0, 0, 0, 0, 0, 0, 0, 0, 0, 0, 0, 0], [0, 0, 0, 0, 0, 0, 0, 0, 0, 0, 0, 0, 0, 0, 0, 0, 0, 0, 0, 0, 0, 0, 0, 0, 0, 0, 0, 0, 0, 0, 0, 0], [0, 0, 0, 0, 0, 0, 0, 0, 0, 0, 0, 0, 0, 0, 0, 0, 0, 0, 0, 0, 0, 0, 0, 0, 0, 0, 0, 0, 0, 0, 0, 0], [0, 0, 0, 0, 0, 0, 0, 0, 0, 0, 0, 0, 0, 0, 0, 0, 0, 0, 0, 0, 0, 0, 0, 0, 0, 0, 0, 0, 0, 0, 0, 0], [0, 0, 0, 0, 0, 0, 0, 0, 0, 0, 0, 0, 0, 0, 0, 0, 0, 0, 0, 0, 0, 0, 0, 0, 0, 0, 0, 0, 0, 0, 0, 0], [0, 0, 0, 0, 0, 0, 0, 0, 0, 0, 0, 0, 0, 0, 0, 0, 0, 0, 0, 0, 0, 0, 0, 0, 0, 0, 0, 0, 0, 0, 0, 0], [0, 0, 0, 0, 0, 0, 0, 0, 0, 0, 0, 0, 0, 0, 0, 0, 0, 0, 0, 0, 0, 0, 0, 0, 0, 0, 0, 0, 0, 0, 0, 0], [0, 0, 0, 0, 0, 0, 0, 0, 0, 0, 0, 0, 0, 0, 0, 0, 0, 0, 0, 0, 0, 0, 0, 0, 0, 0, 0, 0, 0, 0, 0, 0], [0, 0, 0, 0, 0, 0, 0, 0, 0, 0, 0, 0, 0, 0, 0, 0, 0, 0, 0, 0, 0, 0, 0, 0, 0, 0, 0, 0, 0, 0, 0, 0], [0, 0, 0, 0, 0, 0, 0, 0, 0, 0, 0, 0, 0, 0, 0, 0, 0, 0, 0, 0, 0, 0, 0, 0, 0, 0, 0, 0, 0, 0, 0, 0], [0, 0, 0, 0, 0, 0, 0, 0, 0, 0, 0, 0, 0, 0, 0, 0, 0, 0, 0, 0, 0, 0, 0, 0, 0, 0, 0, 0, 0, 0, 0, 0], [0, 0, 0, 0, 0, 0, 0, 0, 0, 0, 0, 0, 0, 0, 0, 0, 0, 0, 0, 0, 0, 0, 0, 0, 0, 0, 0, 0, 0, 0, 0, 0], [0, 0, 0, 0, 0, 0, 0, 0, 0, 0, 0, 0, 0, 0, 0, 0, 0, 0, 0, 0, 0, 0, 0, 0, 0, 0, 0, 0, 0, 0, 0, 0], [0, 0, 0, 0, 0, 0, 0, 0, 0, 0, 0, 0, 0, 0, 0, 0, 0, 0, 0, 0, 0, 0, 0, 0, 0, 0, 0, 0, 0, 0, 0, 0], [0, 0, 0, 0, 0, 0, 0, 0, 0, 0, 0, 0, 0, 0, 0, 0, 0, 0, 0, 0, 0, 0, 0, 0, 0, 0, 0, 0, 0, 0, 0, 0], [0, 0, 0, 0, 0, 0, 0, 0, 0, 0, 0, 0, 0, 0, 0, 0, 0, 0, 0, 0, 0, 0, 0, 0, 0, 0, 0, 0, 0, 0, 0, 0], [0, 0, 0, 0, 0, 0, 0, 0, 0, 0, 0, 0, 0, 0, 0, 0, 0, 0, 0, 0, 0, 0, 0, 0, 0, 0, 0, 0, 0, 0, 0, 0], [0, 0, 0, 0, 0, 0, 0, 0, 0, 0, 0, 0, 0, 0, 0, 0, 0, 0, 0, 0, 0, 0, 0, 0, 0, 0, 0, 0, 0, 0, 0, 0], [0, 0, 0, 0, 0, 0, 0, 0, 0, 0, 0, 0, 0, 0, 0, 0, 0, 0, 0, 0, 0, 0, 0, 0, 0, 0, 0, 0, 0, 0, 0, 0], [0, 0, 0, 0, 0, 0, 0, 0, 0, 0, 0, 0, 0, 0, 0, 0, 0, 0, 0, 0, 0, 0, 0, 0, 0, 0, 0, 0, 0, 0, 0, 0], [0, 0, 0, 0, 0, 0, 0, 0, 0, 0, 0, 0, 0, 0, 0, 0, 0, 0, 0, 0, 0, 0, 0, 0, 0, 0, 0, 0, 0, 0, 0, 0], [0, 0, 0, 0, 0, 0, 0, 0, 0, 0, 0, 0, 0, 0, 0, 0, 0, 0, 0, 0, 0, 0, 0, 0, 0, 0, 0, 0, 0, 0, 0, 0], [0, 0, 0, 0, 0, 0, 0, 0, 0, 0, 0, 0, 0, 0, 0, 0, 0, 0, 0, 0, 0, 0, 0, 0, 0, 0, 0, 0, 0, 0, 0, 0], [0, 0, 0, 0, 0, 0, 0, 0, 0, 0, 0, 0, 0, 0, 0, 0, 0, 0, 0, 0, 0, 0, 0, 0, 0, 0, 0, 0, 0, 0, 0, 0], [0, 0, 0, 0, 0, 0, 0, 0, 0, 0, 0, 0, 0, 0, 0, 0, 0, 0, 0, 0, 0, 0, 0, 0, 0, 0, 0, 0, 0, 0, 0, 0], [0, 0, 0, 0, 0, 0, 0, 0, 0, 0, 0, 0, 0, 0, 0, 0, 0, 0, 0, 0, 0, 0, 0, 0, 0, 0, 0, 0, 0, 0, 0, 0], [0, 0, 0, 0, 0, 0, 0, 0, 0, 0, 0, 0, 0, 0, 0, 0, 0, 0, 0, 0, 0, 0, 0, 0, 0, 0, 0, 0, 0, 0, 0, 0], [0, 0, 0, 0, 0, 0, 0, 0, 0, 0, 0, 0, 0, 0, 0, 0, 0, 0, 0, 0, 0, 0, 0, 0, 0, 0, 0, 0, 0, 0, 0, 0], [0, 0, 0, 0, 0, 0, 0, 0, 0, 0, 0, 0, 0, 0, 0, 0, 0, 0, 0, 0, 0, 0, 0, 0, 0, 0, 0, 0, 0, 0, 0, 0], [0, 0, 0, 0, 0, 0, 0, 0, 0, 0, 0, 0, 0, 0, 0, 0, 0, 0, 0, 0, 0, 0, 0, 0, 0, 0, 0, 0, 0, 0, 0, 0], [0, 0, 0, 0, 0, 0, 0, 0, 0, 0, 0, 0, 0, 0, 0, 0, 0, 0, 0, 0, 0, 0, 0, 0, 0, 0, 0, 0, 0, 0, 0, 0], [0, 0, 0, 0, 0, 0, 0, 0, 0, 0, 0, 0, 0, 0, 0, 0, 0, 0, 0, 0, 0, 0, 0, 0, 0, 0, 0, 0, 0, 0, 0, 0], [0, 0, 0, 0, 0, 0, 0, 0, 0, 0, 0, 0, 0, 0, 0, 0, 0, 0, 0, 0, 0, 0, 0, 0, 0, 0, 0, 0, 0, 0, 0, 0], [0, 0, 0, 0, 0, 0, 0, 0, 0, 0, 0, 0, 0, 0, 0, 0, 0, 0, 0, 0, 0, 0, 0, 0, 0, 0, 0, 0, 0, 0, 0, 0], [0, 0, 0, 0, 0, 0, 0, 0, 0, 0, 0, 0, 0, 0, 0, 0, 0, 0, 0, 0, 0, 0, 0, 0, 0, 0, 0, 0, 0, 0, 0, 0], [0, 0, 0, 0, 0, 0, 0, 0, 0, 0, 0, 0, 0, 0, 0, 0, 0, 0, 0, 0, 0, 0, 0, 0, 0, 0, 0, 0, 0, 0, 0, 0], [0, 0, 0, 0, 0, 0, 0, 0, 0, 0, 0, 0, 0, 0, 0, 0, 0, 0, 0, 0, 0, 0, 0, 0, 0, 0, 0, 0, 0, 0, 0, 0], [0, 0, 0, 0, 0, 0, 0, 0, 0, 0, 0, 0, 0, 0, 0, 0, 0, 0, 0, 0, 0, 0, 0, 0, 0, 0, 0, 0, 0, 0, 0, 0], [0, 0, 0, 0, 0, 0, 0, 0, 0, 0, 0, 0, 0, 0, 0, 0, 0, 0, 0, 0, 0, 0, 0, 0, 0, 0, 0, 0, 0, 0, 0, 0], [0, 0, 0, 0, 0, 0, 0, 0, 0, 0, 0, 0, 0, 0, 0, 0, 0, 0, 0, 0, 0, 0, 0, 0, 0, 0, 0, 0, 0, 0, 0, 0], [0, 0, 0, 0, 0, 0, 0, 0, 0, 0, 0, 0, 0, 0, 0, 0, 0, 0, 0, 0, 0, 0, 0, 0, 0, 0, 0, 0, 0, 0, 0, 0], [0, 0, 0, 0, 0, 0, 0, 0, 0, 0, 0, 0, 0, 0, 0, 0, 0, 0, 0, 0, 0, 0, 0, 0, 0, 0, 0, 0, 0, 0, 0, 0], [0, 0, 0, 0, 0, 0, 0, 0, 0, 0, 0, 0, 0, 0, 0, 0, 0, 0, 0, 0, 0, 0, 0, 0, 0, 0, 0, 0, 0, 0, 0, 0], [0, 0, 0, 0, 0, 0, 0, 0, 0, 0, 0, 0, 0, 0, 0, 0, 0, 0, 0, 0, 0, 0, 0, 0, 0, 0, 0, 0, 0, 0, 0, 0], [0, 0, 0, 0, 0, 0, 0, 0, 0, 0, 0, 0, 0, 0, 0, 0, 0, 0, 0, 0, 0, 0, 0, 0, 0, 0, 0, 0, 0, 0, 0, 0], [0, 0, 0, 0, 0, 0, 0, 0, 0, 0, 0, 0, 0, 0, 0, 0, 0, 0, 0, 0, 0, 0, 0, 0, 0, 0, 0, 0, 0, 0, 0, 0], [0, 0, 0, 0, 0, 0, 0, 0, 0, 0, 0, 0, 0, 0, 0, 0, 0, 0, 0, 0, 0, 0, 0, 0, 0, 0, 0, 0, 0, 0, 0, 0], [0, 0, 0, 0, 0, 0, 0, 0, 0, 0, 0, 0, 0, 0, 0, 0, 0, 0, 0, 0, 0, 0, 0, 0, 0, 0, 0, 0, 0, 0, 0, 0], [0, 0, 0, 0, 0, 0, 0, 0, 0, 0, 0, 0, 0, 0, 0, 0, 0, 0, 0, 0, 0, 0, 0, 0, 0, 0, 0, 0, 0, 0, 0, 0], [0, 0, 0, 0, 0, 0, 0, 0, 0, 0, 0, 0, 0, 0, 0, 0, 0, 0, 0, 0, 0, 0, 0, 0, 0, 0, 0, 0, 0, 0, 0, 0], [0, 0, 0, 0, 0, 0, 0, 0, 0, 0, 0, 0, 0, 0, 0, 0, 0, 0, 0, 0, 0, 0, 0, 0, 0, 0, 0, 0, 0, 0, 0, 0], [0, 0, 0, 0, 0, 0, 0, 0, 0, 0, 0, 0, 0, 0, 0, 0, 0, 0, 0, 0, 0, 0, 0, 0, 0, 0, 0, 0, 0, 0, 0, 0], [0, 0, 0, 0, 0, 0, 0, 0, 0, 0, 0, 0, 0, 0, 0, 0, 0, 0, 0, 0, 0, 0, 0, 0, 0, 0, 0, 0, 0, 0, 0, 0], [0, 0, 0, 0, 0, 0, 0, 0, 0, 0, 0, 0, 0, 0, 0, 0, 0, 0, 0, 0, 0, 0, 0, 0, 0, 0, 0, 0, 0, 0, 0, 0], [0, 0, 0, 0, 0, 0, 0, 0, 0, 0, 0, 0, 0, 0, 0, 0, 0, 0, 0, 0, 0, 0, 0, 0, 0, 0, 0, 0, 0, 0, 0, 0], [0, 0, 0, 0, 0, 0, 0, 0, 0, 0, 0, 0, 0, 0, 0, 0, 0, 0, 0, 0, 0, 0, 0, 0, 0, 0, 0, 0, 0, 0, 0, 0], [0, 0, 0, 0, 0, 0, 0, 0, 0, 0, 0, 0, 0, 0, 0, 0, 0, 0, 0, 0, 0, 0, 0, 0, 0, 0, 0, 0, 0, 0, 0, 0], [0, 0, 0, 0, 0, 0, 0, 0, 0, 0, 0, 0, 0, 0, 0, 0, 0, 0, 0, 0, 0, 0, 0, 0, 0, 0, 0, 0, 0, 0, 0, 0], [0, 0, 0, 0, 0, 0, 0, 0, 0, 0, 0, 0, 0, 0, 0, 0, 0, 0, 0, 0, 0, 0, 0, 0, 0, 0, 0, 0, 0, 0, 0, 0], [0, 0, 0, 0, 0, 0, 0, 0, 0, 0, 0, 0, 0, 0, 0, 0, 0, 0, 0, 0, 0, 0, 0, 0, 0, 0, 0, 0, 0, 0, 0, 0], [0, 0, 0, 0, 0, 0, 0, 0, 0, 0, 0, 0, 0, 0, 0, 0, 0, 0, 0, 0, 0, 0, 0, 0, 0, 0, 0, 0, 0, 0, 0, 0], [0, 0, 0, 0, 0, 0, 0, 0, 0, 0, 0, 0, 0, 0, 0, 0, 0, 0, 0, 0, 0, 0, 0, 0, 0, 0, 0, 0, 0, 0, 0, 0], [0, 0, 0, 0, 0, 0, 0, 0, 0, 0, 0, 0, 0, 0, 0, 0, 0, 0, 0, 0, 0, 0, 0, 0, 0, 0, 0, 0, 0, 0, 0, 0], [0, 0, 0, 0, 0, 0, 0, 0, 0, 0, 0, 0, 0, 0, 0, 0, 0, 0, 0, 0, 0, 0, 0, 0, 0, 0, 0, 0, 0, 0, 0, 0], [0, 0, 0, 0, 0, 0, 0, 0, 0, 0, 0, 0, 0, 0, 0, 0, 0, 0, 0, 0, 0, 0, 0, 0, 0, 0, 0, 0, 0, 0, 0, 0], [0, 0, 0, 0, 0, 0, 0, 0, 0, 0, 0, 0, 0, 0, 0, 0, 0, 0, 0, 0, 0, 0, 0, 0, 0, 0, 0, 0, 0, 0, 0, 0], [0, 0, 0, 0, 0, 0, 0, 0, 0, 0, 0, 0, 0, 0, 0, 0, 0, 0, 0, 0, 0, 0, 0, 0, 0, 0, 0, 0, 0, 0, 0, 0], [0, 0, 0, 0, 0, 0, 0, 0, 0, 0, 0, 0, 0, 0, 0, 0, 0, 0, 0, 0, 0, 0, 0, 0, 0, 0, 0, 0, 0, 0, 0, 0], [0, 0, 0, 0, 0, 0, 0, 0, 0, 0, 0, 0, 0, 0, 0, 0, 0, 0, 0, 0, 0, 0, 0, 0, 0, 0, 0, 0, 0, 0, 0, 0], [0, 0, 0, 0, 0, 0, 0, 0, 0, 0, 0, 0, 0, 0, 0, 0, 0, 0, 0, 0, 0, 0, 0, 0, 0, 0, 0, 0, 0, 0, 0, 0], [0, 0, 0, 0, 0, 0, 0, 0, 0, 0, 0, 0, 0, 0, 0, 0, 0, 0, 0, 0, 0, 0, 0, 0, 0, 0, 0, 0, 0, 0, 0, 0], [0, 0, 0, 0, 0, 0, 0, 0, 0, 0, 0, 0, 0, 0, 0, 0, 0, 0, 0, 0, 0, 0, 0, 0, 0, 0, 0, 0, 0, 0, 0, 0], [0, 0, 0, 0, 0, 0, 0, 0, 0, 0, 0, 0, 0, 0, 0, 0, 0, 0, 0, 0, 0, 0, 0, 0, 0, 0, 0, 0, 0, 0, 0, 0], [0, 0, 0, 0, 0, 0, 0, 0, 0, 0, 0, 0, 0, 0, 0, 0, 0, 0, 0, 0, 0, 0, 0, 0, 0, 0, 0, 0, 0, 0, 0, 0], [0, 0, 0, 0, 0, 0, 0, 0, 0, 0, 0, 0, 0, 0, 0, 0, 0, 0, 0, 0, 0, 0, 0, 0, 0, 0, 0, 0, 0, 0, 0, 0], [0, 0, 0, 0, 0, 0, 0, 0, 0, 0, 0, 0, 0, 0, 0, 0, 0, 0, 0, 0, 0, 0, 0, 0, 0, 0, 0, 0, 0, 0, 0, 0], [0, 0, 0, 0, 0, 0, 0, 0, 0, 0, 0, 0, 0, 0, 0, 0, 0, 0, 0, 0, 0, 0, 0, 0, 0, 0, 0, 0, 0, 0, 0, 0], [0, 0, 0, 0, 0, 0, 0, 0, 0, 0, 0, 0, 0, 0, 0, 0, 0, 0, 0, 0, 0, 0, 0, 0, 0, 0, 0, 0, 0, 0, 0, 0], [0, 0, 0, 0, 0, 0, 0, 0, 0, 0, 0, 0, 0, 0, 0, 0, 0, 0, 0, 0, 0, 0, 0, 0, 0, 0, 0, 0, 0, 0, 0, 0], [0, 0, 0, 0, 0, 0, 0, 0, 0, 0, 0, 0, 0, 0, 0, 0, 0, 0, 0, 0, 0, 0, 0, 0, 0, 0, 0, 0, 0, 0, 0, 0], [0, 0, 0, 0, 0, 0, 0, 0, 0, 0, 0, 0, 0, 0, 0, 0, 0, 0, 0, 0, 0, 0, 0, 0, 0, 0, 0, 0, 0, 0, 0, 0], [0, 0, 0, 0, 0, 0, 0, 0, 0, 0, 0, 0, 0, 0, 0, 0, 0, 0, 0, 0, 0, 0, 0, 0, 0, 0, 0, 0, 0, 0, 0, 0], [0, 0, 0, 0, 0, 0, 0, 0, 0, 0, 0, 0, 0, 0, 0, 0, 0, 0, 0, 0, 0, 0, 0, 0, 0, 0, 0, 0, 0, 0, 0, 0], [0, 0, 0, 0, 0, 0, 0, 0, 0, 0, 0, 0, 0, 0, 0, 0, 0, 0, 0, 0, 0, 0, 0, 0, 0, 0, 0, 0, 0, 0, 0, 0], [0, 0, 0, 0, 0, 0, 0, 0, 0, 0, 0, 0, 0, 0, 0, 0, 0, 0, 0, 0, 0, 0, 0, 0, 0, 0, 0, 0, 0, 0, 0, 0], [0, 0, 0, 0, 0, 0, 0, 0, 0, 0, 0, 0, 0, 0, 0, 0, 0, 0, 0, 0, 0, 0, 0, 0, 0, 0, 0, 0, 0, 0, 0, 0], [0, 0, 0, 0, 0, 0, 0, 0, 0, 0, 0, 0, 0, 0, 0, 0, 0, 0, 0, 0, 0, 0, 0, 0, 0, 0, 0, 0, 0, 0, 0, 0], [0, 0, 0, 0, 0, 0, 0, 0, 0, 0, 0, 0, 0, 0, 0, 0, 0, 0, 0, 0, 0, 0, 0, 0, 0, 0, 0, 0, 0, 0, 0, 0], [0, 0, 0, 0, 0, 0, 0, 0, 0, 0, 0, 0, 0, 0, 0, 0, 0, 0, 0, 0, 0, 0, 0, 0, 0, 0, 0, 0, 0, 0, 0, 0], [0, 0, 0, 0, 0, 0, 0, 0, 0, 0, 0, 0, 0, 0, 0, 0, 0, 0, 0, 0, 0, 0, 0, 0, 0, 0, 0, 0, 0, 0, 0, 0], [0, 0, 0, 0, 0, 0, 0, 0, 0, 0, 0, 0, 0, 0, 0, 0, 0, 0, 0, 0, 0, 0, 0, 0, 0, 0, 0, 0, 0, 0, 0, 0], [0, 0, 0, 0, 0, 0, 0, 0, 0, 0, 0, 0, 0, 0, 0, 0, 0, 0, 0, 0, 0, 0, 0, 0, 0, 0, 0, 0, 0, 0, 0, 0], [0, 0, 0, 0, 0, 0, 0, 0, 0, 0, 0, 0, 0, 0, 0, 0, 0, 0, 0, 0, 0, 0, 0, 0, 0, 0, 0, 0, 0, 0, 0, 0], [0, 0, 0, 0, 0, 0, 0, 0, 0, 0, 0, 0, 0, 0, 0, 0, 0, 0, 0, 0, 0, 0, 0, 0, 0, 0, 0, 0, 0, 0, 0, 0], [0, 0, 0, 0, 0, 0, 0, 0, 0, 0, 0, 0, 0, 0, 0, 0, 0, 0, 0, 0, 0, 0, 0, 0, 0, 0, 0, 0, 0, 0, 0, 0], [0, 0, 0, 0, 0, 0, 0, 0, 0, 0, 0, 0, 0, 0, 0, 0, 0, 0, 0, 0, 0, 0, 0, 0, 0, 0, 0, 0, 0, 0, 0, 0], [0, 0, 0, 0, 0, 0, 0, 0, 0, 0, 0, 0, 0, 0, 0, 0, 0, 0, 0, 0, 0, 0, 0, 0, 0, 0, 0, 0, 0, 0, 0, 0], [0, 0, 0, 0, 0, 0, 0, 0, 0, 0, 0, 0, 0, 0, 0, 0, 0, 0, 0, 0, 0, 0, 0, 0, 0, 0, 0, 0, 0, 0, 0, 0], [0, 0, 0, 0, 0, 0, 0, 0, 0, 0, 0, 0, 0, 0, 0, 0, 0, 0, 0, 0, 0, 0, 0, 0, 0, 0, 0, 0, 0, 0, 0, 0], [0, 0, 0, 0, 0, 0, 0, 0, 0, 0, 0, 0, 0, 0, 0, 0, 0, 0, 0, 0, 0, 0, 0, 0, 0, 0, 0, 0, 0, 0, 0, 0], [0, 0, 0, 0, 0, 0, 0, 0, 0, 0, 0, 0, 0, 0, 0, 0, 0, 0, 0, 0, 0, 0, 0, 0, 0, 0, 0, 0, 0, 0, 0, 0], [0, 0, 0, 0, 0, 0, 0, 0, 0, 0, 0, 0, 0, 0, 0, 0, 0, 0, 0, 0, 0, 0, 0, 0, 0, 0, 0, 0, 0, 0, 0, 0], [0, 0, 0, 0, 0, 0, 0, 0, 0, 0, 0, 0, 0, 0, 0, 0, 0, 0, 0, 0, 0, 0, 0, 0, 0, 0, 0, 0, 0, 0, 0, 0], [0, 0, 0, 0, 0, 0, 0, 0, 0, 0, 0, 0, 0, 0, 0, 0, 0, 0, 0, 0, 0, 0, 0, 0, 0, 0, 0, 0, 0, 0, 0, 0], [0, 0, 0, 0, 0, 0, 0, 0, 0, 0, 0, 0, 0, 0, 0, 0, 0, 0, 0, 0, 0, 0, 0, 0, 0, 0, 0, 0, 0, 0, 0, 0], [0, 0, 0, 0, 0, 0, 0, 0, 0, 0, 0, 0, 0, 0, 0, 0, 0, 0, 0, 0, 0, 0, 0, 0, 0, 0, 0, 0, 0, 0, 0, 0], [0, 0, 0, 0, 0, 0, 0, 0, 0, 0, 0, 0, 0, 0, 0, 0, 0, 0, 0, 0, 0, 0, 0, 0, 0, 0, 0, 0, 0, 0, 0, 0], [0, 0, 0, 0, 0, 0, 0, 0, 0, 0, 0, 0, 0, 0, 0, 0, 0, 0, 0, 0, 0, 0, 0, 0, 0, 0, 0, 0, 0, 0, 0, 0], [0, 0, 0, 0, 0, 0, 0, 0, 0, 0, 0, 0, 0, 0, 0, 0, 0, 0, 0, 0, 0, 0, 0, 0, 0, 0, 0, 0, 0, 0, 0, 0], [0, 0, 0, 0, 0, 0, 0, 0, 0, 0, 0, 0, 0, 0, 0, 0, 0, 0, 0, 0, 0, 0, 0, 0, 0, 0, 0, 0, 0, 0, 0, 0], [0, 0, 0, 0, 0, 0, 0, 0, 0, 0, 0, 0, 0, 0, 0, 0, 0, 0, 0, 0, 0, 0, 0, 0, 0, 0, 0, 0, 0, 0, 0, 0], [0, 0, 0, 0, 0, 0, 0, 0, 0, 0, 0, 0, 0, 0, 0, 0, 0, 0, 0, 0, 0, 0, 0, 0, 0, 0, 0, 0, 0, 0, 0, 0], [0, 0, 0, 0, 0, 0, 0, 0, 0, 0, 0, 0, 0, 0, 0, 0, 0, 0, 0, 0, 0, 0, 0, 0, 0, 0, 0, 0, 0, 0, 0, 0], [0, 0, 0, 0, 0, 0, 0, 0, 0, 0, 0, 0, 0, 0, 0, 0, 0, 0, 0, 0, 0, 0, 0, 0, 0, 0, 0, 0, 0, 0, 0, 0], [0, 0, 0, 0, 0, 0, 0, 0, 0, 0, 0, 0, 0, 0, 0, 0, 0, 0, 0, 0, 0, 0, 0, 0, 0, 0, 0, 0, 0, 0, 0, 0], [0, 0, 0, 0, 0, 0, 0, 0, 0, 0, 0, 0, 0, 0, 0, 0, 0, 0, 0, 0, 0, 0, 0, 0, 0, 0, 0, 0, 0, 0, 0, 0], [0, 0, 0, 0, 0, 0, 0, 0, 0, 0, 0, 0, 0, 0, 0, 0, 0, 0, 0, 0, 0, 0, 0, 0, 0, 0, 0, 0, 0, 0, 0, 0], [0, 0, 0, 0, 0, 0, 0, 0, 0, 0, 0, 0, 0, 0, 0, 0, 0, 0, 0, 0, 0, 0, 0, 0, 0, 0, 0, 0, 0, 0, 0, 0], [0, 0, 0, 0, 0, 0, 0, 0, 0, 0, 0, 0, 0, 0, 0, 0, 0, 0, 0, 0, 0, 0, 0, 0, 0, 0, 0, 0, 0, 0, 0, 0], [0, 0, 0, 0, 0, 0, 0, 0, 0, 0, 0, 0, 0, 0, 0, 0, 0, 0, 0, 0, 0, 0, 0, 0, 0, 0, 0, 0, 0, 0, 0, 0], [0, 0, 0, 0, 0, 0, 0, 0, 0, 0, 0, 0, 0, 0, 0, 0, 0, 0, 0, 0, 0, 0, 0, 0, 0, 0, 0, 0, 0, 0, 0, 0], [0, 0, 0, 0, 0, 0, 0, 0, 0, 0, 0, 0, 0, 0, 0, 0, 0, 0, 0, 0, 0, 0, 0, 0, 0, 0, 0, 0, 0, 0, 0, 0], [0, 0, 0, 0, 0, 0, 0, 0, 0, 0, 0, 0, 0, 0, 0, 0, 0, 0, 0, 0, 0, 0, 0, 0, 0, 0, 0, 0, 0, 0, 0, 0], [0, 0, 0, 0, 0, 0, 0, 0, 0, 0, 0, 0, 0, 0, 0, 0, 0, 0, 0, 0, 0, 0, 0, 0, 0, 0, 0, 0, 0, 0, 0, 0], [0, 0, 0, 0, 0, 0, 0, 0, 0, 0, 0, 0, 0, 0, 0, 0, 0, 0, 0, 0, 0, 0, 0, 0, 0, 0, 0, 0, 0, 0, 0, 0], [0, 0, 0, 0, 0, 0, 0, 0, 0, 0, 0, 0, 0, 0, 0, 0, 0, 0, 0, 0, 0, 0, 0, 0, 0, 0, 0, 0, 0, 0, 0, 0], [0, 0, 0, 0, 0, 0, 0, 0, 0, 0, 0, 0, 0, 0, 0, 0, 0, 0, 0, 0, 0, 0, 0, 0, 0, 0, 0, 0, 0, 0, 0, 0], [0, 0, 0, 0, 0, 0, 0, 0, 0, 0, 0, 0, 0, 0, 0, 0, 0, 0, 0, 0, 0, 0, 0, 0, 0, 0, 0, 0, 0, 0, 0, 0], [0, 0, 0, 0, 0, 0, 0, 0, 0, 0, 0, 0, 0, 0, 0, 0, 0, 0, 0, 0, 0, 0, 0, 0, 0, 0, 0, 0, 0, 0, 0, 0], [0, 0, 0, 0, 0, 0, 0, 0, 0, 0, 0, 0, 0, 0, 0, 0, 0, 0, 0, 0, 0, 0, 0, 0, 0, 0, 0, 0, 0, 0, 0, 0], [0, 0, 0, 0, 0, 0, 0, 0, 0, 0, 0, 0, 0, 0, 0, 0, 0, 0, 0, 0, 0, 0, 0, 0, 0, 0, 0, 0, 0, 0, 0, 0], [0, 0, 0, 0, 0, 0, 0, 0, 0, 0, 0, 0, 0, 0, 0, 0, 0, 0, 0, 0, 0, 0, 0, 0, 0, 0, 0, 0, 0, 0, 0, 0], [0, 0, 0, 0, 0, 0, 0, 0, 0, 0, 0, 0, 0, 0, 0, 0, 0, 0, 0, 0, 0, 0, 0, 0, 0, 0, 0, 0, 0, 0, 0, 0], [0, 0, 0, 0, 0, 0, 0, 0, 0, 0, 0, 0, 0, 0, 0, 0, 0, 0, 0, 0, 0, 0, 0, 0, 0, 0, 0, 0, 0, 0, 0, 0], [0, 0, 0, 0, 0, 0, 0, 0, 0, 0, 0, 0, 0, 0, 0, 0, 0, 0, 0, 0, 0, 0, 0, 0, 0, 0, 0, 0, 0, 0, 0, 0], [0, 0, 0, 0, 0, 0, 0, 0, 0, 0, 0, 0, 0, 0, 0, 0, 0, 0, 0, 0, 0, 0, 0, 0, 0, 0, 0, 0, 0, 0, 0, 0], [0, 0, 0, 0, 0, 0, 0, 0, 0, 0, 0, 0, 0, 0, 0, 0, 0, 0, 0, 0, 0, 0, 0, 0, 0, 0, 0, 0, 0, 0, 0, 0], [0, 0, 0, 0, 0, 0, 0, 0, 0, 0, 0, 0, 0, 0, 0, 0, 0, 0, 0, 0, 0, 0, 0, 0, 0, 0, 0, 0, 0, 0, 0, 0], [0, 0, 0, 0, 0, 0, 0, 0, 0, 0, 0, 0, 0, 0, 0, 0, 0, 0, 0, 0, 0, 0, 0, 0, 0, 0, 0, 0, 0, 0, 0, 0], [0, 0, 0, 0, 0, 0, 0, 0, 0, 0, 0, 0, 0, 0, 0, 0, 0, 0, 0, 0, 0, 0, 0, 0, 0, 0, 0, 0, 0, 0, 0, 0], [0, 0, 0, 0, 0, 0, 0, 0, 0, 0, 0, 0, 0, 0, 0, 0, 0, 0, 0, 0, 0, 0, 0, 0, 0, 0, 0, 0, 0, 0, 0, 0], [0, 0, 0, 0, 0, 0, 0, 0, 0, 0, 0, 0, 0, 0, 0, 0, 0, 0, 0, 0, 0, 0, 0, 0, 0, 0, 0, 0, 0, 0, 0, 0], [0, 0, 0, 0, 0, 0, 0, 0, 0, 0, 0, 0, 0, 0, 0, 0, 0, 0, 0, 0, 0, 0, 0, 0, 0, 0, 0, 0, 0, 0, 0, 0], [0, 0, 0, 0, 0, 0, 0, 0, 0, 0, 0, 0, 0, 0, 0, 0, 0, 0, 0, 0, 0, 0, 0, 0, 0, 0, 0, 0, 0, 0, 0, 0], [0, 0, 0, 0, 0, 0, 0, 0, 0, 0, 0, 0, 0, 0, 0, 0, 0, 0, 0, 0, 0, 0, 0, 0, 0, 0, 0, 0, 0, 0, 0, 0], [0, 0, 0, 0, 0, 0, 0, 0, 0, 0, 0, 0, 0, 0, 0, 0, 0, 0, 0, 0, 0, 0, 0, 0, 0, 0, 0, 0, 0, 0, 0, 0], [0, 0, 0, 0, 0, 0, 0, 0, 0, 0, 0, 0, 0, 0, 0, 0, 0, 0, 0, 0, 0, 0, 0, 0, 0, 0, 0, 0, 0, 0, 0, 0], [0, 0, 0, 0, 0, 0, 0, 0, 0, 0, 0, 0, 0, 0, 0, 0, 0, 0, 0, 0, 0, 0, 0, 0, 0, 0, 0, 0, 0, 0, 0, 0], [0, 0, 0, 0, 0, 0, 0, 0, 0, 0, 0, 0, 0, 0, 0, 0, 0, 0, 0, 0, 0, 0, 0, 0, 0, 0, 0, 0, 0, 0, 0, 0], [0, 0, 0, 0, 0, 0, 0, 0, 0, 0, 0, 0, 0, 0, 0, 0, 0, 0, 0, 0, 0, 0, 0, 0, 0, 0, 0, 0, 0, 0, 0, 0], [0, 0, 0, 0, 0, 0, 0, 0, 0, 0, 0, 0, 0, 0, 0, 0, 0, 0, 0, 0, 0, 0, 0, 0, 0, 0, 0, 0, 0, 0, 0, 0], [0, 0, 0, 0, 0, 0, 0, 0, 0, 0, 0, 0, 0, 0, 0, 0, 0, 0, 0, 0, 0, 0, 0, 0, 0, 0, 0, 0, 0, 0, 0, 0], [0, 0, 0, 0, 0, 0, 0, 0, 0, 0, 0, 0, 0, 0, 0, 0, 0, 0, 0, 0, 0, 0, 0, 0, 0, 0, 0, 0, 0, 0, 0, 0], [0, 0, 0, 0, 0, 0, 0, 0, 0, 0, 0, 0, 0, 0, 0, 0, 0, 0, 0, 0, 0, 0, 0, 0, 0, 0, 0, 0, 0, 0, 0, 0], [0, 0, 0, 0, 0, 0, 0, 0, 0, 0, 0, 0, 0, 0, 0, 0, 0, 0, 0, 0, 0, 0, 0, 0, 0, 0, 0, 0, 0, 0, 0, 0], [0, 0, 0, 0, 0, 0, 0, 0, 0, 0, 0, 0, 0, 0, 0, 0, 0, 0, 0, 0, 0, 0, 0, 0, 0, 0, 0, 0, 0, 0, 0, 0], [0, 0, 0, 0, 0, 0, 0, 0, 0, 0, 0, 0, 0, 0, 0, 0, 0, 0, 0, 0, 0, 0, 0, 0, 0, 0, 0, 0, 0, 0, 0, 0], [0, 0, 0, 0, 0, 0, 0, 0, 0, 0, 0, 0, 0, 0, 0, 0, 0, 0, 0, 0, 0, 0, 0, 0, 0, 0, 0, 0, 0, 0, 0, 0], [0, 0, 0, 0, 0, 0, 0, 0, 0, 0, 0, 0, 0, 0, 0, 0, 0, 0, 0, 0, 0, 0, 0, 0, 0, 0, 0, 0, 0, 0, 0, 0], [0, 0, 0, 0, 0, 0, 0, 0, 0, 0, 0, 0, 0, 0, 0, 0, 0, 0, 0, 0, 0, 0, 0, 0, 0, 0, 0, 0, 0, 0, 0, 0], [0, 0, 0, 0, 0, 0, 0, 0, 0, 0, 0, 0, 0, 0, 0, 0, 0, 0, 0, 0, 0, 0, 0, 0, 0, 0, 0, 0, 0, 0, 0, 0], [0, 0, 0, 0, 0, 0, 0, 0, 0, 0, 0, 0, 0, 0, 0, 0, 0, 0, 0, 0, 0, 0, 0, 0, 0, 0, 0, 0, 0, 0, 0, 0], [0, 0, 0, 0, 0, 0, 0, 0, 0, 0, 0, 0, 0, 0, 0, 0, 0, 0, 0, 0, 0, 0, 0, 0, 0, 0, 0, 0, 0, 0, 0, 0], [0, 0, 0, 0, 0, 0, 0, 0, 0, 0, 0, 0, 0, 0, 0, 0, 0, 0, 0, 0, 0, 0, 0, 0, 0, 0, 0, 0, 0, 0, 0, 0], [0, 0, 0, 0, 0, 0, 0, 0, 0, 0, 0, 0, 0, 0, 0, 0, 0, 0, 0, 0, 0, 0, 0, 0, 0, 0, 0, 0, 0, 0, 0, 0], [0, 0, 0, 0, 0, 0, 0, 0, 0, 0, 0, 0, 0, 0, 0, 0, 0, 0, 0, 0, 0, 0, 0, 0, 0, 0, 0, 0, 0, 0, 0, 0], [0, 0, 0, 0, 0, 0, 0, 0, 0, 0, 0, 0, 0, 0, 0, 0, 0, 0, 0, 0, 0, 0, 0, 0, 0, 0, 0, 0, 0, 0, 0, 0], [0, 0, 0, 0, 0, 0, 0, 0, 0, 0, 0, 0, 0, 0, 0, 0, 0, 0, 0, 0, 0, 0, 0, 0, 0, 0, 0, 0, 0, 0, 0, 0], [0, 0, 0, 0, 0, 0, 0, 0, 0, 0, 0, 0, 0, 0, 0, 0, 0, 0, 0, 0, 0, 0, 0, 0, 0, 0, 0, 0, 0, 0, 0, 0], [0, 0, 0, 0, 0, 0, 0, 0, 0, 0, 0, 0, 0, 0, 0, 0, 0, 0, 0, 0, 0, 0, 0, 0, 0, 0, 0, 0, 0, 0, 0, 0], [0, 0, 0, 0, 0, 0, 0, 0, 0, 0, 0, 0, 0, 0, 0, 0, 0, 0, 0, 0, 0, 0, 0, 0, 0, 0, 0, 0, 0, 0, 0, 0], [0, 0, 0, 0, 0, 0, 0, 0, 0, 0, 0, 0, 0, 0, 0, 0, 0, 0, 0, 0, 0, 0, 0, 0, 0, 0, 0, 0, 0, 0, 0, 0], [0, 0, 0, 0, 0, 0, 0, 0, 0, 0, 0, 0, 0, 0, 0, 0, 0, 0, 0, 0, 0, 0, 0, 0, 0, 0, 0, 0, 0, 0, 0, 0], [0, 0, 0, 0, 0, 0, 0, 0, 0, 0, 0, 0, 0, 0, 0, 0, 0, 0, 0, 0, 0, 0, 0, 0, 0, 0, 0, 0, 0, 0, 0, 0], [0, 0, 0, 0, 0, 0, 0, 0, 0, 0, 0, 0, 0, 0, 0, 0, 0, 0, 0, 0, 0, 0, 0, 0, 0, 0, 0, 0, 0, 0, 0, 0], [0, 0, 0, 0, 0, 0, 0, 0, 0, 0, 0, 0, 0, 0, 0, 0, 0, 0, 0, 0, 0, 0, 0, 0, 0, 0, 0, 0, 0, 0, 0, 0], [0, 0, 0, 0, 0, 0, 0, 0, 0, 0, 0, 0, 0, 0, 0, 0, 0, 0, 0, 0, 0, 0, 0, 0, 0, 0, 0, 0, 0, 0, 0, 0], [0, 0, 0, 0, 0, 0, 0, 0, 0, 0, 0, 0, 0, 0, 0, 0, 0, 0, 0, 0, 0, 0, 0, 0, 0, 0, 0, 0, 0, 0, 0, 0], [0, 0, 0, 0, 0, 0, 0, 0, 0, 0, 0, 0, 0, 0, 0, 0, 0, 0, 0, 0, 0, 0, 0, 0, 0, 0, 0, 0, 0, 0, 0, 0], [0, 0, 0, 0, 0, 0, 0, 0, 0, 0, 0, 0, 0, 0, 0, 0, 0, 0, 0, 0, 0, 0, 0, 0, 0, 0, 0, 0, 0, 0, 0, 0], [0, 0, 0, 0, 0, 0, 0, 0, 0, 0, 0, 0, 0, 0, 0, 0, 0, 0, 0, 0, 0, 0, 0, 0, 0, 0, 0, 0, 0, 0, 0, 0], [0, 0, 0, 0, 0, 0, 0, 0, 0, 0, 0, 0, 0, 0, 0, 0, 0, 0, 0, 0, 0, 0, 0, 0, 0, 0, 0, 0, 0, 0, 0, 0], [0, 0, 0, 0, 0, 0, 0, 0, 0, 0, 0, 0, 0, 0, 0, 0, 0, 0, 0, 0, 0, 0, 0, 0, 0, 0, 0, 0, 0, 0, 0, 0], [0, 0, 0, 0, 0, 0, 0, 0, 0, 0, 0, 0, 0, 0, 0, 0, 0, 0, 0, 0, 0, 0, 0, 0, 0, 0, 0, 0, 0, 0, 0, 0], [0, 0, 0, 0, 0, 0, 0, 0, 0, 0, 0, 0, 0, 0, 0, 0, 0, 0, 0, 0, 0, 0, 0, 0, 0, 0, 0, 0, 0, 0, 0, 0], [0, 0, 0, 0, 0, 0, 0, 0, 0, 0, 0, 0, 0, 0, 0, 0, 0, 0, 0, 0, 0, 0, 0, 0, 0, 0, 0, 0, 0, 0, 0, 0], [0, 0, 0, 0, 0, 0, 0, 0, 0, 0, 0, 0, 0, 0, 0, 0, 0, 0, 0, 0, 0, 0, 0, 0, 0, 0, 0, 0, 0, 0, 0, 0], [0, 0, 0, 0, 0, 0, 0, 0, 0, 0, 0, 0, 0, 0, 0, 0, 0, 0, 0, 0, 0, 0, 0, 0, 0, 0, 0, 0, 0, 0, 0, 0], [0, 0, 0, 0, 0, 0, 0, 0, 0, 0, 0, 0, 0, 0, 0, 0, 0, 0, 0, 0, 0, 0, 0, 0, 0, 0, 0, 0, 0, 0, 0, 0], [0, 0, 0, 0, 0, 0, 0, 0, 0, 0, 0, 0, 0, 0, 0, 0, 0, 0, 0, 0, 0, 0, 0, 0, 0, 0, 0, 0, 0, 0, 0, 0], [0, 0, 0, 0, 0, 0, 0, 0, 0, 0, 0, 0, 0, 0, 0, 0, 0, 0, 0, 0, 0, 0, 0, 0, 0, 0, 0, 0, 0, 0, 0, 0], [0, 0, 0, 0, 0, 0, 0, 0, 0, 0, 0, 0, 0, 0, 0, 0, 0, 0, 0, 0, 0, 0, 0, 0, 0, 0, 0, 0, 0, 0, 0, 0], [0, 0, 0, 0, 0, 0, 0, 0, 0, 0, 0, 0, 0, 0, 0, 0, 0, 0, 0, 0, 0, 0, 0, 0, 0, 0, 0, 0, 0, 0, 0, 0], [0, 0, 0, 0, 0, 0, 0, 0, 0, 0, 0, 0, 0, 0, 0, 0, 0, 0, 0, 0, 0, 0, 0, 0, 0, 0, 0, 0, 0, 0, 0, 0], [0, 0, 0, 0, 0, 0, 0, 0, 0, 0, 0, 0, 0, 0, 0, 0, 0, 0, 0, 0, 0, 0, 0, 0, 0, 0, 0, 0, 0, 0, 0, 0], [0, 0, 0, 0, 0, 0, 0, 0, 0, 0, 0, 0, 0, 0, 0, 0, 0, 0, 0, 0, 0, 0, 0, 0, 0, 0, 0, 0, 0, 0, 0, 0], [0, 0, 0, 0, 0, 0, 0, 0, 0, 0, 0, 0, 0, 0, 0, 0, 0, 0, 0, 0, 0, 0, 0, 0, 0, 0, 0, 0, 0, 0, 0, 0], [0, 0, 0, 0, 0, 0, 0, 0, 0, 0, 0, 0, 0, 0, 0, 0, 0, 0, 0, 0, 0, 0, 0, 0, 0, 0, 0, 0, 0, 0, 0, 0], [0, 0, 0, 0, 0, 0, 0, 0, 0, 0, 0, 0, 0, 0, 0, 0, 0, 0, 0, 0, 0, 0, 0, 0, 0, 0, 0, 0, 0, 0, 0, 0], [0, 0, 0, 0, 0, 0, 0, 0, 0, 0, 0, 0, 0, 0, 0, 0, 0, 0, 0, 0, 0, 0, 0, 0, 0, 0, 0, 0, 0, 0, 0, 0], [0, 0, 0, 0, 0, 0, 0, 0, 0, 0, 0, 0, 0, 0, 0, 0, 0, 0, 0, 0, 0, 0, 0, 0, 0, 0, 0, 0, 0, 0, 0, 0], [0, 0, 0, 0, 0, 0, 0, 0, 0, 0, 0, 0, 0, 0, 0, 0, 0, 0, 0, 0, 0, 0, 0, 0, 0, 0, 0, 0, 0, 0, 0, 0], [0, 0, 0, 0, 0, 0, 0, 0, 0, 0, 0, 0, 0, 0, 0, 0, 0, 0, 0, 0, 0, 0, 0, 0, 0, 0, 0, 0, 0, 0, 0, 0], [0, 0, 0, 0, 0, 0, 0, 0, 0, 0, 0, 0, 0, 0, 0, 0, 0, 0, 0, 0, 0, 0, 0, 0, 0, 0, 0, 0, 0, 0, 0, 0], [0, 0, 0, 0, 0, 0, 0, 0, 0, 0, 0, 0, 0, 0, 0, 0, 0, 0, 0, 0, 0, 0, 0, 0, 0, 0, 0, 0, 0, 0, 0, 0], [0, 0, 0, 0, 0, 0, 0, 0, 0, 0, 0, 0, 0, 0, 0, 0, 0, 0, 0, 0, 0, 0, 0, 0, 0, 0, 0, 0, 0, 0, 0, 0], [0, 0, 0, 0, 0, 0, 0, 0, 0, 0, 0, 0, 0, 0, 0, 0, 0, 0, 0, 0, 0, 0, 0, 0, 0, 0, 0, 0, 0, 0, 0, 0], [0, 0, 0, 0, 0, 0, 0, 0, 0, 0, 0, 0, 0, 0, 0, 0, 0, 0, 0, 0, 0, 0, 0, 0, 0, 0, 0, 0, 0, 0, 0, 0], [0, 0, 0, 0, 0, 0, 0, 0, 0, 0, 0, 0, 0, 0, 0, 0, 0, 0, 0, 0, 0, 0, 0, 0, 0, 0, 0, 0, 0, 0, 0, 0], [0, 0, 0, 0, 0, 0, 0, 0, 0, 0, 0, 0, 0, 0, 0, 0, 0, 0, 0, 0, 0, 0, 0, 0, 0, 0, 0, 0, 0, 0, 0, 0], [0, 0, 0, 0, 0, 0, 0, 0, 0, 0, 0, 0, 0, 0, 0, 0, 0, 0, 0, 0, 0, 0, 0, 0, 0, 0, 0, 0, 0, 0, 0, 0], [0, 0, 0, 0, 0, 0, 0, 0, 0, 0, 0, 0, 0, 0, 0, 0, 0, 0, 0, 0, 0, 0, 0, 0, 0, 0, 0, 0, 0, 0, 0, 0], [0, 0, 0, 0, 0, 0, 0, 0, 0, 0, 0, 0, 0, 0, 0, 0, 0, 0, 0, 0, 0, 0, 0, 0, 0, 0, 0, 0, 0, 0, 0, 0], [0, 0, 0, 0, 0, 0, 0, 0, 0, 0, 0, 0, 0, 0, 0, 0, 0, 0, 0, 0, 0, 0, 0, 0, 0, 0, 0, 0, 0, 0, 0, 0], [0, 0, 0, 0, 0, 0, 0, 0, 0, 0, 0, 0, 0, 0, 0, 0, 0, 0, 0, 0, 0, 0, 0, 0, 0, 0, 0, 0, 0, 0, 0, 0], [0, 0, 0, 0, 0, 0, 0, 0, 0, 0, 0, 0, 0, 0, 0, 0, 0, 0, 0, 0, 0, 0, 0, 0, 0, 0, 0, 0, 0, 0, 0, 0], [0, 0, 0, 0, 0, 0, 0, 0, 0, 0, 0, 0, 0, 0, 0, 0, 0, 0, 0, 0, 0, 0, 0, 0, 0, 0, 0, 0, 0, 0, 0, 0], [0, 0, 0, 0, 0, 0, 0, 0, 0, 0, 0, 0, 0, 0, 0, 0, 0, 0, 0, 0, 0, 0, 0, 0, 0, 0, 0, 0, 0, 0, 0, 0], [0, 0, 0, 0, 0, 0, 0, 0, 0, 0, 0, 0, 0, 0, 0, 0, 0, 0, 0, 0, 0, 0, 0, 0, 0, 0, 0, 0, 0, 0, 0, 0], [0, 0, 0, 0, 0, 0, 0, 0, 0, 0, 0, 0, 0, 0, 0, 0, 0, 0, 0, 0, 0, 0, 0, 0, 0, 0, 0, 0, 0, 0, 0, 0], [0, 0, 0, 0, 0, 0, 0, 0, 0, 0, 0, 0, 0, 0, 0, 0, 0, 0, 0, 0, 0, 0, 0, 0, 0, 0, 0, 0, 0, 0, 0, 0], [0, 0, 0, 0, 0, 0, 0, 0, 0, 0, 0, 0, 0, 0, 0, 0, 0, 0, 0, 0, 0, 0, 0, 0, 0, 0, 0, 0, 0, 0, 0, 0], [0, 0, 0, 0, 0, 0, 0, 0, 0, 0, 0, 0, 0, 0, 0, 0, 0, 0, 0, 0, 0, 0, 0, 0, 0, 0, 0, 0, 0, 0, 0, 0], [0, 0, 0, 0, 0, 0, 0, 0, 0, 0, 0, 0, 0, 0, 0, 0, 0, 0, 0, 0, 0, 0, 0, 0, 0, 0, 0, 0, 0, 0, 0, 0], [0, 0, 0, 0, 0, 0, 0, 0, 0, 0, 0, 0, 0, 0, 0, 0, 0, 0, 0, 0, 0, 0, 0, 0, 0, 0, 0, 0, 0, 0, 0, 0], [0, 0, 0, 0, 0, 0, 0, 0, 0, 0, 0, 0, 0, 0, 0, 0, 0, 0, 0, 0, 0, 0, 0, 0, 0, 0, 0, 0, 0, 0, 0, 0], [0, 0, 0, 0, 0, 0, 0, 0, 0, 0, 0, 0, 0, 0, 0, 0, 0, 0, 0, 0, 0, 0, 0, 0, 0, 0, 0, 0, 0, 0, 0, 0], [0, 0, 0, 0, 0, 0, 0, 0, 0, 0, 0, 0, 0, 0, 0, 0, 0, 0, 0, 0, 0, 0, 0, 0, 0, 0, 0, 0, 0, 0, 0, 0], [0, 0, 0, 0, 0, 0, 0, 0, 0, 0, 0, 0, 0, 0, 0, 0, 0, 0, 0, 0, 0, 0, 0, 0, 0, 0, 0, 0, 0, 0, 0, 0], [0, 0, 0, 0, 0, 0, 0, 0, 0, 0, 0, 0, 0, 0, 0, 0, 0, 0, 0, 0, 0, 0, 0, 0, 0, 0, 0, 0, 0, 0, 0, 0], [0, 0, 0, 0, 0, 0, 0, 0, 0, 0, 0, 0, 0, 0, 0, 0, 0, 0, 0, 0, 0, 0, 0, 0, 0, 0, 0, 0, 0, 0, 0, 0], [0, 0, 0, 0, 0, 0, 0, 0, 0, 0, 0, 0, 0, 0, 0, 0, 0, 0, 0, 0, 0, 0, 0, 0, 0, 0, 0, 0, 0, 0, 0, 0], [0, 0, 0, 0, 0, 0, 0, 0, 0, 0, 0, 0, 0, 0, 0, 0, 0, 0, 0, 0, 0, 0, 0, 0, 0, 0, 0, 0, 0, 0, 0, 0], [0, 0, 0, 0, 0, 0, 0, 0, 0, 0, 0, 0, 0, 0, 0, 0, 0, 0, 0, 0, 0, 0, 0, 0, 0, 0, 0, 0, 0, 0, 0, 0], [0, 0, 0, 0, 0, 0, 0, 0, 0, 0, 0, 0, 0, 0, 0, 0, 0, 0, 0, 0, 0, 0, 0, 0, 0, 0, 0, 0, 0, 0, 0, 0], [0, 0, 0, 0, 0, 0, 0, 0, 0, 0, 0, 0, 0, 0, 0, 0, 0, 0, 0, 0, 0, 0, 0, 0, 0, 0, 0, 0, 0, 0, 0, 0], [0, 0, 0, 0, 0, 0, 0, 0, 0, 0, 0, 0, 0, 0, 0, 0, 0, 0, 0, 0, 0, 0, 0, 0, 0, 0, 0, 0, 0, 0, 0, 0], [0, 0, 0, 0, 0, 0, 0, 0, 0, 0, 0, 0, 0, 0, 0, 0, 0, 0, 0, 0, 0, 0, 0, 0, 0, 0, 0, 0, 0, 0, 0, 0], [0, 0, 0, 0, 0, 0, 0, 0, 0, 0, 0, 0, 0, 0, 0, 0, 0, 0, 0, 0, 0, 0, 0, 0, 0, 0, 0, 0, 0, 0, 0, 0], [0, 0, 0, 0, 0, 0, 0, 0, 0, 0, 0, 0, 0, 0, 0, 0, 0, 0, 0, 0, 0, 0, 0, 0, 0, 0, 0, 0, 0, 0, 0, 0], [0, 0, 0, 0, 0, 0, 0, 0, 0, 0, 0, 0, 0, 0, 0, 0, 0, 0, 0, 0, 0, 0, 0, 0, 0, 0, 0, 0, 0, 0, 0, 0], [0, 0, 0, 0, 0, 0, 0, 0, 0, 0, 0, 0, 0, 0, 0, 0, 0, 0, 0, 0, 0, 0, 0, 0, 0, 0, 0, 0, 0, 0, 0, 0], [0, 0, 0, 0, 0, 0, 0, 0, 0, 0, 0, 0, 0, 0, 0, 0, 0, 0, 0, 0, 0, 0, 0, 0, 0, 0, 0, 0, 0, 0, 0, 0], [0, 0, 0, 0, 0, 0, 0, 0, 0, 0, 0, 0, 0, 0, 0, 0, 0, 0, 0, 0, 0, 0, 0, 0, 0, 0, 0, 0, 0, 0, 0, 0], [0, 0, 0, 0, 0, 0, 0, 0, 0, 0, 0, 0, 0, 0, 0, 0, 0, 0, 0, 0, 0, 0, 0, 0, 0, 0, 0, 0, 0, 0, 0, 0], [0, 0, 0, 0, 0, 0, 0, 0, 0, 0, 0, 0, 0, 0, 0, 0, 0, 0, 0, 0, 0, 0, 0, 0, 0, 0, 0, 0, 0, 0, 0, 0], [0, 0, 0, 0, 0, 0, 0, 0, 0, 0, 0, 0, 0, 0, 0, 0, 0, 0, 0, 0, 0, 0, 0, 0, 0, 0, 0, 0, 0, 0, 0, 0], [0, 0, 0, 0, 0, 0, 0, 0, 0, 0, 0, 0, 0, 0, 0, 0, 0, 0, 0, 0, 0, 0, 0, 0, 0, 0, 0, 0, 0, 0, 0, 0], [0, 0, 0, 0, 0, 0, 0, 0, 0, 0, 0, 0, 0, 0, 0, 0, 0, 0, 0, 0, 0, 0, 0, 0, 0, 0, 0, 0, 0, 0, 0, 0], [0, 0, 0, 0, 0, 0, 0, 0, 0, 0, 0, 0, 0, 0, 0, 0, 0, 0, 0, 0, 0, 0, 0, 0, 0, 0, 0, 0, 0, 0, 0, 0], [0, 0, 0, 0, 0, 0, 0, 0, 0, 0, 0, 0, 0, 0, 0, 0, 0, 0, 0, 0, 0, 0, 0, 0, 0, 0, 0, 0, 0, 0, 0, 0], [0, 0, 0, 0, 0, 0, 0, 0, 0, 0, 0, 0, 0, 0, 0, 0, 0, 0, 0, 0, 0, 0, 0, 0, 0, 0, 0, 0, 0, 0, 0, 0], [0, 0, 0, 0, 0, 0, 0, 0, 0, 0, 0, 0, 0, 0, 0, 0, 0, 0, 0, 0, 0, 0, 0, 0, 0, 0, 0, 0, 0, 0, 0, 0], [0, 0, 0, 0, 0, 0, 0, 0, 0, 0, 0, 0, 0, 0, 0, 0, 0, 0, 0, 0, 0, 0, 0, 0, 0, 0, 0, 0, 0, 0, 0, 0], [0, 0, 0, 0, 0, 0, 0, 0, 0, 0, 0, 0, 0, 0, 0, 0, 0, 0, 0, 0, 0, 0, 0, 0, 0, 0, 0, 0, 0, 0, 0, 0], [0, 0, 0, 0, 0, 0, 0, 0, 0, 0, 0, 0, 0, 0, 0, 0, 0, 0, 0, 0, 0, 0, 0, 0, 0, 0, 0, 0, 0, 0, 0, 0], [0, 0, 0, 0, 0, 0, 0, 0, 0, 0, 0, 0, 0, 0, 0, 0, 0, 0, 0, 0, 0, 0, 0, 0, 0, 0, 0, 0, 0, 0, 0, 0], [0, 0, 0, 0, 0, 0, 0, 0, 0, 0, 0, 0, 0, 0, 0, 0, 0, 0, 0, 0, 0, 0, 0, 0, 0, 0, 0, 0, 0, 0, 0, 0], [0, 0, 0, 0, 0, 0, 0, 0, 0, 0, 0, 0, 0, 0, 0, 0, 0, 0, 0, 0, 0, 0, 0, 0, 0, 0, 0, 0, 0, 0, 0, 0], [0, 0, 0, 0, 0, 0, 0, 0, 0, 0, 0, 0, 0, 0, 0, 0, 0, 0, 0, 0, 0, 0, 0, 0, 0, 0, 0, 0, 0, 0, 0, 0], [0, 0, 0, 0, 0, 0, 0, 0, 0, 0, 0, 0, 0, 0, 0, 0, 0, 0, 0, 0, 0, 0, 0, 0, 0, 0, 0, 0, 0, 0, 0, 0], [0, 0, 0, 0, 0, 0, 0, 0, 0, 0, 0, 0, 0, 0, 0, 0, 0, 0, 0, 0, 0, 0, 0, 0, 0, 0, 0, 0, 0, 0, 0, 0], [0, 0, 0, 0, 0, 0, 0, 0, 0, 0, 0, 0, 0, 0, 0, 0, 0, 0, 0, 0, 0, 0, 0, 0, 0, 0, 0, 0, 0, 0, 0, 0], [0, 0, 0, 0, 0, 0, 0, 0, 0, 0, 0, 0, 0, 0, 0, 0, 0, 0, 0, 0, 0, 0, 0, 0, 0, 0, 0, 0, 0, 0, 0, 0], [0, 0, 0, 0, 0, 0, 0, 0, 0, 0, 0, 0, 0, 0, 0, 0, 0, 0, 0, 0, 0, 0, 0, 0, 0, 0, 0, 0, 0, 0, 0, 0], [0, 0, 0, 0, 0, 0, 0, 0, 0, 0, 0, 0, 0, 0, 0, 0, 0, 0, 0, 0, 0, 0, 0, 0, 0, 0, 0, 0, 0, 0, 0, 0], [0, 0, 0, 0, 0, 0, 0, 0, 0, 0, 0, 0, 0, 0, 0, 0, 0, 0, 0, 0, 0, 0, 0, 0, 0, 0, 0, 0, 0, 0, 0, 0], [0, 0, 0, 0, 0, 0, 0, 0, 0, 0, 0, 0, 0, 0, 0, 0, 0, 0, 0, 0, 0, 0, 0, 0, 0, 0, 0, 0, 0, 0, 0, 0], [0, 0, 0, 0, 0, 0, 0, 0, 0, 0, 0, 0, 0, 0, 0, 0, 0, 0, 0, 0, 0, 0, 0, 0, 0, 0, 0, 0, 0, 0, 0, 0], [0, 0, 0, 0, 0, 0, 0, 0, 0, 0, 0, 0, 0, 0, 0, 0, 0, 0, 0, 0, 0, 0, 0, 0, 0, 0, 0, 0, 0, 0, 0, 0], [0, 0, 0, 0, 0, 0, 0, 0, 0, 0, 0, 0, 0, 0, 0, 0, 0, 0, 0, 0, 0, 0, 0, 0, 0, 0, 0, 0, 0, 0, 0, 0], [0, 0, 0, 0, 0, 0, 0, 0, 0, 0, 0, 0, 0, 0, 0, 0, 0, 0, 0, 0, 0, 0, 0, 0, 0, 0, 0, 0, 0, 0, 0, 0], [0, 0, 0, 0, 0, 0, 0, 0, 0, 0, 0, 0, 0, 0, 0, 0, 0, 0, 0, 0, 0, 0, 0, 0, 0, 0, 0, 0, 0, 0, 0, 0], [0, 0, 0, 0, 0, 0, 0, 0, 0, 0, 0, 0, 0, 0, 0, 0, 0, 0, 0, 0, 0, 0, 0, 0, 0, 0, 0, 0, 0, 0, 0, 0], [0, 0, 0, 0, 0, 0, 0, 0, 0, 0, 0, 0, 0, 0, 0, 0, 0, 0, 0, 0, 0, 0, 0, 0, 0, 0, 0, 0, 0, 0, 0, 0], [0, 0, 0, 0, 0, 0, 0, 0, 0, 0, 0, 0, 0, 0, 0, 0, 0, 0, 0, 0, 0, 0, 0, 0, 0, 0, 0, 0, 0, 0, 0, 0], [0, 0, 0, 0, 0, 0, 0, 0, 0, 0, 0, 0, 0, 0, 0, 0, 0, 0, 0, 0, 0, 0, 0, 0, 0, 0, 0, 0, 0, 0, 0, 0], [0, 0, 0, 0, 0, 0, 0, 0, 0, 0, 0, 0, 0, 0, 0, 0, 0, 0, 0, 0, 0, 0, 0, 0, 0, 0, 0, 0, 0, 0, 0, 0], [0, 0, 0, 0, 0, 0, 0, 0, 0, 0, 0, 0, 0, 0, 0, 0, 0, 0, 0, 0, 0, 0, 0, 0, 0, 0, 0, 0, 0, 0, 0, 0], [0, 0, 0, 0, 0, 0, 0, 0, 0, 0, 0, 0, 0, 0, 0, 0, 0, 0, 0, 0, 0, 0, 0, 0, 0, 0, 0, 0, 0, 0, 0, 0], [0, 0, 0, 0, 0, 0, 0, 0, 0, 0, 0, 0, 0, 0, 0, 0, 0, 0, 0, 0, 0, 0, 0, 0, 0, 0, 0, 0, 0, 0, 0, 0], [0, 0, 0, 0, 0, 0, 0, 0, 0, 0, 0, 0, 0, 0, 0, 0, 0, 0, 0, 0, 0, 0, 0, 0, 0, 0, 0, 0, 0, 0, 0, 0], [0, 0, 0, 0, 0, 0, 0, 0, 0, 0, 0, 0, 0, 0, 0, 0, 0, 0, 0, 0, 0, 0, 0, 0, 0, 0, 0, 0, 0, 0, 0, 0], [0, 0, 0, 0, 0, 0, 0, 0, 0, 0, 0, 0, 0, 0, 0, 0, 0, 0, 0, 0, 0, 0, 0, 0, 0, 0, 0, 0, 0, 0, 0, 0], [0, 0, 0, 0, 0, 0, 0, 0, 0, 0, 0, 0, 0, 0, 0, 0, 0, 0, 0, 0, 0, 0, 0, 0, 0, 0, 0, 0, 0, 0, 0, 0], [0, 0, 0, 0, 0, 0, 0, 0, 0, 0, 0, 0, 0, 0, 0, 0, 0, 0, 0, 0, 0, 0, 0, 0, 0, 0, 0, 0, 0, 0, 0, 0], [0, 0, 0, 0, 0, 0, 0, 0, 0, 0, 0, 0, 0, 0, 0, 0, 0, 0, 0, 0, 0, 0, 0, 0, 0, 0, 0, 0, 0, 0, 0, 0], [0, 0, 0, 0, 0, 0, 0, 0, 0, 0, 0, 0, 0, 0, 0, 0, 0, 0, 0, 0, 0, 0, 0, 0, 0, 0, 0, 0, 0, 0, 0, 0], [0, 0, 0, 0, 0, 0, 0, 0, 0, 0, 0, 0, 0, 0, 0, 0, 0, 0, 0, 0, 0, 0, 0, 0, 0, 0, 0, 0, 0, 0, 0, 0], [0, 0, 0, 0, 0, 0, 0, 0, 0, 0, 0, 0, 0, 0, 0, 0, 0, 0, 0, 0, 0, 0, 0, 0, 0, 0, 0, 0, 0, 0, 0, 0], [0, 0, 0, 0, 0, 0, 0, 0, 0, 0, 0, 0, 0, 0, 0, 0, 0, 0, 0, 0, 0, 0, 0, 0, 0, 0, 0, 0, 0, 0, 0, 0], [0, 0, 0, 0, 0, 0, 0, 0, 0, 0, 0, 0, 0, 0, 0, 0, 0, 0, 0, 0, 0, 0, 0, 0, 0, 0, 0, 0, 0, 0, 0, 0], [0, 0, 0, 0, 0, 0, 0, 0, 0, 0, 0, 0, 0, 0, 0, 0, 0, 0, 0, 0, 0, 0, 0, 0, 0, 0, 0, 0, 0, 0, 0, 0], [0, 0, 0, 0, 0, 0, 0, 0, 0, 0, 0, 0, 0, 0, 0, 0, 0, 0, 0, 0, 0, 0, 0, 0, 0, 0, 0, 0, 0, 0, 0, 0], [0, 0, 0, 0, 0, 0, 0, 0, 0, 0, 0, 0, 0, 0, 0, 0, 0, 0, 0, 0, 0, 0, 0, 0, 0, 0, 0, 0, 0, 0, 0, 0], [0, 0, 0, 0, 0, 0, 0, 0, 0, 0, 0, 0, 0, 0, 0, 0, 0, 0, 0, 0, 0, 0, 0, 0, 0, 0, 0, 0, 0, 0, 0, 0], [0, 0, 0, 0, 0, 0, 0, 0, 0, 0, 0, 0, 0, 0, 0, 0, 0, 0, 0, 0, 0, 0, 0, 0, 0, 0, 0, 0, 0, 0, 0, 0], [0, 0, 0, 0, 0, 0, 0, 0, 0, 0, 0, 0, 0, 0, 0, 0, 0, 0, 0, 0, 0, 0, 0, 0, 0, 0, 0, 0, 0, 0, 0, 0], [0, 0, 0, 0, 0, 0, 0, 0, 0, 0, 0, 0, 0, 0, 0, 0, 0, 0, 0, 0, 0, 0, 0, 0, 0, 0, 0, 0, 0, 0, 0, 0], [0, 0, 0, 0, 0, 0, 0, 0, 0, 0, 0, 0, 0, 0, 0, 0, 0, 0, 0, 0, 0, 0, 0, 0, 0, 0, 0, 0, 0, 0, 0, 0], [0, 0, 0, 0, 0, 0, 0, 0, 0, 0, 0, 0, 0, 0, 0, 0, 0, 0, 0, 0, 0, 0, 0, 0, 0, 0, 0, 0, 0, 0, 0, 0], [0, 0, 0, 0, 0, 0, 0, 0, 0, 0, 0, 0, 0, 0, 0, 0, 0, 0, 0, 0, 0, 0, 0, 0, 0, 0, 0, 0, 0, 0, 0, 0], [0, 0, 0, 0, 0, 0, 0, 0, 0, 0, 0, 0, 0, 0, 0, 0, 0, 0, 0, 0, 0, 0, 0, 0, 0, 0, 0, 0, 0, 0, 0, 0], [0, 0, 0, 0, 0, 0, 0, 0, 0, 0, 0, 0, 0, 0, 0, 0, 0, 0, 0, 0, 0, 0, 0, 0, 0, 0, 0, 0, 0, 0, 0, 0], [0, 0, 0, 0, 0, 0, 0, 0, 0, 0, 0, 0, 0, 0, 0, 0, 0, 0, 0, 0, 0, 0, 0, 0, 0, 0, 0, 0, 0, 0, 0, 0], [0, 0, 0, 0, 0, 0, 0, 0, 0, 0, 0, 0, 0, 0, 0, 0, 0, 0, 0, 0, 0, 0, 0, 0, 0, 0, 0, 0, 0, 0, 0, 0], [0, 0, 0, 0, 0, 0, 0, 0, 0, 0, 0, 0, 0, 0, 0, 0, 0, 0, 0, 0, 0, 0, 0, 0, 0, 0, 0, 0, 0, 0, 0, 0], [0, 0, 0, 0, 0, 0, 0, 0, 0, 0, 0, 0, 0, 0, 0, 0, 0, 0, 0, 0, 0, 0, 0, 0, 0, 0, 0, 0, 0, 0, 0, 0], [0, 0, 0, 0, 0, 0, 0, 0, 0, 0, 0, 0, 0, 0, 0, 0, 0, 0, 0, 0, 0, 0, 0, 0, 0, 0, 0, 0, 0, 0, 0, 0], [0, 0, 0, 0, 0, 0, 0, 0, 0, 0, 0, 0, 0, 0, 0, 0, 0, 0, 0, 0, 0, 0, 0, 0, 0, 0, 0, 0, 0, 0, 0, 0], [0, 0, 0, 0, 0, 0, 0, 0, 0, 0, 0, 0, 0, 0, 0, 0, 0, 0, 0, 0, 0, 0, 0, 0, 0, 0, 0, 0, 0, 0, 0, 0], [0, 0, 0, 0, 0, 0, 0, 0, 0, 0, 0, 0, 0, 0, 0, 0, 0, 0, 0, 0, 0, 0, 0, 0, 0, 0, 0, 0, 0, 0, 0, 0], [0, 0, 0, 0, 0, 0, 0, 0, 0, 0, 0, 0, 0, 0, 0, 0, 0, 0, 0, 0, 0, 0, 0, 0, 0, 0, 0, 0, 0, 0, 0, 0], [0, 0, 0, 0, 0, 0, 0, 0, 0, 0, 0, 0, 0, 0, 0, 0, 0, 0, 0, 0, 0, 0, 0, 0, 0, 0, 0, 0, 0, 0, 0, 0], [0, 0, 0, 0, 0, 0, 0, 0, 0, 0, 0, 0, 0, 0, 0, 0, 0, 0, 0, 0, 0, 0, 0, 0, 0, 0, 0, 0, 0, 0, 0, 0], [0, 0, 0, 0, 0, 0, 0, 0, 0, 0, 0, 0, 0, 0, 0, 0, 0, 0, 0, 0, 0, 0, 0, 0, 0, 0, 0, 0, 0, 0, 0, 0], [0, 0, 0, 0, 0, 0, 0, 0, 0, 0, 0, 0, 0, 0, 0, 0, 0, 0, 0, 0, 0, 0, 0, 0, 0, 0, 0, 0, 0, 0, 0, 0], [0, 0, 0, 0, 0, 0, 0, 0, 0, 0, 0, 0, 0, 0, 0, 0, 0, 0, 0, 0, 0, 0, 0, 0, 0, 0, 0, 0, 0, 0, 0, 0], [0, 0, 0, 0, 0, 0, 0, 0, 0, 0, 0, 0, 0, 0, 0, 0, 0, 0, 0, 0, 0, 0, 0, 0, 0, 0, 0, 0, 0, 0, 0, 0], [0, 0, 0, 0, 0, 0, 0, 0, 0, 0, 0, 0, 0, 0, 0, 0, 0, 0, 0, 0, 0, 0, 0, 0, 0, 0, 0, 0, 0, 0, 0, 0], [0, 0, 0, 0, 0, 0, 0, 0, 0, 0, 0, 0, 0, 0, 0, 0, 0, 0, 0, 0, 0, 0, 0, 0, 0, 0, 0, 0, 0, 0, 0, 0], [0, 0, 0, 0, 0, 0, 0, 0, 0, 0, 0, 0, 0, 0, 0, 0, 0, 0, 0, 0, 0, 0, 0, 0, 0, 0, 0, 0, 0, 0, 0, 0], [0, 0, 0, 0, 0, 0, 0, 0, 0, 0, 0, 0, 0, 0, 0, 0, 0, 0, 0, 0, 0, 0, 0, 0, 0, 0, 0, 0, 0, 0, 0, 0], [0, 0, 0, 0, 0, 0, 0, 0, 0, 0, 0, 0, 0, 0, 0, 0, 0, 0, 0, 0, 0, 0, 0, 0, 0, 0, 0, 0, 0, 0, 0, 0], [0, 0, 0, 0, 0, 0, 0, 0, 0, 0, 0, 0, 0, 0, 0, 0, 0, 0, 0, 0, 0, 0, 0, 0, 0, 0, 0, 0, 0, 0, 0, 0], [0, 0, 0, 0, 0, 0, 0, 0, 0, 0, 0, 0, 0, 0, 0, 0, 0, 0, 0, 0, 0, 0, 0, 0, 0, 0, 0, 0, 0, 0, 0, 0], [0, 0, 0, 0, 0, 0, 0, 0, 0, 0, 0, 0, 0, 0, 0, 0, 0, 0, 0, 0, 0, 0, 0, 0, 0, 0, 0, 0, 0, 0, 0, 0], [0, 0, 0, 0, 0, 0, 0, 0, 0, 0, 0, 0, 0, 0, 0, 0, 0, 0, 0, 0, 0, 0, 0, 0, 0, 0, 0, 0, 0, 0, 0, 0], [0, 0, 0, 0, 0, 0, 0, 0, 0, 0, 0, 0, 0, 0, 0, 0, 0, 0, 0, 0, 0, 0, 0, 0, 0, 0, 0, 0, 0, 0, 0, 0], [0, 0, 0, 0, 0, 0, 0, 0, 0, 0, 0, 0, 0, 0, 0, 0, 0, 0, 0, 0, 0, 0, 0, 0, 0, 0, 0, 0, 0, 0, 0, 0], [0, 0, 0, 0, 0, 0, 0, 0, 0, 0, 0, 0, 0, 0, 0, 0, 0, 0, 0, 0, 0, 0, 0, 0, 0, 0, 0, 0, 0, 0, 0, 0], [0, 0, 0, 0, 0, 0, 0, 0, 0, 0, 0, 0, 0, 0, 0, 0, 0, 0, 0, 0, 0, 0, 0, 0, 0, 0, 0, 0, 0, 0, 0, 0], [0, 0, 0, 0, 0, 0, 0, 0, 0, 0, 0, 0, 0, 0, 0, 0, 0, 0, 0, 0, 0, 0, 0, 0, 0, 0, 0, 0, 0, 0, 0, 0], [0, 0, 0, 0, 0, 0, 0, 0, 0, 0, 0, 0, 0, 0, 0, 0, 0, 0, 0, 0, 0, 0, 0, 0, 0, 0, 0, 0, 0, 0, 0, 0], [0, 0, 0, 0, 0, 0, 0, 0, 0, 0, 0, 0, 0, 0, 0, 0, 0, 0, 0, 0, 0, 0, 0, 0, 0, 0, 0, 0, 0, 0, 0, 0], [0, 0, 0, 0, 0, 0, 0, 0, 0, 0, 0, 0, 0, 0, 0, 0, 0, 0, 0, 0, 0, 0, 0, 0, 0, 0, 0, 0, 0, 0, 0, 0], [0, 0, 0, 0, 0, 0, 0, 0, 0, 0, 0, 0, 0, 0, 0, 0, 0, 0, 0, 0, 0, 0, 0, 0, 0, 0, 0, 0, 0, 0, 0, 0], [0, 0, 0, 0, 0, 0, 0, 0, 0, 0, 0, 0, 0, 0, 0, 0, 0, 0, 0, 0, 0, 0, 0, 0, 0, 0, 0, 0, 0, 0, 0, 0], [0, 0, 0, 0, 0, 0, 0, 0, 0, 0, 0, 0, 0, 0, 0, 0, 0, 0, 0, 0, 0, 0, 0, 0, 0, 0, 0, 0, 0, 0, 0, 0], [0, 0, 0, 0, 0, 0, 0, 0, 0, 0, 0, 0, 0, 0, 0, 0, 0, 0, 0, 0, 0, 0, 0, 0, 0, 0, 0, 0, 0, 0, 0, 0], [0, 0, 0, 0, 0, 0, 0, 0, 0, 0, 0, 0, 0, 0, 0, 0, 0, 0, 0, 0, 0, 0, 0, 0, 0, 0, 0, 0, 0, 0, 0, 0], [0, 0, 0, 0, 0, 0, 0, 0, 0, 0, 0, 0, 0, 0, 0, 0, 0, 0, 0, 0, 0, 0, 0, 0, 0, 0, 0, 0, 0, 0, 0, 0], [0, 0, 0, 0, 0, 0, 0, 0, 0, 0, 0, 0, 0, 0, 0, 0, 0, 0, 0, 0, 0, 0, 0, 0, 0, 0, 0, 0, 0, 0, 0, 0], [0, 0, 0, 0, 0, 0, 0, 0, 0, 0, 0, 0, 0, 0, 0, 0, 0, 0, 0, 0, 0, 0, 0, 0, 0, 0, 0, 0, 0, 0, 0, 0], [0, 0, 0, 0, 0, 0, 0, 0, 0, 0, 0, 0, 0, 0, 0, 0, 0, 0, 0, 0, 0, 0, 0, 0, 0, 0, 0, 0, 0, 0, 0, 0], [0, 0, 0, 0, 0, 0, 0, 0, 0, 0, 0, 0, 0, 0, 0, 0, 0, 0, 0, 0, 0, 0, 0, 0, 0, 0, 0, 0, 0, 0, 0, 0], [0, 0, 0, 0, 0, 0, 0, 0, 0, 0, 0, 0, 0, 0, 0, 0, 0, 0, 0, 0, 0, 0, 0, 0, 0, 0, 0, 0, 0, 0, 0, 0], [0, 0, 0, 0, 0, 0, 0, 0, 0, 0, 0, 0, 0, 0, 0, 0, 0, 0, 0, 0, 0, 0, 0, 0, 0, 0, 0, 0, 0, 0, 0, 0], [0, 0, 0, 0, 0, 0, 0, 0, 0, 0, 0, 0, 0, 0, 0, 0, 0, 0, 0, 0, 0, 0, 0, 0, 0, 0, 0, 0, 0, 0, 0, 0], [0, 0, 0, 0, 0, 0, 0, 0, 0, 0, 0, 0, 0, 0, 0, 0, 0, 0, 0, 0, 0, 0, 0, 0, 0, 0, 0, 0, 0, 0, 0, 0], [0, 0, 0, 0, 0, 0, 0, 0, 0, 0, 0, 0, 0, 0, 0, 0, 0, 0, 0, 0, 0, 0, 0, 0, 0, 0, 0, 0, 0, 0, 0, 0], [0, 0, 0, 0, 0, 0, 0, 0, 0, 0, 0, 0, 0, 0, 0, 0, 0, 0, 0, 0, 0, 0, 0, 0, 0, 0, 0, 0, 0, 0, 0, 0], [0, 0, 0, 0, 0, 0, 0, 0, 0, 0, 0, 0, 0, 0, 0, 0, 0, 0, 0, 0, 0, 0, 0, 0, 0, 0, 0, 0, 0, 0, 0, 0], [0, 0, 0, 0, 0, 0, 0, 0, 0, 0, 0, 0, 0, 0, 0, 0, 0, 0, 0, 0, 0, 0, 0, 0, 0, 0, 0, 0, 0, 0, 0, 0], [0, 0, 0, 0, 0, 0, 0, 0, 0, 0, 0, 0, 0, 0, 0, 0, 0, 0, 0, 0, 0, 0, 0, 0, 0, 0, 0, 0, 0, 0, 0, 0], [0, 0, 0, 0, 0, 0, 0, 0, 0, 0, 0, 0, 0, 0, 0, 0, 0, 0, 0, 0, 0, 0, 0, 0, 0, 0, 0, 0, 0, 0, 0, 0], [0, 0, 0, 0, 0, 0, 0, 0, 0, 0, 0, 0, 0, 0, 0, 0, 0, 0, 0, 0, 0, 0, 0, 0, 0, 0, 0, 0, 0, 0, 0, 0], [0, 0, 0, 0, 0, 0, 0, 0, 0, 0, 0, 0, 0, 0, 0, 0, 0, 0, 0, 0, 0, 0, 0, 0, 0, 0, 0, 0, 0, 0, 0, 0], [0, 0, 0, 0, 0, 0, 0, 0, 0, 0, 0, 0, 0, 0, 0, 0, 0, 0, 0, 0, 0, 0, 0, 0, 0, 0, 0, 0, 0, 0, 0, 0], [0, 0, 0, 0, 0, 0, 0, 0, 0, 0, 0, 0, 0, 0, 0, 0, 0, 0, 0, 0, 0, 0, 0, 0, 0, 0, 0, 0, 0, 0, 0, 0], [0, 0, 0, 0, 0, 0, 0, 0, 0, 0, 0, 0, 0, 0, 0, 0, 0, 0, 0, 0, 0, 0, 0, 0, 0, 0, 0, 0, 0, 0, 0, 0], [0, 0, 0, 0, 0, 0, 0, 0, 0, 0, 0, 0, 0, 0, 0, 0, 0, 0, 0, 0, 0, 0, 0, 0, 0, 0, 0, 0, 0, 0, 0, 0], [0, 0, 0, 0, 0, 0, 0, 0, 0, 0, 0, 0, 0, 0, 0, 0, 0, 0, 0, 0, 0, 0, 0, 0, 0, 0, 0, 0, 0, 0, 0, 0], [0, 0, 0, 0, 0, 0, 0, 0, 0, 0, 0, 0, 0, 0, 0, 0, 0, 0, 0, 0, 0, 0, 0, 0, 0, 0, 0, 0, 0, 0, 0, 0], [0, 0, 0, 0, 0, 0, 0, 0, 0, 0, 0, 0, 0, 0, 0, 0, 0, 0, 0, 0, 0, 0, 0, 0, 0, 0, 0, 0, 0, 0, 0, 0], [0, 0, 0, 0, 0, 0, 0, 0, 0, 0, 0, 0, 0, 0, 0, 0, 0, 0, 0, 0, 0, 0, 0, 0, 0, 0, 0, 0, 0, 0, 0, 0], [0, 0, 0, 0, 0, 0, 0, 0, 0, 0, 0, 0, 0, 0, 0, 0, 0, 0, 0, 0, 0, 0, 0, 0, 0, 0, 0, 0, 0, 0, 0, 0], [0, 0, 0, 0, 0, 0, 0, 0, 0, 0, 0, 0, 0, 0, 0, 0, 0, 0, 0, 0, 0, 0, 0, 0, 0, 0, 0, 0, 0, 0, 0, 0], [0, 0, 0, 0, 0, 0, 0, 0, 0, 0, 0, 0, 0, 0, 0, 0, 0, 0, 0, 0, 0, 0, 0, 0, 0, 0, 0, 0, 0, 0, 0, 0], [0, 0, 0, 0, 0, 0, 0, 0, 0, 0, 0, 0, 0, 0, 0, 0, 0, 0, 0, 0, 0, 0, 0, 0, 0, 0, 0, 0, 0, 0, 0, 0], [0, 0, 0, 0, 0, 0, 0, 0, 0, 0, 0, 0, 0, 0, 0, 0, 0, 0, 0, 0, 0, 0, 0, 0, 0, 0, 0, 0, 0, 0, 0, 0], [0, 0, 0, 0, 0, 0, 0, 0, 0, 0, 0, 0, 0, 0, 0, 0, 0, 0, 0, 0, 0, 0, 0, 0, 0, 0, 0, 0, 0, 0, 0, 0], [0, 0, 0, 0, 0, 0, 0, 0, 0, 0, 0, 0, 0, 0, 0, 0, 0, 0, 0, 0, 0, 0, 0, 0, 0, 0, 0, 0, 0, 0, 0, 0], [0, 0, 0, 0, 0, 0, 0, 0, 0, 0, 0, 0, 0, 0, 0, 0, 0, 0, 0, 0, 0, 0, 0, 0, 0, 0, 0, 0, 0, 0, 0, 0], [0, 0, 0, 0, 0, 0, 0, 0, 0, 0, 0, 0, 0, 0, 0, 0, 0, 0, 0, 0, 0, 0, 0, 0, 0, 0, 0, 0, 0, 0, 0, 0], [0, 0, 0, 0, 0, 0, 0, 0, 0, 0, 0, 0, 0, 0, 0, 0, 0, 0, 0, 0, 0, 0, 0, 0, 0, 0, 0, 0, 0, 0, 0, 0], [0, 0, 0, 0, 0, 0, 0, 0, 0, 0, 0, 0, 0, 0, 0, 0, 0, 0, 0, 0, 0, 0, 0, 0, 0, 0, 0, 0, 0, 0, 0, 0], [0, 0, 0, 0, 0, 0, 0, 0, 0, 0, 0, 0, 0, 0, 0, 0, 0, 0, 0, 0, 0, 0, 0, 0, 0, 0, 0, 0, 0, 0, 0, 0], [0, 0, 0, 0, 0, 0, 0, 0, 0, 0, 0, 0, 0, 0, 0, 0, 0, 0, 0, 0, 0, 0, 0, 0, 0, 0, 0, 0, 0, 0, 0, 0], [0, 0, 0, 0, 0, 0, 0, 0, 0, 0, 0, 0, 0, 0, 0, 0, 0, 0, 0, 0, 0, 0, 0, 0, 0, 0, 0, 0, 0, 0, 0, 0], [0, 0, 0, 0, 0, 0, 0, 0, 0, 0, 0, 0, 0, 0, 0, 0, 0, 0, 0, 0, 0, 0, 0, 0, 0, 0, 0, 0, 0, 0, 0, 0], [0, 0, 0, 0, 0, 0, 0, 0, 0, 0, 0, 0, 0, 0, 0, 0, 0, 0, 0, 0, 0, 0, 0, 0, 0, 0, 0, 0, 0, 0, 0, 0], [0, 0, 0, 0, 0, 0, 0, 0, 0, 0, 0, 0, 0, 0, 0, 0, 0, 0, 0, 0, 0, 0, 0, 0, 0, 0, 0, 0, 0, 0, 0, 0], [0, 0, 0, 0, 0, 0, 0, 0, 0, 0, 0, 0, 0, 0, 0, 0, 0, 0, 0, 0, 0, 0, 0, 0, 0, 0, 0, 0, 0, 0, 0, 0], [0, 0, 0, 0, 0, 0, 0, 0, 0, 0, 0, 0, 0, 0, 0, 0, 0, 0, 0, 0, 0, 0, 0, 0, 0, 0, 0, 0, 0, 0, 0, 0], [0, 0, 0, 0, 0, 0, 0, 0, 0, 0, 0, 0, 0, 0, 0, 0, 0, 0, 0, 0, 0, 0, 0, 0, 0, 0, 0, 0, 0, 0, 0, 0], [0, 0, 0, 0, 0, 0, 0, 0, 0, 0, 0, 0, 0, 0, 0, 0, 0, 0, 0, 0, 0, 0, 0, 0, 0, 0, 0, 0, 0, 0, 0, 0], [0, 0, 0, 0, 0, 0, 0, 0, 0, 0, 0, 0, 0, 0, 0, 0, 0, 0, 0, 0, 0, 0, 0, 0, 0, 0, 0, 0, 0, 0, 0, 0], [0, 0, 0, 0, 0, 0, 0, 0, 0, 0, 0, 0, 0, 0, 0, 0, 0, 0, 0, 0, 0, 0, 0, 0, 0, 0, 0, 0, 0, 0, 0, 0], [0, 0, 0, 0, 0, 0, 0, 0, 0, 0, 0, 0, 0, 0, 0, 0, 0, 0, 0, 0, 0, 0, 0, 0, 0, 0, 0, 0, 0, 0, 0, 0], [0, 0, 0, 0, 0, 0, 0, 0, 0, 0, 0, 0, 0, 0, 0, 0, 0, 0, 0, 0, 0, 0, 0, 0, 0, 0, 0, 0, 0, 0, 0, 0], [0, 0, 0, 0, 0, 0, 0, 0, 0, 0, 0, 0, 0, 0, 0, 0, 0, 0, 0, 0, 0, 0, 0, 0, 0, 0, 0, 0, 0, 0, 0, 0], [0, 0, 0, 0, 0, 0, 0, 0, 0, 0, 0, 0, 0, 0, 0, 0, 0, 0, 0, 0, 0, 0, 0, 0, 0, 0, 0, 0, 0, 0, 0, 0], [0, 0, 0, 0, 0, 0, 0, 0, 0, 0, 0, 0, 0, 0, 0, 0, 0, 0, 0, 0, 0, 0, 0, 0, 0, 0, 0, 0, 0, 0, 0, 0], [0, 0, 0, 0, 0, 0, 0, 0, 0, 0, 0, 0, 0, 0, 0, 0, 0, 0, 0, 0, 0, 0, 0, 0, 0, 0, 0, 0, 0, 0, 0, 0], [0, 0, 0, 0, 0, 0, 0, 0, 0, 0, 0, 0, 0, 0, 0, 0, 0, 0, 0, 0, 0, 0, 0, 0, 0, 0, 0, 0, 0, 0, 0, 0], [0, 0, 0, 0, 0, 0, 0, 0, 0, 0, 0, 0, 0, 0, 0, 0, 0, 0, 0, 0, 0, 0, 0, 0, 0, 0, 0, 0, 0, 0, 0, 0], [0, 0, 0, 0, 0, 0, 0, 0, 0, 0, 0, 0, 0, 0, 0, 0, 0, 0, 0, 0, 0, 0, 0, 0, 0, 0, 0, 0, 0, 0, 0, 0], [0, 0, 0, 0, 0, 0, 0, 0, 0, 0, 0, 0, 0, 0, 0, 0, 0, 0, 0, 0, 0, 0, 0, 0, 0, 0, 0, 0, 0, 0, 0, 0], [0, 0, 0, 0, 0, 0, 0, 0, 0, 0, 0, 0, 0, 0, 0, 0, 0, 0, 0, 0, 0, 0, 0, 0, 0, 0, 0, 0, 0, 0, 0, 0], [0, 0, 0, 0, 0, 0, 0, 0, 0, 0, 0, 0, 0, 0, 0, 0, 0, 0, 0, 0, 0, 0, 0, 0, 0, 0, 0, 0, 0, 0, 0, 0], [0, 0, 0, 0, 0, 0, 0, 0, 0, 0, 0, 0, 0, 0, 0, 0, 0, 0, 0, 0, 0, 0, 0, 0, 0, 0, 0, 0, 0, 0, 0, 0], [0, 0, 0, 0, 0, 0, 0, 0, 0, 0, 0, 0, 0, 0, 0, 0, 0, 0, 0, 0, 0, 0, 0, 0, 0, 0, 0, 0, 0, 0, 0, 0], [0, 0, 0, 0, 0, 0, 0, 0, 0, 0, 0, 0, 0, 0, 0, 0, 0, 0, 0, 0, 0, 0, 0, 0, 0, 0, 0, 0, 0, 0, 0, 0], [0, 0, 0, 0, 0, 0, 0, 0, 0, 0, 0, 0, 0, 0, 0, 0, 0, 0, 0, 0, 0, 0, 0, 0, 0, 0, 0, 0, 0, 0, 0, 0], [0, 0, 0, 0, 0, 0, 0, 0, 0, 0, 0, 0, 0, 0, 0, 0, 0, 0, 0, 0, 0, 0, 0, 0, 0, 0, 0, 0, 0, 0, 0, 0], [0, 0, 0, 0, 0, 0, 0, 0, 0, 0, 0, 0, 0, 0, 0, 0, 0, 0, 0, 0, 0, 0, 0, 0, 0, 0, 0, 0, 0, 0, 0, 0], [0, 0, 0, 0, 0, 0, 0, 0, 0, 0, 0, 0, 0, 0, 0, 0, 0, 0, 0, 0, 0, 0, 0, 0, 0, 0, 0, 0, 0, 0, 0, 0], [0, 0, 0, 0, 0, 0, 0, 0, 0, 0, 0, 0, 0, 0, 0, 0, 0, 0, 0, 0, 0, 0, 0, 0, 0, 0, 0, 0, 0, 0, 0, 0], [0, 0, 0, 0, 0, 0, 0, 0, 0, 0, 0, 0, 0, 0, 0, 0, 0, 0, 0, 0, 0, 0, 0, 0, 0, 0, 0, 0, 0, 0, 0, 0], [0, 0, 0, 0, 0, 0, 0, 0, 0, 0, 0, 0, 0, 0, 0, 0, 0, 0, 0, 0, 0, 0, 0, 0, 0, 0, 0, 0, 0, 0, 0, 0], [0, 0, 0, 0, 0, 0, 0, 0, 0, 0, 0, 0, 0, 0, 0, 0, 0, 0, 0, 0, 0, 0, 0, 0, 0, 0, 0, 0, 0, 0, 0, 0], [0, 0, 0, 0, 0, 0, 0, 0, 0, 0, 0, 0, 0, 0, 0, 0, 0, 0, 0, 0, 0, 0, 0, 0, 0, 0, 0, 0, 0, 0, 0, 0], [0, 0, 0, 0, 0, 0, 0, 0, 0, 0, 0, 0, 0, 0, 0, 0, 0, 0, 0, 0, 0, 0, 0, 0, 0, 0, 0, 0, 0, 0, 0, 0], [0, 0, 0, 0, 0, 0, 0, 0, 0, 0, 0, 0, 0, 0, 0, 0, 0, 0, 0, 0, 0, 0, 0, 0, 0, 0, 0, 0, 0, 0, 0, 0], [0, 0, 0, 0, 0, 0, 0, 0, 0, 0, 0, 0, 0, 0, 0, 0, 0, 0, 0, 0, 0, 0, 0, 0, 0, 0, 0, 0, 0, 0, 0, 0], [0, 0, 0, 0, 0, 0, 0, 0, 0, 0, 0, 0, 0, 0, 0, 0, 0, 0, 0, 0, 0, 0, 0, 0, 0, 0, 0, 0, 0, 0, 0, 0], [0, 0, 0, 0, 0, 0, 0, 0, 0, 0, 0, 0, 0, 0, 0, 0, 0, 0, 0, 0, 0, 0, 0, 0, 0, 0, 0, 0, 0, 0, 0, 0], [0, 0, 0, 0, 0, 0, 0, 0, 0, 0, 0, 0, 0, 0, 0, 0, 0, 0, 0, 0, 0, 0, 0, 0, 0, 0, 0, 0, 0, 0, 0, 0], [0, 0, 0, 0, 0, 0, 0, 0, 0, 0, 0, 0, 0, 0, 0, 0, 0, 0, 0, 0, 0, 0, 0, 0, 0, 0, 0, 0, 0, 0, 0, 0], [0, 0, 0, 0, 0, 0, 0, 0, 0, 0, 0, 0, 0, 0, 0, 0, 0, 0, 0, 0, 0, 0, 0, 0, 0, 0, 0, 0, 0, 0, 0, 0], [0, 0, 0, 0, 0, 0, 0, 0, 0, 0, 0, 0, 0, 0, 0, 0, 0, 0, 0, 0, 0, 0, 0, 0, 0, 0, 0, 0, 0, 0, 0, 0], [0, 0, 0, 0, 0, 0, 0, 0, 0, 0, 0, 0, 0, 0, 0, 0, 0, 0, 0, 0, 0, 0, 0, 0, 0, 0, 0, 0, 0, 0, 0, 0], [0, 0, 0, 0, 0, 0, 0, 0, 0, 0, 0, 0, 0, 0, 0, 0, 0, 0, 0, 0, 0, 0, 0, 0, 0, 0, 0, 0, 0, 0, 0, 0], [0, 0, 0, 0, 0, 0, 0, 0, 0, 0, 0, 0, 0, 0, 0, 0, 0, 0, 0, 0, 0, 0, 0, 0, 0, 0, 0, 0, 0, 0, 0, 0], [0, 0, 0, 0, 0, 0, 0, 0, 0, 0, 0, 0, 0, 0, 0, 0, 0, 0, 0, 0, 0, 0, 0, 0, 0, 0, 0, 0, 0, 0, 0, 0], [0, 0, 0, 0, 0, 0, 0, 0, 0, 0, 0, 0, 0, 0, 0, 0, 0, 0, 0, 0, 0, 0, 0, 0, 0, 0, 0, 0, 0, 0, 0, 0], [0, 0, 0, 0, 0, 0, 0, 0, 0, 0, 0, 0, 0, 0, 0, 0, 0, 0, 0, 0, 0, 0, 0, 0, 0, 0, 0, 0, 0, 0, 0, 0], [0, 0, 0, 0, 0, 0, 0, 0, 0, 0, 0, 0, 0, 0, 0, 0, 0, 0, 0, 0, 0, 0, 0, 0, 0, 0, 0, 0, 0, 0, 0, 0], [0, 0, 0, 0, 0, 0, 0, 0, 0, 0, 0, 0, 0, 0, 0, 0, 0, 0, 0, 0, 0, 0, 0, 0, 0, 0, 0, 0, 0, 0, 0, 0], [0, 0, 0, 0, 0, 0, 0, 0, 0, 0, 0, 0, 0, 0, 0, 0, 0, 0, 0, 0, 0, 0, 0, 0, 0, 0, 0, 0, 0, 0, 0, 0], [0, 0, 0, 0, 0, 0, 0, 0, 0, 0, 0, 0, 0, 0, 0, 0, 0, 0, 0, 0, 0, 0, 0, 0, 0, 0, 0, 0, 0, 0, 0, 0], [0, 0, 0, 0, 0, 0, 0, 0, 0, 0, 0, 0, 0, 0, 0, 0, 0, 0, 0, 0, 0, 0, 0, 0, 0, 0, 0, 0, 0, 0, 0, 0], [0, 0, 0, 0, 0, 0, 0, 0, 0, 0, 0, 0, 0, 0, 0, 0, 0, 0, 0, 0, 0, 0, 0, 0, 0, 0, 0, 0, 0, 0, 0, 0], [0, 0, 0, 0, 0, 0, 0, 0, 0, 0, 0, 0, 0, 0, 0, 0, 0, 0, 0, 0, 0, 0, 0, 0, 0, 0, 0, 0, 0, 0, 0, 0], [0, 0, 0, 0, 0, 0, 0, 0, 0, 0, 0, 0, 0, 0, 0, 0, 0, 0, 0, 0, 0, 0, 0, 0, 0, 0, 0, 0, 0, 0, 0, 0], [0, 0, 0, 0, 0, 0, 0, 0, 0, 0, 0, 0, 0, 0, 0, 0, 0, 0, 0, 0, 0, 0, 0, 0, 0, 0, 0, 0, 0, 0, 0, 0], [0, 0, 0, 0, 0, 0, 0, 0, 0, 0, 0, 0, 0, 0, 0, 0, 0, 0, 0, 0, 0, 0, 0, 0, 0, 0, 0, 0, 0, 0, 0, 0], [0, 0, 0, 0, 0, 0, 0, 0, 0, 0, 0, 0, 0, 0, 0, 0, 0, 0, 0, 0, 0, 0, 0, 0, 0, 0, 0, 0, 0, 0, 0, 0], [0, 0, 0, 0, 0, 0, 0, 0, 0, 0, 0, 0, 0, 0, 0, 0, 0, 0, 0, 0, 0, 0, 0, 0, 0, 0, 0, 0, 0, 0, 0, 0], [0, 0, 0, 0, 0, 0, 0, 0, 0, 0, 0, 0, 0, 0, 0, 0, 0, 0, 0, 0, 0, 0, 0, 0, 0, 0, 0, 0, 0, 0, 0, 0], [0, 0, 0, 0, 0, 0, 0, 0, 0, 0, 0, 0, 0, 0, 0, 0, 0, 0, 0, 0, 0, 0, 0, 0, 0, 0, 0, 0, 0, 0, 0, 0], [0, 0, 0, 0, 0, 0, 0, 0, 0, 0, 0, 0, 0, 0, 0, 0, 0, 0, 0, 0, 0, 0, 0, 0, 0, 0, 0, 0, 0, 0, 0, 0], [0, 0, 0, 0, 0, 0, 0, 0, 0, 0, 0, 0, 0, 0, 0, 0, 0, 0, 0, 0, 0, 0, 0, 0, 0, 0, 0, 0, 0, 0, 0, 0], [0, 0, 0, 0, 0, 0, 0, 0, 0, 0, 0, 0, 0, 0, 0, 0, 0, 0, 0, 0, 0, 0, 0, 0, 0, 0, 0, 0, 0, 0, 0, 0], [0, 0, 0, 0, 0, 0, 0, 0, 0, 0, 0, 0, 0, 0, 0, 0, 0, 0, 0, 0, 0, 0, 0, 0, 0, 0, 0, 0, 0, 0, 0, 0], [0, 0, 0, 0, 0, 0, 0, 0, 0, 0, 0, 0, 0, 0, 0, 0, 0, 0, 0, 0, 0, 0, 0, 0, 0, 0, 0, 0, 0, 0, 0, 0], [0, 0, 0, 0, 0, 0, 0, 0, 0, 0, 0, 0, 0, 0, 0, 0, 0, 0, 0, 0, 0, 0, 0, 0, 0, 0, 0, 0, 0, 0, 0, 0], [0, 0, 0, 0, 0, 0, 0, 0, 0, 0, 0, 0, 0, 0, 0, 0, 0, 0, 0, 0, 0, 0, 0, 0, 0, 0, 0, 0, 0, 0, 0, 0], [0, 0, 0, 0, 0, 0, 0, 0, 0, 0, 0, 0, 0, 0, 0, 0, 0, 0, 0, 0, 0, 0, 0, 0, 0, 0, 0, 0, 0, 0, 0, 0], [0, 0, 0, 0, 0, 0, 0, 0, 0, 0, 0, 0, 0, 0, 0, 0, 0, 0, 0, 0, 0, 0, 0, 0, 0, 0, 0, 0, 0, 0, 0, 0], [0, 0, 0, 0, 0, 0, 0, 0, 0, 0, 0, 0, 0, 0, 0, 0, 0, 0, 0, 0, 0, 0, 0, 0, 0, 0, 0, 0, 0, 0, 0, 0], [0, 0, 0, 0, 0, 0, 0, 0, 0, 0, 0, 0, 0, 0, 0, 0, 0, 0, 0, 0, 0, 0, 0, 0, 0, 0, 0, 0, 0, 0, 0, 0], [0, 0, 0, 0, 0, 0, 0, 0, 0, 0, 0, 0, 0, 0, 0, 0, 0, 0, 0, 0, 0, 0, 0, 0, 0, 0, 0, 0, 0, 0, 0, 0], [0, 0, 0, 0, 0, 0, 0, 0, 0, 0, 0, 0, 0, 0, 0, 0, 0, 0, 0, 0, 0, 0, 0, 0, 0, 0, 0, 0, 0, 0, 0, 0], [0, 0, 0, 0, 0, 0, 0, 0, 0, 0, 0, 0, 0, 0, 0, 0, 0, 0, 0, 0, 0, 0, 0, 0, 0, 0, 0, 0, 0, 0, 0, 0], [0, 0, 0, 0, 0, 0, 0, 0, 0, 0, 0, 0, 0, 0, 0, 0, 0, 0, 0, 0, 0, 0, 0, 0, 0, 0, 0, 0, 0, 0, 0, 0], [0, 0, 0, 0, 0, 0, 0, 0, 0, 0, 0, 0, 0, 0, 0, 0, 0, 0, 0, 0, 0, 0, 0, 0, 0, 0, 0, 0, 0, 0, 0, 0], [0, 0, 0, 0, 0, 0, 0, 0, 0, 0, 0, 0, 0, 0, 0, 0, 0, 0, 0, 0, 0, 0, 0, 0, 0, 0, 0, 0, 0, 0, 0, 0], [0, 0, 0, 0, 0, 0, 0, 0, 0, 0, 0, 0, 0, 0, 0, 0, 0, 0, 0, 0, 0, 0, 0, 0, 0, 0, 0, 0, 0, 0, 0, 0], [0, 0, 0, 0, 0, 0, 0, 0, 0, 0, 0, 0, 0, 0, 0, 0, 0, 0, 0, 0, 0, 0, 0, 0, 0, 0, 0, 0, 0, 0, 0, 0], [0, 0, 0, 0, 0, 0, 0, 0, 0, 0, 0, 0, 0, 0, 0, 0, 0, 0, 0, 0, 0, 0, 0, 0, 0, 0, 0, 0, 0, 0, 0, 0], [0, 0, 0, 0, 0, 0, 0, 0, 0, 0, 0, 0, 0, 0, 0, 0, 0, 0, 0, 0, 0, 0, 0, 0, 0, 0, 0, 0, 0, 0, 0, 0], [0, 0, 0, 0, 0, 0, 0, 0, 0, 0, 0, 0, 0, 0, 0, 0, 0, 0, 0, 0, 0, 0, 0, 0, 0, 0, 0, 0, 0, 0, 0, 0], [0, 0, 0, 0, 0, 0, 0, 0, 0, 0, 0, 0, 0, 0, 0, 0, 0, 0, 0, 0, 0, 0, 0, 0, 0, 0, 0, 0, 0, 0, 0, 0], [0, 0, 0, 0, 0, 0, 0, 0, 0, 0, 0, 0, 0, 0, 0, 0, 0, 0, 0, 0, 0, 0, 0, 0, 0, 0, 0, 0, 0, 0, 0, 0], [0, 0, 0, 0, 0, 0, 0, 0, 0, 0, 0, 0, 0, 0, 0, 0, 0, 0, 0, 0, 0, 0, 0, 0, 0, 0, 0, 0, 0, 0, 0, 0], [0, 0, 0, 0, 0, 0, 0, 0, 0, 0, 0, 0, 0, 0, 0, 0, 0, 0, 0, 0, 0, 0, 0, 0, 0, 0, 0, 0, 0, 0, 0, 0], [0, 0, 0, 0, 0, 0, 0, 0, 0, 0, 0, 0, 0, 0, 0, 0, 0, 0, 0, 0, 0, 0, 0, 0, 0, 0, 0, 0, 0, 0, 0, 0], [0, 0, 0, 0, 0, 0, 0, 0, 0, 0, 0, 0, 0, 0, 0, 0, 0, 0, 0, 0, 0, 0, 0, 0, 0, 0, 0, 0, 0, 0, 0, 0], [0, 0, 0, 0, 0, 0, 0, 0, 0, 0, 0, 0, 0, 0, 0, 0, 0, 0, 0, 0, 0, 0, 0, 0, 0, 0, 0, 0, 0, 0, 0, 0], [0, 0, 0, 0, 0, 0, 0, 0, 0, 0, 0, 0, 0, 0, 0, 0, 0, 0, 0, 0, 0, 0, 0, 0, 0, 0, 0, 0, 0, 0, 0, 0], [0, 0, 0, 0, 0, 0, 0, 0, 0, 0, 0, 0, 0, 0, 0, 0, 0, 0, 0, 0, 0, 0, 0, 0, 0, 0, 0, 0, 0, 0, 0, 0], [0, 0, 0, 0, 0, 0, 0, 0, 0, 0, 0, 0, 0, 0, 0, 0, 0, 0, 0, 0, 0, 0, 0, 0, 0, 0, 0, 0, 0, 0, 0, 0], [0, 0, 0, 0, 0, 0, 0, 0, 0, 0, 0, 0, 0, 0, 0, 0, 0, 0, 0, 0, 0, 0, 0, 0, 0, 0, 0, 0, 0, 0, 0, 0], [0, 0, 0, 0, 0, 0, 0, 0, 0, 0, 0, 0, 0, 0, 0, 0, 0, 0, 0, 0, 0, 0, 0, 0, 0, 0, 0, 0, 0, 0, 0, 0], [0, 0, 0, 0, 0, 0, 0, 0, 0, 0, 0, 0, 0, 0, 0, 0, 0, 0, 0, 0, 0, 0, 0, 0, 0, 0, 0, 0, 0, 0, 0, 0], [0, 0, 0, 0, 0, 0, 0, 0, 0, 0, 0, 0, 0, 0, 0, 0, 0, 0, 0, 0, 0, 0, 0, 0, 0, 0, 0, 0, 0, 0, 0, 0], [0, 0, 0, 0, 0, 0, 0, 0, 0, 0, 0, 0, 0, 0, 0, 0, 0, 0, 0, 0, 0, 0, 0, 0, 0, 0, 0, 0, 0, 0, 0, 0], [0, 0, 0, 0, 0, 0, 0, 0, 0, 0, 0, 0, 0, 0, 0, 0, 0, 0, 0, 0, 0, 0, 0, 0, 0, 0, 0, 0, 0, 0, 0, 0], [0, 0, 0, 0, 0, 0, 0, 0, 0, 0, 0, 0, 0, 0, 0, 0, 0, 0, 0, 0, 0, 0, 0, 0, 0, 0, 0, 0, 0, 0, 0, 0], [0, 0, 0, 0, 0, 0, 0, 0, 0, 0, 0, 0, 0, 0, 0, 0, 0, 0, 0, 0, 0, 0, 0, 0, 0, 0, 0, 0, 0, 0, 0, 0], [0, 0, 0, 0, 0, 0, 0, 0, 0, 0, 0, 0, 0, 0, 0, 0, 0, 0, 0, 0, 0, 0, 0, 0, 0, 0, 0, 0, 0, 0, 0, 0], [0, 0, 0, 0, 0, 0, 0, 0, 0, 0, 0, 0, 0, 0, 0, 0, 0, 0, 0, 0, 0, 0, 0, 0, 0, 0, 0, 0, 0, 0, 0, 0], [0, 0, 0, 0, 0, 0, 0, 0, 0, 0, 0, 0, 0, 0, 0, 0, 0, 0, 0, 0, 0, 0, 0, 0, 0, 0, 0, 0, 0, 0, 0, 0], [0, 0, 0, 0, 0, 0, 0, 0, 0, 0, 0, 0, 0, 0, 0, 0, 0, 0, 0, 0, 0, 0, 0, 0, 0, 0, 0, 0, 0, 0, 0, 0], [0, 0, 0, 0, 0, 0, 0, 0, 0, 0, 0, 0, 0, 0, 0, 0, 0, 0, 0, 0, 0, 0, 0, 0, 0, 0, 0, 0, 0, 0, 0, 0], [0, 0, 0, 0, 0, 0, 0, 0, 0, 0, 0, 0, 0, 0, 0, 0, 0, 0, 0, 0, 0, 0, 0, 0, 0, 0, 0, 0, 0, 0, 0, 0], [0, 0, 0, 0, 0, 0, 0, 0, 0, 0, 0, 0, 0, 0, 0, 0, 0, 0, 0, 0, 0, 0, 0, 0, 0, 0, 0, 0, 0, 0, 0, 0], [0, 0, 0, 0, 0, 0, 0, 0, 0, 0, 0, 0, 0, 0, 0, 0, 0, 0, 0, 0, 0, 0, 0, 0, 0, 0, 0, 0, 0, 0, 0, 0], [0, 0, 0, 0, 0, 0, 0, 0, 0, 0, 0, 0, 0, 0, 0, 0, 0, 0, 0, 0, 0, 0, 0, 0, 0, 0, 0, 0, 0, 0, 0, 0], [0, 0, 0, 0, 0, 0, 0, 0, 0, 0, 0, 0, 0, 0, 0, 0, 0, 0, 0, 0, 0, 0, 0, 0, 0, 0, 0, 0, 0, 0, 0, 0], [0, 0, 0, 0, 0, 0, 0, 0, 0, 0, 0, 0, 0, 0, 0, 0, 0, 0, 0, 0, 0, 0, 0, 0, 0, 0, 0, 0, 0, 0, 0, 0], [0, 0, 0, 0, 0, 0, 0, 0, 0, 0, 0, 0, 0, 0, 0, 0, 0, 0, 0, 0, 0, 0, 0, 0, 0, 0, 0, 0, 0, 0, 0, 0], [0, 0, 0, 0, 0, 0, 0, 0, 0, 0, 0, 0, 0, 0, 0, 0, 0, 0, 0, 0, 0, 0, 0, 0, 0, 0, 0, 0, 0, 0, 0, 0], [0, 0, 0, 0, 0, 0, 0, 0, 0, 0, 0, 0, 0, 0, 0, 0, 0, 0, 0, 0, 0, 0, 0, 0, 0, 0, 0, 0, 0, 0, 0, 0], [0, 0, 0, 0, 0, 0, 0, 0, 0, 0, 0, 0, 0, 0, 0, 0, 0, 0, 0, 0, 0, 0, 0, 0, 0, 0, 0, 0, 0, 0, 0, 0], [0, 0, 0, 0, 0, 0, 0, 0, 0, 0, 0, 0, 0, 0, 0, 0, 0, 0, 0, 0, 0, 0, 0, 0, 0, 0, 0, 0, 0, 0, 0, 0], [0, 0, 0, 0, 0, 0, 0, 0, 0, 0, 0, 0, 0, 0, 0, 0, 0, 0, 0, 0, 0, 0, 0, 0, 0, 0, 0, 0, 0, 0, 0, 0], [0, 0, 0, 0, 0, 0, 0, 0, 0, 0, 0, 0, 0, 0, 0, 0, 0, 0, 0, 0, 0, 0, 0, 0, 0, 0, 0, 0, 0, 0, 0, 0], [0, 0, 0, 0, 0, 0, 0, 0, 0, 0, 0, 0, 0, 0, 0, 0, 0, 0, 0, 0, 0, 0, 0, 0, 0, 0, 0, 0, 0, 0, 0, 0], [0, 0, 0, 0, 0, 0, 0, 0, 0, 0, 0, 0, 0, 0, 0, 0, 0, 0, 0, 0, 0, 0, 0, 0, 0, 0, 0, 0, 0, 0, 0, 0], [0, 0, 0, 0, 0, 0, 0, 0, 0, 0, 0, 0, 0, 0, 0, 0, 0, 0, 0, 0, 0, 0, 0, 0, 0, 0, 0, 0, 0, 0, 0, 0], [0, 0, 0, 0, 0, 0, 0, 0, 0, 0, 0, 0, 0, 0, 0, 0, 0, 0, 0, 0, 0, 0, 0, 0, 0, 0, 0, 0, 0, 0, 0, 0], [0, 0, 0, 0, 0, 0, 0, 0, 0, 0, 0, 0, 0, 0, 0, 0, 0, 0, 0, 0, 0, 0, 0, 0, 0, 0, 0, 0, 0, 0, 0, 0], [0, 0, 0, 0, 0, 0, 0, 0, 0, 0, 0, 0, 0, 0, 0, 0, 0, 0, 0, 0, 0, 0, 0, 0, 0, 0, 0, 0, 0, 0, 0, 0], [0, 0, 0, 0, 0, 0, 0, 0, 0, 0, 0, 0, 0, 0, 0, 0, 0, 0, 0, 0, 0, 0, 0, 0, 0, 0, 0, 0, 0, 0, 0, 0], [0, 0, 0, 0, 0, 0, 0, 0, 0, 0, 0, 0, 0, 0, 0, 0, 0, 0, 0, 0, 0, 0, 0, 0, 0, 0, 0, 0, 0, 0, 0, 0], [0, 0, 0, 0, 0, 0, 0, 0, 0, 0, 0, 0, 0, 0, 0, 0, 0, 0, 0, 0, 0, 0, 0, 0, 0, 0, 0, 0, 0, 0, 0, 0], [0, 0, 0, 0, 0, 0, 0, 0, 0, 0, 0, 0, 0, 0, 0, 0, 0, 0, 0, 0, 0, 0, 0, 0, 0, 0, 0, 0, 0, 0, 0, 0], [0, 0, 0, 0, 0, 0, 0, 0, 0, 0, 0, 0, 0, 0, 0, 0, 0, 0, 0, 0, 0, 0, 0, 0, 0, 0, 0, 0, 0, 0, 0, 0], [0, 0, 0, 0, 0, 0, 0, 0, 0, 0, 0, 0, 0, 0, 0, 0, 0, 0, 0, 0, 0, 0, 0, 0, 0, 0, 0, 0, 0, 0, 0, 0], [0, 0, 0, 0, 0, 0, 0, 0, 0, 0, 0, 0, 0, 0, 0, 0, 0, 0, 0, 0, 0, 0, 0, 0, 0, 0, 0, 0, 0, 0, 0, 0], [0, 0, 0, 0, 0, 0, 0, 0, 0, 0, 0, 0, 0, 0, 0, 0, 0, 0, 0, 0, 0, 0, 0, 0, 0, 0, 0, 0, 0, 0, 0, 0], [0, 0, 0, 0, 0, 0, 0, 0, 0, 0, 0, 0, 0, 0, 0, 0, 0, 0, 0, 0, 0, 0, 0, 0, 0, 0, 0, 0, 0, 0, 0, 0], [0, 0, 0, 0, 0, 0, 0, 0, 0, 0, 0, 0, 0, 0, 0, 0, 0, 0, 0, 0, 0, 0, 0, 0, 0, 0, 0, 0, 0, 0, 0, 0], [0, 0, 0, 0, 0, 0, 0, 0, 0, 0, 0, 0, 0, 0, 0, 0, 0, 0, 0, 0, 0, 0, 0, 0, 0, 0, 0, 0, 0, 0, 0, 0], [0, 0, 0, 0, 0, 0, 0, 0, 0, 0, 0, 0, 0, 0, 0, 0, 0, 0, 0, 0, 0, 0, 0, 0, 0, 0, 0, 0, 0, 0, 0, 0], [0, 0, 0, 0, 0, 0, 0, 0, 0, 0, 0, 0, 0, 0, 0, 0, 0, 0, 0, 0, 0, 0, 0, 0, 0, 0, 0, 0, 0, 0, 0, 0], [0, 0, 0, 0, 0, 0, 0, 0, 0, 0, 0, 0, 0, 0, 0, 0, 0, 0, 0, 0, 0, 0, 0, 0, 0, 0, 0, 0, 0, 0, 0, 0], [0, 0, 0, 0, 0, 0, 0, 0, 0, 0, 0, 0, 0, 0, 0, 0, 0, 0, 0, 0, 0, 0, 0, 0, 0, 0, 0, 0, 0, 0, 0, 0], [0, 0, 0, 0, 0, 0, 0, 0, 0, 0, 0, 0, 0, 0, 0, 0, 0, 0, 0, 0, 0, 0, 0, 0, 0, 0, 0, 0, 0, 0, 0, 0], [0, 0, 0, 0, 0, 0, 0, 0, 0, 0, 0, 0, 0, 0, 0, 0, 0, 0, 0, 0, 0, 0, 0, 0, 0, 0, 0, 0, 0, 0, 0, 0], [0, 0, 0, 0, 0, 0, 0, 0, 0, 0, 0, 0, 0, 0, 0, 0, 0, 0, 0, 0, 0, 0, 0, 0, 0, 0, 0, 0, 0, 0, 0, 0], [0, 0, 0, 0, 0, 0, 0, 0, 0, 0, 0, 0, 0, 0, 0, 0, 0, 0, 0, 0, 0, 0, 0, 0, 0, 0, 0, 0, 0, 0, 0, 0], [0, 0, 0, 0, 0, 0, 0, 0, 0, 0, 0, 0, 0, 0, 0, 0, 0, 0, 0, 0, 0, 0, 0, 0, 0, 0, 0, 0, 0, 0, 0, 0], [0, 0, 0, 0, 0, 0, 0, 0, 0, 0, 0, 0, 0, 0, 0, 0, 0, 0, 0, 0, 0, 0, 0, 0, 0, 0, 0, 0, 0, 0, 0, 0], [0, 0, 0, 0, 0, 0, 0, 0, 0, 0, 0, 0, 0, 0, 0, 0, 0, 0, 0, 0, 0, 0, 0, 0, 0, 0, 0, 0, 0, 0, 0, 0], [0, 0, 0, 0, 0, 0, 0, 0, 0, 0, 0, 0, 0, 0, 0, 0, 0, 0, 0, 0, 0, 0, 0, 0, 0, 0, 0, 0, 0, 0, 0, 0], [0, 0, 0, 0, 0, 0, 0, 0, 0, 0, 0, 0, 0, 0, 0, 0, 0, 0, 0, 0, 0, 0, 0, 0, 0, 0, 0, 0, 0, 0, 0, 0], [0, 0, 0, 0, 0, 0, 0, 0, 0, 0, 0, 0, 0, 0, 0, 0, 0, 0, 0, 0, 0, 0, 0, 0, 0, 0, 0, 0, 0, 0, 0, 0], [0, 0, 0, 0, 0, 0, 0, 0, 0, 0, 0, 0, 0, 0, 0, 0, 0, 0, 0, 0, 0, 0, 0, 0, 0, 0, 0, 0, 0, 0, 0, 0], [0, 0, 0, 0, 0, 0, 0, 0, 0, 0, 0, 0, 0, 0, 0, 0, 0, 0, 0, 0, 0, 0, 0, 0, 0, 0, 0, 0, 0, 0, 0, 0], [0, 0, 0, 0, 0, 0, 0, 0, 0, 0, 0, 0, 0, 0, 0, 0, 0, 0, 0, 0, 0, 0, 0, 0, 0, 0, 0, 0, 0, 0, 0, 0], [0, 0, 0, 0, 0, 0, 0, 0, 0, 0, 0, 0, 0, 0, 0, 0, 0, 0, 0, 0, 0, 0, 0, 0, 0, 0, 0, 0, 0, 0, 0, 0], [0, 0, 0, 0, 0, 0, 0, 0, 0, 0, 0, 0, 0, 0, 0, 0, 0, 0, 0, 0, 0, 0, 0, 0, 0, 0, 0, 0, 0, 0, 0, 0], [0, 0, 0, 0, 0, 0, 0, 0, 0, 0, 0, 0, 0, 0, 0, 0, 0, 0, 0, 0, 0, 0, 0, 0, 0, 0, 0, 0, 0, 0, 0, 0], [0, 0, 0, 0, 0, 0, 0, 0, 0, 0, 0, 0, 0, 0, 0, 0, 0, 0, 0, 0, 0, 0, 0, 0, 0, 0, 0, 0, 0, 0, 0, 0], [0, 0, 0, 0, 0, 0, 0, 0, 0, 0, 0, 0, 0, 0, 0, 0, 0, 0, 0, 0, 0, 0, 0, 0, 0, 0, 0, 0, 0, 0, 0, 0], [0, 0, 0, 0, 0, 0, 0, 0, 0, 0, 0, 0, 0, 0, 0, 0, 0, 0, 0, 0, 0, 0, 0, 0, 0, 0, 0, 0, 0, 0, 0, 0], [0, 0, 0, 0, 0, 0, 0, 0, 0, 0, 0, 0, 0, 0, 0, 0, 0, 0, 0, 0, 0, 0, 0, 0, 0, 0, 0, 0, 0, 0, 0, 0], [0, 0, 0, 0, 0, 0, 0, 0, 0, 0, 0, 0, 0, 0, 0, 0, 0, 0, 0, 0, 0, 0, 0, 0, 0, 0, 0, 0, 0, 0, 0, 0], [0, 0, 0, 0, 0, 0, 0, 0, 0, 0, 0, 0, 0, 0, 0, 0, 0, 0, 0, 0, 0, 0, 0, 0, 0, 0, 0, 0, 0, 0, 0, 0], [0, 0, 0, 0, 0, 0, 0, 0, 0, 0, 0, 0, 0, 0, 0, 0, 0, 0, 0, 0, 0, 0, 0, 0, 0, 0, 0, 0, 0, 0, 0, 0], [0, 0, 0, 0, 0, 0, 0, 0, 0, 0, 0, 0, 0, 0, 0, 0, 0, 0, 0, 0, 0, 0, 0, 0, 0, 0, 0, 0, 0, 0, 0, 0], [0, 0, 0, 0, 0, 0, 0, 0, 0, 0, 0, 0, 0, 0, 0, 0, 0, 0, 0, 0, 0, 0, 0, 0, 0, 0, 0, 0, 0, 0, 0, 0], [0, 0, 0, 0, 0, 0, 0, 0, 0, 0, 0, 0, 0, 0, 0, 0, 0, 0, 0, 0, 0, 0, 0, 0, 0, 0, 0, 0, 0, 0, 0, 0], [0, 0, 0, 0, 0, 0, 0, 0, 0, 0, 0, 0, 0, 0, 0, 0, 0, 0, 0, 0, 0, 0, 0, 0, 0, 0, 0, 0, 0, 0, 0, 0], [0, 0, 0, 0, 0, 0, 0, 0, 0, 0, 0, 0, 0, 0, 0, 0, 0, 0, 0, 0, 0, 0, 0, 0, 0, 0, 0, 0, 0, 0, 0, 0], [0, 0, 0, 0, 0, 0, 0, 0, 0, 0, 0, 0, 0, 0, 0, 0, 0, 0, 0, 0, 0, 0, 0, 0, 0, 0, 0, 0, 0, 0, 0, 0], [0, 0, 0, 0, 0, 0, 0, 0, 0, 0, 0, 0, 0, 0, 0, 0, 0, 0, 0, 0, 0, 0, 0, 0, 0, 0, 0, 0, 0, 0, 0, 0], [0, 0, 0, 0, 0, 0, 0, 0, 0, 0, 0, 0, 0, 0, 0, 0, 0, 0, 0, 0, 0, 0, 0, 0, 0, 0, 0, 0, 0, 0, 0, 0], [0, 0, 0, 0, 0, 0, 0, 0, 0, 0, 0, 0, 0, 0, 0, 0, 0, 0, 0, 0, 0, 0, 0, 0, 0, 0, 0, 0, 0, 0, 0, 0], [0, 0, 0, 0, 0, 0, 0, 0, 0, 0, 0, 0, 0, 0, 0, 0, 0, 0, 0, 0, 0, 0, 0, 0, 0, 0, 0, 0, 0, 0, 0, 0], [0, 0, 0, 0, 0, 0, 0, 0, 0, 0, 0, 0, 0, 0, 0, 0, 0, 0, 0, 0, 0, 0, 0, 0, 0, 0, 0, 0, 0, 0, 0, 0], [0, 0, 0, 0, 0, 0, 0, 0, 0, 0, 0, 0, 0, 0, 0, 0, 0, 0, 0, 0, 0, 0, 0, 0, 0, 0, 0, 0, 0, 0, 0, 0], [0, 0, 0, 0, 0, 0, 0, 0, 0, 0, 0, 0, 0, 0, 0, 0, 0, 0, 0, 0, 0, 0, 0, 0, 0, 0, 0, 0, 0, 0, 0, 0], [0, 0, 0, 0, 0, 0, 0, 0, 0, 0, 0, 0, 0, 0, 0, 0, 0, 0, 0, 0, 0, 0, 0, 0, 0, 0, 0, 0, 0, 0, 0, 0], [0, 0, 0, 0, 0, 0, 0, 0, 0, 0, 0, 0, 0, 0, 0, 0, 0, 0, 0, 0, 0, 0, 0, 0, 0, 0, 0, 0, 0, 0, 0, 0], [0, 0, 0, 0, 0, 0, 0, 0, 0, 0, 0, 0, 0, 0, 0, 0, 0, 0, 0, 0, 0, 0, 0, 0, 0, 0, 0, 0, 0, 0, 0, 0], [0, 0, 0, 0, 0, 0, 0, 0, 0, 0, 0, 0, 0, 0, 0, 0, 0, 0, 0, 0, 0, 0, 0, 0, 0, 0, 0, 0, 0, 0, 0, 0], [0, 0, 0, 0, 0, 0, 0, 0, 0, 0, 0, 0, 0, 0, 0, 0, 0, 0, 0, 0, 0, 0, 0, 0, 0, 0, 0, 0, 0, 0, 0, 0], [0, 0, 0, 0, 0, 0, 0, 0, 0, 0, 0, 0, 0, 0, 0, 0, 0, 0, 0, 0, 0, 0, 0, 0, 0, 0, 0, 0, 0, 0, 0, 0], [0, 0, 0, 0, 0, 0, 0, 0, 0, 0, 0, 0, 0, 0, 0, 0, 0, 0, 0, 0, 0, 0, 0, 0, 0, 0, 0, 0, 0, 0, 0, 0], [0, 0, 0, 0, 0, 0, 0, 0, 0, 0, 0, 0, 0, 0, 0, 0, 0, 0, 0, 0, 0, 0, 0, 0, 0, 0, 0, 0, 0, 0, 0, 0], [0, 0, 0, 0, 0, 0, 0, 0, 0, 0, 0, 0, 0, 0, 0, 0, 0, 0, 0, 0, 0, 0, 0, 0, 0, 0, 0, 0, 0, 0, 0, 0], [0, 0, 0, 0, 0, 0, 0, 0, 0, 0, 0, 0, 0, 0, 0, 0, 0, 0, 0, 0, 0, 0, 0, 0, 0, 0, 0, 0, 0, 0, 0, 0], [0, 0, 0, 0, 0, 0, 0, 0, 0, 0, 0, 0, 0, 0, 0, 0, 0, 0, 0, 0, 0, 0, 0, 0, 0, 0, 0, 0, 0, 0, 0, 0], [0, 0, 0, 0, 0, 0, 0, 0, 0, 0, 0, 0, 0, 0, 0, 0, 0, 0, 0, 0, 0, 0, 0, 0, 0, 0, 0, 0, 0, 0, 0, 0], [0, 0, 0, 0, 0, 0, 0, 0, 0, 0, 0, 0, 0, 0, 0, 0, 0, 0, 0, 0, 0, 0, 0, 0, 0, 0, 0, 0, 0, 0, 0, 0], [0, 0, 0, 0, 0, 0, 0, 0, 0, 0, 0, 0, 0, 0, 0, 0, 0, 0, 0, 0, 0, 0, 0, 0, 0, 0, 0, 0, 0, 0, 0, 0], [0, 0, 0, 0, 0, 0, 0, 0, 0, 0, 0, 0, 0, 0, 0, 0, 0, 0, 0, 0, 0, 0, 0, 0, 0, 0, 0, 0, 0, 0, 0, 0], [0, 0, 0, 0, 0, 0, 0, 0, 0, 0, 0, 0, 0, 0, 0, 0, 0, 0, 0, 0, 0, 0, 0, 0, 0, 0, 0, 0, 0, 0, 0, 0], [0, 0, 0, 0, 0, 0, 0, 0, 0, 0, 0, 0, 0, 0, 0, 0, 0, 0, 0, 0, 0, 0, 0, 0, 0, 0, 0, 0, 0, 0, 0, 0], [0, 0, 0, 0, 0, 0, 0, 0, 0, 0, 0, 0, 0, 0, 0, 0, 0, 0, 0, 0, 0, 0, 0, 0, 0, 0, 0, 0, 0, 0, 0, 0], [0, 0, 0, 0, 0, 0, 0, 0, 0, 0, 0, 0, 0, 0, 0, 0, 0, 0, 0, 0, 0, 0, 0, 0, 0, 0, 0, 0, 0, 0, 0, 0], [0, 0, 0, 0, 0, 0, 0, 0, 0, 0, 0, 0, 0, 0, 0, 0, 0, 0, 0, 0, 0, 0, 0, 0, 0, 0, 0, 0, 0, 0, 0, 0], [0, 0, 0, 0, 0, 0, 0, 0, 0, 0, 0, 0, 0, 0, 0, 0, 0, 0, 0, 0, 0, 0, 0, 0, 0, 0, 0, 0, 0, 0, 0, 0], [0, 0, 0, 0, 0, 0, 0, 0, 0, 0, 0, 0, 0, 0, 0, 0, 0, 0, 0, 0, 0, 0, 0, 0, 0, 0, 0, 0, 0, 0, 0, 0], [0, 0, 0, 0, 0, 0, 0, 0, 0, 0, 0, 0, 0, 0, 0, 0, 0, 0, 0, 0, 0, 0, 0, 0, 0, 0, 0, 0, 0, 0, 0, 0], [0, 0, 0, 0, 0, 0, 0, 0, 0, 0, 0, 0, 0, 0, 0, 0, 0, 0, 0, 0, 0, 0, 0, 0, 0, 0, 0, 0, 0, 0, 0, 0], [0, 0, 0, 0, 0, 0, 0, 0, 0, 0, 0, 0, 0, 0, 0, 0, 0, 0, 0, 0, 0, 0, 0, 0, 0, 0, 0, 0, 0, 0, 0, 0], [0, 0, 0, 0, 0, 0, 0, 0, 0, 0, 0, 0, 0, 0, 0, 0, 0, 0, 0, 0, 0, 0, 0, 0, 0, 0, 0, 0, 0, 0, 0, 0], [0, 0, 0, 0, 0, 0, 0, 0, 0, 0, 0, 0, 0, 0, 0, 0, 0, 0, 0, 0, 0, 0, 0, 0, 0, 0, 0, 0, 0, 0, 0, 0], [0, 0, 0, 0, 0, 0, 0, 0, 0, 0, 0, 0, 0, 0, 0, 0, 0, 0, 0, 0, 0, 0, 0, 0, 0, 0, 0, 0, 0, 0, 0, 0], [0, 0, 0, 0, 0, 0, 0, 0, 0, 0, 0, 0, 0, 0, 0, 0, 0, 0, 0, 0, 0, 0, 0, 0, 0, 0, 0, 0, 0, 0, 0, 0], [0, 0, 0, 0, 0, 0, 0, 0, 0, 0, 0, 0, 0, 0, 0, 0, 0, 0, 0, 0, 0, 0, 0, 0, 0, 0, 0, 0, 0, 0, 0, 0], [0, 0, 0, 0, 0, 0, 0, 0, 0, 0, 0, 0, 0, 0, 0, 0, 0, 0, 0, 0, 0, 0, 0, 0, 0, 0, 0, 0, 0, 0, 0, 0], [0, 0, 0, 0, 0, 0, 0, 0, 0, 0, 0, 0, 0, 0, 0, 0, 0, 0, 0, 0, 0, 0, 0, 0, 0, 0, 0, 0, 0, 0, 0, 0], [0, 0, 0, 0, 0, 0, 0, 0, 0, 0, 0, 0, 0, 0, 0, 0, 0, 0, 0, 0, 0, 0, 0, 0, 0, 0, 0, 0, 0, 0, 0, 0], [0, 0, 0, 0, 0, 0, 0, 0, 0, 0, 0, 0, 0, 0, 0, 0, 0, 0, 0, 0, 0, 0, 0, 0, 0, 0, 0, 0, 0, 0, 0, 0], [0, 0, 0, 0, 0, 0, 0, 0, 0, 0, 0, 0, 0, 0, 0, 0, 0, 0, 0, 0, 0, 0, 0, 0, 0, 0, 0, 0, 0, 0, 0, 0], [0, 0, 0, 0, 0, 0, 0, 0, 0, 0, 0, 0, 0, 0, 0, 0, 0, 0, 0, 0, 0, 0, 0, 0, 0, 0, 0, 0, 0, 0, 0, 0], [0, 0, 0, 0, 0, 0, 0, 0, 0, 0, 0, 0, 0, 0, 0, 0, 0, 0, 0, 0, 0, 0, 0, 0, 0, 0, 0, 0, 0, 0, 0, 0], [0, 0, 0, 0, 0, 0, 0, 0, 0, 0, 0, 0, 0, 0, 0, 0, 0, 0, 0, 0, 0, 0, 0, 0, 0, 0, 0, 0, 0, 0, 0, 0], [0, 0, 0, 0, 0, 0, 0, 0, 0, 0, 0, 0, 0, 0, 0, 0, 0, 0, 0, 0, 0, 0, 0, 0, 0, 0, 0, 0, 0, 0, 0, 0], [0, 0, 0, 0, 0, 0, 0, 0, 0, 0, 0, 0, 0, 0, 0, 0, 0, 0, 0, 0, 0, 0, 0, 0, 0, 0, 0, 0, 0, 0, 0, 0], [0, 0, 0, 0, 0, 0, 0, 0, 0, 0, 0, 0, 0, 0, 0, 0, 0, 0, 0, 0, 0, 0, 0, 0, 0, 0, 0, 0, 0, 0, 0, 0], [0, 0, 0, 0, 0, 0, 0, 0, 0, 0, 0, 0, 0, 0, 0, 0, 0, 0, 0, 0, 0, 0, 0, 0, 0, 0, 0, 0, 0, 0, 0, 0], [0, 0, 0, 0, 0, 0, 0, 0, 0, 0, 0, 0, 0, 0, 0, 0, 0, 0, 0, 0, 0, 0, 0, 0, 0, 0, 0, 0, 0, 0, 0, 0], [0, 0, 0, 0, 0, 0, 0, 0, 0, 0, 0, 0, 0, 0, 0, 0, 0, 0, 0, 0, 0, 0, 0, 0, 0, 0, 0, 0, 0, 0, 0, 0], [0, 0, 0, 0, 0, 0, 0, 0, 0, 0, 0, 0, 0, 0, 0, 0, 0, 0, 0, 0, 0, 0, 0, 0, 0, 0, 0, 0, 0, 0, 0, 0], [0, 0, 0, 0, 0, 0, 0, 0, 0, 0, 0, 0, 0, 0, 0, 0, 0, 0, 0, 0, 0, 0, 0, 0, 0, 0, 0, 0, 0, 0, 0, 0], [0, 0, 0, 0, 0, 0, 0, 0, 0, 0, 0, 0, 0, 0, 0, 0, 0, 0, 0, 0, 0, 0, 0, 0, 0, 0, 0, 0, 0, 0, 0, 0], [0, 0, 0, 0, 0, 0, 0, 0, 0, 0, 0, 0, 0, 0, 0, 0, 0, 0, 0, 0, 0, 0, 0, 0, 0, 0, 0, 0, 0, 0, 0, 0], [0, 0, 0, 0, 0, 0, 0, 0, 0, 0, 0, 0, 0, 0, 0, 0, 0, 0, 0, 0, 0, 0, 0, 0, 0, 0, 0, 0, 0, 0, 0, 0], [0, 0, 0, 0, 0, 0, 0, 0, 0, 0, 0, 0, 0, 0, 0, 0, 0, 0, 0, 0, 0, 0, 0, 0, 0, 0, 0, 0, 0, 0, 0, 0], [0, 0, 0, 0, 0, 0, 0, 0, 0, 0, 0, 0, 0, 0, 0, 0, 0, 0, 0, 0, 0, 0, 0, 0, 0, 0, 0, 0, 0, 0, 0, 0], [0, 0, 0, 0, 0, 0, 0, 0, 0, 0, 0, 0, 0, 0, 0, 0, 0, 0, 0, 0, 0, 0, 0, 0, 0, 0, 0, 0, 0, 0, 0, 0], [0, 0, 0, 0, 0, 0, 0, 0, 0, 0, 0, 0, 0, 0, 0, 0, 0, 0, 0, 0, 0, 0, 0, 0, 0, 0, 0, 0, 0, 0, 0, 0], [0, 0, 0, 0, 0, 0, 0, 0, 0, 0, 0, 0, 0, 0, 0, 0, 0, 0, 0, 0, 0, 0, 0, 0, 0, 0, 0, 0, 0, 0, 0, 0], [0, 0, 0, 0, 0, 0, 0, 0, 0, 0, 0, 0, 0, 0, 0, 0, 0, 0, 0, 0, 0, 0, 0, 0, 0, 0, 0, 0, 0, 0, 0, 0], [0, 0, 0, 0, 0, 0, 0, 0, 0, 0, 0, 0, 0, 0, 0, 0, 0, 0, 0, 0, 0, 0, 0, 0, 0, 0, 0, 0, 0, 0, 0, 0], [0, 0, 0, 0, 0, 0, 0, 0, 0, 0, 0, 0, 0, 0, 0, 0, 0, 0, 0, 0, 0, 0, 0, 0, 0, 0, 0, 0, 0, 0, 0, 0], [0, 0, 0, 0, 0, 0, 0, 0, 0, 0, 0, 0, 0, 0, 0, 0, 0, 0, 0, 0, 0, 0, 0, 0, 0, 0, 0, 0, 0, 0, 0, 0], [0, 0, 0, 0, 0, 0, 0, 0, 0, 0, 0, 0, 0, 0, 0, 0, 0, 0, 0, 0, 0, 0, 0, 0, 0, 0, 0, 0, 0, 0, 0, 0], [0, 0, 0, 0, 0, 0, 0, 0, 0, 0, 0, 0, 0, 0, 0, 0, 0, 0, 0, 0, 0, 0, 0, 0, 0, 0, 0, 0, 0, 0, 0, 0], [0, 0, 0, 0, 0, 0, 0, 0, 0, 0, 0, 0, 0, 0, 0, 0, 0, 0, 0, 0, 0, 0, 0, 0, 0, 0, 0, 0, 0, 0, 0, 0], [0, 0, 0, 0, 0, 0, 0, 0, 0, 0, 0, 0, 0, 0, 0, 0, 0, 0, 0, 0, 0, 0, 0, 0, 0, 0, 0, 0, 0, 0, 0, 0], [0, 0, 0, 0, 0, 0, 0, 0, 0, 0, 0, 0, 0, 0, 0, 0, 0, 0, 0, 0, 0, 0, 0, 0, 0, 0, 0, 0, 0, 0, 0, 0], [0, 0, 0, 0, 0, 0, 0, 0, 0, 0, 0, 0, 0, 0, 0, 0, 0, 0, 0, 0, 0, 0, 0, 0, 0, 0, 0, 0, 0, 0, 0, 0], [0, 0, 0, 0, 0, 0, 0, 0, 0, 0, 0, 0, 0, 0, 0, 0, 0, 0, 0, 0, 0, 0, 0, 0, 0, 0, 0, 0, 0, 0, 0, 0], [0, 0, 0, 0, 0, 0, 0, 0, 0, 0, 0, 0, 0, 0, 0, 0, 0, 0, 0, 0, 0, 0, 0, 0, 0, 0, 0, 0, 0, 0, 0, 0], [0, 0, 0, 0, 0, 0, 0, 0, 0, 0, 0, 0, 0, 0, 0, 0, 0, 0, 0, 0, 0, 0, 0, 0, 0, 0, 0, 0, 0, 0, 0, 0], [0, 0, 0, 0, 0, 0, 0, 0, 0, 0, 0, 0, 0, 0, 0, 0, 0, 0, 0, 0, 0, 0, 0, 0, 0, 0, 0, 0, 0, 0, 0, 0], [0, 0, 0, 0, 0, 0, 0, 0, 0, 0, 0, 0, 0, 0, 0, 0, 0, 0, 0, 0, 0, 0, 0, 0, 0, 0, 0, 0, 0, 0, 0, 0], [0, 0, 0, 0, 0, 0, 0, 0, 0, 0, 0, 0, 0, 0, 0, 0, 0, 0, 0, 0, 0, 0, 0, 0, 0, 0, 0, 0, 0, 0, 0, 0], [0, 0, 0, 0, 0, 0, 0, 0, 0, 0, 0, 0, 0, 0, 0, 0, 0, 0, 0, 0, 0, 0, 0, 0, 0, 0, 0, 0, 0, 0, 0, 0], [0, 0, 0, 0, 0, 0, 0, 0, 0, 0, 0, 0, 0, 0, 0, 0, 0, 0, 0, 0, 0, 0, 0, 0, 0, 0, 0, 0, 0, 0, 0, 0], [0, 0, 0, 0, 0, 0, 0, 0, 0, 0, 0, 0, 0, 0, 0, 0, 0, 0, 0, 0, 0, 0, 0, 0, 0, 0, 0, 0, 0, 0, 0, 0], [0, 0, 0, 0, 0, 0, 0, 0, 0, 0, 0, 0, 0, 0, 0, 0, 0, 0, 0, 0, 0, 0, 0, 0, 0, 0, 0, 0, 0, 0, 0, 0], [0, 0, 0, 0, 0, 0, 0, 0, 0, 0, 0, 0, 0, 0, 0, 0, 0, 0, 0, 0, 0, 0, 0, 0, 0, 0, 0, 0, 0, 0, 0, 0], [0, 0, 0, 0, 0, 0, 0, 0, 0, 0, 0, 0, 0, 0, 0, 0, 0, 0, 0, 0, 0, 0, 0, 0, 0, 0, 0, 0, 0, 0, 0, 0], [0, 0, 0, 0, 0, 0, 0, 0, 0, 0, 0, 0, 0, 0, 0, 0, 0, 0, 0, 0, 0, 0, 0, 0, 0, 0, 0, 0, 0, 0, 0, 0], [0, 0, 0, 0, 0, 0, 0, 0, 0, 0, 0, 0, 0, 0, 0, 0, 0, 0, 0, 0, 0, 0, 0, 0, 0, 0, 0, 0, 0, 0, 0, 0], [0, 0, 0, 0, 0, 0, 0, 0, 0, 0, 0, 0, 0, 0, 0, 0, 0, 0, 0, 0, 0, 0, 0, 0, 0, 0, 0, 0, 0, 0, 0, 0], [0, 0, 0, 0, 0, 0, 0, 0, 0, 0, 0, 0, 0, 0, 0, 0, 0, 0, 0, 0, 0, 0, 0, 0, 0, 0, 0, 0, 0, 0, 0, 0], [0, 0, 0, 0, 0, 0, 0, 0, 0, 0, 0, 0, 0, 0, 0, 0, 0, 0, 0, 0, 0, 0, 0, 0, 0, 0, 0, 0, 0, 0, 0, 0], [0, 0, 0, 0, 0, 0, 0, 0, 0, 0, 0, 0, 0, 0, 0, 0, 0, 0, 0, 0, 0, 0, 0, 0, 0, 0, 0, 0, 0, 0, 0, 0], [0, 0, 0, 0, 0, 0, 0, 0, 0, 0, 0, 0, 0, 0, 0, 0, 0, 0, 0, 0, 0, 0, 0, 0, 0, 0, 0, 0, 0, 0, 0, 0], [0, 0, 0, 0, 0, 0, 0, 0, 0, 0, 0, 0, 0, 0, 0, 0, 0, 0, 0, 0, 0, 0, 0, 0, 0, 0, 0, 0, 0, 0, 0, 0], [0, 0, 0, 0, 0, 0, 0, 0, 0, 0, 0, 0, 0, 0, 0, 0, 0, 0, 0, 0, 0, 0, 0, 0, 0, 0, 0, 0, 0, 0, 0, 0], [0, 0, 0, 0, 0, 0, 0, 0, 0, 0, 0, 0, 0, 0, 0, 0, 0, 0, 0, 0, 0, 0, 0, 0, 0, 0, 0, 0, 0, 0, 0, 0], [0, 0, 0, 0, 0, 0, 0, 0, 0, 0, 0, 0, 0, 0, 0, 0, 0, 0, 0, 0, 0, 0, 0, 0, 0, 0, 0, 0, 0, 0, 0, 0], [0, 0, 0, 0, 0, 0, 0, 0, 0, 0, 0, 0, 0, 0, 0, 0, 0, 0, 0, 0, 0, 0, 0, 0, 0, 0, 0, 0, 0, 0, 0, 0], [0, 0, 0, 0, 0, 0, 0, 0, 0, 0, 0, 0, 0, 0, 0, 0, 0, 0, 0, 0, 0, 0, 0, 0, 0, 0, 0, 0, 0, 0, 0, 0], [0, 0, 0, 0, 0, 0, 0, 0, 0, 0, 0, 0, 0, 0, 0, 0, 0, 0, 0, 0, 0, 0, 0, 0, 0, 0, 0, 0, 0, 0, 0, 0], [0, 0, 0, 0, 0, 0, 0, 0, 0, 0, 0, 0, 0, 0, 0, 0, 0, 0, 0, 0, 0, 0, 0, 0, 0, 0, 0, 0, 0, 0, 0, 0], [0, 0, 0, 0, 0, 0, 0, 0, 0, 0, 0, 0, 0, 0, 0, 0, 0, 0, 0, 0, 0, 0, 0, 0, 0, 0, 0, 0, 0, 0, 0, 0], [0, 0, 0, 0, 0, 0, 0, 0, 0, 0, 0, 0, 0, 0, 0, 0, 0, 0, 0, 0, 0, 0, 0, 0, 0, 0, 0, 0, 0, 0, 0, 0], [0, 0, 0, 0, 0, 0, 0, 0, 0, 0, 0, 0, 0, 0, 0, 0, 0, 0, 0, 0, 0, 0, 0, 0, 0, 0, 0, 0, 0, 0, 0, 0], [0, 0, 0, 0, 0, 0, 0, 0, 0, 0, 0, 0, 0, 0, 0, 0, 0, 0, 0, 0, 0, 0, 0, 0, 0, 0, 0, 0, 0, 0, 0, 0], [0, 0, 0, 0, 0, 0, 0, 0, 0, 0, 0, 0, 0, 0, 0, 0, 0, 0, 0, 0, 0, 0, 0, 0, 0, 0, 0, 0, 0, 0, 0, 0], [0, 0, 0, 0, 0, 0, 0, 0, 0, 0, 0, 0, 0, 0, 0, 0, 0, 0, 0, 0, 0, 0, 0, 0, 0, 0, 0, 0, 0, 0, 0, 0], [0, 0, 0, 0, 0, 0, 0, 0, 0, 0, 0, 0, 0, 0, 0, 0, 0, 0, 0, 0, 0, 0, 0, 0, 0, 0, 0, 0, 0, 0, 0, 0], [0, 0, 0, 0, 0, 0, 0, 0, 0, 0, 0, 0, 0, 0, 0, 0, 0, 0, 0, 0, 0, 0, 0, 0, 0, 0, 0, 0, 0, 0, 0, 0], [0, 0, 0, 0, 0, 0, 0, 0, 0, 0, 0, 0, 0, 0, 0, 0, 0, 0, 0, 0, 0, 0, 0, 0, 0, 0, 0, 0, 0, 0, 0, 0], [0, 0, 0, 0, 0, 0, 0, 0, 0, 0, 0, 0, 0, 0, 0, 0, 0, 0, 0, 0, 0, 0, 0, 0, 0, 0, 0, 0, 0, 0, 0, 0], [0, 0, 0, 0, 0, 0, 0, 0, 0, 0, 0, 0, 0, 0, 0, 0, 0, 0, 0, 0, 0, 0, 0, 0, 0, 0, 0, 0, 0, 0, 0, 0], [0, 0, 0, 0, 0, 0, 0, 0, 0, 0, 0, 0, 0, 0, 0, 0, 0, 0, 0, 0, 0, 0, 0, 0, 0, 0, 0, 0, 0, 0, 0, 0], [0, 0, 0, 0, 0, 0, 0, 0, 0, 0, 0, 0, 0, 0, 0, 0, 0, 0, 0, 0, 0, 0, 0, 0, 0, 0, 0, 0, 0, 0, 0, 0], [0, 0, 0, 0, 0, 0, 0, 0, 0, 0, 0, 0, 0, 0, 0, 0, 0, 0, 0, 0, 0, 0, 0, 0, 0, 0, 0, 0, 0, 0, 0, 0], [0, 0, 0, 0, 0, 0, 0, 0, 0, 0, 0, 0, 0, 0, 0, 0, 0, 0, 0, 0, 0, 0, 0, 0, 0, 0, 0, 0, 0, 0, 0, 0], [0, 0, 0, 0, 0, 0, 0, 0, 0, 0, 0, 0, 0, 0, 0, 0, 0, 0, 0, 0, 0, 0, 0, 0, 0, 0, 0, 0, 0, 0, 0, 0], [0, 0, 0, 0, 0, 0, 0, 0, 0, 0, 0, 0, 0, 0, 0, 0, 0, 0, 0, 0, 0, 0, 0, 0, 0, 0, 0, 0, 0, 0, 0, 0], [0, 0, 0, 0, 0, 0, 0, 0, 0, 0, 0, 0, 0, 0, 0, 0, 0, 0, 0, 0, 0, 0, 0, 0, 0, 0, 0, 0, 0, 0, 0, 0], [0, 0, 0, 0, 0, 0, 0, 0, 0, 0, 0, 0, 0, 0, 0, 0, 0, 0, 0, 0, 0, 0, 0, 0, 0, 0, 0, 0, 0, 0, 0, 0], [0, 0, 0, 0, 0, 0, 0, 0, 0, 0, 0, 0, 0, 0, 0, 0, 0, 0, 0, 0, 0, 0, 0, 0, 0, 0, 0, 0, 0, 0, 0, 0], [0, 0, 0, 0, 0, 0, 0, 0, 0, 0, 0, 0, 0, 0, 0, 0, 0, 0, 0, 0, 0, 0, 0, 0, 0, 0, 0, 0, 0, 0, 0, 0], [0, 0, 0, 0, 0, 0, 0, 0, 0, 0, 0, 0, 0, 0, 0, 0, 0, 0, 0, 0, 0, 0, 0, 0, 0, 0, 0, 0, 0, 0, 0, 0], [0, 0, 0, 0, 0, 0, 0, 0, 0, 0, 0, 0, 0, 0, 0, 0, 0, 0, 0, 0, 0, 0, 0, 0, 0, 0, 0, 0, 0, 0, 0, 0], [0, 0, 0, 0, 0, 0, 0, 0, 0, 0, 0, 0, 0, 0, 0, 0, 0, 0, 0, 0, 0, 0, 0, 0, 0, 0, 0, 0, 0, 0, 0, 0], [0, 0, 0, 0, 0, 0, 0, 0, 0, 0, 0, 0, 0, 0, 0, 0, 0, 0, 0, 0, 0, 0, 0, 0, 0, 0, 0, 0, 0, 0, 0, 0], [0, 0, 0, 0, 0, 0, 0, 0, 0, 0, 0, 0, 0, 0, 0, 0, 0, 0, 0, 0, 0, 0, 0, 0, 0, 0, 0, 0, 0, 0, 0, 0], [0, 0, 0, 0, 0, 0, 0, 0, 0, 0, 0, 0, 0, 0, 0, 0, 0, 0, 0, 0, 0, 0, 0, 0, 0, 0, 0, 0, 0, 0, 0, 0], [0, 0, 0, 0, 0, 0, 0, 0, 0, 0, 0, 0, 0, 0, 0, 0, 0, 0, 0, 0, 0, 0, 0, 0, 0, 0, 0, 0, 0, 0, 0, 0], [0, 0, 0, 0, 0, 0, 0, 0, 0, 0, 0, 0, 0, 0, 0, 0, 0, 0, 0, 0, 0, 0, 0, 0, 0, 0, 0, 0, 0, 0, 0, 0], [0, 0, 0, 0, 0, 0, 0, 0, 0, 0, 0, 0, 0, 0, 0, 0, 0, 0, 0, 0, 0, 0, 0, 0, 0, 0, 0, 0, 0, 0, 0, 0], [0, 0, 0, 0, 0, 0, 0, 0, 0, 0, 0, 0, 0, 0, 0, 0, 0, 0, 0, 0, 0, 0, 0, 0, 0, 0, 0, 0, 0, 0, 0, 0], [0, 0, 0, 0, 0, 0, 0, 0, 0, 0, 0, 0, 0, 0, 0, 0, 0, 0, 0, 0, 0, 0, 0, 0, 0, 0, 0, 0, 0, 0, 0, 0], [0, 0, 0, 0, 0, 0, 0, 0, 0, 0, 0, 0, 0, 0, 0, 0, 0, 0, 0, 0, 0, 0, 0, 0, 0, 0, 0, 0, 0, 0, 0, 0], [0, 0, 0, 0, 0, 0, 0, 0, 0, 0, 0, 0, 0, 0, 0, 0, 0, 0, 0, 0, 0, 0, 0, 0, 0, 0, 0, 0, 0, 0, 0, 0], [0, 0, 0, 0, 0, 0, 0, 0, 0, 0, 0, 0, 0, 0, 0, 0, 0, 0, 0, 0, 0, 0, 0, 0, 0, 0, 0, 0, 0, 0, 0, 0], [0, 0, 0, 0, 0, 0, 0, 0, 0, 0, 0, 0, 0, 0, 0, 0, 0, 0, 0, 0, 0, 0, 0, 0, 0, 0, 0, 0, 0, 0, 0, 0], [0, 0, 0, 0, 0, 0, 0, 0, 0, 0, 0, 0, 0, 0, 0, 0, 0, 0, 0, 0, 0, 0, 0, 0, 0, 0, 0, 0, 0, 0, 0, 0], [0, 0, 0, 0, 0, 0, 0, 0, 0, 0, 0, 0, 0, 0, 0, 0, 0, 0, 0, 0, 0, 0, 0, 0, 0, 0, 0, 0, 0, 0, 0, 0], [0, 0, 0, 0, 0, 0, 0, 0, 0, 0, 0, 0, 0, 0, 0, 0, 0, 0, 0, 0, 0, 0, 0, 0, 0, 0, 0, 0, 0, 0, 0, 0], [0, 0, 0, 0, 0, 0, 0, 0, 0, 0, 0, 0, 0, 0, 0, 0, 0, 0, 0, 0, 0, 0, 0, 0, 0, 0, 0, 0, 0, 0, 0, 0], [0, 0, 0, 0, 0, 0, 0, 0, 0, 0, 0, 0, 0, 0, 0, 0, 0, 0, 0, 0, 0, 0, 0, 0, 0, 0, 0, 0, 0, 0, 0, 0], [0, 0, 0, 0, 0, 0, 0, 0, 0, 0, 0, 0, 0, 0, 0, 0, 0, 0, 0, 0, 0, 0, 0, 0, 0, 0, 0, 0, 0, 0, 0, 0], [0, 0, 0, 0, 0, 0, 0, 0, 0, 0, 0, 0, 0, 0, 0, 0, 0, 0, 0, 0, 0, 0, 0, 0, 0, 0, 0, 0, 0, 0, 0, 0], [0, 0, 0, 0, 0, 0, 0, 0, 0, 0, 0, 0, 0, 0, 0, 0, 0, 0, 0, 0, 0, 0, 0, 0, 0, 0, 0, 0, 0, 0, 0, 0], [0, 0, 0, 0, 0, 0, 0, 0, 0, 0, 0, 0, 0, 0, 0, 0, 0, 0, 0, 0, 0, 0, 0, 0, 0, 0, 0, 0, 0, 0, 0, 0], [0, 0, 0, 0, 0, 0, 0, 0, 0, 0, 0, 0, 0, 0, 0, 0, 0, 0, 0, 0, 0, 0, 0, 0, 0, 0, 0, 0, 0, 0, 0, 0], [0, 0, 0, 0, 0, 0, 0, 0, 0, 0, 0, 0, 0, 0, 0, 0, 0, 0, 0, 0, 0, 0, 0, 0, 0, 0, 0, 0, 0, 0, 0, 0], [0, 0, 0, 0, 0, 0, 0, 0, 0, 0, 0, 0, 0, 0, 0, 0, 0, 0, 0, 0, 0, 0, 0, 0, 0, 0, 0, 0, 0, 0, 0, 0], [0, 0, 0, 0, 0, 0, 0, 0, 0, 0, 0, 0, 0, 0, 0, 0, 0, 0, 0, 0, 0, 0, 0, 0, 0, 0, 0, 0, 0, 0, 0, 0], [0, 0, 0, 0, 0, 0, 0, 0, 0, 0, 0, 0, 0, 0, 0, 0, 0, 0, 0, 0, 0, 0, 0, 0, 0, 0, 0, 0, 0, 0, 0, 0], [0, 0, 0, 0, 0, 0, 0, 0, 0, 0, 0, 0, 0, 0, 0, 0, 0, 0, 0, 0, 0, 0, 0, 0, 0, 0, 0, 0, 0, 0, 0, 0], [0, 0, 0, 0, 0, 0, 0, 0, 0, 0, 0, 0, 0, 0, 0, 0, 0, 0, 0, 0, 0, 0, 0, 0, 0, 0, 0, 0, 0, 0, 0, 0], [0, 0, 0, 0, 0, 0, 0, 0, 0, 0, 0, 0, 0, 0, 0, 0, 0, 0, 0, 0, 0, 0, 0, 0, 0, 0, 0, 0, 0, 0, 0, 0], [0, 0, 0, 0, 0, 0, 0, 0, 0, 0, 0, 0, 0, 0, 0, 0, 0, 0, 0, 0, 0, 0, 0, 0, 0, 0, 0, 0, 0, 0, 0, 0], [0, 0, 0, 0, 0, 0, 0, 0, 0, 0, 0, 0, 0, 0, 0, 0, 0, 0, 0, 0, 0, 0, 0, 0, 0, 0, 0, 0, 0, 0, 0, 0], [0, 0, 0, 0, 0, 0, 0, 0, 0, 0, 0, 0, 0, 0, 0, 0, 0, 0, 0, 0, 0, 0, 0, 0, 0, 0, 0, 0, 0, 0, 0, 0], [0, 0, 0, 0, 0, 0, 0, 0, 0, 0, 0, 0, 0, 0, 0, 0, 0, 0, 0, 0, 0, 0, 0, 0, 0, 0, 0, 0, 0, 0, 0, 0], [0, 0, 0, 0, 0, 0, 0, 0, 0, 0, 0, 0, 0, 0, 0, 0, 0, 0, 0, 0, 0, 0, 0, 0, 0, 0, 0, 0, 0, 0, 0, 0], [0, 0, 0, 0, 0, 0, 0, 0, 0, 0, 0, 0, 0, 0, 0, 0, 0, 0, 0, 0, 0, 0, 0, 0, 0, 0, 0, 0, 0, 0, 0, 0], [0, 0, 0, 0, 0, 0, 0, 0, 0, 0, 0, 0, 0, 0, 0, 0, 0, 0, 0, 0, 0, 0, 0, 0, 0, 0, 0, 0, 0, 0, 0, 0], [0, 0, 0, 0, 0, 0, 0, 0, 0, 0, 0, 0, 0, 0, 0, 0, 0, 0, 0, 0, 0, 0, 0, 0, 0, 0, 0, 0, 0, 0, 0, 0], [0, 0, 0, 0, 0, 0, 0, 0, 0, 0, 0, 0, 0, 0, 0, 0, 0, 0, 0, 0, 0, 0, 0, 0, 0, 0, 0, 0, 0, 0, 0, 0], [0, 0, 0, 0, 0, 0, 0, 0, 0, 0, 0, 0, 0, 0, 0, 0, 0, 0, 0, 0, 0, 0, 0, 0, 0, 0, 0, 0, 0, 0, 0, 0], [0, 0, 0, 0, 0, 0, 0, 0, 0, 0, 0, 0, 0, 0, 0, 0, 0, 0, 0, 0, 0, 0, 0, 0, 0, 0, 0, 0, 0, 0, 0, 0], [0, 0, 0, 0, 0, 0, 0, 0, 0, 0, 0, 0, 0, 0, 0, 0, 0, 0, 0, 0, 0, 0, 0, 0, 0, 0, 0, 0, 0, 0, 0, 0], [0, 0, 0, 0, 0, 0, 0, 0, 0, 0, 0, 0, 0, 0, 0, 0, 0, 0, 0, 0, 0, 0, 0, 0, 0, 0, 0, 0, 0, 0, 0, 0], [0, 0, 0, 0, 0, 0, 0, 0, 0, 0, 0, 0, 0, 0, 0, 0, 0, 0, 0, 0, 0, 0, 0, 0, 0, 0, 0, 0, 0, 0, 0, 0], [0, 0, 0, 0, 0, 0, 0, 0, 0, 0, 0, 0, 0, 0, 0, 0, 0, 0, 0, 0, 0, 0, 0, 0, 0, 0, 0, 0, 0, 0, 0, 0], [0, 0, 0, 0, 0, 0, 0, 0, 0, 0, 0, 0, 0, 0, 0, 0, 0, 0, 0, 0, 0, 0, 0, 0, 0, 0, 0, 0, 0, 0, 0, 0], [0, 0, 0, 0, 0, 0, 0, 0, 0, 0, 0, 0, 0, 0, 0, 0, 0, 0, 0, 0, 0, 0, 0, 0, 0, 0, 0, 0, 0, 0, 0, 0], [0, 0, 0, 0, 0, 0, 0, 0, 0, 0, 0, 0, 0, 0, 0, 0, 0, 0, 0, 0, 0, 0, 0, 0, 0, 0, 0, 0, 0, 0, 0, 0], [0, 0, 0, 0, 0, 0, 0, 0, 0, 0, 0, 0, 0, 0, 0, 0, 0, 0, 0, 0, 0, 0, 0, 0, 0, 0, 0, 0, 0, 0, 0, 0], [0, 0, 0, 0, 0, 0, 0, 0, 0, 0, 0, 0, 0, 0, 0, 0, 0, 0, 0, 0, 0, 0, 0, 0, 0, 0, 0, 0, 0, 0, 0, 0], [0, 0, 0, 0, 0, 0, 0, 0, 0, 0, 0, 0, 0, 0, 0, 0, 0, 0, 0, 0, 0, 0, 0, 0, 0, 0, 0, 0, 0, 0, 0, 0], [0, 0, 0, 0, 0, 0, 0, 0, 0, 0, 0, 0, 0, 0, 0, 0, 0, 0, 0, 0, 0, 0, 0, 0, 0, 0, 0, 0, 0, 0, 0, 0], [0, 0, 0, 0, 0, 0, 0, 0, 0, 0, 0, 0, 0, 0, 0, 0, 0, 0, 0, 0, 0, 0, 0, 0, 0, 0, 0, 0, 0, 0, 0, 0], [0, 0, 0, 0, 0, 0, 0, 0, 0, 0, 0, 0, 0, 0, 0, 0, 0, 0, 0, 0, 0, 0, 0, 0, 0, 0, 0, 0, 0, 0, 0, 0], [0, 0, 0, 0, 0, 0, 0, 0, 0, 0, 0, 0, 0, 0, 0, 0, 0, 0, 0, 0, 0, 0, 0, 0, 0, 0, 0, 0, 0, 0, 0, 0], [0, 0, 0, 0, 0, 0, 0, 0, 0, 0, 0, 0, 0, 0, 0, 0, 0, 0, 0, 0, 0, 0, 0, 0, 0, 0, 0, 0, 0, 0, 0, 0], [0, 0, 0, 0, 0, 0, 0, 0, 0, 0, 0, 0, 0, 0, 0, 0, 0, 0, 0, 0, 0, 0, 0, 0, 0, 0, 0, 0, 0, 0, 0, 0], [0, 0, 0, 0, 0, 0, 0, 0, 0, 0, 0, 0, 0, 0, 0, 0, 0, 0, 0, 0, 0, 0, 0, 0, 0, 0, 0, 0, 0, 0, 0, 0], [0, 0, 0, 0, 0, 0, 0, 0, 0, 0, 0, 0, 0, 0, 0, 0, 0, 0, 0, 0, 0, 0, 0, 0, 0, 0, 0, 0, 0, 0, 0, 0], [0, 0, 0, 0, 0, 0, 0, 0, 0, 0, 0, 0, 0, 0, 0, 0, 0, 0, 0, 0, 0, 0, 0, 0, 0, 0, 0, 0, 0, 0, 0, 0], [0, 0, 0, 0, 0, 0, 0, 0, 0, 0, 0, 0, 0, 0, 0, 0, 0, 0, 0, 0, 0, 0, 0, 0, 0, 0, 0, 0, 0, 0, 0, 0], [0, 0, 0, 0, 0, 0, 0, 0, 0, 0, 0, 0, 0, 0, 0, 0, 0, 0, 0, 0, 0, 0, 0, 0, 0, 0, 0, 0, 0, 0, 0, 0], [0, 0, 0, 0, 0, 0, 0, 0, 0, 0, 0, 0, 0, 0, 0, 0, 0, 0, 0, 0, 0, 0, 0, 0, 0, 0, 0, 0, 0, 0, 0, 0], [0, 0, 0, 0, 0, 0, 0, 0, 0, 0, 0, 0, 0, 0, 0, 0, 0, 0, 0, 0, 0, 0, 0, 0, 0, 0, 0, 0, 0, 0, 0, 0], [0, 0, 0, 0, 0, 0, 0, 0, 0, 0, 0, 0, 0, 0, 0, 0, 0, 0, 0, 0, 0, 0, 0, 0, 0, 0, 0, 0, 0, 0, 0, 0], [0, 0, 0, 0, 0, 0, 0, 0, 0, 0, 0, 0, 0, 0, 0, 0, 0, 0, 0, 0, 0, 0, 0, 0, 0, 0, 0, 0, 0, 0, 0, 0], [0, 0, 0, 0, 0, 0, 0, 0, 0, 0, 0, 0, 0, 0, 0, 0, 0, 0, 0, 0, 0, 0, 0, 0, 0, 0, 0, 0, 0, 0, 0, 0], [0, 0, 0, 0, 0, 0, 0, 0, 0, 0, 0, 0, 0, 0, 0, 0, 0, 0, 0, 0, 0, 0, 0, 0, 0, 0, 0, 0, 0, 0, 0, 0], [0, 0, 0, 0, 0, 0, 0, 0, 0, 0, 0, 0, 0, 0, 0, 0, 0, 0, 0, 0, 0, 0, 0, 0, 0, 0, 0, 0, 0, 0, 0, 0], [0, 0, 0, 0, 0, 0, 0, 0, 0, 0, 0, 0, 0, 0, 0, 0, 0, 0, 0, 0, 0, 0, 0, 0, 0, 0, 0, 0, 0, 0, 0, 0], [0, 0, 0, 0, 0, 0, 0, 0, 0, 0, 0, 0, 0, 0, 0, 0, 0, 0, 0, 0, 0, 0, 0, 0, 0, 0, 0, 0, 0, 0, 0, 0], [0, 0, 0, 0, 0, 0, 0, 0, 0, 0, 0, 0, 0, 0, 0, 0, 0, 0, 0, 0, 0, 0, 0, 0, 0, 0, 0, 0, 0, 0, 0, 0], [0, 0, 0, 0, 0, 0, 0, 0, 0, 0, 0, 0, 0, 0, 0, 0, 0, 0, 0, 0, 0, 0, 0, 0, 0, 0, 0, 0, 0, 0, 0, 0], [0, 0, 0, 0, 0, 0, 0, 0, 0, 0, 0, 0, 0, 0, 0, 0, 0, 0, 0, 0, 0, 0, 0, 0, 0, 0, 0, 0, 0, 0, 0, 0], [0, 0, 0, 0, 0, 0, 0, 0, 0, 0, 0, 0, 0, 0, 0, 0, 0, 0, 0, 0, 0, 0, 0, 0, 0, 0, 0, 0, 0, 0, 0, 0], [0, 0, 0, 0, 0, 0, 0, 0, 0, 0, 0, 0, 0, 0, 0, 0, 0, 0, 0, 0, 0, 0, 0, 0, 0, 0, 0, 0, 0, 0, 0, 0], [0, 0, 0, 0, 0, 0, 0, 0, 0, 0, 0, 0, 0, 0, 0, 0, 0, 0, 0, 0, 0, 0, 0, 0, 0, 0, 0, 0, 0, 0, 0, 0], [0, 0, 0, 0, 0, 0, 0, 0, 0, 0, 0, 0, 0, 0, 0, 0, 0, 0, 0, 0, 0, 0, 0, 0, 0, 0, 0, 0, 0, 0, 0, 0], [0, 0, 0, 0, 0, 0, 0, 0, 0, 0, 0, 0, 0, 0, 0, 0, 0, 0, 0, 0, 0, 0, 0, 0, 0, 0, 0, 0, 0, 0, 0, 0], [0, 0, 0, 0, 0, 0, 0, 0, 0, 0, 0, 0, 0, 0, 0, 0, 0, 0, 0, 0, 0, 0, 0, 0, 0, 0, 0, 0, 0, 0, 0, 0], [0, 0, 0, 0, 0, 0, 0, 0, 0, 0, 0, 0, 0, 0, 0, 0, 0, 0, 0, 0, 0, 0, 0, 0, 0, 0, 0, 0, 0, 0, 0, 0], [0, 0, 0, 0, 0, 0, 0, 0, 0, 0, 0, 0, 0, 0, 0, 0, 0, 0, 0, 0, 0, 0, 0, 0, 0, 0, 0, 0, 0, 0, 0, 0], [0, 0, 0, 0, 0, 0, 0, 0, 0, 0, 0, 0, 0, 0, 0, 0, 0, 0, 0, 0, 0, 0, 0, 0, 0, 0, 0, 0, 0, 0, 0, 0], [0, 0, 0, 0, 0, 0, 0, 0, 0, 0, 0, 0, 0, 0, 0, 0, 0, 0, 0, 0, 0, 0, 0, 0, 0, 0, 0, 0, 0, 0, 0, 0], [0, 0, 0, 0, 0, 0, 0, 0, 0, 0, 0, 0, 0, 0, 0, 0, 0, 0, 0, 0, 0, 0, 0, 0, 0, 0, 0, 0, 0, 0, 0, 0], [0, 0, 0, 0, 0, 0, 0, 0, 0, 0, 0, 0, 0, 0, 0, 0, 0, 0, 0, 0, 0, 0, 0, 0, 0, 0, 0, 0, 0, 0, 0, 0], [0, 0, 0, 0, 0, 0, 0, 0, 0, 0, 0, 0, 0, 0, 0, 0, 0, 0, 0, 0, 0, 0, 0, 0, 0, 0, 0, 0, 0, 0, 0, 0], [0, 0, 0, 0, 0, 0, 0, 0, 0, 0, 0, 0, 0, 0, 0, 0, 0, 0, 0, 0, 0, 0, 0, 0, 0, 0, 0, 0, 0, 0, 0, 0], [0, 0, 0, 0, 0, 0, 0, 0, 0, 0, 0, 0, 0, 0, 0, 0, 0, 0, 0, 0, 0, 0, 0, 0, 0, 0, 0, 0, 0, 0, 0, 0], [0, 0, 0, 0, 0, 0, 0, 0, 0, 0, 0, 0, 0, 0, 0, 0, 0, 0, 0, 0, 0, 0, 0, 0, 0, 0, 0, 0, 0, 0, 0, 0], [0, 0, 0, 0, 0, 0, 0, 0, 0, 0, 0, 0, 0, 0, 0, 0, 0, 0, 0, 0, 0, 0, 0, 0, 0, 0, 0, 0, 0, 0, 0, 0], [0, 0, 0, 0, 0, 0, 0, 0, 0, 0, 0, 0, 0, 0, 0, 0, 0, 0, 0, 0, 0, 0, 0, 0, 0, 0, 0, 0, 0, 0, 0, 0], [0, 0, 0, 0, 0, 0, 0, 0, 0, 0, 0, 0, 0, 0, 0, 0, 0, 0, 0, 0, 0, 0, 0, 0, 0, 0, 0, 0, 0, 0, 0, 0], [0, 0, 0, 0, 0, 0, 0, 0, 0, 0, 0, 0, 0, 0, 0, 0, 0, 0, 0, 0, 0, 0, 0, 0, 0, 0, 0, 0, 0, 0, 0, 0], [0, 0, 0, 0, 0, 0, 0, 0, 0, 0, 0, 0, 0, 0, 0, 0, 0, 0, 0, 0, 0, 0, 0, 0, 0, 0, 0, 0, 0, 0, 0, 0], [0, 0, 0, 0, 0, 0, 0, 0, 0, 0, 0, 0, 0, 0, 0, 0, 0, 0, 0, 0, 0, 0, 0, 0, 0, 0, 0, 0, 0, 0, 0, 0], [0, 0, 0, 0, 0, 0, 0, 0, 0, 0, 0, 0, 0, 0, 0, 0, 0, 0, 0, 0, 0, 0, 0, 0, 0, 0, 0, 0, 0, 0, 0, 0], [0, 0, 0, 0, 0, 0, 0, 0, 0, 0, 0, 0, 0, 0, 0, 0, 0, 0, 0, 0, 0, 0, 0, 0, 0, 0, 0, 0, 0, 0, 0, 0], [0, 0, 0, 0, 0, 0, 0, 0, 0, 0, 0, 0, 0, 0, 0, 0, 0, 0, 0, 0, 0, 0, 0, 0, 0, 0, 0, 0, 0, 0, 0, 0], [0, 0, 0, 0, 0, 0, 0, 0, 0, 0, 0, 0, 0, 0, 0, 0, 0, 0, 0, 0, 0, 0, 0, 0, 0, 0, 0, 0, 0, 0, 0, 0], [0, 0, 0, 0, 0, 0, 0, 0, 0, 0, 0, 0, 0, 0, 0, 0, 0, 0, 0, 0, 0, 0, 0, 0, 0, 0, 0, 0, 0, 0, 0, 0], [0, 0, 0, 0, 0, 0, 0, 0, 0, 0, 0, 0, 0, 0, 0, 0, 0, 0, 0, 0, 0, 0, 0, 0, 0, 0, 0, 0, 0, 0, 0, 0], [0, 0, 0, 0, 0, 0, 0, 0, 0, 0, 0, 0, 0, 0, 0, 0, 0, 0, 0, 0, 0, 0, 0, 0, 0, 0, 0, 0, 0, 0, 0, 0], [0, 0, 0, 0, 0, 0, 0, 0, 0, 0, 0, 0, 0, 0, 0, 0, 0, 0, 0, 0, 0, 0, 0, 0, 0, 0, 0, 0, 0, 0, 0, 0], [0, 0, 0, 0, 0, 0, 0, 0, 0, 0, 0, 0, 0, 0, 0, 0, 0, 0, 0, 0, 0, 0, 0, 0, 0, 0, 0, 0, 0, 0, 0, 0], [0, 0, 0, 0, 0, 0, 0, 0, 0, 0, 0, 0, 0, 0, 0, 0, 0, 0, 0, 0, 0, 0, 0, 0, 0, 0, 0, 0, 0, 0, 0, 0], [0, 0, 0, 0, 0, 0, 0, 0, 0, 0, 0, 0, 0, 0, 0, 0, 0, 0, 0, 0, 0, 0, 0, 0, 0, 0, 0, 0, 0, 0, 0, 0], [0, 0, 0, 0, 0, 0, 0, 0, 0, 0, 0, 0, 0, 0, 0, 0, 0, 0, 0, 0, 0, 0, 0, 0, 0, 0, 0, 0, 0, 0, 0, 0], [0, 0, 0, 0, 0, 0, 0, 0, 0, 0, 0, 0, 0, 0, 0, 0, 0, 0, 0, 0, 0, 0, 0, 0, 0, 0, 0, 0, 0, 0, 0, 0], [0, 0, 0, 0, 0, 0, 0, 0, 0, 0, 0, 0, 0, 0, 0, 0, 0, 0, 0, 0, 0, 0, 0, 0, 0, 0, 0, 0, 0, 0, 0, 0], [0, 0, 0, 0, 0, 0, 0, 0, 0, 0, 0, 0, 0, 0, 0, 0, 0, 0, 0, 0, 0, 0, 0, 0, 0, 0, 0, 0, 0, 0, 0, 0], [0, 0, 0, 0, 0, 0, 0, 0, 0, 0, 0, 0, 0, 0, 0, 0, 0, 0, 0, 0, 0, 0, 0, 0, 0, 0, 0, 0, 0, 0, 0, 0], [0, 0, 0, 0, 0, 0, 0, 0, 0, 0, 0, 0, 0, 0, 0, 0, 0, 0, 0, 0, 0, 0, 0, 0, 0, 0, 0, 0, 0, 0, 0, 0], [0, 0, 0, 0, 0, 0, 0, 0, 0, 0, 0, 0, 0, 0, 0, 0, 0, 0, 0, 0, 0, 0, 0, 0, 0, 0, 0, 0, 0, 0, 0, 0], [0, 0, 0, 0, 0, 0, 0, 0, 0, 0, 0, 0, 0, 0, 0, 0, 0, 0, 0, 0, 0, 0, 0, 0, 0, 0, 0, 0, 0, 0, 0, 0], [0, 0, 0, 0, 0, 0, 0, 0, 0, 0, 0, 0, 0, 0, 0, 0, 0, 0, 0, 0, 0, 0, 0, 0, 0, 0, 0, 0, 0, 0, 0, 0], [0, 0, 0, 0, 0, 0, 0, 0, 0, 0, 0, 0, 0, 0, 0, 0, 0, 0, 0, 0, 0, 0, 0, 0, 0, 0, 0, 0, 0, 0, 0, 0], [0, 0, 0, 0, 0, 0, 0, 0, 0, 0, 0, 0, 0, 0, 0, 0, 0, 0, 0, 0, 0, 0, 0, 0, 0, 0, 0, 0, 0, 0, 0, 0], [0, 0, 0, 0, 0, 0, 0, 0, 0, 0, 0, 0, 0, 0, 0, 0, 0, 0, 0, 0, 0, 0, 0, 0, 0, 0, 0, 0, 0, 0, 0, 0], [0, 0, 0, 0, 0, 0, 0, 0, 0, 0, 0, 0, 0, 0, 0, 0, 0, 0, 0, 0, 0, 0, 0, 0, 0, 0, 0, 0, 0, 0, 0, 0], [0, 0, 0, 0, 0, 0, 0, 0, 0, 0, 0, 0, 0, 0, 0, 0, 0, 0, 0, 0, 0, 0, 0, 0, 0, 0, 0, 0, 0, 0, 0, 0], [0, 0, 0, 0, 0, 0, 0, 0, 0, 0, 0, 0, 0, 0, 0, 0, 0, 0, 0, 0, 0, 0, 0, 0, 0, 0, 0, 0, 0, 0, 0, 0], [0, 0, 0, 0, 0, 0, 0, 0, 0, 0, 0, 0, 0, 0, 0, 0, 0, 0, 0, 0, 0, 0, 0, 0, 0, 0, 0, 0, 0, 0, 0, 0], [0, 0, 0, 0, 0, 0, 0, 0, 0, 0, 0, 0, 0, 0, 0, 0, 0, 0, 0, 0, 0, 0, 0, 0, 0, 0, 0, 0, 0, 0, 0, 0], [0, 0, 0, 0, 0, 0, 0, 0, 0, 0, 0, 0, 0, 0, 0, 0, 0, 0, 0, 0, 0, 0, 0, 0, 0, 0, 0, 0, 193, 140, 179, 100], [243, 152, 125, 76, 97, 210, 0, 0, 0, 0, 0, 0, 192, 45, 44, 32, 247, 120, 0, 0, 0, 8, 0, 32, 247, 120, 0, 0, 192, 45, 44, 32], [247, 120, 0, 0, 192, 45, 44, 32, 247, 120, 0, 0, 99, 191, 64, 28, 6, 91, 206, 13, 148, 250, 231, 118, 171, 227, 65, 20, 179, 54, 202, 117], [241, 119, 204, 44, 165, 204, 98, 54, 225, 116, 234, 122, 173, 119, 144, 252, 107, 186, 114, 144, 17, 210, 0, 0, 0, 0, 0, 0, 144, 0, 0, 32], [247, 120, 0, 0, 144, 0, 0, 32, 247, 120, 0, 0, 0, 0, 0, 0, 0, 0, 0, 0, 0, 0, 0, 0, 0, 0, 0, 0, 227, 85, 40, 124], [234, 242, 28, 208, 163, 91, 111, 62, 61, 208, 250, 119, 122, 75, 24, 82, 247, 87, 173, 29, 189, 243, 186, 77, 242, 125, 39, 22, 56, 167, 61, 101], [240, 44, 134, 27, 212, 138, 158, 43, 196, 44, 140, 111, 56, 46, 228, 97, 223, 238, 46, 135, 181, 35, 189, 226, 155, 252, 146, 30, 223, 4, 126, 140], [106, 21, 116, 41, 229, 5, 166, 198, 113, 240, 195, 195, 237, 5, 244, 53, 49, 35, 118, 37, 35, 175, 207, 19, 216, 68, 142, 26, 45, 156, 168, 148], [29, 146, 30, 175, 212, 8, 73, 85, 83, 142, 72, 188, 77, 206, 141, 153, 7, 248, 207, 8, 99, 14, 9, 109, 119, 214, 136, 40, 100, 31, 94, 60], [64, 210, 66, 59, 255, 154, 117, 65, 207, 224, 234, 97, 123, 53, 240, 147, 15, 73, 15, 105, 174, 154, 19, 95, 26, 34, 179, 2, 75, 36, 53, 182], [86, 240, 21, 45, 151, 240, 23, 45, 139, 154, 2, 96, 144, 19, 164, 228, 161, 50, 36, 50, 213, 188, 161, 212, 76, 24, 107, 16, 12, 80, 53, 208], [127, 27, 30, 84, 6, 209, 233, 252, 35, 10, 248, 123, 81, 59, 59, 194, 93, 12, 217, 237, 223, 171, 43, 33, 51, 250, 219, 9, 227, 138, 243, 56], [114, 154, 165, 136, 148, 229, 211, 110, 25, 39, 201, 29, 210, 132, 154, 32, 228, 89, 111, 57, 125, 217, 85, 18, 100, 20, 231, 36, 247, 181, 172, 154], [14, 27, 250, 158, 38, 128, 17, 228, 247, 36, 104, 90, 228, 0, 144, 137, 117, 87, 26, 247, 150, 152, 113, 48, 143, 247, 62, 32, 43, 189, 123, 91], [215, 145, 52, 137, 53, 90, 248, 131, 182, 207, 226, 255, 6, 93, 59, 181, 253, 165, 222, 219, 54, 183, 94, 169, 49, 59, 143, 40, 146, 75, 22, 126], [215, 167, 155, 5, 161, 10, 73, 207, 136, 241, 128, 83, 186, 208, 155, 93, 216, 189, 161, 61, 249, 123, 214, 20, 40, 99, 121, 13, 103, 50, 134, 101], [121, 138, 89, 155, 109, 81, 75, 211, 15, 245, 32, 33, 23, 219, 59, 25, 86, 186, 142, 131, 79, 117, 115, 207, 99, 235, 5, 25, 44, 8, 115, 43], [52, 54, 204, 66, 89, 99, 123, 124, 167, 240, 90, 80, 8, 35, 139, 218, 6, 120, 223, 29, 56, 139, 227, 18, 21, 253, 240, 11, 179, 140, 245, 195], [63, 139, 19, 187, 13, 86, 216, 127, 213, 167, 228, 202, 168, 238, 24, 169, 50, 111, 14, 10, 26, 149, 156, 48, 194, 61, 229, 29, 93, 18, 30, 200], [218, 138, 7, 44, 60, 244, 161, 95, 31, 124, 151, 109, 208, 114, 63, 248, 9, 3, 16, 62, 128, 126, 226, 179, 23, 14, 67, 38, 112, 56, 66, 85], [80, 128, 237, 228, 210, 40, 186, 203, 159, 197, 32, 26, 47, 76, 116, 166, 196, 115, 200, 133, 13, 232, 181, 177, 128, 4, 31, 38, 210, 104, 22, 88], [238, 182, 244, 86, 10, 120, 223, 151, 84, 136, 105, 16, 0, 229, 216, 182, 140, 116, 244, 50, 178, 226, 182, 100, 53, 151, 97, 35, 131, 201, 75, 109], [61, 108, 37, 215, 46, 25, 47, 131, 6, 105, 252, 143, 28, 6, 239, 232, 105, 239, 38, 53, 128, 90, 43, 252, 67, 203, 246, 8, 111, 46, 100, 164], [155, 79, 79, 142, 153, 246, 216, 193, 214, 199, 155, 161, 211, 201, 226, 20, 159, 198, 198, 229, 29, 243, 21, 50, 216, 211, 169, 20, 176, 112, 238, 165], [195, 214, 36, 147, 19, 86, 222, 126, 239, 21, 125, 93, 14, 154, 225, 116, 220, 66, 100, 18, 235, 189, 195, 122, 222, 94, 117, 35, 108, 35, 72, 252], [255, 108, 172, 76, 185, 173, 118, 43, 219, 124, 46, 196, 159, 122, 10, 184, 199, 58, 97, 164, 243, 107, 28, 150, 85, 114, 194, 15, 158, 92, 187, 128], [25, 101, 211, 150, 147, 120, 14, 205, 144, 163, 105, 172, 135, 149, 168, 120, 252, 85, 105, 199, 249, 59, 19, 163, 76, 170, 33, 37, 129, 117, 217, 24], [96, 100, 27, 184, 250, 197, 231, 58, 151, 51, 37, 230, 23, 9, 19, 20, 156, 141, 26, 139, 252, 136, 179, 98, 163, 107, 166, 45, 88, 93, 193, 215], [137, 107, 75, 50, 204, 30, 124, 223, 207, 30, 5, 57, 241, 15, 218, 82, 94, 247, 39, 13, 111, 85, 241, 178, 176, 114, 255, 41, 145, 99, 10, 107], [243, 145, 178, 204, 147, 60, 27, 220, 22, 85, 142, 120, 186, 242, 245, 248, 246, 97, 173, 26, 46, 220, 117, 182, 24, 129, 222, 18, 125, 44, 195, 244], [72, 133, 34, 92, 66, 40, 94, 183, 56, 2, 69, 63, 130, 147, 185, 45, 18, 247, 180, 88, 138, 187, 51, 218, 2, 235, 73, 36, 103, 217, 32, 196], [105, 141, 140, 213, 108, 28, 31, 71, 45, 161, 171, 168, 49, 53, 70, 218, 230, 241, 167, 41, 33, 255, 251, 28, 62, 15, 231, 17, 202, 17, 209, 135], [124, 180, 47, 199, 102, 135, 59, 36, 255, 215, 118, 57, 21, 95, 125, 229, 219, 109, 109, 17, 39, 226, 111, 4, 102, 180, 248, 28, 248, 4, 216, 149], [72, 187, 32, 164, 78, 118, 65, 14, 123, 224, 124, 195, 22, 77, 103, 82, 5, 85, 104, 31, 18, 203, 82, 81, 45, 4, 204, 40, 49, 148, 103, 244], [10, 167, 80, 189, 246, 54, 63, 13, 254, 114, 182, 101, 134, 220, 230, 132, 127, 94, 14, 187, 181, 109, 208, 14, 9, 51, 194, 12, 96, 25, 84, 149], [168, 53, 62, 29, 10, 96, 17, 134, 201, 59, 75, 61, 30, 54, 154, 203, 201, 180, 34, 148, 164, 24, 160, 45, 36, 219, 81, 8, 52, 7, 152, 204], [196, 3, 168, 160, 109, 254, 203, 216, 162, 210, 168, 29, 100, 103, 15, 48, 215, 134, 10, 28, 112, 4, 156, 71, 4, 224, 79, 7, 39, 106, 151, 227], [163, 4, 11, 82, 74, 17, 213, 91, 3, 52, 108, 144, 36, 185, 90, 196, 113, 115, 175, 162, 41, 55, 184, 218, 180, 38, 132, 38, 146, 65, 61, 114], [23, 201, 207, 47, 76, 43, 95, 252, 100, 115, 156, 91, 237, 184, 66, 193, 24, 88, 108, 113, 45, 109, 145, 173, 6, 79, 236, 44, 51, 146, 187, 80], [62, 115, 154, 246, 181, 163, 45, 79, 203, 55, 132, 84, 13, 6, 31, 143, 99, 75, 27, 163, 151, 199, 24, 229, 176, 17, 146, 7, 233, 71, 95, 83], [187, 218, 212, 53, 82, 254, 107, 170, 65, 219, 83, 43, 23, 76, 250, 37, 181, 82, 72, 116, 16, 44, 159, 86, 53, 206, 17, 17, 215, 128, 31, 206], [203, 195, 165, 140, 23, 95, 245, 147, 229, 84, 190, 206, 241, 11, 69, 227, 167, 222, 176, 74, 175, 222, 225, 195, 226, 177, 248, 28, 156, 169, 166, 248], [171, 228, 40, 60, 200, 163, 86, 45, 57, 46, 143, 66, 168, 43, 114, 239, 81, 68, 80, 155, 219, 194, 40, 18, 227, 234, 84, 16, 10, 142, 79, 230], [249, 146, 109, 99, 90, 121, 201, 38, 32, 114, 131, 152, 168, 72, 89, 55, 48, 5, 130, 219, 245, 65, 158, 187, 22, 227, 152, 19, 11, 244, 27, 137], [192, 220, 123, 241, 20, 4, 52, 151, 6, 65, 188, 77, 54, 238, 241, 95, 124, 98, 94, 102, 83, 53, 225, 151, 180, 50, 99, 36, 75, 105, 37, 225], [120, 2, 111, 231, 109, 127, 18, 85, 105, 81, 247, 57, 143, 86, 112, 189, 121, 243, 4, 202, 59, 75, 133, 141, 43, 89, 2, 33, 235, 18, 201, 172], [23, 219, 108, 153, 2, 243, 154, 76, 106, 101, 190, 131, 169, 10, 77, 92, 102, 211, 193, 189, 70, 180, 20, 3, 2, 95, 43, 22, 14, 133, 84, 59], [195, 110, 215, 160, 93, 53, 200, 93, 8, 63, 82, 128, 228, 4, 25, 233, 45, 173, 187, 198, 10, 70, 67, 24, 95, 43, 156, 6, 220, 226, 123, 201], [53, 33, 66, 158, 253, 39, 227, 95, 198, 29, 29, 42, 4, 191, 212, 146, 37, 203, 252, 9, 108, 100, 149, 97, 15, 135, 205, 53, 229, 136, 199, 54], [27, 226, 58, 126, 135, 143, 171, 18, 230, 123, 208, 97, 98, 50, 87, 245, 141, 79, 187, 243, 28, 137, 112, 101, 112, 208, 231, 11, 188, 147, 143, 146], [155, 151, 53, 234, 110, 162, 136, 123, 228, 152, 255, 145, 150, 223, 106, 26, 13, 13, 235, 244, 134, 196, 189, 230, 192, 169, 174, 26, 115, 21, 123, 150], [164, 213, 153, 255, 231, 157, 206, 7, 0, 200, 95, 40, 201, 214, 98, 44, 34, 135, 109, 131, 66, 98, 168, 234, 228, 37, 95, 45, 6, 54, 196, 31], [180, 250, 226, 49, 147, 22, 162, 83, 186, 62, 186, 4, 155, 88, 6, 27, 171, 22, 237, 213, 250, 0, 126, 122, 93, 193, 99, 40, 128, 195, 199, 180], [47, 249, 84, 213, 70, 225, 217, 10, 23, 181, 111, 35, 26, 107, 213, 191, 114, 51, 177, 192, 114, 68, 236, 212, 80, 188, 120, 9, 47, 111, 30, 152], [22, 110, 218, 167, 6, 182, 100, 130, 94, 249, 143, 50, 241, 125, 142, 249, 92, 132, 38, 69, 129, 71, 18, 188, 58, 124, 184, 45, 243, 171, 15, 227], [15, 198, 229, 182, 232, 184, 110, 120, 109, 210, 20, 71, 147, 158, 235, 25, 172, 103, 54, 127, 76, 106, 130, 1, 213, 46, 202, 50, 2, 118, 173, 73], [91, 203, 238, 192, 185, 5, 137, 211, 85, 148, 15, 234, 231, 94, 244, 157, 14, 8, 174, 214, 126, 172, 175, 108, 10, 224, 174, 45, 76, 215, 80, 190], [105, 67, 234, 132, 185, 41, 30, 13, 169, 97, 224, 171, 149, 242, 171, 47, 117, 174, 9, 66, 151, 152, 87, 238, 154, 141, 44, 21, 227, 197, 226, 184], [167, 206, 190, 200, 231, 86, 9, 65, 169, 244, 176, 62, 156, 212, 136, 153, 143, 255, 163, 82, 132, 130, 191, 13, 49, 56, 123, 38, 235, 251, 172, 53], [188, 194, 217, 224, 219, 11, 108, 23, 80, 236, 112, 95, 61, 102, 218, 106, 120, 5, 179, 228, 71, 75, 234, 109, 1, 236, 91, 27, 152, 70, 124, 133], [164, 160, 78, 37, 20, 94, 92, 230, 231, 90, 109, 207, 196, 163, 169, 12, 199, 30, 76, 33, 117, 4, 74, 49, 110, 156, 18, 49, 154, 60, 231, 247], [25, 139, 226, 212, 72, 118, 139, 184, 197, 41, 139, 100, 116, 195, 185, 49, 153, 132, 105, 16, 99, 193, 201, 114, 85, 93, 124, 42, 52, 177, 57, 189], [46, 246, 54, 157, 198, 7, 215, 76, 44, 60, 108, 116, 223, 245, 141, 197, 155, 36, 181, 144, 13, 249, 73, 150, 145, 94, 124, 25, 185, 28, 89, 75], [87, 11, 6, 231, 138, 68, 124, 61, 137, 194, 109, 2, 33, 14, 228, 111, 56, 147, 161, 9, 98, 37, 108, 190, 109, 11, 53, 29, 25, 40, 25, 42], [159, 56, 147, 249, 80, 3, 33, 170, 244, 75, 212, 224, 203, 199, 37, 98, 162, 59, 192, 223, 237, 159, 137, 98, 128, 173, 76, 9, 139, 21, 40, 90], [187, 69, 158, 47, 8, 142, 245, 151, 145, 97, 242, 154, 220, 237, 92, 208, 12, 26, 202, 61, 59, 255, 255, 143, 254, 132, 35, 33, 211, 211, 79, 86], [113, 247, 210, 6, 194, 217, 222, 244, 149, 112, 14, 173, 237, 236, 78, 79, 159, 8, 217, 67, 3, 148, 237, 83, 116, 221, 143, 8, 18, 180, 145, 86], [162, 122, 44, 48, 173, 54, 147, 222, 104, 40, 63, 27, 112, 229, 47, 88, 209, 8, 189, 201, 230, 190, 231, 239, 78, 235, 53, 48, 198, 235, 223, 202], [160, 205, 25, 128, 104, 189, 187, 186, 0, 247, 144, 105, 211, 208, 34, 120, 59, 111, 190, 115, 158, 112, 62, 180, 214, 62, 198, 6, 47, 245, 137, 134], [223, 128, 163, 242, 152, 237, 57, 117, 80, 87, 78, 172, 192, 0, 7, 48, 46, 25, 133, 220, 241, 205, 142, 160, 175, 142, 32, 31, 157, 51, 141, 123], [188, 249, 248, 47, 163, 182, 204, 149, 253, 193, 149, 94, 220, 119, 165, 141, 18, 80, 164, 50, 11, 200, 163, 151, 91, 148, 61, 30, 12, 62, 126, 63], [126, 102, 239, 46, 57, 140, 5, 103, 122, 64, 47, 146, 9, 247, 183, 58, 215, 151, 25, 207, 11, 181, 228, 93, 213, 104, 145, 18, 71, 181, 132, 151], [221, 136, 141, 64, 175, 168, 215, 107, 168, 119, 157, 86, 177, 254, 228, 208, 147, 209, 40, 49, 40, 151, 181, 161, 246, 172, 77, 7, 109, 9, 71, 179], [43, 223, 239, 42, 165, 165, 82, 34, 57, 255, 3, 156, 195, 131, 165, 75, 244, 118, 7, 31, 241, 1, 175, 188, 102, 185, 20, 10, 137, 3, 25, 190], [195, 117, 169, 195, 224, 215, 22, 223, 75, 69, 248, 43, 200, 236, 187, 203, 14, 60, 194, 102, 195, 60, 28, 210, 127, 70, 54, 38, 206, 184, 43, 40], [3, 211, 53, 153, 16, 183, 51, 121, 151, 13, 48, 74, 241, 80, 118, 45, 135, 163, 18, 190, 103, 20, 192, 229, 223, 254, 13, 23, 0, 142, 118, 129], [116, 46, 74, 131, 222, 67, 241, 208, 39, 30, 148, 115, 97, 177, 8, 93, 207, 73, 80, 233, 165, 202, 5, 158, 141, 179, 149, 49, 90, 152, 22, 92], [166, 145, 219, 29, 240, 128, 231, 116, 192, 178, 99, 215, 41, 255, 247, 66, 139, 164, 250, 199, 11, 173, 103, 221, 82, 209, 109, 44, 189, 195, 65, 200], [165, 106, 65, 223, 87, 237, 0, 85, 54, 58, 86, 195, 215, 234, 103, 1, 56, 249, 209, 185, 149, 33, 253, 88, 230, 88, 105, 6, 167, 159, 4, 92], [114, 197, 138, 3, 8, 152, 200, 82, 192, 184, 45, 185, 5, 120, 183, 65, 249, 179, 67, 12, 13, 89, 30, 233, 214, 60, 100, 9, 208, 208, 183, 30], [134, 77, 188, 142, 195, 7, 95, 20, 216, 162, 11, 122, 114, 236, 227, 83, 255, 230, 216, 9, 230, 130, 246, 217, 246, 122, 156, 27, 216, 68, 26, 77], [164, 10, 102, 137, 130, 205, 108, 144, 118, 167, 46, 37, 210, 213, 82, 189, 46, 134, 38, 190, 112, 86, 14, 232, 66, 49, 209, 35, 61, 90, 153, 3], [243, 138, 252, 29, 244, 132, 55, 142, 105, 31, 226, 14, 81, 252, 9, 148, 141, 203, 197, 78, 159, 231, 178, 20, 76, 71, 240, 43, 191, 14, 12, 103], [177, 185, 197, 129, 97, 106, 131, 167, 91, 101, 197, 184, 14, 180, 173, 19, 188, 134, 1, 107, 83, 172, 233, 92, 134, 20, 32, 12, 233, 5, 182, 116], [47, 193, 245, 203, 133, 173, 246, 94, 186, 182, 90, 219, 206, 58, 177, 248, 161, 64, 28, 165, 160, 213, 96, 84, 229, 109, 160, 26, 96, 251, 37, 218], [203, 141, 24, 90, 200, 238, 58, 188, 221, 80, 135, 23, 99, 195, 77, 188, 35, 181, 29, 211, 33, 213, 155, 173, 101, 84, 100, 12, 110, 253, 251, 253], [212, 111, 145, 59, 42, 81, 226, 47, 128, 111, 118, 187, 103, 236, 122, 89, 148, 64, 207, 237, 152, 0, 25, 174, 220, 151, 138, 36, 160, 109, 164, 136], [223, 2, 187, 142, 60, 115, 109, 214, 53, 70, 56, 101, 177, 17, 76, 112, 30, 232, 237, 195, 48, 72, 121, 138, 68, 136, 231, 27, 145, 140, 107, 3], [195, 220, 254, 23, 30, 227, 213, 225, 254, 242, 144, 16, 3, 217, 247, 59, 201, 240, 150, 255, 104, 84, 30, 50, 8, 42, 115, 26, 179, 255, 222, 168], [81, 254, 201, 204, 117, 210, 81, 163, 177, 203, 27, 242, 199, 191, 85, 3, 164, 186, 17, 48, 67, 141, 123, 51, 106, 178, 108, 12, 85, 73, 2, 112], [183, 197, 11, 91, 184, 202, 167, 52, 214, 166, 118, 111, 120, 237, 96, 49, 153, 11, 222, 244, 39, 166, 192, 136, 132, 125, 193, 51, 199, 160, 82, 253], [7, 117, 56, 168, 219, 127, 2, 45, 129, 245, 73, 12, 160, 213, 163, 90, 118, 138, 138, 163, 121, 175, 41, 199, 57, 248, 238, 30, 53, 173, 144, 251], [248, 183, 201, 125, 38, 106, 229, 175, 232, 162, 220, 152, 140, 94, 80, 140, 124, 253, 80, 6, 174, 177, 178, 21, 56, 202, 253, 30, 26, 241, 16, 87], [174, 221, 172, 197, 57, 184, 111, 250, 47, 71, 55, 211, 195, 8, 173, 116, 34, 104, 135, 33, 12, 170, 10, 17, 55, 175, 208, 20, 23, 135, 143, 20], [218, 110, 213, 33, 237, 234, 127, 126, 235, 10, 110, 59, 22, 153, 238, 37, 37, 237, 167, 135, 28, 113, 132, 242, 101, 159, 73, 27, 96, 11, 201, 172], [31, 51, 152, 108, 220, 177, 167, 129, 193, 235, 251, 139, 26, 92, 56, 130, 219, 111, 132, 190, 101, 84, 118, 68, 198, 73, 76, 29, 99, 100, 45, 80], [33, 166, 211, 93, 254, 142, 182, 255, 130, 227, 60, 187, 31, 202, 173, 46, 146, 124, 25, 154, 235, 14, 222, 187, 113, 195, 91, 19, 5, 131, 64, 157], [140, 38, 7, 75, 216, 181, 171, 173, 130, 72, 243, 146, 129, 3, 218, 191, 204, 40, 146, 107, 132, 54, 109, 204, 99, 193, 2, 33, 177, 19, 101, 39], [59, 53, 181, 67, 236, 125, 183, 71, 124, 227, 21, 132, 35, 78, 205, 203, 52, 3, 252, 166, 23, 18, 238, 218, 184, 12, 226, 39, 129, 56, 53, 194], [33, 242, 49, 47, 111, 51, 199, 101, 234, 249, 126, 149, 131, 211, 23, 142, 201, 238, 14, 103, 191, 64, 151, 108, 255, 63, 254, 27, 218, 162, 59, 32], [179, 57, 81, 125, 181, 109, 3, 144, 42, 87, 132, 60, 2, 215, 95, 238, 224, 178, 76, 191, 125, 230, 82, 117, 205, 218, 159, 12, 113, 127, 185, 45], [218, 70, 34, 246, 2, 107, 72, 56, 179, 199, 198, 164, 94, 146, 33, 228, 238, 234, 57, 152, 216, 111, 101, 216, 135, 153, 99, 23, 32, 126, 101, 250], [6, 203, 152, 17, 146, 148, 237, 66, 149, 202, 52, 126, 250, 128, 100, 185, 56, 217, 230, 122, 221, 182, 158, 6, 140, 44, 124, 27, 74, 249, 217, 46], [0, 177, 120, 96, 88, 68, 244, 107, 161, 23, 159, 81, 107, 7, 113, 168, 192, 232, 68, 138, 91, 142, 36, 207, 40, 132, 187, 8, 211, 90, 49, 94], [250, 8, 116, 177, 12, 106, 69, 102, 152, 3, 3, 23, 50, 113, 160, 215, 248, 144, 20, 17, 234, 189, 25, 9, 83, 100, 142, 4, 127, 84, 213, 95], [205, 244, 82, 103, 217, 225, 84, 55, 12, 234, 212, 58, 134, 105, 68, 114, 196, 164, 118, 212, 235, 147, 182, 252, 96, 191, 124, 31, 59, 170, 181, 220], [108, 17, 249, 8, 91, 125, 53, 254, 138, 190, 81, 19, 19, 157, 234, 141, 219, 101, 85, 136, 112, 124, 10, 84, 215, 248, 56, 14, 11, 125, 160, 238], [166, 226, 48, 38, 36, 220, 172, 64, 59, 229, 99, 112, 65, 215, 176, 46, 198, 252, 134, 85, 91, 146, 216, 252, 52, 111, 220, 24, 169, 68, 78, 232], [71, 52, 31, 76, 91, 79, 151, 109, 106, 171, 108, 69, 68, 140, 6, 101, 181, 49, 170, 109, 209, 48, 130, 147, 115, 217, 17, 12, 152, 101, 205, 35], [233, 159, 135, 119, 126, 216, 142, 86, 105, 53, 118, 204, 193, 74, 68, 55, 134, 200, 42, 63, 188, 74, 254, 42, 122, 42, 3, 49, 209, 44, 78, 68], [109, 44, 235, 142, 246, 29, 146, 53, 249, 254, 174, 154, 97, 150, 214, 172, 195, 130, 21, 54, 57, 195, 75, 78, 70, 104, 130, 27, 58, 36, 76, 201], [155, 197, 202, 205, 48, 63, 54, 71, 230, 157, 34, 249, 67, 203, 161, 132, 27, 240, 133, 117, 76, 76, 87, 112, 13, 116, 126, 12, 181, 245, 167, 34], [49, 69, 40, 185, 89, 133, 116, 113, 29, 101, 166, 237, 174, 174, 58, 144, 92, 197, 32, 16, 34, 126, 211, 62, 26, 132, 226, 13, 107, 48, 75, 60], [39, 251, 206, 196, 32, 1, 152, 116, 247, 78, 185, 113, 76, 224, 46, 229, 18, 32, 22, 144, 223, 137, 217, 199, 98, 84, 28, 26, 197, 198, 6, 135], [94, 116, 84, 126, 79, 223, 31, 118, 4, 63, 108, 229, 125, 136, 219, 147, 58, 254, 236, 36, 255, 149, 166, 29, 243, 187, 184, 22, 225, 61, 83, 140], [22, 210, 33, 35, 159, 123, 150, 206, 134, 125, 243, 100, 91, 185, 18, 229, 155, 231, 104, 164, 156, 164, 196, 1, 136, 192, 181, 30, 161, 136, 134, 213], [105, 168, 17, 238, 250, 8, 186, 163, 254, 75, 36, 0, 85, 100, 109, 111, 124, 233, 141, 212, 41, 234, 51, 142, 217, 42, 47, 7, 43, 5, 193, 134], [140, 87, 48, 28, 118, 207, 143, 108, 134, 220, 115, 210, 196, 246, 254, 173, 37, 4, 181, 71, 111, 133, 95, 199, 165, 246, 112, 39, 110, 107, 91, 14], [255, 60, 53, 111, 200, 182, 176, 10, 110, 232, 137, 236, 62, 214, 22, 216, 181, 42, 73, 96, 227, 140, 90, 173, 48, 113, 65, 26, 136, 247, 216, 29], [234, 177, 218, 86, 250, 44, 210, 133, 91, 171, 78, 64, 242, 68, 27, 112, 193, 116, 97, 62, 191, 192, 245, 234, 117, 12, 161, 21, 253, 116, 7, 73], [102, 30, 225, 174, 109, 251, 55, 0, 94, 23, 181, 135, 223, 178, 240, 221, 11, 107, 8, 1, 199, 55, 38, 26, 156, 243, 115, 26, 98, 103, 229, 169], [191, 219, 144, 140, 168, 54, 75, 207, 135, 87, 155, 126, 63, 234, 64, 109, 65, 27, 241, 78, 122, 141, 133, 112, 206, 32, 94, 46, 248, 238, 27, 180], [236, 101, 81, 254, 151, 29, 110, 24, 8, 166, 188, 23, 98, 232, 74, 77, 217, 184, 58, 2, 82, 5, 175, 142, 243, 54, 115, 18, 216, 161, 208, 3], [233, 159, 249, 69, 16, 84, 92, 69, 82, 183, 21, 205, 70, 224, 251, 97, 8, 66, 65, 156, 103, 82, 74, 88, 232, 195, 53, 17, 127, 148, 31, 59], [157, 57, 185, 65, 109, 98, 2, 162, 57, 131, 143, 39, 72, 155, 107, 67, 206, 20, 20, 7, 184, 118, 169, 76, 18, 64, 5, 35, 6, 164, 253, 169], [90, 55, 250, 121, 239, 3, 128, 59, 182, 173, 83, 189, 211, 73, 88, 216, 151, 125, 1, 13, 189, 202, 73, 79, 133, 240, 146, 7, 93, 120, 31, 19], [211, 24, 43, 49, 140, 132, 242, 243, 166, 72, 30, 213, 239, 213, 62, 38, 164, 29, 97, 148, 2, 159, 12, 11, 50, 209, 30, 27, 2, 65, 191, 180], [230, 131, 62, 50, 93, 76, 50, 105, 2, 61, 161, 128, 158, 54, 76, 26, 207, 182, 142, 65, 141, 72, 164, 120, 217, 239, 17, 35, 241, 167, 83, 192], [244, 213, 66, 230, 251, 80, 230, 87, 114, 99, 35, 170, 192, 122, 126, 183, 231, 230, 36, 245, 32, 243, 173, 246, 119, 126, 117, 35, 152, 209, 193, 131], [23, 102, 41, 65, 211, 85, 192, 205, 241, 148, 237, 11, 47, 195, 206, 225, 6, 141, 164, 63, 160, 229, 246, 156, 74, 24, 21, 43, 129, 147, 102, 150], [131, 214, 35, 255, 149, 76, 13, 107, 75, 240, 152, 100, 165, 69, 249, 181, 130, 158, 57, 24, 189, 138, 120, 13, 199, 255, 120, 9, 73, 25, 55, 206], [62, 199, 146, 202, 27, 54, 195, 248, 177, 162, 121, 47, 55, 42, 47, 66, 50, 87, 169, 205, 129, 242, 154, 33, 130, 15, 62, 28, 190, 146, 227, 7], [110, 109, 17, 20, 17, 92, 16, 251, 131, 18, 80, 50, 206, 118, 216, 101, 37, 175, 40, 166, 101, 210, 238, 224, 158, 81, 248, 38, 246, 13, 228, 130], [184, 181, 39, 224, 235, 11, 243, 240, 235, 112, 243, 47, 157, 146, 244, 242, 5, 133, 15, 101, 171, 80, 125, 82, 178, 197, 6, 18, 187, 154, 138, 71], [126, 12, 100, 130, 90, 66, 79, 253, 10, 151, 59, 109, 92, 44, 116, 115, 54, 230, 14, 184, 150, 1, 43, 106, 185, 131, 29, 43, 43, 31, 61, 138], [60, 174, 122, 89, 177, 239, 25, 14, 173, 57, 40, 204, 14, 252, 45, 19, 57, 156, 24, 231, 137, 243, 161, 15, 178, 148, 61, 33, 161, 170, 216, 93], [154, 118, 150, 7, 112, 170, 160, 247, 106, 134, 89, 239, 10, 18, 88, 174, 203, 215, 184, 249, 244, 252, 195, 208, 68, 60, 254, 19, 90, 243, 6, 2], [69, 79, 79, 0, 172, 235, 144, 69, 78, 79, 67, 30, 6, 54, 191, 217, 187, 167, 136, 252, 86, 123, 221, 91, 118, 160, 55, 36, 84, 174, 231, 71], [18, 53, 17, 234, 175, 188, 141, 89, 150, 215, 74, 163, 100, 34, 205, 33, 246, 249, 80, 143, 216, 111, 70, 164, 203, 140, 146, 36, 145, 161, 28, 82], [86, 166, 194, 58, 3, 203, 79, 112, 238, 59, 169, 8, 204, 208, 205, 34, 209, 118, 17, 210, 214, 245, 55, 96, 86, 67, 241, 16, 255, 255, 210, 71], [241, 124, 40, 68, 26, 170, 146, 21, 239, 224, 117, 5, 117, 51, 96, 61, 203, 150, 2, 46, 174, 171, 81, 230, 129, 171, 20, 20, 144, 145, 203, 110], [82, 99, 184, 22, 104, 140, 166, 169, 185, 113, 217, 198, 185, 28, 165, 143, 244, 8, 183, 126, 166, 101, 54, 107, 18, 72, 20, 8, 114, 237, 242, 50], [176, 199, 227, 78, 208, 232, 102, 168, 207, 45, 130, 123, 74, 202, 11, 96, 105, 234, 208, 86, 233, 108, 215, 210, 44, 72, 175, 12, 13, 206, 152, 34], [67, 31, 65, 113, 108, 144, 214, 45, 192, 101, 127, 177, 130, 208, 238, 236, 24, 33, 41, 128, 175, 27, 93, 71, 43, 141, 230, 7, 180, 159, 183, 146], [223, 124, 229, 132, 68, 252, 186, 93, 122, 104, 172, 36, 208, 62, 224, 152, 121, 191, 239, 168, 162, 139, 71, 117, 205, 144, 148, 8, 202, 33, 133, 191], [148, 151, 169, 242, 77, 188, 186, 47, 112, 8, 231, 180, 233, 24, 253, 42, 97, 75, 149, 118, 210, 182, 192, 46, 167, 4, 82, 28, 63, 18, 197, 103], [181, 234, 119, 227, 222, 239, 134, 216, 0, 94, 0, 107, 46, 131, 179, 160, 209, 79, 191, 47, 216, 103, 190, 70, 69, 128, 149, 20, 7, 206, 1, 184], [43, 124, 199, 14, 21, 175, 10, 75, 199, 160, 43, 39, 125, 61, 135, 216, 63, 121, 194, 53, 4, 24, 132, 239, 107, 167, 108, 41, 68, 100, 1, 231], [53, 182, 120, 132, 242, 160, 114, 7, 115, 36, 215, 179, 87, 160, 102, 160, 140, 35, 148, 152, 230, 142, 238, 238, 189, 120, 251, 52, 82, 176, 23, 163], [213, 173, 137, 120, 212, 153, 138, 26, 60, 72, 44, 11, 197, 206, 128, 6, 81, 198, 255, 49, 216, 192, 211, 35, 255, 68, 104, 12, 37, 79, 65, 116], [97, 227, 137, 189, 151, 211, 251, 147, 50, 77, 132, 21, 114, 40, 80, 90, 97, 191, 169, 135, 110, 211, 170, 53, 231, 171, 92, 21, 152, 39, 16, 120], [143, 56, 140, 43, 82, 94, 131, 127, 34, 29, 184, 80, 153, 107, 103, 10, 206, 232, 128, 0, 69, 18, 41, 54, 227, 152, 92, 27, 125, 128, 27, 218], [220, 98, 65, 204, 114, 65, 53, 179, 78, 118, 5, 91, 225, 191, 129, 123, 246, 160, 188, 149, 108, 192, 120, 190, 87, 158, 41, 8, 112, 211, 205, 194], [73, 203, 61, 118, 37, 27, 189, 34, 184, 206, 250, 14, 17, 110, 143, 48, 32, 69, 149, 26, 123, 128, 19, 4, 90, 39, 226, 30, 172, 203, 33, 91], [203, 141, 173, 126, 157, 193, 12, 84, 105, 5, 30, 112, 184, 24, 3, 198, 10, 237, 170, 243, 239, 154, 234, 94, 138, 213, 48, 38, 22, 213, 74, 200], [67, 246, 73, 252, 20, 238, 203, 101, 224, 249, 145, 53, 49, 42, 141, 14, 219, 249, 218, 9, 92, 136, 117, 138, 239, 171, 115, 46, 132, 69, 28, 204], [161, 161, 157, 41, 240, 152, 19, 122, 72, 15, 22, 119, 111, 38, 25, 41, 215, 70, 15, 72, 5, 52, 11, 1, 239, 181, 232, 21, 80, 141, 143, 66], [237, 149, 177, 208, 108, 75, 190, 136, 85, 233, 219, 125, 188, 43, 201, 189, 203, 233, 53, 149, 28, 91, 96, 196, 0, 234, 161, 42, 127, 17, 35, 252], [178, 243, 91, 157, 113, 238, 115, 203, 83, 159, 68, 194, 223, 166, 14, 86, 18, 1, 201, 214, 24, 59, 79, 203, 172, 74, 17, 16, 83, 241, 220, 76], [202, 245, 230, 102, 12, 117, 40, 255, 80, 101, 123, 206, 2, 236, 28, 65, 31, 154, 121, 207, 193, 173, 27, 1, 74, 166, 126, 54, 230, 22, 142, 219], [161, 77, 23, 15, 120, 145, 64, 138, 183, 64, 60, 25, 246, 146, 73, 37, 65, 142, 242, 1, 98, 115, 56, 123, 116, 109, 161, 6, 156, 135, 211, 58], [250, 54, 243, 182, 239, 107, 170, 191, 223, 184, 219, 93, 3, 135, 122, 209, 98, 229, 180, 12, 95, 17, 214, 117, 154, 245, 50, 18, 78, 32, 39, 153], [226, 90, 39, 4, 42, 56, 55, 84, 31, 123, 86, 197, 218, 197, 192, 206, 124, 163, 75, 54, 190, 117, 60, 13, 235, 35, 156, 26, 70, 183, 165, 239], [188, 225, 93, 121, 160, 212, 238, 92, 3, 63, 80, 122, 212, 87, 226, 92, 106, 122, 121, 12, 75, 33, 66, 48, 44, 164, 65, 22, 33, 223, 101, 143], [166, 64, 61, 12, 253, 35, 27, 154, 253, 185, 106, 90, 156, 35, 189, 15, 196, 231, 94, 89, 212, 236, 0, 200, 144, 62, 221, 15, 101, 100, 199, 103], [119, 37, 242, 171, 248, 22, 56, 172, 249, 106, 224, 83, 229, 194, 46, 149, 163, 158, 84, 87, 143, 29, 44, 236, 176, 153, 67, 31, 34, 221, 184, 203], [107, 229, 25, 193, 176, 69, 242, 236, 107, 190, 205, 50, 73, 158, 162, 66, 64, 239, 242, 173, 153, 180, 100, 111, 234, 20, 32, 9, 81, 182, 88, 158], [136, 132, 149, 140, 205, 93, 247, 152, 136, 70, 132, 148, 169, 30, 212, 107, 125, 124, 224, 178, 108, 50, 10, 166, 148, 234, 67, 10, 98, 155, 151, 38], [55, 152, 55, 247, 245, 49, 203, 88, 64, 251, 183, 167, 69, 190, 202, 42, 126, 78, 161, 249, 188, 49, 111, 117, 244, 189, 46, 12, 3, 204, 165, 209], [246, 168, 207, 153, 36, 208, 56, 160, 243, 5, 69, 70, 251, 213, 32, 46, 236, 207, 146, 47, 229, 16, 16, 30, 113, 39, 48, 46, 16, 39, 160, 175], [45, 175, 73, 140, 28, 158, 29, 68, 135, 150, 212, 166, 112, 186, 144, 119, 57, 197, 86, 132, 210, 211, 167, 127, 162, 234, 134, 23, 242, 73, 96, 108], [16, 247, 114, 77, 52, 78, 178, 203, 133, 103, 220, 106, 69, 217, 194, 204, 220, 145, 197, 254, 84, 91, 87, 88, 63, 0, 2, 11, 128, 164, 207, 165], [161, 170, 150, 228, 136, 139, 210, 33, 60, 78, 130, 12, 187, 162, 35, 1, 168, 124, 189, 120, 84, 211, 49, 41, 135, 67, 187, 16, 19, 57, 214, 50], [164, 102, 150, 136, 63, 20, 199, 75, 131, 65, 224, 118, 69, 123, 42, 47, 127, 170, 138, 196, 194, 231, 100, 1, 88, 84, 37, 41, 176, 133, 29, 199], [85, 192, 165, 205, 22, 43, 171, 26, 62, 157, 205, 100, 180, 252, 234, 33, 238, 198, 197, 28, 155, 39, 158, 43, 145, 159, 23, 18, 148, 212, 27, 42], [118, 232, 77, 188, 128, 47, 218, 132, 118, 111, 8, 33, 31, 167, 47, 234, 214, 195, 51, 186, 159, 11, 73, 84, 62, 74, 253, 32, 32, 71, 147, 235], [231, 73, 176, 226, 216, 43, 114, 92, 162, 157, 200, 217, 158, 26, 218, 104, 171, 122, 50, 26, 170, 233, 40, 238, 94, 240, 91, 5, 207, 15, 115, 45], [98, 181, 76, 202, 86, 103, 154, 26, 105, 106, 32, 60, 40, 222, 74, 153, 218, 188, 189, 213, 6, 158, 37, 154, 221, 122, 68, 7, 176, 174, 129, 149], [56, 28, 133, 55, 206, 181, 95, 159, 108, 125, 75, 90, 167, 76, 130, 202, 19, 224, 135, 142, 21, 143, 218, 29, 114, 242, 36, 19, 211, 254, 143, 22], [136, 123, 109, 92, 29, 9, 245, 225, 115, 121, 154, 99, 21, 210, 199, 118, 185, 93, 232, 60, 208, 176, 222, 44, 64, 111, 105, 39, 71, 129, 203, 6], [189, 188, 153, 156, 41, 48, 96, 109, 231, 158, 54, 242, 44, 151, 116, 246, 128, 213, 228, 22, 218, 44, 183, 233, 150, 56, 94, 41, 144, 1, 32, 46], [233, 196, 136, 150, 255, 93, 42, 196, 18, 59, 170, 82, 169, 33, 71, 1, 64, 130, 177, 31, 242, 217, 6, 102, 205, 28, 209, 23, 81, 136, 30, 89], [233, 99, 93, 8, 70, 189, 82, 66, 215, 120, 106, 95, 147, 61, 30, 207, 101, 182, 255, 9, 179, 242, 107, 177, 47, 64, 62, 49, 35, 96, 40, 182], [199, 87, 124, 110, 64, 200, 92, 165, 197, 230, 150, 139, 144, 218, 230, 72, 53, 142, 222, 157, 87, 61, 115, 218, 143, 172, 226, 26, 114, 37, 244, 1], [70, 133, 113, 152, 216, 157, 211, 184, 212, 146, 3, 71, 28, 216, 215, 205, 224, 121, 168, 240, 21, 185, 83, 4, 57, 188, 104, 32, 18, 118, 31, 241], [178, 20, 207, 100, 20, 25, 215, 59, 212, 135, 82, 122, 25, 28, 89, 29, 75, 178, 26, 187, 220, 213, 123, 69, 37, 231, 36, 49, 190, 31, 12, 235], [155, 40, 92, 220, 149, 1, 220, 161, 245, 80, 48, 241, 195, 156, 182, 217, 165, 152, 244, 240, 194, 51, 195, 200, 122, 160, 248, 10, 70, 87, 83, 215], [42, 243, 160, 229, 50, 246, 129, 250, 147, 103, 176, 175, 143, 155, 141, 179, 161, 102, 113, 53, 233, 166, 156, 67, 75, 238, 133, 27, 120, 97, 95, 70], [230, 9, 59, 55, 94, 81, 225, 253, 118, 220, 179, 176, 44, 169, 175, 69, 75, 15, 62, 108, 3, 254, 234, 13, 60, 201, 237, 7, 63, 75, 8, 135], [192, 240, 17, 146, 196, 22, 42, 124, 38, 126, 80, 91, 147, 150, 236, 217, 10, 114, 158, 213, 24, 142, 103, 146, 73, 38, 178, 42, 104, 138, 23, 91], [91, 215, 39, 11, 99, 216, 27, 82, 160, 3, 70, 70, 115, 110, 251, 43, 175, 87, 61, 29, 57, 244, 236, 9, 185, 139, 236, 50, 43, 229, 35, 13], [236, 156, 229, 38, 97, 176, 42, 75, 40, 227, 246, 3, 188, 178, 157, 85, 235, 177, 234, 141, 20, 162, 79, 131, 32, 138, 145, 9, 198, 110, 223, 65], [101, 84, 48, 214, 1, 179, 123, 33, 102, 85, 81, 217, 21, 175, 44, 198, 65, 121, 131, 225, 218, 190, 250, 196, 154, 64, 45, 25, 192, 48, 221, 6], [4, 191, 208, 206, 81, 103, 142, 97, 19, 4, 100, 76, 4, 191, 130, 137, 175, 148, 214, 5, 26, 195, 154, 32, 43, 112, 65, 54, 232, 162, 8, 81], [106, 235, 74, 20, 14, 64, 181, 217, 164, 87, 232, 12, 13, 105, 243, 181, 98, 116, 8, 148, 40, 167, 52, 9, 189, 247, 123, 53, 64, 4, 112, 124], [65, 90, 132, 125, 214, 251, 243, 126, 199, 98, 20, 96, 199, 37, 10, 80, 41, 11, 207, 248, 191, 212, 113, 196, 72, 248, 46, 4, 188, 52, 196, 61], [23, 207, 100, 48, 140, 148, 147, 88, 171, 184, 220, 26, 175, 167, 195, 192, 57, 138, 152, 20, 248, 40, 205, 85, 24, 8, 81, 25, 248, 177, 238, 237], [156, 75, 51, 125, 222, 33, 46, 156, 116, 213, 198, 242, 61, 139, 182, 203, 77, 114, 57, 12, 34, 224, 111, 44, 231, 81, 232, 41, 50, 23, 194, 187], [210, 178, 118, 111, 162, 58, 177, 6, 98, 189, 121, 82, 47, 137, 42, 225, 245, 108, 241, 121, 78, 214, 95, 98, 191, 105, 26, 47, 8, 30, 174, 46], [253, 166, 191, 208, 132, 31, 81, 21, 88, 171, 172, 39, 94, 83, 64, 198, 60, 141, 232, 108, 165, 30, 70, 182, 118, 222, 105, 14, 24, 241, 93, 234], [227, 117, 118, 239, 179, 232, 221, 22, 103, 233, 250, 34, 238, 216, 188, 147, 8, 98, 13, 24, 245, 101, 144, 101, 219, 118, 39, 18, 201, 126, 213, 219], [151, 68, 57, 235, 29, 95, 143, 88, 146, 173, 140, 134, 145, 112, 146, 61, 139, 104, 236, 177, 141, 82, 186, 54, 48, 66, 84, 6, 5, 17, 64, 132], [197, 253, 215, 217, 244, 1, 167, 215, 171, 57, 14, 230, 152, 194, 108, 158, 152, 227, 144, 100, 188, 104, 111, 190, 71, 158, 223, 28, 7, 95, 55, 119], [40, 207, 78, 240, 43, 132, 42, 207, 62, 24, 78, 166, 169, 130, 25, 8, 24, 173, 203, 147, 208, 206, 252, 161, 102, 213, 229, 42, 240, 155, 43, 115], [126, 72, 157, 148, 211, 4, 151, 146, 96, 214, 1, 78, 135, 234, 75, 0, 196, 78, 102, 75, 112, 68, 164, 55, 42, 91, 193, 23, 97, 101, 250, 193], [200, 236, 200, 170, 235, 228, 98, 237, 224, 237, 11, 23, 229, 138, 0, 7, 13, 53, 15, 226, 82, 153, 159, 201, 118, 116, 31, 15, 180, 215, 116, 224], [84, 41, 126, 114, 86, 142, 229, 211, 69, 145, 45, 61, 120, 4, 161, 153, 47, 126, 82, 81, 91, 207, 69, 129, 162, 68, 191, 11, 203, 55, 135, 18], [46, 32, 212, 227, 86, 154, 228, 28, 75, 138, 28, 136, 102, 161, 95, 53, 102, 144, 28, 146, 46, 57, 14, 148, 9, 61, 38, 22, 47, 37, 222, 84], [157, 163, 157, 44, 187, 196, 71, 250, 56, 159, 11, 119, 193, 32, 237, 28, 166, 193, 110, 112, 207, 205, 181, 244, 198, 45, 19, 10, 250, 177, 112, 123], [196, 151, 24, 209, 96, 225, 209, 240, 71, 230, 17, 251, 239, 132, 16, 240, 81, 73, 119, 130, 107, 43, 50, 200, 18, 131, 214, 12, 161, 149, 26, 238], [3, 53, 173, 21, 96, 62, 248, 222, 59, 242, 148, 160, 43, 209, 184, 124, 9, 27, 73, 20, 77, 6, 133, 252, 51, 228, 142, 19, 30, 163, 55, 150], [250, 197, 61, 138, 193, 87, 211, 179, 215, 255, 88, 54, 216, 13, 141, 48, 49, 124, 35, 26, 206, 234, 176, 141, 45, 200, 56, 27, 80, 119, 10, 194], [204, 19, 187, 20, 244, 49, 247, 69, 6, 236, 212, 169, 187, 145, 9, 226, 76, 217, 196, 181, 180, 117, 118, 6, 143, 126, 97, 15, 19, 58, 78, 100], [127, 211, 55, 13, 160, 45, 171, 240, 129, 76, 18, 125, 31, 69, 89, 124, 45, 164, 2, 215, 20, 242, 181, 65, 218, 164, 171, 53, 32, 198, 210, 86], [19, 110, 121, 170, 124, 230, 183, 43, 22, 224, 26, 219, 229, 193, 195, 20, 241, 214, 147, 132, 162, 176, 203, 191, 100, 70, 188, 7, 40, 61, 10, 159], [214, 178, 177, 118, 217, 95, 25, 88, 132, 199, 63, 18, 48, 171, 94, 74, 233, 48, 209, 233, 13, 56, 48, 66, 157, 147, 23, 34, 33, 1, 131, 74], [207, 106, 132, 201, 79, 141, 99, 70, 3, 68, 140, 89, 44, 66, 66, 113, 53, 159, 230, 25, 7, 97, 4, 236, 154, 104, 69, 14, 91, 87, 44, 174], [251, 159, 109, 110, 211, 200, 220, 187, 68, 26, 121, 222, 62, 105, 99, 215, 54, 21, 74, 13, 209, 85, 76, 68, 169, 4, 36, 48, 41, 114, 173, 188], [25, 204, 232, 11, 124, 174, 220, 164, 79, 202, 231, 138, 171, 34, 77, 50, 9, 132, 94, 87, 151, 159, 99, 77, 210, 65, 26, 25, 48, 159, 226, 140], [215, 238, 140, 45, 123, 95, 222, 51, 199, 22, 48, 242, 138, 252, 32, 143, 10, 80, 94, 224, 232, 147, 238, 240, 57, 48, 66, 44, 59, 173, 64, 251], [156, 105, 122, 174, 93, 0, 23, 77, 166, 252, 181, 127, 10, 139, 138, 15, 142, 8, 171, 36, 7, 215, 95, 248, 246, 252, 134, 50, 47, 4, 7, 136], [154, 87, 49, 12, 24, 138, 226, 13, 80, 0, 23, 104, 175, 47, 220, 248, 188, 126, 108, 140, 108, 160, 188, 73, 217, 105, 60, 22, 9, 50, 88, 37], [29, 248, 97, 213, 60, 246, 173, 9, 188, 251, 200, 156, 140, 142, 60, 44, 186, 211, 144, 147, 11, 106, 3, 251, 43, 235, 93, 23, 50, 112, 97, 223], [4, 42, 131, 132, 99, 47, 245, 117, 93, 40, 137, 223, 250, 126, 124, 208, 49, 57, 219, 101, 44, 40, 251, 20, 14, 190, 7, 41, 227, 45, 243, 100], [255, 138, 66, 203, 11, 90, 18, 38, 60, 107, 232, 121, 216, 187, 206, 134, 6, 97, 212, 129, 237, 39, 140, 239, 85, 44, 36, 18, 106, 173, 57, 125], [80, 226, 81, 172, 82, 74, 98, 194, 189, 79, 184, 106, 158, 127, 237, 99, 128, 123, 47, 121, 7, 56, 12, 120, 30, 224, 33, 13, 161, 217, 178, 163], [152, 19, 31, 242, 217, 128, 149, 160, 47, 246, 142, 117, 97, 190, 43, 193, 254, 134, 241, 40, 225, 15, 46, 182, 166, 167, 20, 35, 176, 21, 219, 135], [71, 148, 159, 44, 129, 68, 104, 225, 199, 96, 87, 220, 166, 130, 39, 173, 12, 57, 88, 212, 124, 15, 235, 5, 34, 80, 251, 9, 73, 202, 98, 114], [101, 241, 31, 141, 252, 194, 172, 56, 15, 185, 50, 51, 152, 117, 214, 164, 95, 42, 126, 156, 78, 90, 212, 139, 132, 191, 133, 18, 246, 135, 32, 20], [13, 52, 247, 130, 103, 120, 216, 208, 58, 217, 213, 149, 143, 15, 51, 240, 43, 37, 14, 127, 113, 208, 149, 117, 149, 123, 180, 34, 106, 212, 83, 237], [205, 137, 106, 43, 233, 205, 12, 125, 193, 9, 10, 0, 12, 30, 83, 234, 170, 199, 41, 205, 183, 8, 249, 33, 90, 117, 58, 43, 144, 118, 203, 250], [15, 132, 146, 252, 172, 109, 131, 65, 126, 98, 209, 143, 74, 19, 11, 67, 236, 104, 71, 11, 102, 5, 39, 109, 180, 40, 73, 38, 53, 7, 106, 230], [113, 30, 135, 222, 125, 84, 249, 55, 231, 89, 165, 234, 172, 143, 146, 235, 60, 183, 15, 11, 235, 98, 108, 214, 190, 10, 255, 29, 187, 128, 187, 110], [216, 6, 13, 235, 119, 171, 132, 198, 98, 5, 72, 177, 109, 156, 127, 143, 6, 153, 186, 177, 176, 74, 182, 19, 76, 225, 24, 45, 145, 166, 167, 175], [37, 158, 149, 17, 214, 234, 119, 112, 215, 230, 223, 219, 162, 59, 20, 17, 97, 12, 173, 130, 77, 248, 35, 240, 109, 44, 29, 17, 52, 77, 24, 92], [246, 25, 38, 35, 158, 50, 145, 77, 46, 171, 28, 75, 138, 129, 85, 172, 162, 11, 37, 60, 222, 101, 66, 68, 126, 100, 47, 29, 15, 225, 109, 112], [28, 170, 210, 189, 212, 6, 84, 252, 179, 121, 238, 251, 130, 114, 180, 168, 92, 147, 225, 178, 201, 21, 201, 135, 14, 158, 210, 20, 234, 211, 235, 192], [162, 75, 228, 9, 203, 65, 199, 66, 42, 100, 106, 41, 246, 81, 73, 44, 236, 73, 46, 22, 35, 47, 150, 79, 36, 208, 178, 27, 59, 166, 140, 102], [152, 117, 85, 194, 205, 241, 120, 112, 155, 52, 178, 191, 72, 13, 169, 232, 137, 89, 212, 250, 227, 20, 110, 79, 238, 182, 79, 40, 20, 121, 124, 184], [244, 248, 106, 38, 78, 253, 110, 158, 249, 64, 239, 52, 40, 112, 49, 199, 180, 27, 6, 195, 252, 18, 143, 9, 194, 107, 75, 15, 231, 129, 111, 209], [169, 250, 14, 92, 94, 190, 80, 80, 61, 38, 182, 208, 154, 126, 106, 188, 159, 170, 67, 248, 176, 155, 221, 29, 25, 18, 18, 27, 87, 32, 156, 248], [171, 37, 128, 178, 204, 199, 69, 168, 91, 216, 123, 250, 50, 97, 79, 127, 199, 240, 241, 153, 143, 82, 16, 44, 159, 160, 144, 10, 28, 75, 16, 77], [235, 47, 111, 194, 155, 108, 133, 151, 49, 233, 21, 122, 219, 188, 70, 254, 123, 44, 190, 32, 255, 207, 95, 40, 102, 22, 35, 8, 119, 191, 211, 39], [201, 218, 231, 22, 158, 106, 86, 52, 129, 94, 125, 212, 41, 128, 171, 87, 34, 97, 227, 212, 36, 227, 87, 133, 13, 142, 187, 53, 138, 119, 9, 3], [243, 10, 51, 103, 195, 178, 48, 129, 177, 239, 26, 248, 165, 208, 47, 95, 169, 28, 155, 74, 96, 111, 237, 154, 168, 31, 36, 50, 202, 186, 64, 50], [250, 4, 93, 222, 123, 138, 112, 53, 108, 208, 173, 226, 16, 180, 205, 5, 200, 78, 37, 211, 210, 27, 198, 246, 7, 175, 129, 14, 167, 59, 73, 108], [101, 249, 25, 59, 52, 78, 70, 246, 95, 124, 227, 112, 201, 179, 216, 109, 113, 18, 255, 134, 65, 94, 133, 251, 232, 174, 91, 16, 229, 141, 25, 167], [170, 150, 56, 98, 8, 63, 202, 216, 240, 152, 198, 174, 17, 132, 57, 91, 15, 181, 29, 144, 153, 104, 229, 227, 72, 81, 74, 40, 108, 96, 53, 3], [48, 95, 84, 194, 166, 145, 184, 163, 125, 78, 202, 78, 137, 119, 121, 24, 182, 42, 58, 153, 3, 37, 143, 137, 57, 138, 184, 41, 53, 137, 82, 110], [222, 78, 158, 146, 230, 16, 205, 20, 125, 26, 161, 7, 215, 163, 54, 70, 96, 130, 185, 39, 154, 236, 52, 251, 172, 52, 107, 16, 182, 82, 157, 125], [246, 43, 244, 190, 158, 145, 251, 7, 26, 229, 69, 102, 133, 55, 247, 13, 109, 94, 169, 202, 67, 223, 255, 252, 246, 1, 80, 44, 74, 10, 62, 219], [207, 80, 89, 173, 143, 117, 228, 120, 137, 27, 154, 139, 45, 135, 249, 145, 75, 33, 83, 224, 20, 0, 208, 8, 102, 247, 154, 3, 208, 155, 201, 77], [88, 206, 102, 46, 92, 164, 109, 181, 98, 231, 114, 250, 142, 224, 132, 30, 116, 179, 30, 30, 254, 69, 68, 54, 252, 251, 62, 22, 174, 128, 101, 6], [167, 221, 246, 130, 77, 63, 230, 217, 208, 73, 9, 247, 132, 16, 193, 249, 57, 66, 156, 206, 169, 138, 109, 253, 15, 178, 47, 31, 62, 172, 28, 196], [102, 41, 15, 4, 133, 241, 185, 100, 12, 60, 188, 17, 226, 41, 78, 100, 150, 127, 167, 202, 166, 202, 191, 111, 172, 6, 250, 11, 187, 60, 166, 120], [101, 102, 197, 64, 100, 29, 187, 23, 191, 39, 105, 101, 149, 178, 203, 48, 89, 106, 35, 137, 8, 87, 103, 169, 129, 158, 225, 33, 8, 18, 215, 229], [141, 81, 151, 166, 78, 18, 35, 45, 142, 191, 194, 220, 66, 197, 210, 115, 236, 212, 195, 14, 46, 36, 237, 68, 30, 248, 96, 36, 81, 213, 108, 170], [174, 68, 242, 101, 208, 252, 146, 62, 84, 66, 220, 206, 226, 255, 175, 250, 35, 67, 58, 104, 82, 244, 14, 183, 102, 241, 238, 19, 80, 143, 195, 90], [166, 44, 40, 55, 134, 152, 211, 250, 165, 124, 24, 180, 176, 64, 85, 60, 190, 212, 218, 48, 223, 44, 152, 98, 103, 192, 11, 40, 67, 6, 133, 234], [210, 43, 108, 100, 89, 1, 132, 134, 27, 219, 183, 110, 27, 97, 114, 8, 18, 232, 230, 99, 252, 251, 105, 51, 254, 66, 186, 37, 100, 38, 15, 217], [86, 67, 198, 209, 150, 3, 240, 22, 110, 83, 144, 255, 233, 164, 153, 0, 22, 68, 238, 212, 184, 234, 57, 126, 88, 181, 137, 43, 210, 220, 31, 186], [151, 167, 205, 33, 175, 5, 229, 220, 12, 39, 212, 62, 91, 79, 90, 129, 105, 9, 12, 204, 218, 244, 3, 35, 223, 80, 204, 4, 107, 204, 154, 11], [21, 139, 248, 7, 174, 117, 230, 109, 206, 32, 60, 142, 152, 52, 189, 51, 178, 187, 229, 82, 147, 76, 186, 132, 183, 249, 52, 43, 202, 169, 136, 47], [36, 129, 236, 182, 119, 47, 132, 72, 234, 46, 237, 6, 152, 77, 117, 83, 186, 163, 53, 157, 49, 9, 27, 148, 180, 169, 180, 22, 153, 204, 16, 25], [105, 27, 82, 253, 146, 209, 199, 119, 149, 123, 23, 161, 216, 196, 224, 54, 147, 101, 123, 241, 175, 172, 57, 74, 39, 228, 177, 19, 225, 169, 222, 160], [87, 13, 150, 166, 143, 193, 238, 79, 28, 161, 187, 51, 216, 195, 192, 237, 134, 158, 35, 170, 3, 216, 20, 145, 32, 61, 90, 41, 133, 76, 71, 116], [86, 231, 103, 54, 243, 93, 131, 126, 22, 34, 2, 108, 61, 32, 8, 118, 253, 120, 140, 123, 98, 17, 36, 191, 174, 235, 169, 23, 227, 49, 131, 244], [230, 84, 165, 35, 236, 155, 79, 200, 72, 83, 142, 108, 86, 10, 44, 236, 231, 119, 231, 205, 186, 255, 146, 197, 53, 175, 9, 12, 172, 9, 179, 138], [230, 45, 14, 232, 166, 173, 90, 106, 73, 72, 194, 110, 164, 245, 26, 105, 238, 23, 184, 72, 178, 159, 27, 164, 169, 163, 120, 45, 40, 114, 143, 140], [147, 63, 218, 79, 49, 190, 213, 114, 22, 218, 98, 38, 2, 215, 187, 119, 66, 178, 5, 181, 135, 15, 192, 97, 181, 147, 239, 6, 128, 29, 110, 133], [182, 146, 195, 127, 7, 185, 209, 50, 96, 76, 253, 254, 82, 48, 240, 231, 80, 45, 78, 196, 88, 39, 187, 127, 48, 193, 177, 50, 180, 37, 193, 135], [215, 109, 18, 229, 26, 236, 9, 27, 250, 220, 178, 236, 81, 101, 204, 25, 5, 192, 179, 255, 140, 34, 111, 96, 244, 127, 34, 37, 209, 141, 207, 150], [13, 66, 63, 142, 173, 22, 216, 132, 240, 141, 83, 50, 93, 38, 58, 214, 225, 191, 37, 255, 11, 251, 31, 114, 99, 14, 150, 24, 141, 81, 199, 66], [202, 252, 222, 182, 152, 47, 97, 245, 222, 50, 79, 160, 144, 198, 83, 25, 101, 53, 113, 213, 31, 5, 190, 198, 51, 241, 124, 38, 78, 216, 9, 251], [225, 173, 28, 89, 61, 118, 159, 119, 240, 38, 31, 100, 180, 247, 153, 77, 29, 61, 164, 48, 32, 200, 24, 53, 177, 146, 141, 10, 165, 179, 204, 238], [107, 167, 151, 28, 227, 3, 212, 184, 124, 121, 231, 239, 88, 110, 245, 205, 214, 191, 215, 180, 91, 97, 207, 107, 132, 211, 98, 24, 182, 77, 124, 151], [139, 131, 182, 250, 139, 6, 173, 181, 142, 100, 65, 163, 223, 160, 16, 106, 248, 63, 29, 6, 33, 107, 162, 134, 48, 178, 35, 37, 107, 230, 137, 62], [78, 83, 104, 65, 10, 71, 228, 202, 71, 11, 228, 21, 23, 10, 243, 51, 234, 158, 120, 167, 101, 109, 81, 224, 18, 132, 89, 40, 250, 158, 186, 85], [67, 175, 78, 241, 36, 26, 97, 207, 164, 142, 96, 236, 130, 34, 6, 93, 226, 29, 67, 103, 14, 231, 219, 121, 18, 124, 70, 44, 94, 102, 141, 218], [209, 220, 118, 96, 107, 200, 70, 192, 64, 169, 217, 74, 70, 113, 104, 111, 98, 125, 31, 99, 115, 96, 247, 150, 173, 35, 199, 29, 45, 164, 242, 223], [183, 252, 111, 44, 166, 206, 2, 221, 107, 200, 147, 212, 125, 96, 103, 247, 46, 209, 116, 247, 219, 61, 29, 96, 99, 175, 101, 30, 156, 237, 228, 120], [71, 177, 242, 60, 216, 255, 252, 9, 121, 227, 252, 228, 166, 26, 182, 200, 235, 123, 43, 59, 203, 129, 192, 22, 204, 200, 221, 13, 205, 115, 159, 254], [87, 229, 147, 239, 98, 41, 93, 116, 216, 252, 71, 144, 8, 167, 56, 183, 79, 95, 57, 233, 82, 177, 251, 33, 138, 157, 253, 49, 249, 87, 121, 246], [160, 27, 61, 181, 87, 108, 76, 152, 72, 252, 147, 238, 150, 20, 78, 60, 181, 176, 36, 73, 108, 248, 14, 141, 253, 79, 47, 43, 14, 93, 54, 81], [236, 116, 111, 30, 247, 121, 57, 53, 86, 159, 116, 75, 118, 77, 133, 94, 182, 185, 74, 54, 28, 165, 142, 65, 36, 171, 249, 7, 84, 220, 67, 21], [241, 73, 75, 203, 151, 57, 162, 48, 1, 67, 230, 57, 235, 207, 180, 29, 229, 1, 232, 94, 133, 156, 122, 124, 175, 190, 16, 20, 174, 60, 31, 120], [126, 90, 77, 140, 165, 211, 53, 129, 22, 180, 193, 148, 87, 247, 79, 6, 78, 165, 248, 137, 203, 155, 190, 242, 114, 233, 128, 30, 50, 175, 29, 173], [62, 13, 97, 230, 0, 66, 166, 118, 96, 203, 209, 169, 93, 155, 14, 116, 150, 41, 77, 38, 217, 129, 78, 96, 226, 61, 78, 26, 115, 8, 132, 27], [215, 146, 214, 81, 134, 141, 83, 163, 251, 44, 12, 111, 44, 74, 187, 28, 169, 190, 92, 164, 188, 42, 11, 245, 179, 104, 63, 7, 59, 100, 185, 160], [109, 245, 81, 250, 180, 185, 128, 161, 175, 57, 129, 214, 38, 142, 144, 93, 24, 190, 110, 2, 38, 156, 77, 221, 166, 69, 25, 10, 147, 128, 189, 214], [100, 181, 234, 20, 233, 234, 72, 123, 242, 114, 148, 37, 220, 106, 32, 68, 66, 255, 72, 135, 255, 105, 208, 77, 29, 28, 96, 7, 129, 111, 100, 36], [205, 162, 97, 94, 99, 170, 159, 184, 180, 206, 243, 120, 138, 134, 34, 50, 149, 181, 231, 16, 148, 55, 52, 73, 217, 68, 235, 44, 187, 187, 152, 49], [59, 114, 161, 15, 88, 120, 139, 137, 100, 137, 161, 15, 149, 145, 240, 43, 206, 202, 15, 21, 92, 104, 141, 108, 194, 16, 112, 3, 123, 84, 181, 241], [189, 246, 130, 195, 36, 111, 105, 135, 192, 230, 240, 29, 211, 142, 79, 199, 150, 152, 188, 139, 11, 247, 71, 150, 195, 22, 228, 29, 198, 127, 121, 33], [24, 133, 164, 240, 194, 70, 151, 199, 16, 45, 71, 106, 162, 59, 214, 37, 144, 59, 142, 179, 2, 197, 6, 234, 208, 182, 139, 30, 220, 179, 232, 75], [58, 115, 25, 41, 96, 186, 53, 45, 87, 216, 9, 62, 170, 14, 200, 159, 9, 156, 227, 186, 103, 132, 222, 165, 52, 217, 90, 20, 96, 200, 199, 64], [189, 108, 32, 231, 171, 107, 102, 245, 242, 52, 65, 64, 212, 98, 170, 238, 146, 42, 44, 211, 78, 215, 244, 129, 231, 211, 211, 5, 92, 215, 28, 233], [70, 82, 253, 24, 140, 67, 16, 168, 238, 47, 58, 5, 95, 70, 71, 75, 45, 193, 91, 202, 125, 242, 90, 252, 237, 50, 90, 35, 4, 221, 95, 72], [135, 73, 170, 143, 237, 47, 125, 230, 17, 32, 135, 202, 129, 233, 99, 121, 77, 0, 84, 244, 215, 206, 223, 247, 205, 43, 107, 10, 179, 26, 217, 244], [246, 245, 179, 59, 143, 30, 153, 244, 9, 56, 65, 31, 68, 126, 78, 253, 155, 103, 86, 114, 193, 63, 52, 231, 64, 96, 211, 36, 170, 120, 101, 165], [147, 171, 89, 207, 33, 65, 207, 109, 9, 148, 113, 134, 227, 108, 37, 112, 244, 97, 99, 208, 235, 66, 215, 253, 163, 58, 162, 36, 70, 165, 210, 177], [123, 8, 206, 229, 42, 42, 128, 42, 143, 146, 173, 57, 144, 122, 254, 75, 143, 69, 169, 10, 233, 240, 71, 82, 162, 196, 229, 37, 202, 236, 115, 78], [168, 95, 127, 76, 179, 98, 245, 57, 54, 50, 97, 149, 91, 207, 150, 27, 73, 253, 33, 251, 134, 252, 235, 31, 13, 125, 99, 27, 89, 62, 92, 173], [136, 229, 61, 215, 35, 151, 162, 116, 222, 194, 115, 137, 118, 132, 7, 153, 7, 17, 113, 250, 163, 235, 96, 34, 34, 75, 142, 34, 24, 153, 10, 214], [6, 38, 227, 232, 172, 117, 98, 10, 16, 35, 196, 93, 106, 27, 3, 183, 144, 58, 85, 239, 253, 245, 172, 96, 173, 171, 90, 28, 17, 116, 102, 150], [244, 15, 222, 236, 102, 187, 213, 132, 102, 191, 229, 226, 58, 187, 168, 194, 166, 63, 149, 220, 187, 120, 82, 215, 43, 252, 109, 49, 59, 177, 222, 86], [127, 162, 235, 250, 163, 114, 16, 197, 212, 22, 135, 18, 81, 221, 31, 77, 50, 128, 71, 229, 95, 109, 95, 3, 30, 102, 69, 17, 214, 85, 180, 107], [146, 158, 245, 216, 100, 245, 4, 220, 20, 181, 88, 137, 175, 244, 203, 209, 97, 253, 208, 58, 1, 29, 10, 125, 238, 0, 110, 49, 195, 81, 52, 54], [59, 69, 65, 210, 49, 112, 241, 0, 236, 124, 127, 98, 73, 196, 114, 49, 35, 105, 150, 102, 33, 237, 156, 70, 233, 45, 138, 34, 205, 80, 36, 96], [99, 16, 92, 253, 251, 84, 133, 158, 39, 126, 209, 128, 91, 157, 30, 60, 119, 181, 86, 236, 82, 155, 255, 106, 78, 73, 239, 10, 10, 223, 233, 178], [4, 198, 100, 248, 136, 231, 192, 250, 51, 45, 77, 143, 123, 152, 125, 143, 10, 32, 240, 129, 114, 64, 205, 95, 123, 63, 229, 9, 155, 136, 185, 123], [149, 66, 147, 168, 99, 49, 207, 253, 133, 58, 175, 147, 6, 3, 241, 99, 7, 235, 215, 84, 33, 7, 176, 121, 191, 212, 23, 33, 77, 39, 179, 35], [222, 254, 130, 170, 77, 247, 199, 32, 55, 74, 153, 215, 116, 143, 63, 229, 206, 79, 17, 47, 162, 250, 99, 85, 172, 79, 206, 25, 179, 33, 101, 251], [7, 245, 139, 214, 181, 97, 156, 180, 141, 164, 196, 96, 1, 204, 0, 56, 244, 161, 206, 21, 82, 31, 173, 107, 111, 21, 25, 10, 229, 235, 68, 151], [96, 40, 213, 234, 214, 102, 22, 4, 175, 135, 224, 224, 103, 168, 39, 149, 8, 211, 10, 185, 103, 164, 142, 52, 233, 224, 73, 30, 234, 222, 178, 35], [40, 253, 125, 209, 83, 180, 254, 7, 35, 26, 6, 32, 83, 200, 99, 13, 61, 50, 159, 157, 81, 181, 223, 135, 59, 103, 64, 51, 218, 35, 91, 5], [112, 78, 179, 150, 22, 132, 182, 74, 28, 200, 121, 187, 125, 101, 167, 146, 248, 137, 42, 196, 113, 119, 222, 149, 252, 205, 23, 18, 199, 149, 69, 232], [30, 182, 31, 91, 117, 119, 117, 149, 30, 244, 200, 5, 14, 80, 112, 155, 13, 244, 8, 204, 193, 255, 123, 8, 28, 248, 181, 3, 180, 136, 217, 160], [176, 180, 107, 252, 67, 39, 37, 10, 154, 131, 144, 149, 13, 142, 168, 41, 239, 224, 117, 166, 249, 232, 74, 32, 137, 179, 154, 35, 67, 197, 149, 55], [184, 20, 235, 153, 189, 115, 70, 211, 175, 241, 11, 135, 71, 155, 228, 4, 218, 15, 221, 44, 181, 121, 243, 39, 77, 203, 163, 33, 238, 244, 103, 143], [102, 228, 172, 87, 192, 198, 45, 217, 88, 64, 149, 41, 249, 27, 61, 24, 88, 77, 23, 137, 24, 147, 4, 186, 29, 58, 102, 12, 74, 122, 10, 44], [225, 101, 76, 101, 51, 95, 224, 220, 176, 64, 45, 93, 136, 135, 74, 160, 232, 67, 124, 173, 10, 126, 130, 232, 123, 159, 176, 45, 200, 228, 242, 88], [60, 94, 251, 253, 69, 211, 74, 205, 255, 102, 214, 234, 221, 92, 39, 251, 205, 246, 29, 75, 152, 113, 109, 237, 213, 147, 86, 43, 72, 49, 84, 243], [162, 101, 154, 15, 154, 227, 150, 120, 208, 16, 168, 44, 71, 100, 176, 203, 126, 1, 58, 99, 46, 2, 178, 183, 171, 180, 102, 21, 188, 182, 211, 202], [7, 82, 145, 128, 25, 32, 97, 137, 207, 71, 118, 27, 205, 52, 236, 161, 193, 95, 229, 227, 54, 115, 139, 112, 111, 5, 141, 12, 187, 138, 38, 223], [79, 152, 218, 122, 65, 158, 70, 69, 241, 71, 67, 60, 154, 2, 5, 235, 244, 120, 37, 205, 160, 53, 219, 68, 221, 82, 218, 8, 171, 232, 26, 94], [62, 104, 231, 18, 79, 252, 146, 41, 7, 227, 171, 152, 200, 229, 25, 153, 164, 115, 135, 97, 33, 111, 206, 196, 117, 6, 15, 48, 112, 210, 214, 149], [73, 247, 117, 214, 22, 137, 174, 42, 35, 109, 155, 46, 38, 11, 130, 117, 48, 25, 67, 42, 46, 238, 176, 130, 70, 10, 135, 48, 120, 244, 207, 24], [220, 178, 92, 217, 59, 162, 42, 181, 14, 196, 101, 135, 162, 31, 124, 243, 28, 235, 223, 104, 58, 168, 70, 54, 93, 97, 41, 21, 86, 197, 9, 50], [98, 18, 156, 110, 153, 144, 33, 139, 108, 48, 213, 107, 30, 187, 114, 63, 57, 123, 66, 114, 102, 176, 177, 35, 190, 7, 136, 30, 80, 181, 71, 89], [228, 77, 14, 39, 148, 217, 20, 129, 99, 160, 108, 28, 245, 19, 18, 64, 191, 200, 105, 176, 63, 9, 52, 170, 10, 18, 184, 17, 207, 55, 20, 161], [178, 230, 39, 143, 56, 229, 11, 115, 236, 192, 2, 200, 128, 221, 65, 10, 112, 220, 156, 199, 83, 21, 218, 133, 172, 191, 27, 18, 0, 23, 58, 187], [253, 187, 49, 37, 125, 99, 70, 13, 172, 77, 212, 79, 14, 7, 76, 176, 64, 12, 166, 67, 226, 26, 153, 164, 162, 22, 203, 9, 140, 99, 101, 211], [42, 42, 123, 118, 181, 0, 172, 128, 19, 100, 139, 239, 242, 10, 228, 52, 104, 129, 103, 5, 96, 228, 174, 153, 231, 217, 101, 18, 44, 248, 164, 152], [67, 206, 3, 33, 29, 60, 62, 33, 227, 27, 254, 236, 138, 27, 174, 72, 62, 211, 225, 138, 121, 41, 22, 9, 177, 8, 192, 25, 163, 66, 24, 246], [79, 218, 230, 13, 25, 244, 84, 198, 16, 90, 113, 118, 40, 193, 65, 119, 59, 216, 98, 255, 251, 32, 182, 98, 83, 6, 100, 5, 43, 42, 177, 238], [5, 76, 165, 131, 75, 77, 49, 149, 68, 50, 172, 195, 254, 200, 241, 245, 239, 1, 52, 75, 99, 118, 153, 109, 82, 138, 137, 43, 3, 230, 208, 162], [81, 232, 13, 230, 67, 78, 143, 51, 32, 89, 218, 236, 2, 154, 6, 109, 222, 136, 238, 120, 82, 75, 6, 63, 194, 44, 2, 6, 27, 18, 177, 37], [162, 180, 230, 3, 253, 69, 51, 31, 208, 106, 245, 215, 204, 75, 69, 104, 243, 90, 223, 154, 88, 9, 34, 96, 77, 123, 189, 30, 71, 197, 0, 208], [232, 157, 218, 143, 79, 33, 207, 215, 2, 109, 208, 217, 92, 141, 35, 150, 223, 235, 41, 151, 249, 113, 99, 140, 133, 165, 80, 41, 63, 227, 217, 157], [96, 144, 17, 185, 56, 167, 88, 140, 165, 153, 232, 63, 228, 141, 22, 100, 27, 67, 220, 177, 98, 223, 176, 57, 83, 153, 201, 31, 121, 126, 199, 137], [33, 22, 141, 28, 79, 27, 2, 173, 61, 149, 62, 174, 222, 103, 111, 57, 9, 116, 48, 255, 18, 85, 45, 18, 43, 243, 71, 22, 59, 245, 21, 250], [205, 195, 254, 195, 199, 207, 16, 180, 48, 51, 212, 141, 160, 15, 32, 57, 67, 91, 86, 129, 117, 110, 17, 145, 165, 204, 154, 19, 21, 117, 255, 220], [77, 2, 68, 202, 163, 241, 56, 80, 61, 46, 134, 147, 55, 42, 31, 123, 113, 220, 100, 164, 170, 126, 223, 247, 82, 47, 79, 41, 169, 76, 69, 6], [6, 181, 108, 133, 238, 236, 231, 200, 216, 84, 200, 168, 2, 249, 28, 139, 158, 254, 0, 213, 49, 204, 29, 109, 132, 236, 60, 22, 179, 81, 113, 10], [18, 183, 102, 62, 155, 6, 53, 237, 217, 136, 94, 22, 0, 239, 202, 61, 32, 12, 52, 99, 252, 142, 29, 244, 164, 205, 212, 31, 130, 227, 214, 191], [165, 60, 189, 61, 62, 10, 60, 113, 52, 38, 93, 243, 21, 197, 31, 78, 93, 155, 254, 130, 237, 152, 232, 98, 117, 148, 99, 12, 205, 117, 186, 122], [25, 24, 75, 225, 67, 150, 172, 117, 175, 115, 198, 133, 4, 183, 62, 105, 20, 161, 179, 155, 207, 153, 3, 136, 106, 131, 56, 26, 159, 114, 77, 168], [132, 6, 121, 134, 220, 50, 174, 223, 162, 167, 51, 219, 114, 29, 63, 168, 176, 163, 241, 213, 77, 33, 52, 227, 14, 2, 156, 2, 165, 84, 78, 70], [160, 60, 234, 34, 88, 177, 94, 27, 103, 45, 239, 245, 12, 49, 209, 219, 235, 188, 250, 252, 216, 133, 220, 26, 217, 75, 167, 17, 48, 45, 179, 1], [218, 1, 44, 190, 13, 150, 18, 16, 251, 155, 19, 214, 100, 205, 214, 239, 160, 44, 154, 65, 105, 79, 18, 83, 28, 186, 31, 6, 191, 221, 181, 72], [203, 12, 123, 34, 200, 253, 233, 13, 219, 99, 140, 4, 223, 18, 192, 158, 90, 62, 210, 154, 155, 146, 111, 244, 174, 154, 212, 34, 41, 217, 168, 124], [161, 216, 248, 90, 158, 144, 102, 234, 188, 111, 131, 251, 93, 59, 242, 221, 172, 6, 239, 223, 71, 207, 192, 219, 17, 117, 97, 28, 145, 92, 145, 219], [160, 8, 250, 191, 194, 254, 42, 112, 165, 183, 176, 89, 221, 52, 14, 240, 91, 164, 252, 143, 174, 223, 167, 92, 134, 208, 111, 49, 141, 10, 67, 28], [226, 109, 124, 238, 182, 7, 37, 254, 102, 86, 30, 146, 63, 121, 45, 54, 55, 186, 116, 112, 218, 209, 84, 226, 48, 12, 252, 34, 25, 171, 178, 181], [49, 229, 191, 55, 74, 212, 170, 124, 100, 203, 99, 81, 53, 201, 14, 116, 196, 100, 121, 114, 145, 67, 61, 140, 187, 163, 246, 26, 28, 114, 216, 70], [180, 138, 229, 6, 10, 47, 212, 69, 53, 249, 238, 199, 223, 70, 180, 17, 216, 56, 201, 52, 27, 163, 194, 177, 158, 169, 144, 17, 2, 131, 82, 56], [35, 21, 167, 247, 195, 60, 251, 161, 148, 76, 178, 181, 226, 240, 2, 241, 24, 5, 143, 253, 71, 72, 204, 149, 79, 27, 198, 37, 253, 192, 152, 52], [95, 168, 38, 254, 209, 102, 244, 1, 182, 179, 28, 186, 233, 105, 140, 43, 128, 225, 106, 42, 87, 106, 168, 250, 90, 234, 127, 20, 153, 181, 32, 133], [109, 153, 93, 118, 153, 196, 221, 119, 24, 14, 48, 196, 134, 251, 211, 249, 87, 153, 32, 89, 177, 114, 152, 52, 50, 128, 203, 28, 212, 132, 98, 116], [45, 199, 77, 56, 214, 51, 50, 236, 108, 242, 40, 124, 72, 24, 142, 28, 250, 189, 145, 53, 196, 205, 182, 9, 110, 239, 182, 8, 101, 242, 251, 131], [186, 45, 89, 150, 151, 182, 246, 103, 215, 41, 161, 225, 200, 234, 17, 90, 251, 118, 103, 138, 81, 71, 175, 11, 160, 80, 59, 16, 132, 178, 35, 184], [31, 173, 3, 12, 164, 165, 72, 86, 168, 136, 19, 54, 82, 79, 3, 42, 99, 134, 196, 120, 169, 176, 231, 9, 238, 217, 180, 22, 49, 11, 111, 214], [191, 208, 209, 21, 115, 248, 34, 85, 117, 200, 113, 207, 159, 104, 63, 198, 5, 252, 30, 156, 129, 41, 128, 150, 128, 156, 57, 29, 117, 10, 155, 235], [29, 58, 86, 53, 97, 56, 208, 130, 34, 191, 177, 31, 135, 150, 223, 157, 127, 80, 50, 72, 222, 38, 187, 45, 100, 123, 120, 2, 112, 6, 125, 120], [204, 111, 196, 211, 52, 194, 17, 253, 240, 41, 177, 253, 18, 20, 197, 22, 228, 202, 185, 224, 119, 226, 229, 220, 97, 234, 47, 37, 200, 121, 226, 8], [84, 44, 98, 32, 183, 108, 24, 113, 73, 19, 92, 91, 51, 92, 201, 162, 142, 36, 155, 127, 25, 251, 35, 101, 212, 47, 208, 27, 125, 47, 61, 60], [95, 31, 194, 158, 35, 200, 175, 143, 99, 85, 109, 79, 61, 222, 168, 49, 13, 93, 14, 48, 30, 220, 171, 174, 56, 195, 154, 45, 98, 72, 229, 124], [121, 254, 75, 22, 244, 52, 225, 233, 0, 59, 4, 46, 132, 153, 41, 160, 26, 121, 81, 82, 237, 85, 255, 121, 225, 190, 205, 3, 4, 35, 142, 200], [96, 37, 123, 178, 53, 220, 214, 130, 118, 71, 215, 94, 172, 126, 207, 234, 69, 109, 207, 120, 219, 220, 116, 251, 0, 196, 235, 8, 90, 169, 8, 199], [43, 20, 185, 63, 176, 181, 153, 175, 237, 163, 9, 52, 204, 20, 239, 30, 78, 139, 58, 245, 89, 135, 181, 122, 33, 118, 205, 29, 44, 212, 101, 97], [76, 58, 102, 16, 53, 126, 67, 140, 249, 118, 221, 174, 139, 4, 189, 97, 5, 95, 233, 99, 46, 231, 216, 74, 96, 158, 156, 34, 121, 59, 241, 144], [77, 230, 201, 101, 122, 180, 73, 6, 193, 135, 30, 177, 219, 89, 182, 132, 202, 127, 41, 96, 165, 164, 208, 235, 93, 250, 100, 23, 88, 54, 149, 82], [122, 151, 110, 66, 9, 123, 111, 57, 153, 215, 50, 10, 161, 63, 102, 203, 102, 45, 137, 212, 174, 136, 127, 5, 236, 72, 207, 37, 4, 149, 16, 53], [83, 58, 235, 116, 144, 227, 67, 122, 176, 250, 209, 1, 101, 83, 67, 252, 223, 234, 144, 58, 129, 55, 162, 125, 162, 45, 82, 9, 143, 253, 59, 158], [206, 208, 184, 248, 15, 8, 75, 233, 54, 137, 224, 152, 2, 25, 22, 187, 39, 97, 1, 137, 121, 178, 97, 191, 26, 24, 167, 21, 202, 134, 17, 67], [184, 211, 76, 18, 67, 226, 198, 19, 203, 6, 69, 166, 200, 119, 118, 250, 106, 230, 111, 71, 153, 160, 163, 166, 169, 144, 15, 35, 64, 243, 133, 245], [16, 196, 233, 67, 152, 32, 24, 122, 198, 212, 245, 122, 47, 97, 181, 155, 13, 214, 136, 167, 143, 157, 80, 55, 48, 75, 252, 41, 143, 192, 55, 24], [82, 172, 197, 144, 82, 64, 111, 254, 117, 232, 214, 74, 157, 115, 84, 70, 78, 242, 252, 11, 146, 69, 15, 155, 189, 85, 109, 28, 150, 71, 233, 51], [27, 160, 45, 204, 126, 155, 98, 149, 222, 247, 192, 244, 129, 46, 57, 36, 175, 242, 20, 87, 182, 220, 56, 136, 144, 17, 189, 33, 137, 107, 92, 245], [79, 177, 18, 235, 106, 30, 81, 221, 27, 176, 239, 124, 178, 214, 19, 186, 167, 189, 1, 0, 165, 109, 173, 240, 249, 165, 19, 48, 144, 135, 232, 60], [80, 11, 179, 236, 75, 215, 63, 104, 26, 70, 111, 105, 132, 223, 243, 95, 176, 184, 126, 40, 193, 169, 181, 10, 125, 60, 19, 32, 202, 38, 128, 242], [223, 142, 182, 194, 171, 178, 160, 233, 199, 162, 14, 83, 116, 49, 20, 76, 11, 161, 85, 20, 105, 112, 52, 250, 213, 90, 254, 27, 159, 21, 100, 219], [253, 64, 125, 154, 94, 195, 168, 240, 220, 133, 1, 142, 101, 125, 28, 220, 154, 214, 31, 205, 98, 128, 171, 18, 208, 11, 127, 34, 246, 27, 22, 214], [213, 26, 10, 11, 2, 243, 177, 18, 155, 174, 233, 32, 92, 106, 208, 150, 218, 177, 194, 11, 90, 3, 170, 213, 120, 50, 183, 45, 221, 134, 246, 54], [207, 130, 145, 47, 136, 85, 17, 178, 97, 84, 6, 50, 251, 21, 131, 232, 66, 155, 200, 54, 31, 245, 176, 109, 252, 216, 18, 38, 204, 190, 150, 130], [102, 186, 118, 79, 176, 184, 18, 138, 228, 35, 125, 223, 137, 223, 126, 116, 109, 119, 168, 151, 253, 228, 30, 101, 15, 229, 214, 44, 58, 190, 44, 116], [70, 204, 188, 220, 197, 240, 71, 157, 15, 156, 127, 6, 183, 148, 67, 56, 228, 255, 26, 204, 172, 84, 210, 77, 43, 99, 24, 5, 12, 229, 165, 124], [169, 21, 25, 15, 200, 2, 134, 251, 250, 252, 13, 79, 62, 60, 212, 29, 18, 130, 59, 243, 226, 23, 56, 154, 243, 171, 160, 3, 207, 20, 139, 127], [75, 181, 211, 88, 71, 15, 173, 193, 92, 53, 0, 139, 98, 90, 219, 134, 99, 71, 108, 44, 231, 210, 201, 59, 88, 83, 253, 16, 14, 239, 163, 160], [74, 106, 74, 164, 127, 226, 53, 36, 82, 199, 218, 139, 104, 248, 180, 111, 243, 138, 128, 139, 85, 165, 118, 46, 249, 58, 5, 31, 93, 68, 49, 54], [139, 31, 175, 153, 2, 90, 191, 43, 56, 97, 206, 185, 88, 113, 198, 242, 195, 130, 226, 34, 88, 172, 234, 0, 45, 166, 207, 17, 45, 23, 88, 53], [182, 180, 114, 71, 130, 217, 139, 144, 121, 113, 250, 157, 58, 35, 221, 18, 167, 124, 209, 145, 56, 19, 138, 73, 84, 49, 104, 25, 88, 213, 84, 64], [178, 195, 98, 254, 36, 167, 62, 249, 37, 20, 35, 28, 211, 115, 87, 137, 169, 60, 102, 43, 47, 131, 122, 196, 41, 140, 245, 26, 34, 143, 23, 4], [151, 5, 236, 65, 147, 21, 74, 209, 225, 62, 251, 219, 129, 68, 144, 150, 128, 40, 216, 6, 45, 154, 58, 161, 184, 115, 198, 7, 248, 23, 165, 181], [127, 38, 71, 45, 246, 48, 154, 136, 158, 25, 249, 37, 227, 52, 121, 252, 124, 233, 217, 187, 29, 236, 28, 117, 244, 3, 254, 8, 79, 21, 97, 35], [54, 6, 44, 221, 131, 57, 238, 0, 131, 235, 133, 202, 0, 38, 108, 70, 247, 7, 215, 230, 141, 107, 139, 234, 4, 132, 171, 45, 8, 197, 200, 217], [42, 240, 137, 116, 51, 173, 159, 174, 205, 194, 53, 83, 37, 33, 236, 249, 143, 190, 149, 161, 183, 143, 188, 49, 190, 216, 119, 7, 160, 238, 99, 65], [42, 78, 96, 61, 23, 132, 48, 107, 166, 182, 241, 173, 193, 194, 43, 184, 85, 65, 80, 210, 253, 187, 108, 152, 170, 126, 118, 4, 139, 102, 30, 57], [240, 253, 33, 31, 98, 111, 61, 228, 227, 159, 161, 83, 12, 108, 45, 125, 146, 218, 247, 6, 93, 12, 168, 255, 219, 239, 104, 39, 1, 83, 124, 48], [225, 179, 190, 2, 34, 122, 157, 115, 214, 61, 64, 234, 226, 30, 81, 103, 220, 140, 114, 133, 21, 171, 169, 51, 186, 113, 73, 32, 250, 232, 115, 24], [87, 255, 142, 0, 199, 84, 146, 94, 158, 86, 81, 94, 230, 117, 149, 217, 224, 252, 153, 96, 237, 235, 47, 62, 164, 187, 94, 8, 127, 167, 174, 251], [26, 157, 154, 46, 234, 239, 80, 58, 139, 221, 25, 160, 141, 41, 146, 203, 113, 45, 1, 157, 124, 213, 202, 16, 181, 225, 252, 37, 89, 244, 26, 17], [154, 119, 83, 236, 6, 247, 18, 85, 222, 119, 19, 145, 176, 221, 139, 31, 67, 37, 142, 38, 123, 83, 253, 12, 53, 183, 34, 41, 173, 4, 92, 247], [174, 55, 251, 250, 231, 191, 24, 76, 29, 241, 205, 40, 12, 143, 79, 36, 133, 206, 150, 40, 111, 20, 26, 231, 211, 173, 101, 40, 172, 42, 189, 16], [170, 57, 35, 170, 224, 255, 186, 114, 28, 156, 23, 41, 37, 20, 24, 80, 17, 202, 168, 220, 11, 125, 173, 51, 253, 193, 164, 4, 12, 238, 56, 161], [107, 255, 79, 228, 154, 32, 247, 22, 57, 20, 61, 62, 189, 242, 238, 210, 145, 174, 11, 51, 19, 150, 221, 13, 223, 179, 233, 27, 21, 218, 47, 236], [54, 54, 75, 244, 21, 97, 41, 156, 9, 138, 58, 96, 112, 39, 154, 13, 255, 102, 212, 132, 103, 99, 46, 125, 93, 243, 73, 40, 160, 155, 189, 47], [104, 234, 72, 253, 230, 176, 137, 169, 18, 109, 168, 222, 209, 65, 122, 174, 114, 221, 73, 2, 4, 217, 231, 90, 100, 213, 240, 39, 39, 171, 42, 199], [155, 209, 111, 32, 179, 187, 13, 218, 57, 198, 74, 184, 204, 224, 163, 60, 210, 206, 88, 9, 3, 204, 210, 82, 153, 243, 133, 10, 220, 115, 214, 22], [51, 80, 145, 21, 101, 66, 166, 114, 235, 210, 119, 126, 60, 145, 95, 195, 106, 105, 188, 125, 68, 150, 63, 128, 157, 79, 225, 20, 102, 21, 205, 113], [156, 165, 57, 7, 196, 85, 49, 146, 197, 70, 62, 72, 3, 255, 169, 54, 193, 117, 55, 177, 185, 7, 147, 250, 109, 15, 100, 44, 109, 198, 90, 18], [250, 11, 121, 147, 214, 40, 128, 26, 90, 85, 231, 162, 216, 113, 60, 173, 234, 211, 234, 100, 133, 151, 244, 254, 198, 90, 189, 45, 80, 208, 146, 78], [249, 87, 112, 16, 31, 122, 71, 187, 48, 55, 83, 210, 61, 123, 140, 38, 143, 141, 216, 89, 163, 125, 153, 101, 234, 210, 70, 38, 126, 169, 170, 214], [228, 33, 175, 166, 206, 215, 69, 91, 185, 193, 148, 20, 28, 253, 59, 201, 136, 35, 61, 210, 165, 139, 160, 12, 64, 189, 107, 18, 50, 178, 134, 79], [244, 182, 24, 37, 87, 152, 29, 196, 199, 190, 191, 39, 136, 232, 179, 46, 119, 200, 105, 38, 189, 181, 94, 93, 181, 145, 137, 24, 86, 53, 44, 4], [71, 24, 145, 147, 86, 196, 20, 131, 96, 222, 156, 191, 157, 237, 56, 50, 57, 66, 186, 78, 226, 187, 181, 19, 247, 38, 158, 6, 192, 128, 200, 176], [68, 86, 30, 101, 140, 200, 49, 115, 226, 147, 29, 20, 104, 143, 70, 185, 20, 103, 228, 49, 236, 22, 85, 204, 171, 79, 84, 8, 27, 188, 41, 148], [244, 57, 207, 146, 254, 65, 171, 153, 132, 235, 15, 181, 124, 208, 164, 139, 199, 85, 43, 253, 24, 238, 70, 237, 24, 165, 253, 17, 174, 252, 240, 39], [154, 191, 14, 152, 167, 103, 243, 81, 31, 100, 243, 12, 87, 174, 174, 97, 235, 126, 103, 214, 204, 74, 212, 68, 189, 159, 17, 39, 148, 126, 120, 3], [254, 118, 245, 48, 134, 167, 83, 220, 180, 88, 117, 141, 108, 45, 36, 165, 157, 124, 193, 132, 69, 230, 183, 192, 194, 21, 123, 16, 57, 130, 252, 101], [186, 232, 142, 213, 204, 123, 150, 0, 17, 11, 96, 70, 67, 47, 234, 180, 141, 234, 0, 213, 33, 124, 131, 33, 252, 250, 194, 6, 44, 13, 13, 222], [45, 194, 46, 194, 8, 252, 96, 248, 241, 6, 79, 78, 234, 143, 45, 145, 227, 155, 232, 9, 218, 192, 46, 43, 182, 64, 2, 14, 155, 230, 65, 237], [168, 123, 69, 40, 100, 78, 27, 135, 175, 244, 35, 60, 62, 58, 229, 128, 8, 202, 39, 4, 28, 179, 222, 105, 122, 179, 24, 37, 252, 163, 196, 197], [229, 233, 170, 160, 218, 122, 245, 119, 127, 173, 119, 236, 194, 145, 28, 153, 75, 67, 91, 199, 91, 147, 1, 185, 109, 127, 178, 43, 175, 68, 51, 215], [247, 125, 74, 244, 61, 7, 175, 203, 200, 46, 163, 92, 207, 42, 189, 131, 170, 225, 19, 147, 153, 25, 91, 70, 236, 46, 234, 18, 95, 108, 24, 152], [171, 25, 16, 186, 134, 202, 3, 22, 183, 69, 179, 58, 17, 190, 149, 45, 133, 87, 215, 156, 172, 3, 53, 115, 236, 86, 22, 32, 52, 95, 114, 55], [253, 77, 196, 68, 202, 33, 249, 17, 78, 171, 186, 105, 207, 184, 148, 179, 22, 33, 112, 115, 236, 204, 76, 169, 32, 18, 168, 37, 216, 219, 150, 180], [40, 134, 108, 240, 2, 45, 179, 95, 71, 173, 194, 127, 75, 120, 119, 218, 251, 89, 32, 56, 49, 52, 147, 100, 134, 195, 154, 39, 215, 203, 211, 75], [136, 236, 62, 229, 160, 139, 72, 122, 162, 25, 38, 131, 15, 156, 217, 8, 106, 202, 115, 4, 217, 140, 202, 232, 135, 208, 239, 34, 31, 23, 143, 3], [220, 125, 81, 121, 156, 153, 186, 167, 40, 16, 23, 198, 165, 142, 166, 217, 202, 109, 168, 242, 81, 166, 79, 5, 6, 190, 151, 23, 126, 182, 216, 209], [110, 31, 41, 137, 11, 175, 181, 162, 134, 121, 163, 194, 85, 206, 110, 121, 47, 102, 247, 193, 82, 28, 92, 78, 129, 225, 56, 46, 223, 111, 134, 94], [160, 19, 222, 105, 218, 196, 251, 113, 106, 203, 52, 138, 195, 221, 18, 241, 46, 88, 3, 133, 222, 225, 167, 86, 114, 92, 142, 19, 218, 56, 183, 131], [33, 55, 244, 161, 221, 129, 157, 37, 221, 227, 106, 102, 17, 142, 168, 15, 157, 95, 100, 113, 248, 70, 204, 26, 133, 48, 30, 46, 60, 135, 160, 176], [110, 247, 227, 141, 142, 113, 154, 28, 5, 41, 98, 111, 191, 217, 39, 219, 111, 141, 170, 10, 255, 99, 168, 162, 122, 245, 183, 18, 97, 190, 201, 125], [131, 114, 174, 66, 207, 248, 26, 139, 32, 223, 169, 29, 88, 51, 180, 114, 144, 12, 134, 78, 153, 105, 157, 22, 177, 212, 145, 19, 150, 68, 248, 144], [133, 108, 235, 133, 86, 209, 109, 43, 70, 164, 2, 77, 78, 35, 255, 58, 7, 51, 213, 104, 210, 177, 193, 231, 53, 52, 14, 32, 198, 183, 35, 241], [60, 10, 82, 203, 128, 190, 133, 184, 7, 175, 144, 93, 140, 108, 244, 108, 202, 5, 57, 5, 185, 124, 223, 159, 192, 29, 80, 24, 250, 253, 116, 173], [248, 97, 112, 167, 89, 24, 156, 8, 254, 173, 105, 26, 22, 162, 92, 97, 183, 227, 52, 149, 115, 97, 99, 80, 73, 108, 83, 26, 95, 218, 12, 176], [199, 70, 22, 136, 66, 61, 13, 60, 131, 180, 182, 85, 97, 164, 120, 243, 61, 245, 241, 233, 71, 226, 106, 145, 197, 209, 66, 35, 30, 222, 104, 15], [122, 40, 219, 22, 97, 76, 160, 122, 157, 102, 235, 199, 38, 101, 78, 127, 115, 19, 39, 24, 78, 249, 236, 237, 41, 72, 203, 48, 207, 247, 248, 220], [236, 94, 178, 121, 55, 163, 50, 177, 144, 123, 55, 204, 50, 144, 220, 93, 71, 208, 56, 74, 217, 133, 161, 249, 122, 122, 112, 47, 171, 204, 186, 23], [246, 64, 156, 44, 241, 146, 83, 133, 191, 7, 118, 102, 18, 218, 114, 255, 65, 140, 83, 7, 1, 57, 173, 78, 137, 17, 164, 6, 183, 85, 22, 40], [150, 62, 176, 104, 70, 64, 50, 245, 0, 115, 250, 46, 116, 53, 183, 190, 178, 179, 90, 138, 215, 160, 48, 210, 2, 82, 132, 43, 17, 71, 211, 210], [172, 37, 159, 126, 145, 143, 47, 13, 202, 128, 121, 22, 58, 192, 22, 81, 46, 70, 113, 11, 252, 103, 184, 17, 18, 121, 5, 4, 228, 190, 146, 60], [94, 202, 231, 192, 238, 29, 200, 249, 223, 29, 49, 213, 191, 7, 136, 208, 112, 114, 10, 99, 77, 59, 51, 191, 206, 128, 4, 43, 27, 33, 53, 161], [216, 188, 183, 150, 52, 44, 43, 220, 157, 74, 20, 117, 152, 97, 23, 46, 61, 231, 238, 148, 75, 99, 7, 168, 25, 235, 35, 28, 154, 135, 203, 207], [76, 86, 48, 96, 99, 61, 102, 28, 5, 95, 49, 163, 100, 81, 43, 233, 0, 42, 182, 147, 236, 94, 134, 67, 193, 224, 35, 40, 43, 211, 247, 168], [163, 48, 36, 210, 43, 63, 208, 119, 157, 48, 233, 251, 21, 77, 37, 75, 60, 139, 71, 162, 57, 220, 15, 62, 129, 20, 217, 3, 119, 233, 15, 9], [79, 250, 36, 84, 238, 88, 196, 178, 133, 117, 49, 38, 218, 22, 171, 248, 204, 240, 84, 48, 93, 118, 204, 46, 196, 115, 101, 2, 16, 51, 85, 102], [154, 19, 230, 198, 15, 252, 185, 235, 220, 98, 19, 167, 150, 199, 155, 61, 2, 58, 84, 154, 32, 95, 93, 71, 96, 255, 234, 27, 199, 152, 51, 44], [37, 30, 91, 47, 36, 6, 21, 30, 107, 252, 172, 190, 28, 155, 210, 82, 27, 247, 141, 152, 47, 58, 78, 224, 212, 49, 137, 32, 67, 143, 16, 117], [238, 227, 39, 205, 200, 242, 130, 13, 45, 184, 236, 103, 217, 58, 61, 69, 246, 249, 164, 54, 78, 116, 144, 196, 152, 225, 214, 0, 228, 83, 127, 77], [138, 176, 5, 159, 244, 199, 14, 200, 139, 186, 2, 93, 132, 172, 91, 39, 172, 238, 241, 60, 6, 218, 226, 182, 224, 240, 123, 7, 34, 18, 215, 50], [65, 192, 188, 116, 236, 49, 185, 129, 179, 217, 182, 8, 151, 215, 36, 12, 147, 41, 106, 61, 195, 81, 26, 38, 242, 33, 8, 28, 239, 135, 3, 9], [222, 9, 18, 118, 197, 149, 94, 9, 181, 117, 185, 253, 82, 187, 52, 110, 119, 103, 32, 63, 139, 148, 227, 27, 199, 56, 135, 14, 34, 126, 213, 143], [41, 14, 93, 34, 65, 227, 244, 124, 18, 37, 71, 232, 11, 225, 7, 46, 248, 40, 13, 149, 194, 105, 225, 184, 204, 128, 25, 9, 148, 68, 90, 220], [38, 15, 168, 10, 97, 59, 93, 195, 173, 216, 29, 82, 178, 235, 1, 23, 103, 27, 95, 228, 69, 248, 238, 74, 69, 199, 179, 37, 142, 219, 94, 83], [11, 42, 183, 34, 129, 173, 192, 41, 54, 81, 208, 245, 227, 135, 40, 12, 165, 138, 233, 72, 148, 104, 179, 234, 203, 114, 36, 26, 178, 139, 83, 113], [51, 216, 123, 136, 31, 156, 6, 195, 41, 96, 222, 80, 3, 112, 112, 91, 30, 167, 74, 106, 15, 222, 223, 252, 40, 181, 162, 41, 21, 68, 110, 40], [52, 32, 222, 173, 124, 132, 9, 18, 20, 196, 112, 73, 26, 7, 79, 11, 234, 204, 45, 198, 51, 153, 108, 198, 143, 238, 206, 28, 117, 207, 32, 252], [223, 241, 159, 109, 194, 25, 109, 2, 145, 41, 201, 191, 22, 126, 224, 245, 62, 97, 206, 113, 203, 2, 142, 99, 186, 198, 88, 17, 85, 106, 69, 253], [255, 170, 225, 91, 250, 150, 248, 94, 31, 33, 47, 190, 84, 74, 15, 99, 212, 113, 36, 41, 98, 255, 82, 38, 214, 105, 131, 45, 15, 92, 41, 51], [115, 80, 138, 238, 77, 79, 110, 102, 136, 118, 191, 35, 64, 51, 235, 171, 118, 199, 126, 124, 131, 25, 251, 201, 7, 72, 132, 14, 157, 92, 148, 78], [122, 175, 50, 86, 183, 0, 126, 131, 119, 58, 193, 241, 113, 122, 217, 28, 227, 70, 174, 208, 234, 223, 74, 150, 37, 31, 165, 6, 56, 77, 61, 105], [234, 73, 192, 155, 203, 51, 179, 33, 222, 89, 75, 1, 51, 102, 46, 153, 217, 182, 103, 89, 6, 192, 43, 217, 116, 70, 155, 37, 78, 149, 38, 231], [237, 29, 97, 14, 240, 237, 219, 102, 190, 240, 176, 12, 162, 86, 4, 90, 168, 158, 153, 240, 203, 140, 165, 46, 48, 163, 7, 27, 30, 24, 192, 33], [124, 33, 113, 156, 215, 35, 64, 153, 145, 65, 142, 196, 31, 2, 57, 185, 110, 66, 154, 113, 198, 246, 114, 138, 35, 76, 173, 23, 49, 100, 193, 248], [75, 107, 108, 57, 132, 140, 37, 172, 158, 13, 234, 5, 56, 145, 192, 85, 232, 54, 169, 234, 12, 224, 110, 66, 67, 211, 51, 36, 60, 225, 170, 7], [7, 159, 127, 48, 208, 169, 94, 233, 18, 66, 97, 93, 45, 188, 253, 156, 140, 206, 228, 191, 11, 181, 91, 205, 84, 113, 17, 22, 112, 70, 48, 199], [66, 117, 212, 108, 195, 144, 184, 248, 240, 184, 101, 67, 18, 52, 117, 101, 179, 96, 112, 169, 94, 116, 192, 128, 243, 207, 233, 33, 172, 194, 120, 26], [148, 195, 199, 87, 103, 110, 99, 33, 154, 66, 20, 80, 193, 86, 225, 227, 120, 62, 231, 196, 160, 109, 116, 159, 233, 83, 180, 47, 88, 121, 250, 17], [57, 13, 165, 102, 41, 72, 37, 117, 116, 55, 237, 32, 241, 123, 138, 183, 138, 71, 209, 28, 178, 145, 15, 55, 41, 232, 215, 30, 255, 124, 19, 43], [248, 39, 26, 247, 66, 29, 224, 246, 47, 41, 164, 155, 144, 39, 94, 117, 176, 106, 21, 251, 80, 106, 23, 95, 248, 193, 153, 3, 114, 62, 23, 215], [181, 122, 237, 156, 43, 166, 187, 228, 171, 225, 85, 84, 118, 180, 3, 46, 227, 179, 73, 214, 38, 224, 1, 33, 25, 45, 153, 13, 172, 245, 71, 103], [105, 182, 5, 239, 5, 46, 83, 32, 161, 19, 195, 11, 166, 224, 60, 5, 147, 111, 14, 55, 230, 169, 174, 208, 172, 252, 32, 29, 145, 73, 85, 33], [138, 94, 121, 52, 154, 98, 143, 222, 85, 236, 1, 107, 74, 128, 32, 187, 38, 160, 183, 179, 61, 87, 216, 188, 251, 172, 128, 43, 95, 107, 237, 174], [222, 121, 158, 250, 208, 38, 99, 88, 90, 74, 221, 212, 5, 245, 243, 190, 128, 161, 136, 133, 158, 21, 92, 100, 117, 3, 153, 11, 162, 189, 3, 37], [211, 181, 252, 217, 207, 188, 71, 144, 44, 172, 57, 211, 78, 237, 209, 22, 76, 101, 79, 210, 236, 36, 155, 78, 35, 199, 164, 34, 150, 175, 169, 235], [195, 93, 49, 91, 116, 203, 251, 12, 247, 175, 150, 107, 219, 249, 94, 239, 52, 134, 202, 154, 211, 58, 122, 205, 42, 101, 56, 22, 165, 180, 168, 75], [134, 105, 181, 246, 123, 174, 5, 188, 138, 246, 63, 179, 218, 1, 44, 100, 229, 206, 137, 9, 190, 111, 61, 56, 66, 25, 32, 2, 46, 83, 52, 6], [144, 69, 246, 117, 57, 132, 232, 243, 187, 173, 59, 177, 222, 181, 105, 88, 150, 107, 22, 214, 33, 29, 202, 243, 238, 70, 26, 7, 147, 209, 201, 135], [185, 186, 28, 56, 104, 215, 163, 61, 4, 198, 144, 250, 59, 128, 177, 111, 38, 210, 168, 46, 76, 219, 20, 103, 111, 228, 191, 25, 193, 130, 90, 143], [0, 147, 36, 121, 169, 96, 136, 146, 183, 23, 155, 229, 12, 248, 235, 121, 165, 220, 204, 182, 32, 230, 183, 60, 191, 135, 141, 17, 217, 238, 13, 174], [16, 177, 126, 95, 163, 142, 195, 156, 129, 89, 56, 92, 118, 145, 242, 190, 209, 77, 84, 37, 64, 103, 241, 169, 184, 71, 14, 11, 159, 21, 122, 181], [184, 248, 92, 159, 236, 203, 172, 146, 89, 160, 116, 199, 171, 57, 205, 162, 227, 215, 242, 224, 134, 124, 178, 238, 66, 219, 29, 3, 249, 177, 49, 176], [119, 206, 253, 100, 200, 36, 106, 26, 157, 193, 112, 15, 122, 157, 245, 12, 82, 132, 141, 44, 203, 195, 223, 145, 117, 180, 134, 26, 209, 87, 215, 96], [112, 20, 255, 61, 5, 68, 60, 244, 246, 109, 130, 33, 23, 244, 76, 243, 245, 97, 180, 26, 69, 119, 110, 48, 104, 99, 90, 40, 69, 240, 15, 74], [97, 123, 201, 233, 164, 149, 36, 188, 206, 100, 84, 153, 182, 190, 238, 3, 151, 75, 121, 223, 200, 131, 254, 171, 254, 211, 97, 3, 197, 94, 219, 105], [240, 221, 62, 37, 208, 18, 225, 20, 111, 112, 185, 226, 76, 243, 183, 204, 186, 228, 208, 134, 86, 146, 90, 178, 41, 44, 100, 6, 148, 79, 170, 157], [42, 176, 127, 51, 168, 226, 124, 152, 187, 47, 231, 13, 34, 253, 97, 88, 162, 22, 33, 166, 86, 81, 211, 73, 210, 202, 70, 23, 239, 8, 175, 72], [77, 135, 193, 173, 27, 116, 218, 63, 48, 51, 133, 91, 147, 209, 86, 223, 5, 215, 246, 7, 132, 228, 40, 212, 209, 197, 16, 8, 124, 2, 8, 96], [4, 187, 195, 156, 27, 119, 125, 255, 125, 251, 241, 207, 47, 55, 1, 237, 60, 120, 159, 154, 198, 45, 54, 199, 178, 223, 167, 35, 36, 188, 128, 206], [15, 75, 23, 207, 204, 213, 248, 162, 86, 54, 97, 63, 192, 176, 15, 241, 42, 222, 17, 167, 28, 93, 162, 179, 190, 181, 76, 17, 168, 58, 40, 45], [48, 20, 253, 31, 191, 88, 251, 200, 205, 91, 95, 116, 203, 197, 59, 130, 34, 10, 205, 81, 95, 121, 76, 172, 151, 30, 169, 7, 254, 55, 241, 150], [144, 222, 34, 222, 17, 178, 23, 180, 170, 100, 67, 202, 98, 11, 226, 1, 233, 60, 152, 205, 215, 68, 213, 26, 209, 56, 23, 22, 54, 9, 170, 215], [144, 198, 60, 67, 69, 14, 142, 82, 164, 9, 137, 12, 89, 160, 156, 243, 1, 110, 19, 244, 157, 35, 121, 110, 26, 224, 173, 27, 41, 39, 132, 254], [40, 177, 169, 107, 46, 77, 67, 44, 209, 36, 165, 50, 35, 247, 40, 216, 242, 63, 199, 55, 62, 215, 212, 126, 118, 55, 85, 32, 142, 36, 26, 73], [219, 48, 233, 70, 142, 228, 18, 98, 230, 160, 69, 137, 246, 65, 121, 249, 76, 94, 194, 192, 70, 92, 193, 188, 146, 109, 226, 6, 94, 75, 84, 241], [76, 52, 124, 181, 194, 186, 233, 233, 148, 185, 146, 18, 79, 233, 155, 178, 75, 206, 144, 98, 129, 57, 96, 140, 133, 15, 103, 22, 203, 219, 70, 8], [97, 197, 174, 239, 87, 106, 242, 146, 244, 230, 15, 223, 37, 0, 233, 200, 39, 130, 84, 24, 173, 39, 131, 238, 94, 125, 238, 7, 72, 95, 32, 118], [21, 247, 13, 57, 207, 223, 21, 220, 104, 163, 74, 218, 125, 216, 187, 22, 186, 112, 34, 86, 86, 6, 68, 249, 76, 212, 181, 25, 135, 113, 10, 190], [239, 52, 118, 117, 124, 2, 56, 238, 157, 14, 33, 179, 98, 202, 100, 81, 37, 187, 203, 44, 111, 170, 90, 132, 48, 65, 184, 21, 112, 186, 142, 111], [205, 61, 114, 204, 43, 201, 223, 237, 89, 64, 15, 183, 111, 170, 225, 63, 69, 219, 119, 18, 21, 60, 153, 129, 98, 9, 122, 28, 3, 217, 0, 52], [166, 115, 119, 161, 214, 116, 210, 12, 165, 90, 6, 140, 87, 148, 78, 95, 185, 219, 251, 45, 32, 183, 159, 69, 137, 29, 253, 42, 99, 28, 152, 221], [138, 20, 69, 216, 111, 248, 60, 74, 183, 149, 174, 32, 24, 137, 164, 124, 53, 128, 99, 86, 223, 137, 198, 36, 3, 165, 79, 44, 156, 74, 147, 48], [175, 30, 202, 16, 10, 156, 95, 153, 247, 76, 98, 65, 122, 173, 215, 13, 32, 12, 19, 57, 158, 21, 173, 237, 184, 252, 68, 31, 86, 150, 91, 169], [99, 239, 133, 37, 57, 38, 29, 152, 42, 91, 78, 128, 84, 171, 232, 75, 175, 117, 120, 231, 138, 174, 28, 27, 172, 221, 184, 36, 199, 128, 103, 50], [39, 219, 109, 50, 140, 63, 194, 108, 24, 226, 233, 61, 232, 7, 245, 152, 54, 134, 103, 12, 206, 24, 114, 189, 165, 153, 189, 24, 189, 136, 38, 108], [67, 38, 235, 55, 89, 149, 114, 36, 32, 57, 190, 114, 179, 10, 93, 2, 111, 20, 248, 244, 129, 19, 40, 96, 13, 119, 67, 6, 197, 39, 139, 137], [186, 95, 181, 226, 138, 60, 61, 29, 167, 245, 60, 210, 95, 152, 219, 206, 159, 59, 142, 24, 61, 116, 98, 103, 50, 139, 181, 33, 91, 195, 48, 5], [225, 145, 184, 0, 215, 243, 35, 64, 115, 244, 44, 100, 127, 238, 22, 132, 9, 150, 213, 192, 175, 86, 106, 233, 147, 253, 249, 15, 142, 125, 112, 104], [226, 50, 159, 129, 226, 80, 75, 17, 100, 158, 226, 204, 76, 107, 62, 127, 252, 21, 84, 105, 114, 156, 216, 17, 245, 170, 84, 15, 100, 131, 148, 149], [206, 176, 60, 221, 244, 244, 212, 162, 244, 235, 99, 76, 243, 24, 234, 85, 165, 16, 3, 26, 119, 134, 79, 1, 87, 18, 212, 6, 100, 89, 101, 179], [251, 222, 187, 107, 62, 29, 78, 17, 136, 82, 222, 251, 183, 53, 59, 171, 183, 169, 54, 125, 119, 222, 173, 230, 252, 111, 32, 42, 41, 170, 47, 251], [4, 208, 50, 231, 144, 131, 103, 218, 77, 112, 197, 15, 74, 55, 27, 243, 228, 152, 83, 210, 249, 141, 218, 191, 238, 158, 172, 13, 28, 57, 175, 116], [116, 55, 162, 150, 214, 105, 112, 94, 254, 212, 191, 64, 45, 240, 59, 78, 197, 79, 13, 175, 77, 131, 29, 65, 205, 181, 108, 16, 225, 237, 85, 178], [250, 215, 143, 236, 37, 142, 247, 51, 33, 28, 123, 190, 34, 255, 41, 110, 153, 159, 39, 227, 28, 202, 81, 244, 178, 114, 229, 21, 163, 243, 158, 72], [96, 227, 132, 171, 100, 166, 110, 140, 20, 89, 44, 124, 167, 215, 54, 36, 168, 91, 183, 159, 1, 197, 69, 26, 200, 31, 68, 34, 191, 30, 23, 140], [141, 126, 164, 168, 198, 225, 236, 184, 55, 232, 99, 152, 55, 134, 78, 12, 50, 114, 84, 215, 68, 227, 136, 7, 165, 207, 225, 37, 40, 254, 233, 5], [20, 59, 88, 69, 42, 83, 166, 104, 29, 232, 33, 235, 209, 136, 86, 220, 202, 54, 88, 252, 170, 118, 205, 46, 159, 37, 200, 44, 181, 27, 59, 179], [61, 176, 213, 4, 13, 128, 2, 99, 79, 110, 110, 17, 178, 173, 38, 134, 113, 241, 25, 91, 114, 161, 85, 82, 191, 158, 4, 35, 19, 161, 7, 70], [197, 106, 137, 172, 172, 70, 164, 151, 232, 188, 254, 70, 160, 203, 66, 182, 213, 178, 254, 177, 80, 173, 210, 162, 235, 215, 232, 2, 252, 53, 165, 193], [131, 161, 243, 152, 174, 139, 174, 84, 170, 123, 100, 120, 37, 77, 138, 129, 239, 12, 167, 125, 100, 210, 55, 154, 250, 156, 240, 19, 119, 65, 235, 123], [229, 9, 68, 7, 133, 178, 6, 160, 40, 175, 245, 85, 196, 255, 196, 209, 66, 89, 238, 136, 84, 72, 216, 144, 210, 75, 215, 16, 16, 205, 1, 163], [24, 99, 143, 247, 229, 2, 77, 224, 52, 78, 45, 73, 24, 112, 56, 216, 214, 159, 108, 17, 185, 68, 202, 209, 78, 211, 193, 17, 6, 8, 233, 93], [215, 232, 60, 102, 69, 209, 139, 26, 114, 64, 9, 8, 80, 127, 94, 132, 67, 27, 168, 254, 92, 118, 32, 132, 111, 5, 241, 35, 186, 169, 166, 115], [200, 2, 92, 159, 52, 45, 72, 43, 8, 141, 20, 198, 252, 160, 216, 44, 12, 98, 254, 4, 182, 166, 130, 16, 121, 236, 64, 9, 119, 86, 146, 129], [46, 11, 22, 78, 44, 58, 171, 120, 2, 83, 35, 12, 186, 186, 125, 198, 215, 176, 111, 24, 68, 87, 43, 241, 86, 77, 100, 28, 26, 108, 173, 203], [255, 63, 150, 106, 182, 7, 217, 193, 68, 59, 135, 12, 98, 26, 125, 171, 218, 13, 104, 186, 26, 132, 119, 175, 73, 81, 34, 32, 95, 120, 149, 187], [159, 102, 246, 234, 106, 95, 36, 4, 162, 14, 207, 10, 134, 222, 230, 187, 122, 59, 57, 171, 40, 21, 71, 0, 181, 171, 234, 49, 28, 44, 123, 139], [140, 42, 34, 31, 128, 11, 172, 198, 204, 67, 186, 54, 79, 210, 179, 186, 241, 199, 159, 245, 137, 26, 254, 20, 71, 163, 105, 40, 108, 199, 242, 139], [176, 196, 70, 102, 244, 130, 248, 72, 218, 36, 228, 219, 245, 235, 174, 234, 5, 191, 250, 122, 163, 38, 195, 148, 176, 153, 8, 18, 151, 126, 46, 87], [224, 72, 85, 254, 164, 26, 134, 181, 114, 218, 64, 32, 176, 131, 88, 30, 106, 118, 26, 214, 155, 247, 179, 151, 44, 66, 78, 5, 140, 68, 70, 168], [250, 14, 70, 251, 113, 35, 204, 220, 216, 94, 188, 208, 70, 65, 16, 225, 64, 28, 136, 121, 43, 79, 161, 163, 88, 157, 89, 32, 196, 169, 125, 182], [82, 204, 6, 26, 31, 249, 69, 22, 219, 253, 237, 54, 137, 63, 92, 42, 96, 166, 82, 107, 39, 157, 166, 222, 48, 25, 204, 44, 231, 116, 53, 74], [233, 3, 120, 62, 23, 176, 179, 55, 233, 124, 35, 93, 161, 221, 221, 41, 173, 176, 178, 154, 164, 86, 228, 232, 236, 176, 20, 17, 145, 69, 17, 36], [244, 18, 67, 75, 209, 8, 178, 252, 26, 97, 103, 196, 11, 150, 138, 11, 208, 115, 200, 4, 24, 170, 44, 27, 31, 79, 69, 45, 62, 154, 188, 229], [66, 201, 248, 97, 155, 182, 202, 147, 162, 248, 127, 135, 5, 216, 202, 159, 78, 10, 119, 138, 71, 160, 70, 134, 44, 116, 35, 10, 196, 216, 215, 73], [77, 25, 1, 163, 92, 39, 19, 118, 132, 203, 116, 89, 46, 83, 26, 139, 125, 135, 45, 85, 81, 107, 232, 11, 28, 150, 236, 43, 68, 194, 149, 31], [83, 192, 138, 145, 191, 179, 110, 76, 113, 11, 120, 185, 85, 85, 203, 157, 206, 66, 182, 233, 242, 126, 75, 70, 74, 142, 160, 38, 158, 202, 118, 12], [172, 98, 217, 213, 58, 70, 70, 186, 99, 218, 70, 62, 66, 8, 219, 179, 23, 172, 40, 97, 31, 145, 129, 73, 154, 243, 119, 42, 38, 171, 76, 234], [51, 213, 28, 196, 192, 15, 230, 141, 228, 75, 224, 200, 215, 60, 12, 91, 184, 105, 113, 47, 176, 103, 31, 204, 222, 249, 113, 23, 36, 30, 89, 126], [171, 186, 105, 75, 241, 10, 68, 247, 64, 107, 170, 211, 254, 52, 10, 190, 218, 251, 141, 159, 234, 26, 96, 76, 113, 83, 172, 10, 132, 162, 16, 52], [125, 17, 78, 126, 240, 135, 72, 108, 148, 49, 236, 178, 84, 236, 16, 205, 137, 31, 16, 193, 158, 143, 29, 65, 216, 68, 192, 43, 135, 176, 188, 212], [145, 81, 29, 4, 186, 120, 63, 169, 88, 162, 119, 185, 181, 58, 144, 165, 187, 39, 98, 192, 138, 165, 83, 153, 182, 180, 34, 46, 114, 249, 212, 21], [116, 150, 241, 75, 215, 86, 122, 250, 201, 53, 244, 115, 53, 118, 229, 209, 123, 180, 155, 247, 248, 34, 201, 254, 159, 105, 170, 8, 241, 36, 240, 139], [103, 145, 185, 220, 238, 243, 228, 248, 247, 82, 246, 159, 249, 240, 230, 170, 56, 142, 224, 167, 51, 33, 68, 156, 117, 163, 131, 35, 88, 24, 179, 13], [36, 189, 5, 249, 112, 12, 254, 67, 150, 253, 75, 0, 59, 40, 125, 212, 131, 168, 255, 74, 93, 57, 197, 35, 47, 55, 15, 25, 157, 205, 220, 99], [161, 60, 0, 47, 229, 38, 176, 73, 191, 95, 221, 181, 152, 191, 230, 52, 172, 136, 208, 90, 98, 234, 191, 213, 246, 83, 122, 3, 196, 213, 159, 80], [47, 40, 153, 208, 48, 98, 54, 121, 157, 12, 116, 40, 240, 20, 107, 215, 236, 128, 111, 60, 96, 164, 211, 209, 197, 139, 117, 19, 57, 72, 130, 146], [9, 149, 122, 247, 161, 16, 26, 2, 174, 122, 153, 81, 220, 98, 62, 193, 112, 41, 14, 240, 63, 153, 246, 204, 76, 47, 238, 3, 194, 233, 43, 97], [79, 101, 23, 134, 59, 132, 17, 11, 226, 80, 210, 212, 157, 83, 199, 37, 76, 73, 110, 202, 88, 222, 45, 151, 241, 2, 66, 44, 149, 54, 195, 179], [189, 208, 105, 36, 11, 198, 190, 17, 130, 238, 159, 120, 241, 191, 208, 90, 178, 131, 69, 83, 218, 168, 114, 221, 66, 243, 214, 6, 47, 222, 40, 145], [74, 250, 240, 180, 23, 36, 120, 99, 159, 101, 66, 108, 79, 26, 34, 205, 178, 195, 156, 239, 85, 36, 109, 202, 68, 43, 106, 33, 206, 98, 207, 1], [232, 233, 83, 166, 82, 179, 38, 201, 90, 113, 222, 228, 254, 104, 101, 165, 75, 13, 247, 104, 239, 113, 132, 168, 9, 152, 202, 46, 144, 215, 98, 16], [37, 78, 46, 52, 247, 206, 211, 147, 42, 80, 179, 28, 120, 163, 181, 77, 40, 244, 67, 250, 168, 3, 254, 162, 50, 121, 80, 23, 45, 241, 79, 114], [184, 72, 79, 104, 127, 123, 69, 177, 67, 62, 116, 147, 145, 234, 215, 254, 89, 250, 155, 54, 226, 44, 20, 247, 87, 213, 129, 44, 170, 33, 7, 6], [176, 31, 170, 111, 33, 5, 116, 230, 236, 88, 22, 86, 162, 145, 64, 223, 205, 60, 202, 142, 139, 136, 107, 105, 100, 65, 44, 10, 185, 17, 0, 176], [25, 246, 70, 237, 131, 127, 46, 112, 156, 196, 207, 32, 110, 167, 249, 34, 93, 254, 71, 51, 57, 62, 3, 251, 123, 92, 133, 43, 196, 167, 181, 137], [18, 164, 128, 216, 6, 95, 0, 158, 245, 75, 199, 180, 243, 213, 16, 22, 155, 15, 147, 57, 152, 86, 117, 119, 198, 177, 178, 17, 242, 43, 59, 71], [255, 49, 169, 222, 199, 36, 136, 163, 24, 105, 147, 207, 7, 117, 202, 58, 8, 40, 225, 2, 220, 143, 254, 123, 138, 139, 8, 46, 154, 131, 222, 119], [196, 242, 189, 86, 76, 181, 70, 43, 93, 239, 64, 198, 225, 64, 138, 95, 243, 112, 148, 223, 57, 242, 215, 235, 9, 109, 130, 18, 214, 99, 118, 26], [104, 36, 45, 250, 159, 248, 28, 177, 99, 193, 208, 38, 77, 190, 90, 244, 150, 217, 255, 243, 22, 177, 81, 245, 81, 254, 227, 44, 223, 78, 119, 234], [52, 204, 162, 63, 145, 122, 24, 140, 24, 237, 185, 79, 24, 248, 121, 191, 152, 136, 178, 6, 183, 155, 252, 12, 193, 30, 17, 1, 56, 211, 189, 122], [3, 172, 23, 109, 118, 201, 179, 143, 125, 167, 205, 28, 205, 14, 27, 29, 125, 37, 140, 0, 136, 250, 156, 47, 150, 80, 64, 16, 26, 180, 191, 98], [198, 48, 141, 248, 34, 78, 200, 7, 232, 102, 126, 162, 71, 152, 107, 87, 246, 204, 132, 189, 175, 159, 56, 170, 79, 69, 53, 21, 14, 82, 187, 35], [90, 124, 93, 36, 35, 49, 229, 62, 225, 197, 1, 30, 46, 115, 171, 208, 94, 91, 61, 79, 8, 138, 67, 181, 5, 1, 63, 5, 63, 102, 238, 57], [248, 50, 233, 15, 179, 81, 97, 8, 225, 69, 148, 136, 117, 139, 111, 232, 76, 150, 255, 122, 30, 111, 46, 149, 139, 143, 44, 2, 182, 161, 222, 40], [198, 156, 215, 245, 7, 245, 84, 188, 249, 209, 166, 114, 239, 240, 33, 99, 33, 96, 6, 153, 142, 185, 160, 75, 237, 61, 164, 18, 102, 19, 154, 130], [221, 244, 97, 3, 103, 43, 241, 124, 168, 183, 194, 12, 122, 220, 41, 194, 178, 215, 222, 154, 251, 235, 92, 9, 184, 219, 227, 15, 234, 43, 37, 20], [179, 66, 164, 159, 240, 71, 254, 155, 72, 55, 43, 241, 22, 216, 197, 143, 176, 106, 126, 165, 51, 162, 208, 174, 133, 164, 239, 12, 134, 150, 139, 213], [199, 210, 2, 102, 157, 120, 177, 103, 238, 30, 32, 242, 235, 245, 56, 132, 87, 9, 159, 155, 158, 108, 61, 9, 31, 159, 251, 30, 83, 7, 28, 208], [239, 148, 155, 75, 218, 40, 20, 156, 119, 207, 30, 167, 252, 31, 92, 228, 49, 18, 105, 248, 65, 59, 146, 122, 147, 237, 179, 18, 222, 241, 43, 140], [181, 160, 200, 90, 55, 253, 26, 253, 31, 213, 54, 40, 125, 155, 127, 228, 103, 108, 30, 232, 117, 78, 37, 245, 217, 170, 79, 44, 57, 198, 233, 110], [73, 103, 135, 127, 183, 110, 180, 217, 3, 147, 14, 166, 131, 130, 29, 238, 21, 87, 184, 141, 130, 180, 67, 246, 77, 99, 173, 15, 26, 56, 18, 35], [228, 76, 65, 115, 149, 108, 232, 187, 38, 163, 99, 178, 58, 187, 8, 53, 160, 48, 37, 68, 83, 4, 41, 2, 78, 16, 211, 31, 24, 35, 109, 78], [44, 30, 102, 33, 189, 106, 200, 61, 146, 19, 160, 68, 194, 244, 248, 40, 66, 232, 7, 104, 85, 197, 43, 157, 218, 217, 229, 33, 54, 210, 216, 30], [46, 57, 240, 155, 191, 124, 111, 2, 144, 156, 172, 162, 143, 179, 84, 51, 81, 211, 104, 169, 137, 19, 162, 212, 116, 221, 184, 29, 70, 119, 87, 198], [86, 37, 178, 108, 7, 99, 108, 75, 43, 133, 158, 138, 209, 254, 105, 49, 76, 64, 231, 112, 162, 219, 151, 237, 115, 42, 97, 11, 151, 97, 117, 44], [159, 55, 63, 234, 122, 251, 208, 191, 41, 158, 183, 187, 108, 179, 29, 238, 209, 145, 225, 3, 245, 134, 76, 80, 102, 105, 162, 17, 153, 27, 83, 144], [95, 166, 77, 41, 190, 44, 247, 206, 13, 192, 137, 0, 220, 171, 83, 47, 217, 206, 145, 252, 95, 172, 198, 96, 177, 121, 165, 45, 203, 112, 198, 65], [156, 184, 81, 73, 6, 14, 154, 74, 136, 38, 69, 205, 158, 6, 43, 75, 255, 36, 15, 47, 178, 117, 210, 143, 217, 178, 158, 8, 141, 102, 99, 187], [217, 120, 184, 87, 237, 255, 72, 204, 119, 123, 200, 125, 128, 188, 109, 155, 41, 231, 91, 21, 92, 251, 137, 128, 233, 141, 57, 34, 1, 70, 28, 95], [74, 16, 98, 241, 46, 33, 204, 152, 80, 25, 17, 188, 244, 119, 154, 22, 190, 204, 95, 20, 174, 18, 53, 147, 209, 168, 50, 44, 47, 113, 250, 100], [63, 143, 133, 245, 176, 57, 249, 131, 66, 110, 19, 7, 30, 111, 41, 74, 95, 138, 71, 248, 169, 92, 78, 230, 6, 201, 71, 4, 225, 180, 37, 178], [29, 1, 84, 46, 52, 58, 103, 216, 246, 100, 130, 121, 14, 10, 224, 164, 226, 144, 69, 27, 97, 210, 64, 72, 20, 187, 137, 21, 237, 89, 1, 123], [124, 170, 117, 86, 40, 78, 157, 29, 254, 53, 212, 221, 126, 183, 92, 52, 199, 14, 161, 105, 204, 100, 111, 167, 232, 172, 40, 29, 206, 69, 89, 155], [99, 101, 20, 124, 30, 123, 185, 143, 74, 143, 70, 145, 103, 235, 127, 63, 17, 201, 54, 74, 175, 185, 131, 190, 119, 185, 98, 31, 181, 242, 120, 141], [131, 5, 39, 249, 118, 231, 2, 176, 25, 204, 26, 170, 178, 162, 80, 227, 234, 205, 116, 135, 241, 129, 76, 206, 204, 240, 92, 47, 89, 250, 6, 118], [190, 121, 48, 124, 80, 174, 86, 109, 6, 171, 22, 172, 95, 194, 234, 40, 129, 170, 16, 33, 184, 120, 76, 238, 179, 1, 225, 15, 142, 93, 238, 222], [170, 57, 191, 173, 165, 105, 249, 5, 114, 184, 1, 165, 1, 195, 35, 224, 103, 104, 183, 86, 223, 48, 129, 172, 62, 48, 55, 20, 225, 98, 94, 38], [241, 90, 135, 195, 193, 86, 241, 147, 227, 38, 39, 244, 203, 84, 110, 243, 0, 45, 230, 184, 254, 58, 116, 132, 228, 38, 30, 19, 73, 222, 159, 186], [84, 236, 172, 12, 215, 223, 196, 169, 183, 217, 214, 147, 140, 36, 243, 184, 100, 54, 248, 101, 236, 123, 28, 113, 206, 165, 246, 8, 188, 169, 6, 38], [0, 122, 13, 54, 157, 70, 57, 214, 104, 70, 164, 116, 78, 150, 55, 187, 153, 38, 4, 154, 35, 253, 45, 114, 43, 36, 219, 46, 111, 249, 37, 113], [224, 184, 102, 81, 204, 108, 211, 25, 218, 193, 133, 77, 45, 83, 57, 72, 146, 151, 68, 221, 47, 96, 87, 49, 79, 12, 19, 33, 46, 182, 97, 106], [154, 227, 178, 120, 137, 56, 173, 37, 105, 125, 128, 10, 165, 66, 88, 31, 216, 13, 86, 24, 21, 121, 57, 68, 66, 27, 226, 46, 96, 243, 206, 80], [62, 242, 86, 247, 167, 115, 82, 239, 240, 203, 59, 110, 190, 61, 111, 56, 68, 140, 251, 205, 190, 78, 212, 193, 102, 194, 223, 49, 255, 73, 123, 248], [191, 241, 55, 249, 239, 180, 125, 240, 9, 3, 0, 79, 50, 219, 205, 181, 180, 187, 96, 137, 115, 95, 2, 232, 7, 32, 104, 16, 46, 224, 191, 140], [71, 89, 57, 154, 141, 139, 178, 196, 143, 116, 2, 38, 77, 240, 103, 219, 112, 57, 3, 189, 67, 11, 186, 9, 92, 153, 195, 23, 97, 28, 191, 89], [181, 149, 122, 208, 6, 108, 72, 56, 224, 184, 28, 147, 144, 225, 9, 134, 104, 99, 135, 69, 244, 41, 15, 129, 151, 195, 13, 2, 157, 119, 79, 223], [90, 164, 79, 25, 235, 244, 169, 109, 178, 54, 82, 110, 158, 28, 66, 104, 23, 91, 151, 139, 117, 217, 160, 242, 148, 142, 118, 19, 0, 236, 208, 90], [236, 85, 173, 139, 28, 7, 46, 4, 184, 143, 1, 236, 145, 184, 211, 157, 247, 96, 110, 1, 242, 36, 122, 67, 192, 69, 229, 27, 217, 104, 151, 163], [252, 194, 209, 254, 217, 1, 210, 112, 214, 39, 32, 223, 247, 189, 34, 20, 218, 9, 145, 84, 250, 236, 4, 70, 159, 120, 251, 38, 253, 84, 13, 164], [129, 29, 101, 4, 95, 241, 253, 84, 81, 87, 80, 110, 203, 95, 22, 142, 7, 145, 108, 200, 133, 98, 71, 87, 196, 45, 109, 21, 67, 40, 51, 227], [250, 239, 123, 112, 219, 200, 28, 168, 110, 130, 91, 224, 59, 34, 193, 155, 67, 34, 190, 78, 153, 170, 94, 167, 171, 137, 30, 5, 251, 171, 0, 215], [138, 211, 155, 115, 41, 121, 221, 45, 61, 99, 168, 90, 54, 220, 85, 101, 144, 0, 85, 67, 183, 173, 31, 160, 253, 176, 146, 39, 40, 230, 194, 141], [136, 179, 48, 212, 206, 98, 64, 10, 78, 63, 182, 191, 58, 151, 217, 79, 59, 130, 130, 198, 69, 21, 36, 192, 225, 103, 116, 36, 14, 151, 24, 51], [181, 9, 211, 39, 130, 227, 56, 159, 202, 157, 28, 248, 31, 27, 58, 240, 52, 70, 22, 109, 136, 31, 151, 206, 160, 95, 59, 47, 139, 138, 61, 49], [76, 192, 44, 19, 246, 59, 253, 29, 110, 211, 193, 206, 94, 128, 124, 164, 199, 186, 164, 156, 236, 5, 139, 51, 49, 253, 101, 38, 200, 12, 112, 110], [57, 120, 103, 31, 181, 76, 67, 105, 59, 249, 2, 251, 215, 99, 74, 0, 208, 70, 12, 110, 220, 14, 23, 226, 141, 93, 119, 31, 187, 21, 81, 110], [91, 101, 0, 230, 131, 47, 92, 80, 34, 37, 172, 196, 73, 234, 147, 7, 37, 95, 77, 33, 88, 72, 99, 161, 231, 55, 110, 21, 75, 34, 149, 55], [156, 88, 200, 158, 11, 119, 156, 156, 203, 235, 172, 69, 52, 86, 207, 150, 34, 13, 169, 76, 168, 92, 58, 186, 31, 161, 216, 27, 162, 155, 183, 193], [179, 3, 123, 173, 217, 197, 142, 96, 235, 235, 102, 202, 213, 99, 61, 233, 8, 28, 15, 43, 151, 246, 102, 31, 102, 240, 69, 21, 192, 17, 165, 193], [128, 170, 245, 123, 199, 254, 247, 214, 165, 141, 105, 142, 228, 17, 202, 100, 130, 32, 103, 186, 176, 245, 87, 129, 166, 173, 250, 11, 61, 18, 72, 214], [164, 182, 64, 147, 224, 175, 56, 8, 31, 214, 130, 38, 155, 11, 190, 30, 153, 42, 97, 124, 53, 57, 59, 221, 46, 5, 51, 10, 25, 91, 226, 57], [189, 22, 204, 152, 35, 13, 164, 159, 246, 250, 135, 67, 208, 140, 85, 39, 123, 20, 193, 76, 79, 83, 70, 5, 173, 216, 165, 20, 11, 201, 33, 52], [81, 252, 74, 13, 171, 211, 236, 226, 209, 94, 207, 105, 34, 4, 230, 47, 182, 193, 128, 24, 144, 14, 45, 64, 169, 178, 151, 16, 249, 140, 10, 129], [230, 74, 204, 198, 138, 6, 86, 10, 196, 49, 59, 217, 250, 194, 11, 185, 122, 194, 56, 179, 11, 98, 184, 62, 162, 159, 141, 23, 222, 142, 30, 41], [234, 248, 34, 136, 211, 75, 30, 230, 197, 117, 177, 78, 142, 127, 40, 30, 78, 84, 55, 69, 56, 194, 217, 101, 126, 49, 68, 0, 133, 171, 71, 70], [15, 230, 138, 103, 139, 65, 138, 151, 30, 157, 55, 65, 193, 51, 247, 198, 246, 158, 230, 154, 112, 110, 5, 118, 114, 183, 32, 30, 104, 54, 202, 230], [61, 109, 19, 248, 77, 175, 193, 23, 238, 201, 68, 251, 234, 217, 22, 101, 214, 205, 67, 201, 148, 243, 51, 192, 53, 12, 224, 50, 17, 89, 4, 161], [198, 159, 61, 41, 23, 243, 223, 37, 91, 222, 110, 222, 216, 160, 188, 101, 234, 82, 184, 186, 242, 254, 89, 165, 107, 49, 80, 12, 45, 76, 193, 242], [90, 94, 132, 109, 58, 216, 12, 22, 142, 46, 158, 207, 58, 221, 87, 246, 128, 234, 65, 96, 103, 70, 233, 34, 237, 163, 127, 21, 200, 102, 135, 58], [115, 137, 125, 254, 219, 143, 222, 187, 245, 129, 50, 67, 113, 158, 72, 30, 221, 100, 104, 244, 183, 152, 15, 214, 49, 246, 152, 23, 170, 234, 74, 85], [121, 83, 245, 84, 115, 134, 175, 110, 135, 104, 176, 94, 106, 145, 161, 60, 39, 45, 91, 145, 253, 1, 166, 9, 231, 132, 255, 49, 6, 126, 45, 163], [40, 236, 103, 69, 131, 44, 139, 135, 4, 57, 99, 113, 202, 41, 63, 30, 14, 68, 69, 237, 41, 229, 183, 168, 226, 165, 29, 35, 79, 72, 220, 77], [203, 247, 125, 160, 107, 6, 102, 140, 45, 205, 203, 102, 167, 120, 47, 215, 74, 201, 19, 191, 27, 244, 105, 20, 0, 171, 33, 18, 101, 184, 217, 40], [156, 184, 77, 243, 179, 181, 223, 210, 79, 195, 70, 84, 174, 126, 81, 97, 3, 199, 164, 147, 8, 72, 252, 170, 128, 173, 24, 35, 131, 165, 131, 111], [25, 193, 14, 211, 178, 41, 200, 163, 40, 136, 29, 41, 225, 238, 129, 35, 254, 5, 73, 211, 66, 14, 104, 39, 47, 153, 177, 1, 247, 87, 9, 69], [21, 15, 242, 219, 226, 10, 170, 101, 17, 255, 23, 98, 156, 65, 209, 0, 28, 67, 105, 55, 37, 142, 242, 102, 27, 204, 147, 9, 245, 132, 219, 245], [16, 28, 105, 107, 67, 251, 191, 148, 201, 13, 127, 105, 87, 108, 90, 181, 90, 108, 91, 34, 150, 232, 240, 75, 194, 176, 135, 9, 39, 159, 250, 113], [105, 163, 220, 235, 115, 220, 38, 85, 240, 56, 219, 162, 251, 33, 197, 15, 92, 233, 217, 131, 191, 249, 103, 34, 212, 195, 225, 27, 143, 87, 157, 197], [236, 128, 63, 249, 137, 8, 46, 125, 140, 25, 53, 152, 240, 254, 217, 136, 235, 206, 221, 78, 162, 43, 90, 201, 99, 147, 197, 25, 108, 225, 178, 242], [76, 210, 234, 48, 0, 93, 164, 183, 242, 251, 142, 171, 21, 30, 107, 70, 165, 9, 224, 99, 0, 66, 253, 200, 173, 170, 195, 11, 86, 170, 96, 84], [222, 243, 36, 90, 153, 137, 255, 192, 201, 247, 101, 133, 113, 192, 238, 231, 152, 129, 240, 51, 50, 15, 12, 230, 220, 86, 13, 22, 70, 36, 184, 17], [147, 39, 36, 193, 73, 19, 200, 128, 43, 217, 179, 140, 33, 201, 74, 203, 200, 224, 107, 62, 186, 249, 153, 23, 7, 234, 76, 15, 121, 110, 209, 185], [16, 180, 10, 223, 122, 27, 12, 187, 51, 46, 103, 121, 57, 69, 238, 207, 109, 87, 29, 242, 136, 51, 251, 74, 185, 160, 195, 45, 65, 27, 81, 223], [159, 35, 74, 33, 233, 55, 147, 192, 65, 243, 1, 87, 108, 248, 111, 203, 188, 171, 144, 240, 78, 237, 182, 163, 237, 8, 41, 46, 29, 99, 222, 97], [196, 8, 97, 253, 140, 167, 113, 215, 196, 63, 96, 63, 89, 188, 61, 221, 106, 77, 163, 245, 195, 143, 163, 26, 238, 215, 60, 26, 26, 76, 3, 73], [201, 10, 213, 219, 37, 184, 242, 13, 116, 225, 174, 43, 157, 197, 215, 203, 229, 14, 41, 90, 248, 106, 97, 116, 116, 128, 245, 3, 94, 147, 159, 151], [5, 3, 163, 173, 96, 121, 244, 240, 211, 98, 4, 42, 100, 214, 247, 9, 59, 240, 116, 104, 101, 72, 104, 196, 136, 234, 143, 13, 76, 150, 249, 129], [67, 183, 125, 68, 134, 241, 146, 21, 254, 91, 152, 217, 194, 65, 55, 12, 93, 116, 101, 67, 122, 155, 91, 9, 10, 56, 221, 44, 161, 131, 4, 194], [110, 145, 122, 178, 98, 32, 201, 141, 131, 212, 30, 70, 135, 165, 23, 105, 158, 225, 78, 25, 152, 200, 152, 109, 250, 59, 12, 14, 231, 236, 134, 90], [159, 240, 115, 209, 176, 9, 40, 165, 163, 55, 88, 125, 192, 131, 80, 240, 162, 98, 30, 66, 35, 143, 172, 170, 62, 77, 44, 15, 156, 166, 210, 46], [209, 51, 8, 183, 136, 197, 77, 139, 91, 72, 130, 72, 120, 103, 194, 77, 61, 255, 121, 30, 224, 150, 22, 112, 88, 213, 76, 39, 15, 48, 215, 79], [243, 206, 129, 4, 30, 168, 183, 31, 213, 4, 182, 248, 238, 224, 143, 100, 187, 97, 30, 67, 18, 78, 243, 208, 12, 58, 50, 25, 152, 159, 73, 73], [94, 162, 48, 97, 204, 128, 182, 179, 245, 8, 97, 233, 45, 135, 155, 0, 28, 131, 84, 60, 7, 48, 75, 251, 68, 224, 44, 14, 169, 178, 74, 92], [67, 115, 142, 43, 32, 199, 153, 10, 5, 82, 129, 168, 63, 219, 70, 226, 143, 145, 245, 120, 206, 203, 233, 21, 198, 43, 174, 15, 115, 238, 138, 93], [24, 17, 46, 232, 235, 244, 87, 189, 93, 102, 214, 49, 22, 79, 49, 126, 138, 152, 188, 16, 123, 205, 220, 17, 5, 103, 208, 30, 61, 168, 157, 15], [150, 163, 140, 29, 78, 17, 111, 10, 39, 94, 91, 1, 143, 94, 41, 81, 30, 102, 173, 69, 8, 108, 212, 106, 150, 114, 2, 41, 25, 41, 23, 54], [128, 228, 58, 100, 11, 109, 54, 136, 195, 255, 247, 90, 139, 113, 144, 150, 1, 215, 90, 219, 68, 80, 170, 181, 10, 175, 150, 43, 88, 202, 5, 84], [32, 160, 152, 247, 93, 104, 1, 12, 104, 15, 225, 119, 138, 251, 68, 107, 151, 29, 208, 199, 59, 77, 87, 44, 97, 21, 114, 40, 143, 220, 130, 136], [38, 31, 204, 132, 126, 17, 108, 94, 21, 110, 94, 217, 248, 13, 165, 171, 27, 27, 194, 147, 108, 152, 92, 196, 109, 88, 96, 31, 194, 153, 187, 201], [131, 149, 162, 171, 118, 152, 30, 0, 160, 144, 242, 164, 135, 91, 187, 112, 193, 127, 140, 45, 81, 6, 44, 61, 148, 141, 218, 5, 108, 106, 211, 107], [182, 113, 150, 35, 155, 154, 253, 135, 251, 182, 161, 65, 196, 77, 63, 141, 183, 46, 75, 234, 8, 99, 73, 213, 133, 48, 165, 27, 59, 26, 244, 54], [195, 191, 175, 137, 175, 186, 41, 19, 223, 134, 108, 231, 111, 18, 175, 94, 51, 205, 235, 24, 203, 68, 56, 31, 108, 252, 93, 10, 237, 40, 249, 233], [134, 173, 73, 3, 179, 154, 121, 8, 129, 198, 21, 53, 9, 29, 195, 163, 65, 128, 171, 121, 67, 102, 0, 174, 135, 248, 250, 24, 128, 44, 204, 63], [155, 67, 208, 198, 37, 247, 75, 191, 158, 58, 175, 182, 52, 187, 61, 60, 4, 133, 214, 142, 124, 51, 201, 20, 147, 239, 137, 46, 188, 136, 187, 3], [55, 185, 226, 231, 70, 237, 99, 238, 32, 9, 25, 220, 10, 91, 55, 224, 9, 40, 173, 156, 112, 243, 239, 96, 239, 101, 46, 3, 199, 147, 177, 232], [215, 2, 6, 179, 225, 23, 58, 214, 126, 47, 190, 108, 109, 147, 247, 121, 140, 14, 134, 190, 37, 153, 109, 207, 14, 133, 212, 28, 10, 114, 56, 80], [225, 218, 214, 192, 123, 111, 240, 12, 12, 105, 95, 14, 128, 173, 124, 50, 245, 2, 194, 14, 45, 153, 189, 88, 225, 228, 43, 46, 52, 33, 90, 189], [162, 2, 95, 222, 49, 49, 31, 106, 166, 103, 232, 208, 104, 133, 166, 179, 217, 189, 243, 124, 227, 15, 196, 140, 243, 8, 113, 27, 95, 196, 21, 176], [70, 225, 148, 215, 29, 77, 154, 215, 2, 197, 93, 128, 55, 128, 170, 45, 191, 121, 39, 80, 249, 212, 187, 83, 30, 66, 15, 31, 5, 237, 60, 186], [57, 102, 58, 131, 69, 86, 213, 170, 52, 33, 88, 147, 224, 191, 138, 70, 32, 249, 17, 37, 97, 133, 19, 76, 13, 181, 247, 32, 9, 179, 0, 88], [129, 109, 228, 68, 58, 131, 174, 106, 202, 17, 135, 246, 108, 3, 221, 35, 189, 136, 196, 68, 254, 60, 41, 52, 164, 184, 89, 38, 214, 57, 36, 9], [30, 85, 234, 96, 2, 12, 173, 150, 221, 48, 201, 115, 193, 121, 137, 147, 165, 237, 130, 5, 9, 178, 227, 219, 181, 192, 227, 34, 134, 77, 249, 25], [205, 206, 146, 245, 103, 98, 48, 154, 151, 248, 146, 1, 253, 105, 83, 25, 163, 120, 71, 173, 219, 112, 50, 212, 170, 224, 22, 35, 167, 183, 26, 154], [42, 161, 51, 113, 116, 78, 7, 246, 30, 19, 107, 212, 205, 3, 24, 175, 47, 240, 158, 161, 124, 145, 165, 160, 222, 153, 78, 6, 157, 78, 123, 24], [15, 148, 157, 253, 29, 23, 159, 237, 90, 18, 85, 206, 167, 214, 84, 122, 75, 114, 175, 70, 219, 228, 73, 209, 89, 241, 36, 19, 187, 239, 227, 6], [209, 245, 148, 167, 194, 199, 241, 9, 95, 82, 24, 207, 78, 83, 75, 243, 92, 3, 54, 35, 96, 231, 143, 225, 99, 18, 114, 10, 93, 112, 221, 1], [144, 223, 99, 207, 162, 85, 150, 190, 222, 124, 99, 46, 3, 244, 91, 9, 88, 46, 109, 88, 19, 150, 188, 182, 151, 172, 52, 17, 20, 160, 186, 34], [95, 223, 172, 9, 30, 84, 135, 122, 63, 228, 141, 101, 36, 112, 12, 60, 229, 85, 105, 194, 39, 249, 125, 172, 18, 51, 3, 31, 204, 42, 122, 40], [132, 219, 19, 28, 150, 39, 38, 188, 88, 63, 61, 180, 83, 195, 216, 143, 128, 78, 175, 235, 74, 36, 117, 112, 52, 85, 231, 22, 136, 238, 61, 100], [1, 148, 204, 25, 119, 143, 232, 78, 179, 230, 126, 18, 139, 238, 66, 16, 231, 204, 247, 106, 75, 208, 15, 26, 171, 78, 224, 16, 63, 132, 182, 0], [20, 81, 210, 66, 131, 151, 92, 64, 246, 44, 164, 12, 11, 13, 28, 98, 185, 172, 143, 103, 78, 37, 236, 185, 227, 130, 28, 29, 56, 100, 207, 3], [124, 155, 124, 141, 131, 71, 200, 106, 13, 210, 152, 104, 112, 67, 38, 156, 174, 44, 6, 14, 177, 139, 45, 222, 69, 18, 56, 21, 23, 110, 108, 91], [53, 168, 254, 254, 121, 219, 201, 232, 253, 149, 123, 18, 206, 241, 175, 95, 247, 76, 227, 10, 167, 6, 37, 106, 220, 128, 106, 32, 130, 233, 142, 168], [238, 7, 21, 215, 38, 162, 109, 247, 114, 45, 191, 97, 38, 244, 134, 236, 127, 122, 93, 2, 17, 225, 204, 22, 225, 138, 122, 8, 104, 87, 122, 93], [191, 161, 191, 247, 157, 180, 12, 174, 130, 73, 228, 36, 187, 47, 19, 160, 236, 76, 232, 212, 78, 23, 84, 183, 188, 105, 163, 24, 174, 203, 238, 182], [106, 111, 72, 255, 97, 20, 197, 131, 40, 226, 132, 216, 125, 143, 84, 219, 180, 57, 192, 41, 106, 6, 171, 56, 76, 118, 164, 31, 205, 10, 239, 192], [60, 43, 98, 138, 79, 53, 154, 220, 217, 79, 133, 54, 230, 184, 98, 155, 89, 190, 112, 184, 116, 217, 8, 90, 248, 198, 107, 26, 152, 162, 228, 195], [10, 174, 72, 170, 186, 224, 236, 53, 27, 149, 183, 3, 91, 120, 27, 233, 14, 21, 80, 59, 239, 243, 107, 4, 35, 21, 6, 52, 21, 54, 117, 170], [245, 37, 36, 192, 153, 160, 106, 226, 88, 165, 16, 255, 241, 144, 97, 131, 6, 36, 243, 119, 130, 65, 84, 182, 173, 171, 215, 19, 245, 137, 114, 236], [38, 68, 162, 111, 29, 90, 107, 192, 3, 92, 52, 159, 207, 232, 156, 232, 123, 15, 119, 253, 53, 222, 160, 102, 139, 3, 106, 11, 159, 54, 222, 106], [74, 90, 118, 149, 132, 190, 147, 139, 52, 5, 103, 250, 44, 145, 180, 190, 239, 70, 0, 52, 133, 176, 242, 105, 132, 62, 19, 24, 167, 177, 106, 226], [170, 208, 106, 103, 122, 193, 144, 78, 57, 90, 247, 121, 130, 219, 43, 244, 182, 90, 122, 17, 222, 0, 150, 236, 103, 150, 107, 45, 154, 236, 102, 243], [33, 94, 176, 142, 198, 78, 180, 254, 248, 87, 97, 198, 111, 238, 156, 32, 190, 136, 141, 223, 173, 195, 88, 32, 60, 233, 252, 31, 191, 16, 198, 248], [205, 51, 136, 64, 165, 37, 58, 149, 60, 168, 165, 47, 38, 79, 127, 94, 132, 86, 249, 85, 219, 228, 160, 168, 13, 146, 132, 25, 217, 69, 193, 167], [187, 74, 168, 80, 141, 106, 201, 255, 172, 123, 199, 238, 155, 218, 221, 101, 47, 166, 69, 112, 51, 191, 161, 198, 125, 31, 108, 22, 214, 82, 47, 166], [41, 232, 187, 119, 244, 49, 47, 216, 118, 30, 22, 212, 64, 78, 20, 39, 124, 170, 142, 200, 50, 15, 224, 48, 9, 161, 24, 39, 16, 2, 32, 101], [133, 116, 25, 183, 48, 134, 64, 245, 119, 201, 248, 155, 115, 173, 247, 253, 89, 15, 198, 110, 37, 233, 119, 196, 80, 43, 139, 9, 1, 161, 206, 27], [101, 226, 246, 225, 230, 255, 145, 36, 5, 55, 209, 61, 36, 136, 154, 79, 145, 150, 219, 8, 104, 121, 143, 16, 42, 182, 2, 44, 84, 166, 223, 211], [221, 98, 195, 194, 177, 178, 228, 112, 51, 51, 222, 135, 25, 249, 238, 190, 88, 111, 115, 161, 122, 13, 245, 44, 68, 188, 192, 45, 142, 165, 75, 134], [37, 246, 95, 108, 204, 185, 129, 92, 187, 135, 125, 114, 247, 94, 160, 109, 104, 110, 207, 132, 59, 168, 111, 143, 249, 83, 196, 23, 247, 14, 15, 27], [83, 132, 242, 236, 122, 244, 212, 90, 204, 159, 55, 192, 90, 57, 201, 34, 26, 181, 90, 8, 12, 32, 118, 89, 117, 146, 65, 7, 10, 196, 222, 84], [250, 193, 94, 76, 51, 233, 161, 233, 52, 228, 150, 197, 253, 165, 109, 2, 89, 94, 93, 234, 70, 182, 231, 54, 164, 75, 86, 32, 48, 153, 80, 228], [197, 70, 208, 119, 77, 79, 4, 148, 156, 123, 255, 165, 212, 110, 49, 213, 85, 240, 237, 183, 228, 233, 89, 68, 249, 214, 30, 7, 204, 47, 8, 180], [182, 133, 192, 142, 88, 115, 74, 47, 241, 229, 174, 4, 69, 242, 64, 40, 228, 16, 28, 26, 59, 20, 74, 45, 16, 106, 27, 32, 212, 91, 49, 248], [34, 135, 89, 211, 195, 177, 202, 143, 186, 53, 54, 113, 86, 216, 155, 192, 223, 164, 160, 202, 2, 2, 82, 33, 235, 48, 24, 6, 130, 35, 170, 49], [166, 78, 89, 172, 138, 143, 94, 18, 118, 171, 97, 18, 196, 123, 72, 48, 67, 188, 183, 76, 2, 90, 55, 11, 35, 75, 70, 22, 71, 251, 42, 90], [227, 239, 83, 57, 79, 206, 123, 27, 32, 202, 35, 107, 173, 175, 154, 204, 244, 169, 207, 254, 7, 67, 213, 22, 205, 227, 204, 22, 81, 233, 118, 230], [130, 146, 70, 101, 219, 207, 86, 131, 192, 115, 96, 6, 220, 187, 173, 197, 143, 166, 72, 139, 216, 225, 9, 70, 55, 14, 212, 29, 95, 226, 75, 210], [190, 204, 179, 215, 40, 83, 185, 242, 162, 180, 101, 42, 74, 188, 147, 197, 206, 205, 130, 65, 95, 109, 219, 5, 123, 107, 35, 18, 245, 59, 144, 114], [233, 167, 129, 180, 109, 128, 254, 186, 72, 113, 22, 218, 235, 120, 252, 199, 138, 181, 178, 45, 16, 187, 177, 40, 125, 183, 22, 22, 36, 196, 175, 64], [57, 190, 90, 202, 180, 157, 245, 52, 135, 201, 227, 13, 167, 3, 1, 17, 16, 35, 173, 22, 250, 98, 59, 188, 126, 191, 16, 4, 218, 53, 222, 170], [128, 193, 21, 178, 48, 165, 158, 201, 107, 220, 244, 44, 243, 245, 97, 209, 188, 169, 11, 208, 67, 49, 223, 208, 254, 150, 243, 40, 84, 226, 219, 21], [242, 0, 131, 240, 159, 99, 1, 2, 214, 17, 60, 235, 60, 31, 158, 138, 159, 111, 101, 122, 235, 84, 219, 108, 32, 66, 50, 38, 134, 69, 35, 81], [251, 19, 31, 141, 121, 50, 190, 199, 231, 233, 56, 5, 104, 162, 219, 187, 3, 18, 116, 57, 47, 28, 245, 144, 197, 22, 152, 5, 136, 152, 52, 48], [36, 172, 158, 141, 101, 144, 87, 230, 56, 104, 244, 242, 170, 107, 160, 166, 72, 63, 26, 99, 203, 81, 253, 223, 33, 170, 65, 32, 155, 104, 60, 36], [22, 43, 111, 255, 154, 10, 45, 152, 254, 22, 95, 110, 44, 174, 249, 153, 111, 11, 172, 6, 69, 88, 161, 114, 30, 179, 242, 46, 85, 144, 7, 42], [193, 218, 80, 169, 5, 42, 43, 178, 207, 72, 50, 153, 102, 110, 115, 244, 230, 112, 27, 205, 22, 113, 103, 83, 38, 10, 182, 24, 193, 144, 193, 137], [0, 21, 228, 78, 210, 107, 214, 71, 192, 127, 158, 9, 54, 195, 165, 122, 122, 197, 73, 56, 42, 252, 21, 142, 144, 173, 127, 45, 243, 184, 22, 255], [226, 4, 14, 27, 49, 59, 27, 234, 67, 228, 245, 85, 26, 143, 92, 145, 137, 229, 234, 17, 117, 111, 224, 92, 255, 229, 243, 17, 12, 255, 204, 160], [150, 30, 251, 188, 206, 70, 60, 2, 200, 238, 4, 132, 209, 170, 53, 246, 228, 32, 241, 202, 144, 87, 93, 173, 213, 120, 41, 39, 174, 91, 72, 215], [47, 166, 120, 18, 47, 184, 88, 120, 146, 179, 245, 27, 72, 221, 212, 6, 109, 8, 36, 8, 11, 141, 58, 119, 67, 59, 107, 30, 144, 239, 170, 213], [15, 4, 157, 28, 67, 169, 57, 200, 203, 92, 230, 77, 25, 136, 114, 67, 237, 252, 145, 108, 0, 47, 14, 210, 191, 179, 9, 43, 148, 11, 26, 230], [194, 225, 239, 19, 144, 81, 171, 57, 100, 59, 130, 87, 246, 42, 85, 139, 207, 213, 136, 88, 171, 168, 198, 63, 212, 221, 16, 16, 27, 128, 60, 6], [190, 107, 241, 149, 182, 94, 167, 75, 199, 60, 22, 175, 101, 255, 145, 252, 188, 39, 91, 11, 155, 181, 165, 239, 105, 72, 167, 8, 217, 112, 97, 94], [65, 248, 250, 147, 67, 168, 186, 204, 145, 76, 27, 62, 254, 32, 139, 229, 1, 179, 108, 144, 105, 89, 14, 137, 240, 148, 126, 38, 137, 235, 250, 157], [237, 89, 178, 94, 99, 3, 150, 160, 13, 231, 17, 46, 245, 97, 89, 131, 131, 49, 107, 132, 243, 190, 63, 133, 170, 245, 115, 0, 72, 218, 67, 230], [208, 60, 53, 0, 56, 89, 81, 11, 102, 8, 254, 98, 17, 109, 178, 254, 120, 166, 6, 135, 175, 33, 25, 163, 253, 232, 72, 25, 76, 113, 198, 217], [41, 72, 196, 106, 17, 197, 146, 176, 153, 98, 150, 14, 241, 87, 104, 88, 119, 191, 20, 241, 168, 85, 255, 167, 145, 42, 111, 14, 242, 222, 27, 34], [10, 202, 26, 27, 16, 175, 240, 204, 81, 20, 168, 234, 43, 183, 98, 94, 5, 61, 7, 122, 0, 235, 19, 250, 40, 239, 36, 45, 59, 82, 40, 21], [52, 48, 234, 116, 180, 202, 95, 78, 129, 125, 182, 107, 197, 118, 219, 246, 48, 254, 102, 203, 196, 219, 22, 30, 251, 144, 53, 14, 253, 107, 91, 72], [243, 80, 9, 197, 11, 250, 95, 219, 164, 216, 71, 30, 26, 163, 37, 252, 226, 97, 50, 78, 89, 18, 62, 162, 146, 169, 191, 41, 116, 106, 34, 78], [74, 159, 113, 79, 218, 79, 126, 82, 102, 149, 241, 227, 77, 107, 46, 73, 168, 9, 63, 10, 172, 151, 123, 192, 1, 102, 124, 15, 95, 84, 168, 221], [100, 15, 67, 17, 239, 98, 215, 160, 225, 155, 167, 220, 34, 121, 89, 33, 243, 96, 70, 198, 103, 159, 144, 133, 41, 95, 169, 4, 187, 115, 199, 157], [86, 239, 226, 47, 223, 211, 36, 206, 22, 207, 234, 251, 245, 130, 125, 140, 120, 137, 189, 81, 222, 139, 255, 18, 183, 16, 121, 39, 176, 207, 94, 5], [254, 56, 250, 102, 83, 77, 248, 252, 46, 143, 109, 107, 25, 224, 91, 31, 254, 83, 116, 173, 212, 51, 236, 156, 13, 227, 95, 35, 178, 245, 71, 127], [182, 210, 251, 172, 124, 23, 247, 160, 229, 159, 96, 114, 187, 161, 77, 76, 1, 4, 111, 18, 237, 51, 22, 148, 164, 116, 130, 14, 34, 218, 63, 225], [192, 120, 232, 222, 242, 166, 78, 255, 208, 95, 35, 129, 255, 126, 243, 85, 122, 121, 239, 45, 51, 153, 129, 206, 239, 234, 213, 2, 134, 2, 126, 254], [24, 228, 34, 133, 58, 146, 123, 190, 220, 134, 219, 10, 253, 204, 56, 62, 221, 33, 209, 215, 149, 167, 127, 103, 54, 28, 187, 4, 148, 135, 199, 89], [141, 21, 16, 182, 54, 40, 57, 159, 209, 78, 106, 230, 37, 226, 27, 144, 31, 12, 190, 118, 123, 62, 104, 2, 164, 126, 200, 13, 42, 160, 60, 39], [167, 94, 239, 224, 70, 110, 63, 150, 14, 56, 21, 114, 64, 27, 79, 38, 231, 141, 219, 101, 237, 59, 253, 64, 194, 255, 203, 38, 209, 16, 8, 223], [70, 145, 214, 4, 135, 44, 137, 108, 196, 140, 17, 88, 87, 68, 77, 26, 248, 22, 109, 48, 158, 109, 3, 18, 235, 169, 151, 19, 45, 93, 50, 171], [131, 63, 36, 160, 48, 150, 25, 4, 168, 249, 72, 183, 241, 212, 176, 126, 243, 107, 57, 85, 170, 19, 0, 146, 62, 58, 7, 23, 69, 26, 114, 213], [21, 27, 81, 143, 246, 232, 224, 114, 131, 140, 84, 87, 36, 101, 166, 171, 58, 77, 207, 192, 149, 105, 41, 136, 194, 154, 10, 35, 53, 40, 42, 129], [138, 116, 50, 43, 185, 167, 252, 74, 135, 170, 176, 10, 135, 181, 195, 157, 105, 250, 91, 245, 128, 203, 106, 79, 172, 136, 20, 35, 235, 123, 221, 89], [226, 151, 127, 161, 253, 227, 25, 100, 48, 228, 231, 208, 64, 36, 133, 42, 44, 227, 240, 50, 160, 8, 58, 39, 80, 85, 178, 3, 171, 159, 184, 32], [151, 99, 31, 255, 131, 50, 18, 140, 235, 200, 255, 192, 9, 155, 40, 240, 88, 220, 145, 113, 158, 63, 134, 121, 51, 60, 26, 33, 109, 151, 25, 89], [124, 6, 110, 132, 246, 146, 232, 94, 0, 112, 98, 152, 232, 195, 249, 153, 142, 79, 71, 168, 29, 142, 88, 182, 84, 11, 221, 41, 0, 59, 185, 64], [45, 223, 202, 84, 114, 65, 4, 203, 44, 91, 136, 250, 32, 207, 27, 184, 25, 214, 57, 44, 108, 147, 20, 11, 159, 157, 181, 24, 196, 4, 220, 26], [60, 254, 178, 121, 159, 194, 38, 121, 145, 195, 28, 47, 129, 143, 3, 163, 222, 173, 211, 74, 7, 244, 108, 87, 131, 179, 225, 29, 55, 132, 254, 114], [91, 34, 66, 34, 215, 172, 28, 167, 71, 24, 205, 159, 171, 53, 104, 254, 16, 160, 124, 2, 201, 189, 9, 70, 69, 70, 134, 15, 42, 154, 73, 136], [92, 171, 220, 93, 162, 5, 173, 173, 227, 201, 68, 239, 174, 10, 121, 72, 189, 163, 248, 234, 176, 245, 63, 230, 150, 53, 216, 24, 156, 38, 185, 123], [33, 186, 186, 185, 142, 217, 138, 4, 104, 123, 68, 23, 23, 45, 58, 224, 232, 54, 127, 107, 225, 26, 192, 126, 163, 249, 91, 21, 222, 110, 54, 151], [163, 92, 78, 177, 26, 95, 175, 212, 13, 79, 101, 84, 70, 211, 23, 250, 31, 135, 41, 34, 221, 163, 207, 179, 105, 196, 93, 19, 148, 221, 204, 113], [84, 207, 252, 208, 88, 155, 210, 178, 106, 94, 210, 131, 157, 40, 14, 29, 188, 238, 18, 115, 123, 53, 41, 195, 74, 55, 142, 14, 189, 11, 226, 43], [101, 43, 224, 54, 50, 13, 65, 201, 4, 104, 227, 54, 43, 160, 245, 228, 41, 148, 77, 159, 58, 230, 20, 252, 159, 158, 44, 24, 22, 34, 231, 39], [5, 98, 127, 249, 9, 93, 0, 104, 211, 56, 151, 5, 191, 59, 104, 143, 95, 223, 66, 136, 191, 55, 63, 199, 105, 167, 137, 33, 89, 6, 176, 244], [119, 224, 73, 68, 25, 190, 99, 212, 32, 26, 7, 191, 198, 177, 140, 12, 224, 147, 214, 12, 146, 190, 179, 230, 95, 156, 236, 10, 103, 140, 110, 241], [96, 12, 10, 35, 51, 249, 86, 60, 165, 171, 178, 62, 210, 153, 166, 216, 138, 103, 137, 136, 207, 180, 77, 13, 27, 140, 141, 39, 44, 235, 59, 88], [215, 19, 12, 176, 85, 132, 44, 125, 73, 93, 1, 23, 145, 110, 22, 83, 139, 4, 10, 200, 103, 53, 60, 122, 166, 220, 75, 41, 47, 104, 185, 141], [133, 95, 83, 219, 248, 195, 139, 93, 18, 78, 17, 207, 88, 17, 113, 25, 158, 229, 234, 233, 126, 166, 223, 37, 245, 216, 193, 48, 160, 24, 224, 137], [194, 205, 241, 245, 237, 131, 112, 57, 145, 25, 209, 70, 126, 208, 146, 39, 7, 187, 165, 25, 154, 70, 243, 77, 89, 121, 30, 32, 220, 48, 180, 71], [13, 255, 52, 172, 145, 44, 135, 199, 242, 168, 205, 65, 156, 122, 26, 224, 40, 98, 24, 71, 184, 214, 83, 162, 220, 165, 251, 38, 217, 136, 31, 218], [164, 104, 181, 175, 97, 179, 44, 52, 232, 82, 39, 96, 71, 206, 221, 172, 193, 7, 253, 163, 4, 171, 21, 128, 71, 10, 60, 24, 105, 175, 7, 164], [102, 25, 182, 98, 96, 99, 144, 8, 252, 233, 125, 141, 85, 165, 63, 18, 75, 43, 103, 88, 92, 75, 2, 50, 78, 204, 148, 20, 58, 64, 50, 100], [80, 114, 41, 245, 219, 54, 190, 136, 43, 88, 155, 92, 162, 90, 50, 45, 48, 5, 130, 147, 238, 244, 141, 8, 145, 91, 173, 36, 211, 195, 171, 219], [21, 58, 207, 93, 86, 24, 18, 53, 90, 100, 124, 85, 71, 32, 39, 119, 223, 240, 253, 79, 189, 242, 65, 152, 168, 19, 226, 29, 3, 202, 198, 82], [159, 100, 132, 209, 178, 94, 60, 87, 120, 131, 130, 93, 54, 91, 72, 141, 250, 134, 86, 224, 15, 106, 96, 117, 1, 38, 61, 14, 172, 135, 14, 133], [171, 196, 104, 74, 59, 101, 255, 242, 80, 21, 90, 33, 57, 103, 199, 204, 183, 191, 86, 67, 60, 19, 192, 201, 207, 212, 222, 23, 200, 171, 197, 82], [211, 84, 11, 170, 135, 166, 226, 122, 189, 62, 51, 66, 169, 236, 52, 88, 60, 175, 0, 244, 96, 97, 103, 203, 30, 70, 81, 26, 31, 158, 45, 217], [74, 19, 137, 247, 236, 111, 220, 11, 32, 161, 228, 192, 72, 40, 90, 137, 85, 197, 79, 29, 234, 16, 12, 194, 22, 167, 134, 41, 131, 196, 101, 225], [231, 234, 124, 3, 212, 130, 142, 254, 112, 47, 17, 181, 132, 161, 4, 177, 91, 251, 160, 50, 48, 43, 184, 177, 49, 15, 138, 33, 195, 147, 25, 114], [66, 239, 126, 15, 172, 145, 0, 213, 35, 148, 189, 112, 240, 19, 150, 66, 246, 131, 230, 179, 219, 28, 180, 48, 212, 161, 151, 10, 211, 111, 101, 246], [250, 39, 203, 55, 250, 157, 145, 87, 74, 225, 215, 243, 255, 103, 117, 178, 162, 85, 85, 226, 51, 82, 37, 14, 173, 41, 166, 27, 229, 67, 13, 104], [47, 152, 199, 74, 153, 126, 46, 249, 186, 228, 107, 35, 177, 44, 205, 19, 44, 79, 202, 67, 200, 114, 86, 91, 115, 125, 219, 28, 72, 73, 65, 213], [150, 175, 2, 9, 219, 168, 254, 186, 32, 183, 195, 217, 54, 246, 99, 30, 250, 10, 117, 31, 234, 46, 14, 239, 173, 171, 170, 32, 236, 13, 104, 126], [106, 214, 70, 133, 70, 14, 45, 135, 154, 9, 82, 30, 240, 251, 58, 41, 71, 211, 136, 114, 228, 17, 139, 212, 98, 1, 67, 38, 171, 152, 162, 78], [217, 255, 208, 225, 52, 167, 34, 57, 184, 193, 139, 144, 170, 248, 78, 96, 26, 197, 73, 180, 3, 37, 26, 125, 190, 31, 32, 5, 30, 136, 144, 169], [63, 88, 14, 10, 46, 140, 162, 8, 225, 87, 98, 178, 149, 49, 28, 140, 162, 0, 133, 210, 227, 81, 191, 188, 13, 190, 74, 42, 216, 180, 101, 209], [66, 5, 209, 188, 36, 174, 38, 17, 168, 47, 222, 130, 5, 244, 216, 20, 170, 27, 228, 119, 12, 47, 20, 138, 16, 110, 19, 39, 208, 134, 88, 11], [50, 45, 7, 108, 118, 217, 67, 152, 3, 213, 63, 172, 213, 14, 186, 211, 161, 150, 108, 104, 161, 93, 62, 171, 91, 91, 130, 24, 213, 201, 118, 162], [247, 75, 30, 163, 190, 207, 226, 20, 138, 124, 170, 75, 146, 249, 89, 3, 7, 156, 161, 151, 227, 107, 71, 16, 223, 4, 232, 43, 65, 79, 27, 211], [60, 165, 73, 169, 11, 148, 54, 185, 246, 200, 191, 255, 241, 0, 187, 28, 159, 29, 178, 251, 109, 44, 146, 220, 204, 151, 70, 27, 58, 199, 23, 223], [230, 164, 160, 201, 32, 125, 151, 232, 134, 169, 31, 21, 104, 4, 177, 220, 228, 189, 162, 136, 34, 196, 239, 155, 51, 147, 209, 11, 21, 153, 223, 130], [157, 91, 184, 18, 191, 98, 224, 219, 103, 21, 103, 153, 177, 233, 199, 43, 42, 44, 250, 223, 85, 37, 34, 183, 8, 127, 224, 3, 180, 86, 108, 71], [197, 226, 32, 106, 242, 165, 152, 94, 61, 169, 143, 27, 133, 151, 152, 8, 85, 138, 187, 78, 246, 209, 50, 210, 253, 101, 247, 8, 209, 193, 80, 106], [186, 144, 139, 15, 164, 26, 173, 45, 138, 207, 221, 229, 16, 106, 173, 249, 119, 12, 246, 176, 140, 76, 198, 220, 216, 8, 109, 36, 236, 240, 97, 53], [162, 39, 221, 167, 55, 172, 248, 247, 216, 231, 197, 122, 193, 102, 42, 110, 165, 206, 97, 72, 155, 44, 93, 94, 162, 76, 237, 47, 244, 235, 33, 115], [138, 14, 237, 160, 9, 67, 225, 180, 223, 57, 46, 163, 91, 108, 38, 170, 159, 28, 112, 145, 52, 122, 214, 176, 38, 209, 32, 25, 192, 211, 44, 234], [183, 19, 83, 68, 245, 207, 95, 218, 69, 227, 97, 191, 160, 174, 117, 76, 8, 231, 46, 227, 98, 57, 255, 186, 88, 69, 184, 39, 242, 134, 72, 3], [36, 156, 220, 198, 225, 226, 132, 12, 42, 62, 203, 14, 17, 36, 69, 252, 87, 59, 10, 129, 23, 232, 46, 243, 119, 176, 106, 29, 98, 158, 43, 214], [132, 93, 145, 109, 217, 144, 146, 184, 227, 68, 236, 173, 121, 48, 106, 135, 63, 17, 16, 177, 150, 141, 124, 42, 91, 194, 64, 43, 251, 239, 69, 63], [61, 234, 212, 192, 6, 186, 107, 99, 113, 169, 50, 23, 80, 71, 129, 71, 181, 63, 106, 151, 228, 152, 88, 69, 133, 152, 179, 42, 69, 134, 207, 232], [76, 54, 234, 18, 55, 56, 96, 181, 39, 141, 150, 12, 205, 140, 154, 226, 137, 164, 109, 148, 25, 136, 46, 195, 100, 189, 117, 28, 106, 26, 192, 165], [178, 198, 216, 103, 240, 62, 30, 86, 194, 145, 8, 14, 252, 182, 110, 113, 14, 166, 171, 65, 94, 136, 241, 184, 111, 96, 42, 4, 102, 201, 72, 53], [19, 146, 106, 92, 141, 22, 45, 175, 42, 6, 9, 0, 210, 52, 179, 49, 8, 32, 195, 23, 149, 87, 238, 230, 3, 65, 248, 20, 237, 147, 99, 110], [118, 135, 160, 193, 54, 60, 207, 204, 226, 24, 130, 27, 171, 243, 224, 8, 185, 170, 62, 77, 87, 125, 153, 145, 14, 186, 253, 31, 11, 118, 31, 201], [147, 159, 227, 14, 85, 112, 140, 249, 173, 121, 19, 226, 57, 198, 71, 246, 49, 81, 71, 200, 34, 170, 84, 55, 137, 47, 1, 41, 69, 9, 107, 170], [228, 188, 248, 52, 127, 83, 178, 42, 91, 101, 135, 73, 168, 183, 225, 237, 152, 79, 65, 204, 51, 81, 129, 154, 216, 115, 78, 46, 8, 69, 142, 155], [87, 183, 102, 135, 144, 13, 184, 114, 90, 219, 147, 33, 221, 200, 214, 218, 250, 1, 129, 224, 242, 132, 166, 91, 146, 186, 26, 17, 151, 141, 141, 41], [4, 169, 248, 71, 218, 215, 72, 207, 217, 217, 25, 189, 186, 24, 171, 153, 131, 180, 88, 83, 223, 65, 103, 227, 81, 75, 49, 14, 165, 155, 177, 104], [109, 242, 65, 27, 163, 41, 251, 153, 11, 84, 94, 231, 186, 225, 130, 59, 128, 153, 101, 221, 106, 99, 7, 222, 115, 91, 240, 4, 149, 157, 101, 73], [168, 61, 174, 173, 49, 20, 9, 179, 145, 165, 155, 39, 65, 43, 24, 57, 96, 167, 159, 20, 1, 173, 227, 125, 58, 114, 55, 31, 232, 240, 71, 3], [2, 56, 24, 100, 14, 123, 71, 56, 207, 163, 105, 154, 80, 118, 94, 188, 4, 66, 6, 205, 148, 44, 71, 247, 2, 78, 86, 6, 92, 248, 39, 231], [145, 231, 91, 66, 201, 248, 42, 99, 125, 14, 79, 212, 73, 54, 150, 59, 180, 160, 201, 0, 19, 222, 138, 152, 23, 212, 203, 31, 117, 14, 238, 154], [198, 244, 111, 31, 254, 192, 14, 208, 250, 210, 27, 121, 142, 85, 155, 202, 151, 204, 167, 6, 60, 25, 211, 238, 60, 181, 109, 49, 194, 223, 167, 187], [30, 42, 182, 75, 76, 63, 62, 197, 53, 6, 78, 119, 63, 149, 34, 79, 255, 28, 213, 247, 156, 9, 113, 241, 83, 81, 183, 40, 241, 77, 255, 214], [128, 112, 186, 170, 79, 144, 63, 238, 81, 117, 111, 238, 220, 222, 151, 55, 83, 196, 83, 236, 135, 40, 12, 76, 129, 107, 85, 34, 77, 20, 175, 23], [69, 77, 65, 0, 112, 9, 68, 12, 200, 117, 200, 183, 88, 113, 228, 15, 34, 10, 99, 42, 193, 96, 56, 174, 193, 105, 117, 15, 83, 108, 231, 24], [20, 51, 23, 122, 101, 222, 186, 95, 187, 14, 158, 81, 119, 94, 182, 89, 120, 162, 23, 206, 235, 98, 83, 94, 88, 134, 1, 36, 251, 196, 54, 26], [219, 225, 240, 222, 192, 5, 109, 253, 133, 22, 156, 157, 243, 2, 164, 128, 106, 250, 8, 121, 49, 99, 192, 182, 195, 0, 54, 7, 238, 253, 77, 94], [45, 160, 226, 82, 253, 201, 130, 84, 153, 20, 184, 126, 126, 220, 232, 94, 246, 20, 118, 134, 252, 221, 165, 236, 90, 132, 101, 12, 250, 107, 96, 173], [168, 61, 24, 197, 185, 222, 124, 158, 167, 88, 245, 30, 42, 51, 206, 200, 57, 86, 176, 210, 157, 247, 232, 1, 152, 221, 144, 45, 246, 177, 93, 149], [249, 30, 234, 235, 12, 89, 121, 198, 223, 93, 35, 31, 230, 149, 197, 182, 207, 143, 100, 98, 7, 11, 171, 62, 23, 104, 198, 14, 225, 179, 59, 85], [55, 143, 150, 139, 69, 47, 42, 142, 190, 211, 24, 192, 90, 78, 50, 5, 32, 176, 178, 118, 172, 246, 56, 183, 15, 222, 168, 36, 243, 178, 126, 94], [121, 130, 235, 200, 110, 100, 167, 178, 119, 88, 31, 244, 51, 204, 64, 188, 10, 69, 55, 103, 60, 223, 185, 239, 88, 153, 9, 9, 38, 13, 200, 217], [123, 145, 83, 30, 179, 97, 174, 138, 112, 71, 136, 253, 218, 253, 68, 43, 198, 100, 30, 255, 173, 231, 191, 42, 9, 22, 31, 30, 84, 127, 253, 52], [195, 112, 95, 84, 119, 146, 21, 162, 240, 194, 235, 112, 71, 130, 80, 104, 66, 249, 96, 109, 241, 16, 112, 122, 146, 236, 137, 30, 136, 63, 69, 232], [41, 60, 108, 43, 24, 80, 111, 116, 127, 67, 213, 185, 40, 127, 216, 227, 40, 87, 19, 227, 54, 3, 145, 68, 171, 71, 247, 25, 43, 148, 152, 208], [222, 82, 205, 156, 9, 182, 204, 219, 194, 63, 77, 236, 163, 191, 234, 140, 127, 116, 233, 192, 105, 135, 128, 93, 62, 252, 120, 20, 96, 179, 82, 54], [154, 254, 211, 243, 99, 178, 38, 9, 188, 163, 116, 209, 26, 192, 152, 79, 218, 200, 28, 145, 184, 230, 234, 132, 73, 115, 174, 34, 25, 144, 175, 86], [51, 134, 48, 77, 220, 183, 75, 252, 78, 86, 52, 204, 221, 101, 95, 222, 191, 52, 196, 254, 154, 191, 172, 234, 172, 37, 115, 41, 135, 180, 207, 24], [81, 209, 57, 231, 123, 34, 142, 62, 28, 33, 104, 68, 88, 57, 150, 201, 219, 245, 202, 75, 198, 52, 49, 249, 244, 96, 97, 17, 230, 87, 28, 74], [164, 102, 7, 6, 204, 21, 112, 144, 249, 75, 251, 27, 152, 73, 225, 196, 70, 135, 62, 249, 106, 198, 112, 6, 65, 243, 34, 42, 225, 124, 42, 44], [214, 11, 70, 180, 124, 9, 47, 40, 196, 151, 152, 108, 194, 97, 66, 0, 120, 233, 7, 187, 204, 114, 17, 50, 247, 63, 65, 7, 48, 26, 191, 254], [32, 141, 243, 64, 23, 51, 114, 251, 81, 132, 194, 242, 127, 99, 144, 234, 25, 149, 155, 247, 162, 139, 45, 5, 229, 120, 176, 3, 138, 136, 154, 156], [223, 11, 34, 247, 80, 108, 48, 101, 56, 164, 54, 119, 100, 124, 125, 68, 98, 230, 22, 70, 23, 208, 122, 77, 2, 4, 195, 50, 164, 101, 29, 255], [12, 111, 146, 39, 146, 213, 146, 130, 250, 14, 186, 150, 75, 97, 131, 143, 209, 153, 121, 52, 95, 171, 227, 133, 168, 60, 191, 33, 251, 154, 35, 140], [236, 105, 77, 167, 185, 250, 4, 160, 123, 114, 129, 172, 236, 224, 161, 74, 195, 127, 240, 177, 92, 149, 223, 149, 6, 249, 168, 35, 10, 87, 141, 254], [122, 65, 92, 136, 95, 132, 111, 114, 114, 108, 37, 182, 234, 62, 114, 14, 43, 214, 60, 33, 227, 83, 169, 117, 96, 149, 136, 8, 250, 97, 250, 37], [27, 39, 30, 136, 172, 100, 177, 42, 110, 42, 115, 99, 150, 90, 159, 41, 133, 32, 193, 71, 70, 209, 229, 47, 151, 159, 182, 36, 102, 89, 54, 170], [158, 125, 231, 90, 171, 145, 199, 13, 88, 232, 3, 179, 72, 0, 220, 233, 115, 183, 64, 224, 39, 46, 117, 146, 65, 98, 213, 29, 1, 128, 54, 255], [124, 243, 19, 247, 120, 218, 218, 48, 116, 247, 173, 56, 37, 79, 250, 9, 219, 159, 180, 9, 159, 231, 242, 127, 86, 252, 52, 27, 112, 204, 241, 249], [58, 169, 144, 235, 184, 183, 30, 53, 83, 238, 1, 131, 252, 40, 5, 60, 178, 151, 30, 139, 64, 68, 97, 214, 68, 232, 231, 16, 69, 156, 148, 3], [62, 195, 58, 226, 215, 148, 98, 217, 163, 189, 163, 111, 37, 43, 17, 120, 95, 110, 62, 232, 225, 126, 228, 202, 218, 73, 1, 35, 121, 85, 146, 131], [57, 158, 27, 92, 34, 236, 91, 52, 72, 188, 80, 128, 221, 25, 44, 113, 147, 128, 124, 107, 163, 170, 122, 100, 122, 32, 200, 5, 82, 112, 186, 44], [32, 31, 31, 243, 195, 255, 31, 45, 149, 186, 183, 31, 83, 218, 241, 210, 164, 141, 48, 12, 160, 67, 136, 135, 64, 159, 204, 16, 241, 36, 124, 162], [31, 244, 218, 155, 225, 124, 34, 8, 111, 16, 79, 172, 114, 248, 115, 197, 250, 216, 164, 197, 210, 143, 137, 60, 12, 56, 66, 5, 101, 182, 252, 43], [111, 60, 148, 80, 81, 114, 179, 149, 134, 133, 234, 151, 74, 206, 194, 144, 28, 222, 136, 226, 94, 150, 24, 191, 71, 39, 182, 8, 109, 232, 51, 131], [4, 37, 84, 1, 94, 219, 80, 88, 32, 215, 80, 65, 90, 179, 130, 135, 105, 193, 176, 72, 141, 179, 90, 6, 36, 249, 92, 49, 151, 227, 249, 233], [102, 56, 239, 80, 134, 89, 20, 170, 250, 239, 191, 19, 215, 122, 129, 4, 164, 58, 155, 147, 159, 222, 24, 68, 30, 20, 192, 15, 91, 187, 81, 6], [45, 121, 239, 143, 235, 125, 164, 103, 118, 198, 179, 219, 49, 5, 22, 51, 168, 20, 201, 40, 197, 30, 160, 8, 231, 95, 159, 11, 134, 57, 169, 83], [98, 59, 101, 93, 18, 248, 61, 106, 167, 126, 138, 109, 225, 243, 8, 179, 149, 9, 212, 196, 228, 129, 228, 60, 135, 60, 3, 20, 138, 40, 94, 65], [118, 45, 68, 179, 127, 72, 131, 36, 141, 126, 157, 19, 202, 229, 253, 246, 80, 121, 22, 33, 230, 218, 144, 67, 201, 206, 56, 25, 151, 130, 184, 19], [35, 157, 148, 12, 195, 49, 169, 254, 204, 248, 102, 134, 16, 16, 163, 239, 156, 38, 152, 64, 238, 255, 191, 107, 198, 64, 62, 43, 145, 163, 140, 223], [35, 12, 158, 5, 42, 26, 195, 14, 177, 70, 196, 239, 212, 14, 176, 17, 101, 254, 71, 195, 19, 50, 95, 208, 207, 172, 190, 21, 105, 181, 84, 198], [250, 10, 201, 12, 222, 57, 93, 26, 213, 124, 10, 234, 97, 79, 117, 131, 162, 78, 227, 1, 52, 116, 123, 62, 240, 150, 229, 9, 31, 67, 65, 179], [129, 139, 46, 14, 116, 207, 167, 184, 6, 138, 94, 30, 7, 3, 83, 202, 130, 225, 108, 23, 244, 104, 206, 1, 3, 160, 144, 32, 91, 135, 74, 239], [220, 240, 167, 178, 1, 55, 206, 31, 21, 213, 234, 99, 151, 147, 133, 249, 197, 187, 196, 180, 253, 100, 198, 36, 141, 141, 21, 49, 114, 188, 75, 142], [32, 46, 178, 139, 219, 30, 212, 44, 190, 39, 211, 101, 105, 54, 5, 218, 205, 175, 247, 50, 213, 47, 235, 1, 68, 170, 208, 47, 152, 246, 94, 244], [177, 46, 207, 211, 58, 225, 36, 182, 220, 4, 129, 74, 165, 140, 218, 170, 255, 42, 75, 61, 86, 214, 54, 137, 242, 138, 173, 29, 199, 129, 137, 182], [165, 78, 124, 117, 109, 149, 58, 74, 210, 44, 104, 120, 26, 244, 11, 158, 203, 122, 228, 146, 35, 255, 77, 163, 12, 217, 67, 6, 16, 230, 60, 26], [80, 167, 49, 245, 166, 180, 34, 12, 12, 240, 228, 74, 42, 58, 111, 119, 220, 172, 139, 249, 37, 38, 171, 41, 98, 228, 27, 38, 79, 57, 207, 26], [62, 7, 238, 24, 221, 219, 124, 103, 47, 231, 90, 177, 143, 141, 233, 63, 148, 50, 124, 209, 112, 112, 158, 59, 14, 34, 29, 18, 28, 88, 200, 55], [214, 215, 142, 111, 133, 88, 238, 121, 93, 128, 135, 7, 158, 131, 227, 164, 210, 89, 110, 102, 174, 66, 59, 10, 207, 200, 210, 39, 166, 182, 6, 136], [74, 109, 24, 112, 95, 166, 242, 66, 145, 72, 10, 233, 4, 124, 158, 233, 155, 136, 106, 97, 72, 247, 172, 106, 231, 235, 15, 50, 139, 241, 36, 183], [75, 151, 195, 134, 31, 86, 118, 231, 47, 71, 238, 86, 233, 165, 161, 33, 204, 143, 141, 160, 44, 154, 145, 159, 109, 255, 226, 1, 18, 8, 127, 234], [184, 211, 247, 201, 24, 97, 217, 96, 88, 223, 105, 7, 21, 209, 251, 1, 166, 40, 53, 58, 86, 3, 128, 84, 14, 74, 142, 50, 147, 157, 233, 10], [236, 222, 12, 214, 232, 142, 170, 101, 143, 90, 46, 18, 54, 50, 252, 151, 93, 70, 155, 40, 30, 219, 93, 75, 19, 105, 107, 34, 28, 126, 184, 212], [222, 4, 250, 54, 244, 179, 104, 82, 252, 216, 134, 174, 128, 228, 19, 15, 253, 174, 242, 35, 185, 87, 188, 166, 5, 186, 251, 11, 23, 98, 6, 210], [244, 49, 185, 250, 50, 223, 228, 218, 19, 46, 22, 252, 93, 49, 10, 191, 58, 244, 225, 41, 13, 250, 230, 130, 213, 104, 68, 48, 187, 59, 131, 205], [70, 202, 233, 28, 106, 234, 91, 85, 53, 105, 30, 102, 88, 149, 153, 94, 240, 174, 175, 30, 33, 77, 60, 41, 233, 126, 33, 28, 45, 8, 71, 196], [237, 157, 25, 157, 247, 30, 237, 13, 7, 191, 250, 198, 46, 111, 108, 197, 53, 248, 6, 249, 247, 79, 154, 89, 226, 137, 156, 48, 10, 90, 224, 120], [224, 85, 116, 69, 9, 188, 207, 28, 174, 148, 255, 1, 161, 161, 54, 243, 102, 21, 43, 207, 26, 236, 66, 70, 9, 62, 15, 16, 208, 55, 166, 33], [33, 62, 222, 107, 79, 21, 103, 39, 181, 125, 223, 29, 27, 167, 63, 129, 207, 136, 66, 231, 126, 167, 167, 181, 174, 225, 248, 36, 17, 37, 68, 2], [46, 212, 30, 105, 67, 137, 29, 82, 32, 79, 110, 245, 235, 255, 37, 24, 202, 36, 43, 186, 179, 209, 223, 44, 69, 150, 101, 37, 161, 10, 147, 237], [181, 202, 85, 45, 2, 86, 167, 226, 186, 54, 230, 12, 16, 231, 173, 231, 229, 98, 89, 159, 52, 151, 84, 221, 197, 134, 196, 32, 47, 106, 116, 150], [220, 14, 0, 210, 251, 210, 229, 242, 100, 200, 2, 210, 200, 154, 169, 43, 239, 171, 140, 98, 166, 242, 88, 140, 225, 45, 130, 9, 234, 219, 55, 197], [70, 101, 227, 243, 160, 194, 184, 49, 9, 110, 56, 30, 191, 169, 209, 233, 215, 3, 161, 233, 175, 34, 149, 124, 189, 30, 113, 11, 42, 55, 238, 149], [88, 69, 182, 200, 172, 31, 239, 227, 164, 217, 156, 83, 243, 171, 49, 149, 154, 68, 30, 245, 214, 251, 7, 13, 252, 95, 57, 3, 228, 246, 14, 164], [213, 39, 39, 247, 156, 128, 176, 54, 184, 72, 59, 149, 224, 79, 139, 27, 247, 35, 178, 166, 217, 191, 121, 28, 111, 34, 6, 42, 109, 28, 236, 63], [116, 255, 240, 230, 96, 231, 196, 202, 53, 211, 168, 17, 141, 34, 190, 219, 216, 141, 73, 187, 59, 105, 31, 227, 163, 70, 73, 30, 100, 157, 170, 139], [233, 136, 167, 253, 247, 82, 215, 188, 72, 28, 251, 113, 113, 49, 59, 215, 55, 62, 247, 129, 118, 222, 64, 2, 174, 37, 9, 48, 199, 9, 237, 207], [5, 119, 59, 31, 48, 233, 55, 247, 178, 194, 21, 212, 116, 96, 72, 217, 205, 23, 226, 22, 154, 42, 133, 177, 110, 6, 222, 20, 130, 107, 167, 152], [139, 36, 204, 102, 196, 103, 5, 128, 65, 18, 154, 5, 70, 206, 191, 11, 111, 120, 245, 136, 188, 90, 202, 212, 253, 82, 111, 17, 178, 21, 190, 17], [15, 127, 96, 243, 22, 128, 227, 107, 190, 178, 234, 87, 128, 125, 1, 249, 185, 179, 19, 86, 139, 235, 11, 123, 244, 183, 243, 12, 11, 30, 44, 32], [138, 161, 94, 49, 179, 94, 191, 190, 22, 187, 107, 186, 104, 77, 135, 22, 217, 176, 16, 198, 110, 64, 106, 123, 2, 193, 212, 15, 36, 214, 12, 92], [226, 14, 7, 21, 22, 247, 186, 123, 228, 31, 202, 248, 210, 82, 183, 130, 168, 112, 142, 211, 236, 130, 159, 171, 231, 96, 236, 21, 177, 82, 71, 231], [53, 216, 3, 25, 119, 15, 136, 172, 208, 152, 212, 161, 253, 51, 248, 192, 116, 12, 209, 252, 55, 82, 45, 234, 50, 0, 89, 45, 151, 142, 14, 254], [253, 65, 197, 172, 171, 195, 151, 157, 72, 119, 32, 229, 106, 10, 42, 149, 187, 222, 235, 161, 74, 47, 180, 141, 12, 214, 184, 30, 201, 194, 171, 216], [149, 179, 255, 98, 202, 38, 31, 141, 196, 237, 43, 170, 77, 120, 86, 187, 221, 58, 7, 3, 57, 20, 241, 126, 173, 201, 9, 6, 19, 2, 40, 160], [170, 231, 1, 225, 238, 226, 172, 5, 63, 194, 186, 201, 219, 176, 141, 223, 51, 101, 223, 211, 168, 168, 175, 69, 19, 101, 43, 6, 168, 226, 98, 14], [67, 94, 176, 62, 96, 174, 51, 108, 161, 106, 154, 74, 149, 211, 100, 110, 61, 13, 152, 6, 87, 224, 218, 82, 57, 34, 91, 4, 175, 36, 87, 52], [237, 89, 205, 209, 148, 240, 250, 117, 84, 177, 54, 129, 58, 5, 177, 25, 216, 172, 54, 237, 179, 61, 104, 74, 17, 250, 235, 14, 173, 27, 209, 2], [127, 24, 26, 79, 1, 12, 44, 247, 101, 41, 84, 235, 168, 237, 10, 198, 220, 114, 188, 141, 69, 75, 245, 155, 247, 150, 219, 8, 104, 12, 90, 63], [240, 57, 31, 80, 226, 219, 178, 194, 5, 145, 147, 79, 90, 32, 188, 56, 146, 168, 147, 57, 153, 60, 61, 189, 154, 71, 231, 47, 44, 4, 33, 40], [86, 99, 100, 117, 9, 196, 42, 150, 25, 224, 102, 239, 245, 135, 134, 249, 248, 218, 46, 193, 218, 117, 252, 11, 163, 10, 67, 37, 133, 70, 62, 148], [158, 64, 227, 153, 176, 36, 206, 138, 36, 57, 166, 251, 31, 82, 40, 74, 191, 184, 104, 42, 67, 188, 129, 142, 253, 86, 12, 46, 166, 23, 61, 172], [95, 124, 124, 15, 122, 232, 39, 93, 29, 184, 71, 78, 54, 15, 199, 44, 97, 130, 228, 95, 21, 186, 64, 100, 67, 182, 2, 17, 75, 184, 200, 194], [34, 96, 189, 8, 50, 192, 90, 141, 116, 119, 159, 77, 30, 32, 150, 39, 137, 166, 245, 162, 87, 254, 230, 52, 94, 69, 171, 15, 196, 233, 152, 212], [230, 159, 107, 181, 6, 206, 37, 186, 153, 69, 120, 51, 194, 95, 134, 145, 209, 39, 167, 246, 100, 222, 192, 199, 104, 117, 82, 30, 199, 150, 173, 8], [68, 171, 52, 149, 84, 158, 207, 246, 253, 206, 13, 240, 253, 50, 20, 31, 48, 76, 118, 151, 223, 29, 90, 27, 212, 216, 146, 21, 137, 114, 251, 207], [181, 96, 139, 54, 239, 29, 141, 69, 46, 75, 119, 212, 210, 228, 116, 252, 105, 79, 246, 249, 188, 125, 104, 248, 222, 213, 165, 24, 11, 44, 120, 148], [157, 186, 14, 208, 249, 33, 133, 177, 255, 23, 142, 13, 98, 170, 202, 214, 70, 27, 72, 174, 66, 101, 34, 178, 192, 160, 217, 19, 216, 115, 11, 124], [67, 194, 2, 255, 151, 180, 219, 218, 156, 27, 194, 184, 83, 216, 7, 238, 212, 85, 55, 50, 188, 57, 181, 198, 71, 136, 193, 19, 92, 83, 33, 76], [147, 38, 39, 240, 206, 176, 106, 1, 105, 117, 60, 246, 141, 82, 174, 126, 164, 194, 171, 42, 52, 201, 30, 182, 33, 152, 112, 41, 221, 185, 184, 142], [120, 174, 188, 68, 149, 67, 103, 91, 221, 59, 167, 85, 31, 228, 61, 147, 127, 148, 45, 79, 224, 18, 22, 70, 123, 238, 73, 33, 201, 83, 17, 65], [208, 63, 200, 207, 234, 167, 174, 136, 185, 232, 231, 173, 197, 31, 186, 109, 172, 115, 49, 43, 112, 118, 81, 91, 100, 56, 228, 2, 142, 175, 140, 150], [124, 119, 122, 78, 97, 33, 208, 132, 5, 55, 27, 118, 15, 199, 29, 144, 201, 205, 29, 104, 188, 206, 121, 229, 235, 164, 50, 13, 4, 98, 125, 195], [202, 65, 145, 0, 212, 100, 196, 207, 16, 15, 58, 104, 70, 246, 56, 219, 185, 54, 121, 206, 175, 75, 255, 39, 91, 75, 129, 21, 12, 152, 151, 35], [26, 230, 95, 30, 247, 250, 255, 156, 119, 40, 103, 143, 235, 162, 46, 146, 207, 255, 44, 255, 120, 113, 137, 23, 232, 168, 47, 50, 167, 138, 161, 8], [175, 203, 232, 83, 170, 78, 181, 148, 176, 254, 21, 56, 122, 223, 170, 78, 152, 164, 12, 43, 140, 65, 57, 218, 36, 139, 55, 10, 97, 228, 10, 140], [124, 76, 230, 92, 7, 14, 195, 209, 230, 240, 128, 96, 132, 138, 193, 95, 95, 131, 165, 58, 76, 22, 109, 202, 164, 140, 125, 47, 214, 172, 54, 35], [222, 246, 105, 30, 139, 65, 133, 189, 205, 150, 222, 35, 233, 151, 121, 250, 220, 54, 231, 242, 110, 31, 137, 142, 91, 6, 27, 33, 57, 97, 151, 108], [77, 87, 113, 124, 191, 53, 211, 81, 209, 232, 52, 132, 198, 132, 7, 25, 78, 238, 160, 166, 228, 181, 15, 107, 155, 205, 130, 30, 104, 95, 52, 49], [199, 122, 251, 21, 43, 154, 177, 187, 82, 226, 112, 245, 232, 231, 23, 179, 161, 37, 95, 28, 177, 123, 169, 238, 31, 183, 1, 21, 92, 201, 145, 49], [132, 111, 1, 188, 2, 40, 108, 113, 252, 228, 176, 225, 7, 159, 200, 108, 145, 215, 245, 254, 160, 205, 211, 77, 200, 156, 145, 9, 131, 252, 183, 188], [168, 241, 51, 69, 51, 249, 185, 100, 20, 166, 41, 52, 162, 171, 60, 248, 165, 39, 220, 180, 219, 156, 25, 128, 213, 153, 218, 9, 156, 161, 110, 47], [217, 145, 54, 165, 179, 157, 54, 47, 219, 149, 115, 240, 88, 168, 166, 149, 242, 125, 117, 165, 101, 125, 109, 138, 191, 86, 140, 42, 245, 30, 50, 6], [6, 243, 109, 66, 157, 151, 191, 240, 244, 205, 128, 50, 254, 129, 119, 178, 215, 228, 56, 194, 220, 155, 93, 29, 247, 72, 91, 31, 108, 108, 179, 250], [41, 63, 97, 147, 5, 209, 58, 138, 203, 20, 10, 124, 5, 192, 183, 193, 232, 171, 66, 203, 29, 203, 251, 158, 187, 11, 224, 29, 171, 242, 104, 13], [111, 40, 135, 241, 195, 9, 94, 187, 210, 250, 196, 116, 98, 87, 182, 161, 226, 184, 77, 71, 184, 150, 107, 183, 34, 162, 60, 19, 32, 136, 219, 40], [185, 247, 198, 248, 61, 102, 156, 175, 189, 19, 131, 154, 16, 140, 225, 130, 110, 187, 236, 26, 115, 188, 128, 100, 0, 177, 160, 43, 56, 180, 242, 51], [15, 157, 240, 53, 230, 209, 87, 27, 34, 35, 252, 116, 167, 139, 156, 120, 49, 98, 233, 162, 39, 59, 12, 193, 177, 169, 213, 15, 16, 147, 26, 78], [3, 128, 140, 232, 184, 53, 242, 57, 40, 152, 164, 220, 35, 243, 194, 184, 16, 184, 123, 156, 117, 115, 181, 1, 200, 62, 70, 50, 185, 132, 129, 224], [57, 192, 133, 204, 12, 250, 205, 164, 221, 17, 114, 127, 87, 26, 124, 73, 235, 151, 9, 45, 246, 196, 217, 182, 128, 131, 95, 38, 168, 69, 156, 173], [192, 43, 230, 25, 187, 248, 206, 250, 130, 84, 228, 24, 80, 42, 181, 66, 208, 33, 83, 103, 254, 89, 155, 68, 6, 213, 172, 28, 33, 97, 147, 188], [7, 165, 21, 231, 11, 235, 46, 107, 2, 14, 167, 35, 241, 167, 246, 185, 39, 129, 218, 143, 149, 212, 174, 245, 163, 176, 181, 28, 85, 35, 243, 217], [96, 43, 102, 171, 211, 148, 87, 104, 122, 213, 164, 136, 84, 201, 169, 192, 203, 196, 109, 34, 145, 17, 17, 222, 168, 35, 135, 6, 245, 12, 209, 116], [168, 218, 184, 195, 197, 32, 205, 197, 244, 17, 26, 211, 160, 219, 147, 48, 86, 153, 34, 226, 26, 215, 131, 89, 166, 99, 135, 10, 246, 53, 69, 15], [123, 110, 213, 246, 233, 201, 18, 119, 188, 112, 92, 204, 182, 26, 128, 22, 34, 124, 136, 211, 141, 171, 4, 60, 92, 68, 96, 28, 208, 237, 18, 115], [125, 165, 255, 252, 108, 121, 99, 161, 223, 118, 30, 156, 84, 235, 166, 171, 6, 146, 102, 83, 150, 242, 54, 149, 14, 178, 218, 8, 99, 69, 28, 59], [197, 241, 86, 93, 78, 14, 105, 29, 66, 53, 206, 110, 80, 26, 250, 169, 255, 207, 133, 140, 16, 76, 226, 45, 169, 58, 38, 29, 144, 90, 253, 138], [127, 124, 173, 99, 110, 172, 123, 32, 0, 178, 0, 13, 225, 144, 104, 123, 245, 230, 239, 235, 136, 124, 195, 228, 8, 51, 34, 30, 196, 132, 141, 218], [87, 231, 115, 7, 245, 159, 200, 157, 22, 90, 19, 232, 100, 139, 225, 98, 154, 118, 232, 37, 99, 97, 219, 215, 3, 48, 73, 46, 195, 135, 115, 66], [147, 20, 95, 26, 135, 227, 76, 102, 17, 25, 132, 152, 29, 93, 196, 98, 125, 247, 200, 45, 47, 1, 91, 52, 28, 131, 160, 4, 197, 132, 77, 91], [57, 243, 206, 144, 149, 173, 214, 46, 215, 66, 122, 83, 166, 18, 41, 220, 43, 39, 15, 108, 156, 196, 164, 177, 220, 87, 97, 45, 79, 58, 184, 66], [168, 99, 60, 7, 233, 91, 40, 177, 37, 59, 36, 236, 161, 49, 183, 121, 218, 226, 186, 126, 192, 22, 157, 200, 209, 170, 134, 24, 45, 7, 142, 48], [106, 38, 164, 186, 224, 108, 206, 113, 181, 199, 25, 33, 140, 134, 22, 68, 108, 26, 77, 112, 15, 27, 67, 74, 24, 178, 75, 17, 99, 213, 84, 216], [22, 110, 89, 207, 122, 237, 143, 90, 135, 126, 122, 86, 181, 106, 200, 29, 112, 225, 185, 125, 0, 117, 42, 206, 59, 85, 159, 42, 5, 167, 16, 96], [107, 155, 40, 29, 223, 45, 213, 210, 215, 107, 128, 211, 17, 13, 223, 154, 184, 13, 255, 132, 19, 206, 22, 100, 33, 133, 205, 18, 141, 114, 140, 32], [42, 46, 48, 168, 236, 82, 182, 1, 200, 31, 78, 168, 26, 133, 72, 111, 66, 68, 44, 126, 225, 236, 37, 172, 53, 179, 151, 37, 18, 97, 120, 219], [64, 189, 102, 79, 192, 15, 162, 197, 8, 128, 73, 119, 187, 75, 129, 163, 83, 179, 232, 61, 229, 120, 55, 99, 188, 132, 208, 40, 184, 181, 94, 159], [36, 191, 193, 137, 163, 108, 220, 144, 222, 188, 105, 107, 231, 134, 181, 93, 136, 241, 127, 34, 4, 194, 15, 12, 59, 108, 3, 21, 59, 77, 213, 11], [92, 131, 164, 119, 229, 233, 135, 106, 170, 60, 81, 144, 141, 130, 105, 44, 210, 145, 189, 87, 109, 193, 188, 100, 226, 108, 45, 45, 118, 123, 233, 76], [3, 180, 151, 10, 73, 203, 86, 172, 173, 161, 147, 27, 109, 144, 238, 141, 60, 250, 42, 200, 236, 145, 147, 75, 11, 19, 3, 3, 61, 150, 150, 208], [153, 120, 135, 106, 205, 2, 22, 78, 216, 224, 96, 143, 186, 49, 160, 11, 124, 214, 241, 182, 29, 159, 132, 106, 42, 128, 40, 12, 79, 86, 85, 154], [224, 165, 68, 224, 30, 154, 217, 250, 164, 34, 232, 111, 175, 89, 188, 188, 145, 78, 174, 99, 125, 91, 101, 242, 184, 154, 175, 47, 115, 5, 43, 223], [234, 34, 167, 95, 25, 83, 94, 178, 166, 84, 155, 176, 246, 14, 182, 43, 156, 226, 162, 140, 236, 178, 66, 235, 16, 247, 144, 1, 180, 67, 64, 80], [152, 183, 130, 241, 214, 143, 216, 227, 130, 169, 32, 79, 228, 35, 208, 124, 29, 76, 126, 88, 159, 246, 237, 90, 153, 202, 164, 28, 226, 172, 199, 172], [226, 234, 171, 137, 183, 44, 0, 233, 234, 68, 44, 43, 47, 185, 205, 168, 215, 88, 252, 123, 76, 24, 35, 64, 37, 162, 222, 8, 139, 84, 23, 224], [195, 1, 188, 152, 18, 182, 14, 11, 146, 110, 180, 25, 231, 47, 62, 130, 56, 139, 86, 3, 239, 15, 150, 134, 44, 202, 89, 4, 34, 62, 34, 194], [86, 191, 165, 13, 59, 166, 140, 101, 102, 118, 67, 89, 160, 167, 219, 1, 211, 125, 209, 107, 134, 225, 82, 188, 170, 75, 64, 44, 144, 201, 157, 44], [52, 25, 171, 246, 18, 179, 190, 41, 123, 203, 202, 116, 219, 59, 31, 197, 133, 117, 251, 192, 57, 158, 87, 107, 199, 85, 161, 15, 218, 99, 73, 114], [189, 186, 237, 63, 102, 245, 159, 109, 16, 66, 236, 170, 188, 99, 154, 90, 24, 147, 89, 159, 222, 77, 147, 36, 37, 162, 105, 20, 91, 63, 111, 224], [254, 123, 15, 90, 217, 101, 218, 95, 79, 244, 51, 98, 134, 248, 137, 59, 213, 239, 134, 225, 203, 232, 103, 82, 158, 233, 96, 37, 195, 159, 6, 85], [130, 127, 116, 158, 122, 70, 92, 72, 175, 224, 4, 118, 142, 89, 49, 125, 194, 108, 22, 168, 39, 119, 236, 240, 227, 167, 240, 19, 18, 173, 106, 24], [161, 227, 188, 129, 132, 1, 23, 97, 250, 34, 255, 128, 162, 81, 105, 144, 53, 116, 80, 203, 167, 234, 213, 213, 55, 57, 59, 17, 75, 113, 47, 112], [253, 92, 36, 104, 95, 237, 163, 4, 247, 172, 255, 4, 103, 95, 46, 144, 111, 226, 68, 234, 216, 56, 65, 206, 200, 184, 83, 17, 55, 247, 124, 201], [40, 26, 83, 204, 237, 106, 56, 85, 65, 17, 144, 110, 33, 134, 124, 42, 215, 255, 157, 220, 177, 121, 153, 63, 152, 82, 112, 21, 127, 186, 171, 192], [82, 37, 13, 113, 84, 25, 235, 74, 148, 142, 241, 216, 128, 135, 47, 191, 252, 22, 181, 200, 7, 132, 117, 176, 37, 83, 224, 38, 166, 25, 45, 252], [31, 59, 179, 211, 16, 102, 187, 119, 97, 64, 185, 27, 122, 180, 135, 252, 95, 128, 60, 142, 148, 161, 136, 192, 6, 61, 16, 25, 16, 149, 252, 247], [54, 223, 237, 231, 126, 138, 135, 131, 241, 157, 110, 143, 206, 180, 87, 250, 172, 164, 234, 205, 180, 106, 120, 244, 46, 77, 182, 23, 22, 126, 85, 212], [217, 129, 75, 10, 65, 37, 6, 153, 240, 255, 126, 234, 210, 185, 194, 122, 247, 165, 126, 192, 81, 102, 190, 101, 55, 61, 147, 33, 203, 83, 238, 234], [238, 119, 218, 101, 142, 249, 244, 171, 85, 245, 67, 60, 101, 141, 129, 31, 252, 231, 250, 135, 71, 166, 151, 58, 166, 227, 177, 21, 190, 113, 83, 126], [12, 174, 37, 87, 216, 204, 39, 176, 155, 137, 35, 56, 211, 88, 226, 57, 11, 176, 95, 20, 66, 245, 154, 81, 65, 192, 50, 27, 111, 131, 235, 58], [150, 91, 226, 30, 19, 175, 107, 85, 231, 144, 55, 10, 188, 132, 95, 200, 110, 224, 193, 245, 145, 160, 4, 203, 82, 23, 104, 3, 84, 134, 87, 8], [218, 163, 142, 110, 245, 43, 247, 37, 121, 163, 66, 226, 73, 159, 161, 40, 149, 89, 190, 3, 48, 146, 123, 167, 23, 171, 161, 26, 23, 30, 33, 254], [255, 134, 226, 57, 126, 250, 212, 90, 38, 233, 57, 57, 45, 221, 22, 112, 117, 178, 23, 146, 69, 65, 234, 63, 113, 24, 34, 31, 18, 235, 145, 200], [219, 238, 252, 9, 37, 165, 137, 120, 169, 193, 70, 125, 99, 171, 80, 104, 214, 41, 141, 147, 21, 86, 202, 165, 215, 167, 37, 48, 239, 104, 218, 34], [127, 111, 101, 186, 43, 194, 35, 97, 72, 120, 45, 27, 169, 175, 154, 113, 101, 190, 237, 216, 13, 52, 163, 250, 24, 73, 57, 32, 66, 183, 186, 124], [60, 111, 76, 232, 67, 52, 96, 189, 156, 142, 243, 15, 252, 60, 230, 129, 115, 105, 31, 96, 22, 55, 140, 234, 206, 104, 224, 7, 51, 186, 26, 37], [133, 157, 189, 253, 101, 105, 202, 94, 140, 198, 247, 111, 74, 81, 224, 125, 155, 101, 197, 99, 228, 190, 187, 176, 49, 209, 230, 20, 122, 183, 225, 213], [186, 21, 218, 51, 55, 150, 10, 197, 200, 239, 72, 138, 154, 238, 255, 145, 132, 178, 59, 93, 135, 177, 70, 119, 170, 216, 225, 1, 120, 168, 22, 11], [197, 98, 65, 203, 14, 117, 83, 188, 15, 234, 181, 217, 242, 29, 186, 109, 150, 117, 7, 74, 136, 43, 32, 8, 140, 21, 62, 2, 109, 154, 143, 162], [164, 35, 130, 136, 15, 39, 166, 252, 64, 80, 7, 4, 186, 72, 48, 116, 231, 1, 39, 145, 162, 6, 111, 83, 27, 88, 207, 37, 207, 77, 237, 241], [93, 203, 220, 141, 224, 48, 74, 249, 2, 43, 207, 15, 107, 117, 232, 219, 60, 94, 215, 80, 239, 42, 124, 71, 181, 22, 190, 3, 195, 43, 48, 162], [61, 166, 22, 14, 193, 29, 173, 148, 131, 43, 78, 100, 206, 143, 141, 85, 44, 228, 57, 237, 197, 90, 171, 100, 161, 223, 235, 18, 69, 37, 153, 137], [46, 138, 189, 173, 165, 36, 93, 6, 197, 124, 250, 79, 107, 202, 100, 182, 201, 191, 54, 233, 192, 233, 99, 109, 48, 113, 105, 30, 32, 153, 132, 117], [109, 178, 48, 225, 145, 27, 104, 224, 160, 138, 126, 128, 223, 18, 169, 107, 116, 38, 20, 137, 255, 80, 246, 13, 65, 54, 127, 13, 101, 19, 205, 159], [240, 56, 28, 244, 13, 112, 242, 10, 123, 187, 44, 124, 247, 216, 87, 181, 184, 144, 156, 68, 196, 96, 164, 16, 19, 235, 123, 39, 62, 194, 16, 86], [48, 37, 239, 52, 39, 168, 221, 211, 240, 210, 94, 235, 13, 14, 100, 66, 81, 5, 74, 124, 40, 195, 17, 226, 109, 170, 165, 5, 224, 201, 233, 23], [159, 130, 211, 248, 78, 165, 169, 140, 66, 42, 146, 12, 46, 217, 159, 117, 217, 211, 63, 192, 46, 49, 13, 252, 186, 198, 110, 30, 155, 149, 108, 195], [125, 41, 166, 244, 177, 78, 129, 115, 97, 128, 43, 130, 135, 120, 51, 230, 103, 100, 215, 58, 35, 8, 55, 152, 161, 65, 241, 4, 148, 96, 188, 132], [232, 133, 204, 131, 23, 131, 21, 111, 153, 1, 183, 245, 208, 7, 220, 170, 151, 112, 82, 167, 236, 57, 206, 49, 21, 59, 206, 35, 48, 230, 32, 103], [199, 148, 193, 27, 20, 67, 117, 69, 140, 173, 127, 176, 133, 252, 26, 185, 52, 208, 228, 206, 35, 194, 217, 172, 125, 198, 163, 8, 146, 87, 207, 218], [132, 214, 131, 220, 251, 88, 202, 93, 176, 215, 51, 14, 1, 136, 130, 231, 189, 191, 127, 117, 139, 49, 171, 155, 73, 23, 168, 20, 165, 231, 74, 37], [193, 44, 122, 86, 32, 26, 88, 111, 216, 245, 7, 49, 77, 6, 178, 115, 46, 203, 5, 82, 74, 92, 132, 43, 137, 18, 77, 12, 230, 247, 18, 95], [5, 66, 207, 142, 31, 210, 230, 59, 159, 250, 196, 225, 5, 154, 147, 154, 156, 104, 36, 106, 230, 173, 123, 203, 65, 157, 127, 6, 147, 125, 217, 156], [38, 79, 76, 248, 22, 150, 28, 239, 26, 253, 49, 150, 1, 116, 19, 70, 175, 202, 136, 20, 22, 114, 224, 148, 44, 254, 93, 39, 72, 12, 60, 97], [147, 146, 53, 209, 42, 4, 250, 197, 16, 133, 98, 170, 80, 119, 9, 0, 107, 33, 183, 44, 31, 51, 0, 118, 169, 246, 213, 15, 104, 53, 159, 140], [214, 80, 53, 12, 194, 70, 210, 235, 246, 12, 140, 164, 115, 28, 158, 12, 232, 19, 230, 111, 28, 110, 2, 234, 107, 93, 95, 32, 59, 29, 142, 84], [40, 176, 77, 217, 122, 25, 88, 243, 151, 149, 229, 53, 120, 202, 86, 149, 58, 117, 224, 235, 81, 24, 179, 153, 167, 28, 174, 12, 86, 217, 123, 231], [183, 6, 231, 2, 99, 112, 118, 9, 237, 153, 187, 253, 163, 52, 157, 106, 20, 27, 40, 222, 8, 51, 77, 37, 180, 55, 172, 1, 207, 113, 232, 190], [144, 5, 91, 183, 200, 251, 27, 133, 212, 0, 161, 49, 100, 150, 226, 143, 104, 238, 36, 252, 239, 190, 0, 213, 199, 162, 169, 30, 199, 85, 122, 71], [7, 245, 238, 125, 17, 97, 185, 25, 118, 197, 140, 74, 173, 156, 206, 57, 70, 139, 190, 80, 232, 24, 66, 57, 97, 203, 198, 8, 230, 87, 163, 115], [25, 160, 20, 117, 117, 133, 195, 211, 252, 199, 48, 158, 117, 44, 185, 116, 55, 64, 94, 228, 232, 85, 55, 53, 86, 230, 230, 32, 206, 114, 178, 183], [161, 175, 248, 237, 214, 231, 33, 162, 113, 61, 233, 156, 252, 5, 142, 234, 34, 227, 4, 149, 197, 252, 12, 200, 63, 2, 38, 21, 71, 64, 190, 84], [211, 160, 191, 234, 28, 85, 13, 33, 21, 35, 208, 187, 238, 21, 255, 86, 218, 107, 51, 194, 170, 236, 197, 80, 145, 212, 107, 1, 253, 105, 105, 251], [60, 186, 19, 46, 150, 235, 196, 133, 71, 149, 78, 249, 219, 136, 157, 194, 229, 102, 32, 85, 124, 134, 81, 91, 99, 3, 150, 32, 173, 165, 53, 111], [175, 118, 136, 215, 244, 184, 180, 21, 149, 135, 211, 7, 184, 25, 117, 211, 109, 79, 249, 188, 255, 135, 94, 111, 135, 171, 16, 49, 239, 41, 170, 90], [75, 109, 92, 139, 77, 193, 68, 92, 58, 192, 254, 254, 241, 101, 130, 236, 48, 43, 178, 18, 156, 88, 47, 232, 88, 176, 50, 19, 17, 18, 234, 173], [175, 136, 9, 215, 39, 87, 25, 63, 113, 206, 203, 220, 239, 248, 221, 223, 154, 10, 172, 166, 184, 175, 87, 111, 178, 12, 136, 24, 247, 135, 250, 241], [2, 216, 138, 253, 169, 58, 154, 248, 72, 220, 26, 82, 54, 172, 223, 205, 167, 36, 84, 71, 91, 242, 194, 0, 7, 222, 222, 7, 19, 58, 214, 122], [233, 124, 65, 49, 220, 138, 163, 187, 125, 136, 94, 119, 45, 129, 84, 243, 76, 183, 143, 254, 147, 123, 193, 136, 23, 20, 133, 5, 11, 105, 96, 123], [181, 237, 252, 247, 56, 33, 232, 178, 224, 119, 118, 100, 230, 22, 230, 58, 103, 69, 192, 92, 155, 102, 144, 48, 193, 136, 188, 3, 177, 147, 126, 175], [145, 6, 158, 30, 53, 26, 113, 240, 227, 101, 32, 161, 81, 51, 201, 92, 216, 113, 97, 217, 55, 35, 150, 158, 252, 142, 91, 9, 121, 178, 189, 184], [202, 74, 46, 203, 220, 220, 151, 150, 243, 217, 62, 37, 196, 62, 230, 3, 172, 132, 241, 86, 48, 70, 158, 238, 10, 245, 49, 45, 49, 220, 211, 54], [206, 168, 169, 21, 140, 200, 132, 167, 24, 75, 166, 198, 189, 68, 207, 3, 75, 134, 119, 20, 220, 85, 26, 191, 70, 108, 46, 14, 18, 205, 53, 187], [0, 124, 46, 18, 172, 122, 58, 166, 190, 54, 75, 210, 40, 114, 240, 174, 186, 201, 232, 158, 249, 222, 128, 232, 192, 187, 71, 12, 120, 187, 54, 19], [40, 176, 167, 185, 180, 2, 6, 41, 176, 139, 184, 73, 213, 68, 42, 199, 208, 238, 95, 124, 115, 143, 67, 189, 106, 39, 254, 20, 128, 222, 156, 122], [99, 110, 36, 190, 193, 232, 43, 8, 18, 85, 176, 143, 236, 166, 128, 173, 196, 227, 238, 80, 75, 28, 157, 1, 10, 109, 120, 10, 171, 39, 86, 80], [41, 206, 207, 116, 6, 206, 48, 54, 178, 208, 38, 82, 129, 4, 244, 116, 23, 160, 42, 121, 146, 192, 110, 33, 65, 223, 85, 43, 66, 216, 98, 66], [150, 232, 35, 127, 91, 214, 52, 109, 0, 162, 78, 138, 94, 236, 229, 211, 169, 94, 50, 72, 104, 88, 103, 133, 153, 65, 14, 8, 162, 65, 43, 97], [163, 253, 86, 161, 104, 234, 10, 108, 14, 47, 248, 109, 209, 7, 173, 221, 234, 182, 78, 71, 8, 158, 250, 144, 113, 159, 53, 27, 22, 145, 189, 103], [61, 22, 36, 117, 57, 38, 1, 222, 247, 144, 34, 152, 144, 84, 38, 57, 93, 82, 64, 220, 103, 32, 99, 237, 91, 162, 22, 24, 19, 21, 171, 163], [32, 180, 161, 24, 43, 92, 90, 88, 237, 238, 34, 58, 184, 70, 184, 1, 154, 68, 239, 244, 170, 109, 9, 124, 240, 202, 218, 29, 85, 154, 205, 119], [50, 142, 115, 73, 182, 139, 245, 173, 247, 6, 135, 5, 22, 210, 83, 70, 233, 173, 122, 138, 158, 53, 249, 16, 88, 132, 135, 20, 119, 108, 181, 213], [124, 179, 217, 90, 198, 233, 188, 167, 206, 60, 161, 148, 210, 134, 99, 209, 191, 13, 30, 125, 14, 121, 120, 4, 134, 24, 103, 46, 114, 225, 56, 79], [136, 170, 249, 30, 24, 85, 243, 246, 156, 108, 224, 231, 34, 215, 158, 3, 238, 160, 61, 228, 47, 232, 103, 78, 91, 77, 252, 16, 223, 77, 125, 159], [129, 233, 186, 47, 222, 208, 2, 87, 124, 242, 113, 99, 2, 135, 197, 252, 163, 154, 249, 139, 161, 123, 117, 184, 202, 152, 181, 2, 82, 102, 0, 201], [247, 98, 41, 53, 223, 156, 29, 241, 169, 191, 87, 156, 13, 56, 211, 12, 243, 209, 179, 128, 112, 53, 47, 71, 195, 95, 102, 14, 160, 234, 4, 40], [109, 133, 99, 120, 150, 243, 73, 233, 246, 187, 115, 155, 159, 83, 163, 39, 71, 124, 27, 116, 120, 98, 143, 145, 104, 180, 74, 41, 133, 95, 19, 123], [201, 119, 102, 118, 42, 6, 4, 93, 245, 168, 144, 9, 60, 14, 167, 56, 28, 48, 192, 7, 224, 247, 243, 248, 225, 133, 76, 43, 233, 40, 236, 91], [97, 95, 176, 59, 23, 234, 134, 217, 161, 145, 83, 229, 163, 85, 181, 185, 201, 146, 232, 48, 21, 110, 151, 198, 100, 10, 18, 19, 23, 17, 112, 220], [190, 165, 170, 245, 31, 231, 84, 24, 32, 173, 36, 128, 97, 42, 205, 191, 167, 50, 151, 41, 41, 148, 198, 106, 183, 80, 141, 35, 29, 245, 36, 205], [229, 7, 136, 234, 175, 9, 225, 241, 160, 185, 126, 25, 240, 45, 126, 100, 101, 250, 64, 199, 156, 79, 178, 191, 157, 201, 34, 20, 157, 102, 138, 189], [18, 54, 127, 135, 55, 167, 117, 237, 154, 86, 181, 62, 171, 198, 156, 37, 69, 45, 129, 223, 109, 17, 196, 79, 124, 187, 224, 6, 154, 213, 99, 70], [87, 85, 141, 35, 181, 208, 73, 34, 77, 106, 225, 135, 19, 43, 137, 9, 220, 32, 89, 168, 91, 119, 28, 237, 186, 67, 48, 33, 90, 69, 60, 23], [230, 138, 235, 29, 72, 68, 107, 126, 1, 141, 49, 188, 1, 149, 135, 194, 91, 148, 220, 152, 154, 46, 91, 218, 245, 70, 95, 46, 120, 214, 202, 210], [97, 82, 146, 182, 96, 158, 151, 199, 87, 169, 57, 56, 134, 165, 99, 230, 177, 146, 22, 117, 181, 141, 61, 207, 182, 130, 108, 7, 120, 38, 188, 44], [106, 1, 63, 53, 18, 168, 141, 204, 71, 2, 204, 73, 16, 66, 49, 169, 130, 72, 34, 194, 210, 255, 129, 226, 100, 171, 27, 20, 99, 116, 226, 171], [186, 191, 5, 13, 158, 248, 238, 56, 84, 137, 209, 85, 252, 149, 204, 119, 218, 253, 8, 158, 43, 206, 7, 189, 88, 90, 15, 49, 156, 203, 10, 222], [107, 91, 118, 192, 188, 41, 128, 200, 66, 249, 129, 28, 229, 132, 137, 92, 215, 43, 230, 191, 127, 76, 233, 84, 100, 146, 152, 0, 0, 47, 183, 255], [217, 206, 14, 37, 187, 196, 200, 141, 68, 98, 178, 32, 138, 92, 225, 89, 114, 32, 89, 185, 89, 77, 13, 116, 88, 101, 248, 29, 240, 115, 58, 179], [121, 97, 173, 64, 64, 187, 7, 39, 24, 173, 232, 223, 195, 198, 117, 253, 22, 97, 8, 250, 80, 116, 202, 41, 254, 142, 195, 39, 224, 148, 57, 85], [150, 0, 204, 144, 65, 216, 102, 97, 213, 227, 92, 255, 143, 207, 220, 64, 149, 166, 50, 30, 252, 148, 153, 64, 96, 252, 94, 27, 203, 163, 154, 214], [191, 115, 75, 35, 7, 200, 132, 144, 254, 179, 255, 200, 236, 35, 55, 173, 16, 114, 9, 125, 188, 227, 109, 56, 134, 21, 165, 4, 219, 29, 62, 172], [54, 172, 248, 219, 237, 177, 196, 187, 122, 185, 0, 73, 43, 175, 156, 103, 179, 224, 148, 97, 243, 80, 52, 156, 23, 24, 202, 33, 166, 98, 0, 241], [107, 76, 136, 133, 29, 1, 137, 242, 205, 38, 228, 63, 153, 48, 0, 159, 192, 27, 48, 93, 218, 193, 132, 6, 39, 102, 34, 8, 120, 98, 243, 88], [76, 43, 195, 236, 212, 89, 52, 228, 243, 183, 204, 130, 74, 235, 62, 3, 236, 172, 70, 201, 181, 140, 231, 165, 87, 26, 1, 24, 149, 43, 197, 134], [154, 207, 125, 213, 197, 82, 114, 143, 193, 218, 216, 183, 110, 102, 122, 76, 146, 158, 54, 93, 71, 117, 84, 150, 131, 105, 234, 48, 72, 132, 20, 70], [100, 128, 238, 210, 225, 48, 189, 211, 147, 100, 196, 163, 69, 191, 193, 60, 56, 94, 197, 115, 145, 238, 247, 66, 236, 212, 119, 15, 5, 139, 254, 118], [109, 164, 208, 235, 109, 11, 235, 179, 160, 196, 236, 156, 13, 153, 76, 60, 255, 30, 201, 174, 229, 161, 108, 31, 27, 143, 225, 10, 166, 117, 61, 74], [216, 233, 128, 253, 189, 76, 61, 79, 98, 206, 106, 10, 106, 138, 139, 188, 121, 80, 18, 234, 236, 50, 140, 227, 146, 199, 90, 37, 206, 109, 23, 156], [16, 235, 88, 225, 249, 11, 183, 100, 127, 252, 174, 90, 25, 120, 83, 198, 215, 96, 244, 225, 19, 77, 175, 98, 229, 74, 180, 25, 186, 179, 67, 221], [169, 70, 241, 88, 207, 54, 169, 29, 114, 94, 206, 177, 154, 188, 153, 163, 179, 37, 140, 123, 19, 131, 165, 58, 124, 81, 126, 15, 27, 25, 201, 109], [74, 178, 248, 137, 65, 8, 115, 130, 178, 40, 48, 199, 134, 37, 245, 163, 235, 144, 34, 184, 144, 120, 68, 66, 48, 111, 249, 47, 45, 70, 18, 143], [27, 185, 145, 64, 238, 62, 67, 131, 40, 46, 212, 195, 178, 93, 44, 6, 92, 32, 181, 233, 112, 185, 244, 88, 198, 55, 59, 16, 119, 193, 200, 180], [153, 124, 35, 209, 216, 138, 162, 225, 127, 121, 33, 245, 43, 228, 243, 212, 254, 226, 185, 139, 208, 214, 254, 157, 89, 19, 224, 30, 20, 34, 2, 219], [231, 72, 218, 245, 115, 130, 157, 67, 125, 57, 214, 69, 104, 92, 16, 109, 87, 181, 82, 25, 224, 121, 92, 35, 172, 46, 109, 38, 201, 91, 35, 193], [190, 9, 233, 241, 47, 131, 128, 58, 205, 29, 81, 63, 81, 250, 204, 8, 134, 5, 169, 125, 191, 230, 202, 12, 171, 161, 146, 40, 59, 208, 26, 255], [84, 125, 37, 59, 19, 10, 115, 12, 6, 114, 124, 72, 187, 62, 229, 84, 27, 205, 20, 4, 251, 169, 12, 168, 5, 132, 132, 27, 225, 65, 188, 149], [201, 10, 45, 246, 123, 0, 116, 226, 205, 171, 190, 209, 54, 2, 195, 102, 66, 119, 129, 70, 29, 122, 56, 146, 43, 7, 131, 13, 0, 109, 104, 206], [170, 174, 176, 6, 210, 84, 2, 97, 189, 206, 84, 1, 156, 221, 131, 199, 134, 253, 138, 59, 74, 147, 236, 204, 2, 93, 37, 28, 14, 227, 30, 172], [249, 161, 157, 128, 74, 148, 91, 118, 225, 228, 186, 233, 182, 9, 241, 123, 161, 171, 169, 253, 17, 34, 141, 114, 84, 74, 121, 30, 137, 201, 59, 207], [182, 138, 239, 31, 56, 30, 231, 32, 86, 190, 69, 1, 230, 170, 134, 32, 84, 10, 155, 131, 151, 164, 178, 126, 92, 13, 222, 26, 247, 75, 138, 178], [246, 223, 1, 181, 149, 222, 10, 46, 116, 193, 180, 59, 64, 225, 116, 200, 172, 240, 8, 107, 70, 99, 160, 219, 224, 80, 80, 16, 253, 250, 125, 87], [160, 119, 247, 255, 225, 46, 9, 31, 247, 18, 6, 94, 88, 98, 224, 39, 213, 8, 20, 86, 149, 76, 57, 230, 113, 4, 67, 35, 78, 40, 121, 138], [73, 196, 183, 118, 172, 98, 86, 32, 15, 217, 50, 10, 194, 78, 31, 188, 0, 75, 65, 159, 33, 56, 76, 185, 21, 27, 28, 13, 138, 164, 51, 107], [79, 214, 227, 177, 236, 210, 174, 85, 71, 36, 55, 216, 85, 203, 151, 146, 153, 160, 88, 132, 195, 183, 1, 239, 123, 147, 223, 45, 229, 125, 255, 206], [249, 86, 154, 65, 180, 122, 16, 120, 172, 253, 72, 219, 23, 6, 135, 184, 233, 222, 15, 22, 231, 243, 251, 178, 53, 90, 18, 1, 160, 174, 170, 78], [39, 46, 12, 80, 209, 190, 149, 45, 54, 172, 220, 186, 179, 81, 62, 86, 242, 137, 94, 181, 90, 5, 170, 195, 229, 108, 84, 22, 186, 126, 186, 91], [50, 80, 206, 4, 176, 156, 5, 205, 233, 159, 168, 61, 7, 97, 58, 63, 150, 35, 49, 133, 239, 243, 211, 142, 182, 79, 228, 6, 87, 218, 214, 10], [81, 24, 183, 208, 240, 161, 93, 74, 166, 122, 251, 100, 29, 185, 181, 136, 112, 105, 194, 148, 80, 38, 164, 240, 241, 121, 181, 7, 133, 231, 156, 164], [124, 189, 226, 104, 131, 27, 113, 26, 91, 139, 143, 73, 98, 120, 245, 137, 23, 152, 154, 77, 56, 176, 181, 171, 189, 79, 80, 2, 16, 139, 205, 55], [53, 230, 70, 154, 22, 198, 22, 223, 117, 112, 93, 30, 14, 83, 183, 89, 225, 114, 120, 10, 28, 233, 4, 52, 184, 9, 109, 24, 181, 69, 225, 183], [254, 95, 216, 142, 119, 6, 163, 218, 220, 131, 223, 79, 136, 30, 56, 151, 65, 130, 68, 11, 139, 202, 101, 210, 214, 105, 172, 21, 66, 185, 136, 178], [21, 29, 95, 247, 225, 81, 128, 30, 202, 207, 30, 209, 237, 102, 42, 100, 34, 160, 37, 152, 214, 234, 18, 208, 56, 45, 63, 16, 5, 215, 190, 21], [155, 165, 211, 220, 202, 214, 168, 148, 106, 253, 29, 104, 249, 132, 235, 106, 72, 70, 115, 247, 12, 166, 234, 237, 231, 205, 59, 42, 213, 242, 24, 43], [119, 184, 11, 162, 164, 38, 83, 121, 52, 37, 143, 105, 92, 143, 87, 251, 206, 74, 239, 26, 36, 184, 132, 203, 255, 247, 67, 44, 176, 55, 69, 73], [236, 198, 114, 203, 22, 229, 84, 126, 79, 213, 123, 136, 114, 227, 43, 39, 63, 56, 35, 233, 59, 109, 219, 27, 176, 186, 196, 8, 252, 65, 58, 137], [175, 173, 35, 34, 234, 70, 139, 171, 168, 233, 72, 52, 167, 128, 54, 150, 28, 184, 69, 112, 75, 160, 108, 183, 23, 196, 115, 31, 90, 152, 243, 162], [248, 11, 207, 47, 189, 134, 239, 239, 214, 199, 125, 254, 95, 100, 216, 64, 29, 56, 194, 57, 229, 236, 171, 39, 74, 228, 89, 39, 52, 252, 34, 43], [223, 218, 2, 235, 28, 252, 63, 244, 95, 78, 90, 216, 132, 32, 77, 52, 157, 209, 10, 168, 67, 253, 133, 44, 142, 122, 198, 14, 236, 164, 51, 45], [141, 191, 140, 137, 253, 35, 1, 19, 227, 144, 96, 50, 157, 18, 137, 52, 11, 231, 235, 141, 100, 22, 186, 104, 202, 81, 196, 10, 8, 183, 60, 75], [213, 17, 99, 106, 34, 185, 190, 40, 211, 184, 254, 177, 188, 218, 30, 239, 20, 52, 61, 47, 15, 216, 173, 189, 218, 32, 60, 16, 244, 189, 77, 82], [165, 146, 185, 168, 3, 11, 48, 251, 239, 159, 12, 200, 185, 236, 140, 116, 107, 174, 232, 239, 1, 226, 18, 180, 92, 17, 45, 12, 79, 118, 163, 37], [141, 219, 136, 214, 111, 210, 32, 50, 119, 189, 24, 145, 186, 112, 114, 192, 247, 32, 26, 220, 23, 80, 77, 32, 209, 78, 2, 18, 171, 201, 0, 245], [142, 143, 65, 90, 38, 137, 181, 180, 146, 133, 75, 233, 118, 110, 213, 222, 121, 230, 136, 223, 234, 98, 9, 3, 113, 129, 17, 12, 195, 230, 86, 189], [161, 56, 148, 229, 9, 109, 4, 8, 34, 171, 247, 235, 230, 182, 176, 158, 219, 141, 73, 120, 128, 176, 185, 217, 236, 123, 37, 46, 139, 219, 29, 54], [170, 220, 50, 211, 77, 4, 128, 116, 40, 136, 229, 165, 183, 171, 49, 87, 214, 183, 20, 66, 236, 30, 42, 54, 99, 100, 253, 24, 125, 4, 47, 245], [156, 158, 85, 78, 15, 163, 10, 115, 14, 58, 16, 217, 156, 144, 96, 200, 167, 4, 48, 197, 202, 204, 105, 172, 210, 247, 234, 28, 101, 21, 249, 190], [144, 178, 154, 251, 87, 207, 34, 239, 141, 219, 140, 184, 51, 219, 66, 132, 204, 227, 122, 254, 239, 171, 54, 162, 169, 83, 161, 6, 220, 147, 59, 18], [155, 117, 224, 183, 221, 58, 213, 203, 27, 254, 193, 61, 202, 217, 75, 88, 121, 13, 126, 149, 98, 194, 35, 193, 170, 40, 49, 25, 68, 34, 5, 23], [69, 240, 72, 227, 134, 127, 32, 107, 199, 253, 1, 246, 230, 70, 92, 96, 98, 63, 44, 62, 26, 168, 86, 164, 196, 209, 8, 45, 85, 37, 57, 44], [177, 100, 58, 239, 244, 35, 100, 239, 70, 54, 41, 154, 130, 200, 193, 132, 123, 113, 33, 54, 177, 193, 171, 96, 171, 207, 239, 29, 36, 182, 197, 218], [176, 169, 61, 128, 17, 43, 80, 66, 181, 2, 109, 181, 216, 109, 156, 44, 178, 225, 215, 213, 92, 71, 83, 40, 228, 214, 243, 47, 237, 182, 57, 206], [241, 39, 190, 227, 104, 217, 117, 106, 225, 48, 75, 228, 22, 227, 215, 114, 48, 56, 207, 110, 208, 41, 149, 177, 101, 186, 225, 27, 186, 105, 231, 177], [131, 121, 159, 180, 223, 34, 60, 98, 8, 91, 178, 116, 158, 182, 229, 163, 157, 34, 145, 117, 130, 2, 189, 217, 182, 104, 128, 12, 43, 196, 0, 31], [242, 30, 237, 208, 139, 74, 144, 159, 199, 227, 14, 119, 126, 82, 151, 190, 181, 206, 69, 35, 196, 237, 159, 218, 29, 220, 92, 10, 34, 234, 88, 12], [175, 179, 146, 82, 16, 252, 108, 140, 54, 18, 22, 65, 101, 92, 36, 172, 153, 85, 77, 77, 215, 85, 11, 17, 193, 154, 105, 10, 185, 91, 235, 113], [14, 65, 232, 237, 151, 219, 146, 239, 113, 109, 97, 35, 174, 115, 72, 31, 94, 95, 254, 232, 237, 46, 151, 157, 87, 176, 194, 0, 251, 239, 245, 140], [116, 228, 100, 118, 19, 142, 0, 27, 14, 133, 204, 180, 126, 117, 65, 32, 12, 247, 211, 196, 233, 246, 76, 2, 1, 127, 56, 44, 217, 151, 58, 248], [138, 6, 238, 68, 167, 165, 176, 198, 79, 161, 251, 49, 146, 178, 233, 240, 46, 29, 183, 111, 33, 27, 203, 232, 185, 185, 152, 34, 38, 43, 35, 209], [38, 186, 233, 170, 104, 27, 226, 88, 232, 239, 132, 13, 114, 60, 19, 254, 159, 63, 227, 31, 235, 205, 146, 6, 197, 15, 79, 9, 67, 16, 22, 153], [114, 28, 161, 237, 72, 130, 103, 228, 153, 36, 138, 100, 202, 111, 163, 143, 52, 10, 191, 158, 191, 193, 134, 49, 61, 23, 85, 18, 204, 124, 96, 16], [67, 171, 18, 211, 18, 205, 6, 56, 74, 215, 154, 99, 118, 218, 167, 129, 182, 162, 112, 181, 186, 87, 149, 60, 88, 116, 187, 45, 47, 38, 68, 81], [70, 62, 42, 212, 12, 115, 229, 11, 49, 20, 98, 87, 18, 183, 125, 192, 197, 227, 54, 127, 47, 16, 29, 107, 129, 249, 224, 44, 212, 132, 123, 198], [105, 211, 228, 72, 150, 17, 147, 228, 64, 241, 29, 66, 80, 213, 107, 135, 59, 153, 175, 117, 21, 235, 248, 48, 56, 92, 25, 20, 206, 22, 97, 45], [189, 7, 175, 82, 71, 223, 253, 181, 91, 223, 172, 180, 61, 235, 104, 173, 81, 77, 90, 144, 34, 251, 239, 96, 14, 238, 222, 38, 70, 217, 220, 193], [237, 177, 136, 178, 29, 78, 205, 191, 171, 240, 186, 188, 32, 23, 22, 72, 118, 139, 113, 146, 69, 53, 119, 75, 191, 104, 63, 8, 250, 236, 80, 247], [10, 90, 34, 170, 125, 214, 203, 196, 73, 112, 22, 216, 54, 106, 242, 195, 253, 165, 21, 41, 197, 121, 138, 39, 142, 150, 99, 36, 240, 94, 214, 20], [218, 62, 81, 118, 221, 110, 68, 16, 40, 73, 206, 118, 169, 5, 21, 50, 147, 82, 96, 46, 229, 158, 5, 190, 27, 154, 213, 20, 201, 116, 168, 152], [228, 209, 62, 52, 108, 59, 150, 229, 230, 114, 191, 183, 102, 219, 125, 122, 194, 69, 233, 186, 246, 87, 117, 248, 158, 141, 182, 16, 172, 123, 73, 235], [79, 83, 1, 42, 181, 155, 138, 158, 149, 175, 106, 199, 134, 213, 150, 143, 6, 38, 24, 220, 57, 192, 215, 90, 137, 44, 71, 12, 236, 113, 106, 67], [39, 103, 188, 69, 164, 211, 236, 65, 127, 198, 100, 228, 228, 121, 182, 237, 123, 115, 40, 49, 48, 170, 124, 82, 98, 47, 208, 39, 254, 54, 113, 121], [59, 183, 167, 254, 130, 147, 87, 95, 250, 24, 220, 249, 67, 227, 145, 229, 24, 117, 4, 180, 165, 225, 0, 127, 197, 207, 154, 30, 179, 124, 207, 216], [235, 15, 106, 192, 147, 31, 138, 218, 70, 115, 219, 64, 168, 207, 144, 187, 254, 108, 80, 69, 45, 51, 196, 171, 27, 161, 70, 14, 147, 92, 141, 185], [106, 13, 200, 80, 114, 16, 198, 251, 245, 253, 247, 13, 72, 244, 179, 24, 81, 134, 32, 203, 232, 209, 137, 57, 81, 140, 49, 36, 13, 122, 163, 50], [238, 84, 49, 91, 218, 1, 247, 179, 26, 151, 247, 23, 128, 104, 112, 167, 10, 43, 127, 214, 246, 129, 166, 164, 173, 108, 231, 25, 144, 130, 129, 92], [98, 216, 29, 50, 28, 253, 110, 23, 230, 99, 119, 194, 175, 57, 116, 77, 227, 171, 62, 197, 227, 10, 110, 11, 2, 6, 33, 33, 73, 122, 61, 123], [150, 208, 164, 36, 221, 142, 61, 127, 120, 182, 186, 204, 136, 167, 190, 78, 106, 37, 27, 247, 231, 67, 78, 171, 21, 118, 85, 16, 153, 248, 73, 129], [109, 95, 182, 235, 194, 118, 188, 224, 5, 158, 68, 13, 38, 17, 121, 165, 190, 58, 45, 189, 76, 6, 150, 225, 202, 118, 18, 45, 108, 23, 117, 34], [210, 171, 201, 95, 117, 114, 247, 125, 154, 10, 181, 137, 96, 137, 75, 20, 56, 178, 113, 103, 177, 231, 131, 196, 188, 4, 65, 7, 0, 232, 229, 7], [154, 104, 128, 100, 216, 84, 139, 119, 28, 65, 91, 226, 212, 162, 58, 211, 124, 160, 21, 161, 166, 134, 100, 69, 211, 10, 163, 27, 198, 103, 228, 181], [209, 243, 78, 80, 241, 225, 249, 242, 222, 173, 174, 173, 175, 228, 15, 146, 136, 183, 27, 82, 58, 99, 71, 5, 70, 99, 219, 30, 218, 164, 42, 54], [93, 55, 163, 119, 109, 46, 73, 228, 175, 59, 40, 55, 99, 20, 217, 51, 252, 100, 41, 39, 251, 47, 191, 58, 86, 178, 129, 3, 184, 121, 51, 235], [137, 20, 87, 0, 57, 156, 182, 197, 130, 117, 142, 28, 9, 116, 51, 230, 143, 90, 241, 220, 91, 172, 205, 36, 223, 14, 70, 27, 39, 167, 188, 161], [109, 231, 133, 183, 3, 68, 211, 183, 136, 21, 108, 186, 89, 234, 50, 15, 206, 234, 145, 79, 40, 236, 55, 165, 174, 47, 89, 29, 13, 209, 59, 19], [217, 226, 85, 94, 195, 189, 26, 77, 212, 6, 33, 9, 174, 238, 101, 53, 209, 125, 171, 221, 207, 75, 29, 44, 41, 138, 22, 15, 138, 222, 51, 11], [199, 85, 67, 108, 130, 147, 171, 154, 114, 224, 60, 70, 108, 190, 47, 109, 55, 226, 117, 246, 214, 15, 207, 142, 3, 116, 61, 2, 251, 33, 191, 176], [125, 103, 182, 100, 133, 104, 178, 59, 109, 174, 0, 165, 132, 79, 45, 217, 76, 32, 95, 55, 159, 187, 42, 117, 94, 234, 237, 2, 207, 138, 203, 15], [107, 141, 103, 67, 163, 206, 243, 64, 200, 131, 250, 17, 109, 25, 47, 242, 239, 116, 86, 229, 234, 180, 200, 9, 162, 33, 12, 21, 208, 236, 142, 225], [4, 191, 61, 27, 150, 150, 183, 77, 203, 89, 5, 143, 62, 31, 77, 225, 94, 118, 23, 205, 176, 132, 53, 178, 250, 118, 46, 36, 60, 124, 37, 248], [75, 168, 92, 138, 83, 131, 238, 95, 4, 201, 182, 45, 209, 223, 238, 182, 11, 140, 211, 170, 241, 77, 168, 105, 53, 43, 9, 30, 94, 117, 96, 43], [104, 175, 168, 204, 222, 48, 159, 127, 249, 213, 184, 29, 104, 64, 168, 169, 187, 102, 117, 108, 193, 55, 218, 25, 74, 93, 29, 36, 4, 72, 31, 170], [0, 74, 113, 90, 74, 129, 236, 153, 169, 213, 157, 17, 90, 157, 92, 189, 40, 131, 38, 28, 11, 122, 28, 14, 40, 166, 197, 7, 135, 82, 241, 210], [66, 65, 233, 81, 140, 163, 172, 108, 181, 121, 3, 162, 137, 251, 75, 95, 160, 54, 46, 9, 160, 143, 160, 164, 92, 222, 112, 20, 206, 96, 239, 58], [190, 167, 70, 57, 15, 190, 136, 181, 145, 140, 206, 100, 141, 82, 96, 217, 230, 229, 240, 78, 80, 248, 234, 64, 71, 66, 250, 17, 200, 180, 90, 119], [84, 252, 68, 140, 72, 117, 223, 14, 220, 233, 150, 98, 111, 234, 126, 19, 246, 130, 158, 147, 124, 229, 63, 124, 133, 214, 131, 46, 6, 83, 52, 149], [61, 242, 202, 209, 65, 164, 114, 151, 146, 133, 211, 181, 98, 246, 162, 137, 161, 86, 249, 4, 186, 82, 58, 186, 19, 166, 120, 30, 230, 76, 206, 139], [136, 76, 100, 193, 20, 173, 84, 24, 62, 54, 183, 138, 68, 73, 189, 86, 193, 242, 204, 192, 239, 39, 210, 77, 112, 14, 105, 27, 126, 216, 10, 49], [35, 170, 39, 96, 14, 45, 82, 17, 167, 140, 43, 249, 201, 27, 27, 69, 220, 219, 85, 32, 111, 144, 36, 217, 235, 106, 213, 35, 40, 85, 243, 203], [33, 156, 63, 95, 215, 9, 237, 199, 172, 205, 149, 65, 147, 239, 216, 184, 7, 59, 163, 60, 100, 222, 142, 203, 206, 29, 158, 46, 241, 26, 63, 7], [130, 26, 236, 55, 41, 126, 103, 175, 242, 20, 161, 242, 20, 184, 136, 198, 56, 117, 128, 128, 100, 31, 29, 105, 91, 180, 189, 38, 170, 80, 107, 194], [53, 153, 252, 112, 31, 38, 217, 238, 92, 93, 114, 243, 183, 197, 157, 86, 211, 186, 93, 2, 139, 163, 99, 14, 45, 158, 204, 43, 12, 14, 18, 145], [28, 164, 180, 48, 217, 41, 134, 166, 67, 147, 33, 46, 184, 193, 161, 176, 99, 30, 111, 231, 156, 129, 94, 217, 254, 114, 194, 36, 114, 151, 78, 118], [20, 36, 169, 123, 61, 146, 181, 77, 251, 155, 96, 150, 67, 63, 57, 48, 44, 184, 217, 229, 225, 107, 227, 45, 204, 116, 191, 2, 86, 214, 109, 240], [207, 40, 204, 210, 195, 130, 59, 214, 191, 79, 238, 73, 104, 111, 10, 35, 179, 124, 95, 189, 215, 189, 126, 81, 59, 231, 121, 38, 158, 231, 130, 70], [117, 134, 83, 52, 112, 90, 60, 17, 132, 61, 250, 130, 127, 124, 229, 179, 19, 97, 124, 178, 226, 100, 81, 98, 66, 97, 54, 37, 231, 9, 14, 3], [141, 234, 171, 180, 216, 40, 40, 200, 65, 33, 200, 201, 218, 179, 99, 134, 120, 236, 36, 75, 238, 220, 236, 115, 32, 244, 32, 5, 85, 246, 33, 126], [66, 221, 121, 241, 116, 149, 72, 117, 201, 162, 207, 87, 194, 90, 196, 231, 7, 106, 44, 152, 140, 142, 34, 123, 44, 120, 247, 25, 218, 35, 236, 229], [206, 111, 236, 147, 98, 17, 88, 78, 214, 50, 6, 106, 162, 162, 159, 112, 36, 249, 112, 166, 68, 81, 217, 102, 110, 232, 99, 6, 202, 55, 10, 88], [24, 89, 60, 199, 89, 7, 64, 131, 202, 5, 199, 168, 145, 17, 210, 44, 117, 41, 87, 221, 118, 130, 229, 212, 225, 196, 122, 40, 189, 198, 53, 81], [254, 254, 249, 197, 9, 246, 124, 161, 59, 65, 52, 40, 32, 231, 144, 148, 237, 241, 20, 193, 130, 155, 43, 42, 159, 83, 36, 26, 97, 17, 107, 49], [15, 172, 124, 63, 103, 129, 225, 153, 254, 166, 212, 240, 199, 78, 219, 126, 8, 82, 82, 237, 228, 232, 199, 129, 62, 124, 101, 6, 199, 150, 44, 126], [93, 11, 159, 140, 126, 220, 14, 171, 179, 7, 193, 7, 183, 197, 82, 114, 203, 50, 93, 197, 11, 253, 133, 239, 149, 169, 138, 20, 139, 136, 93, 57], [121, 83, 86, 238, 106, 252, 97, 217, 11, 175, 13, 105, 193, 214, 147, 187, 27, 50, 139, 127, 190, 116, 236, 44, 20, 7, 100, 10, 198, 244, 145, 164], [96, 244, 165, 208, 166, 243, 81, 230, 98, 205, 151, 213, 85, 223, 111, 156, 7, 241, 45, 115, 249, 44, 233, 121, 31, 227, 190, 6, 165, 69, 140, 85], [115, 27, 33, 97, 117, 187, 170, 17, 57, 51, 90, 66, 235, 113, 134, 57, 157, 234, 23, 183, 178, 10, 105, 18, 29, 82, 225, 43, 40, 64, 124, 88], [42, 57, 72, 209, 42, 207, 73, 144, 49, 168, 224, 244, 199, 26, 153, 228, 201, 36, 94, 232, 246, 34, 248, 96, 1, 6, 123, 27, 68, 78, 99, 14], [132, 209, 77, 164, 87, 246, 178, 44, 44, 58, 120, 100, 166, 241, 83, 103, 101, 44, 113, 155, 64, 117, 88, 76, 175, 55, 235, 30, 83, 247, 246, 126], [41, 112, 85, 79, 59, 91, 240, 32, 226, 20, 227, 81, 125, 213, 77, 231, 193, 234, 62, 56, 45, 131, 31, 134, 253, 67, 2, 39, 255, 86, 250, 76], [213, 99, 49, 155, 197, 210, 60, 206, 173, 48, 168, 67, 21, 64, 133, 120, 169, 208, 238, 199, 80, 99, 90, 250, 90, 107, 246, 7, 77, 198, 111, 96], [127, 65, 63, 126, 6, 113, 253, 239, 106, 55, 120, 179, 16, 13, 178, 207, 47, 118, 199, 179, 234, 253, 101, 121, 180, 124, 220, 3, 104, 242, 38, 11], [22, 17, 174, 69, 193, 226, 36, 204, 37, 164, 15, 217, 67, 227, 167, 183, 223, 227, 134, 38, 9, 6, 69, 43, 149, 222, 185, 34, 167, 177, 35, 16], [90, 29, 155, 157, 28, 215, 36, 252, 211, 163, 82, 101, 242, 244, 247, 119, 28, 219, 206, 50, 208, 59, 221, 76, 50, 53, 121, 21, 113, 247, 88, 218], [112, 116, 236, 222, 32, 54, 84, 87, 54, 228, 170, 154, 97, 17, 9, 109, 216, 228, 9, 95, 38, 227, 68, 141, 244, 102, 72, 26, 7, 141, 246, 36], [67, 219, 236, 149, 197, 48, 152, 177, 200, 243, 175, 106, 237, 161, 16, 26, 110, 200, 107, 166, 76, 85, 130, 38, 190, 14, 199, 36, 232, 105, 140, 86], [137, 228, 31, 232, 121, 38, 73, 144, 131, 242, 199, 101, 176, 119, 56, 83, 165, 80, 201, 223, 200, 10, 9, 2, 209, 109, 39, 27, 234, 28, 79, 251], [40, 144, 240, 1, 169, 57, 123, 162, 129, 172, 142, 53, 223, 253, 84, 207, 96, 115, 118, 225, 251, 6, 2, 120, 127, 97, 62, 14, 85, 186, 177, 188], [36, 36, 60, 163, 55, 128, 186, 29, 215, 242, 153, 241, 170, 233, 163, 24, 172, 113, 18, 54, 52, 212, 199, 94, 76, 230, 5, 11, 40, 87, 136, 120], [228, 105, 212, 171, 118, 227, 98, 250, 59, 49, 119, 37, 230, 221, 37, 12, 216, 149, 94, 247, 235, 182, 253, 255, 158, 125, 214, 23, 56, 160, 37, 69], [188, 213, 214, 182, 180, 126, 81, 179, 54, 48, 16, 183, 6, 212, 169, 95, 39, 124, 222, 164, 34, 171, 216, 5, 49, 38, 228, 5, 77, 147, 63, 2], [116, 77, 12, 204, 75, 74, 238, 232, 51, 206, 51, 146, 145, 65, 212, 55, 251, 246, 31, 15, 214, 248, 169, 166, 59, 250, 86, 33, 34, 116, 237, 12], [236, 198, 117, 63, 222, 220, 21, 221, 0, 62, 140, 211, 199, 54, 124, 76, 176, 80, 161, 158, 135, 169, 161, 122, 43, 144, 137, 14, 25, 94, 232, 67], [23, 192, 198, 167, 167, 185, 65, 36, 148, 59, 170, 158, 163, 211, 37, 55, 249, 119, 106, 74, 236, 87, 162, 96, 21, 29, 147, 0, 62, 247, 9, 216], [106, 218, 189, 178, 105, 148, 131, 87, 181, 43, 231, 240, 39, 244, 226, 239, 202, 7, 239, 6, 91, 95, 40, 227, 56, 242, 167, 17, 94, 4, 126, 103], [232, 52, 226, 79, 67, 163, 10, 135, 29, 232, 102, 77, 204, 171, 155, 191, 198, 94, 120, 32, 43, 119, 25, 77, 73, 253, 33, 47, 145, 46, 17, 17], [141, 210, 48, 5, 7, 156, 82, 145, 181, 44, 213, 203, 92, 202, 63, 83, 184, 5, 105, 246, 132, 5, 226, 254, 147, 130, 181, 43, 238, 179, 129, 35], [0, 119, 75, 69, 89, 65, 243, 94, 66, 198, 228, 183, 25, 138, 102, 32, 182, 168, 31, 200, 62, 249, 149, 27, 46, 231, 110, 1, 16, 201, 73, 211], [78, 102, 187, 158, 7, 124, 136, 96, 4, 193, 15, 234, 60, 251, 244, 0, 42, 121, 6, 35, 67, 243, 84, 255, 138, 132, 215, 32, 163, 140, 72, 3], [200, 80, 35, 12, 160, 208, 20, 99, 206, 113, 156, 92, 113, 2, 179, 145, 195, 68, 15, 48, 164, 44, 36, 205, 182, 220, 132, 16, 140, 151, 46, 209], [47, 13, 233, 96, 49, 128, 209, 41, 171, 137, 99, 163, 117, 180, 20, 67, 88, 134, 93, 215, 48, 13, 121, 123, 145, 152, 126, 35, 238, 219, 57, 4], [107, 125, 8, 8, 128, 211, 189, 123, 133, 72, 56, 199, 65, 250, 202, 168, 126, 60, 240, 190, 230, 128, 203, 183, 63, 153, 235, 42, 123, 65, 174, 202], [54, 42, 152, 19, 226, 86, 234, 157, 172, 174, 147, 75, 7, 226, 67, 125, 109, 113, 61, 172, 116, 13, 132, 214, 109, 87, 195, 18, 191, 241, 116, 62], [215, 178, 12, 109, 170, 71, 39, 124, 139, 22, 17, 94, 5, 173, 176, 121, 176, 248, 240, 114, 252, 113, 165, 200, 93, 103, 255, 27, 109, 12, 176, 165], [213, 70, 98, 86, 19, 102, 224, 15, 186, 6, 214, 23, 233, 150, 204, 117, 96, 85, 182, 113, 133, 26, 27, 254, 91, 185, 166, 24, 61, 231, 230, 71], [1, 59, 225, 101, 206, 113, 19, 194, 0, 13, 149, 30, 180, 144, 30, 125, 117, 101, 81, 91, 159, 78, 248, 229, 252, 223, 5, 38, 241, 237, 2, 52], [184, 190, 107, 135, 121, 191, 136, 63, 86, 71, 191, 228, 93, 243, 182, 148, 232, 0, 250, 241, 129, 99, 81, 21, 40, 181, 45, 44, 209, 55, 158, 82], [44, 249, 157, 179, 18, 30, 190, 73, 251, 246, 56, 100, 206, 159, 195, 246, 93, 165, 72, 103, 255, 157, 63, 88, 170, 168, 2, 48, 21, 194, 243, 87], [110, 141, 153, 20, 6, 101, 151, 131, 18, 11, 166, 172, 178, 89, 33, 166, 41, 49, 32, 254, 187, 252, 115, 219, 80, 99, 243, 43, 56, 6, 227, 223], [137, 122, 53, 158, 136, 177, 7, 61, 127, 216, 190, 10, 232, 55, 247, 201, 64, 139, 97, 170, 185, 57, 165, 7, 177, 8, 78, 8, 144, 102, 84, 121], [222, 153, 162, 75, 149, 105, 178, 98, 194, 212, 195, 106, 162, 13, 69, 19, 246, 214, 255, 38, 247, 189, 198, 186, 98, 139, 241, 17, 117, 235, 108, 27], [233, 28, 105, 123, 105, 23, 200, 78, 40, 149, 241, 59, 154, 94, 49, 203, 68, 40, 149, 122, 64, 2, 166, 222, 252, 59, 80, 43, 155, 68, 145, 212], [118, 178, 154, 106, 21, 178, 57, 55, 80, 142, 207, 95, 223, 137, 55, 226, 66, 214, 134, 81, 63, 241, 80, 187, 187, 180, 155, 6, 94, 97, 235, 121], [1, 8, 154, 208, 195, 236, 155, 75, 31, 163, 18, 113, 140, 71, 117, 123, 86, 26, 217, 194, 112, 94, 0, 28, 254, 143, 76, 11, 189, 81, 18, 28], [253, 0, 4, 142, 194, 220, 1, 40, 225, 153, 180, 134, 67, 110, 210, 187, 64, 203, 8, 98, 25, 253, 5, 14, 134, 200, 127, 41, 204, 63, 60, 66], [20, 83, 17, 38, 6, 63, 232, 189, 22, 42, 2, 5, 83, 68, 25, 227, 143, 17, 126, 138, 48, 212, 129, 69, 166, 99, 225, 17, 215, 141, 28, 178], [138, 146, 232, 174, 150, 249, 8, 224, 154, 42, 196, 241, 209, 98, 186, 210, 234, 153, 148, 190, 126, 208, 156, 133, 208, 88, 96, 42, 115, 140, 250, 70], [199, 228, 153, 176, 135, 163, 249, 167, 2, 160, 207, 169, 93, 90, 135, 22, 136, 70, 124, 143, 2, 240, 6, 38, 115, 12, 7, 41, 182, 66, 84, 160], [145, 216, 59, 85, 20, 17, 112, 135, 91, 43, 170, 18, 176, 7, 184, 73, 182, 189, 116, 159, 226, 127, 114, 202, 101, 0, 191, 42, 8, 54, 62, 127], [6, 76, 156, 70, 107, 130, 166, 133, 248, 71, 96, 38, 143, 114, 2, 31, 75, 72, 12, 144, 53, 95, 95, 221, 194, 39, 232, 24, 139, 188, 119, 94], [176, 98, 188, 111, 202, 192, 24, 186, 254, 125, 241, 178, 223, 156, 78, 83, 2, 205, 131, 185, 62, 11, 48, 134, 188, 90, 155, 28, 55, 239, 198, 170], [21, 27, 81, 129, 93, 147, 215, 58, 205, 173, 101, 137, 85, 28, 36, 13, 101, 233, 74, 60, 170, 213, 132, 107, 125, 125, 156, 29, 182, 216, 84, 67], [0, 232, 118, 255, 128, 165, 93, 85, 255, 102, 242, 139, 166, 49, 132, 240, 231, 211, 85, 226, 112, 51, 33, 47, 195, 223, 45, 27, 76, 180, 76, 234], [244, 97, 157, 68, 112, 199, 28, 119, 221, 100, 57, 55, 93, 226, 143, 0, 4, 207, 93, 163, 26, 37, 102, 235, 153, 113, 164, 4, 93, 30, 223, 67], [248, 99, 213, 201, 230, 79, 130, 205, 179, 221, 118, 0, 197, 150, 97, 76, 118, 244, 69, 127, 49, 77, 19, 157, 135, 58, 90, 1, 65, 82, 117, 192], [136, 37, 81, 169, 22, 6, 196, 38, 151, 3, 215, 106, 186, 239, 237, 28, 225, 114, 226, 201, 179, 47, 52, 253, 86, 57, 116, 39, 71, 9, 102, 15], [177, 80, 197, 74, 13, 47, 31, 166, 91, 168, 148, 211, 173, 177, 147, 228, 18, 155, 52, 182, 230, 32, 125, 187, 51, 210, 69, 36, 49, 70, 207, 161], [239, 120, 173, 18, 237, 255, 224, 90, 26, 229, 230, 89, 224, 111, 64, 85, 15, 216, 59, 187, 47, 235, 67, 164, 37, 31, 182, 37, 142, 47, 242, 204], [228, 87, 76, 251, 122, 210, 136, 64, 203, 63, 223, 189, 74, 143, 201, 70, 115, 121, 35, 45, 81, 107, 153, 81, 104, 77, 0, 12, 186, 198, 52, 5], [98, 62, 72, 147, 228, 17, 181, 207, 228, 210, 57, 205, 79, 145, 10, 121, 26, 113, 75, 127, 71, 140, 4, 249, 83, 16, 171, 41, 143, 173, 75, 167], [107, 76, 94, 32, 153, 166, 244, 145, 86, 99, 31, 31, 182, 98, 51, 170, 168, 81, 204, 23, 91, 64, 159, 201, 168, 214, 200, 40, 124, 124, 46, 168], [113, 248, 106, 38, 132, 208, 98, 185, 92, 184, 243, 61, 3, 105, 126, 204, 66, 101, 111, 184, 237, 89, 175, 6, 9, 179, 73, 2, 114, 8, 246, 224], [207, 170, 251, 244, 159, 29, 109, 162, 5, 148, 148, 107, 81, 99, 49, 231, 46, 187, 238, 3, 220, 88, 134, 150, 251, 232, 47, 41, 66, 122, 53, 66], [159, 5, 24, 244, 13, 41, 210, 162, 209, 9, 255, 126, 226, 83, 11, 90, 116, 111, 178, 12, 16, 50, 69, 186, 219, 95, 135, 45, 25, 63, 74, 92], [53, 7, 250, 94, 255, 34, 104, 123, 7, 58, 19, 29, 130, 110, 239, 88, 184, 55, 137, 97, 156, 227, 193, 166, 207, 87, 84, 11, 172, 156, 141, 240], [58, 75, 253, 88, 196, 195, 0, 180, 179, 253, 4, 221, 226, 74, 249, 60, 143, 170, 166, 235, 128, 13, 86, 89, 254, 213, 55, 45, 177, 252, 56, 200], [4, 220, 198, 54, 251, 35, 57, 148, 190, 105, 250, 196, 190, 9, 127, 19, 20, 252, 100, 37, 202, 130, 160, 39, 123, 13, 99, 44, 170, 142, 237, 102], [35, 242, 24, 223, 72, 133, 77, 15, 167, 10, 167, 102, 230, 167, 158, 79, 25, 90, 100, 65, 153, 181, 198, 250, 26, 189, 52, 14, 34, 192, 61, 86], [236, 171, 151, 57, 26, 47, 70, 86, 240, 148, 254, 53, 159, 70, 187, 27, 221, 120, 46, 78, 26, 79, 184, 88, 119, 216, 231, 14, 155, 66, 205, 169], [142, 227, 128, 110, 18, 242, 27, 190, 209, 85, 225, 226, 5, 157, 152, 219, 188, 44, 60, 124, 54, 240, 222, 153, 58, 132, 131, 33, 32, 5, 179, 159], [151, 29, 22, 73, 72, 201, 83, 162, 131, 253, 103, 209, 99, 206, 192, 118, 244, 163, 134, 221, 234, 131, 174, 159, 45, 174, 24, 25, 244, 75, 142, 195], [85, 196, 130, 32, 5, 140, 230, 109, 183, 12, 158, 20, 107, 142, 215, 51, 78, 147, 224, 82, 219, 46, 110, 68, 102, 72, 217, 3, 113, 81, 27, 6], [21, 12, 72, 148, 229, 230, 183, 130, 224, 84, 128, 150, 91, 107, 11, 254, 145, 139, 55, 7, 116, 26, 139, 215, 95, 156, 242, 5, 210, 18, 254, 146], [172, 99, 202, 54, 103, 89, 252, 201, 24, 30, 178, 104, 173, 130, 188, 84, 145, 179, 15, 34, 25, 127, 44, 43, 206, 204, 34, 29, 106, 23, 87, 244], [149, 192, 106, 139, 100, 166, 202, 176, 122, 165, 110, 2, 253, 84, 140, 224, 136, 86, 179, 15, 62, 30, 11, 170, 24, 123, 241, 9, 157, 30, 10, 163], [114, 58, 237, 78, 175, 46, 123, 111, 39, 37, 204, 45, 213, 92, 178, 224, 0, 57, 68, 178, 191, 140, 9, 123, 205, 62, 173, 19, 220, 80, 251, 178], [195, 80, 240, 3, 143, 1, 97, 230, 147, 228, 95, 64, 248, 134, 192, 152, 123, 139, 98, 161, 149, 40, 194, 216, 104, 91, 146, 31, 92, 87, 7, 33], [88, 95, 216, 22, 70, 86, 66, 180, 206, 198, 148, 238, 137, 74, 162, 17, 129, 127, 189, 223, 247, 44, 28, 147, 49, 124, 43, 45, 66, 94, 27, 95], [157, 102, 131, 112, 133, 171, 225, 101, 86, 104, 53, 140, 127, 169, 95, 223, 238, 82, 196, 148, 250, 60, 140, 4, 49, 247, 142, 29, 133, 196, 15, 161], [108, 34, 161, 229, 1, 238, 196, 181, 10, 96, 48, 253, 123, 51, 201, 187, 210, 199, 246, 130, 135, 252, 149, 95, 82, 252, 84, 34, 157, 211, 204, 123], [157, 120, 194, 165, 184, 1, 154, 173, 217, 23, 70, 123, 128, 32, 207, 239, 64, 196, 24, 172, 27, 118, 158, 3, 51, 142, 140, 22, 253, 153, 187, 109], [249, 152, 52, 150, 17, 142, 64, 2, 178, 84, 4, 130, 226, 170, 216, 3, 174, 122, 204, 91, 158, 12, 235, 2, 67, 40, 31, 51, 179, 224, 225, 235], [249, 195, 240, 66, 29, 183, 131, 246, 17, 212, 26, 67, 233, 86, 55, 24, 19, 50, 78, 254, 133, 221, 34, 173, 152, 205, 4, 3, 82, 66, 0, 184], [35, 159, 166, 43, 77, 226, 203, 156, 41, 49, 27, 209, 59, 185, 21, 76, 240, 164, 87, 221, 118, 222, 214, 247, 114, 123, 63, 41, 179, 184, 141, 254], [1, 232, 71, 94, 207, 127, 177, 232, 93, 38, 197, 208, 189, 90, 0, 185, 35, 88, 244, 64, 33, 145, 139, 10, 238, 120, 231, 17, 155, 76, 141, 199], [193, 151, 198, 114, 91, 196, 107, 114, 106, 239, 92, 125, 24, 237, 106, 5, 213, 148, 109, 243, 92, 200, 209, 52, 24, 253, 221, 26, 101, 28, 14, 7], [185, 52, 157, 115, 250, 239, 122, 70, 96, 135, 178, 137, 144, 124, 65, 175, 152, 66, 80, 19, 171, 213, 200, 105, 211, 16, 91, 7, 192, 189, 116, 91], [40, 42, 224, 220, 124, 25, 80, 18, 190, 244, 189, 246, 219, 205, 254, 15, 89, 74, 254, 232, 185, 12, 174, 234, 96, 204, 137, 5, 129, 122, 67, 159], [64, 107, 161, 82, 166, 236, 111, 106, 185, 77, 29, 215, 98, 76, 220, 91, 150, 164, 192, 64, 111, 205, 91, 69, 4, 36, 54, 43, 154, 165, 97, 44], [34, 36, 131, 70, 170, 20, 129, 21, 107, 182, 108, 190, 101, 158, 0, 35, 3, 89, 67, 94, 113, 67, 118, 90, 195, 201, 34, 23, 70, 102, 118, 35], [161, 188, 101, 94, 127, 236, 121, 159, 96, 29, 178, 158, 142, 103, 104, 111, 7, 11, 239, 24, 209, 50, 149, 202, 99, 34, 210, 41, 221, 169, 159, 253], [254, 11, 231, 222, 164, 125, 235, 103, 59, 153, 19, 45, 74, 78, 177, 12, 183, 28, 159, 138, 41, 234, 198, 254, 195, 80, 66, 48, 0, 101, 166, 23], [231, 206, 193, 115, 41, 40, 109, 10, 12, 245, 124, 38, 189, 41, 174, 236, 117, 233, 252, 190, 52, 136, 149, 225, 237, 121, 220, 33, 127, 127, 135, 38], [227, 56, 125, 114, 39, 44, 118, 216, 48, 58, 8, 35, 141, 23, 137, 32, 28, 50, 93, 209, 12, 178, 111, 164, 184, 83, 114, 48, 209, 87, 228, 192], [228, 104, 241, 64, 168, 129, 126, 239, 45, 202, 82, 147, 6, 154, 175, 19, 188, 129, 154, 121, 8, 93, 27, 75, 66, 227, 152, 30, 165, 67, 15, 83], [172, 248, 204, 196, 104, 92, 145, 114, 152, 137, 44, 39, 150, 142, 117, 236, 60, 16, 235, 148, 72, 166, 35, 239, 9, 71, 67, 32, 74, 57, 136, 76], [134, 3, 89, 223, 59, 197, 226, 9, 35, 136, 175, 4, 201, 8, 198, 201, 241, 186, 93, 53, 207, 38, 176, 22, 184, 96, 104, 46, 238, 200, 71, 68], [198, 39, 34, 36, 16, 75, 157, 160, 141, 212, 155, 49, 143, 9, 78, 61, 148, 12, 111, 23, 111, 141, 188, 170, 93, 143, 97, 48, 208, 171, 3, 161], [132, 158, 155, 132, 116, 150, 74, 127, 122, 80, 35, 22, 86, 127, 222, 173, 226, 57, 105, 191, 20, 166, 81, 53, 160, 29, 97, 1, 100, 229, 251, 141], [208, 188, 154, 136, 192, 138, 143, 4, 21, 135, 2, 44, 7, 244, 27, 159, 141, 58, 15, 255, 167, 211, 38, 25, 20, 127, 213, 9, 151, 144, 109, 227], [222, 212, 186, 14, 59, 9, 217, 126, 247, 40, 12, 38, 126, 127, 217, 145, 223, 185, 83, 82, 82, 32, 181, 27, 194, 27, 123, 18, 138, 24, 182, 36], [194, 236, 12, 250, 72, 222, 237, 181, 137, 26, 174, 188, 47, 58, 36, 92, 46, 147, 60, 31, 22, 217, 212, 9, 63, 129, 179, 48, 180, 166, 64, 32], [128, 96, 69, 84, 79, 70, 78, 132, 73, 22, 242, 55, 6, 69, 77, 135, 206, 55, 28, 95, 239, 129, 229, 159, 173, 213, 16, 38, 173, 81, 111, 78], [0, 194, 194, 246, 85, 61, 113, 117, 127, 123, 163, 144, 189, 228, 6, 49, 42, 21, 177, 62, 39, 136, 107, 214, 9, 183, 243, 5, 37, 114, 250, 197], [255, 247, 248, 184, 2, 165, 56, 254, 78, 66, 137, 12, 77, 13, 21, 224, 248, 159, 244, 195, 135, 62, 73, 170, 23, 239, 1, 39, 15, 58, 56, 2], [7, 208, 220, 221, 154, 219, 241, 182, 144, 106, 69, 101, 218, 8, 242, 115, 201, 241, 64, 129, 143, 111, 108, 147, 192, 10, 101, 13, 27, 9, 128, 190], [158, 103, 212, 176, 106, 23, 235, 4, 76, 145, 71, 125, 51, 230, 194, 131, 209, 143, 145, 96, 46, 244, 114, 154, 140, 254, 155, 36, 209, 176, 225, 27], [32, 126, 157, 156, 195, 195, 214, 100, 226, 50, 163, 111, 145, 206, 38, 196, 176, 200, 102, 245, 255, 251, 35, 162, 51, 209, 108, 23, 19, 86, 31, 17], [13, 107, 112, 223, 248, 105, 23, 34, 210, 21, 26, 149, 209, 1, 73, 32, 103, 203, 207, 22, 241, 212, 162, 184, 6, 138, 45, 35, 89, 144, 117, 194], [120, 56, 198, 192, 31, 37, 52, 3, 25, 206, 238, 138, 141, 181, 26, 237, 178, 35, 120, 121, 50, 47, 150, 219, 230, 47, 31, 12, 218, 9, 17, 77], [213, 129, 223, 132, 211, 250, 243, 200, 182, 246, 101, 109, 169, 187, 62, 144, 12, 143, 102, 96, 145, 127, 43, 18, 241, 104, 85, 11, 165, 73, 95, 231], [102, 46, 106, 216, 76, 59, 3, 73, 102, 79, 136, 191, 67, 147, 228, 69, 110, 93, 8, 107, 102, 87, 88, 96, 106, 77, 137, 37, 247, 213, 40, 236], [179, 50, 99, 173, 109, 183, 225, 243, 155, 99, 35, 15, 27, 40, 144, 9, 228, 81, 201, 61, 70, 152, 100, 41, 28, 41, 70, 25, 66, 4, 88, 79], [251, 139, 76, 45, 35, 228, 235, 148, 235, 239, 234, 205, 220, 107, 78, 54, 217, 62, 183, 117, 149, 93, 45, 54, 129, 234, 226, 6, 73, 28, 3, 250], [93, 135, 20, 209, 226, 12, 185, 252, 157, 178, 131, 142, 74, 36, 10, 111, 39, 134, 116, 188, 94, 160, 59, 149, 150, 209, 134, 42, 113, 194, 178, 14], [25, 152, 180, 216, 105, 194, 133, 10, 117, 95, 19, 34, 35, 9, 43, 245, 135, 20, 60, 122, 138, 176, 70, 190, 178, 196, 76, 15, 35, 182, 114, 70], [48, 60, 240, 255, 159, 212, 13, 178, 152, 200, 200, 87, 244, 50, 151, 58, 216, 11, 243, 166, 207, 191, 114, 119, 106, 237, 177, 3, 1, 136, 110, 144], [166, 153, 246, 104, 243, 118, 135, 249, 253, 67, 223, 140, 81, 121, 15, 142, 39, 10, 233, 67, 226, 211, 26, 9, 200, 158, 38, 21, 187, 6, 222, 152], [187, 32, 250, 177, 207, 14, 51, 227, 179, 43, 54, 12, 255, 78, 65, 188, 57, 237, 81, 192, 184, 188, 53, 237, 134, 83, 232, 15, 221, 161, 65, 249], [134, 110, 240, 150, 240, 212, 220, 89, 197, 86, 82, 100, 125, 209, 22, 43, 63, 158, 156, 113, 68, 108, 129, 189, 149, 167, 194, 39, 45, 181, 255, 247], [77, 27, 1, 226, 136, 247, 27, 109, 23, 95, 239, 96, 117, 174, 185, 249, 139, 248, 96, 101, 170, 240, 47, 242, 176, 6, 238, 31, 117, 212, 187, 110], [114, 225, 145, 41, 53, 200, 249, 16, 177, 47, 222, 106, 142, 179, 19, 118, 130, 26, 200, 71, 143, 217, 193, 220, 211, 157, 118, 48, 7, 46, 206, 22], [181, 243, 151, 43, 95, 190, 245, 9, 90, 116, 28, 4, 245, 96, 45, 17, 101, 143, 248, 205, 137, 54, 141, 228, 101, 201, 114, 25, 48, 224, 143, 64], [40, 102, 208, 150, 155, 211, 175, 39, 70, 12, 64, 115, 166, 158, 179, 231, 252, 165, 67, 243, 255, 147, 2, 216, 77, 174, 37, 44, 141, 216, 120, 152], [222, 207, 120, 59, 77, 185, 94, 35, 201, 163, 21, 136, 144, 94, 172, 144, 1, 154, 182, 196, 196, 243, 42, 177, 249, 69, 242, 13, 140, 60, 166, 210], [221, 67, 136, 168, 88, 148, 247, 115, 86, 68, 153, 123, 192, 98, 103, 243, 113, 163, 3, 76, 162, 20, 213, 187, 247, 245, 232, 33, 91, 81, 179, 148], [87, 183, 145, 207, 45, 48, 44, 242, 76, 184, 79, 12, 18, 199, 22, 122, 7, 16, 217, 7, 178, 59, 221, 64, 121, 202, 236, 7, 143, 138, 145, 232], [157, 174, 182, 249, 81, 18, 192, 217, 186, 112, 165, 198, 35, 39, 173, 227, 228, 72, 99, 221, 85, 251, 231, 105, 208, 188, 113, 30, 216, 231, 192, 192], [37, 117, 52, 99, 218, 156, 101, 204, 101, 105, 190, 182, 62, 255, 71, 238, 172, 207, 140, 149, 229, 252, 221, 3, 152, 197, 100, 35, 14, 61, 104, 106], [83, 254, 39, 109, 72, 174, 168, 133, 58, 14, 126, 148, 178, 240, 14, 247, 69, 164, 106, 240, 183, 18, 240, 17, 169, 46, 39, 14, 252, 242, 206, 222], [148, 40, 141, 103, 1, 190, 122, 96, 124, 205, 17, 140, 218, 36, 46, 4, 8, 152, 118, 165, 202, 227, 92, 253, 122, 222, 11, 46, 241, 80, 122, 145], [66, 87, 142, 65, 220, 179, 126, 51, 107, 21, 223, 29, 114, 122, 233, 23, 210, 149, 158, 193, 31, 6, 235, 93, 28, 174, 148, 4, 245, 220, 193, 202], [231, 102, 144, 229, 225, 107, 203, 63, 163, 196, 230, 95, 69, 127, 181, 102, 216, 206, 200, 159, 161, 21, 215, 73, 10, 68, 3, 43, 255, 74, 104, 68], [229, 228, 44, 147, 185, 132, 170, 185, 214, 69, 218, 221, 0, 67, 139, 70, 227, 50, 217, 39, 228, 222, 29, 129, 190, 24, 81, 41, 81, 71, 201, 22], [167, 126, 179, 210, 192, 99, 182, 176, 36, 125, 113, 57, 177, 239, 45, 213, 81, 27, 53, 240, 36, 91, 233, 166, 90, 233, 162, 5, 42, 177, 43, 116], [161, 158, 177, 119, 119, 148, 220, 64, 83, 17, 236, 118, 24, 168, 133, 77, 189, 154, 216, 3, 63, 121, 93, 116, 221, 6, 192, 35, 77, 95, 3, 5], [123, 224, 207, 149, 37, 138, 94, 252, 147, 214, 42, 91, 107, 94, 14, 26, 104, 70, 152, 71, 228, 118, 244, 77, 178, 3, 61, 28, 175, 13, 217, 88], [124, 72, 59, 76, 178, 2, 45, 86, 247, 108, 8, 188, 42, 19, 14, 155, 145, 105, 194, 86, 227, 241, 6, 14, 35, 71, 123, 44, 2, 204, 27, 247], [76, 255, 206, 250, 23, 225, 252, 166, 94, 205, 172, 191, 84, 131, 176, 112, 7, 21, 8, 130, 143, 204, 221, 93, 220, 74, 188, 35, 197, 20, 247, 25], [35, 24, 182, 254, 95, 6, 250, 202, 56, 225, 208, 64, 138, 208, 35, 39, 7, 166, 192, 226, 120, 61, 82, 68, 133, 44, 4, 39, 135, 82, 90, 49], [9, 28, 200, 127, 153, 243, 232, 81, 238, 244, 241, 135, 236, 169, 51, 225, 109, 158, 245, 210, 165, 246, 190, 135, 198, 51, 245, 23, 228, 183, 252, 187], [96, 6, 230, 237, 246, 159, 35, 199, 252, 242, 5, 163, 192, 128, 163, 229, 189, 195, 21, 148, 47, 29, 36, 19, 191, 94, 213, 10, 74, 47, 77, 34], [40, 172, 182, 89, 254, 68, 194, 158, 48, 13, 196, 145, 255, 243, 0, 131, 32, 216, 121, 225, 38, 200, 55, 208, 189, 170, 17, 44, 84, 111, 78, 189], [92, 181, 97, 230, 6, 19, 255, 25, 204, 60, 168, 95, 63, 174, 149, 61, 227, 9, 41, 86, 101, 224, 81, 220, 35, 23, 165, 23, 76, 68, 189, 68], [23, 220, 34, 2, 7, 78, 254, 194, 62, 93, 23, 88, 161, 38, 101, 32, 169, 71, 73, 235, 179, 191, 120, 181, 136, 18, 136, 13, 200, 103, 75, 87], [166, 185, 30, 252, 234, 23, 75, 114, 152, 42, 173, 208, 24, 97, 119, 39, 95, 127, 55, 18, 240, 248, 59, 128, 175, 95, 206, 48, 18, 121, 97, 151], [100, 98, 112, 77, 145, 165, 63, 245, 229, 6, 116, 229, 54, 44, 16, 67, 84, 94, 55, 51, 106, 2, 13, 210, 157, 6, 161, 27, 122, 3, 83, 8], [186, 144, 25, 197, 241, 72, 235, 229, 171, 129, 183, 27, 250, 148, 234, 164, 98, 216, 98, 121, 27, 30, 250, 153, 126, 241, 57, 17, 255, 178, 13, 46], [152, 25, 74, 148, 137, 221, 1, 204, 140, 74, 165, 125, 129, 30, 156, 129, 144, 59, 240, 157, 94, 225, 156, 222, 192, 121, 57, 52, 201, 118, 182, 178], [212, 175, 231, 86, 83, 83, 242, 50, 193, 72, 7, 178, 144, 186, 13, 21, 24, 37, 85, 248, 141, 229, 227, 26, 11, 104, 174, 42, 237, 7, 226, 57], [206, 129, 252, 70, 207, 139, 236, 28, 1, 22, 119, 231, 101, 237, 90, 234, 239, 212, 12, 82, 40, 26, 238, 235, 34, 29, 101, 11, 60, 34, 74, 8], [138, 69, 4, 253, 190, 20, 39, 182, 5, 24, 82, 204, 124, 217, 252, 163, 227, 26, 61, 43, 126, 168, 245, 170, 235, 65, 133, 39, 12, 76, 119, 188], [179, 35, 68, 83, 211, 204, 251, 248, 126, 250, 102, 81, 173, 13, 7, 58, 64, 56, 198, 240, 73, 118, 16, 35, 3, 192, 6, 11, 122, 145, 88, 149], [30, 91, 241, 229, 80, 109, 209, 225, 193, 151, 242, 250, 127, 112, 151, 40, 91, 48, 10, 42, 92, 69, 139, 77, 25, 138, 222, 7, 197, 37, 120, 179], [92, 139, 12, 21, 119, 43, 217, 199, 195, 216, 60, 48, 15, 207, 159, 191, 206, 204, 0, 114, 123, 99, 139, 148, 223, 101, 250, 17, 162, 8, 26, 2], [49, 200, 244, 16, 215, 23, 109, 68, 118, 248, 127, 40, 62, 54, 34, 217, 245, 62, 61, 110, 28, 118, 220, 145, 10, 248, 239, 30, 46, 141, 27, 215], [113, 192, 113, 253, 49, 160, 198, 93, 65, 235, 216, 92, 57, 44, 238, 103, 245, 86, 143, 85, 131, 25, 0, 65, 145, 189, 173, 47, 36, 231, 240, 243], [108, 111, 225, 143, 6, 26, 64, 75, 135, 205, 214, 171, 137, 184, 224, 177, 181, 253, 47, 118, 147, 206, 58, 218, 125, 180, 168, 16, 41, 16, 53, 31], [75, 82, 7, 21, 85, 182, 90, 188, 213, 134, 100, 155, 234, 49, 145, 238, 154, 241, 13, 241, 190, 14, 156, 28, 180, 187, 202, 19, 252, 122, 23, 225], [177, 192, 176, 92, 61, 19, 115, 69, 173, 211, 7, 7, 197, 30, 161, 235, 142, 247, 113, 41, 166, 129, 120, 41, 131, 235, 123, 22, 17, 9, 125, 26], [13, 112, 115, 3, 38, 252, 219, 124, 20, 42, 233, 188, 76, 247, 187, 190, 228, 54, 27, 250, 231, 24, 58, 145, 76, 247, 87, 44, 6, 158, 207, 143], [244, 224, 251, 2, 255, 240, 126, 71, 100, 57, 162, 252, 210, 91, 55, 141, 41, 106, 110, 85, 29, 22, 49, 19, 118, 115, 52, 19, 120, 221, 100, 141], [62, 119, 151, 133, 68, 26, 83, 173, 77, 16, 219, 121, 19, 38, 18, 117, 6, 253, 160, 6, 204, 170, 239, 58, 163, 75, 39, 27, 243, 140, 181, 111], [136, 76, 253, 103, 30, 65, 1, 53, 123, 201, 207, 51, 23, 225, 27, 48, 159, 71, 4, 35, 46, 27, 150, 132, 12, 106, 99, 46, 17, 91, 48, 148], [82, 117, 63, 51, 16, 193, 154, 224, 201, 191, 15, 106, 178, 96, 159, 215, 14, 82, 46, 117, 220, 128, 194, 188, 240, 41, 121, 6, 143, 1, 42, 216], [67, 203, 116, 128, 178, 58, 80, 154, 92, 4, 129, 86, 242, 244, 225, 147, 104, 215, 66, 254, 12, 36, 51, 191, 166, 231, 24, 46, 119, 86, 179, 26], [20, 92, 185, 90, 224, 69, 46, 153, 93, 128, 13, 161, 106, 224, 253, 151, 118, 130, 187, 185, 207, 154, 146, 12, 185, 3, 209, 41, 237, 87, 181, 248], [2, 209, 201, 121, 66, 159, 138, 83, 214, 62, 159, 152, 92, 177, 87, 204, 129, 2, 128, 203, 242, 188, 210, 75, 52, 72, 55, 48, 79, 103, 139, 207], [184, 101, 86, 219, 245, 88, 202, 156, 120, 167, 120, 115, 166, 155, 45, 190, 248, 26, 241, 49, 60, 120, 27, 80, 23, 239, 10, 14, 181, 80, 198, 255], [196, 74, 86, 201, 85, 102, 223, 102, 135, 196, 40, 195, 7, 122, 94, 232, 252, 107, 62, 91, 60, 104, 161, 127, 128, 78, 237, 10, 80, 91, 146, 113], [200, 13, 136, 129, 51, 203, 53, 61, 7, 191, 229, 113, 36, 80, 3, 220, 196, 106, 218, 19, 40, 76, 93, 72, 19, 73, 143, 42, 45, 186, 224, 77], [2, 23, 90, 230, 225, 108, 34, 73, 155, 221, 24, 191, 12, 34, 116, 233, 103, 84, 92, 241, 179, 31, 159, 165, 22, 103, 132, 6, 8, 226, 60, 13], [156, 208, 164, 51, 15, 255, 47, 229, 193, 183, 199, 10, 206, 31, 162, 173, 205, 166, 179, 205, 167, 59, 54, 224, 37, 207, 123, 33, 236, 43, 131, 3], [22, 39, 30, 27, 109, 225, 166, 225, 203, 184, 169, 11, 183, 17, 104, 103, 121, 231, 136, 191, 102, 229, 69, 161, 63, 170, 124, 22, 52, 190, 27, 249], [200, 164, 195, 76, 62, 196, 48, 247, 165, 2, 81, 120, 251, 138, 1, 116, 66, 126, 34, 116, 241, 108, 45, 55, 210, 156, 97, 16, 171, 58, 117, 250], [86, 187, 45, 242, 71, 7, 185, 72, 232, 98, 174, 218, 240, 157, 90, 21, 74, 161, 222, 3, 231, 185, 104, 226, 88, 216, 154, 16, 58, 18, 170, 221], [96, 100, 110, 15, 2, 110, 178, 118, 127, 158, 3, 32, 180, 83, 0, 128, 41, 174, 191, 188, 41, 115, 195, 97, 23, 238, 106, 11, 252, 190, 41, 14], [115, 81, 4, 123, 145, 92, 108, 74, 252, 92, 165, 21, 52, 92, 197, 208, 185, 162, 82, 241, 152, 79, 32, 215, 249, 174, 173, 40, 161, 52, 68, 133], [202, 184, 83, 52, 91, 73, 112, 181, 115, 61, 74, 121, 202, 170, 174, 14, 193, 227, 122, 85, 225, 103, 211, 147, 36, 118, 42, 49, 87, 152, 232, 112], [23, 41, 114, 0, 71, 35, 53, 24, 74, 125, 40, 3, 129, 101, 51, 57, 185, 221, 139, 154, 154, 229, 124, 12, 223, 245, 97, 44, 245, 72, 29, 155], [223, 121, 39, 36, 19, 202, 9, 29, 195, 58, 121, 237, 219, 46, 153, 185, 200, 15, 57, 235, 194, 63, 215, 62, 158, 168, 2, 22, 139, 74, 185, 144], [97, 23, 45, 71, 94, 88, 62, 27, 168, 241, 113, 161, 223, 85, 91, 210, 54, 136, 50, 1, 154, 116, 156, 233, 235, 220, 79, 43, 196, 33, 211, 100], [196, 17, 40, 205, 158, 70, 136, 139, 156, 129, 124, 21, 229, 65, 181, 160, 8, 199, 134, 136, 135, 214, 107, 222, 223, 114, 10, 4, 123, 115, 7, 131], [22, 49, 206, 232, 54, 209, 60, 43, 15, 190, 124, 193, 134, 22, 239, 104, 83, 38, 59, 182, 30, 172, 92, 255, 255, 11, 195, 11, 22, 233, 98, 55], [203, 2, 108, 234, 102, 241, 223, 196, 124, 111, 173, 244, 9, 231, 12, 201, 164, 7, 190, 16, 225, 26, 212, 216, 12, 8, 86, 4, 114, 17, 246, 199], [46, 128, 112, 187, 100, 70, 117, 200, 87, 13, 69, 28, 186, 245, 153, 251, 3, 15, 43, 53, 163, 237, 47, 21, 152, 162, 121, 13, 244, 41, 136, 80], [55, 43, 243, 147, 154, 185, 225, 233, 199, 205, 23, 203, 198, 5, 107, 235, 184, 87, 43, 185, 85, 98, 90, 219, 127, 83, 110, 47, 122, 44, 124, 161], [61, 74, 238, 244, 47, 12, 154, 230, 182, 197, 51, 121, 240, 154, 122, 185, 44, 148, 249, 116, 16, 22, 80, 160, 151, 43, 28, 41, 86, 189, 47, 7], [103, 219, 124, 18, 9, 212, 245, 158, 4, 39, 74, 119, 251, 125, 41, 51, 77, 98, 147, 131, 211, 107, 232, 164, 72, 206, 180, 10, 19, 89, 241, 206], [161, 204, 95, 51, 195, 237, 33, 195, 199, 34, 206, 84, 158, 248, 198, 62, 147, 181, 194, 57, 17, 255, 241, 10, 216, 163, 137, 18, 223, 34, 58, 11], [246, 221, 51, 85, 75, 174, 74, 232, 232, 193, 33, 94, 74, 222, 17, 188, 111, 137, 78, 112, 118, 253, 217, 125, 80, 154, 244, 27, 6, 223, 20, 64], [93, 235, 204, 30, 48, 145, 125, 193, 36, 22, 97, 108, 62, 83, 167, 122, 168, 3, 42, 245, 237, 73, 62, 20, 174, 22, 203, 14, 81, 60, 95, 100], [236, 159, 150, 21, 134, 228, 202, 101, 147, 221, 238, 149, 16, 188, 154, 255, 167, 218, 45, 209, 225, 47, 183, 184, 168, 199, 230, 5, 40, 108, 51, 56], [236, 80, 90, 37, 235, 24, 134, 19, 7, 212, 216, 19, 19, 70, 184, 31, 42, 118, 232, 209, 171, 177, 25, 130, 73, 162, 189, 12, 210, 254, 228, 141], [96, 87, 146, 31, 85, 172, 0, 23, 196, 146, 16, 185, 23, 185, 106, 68, 244, 63, 234, 53, 89, 235, 207, 126, 108, 181, 53, 43, 51, 217, 216, 99], [102, 10, 43, 93, 22, 215, 23, 128, 231, 143, 168, 20, 137, 175, 24, 203, 27, 225, 32, 93, 108, 102, 165, 151, 221, 123, 29, 14, 70, 214, 169, 29], [250, 126, 61, 122, 221, 229, 230, 196, 174, 0, 59, 70, 78, 235, 39, 164, 57, 5, 138, 64, 207, 37, 184, 246, 230, 221, 76, 43, 222, 82, 201, 6], [68, 194, 132, 154, 80, 73, 170, 90, 192, 29, 92, 134, 153, 133, 91, 125, 187, 217, 83, 252, 116, 133, 250, 13, 200, 125, 20, 10, 176, 144, 51, 228], [47, 84, 19, 161, 168, 173, 221, 127, 173, 119, 174, 137, 137, 113, 149, 197, 238, 230, 61, 79, 36, 146, 191, 70, 152, 246, 62, 13, 54, 155, 183, 140], [216, 18, 90, 203, 254, 220, 218, 3, 149, 98, 70, 188, 58, 94, 76, 170, 164, 168, 106, 64, 66, 104, 51, 40, 0, 43, 254, 22, 252, 65, 33, 30], [32, 138, 100, 187, 26, 103, 212, 93, 255, 213, 112, 131, 158, 88, 12, 154, 193, 97, 245, 133, 206, 48, 75, 177, 178, 194, 174, 10, 139, 63, 80, 209], [175, 40, 237, 57, 36, 198, 252, 111, 217, 24, 148, 160, 171, 131, 154, 36, 240, 34, 53, 209, 144, 234, 248, 255, 162, 196, 74, 33, 199, 129, 118, 10], [120, 252, 216, 197, 172, 225, 83, 129, 48, 45, 59, 6, 145, 89, 126, 127, 246, 214, 32, 70, 40, 247, 100, 113, 53, 245, 137, 11, 173, 39, 151, 175], [226, 66, 97, 225, 244, 63, 52, 141, 74, 121, 47, 167, 193, 153, 110, 249, 76, 231, 37, 243, 160, 175, 120, 111, 53, 158, 117, 1, 3, 92, 160, 196], [166, 174, 198, 30, 28, 145, 230, 168, 92, 59, 26, 64, 77, 197, 149, 138, 232, 10, 122, 17, 19, 166, 215, 228, 242, 158, 36, 4, 218, 169, 209, 35], [19, 55, 41, 39, 218, 250, 230, 128, 81, 89, 132, 155, 184, 40, 59, 144, 147, 26, 236, 118, 39, 36, 164, 143, 253, 20, 232, 3, 93, 20, 65, 129], [140, 152, 69, 179, 146, 168, 127, 210, 42, 116, 231, 231, 38, 213, 133, 206, 46, 221, 153, 215, 55, 186, 148, 141, 169, 140, 223, 36, 173, 130, 195, 169], [239, 142, 231, 24, 79, 124, 151, 42, 187, 146, 164, 125, 229, 127, 145, 226, 243, 103, 23, 137, 18, 65, 122, 101, 181, 205, 112, 30, 64, 110, 152, 44], [206, 51, 141, 172, 55, 144, 110, 186, 194, 57, 245, 52, 194, 215, 225, 217, 215, 197, 81, 111, 247, 111, 69, 26, 175, 156, 23, 44, 119, 197, 166, 100], [232, 138, 116, 109, 115, 105, 205, 20, 26, 28, 201, 8, 108, 229, 219, 34, 247, 34, 84, 95, 157, 197, 101, 8, 121, 218, 115, 39, 67, 205, 198, 9], [225, 159, 180, 147, 4, 36, 218, 25, 67, 70, 80, 81, 156, 185, 126, 9, 120, 40, 68, 229, 183, 185, 204, 190, 106, 4, 80, 42, 244, 0, 120, 200], [222, 128, 223, 124, 215, 60, 99, 91, 230, 155, 216, 48, 82, 96, 111, 1, 153, 110, 192, 172, 86, 171, 69, 255, 214, 248, 26, 29, 18, 76, 235, 18], [125, 203, 180, 84, 220, 171, 95, 109, 57, 76, 216, 41, 177, 124, 26, 142, 119, 12, 68, 79, 213, 153, 171, 163, 80, 250, 122, 1, 30, 197, 232, 3], [153, 143, 200, 190, 59, 104, 42, 31, 27, 252, 229, 51, 176, 238, 155, 90, 255, 197, 15, 217, 23, 140, 0, 56, 10, 191, 169, 27, 98, 49, 77, 21], [15, 178, 50, 150, 142, 187, 250, 220, 167, 170, 105, 16, 66, 180, 108, 221, 178, 6, 153, 220, 97, 106, 217, 40, 154, 107, 107, 15, 251, 3, 7, 27], [146, 84, 193, 6, 247, 187, 196, 120, 49, 128, 86, 195, 28, 163, 181, 55, 25, 125, 107, 29, 213, 30, 141, 183, 12, 150, 115, 34, 176, 150, 100, 8], [2, 21, 194, 50, 182, 17, 144, 151, 86, 191, 132, 178, 154, 232, 196, 90, 165, 69, 245, 33, 33, 201, 243, 163, 219, 34, 106, 5, 169, 225, 198, 253], [200, 249, 100, 50, 71, 192, 175, 171, 147, 59, 11, 216, 236, 29, 205, 34, 159, 174, 201, 129, 154, 217, 71, 116, 181, 20, 195, 14, 209, 245, 168, 64], [137, 18, 209, 238, 212, 200, 17, 16, 155, 171, 122, 79, 174, 203, 58, 149, 61, 222, 134, 170, 245, 59, 90, 184, 24, 19, 147, 7, 50, 239, 70, 14], [63, 83, 249, 161, 116, 192, 114, 49, 254, 144, 26, 100, 101, 117, 198, 68, 26, 45, 4, 82, 86, 62, 196, 181, 149, 219, 126, 33, 153, 140, 212, 147], [250, 112, 40, 39, 211, 112, 133, 91, 153, 65, 198, 55, 120, 153, 162, 213, 93, 11, 99, 212, 0, 69, 92, 86, 66, 46, 74, 12, 146, 125, 184, 243], [184, 200, 18, 106, 244, 110, 176, 49, 124, 104, 74, 120, 112, 8, 108, 167, 118, 205, 157, 169, 108, 144, 88, 75, 140, 11, 145, 0, 126, 239, 35, 86], [98, 108, 222, 135, 115, 69, 168, 128, 1, 62, 38, 27, 230, 159, 212, 144, 46, 193, 184, 93, 4, 250, 64, 193, 0, 244, 231, 16, 18, 199, 42, 112], [49, 120, 238, 25, 103, 70, 141, 208, 189, 90, 44, 231, 202, 14, 147, 142, 139, 184, 122, 21, 59, 47, 47, 203, 82, 56, 180, 47, 113, 154, 51, 52], [62, 8, 134, 13, 123, 81, 15, 67, 2, 39, 48, 123, 34, 190, 125, 173, 25, 197, 116, 136, 164, 69, 29, 96, 122, 142, 98, 9, 31, 90, 139, 245], [70, 86, 110, 112, 149, 211, 198, 52, 35, 44, 65, 80, 132, 160, 129, 155, 101, 0, 151, 218, 112, 228, 253, 107, 78, 73, 247, 41, 232, 55, 90, 218], [252, 253, 104, 144, 254, 83, 136, 78, 1, 76, 87, 161, 95, 206, 109, 89, 141, 196, 212, 73, 79, 151, 78, 203, 223, 60, 157, 6, 253, 25, 77, 42], [200, 158, 252, 168, 105, 191, 142, 245, 95, 138, 121, 160, 247, 198, 71, 174, 136, 243, 117, 105, 218, 6, 7, 66, 121, 55, 196, 39, 9, 71, 229, 131], [145, 150, 54, 187, 177, 180, 59, 210, 111, 156, 223, 172, 66, 147, 102, 160, 179, 23, 37, 214, 74, 164, 94, 167, 23, 99, 10, 36, 113, 131, 173, 34], [219, 129, 167, 133, 224, 34, 219, 109, 159, 192, 146, 110, 253, 111, 230, 163, 246, 218, 36, 241, 185, 179, 49, 182, 75, 20, 62, 20, 217, 156, 53, 77], [125, 56, 50, 96, 118, 219, 161, 121, 182, 88, 111, 91, 116, 229, 230, 162, 149, 31, 230, 31, 87, 238, 78, 30, 215, 160, 229, 31, 233, 8, 186, 134], [227, 12, 202, 177, 223, 233, 171, 228, 215, 255, 246, 96, 235, 45, 18, 149, 234, 139, 62, 208, 14, 25, 86, 239, 213, 232, 52, 44, 128, 186, 164, 91], [214, 185, 79, 43, 54, 112, 94, 65, 13, 6, 22, 215, 250, 40, 120, 65, 103, 215, 69, 206, 222, 87, 247, 158, 75, 106, 159, 48, 43, 54, 182, 243], [76, 75, 68, 92, 55, 152, 168, 248, 221, 63, 194, 16, 234, 83, 212, 72, 188, 164, 31, 199, 36, 114, 236, 89, 125, 146, 173, 7, 94, 51, 189, 87], [1, 192, 180, 57, 235, 34, 125, 135, 207, 206, 50, 153, 232, 183, 200, 248, 104, 207, 155, 146, 151, 119, 209, 49, 206, 89, 65, 47, 86, 170, 113, 214], [32, 55, 147, 81, 247, 134, 177, 120, 95, 239, 41, 68, 91, 189, 38, 61, 111, 179, 44, 34, 240, 45, 53, 64, 74, 30, 87, 13, 79, 52, 203, 122], [234, 189, 154, 250, 159, 136, 70, 200, 142, 197, 74, 244, 187, 225, 86, 187, 161, 19, 145, 239, 244, 116, 62, 100, 196, 147, 33, 47, 149, 16, 231, 21], [41, 252, 104, 124, 169, 138, 196, 163, 47, 7, 232, 85, 99, 200, 174, 154, 210, 205, 147, 205, 61, 202, 39, 33, 39, 205, 194, 13, 81, 237, 74, 61], [221, 195, 187, 10, 232, 109, 132, 91, 18, 47, 131, 6, 63, 78, 230, 4, 78, 123, 101, 251, 110, 202, 29, 113, 62, 78, 49, 48, 84, 5, 91, 228], [187, 112, 57, 116, 184, 184, 136, 199, 87, 94, 112, 85, 11, 217, 166, 239, 248, 243, 226, 11, 157, 155, 229, 204, 242, 136, 139, 49, 0, 65, 132, 137], [87, 219, 120, 43, 203, 164, 11, 41, 249, 164, 219, 238, 115, 30, 137, 229, 131, 191, 207, 169, 157, 6, 202, 39, 35, 154, 103, 18, 144, 77, 36, 212], [110, 43, 120, 238, 6, 206, 96, 130, 43, 211, 126, 43, 129, 215, 176, 30, 99, 14, 138, 8, 119, 27, 62, 107, 160, 127, 65, 10, 78, 180, 27, 12], [177, 163, 188, 141, 8, 135, 55, 60, 5, 94, 231, 86, 63, 142, 168, 122, 53, 168, 207, 28, 169, 230, 209, 204, 154, 176, 82, 26, 158, 40, 123, 98], [170, 214, 177, 232, 108, 151, 22, 67, 226, 208, 186, 164, 90, 204, 169, 147, 220, 46, 130, 239, 234, 133, 251, 132, 37, 162, 159, 11, 36, 81, 211, 196], [36, 246, 217, 57, 22, 34, 156, 210, 149, 138, 191, 51, 31, 184, 13, 198, 191, 160, 40, 234, 224, 93, 89, 209, 133, 211, 1, 43, 14, 161, 185, 247], [153, 127, 158, 12, 254, 29, 100, 79, 87, 234, 221, 174, 6, 92, 137, 43, 131, 96, 13, 95, 176, 246, 111, 181, 3, 127, 27, 11, 246, 16, 81, 229], [242, 233, 244, 176, 179, 160, 144, 149, 96, 244, 137, 25, 16, 106, 11, 5, 112, 20, 101, 208, 16, 21, 60, 108, 74, 218, 94, 7, 10, 223, 170, 115], [117, 68, 113, 79, 31, 208, 126, 161, 144, 145, 83, 119, 186, 61, 220, 89, 189, 150, 240, 167, 29, 208, 16, 5, 43, 216, 41, 4, 55, 175, 182, 235], [120, 202, 3, 140, 50, 96, 8, 224, 88, 251, 233, 66, 45, 8, 255, 127, 222, 255, 49, 243, 199, 129, 240, 230, 168, 96, 224, 22, 207, 172, 165, 235], [246, 3, 211, 188, 231, 32, 42, 62, 122, 50, 56, 106, 204, 198, 165, 146, 194, 207, 87, 228, 17, 83, 25, 68, 57, 18, 98, 4, 194, 151, 196, 37], [126, 148, 207, 57, 3, 148, 255, 222, 73, 143, 196, 122, 136, 76, 154, 10, 212, 69, 186, 213, 87, 66, 221, 192, 163, 45, 108, 36, 44, 17, 152, 228], [46, 122, 27, 217, 251, 137, 86, 125, 73, 82, 22, 21, 82, 98, 217, 13, 201, 162, 240, 116, 110, 5, 146, 221, 187, 111, 139, 42, 209, 203, 220, 12], [41, 56, 169, 8, 165, 183, 232, 61, 60, 122, 191, 92, 199, 81, 222, 28, 155, 234, 28, 67, 75, 140, 138, 80, 233, 183, 217, 8, 170, 124, 8, 129], [26, 221, 47, 163, 80, 185, 155, 23, 135, 119, 57, 221, 227, 33, 63, 191, 179, 253, 150, 10, 41, 139, 66, 165, 22, 128, 254, 30, 43, 188, 32, 165], [172, 154, 54, 118, 159, 42, 22, 80, 221, 210, 106, 130, 36, 237, 83, 235, 119, 33, 110, 226, 164, 181, 120, 162, 52, 109, 213, 34, 61, 14, 232, 226], [54, 193, 186, 222, 38, 241, 158, 254, 197, 239, 99, 148, 251, 64, 90, 166, 112, 75, 226, 156, 176, 194, 187, 41, 249, 105, 84, 13, 154, 197, 186, 176], [166, 62, 89, 206, 162, 166, 107, 112, 84, 211, 174, 89, 201, 151, 196, 8, 106, 211, 155, 36, 28, 191, 171, 236, 160, 149, 80, 43, 116, 125, 161, 197], [194, 85, 184, 82, 88, 223, 13, 5, 214, 99, 236, 155, 104, 32, 156, 147, 33, 233, 200, 213, 100, 166, 51, 157, 153, 236, 41, 26, 122, 14, 172, 98], [106, 232, 166, 125, 248, 178, 131, 129, 142, 10, 140, 64, 95, 73, 175, 198, 215, 62, 95, 222, 22, 215, 229, 224, 209, 137, 107, 49, 95, 166, 197, 46], [126, 141, 62, 226, 192, 224, 183, 35, 200, 144, 24, 73, 29, 139, 223, 85, 55, 34, 82, 71, 204, 236, 126, 152, 240, 27, 59, 5, 62, 7, 232, 180], [55, 250, 105, 79, 206, 54, 102, 9, 119, 118, 184, 78, 228, 18, 199, 135, 222, 192, 222, 68, 18, 168, 159, 7, 160, 197, 35, 7, 9, 13, 190, 71], [43, 218, 171, 84, 1, 79, 159, 47, 203, 98, 199, 1, 111, 1, 77, 9, 161, 179, 255, 48, 109, 248, 241, 135, 215, 107, 98, 34, 245, 192, 106, 10], [203, 215, 184, 100, 230, 193, 175, 117, 107, 32, 238, 147, 129, 103, 195, 91, 101, 181, 7, 247, 83, 129, 35, 32, 84, 49, 139, 50, 43, 33, 45, 148], [194, 133, 239, 231, 90, 156, 229, 133, 234, 75, 54, 201, 3, 131, 230, 84, 48, 133, 116, 134, 4, 52, 195, 169, 11, 1, 218, 7, 70, 59, 248, 117], [32, 47, 56, 95, 202, 16, 65, 210, 247, 151, 116, 112, 45, 23, 99, 235, 224, 163, 207, 129, 38, 191, 49, 159, 244, 75, 139, 24, 35, 107, 95, 107], [192, 135, 172, 61, 8, 139, 10, 97, 75, 107, 119, 155, 155, 226, 213, 119, 110, 222, 79, 57, 114, 24, 222, 68, 90, 172, 204, 14, 26, 1, 32, 76], [54, 91, 35, 120, 45, 114, 174, 39, 225, 227, 187, 34, 93, 177, 255, 77, 252, 223, 171, 45, 21, 18, 204, 221, 158, 126, 126, 38, 71, 240, 156, 36], [159, 109, 139, 131, 160, 163, 76, 136, 225, 34, 81, 233, 96, 2, 30, 34, 142, 147, 26, 255, 245, 78, 251, 41, 17, 56, 70, 26, 20, 31, 130, 51], [79, 207, 244, 229, 57, 165, 102, 150, 37, 160, 105, 110, 158, 45, 77, 0, 164, 175, 216, 132, 37, 9, 251, 166, 81, 245, 251, 15, 159, 238, 14, 206], [57, 103, 254, 133, 58, 191, 243, 154, 158, 225, 162, 116, 186, 32, 127, 0, 74, 52, 136, 187, 168, 157, 81, 194, 187, 191, 120, 26, 114, 152, 239, 146], [25, 9, 179, 109, 7, 217, 30, 47, 221, 192, 82, 135, 196, 221, 196, 30, 96, 4, 35, 73, 246, 248, 141, 73, 15, 127, 222, 18, 2, 212, 247, 89], [67, 197, 81, 128, 58, 180, 12, 196, 225, 245, 98, 77, 42, 147, 30, 13, 231, 24, 39, 29, 195, 224, 137, 34, 121, 137, 14, 31, 165, 206, 196, 254], [216, 145, 165, 196, 30, 214, 158, 223, 23, 46, 18, 45, 151, 45, 90, 99, 32, 101, 38, 136, 34, 47, 30, 229, 68, 29, 109, 39, 143, 92, 172, 37], [237, 61, 122, 175, 2, 106, 86, 175, 231, 167, 9, 219, 235, 25, 215, 172, 226, 233, 105, 211, 97, 166, 43, 8, 214, 101, 113, 39, 167, 91, 116, 201], [162, 192, 107, 90, 20, 25, 48, 8, 67, 70, 88, 231, 195, 172, 92, 134, 158, 252, 204, 61, 43, 82, 82, 37, 103, 125, 51, 25, 79, 92, 103, 160], [128, 35, 11, 200, 202, 87, 23, 20, 20, 163, 98, 111, 14, 38, 56, 95, 154, 205, 130, 55, 212, 78, 150, 96, 126, 231, 215, 19, 161, 32, 206, 168], [98, 208, 150, 198, 95, 89, 173, 109, 120, 64, 194, 100, 3, 37, 86, 5, 235, 85, 20, 200, 35, 116, 58, 10, 116, 83, 40, 10, 46, 123, 5, 63], [11, 167, 106, 26, 51, 13, 54, 126, 245, 66, 196, 227, 251, 97, 218, 197, 179, 146, 144, 126, 250, 178, 214, 226, 13, 122, 123, 21, 1, 168, 183, 87], [21, 78, 168, 150, 233, 136, 48, 193, 50, 173, 248, 23, 168, 7, 199, 183, 55, 235, 124, 138, 120, 248, 161, 233, 80, 14, 34, 45, 195, 145, 0, 122], [81, 99, 24, 155, 90, 127, 253, 227, 133, 116, 96, 22, 70, 19, 179, 26, 80, 236, 66, 29, 205, 125, 58, 56, 82, 77, 184, 50, 238, 151, 92, 198], [60, 56, 179, 202, 232, 182, 46, 236, 93, 234, 201, 99, 211, 105, 198, 12, 1, 208, 145, 185, 196, 57, 23, 35, 191, 65, 64, 41, 69, 118, 76, 197], [83, 191, 55, 59, 69, 153, 222, 16, 212, 5, 25, 52, 114, 227, 243, 99, 182, 64, 62, 141, 104, 58, 75, 237, 131, 49, 245, 4, 88, 61, 183, 10], [48, 101, 141, 134, 212, 142, 185, 231, 222, 236, 16, 234, 142, 43, 112, 152, 131, 159, 143, 94, 189, 36, 247, 197, 1, 118, 176, 47, 182, 103, 6, 129], [214, 3, 86, 130, 8, 244, 45, 210, 196, 75, 17, 60, 55, 222, 112, 89, 210, 179, 148, 205, 224, 103, 224, 11, 136, 205, 240, 51, 22, 64, 110, 157], [103, 161, 25, 139, 37, 92, 83, 145, 67, 117, 168, 169, 70, 125, 242, 220, 135, 188, 253, 157, 238, 92, 44, 27, 97, 56, 150, 43, 17, 135, 15, 50], [42, 49, 92, 155, 175, 134, 106, 120, 138, 25, 94, 188, 85, 202, 193, 196, 200, 120, 97, 145, 240, 59, 192, 167, 159, 91, 103, 14, 34, 110, 132, 12], [82, 255, 40, 228, 217, 124, 107, 11, 58, 19, 229, 166, 81, 227, 218, 92, 227, 193, 137, 252, 35, 35, 234, 168, 143, 213, 229, 39, 236, 174, 16, 184], [96, 107, 216, 37, 7, 39, 179, 36, 105, 246, 62, 178, 87, 186, 105, 252, 143, 193, 43, 89, 211, 169, 230, 237, 53, 163, 87, 44, 26, 4, 178, 115], [124, 117, 22, 174, 57, 170, 45, 40, 30, 167, 43, 38, 210, 6, 170, 55, 15, 241, 152, 10, 168, 154, 173, 99, 172, 184, 248, 1, 229, 239, 213, 108], [9, 127, 35, 230, 42, 165, 226, 255, 243, 228, 241, 175, 145, 81, 83, 5, 51, 121, 62, 155, 193, 239, 164, 15, 206, 187, 152, 19, 130, 55, 193, 90], [114, 194, 212, 92, 214, 7, 72, 230, 115, 116, 228, 159, 18, 176, 121, 57, 203, 147, 43, 116, 86, 56, 10, 127, 191, 222, 99, 4, 45, 141, 51, 220], [103, 13, 79, 221, 206, 52, 64, 49, 111, 12, 223, 248, 196, 156, 15, 39, 241, 235, 34, 243, 167, 143, 208, 18, 108, 14, 81, 21, 110, 253, 16, 201], [72, 58, 76, 11, 240, 182, 217, 240, 111, 7, 87, 199, 32, 195, 73, 159, 3, 138, 179, 203, 54, 103, 74, 247, 0, 176, 15, 37, 57, 227, 198, 44], [66, 250, 238, 196, 92, 121, 42, 189, 126, 7, 223, 216, 96, 16, 63, 120, 183, 152, 56, 238, 225, 159, 40, 63, 70, 127, 198, 45, 108, 214, 225, 193], [100, 150, 21, 182, 36, 17, 214, 110, 9, 135, 79, 11, 241, 22, 18, 13, 41, 126, 13, 36, 205, 3, 238, 40, 37, 122, 210, 1, 200, 43, 101, 133], [91, 57, 166, 167, 253, 16, 115, 210, 201, 221, 185, 15, 97, 95, 52, 113, 77, 182, 155, 142, 227, 244, 102, 23, 42, 230, 104, 10, 125, 56, 251, 175], [25, 147, 89, 137, 217, 225, 87, 255, 7, 132, 206, 209, 250, 78, 182, 9, 200, 76, 240, 67, 134, 218, 10, 154, 42, 20, 177, 20, 105, 176, 1, 248], [235, 132, 129, 4, 183, 37, 139, 37, 30, 186, 60, 242, 183, 92, 99, 154, 170, 217, 189, 196, 138, 232, 41, 161, 151, 53, 190, 11, 148, 137, 66, 242], [100, 80, 157, 41, 180, 218, 216, 54, 194, 180, 31, 122, 233, 48, 216, 209, 182, 134, 16, 107, 160, 172, 173, 139, 228, 173, 22, 10, 43, 85, 142, 90], [133, 48, 85, 164, 254, 26, 82, 248, 84, 13, 147, 61, 105, 190, 172, 31, 162, 199, 141, 25, 102, 98, 95, 147, 216, 39, 229, 28, 116, 235, 247, 97], [96, 82, 208, 64, 254, 89, 96, 101, 71, 76, 1, 173, 154, 124, 86, 154, 48, 251, 186, 54, 86, 67, 153, 222, 184, 207, 253, 18, 4, 94, 129, 36], [63, 223, 56, 201, 190, 48, 123, 219, 234, 180, 254, 188, 86, 43, 57, 247, 17, 89, 90, 93, 182, 17, 41, 153, 39, 136, 208, 5, 130, 231, 169, 51], [203, 55, 170, 92, 206, 210, 167, 242, 57, 196, 200, 163, 191, 156, 88, 223, 104, 207, 35, 114, 163, 181, 217, 196, 234, 119, 85, 39, 26, 12, 6, 17], [71, 5, 255, 139, 71, 77, 129, 192, 255, 144, 24, 229, 205, 176, 47, 219, 130, 181, 67, 176, 62, 144, 195, 54, 251, 81, 131, 18, 224, 2, 123, 191], [204, 81, 253, 22, 8, 61, 135, 89, 167, 154, 155, 58, 61, 128, 31, 175, 36, 133, 185, 90, 76, 170, 104, 3, 243, 134, 51, 26, 205, 252, 117, 246], [157, 122, 209, 149, 24, 1, 192, 208, 251, 70, 244, 60, 90, 90, 254, 147, 194, 215, 230, 78, 17, 110, 52, 136, 90, 8, 164, 6, 103, 168, 83, 116], [207, 46, 21, 135, 195, 129, 214, 89, 31, 48, 146, 66, 53, 126, 170, 88, 84, 51, 163, 94, 118, 71, 127, 161, 73, 248, 1, 8, 186, 217, 145, 238], [52, 128, 209, 122, 140, 140, 176, 230, 127, 235, 223, 60, 76, 29, 201, 69, 150, 17, 237, 126, 210, 203, 57, 236, 59, 115, 26, 32, 53, 230, 255, 148], [159, 147, 226, 214, 208, 202, 40, 199, 22, 121, 102, 44, 153, 28, 117, 11, 45, 108, 51, 2, 61, 9, 129, 114, 29, 138, 227, 41, 128, 90, 73, 205], [23, 194, 79, 4, 231, 50, 104, 61, 12, 235, 120, 189, 189, 204, 30, 124, 179, 51, 245, 125, 251, 53, 98, 98, 37, 251, 155, 36, 170, 76, 16, 143], [31, 168, 207, 162, 120, 18, 47, 235, 23, 66, 212, 188, 241, 229, 234, 253, 228, 205, 202, 75, 12, 79, 109, 125, 187, 241, 194, 45, 106, 59, 37, 74], [248, 255, 25, 149, 226, 13, 54, 125, 124, 72, 130, 195, 1, 196, 155, 229, 114, 55, 246, 185, 226, 209, 168, 195, 128, 22, 154, 43, 13, 185, 18, 27], [214, 120, 43, 168, 154, 182, 214, 51, 20, 41, 95, 49, 112, 102, 75, 133, 202, 196, 12, 239, 184, 119, 197, 31, 113, 1, 242, 14, 30, 238, 238, 89], [101, 246, 179, 167, 255, 31, 141, 69, 100, 221, 188, 122, 48, 223, 56, 11, 158, 31, 51, 97, 57, 129, 91, 174, 31, 90, 141, 37, 29, 34, 145, 173], [20, 57, 116, 54, 174, 98, 191, 92, 110, 229, 240, 87, 89, 117, 14, 208, 4, 27, 158, 163, 55, 215, 218, 207, 208, 147, 225, 30, 150, 52, 59, 124], [93, 135, 7, 117, 33, 1, 43, 255, 70, 236, 217, 105, 216, 236, 248, 145, 137, 3, 234, 81, 41, 214, 115, 17, 94, 42, 229, 20, 208, 98, 121, 246], [9, 73, 246, 151, 109, 100, 38, 185, 124, 68, 205, 182, 35, 218, 162, 124, 7, 115, 252, 218, 52, 81, 12, 198, 166, 158, 216, 23, 160, 201, 31, 223], [216, 83, 29, 39, 105, 109, 162, 105, 161, 229, 52, 197, 111, 56, 173, 100, 4, 247, 137, 227, 145, 37, 254, 66, 62, 119, 139, 13, 184, 233, 250, 142], [38, 19, 93, 102, 199, 202, 208, 66, 65, 172, 57, 175, 87, 29, 25, 254, 232, 167, 112, 46, 2, 62, 166, 211, 188, 116, 87, 34, 150, 83, 58, 81], [2, 33, 108, 93, 30, 82, 97, 142, 63, 255, 97, 252, 3, 137, 23, 77, 217, 48, 193, 138, 24, 63, 135, 239, 92, 162, 150, 50, 13, 167, 6, 197], [88, 122, 155, 254, 47, 141, 183, 8, 188, 116, 216, 142, 71, 80, 59, 217, 127, 208, 222, 6, 126, 104, 113, 81, 221, 199, 53, 21, 195, 10, 217, 226], [36, 238, 12, 64, 93, 162, 220, 39, 197, 229, 251, 163, 133, 144, 75, 178, 25, 42, 15, 183, 239, 136, 69, 239, 28, 50, 202, 33, 159, 10, 134, 247], [241, 196, 53, 218, 138, 192, 188, 98, 231, 218, 240, 138, 135, 211, 62, 228, 9, 247, 145, 228, 16, 54, 225, 242, 19, 226, 184, 44, 181, 210, 16, 225], [200, 166, 121, 225, 114, 15, 88, 52, 7, 41, 128, 68, 147, 15, 61, 117, 212, 99, 39, 136, 101, 92, 159, 190, 30, 250, 198, 32, 36, 75, 80, 119], [231, 81, 239, 131, 179, 175, 64, 183, 226, 232, 39, 88, 207, 248, 238, 144, 233, 85, 184, 198, 64, 103, 167, 35, 18, 22, 233, 16, 61, 76, 184, 88], [67, 195, 28, 122, 73, 109, 111, 100, 236, 237, 141, 6, 99, 211, 55, 162, 75, 59, 248, 240, 211, 169, 149, 129, 57, 14, 145, 6, 36, 220, 78, 176], [99, 138, 81, 120, 195, 24, 168, 9, 147, 169, 100, 119, 158, 104, 21, 62, 20, 214, 223, 249, 35, 198, 221, 215, 30, 220, 39, 28, 152, 223, 219, 131], [151, 213, 121, 12, 179, 29, 95, 71, 238, 129, 201, 15, 180, 147, 159, 210, 52, 7, 108, 128, 52, 161, 181, 164, 83, 233, 187, 49, 12, 159, 134, 99], [236, 22, 76, 186, 239, 97, 209, 43, 188, 211, 55, 184, 144, 109, 97, 201, 124, 197, 146, 161, 29, 255, 112, 29, 117, 177, 190, 25, 115, 97, 110, 33], [93, 194, 135, 5, 236, 143, 62, 252, 32, 236, 108, 199, 177, 230, 122, 8, 246, 134, 74, 216, 160, 212, 101, 65, 68, 11, 172, 18, 46, 119, 56, 128], [143, 168, 182, 56, 101, 23, 2, 89, 57, 210, 98, 214, 56, 253, 202, 119, 115, 95, 202, 108, 111, 64, 100, 197, 107, 208, 23, 27, 159, 202, 83, 184], [123, 86, 1, 114, 47, 225, 147, 220, 251, 50, 95, 160, 28, 111, 116, 80, 146, 132, 116, 130, 227, 151, 234, 58, 137, 97, 51, 26, 92, 32, 235, 83], [75, 252, 40, 157, 58, 184, 63, 94, 71, 8, 95, 160, 195, 206, 77, 75, 52, 222, 111, 171, 49, 123, 73, 56, 130, 67, 111, 33, 145, 255, 247, 166], [29, 72, 164, 17, 229, 140, 119, 57, 218, 199, 124, 199, 22, 99, 226, 215, 158, 140, 188, 248, 163, 29, 34, 199, 81, 94, 71, 25, 230, 103, 109, 49], [89, 197, 190, 18, 149, 103, 104, 153, 166, 220, 52, 131, 194, 107, 39, 200, 214, 251, 54, 119, 35, 133, 237, 146, 231, 84, 180, 44, 32, 107, 70, 30], [78, 106, 223, 51, 66, 69, 94, 63, 116, 176, 240, 106, 231, 15, 197, 62, 9, 27, 106, 198, 138, 227, 226, 154, 15, 151, 179, 41, 26, 42, 120, 169], [64, 119, 246, 10, 112, 123, 223, 142, 209, 80, 53, 22, 202, 248, 16, 225, 85, 140, 25, 163, 106, 245, 26, 230, 87, 115, 39, 7, 4, 112, 230, 87], [158, 54, 150, 74, 10, 52, 1, 236, 106, 128, 19, 117, 24, 13, 233, 6, 89, 106, 153, 151, 190, 11, 84, 2, 185, 206, 147, 19, 185, 242, 8, 189], [102, 23, 162, 130, 229, 202, 95, 102, 55, 180, 11, 65, 19, 255, 188, 40, 128, 57, 211, 22, 143, 130, 234, 193, 44, 215, 211, 49, 74, 213, 205, 87], [203, 33, 37, 236, 123, 71, 71, 207, 239, 248, 119, 169, 67, 77, 120, 240, 221, 127, 21, 91, 196, 87, 45, 232, 130, 184, 224, 17, 79, 229, 194, 209], [28, 208, 211, 2, 39, 178, 7, 13, 44, 197, 181, 193, 214, 115, 230, 34, 215, 192, 199, 225, 97, 83, 29, 176, 12, 11, 96, 34, 22, 126, 65, 216], [162, 248, 230, 220, 122, 77, 11, 165, 241, 155, 113, 173, 26, 64, 2, 26, 137, 73, 53, 254, 51, 166, 177, 176, 242, 166, 131, 45, 83, 78, 163, 123], [138, 226, 17, 195, 64, 141, 50, 14, 42, 103, 35, 40, 155, 64, 166, 44, 171, 62, 60, 78, 207, 246, 57, 83, 5, 83, 76, 38, 69, 216, 6, 97], [169, 117, 40, 160, 137, 153, 206, 27, 74, 188, 206, 68, 202, 41, 99, 96, 47, 193, 174, 247, 169, 141, 65, 182, 57, 204, 41, 26, 40, 60, 222, 141], [81, 172, 179, 109, 204, 17, 140, 90, 186, 75, 54, 13, 220, 99, 128, 134, 86, 138, 248, 208, 250, 220, 62, 216, 106, 94, 126, 25, 124, 245, 29, 168], [129, 225, 105, 44, 163, 143, 23, 75, 198, 198, 59, 104, 242, 148, 98, 167, 56, 109, 125, 156, 4, 185, 128, 255, 132, 210, 192, 24, 55, 50, 175, 122], [92, 103, 255, 18, 1, 133, 197, 150, 27, 144, 157, 139, 144, 164, 64, 13, 91, 223, 250, 115, 110, 73, 91, 62, 184, 213, 4, 48, 52, 102, 245, 232], [15, 135, 39, 232, 100, 171, 180, 10, 36, 224, 33, 18, 172, 3, 164, 6, 133, 123, 119, 249, 219, 198, 134, 93, 89, 190, 169, 2, 199, 215, 95, 45], [54, 231, 35, 194, 56, 5, 36, 246, 230, 196, 121, 199, 35, 207, 195, 134, 24, 232, 169, 244, 105, 23, 14, 76, 24, 105, 36, 23, 103, 169, 109, 154], [193, 209, 155, 203, 152, 33, 100, 152, 82, 95, 79, 138, 244, 127, 210, 92, 2, 97, 127, 40, 157, 141, 77, 2, 29, 43, 149, 14, 43, 86, 122, 30], [146, 69, 93, 170, 56, 41, 179, 34, 14, 241, 228, 1, 52, 105, 96, 197, 168, 7, 188, 121, 78, 136, 86, 1, 131, 95, 166, 6, 32, 87, 109, 147], [38, 208, 195, 131, 1, 231, 104, 124, 135, 21, 12, 201, 198, 134, 17, 199, 254, 165, 59, 213, 60, 123, 61, 30, 156, 58, 191, 31, 211, 109, 198, 170], [203, 173, 117, 135, 196, 49, 160, 78, 233, 134, 101, 230, 92, 134, 117, 203, 68, 153, 45, 91, 206, 14, 20, 209, 10, 52, 72, 17, 103, 221, 219, 159], [169, 183, 103, 245, 108, 154, 204, 43, 108, 231, 218, 203, 49, 211, 61, 246, 141, 197, 194, 234, 56, 163, 195, 132, 206, 88, 253, 23, 81, 164, 145, 149], [181, 121, 183, 59, 68, 197, 18, 99, 188, 165, 110, 250, 178, 68, 243, 131, 135, 125, 217, 247, 111, 220, 227, 53, 204, 243, 132, 41, 246, 193, 51, 123], [133, 22, 153, 197, 250, 117, 12, 185, 223, 164, 172, 181, 154, 186, 54, 118, 138, 136, 7, 25, 111, 127, 1, 225, 11, 205, 75, 46, 71, 134, 184, 172], [143, 41, 60, 115, 160, 95, 91, 237, 238, 110, 1, 44, 100, 34, 119, 218, 156, 133, 166, 150, 183, 198, 68, 36, 142, 174, 88, 29, 164, 253, 29, 19], [177, 10, 27, 196, 177, 0, 111, 154, 6, 155, 13, 184, 164, 83, 27, 238, 50, 166, 134, 126, 121, 109, 175, 245, 176, 49, 203, 11, 222, 161, 125, 122], [26, 104, 128, 70, 165, 121, 245, 25, 53, 148, 198, 253, 171, 89, 136, 183, 121, 105, 135, 229, 113, 36, 128, 105, 109, 98, 215, 33, 95, 187, 223, 235], [248, 131, 28, 127, 68, 227, 186, 208, 153, 72, 116, 45, 27, 102, 242, 117, 213, 135, 49, 246, 198, 139, 39, 159, 120, 22, 13, 20, 119, 83, 72, 227], [29, 158, 71, 52, 35, 152, 171, 55, 233, 149, 90, 156, 107, 146, 183, 206, 75, 115, 230, 180, 18, 43, 206, 250, 80, 252, 236, 48, 89, 155, 1, 83], [223, 95, 176, 21, 95, 24, 87, 156, 36, 180, 1, 120, 111, 230, 53, 41, 99, 116, 85, 185, 43, 14, 235, 22, 233, 164, 75, 15, 31, 240, 74, 53], [254, 55, 161, 96, 235, 132, 13, 128, 28, 113, 138, 6, 69, 214, 110, 93, 104, 216, 77, 80, 233, 75, 230, 73, 173, 174, 83, 46, 204, 187, 133, 59], [7, 158, 30, 104, 118, 81, 105, 87, 178, 19, 183, 4, 1, 139, 164, 182, 39, 6, 58, 215, 134, 123, 59, 151, 43, 100, 52, 14, 171, 133, 86, 222], [243, 25, 137, 173, 87, 242, 117, 118, 231, 223, 76, 143, 157, 144, 19, 42, 236, 27, 30, 104, 133, 143, 82, 70, 219, 35, 0, 14, 170, 154, 254, 249], [62, 232, 248, 108, 167, 124, 99, 131, 252, 71, 197, 0, 30, 87, 107, 175, 70, 110, 175, 105, 26, 114, 248, 136, 195, 156, 22, 23, 111, 208, 135, 83], [203, 36, 213, 3, 233, 246, 206, 131, 113, 138, 172, 65, 193, 138, 136, 18, 76, 251, 220, 2, 244, 13, 109, 132, 98, 131, 188, 9, 202, 8, 224, 42], [110, 203, 36, 139, 94, 107, 203, 58, 231, 41, 50, 2, 9, 186, 87, 32, 224, 11, 93, 195, 98, 223, 185, 99, 63, 126, 51, 47, 199, 65, 115, 42], [116, 203, 161, 204, 118, 231, 39, 60, 62, 116, 88, 177, 228, 38, 98, 179, 172, 67, 154, 43, 135, 138, 203, 74, 53, 80, 145, 30, 5, 13, 45, 217], [114, 229, 149, 167, 57, 59, 126, 49, 186, 80, 50, 156, 101, 72, 52, 205, 242, 138, 28, 90, 139, 237, 128, 121, 43, 24, 124, 17, 170, 61, 105, 137], [57, 38, 45, 170, 162, 95, 166, 201, 128, 126, 224, 246, 180, 237, 128, 92, 48, 155, 175, 128, 194, 26, 86, 140, 87, 36, 189, 46, 70, 143, 66, 165], [183, 135, 185, 225, 21, 241, 246, 240, 140, 142, 73, 116, 94, 70, 244, 218, 170, 193, 130, 70, 217, 186, 7, 57, 132, 241, 36, 21, 231, 167, 179, 47], [88, 214, 148, 144, 170, 140, 114, 177, 212, 43, 254, 131, 235, 161, 183, 140, 84, 218, 150, 232, 60, 63, 115, 46, 143, 39, 161, 35, 123, 143, 210, 249], [132, 233, 52, 246, 236, 62, 157, 222, 173, 221, 175, 129, 53, 57, 52, 118, 85, 65, 207, 30, 245, 18, 3, 210, 17, 160, 222, 4, 104, 149, 157, 214], [209, 199, 160, 204, 251, 218, 111, 78, 160, 201, 32, 146, 195, 203, 53, 194, 228, 7, 66, 175, 178, 46, 194, 101, 144, 230, 172, 32, 182, 9, 43, 200], [66, 129, 20, 135, 153, 174, 219, 94, 242, 124, 66, 17, 159, 160, 244, 209, 251, 209, 119, 255, 181, 255, 85, 222, 51, 97, 43, 11, 11, 115, 42, 211], [160, 148, 212, 13, 1, 255, 105, 23, 175, 242, 180, 184, 93, 183, 159, 26, 20, 225, 161, 236, 121, 187, 247, 91, 217, 20, 120, 15, 248, 33, 107, 61], [181, 100, 140, 154, 113, 8, 211, 181, 154, 70, 2, 125, 241, 96, 254, 199, 106, 49, 67, 17, 15, 9, 68, 55, 192, 37, 137, 40, 252, 170, 206, 13], [190, 89, 31, 213, 44, 22, 235, 206, 132, 132, 167, 57, 135, 192, 69, 11, 120, 174, 77, 101, 72, 61, 180, 91, 145, 192, 5, 38, 225, 155, 117, 128], [204, 12, 123, 166, 225, 227, 184, 186, 167, 180, 207, 38, 30, 183, 242, 164, 114, 87, 70, 186, 184, 45, 6, 62, 118, 241, 90, 19, 140, 99, 39, 176], [185, 124, 2, 206, 158, 161, 220, 56, 52, 49, 166, 152, 99, 249, 195, 218, 226, 3, 69, 48, 120, 58, 240, 33, 255, 31, 247, 35, 109, 25, 143, 246], [33, 178, 160, 145, 158, 128, 225, 251, 34, 79, 3, 190, 114, 238, 52, 216, 115, 90, 189, 194, 235, 202, 121, 160, 169, 124, 49, 32, 146, 89, 184, 204], [20, 72, 126, 131, 155, 157, 251, 144, 102, 110, 168, 141, 19, 12, 21, 108, 101, 104, 144, 143, 139, 88, 113, 207, 230, 237, 114, 14, 0, 0, 0, 0], [0, 0, 0, 0, 0, 0, 0, 0, 0, 0, 0, 0, 0, 0, 0, 0, 0, 0, 0, 0, 0, 0, 0, 0, 0, 0, 0, 0, 176, 14, 0, 0], [177, 14, 0, 0, 129, 21, 0, 0, 0, 0, 0, 0, 80, 137, 25, 32, 247, 120, 0, 0, 208, 6, 0, 32, 247, 120, 0, 0, 80, 137, 25, 32], [247, 120, 0, 0, 96, 210, 23, 32, 247, 120, 0, 0, 188, 14, 0, 0, 189, 14, 0, 0, 190, 14, 0, 0, 191, 14, 0, 0, 192, 14, 0, 0], [193, 14, 0, 0, 194, 14, 0, 0, 195, 14, 0, 0, 196, 14, 0, 0, 197, 14, 0, 0, 49, 21, 0, 0, 0, 0, 0, 0, 144, 0, 0, 32], [247, 120, 0, 0, 144, 0, 0, 32, 247, 120, 0, 0, 0, 0, 0, 0, 0, 0, 0, 0, 0, 0, 0, 0, 0, 0, 0, 0, 208, 14, 0, 0], [209, 14, 0, 0, 210, 14, 0, 0, 211, 14, 0, 0, 212, 14, 0, 0, 213, 14, 0, 0, 214, 14, 0, 0, 215, 14, 0, 0, 216, 14, 0, 0], [217, 14, 0, 0, 218, 14, 0, 0, 219, 14, 0, 0, 220, 14, 0, 0, 221, 14, 0, 0, 222, 14, 0, 0, 223, 14, 0, 0, 224, 14, 0, 0], [225, 14, 0, 0, 226, 14, 0, 0, 227, 14, 0, 0, 228, 14, 0, 0, 229, 14, 0, 0, 230, 14, 0, 0, 231, 14, 0, 0, 232, 14, 0, 0], [233, 14, 0, 0, 234, 14, 0, 0, 235, 14, 0, 0, 236, 14, 0, 0, 237, 14, 0, 0, 238, 14, 0, 0, 239, 14, 0, 0, 240, 14, 0, 0], [241, 14, 0, 0, 242, 14, 0, 0, 243, 14, 0, 0, 244, 14, 0, 0, 245, 14, 0, 0, 246, 14, 0, 0, 247, 14, 0, 0, 248, 14, 0, 0], [249, 14, 0, 0, 250, 14, 0, 0, 251, 14, 0, 0, 252, 14, 0, 0, 253, 14, 0, 0, 254, 14, 0, 0, 255, 14, 0, 0, 0, 15, 0, 0], [1, 15, 0, 0, 2, 15, 0, 0, 3, 15, 0, 0, 4, 15, 0, 0, 5, 15, 0, 0, 6, 15, 0, 0, 7, 15, 0, 0, 8, 15, 0, 0], [9, 15, 0, 0, 10, 15, 0, 0, 11, 15, 0, 0, 12, 15, 0, 0, 13, 15, 0, 0, 14, 15, 0, 0, 15, 15, 0, 0, 16, 15, 0, 0], [17, 15, 0, 0, 18, 15, 0, 0, 19, 15, 0, 0, 20, 15, 0, 0, 21, 15, 0, 0, 22, 15, 0, 0, 23, 15, 0, 0, 24, 15, 0, 0], [25, 15, 0, 0, 26, 15, 0, 0, 27, 15, 0, 0, 28, 15, 0, 0, 29, 15, 0, 0, 30, 15, 0, 0, 31, 15, 0, 0, 32, 15, 0, 0], [33, 15, 0, 0, 34, 15, 0, 0, 35, 15, 0, 0, 36, 15, 0, 0, 37, 15, 0, 0, 38, 15, 0, 0, 39, 15, 0, 0, 40, 15, 0, 0], [41, 15, 0, 0, 42, 15, 0, 0, 43, 15, 0, 0, 44, 15, 0, 0, 45, 15, 0, 0, 46, 15, 0, 0, 47, 15, 0, 0, 48, 15, 0, 0], [49, 15, 0, 0, 50, 15, 0, 0, 51, 15, 0, 0, 52, 15, 0, 0, 53, 15, 0, 0, 54, 15, 0, 0, 55, 15, 0, 0, 56, 15, 0, 0], [57, 15, 0, 0, 58, 15, 0, 0, 59, 15, 0, 0, 60, 15, 0, 0, 61, 15, 0, 0, 62, 15, 0, 0, 63, 15, 0, 0, 64, 15, 0, 0], [65, 15, 0, 0, 66, 15, 0, 0, 67, 15, 0, 0, 68, 15, 0, 0, 69, 15, 0, 0, 70, 15, 0, 0, 71, 15, 0, 0, 72, 15, 0, 0], [73, 15, 0, 0, 74, 15, 0, 0, 75, 15, 0, 0, 76, 15, 0, 0, 77, 15, 0, 0, 78, 15, 0, 0, 79, 15, 0, 0, 80, 15, 0, 0], [81, 15, 0, 0, 82, 15, 0, 0, 83, 15, 0, 0, 84, 15, 0, 0, 85, 15, 0, 0, 86, 15, 0, 0, 87, 15, 0, 0, 88, 15, 0, 0], [89, 15, 0, 0, 90, 15, 0, 0, 91, 15, 0, 0, 92, 15, 0, 0, 93, 15, 0, 0, 94, 15, 0, 0, 95, 15, 0, 0, 96, 15, 0, 0], [97, 15, 0, 0, 98, 15, 0, 0, 99, 15, 0, 0, 100, 15, 0, 0, 101, 15, 0, 0, 102, 15, 0, 0, 103, 15, 0, 0, 104, 15, 0, 0], [105, 15, 0, 0, 106, 15, 0, 0, 107, 15, 0, 0, 108, 15, 0, 0, 109, 15, 0, 0, 110, 15, 0, 0, 111, 15, 0, 0, 112, 15, 0, 0], [113, 15, 0, 0, 114, 15, 0, 0, 115, 15, 0, 0, 116, 15, 0, 0, 117, 15, 0, 0, 118, 15, 0, 0, 119, 15, 0, 0, 120, 15, 0, 0], [121, 15, 0, 0, 122, 15, 0, 0, 123, 15, 0, 0, 124, 15, 0, 0, 125, 15, 0, 0, 126, 15, 0, 0, 127, 15, 0, 0, 128, 15, 0, 0], [129, 15, 0, 0, 130, 15, 0, 0, 131, 15, 0, 0, 132, 15, 0, 0, 133, 15, 0, 0, 134, 15, 0, 0, 135, 15, 0, 0, 136, 15, 0, 0], [137, 15, 0, 0, 138, 15, 0, 0, 139, 15, 0, 0, 140, 15, 0, 0, 141, 15, 0, 0, 142, 15, 0, 0, 143, 15, 0, 0, 144, 15, 0, 0], [145, 15, 0, 0, 146, 15, 0, 0, 147, 15, 0, 0, 148, 15, 0, 0, 149, 15, 0, 0, 150, 15, 0, 0, 151, 15, 0, 0, 152, 15, 0, 0], [153, 15, 0, 0, 154, 15, 0, 0, 155, 15, 0, 0, 156, 15, 0, 0, 157, 15, 0, 0, 158, 15, 0, 0, 159, 15, 0, 0, 160, 15, 0, 0], [161, 15, 0, 0, 162, 15, 0, 0, 163, 15, 0, 0, 164, 15, 0, 0, 165, 15, 0, 0, 166, 15, 0, 0, 167, 15, 0, 0, 168, 15, 0, 0], [169, 15, 0, 0, 170, 15, 0, 0, 171, 15, 0, 0, 172, 15, 0, 0, 173, 15, 0, 0, 174, 15, 0, 0, 175, 15, 0, 0, 176, 15, 0, 0], [177, 15, 0, 0, 178, 15, 0, 0, 179, 15, 0, 0, 180, 15, 0, 0, 181, 15, 0, 0, 182, 15, 0, 0, 183, 15, 0, 0, 184, 15, 0, 0], [185, 15, 0, 0, 186, 15, 0, 0, 187, 15, 0, 0, 188, 15, 0, 0, 189, 15, 0, 0, 190, 15, 0, 0, 191, 15, 0, 0, 192, 15, 0, 0], [193, 15, 0, 0, 194, 15, 0, 0, 195, 15, 0, 0, 196, 15, 0, 0, 197, 15, 0, 0, 198, 15, 0, 0, 199, 15, 0, 0, 200, 15, 0, 0], [201, 15, 0, 0, 202, 15, 0, 0, 203, 15, 0, 0, 204, 15, 0, 0, 205, 15, 0, 0, 206, 15, 0, 0, 207, 15, 0, 0, 208, 15, 0, 0], [209, 15, 0, 0, 210, 15, 0, 0, 211, 15, 0, 0, 212, 15, 0, 0, 213, 15, 0, 0, 214, 15, 0, 0, 215, 15, 0, 0, 216, 15, 0, 0], [217, 15, 0, 0, 218, 15, 0, 0, 219, 15, 0, 0, 220, 15, 0, 0, 221, 15, 0, 0, 222, 15, 0, 0, 223, 15, 0, 0, 224, 15, 0, 0], [225, 15, 0, 0, 226, 15, 0, 0, 227, 15, 0, 0, 228, 15, 0, 0, 229, 15, 0, 0, 230, 15, 0, 0, 231, 15, 0, 0, 232, 15, 0, 0], [233, 15, 0, 0, 234, 15, 0, 0, 235, 15, 0, 0, 236, 15, 0, 0, 237, 15, 0, 0, 238, 15, 0, 0, 239, 15, 0, 0, 240, 15, 0, 0], [241, 15, 0, 0, 242, 15, 0, 0, 243, 15, 0, 0, 244, 15, 0, 0, 245, 15, 0, 0, 246, 15, 0, 0, 247, 15, 0, 0, 248, 15, 0, 0], [249, 15, 0, 0, 250, 15, 0, 0, 251, 15, 0, 0, 252, 15, 0, 0, 253, 15, 0, 0, 254, 15, 0, 0, 255, 15, 0, 0, 128, 193, 0, 0], [0, 0, 0, 0, 52, 0, 0, 0, 0, 0, 0, 0, 241, 2, 114, 143, 7, 0, 0, 0, 0, 0, 0, 0, 0, 0, 0, 0, 96, 106, 3, 157], [189, 94, 0, 0, 0, 27, 47, 32, 247, 120, 0, 0, 48, 0, 0, 0, 0, 0, 0, 0, 17, 16, 0, 0, 0, 0, 0, 0, 176, 83, 77, 32], [247, 120, 0, 0, 96, 7, 143, 32, 247, 120, 0, 0, 0, 0, 0, 0, 0, 0, 0, 0, 0, 0, 0, 0, 0, 0, 0, 0, 2, 2, 2, 2], [2, 2, 2, 2, 2, 2, 2, 2, 2, 2, 2, 2, 2, 2, 2, 2, 2, 2, 2, 2, 2, 2, 2, 2, 2, 2, 2, 2, 2, 2, 2, 2], [2, 2, 2, 2, 2, 2, 2, 2, 2, 2, 2, 2, 2, 2, 2, 2, 2, 2, 2, 2, 2, 2, 2, 2, 2, 2, 2, 2, 2, 2, 2, 2], [2, 2, 2, 2, 2, 2, 2, 2, 2, 2, 2, 2, 2, 2, 2, 2, 2, 2, 2, 2, 2, 2, 2, 2, 2, 2, 2, 2, 2, 2, 2, 2], [2, 2, 2, 2, 2, 2, 2, 2, 2, 2, 2, 2, 2, 2, 2, 2, 2, 2, 2, 2, 2, 2, 2, 2, 2, 2, 2, 2, 2, 2, 2, 2], [2, 2, 2, 2, 2, 2, 2, 2, 2, 2, 2, 2, 2, 2, 2, 2, 2, 2, 2, 2, 2, 2, 2, 2, 2, 2, 2, 2, 2, 2, 2, 2], [2, 2, 2, 2, 2, 2, 2, 2, 2, 2, 2, 2, 2, 2, 2, 2, 2, 2, 2, 2, 2, 2, 2, 2, 2, 2, 2, 2, 2, 2, 2, 2], [2, 2, 2, 2, 2, 2, 2, 2, 2, 2, 2, 2, 2, 2, 2, 2, 2, 2, 2, 2, 2, 2, 2, 2, 2, 2, 2, 2, 2, 2, 2, 2], [2, 2, 2, 2, 2, 2, 2, 2, 2, 2, 2, 2, 2, 2, 2, 2, 2, 2, 2, 2, 2, 2, 2, 2, 2, 2, 2, 2, 2, 2, 2, 2], [2, 2, 2, 2, 2, 2, 2, 2, 2, 2, 2, 2, 2, 2, 2, 2, 2, 2, 2, 2, 2, 2, 2, 2, 2, 2, 2, 2, 2, 2, 2, 2], [2, 2, 2, 2, 2, 2, 2, 2, 2, 2, 2, 2, 2, 2, 2, 2, 2, 2, 2, 2, 2, 2, 2, 2, 2, 2, 2, 2, 2, 2, 2, 2], [2, 2, 2, 2, 2, 2, 2, 2, 2, 2, 2, 2, 2, 2, 2, 2, 2, 2, 2, 2, 2, 2, 2, 2, 2, 2, 2, 2, 2, 2, 2, 2], [2, 2, 2, 2, 2, 2, 2, 2, 2, 2, 2, 2, 2, 2, 2, 2, 2, 2, 2, 2, 2, 2, 2, 2, 2, 2, 2, 2, 2, 2, 2, 2], [2, 2, 2, 2, 2, 2, 2, 2, 2, 2, 2, 2, 2, 2, 2, 2, 2, 2, 2, 2, 2, 2, 2, 2, 2, 2, 2, 2, 2, 2, 2, 2], [2, 2, 2, 2, 2, 2, 2, 2, 2, 2, 2, 2, 2, 2, 2, 2, 2, 2, 2, 2, 2, 2, 2, 2, 2, 2, 2, 2, 2, 2, 2, 2], [2, 2, 2, 2, 2, 2, 2, 2, 2, 2, 2, 2, 2, 2, 2, 2, 2, 2, 2, 2, 2, 2, 2, 2, 2, 2, 2, 2, 2, 2, 2, 2], [2, 2, 2, 2, 2, 2, 2, 2, 2, 2, 2, 2, 2, 2, 2, 2, 2, 2, 2, 2, 2, 2, 2, 2, 2, 2, 2, 2, 2, 2, 2, 2], [2, 2, 2, 2, 2, 2, 2, 2, 2, 2, 2, 2, 2, 2, 2, 2, 2, 2, 2, 2, 2, 2, 2, 2, 2, 2, 2, 2, 2, 2, 2, 2], [2, 2, 2, 2, 2, 2, 2, 2, 2, 2, 2, 2, 2, 2, 2, 2, 2, 2, 2, 2, 2, 2, 2, 2, 2, 2, 2, 2, 2, 2, 2, 2], [2, 2, 2, 2, 2, 2, 2, 2, 2, 2, 2, 2, 2, 2, 2, 2, 2, 2, 2, 2, 2, 2, 2, 2, 2, 2, 2, 2, 2, 2, 2, 2], [2, 2, 2, 2, 2, 2, 2, 2, 2, 2, 2, 2, 2, 2, 2, 2, 2, 2, 2, 2, 2, 2, 2, 2, 2, 2, 2, 2, 2, 2, 2, 2], [2, 2, 2, 2, 2, 2, 2, 2, 2, 2, 2, 2, 2, 2, 2, 2, 2, 2, 2, 2, 2, 2, 2, 2, 2, 2, 2, 2, 2, 2, 2, 2], [2, 2, 2, 2, 2, 2, 2, 2, 2, 2, 2, 2, 2, 2, 2, 2, 2, 2, 2, 2, 2, 2, 2, 2, 2, 2, 2, 2, 2, 2, 2, 2], [2, 2, 2, 2, 2, 2, 2, 2, 2, 2, 2, 2, 2, 2, 2, 2, 2, 2, 2, 2, 2, 2, 2, 2, 2, 2, 2, 2, 2, 2, 2, 2], [2, 2, 2, 2, 2, 2, 2, 2, 2, 2, 2, 2, 2, 2, 2, 2, 2, 2, 2, 2, 2, 2, 2, 2, 2, 2, 2, 2, 2, 2, 2, 2], [2, 2, 2, 2, 2, 2, 2, 2, 2, 2, 2, 2, 2, 2, 2, 2, 2, 2, 2, 2, 2, 2, 2, 2, 2, 2, 2, 2, 2, 2, 2, 2], [2, 2, 2, 2, 2, 2, 2, 2, 2, 2, 2, 2, 2, 2, 2, 2, 2, 2, 2, 2, 2, 2, 2, 2, 2, 2, 2, 2, 2, 2, 2, 2], [2, 2, 2, 2, 2, 2, 2, 2, 2, 2, 2, 2, 2, 2, 2, 2, 2, 2, 2, 2, 2, 2, 2, 2, 2, 2, 2, 2, 2, 2, 2, 2], [2, 2, 2, 2, 2, 2, 2, 2, 2, 2, 2, 2, 2, 2, 2, 2, 2, 2, 2, 2, 2, 2, 2, 2, 2, 2, 2, 2, 2, 2, 2, 2], [2, 2, 2, 2, 2, 2, 2, 2, 2, 2, 2, 2, 2, 2, 2, 2, 2, 2, 2, 2, 2, 2, 2, 2, 2, 2, 2, 2, 2, 2, 2, 2], [2, 2, 2, 2, 2, 2, 2, 2, 2, 2, 2, 2, 2, 2, 2, 2, 2, 2, 2, 2, 2, 2, 2, 2, 2, 2, 2, 2, 2, 2, 2, 2], [2, 2, 2, 2, 2, 2, 2, 2, 2, 2, 2, 2, 2, 2, 2, 2, 2, 2, 2, 2, 2, 2, 2, 2, 2, 2, 2, 2, 2, 2, 2, 2], [2, 2, 2, 2, 2, 2, 2, 2, 2, 2, 2, 2, 2, 2, 2, 2, 2, 2, 2, 2, 2, 2, 2, 2, 2, 2, 2, 2, 2, 2, 2, 2], [2, 2, 2, 2, 2, 2, 2, 2, 2, 2, 2, 2, 2, 2, 2, 2, 2, 2, 2, 2, 2, 2, 2, 2, 2, 2, 2, 2, 2, 2, 2, 2], [2, 2, 2, 2, 2, 2, 2, 2, 2, 2, 2, 2, 2, 2, 2, 2, 2, 2, 2, 2, 2, 2, 2, 2, 2, 2, 2, 2, 2, 2, 2, 2], [2, 2, 2, 2, 2, 2, 2, 2, 2, 2, 2, 2, 2, 2, 2, 2, 2, 2, 2, 2, 2, 2, 2, 2, 2, 2, 2, 2, 2, 2, 2, 2], [2, 2, 2, 2, 2, 2, 2, 2, 2, 2, 2, 2, 2, 2, 2, 2, 2, 2, 2, 2, 2, 2, 2, 2, 2, 2, 2, 2, 2, 2, 2, 2], [2, 2, 2, 2, 2, 2, 2, 2, 2, 2, 2, 2, 2, 2, 2, 2, 2, 2, 2, 2, 2, 2, 2, 2, 2, 2, 2, 2, 2, 2, 2, 2], [2, 2, 2, 2, 2, 2, 2, 2, 2, 2, 2, 2, 2, 2, 2, 2, 2, 2, 2, 2, 2, 2, 2, 2, 2, 2, 2, 2, 2, 2, 2, 2], [2, 2, 2, 2, 2, 2, 2, 2, 2, 2, 2, 2, 2, 2, 2, 2, 2, 2, 2, 2, 2, 2, 2, 2, 2, 2, 2, 2, 2, 2, 2, 2], [2, 2, 2, 2, 2, 2, 2, 2, 2, 2, 2, 2, 2, 2, 2, 2, 2, 2, 2, 2, 2, 2, 2, 2, 2, 2, 2, 2, 2, 2, 2, 2], [2, 2, 2, 2, 2, 2, 2, 2, 2, 2, 2, 2, 2, 2, 2, 2, 2, 2, 2, 2, 2, 2, 2, 2, 2, 2, 2, 2, 2, 2, 2, 2], [2, 2, 2, 2, 2, 2, 2, 2, 2, 2, 2, 2, 2, 2, 2, 2, 2, 2, 2, 2, 2, 2, 2, 2, 2, 2, 2, 2, 2, 2, 2, 2], [2, 2, 2, 2, 2, 2, 2, 2, 2, 2, 2, 2, 2, 2, 2, 2, 2, 2, 2, 2, 2, 2, 2, 2, 2, 2, 2, 2, 2, 2, 2, 2], [2, 2, 2, 2, 2, 2, 2, 2, 2, 2, 2, 2, 2, 2, 2, 2, 2, 2, 2, 2, 2, 2, 2, 2, 2, 2, 2, 2, 2, 2, 2, 2], [2, 2, 2, 2, 2, 2, 2, 2, 2, 2, 2, 2, 2, 2, 2, 2, 2, 2, 2, 2, 2, 2, 2, 2, 2, 2, 2, 2, 2, 2, 2, 2], [2, 2, 2, 2, 2, 2, 2, 2, 2, 2, 2, 2, 2, 2, 2, 2, 2, 2, 2, 2, 2, 2, 2, 2, 2, 2, 2, 2, 2, 2, 2, 2], [2, 2, 2, 2, 2, 2, 2, 2, 2, 2, 2, 2, 2, 2, 2, 2, 2, 2, 2, 2, 2, 2, 2, 2, 2, 2, 2, 2, 2, 2, 2, 2], [2, 2, 2, 2, 2, 2, 2, 2, 2, 2, 2, 2, 2, 2, 2, 2, 2, 2, 2, 2, 2, 2, 2, 2, 2, 2, 2, 2, 2, 2, 2, 2], [2, 2, 2, 2, 2, 2, 2, 2, 2, 2, 2, 2, 2, 2, 2, 2, 2, 2, 2, 2, 2, 2, 2, 2, 2, 2, 2, 2, 2, 2, 2, 2], [2, 2, 2, 2, 2, 2, 2, 2, 2, 2, 2, 2, 2, 2, 2, 2, 2, 2, 2, 2, 2, 2, 2, 2, 2, 2, 2, 2, 2, 2, 2, 2], [2, 2, 2, 2, 2, 2, 2, 2, 2, 2, 2, 2, 2, 2, 2, 2, 2, 2, 2, 2, 2, 2, 2, 2, 2, 2, 2, 2, 2, 2, 2, 2], [2, 2, 2, 2, 2, 2, 2, 2, 2, 2, 2, 2, 2, 2, 2, 2, 2, 2, 2, 2, 2, 2, 2, 2, 2, 2, 2, 2, 2, 2, 2, 2], [2, 2, 2, 2, 2, 2, 2, 2, 2, 2, 2, 2, 2, 2, 2, 2, 2, 2, 2, 2, 2, 2, 2, 2, 2, 2, 2, 2, 2, 2, 2, 2], [2, 2, 2, 2, 2, 2, 2, 2, 2, 2, 2, 2, 2, 2, 2, 2, 2, 2, 2, 2, 2, 2, 2, 2, 2, 2, 2, 2, 2, 2, 2, 2], [2, 2, 2, 2, 2, 2, 2, 2, 2, 2, 2, 2, 2, 2, 2, 2, 2, 2, 2, 2, 2, 2, 2, 2, 2, 2, 2, 2, 2, 2, 2, 2], [2, 2, 2, 2, 2, 2, 2, 2, 2, 2, 2, 2, 2, 2, 2, 2, 2, 2, 2, 2, 2, 2, 2, 2, 2, 2, 2, 2, 2, 2, 2, 2], [2, 2, 2, 2, 2, 2, 2, 2, 2, 2, 2, 2, 2, 2, 2, 2, 2, 2, 2, 2, 2, 2, 2, 2, 2, 2, 2, 2, 2, 2, 2, 2], [2, 2, 2, 2, 2, 2, 2, 2, 2, 2, 2, 2, 2, 2, 2, 2, 2, 2, 2, 2, 2, 2, 2, 2, 2, 2, 2, 2, 2, 2, 2, 2], [2, 2, 2, 2, 2, 2, 2, 2, 2, 2, 2, 2, 2, 2, 2, 2, 2, 2, 2, 2, 2, 2, 2, 2, 2, 2, 2, 2, 2, 2, 2, 2], [2, 2, 2, 2, 2, 2, 2, 2, 2, 2, 2, 2, 2, 2, 2, 2, 2, 2, 2, 2, 2, 2, 2, 2, 2, 2, 2, 2, 2, 2, 2, 2], [2, 2, 2, 2, 2, 2, 2, 2, 2, 2, 2, 2, 2, 2, 2, 2, 2, 2, 2, 2, 2, 2, 2, 2, 2, 2, 2, 2, 2, 2, 2, 2], [2, 2, 2, 2, 2, 2, 2, 2, 2, 2, 2, 2, 2, 2, 2, 2, 2, 2, 2, 2, 2, 2, 2, 2, 2, 2, 2, 2, 2, 2, 2, 2], [2, 2, 2, 2, 2, 2, 2, 2, 2, 2, 2, 2, 2, 2, 2, 2, 2, 2, 2, 2, 2, 2, 2, 2, 2, 2, 2, 2, 2, 2, 2, 2], [2, 2, 2, 2, 2, 2, 2, 2, 2, 2, 2, 2, 2, 2, 2, 2, 2, 2, 2, 2, 2, 2, 2, 2, 2, 2, 2, 2, 2, 2, 2, 2], [2, 2, 2, 2, 2, 2, 2, 2, 2, 2, 2, 2, 2, 2, 2, 2, 2, 2, 2, 2, 2, 2, 2, 2, 2, 2, 2, 2, 2, 2, 2, 2], [2, 2, 2, 2, 2, 2, 2, 2, 2, 2, 2, 2, 2, 2, 2, 2, 2, 2, 2, 2, 2, 2, 2, 2, 2, 2, 2, 2, 2, 2, 2, 2], [2, 2, 2, 2, 2, 2, 2, 2, 2, 2, 2, 2, 2, 2, 2, 2, 2, 2, 2, 2, 2, 2, 2, 2, 2, 2, 2, 2, 2, 2, 2, 2], [2, 2, 2, 2, 2, 2, 2, 2, 2, 2, 2, 2, 2, 2, 2, 2, 2, 2, 2, 2, 2, 2, 2, 2, 2, 2, 2, 2, 2, 2, 2, 2], [2, 2, 2, 2, 2, 2, 2, 2, 2, 2, 2, 2, 2, 2, 2, 2, 2, 2, 2, 2, 2, 2, 2, 2, 2, 2, 2, 2, 2, 2, 2, 2], [2, 2, 2, 2, 2, 2, 2, 2, 2, 2, 2, 2, 2, 2, 2, 2, 2, 2, 2, 2, 2, 2, 2, 2, 2, 2, 2, 2, 2, 2, 2, 2], [2, 2, 2, 2, 2, 2, 2, 2, 2, 2, 2, 2, 2, 2, 2, 2, 2, 2, 2, 2, 2, 2, 2, 2, 2, 2, 2, 2, 2, 2, 2, 2], [2, 2, 2, 2, 2, 2, 2, 2, 2, 2, 2, 2, 2, 2, 2, 2, 2, 2, 2, 2, 2, 2, 2, 2, 2, 2, 2, 2, 2, 2, 2, 2], [2, 2, 2, 2, 2, 2, 2, 2, 2, 2, 2, 2, 2, 2, 2, 2, 2, 2, 2, 2, 2, 2, 2, 2, 2, 2, 2, 2, 2, 2, 2, 2], [2, 2, 2, 2, 2, 2, 2, 2, 2, 2, 2, 2, 2, 2, 2, 2, 2, 2, 2, 2, 2, 2, 2, 2, 2, 2, 2, 2, 2, 2, 2, 2], [2, 2, 2, 2, 2, 2, 2, 2, 2, 2, 2, 2, 2, 2, 2, 2, 2, 2, 2, 2, 2, 2, 2, 2, 2, 2, 2, 2, 2, 2, 2, 2], [2, 2, 2, 2, 2, 2, 2, 2, 2, 2, 2, 2, 2, 2, 2, 2, 2, 2, 2, 2, 2, 2, 2, 2, 2, 2, 2, 2, 2, 2, 2, 2], [2, 2, 2, 2, 2, 2, 2, 2, 2, 2, 2, 2, 2, 2, 2, 2, 2, 2, 2, 2, 2, 2, 2, 2, 2, 2, 2, 2, 2, 2, 2, 2], [2, 2, 2, 2, 2, 2, 2, 2, 2, 2, 2, 2, 2, 2, 2, 2, 2, 2, 2, 2, 2, 2, 2, 2, 2, 2, 2, 2, 2, 2, 2, 2], [2, 2, 2, 2, 2, 2, 2, 2, 2, 2, 2, 2, 2, 2, 2, 2, 2, 2, 2, 2, 2, 2, 2, 2, 2, 2, 2, 2, 2, 2, 2, 2], [2, 2, 2, 2, 2, 2, 2, 2, 2, 2, 2, 2, 2, 2, 2, 2, 2, 2, 2, 2, 2, 2, 2, 2, 2, 2, 2, 2, 2, 2, 2, 2], [2, 2, 2, 2, 2, 2, 2, 2, 2, 2, 2, 2, 2, 2, 2, 2, 2, 2, 2, 2, 2, 2, 2, 2, 2, 2, 2, 2, 2, 2, 2, 2], [2, 2, 2, 2, 2, 2, 2, 2, 2, 2, 2, 2, 2, 2, 2, 2, 2, 2, 2, 2, 2, 2, 2, 2, 2, 2, 2, 2, 2, 2, 2, 2], [2, 2, 2, 2, 2, 2, 2, 2, 2, 2, 2, 2, 2, 2, 2, 2, 2, 2, 2, 2, 2, 2, 2, 2, 2, 2, 2, 2, 2, 2, 2, 2], [2, 2, 2, 2, 2, 2, 2, 2, 2, 2, 2, 2, 2, 2, 2, 2, 2, 2, 2, 2, 2, 2, 2, 2, 2, 2, 2, 2, 2, 2, 2, 2], [2, 2, 2, 2, 2, 2, 2, 2, 2, 2, 2, 2, 2, 2, 2, 2, 2, 2, 2, 2, 2, 2, 2, 2, 2, 2, 2, 2, 2, 2, 2, 2], [2, 2, 2, 2, 2, 2, 2, 2, 2, 2, 2, 2, 2, 2, 2, 2, 2, 2, 2, 2, 2, 2, 2, 2, 2, 2, 2, 2, 2, 2, 2, 2], [2, 2, 2, 2, 2, 2, 2, 2, 2, 2, 2, 2, 2, 2, 2, 2, 2, 2, 2, 2, 2, 2, 2, 2, 2, 2, 2, 2, 2, 2, 2, 2], [2, 2, 2, 2, 2, 2, 2, 2, 2, 2, 2, 2, 2, 2, 2, 2, 2, 2, 2, 2, 2, 2, 2, 2, 2, 2, 2, 2, 2, 2, 2, 2], [2, 2, 2, 2, 2, 2, 2, 2, 2, 2, 2, 2, 2, 2, 2, 2, 2, 2, 2, 2, 2, 2, 2, 2, 2, 2, 2, 2, 2, 2, 2, 2], [2, 2, 2, 2, 2, 2, 2, 2, 2, 2, 2, 2, 2, 2, 2, 2, 2, 2, 2, 2, 2, 2, 2, 2, 2, 2, 2, 2, 2, 2, 2, 2], [2, 2, 2, 2, 2, 2, 2, 2, 2, 2, 2, 2, 2, 2, 2, 2, 2, 2, 2, 2, 2, 2, 2, 2, 2, 2, 2, 2, 2, 2, 2, 2], [2, 2, 2, 2, 2, 2, 2, 2, 2, 2, 2, 2, 2, 2, 2, 2, 2, 2, 2, 2, 2, 2, 2, 2, 2, 2, 2, 2, 2, 2, 2, 2], [2, 2, 2, 2, 2, 2, 2, 2, 2, 2, 2, 2, 2, 2, 2, 2, 2, 2, 2, 2, 2, 2, 2, 2, 2, 2, 2, 2, 2, 2, 2, 2], [2, 2, 2, 2, 2, 2, 2, 2, 2, 2, 2, 2, 2, 2, 2, 2, 2, 2, 2, 2, 2, 2, 2, 2, 2, 2, 2, 2, 2, 2, 2, 2], [2, 2, 2, 2, 2, 2, 2, 2, 2, 2, 2, 2, 2, 2, 2, 2, 2, 2, 2, 2, 2, 2, 2, 2, 2, 2, 2, 2, 2, 2, 2, 2], [2, 2, 2, 2, 2, 2, 2, 2, 2, 2, 2, 2, 2, 2, 2, 2, 2, 2, 2, 2, 2, 2, 2, 2, 2, 2, 2, 2, 2, 2, 2, 2], [2, 2, 2, 2, 2, 2, 2, 2, 2, 2, 2, 2, 2, 2, 2, 2, 2, 2, 2, 2, 2, 2, 2, 2, 2, 2, 2, 2, 2, 2, 2, 2], [2, 2, 2, 2, 2, 2, 2, 2, 2, 2, 2, 2, 2, 2, 2, 2, 2, 2, 2, 2, 2, 2, 2, 2, 2, 2, 2, 2, 2, 2, 2, 2], [2, 2, 2, 2, 2, 2, 2, 2, 2, 2, 2, 2, 2, 2, 2, 2, 2, 2, 2, 2, 2, 2, 2, 2, 2, 2, 2, 2, 2, 2, 2, 2], [2, 2, 2, 2, 2, 2, 2, 2, 2, 2, 2, 2, 2, 2, 2, 2, 2, 2, 2, 2, 2, 2, 2, 2, 2, 2, 2, 2, 2, 2, 2, 2], [2, 2, 2, 2, 2, 2, 2, 2, 2, 2, 2, 2, 2, 2, 2, 2, 2, 2, 2, 2, 2, 2, 2, 2, 2, 2, 2, 2, 2, 2, 2, 2], [2, 2, 2, 2, 2, 2, 2, 2, 2, 2, 2, 2, 2, 2, 2, 2, 2, 2, 2, 2, 2, 2, 2, 2, 2, 2, 2, 2, 2, 2, 2, 2], [2, 2, 2, 2, 2, 2, 2, 2, 2, 2, 2, 2, 2, 2, 2, 2, 2, 2, 2, 2, 2, 2, 2, 2, 2, 2, 2, 2, 2, 2, 2, 2], [2, 2, 2, 2, 2, 2, 2, 2, 2, 2, 2, 2, 2, 2, 2, 2, 2, 2, 2, 2, 2, 2, 2, 2, 2, 2, 2, 2, 2, 2, 2, 2], [2, 2, 2, 2, 2, 2, 2, 2, 2, 2, 2, 2, 2, 2, 2, 2, 2, 2, 2, 2, 2, 2, 2, 2, 2, 2, 2, 2, 2, 2, 2, 2], [2, 2, 2, 2, 2, 2, 2, 2, 2, 2, 2, 2, 2, 2, 2, 2, 2, 2, 2, 2, 2, 2, 2, 2, 2, 2, 2, 2, 2, 2, 2, 2], [2, 2, 2, 2, 2, 2, 2, 2, 2, 2, 2, 2, 2, 2, 2, 2, 2, 2, 2, 2, 2, 2, 2, 2, 2, 2, 2, 2, 2, 2, 2, 2], [2, 2, 2, 2, 2, 2, 2, 2, 2, 2, 2, 2, 2, 2, 2, 2, 2, 2, 2, 2, 2, 2, 2, 2, 2, 2, 2, 2, 2, 2, 2, 2], [2, 2, 2, 2, 2, 2, 2, 2, 2, 2, 2, 2, 2, 2, 2, 2, 2, 2, 2, 2, 2, 2, 2, 2, 2, 2, 2, 2, 2, 2, 2, 2], [2, 2, 2, 2, 2, 2, 2, 2, 2, 2, 2, 2, 2, 2, 2, 2, 2, 2, 2, 2, 2, 2, 2, 2, 2, 2, 2, 2, 2, 2, 2, 2], [2, 2, 2, 2, 2, 2, 2, 2, 2, 2, 2, 2, 2, 2, 2, 2, 2, 2, 2, 2, 2, 2, 2, 2, 2, 2, 2, 2, 2, 2, 2, 2], [2, 2, 2, 2, 2, 2, 2, 2, 2, 2, 2, 2, 2, 2, 2, 2, 2, 2, 2, 2, 2, 2, 2, 2, 2, 2, 2, 2, 2, 2, 2, 2], [2, 2, 2, 2, 2, 2, 2, 2, 2, 2, 2, 2, 2, 2, 2, 2, 2, 2, 2, 2, 2, 2, 2, 2, 2, 2, 2, 2, 2, 2, 2, 2], [2, 2, 2, 2, 2, 2, 2, 2, 2, 2, 2, 2, 2, 2, 2, 2, 2, 2, 2, 2, 2, 2, 2, 2, 2, 2, 2, 2, 2, 2, 2, 2], [2, 2, 2, 2, 2, 2, 2, 2, 2, 2, 2, 2, 2, 2, 2, 2, 2, 2, 2, 2, 2, 2, 2, 2, 2, 2, 2, 2, 2, 2, 2, 2], [2, 2, 2, 2, 2, 2, 2, 2, 2, 2, 2, 2, 2, 2, 2, 2, 2, 2, 2, 2, 2, 2, 2, 2, 2, 2, 2, 2, 2, 2, 2, 2], [2, 2, 2, 2, 2, 2, 2, 2, 2, 2, 2, 2, 2, 2, 2, 2, 2, 2, 2, 2, 2, 2, 2, 2, 2, 2, 2, 2, 2, 2, 2, 2], [2, 2, 2, 2, 2, 2, 2, 2, 2, 2, 2, 2, 2, 2, 2, 2, 2, 2, 2, 2, 2, 2, 2, 2, 2, 2, 2, 2, 2, 2, 2, 2], [2, 2, 2, 2, 2, 2, 2, 2, 2, 2, 2, 2, 2, 2, 2, 2, 2, 2, 2, 2, 2, 2, 2, 2, 2, 2, 2, 2, 2, 2, 2, 2], [2, 2, 2, 2, 2, 2, 2, 2, 2, 2, 2, 2, 2, 2, 2, 2, 2, 2, 2, 2, 2, 2, 2, 2, 2, 2, 2, 2, 2, 2, 2, 2], [2, 2, 2, 2, 2, 2, 2, 2, 2, 2, 2, 2, 2, 2, 2, 2, 2, 2, 2, 2, 2, 2, 2, 2, 2, 2, 2, 2, 2, 2, 2, 2], [2, 2, 2, 2, 2, 2, 2, 2, 2, 2, 2, 2, 2, 2, 2, 2, 2, 2, 2, 2, 2, 2, 2, 2, 2, 2, 2, 2, 2, 2, 2, 2], [2, 2, 2, 2, 2, 2, 2, 2, 2, 2, 2, 2, 2, 2, 2, 2, 2, 2, 2, 2, 2, 2, 2, 2, 2, 2, 2, 2, 2, 2, 2, 2], [2, 2, 2, 2, 2, 2, 2, 2, 2, 2, 2, 2, 2, 2, 2, 2, 2, 2, 2, 2, 2, 2, 2, 2, 2, 2, 2, 2, 2, 2, 2, 2], [2, 2, 2, 2, 2, 2, 2, 2, 2, 2, 2, 2, 2, 2, 2, 2, 2, 2, 2, 2, 2, 2, 2, 2, 2, 2, 2, 2, 2, 2, 2, 2], [2, 2, 2, 2, 2, 2, 2, 2, 2, 2, 2, 2, 2, 2, 2, 2, 2, 2, 2, 2, 2, 2, 2, 2, 2, 2, 2, 2, 2, 2, 2, 2], [2, 2, 2, 2, 2, 2, 2, 2, 2, 2, 2, 2, 2, 2, 2, 2, 2, 2, 2, 2, 2, 2, 2, 2, 2, 2, 2, 2, 192, 131, 3, 0], [0, 0, 0, 0, 116, 0, 0, 0, 0, 0, 0, 0, 114, 41, 93, 175, 240, 120, 0, 0, 32, 143, 109, 70, 7, 68, 221, 229, 80, 2, 0, 0], [0, 0, 0, 0, 120, 3, 0, 0, 0, 0, 0, 0, 160, 4, 0, 0, 0, 0, 0, 0, 200, 5, 0, 0, 0, 0, 0, 0, 240, 6, 0, 0], [0, 0, 0, 0, 24, 8, 0, 0, 0, 0, 0, 0, 64, 9, 0, 0, 0, 0, 0, 0, 104, 10, 0, 0, 0, 0, 0, 0, 144, 11, 0, 0], [0, 0, 0, 0, 184, 12, 0, 0, 0, 0, 0, 0, 107, 19, 51, 106, 200, 88, 166, 123, 117, 0, 0, 0, 0, 0, 0, 0, 242, 245, 103, 175], [240, 120, 0, 0, 32, 143, 109, 70, 7, 68, 221, 229, 120, 3, 0, 0, 0, 0, 0, 0, 160, 4, 0, 0, 0, 0, 0, 0, 200, 5, 0, 0], [0, 0, 0, 0, 240, 6, 0, 0, 0, 0, 0, 0, 24, 8, 0, 0, 0, 0, 0, 0, 64, 9, 0, 0, 0, 0, 0, 0, 104, 10, 0, 0], [0, 0, 0, 0, 144, 11, 0, 0, 0, 0, 0, 0, 184, 12, 0, 0, 0, 0, 0, 0, 232, 13, 0, 0, 0, 0, 0, 0, 208, 52, 115, 206], [172, 125, 141, 44, 49, 0, 0, 0, 0, 0, 0, 0, 240, 192, 22, 32, 247, 120, 0, 0, 128, 176, 29, 32, 247, 120, 0, 0, 96, 106, 3, 157], [189, 94, 0, 0, 0, 83, 67, 32, 247, 120, 0, 0, 48, 0, 0, 0, 0, 0, 0, 0, 212, 0, 0, 0, 0, 0, 0, 0, 178, 28, 105, 175], [240, 120, 0, 0, 32, 143, 109, 70, 7, 68, 221, 229, 91, 167, 221, 173, 163, 109, 128, 25, 107, 138, 241, 231, 57, 246, 144, 79, 124, 8, 188, 199], [156, 222, 130, 150, 108, 187, 58, 138, 6, 192, 198, 77, 64, 91, 56, 90, 181, 134, 190, 59, 34, 219, 243, 3, 23, 136, 239, 80, 185, 146, 233, 255], [231, 66, 8, 62, 13, 150, 255, 140, 108, 231, 37, 54, 158, 66, 212, 34, 230, 208, 96, 59, 175, 133, 195, 236, 234, 237, 50, 13, 127, 79, 128, 61], [247, 9, 16, 60, 62, 12, 130, 11, 8, 242, 185, 225, 80, 242, 128, 255, 4, 160, 166, 2, 70, 36, 11, 196, 58, 47, 110, 1, 178, 225, 253, 95], [81, 129, 117, 101, 227, 53, 233, 92, 139, 181, 91, 73, 202, 83, 54, 117, 89, 252, 156, 56, 192, 34, 210, 164, 56, 122, 138, 74, 73, 146, 238, 223], [36, 162, 106, 245, 219, 0, 188, 69, 181, 153, 78, 164, 22, 222, 23, 225, 66, 158, 205, 51, 84, 75, 71, 94, 33, 10, 197, 55, 74, 5, 101, 84], [139, 196, 21, 20, 81, 1, 0, 0, 0, 0, 0, 0, 208, 1, 0, 32, 247, 120, 0, 0, 208, 1, 0, 32, 247, 120, 0, 0, 193, 49, 0, 196], [87, 57, 238, 201, 49, 1, 0, 0, 0, 0, 0, 0, 144, 0, 0, 32, 247, 120, 0, 0, 224, 43, 47, 32, 247, 120, 0, 0, 59, 135, 5, 72], [12, 93, 232, 95, 18, 76, 212, 47, 71, 2, 98, 160, 38, 79, 97, 191, 105, 63, 253, 41, 39, 98, 124, 144, 47, 223, 47, 19, 40, 123, 28, 44], [173, 99, 181, 47, 69, 247, 245, 170, 250, 230, 157, 105, 221, 132, 82, 117, 146, 144, 165, 37, 118, 45, 205, 27, 186, 108, 69, 13, 232, 26, 151, 20], [101, 113, 52, 228, 200, 219, 89, 205, 217, 77, 6, 144, 42, 44, 253, 10, 72, 21, 140, 221, 144, 227, 251, 90, 107, 24, 99, 40, 129, 254, 14, 135], [56, 204, 35, 58, 96, 201, 185, 65, 131, 189, 216, 252, 206, 43, 183, 239, 146, 12, 160, 247, 115, 232, 25, 247, 56, 172, 155, 22, 167, 88, 160, 203], [111, 89, 162, 129, 135, 13, 92, 52, 201, 39, 254, 100, 192, 116, 86, 218, 42, 214, 251, 74, 140, 121, 69, 218, 78, 14, 183, 11, 140, 68, 70, 161], [73, 117, 34, 230, 167, 130, 141, 68, 186, 80, 108, 82, 224, 209, 203, 85, 4, 164, 234, 66, 159, 148, 238, 227, 39, 102, 207, 34, 44, 41, 243, 212], [131, 136, 4, 243, 216, 3, 3, 15, 100, 101, 245, 18, 64, 253, 86, 27, 146, 230, 136, 232, 240, 193, 69, 8, 97, 47, 120, 3, 32, 49, 48, 56], [44, 32, 53, 56, 49, 0, 0, 0, 0, 0, 0, 0, 144, 0, 0, 32, 247, 120, 0, 0, 144, 0, 0, 32, 247, 120, 0, 0, 52, 48, 44, 32], [50, 53, 51, 44, 32, 49, 55, 53, 44, 32, 53, 48, 80, 1, 0, 0, 0, 0, 0, 0, 148, 32, 8, 0, 0, 0, 0, 0, 157, 13, 143, 197], [141, 67, 93, 211, 61, 11, 199, 245, 40, 235, 120, 10, 44, 70, 121, 120, 111, 163, 110, 102, 47, 223, 7, 154, 193, 119, 10, 14, 58, 27, 30, 139], [27, 135, 186, 166, 123, 22, 142, 235, 81, 214, 241, 20, 88, 140, 242, 240, 222, 70, 221, 204, 94, 190, 15, 52, 131, 239, 20, 28, 85, 225, 130, 215], [17, 12, 147, 113, 35, 51, 190, 255, 124, 148, 187, 166, 68, 20, 116, 212, 68, 51, 48, 170, 67, 73, 89, 38, 13, 63, 59, 44, 13, 226, 94, 77], [251, 4, 102, 149, 17, 180, 227, 124, 63, 148, 143, 130, 5, 204, 142, 144, 215, 254, 114, 235, 202, 225, 33, 173, 239, 94, 79, 20, 138, 145, 197, 82], [130, 55, 122, 197, 152, 54, 98, 177, 85, 158, 149, 108, 77, 246, 217, 121, 183, 137, 19, 5, 106, 191, 164, 121, 240, 16, 89, 26, 118, 97, 75, 139], [241, 222, 76, 86, 243, 174, 164, 183, 253, 63, 39, 93, 81, 10, 130, 23, 231, 44, 38, 99, 197, 116, 230, 21, 240, 15, 230, 6, 197, 85, 187, 143], [224, 25, 97, 4, 49, 226, 16, 24, 214, 36, 255, 137, 53, 198, 123, 195, 53, 246, 16, 194, 27, 199, 24, 45, 158, 33, 110, 48, 209, 155, 49, 77], [37, 173, 211, 229, 153, 27, 205, 176, 147, 42, 90, 58, 12, 78, 255, 105, 207, 24, 42, 85, 100, 43, 75, 203, 130, 62, 126, 41, 192, 21, 127, 143], [159, 64, 35, 242, 244, 161, 171, 67, 194, 42, 214, 133, 130, 0, 99, 63, 83, 213, 94, 69, 208, 159, 253, 64, 30, 205, 120, 42, 41, 133, 217, 209], [238, 212, 177, 253, 62, 10, 53, 26, 244, 28, 232, 152, 7, 108, 106, 60, 218, 73, 237, 36, 179, 134, 43, 66, 200, 172, 218, 23, 223, 97, 59, 89], [127, 14, 92, 0, 36, 197, 234, 79, 133, 78, 214, 215, 5, 247, 174, 103, 169, 68, 203, 66, 248, 53, 42, 20, 7, 228, 99, 40, 30, 120, 163, 6], [40, 183, 110, 62, 78, 192, 60, 78, 157, 77, 153, 254, 85, 236, 22, 69, 220, 251, 98, 147, 118, 25, 6, 159, 170, 161, 137, 24, 224, 146, 199, 68], [62, 16, 203, 239, 12, 186, 253, 109, 24, 34, 15, 9, 70, 199, 58, 197, 214, 102, 189, 83, 40, 27, 163, 239, 20, 68, 174, 1, 138, 175, 200, 37], [184, 0, 181, 188, 143, 50, 150, 51, 199, 116, 37, 124, 8, 48, 58, 11, 33, 51, 74, 73, 70, 6, 137, 53, 124, 92, 107, 5, 213, 13, 48, 226], [72, 70, 126, 46, 212, 231, 20, 241, 219, 107, 4, 144, 79, 183, 73, 25, 211, 122, 13, 161, 8, 119, 68, 211, 129, 200, 39, 1, 189, 77, 180, 178], [94, 139, 107, 127, 253, 151, 219, 52, 202, 245, 91, 27, 85, 40, 71, 118, 149, 18, 6, 111, 227, 153, 168, 171, 246, 241, 248, 42, 149, 151, 164, 58], [222, 234, 214, 101, 52, 193, 53, 150, 148, 175, 199, 150, 15, 110, 180, 89, 101, 244, 77, 109, 8, 91, 102, 196, 170, 171, 57, 9, 79, 89, 246, 149], [17, 0, 126, 114, 25, 145, 85, 44, 67, 227, 117, 145, 56, 252, 71, 67, 97, 113, 193, 122, 84, 28, 161, 46, 166, 155, 124, 43, 111, 67, 151, 233], [8, 52, 173, 243, 225, 136, 24, 20, 124, 121, 226, 203, 252, 88, 209, 87, 83, 215, 23, 78, 136, 109, 97, 135, 68, 207, 7, 38, 248, 163, 134, 66], [5, 140, 162, 201, 115, 57, 28, 60, 78, 135, 11, 6, 37, 92, 57, 62, 85, 212, 142, 61, 213, 131, 144, 178, 204, 178, 231, 4, 110, 45, 229, 76], [39, 139, 157, 191, 147, 204, 147, 221, 108, 13, 173, 16, 213, 73, 176, 21, 134, 238, 205, 101, 161, 200, 146, 118, 41, 57, 180, 39, 243, 137, 52, 89], [11, 137, 104, 223, 150, 99, 147, 134, 221, 6, 134, 170, 109, 177, 174, 254, 174, 82, 133, 156, 247, 94, 222, 5, 158, 114, 84, 32, 10, 157, 168, 133], [106, 53, 142, 105, 12, 93, 94, 203, 50, 170, 46, 203, 96, 77, 103, 113, 74, 57, 238, 249, 137, 58, 198, 120, 107, 68, 36, 55, 84, 115, 72, 127], [11, 3, 184, 92, 246, 102, 222, 225, 179, 99, 251, 236, 239, 166, 210, 130, 7, 243, 202, 27, 50, 65, 83, 219, 212, 219, 15, 16, 67, 100, 221, 15], [87, 155, 248, 12, 198, 219, 154, 152, 188, 225, 112, 132, 91, 72, 190, 141, 108, 39, 147, 147, 15, 122, 129, 17, 209, 103, 218, 39, 137, 235, 157, 106], [79, 56, 90, 80, 142, 58, 178, 52, 233, 205, 198, 20, 85, 250, 232, 33, 169, 49, 159, 210, 244, 98, 236, 36, 144, 94, 181, 11, 154, 47, 8, 110], [253, 241, 188, 113, 147, 86, 26, 118, 26, 119, 46, 165, 86, 50, 142, 26, 211, 136, 5, 153, 237, 65, 101, 20, 191, 219, 243, 17, 190, 17, 223, 109], [199, 83, 198, 235, 254, 143, 191, 51, 168, 156, 186, 130, 8, 94, 152, 95, 13, 20, 177, 229, 52, 61, 69, 188, 226, 239, 174, 36, 180, 190, 220, 2], [238, 119, 75, 52, 186, 187, 19, 154, 114, 17, 32, 205, 140, 134, 128, 79, 194, 249, 252, 139, 244, 60, 143, 20, 65, 38, 212, 25, 19, 115, 118, 221], [159, 36, 27, 188, 113, 127, 38, 214, 64, 143, 211, 88, 27, 92, 177, 52, 117, 19, 178, 105, 147, 220, 227, 240, 172, 166, 247, 14, 137, 139, 42, 48], [74, 62, 195, 64, 97, 49, 2, 174, 158, 220, 220, 158, 196, 219, 206, 79, 154, 189, 50, 38, 89, 63, 111, 126, 151, 159, 104, 24, 52, 138, 6, 251], [118, 103, 5, 128, 27, 75, 75, 146, 80, 219, 173, 62, 66, 252, 207, 76, 65, 50, 158, 78, 150, 195, 77, 240, 197, 167, 108, 33, 193, 202, 154, 182], [70, 124, 131, 159, 154, 114, 47, 120, 83, 23, 91, 28, 191, 110, 104, 173, 26, 84, 63, 75, 164, 201, 250, 96, 209, 151, 189, 1, 95, 190, 211, 69], [228, 65, 185, 182, 54, 119, 247, 57, 156, 132, 125, 8, 143, 21, 144, 45, 141, 140, 142, 214, 188, 221, 140, 103, 83, 40, 84, 19, 245, 81, 63, 146], [56, 163, 242, 110, 219, 51, 201, 80, 227, 33, 134, 255, 239, 29, 228, 78, 148, 139, 179, 71, 240, 137, 57, 250, 46, 27, 237, 20, 232, 62, 169, 146], [50, 74, 103, 133, 86, 83, 122, 46, 245, 229, 3, 143, 206, 66, 241, 83, 41, 185, 193, 225, 108, 194, 164, 121, 31, 38, 16, 29, 240, 190, 144, 243], [98, 227, 31, 240, 153, 215, 59, 163, 147, 73, 98, 227, 166, 165, 183, 211, 19, 92, 6, 114, 43, 66, 86, 143, 251, 55, 28, 7, 100, 214, 67, 94], [73, 249, 126, 250, 110, 155, 250, 107, 216, 225, 120, 192, 2, 6, 219, 138, 21, 1, 141, 71, 5, 191, 145, 47, 200, 142, 201, 17, 118, 112, 186, 2], [220, 82, 245, 67, 127, 182, 149, 171, 216, 76, 162, 231, 136, 99, 99, 71, 210, 0, 73, 107, 59, 239, 90, 161, 162, 75, 143, 18, 227, 38, 57, 122], [205, 146, 161, 65, 30, 47, 119, 252, 184, 136, 8, 215, 90, 82, 166, 246, 160, 68, 195, 112, 36, 225, 159, 177, 170, 191, 154, 30, 173, 221, 246, 45], [132, 65, 68, 108, 180, 190, 50, 112, 40, 168, 236, 227, 101, 156, 41, 106, 49, 112, 117, 25, 193, 208, 217, 90, 140, 192, 68, 21, 23, 192, 134, 10], [46, 54, 17, 216, 158, 146, 101, 223, 145, 171, 7, 191, 65, 177, 192, 180, 125, 180, 118, 235, 123, 222, 190, 46, 72, 4, 130, 34, 160, 153, 34, 16], [66, 117, 144, 245, 164, 251, 28, 248, 7, 133, 232, 149, 50, 209, 169, 137, 225, 13, 58, 126, 113, 89, 136, 181, 231, 192, 111, 10, 48, 61, 246, 205], [232, 85, 15, 100, 238, 55, 12, 137, 255, 190, 121, 216, 27, 167, 192, 204, 56, 145, 217, 204, 173, 193, 114, 178, 42, 74, 226, 13, 176, 247, 171, 249], [83, 224, 78, 32, 18, 235, 189, 202, 25, 110, 179, 200, 152, 197, 202, 24, 198, 109, 202, 108, 48, 56, 130, 134, 132, 241, 231, 13, 142, 35, 80, 182], [251, 97, 166, 46, 84, 17, 114, 100, 24, 0, 133, 163, 74, 90, 197, 117, 80, 72, 85, 222, 54, 33, 113, 234, 180, 131, 184, 17, 70, 242, 36, 4], [115, 7, 57, 4, 206, 149, 166, 234, 246, 146, 150, 16, 209, 35, 118, 121, 145, 181, 6, 156, 84, 62, 52, 49, 141, 113, 136, 2, 185, 217, 44, 34], [27, 42, 122, 13, 57, 185, 255, 3, 121, 106, 252, 243, 18, 254, 187, 11, 102, 253, 250, 217, 242, 126, 192, 246, 189, 202, 171, 30, 52, 231, 208, 238], [184, 40, 101, 208, 50, 207, 160, 161, 90, 109, 118, 242, 68, 73, 51, 31, 145, 14, 102, 109, 220, 39, 11, 173, 186, 77, 67, 8, 62, 168, 150, 124], [252, 202, 116, 35, 86, 162, 162, 123, 1, 197, 15, 105, 218, 145, 104, 91, 59, 238, 67, 63, 129, 133, 98, 207, 208, 48, 186, 3, 41, 208, 231, 66], [32, 99, 251, 112, 160, 218, 103, 92, 6, 44, 130, 51, 35, 216, 85, 10, 25, 47, 6, 157, 92, 23, 28, 183, 116, 152, 189, 29, 9, 85, 230, 91], [26, 193, 171, 24, 55, 40, 207, 236, 143, 165, 113, 46, 131, 198, 24, 38, 123, 87, 12, 121, 168, 26, 207, 17, 162, 29, 170, 44, 62, 9, 163, 111], [206, 212, 28, 28, 30, 217, 97, 73, 157, 230, 47, 89, 253, 164, 218, 239, 187, 50, 99, 234, 31, 194, 211, 56, 36, 213, 158, 43, 183, 137, 176, 171], [42, 22, 55, 231, 102, 172, 3, 166, 26, 125, 12, 162, 79, 132, 235, 74, 200, 30, 227, 119, 0, 213, 109, 115, 252, 120, 90, 9, 232, 29, 22, 111], [130, 199, 149, 115, 7, 148, 145, 147, 194, 25, 137, 22, 55, 118, 73, 151, 135, 30, 224, 26, 149, 111, 99, 35, 135, 74, 24, 10, 144, 115, 204, 44], [236, 117, 233, 84, 38, 30, 110, 194, 118, 237, 116, 245, 13, 212, 149, 54, 238, 38, 109, 64, 41, 203, 195, 109, 118, 213, 9, 39, 201, 149, 45, 151], [196, 32, 80, 81, 204, 77, 15, 161, 156, 196, 93, 42, 66, 75, 201, 203, 13, 53, 74, 168, 66, 219, 114, 151, 35, 247, 19, 29, 243, 169, 230, 198], [193, 31, 48, 246, 213, 5, 205, 222, 136, 237, 224, 186, 34, 167, 18, 108, 86, 41, 65, 40, 221, 126, 251, 127, 119, 244, 110, 29, 156, 69, 203, 79], [254, 27, 67, 163, 85, 141, 7, 134, 58, 209, 220, 3, 233, 183, 181, 203, 198, 169, 166, 43, 159, 150, 188, 148, 57, 146, 145, 32, 84, 83, 150, 17], [85, 108, 240, 69, 183, 196, 164, 137, 8, 125, 160, 220, 58, 177, 110, 21, 96, 28, 15, 144, 76, 33, 54, 97, 251, 89, 245, 18, 254, 163, 25, 47], [196, 178, 185, 190, 21, 209, 48, 79, 113, 22, 55, 61, 55, 27, 169, 219, 0, 197, 187, 133, 21, 18, 234, 212, 202, 52, 132, 9, 110, 105, 229, 235], [10, 244, 75, 79, 156, 81, 12, 5, 89, 126, 13, 176, 169, 49, 70, 74, 192, 194, 178, 175, 92, 111, 20, 119, 92, 71, 67, 10, 178, 234, 107, 8], [33, 36, 128, 145, 186, 19, 7, 204, 144, 101, 98, 120, 246, 179, 54, 70, 198, 119, 37, 79, 209, 244, 105, 55, 255, 74, 231, 38, 217, 147, 151, 236], [11, 152, 212, 236, 240, 120, 101, 99, 56, 236, 115, 231, 179, 38, 59, 55, 246, 130, 157, 8, 205, 48, 29, 106, 22, 7, 33, 38, 41, 127, 54, 237], [131, 38, 40, 224, 155, 51, 0, 60, 40, 59, 17, 5, 188, 90, 56, 229, 56, 203, 7, 0, 5, 76, 194, 217, 246, 226, 146, 44, 102, 35, 162, 226], [34, 8, 168, 198, 199, 123, 25, 241, 11, 229, 36, 229, 73, 197, 158, 64, 41, 210, 156, 104, 8, 169, 15, 31, 34, 220, 10, 33, 3, 245, 188, 128], [176, 163, 106, 159, 113, 8, 206, 27, 34, 57, 242, 157, 230, 99, 181, 226, 147, 19, 174, 220, 245, 23, 223, 233, 224, 185, 69, 24, 225, 217, 218, 245], [243, 131, 120, 117, 197, 78, 88, 119, 133, 133, 92, 178, 19, 147, 226, 64, 141, 115, 179, 79, 33, 247, 33, 194, 80, 114, 89, 15, 97, 91, 35, 4], [2, 31, 111, 6, 181, 167, 235, 3, 218, 177, 226, 193, 206, 3, 189, 90, 89, 181, 175, 237, 194, 216, 249, 77, 165, 141, 169, 31, 13, 185, 117, 208], [174, 133, 35, 243, 118, 137, 120, 168, 7, 186, 170, 142, 185, 201, 68, 29, 146, 104, 28, 100, 250, 78, 58, 165, 44, 173, 109, 26, 88, 82, 132, 177], [4, 164, 69, 176, 174, 116, 9, 31, 13, 82, 221, 108, 16, 201, 182, 138, 236, 56, 104, 210, 87, 205, 141, 101, 189, 25, 133, 33, 58, 68, 7, 8], [104, 6, 253, 72, 22, 65, 249, 191, 137, 176, 214, 8, 164, 142, 60, 100, 36, 221, 51, 84, 47, 81, 247, 59, 70, 161, 246, 21, 149, 166, 102, 82], [50, 122, 230, 235, 163, 242, 8, 128, 251, 66, 79, 78, 165, 181, 169, 105, 127, 74, 169, 88, 51, 217, 227, 62, 216, 54, 35, 19, 94, 184, 210, 0], [168, 0, 20, 9, 231, 173, 205, 143, 99, 119, 54, 51, 206, 176, 47, 212, 178, 101, 25, 140, 57, 58, 244, 163, 158, 246, 194, 39, 163, 61, 216, 69], [221, 104, 167, 14, 60, 215, 212, 147, 100, 131, 168, 198, 168, 229, 118, 236, 34, 51, 109, 2, 76, 106, 10, 251, 188, 165, 104, 45, 233, 68, 170, 215], [110, 139, 12, 51, 166, 28, 164, 216, 45, 243, 74, 100, 143, 167, 81, 173, 3, 224, 54, 44, 240, 101, 61, 61, 212, 87, 161, 8, 40, 129, 103, 130], [26, 197, 193, 162, 45, 103, 92, 8, 59, 71, 38, 244, 198, 229, 100, 149, 137, 42, 200, 156, 214, 66, 192, 207, 164, 54, 121, 28, 66, 156, 24, 221], [164, 170, 153, 152, 11, 163, 189, 103, 174, 83, 215, 200, 4, 38, 140, 177, 131, 65, 12, 199, 192, 150, 234, 24, 22, 174, 83, 1, 191, 158, 17, 158], [110, 69, 220, 216, 23, 196, 250, 172, 231, 83, 173, 113, 8, 205, 103, 79, 131, 220, 86, 150, 99, 217, 244, 54, 227, 99, 78, 6, 5, 97, 100, 251], [113, 225, 134, 163, 129, 39, 180, 0, 227, 22, 170, 206, 88, 50, 245, 207, 50, 4, 68, 241, 104, 9, 71, 200, 92, 160, 16, 47, 215, 52, 52, 74], [215, 25, 172, 221, 141, 211, 94, 224, 143, 4, 67, 38, 55, 70, 2, 176, 166, 245, 100, 55, 243, 82, 24, 60, 185, 123, 155, 10, 98, 159, 172, 129], [19, 7, 222, 46, 146, 20, 66, 142, 30, 246, 186, 239, 30, 104, 5, 39, 237, 28, 88, 114, 51, 85, 174, 99, 31, 236, 192, 9, 91, 178, 27, 195], [132, 201, 8, 47, 137, 171, 72, 93, 212, 42, 193, 136, 87, 237, 151, 89, 239, 200, 97, 251, 30, 164, 65, 204, 230, 114, 116, 17, 229, 93, 208, 86], [3, 133, 66, 13, 251, 181, 47, 218, 114, 116, 198, 167, 62, 240, 123, 90, 201, 40, 248, 69, 246, 74, 131, 125, 83, 98, 163, 38, 229, 175, 86, 115], [234, 110, 191, 253, 118, 213, 34, 169, 248, 121, 117, 127, 140, 202, 41, 141, 156, 126, 34, 195, 165, 226, 150, 26, 30, 77, 230, 29, 181, 246, 146, 26], [213, 164, 117, 23, 107, 41, 92, 80, 50, 28, 119, 157, 249, 84, 109, 86, 211, 34, 142, 172, 27, 218, 167, 16, 58, 37, 65, 39, 32, 0, 243, 141], [41, 251, 165, 28, 234, 56, 21, 92, 242, 15, 125, 194, 68, 243, 80, 194, 89, 217, 73, 52, 251, 175, 38, 162, 243, 162, 78, 10, 146, 6, 234, 189], [65, 231, 170, 36, 34, 161, 21, 24, 95, 78, 10, 250, 99, 3, 20, 43, 227, 34, 194, 11, 14, 198, 137, 208, 56, 41, 35, 9, 221, 192, 114, 221], [49, 42, 221, 7, 45, 47, 101, 101, 83, 195, 209, 1, 252, 80, 223, 215, 158, 238, 123, 30, 201, 251, 18, 160, 138, 25, 193, 19, 39, 24, 253, 72], [25, 33, 27, 30, 20, 122, 28, 180, 113, 207, 235, 171, 162, 161, 44, 206, 42, 16, 85, 179, 140, 227, 50, 67, 113, 14, 12, 35, 82, 97, 62, 247], [230, 50, 165, 227, 12, 68, 125, 181, 108, 86, 3, 22, 63, 53, 5, 8, 200, 165, 136, 251, 170, 115, 162, 74, 82, 83, 147, 17, 32, 229, 127, 143], [253, 106, 5, 30, 121, 80, 85, 180, 31, 155, 149, 235, 186, 182, 84, 179, 139, 53, 251, 4, 157, 188, 254, 157, 1, 64, 88, 13, 95, 249, 222, 146], [2, 142, 205, 249, 80, 136, 245, 25, 92, 78, 165, 31, 64, 195, 70, 217, 37, 40, 17, 56, 245, 245, 31, 31, 102, 79, 140, 41, 82, 143, 255, 67], [32, 228, 196, 20, 133, 93, 55, 82, 93, 193, 60, 111, 70, 102, 209, 85, 150, 23, 145, 1, 217, 130, 232, 245, 87, 121, 22, 24, 129, 46, 222, 64], [103, 25, 211, 169, 105, 37, 162, 126, 141, 111, 7, 253, 54, 45, 100, 6, 117, 54, 149, 57, 242, 86, 109, 170, 211, 137, 34, 20, 245, 109, 125, 148], [246, 167, 91, 39, 8, 109, 58, 22, 52, 169, 68, 40, 23, 242, 175, 43, 32, 46, 191, 182, 80, 29, 73, 235, 26, 213, 77, 24, 53, 43, 246, 23], [236, 109, 79, 236, 192, 4, 150, 77, 152, 63, 41, 236, 191, 0, 218, 247, 143, 154, 106, 63, 190, 43, 151, 11, 245, 201, 209, 35, 44, 32, 11, 207], [54, 154, 65, 86, 152, 51, 59, 212, 216, 191, 138, 73, 27, 244, 10, 11, 106, 214, 123, 189, 95, 13, 39, 239, 160, 36, 63, 21, 30, 131, 77, 59], [243, 56, 244, 58, 58, 36, 66, 251, 219, 14, 2, 247, 84, 29, 160, 172, 194, 235, 77, 180, 45, 127, 10, 34, 250, 84, 200, 51, 27, 221, 113, 9], [224, 241, 222, 229, 244, 150, 54, 148, 184, 170, 246, 77, 66, 100, 118, 118, 76, 111, 212, 250, 201, 146, 10, 242, 209, 41, 37, 27, 142, 5, 125, 101], [30, 248, 201, 179, 89, 235, 239, 120, 97, 232, 183, 16, 1, 200, 176, 211, 204, 180, 224, 109, 50, 84, 112, 7, 89, 251, 88, 45, 100, 222, 8, 100], [211, 166, 202, 68, 171, 188, 195, 101, 167, 133, 31, 219, 152, 176, 90, 181, 54, 197, 39, 28, 242, 145, 14, 58, 136, 51, 145, 27, 122, 204, 191, 130], [243, 56, 151, 240, 46, 191, 26, 175, 25, 219, 245, 29, 208, 91, 199, 194, 64, 16, 100, 41, 34, 193, 217, 248, 200, 209, 52, 30, 227, 30, 116, 116], [67, 229, 85, 247, 225, 13, 174, 2, 234, 228, 97, 188, 196, 167, 38, 204, 127, 128, 40, 156, 55, 14, 35, 167, 234, 26, 211, 20, 214, 189, 22, 186], [197, 88, 166, 24, 100, 224, 79, 60, 187, 83, 125, 248, 10, 16, 250, 62, 42, 182, 77, 155, 253, 206, 42, 242, 16, 207, 209, 11, 154, 50, 135, 71], [73, 123, 129, 45, 207, 54, 245, 224, 194, 186, 31, 123, 124, 219, 188, 221, 100, 73, 245, 177, 223, 213, 57, 165, 27, 37, 141, 30, 159, 97, 216, 152], [103, 201, 22, 252, 86, 123, 165, 164, 137, 160, 159, 90, 236, 217, 172, 62, 165, 68, 183, 146, 161, 8, 157, 128, 99, 225, 225, 9, 173, 202, 245, 144], [205, 16, 159, 14, 190, 147, 124, 135, 206, 175, 97, 28, 225, 124, 196, 163, 81, 252, 90, 6, 74, 202, 247, 59, 87, 41, 215, 17, 15, 130, 255, 46], [132, 75, 185, 9, 49, 249, 232, 22, 27, 254, 64, 202, 99, 240, 215, 148, 163, 6, 98, 28, 93, 119, 84, 40, 204, 56, 66, 31, 178, 107, 244, 105], [242, 85, 140, 213, 25, 132, 169, 249, 176, 182, 8, 218, 29, 88, 188, 159, 32, 209, 178, 149, 171, 78, 51, 99, 254, 221, 202, 22, 232, 56, 163, 10], [106, 167, 188, 236, 233, 81, 24, 87, 29, 146, 63, 65, 193, 128, 34, 100, 96, 29, 242, 195, 225, 139, 88, 33, 91, 121, 144, 16, 149, 145, 136, 110], [36, 54, 148, 102, 115, 70, 200, 110, 224, 179, 120, 189, 63, 0, 197, 225, 149, 116, 157, 34, 126, 81, 254, 125, 116, 112, 153, 25, 66, 174, 190, 28], [67, 176, 102, 97, 121, 7, 5, 166, 206, 112, 238, 219, 8, 205, 196, 197, 58, 66, 62, 214, 89, 158, 91, 15, 96, 26, 66, 26, 127, 207, 145, 245], [198, 118, 176, 106, 189, 84, 219, 252, 14, 89, 229, 226, 8, 177, 96, 101, 41, 132, 14, 105, 20, 84, 58, 139, 198, 158, 10, 10, 226, 64, 63, 13], [127, 100, 100, 229, 115, 204, 214, 168, 70, 251, 113, 157, 187, 112, 22, 57, 65, 79, 111, 68, 77, 173, 148, 32, 116, 203, 190, 19, 200, 45, 235, 226], [79, 21, 112, 209, 207, 117, 150, 107, 130, 17, 156, 180, 84, 167, 32, 28, 141, 193, 65, 79, 21, 76, 247, 85, 172, 175, 89, 38, 219, 59, 48, 8], [133, 193, 33, 131, 38, 193, 150, 207, 38, 209, 17, 152, 16, 221, 182, 220, 195, 141, 87, 220, 224, 16, 131, 85, 5, 143, 118, 47, 148, 128, 61, 133], [183, 78, 207, 252, 95, 107, 141, 177, 196, 171, 39, 217, 185, 57, 31, 92, 59, 115, 112, 57, 153, 52, 206, 99, 20, 196, 107, 4, 20, 129, 108, 237], [33, 77, 2, 4, 189, 202, 26, 149, 240, 59, 18, 96, 120, 220, 248, 227, 144, 34, 33, 43, 219, 142, 170, 17, 12, 130, 62, 56, 179, 124, 63, 83], [95, 61, 81, 63, 45, 95, 228, 182, 204, 190, 89, 190, 163, 30, 98, 37, 123, 210, 223, 126, 144, 107, 99, 125, 94, 138, 248, 43, 148, 52, 193, 228], [111, 97, 166, 19, 185, 142, 181, 191, 64, 101, 221, 123, 152, 108, 204, 19, 133, 186, 222, 94, 192, 28, 104, 112, 129, 94, 77, 2, 155, 106, 101, 136], [139, 220, 77, 6, 108, 106, 82, 20, 53, 223, 242, 107, 213, 151, 153, 25, 235, 114, 148, 206, 180, 232, 68, 11, 112, 197, 33, 32, 181, 16, 47, 45], [51, 61, 107, 22, 114, 183, 234, 230, 92, 223, 104, 175, 52, 228, 51, 36, 86, 133, 243, 43, 234, 61, 61, 150, 93, 220, 22, 11, 172, 146, 23, 80], [139, 175, 210, 53, 33, 96, 31, 84, 92, 139, 142, 43, 136, 192, 231, 103, 203, 210, 187, 233, 116, 183, 236, 213, 2, 137, 66, 16, 2, 100, 9, 145], [132, 232, 11, 240, 207, 48, 169, 46, 21, 227, 17, 80, 125, 84, 130, 20, 196, 165, 241, 105, 107, 145, 63, 135, 83, 26, 162, 19, 65, 193, 211, 2], [255, 67, 222, 156, 211, 204, 50, 117, 108, 89, 96, 140, 186, 220, 53, 34, 223, 92, 158, 213, 33, 51, 60, 210, 4, 191, 176, 6, 144, 58, 49, 192], [153, 42, 252, 217, 77, 92, 14, 229, 148, 31, 71, 112, 189, 187, 125, 241, 252, 133, 40, 52, 135, 94, 67, 21, 107, 225, 89, 20, 6, 60, 169, 213], [23, 72, 66, 159, 185, 253, 62, 243, 36, 17, 33, 11, 163, 123, 75, 95, 215, 232, 177, 226, 7, 109, 245, 14, 110, 143, 179, 41, 207, 245, 200, 88], [8, 216, 132, 96, 145, 70, 224, 15, 222, 184, 96, 135, 202, 178, 136, 234, 32, 158, 174, 199, 38, 97, 208, 46, 190, 194, 69, 0, 132, 250, 248, 239], [5, 40, 163, 247, 76, 217, 253, 99, 121, 217, 111, 179, 29, 135, 75, 164, 235, 254, 55, 248, 135, 51, 185, 59, 51, 151, 18, 4, 177, 85, 209, 138], [95, 186, 82, 162, 43, 115, 89, 177, 227, 191, 126, 228, 117, 84, 248, 188, 42, 80, 26, 116, 7, 237, 169, 210, 118, 93, 52, 42, 195, 2, 132, 232], [16, 100, 125, 68, 64, 241, 115, 4, 24, 145, 17, 228, 63, 209, 53, 221, 202, 70, 24, 192, 161, 108, 120, 165, 63, 183, 81, 44, 160, 15, 141, 17], [140, 46, 37, 3, 196, 229, 205, 190, 180, 51, 37, 131, 35, 97, 231, 241, 247, 206, 100, 105, 207, 71, 153, 167, 204, 196, 117, 7, 103, 151, 220, 66], [161, 148, 35, 125, 127, 50, 89, 250, 164, 61, 0, 83, 250, 46, 99, 167, 49, 18, 183, 131, 142, 215, 248, 221, 22, 152, 205, 38, 8, 202, 245, 139], [24, 12, 79, 43, 123, 206, 235, 182, 96, 250, 209, 169, 213, 35, 230, 184, 199, 184, 162, 44, 155, 185, 98, 74, 133, 47, 145, 39, 224, 101, 160, 149], [117, 247, 252, 190, 13, 152, 24, 110, 236, 44, 129, 68, 99, 41, 30, 218, 132, 51, 153, 52, 155, 200, 56, 3, 92, 182, 150, 9, 118, 20, 1, 55], [52, 45, 154, 28, 137, 5, 27, 177, 77, 15, 40, 192, 112, 136, 161, 155, 54, 167, 26, 160, 195, 242, 47, 255, 248, 80, 136, 18, 111, 16, 112, 126], [73, 122, 116, 44, 80, 58, 99, 17, 165, 151, 64, 18, 32, 10, 245, 161, 118, 230, 252, 137, 156, 188, 167, 101, 52, 3, 82, 46, 139, 108, 190, 64], [161, 65, 168, 255, 184, 152, 49, 28, 146, 113, 120, 29, 181, 129, 165, 249, 143, 227, 218, 51, 23, 209, 182, 235, 129, 103, 14, 19, 216, 236, 12, 90], [205, 17, 172, 15, 61, 144, 14, 87, 236, 210, 64, 133, 61, 78, 140, 223, 63, 95, 83, 46, 141, 227, 137, 123, 62, 75, 18, 2, 248, 178, 172, 234], [211, 119, 242, 231, 255, 153, 9, 195, 252, 61, 231, 190, 247, 48, 37, 251, 179, 253, 166, 214, 81, 222, 223, 229, 128, 164, 202, 19, 203, 179, 80, 28], [189, 220, 193, 252, 5, 218, 181, 224, 16, 75, 190, 4, 3, 6, 59, 212, 80, 244, 214, 116, 189, 196, 166, 159, 99, 6, 23, 41, 210, 167, 37, 40], [177, 162, 218, 213, 131, 189, 223, 170, 216, 190, 22, 111, 209, 184, 3, 167, 159, 218, 93, 202, 121, 116, 21, 80, 0, 195, 177, 51, 124, 73, 44, 188], [89, 175, 94, 63, 135, 240, 187, 135, 128, 31, 195, 146, 90, 82, 70, 173, 101, 81, 121, 67, 108, 219, 138, 65, 15, 72, 77, 7, 217, 143, 85, 251], [1, 194, 245, 154, 97, 151, 143, 249, 102, 75, 192, 62, 188, 112, 195, 217, 96, 51, 92, 169, 24, 203, 211, 235, 111, 199, 109, 12, 84, 129, 62, 156], [233, 130, 252, 62, 229, 83, 23, 29, 129, 216, 9, 104, 146, 139, 237, 18, 138, 71, 5, 166, 238, 204, 255, 109, 231, 46, 51, 10, 68, 131, 174, 141], [32, 235, 126, 141, 223, 161, 34, 164, 62, 72, 126, 217, 91, 39, 59, 47, 34, 193, 235, 2, 243, 174, 133, 55, 215, 180, 168, 31, 243, 123, 62, 60], [45, 9, 36, 253, 167, 118, 90, 75, 16, 146, 119, 47, 203, 204, 147, 110, 44, 254, 74, 18, 59, 211, 49, 115, 139, 31, 49, 38, 220, 75, 164, 49], [23, 251, 146, 219, 79, 223, 66, 204, 20, 230, 161, 38, 88, 144, 120, 163, 61, 142, 155, 9, 14, 180, 69, 191, 114, 238, 206, 4, 39, 227, 150, 44], [178, 11, 244, 197, 181, 157, 186, 204, 2, 203, 29, 187, 97, 15, 216, 146, 170, 34, 151, 53, 146, 8, 231, 117, 120, 220, 112, 32, 9, 23, 19, 148], [225, 185, 236, 10, 54, 166, 142, 203, 196, 46, 17, 72, 112, 137, 73, 244, 238, 236, 4, 38, 231, 218, 158, 159, 108, 99, 199, 25, 32, 26, 230, 171], [100, 128, 44, 118, 215, 44, 183, 155, 142, 159, 99, 220, 251, 72, 169, 238, 11, 35, 185, 130, 151, 151, 74, 107, 250, 113, 243, 15, 98, 69, 131, 56], [34, 239, 71, 6, 62, 239, 72, 162, 255, 197, 2, 164, 175, 205, 30, 223, 58, 25, 8, 14, 35, 152, 153, 112, 171, 135, 189, 24, 64, 123, 30, 96], [216, 158, 47, 217, 216, 79, 51, 7, 75, 250, 223, 253, 67, 10, 202, 225, 28, 76, 131, 202, 110, 77, 96, 150, 208, 41, 13, 24, 39, 255, 235, 27], [51, 253, 14, 101, 25, 225, 92, 156, 43, 140, 88, 95, 46, 147, 208, 221, 55, 39, 228, 219, 89, 23, 25, 38, 82, 222, 44, 27, 7, 130, 94, 120], [62, 237, 240, 98, 180, 122, 62, 97, 70, 112, 161, 153, 25, 78, 183, 159, 153, 249, 204, 237, 186, 82, 209, 74, 162, 36, 87, 24, 14, 219, 10, 140], [87, 138, 106, 240, 93, 13, 145, 148, 6, 2, 57, 102, 16, 236, 249, 148, 227, 135, 139, 115, 119, 49, 173, 19, 124, 121, 211, 43, 37, 201, 231, 89], [8, 86, 73, 110, 23, 183, 233, 144, 130, 151, 92, 175, 236, 2, 233, 5, 135, 241, 237, 205, 160, 96, 111, 157, 242, 114, 221, 47, 189, 120, 157, 75], [254, 168, 27, 244, 2, 88, 138, 28, 108, 45, 12, 166, 169, 111, 186, 186, 60, 183, 252, 127, 41, 174, 102, 246, 136, 6, 100, 52, 34, 52, 149, 126], [14, 54, 215, 205, 117, 19, 136, 215, 14, 211, 36, 232, 112, 85, 152, 123, 47, 84, 98, 234, 136, 63, 194, 67, 128, 219, 134, 0, 116, 136, 212, 79], [72, 93, 25, 152, 84, 156, 135, 72, 157, 41, 129, 246, 180, 170, 253, 16, 134, 36, 184, 232, 17, 143, 34, 236, 130, 159, 212, 10, 222, 5, 43, 234], [214, 235, 85, 118, 16, 185, 253, 15, 68, 141, 153, 174, 35, 229, 13, 245, 54, 21, 72, 15, 125, 89, 205, 157, 143, 145, 248, 37, 87, 84, 126, 26], [120, 141, 63, 59, 85, 169, 252, 215, 107, 177, 167, 48, 6, 230, 191, 81, 5, 80, 243, 215, 42, 56, 108, 229, 125, 183, 35, 30, 105, 247, 81, 238], [63, 160, 202, 197, 124, 17, 116, 88, 77, 221, 231, 232, 57, 115, 115, 140, 127, 48, 8, 169, 172, 70, 100, 67, 227, 188, 107, 10, 21, 194, 205, 253], [141, 111, 134, 124, 124, 107, 216, 32, 52, 54, 92, 55, 43, 122, 252, 99, 160, 154, 231, 34, 67, 16, 118, 161, 185, 9, 129, 23, 234, 240, 78, 214], [200, 152, 150, 1, 187, 5, 107, 175, 181, 49, 70, 114, 148, 83, 166, 9, 222, 249, 34, 87, 149, 112, 30, 198, 214, 209, 120, 44, 40, 130, 131, 45], [200, 122, 36, 121, 97, 157, 31, 46, 88, 166, 101, 178, 215, 39, 90, 112, 231, 182, 62, 4, 42, 79, 85, 77, 92, 133, 70, 13, 93, 12, 46, 2], [78, 243, 137, 58, 210, 196, 6, 185, 219, 56, 59, 37, 201, 4, 219, 119, 216, 75, 45, 97, 148, 47, 19, 27, 156, 124, 235, 3, 145, 108, 155, 237], [215, 28, 101, 10, 98, 176, 93, 234, 13, 140, 249, 88, 31, 35, 207, 44, 36, 67, 84, 76, 106, 0, 213, 203, 76, 65, 172, 8, 127, 149, 22, 209], [208, 249, 236, 191, 47, 76, 151, 198, 123, 113, 65, 92, 233, 182, 204, 225, 44, 5, 135, 102, 228, 119, 189, 129, 31, 223, 34, 14, 74, 157, 4, 49], [158, 227, 211, 167, 228, 188, 168, 141, 76, 172, 235, 100, 206, 108, 201, 100, 130, 24, 246, 165, 85, 25, 98, 174, 14, 211, 152, 7, 200, 103, 102, 7], [70, 146, 51, 124, 93, 126, 218, 161, 21, 249, 63, 59, 116, 161, 180, 159, 137, 64, 201, 81, 69, 40, 116, 95, 83, 111, 65, 34, 95, 254, 135, 168], [196, 129, 11, 247, 91, 130, 93, 20, 166, 129, 206, 160, 254, 12, 178, 161, 164, 146, 165, 47, 152, 222, 39, 180, 40, 184, 46, 35, 251, 70, 235, 65], [16, 160, 111, 36, 166, 73, 5, 120, 6, 242, 90, 240, 132, 74, 29, 87, 9, 64, 102, 139, 20, 116, 105, 195, 179, 121, 182, 14, 156, 56, 67, 117], [56, 40, 41, 126, 80, 100, 169, 55, 191, 191, 200, 62, 213, 155, 208, 80, 80, 192, 156, 20, 185, 101, 127, 104, 177, 174, 35, 15, 76, 182, 145, 150], [6, 236, 176, 23, 231, 128, 108, 240, 138, 120, 38, 167, 216, 13, 100, 42, 173, 5, 234, 44, 21, 44, 200, 29, 191, 212, 173, 33, 183, 130, 54, 227], [15, 74, 136, 60, 196, 136, 99, 232, 187, 70, 252, 37, 184, 219, 218, 155, 40, 20, 134, 6, 84, 108, 252, 150, 119, 9, 182, 26, 65, 102, 199, 92], [198, 195, 146, 73, 115, 31, 22, 155, 78, 232, 48, 156, 239, 37, 252, 195, 112, 88, 57, 200, 186, 254, 220, 136, 217, 32, 22, 18, 91, 251, 187, 41], [254, 74, 177, 128, 38, 197, 211, 150, 124, 240, 58, 151, 123, 212, 14, 23, 222, 5, 221, 143, 187, 167, 65, 21, 164, 119, 110, 10, 6, 151, 181, 123], [80, 200, 141, 242, 25, 171, 91, 205, 66, 130, 80, 251, 109, 50, 133, 189, 69, 237, 22, 240, 110, 161, 84, 88, 153, 45, 78, 30, 246, 98, 53, 164], [161, 108, 235, 179, 180, 254, 244, 216, 68, 53, 126, 202, 151, 169, 195, 139, 246, 230, 33, 103, 75, 77, 177, 179, 100, 168, 34, 5, 34, 50, 235, 207], [113, 187, 154, 102, 57, 228, 24, 45, 57, 64, 126, 238, 106, 24, 155, 236, 222, 122, 71, 33, 228, 73, 143, 144, 54, 8, 111, 20, 223, 63, 220, 204], [199, 207, 247, 32, 53, 44, 38, 48, 149, 205, 38, 246, 103, 144, 85, 125, 28, 193, 33, 47, 125, 148, 184, 96, 68, 113, 49, 30, 37, 203, 145, 8], [165, 208, 133, 213, 83, 230, 88, 59, 88, 42, 3, 169, 242, 63, 230, 148, 215, 202, 8, 151, 69, 86, 162, 80, 60, 70, 245, 27, 22, 208, 241, 143], [93, 54, 219, 250, 121, 197, 244, 24, 101, 124, 14, 93, 42, 27, 180, 212, 77, 184, 31, 200, 110, 232, 166, 5, 83, 85, 223, 14, 158, 127, 91, 18], [113, 39, 5, 157, 106, 252, 161, 222, 131, 124, 131, 32, 180, 177, 151, 70, 186, 28, 174, 126, 214, 22, 58, 178, 15, 128, 233, 14, 60, 185, 191, 14], [227, 145, 229, 235, 209, 243, 199, 189, 104, 98, 100, 175, 222, 230, 178, 4, 23, 156, 236, 206, 154, 148, 49, 105, 104, 80, 227, 3, 169, 125, 33, 198], [165, 100, 27, 159, 34, 206, 207, 137, 13, 238, 253, 118, 169, 166, 233, 58, 252, 40, 162, 57, 83, 137, 247, 46, 99, 206, 122, 33, 187, 48, 199, 44], [49, 35, 108, 37, 111, 152, 146, 134, 198, 89, 180, 78, 43, 151, 207, 196, 133, 65, 189, 65, 45, 76, 174, 119, 19, 251, 104, 12, 18, 54, 178, 89], [90, 99, 91, 72, 198, 221, 94, 157, 159, 39, 129, 19, 24, 42, 55, 254, 187, 168, 212, 240, 235, 231, 17, 206, 219, 58, 45, 20, 31, 25, 213, 221], [218, 142, 176, 185, 182, 123, 227, 224, 245, 136, 140, 12, 251, 138, 16, 176, 85, 74, 216, 214, 46, 97, 53, 26, 89, 42, 200, 28, 53, 199, 202, 126], [188, 40, 197, 243, 198, 236, 18, 203, 241, 66, 0, 132, 69, 46, 74, 131, 250, 156, 123, 199, 61, 184, 31, 19, 151, 19, 55, 28, 85, 21, 48, 144], [231, 202, 93, 49, 66, 148, 55, 17, 149, 193, 114, 217, 69, 222, 28, 108, 127, 249, 184, 242, 119, 138, 223, 65, 199, 99, 244, 40, 172, 60, 96, 121], [88, 250, 255, 77, 170, 50, 42, 167, 190, 27, 109, 24, 136, 85, 48, 30, 132, 181, 154, 228, 165, 146, 241, 210, 80, 148, 184, 0, 150, 94, 193, 58], [28, 182, 119, 138, 248, 76, 77, 117, 19, 49, 160, 236, 6, 146, 217, 132, 186, 77, 64, 173, 193, 34, 60, 29, 144, 80, 162, 7, 155, 192, 28, 95], [190, 145, 32, 238, 226, 151, 71, 193, 210, 78, 20, 127, 213, 2, 81, 99, 50, 144, 181, 211, 131, 13, 64, 14, 34, 186, 171, 47, 154, 32, 197, 45], [204, 82, 180, 172, 41, 65, 78, 99, 99, 156, 104, 151, 33, 111, 198, 53, 82, 0, 219, 47, 60, 132, 133, 15, 42, 162, 2, 11, 248, 198, 24, 24], [217, 110, 168, 223, 7, 231, 49, 64, 113, 221, 84, 95, 130, 211, 65, 253, 121, 207, 192, 162, 243, 42, 132, 216, 15, 254, 251, 28, 110, 65, 115, 252], [188, 139, 196, 234, 140, 199, 201, 159, 172, 158, 16, 19, 244, 246, 216, 189, 189, 2, 177, 166, 13, 72, 18, 97, 104, 167, 112, 6, 79, 54, 100, 192], [61, 29, 120, 92, 133, 227, 63, 40, 32, 141, 44, 56, 219, 132, 63, 132, 60, 118, 143, 21, 54, 117, 173, 8, 99, 80, 104, 19, 27, 232, 23, 49], [164, 251, 201, 82, 198, 217, 117, 141, 22, 107, 19, 5, 222, 165, 206, 118, 67, 240, 83, 25, 103, 234, 176, 223, 34, 94, 159, 46, 205, 219, 10, 69], [119, 9, 128, 237, 244, 102, 116, 1, 184, 18, 28, 128, 40, 95, 37, 25, 126, 240, 56, 71, 80, 243, 216, 184, 65, 35, 131, 17, 243, 132, 114, 46], [156, 15, 143, 211, 140, 100, 84, 44, 106, 218, 11, 67, 74, 46, 136, 106, 34, 220, 16, 236, 185, 253, 75, 58, 183, 175, 193, 36, 122, 33, 114, 147], [159, 130, 160, 78, 152, 99, 253, 102, 217, 87, 101, 23, 53, 249, 91, 104, 56, 85, 23, 113, 217, 172, 88, 40, 49, 43, 225, 30, 95, 180, 208, 117], [250, 231, 129, 103, 2, 236, 112, 38, 1, 247, 202, 2, 137, 186, 209, 92, 31, 210, 46, 85, 154, 177, 5, 160, 174, 232, 78, 43, 189, 227, 43, 14], [229, 45, 160, 36, 221, 209, 200, 177, 206, 54, 169, 239, 200, 16, 59, 148, 252, 12, 96, 196, 104, 224, 40, 35, 54, 121, 125, 44, 131, 50, 99, 184], [15, 21, 217, 52, 220, 133, 95, 96, 120, 104, 20, 122, 66, 110, 115, 191, 91, 115, 121, 113, 105, 170, 154, 201, 244, 241, 190, 11, 138, 25, 81, 202], [49, 94, 128, 23, 176, 248, 168, 182, 194, 51, 216, 167, 148, 71, 70, 237, 185, 56, 240, 243, 192, 191, 8, 190, 60, 213, 230, 3, 226, 160, 209, 251], [209, 241, 14, 142, 153, 71, 149, 37, 161, 13, 211, 105, 96, 154, 250, 168, 142, 75, 160, 99, 223, 236, 96, 243, 246, 150, 80, 14, 139, 184, 116, 66], [93, 192, 188, 46, 249, 51, 112, 208, 172, 203, 197, 162, 239, 106, 196, 4, 109, 130, 36, 233, 29, 94, 159, 107, 167, 25, 179, 30, 240, 250, 16, 130], [217, 208, 96, 163, 35, 180, 246, 24, 120, 220, 149, 51, 232, 145, 69, 118, 120, 194, 131, 136, 178, 104, 207, 26, 0, 198, 156, 40, 188, 68, 8, 150], [185, 203, 99, 13, 148, 150, 1, 152, 228, 158, 187, 244, 109, 237, 188, 124, 73, 195, 43, 207, 11, 66, 146, 117, 203, 52, 177, 17, 15, 147, 222, 191], [166, 201, 26, 219, 206, 239, 18, 6, 172, 211, 33, 85, 51, 44, 246, 248, 57, 3, 165, 107, 22, 61, 21, 126, 221, 131, 202, 15, 17, 168, 124, 21], [217, 241, 117, 222, 87, 230, 110, 201, 244, 3, 170, 245, 42, 47, 147, 196, 147, 210, 43, 169, 171, 66, 52, 254, 67, 215, 90, 35, 138, 35, 184, 46], [15, 244, 187, 245, 82, 194, 134, 53, 62, 142, 93, 25, 53, 32, 139, 162, 49, 3, 3, 55, 229, 166, 193, 154, 120, 0, 253, 48, 54, 85, 0, 195], [61, 154, 170, 93, 53, 228, 2, 159, 156, 102, 215, 161, 50, 41, 238, 188, 34, 115, 36, 15, 126, 93, 253, 226, 46, 119, 9, 13, 101, 175, 147, 192], [254, 33, 13, 192, 127, 234, 207, 224, 53, 216, 204, 123, 0, 198, 96, 204, 183, 125, 147, 89, 159, 87, 85, 0, 110, 24, 139, 3, 149, 176, 29, 229], [164, 139, 133, 199, 125, 114, 237, 222, 241, 187, 38, 101, 121, 162, 19, 197, 135, 79, 192, 171, 80, 207, 34, 70, 209, 83, 213, 38, 52, 89, 170, 208], [139, 165, 163, 46, 98, 144, 253, 130, 99, 23, 25, 100, 62, 242, 148, 95, 162, 150, 204, 88, 202, 152, 36, 21, 18, 196, 143, 25, 178, 76, 95, 243], [113, 0, 155, 116, 15, 88, 132, 137, 159, 174, 90, 50, 228, 181, 109, 188, 46, 246, 143, 12, 217, 208, 14, 155, 161, 250, 142, 9, 186, 251, 21, 210], [147, 206, 5, 163, 149, 153, 73, 126, 167, 44, 77, 16, 145, 218, 198, 212, 112, 208, 197, 87, 164, 179, 125, 59, 62, 49, 230, 38, 58, 91, 119, 32], [87, 244, 198, 97, 50, 100, 45, 82, 184, 45, 44, 4, 67, 95, 198, 239, 184, 47, 210, 60, 17, 222, 63, 13, 92, 19, 187, 10, 214, 233, 22, 68], [60, 210, 38, 67, 23, 255, 36, 27, 209, 238, 142, 234, 53, 132, 51, 107, 146, 180, 67, 159, 79, 177, 85, 238, 250, 92, 249, 16, 13, 162, 5, 184], [191, 151, 89, 218, 90, 102, 68, 22, 217, 60, 85, 147, 26, 249, 186, 145, 253, 21, 126, 123, 24, 194, 241, 211, 22, 59, 169, 37, 212, 15, 81, 109], [87, 190, 109, 245, 107, 24, 37, 254, 180, 200, 246, 183, 94, 74, 248, 134, 28, 96, 147, 100, 16, 37, 179, 247, 25, 17, 160, 31, 247, 21, 211, 218], [102, 223, 139, 147, 254, 219, 12, 4, 230, 63, 173, 55, 161, 17, 190, 159, 247, 2, 198, 63, 143, 199, 97, 165, 146, 192, 22, 20, 118, 159, 235, 244], [18, 100, 243, 179, 250, 166, 179, 216, 117, 170, 138, 23, 12, 36, 4, 46, 63, 138, 252, 104, 196, 95, 250, 152, 29, 102, 30, 49, 80, 231, 169, 253], [175, 172, 148, 168, 142, 238, 100, 100, 171, 42, 212, 95, 188, 70, 195, 225, 190, 66, 138, 120, 154, 216, 207, 59, 224, 141, 77, 28, 17, 248, 112, 252], [45, 119, 249, 140, 250, 128, 89, 216, 28, 88, 43, 140, 98, 233, 193, 65, 20, 204, 70, 218, 221, 126, 18, 53, 197, 119, 202, 4, 244, 231, 30, 149], [181, 99, 208, 119, 224, 55, 63, 192, 10, 46, 3, 134, 221, 109, 108, 40, 8, 130, 250, 255, 125, 50, 201, 41, 95, 59, 12, 21, 67, 74, 71, 33], [88, 87, 155, 119, 52, 175, 138, 238, 17, 104, 233, 157, 105, 53, 233, 173, 191, 169, 112, 206, 43, 181, 163, 156, 188, 251, 4, 47, 83, 21, 94, 67], [97, 40, 80, 196, 172, 146, 50, 168, 134, 60, 126, 17, 128, 234, 20, 89, 174, 195, 85, 184, 171, 109, 104, 183, 19, 19, 88, 27, 238, 215, 81, 169], [101, 12, 117, 12, 151, 176, 225, 176, 225, 250, 1, 225, 53, 213, 241, 93, 240, 21, 152, 113, 132, 115, 220, 43, 232, 115, 207, 29, 58, 129, 138, 15], [253, 250, 0, 143, 106, 20, 249, 121, 242, 186, 255, 230, 77, 227, 121, 120, 86, 219, 20, 223, 115, 129, 165, 185, 41, 166, 41, 29, 10, 22, 185, 254], [127, 86, 120, 2, 202, 215, 163, 89, 247, 192, 107, 249, 63, 226, 142, 238, 117, 213, 214, 150, 217, 96, 73, 64, 165, 35, 41, 45, 13, 124, 242, 200], [25, 145, 31, 173, 34, 182, 120, 238, 158, 175, 129, 176, 15, 117, 7, 9, 96, 106, 59, 217, 181, 30, 140, 39, 73, 168, 58, 19, 120, 0, 184, 86], [144, 32, 38, 117, 195, 55, 128, 160, 253, 65, 109, 89, 158, 9, 7, 249, 191, 137, 219, 96, 245, 61, 3, 215, 33, 203, 205, 10, 91, 150, 53, 11], [193, 133, 58, 205, 169, 198, 26, 160, 253, 101, 218, 102, 216, 58, 80, 14, 151, 238, 204, 215, 108, 3, 171, 152, 14, 22, 218, 8, 132, 245, 34, 139], [91, 40, 152, 32, 52, 183, 249, 7, 158, 191, 54, 225, 23, 83, 6, 12, 104, 170, 2, 94, 3, 141, 88, 247, 49, 36, 208, 37, 236, 102, 71, 205], [85, 6, 230, 110, 227, 3, 87, 200, 147, 4, 167, 48, 133, 29, 49, 115, 31, 87, 131, 224, 188, 156, 134, 72, 100, 56, 138, 39, 175, 31, 80, 226], [228, 174, 189, 79, 184, 32, 239, 140, 108, 43, 37, 9, 100, 92, 93, 205, 103, 99, 188, 5, 39, 78, 113, 119, 111, 56, 197, 21, 132, 86, 74, 179], [55, 95, 219, 34, 13, 95, 18, 142, 15, 255, 120, 162, 143, 24, 117, 199, 193, 174, 44, 193, 41, 24, 64, 22, 7, 2, 206, 5, 100, 61, 58, 13], [23, 42, 18, 229, 200, 240, 225, 122, 193, 151, 40, 77, 65, 255, 201, 96, 67, 0, 133, 103, 48, 135, 158, 27, 144, 72, 177, 32, 195, 166, 50, 37], [223, 44, 69, 25, 128, 107, 95, 218, 129, 107, 8, 245, 205, 63, 12, 186, 244, 150, 35, 247, 255, 135, 241, 202, 107, 76, 150, 42, 53, 199, 29, 52], [167, 228, 160, 41, 188, 154, 228, 76, 67, 236, 246, 74, 90, 235, 187, 113, 27, 255, 13, 230, 196, 87, 150, 156, 120, 14, 162, 8, 64, 160, 188, 23], [74, 106, 22, 221, 114, 127, 116, 128, 22, 42, 40, 163, 110, 49, 211, 89, 227, 41, 178, 126, 100, 91, 6, 82, 20, 63, 159, 9, 79, 65, 96, 168], [233, 254, 92, 215, 171, 41, 138, 73, 169, 14, 158, 155, 254, 116, 245, 158, 7, 154, 89, 233, 215, 4, 25, 156, 210, 73, 216, 20, 7, 93, 192, 192], [204, 33, 10, 95, 26, 75, 253, 231, 122, 64, 89, 244, 238, 38, 174, 39, 211, 27, 158, 57, 197, 68, 43, 143, 94, 15, 197, 38, 10, 124, 211, 130], [220, 190, 164, 180, 40, 102, 157, 93, 92, 104, 179, 189, 6, 53, 152, 137, 157, 20, 113, 48, 90, 136, 212, 87, 160, 28, 171, 14, 89, 253, 142, 190], [110, 201, 236, 137, 87, 52, 212, 143, 169, 67, 171, 150, 99, 120, 104, 213, 210, 58, 151, 197, 119, 209, 82, 104, 122, 22, 69, 24, 0, 215, 74, 80], [16, 134, 68, 114, 91, 219, 234, 214, 96, 21, 87, 107, 119, 252, 157, 88, 225, 99, 177, 180, 157, 214, 131, 238, 26, 58, 179, 16, 238, 255, 237, 25], [168, 194, 51, 178, 53, 150, 157, 216, 231, 38, 214, 0, 250, 223, 24, 172, 227, 10, 185, 242, 177, 206, 222, 120, 248, 55, 31, 24, 216, 138, 32, 38], [18, 212, 236, 71, 224, 163, 138, 112, 76, 151, 44, 208, 19, 37, 189, 116, 11, 112, 77, 251, 88, 198, 196, 31, 176, 62, 214, 25, 185, 242, 55, 142], [102, 194, 203, 104, 117, 125, 188, 24, 195, 249, 7, 3, 243, 139, 8, 23, 157, 241, 64, 241, 165, 210, 9, 79, 152, 67, 96, 21, 110, 102, 227, 49], [176, 234, 169, 13, 147, 201, 200, 60, 118, 42, 247, 47, 208, 20, 216, 40, 117, 152, 186, 236, 223, 57, 17, 45, 131, 109, 174, 41, 142, 10, 69, 74], [176, 201, 84, 211, 23, 77, 181, 79, 206, 112, 121, 148, 106, 204, 120, 106, 25, 84, 15, 199, 131, 205, 39, 146, 218, 10, 4, 27, 49, 67, 51, 140], [46, 78, 32, 110, 231, 69, 176, 87, 168, 168, 5, 54, 228, 241, 208, 253, 162, 201, 111, 155, 233, 40, 222, 118, 169, 54, 83, 27, 169, 93, 202, 26], [117, 208, 216, 211, 228, 122, 243, 92, 178, 128, 214, 15, 77, 175, 158, 28, 131, 101, 67, 203, 21, 116, 104, 37, 65, 147, 188, 25, 252, 63, 151, 14], [11, 2, 18, 39, 164, 247, 239, 254, 98, 96, 86, 181, 161, 184, 119, 80, 31, 195, 80, 53, 124, 79, 41, 190, 44, 4, 37, 34, 158, 159, 178, 189], [161, 187, 71, 104, 168, 79, 126, 11, 223, 233, 170, 135, 16, 169, 226, 100, 51, 224, 12, 237, 19, 44, 201, 187, 49, 187, 167, 22, 177, 102, 141, 211], [20, 234, 61, 140, 121, 255, 86, 253, 23, 164, 209, 100, 75, 255, 19, 166, 175, 99, 115, 108, 81, 80, 73, 230, 91, 149, 124, 22, 171, 29, 32, 38], [172, 43, 43, 72, 59, 238, 154, 148, 78, 218, 77, 162, 23, 154, 66, 234, 7, 167, 157, 95, 152, 89, 114, 55, 49, 242, 80, 3, 96, 219, 177, 239], [178, 1, 205, 196, 62, 78, 71, 184, 250, 7, 1, 219, 48, 142, 152, 218, 29, 254, 179, 230, 199, 223, 231, 244, 251, 138, 45, 26, 156, 223, 92, 178], [106, 96, 245, 243, 81, 220, 214, 211, 66, 144, 51, 245, 69, 190, 62, 151, 174, 158, 178, 88, 145, 70, 191, 169, 65, 92, 19, 45, 214, 10, 109, 168], [74, 129, 205, 82, 14, 102, 116, 152, 231, 248, 253, 178, 169, 149, 70, 222, 126, 185, 193, 60, 73, 213, 105, 233, 125, 99, 150, 27, 225, 158, 226, 40], [59, 191, 89, 73, 108, 97, 121, 210, 63, 40, 233, 82, 164, 218, 188, 23, 65, 178, 1, 49, 122, 91, 197, 146, 199, 219, 137, 17, 17, 172, 165, 99], [46, 251, 148, 54, 27, 254, 158, 149, 114, 143, 90, 54, 147, 76, 217, 252, 200, 213, 135, 21, 222, 188, 160, 191, 247, 42, 12, 28, 102, 94, 154, 175], [219, 204, 198, 242, 32, 105, 248, 149, 81, 66, 152, 68, 185, 125, 196, 105, 117, 147, 78, 135, 175, 68, 108, 78, 171, 114, 218, 30, 27, 59, 173, 111], [135, 236, 109, 219, 204, 91, 155, 1, 241, 97, 54, 216, 42, 193, 48, 180, 72, 189, 96, 14, 67, 92, 239, 21, 132, 138, 126, 16, 14, 220, 160, 123], [163, 215, 86, 170, 84, 162, 40, 194, 25, 238, 223, 231, 60, 114, 27, 232, 40, 16, 168, 85, 155, 204, 194, 38, 167, 69, 8, 45, 224, 119, 33, 92], [252, 217, 187, 241, 4, 10, 12, 104, 173, 175, 79, 97, 36, 241, 176, 107, 14, 34, 141, 95, 121, 192, 196, 232, 195, 53, 31, 45, 57, 33, 220, 92], [115, 180, 201, 145, 56, 40, 73, 166, 119, 124, 161, 175, 32, 230, 101, 153, 141, 53, 168, 98, 142, 211, 110, 186, 203, 8, 92, 3, 186, 96, 43, 13], [21, 21, 77, 208, 9, 138, 2, 159, 99, 69, 147, 138, 91, 144, 133, 0, 61, 146, 233, 235, 104, 97, 68, 124, 73, 39, 122, 37, 36, 248, 223, 115], [180, 13, 167, 125, 127, 174, 253, 166, 139, 163, 2, 183, 204, 236, 101, 31, 186, 53, 106, 53, 213, 85, 53, 40, 220, 208, 108, 12, 89, 33, 203, 211], [53, 39, 210, 140, 44, 3, 66, 90, 213, 13, 12, 210, 216, 46, 24, 62, 218, 105, 218, 181, 14, 100, 167, 23, 142, 245, 51, 43, 35, 5, 157, 100], [98, 126, 121, 190, 13, 28, 116, 193, 5, 199, 126, 224, 144, 107, 27, 98, 252, 15, 230, 130, 84, 74, 252, 184, 150, 125, 247, 35, 82, 9, 225, 198], [165, 109, 124, 128, 107, 41, 96, 232, 147, 129, 56, 26, 203, 246, 240, 185, 56, 81, 231, 37, 105, 222, 167, 32, 252, 219, 219, 1, 66, 13, 44, 231], [250, 110, 70, 87, 6, 123, 133, 200, 233, 175, 88, 168, 177, 14, 205, 34, 13, 196, 199, 155, 4, 197, 41, 34, 50, 235, 7, 42, 29, 113, 179, 28], [240, 61, 67, 215, 162, 11, 72, 199, 209, 181, 116, 68, 189, 155, 69, 79, 246, 15, 156, 8, 35, 0, 104, 181, 5, 60, 110, 27, 5, 240, 80, 241], [27, 29, 218, 228, 134, 79, 236, 159, 167, 186, 40, 239, 171, 73, 180, 94, 169, 129, 136, 28, 37, 219, 7, 191, 64, 99, 92, 6, 217, 95, 148, 42], [103, 128, 153, 47, 75, 238, 147, 219, 236, 21, 238, 6, 91, 102, 217, 150, 112, 150, 113, 123, 178, 187, 86, 42, 167, 88, 4, 34, 90, 95, 54, 75], [142, 120, 239, 117, 196, 171, 134, 98, 202, 53, 249, 70, 73, 17, 0, 28, 3, 54, 139, 76, 181, 250, 181, 20, 19, 200, 72, 38, 42, 151, 62, 177], [114, 72, 231, 236, 44, 119, 201, 206, 83, 55, 95, 185, 79, 73, 34, 193, 47, 197, 141, 188, 125, 204, 143, 8, 190, 86, 130, 30, 237, 157, 70, 141], [136, 19, 49, 198, 200, 30, 235, 5, 199, 52, 136, 80, 20, 71, 129, 101, 179, 15, 197, 107, 116, 165, 123, 204, 95, 134, 27, 10, 5, 141, 101, 170], [174, 52, 129, 172, 178, 31, 89, 146, 233, 120, 65, 70, 35, 170, 86, 212, 250, 3, 88, 89, 12, 114, 25, 188, 69, 254, 48, 13, 206, 246, 43, 58], [169, 75, 213, 164, 145, 213, 101, 247, 201, 138, 241, 175, 75, 109, 138, 51, 68, 157, 158, 158, 216, 224, 166, 34, 92, 110, 51, 6, 144, 70, 114, 249], [152, 143, 165, 129, 234, 98, 131, 196, 47, 32, 207, 64, 23, 243, 4, 111, 8, 40, 217, 98, 9, 64, 246, 100, 83, 42, 54, 39, 121, 6, 81, 158], [109, 64, 75, 151, 251, 244, 11, 113, 199, 223, 143, 231, 17, 235, 246, 77, 114, 168, 177, 25, 81, 191, 138, 190, 22, 224, 48, 42, 5, 227, 50, 218], [19, 96, 58, 97, 104, 122, 75, 108, 249, 90, 148, 24, 86, 183, 202, 240, 19, 170, 173, 232, 193, 35, 169, 224, 63, 107, 190, 22, 196, 29, 56, 111], [91, 17, 160, 143, 62, 252, 102, 250, 77, 18, 120, 206, 243, 73, 31, 213, 8, 242, 10, 139, 196, 161, 190, 57, 183, 5, 67, 28, 210, 165, 221, 222], [137, 244, 190, 35, 205, 240, 116, 158, 81, 222, 235, 216, 230, 221, 196, 159, 204, 1, 220, 229, 214, 202, 56, 233, 71, 200, 85, 46, 131, 223, 68, 105], [187, 122, 128, 172, 78, 206, 10, 110, 67, 88, 9, 201, 105, 14, 98, 172, 173, 83, 69, 45, 101, 254, 114, 167, 187, 72, 33, 20, 46, 16, 76, 175], [13, 82, 111, 152, 176, 39, 78, 63, 65, 113, 81, 160, 93, 46, 70, 168, 249, 113, 185, 203, 82, 201, 159, 85, 49, 156, 235, 31, 135, 54, 30, 51], [42, 30, 25, 44, 93, 3, 104, 92, 54, 243, 188, 213, 131, 180, 35, 240, 213, 219, 83, 133, 122, 86, 58, 160, 134, 252, 185, 32, 246, 251, 172, 151], [144, 143, 22, 222, 84, 119, 92, 198, 143, 66, 150, 149, 185, 28, 200, 152, 208, 75, 236, 113, 16, 161, 246, 36, 77, 79, 254, 38, 192, 198, 94, 165], [236, 109, 7, 16, 48, 199, 9, 12, 91, 119, 196, 193, 217, 163, 93, 145, 224, 105, 252, 50, 175, 73, 247, 64, 236, 81, 170, 15, 143, 61, 164, 112], [106, 229, 20, 163, 63, 114, 155, 68, 188, 255, 245, 193, 231, 193, 217, 219, 228, 238, 40, 48, 43, 124, 145, 106, 86, 248, 136, 28, 122, 196, 123, 71], [225, 66, 52, 131, 51, 206, 94, 105, 22, 5, 176, 175, 50, 58, 210, 227, 121, 80, 245, 164, 226, 151, 53, 42, 191, 128, 237, 35, 229, 49, 222, 94], [115, 96, 11, 101, 164, 219, 185, 135, 128, 207, 85, 246, 19, 217, 118, 49, 75, 24, 86, 164, 118, 146, 163, 100, 103, 242, 143, 15, 205, 56, 1, 145], [53, 73, 236, 184, 89, 252, 18, 255, 122, 101, 209, 231, 42, 30, 175, 157, 60, 245, 90, 19, 71, 8, 252, 182, 179, 205, 118, 12, 197, 81, 247, 224], [112, 125, 235, 86, 167, 7, 214, 245, 188, 206, 68, 247, 122, 130, 140, 202, 64, 170, 254, 185, 120, 127, 25, 237, 142, 228, 6, 41, 255, 203, 217, 199], [93, 21, 208, 214, 42, 104, 220, 49, 191, 88, 199, 205, 84, 159, 153, 57, 246, 4, 228, 236, 115, 113, 96, 217, 6, 53, 159, 40, 46, 3, 91, 250], [176, 110, 117, 184, 89, 204, 253, 168, 139, 194, 20, 197, 110, 72, 240, 56, 240, 107, 65, 59, 44, 20, 255, 247, 7, 77, 66, 48, 72, 49, 163, 16], [185, 118, 80, 101, 98, 98, 149, 54, 210, 17, 186, 201, 8, 185, 231, 71, 192, 64, 108, 203, 181, 46, 209, 7, 108, 25, 197, 7, 41, 251, 212, 213], [179, 138, 195, 61, 5, 181, 175, 251, 230, 62, 126, 232, 75, 162, 20, 122, 234, 96, 206, 6, 94, 35, 201, 219, 134, 200, 51, 17, 129, 155, 10, 215], [97, 159, 14, 240, 198, 36, 157, 71, 50, 1, 49, 232, 60, 13, 100, 236, 175, 69, 75, 228, 202, 232, 228, 218, 0, 4, 111, 1, 231, 21, 246, 40], [191, 59, 198, 23, 95, 137, 54, 126, 197, 16, 13, 157, 172, 42, 168, 138, 212, 52, 39, 12, 186, 11, 209, 6, 189, 209, 34, 14, 198, 97, 114, 1], [181, 236, 17, 76, 198, 165, 212, 32, 95, 105, 80, 175, 32, 75, 29, 149, 6, 0, 5, 212, 94, 183, 76, 6, 114, 74, 245, 46, 59, 41, 167, 251], [144, 25, 219, 30, 21, 205, 163, 93, 230, 80, 81, 51, 126, 28, 203, 9, 78, 194, 18, 158, 161, 126, 170, 25, 70, 73, 62, 12, 75, 37, 174, 147], [8, 173, 12, 201, 238, 99, 249, 146, 187, 83, 56, 224, 68, 93, 89, 153, 236, 246, 107, 161, 233, 43, 93, 94, 64, 253, 5, 28, 41, 137, 86, 146], [90, 239, 47, 190, 166, 47, 84, 104, 84, 149, 205, 66, 207, 94, 157, 16, 134, 228, 0, 150, 94, 194, 210, 124, 230, 135, 83, 23, 252, 215, 206, 68], [14, 223, 19, 115, 158, 102, 120, 213, 213, 22, 73, 183, 24, 251, 39, 232, 201, 78, 228, 22, 64, 116, 212, 130, 50, 81, 94, 20, 156, 25, 84, 11], [35, 169, 115, 215, 181, 142, 231, 250, 114, 230, 248, 170, 119, 135, 94, 201, 129, 221, 235, 146, 162, 123, 242, 101, 174, 54, 151, 39, 106, 134, 1, 45], [148, 123, 212, 0, 8, 165, 86, 186, 100, 189, 104, 240, 147, 23, 77, 89, 195, 52, 167, 29, 218, 77, 175, 106, 26, 74, 134, 44, 52, 248, 237, 151], [23, 252, 75, 100, 88, 225, 227, 173, 112, 195, 99, 230, 47, 158, 166, 129, 145, 163, 235, 174, 202, 105, 15, 4, 245, 202, 164, 34, 221, 118, 123, 171], [130, 16, 76, 59, 133, 37, 27, 174, 44, 173, 24, 167, 201, 64, 52, 40, 243, 16, 169, 154, 79, 82, 130, 118, 88, 4, 222, 3, 165, 177, 82, 131], [67, 35, 68, 110, 128, 127, 179, 24, 94, 101, 104, 178, 91, 202, 86, 36, 75, 97, 200, 201, 234, 77, 58, 67, 129, 49, 57, 22, 47, 39, 178, 150], [193, 130, 113, 106, 167, 200, 160, 133, 126, 92, 236, 125, 86, 219, 74, 68, 120, 7, 143, 96, 208, 95, 142, 246, 192, 104, 254, 14, 108, 24, 137, 171], [18, 118, 233, 167, 235, 222, 83, 175, 197, 242, 160, 133, 248, 176, 201, 26, 227, 58, 82, 196, 97, 164, 112, 12, 246, 122, 253, 27, 24, 214, 202, 65], [85, 9, 175, 209, 229, 1, 209, 226, 18, 14, 149, 25, 7, 125, 54, 61, 62, 62, 193, 87, 89, 64, 163, 234, 177, 229, 101, 33, 8, 194, 119, 29], [212, 25, 170, 7, 106, 40, 245, 203, 85, 55, 220, 230, 118, 43, 163, 235, 185, 202, 99, 109, 214, 157, 92, 209, 129, 207, 232, 39, 185, 236, 147, 189], [110, 185, 227, 62, 229, 217, 35, 56, 128, 85, 30, 68, 232, 71, 77, 179, 184, 1, 224, 143, 235, 117, 200, 218, 202, 11, 221, 20, 139, 225, 253, 155], [231, 237, 187, 116, 69, 74, 125, 225, 47, 195, 62, 99, 106, 98, 204, 34, 239, 150, 151, 139, 210, 180, 125, 28, 211, 172, 217, 15, 142, 16, 233, 26], [168, 210, 60, 253, 167, 240, 77, 48, 17, 21, 99, 83, 117, 16, 52, 206, 253, 67, 112, 40, 62, 42, 105, 6, 168, 66, 135, 27, 25, 49, 60, 71], [198, 99, 80, 57, 218, 188, 253, 91, 143, 110, 157, 104, 15, 182, 80, 8, 204, 80, 184, 38, 164, 227, 24, 34, 37, 99, 235, 10, 235, 216, 6, 94], [227, 6, 37, 106, 174, 20, 240, 42, 224, 60, 130, 107, 181, 176, 137, 62, 80, 208, 111, 93, 91, 83, 155, 13, 75, 123, 72, 38, 36, 208, 13, 176], [96, 222, 74, 163, 92, 104, 250, 193, 236, 31, 85, 236, 201, 61, 28, 170, 144, 101, 20, 54, 188, 196, 159, 249, 28, 126, 100, 45, 92, 36, 118, 122], [51, 133, 251, 209, 222, 181, 129, 61, 177, 45, 255, 43, 168, 167, 247, 66, 102, 117, 224, 90, 206, 76, 150, 211, 39, 211, 27, 10, 127, 121, 130, 213], [40, 237, 85, 77, 157, 4, 227, 49, 46, 167, 204, 114, 249, 217, 250, 47, 50, 181, 181, 53, 145, 133, 197, 16, 46, 17, 122, 29, 255, 94, 53, 42], [166, 213, 22, 220, 75, 200, 4, 150, 21, 182, 152, 105, 122, 162, 28, 72, 125, 145, 231, 4, 190, 241, 86, 84, 178, 21, 234, 21, 121, 19, 182, 4], [48, 84, 201, 211, 89, 145, 189, 117, 47, 82, 80, 157, 254, 233, 13, 15, 174, 135, 249, 123, 160, 19, 147, 96, 239, 75, 122, 32, 72, 158, 71, 174], [112, 182, 9, 96, 65, 2, 109, 210, 123, 180, 232, 45, 227, 181, 100, 57, 57, 180, 104, 179, 107, 174, 218, 140, 192, 56, 122, 26, 115, 24, 97, 160], [105, 18, 213, 21, 24, 241, 102, 141, 221, 150, 124, 76, 110, 69, 139, 15, 57, 2, 36, 73, 156, 108, 177, 72, 149, 78, 251, 0, 200, 202, 227, 199], [6, 155, 225, 127, 21, 177, 118, 243, 216, 4, 107, 30, 143, 2, 90, 143, 117, 57, 65, 121, 210, 27, 20, 97, 119, 128, 137, 43, 98, 1, 118, 114], [235, 117, 30, 164, 151, 27, 185, 4, 67, 36, 97, 70, 67, 102, 118, 216, 169, 49, 187, 144, 166, 74, 132, 143, 108, 241, 115, 37, 127, 50, 153, 16], [16, 241, 62, 188, 119, 25, 251, 116, 184, 101, 22, 121, 206, 85, 39, 242, 64, 12, 15, 63, 87, 132, 29, 128, 251, 205, 218, 4, 117, 137, 248, 55], [24, 138, 222, 17, 183, 253, 215, 170, 190, 171, 49, 190, 220, 34, 52, 214, 8, 59, 56, 5, 147, 172, 124, 209, 139, 123, 25, 6, 151, 112, 162, 49], [204, 251, 93, 15, 88, 212, 150, 235, 194, 128, 44, 134, 207, 209, 52, 80, 128, 15, 234, 165, 153, 33, 128, 68, 90, 210, 73, 13, 28, 160, 189, 75], [147, 197, 178, 182, 127, 172, 29, 180, 76, 196, 110, 76, 151, 196, 190, 88, 102, 198, 44, 239, 94, 23, 185, 25, 128, 87, 88, 15, 176, 140, 218, 166], [74, 144, 194, 44, 53, 246, 218, 124, 206, 233, 84, 17, 142, 134, 76, 49, 54, 54, 102, 18, 144, 126, 177, 156, 24, 124, 26, 35, 234, 142, 185, 112], [195, 73, 27, 93, 206, 29, 77, 95, 164, 224, 127, 125, 32, 62, 147, 60, 167, 5, 51, 79, 205, 163, 178, 30, 57, 50, 132, 46, 14, 55, 214, 200], [148, 174, 225, 77, 200, 107, 95, 95, 111, 217, 139, 228, 109, 131, 225, 45, 205, 170, 79, 80, 105, 177, 0, 106, 122, 80, 81, 20, 210, 91, 25, 102], [223, 168, 2, 102, 130, 150, 166, 179, 0, 6, 99, 44, 250, 228, 58, 55, 250, 232, 144, 52, 91, 35, 82, 249, 44, 60, 66, 45, 57, 198, 166, 15], [130, 221, 62, 238, 196, 94, 18, 9, 34, 145, 245, 178, 239, 212, 159, 83, 233, 154, 0, 104, 192, 238, 48, 119, 248, 253, 18, 28, 185, 70, 121, 247], [50, 195, 223, 198, 200, 181, 41, 248, 71, 216, 91, 49, 63, 21, 234, 160, 79, 17, 159, 42, 190, 191, 90, 32, 171, 15, 9, 14, 251, 42, 138, 223], [199, 223, 109, 19, 79, 38, 44, 76, 31, 9, 238, 225, 131, 114, 194, 182, 76, 110, 164, 76, 49, 169, 75, 111, 25, 254, 187, 31, 205, 112, 146, 253], [250, 102, 101, 12, 241, 11, 129, 108, 22, 131, 212, 253, 252, 64, 181, 117, 134, 200, 246, 12, 131, 152, 11, 212, 108, 140, 21, 29, 76, 210, 242, 248], [78, 172, 178, 40, 62, 164, 69, 28, 114, 97, 147, 181, 217, 229, 190, 202, 105, 215, 171, 107, 248, 246, 229, 113, 89, 80, 168, 16, 100, 82, 145, 255], [11, 47, 216, 88, 217, 143, 206, 130, 29, 187, 57, 117, 41, 65, 169, 97, 156, 172, 12, 172, 48, 56, 30, 188, 71, 74, 201, 26, 193, 168, 166, 82], [145, 172, 206, 179, 36, 116, 193, 218, 49, 63, 197, 161, 174, 18, 55, 109, 1, 165, 63, 173, 30, 32, 151, 229, 183, 65, 246, 44, 196, 113, 167, 142], [146, 108, 170, 24, 179, 169, 2, 245, 67, 43, 144, 131, 27, 96, 54, 23, 203, 15, 6, 220, 16, 22, 222, 182, 203, 175, 56, 47, 134, 84, 214, 133], [133, 223, 81, 136, 104, 86, 176, 141, 95, 43, 188, 245, 174, 69, 74, 20, 181, 160, 16, 11, 11, 128, 154, 251, 186, 12, 110, 3, 149, 246, 234, 2], [245, 14, 244, 255, 43, 143, 123, 117, 201, 26, 174, 198, 3, 101, 62, 184, 118, 224, 174, 97, 178, 145, 234, 188, 59, 212, 165, 39, 147, 131, 112, 108], [43, 167, 207, 14, 24, 55, 241, 152, 19, 230, 89, 40, 240, 247, 212, 127, 74, 47, 180, 214, 14, 131, 107, 198, 1, 6, 177, 7, 197, 98, 101, 48], [121, 247, 23, 36, 68, 220, 237, 37, 92, 97, 13, 223, 49, 155, 113, 22, 122, 13, 234, 191, 151, 133, 76, 147, 178, 123, 169, 17, 180, 121, 12, 108], [235, 228, 80, 45, 117, 147, 128, 207, 125, 132, 39, 111, 109, 96, 172, 1, 108, 22, 156, 225, 26, 29, 198, 26, 113, 72, 179, 40, 76, 119, 122, 116], [104, 204, 197, 184, 28, 209, 235, 167, 233, 31, 75, 184, 189, 145, 50, 62, 44, 23, 130, 242, 151, 156, 113, 188, 103, 80, 188, 4, 59, 106, 29, 147], [85, 78, 183, 218, 83, 163, 79, 34, 144, 174, 137, 204, 205, 180, 13, 169, 142, 49, 111, 221, 175, 255, 240, 225, 129, 167, 15, 6, 243, 61, 110, 136], [14, 123, 250, 249, 14, 72, 72, 229, 34, 140, 110, 216, 65, 221, 46, 185, 235, 114, 97, 0, 77, 117, 25, 14, 221, 201, 167, 28, 12, 147, 95, 69], [193, 61, 105, 97, 57, 39, 34, 70, 1, 188, 247, 202, 143, 163, 115, 216, 39, 20, 225, 218, 121, 160, 64, 255, 240, 166, 84, 42, 1, 244, 126, 87], [86, 129, 138, 111, 189, 105, 135, 135, 99, 122, 81, 136, 254, 190, 34, 28, 97, 160, 141, 89, 166, 87, 35, 210, 108, 68, 34, 37, 51, 46, 247, 53], [225, 142, 192, 58, 116, 18, 209, 124, 173, 22, 112, 107, 106, 160, 1, 70, 83, 158, 17, 91, 95, 180, 248, 0, 50, 88, 179, 46, 101, 109, 174, 219], [200, 5, 33, 172, 185, 70, 69, 104, 7, 139, 67, 34, 240, 95, 175, 150, 179, 124, 169, 119, 9, 65, 171, 172, 115, 243, 57, 25, 20, 207, 133, 162], [53, 253, 95, 1, 25, 184, 160, 235, 227, 83, 17, 44, 243, 183, 127, 59, 99, 167, 62, 93, 202, 235, 56, 224, 64, 246, 176, 1, 193, 91, 255, 190], [100, 13, 229, 226, 9, 183, 156, 190, 78, 29, 140, 116, 175, 128, 10, 1, 92, 137, 136, 159, 174, 195, 31, 78, 74, 231, 99, 0, 169, 245, 200, 181], [128, 150, 154, 57, 36, 190, 136, 177, 220, 98, 117, 48, 88, 27, 137, 91, 157, 205, 67, 210, 211, 255, 193, 60, 47, 4, 181, 16, 195, 26, 179, 253], [175, 165, 130, 79, 247, 104, 97, 65, 73, 178, 132, 110, 124, 173, 203, 20, 152, 42, 160, 77, 225, 244, 73, 126, 107, 89, 73, 20, 158, 7, 180, 34], [150, 245, 133, 2, 105, 12, 233, 182, 180, 7, 12, 103, 5, 61, 248, 37, 25, 120, 12, 230, 85, 160, 111, 164, 67, 74, 175, 31, 27, 83, 59, 65], [56, 240, 16, 1, 51, 68, 184, 40, 48, 112, 165, 155, 79, 16, 124, 205, 151, 208, 88, 74, 49, 238, 34, 21, 6, 204, 124, 35, 254, 178, 40, 83], [170, 239, 240, 83, 32, 16, 217, 223, 23, 43, 248, 55, 166, 207, 227, 215, 166, 115, 181, 15, 155, 150, 53, 114, 245, 118, 70, 36, 74, 15, 49, 99], [187, 196, 160, 214, 55, 67, 167, 66, 131, 177, 146, 208, 40, 20, 48, 243, 58, 44, 249, 193, 116, 236, 148, 249, 150, 160, 193, 29, 73, 74, 84, 133], [108, 156, 47, 232, 108, 186, 152, 136, 121, 63, 137, 95, 183, 136, 157, 169, 15, 210, 154, 168, 142, 9, 252, 110, 125, 215, 29, 12, 173, 237, 73, 53], [110, 128, 63, 167, 74, 169, 156, 31, 102, 67, 244, 253, 0, 244, 83, 158, 73, 27, 155, 231, 49, 221, 60, 113, 164, 252, 112, 5, 3, 196, 149, 254], [6, 168, 158, 227, 112, 249, 252, 93, 84, 47, 74, 179, 98, 127, 13, 105, 193, 244, 199, 175, 55, 158, 21, 52, 64, 9, 120, 13, 45, 159, 140, 7], [228, 169, 126, 70, 5, 58, 92, 229, 135, 244, 118, 16, 69, 217, 60, 245, 157, 253, 220, 147, 37, 71, 203, 216, 179, 14, 41, 10, 68, 57, 231, 217], [15, 228, 129, 88, 28, 209, 116, 10, 61, 59, 55, 228, 250, 216, 115, 24, 245, 80, 136, 8, 242, 1, 28, 173, 50, 69, 236, 34, 213, 122, 184, 86], [176, 147, 167, 73, 244, 81, 101, 253, 188, 216, 185, 161, 222, 252, 179, 97, 26, 8, 250, 162, 251, 140, 106, 231, 78, 109, 191, 38, 201, 248, 156, 221], [128, 218, 60, 16, 101, 229, 222, 203, 150, 176, 223, 225, 204, 172, 125, 149, 216, 73, 207, 119, 16, 239, 230, 213, 77, 197, 193, 32, 167, 228, 223, 14], [243, 9, 10, 119, 228, 138, 120, 225, 117, 180, 46, 244, 103, 172, 138, 34, 61, 68, 16, 219, 252, 183, 25, 16, 139, 59, 180, 40, 126, 4, 224, 250], [149, 177, 227, 43, 40, 229, 146, 156, 250, 185, 161, 181, 144, 171, 3, 236, 221, 251, 128, 64, 25, 177, 74, 11, 37, 137, 162, 15, 224, 126, 71, 77], [68, 33, 193, 64, 80, 208, 61, 9, 213, 105, 206, 49, 49, 87, 130, 254, 170, 200, 20, 21, 50, 99, 108, 139, 134, 83, 35, 18, 224, 70, 61, 133], [130, 234, 214, 191, 85, 91, 209, 230, 57, 220, 15, 213, 40, 234, 92, 157, 230, 211, 239, 144, 11, 112, 107, 202, 44, 202, 252, 19, 42, 162, 69, 240], [29, 19, 201, 23, 148, 47, 209, 209, 112, 113, 227, 182, 104, 186, 106, 95, 179, 180, 104, 39, 114, 97, 67, 203, 8, 128, 234, 14, 103, 182, 63, 83], [148, 161, 73, 124, 55, 111, 160, 129, 87, 142, 113, 194, 52, 110, 36, 228, 207, 113, 96, 39, 30, 48, 198, 22, 70, 132, 103, 28, 182, 166, 166, 224], [125, 44, 216, 28, 60, 12, 141, 30, 130, 172, 202, 115, 1, 157, 150, 9, 24, 125, 36, 43, 231, 247, 29, 5, 133, 100, 244, 2, 92, 124, 125, 35], [118, 98, 174, 46, 95, 158, 67, 159, 219, 217, 47, 210, 221, 90, 82, 103, 98, 74, 73, 33, 252, 43, 80, 231, 147, 204, 29, 7, 143, 61, 243, 11], [127, 154, 58, 147, 184, 134, 124, 148, 129, 85, 163, 53, 49, 194, 94, 23, 13, 147, 140, 234, 123, 75, 146, 102, 202, 197, 61, 22, 235, 128, 255, 180], [160, 41, 114, 13, 46, 44, 46, 201, 181, 144, 81, 197, 127, 253, 46, 26, 84, 251, 6, 151, 45, 116, 225, 249, 222, 129, 70, 41, 82, 12, 97, 251], [40, 26, 155, 125, 231, 83, 141, 21, 61, 203, 173, 165, 250, 176, 36, 115, 61, 117, 38, 204, 84, 46, 86, 119, 44, 146, 226, 37, 119, 80, 200, 119], [76, 220, 95, 5, 210, 176, 18, 48, 191, 28, 213, 90, 83, 58, 88, 29, 235, 224, 185, 194, 95, 190, 12, 9, 221, 172, 147, 17, 170, 105, 228, 20], [101, 146, 150, 234, 97, 131, 1, 38, 3, 209, 60, 2, 33, 230, 24, 20, 55, 22, 102, 25, 226, 191, 105, 23, 54, 150, 157, 36, 208, 172, 180, 96], [202, 175, 192, 54, 187, 25, 95, 56, 210, 77, 172, 60, 10, 30, 41, 100, 203, 100, 150, 245, 201, 225, 36, 216, 149, 161, 208, 30, 166, 28, 192, 87], [209, 131, 223, 54, 163, 165, 102, 2, 241, 152, 18, 144, 224, 159, 35, 121, 74, 66, 248, 113, 155, 233, 5, 248, 220, 84, 201, 0, 252, 39, 205, 87], [3, 71, 141, 171, 160, 238, 113, 144, 125, 119, 108, 11, 83, 227, 239, 106, 201, 66, 231, 245, 126, 47, 180, 210, 171, 12, 166, 4, 82, 170, 167, 8], [87, 64, 82, 225, 245, 34, 216, 200, 148, 156, 255, 171, 228, 185, 61, 68, 66, 194, 229, 231, 53, 113, 196, 226, 34, 145, 44, 35, 75, 213, 175, 128], [19, 69, 147, 144, 236, 219, 255, 215, 19, 243, 20, 140, 10, 117, 145, 22, 237, 2, 105, 194, 170, 112, 125, 14, 199, 65, 190, 43, 250, 160, 234, 27], [72, 49, 28, 174, 117, 56, 52, 112, 127, 116, 246, 182, 28, 62, 82, 241, 238, 20, 134, 254, 153, 51, 16, 18, 161, 220, 67, 47, 121, 99, 140, 200], [167, 122, 209, 183, 46, 7, 196, 109, 42, 61, 96, 31, 78, 15, 140, 37, 170, 85, 217, 253, 244, 29, 246, 37, 213, 159, 147, 24, 82, 31, 251, 31], [104, 75, 224, 182, 101, 249, 232, 62, 203, 194, 225, 203, 2, 213, 153, 172, 149, 150, 212, 2, 115, 40, 190, 114, 119, 92, 50, 38, 206, 153, 240, 15], [111, 17, 79, 132, 94, 195, 173, 250, 102, 45, 33, 120, 15, 73, 245, 91, 12, 240, 118, 186, 52, 130, 59, 187, 157, 174, 208, 23, 69, 20, 105, 49], [145, 224, 119, 154, 38, 105, 149, 9, 79, 236, 56, 86, 169, 253, 192, 56, 176, 197, 106, 213, 47, 24, 98, 154, 238, 214, 74, 0, 48, 204, 169, 89], [151, 138, 0, 250, 106, 113, 209, 149, 66, 210, 51, 104, 201, 133, 12, 109, 147, 231, 37, 190, 224, 0, 201, 13, 126, 172, 214, 3, 182, 96, 75, 255], [125, 144, 199, 46, 119, 125, 111, 72, 41, 40, 196, 7, 190, 36, 134, 102, 228, 178, 47, 150, 242, 131, 236, 216, 254, 43, 36, 35, 23, 49, 211, 126], [127, 1, 32, 66, 34, 89, 160, 210, 78, 152, 77, 47, 148, 210, 116, 20, 35, 94, 42, 250, 72, 159, 104, 211, 244, 161, 141, 44, 232, 103, 212, 190], [244, 134, 181, 193, 94, 49, 209, 47, 78, 198, 115, 151, 146, 104, 6, 242, 36, 216, 230, 152, 129, 67, 189, 132, 53, 247, 65, 47, 127, 168, 141, 34], [72, 112, 152, 231, 125, 214, 46, 73, 92, 42, 109, 18, 173, 222, 100, 118, 82, 0, 156, 68, 210, 165, 53, 173, 109, 152, 102, 7, 96, 39, 233, 81], [48, 206, 119, 181, 203, 128, 42, 193, 146, 119, 160, 69, 34, 222, 66, 67, 28, 99, 19, 204, 114, 169, 254, 234, 184, 65, 100, 18, 200, 84, 239, 181], [206, 27, 136, 84, 15, 244, 66, 31, 53, 64, 20, 133, 176, 121, 28, 11, 100, 69, 180, 115, 87, 250, 251, 51, 5, 182, 253, 40, 150, 121, 20, 169], [160, 255, 26, 91, 12, 180, 99, 191, 47, 236, 165, 17, 44, 92, 176, 223, 164, 125, 226, 91, 250, 121, 153, 19, 230, 209, 165, 9, 22, 189, 232, 167], [38, 165, 38, 137, 94, 129, 137, 132, 70, 74, 96, 93, 225, 70, 80, 107, 87, 213, 25, 182, 230, 56, 171, 207, 248, 91, 235, 32, 41, 136, 251, 153], [211, 228, 14, 9, 247, 94, 159, 123, 93, 97, 205, 75, 244, 211, 106, 37, 134, 88, 254, 36, 249, 180, 154, 237, 32, 115, 233, 23, 49, 64, 148, 48], [240, 230, 249, 178, 46, 73, 232, 227, 74, 32, 33, 58, 124, 17, 49, 22, 95, 112, 54, 2, 67, 103, 134, 17, 122, 242, 120, 15, 198, 83, 130, 57], [72, 140, 175, 165, 222, 129, 176, 18, 54, 232, 194, 36, 182, 22, 120, 130, 8, 245, 208, 75, 204, 151, 98, 245, 193, 104, 27, 37, 155, 56, 127, 175], [236, 40, 94, 132, 173, 71, 127, 2, 245, 145, 235, 63, 211, 51, 41, 62, 252, 105, 74, 146, 8, 50, 218, 150, 251, 118, 81, 41, 93, 110, 232, 255], [146, 163, 22, 108, 140, 84, 51, 39, 247, 99, 105, 50, 67, 178, 2, 135, 195, 33, 186, 242, 246, 121, 248, 212, 130, 18, 226, 41, 172, 196, 253, 40], [42, 99, 194, 183, 223, 130, 242, 101, 156, 216, 149, 87, 138, 36, 88, 67, 186, 219, 5, 38, 33, 110, 87, 74, 119, 215, 18, 7, 133, 108, 225, 249], [44, 112, 230, 170, 180, 233, 163, 29, 240, 156, 135, 21, 76, 190, 163, 79, 136, 177, 190, 189, 96, 204, 241, 136, 195, 154, 24, 18, 230, 96, 164, 97], [78, 1, 141, 155, 1, 49, 100, 76, 35, 143, 128, 252, 109, 250, 118, 14, 170, 162, 125, 232, 94, 86, 238, 71, 199, 14, 16, 0, 129, 157, 241, 221], [105, 144, 63, 128, 2, 145, 27, 140, 128, 117, 138, 45, 73, 26, 66, 15, 99, 160, 160, 2, 148, 59, 194, 219, 106, 196, 44, 22, 97, 156, 216, 118], [200, 138, 147, 160, 139, 153, 13, 28, 110, 219, 0, 155, 239, 93, 10, 115, 12, 163, 210, 207, 202, 73, 67, 153, 171, 63, 84, 48, 75, 39, 199, 225], [229, 230, 132, 30, 182, 96, 45, 8, 13, 129, 178, 182, 4, 22, 220, 125, 138, 143, 230, 35, 81, 159, 66, 252, 129, 100, 48, 35, 104, 238, 85, 173], [190, 116, 64, 0, 169, 168, 236, 73, 151, 150, 224, 0, 179, 9, 234, 40, 251, 12, 247, 254, 35, 227, 129, 39, 185, 245, 186, 16, 218, 95, 210, 226], [183, 191, 179, 241, 13, 41, 223, 79, 100, 107, 134, 11, 46, 201, 105, 217, 28, 249, 199, 140, 82, 43, 179, 159, 2, 17, 12, 21, 223, 14, 39, 43], [88, 23, 224, 59, 228, 33, 133, 30, 250, 211, 160, 150, 170, 78, 151, 88, 187, 56, 89, 185, 5, 189, 175, 185, 185, 88, 169, 31, 125, 143, 59, 58], [51, 196, 183, 93, 53, 46, 46, 92, 100, 210, 162, 132, 41, 9, 208, 18, 51, 83, 190, 77, 177, 158, 88, 16, 116, 178, 201, 47, 211, 214, 5, 76], [39, 219, 102, 18, 88, 215, 46, 251, 148, 84, 45, 213, 15, 25, 225, 64, 106, 105, 56, 47, 233, 161, 78, 1, 225, 110, 107, 6, 237, 152, 109, 37], [123, 140, 83, 241, 234, 253, 187, 39, 240, 209, 240, 199, 53, 109, 23, 251, 125, 246, 13, 68, 159, 109, 136, 11, 16, 206, 137, 49, 116, 38, 119, 140], [239, 176, 185, 41, 53, 243, 66, 109, 252, 21, 84, 194, 77, 63, 160, 64, 76, 220, 23, 137, 64, 254, 226, 223, 145, 223, 248, 41, 85, 120, 59, 140], [22, 227, 12, 221, 74, 199, 234, 78, 115, 231, 76, 253, 196, 41, 16, 138, 143, 62, 171, 152, 136, 36, 88, 240, 122, 133, 139, 15, 91, 4, 231, 228], [192, 225, 87, 91, 109, 52, 210, 62, 160, 72, 41, 162, 123, 222, 241, 92, 128, 244, 46, 78, 167, 64, 200, 108, 29, 230, 223, 6, 212, 92, 183, 32], [151, 54, 33, 199, 53, 154, 66, 111, 224, 175, 58, 215, 192, 43, 48, 19, 110, 22, 118, 231, 186, 129, 168, 177, 100, 50, 9, 33, 236, 248, 149, 243], [85, 170, 200, 224, 31, 150, 159, 41, 241, 33, 88, 245, 225, 121, 143, 36, 54, 81, 33, 106, 130, 95, 105, 116, 85, 104, 132, 41, 113, 252, 187, 137], [21, 13, 44, 254, 57, 17, 10, 56, 39, 111, 191, 37, 70, 49, 230, 228, 35, 204, 130, 2, 198, 242, 69, 132, 24, 94, 99, 20, 185, 57, 170, 53], [67, 191, 208, 187, 176, 32, 26, 164, 8, 47, 24, 213, 168, 82, 75, 123, 213, 195, 183, 189, 166, 77, 63, 200, 253, 109, 183, 17, 79, 123, 45, 19], [68, 185, 149, 106, 85, 67, 187, 213, 37, 201, 80, 11, 165, 29, 114, 62, 160, 232, 195, 60, 175, 200, 118, 236, 64, 226, 117, 46, 142, 195, 210, 162], [211, 204, 79, 128, 220, 169, 87, 196, 136, 59, 105, 194, 180, 5, 54, 6, 225, 129, 152, 250, 130, 82, 242, 24, 117, 224, 172, 30, 151, 179, 111, 154], [128, 207, 113, 241, 189, 143, 220, 180, 166, 171, 182, 142, 128, 14, 209, 71, 79, 149, 64, 250, 105, 134, 130, 79, 62, 32, 66, 20, 9, 90, 77, 3], [124, 138, 127, 74, 183, 94, 36, 90, 181, 112, 144, 250, 97, 40, 61, 249, 216, 194, 19, 16, 128, 33, 233, 166, 119, 94, 22, 24, 176, 34, 167, 90], [24, 89, 133, 210, 209, 176, 188, 31, 161, 209, 127, 100, 227, 180, 22, 126, 36, 130, 210, 252, 171, 12, 72, 217, 176, 149, 88, 7, 62, 163, 47, 213], [154, 1, 161, 241, 213, 107, 77, 14, 220, 249, 240, 156, 251, 47, 68, 136, 221, 130, 60, 168, 169, 126, 72, 58, 251, 239, 77, 24, 171, 86, 126, 29], [166, 178, 226, 187, 221, 42, 211, 235, 140, 187, 249, 174, 175, 93, 18, 46, 170, 50, 49, 203, 167, 100, 137, 239, 206, 64, 230, 6, 139, 134, 63, 131], [137, 117, 35, 178, 54, 88, 36, 25, 40, 196, 112, 99, 243, 206, 68, 149, 190, 254, 66, 224, 236, 229, 126, 187, 229, 255, 224, 24, 152, 141, 113, 75], [95, 69, 255, 227, 67, 227, 60, 212, 174, 100, 97, 223, 183, 58, 126, 164, 62, 247, 120, 189, 196, 108, 47, 159, 86, 114, 238, 38, 188, 118, 61, 85], [141, 22, 253, 137, 86, 114, 77, 79, 105, 166, 16, 52, 106, 137, 60, 236, 247, 70, 13, 216, 60, 186, 178, 37, 141, 78, 131, 23, 17, 15, 217, 128], [49, 235, 4, 247, 19, 71, 197, 50, 114, 210, 3, 113, 98, 155, 176, 188, 93, 74, 104, 57, 213, 10, 133, 90, 143, 243, 30, 33, 234, 172, 241, 124], [235, 105, 7, 127, 0, 59, 28, 7, 86, 233, 73, 102, 187, 184, 32, 141, 226, 112, 237, 197, 132, 40, 196, 217, 155, 57, 61, 42, 236, 70, 43, 158], [255, 139, 61, 137, 39, 111, 224, 68, 85, 229, 217, 219, 255, 147, 44, 35, 83, 171, 50, 100, 217, 224, 205, 118, 0, 113, 75, 18, 93, 80, 139, 91], [43, 34, 25, 189, 140, 143, 85, 97, 59, 129, 55, 49, 162, 159, 96, 244, 211, 212, 98, 242, 164, 119, 109, 7, 215, 20, 39, 6, 220, 98, 56, 13], [87, 164, 147, 137, 73, 136, 98, 169, 63, 24, 178, 240, 48, 104, 120, 215, 248, 205, 93, 167, 128, 58, 8, 7, 222, 137, 55, 17, 58, 31, 201, 61], [123, 253, 100, 94, 105, 187, 142, 64, 12, 60, 27, 48, 34, 104, 50, 94, 249, 107, 218, 84, 9, 40, 223, 114, 103, 155, 237, 45, 67, 78, 102, 154], [152, 185, 197, 168, 34, 187, 77, 134, 199, 203, 127, 234, 156, 7, 82, 88, 88, 243, 146, 133, 49, 219, 54, 196, 31, 204, 145, 32, 13, 222, 179, 154], [155, 142, 187, 221, 35, 15, 227, 39, 133, 46, 102, 103, 59, 240, 78, 35, 189, 217, 117, 99, 32, 120, 82, 110, 11, 179, 118, 2, 170, 199, 65, 138], [170, 251, 192, 32, 140, 63, 149, 35, 45, 15, 50, 156, 71, 170, 98, 119, 143, 40, 247, 236, 55, 218, 155, 103, 177, 239, 25, 45, 35, 23, 127, 158], [186, 174, 240, 105, 210, 77, 15, 233, 29, 24, 88, 139, 110, 121, 62, 223, 124, 6, 127, 189, 202, 98, 172, 252, 75, 160, 160, 4, 50, 120, 45, 144], [150, 196, 149, 122, 135, 234, 138, 253, 6, 188, 140, 203, 83, 116, 178, 255, 42, 221, 17, 111, 39, 109, 130, 94, 163, 6, 198, 36, 36, 230, 253, 57], [92, 221, 47, 210, 186, 124, 98, 127, 115, 82, 41, 12, 239, 222, 66, 162, 57, 63, 209, 250, 94, 61, 133, 228, 38, 174, 195, 43, 45, 225, 246, 73], [213, 74, 66, 240, 154, 31, 208, 185, 18, 172, 169, 215, 86, 91, 54, 183, 181, 228, 214, 72, 225, 12, 223, 7, 47, 238, 152, 20, 156, 253, 150, 14], [38, 80, 35, 232, 93, 126, 123, 173, 38, 110, 218, 216, 239, 186, 35, 159, 14, 142, 42, 241, 124, 120, 144, 182, 147, 98, 240, 17, 82, 51, 109, 27], [14, 169, 151, 32, 145, 16, 197, 129, 42, 20, 51, 11, 209, 197, 143, 204, 65, 111, 150, 242, 88, 142, 211, 191, 102, 136, 214, 10, 171, 255, 229, 201], [240, 59, 253, 83, 47, 76, 246, 186, 106, 252, 166, 190, 109, 157, 93, 226, 167, 183, 37, 199, 172, 39, 161, 42, 223, 235, 115, 30, 26, 192, 168, 67], [194, 48, 118, 6, 10, 25, 32, 138, 134, 43, 23, 234, 220, 149, 66, 19, 219, 98, 83, 182, 70, 190, 21, 244, 222, 173, 199, 38, 62, 65, 118, 68], [30, 42, 138, 17, 244, 28, 69, 139, 170, 52, 0, 54, 95, 246, 128, 65, 134, 14, 76, 165, 211, 209, 247, 136, 220, 196, 68, 11, 240, 203, 248, 116], [64, 47, 79, 222, 79, 12, 115, 212, 183, 137, 253, 59, 106, 240, 124, 132, 100, 135, 83, 61, 46, 74, 226, 219, 243, 222, 138, 54, 9, 188, 6, 148], [248, 97, 150, 42, 153, 173, 44, 221, 230, 53, 129, 97, 254, 97, 0, 64, 48, 55, 4, 19, 86, 206, 57, 88, 150, 137, 31, 37, 134, 231, 76, 43], [49, 223, 103, 108, 3, 8, 193, 140, 24, 242, 16, 180, 116, 52, 253, 40, 174, 22, 35, 63, 108, 76, 240, 243, 246, 159, 165, 27, 197, 123, 172, 6], [71, 45, 44, 142, 86, 128, 36, 64, 136, 31, 201, 203, 72, 18, 11, 236, 22, 183, 193, 85, 81, 230, 15, 163, 184, 30, 42, 36, 88, 3, 124, 209], [119, 163, 83, 197, 37, 52, 191, 135, 232, 113, 82, 241, 52, 7, 254, 5, 160, 177, 104, 200, 24, 92, 17, 50, 128, 187, 36, 50, 130, 129, 208, 209], [207, 94, 244, 173, 54, 74, 77, 40, 9, 75, 184, 203, 20, 70, 118, 149, 159, 142, 142, 98, 216, 185, 33, 62, 186, 47, 58, 12, 136, 114, 60, 242], [114, 42, 242, 218, 112, 56, 237, 230, 124, 52, 117, 66, 102, 177, 147, 42, 182, 117, 195, 226, 141, 179, 102, 147, 253, 1, 14, 22, 61, 165, 189, 113], [235, 8, 227, 19, 197, 244, 146, 36, 106, 195, 151, 138, 203, 242, 198, 94, 217, 142, 209, 220, 80, 16, 199, 137, 241, 160, 165, 2, 31, 232, 250, 231], [155, 40, 159, 5, 18, 246, 66, 100, 218, 179, 159, 188, 212, 196, 148, 228, 192, 191, 65, 132, 63, 80, 227, 180, 165, 250, 67, 14, 10, 88, 191, 102], [43, 131, 61, 40, 200, 213, 222, 67, 39, 167, 233, 12, 146, 101, 186, 34, 221, 182, 126, 219, 216, 143, 106, 87, 129, 173, 190, 45, 123, 12, 234, 236], [250, 241, 124, 9, 197, 34, 198, 241, 90, 218, 25, 243, 251, 87, 165, 62, 56, 72, 177, 184, 14, 136, 163, 102, 80, 224, 93, 25, 219, 68, 183, 132], [151, 48, 192, 76, 241, 140, 41, 26, 203, 101, 212, 21, 226, 178, 12, 74, 164, 12, 189, 149, 30, 138, 150, 71, 143, 253, 79, 37, 85, 239, 178, 119], [158, 70, 151, 244, 77, 210, 91, 34, 27, 129, 114, 213, 90, 95, 40, 106, 199, 17, 121, 225, 128, 91, 54, 137, 186, 50, 121, 10, 108, 184, 197, 83], [127, 91, 96, 239, 155, 61, 72, 78, 198, 4, 173, 129, 123, 165, 116, 55, 18, 57, 147, 34, 11, 22, 155, 153, 227, 80, 20, 11, 191, 142, 85, 222], [247, 51, 91, 190, 207, 19, 56, 228, 198, 145, 30, 155, 156, 247, 222, 186, 58, 161, 191, 188, 164, 75, 16, 128, 16, 173, 106, 18, 118, 67, 0, 150], [148, 36, 15, 58, 3, 52, 20, 10, 17, 113, 126, 30, 16, 156, 62, 142, 205, 179, 194, 86, 221, 193, 3, 208, 243, 140, 177, 41, 84, 187, 134, 206], [115, 115, 179, 9, 146, 51, 136, 121, 101, 32, 57, 149, 39, 171, 182, 79, 146, 17, 213, 78, 20, 16, 172, 37, 92, 207, 166, 27, 209, 185, 124, 66], [130, 103, 17, 2, 138, 150, 93, 94, 128, 249, 2, 121, 77, 188, 66, 243, 232, 145, 141, 97, 76, 222, 45, 17, 127, 193, 178, 6, 246, 48, 6, 148], [101, 191, 78, 135, 137, 140, 45, 33, 136, 219, 107, 148, 172, 181, 238, 255, 196, 230, 223, 53, 82, 241, 65, 144, 184, 60, 151, 38, 217, 163, 190, 112], [229, 180, 171, 133, 149, 225, 136, 116, 55, 78, 203, 94, 217, 130, 254, 28, 21, 206, 211, 22, 138, 129, 185, 54, 221, 60, 110, 47, 193, 164, 115, 121], [195, 40, 250, 162, 161, 10, 94, 79, 47, 77, 248, 231, 61, 128, 147, 132, 64, 117, 9, 113, 150, 108, 196, 47, 84, 135, 9, 53, 110, 89, 190, 103], [49, 215, 116, 182, 247, 232, 232, 243, 89, 28, 182, 56, 132, 213, 130, 100, 161, 119, 124, 161, 159, 30, 120, 170, 149, 17, 246, 0, 229, 192, 129, 44], [74, 145, 200, 140, 251, 101, 206, 192, 241, 234, 59, 217, 80, 251, 207, 146, 20, 208, 11, 105, 213, 160, 191, 146, 227, 19, 251, 37, 223, 180, 95, 254], [37, 111, 173, 34, 44, 90, 29, 234, 128, 252, 197, 61, 131, 172, 249, 186, 210, 242, 168, 139, 5, 110, 128, 0, 218, 200, 166, 0, 173, 163, 73, 84], [100, 177, 165, 67, 189, 60, 68, 181, 44, 41, 238, 184, 239, 45, 124, 101, 6, 130, 38, 26, 140, 129, 250, 103, 229, 158, 190, 27, 104, 72, 29, 218], [240, 28, 115, 25, 97, 112, 84, 126, 16, 110, 187, 89, 218, 171, 135, 198, 227, 82, 167, 44, 36, 50, 177, 224, 152, 133, 189, 47, 138, 93, 61, 94], [70, 41, 107, 189, 82, 237, 74, 240, 126, 27, 184, 126, 215, 196, 130, 32, 213, 78, 152, 121, 117, 103, 163, 131, 39, 66, 24, 28, 111, 173, 25, 27], [151, 190, 83, 243, 8, 253, 192, 197, 8, 23, 108, 206, 30, 123, 221, 71, 43, 6, 225, 122, 108, 85, 17, 28, 146, 238, 239, 33, 82, 232, 8, 35], [17, 59, 95, 203, 80, 136, 131, 6, 28, 13, 71, 78, 27, 168, 16, 13, 27, 54, 239, 121, 103, 157, 71, 69, 147, 105, 23, 29, 216, 79, 99, 189], [127, 205, 204, 72, 132, 205, 176, 162, 136, 83, 21, 201, 62, 221, 163, 57, 139, 63, 111, 61, 189, 74, 32, 197, 224, 95, 116, 14, 101, 169, 159, 35], [134, 169, 196, 65, 135, 170, 119, 190, 134, 37, 246, 155, 32, 0, 35, 195, 215, 76, 139, 233, 215, 142, 59, 30, 85, 50, 65, 30, 38, 70, 233, 151], [35, 76, 5, 146, 58, 141, 95, 124, 112, 185, 37, 232, 3, 189, 185, 198, 170, 239, 65, 201, 201, 78, 44, 199, 27, 110, 92, 4, 130, 198, 67, 227], [156, 68, 133, 109, 154, 46, 142, 58, 197, 106, 185, 79, 172, 39, 4, 194, 74, 209, 155, 130, 65, 58, 248, 254, 103, 121, 88, 14, 33, 183, 147, 64], [243, 63, 27, 170, 82, 61, 18, 236, 32, 177, 91, 175, 89, 155, 199, 186, 11, 86, 14, 239, 95, 81, 5, 26, 87, 224, 7, 44, 153, 35, 25, 235], [193, 182, 34, 28, 108, 100, 112, 184, 72, 233, 38, 202, 98, 42, 21, 161, 86, 226, 172, 132, 248, 123, 151, 103, 185, 235, 203, 17, 143, 227, 185, 72], [25, 60, 153, 147, 133, 112, 183, 201, 83, 34, 151, 2, 163, 136, 243, 144, 118, 103, 107, 132, 214, 145, 220, 75, 68, 114, 63, 3, 37, 43, 150, 65], [37, 241, 226, 71, 167, 164, 134, 64, 152, 47, 23, 60, 181, 14, 244, 15, 212, 208, 41, 255, 10, 226, 239, 105, 108, 133, 100, 15, 184, 25, 195, 143], [253, 79, 135, 168, 7, 90, 186, 158, 61, 72, 234, 148, 186, 207, 141, 240, 63, 222, 228, 51, 83, 14, 85, 149, 46, 220, 36, 45, 99, 52, 5, 192], [17, 94, 80, 150, 167, 75, 103, 23, 101, 132, 4, 147, 138, 241, 212, 102, 70, 138, 215, 146, 34, 41, 232, 160, 242, 216, 115, 42, 187, 161, 103, 118], [110, 33, 18, 3, 210, 83, 233, 98, 77, 246, 205, 179, 86, 231, 105, 160, 59, 183, 238, 79, 255, 12, 67, 42, 116, 123, 196, 16, 59, 44, 36, 211], [149, 227, 248, 30, 201, 84, 189, 196, 54, 155, 196, 131, 185, 33, 251, 223, 77, 38, 165, 139, 242, 182, 46, 184, 35, 177, 61, 35, 140, 91, 21, 98], [168, 106, 14, 57, 187, 118, 136, 5, 68, 116, 179, 227, 6, 113, 23, 225, 122, 142, 97, 104, 42, 147, 238, 182, 254, 210, 159, 31, 49, 114, 122, 103], [121, 190, 178, 227, 163, 222, 173, 66, 180, 12, 179, 17, 196, 55, 80, 204, 148, 39, 253, 28, 71, 60, 44, 76, 154, 30, 5, 26, 159, 167, 252, 92], [158, 118, 157, 176, 185, 173, 242, 2, 2, 190, 205, 242, 93, 140, 51, 235, 75, 236, 209, 35, 50, 185, 49, 71, 131, 64, 37, 26, 72, 193, 119, 22], [96, 73, 110, 173, 28, 128, 106, 26, 90, 136, 177, 154, 20, 37, 225, 81, 254, 44, 113, 223, 254, 80, 127, 4, 170, 105, 159, 12, 168, 85, 128, 123], [120, 21, 131, 139, 211, 28, 127, 101, 143, 172, 179, 164, 255, 203, 77, 150, 106, 89, 126, 148, 247, 230, 255, 153, 239, 13, 63, 22, 119, 113, 59, 83], [129, 211, 139, 217, 194, 37, 129, 74, 45, 197, 43, 138, 179, 160, 78, 116, 243, 142, 116, 138, 21, 135, 131, 240, 76, 15, 132, 2, 130, 106, 126, 114], [207, 43, 150, 244, 51, 57, 117, 7, 227, 83, 181, 24, 102, 214, 175, 47, 250, 182, 90, 37, 86, 175, 227, 11, 70, 82, 150, 36, 96, 37, 3, 40], [68, 207, 178, 223, 86, 78, 171, 78, 166, 176, 141, 6, 138, 236, 121, 104, 249, 166, 5, 128, 62, 70, 236, 217, 47, 201, 126, 15, 197, 146, 254, 101], [71, 96, 138, 71, 89, 145, 252, 96, 174, 22, 204, 126, 247, 129, 209, 81, 188, 142, 245, 146, 211, 240, 77, 213, 44, 252, 205, 11, 125, 103, 211, 59], [143, 207, 37, 230, 27, 194, 42, 184, 90, 252, 215, 189, 81, 146, 64, 41, 10, 138, 146, 234, 245, 38, 187, 231, 188, 94, 108, 9, 234, 136, 66, 106], [0, 200, 33, 76, 11, 131, 246, 6, 241, 17, 181, 240, 242, 171, 234, 211, 204, 168, 99, 87, 164, 44, 49, 209, 174, 190, 80, 32, 119, 92, 101, 6], [233, 139, 52, 41, 233, 20, 77, 200, 245, 123, 242, 69, 203, 104, 246, 165, 153, 240, 125, 197, 168, 140, 71, 141, 73, 115, 204, 6, 93, 116, 58, 110], [22, 196, 254, 239, 129, 71, 123, 97, 160, 88, 204, 166, 106, 172, 150, 173, 233, 156, 236, 96, 133, 115, 0, 16, 196, 143, 19, 16, 101, 51, 237, 224], [113, 181, 107, 42, 160, 220, 180, 182, 157, 20, 3, 168, 107, 115, 125, 41, 74, 175, 221, 121, 170, 35, 33, 152, 64, 157, 177, 27, 20, 229, 235, 77], [174, 155, 197, 64, 203, 193, 77, 56, 216, 25, 122, 116, 52, 61, 125, 208, 143, 186, 153, 228, 242, 95, 3, 245, 66, 252, 58, 47, 165, 84, 22, 218], [132, 113, 150, 48, 185, 105, 193, 132, 207, 78, 10, 201, 41, 114, 62, 127, 14, 86, 78, 63, 70, 87, 241, 187, 169, 67, 21, 49, 51, 24, 145, 138], [104, 240, 90, 251, 193, 8, 36, 48, 185, 80, 7, 35, 41, 27, 4, 177, 38, 139, 182, 211, 54, 64, 46, 236, 47, 82, 41, 1, 77, 216, 59, 93], [79, 12, 121, 205, 153, 247, 104, 80, 229, 62, 212, 233, 145, 50, 253, 9, 123, 65, 92, 213, 206, 41, 99, 2, 82, 217, 139, 16, 171, 61, 12, 167], [49, 222, 152, 115, 45, 195, 221, 114, 116, 171, 62, 27, 97, 137, 73, 211, 100, 213, 96, 89, 199, 206, 45, 65, 10, 241, 226, 22, 66, 4, 79, 113], [4, 10, 205, 25, 148, 108, 101, 221, 141, 172, 95, 3, 194, 110, 184, 21, 185, 109, 255, 163, 250, 26, 173, 75, 126, 3, 94, 36, 156, 191, 112, 49], [229, 173, 135, 200, 95, 7, 148, 245, 28, 191, 66, 124, 252, 206, 55, 174, 81, 112, 239, 94, 98, 209, 3, 160, 104, 93, 129, 25, 235, 205, 166, 211], [12, 57, 111, 17, 214, 123, 253, 144, 197, 119, 97, 219, 33, 93, 197, 118, 185, 176, 237, 18, 155, 231, 109, 45, 53, 207, 30, 16, 152, 149, 124, 179], [237, 172, 236, 139, 41, 246, 40, 125, 72, 185, 200, 160, 134, 32, 122, 107, 119, 3, 143, 1, 238, 162, 123, 239, 170, 30, 255, 30, 71, 20, 87, 231], [126, 71, 30, 189, 84, 6, 248, 143, 108, 30, 229, 93, 150, 180, 93, 219, 184, 90, 112, 30, 179, 125, 163, 49, 172, 142, 241, 30, 175, 103, 0, 37], [41, 223, 51, 176, 99, 212, 72, 235, 72, 177, 184, 246, 214, 55, 7, 22, 63, 66, 193, 182, 59, 253, 181, 241, 199, 47, 101, 17, 216, 88, 38, 248], [76, 85, 35, 238, 103, 136, 96, 172, 107, 55, 52, 97, 82, 248, 67, 0, 54, 157, 60, 152, 120, 120, 59, 143, 32, 168, 58, 5, 167, 248, 59, 100], [120, 146, 146, 129, 82, 199, 65, 17, 248, 25, 14, 105, 140, 143, 99, 212, 253, 193, 216, 173, 94, 210, 17, 68, 126, 208, 93, 28, 192, 13, 188, 1], [2, 116, 58, 206, 240, 58, 245, 207, 36, 77, 71, 22, 252, 148, 77, 107, 86, 179, 240, 161, 253, 104, 20, 200, 100, 141, 14, 45, 160, 4, 65, 116], [158, 249, 141, 186, 58, 3, 48, 87, 153, 80, 115, 46, 209, 200, 29, 173, 184, 131, 119, 10, 203, 205, 31, 157, 244, 125, 6, 20, 56, 47, 183, 191], [20, 254, 28, 177, 37, 85, 43, 122, 245, 64, 235, 48, 128, 198, 66, 29, 35, 111, 35, 157, 250, 61, 46, 207, 121, 155, 27, 10, 194, 149, 51, 112], [147, 80, 53, 80, 76, 9, 99, 146, 102, 6, 73, 58, 249, 51, 197, 39, 121, 209, 139, 192, 87, 94, 140, 152, 218, 185, 101, 38, 42, 51, 212, 199], [227, 127, 117, 126, 59, 140, 187, 46, 122, 134, 174, 96, 7, 240, 93, 230, 242, 78, 149, 106, 170, 67, 40, 118, 5, 44, 136, 15, 133, 103, 73, 104], [131, 59, 235, 235, 64, 193, 14, 214, 42, 100, 56, 93, 100, 36, 188, 89, 61, 116, 196, 247, 209, 65, 165, 72, 152, 148, 254, 9, 239, 222, 163, 195], [232, 221, 130, 83, 33, 242, 158, 24, 252, 12, 28, 19, 115, 93, 134, 187, 144, 11, 41, 191, 75, 28, 11, 98, 142, 102, 24, 19, 142, 137, 242, 216], [78, 65, 187, 63, 9, 233, 248, 119, 15, 14, 25, 100, 169, 32, 115, 169, 70, 4, 232, 10, 240, 140, 214, 130, 69, 12, 25, 45, 175, 10, 222, 250], [139, 97, 111, 149, 74, 64, 195, 226, 98, 200, 187, 126, 26, 56, 167, 112, 158, 88, 27, 129, 64, 91, 96, 144, 232, 107, 236, 17, 185, 115, 138, 255], [199, 74, 101, 252, 131, 225, 120, 240, 129, 92, 104, 51, 180, 55, 14, 216, 111, 65, 104, 173, 57, 19, 91, 94, 45, 66, 75, 3, 173, 31, 189, 102], [246, 138, 83, 43, 44, 213, 157, 76, 108, 192, 75, 223, 50, 37, 38, 137, 240, 23, 108, 100, 179, 75, 72, 85, 156, 91, 201, 19, 223, 200, 65, 53], [77, 24, 249, 76, 162, 124, 165, 27, 40, 132, 64, 86, 8, 208, 191, 97, 176, 235, 113, 152, 222, 75, 50, 239, 247, 61, 166, 42, 57, 16, 68, 173], [212, 32, 65, 215, 114, 217, 156, 69, 148, 229, 194, 25, 17, 177, 208, 234, 38, 144, 189, 106, 68, 92, 96, 136, 161, 224, 73, 48, 104, 52, 59, 163], [201, 115, 39, 239, 234, 77, 204, 76, 105, 230, 64, 65, 85, 136, 193, 31, 6, 90, 222, 31, 75, 84, 255, 241, 122, 16, 190, 5, 193, 65, 188, 49], [71, 162, 254, 245, 116, 170, 79, 194, 51, 234, 54, 82, 171, 230, 74, 83, 159, 96, 180, 144, 91, 96, 203, 214, 72, 6, 199, 13, 40, 114, 131, 119], [137, 184, 190, 10, 10, 175, 165, 118, 12, 20, 129, 80, 16, 133, 196, 44, 118, 84, 60, 39, 91, 62, 85, 85, 253, 112, 153, 26, 158, 221, 33, 27], [230, 249, 94, 132, 46, 160, 67, 39, 141, 86, 159, 210, 193, 5, 222, 194, 216, 146, 63, 178, 237, 67, 250, 170, 199, 68, 229, 12, 31, 139, 249, 96], [141, 211, 97, 49, 131, 27, 204, 241, 132, 86, 0, 71, 77, 211, 188, 84, 64, 241, 19, 145, 206, 97, 220, 139, 117, 221, 202, 21, 5, 227, 139, 167], [177, 42, 19, 143, 13, 70, 61, 101, 239, 137, 56, 102, 142, 110, 44, 3, 11, 98, 166, 144, 76, 197, 171, 140, 226, 153, 56, 41, 155, 56, 233, 217], [232, 68, 206, 214, 94, 250, 20, 50, 114, 159, 131, 185, 112, 75, 225, 108, 244, 249, 202, 125, 252, 195, 142, 87, 148, 111, 54, 43, 40, 224, 193, 113], [78, 111, 95, 201, 54, 45, 177, 64, 92, 72, 103, 163, 4, 249, 168, 225, 202, 212, 79, 197, 133, 119, 170, 158, 58, 169, 30, 29, 172, 196, 147, 254], [45, 71, 82, 101, 46, 208, 92, 54, 31, 203, 253, 221, 236, 12, 160, 20, 194, 75, 133, 58, 45, 220, 162, 137, 222, 222, 45, 5, 94, 186, 49, 149], [114, 140, 159, 61, 104, 51, 7, 19, 103, 198, 178, 209, 13, 153, 174, 198, 71, 34, 169, 106, 114, 144, 19, 90, 167, 156, 36, 44, 5, 37, 141, 236], [145, 84, 81, 150, 1, 0, 231, 163, 159, 0, 164, 124, 8, 73, 159, 93, 116, 71, 219, 145, 2, 209, 241, 185, 152, 112, 102, 16, 57, 198, 212, 100], [17, 86, 126, 69, 193, 71, 250, 81, 146, 117, 186, 192, 181, 108, 8, 28, 140, 168, 196, 81, 34, 5, 134, 49, 120, 210, 251, 27, 66, 216, 239, 235], [132, 55, 207, 165, 139, 202, 138, 196, 241, 105, 221, 26, 85, 15, 226, 35, 66, 254, 116, 38, 39, 207, 63, 39, 218, 221, 253, 31, 7, 154, 44, 237], [135, 84, 107, 119, 172, 2, 67, 183, 127, 100, 100, 52, 14, 105, 71, 172, 21, 108, 75, 51, 166, 71, 34, 130, 233, 30, 205, 30, 29, 189, 30, 0], [126, 228, 29, 148, 38, 179, 12, 95, 7, 80, 3, 245, 103, 35, 104, 23, 132, 108, 38, 147, 140, 131, 35, 192, 112, 233, 170, 44, 82, 122, 232, 43], [13, 238, 119, 101, 156, 165, 138, 88, 46, 229, 211, 133, 48, 14, 30, 224, 149, 255, 6, 169, 35, 115, 160, 228, 205, 168, 77, 29, 42, 64, 94, 216], [152, 167, 2, 168, 102, 23, 101, 9, 138, 26, 126, 162, 245, 52, 25, 106, 50, 217, 41, 37, 157, 28, 14, 33, 2, 101, 185, 3, 19, 232, 158, 63], [149, 209, 30, 72, 182, 230, 206, 193, 6, 248, 70, 197, 187, 8, 156, 247, 67, 146, 76, 151, 253, 174, 248, 24, 34, 213, 123, 37, 98, 174, 197, 122], [59, 226, 65, 161, 39, 139, 208, 50, 194, 155, 44, 116, 243, 234, 91, 242, 112, 7, 100, 99, 66, 39, 167, 60, 1, 133, 25, 43, 155, 55, 161, 236], [155, 242, 77, 221, 210, 65, 8, 184, 51, 253, 228, 10, 49, 164, 160, 55, 37, 33, 123, 208, 16, 115, 188, 68, 97, 52, 230, 36, 229, 78, 183, 93], [219, 169, 222, 154, 101, 63, 161, 53, 207, 206, 84, 35, 106, 109, 37, 143, 69, 62, 236, 84, 231, 120, 138, 164, 113, 201, 74, 5, 108, 46, 85, 66], [11, 10, 80, 162, 237, 247, 212, 131, 251, 4, 61, 106, 101, 52, 92, 164, 17, 95, 34, 241, 74, 15, 216, 6, 188, 150, 37, 3, 112, 163, 117, 36], [26, 15, 10, 216, 34, 158, 85, 185, 191, 128, 251, 16, 116, 147, 132, 119, 247, 212, 232, 28, 12, 91, 233, 180, 57, 176, 225, 28, 122, 129, 40, 3], [188, 101, 91, 140, 118, 43, 14, 31, 155, 48, 241, 167, 102, 209, 47, 107, 115, 200, 186, 213, 224, 212, 59, 96, 139, 8, 175, 41, 215, 89, 7, 180], [252, 124, 22, 100, 106, 44, 28, 175, 209, 233, 133, 134, 233, 196, 252, 9, 191, 112, 103, 155, 29, 69, 72, 44, 57, 158, 130, 19, 125, 84, 36, 199], [98, 230, 241, 46, 57, 165, 89, 205, 147, 36, 42, 209, 163, 30, 139, 34, 135, 63, 168, 69, 118, 207, 114, 62, 72, 67, 19, 28, 87, 218, 158, 1], [244, 51, 50, 153, 199, 135, 215, 140, 145, 72, 55, 250, 66, 31, 234, 250, 208, 159, 209, 195, 237, 235, 60, 75, 106, 118, 94, 32, 144, 75, 68, 19], [98, 55, 30, 220, 2, 165, 157, 48, 12, 212, 192, 58, 214, 63, 187, 37, 68, 80, 22, 213, 172, 105, 114, 66, 148, 204, 133, 43, 240, 34, 222, 214], [34, 88, 238, 162, 197, 66, 154, 219, 255, 33, 74, 157, 26, 57, 151, 134, 229, 165, 126, 244, 59, 180, 244, 149, 8, 216, 5, 16, 147, 214, 229, 215], [127, 163, 96, 218, 51, 252, 114, 152, 137, 131, 182, 89, 97, 80, 87, 209, 226, 50, 12, 181, 33, 165, 9, 10, 121, 167, 223, 19, 171, 228, 105, 26], [71, 253, 44, 7, 81, 117, 32, 34, 39, 233, 118, 209, 119, 160, 216, 179, 233, 92, 226, 207, 202, 9, 101, 47, 117, 26, 130, 7, 1, 8, 207, 200], [92, 239, 243, 15, 135, 59, 189, 158, 30, 107, 157, 150, 225, 169, 70, 75, 235, 6, 145, 236, 141, 10, 97, 194, 188, 52, 179, 7, 156, 24, 19, 190], [207, 142, 243, 52, 60, 85, 81, 70, 106, 129, 10, 198, 229, 183, 168, 205, 204, 232, 109, 232, 94, 150, 204, 177, 253, 51, 226, 40, 191, 229, 176, 103], [108, 125, 118, 207, 10, 73, 104, 185, 239, 41, 129, 205, 110, 223, 240, 217, 199, 10, 23, 122, 113, 167, 159, 111, 59, 94, 14, 46, 82, 148, 226, 220], [86, 136, 251, 233, 189, 83, 12, 224, 219, 235, 223, 0, 53, 44, 153, 234, 251, 147, 41, 7, 2, 82, 210, 76, 86, 126, 87, 20, 19, 242, 250, 173], [64, 126, 42, 187, 97, 169, 228, 38, 75, 244, 78, 185, 255, 241, 253, 89, 34, 24, 142, 65, 159, 250, 254, 44, 236, 44, 118, 18, 245, 104, 154, 251], [191, 3, 37, 82, 207, 118, 101, 136, 181, 126, 161, 150, 40, 44, 232, 150, 186, 177, 38, 177, 39, 78, 95, 148, 28, 208, 12, 28, 48, 155, 170, 236], [69, 66, 41, 119, 146, 22, 241, 251, 49, 91, 23, 159, 140, 43, 179, 134, 71, 43, 76, 148, 201, 121, 224, 78, 216, 86, 61, 16, 255, 255, 38, 236], [228, 226, 184, 152, 125, 236, 110, 121, 156, 86, 153, 145, 83, 217, 64, 88, 27, 44, 54, 251, 122, 154, 50, 120, 81, 35, 46, 35, 5, 92, 17, 86], [127, 17, 141, 149, 181, 32, 78, 82, 35, 254, 56, 129, 47, 236, 181, 157, 147, 191, 90, 123, 26, 4, 116, 169, 11, 228, 196, 6, 72, 253, 85, 236], [49, 169, 103, 163, 15, 222, 2, 239, 244, 19, 232, 5, 10, 127, 64, 41, 155, 25, 26, 189, 174, 5, 255, 104, 33, 43, 54, 13, 120, 216, 249, 145], [216, 18, 125, 248, 141, 106, 45, 226, 9, 88, 160, 199, 42, 158, 143, 235, 85, 59, 231, 224, 96, 19, 190, 79, 98, 180, 132, 18, 242, 3, 54, 42], [47, 193, 43, 34, 28, 222, 146, 109, 175, 208, 50, 69, 176, 21, 72, 198, 82, 102, 68, 100, 187, 0, 177, 86, 175, 39, 39, 20, 64, 21, 236, 41], [57, 188, 60, 200, 135, 229, 138, 226, 205, 158, 94, 19, 238, 64, 137, 28, 85, 23, 135, 149, 216, 5, 27, 25, 166, 117, 186, 49, 85, 249, 70, 174], [231, 202, 244, 25, 113, 236, 222, 250, 225, 153, 78, 82, 173, 66, 57, 187, 99, 223, 11, 84, 110, 159, 128, 138, 195, 38, 61, 28, 24, 185, 176, 234], [169, 168, 177, 128, 155, 157, 221, 233, 123, 121, 6, 42, 206, 199, 125, 119, 55, 183, 180, 226, 14, 109, 95, 214, 43, 129, 241, 1, 126, 86, 204, 126], [138, 204, 28, 140, 125, 89, 195, 219, 109, 61, 177, 68, 90, 135, 49, 83, 99, 191, 110, 100, 241, 243, 61, 211, 242, 179, 145, 3, 131, 154, 225, 160], [236, 167, 151, 145, 191, 156, 29, 220, 70, 132, 125, 141, 110, 174, 17, 31, 141, 95, 107, 64, 141, 173, 93, 131, 3, 223, 19, 25, 201, 166, 176, 89], [140, 191, 3, 176, 15, 113, 174, 140, 35, 45, 208, 82, 3, 209, 79, 46, 83, 134, 225, 83, 56, 172, 243, 13, 128, 154, 210, 44, 211, 244, 0, 148], [187, 228, 180, 109, 27, 200, 29, 49, 17, 75, 18, 195, 227, 163, 24, 145, 178, 1, 35, 121, 160, 41, 234, 56, 82, 34, 47, 34, 97, 224, 122, 73], [79, 116, 56, 197, 243, 163, 248, 105, 212, 124, 81, 74, 44, 42, 126, 59, 125, 184, 117, 50, 57, 124, 15, 88, 95, 148, 229, 16, 236, 117, 78, 222], [190, 12, 189, 226, 232, 113, 54, 237, 26, 211, 193, 113, 163, 212, 168, 217, 122, 62, 194, 129, 19, 141, 86, 107, 155, 248, 8, 53, 230, 28, 2, 143], [199, 23, 232, 118, 153, 38, 121, 254, 188, 237, 47, 77, 49, 46, 3, 70, 57, 141, 218, 133, 240, 35, 34, 137, 19, 186, 126, 31, 196, 242, 13, 142], [64, 83, 145, 84, 207, 230, 237, 214, 84, 150, 185, 163, 160, 132, 145, 54, 169, 128, 220, 35, 47, 238, 78, 228, 29, 59, 57, 15, 10, 210, 8, 84], [176, 4, 243, 224, 83, 140, 65, 184, 126, 132, 59, 157, 60, 48, 73, 140, 108, 154, 117, 241, 196, 249, 100, 71, 144, 139, 114, 7, 255, 138, 33, 250], [28, 118, 89, 213, 190, 120, 116, 207, 83, 84, 190, 230, 105, 209, 183, 147, 74, 21, 236, 243, 214, 114, 5, 222, 63, 63, 253, 17, 61, 43, 116, 132], [102, 135, 45, 91, 57, 62, 48, 176, 18, 230, 69, 250, 32, 40, 56, 245, 73, 171, 218, 198, 100, 166, 204, 153, 226, 194, 241, 40, 80, 53, 148, 233], [213, 154, 142, 175, 209, 197, 160, 17, 246, 57, 38, 196, 194, 177, 136, 203, 77, 99, 71, 150, 230, 213, 14, 46, 168, 8, 242, 25, 120, 96, 28, 109], [42, 23, 179, 93, 60, 30, 48, 220, 59, 3, 139, 238, 115, 24, 40, 127, 213, 144, 179, 230, 184, 101, 212, 99, 246, 11, 53, 31, 67, 250, 237, 17], [200, 38, 163, 217, 111, 135, 230, 161, 217, 128, 177, 5, 13, 45, 93, 155, 86, 127, 207, 255, 112, 82, 91, 146, 106, 50, 99, 11, 207, 156, 96, 107], [236, 116, 109, 222, 80, 172, 65, 140, 85, 103, 246, 168, 233, 63, 89, 2, 225, 180, 156, 209, 112, 58, 93, 125, 124, 66, 47, 17, 133, 235, 147, 223], [165, 47, 102, 253, 64, 39, 173, 168, 37, 162, 197, 180, 189, 211, 241, 27, 171, 72, 181, 93, 89, 34, 192, 123, 230, 213, 201, 41, 88, 47, 143, 35], [218, 88, 111, 162, 135, 46, 247, 61, 239, 52, 116, 238, 50, 76, 73, 36, 157, 245, 53, 20, 152, 62, 26, 15, 71, 240, 65, 25, 129, 88, 38, 26], [231, 31, 23, 215, 195, 87, 18, 27, 209, 253, 46, 109, 186, 240, 149, 31, 110, 156, 198, 72, 20, 205, 74, 23, 152, 190, 181, 50, 239, 205, 237, 180], [60, 51, 177, 153, 5, 156, 122, 42, 162, 53, 13, 169, 42, 12, 56, 93, 25, 80, 26, 164, 145, 97, 23, 210, 43, 94, 34, 23, 98, 146, 25, 177], [239, 162, 0, 92, 170, 114, 95, 239, 167, 189, 92, 188, 133, 220, 187, 212, 122, 113, 173, 45, 150, 117, 13, 186, 18, 157, 62, 35, 88, 0, 130, 184], [138, 132, 57, 1, 249, 123, 34, 184, 147, 224, 151, 244, 127, 106, 236, 218, 237, 56, 48, 238, 240, 162, 203, 96, 47, 22, 112, 36, 246, 167, 107, 106], [198, 202, 117, 234, 3, 49, 178, 190, 249, 252, 38, 24, 90, 173, 224, 167, 236, 53, 50, 176, 190, 67, 180, 48, 52, 115, 171, 36, 239, 252, 250, 31], [140, 7, 231, 58, 148, 78, 79, 176, 253, 137, 233, 162, 221, 237, 148, 166, 200, 12, 32, 202, 56, 253, 101, 128, 67, 56, 244, 11, 221, 90, 71, 18], [7, 30, 191, 107, 37, 201, 255, 127, 201, 161, 3, 237, 64, 46, 143, 132, 90, 58, 126, 165, 36, 58, 197, 88, 199, 129, 53, 2, 145, 253, 98, 239], [166, 47, 112, 64, 181, 132, 18, 169, 72, 6, 252, 231, 152, 29, 89, 83, 46, 75, 102, 199, 146, 57, 177, 143, 156, 243, 189, 38, 249, 61, 143, 92], [4, 76, 170, 65, 174, 251, 105, 239, 236, 85, 31, 75, 135, 53, 44, 199, 177, 127, 207, 93, 188, 241, 214, 208, 153, 25, 128, 4, 182, 255, 25, 233], [111, 92, 176, 251, 215, 69, 95, 191, 72, 100, 133, 175, 196, 58, 40, 46, 136, 250, 233, 240, 150, 102, 128, 81, 214, 90, 166, 9, 15, 3, 251, 170], [61, 79, 14, 59, 56, 214, 80, 116, 117, 149, 60, 107, 249, 0, 192, 20, 33, 236, 221, 2, 85, 49, 59, 246, 36, 140, 12, 35, 118, 229, 117, 201], [240, 172, 203, 63, 186, 17, 188, 6, 218, 105, 104, 49, 171, 8, 56, 87, 51, 110, 118, 207, 147, 168, 72, 38, 155, 212, 209, 21, 122, 149, 7, 163], [250, 40, 120, 203, 58, 11, 88, 181, 214, 107, 203, 193, 255, 19, 115, 152, 129, 112, 61, 249, 60, 49, 242, 135, 221, 97, 70, 35, 209, 23, 7, 15], [38, 223, 84, 252, 210, 184, 181, 97, 183, 0, 25, 102, 178, 79, 73, 42, 131, 215, 217, 232, 149, 247, 232, 186, 215, 121, 146, 26, 52, 211, 176, 166], [102, 89, 135, 190, 128, 64, 217, 49, 143, 32, 221, 216, 206, 178, 180, 156, 155, 123, 146, 80, 228, 128, 176, 25, 134, 11, 180, 13, 70, 54, 186, 162], [242, 34, 51, 255, 177, 220, 230, 148, 44, 28, 63, 31, 84, 109, 44, 14, 214, 36, 121, 69, 192, 127, 15, 30, 119, 190, 16, 8, 94, 58, 55, 79], [194, 32, 28, 243, 109, 254, 210, 156, 173, 25, 177, 155, 27, 132, 37, 238, 209, 196, 116, 33, 17, 216, 145, 53, 45, 130, 147, 41, 1, 199, 194, 53], [36, 105, 237, 60, 219, 237, 138, 211, 100, 78, 66, 120, 9, 235, 84, 115, 224, 32, 215, 114, 105, 32, 34, 195, 251, 143, 83, 40, 109, 213, 34, 158], [47, 76, 152, 170, 205, 172, 212, 153, 64, 29, 94, 87, 34, 42, 64, 154, 75, 213, 249, 114, 220, 142, 89, 107, 30, 249, 94, 32, 94, 130, 227, 95], [232, 157, 85, 73, 123, 202, 169, 25, 239, 33, 146, 216, 191, 192, 80, 118, 227, 25, 241, 121, 166, 188, 111, 137, 164, 178, 121, 21, 28, 169, 237, 177], [182, 186, 233, 92, 213, 131, 52, 40, 130, 145, 150, 72, 150, 57, 118, 70, 226, 229, 105, 233, 109, 76, 63, 64, 155, 194, 102, 40, 233, 122, 153, 120], [46, 238, 202, 242, 17, 0, 200, 78, 162, 72, 239, 190, 157, 151, 48, 11, 211, 43, 95, 62, 131, 227, 193, 87, 206, 155, 234, 26, 58, 212, 81, 93], [135, 167, 238, 239, 101, 240, 183, 231, 222, 250, 81, 207, 35, 53, 2, 103, 247, 212, 74, 32, 238, 154, 66, 200, 192, 179, 100, 0, 193, 243, 83, 182], [104, 9, 93, 22, 202, 64, 27, 122, 150, 30, 221, 179, 119, 175, 221, 152, 42, 7, 95, 43, 215, 41, 17, 16, 90, 160, 66, 44, 23, 16, 69, 95], [83, 11, 4, 83, 106, 16, 12, 124, 112, 137, 9, 18, 228, 1, 217, 7, 219, 184, 138, 53, 210, 53, 90, 47, 241, 94, 158, 43, 134, 9, 41, 34], [174, 130, 195, 37, 195, 137, 86, 238, 250, 75, 164, 227, 229, 168, 163, 232, 139, 62, 241, 140, 82, 118, 32, 209, 24, 174, 33, 4, 111, 235, 157, 180], [42, 237, 112, 30, 153, 185, 206, 187, 110, 53, 221, 43, 198, 36, 26, 179, 143, 149, 85, 109, 48, 240, 75, 124, 81, 46, 238, 47, 90, 241, 179, 165], [201, 26, 155, 190, 162, 170, 134, 58, 1, 23, 53, 58, 207, 228, 176, 56, 104, 172, 6, 4, 250, 243, 78, 75, 19, 113, 4, 44, 167, 3, 194, 252], [191, 30, 4, 21, 117, 148, 207, 224, 23, 194, 128, 55, 20, 183, 14, 139, 124, 87, 92, 189, 204, 179, 131, 184, 221, 40, 114, 38, 237, 11, 201, 50], [77, 113, 133, 125, 234, 31, 235, 45, 144, 83, 76, 93, 142, 115, 208, 72, 78, 153, 73, 180, 47, 172, 226, 149, 95, 221, 95, 4, 243, 169, 66, 105], [226, 123, 92, 162, 233, 176, 160, 71, 176, 35, 124, 24, 171, 153, 15, 204, 42, 53, 137, 79, 165, 73, 5, 173, 23, 57, 126, 10, 159, 41, 194, 188], [186, 85, 229, 94, 252, 28, 50, 181, 192, 25, 216, 130, 242, 236, 98, 232, 43, 44, 9, 191, 145, 183, 109, 85, 233, 246, 249, 7, 80, 33, 198, 84], [220, 171, 200, 29, 2, 0, 121, 67, 76, 144, 78, 33, 80, 46, 158, 198, 15, 60, 103, 31, 80, 202, 66, 180, 197, 181, 7, 32, 168, 211, 186, 27], [92, 54, 59, 221, 144, 173, 63, 179, 208, 80, 169, 20, 107, 107, 30, 153, 138, 25, 71, 249, 151, 232, 195, 139, 137, 87, 106, 40, 109, 140, 128, 128], [86, 195, 151, 229, 69, 70, 19, 130, 81, 204, 1, 86, 151, 47, 161, 204, 148, 122, 188, 255, 180, 70, 120, 176, 241, 135, 223, 8, 172, 242, 62, 166], [229, 18, 70, 79, 136, 28, 11, 170, 253, 47, 161, 2, 231, 13, 13, 41, 11, 143, 11, 31, 168, 53, 93, 157, 134, 166, 188, 34, 248, 15, 27, 22], [104, 164, 135, 34, 106, 110, 149, 29, 54, 23, 75, 197, 48, 9, 239, 161, 140, 22, 115, 136, 10, 226, 94, 87, 77, 218, 168, 45, 155, 10, 62, 50], [49, 121, 218, 236, 4, 174, 102, 190, 147, 58, 224, 148, 118, 74, 116, 88, 171, 182, 68, 153, 129, 106, 212, 67, 236, 167, 167, 13, 80, 169, 13, 138], [68, 122, 70, 166, 37, 59, 64, 114, 55, 227, 92, 77, 68, 180, 122, 205, 76, 240, 202, 92, 180, 30, 26, 159, 123, 217, 235, 19, 95, 143, 228, 147], [22, 43, 211, 113, 147, 21, 135, 129, 169, 0, 98, 158, 10, 41, 10, 44, 110, 232, 103, 171, 241, 228, 157, 101, 249, 123, 123, 31, 145, 193, 113, 37], [154, 157, 25, 161, 119, 229, 109, 214, 149, 93, 147, 27, 118, 45, 35, 97, 176, 19, 248, 253, 216, 233, 238, 84, 217, 110, 91, 15, 232, 109, 152, 68], [0, 97, 77, 202, 249, 180, 234, 230, 231, 105, 31, 249, 82, 47, 119, 85, 72, 93, 232, 12, 56, 187, 147, 123, 121, 210, 232, 16, 22, 138, 154, 97], [205, 7, 199, 201, 21, 115, 210, 81, 220, 29, 231, 208, 83, 174, 76, 149, 174, 231, 201, 128, 133, 219, 237, 235, 236, 98, 209, 0, 60, 240, 165, 150], [255, 59, 122, 152, 230, 103, 79, 194, 63, 113, 232, 196, 56, 46, 227, 186, 192, 192, 200, 208, 217, 204, 255, 32, 213, 96, 152, 18, 107, 255, 115, 73], [4, 11, 227, 33, 52, 2, 55, 21, 161, 115, 120, 237, 59, 30, 45, 194, 91, 94, 251, 142, 205, 240, 189, 115, 248, 214, 9, 17, 11, 13, 215, 65], [23, 80, 166, 163, 166, 98, 34, 166, 81, 249, 152, 210, 36, 42, 158, 198, 245, 132, 135, 231, 79, 211, 49, 192, 157, 237, 203, 29, 149, 222, 84, 175], [118, 231, 212, 176, 102, 154, 153, 178, 192, 38, 123, 237, 97, 218, 72, 213, 79, 195, 220, 31, 8, 89, 137, 175, 66, 99, 238, 15, 201, 239, 63, 166], [70, 24, 36, 73, 33, 123, 110, 93, 172, 201, 66, 120, 236, 167, 48, 41, 50, 95, 189, 106, 187, 143, 212, 195, 153, 235, 10, 13, 229, 53, 210, 217], [134, 84, 254, 227, 33, 230, 157, 126, 246, 225, 164, 7, 29, 43, 6, 220, 98, 120, 53, 129, 179, 14, 233, 244, 207, 93, 199, 13, 126, 13, 61, 50], [208, 115, 252, 242, 107, 79, 3, 11, 229, 160, 62, 31, 113, 176, 80, 88, 132, 230, 146, 77, 110, 16, 93, 29, 217, 98, 89, 35, 54, 97, 216, 19], [4, 171, 151, 227, 109, 173, 162, 76, 250, 71, 69, 167, 112, 126, 208, 108, 188, 197, 139, 25, 28, 205, 72, 158, 165, 231, 246, 44, 148, 200, 114, 76], [20, 4, 79, 151, 161, 248, 228, 142, 181, 90, 93, 247, 50, 6, 32, 211, 54, 102, 166, 117, 40, 49, 246, 96, 104, 175, 116, 32, 211, 9, 91, 176], [200, 122, 222, 183, 12, 241, 52, 0, 230, 248, 182, 133, 176, 119, 41, 32, 44, 15, 216, 194, 231, 65, 97, 84, 150, 118, 227, 10, 179, 52, 10, 140], [2, 136, 209, 164, 235, 209, 140, 217, 219, 15, 36, 160, 42, 82, 97, 174, 127, 223, 169, 66, 1, 111, 59, 128, 10, 159, 239, 15, 35, 112, 213, 203], [97, 148, 237, 252, 128, 168, 240, 225, 26, 120, 158, 199, 100, 13, 227, 160, 33, 197, 103, 127, 145, 244, 22, 109, 169, 7, 139, 0, 158, 65, 121, 188], [39, 101, 10, 142, 201, 197, 128, 88, 52, 178, 139, 138, 179, 156, 188, 147, 209, 170, 83, 8, 151, 16, 192, 138, 205, 148, 180, 34, 226, 82, 229, 203], [236, 90, 219, 161, 47, 174, 110, 43, 224, 237, 209, 1, 93, 156, 48, 230, 31, 131, 45, 33, 239, 36, 22, 172, 1, 243, 187, 5, 169, 187, 3, 28], [239, 38, 22, 174, 195, 4, 241, 15, 93, 184, 245, 12, 170, 187, 196, 237, 228, 154, 252, 175, 146, 143, 113, 86, 165, 185, 175, 13, 43, 139, 188, 114], [22, 232, 2, 31, 81, 0, 148, 34, 48, 16, 96, 48, 185, 55, 175, 217, 38, 199, 179, 54, 57, 254, 190, 78, 37, 126, 118, 4, 20, 200, 91, 137], [81, 220, 147, 222, 249, 233, 39, 200, 154, 12, 114, 172, 100, 27, 82, 253, 98, 2, 116, 47, 240, 26, 41, 70, 54, 225, 215, 24, 21, 17, 22, 197], [202, 161, 86, 47, 216, 92, 243, 123, 249, 91, 156, 95, 187, 14, 224, 68, 76, 206, 105, 26, 17, 27, 80, 87, 130, 189, 82, 3, 51, 53, 33, 79], [197, 175, 140, 93, 147, 224, 73, 160, 246, 93, 15, 235, 248, 60, 47, 132, 83, 67, 220, 136, 57, 133, 8, 155, 60, 109, 140, 23, 39, 52, 23, 106], [183, 2, 220, 106, 41, 184, 3, 41, 184, 150, 104, 47, 161, 120, 79, 119, 136, 254, 92, 168, 155, 106, 36, 172, 87, 49, 141, 25, 36, 69, 212, 115], [171, 164, 18, 197, 167, 30, 30, 10, 0, 106, 21, 44, 60, 138, 43, 109, 49, 76, 105, 91, 25, 37, 143, 210, 204, 70, 66, 46, 16, 137, 53, 179], [56, 18, 51, 33, 71, 72, 57, 42, 178, 122, 179, 238, 83, 96, 146, 152, 242, 53, 62, 196, 116, 170, 116, 212, 214, 215, 214, 49, 35, 184, 168, 100], [107, 231, 13, 119, 229, 171, 83, 94, 145, 0, 108, 107, 33, 206, 85, 20, 133, 249, 230, 92, 16, 123, 162, 14, 166, 7, 34, 2, 40, 138, 239, 247], [208, 126, 142, 10, 90, 154, 228, 101, 134, 207, 111, 157, 218, 163, 109, 77, 167, 38, 243, 47, 1, 148, 197, 120, 49, 217, 72, 25, 162, 15, 29, 9], [158, 244, 180, 161, 216, 166, 126, 65, 8, 138, 100, 199, 75, 241, 217, 19, 154, 163, 44, 79, 175, 251, 211, 188, 156, 181, 205, 26, 249, 114, 53, 25], [53, 153, 196, 9, 213, 108, 244, 3, 240, 143, 91, 212, 61, 197, 227, 101, 61, 86, 211, 129, 202, 109, 19, 71, 220, 72, 54, 7, 165, 237, 95, 207], [120, 151, 107, 154, 180, 35, 243, 38, 137, 224, 28, 208, 17, 103, 167, 109, 28, 162, 35, 105, 122, 164, 93, 36, 214, 152, 150, 21, 148, 177, 189, 198], [133, 61, 153, 24, 210, 45, 118, 75, 212, 248, 150, 21, 75, 101, 247, 13, 104, 142, 88, 232, 66, 103, 151, 108, 230, 116, 196, 34, 189, 230, 73, 78], [96, 31, 77, 180, 37, 45, 61, 121, 238, 181, 13, 174, 54, 104, 97, 138, 196, 177, 163, 186, 251, 34, 203, 47, 43, 106, 113, 24, 100, 123, 107, 220], [162, 118, 191, 183, 44, 144, 55, 106, 241, 222, 222, 129, 76, 172, 62, 96, 220, 62, 230, 146, 155, 202, 200, 75, 180, 156, 204, 39, 138, 22, 51, 138], [182, 108, 211, 135, 103, 157, 52, 239, 162, 180, 115, 233, 38, 240, 31, 247, 241, 147, 172, 253, 45, 125, 102, 177, 71, 228, 242, 23, 239, 196, 7, 216], [113, 3, 19, 94, 131, 219, 169, 123, 56, 5, 31, 104, 0, 126, 153, 103, 249, 107, 49, 208, 56, 193, 77, 134, 164, 183, 25, 16, 139, 75, 44, 50], [252, 127, 28, 44, 249, 161, 13, 186, 2, 49, 40, 185, 181, 220, 179, 170, 3, 236, 97, 231, 206, 19, 4, 131, 15, 128, 250, 0, 79, 206, 124, 93], [172, 6, 208, 88, 125, 108, 109, 97, 204, 187, 97, 209, 130, 155, 236, 155, 224, 156, 135, 191, 84, 124, 231, 223, 4, 200, 8, 49, 188, 177, 80, 166], [26, 12, 4, 16, 148, 40, 100, 174, 142, 57, 89, 222, 167, 123, 205, 214, 178, 89, 238, 208, 90, 140, 45, 94, 99, 206, 105, 47, 245, 245, 7, 125], [159, 77, 192, 225, 233, 190, 54, 240, 14, 127, 80, 202, 3, 95, 123, 243, 1, 12, 55, 251, 124, 5, 131, 224, 22, 162, 98, 36, 19, 242, 167, 174], [216, 225, 130, 74, 144, 160, 151, 57, 48, 68, 82, 94, 72, 248, 100, 55, 32, 175, 81, 26, 42, 58, 232, 132, 11, 165, 178, 13, 207, 88, 8, 192], [99, 209, 53, 139, 226, 80, 228, 169, 254, 194, 153, 161, 170, 17, 139, 240, 152, 163, 228, 184, 204, 141, 180, 193, 249, 74, 214, 8, 52, 11, 213, 41], [62, 170, 157, 241, 252, 41, 218, 46, 97, 38, 47, 57, 21, 96, 28, 74, 150, 150, 254, 157, 255, 101, 73, 92, 103, 169, 177, 34, 184, 253, 4, 63], [89, 191, 118, 170, 19, 162, 226, 239, 59, 37, 120, 0, 72, 41, 81, 146, 81, 171, 223, 247, 246, 86, 246, 120, 8, 15, 100, 17, 245, 169, 242, 220], [22, 111, 110, 207, 7, 23, 115, 52, 142, 153, 163, 81, 194, 11, 145, 232, 80, 236, 155, 135, 120, 30, 175, 222, 12, 14, 14, 3, 40, 70, 100, 47], [111, 66, 136, 54, 178, 221, 122, 35, 84, 95, 81, 145, 132, 37, 95, 251, 158, 232, 54, 67, 1, 99, 188, 248, 196, 229, 106, 12, 82, 83, 138, 251], [255, 28, 178, 108, 133, 179, 254, 51, 3, 209, 221, 69, 155, 76, 240, 152, 101, 89, 180, 48, 177, 129, 130, 2, 102, 64, 86, 45, 59, 221, 147, 165], [4, 216, 250, 201, 170, 216, 215, 39, 26, 148, 17, 83, 165, 151, 65, 233, 111, 132, 22, 52, 124, 255, 4, 2, 145, 185, 9, 27, 35, 9, 51, 226], [125, 217, 117, 229, 24, 219, 14, 55, 72, 233, 2, 116, 231, 133, 224, 39, 49, 234, 161, 77, 58, 113, 7, 147, 88, 3, 211, 29, 81, 212, 21, 182], [32, 88, 89, 127, 173, 180, 69, 112, 209, 116, 34, 74, 76, 55, 194, 131, 221, 7, 187, 205, 80, 170, 126, 19, 223, 242, 25, 7, 36, 244, 73, 246], [152, 178, 170, 86, 116, 239, 98, 49, 73, 129, 126, 35, 118, 210, 160, 89, 133, 91, 174, 106, 239, 46, 42, 78, 26, 75, 145, 18, 213, 230, 203, 129], [193, 85, 213, 6, 135, 38, 23, 156, 192, 98, 199, 254, 110, 75, 208, 163, 196, 72, 3, 218, 181, 35, 238, 222, 132, 17, 212, 38, 239, 247, 238, 148], [87, 111, 161, 1, 152, 168, 253, 190, 107, 20, 77, 86, 109, 8, 131, 184, 195, 92, 32, 123, 206, 58, 172, 166, 192, 34, 15, 19, 72, 186, 36, 146], [34, 187, 250, 222, 208, 50, 68, 130, 74, 56, 21, 237, 154, 241, 149, 51, 79, 187, 40, 234, 113, 232, 212, 168, 174, 164, 54, 19, 88, 5, 142, 67], [191, 28, 127, 58, 245, 33, 116, 169, 37, 86, 52, 65, 240, 79, 254, 200, 242, 232, 47, 61, 91, 101, 133, 58, 178, 43, 85, 29, 132, 149, 192, 112], [122, 87, 111, 244, 59, 169, 143, 14, 44, 93, 178, 76, 210, 116, 127, 213, 213, 194, 232, 140, 238, 37, 14, 3, 90, 120, 0, 42, 129, 99, 137, 37], [102, 176, 245, 166, 201, 109, 182, 69, 64, 132, 201, 195, 193, 126, 185, 83, 4, 31, 150, 89, 237, 238, 42, 135, 124, 159, 180, 2, 200, 130, 241, 114], [31, 170, 31, 161, 213, 90, 246, 83, 136, 235, 117, 234, 114, 196, 97, 251, 34, 142, 52, 177, 109, 121, 255, 60, 127, 203, 117, 51, 198, 153, 243, 178], [176, 219, 42, 149, 195, 92, 187, 34, 81, 230, 183, 211, 155, 217, 199, 45, 178, 38, 186, 94, 60, 177, 6, 90, 246, 174, 175, 45, 231, 152, 219, 166], [65, 135, 199, 163, 244, 121, 7, 122, 250, 86, 248, 94, 77, 224, 127, 102, 200, 255, 106, 81, 12, 105, 38, 173, 75, 244, 19, 39, 193, 59, 69, 126], [174, 11, 11, 217, 141, 174, 163, 194, 21, 243, 118, 42, 78, 12, 138, 174, 202, 89, 221, 163, 220, 176, 83, 211, 110, 62, 19, 1, 54, 133, 68, 234], [114, 19, 90, 126, 54, 12, 134, 158, 192, 26, 20, 220, 141, 168, 216, 138, 200, 66, 158, 93, 12, 205, 32, 220, 24, 180, 9, 15, 134, 193, 55, 90], [104, 128, 21, 99, 255, 27, 206, 165, 123, 119, 10, 109, 15, 76, 247, 210, 235, 235, 114, 20, 77, 239, 221, 13, 4, 16, 81, 47, 215, 101, 162, 248], [242, 7, 237, 140, 20, 141, 119, 234, 155, 88, 161, 181, 124, 161, 72, 167, 123, 223, 171, 240, 19, 153, 138, 124, 195, 3, 70, 41, 71, 200, 209, 43], [10, 112, 192, 152, 171, 237, 170, 111, 103, 154, 192, 136, 149, 239, 59, 143, 63, 155, 130, 197, 10, 107, 222, 173, 207, 147, 103, 1, 144, 254, 129, 152], [239, 11, 203, 245, 78, 122, 240, 108, 141, 1, 202, 50, 16, 109, 19, 101, 245, 91, 72, 88, 122, 158, 130, 20, 57, 192, 33, 10, 0, 53, 171, 172], [12, 28, 96, 163, 225, 220, 198, 248, 41, 208, 192, 14, 200, 104, 69, 242, 118, 170, 205, 242, 30, 53, 83, 51, 163, 186, 252, 46, 90, 150, 15, 40], [210, 69, 192, 227, 32, 21, 123, 70, 240, 176, 93, 42, 219, 70, 97, 162, 16, 123, 154, 133, 206, 66, 12, 135, 77, 28, 156, 7, 204, 231, 187, 25], [197, 156, 163, 40, 179, 218, 155, 186, 251, 167, 191, 49, 120, 236, 90, 13, 117, 61, 172, 207, 20, 51, 7, 96, 28, 110, 150, 44, 243, 233, 185, 193], [14, 1, 137, 79, 153, 60, 123, 235, 123, 123, 25, 149, 152, 104, 65, 37, 207, 80, 4, 194, 105, 92, 174, 202, 87, 245, 250, 10, 123, 21, 193, 190], [81, 239, 124, 19, 218, 239, 213, 173, 149, 194, 193, 101, 229, 107, 38, 116, 65, 8, 164, 232, 20, 109, 42, 129, 86, 224, 205, 3, 116, 33, 45, 190], [204, 39, 63, 143, 59, 222, 215, 22, 23, 108, 45, 126, 229, 236, 172, 0, 167, 157, 179, 246, 180, 184, 194, 50, 132, 239, 91, 27, 247, 175, 225, 187], [198, 151, 19, 19, 113, 33, 208, 10, 18, 193, 29, 133, 4, 147, 48, 20, 206, 163, 137, 68, 91, 19, 196, 235, 194, 102, 97, 27, 103, 97, 144, 200], [121, 72, 199, 38, 35, 25, 77, 221, 218, 51, 181, 6, 126, 197, 33, 78, 199, 37, 27, 156, 247, 79, 242, 248, 100, 4, 184, 25, 80, 77, 155, 28], [80, 244, 12, 41, 28, 169, 161, 93, 127, 169, 99, 18, 89, 197, 80, 109, 232, 161, 198, 115, 206, 140, 109, 245, 175, 231, 2, 21, 138, 30, 62, 25], [103, 57, 193, 33, 51, 241, 19, 28, 189, 114, 93, 143, 210, 109, 136, 208, 48, 12, 213, 237, 86, 113, 234, 251, 58, 86, 108, 6, 161, 115, 165, 251], [134, 194, 209, 71, 23, 131, 64, 87, 194, 77, 179, 223, 232, 172, 67, 193, 192, 1, 96, 64, 67, 110, 39, 70, 100, 44, 9, 11, 194, 229, 117, 91], [248, 240, 138, 100, 11, 232, 40, 230, 66, 181, 69, 82, 77, 116, 241, 95, 208, 249, 19, 56, 32, 173, 56, 110, 127, 95, 100, 20, 166, 137, 215, 220], [143, 201, 78, 244, 117, 71, 49, 17, 207, 28, 206, 183, 116, 171, 61, 192, 245, 67, 240, 119, 230, 49, 10, 155, 14, 34, 91, 37, 245, 253, 103, 87], [44, 19, 242, 22, 72, 21, 159, 27, 208, 233, 177, 133, 213, 246, 32, 36, 100, 47, 25, 36, 69, 135, 135, 49, 66, 208, 2, 10, 0, 116, 148, 214], [155, 11, 23, 64, 235, 137, 188, 166, 21, 161, 48, 35, 38, 164, 117, 78, 175, 36, 120, 247, 147, 236, 66, 98, 132, 176, 149, 14, 177, 189, 80, 160], [250, 158, 113, 138, 231, 234, 136, 250, 17, 40, 200, 204, 129, 50, 225, 111, 234, 96, 224, 183, 92, 89, 244, 199, 164, 158, 116, 3, 71, 137, 232, 1], [123, 128, 9, 252, 161, 64, 181, 193, 123, 201, 80, 116, 55, 180, 11, 51, 7, 33, 216, 192, 149, 179, 238, 126, 238, 157, 206, 33, 67, 79, 91, 92], [31, 215, 235, 245, 126, 19, 48, 83, 106, 39, 146, 174, 214, 89, 239, 246, 187, 192, 62, 41, 216, 23, 20, 168, 118, 156, 161, 20, 117, 150, 186, 133], [167, 219, 255, 113, 222, 185, 93, 188, 234, 24, 59, 196, 44, 88, 8, 164, 7, 255, 17, 95, 140, 41, 55, 30, 3, 65, 166, 24, 190, 176, 243, 166], [18, 79, 87, 224, 79, 107, 121, 33, 56, 0, 132, 205, 244, 251, 121, 112, 92, 247, 87, 126, 251, 142, 109, 117, 27, 219, 48, 38, 210, 102, 194, 82], [111, 176, 32, 202, 174, 16, 20, 172, 166, 81, 70, 211, 48, 0, 121, 221, 174, 70, 62, 89, 157, 118, 250, 194, 111, 13, 190, 23, 161, 89, 220, 111], [90, 237, 10, 32, 89, 20, 44, 203, 53, 130, 32, 204, 246, 115, 120, 213, 70, 201, 23, 241, 52, 40, 196, 70, 254, 67, 153, 41, 39, 77, 135, 141], [29, 197, 16, 158, 73, 125, 143, 118, 219, 245, 96, 149, 214, 205, 244, 43, 145, 172, 234, 186, 218, 77, 227, 204, 172, 131, 43, 3, 212, 17, 33, 86], [239, 234, 94, 159, 159, 184, 0, 38, 165, 246, 120, 143, 25, 115, 108, 140, 214, 182, 246, 37, 96, 115, 92, 125, 135, 230, 183, 47, 32, 176, 245, 74], [249, 198, 15, 158, 67, 77, 226, 241, 181, 116, 32, 2, 135, 138, 140, 85, 37, 153, 101, 253, 78, 82, 78, 20, 198, 202, 56, 45, 225, 182, 57, 204], [114, 71, 213, 87, 123, 82, 183, 46, 187, 71, 45, 125, 106, 91, 228, 192, 208, 100, 249, 200, 152, 127, 6, 185, 154, 245, 59, 31, 35, 88, 215, 21], [84, 245, 199, 14, 132, 11, 3, 225, 34, 66, 37, 29, 142, 71, 244, 158, 173, 111, 186, 169, 52, 86, 90, 129, 249, 170, 192, 20, 172, 208, 174, 127], [155, 116, 148, 148, 91, 226, 248, 241, 192, 223, 128, 193, 143, 242, 69, 3, 147, 82, 171, 43, 228, 154, 26, 118, 9, 52, 213, 5, 36, 165, 165, 194], [194, 150, 88, 45, 9, 191, 110, 135, 110, 40, 92, 122, 207, 16, 141, 226, 8, 214, 149, 14, 245, 73, 215, 95, 121, 163, 163, 27, 199, 33, 228, 104], [92, 134, 171, 99, 232, 208, 76, 254, 29, 191, 193, 203, 163, 140, 8, 40, 201, 124, 222, 95, 65, 236, 44, 121, 142, 87, 170, 36, 137, 203, 92, 103], [149, 0, 134, 164, 120, 207, 42, 219, 146, 157, 38, 83, 169, 166, 84, 38, 27, 130, 9, 151, 32, 174, 56, 125, 173, 238, 165, 4, 250, 35, 230, 11], [177, 165, 137, 142, 5, 255, 68, 150, 238, 119, 140, 189, 216, 82, 226, 228, 68, 216, 243, 179, 207, 90, 224, 50, 246, 70, 48, 41, 190, 49, 32, 113], [129, 139, 154, 151, 20, 251, 70, 141, 254, 204, 90, 68, 180, 177, 44, 91, 155, 195, 70, 33, 9, 242, 248, 99, 197, 95, 190, 43, 10, 164, 241, 231], [3, 40, 82, 50, 154, 115, 161, 56, 238, 238, 235, 83, 15, 183, 173, 111, 57, 37, 110, 126, 43, 203, 178, 218, 61, 33, 3, 32, 95, 106, 131, 29], [72, 245, 163, 99, 88, 225, 230, 42, 13, 103, 94, 55, 116, 15, 246, 86, 96, 177, 18, 21, 167, 208, 234, 111, 163, 177, 119, 7, 188, 194, 77, 197], [120, 185, 3, 4, 242, 243, 89, 104, 212, 135, 126, 117, 33, 105, 177, 124, 170, 37, 44, 173, 130, 56, 97, 56, 212, 42, 162, 11, 232, 146, 249, 186], [206, 150, 124, 216, 52, 233, 138, 61, 132, 3, 35, 96, 233, 72, 139, 42, 86, 148, 61, 163, 130, 207, 70, 113, 207, 156, 236, 40, 166, 55, 124, 132], [109, 9, 88, 243, 130, 81, 57, 150, 134, 62, 167, 251, 85, 233, 242, 138, 13, 243, 102, 149, 34, 53, 151, 34, 0, 157, 233, 17, 191, 136, 167, 250], [137, 103, 109, 224, 178, 88, 230, 26, 238, 105, 51, 249, 99, 210, 171, 32, 87, 44, 167, 117, 100, 39, 89, 175, 82, 139, 160, 21, 138, 67, 26, 105], [246, 177, 217, 78, 230, 70, 132, 181, 225, 56, 129, 91, 85, 248, 93, 77, 183, 94, 105, 154, 172, 132, 205, 255, 170, 55, 177, 36, 136, 116, 213, 221], [140, 36, 179, 91, 218, 113, 139, 77, 163, 0, 78, 158, 249, 133, 213, 96, 95, 25, 169, 66, 197, 120, 216, 49, 32, 195, 195, 26, 167, 183, 153, 128], [174, 147, 141, 60, 7, 51, 58, 87, 129, 69, 180, 64, 232, 223, 135, 163, 207, 239, 159, 8, 63, 18, 155, 203, 93, 88, 147, 24, 174, 13, 154, 67], [51, 2, 87, 106, 56, 99, 23, 189, 131, 54, 20, 214, 151, 58, 245, 185, 47, 53, 29, 170, 194, 118, 49, 62, 175, 81, 249, 21, 80, 253, 85, 183], [131, 201, 75, 217, 243, 22, 149, 114, 16, 213, 44, 210, 143, 31, 183, 195, 6, 209, 31, 93, 89, 201, 56, 131, 43, 42, 50, 34, 153, 239, 226, 148], [227, 137, 201, 209, 84, 103, 90, 171, 13, 52, 109, 193, 197, 29, 140, 199, 134, 16, 51, 14, 103, 41, 0, 163, 195, 252, 106, 26, 143, 106, 184, 16], [99, 156, 216, 217, 159, 163, 255, 150, 243, 119, 64, 40, 217, 159, 110, 98, 45, 8, 33, 174, 119, 6, 42, 207, 173, 134, 96, 10, 241, 50, 161, 167], [219, 60, 225, 7, 74, 56, 52, 153, 219, 95, 172, 191, 105, 243, 235, 124, 252, 159, 69, 11, 24, 33, 219, 70, 140, 137, 182, 14, 216, 204, 80, 124], [217, 6, 13, 151, 175, 67, 21, 128, 40, 229, 164, 100, 10, 247, 60, 112, 184, 14, 85, 226, 226, 89, 232, 116, 1, 142, 254, 39, 86, 202, 219, 48], [59, 79, 63, 52, 67, 146, 61, 207, 181, 10, 213, 215, 243, 100, 149, 4, 186, 165, 10, 173, 17, 127, 86, 154, 230, 196, 173, 33, 73, 203, 27, 118], [237, 12, 145, 225, 46, 66, 68, 239, 55, 0, 165, 248, 82, 173, 198, 245, 144, 167, 238, 168, 100, 113, 145, 122, 151, 58, 134, 42, 72, 176, 125, 190], [165, 3, 132, 26, 106, 169, 205, 97, 107, 22, 158, 49, 154, 192, 229, 110, 109, 244, 237, 74, 16, 39, 87, 89, 142, 145, 89, 23, 99, 225, 116, 245], [37, 254, 165, 71, 201, 79, 102, 9, 135, 51, 206, 65, 43, 244, 12, 156, 116, 161, 204, 43, 129, 8, 139, 126, 9, 8, 227, 53, 255, 76, 255, 25], [113, 136, 156, 33, 35, 33, 164, 6, 38, 84, 227, 101, 195, 151, 155, 18, 73, 81, 98, 109, 25, 121, 218, 135, 228, 188, 10, 25, 98, 103, 192, 173], [6, 239, 219, 92, 186, 255, 125, 195, 139, 221, 0, 36, 124, 204, 102, 138, 168, 46, 22, 140, 9, 44, 20, 222, 55, 145, 78, 34, 194, 119, 226, 52], [64, 255, 19, 152, 146, 22, 96, 118, 230, 43, 86, 195, 58, 92, 191, 77, 190, 35, 233, 124, 13, 212, 122, 13, 124, 215, 165, 8, 111, 161, 168, 62], [108, 226, 14, 136, 128, 217, 216, 168, 71, 194, 8, 46, 27, 197, 82, 11, 62, 173, 32, 31, 2, 162, 52, 110, 146, 36, 231, 32, 133, 133, 154, 163], [214, 140, 12, 164, 250, 179, 17, 242, 170, 62, 43, 212, 34, 252, 193, 51, 248, 33, 103, 59, 28, 204, 182, 211, 246, 118, 190, 39, 150, 185, 76, 72], [171, 33, 80, 6, 160, 235, 219, 207, 74, 100, 64, 207, 100, 57, 235, 163, 182, 228, 225, 168, 103, 179, 40, 220, 121, 246, 141, 7, 14, 22, 128, 116], [148, 176, 198, 230, 74, 69, 4, 225, 251, 116, 142, 163, 135, 178, 66, 125, 56, 148, 106, 137, 2, 194, 161, 50, 187, 24, 77, 20, 167, 237, 5, 140], [68, 191, 139, 65, 88, 98, 25, 55, 220, 178, 52, 226, 0, 35, 110, 102, 177, 245, 235, 254, 120, 185, 93, 61, 95, 135, 255, 36, 57, 231, 252, 99], [130, 219, 89, 85, 66, 133, 109, 135, 149, 245, 242, 243, 213, 165, 62, 4, 126, 177, 229, 46, 39, 222, 143, 174, 183, 53, 23, 28, 148, 246, 238, 216], [157, 104, 149, 250, 94, 3, 61, 0, 115, 167, 66, 28, 119, 92, 146, 57, 167, 131, 112, 169, 235, 175, 82, 233, 20, 199, 16, 2, 46, 81, 229, 85], [5, 202, 38, 30, 236, 222, 145, 124, 200, 245, 97, 227, 48, 27, 133, 44, 59, 245, 94, 195, 92, 1, 221, 234, 10, 179, 93, 9, 118, 128, 172, 143], [176, 79, 153, 54, 137, 48, 71, 234, 54, 45, 23, 81, 240, 165, 191, 167, 110, 110, 49, 239, 63, 20, 126, 26, 153, 50, 121, 0, 25, 172, 151, 130], [17, 194, 249, 29, 161, 235, 223, 235, 200, 116, 31, 180, 44, 61, 252, 84, 123, 80, 241, 244, 204, 158, 84, 246, 103, 155, 6, 39, 144, 5, 20, 79], [120, 198, 169, 16, 7, 29, 104, 0, 72, 26, 67, 1, 74, 66, 127, 226, 133, 197, 139, 219, 190, 39, 192, 74, 109, 157, 132, 34, 152, 221, 253, 145], [24, 109, 101, 100, 171, 41, 70, 85, 63, 222, 53, 29, 81, 77, 11, 77, 67, 243, 133, 173, 105, 188, 173, 163, 241, 192, 95, 29, 27, 2, 109, 35], [101, 178, 56, 145, 221, 203, 176, 66, 126, 29, 31, 93, 164, 136, 92, 224, 48, 203, 167, 158, 75, 178, 221, 1, 133, 180, 82, 6, 175, 31, 127, 70], [254, 30, 187, 215, 225, 160, 43, 19, 82, 140, 75, 122, 12, 11, 118, 52, 115, 82, 202, 10, 192, 227, 131, 61, 129, 141, 4, 19, 25, 73, 49, 156], [211, 70, 33, 193, 213, 16, 179, 174, 245, 121, 60, 66, 220, 250, 6, 160, 168, 120, 9, 210, 120, 237, 249, 226, 146, 163, 123, 14, 85, 189, 20, 1], [44, 227, 150, 40, 9, 56, 150, 71, 38, 225, 18, 39, 241, 99, 198, 4, 224, 78, 84, 150, 192, 236, 27, 233, 235, 63, 230, 23, 68, 159, 38, 74], [102, 139, 162, 43, 116, 9, 22, 130, 234, 123, 153, 145, 117, 222, 151, 218, 168, 2, 138, 75, 76, 237, 202, 21, 117, 145, 27, 14, 242, 63, 104, 215], [234, 168, 137, 19, 132, 146, 219, 32, 107, 137, 110, 112, 108, 244, 186, 124, 214, 246, 251, 33, 105, 179, 21, 248, 134, 14, 126, 24, 117, 121, 9, 230], [65, 218, 56, 38, 148, 167, 88, 35, 200, 88, 148, 140, 39, 168, 149, 108, 163, 127, 42, 77, 233, 40, 236, 106, 117, 81, 67, 19, 122, 207, 58, 101], [122, 69, 163, 223, 171, 201, 41, 251, 140, 191, 175, 7, 232, 205, 151, 100, 186, 51, 113, 253, 19, 67, 234, 219, 96, 211, 237, 26, 235, 234, 74, 234], [237, 154, 194, 172, 3, 105, 171, 168, 126, 151, 38, 100, 177, 82, 87, 48, 32, 210, 52, 173, 152, 178, 132, 236, 153, 243, 13, 49, 205, 45, 66, 115], [156, 70, 125, 92, 225, 0, 72, 109, 4, 171, 209, 143, 117, 138, 233, 28, 252, 17, 223, 186, 21, 93, 71, 5, 18, 123, 118, 21, 242, 237, 216, 166], [79, 40, 33, 49, 159, 62, 17, 193, 254, 114, 161, 94, 38, 140, 93, 75, 96, 116, 54, 35, 107, 157, 14, 82, 40, 109, 186, 16, 218, 65, 47, 136], [81, 233, 198, 197, 125, 6, 158, 38, 146, 168, 146, 161, 37, 67, 169, 157, 146, 249, 65, 149, 38, 77, 10, 237, 168, 252, 119, 46, 235, 92, 0, 239], [183, 20, 247, 96, 119, 105, 219, 45, 73, 55, 170, 138, 163, 227, 192, 95, 243, 116, 58, 55, 78, 5, 155, 150, 245, 19, 83, 9, 109, 187, 77, 80], [197, 162, 89, 118, 15, 196, 211, 65, 255, 193, 238, 245, 55, 21, 216, 227, 35, 76, 14, 35, 3, 83, 39, 244, 201, 81, 236, 1, 15, 204, 103, 185], [103, 171, 67, 159, 204, 106, 245, 122, 88, 64, 165, 204, 48, 207, 255, 196, 52, 188, 50, 22, 229, 82, 235, 187, 118, 244, 66, 13, 64, 3, 35, 2], [174, 167, 126, 71, 73, 247, 253, 201, 109, 57, 118, 53, 11, 202, 210, 227, 171, 137, 117, 2, 185, 231, 183, 83, 247, 67, 13, 15, 101, 229, 185, 154], [212, 243, 67, 108, 196, 117, 103, 26, 105, 68, 238, 213, 254, 40, 86, 238, 246, 220, 204, 153, 67, 7, 176, 210, 131, 231, 106, 2, 7, 250, 89, 214], [104, 228, 161, 244, 67, 211, 115, 158, 35, 49, 11, 98, 82, 142, 174, 157, 10, 188, 218, 181, 112, 184, 121, 141, 123, 10, 87, 33, 235, 171, 246, 65], [56, 119, 144, 233, 237, 72, 215, 94, 187, 51, 224, 23, 196, 164, 61, 90, 179, 177, 140, 95, 146, 246, 63, 59, 50, 145, 36, 4, 116, 191, 220, 215], [226, 34, 203, 122, 254, 55, 72, 207, 58, 249, 81, 74, 109, 92, 6, 184, 137, 44, 113, 169, 89, 241, 217, 224, 65, 101, 77, 7, 111, 194, 84, 220], [84, 5, 89, 44, 32, 252, 151, 16, 245, 83, 221, 86, 102, 100, 65, 229, 252, 26, 158, 26, 156, 194, 66, 113, 9, 147, 216, 0, 211, 61, 160, 0], [52, 105, 85, 193, 142, 146, 41, 153, 86, 113, 47, 77, 240, 251, 122, 201, 44, 25, 223, 14, 208, 174, 87, 0, 49, 233, 22, 41, 36, 61, 18, 194], [15, 19, 130, 17, 8, 37, 34, 226, 188, 7, 98, 171, 80, 90, 199, 64, 189, 7, 82, 50, 73, 142, 131, 217, 227, 55, 33, 35, 163, 33, 223, 199], [187, 188, 39, 37, 84, 59, 94, 176, 31, 190, 62, 101, 227, 133, 117, 108, 53, 0, 216, 194, 235, 44, 195, 160, 199, 122, 83, 3, 232, 149, 178, 20], [97, 106, 182, 92, 28, 147, 42, 242, 77, 170, 126, 104, 231, 147, 196, 206, 105, 188, 67, 75, 113, 207, 216, 252, 0, 38, 214, 21, 164, 219, 157, 16], [91, 207, 248, 22, 57, 143, 19, 184, 113, 172, 66, 50, 122, 210, 11, 21, 129, 69, 120, 245, 61, 115, 110, 64, 171, 211, 16, 45, 36, 234, 93, 192], [79, 130, 48, 172, 250, 180, 139, 190, 98, 16, 253, 38, 33, 58, 17, 109, 168, 230, 32, 62, 213, 38, 41, 231, 114, 248, 229, 26, 248, 42, 133, 166], [97, 21, 16, 144, 209, 46, 207, 139, 234, 166, 240, 201, 191, 229, 8, 252, 201, 23, 157, 205, 204, 59, 135, 18, 157, 201, 106, 33, 58, 246, 76, 191], [103, 135, 40, 18, 91, 25, 160, 59, 151, 229, 102, 38, 12, 85, 120, 166, 107, 106, 7, 173, 181, 59, 226, 54, 128, 53, 36, 43, 79, 210, 247, 49], [181, 118, 16, 172, 187, 155, 162, 220, 166, 195, 144, 205, 157, 114, 120, 133, 236, 45, 179, 234, 92, 100, 170, 206, 213, 132, 249, 14, 193, 213, 44, 159], [63, 92, 113, 65, 167, 252, 179, 161, 18, 212, 201, 145, 73, 238, 246, 217, 184, 97, 154, 100, 178, 106, 225, 140, 208, 163, 0, 14, 53, 27, 151, 101], [219, 44, 109, 141, 162, 192, 204, 173, 40, 201, 76, 204, 70, 16, 82, 128, 161, 182, 49, 214, 183, 52, 218, 15, 130, 240, 254, 7, 55, 230, 61, 18], [176, 36, 184, 50, 185, 49, 82, 41, 250, 30, 73, 183, 252, 191, 36, 138, 207, 249, 119, 173, 42, 26, 10, 103, 1, 205, 225, 26, 18, 226, 229, 114], [59, 95, 179, 174, 234, 9, 165, 186, 104, 161, 52, 203, 22, 72, 47, 1, 21, 143, 30, 226, 113, 107, 87, 209, 240, 93, 101, 40, 154, 220, 159, 139], [145, 222, 60, 16, 225, 39, 219, 129, 211, 47, 175, 60, 174, 227, 102, 161, 148, 160, 165, 41, 113, 8, 88, 196, 100, 80, 231, 17, 79, 83, 161, 48], [197, 126, 221, 190, 195, 22, 133, 80, 177, 41, 140, 102, 87, 80, 241, 13, 72, 35, 174, 176, 149, 9, 20, 245, 51, 134, 236, 26, 115, 14, 21, 168], [66, 99, 185, 128, 26, 63, 195, 206, 170, 132, 65, 220, 131, 167, 105, 104, 99, 100, 36, 55, 233, 53, 195, 40, 180, 113, 125, 3, 248, 169, 219, 167], [81, 13, 67, 125, 201, 179, 236, 23, 224, 64, 245, 48, 6, 8, 144, 115, 110, 34, 162, 7, 148, 150, 29, 236, 62, 200, 119, 21, 204, 25, 99, 145], [110, 111, 131, 58, 227, 218, 55, 24, 246, 62, 155, 195, 145, 255, 136, 23, 68, 64, 111, 133, 25, 204, 170, 76, 147, 200, 200, 19, 193, 202, 170, 64], [102, 36, 155, 115, 190, 14, 193, 163, 41, 96, 113, 159, 153, 179, 79, 184, 47, 47, 79, 235, 160, 239, 48, 16, 129, 61, 95, 43, 107, 152, 209, 82], [135, 125, 248, 32, 70, 167, 46, 107, 172, 65, 74, 194, 49, 170, 36, 26, 142, 123, 106, 177, 91, 212, 15, 101, 231, 19, 145, 39, 134, 50, 210, 151], [176, 103, 133, 200, 206, 187, 176, 196, 103, 10, 16, 248, 195, 164, 49, 201, 134, 22, 1, 205, 136, 176, 0, 209, 241, 16, 5, 5, 149, 110, 200, 219], [68, 87, 12, 52, 193, 122, 93, 59, 111, 20, 105, 177, 33, 208, 107, 39, 103, 55, 167, 56, 201, 179, 241, 20, 30, 138, 67, 44, 158, 222, 176, 230], [88, 246, 23, 80, 16, 66, 132, 255, 64, 169, 30, 51, 236, 121, 37, 63, 41, 56, 35, 81, 33, 65, 101, 115, 6, 66, 179, 37, 210, 21, 51, 77], [112, 80, 9, 224, 43, 35, 125, 237, 99, 198, 251, 215, 167, 109, 72, 226, 228, 81, 58, 29, 232, 113, 150, 203, 52, 176, 162, 35, 169, 30, 204, 241], [189, 149, 8, 236, 124, 136, 237, 104, 80, 193, 98, 100, 113, 222, 91, 66, 141, 13, 45, 103, 8, 95, 204, 109, 108, 12, 177, 10, 163, 14, 102, 139], [125, 118, 36, 173, 238, 100, 32, 79, 136, 10, 110, 126, 50, 137, 245, 210, 112, 120, 43, 114, 98, 128, 16, 0, 154, 156, 246, 26, 187, 28, 142, 29], [116, 222, 8, 22, 69, 182, 62, 110, 186, 66, 63, 51, 114, 133, 190, 68, 144, 96, 81, 69, 230, 189, 194, 5, 211, 205, 41, 7, 1, 98, 129, 116], [74, 146, 20, 223, 11, 164, 244, 58, 3, 165, 51, 112, 233, 47, 54, 208, 213, 48, 57, 181, 194, 29, 170, 246, 196, 9, 165, 5, 140, 224, 238, 186], [162, 173, 23, 38, 72, 20, 51, 250, 214, 39, 66, 100, 235, 210, 194, 60, 38, 229, 254, 114, 67, 226, 110, 219, 159, 128, 58, 41, 196, 90, 4, 166], [121, 43, 64, 137, 207, 48, 112, 108, 145, 199, 33, 162, 131, 37, 145, 31, 237, 199, 203, 32, 156, 20, 108, 166, 145, 99, 137, 40, 106, 132, 85, 121], [93, 57, 218, 60, 224, 255, 147, 174, 196, 204, 97, 40, 103, 120, 111, 205, 20, 197, 212, 193, 109, 255, 160, 6, 96, 156, 151, 1, 33, 23, 64, 200], [4, 241, 72, 249, 82, 234, 162, 140, 219, 216, 131, 203, 182, 84, 26, 234, 243, 75, 182, 37, 234, 172, 236, 42, 60, 31, 151, 53, 221, 120, 39, 95], [185, 82, 70, 255, 172, 202, 221, 185, 204, 157, 31, 111, 246, 223, 17, 180, 161, 128, 123, 246, 187, 160, 144, 218, 18, 178, 204, 46, 163, 89, 142, 187], [191, 224, 79, 142, 24, 237, 175, 197, 200, 232, 92, 28, 65, 244, 182, 8, 106, 234, 218, 22, 115, 37, 70, 17, 32, 57, 46, 40, 238, 48, 203, 34], [87, 253, 24, 131, 177, 51, 147, 1, 12, 81, 224, 72, 118, 48, 246, 175, 165, 117, 167, 187, 130, 237, 188, 216, 73, 248, 147, 19, 156, 2, 251, 137], [79, 164, 2, 11, 25, 21, 116, 31, 29, 86, 106, 219, 55, 147, 34, 213, 224, 25, 27, 138, 186, 28, 52, 50, 28, 125, 243, 30, 89, 204, 177, 181], [191, 142, 7, 185, 219, 150, 222, 102, 133, 25, 161, 78, 231, 39, 139, 209, 16, 208, 168, 252, 166, 178, 116, 8, 41, 86, 208, 28, 232, 8, 155, 176], [236, 101, 242, 245, 243, 101, 101, 157, 150, 247, 17, 100, 8, 73, 67, 232, 187, 242, 90, 146, 157, 134, 9, 197, 83, 133, 48, 42, 43, 121, 215, 79], [126, 255, 47, 201, 62, 48, 255, 241, 114, 232, 127, 132, 13, 73, 113, 202, 185, 162, 171, 83, 200, 200, 122, 30, 109, 204, 199, 46, 173, 114, 40, 180], [236, 5, 63, 72, 82, 156, 160, 9, 213, 92, 60, 131, 100, 103, 146, 171, 211, 216, 91, 201, 15, 2, 138, 67, 99, 233, 85, 22, 28, 132, 165, 136], [152, 140, 240, 114, 78, 154, 114, 118, 30, 130, 1, 19, 80, 15, 16, 183, 252, 162, 164, 100, 97, 215, 182, 194, 5, 130, 156, 1, 10, 129, 240, 104], [216, 253, 146, 102, 173, 225, 51, 244, 174, 129, 7, 108, 248, 17, 177, 103, 134, 139, 117, 125, 132, 162, 137, 152, 196, 92, 168, 23, 16, 204, 26, 224], [130, 113, 22, 38, 67, 188, 33, 162, 201, 222, 140, 130, 44, 94, 210, 255, 72, 113, 45, 15, 161, 145, 205, 163, 98, 88, 175, 26, 36, 145, 8, 168], [248, 208, 52, 96, 74, 96, 228, 249, 249, 53, 212, 226, 157, 119, 214, 135, 195, 168, 90, 175, 229, 142, 167, 22, 243, 161, 43, 41, 55, 49, 98, 248], [147, 26, 10, 22, 74, 14, 80, 198, 199, 139, 244, 20, 49, 250, 174, 129, 109, 212, 34, 169, 136, 14, 100, 61, 16, 246, 180, 21, 100, 125, 140, 177], [249, 196, 195, 184, 162, 18, 173, 144, 68, 58, 29, 147, 130, 117, 39, 174, 73, 249, 101, 238, 6, 88, 87, 0, 226, 212, 17, 1, 51, 71, 50, 57], [156, 236, 191, 88, 35, 22, 63, 231, 64, 227, 120, 117, 144, 236, 184, 250, 226, 172, 80, 218, 217, 25, 149, 21, 197, 190, 159, 25, 91, 54, 136, 183], [114, 48, 237, 248, 186, 223, 194, 115, 38, 68, 103, 56, 21, 146, 79, 69, 11, 251, 243, 203, 158, 38, 154, 108, 175, 89, 166, 14, 20, 182, 74, 159], [122, 159, 96, 227, 105, 180, 50, 129, 80, 135, 8, 34, 205, 107, 200, 134, 211, 152, 255, 221, 79, 134, 156, 203, 173, 143, 196, 22, 68, 251, 65, 108], [67, 136, 129, 224, 133, 123, 175, 0, 133, 64, 29, 143, 27, 90, 66, 73, 251, 114, 26, 93, 119, 211, 121, 9, 89, 175, 17, 39, 171, 100, 150, 12], [233, 170, 198, 176, 82, 194, 205, 99, 135, 192, 41, 151, 177, 202, 141, 218, 190, 102, 33, 153, 6, 136, 111, 204, 225, 157, 180, 15, 222, 188, 21, 213], [206, 211, 35, 44, 159, 242, 1, 255, 68, 233, 89, 188, 154, 127, 212, 67, 21, 160, 202, 121, 123, 134, 15, 222, 50, 12, 133, 50, 156, 152, 230, 203], [45, 225, 89, 139, 58, 8, 164, 4, 10, 170, 87, 0, 172, 141, 243, 166, 247, 222, 46, 31, 35, 24, 194, 20, 145, 176, 175, 32, 53, 217, 137, 49], [105, 37, 21, 105, 120, 109, 49, 66, 125, 99, 113, 202, 61, 2, 34, 17, 110, 247, 73, 142, 184, 153, 236, 52, 227, 99, 116, 6, 165, 68, 165, 43], [0, 119, 76, 188, 101, 161, 131, 21, 94, 57, 35, 211, 160, 239, 17, 204, 94, 106, 67, 192, 229, 192, 34, 200, 27, 58, 96, 17, 187, 244, 97, 239], [39, 100, 108, 226, 133, 213, 73, 210, 194, 174, 30, 180, 117, 235, 126, 222, 242, 52, 15, 254, 39, 7, 4, 244, 126, 67, 198, 10, 162, 184, 215, 172], [22, 21, 212, 127, 39, 41, 238, 82, 51, 49, 94, 196, 188, 104, 111, 181, 87, 219, 12, 248, 67, 223, 14, 25, 87, 20, 4, 31, 136, 140, 177, 120], [115, 231, 1, 229, 194, 159, 57, 105, 19, 29, 67, 3, 218, 221, 106, 171, 52, 230, 58, 68, 52, 183, 46, 186, 194, 28, 176, 25, 90, 41, 251, 221], [8, 15, 140, 109, 58, 137, 32, 87, 231, 221, 161, 145, 55, 221, 199, 251, 196, 184, 127, 42, 99, 131, 43, 94, 37, 134, 3, 33, 255, 128, 245, 108], [72, 121, 47, 62, 98, 156, 147, 170, 3, 92, 108, 16, 2, 182, 205, 89, 111, 78, 228, 141, 1, 53, 89, 137, 134, 39, 93, 37, 237, 211, 129, 250], [13, 125, 148, 206, 82, 65, 81, 17, 170, 140, 223, 5, 38, 123, 185, 133, 241, 140, 208, 141, 198, 28, 6, 131, 77, 200, 96, 15, 94, 81, 169, 20], [132, 141, 107, 148, 190, 1, 151, 189, 146, 169, 118, 198, 115, 150, 57, 177, 119, 46, 196, 53, 143, 237, 19, 92, 62, 137, 182, 18, 192, 188, 173, 182], [161, 167, 118, 217, 47, 196, 191, 80, 164, 196, 161, 36, 49, 147, 84, 108, 245, 98, 85, 118, 14, 167, 156, 227, 177, 177, 86, 7, 147, 156, 220, 4], [121, 229, 241, 248, 108, 195, 233, 44, 111, 29, 162, 79, 238, 31, 84, 40, 254, 39, 105, 204, 219, 226, 254, 15, 5, 34, 101, 16, 135, 64, 207, 33], [117, 228, 169, 98, 93, 6, 178, 23, 237, 165, 223, 114, 44, 197, 44, 21, 193, 226, 250, 65, 27, 249, 148, 253, 192, 156, 13, 41, 152, 148, 71, 32], [46, 20, 226, 186, 88, 137, 35, 211, 125, 200, 220, 245, 121, 112, 133, 236, 94, 252, 177, 19, 32, 255, 187, 67, 26, 242, 15, 4, 251, 103, 222, 84], [165, 94, 51, 99, 67, 38, 106, 80, 66, 93, 4, 83, 212, 175, 119, 61, 127, 198, 188, 204, 112, 211, 79, 153, 46, 16, 107, 9, 252, 109, 119, 227], [11, 180, 252, 254, 11, 12, 14, 88, 159, 136, 244, 233, 17, 187, 3, 17, 147, 133, 55, 126, 185, 38, 95, 244, 235, 164, 33, 39, 76, 149, 158, 131], [113, 45, 237, 216, 73, 164, 7, 24, 79, 13, 125, 68, 137, 168, 9, 68, 55, 127, 147, 235, 184, 204, 225, 71, 68, 62, 249, 38, 42, 221, 116, 71], [241, 153, 228, 253, 49, 66, 209, 133, 92, 155, 170, 82, 169, 212, 156, 154, 54, 195, 145, 108, 52, 112, 77, 86, 51, 75, 202, 32, 18, 159, 218, 12], [254, 183, 133, 229, 153, 162, 211, 230, 108, 164, 73, 36, 18, 136, 119, 146, 150, 111, 230, 6, 69, 189, 47, 59, 68, 48, 6, 6, 127, 101, 191, 237], [138, 56, 1, 68, 113, 204, 252, 136, 77, 201, 98, 5, 84, 98, 25, 36, 71, 214, 196, 242, 4, 234, 87, 78, 79, 163, 138, 16, 53, 94, 162, 203], [24, 212, 154, 86, 243, 39, 158, 129, 36, 198, 55, 115, 75, 208, 9, 239, 31, 214, 105, 177, 228, 226, 1, 166, 46, 30, 94, 42, 176, 181, 89, 138], [56, 180, 50, 253, 109, 219, 240, 68, 158, 6, 179, 217, 127, 63, 200, 7, 114, 185, 46, 70, 139, 90, 63, 18, 49, 199, 187, 24, 107, 59, 255, 206], [249, 165, 20, 127, 220, 231, 45, 119, 192, 122, 37, 240, 149, 83, 146, 109, 3, 238, 241, 169, 182, 212, 168, 244, 216, 30, 203, 29, 90, 147, 26, 213], [115, 147, 160, 23, 80, 4, 246, 236, 157, 198, 207, 188, 6, 233, 208, 1, 12, 191, 123, 48, 125, 67, 215, 148, 125, 140, 33, 9, 220, 193, 125, 9], [29, 230, 11, 189, 176, 226, 67, 241, 208, 239, 91, 167, 199, 4, 239, 19, 179, 87, 94, 14, 115, 203, 136, 236, 153, 47, 153, 18, 221, 18, 3, 84], [169, 206, 54, 156, 117, 100, 72, 5, 69, 55, 208, 252, 52, 250, 215, 2, 209, 217, 106, 34, 39, 225, 8, 40, 96, 237, 151, 40, 212, 241, 202, 217], [65, 74, 244, 252, 28, 124, 102, 183, 76, 208, 148, 11, 182, 3, 192, 45, 241, 73, 216, 201, 160, 132, 228, 246, 46, 86, 112, 10, 110, 194, 205, 165], [33, 192, 170, 166, 224, 50, 221, 127, 57, 255, 188, 120, 240, 157, 110, 237, 47, 223, 223, 241, 130, 140, 58, 144, 49, 96, 110, 11, 115, 11, 178, 254], [212, 65, 44, 63, 112, 78, 11, 177, 68, 154, 236, 139, 167, 84, 193, 83, 197, 251, 119, 238, 136, 27, 77, 234, 67, 248, 243, 37, 10, 107, 196, 102], [50, 241, 242, 201, 46, 188, 217, 225, 80, 51, 101, 9, 98, 88, 228, 17, 225, 243, 142, 46, 166, 5, 246, 224, 142, 147, 216, 29, 159, 251, 157, 254], [211, 245, 62, 26, 204, 237, 109, 203, 126, 217, 235, 49, 183, 171, 244, 222, 152, 45, 31, 70, 211, 22, 210, 83, 200, 244, 166, 30, 54, 182, 236, 66], [200, 207, 153, 154, 157, 149, 53, 41, 59, 180, 30, 3, 111, 17, 126, 128, 77, 90, 202, 50, 225, 173, 110, 244, 10, 27, 231, 21, 168, 1, 223, 217], [66, 150, 225, 33, 193, 220, 3, 157, 18, 145, 149, 101, 166, 172, 140, 162, 29, 24, 49, 114, 86, 137, 95, 141, 170, 89, 189, 17, 183, 48, 39, 61], [147, 42, 240, 244, 57, 211, 60, 116, 137, 76, 58, 160, 1, 160, 36, 177, 216, 234, 0, 101, 168, 244, 239, 9, 177, 224, 104, 30, 36, 171, 8, 46], [209, 235, 203, 129, 67, 133, 101, 247, 100, 132, 96, 115, 141, 194, 56, 183, 96, 88, 149, 54, 178, 27, 10, 20, 69, 43, 129, 12, 182, 91, 101, 159], [128, 232, 119, 6, 216, 17, 60, 135, 146, 230, 74, 47, 241, 202, 79, 231, 92, 189, 228, 181, 76, 86, 52, 187, 34, 78, 67, 25, 35, 82, 116, 170], [69, 160, 84, 186, 73, 69, 12, 113, 44, 230, 32, 36, 208, 149, 72, 202, 85, 237, 186, 129, 119, 132, 39, 205, 45, 35, 227, 35, 65, 254, 43, 71], [65, 132, 148, 92, 99, 169, 66, 118, 87, 204, 190, 0, 62, 128, 155, 86, 253, 118, 75, 244, 203, 33, 139, 92, 228, 73, 3, 23, 92, 233, 28, 181], [51, 72, 41, 86, 119, 94, 98, 198, 180, 158, 31, 25, 158, 75, 78, 252, 145, 66, 211, 35, 175, 200, 242, 57, 73, 110, 118, 2, 254, 127, 7, 92], [53, 117, 37, 146, 1, 42, 195, 60, 72, 106, 179, 108, 151, 57, 149, 151, 168, 98, 197, 53, 55, 211, 248, 46, 244, 89, 218, 11, 235, 19, 96, 35], [227, 67, 247, 229, 21, 108, 15, 162, 220, 203, 97, 126, 191, 12, 51, 133, 36, 3, 125, 148, 122, 215, 62, 167, 41, 224, 237, 45, 132, 119, 8, 124], [125, 7, 171, 94, 91, 175, 0, 251, 70, 171, 103, 80, 137, 46, 60, 244, 151, 205, 3, 54, 196, 124, 223, 1, 204, 95, 55, 48, 8, 208, 116, 75], [154, 33, 210, 242, 117, 79, 46, 169, 182, 199, 105, 228, 203, 157, 68, 3, 113, 201, 194, 127, 137, 165, 241, 62, 104, 65, 205, 15, 13, 248, 25, 18], [115, 60, 34, 197, 18, 203, 239, 167, 132, 135, 235, 40, 165, 99, 151, 161, 160, 236, 108, 19, 102, 219, 129, 92, 60, 60, 161, 22, 63, 45, 8, 141], [124, 106, 78, 73, 23, 123, 67, 191, 218, 162, 23, 179, 145, 186, 60, 126, 69, 124, 141, 56, 160, 250, 63, 162, 10, 13, 151, 32, 39, 115, 73, 2], [91, 149, 22, 235, 221, 12, 202, 119, 194, 112, 125, 234, 244, 141, 225, 216, 153, 82, 155, 161, 231, 105, 233, 95, 3, 225, 202, 13, 187, 79, 234, 203], [12, 231, 43, 237, 168, 160, 93, 138, 232, 20, 185, 215, 101, 229, 48, 191, 207, 92, 216, 115, 174, 99, 34, 5, 255, 144, 150, 12, 149, 22, 77, 178], [87, 147, 96, 161, 229, 253, 155, 172, 124, 251, 238, 182, 12, 134, 5, 174, 37, 119, 57, 187, 227, 132, 182, 36, 152, 94, 215, 40, 140, 173, 146, 12], [10, 165, 244, 78, 228, 41, 20, 222, 168, 85, 200, 191, 247, 114, 80, 194, 230, 232, 119, 68, 123, 60, 15, 220, 115, 189, 205, 35, 115, 20, 239, 33], [255, 85, 182, 201, 176, 191, 145, 176, 112, 2, 10, 129, 225, 158, 175, 46, 127, 219, 16, 63, 97, 161, 149, 152, 167, 189, 18, 46, 239, 237, 245, 248], [223, 192, 5, 166, 210, 171, 159, 229, 37, 61, 50, 231, 246, 161, 18, 142, 98, 108, 226, 22, 224, 163, 110, 159, 76, 248, 145, 11, 244, 96, 204, 59], [88, 69, 116, 210, 159, 129, 182, 182, 236, 223, 206, 161, 100, 215, 225, 36, 38, 136, 75, 146, 234, 253, 144, 58, 203, 97, 26, 50, 88, 15, 135, 223], [54, 203, 26, 150, 186, 30, 210, 130, 107, 45, 79, 176, 102, 182, 110, 243, 83, 217, 109, 161, 73, 252, 194, 65, 38, 86, 210, 36, 170, 166, 50, 72], [57, 63, 209, 207, 180, 206, 50, 202, 182, 97, 162, 11, 126, 100, 96, 67, 65, 12, 139, 115, 108, 182, 229, 78, 191, 1, 209, 17, 133, 142, 7, 187], [42, 111, 18, 8, 120, 170, 10, 169, 123, 36, 134, 173, 63, 142, 242, 83, 197, 81, 17, 19, 252, 183, 223, 223, 132, 149, 251, 46, 4, 37, 105, 8], [218, 103, 106, 153, 202, 153, 201, 125, 253, 215, 231, 252, 46, 215, 19, 81, 35, 139, 199, 217, 200, 206, 147, 106, 245, 105, 111, 43, 194, 110, 117, 29], [236, 28, 14, 52, 21, 32, 103, 191, 21, 70, 251, 233, 29, 202, 142, 45, 241, 243, 62, 165, 45, 232, 81, 1, 238, 184, 104, 1, 121, 116, 222, 98], [150, 153, 147, 27, 87, 48, 158, 96, 114, 253, 236, 106, 124, 226, 99, 199, 82, 13, 171, 215, 183, 228, 127, 88, 236, 152, 1, 3, 189, 12, 40, 195], [171, 136, 156, 142, 118, 213, 36, 145, 6, 60, 148, 160, 219, 248, 136, 48, 71, 142, 94, 236, 18, 137, 218, 192, 154, 107, 200, 31, 87, 37, 16, 223], [216, 82, 14, 236, 28, 199, 128, 42, 99, 253, 75, 136, 116, 252, 72, 129, 94, 96, 28, 134, 50, 8, 190, 62, 227, 77, 143, 5, 138, 240, 84, 21], [107, 3, 132, 173, 22, 245, 76, 215, 138, 46, 237, 246, 129, 95, 248, 80, 111, 183, 241, 203, 22, 23, 87, 32, 216, 226, 155, 16, 83, 153, 12, 205], [44, 242, 176, 120, 242, 167, 80, 207, 26, 129, 91, 59, 48, 142, 73, 188, 154, 139, 124, 222, 255, 247, 71, 15, 69, 113, 122, 38, 17, 70, 55, 45], [132, 143, 47, 68, 231, 68, 46, 197, 17, 30, 164, 14, 200, 239, 83, 57, 184, 9, 218, 93, 22, 127, 160, 86, 19, 198, 147, 27, 58, 144, 111, 145], [224, 82, 29, 36, 38, 195, 169, 121, 241, 86, 248, 104, 81, 47, 234, 46, 107, 137, 28, 39, 71, 67, 27, 115, 193, 81, 211, 46, 54, 183, 69, 171], [146, 252, 240, 247, 165, 133, 67, 163, 127, 76, 221, 136, 149, 104, 45, 72, 254, 59, 118, 90, 19, 33, 145, 138, 95, 136, 208, 20, 198, 14, 90, 121], [38, 153, 68, 55, 174, 59, 39, 12, 191, 12, 142, 150, 2, 56, 217, 91, 139, 222, 5, 11, 249, 63, 25, 63, 209, 219, 93, 20, 19, 146, 117, 82], [152, 75, 194, 121, 56, 240, 208, 109, 214, 171, 2, 188, 8, 185, 112, 178, 252, 125, 141, 127, 163, 213, 169, 15, 40, 150, 135, 2, 77, 224, 55, 67], [75, 9, 104, 136, 35, 79, 35, 0, 200, 167, 61, 24, 223, 177, 57, 225, 251, 38, 71, 180, 68, 69, 197, 206, 205, 106, 230, 14, 52, 107, 7, 134], [126, 64, 94, 194, 84, 218, 160, 250, 186, 190, 126, 219, 84, 159, 16, 207, 185, 199, 194, 56, 134, 202, 135, 209, 74, 184, 220, 45, 28, 226, 231, 245], [55, 205, 2, 70, 197, 54, 104, 168, 67, 174, 224, 158, 58, 10, 136, 148, 80, 57, 16, 157, 175, 87, 88, 214, 207, 211, 169, 29, 177, 90, 38, 112], [182, 39, 168, 201, 241, 202, 197, 69, 239, 197, 133, 156, 33, 221, 94, 10, 52, 114, 163, 55, 228, 196, 227, 151, 191, 81, 135, 31, 180, 1, 12, 82], [53, 92, 37, 113, 110, 253, 1, 155, 187, 54, 56, 39, 64, 163, 234, 241, 166, 4, 156, 83, 246, 8, 83, 91, 234, 94, 34, 39, 150, 162, 86, 104], [96, 100, 120, 114, 155, 255, 171, 34, 162, 164, 251, 250, 59, 123, 34, 119, 130, 211, 172, 128, 69, 219, 77, 73, 179, 252, 220, 16, 131, 223, 183, 24], [123, 221, 125, 111, 16, 213, 14, 185, 75, 30, 69, 161, 123, 218, 138, 201, 189, 4, 137, 199, 12, 170, 26, 106, 86, 27, 249, 19, 106, 210, 162, 51], [207, 158, 113, 103, 204, 64, 119, 233, 175, 11, 71, 49, 71, 69, 102, 228, 46, 204, 23, 94, 6, 129, 118, 40, 119, 105, 210, 16, 253, 61, 27, 218], [194, 5, 137, 88, 178, 212, 219, 111, 201, 188, 104, 51, 118, 145, 199, 13, 65, 128, 128, 182, 209, 203, 252, 177, 212, 24, 212, 35, 221, 42, 218, 164], [71, 237, 174, 212, 192, 137, 250, 126, 225, 94, 58, 102, 22, 19, 27, 157, 135, 121, 56, 90, 35, 31, 187, 184, 251, 228, 145, 31, 17, 211, 136, 189], [158, 72, 96, 162, 62, 237, 230, 220, 245, 223, 20, 164, 35, 47, 232, 146, 209, 234, 137, 196, 81, 79, 99, 75, 13, 229, 15, 37, 137, 114, 226, 161], [100, 171, 81, 226, 231, 176, 90, 150, 149, 63, 210, 182, 133, 130, 246, 145, 136, 19, 52, 15, 158, 195, 178, 6, 123, 245, 168, 13, 196, 240, 123, 230], [196, 228, 19, 164, 38, 18, 241, 68, 66, 45, 48, 127, 110, 242, 218, 123, 109, 113, 213, 150, 215, 131, 230, 109, 56, 97, 134, 44, 190, 138, 154, 54], [178, 224, 206, 89, 165, 25, 23, 210, 251, 42, 175, 224, 215, 213, 138, 239, 45, 50, 28, 169, 139, 220, 126, 218, 247, 88, 187, 34, 30, 155, 162, 35], [219, 164, 152, 66, 116, 1, 244, 124, 252, 228, 136, 192, 205, 131, 230, 135, 88, 85, 76, 148, 183, 154, 10, 94, 6, 104, 207, 29, 81, 100, 23, 164], [61, 206, 223, 191, 205, 53, 151, 139, 142, 13, 16, 219, 186, 209, 152, 84, 255, 11, 76, 88, 72, 135, 179, 73, 250, 131, 208, 13, 236, 11, 104, 141], [243, 234, 52, 196, 172, 189, 247, 145, 97, 50, 14, 225, 27, 176, 245, 52, 11, 245, 181, 216, 115, 178, 120, 6, 3, 166, 206, 27, 246, 152, 101, 52], [217, 189, 64, 124, 191, 148, 218, 220, 2, 93, 113, 188, 162, 134, 232, 44, 183, 57, 4, 96, 225, 24, 126, 151, 120, 202, 147, 34, 83, 241, 187, 56], [197, 65, 95, 62, 51, 212, 108, 243, 39, 183, 96, 17, 24, 131, 145, 197, 131, 74, 39, 91, 76, 99, 128, 171, 107, 75, 21, 29, 231, 69, 9, 150], [125, 215, 206, 26, 143, 190, 69, 47, 241, 180, 14, 252, 237, 215, 155, 180, 205, 56, 57, 106, 24, 209, 103, 226, 141, 163, 180, 32, 15, 6, 89, 43], [6, 138, 51, 254, 115, 2, 1, 214, 193, 189, 42, 249, 141, 14, 146, 62, 208, 59, 35, 29, 46, 175, 99, 182, 205, 141, 236, 10, 96, 183, 115, 66], [153, 180, 81, 33, 254, 11, 44, 57, 160, 181, 114, 155, 111, 128, 229, 204, 232, 12, 23, 78, 17, 207, 201, 254, 228, 170, 175, 15, 244, 125, 14, 83], [252, 34, 4, 237, 103, 251, 165, 252, 249, 252, 223, 62, 246, 244, 166, 106, 225, 75, 20, 125, 133, 191, 126, 235, 9, 215, 222, 15, 191, 200, 122, 253], [180, 28, 41, 93, 81, 152, 59, 248, 117, 79, 235, 112, 204, 90, 148, 112, 133, 23, 182, 47, 144, 188, 71, 248, 33, 141, 220, 6, 181, 37, 169, 94], [30, 191, 91, 85, 247, 229, 35, 155, 44, 127, 166, 162, 83, 44, 99, 121, 203, 237, 15, 252, 125, 134, 249, 1, 22, 92, 35, 28, 136, 52, 2, 219], [97, 111, 247, 222, 59, 50, 54, 112, 27, 27, 150, 38, 145, 253, 236, 16, 49, 46, 154, 136, 153, 227, 233, 232, 80, 193, 135, 41, 84, 26, 194, 241], [147, 173, 121, 11, 34, 99, 130, 85, 96, 115, 40, 16, 104, 240, 103, 68, 119, 119, 196, 88, 248, 198, 192, 245, 203, 232, 128, 3, 95, 175, 93, 36], [13, 211, 161, 127, 88, 238, 202, 148, 20, 17, 181, 31, 226, 228, 215, 50, 163, 33, 238, 59, 134, 238, 202, 66, 139, 154, 67, 43, 74, 179, 123, 29], [151, 0, 142, 106, 215, 15, 230, 111, 203, 39, 124, 6, 42, 93, 202, 109, 67, 111, 181, 234, 68, 151, 249, 59, 46, 199, 130, 29, 232, 77, 31, 180], [9, 185, 126, 188, 52, 220, 166, 211, 124, 89, 204, 119, 123, 115, 169, 78, 19, 36, 98, 124, 163, 177, 102, 158, 231, 179, 32, 5, 93, 220, 41, 206], [110, 188, 137, 193, 154, 52, 55, 148, 114, 41, 102, 134, 133, 119, 255, 149, 107, 38, 104, 31, 63, 165, 76, 228, 39, 44, 105, 13, 51, 163, 52, 62], [242, 35, 110, 103, 194, 248, 118, 229, 207, 202, 254, 74, 159, 142, 141, 249, 112, 167, 154, 202, 46, 21, 231, 8, 37, 131, 195, 39, 224, 186, 54, 85], [74, 242, 223, 51, 168, 81, 160, 152, 190, 77, 139, 6, 123, 2, 98, 140, 158, 74, 93, 12, 54, 233, 84, 243, 72, 7, 203, 20, 20, 90, 72, 154], [36, 104, 178, 212, 202, 209, 250, 130, 193, 159, 130, 76, 190, 201, 243, 135, 69, 158, 181, 237, 250, 138, 74, 216, 77, 203, 160, 8, 26, 130, 68, 52], [191, 145, 162, 132, 162, 151, 103, 184, 205, 45, 31, 178, 7, 205, 71, 46, 56, 116, 227, 132, 225, 23, 79, 172, 57, 247, 2, 40, 138, 140, 24, 224], [65, 9, 53, 120, 149, 53, 4, 225, 229, 169, 44, 79, 149, 126, 153, 137, 195, 211, 0, 129, 119, 3, 224, 179, 212, 175, 232, 8, 175, 212, 19, 121], [39, 14, 239, 133, 161, 196, 182, 51, 197, 39, 10, 139, 100, 45, 195, 132, 102, 3, 14, 76, 123, 159, 147, 109, 86, 200, 192, 16, 189, 112, 100, 248], [212, 130, 235, 195, 247, 148, 109, 135, 171, 192, 84, 72, 200, 217, 231, 247, 242, 113, 79, 55, 178, 156, 81, 45, 158, 158, 123, 39, 27, 186, 162, 131], [127, 68, 9, 154, 126, 193, 205, 212, 22, 221, 18, 12, 219, 0, 129, 95, 86, 18, 106, 6, 10, 187, 165, 132, 231, 3, 112, 8, 214, 4, 106, 5], [197, 147, 91, 107, 216, 252, 36, 122, 37, 125, 26, 54, 195, 123, 4, 200, 238, 13, 22, 249, 82, 168, 235, 122, 62, 5, 134, 28, 167, 78, 53, 250], [7, 127, 218, 188, 185, 215, 53, 121, 186, 184, 237, 228, 52, 63, 145, 234, 122, 100, 115, 40, 212, 49, 168, 180, 83, 204, 208, 32, 113, 248, 18, 211], [81, 248, 196, 208, 180, 205, 76, 238, 107, 237, 102, 97, 154, 220, 124, 185, 199, 55, 58, 191, 214, 247, 69, 102, 52, 73, 222, 19, 53, 128, 107, 24], [187, 88, 180, 232, 221, 65, 183, 230, 224, 136, 150, 54, 184, 101, 139, 198, 185, 59, 31, 61, 10, 94, 1, 35, 2, 224, 219, 20, 48, 181, 46, 245], [217, 97, 157, 234, 235, 186, 214, 200, 84, 238, 3, 117, 40, 129, 221, 43, 246, 160, 105, 38, 107, 91, 140, 214, 200, 6, 100, 44, 128, 137, 208, 141], [225, 239, 70, 77, 148, 119, 225, 117, 1, 105, 208, 32, 107, 84, 195, 116, 49, 17, 242, 87, 147, 221, 93, 49, 105, 171, 181, 24, 23, 72, 78, 227], [60, 42, 131, 81, 161, 15, 155, 159, 60, 124, 125, 34, 53, 215, 163, 85, 192, 164, 230, 145, 190, 68, 165, 10, 170, 71, 0, 4, 134, 227, 186, 114], [147, 222, 249, 230, 136, 123, 4, 39, 119, 22, 244, 37, 60, 127, 196, 179, 178, 161, 35, 205, 25, 26, 194, 208, 16, 122, 95, 21, 46, 154, 66, 58], [187, 83, 149, 210, 20, 253, 88, 74, 232, 188, 136, 220, 173, 211, 21, 135, 231, 216, 89, 107, 128, 108, 117, 225, 101, 43, 4, 2, 96, 61, 188, 128], [88, 174, 4, 185, 214, 83, 184, 56, 165, 77, 71, 241, 193, 6, 107, 95, 77, 207, 31, 179, 89, 195, 237, 182, 3, 135, 122, 22, 25, 99, 58, 158], [91, 56, 139, 105, 120, 205, 24, 30, 169, 173, 248, 186, 175, 132, 107, 250, 206, 108, 246, 76, 169, 51, 188, 255, 12, 35, 96, 46, 19, 136, 194, 19], [228, 26, 246, 138, 213, 32, 237, 18, 166, 51, 128, 170, 66, 166, 106, 217, 30, 115, 19, 53, 109, 242, 240, 45, 147, 78, 176, 23, 184, 108, 208, 147], [14, 183, 198, 98, 204, 138, 217, 159, 120, 105, 185, 243, 174, 17, 217, 45, 19, 12, 234, 176, 112, 10, 208, 223, 68, 143, 167, 18, 15, 18, 80, 117], [134, 71, 161, 134, 167, 38, 191, 7, 127, 60, 157, 1, 5, 142, 46, 113, 214, 142, 73, 116, 5, 234, 80, 40, 91, 196, 246, 35, 143, 144, 172, 68], [8, 213, 89, 217, 192, 63, 152, 200, 24, 1, 200, 163, 174, 70, 168, 83, 163, 57, 102, 7, 185, 149, 97, 1, 46, 191, 188, 29, 198, 108, 148, 40], [216, 175, 175, 32, 204, 214, 82, 90, 83, 124, 113, 35, 82, 167, 154, 209, 80, 71, 164, 4, 166, 254, 248, 54, 158, 234, 114, 20, 97, 62, 255, 145], [239, 226, 49, 210, 211, 12, 80, 124, 106, 105, 66, 231, 214, 135, 37, 2, 196, 96, 20, 177, 122, 65, 94, 197, 139, 13, 111, 5, 101, 166, 32, 40], [10, 230, 43, 57, 247, 227, 249, 251, 174, 201, 98, 99, 42, 38, 203, 247, 136, 155, 119, 218, 32, 69, 151, 60, 7, 248, 37, 43, 230, 190, 125, 70], [39, 169, 238, 105, 185, 189, 33, 236, 38, 1, 63, 176, 134, 208, 91, 127, 242, 228, 59, 7, 175, 94, 211, 27, 231, 64, 245, 42, 189, 192, 167, 138], [164, 195, 223, 156, 103, 208, 143, 185, 191, 170, 175, 91, 52, 9, 93, 253, 140, 150, 255, 105, 52, 112, 180, 178, 254, 75, 249, 27, 17, 216, 170, 95], [197, 176, 182, 0, 106, 91, 169, 36, 143, 48, 135, 102, 51, 83, 252, 95, 212, 9, 8, 20, 89, 98, 250, 244, 12, 192, 21, 15, 220, 24, 181, 98], [122, 1, 167, 13, 36, 175, 189, 198, 48, 6, 69, 166, 20, 245, 25, 61, 154, 68, 164, 251, 41, 116, 141, 214, 4, 80, 214, 30, 54, 37, 210, 120], [81, 219, 105, 59, 35, 111, 200, 67, 2, 58, 250, 48, 42, 5, 133, 33, 226, 59, 72, 164, 208, 61, 55, 236, 101, 142, 78, 33, 101, 125, 63, 19], [79, 192, 219, 227, 46, 151, 206, 47, 10, 137, 6, 97, 193, 253, 87, 142, 204, 147, 119, 211, 96, 160, 168, 50, 201, 98, 29, 18, 62, 152, 212, 84], [127, 133, 50, 58, 3, 22, 108, 43, 23, 170, 117, 178, 60, 37, 35, 21, 144, 198, 44, 43, 186, 236, 204, 27, 73, 158, 71, 41, 173, 64, 36, 249], [247, 137, 88, 62, 26, 201, 223, 171, 197, 121, 218, 204, 126, 49, 87, 55, 170, 19, 216, 160, 10, 230, 116, 136, 26, 1, 171, 3, 9, 101, 168, 131], [151, 6, 238, 1, 138, 180, 5, 61, 122, 192, 11, 229, 32, 51, 94, 108, 38, 127, 35, 141, 111, 179, 100, 197, 41, 176, 28, 7, 50, 54, 250, 192], [106, 121, 52, 93, 89, 93, 223, 124, 151, 22, 69, 198, 24, 155, 221, 84, 184, 136, 57, 215, 181, 209, 21, 204, 156, 120, 62, 5, 25, 231, 114, 180], [107, 169, 162, 10, 31, 98, 156, 240, 182, 3, 51, 216, 1, 35, 96, 152, 253, 212, 93, 51, 118, 12, 106, 29, 32, 176, 5, 35, 45, 96, 17, 125], [106, 217, 2, 193, 128, 246, 10, 59, 223, 119, 93, 164, 240, 199, 175, 80, 11, 78, 61, 42, 193, 4, 94, 87, 197, 240, 68, 41, 46, 22, 10, 36], [171, 226, 125, 49, 110, 104, 213, 119, 218, 102, 78, 191, 91, 53, 33, 233, 184, 112, 242, 132, 179, 147, 199, 195, 82, 158, 94, 13, 116, 186, 181, 160], [43, 31, 40, 216, 194, 250, 8, 42, 144, 80, 110, 165, 175, 230, 177, 27, 61, 62, 244, 188, 251, 142, 51, 94, 169, 5, 180, 0, 37, 132, 88, 40], [93, 1, 70, 148, 129, 6, 4, 107, 198, 117, 151, 69, 187, 119, 58, 12, 2, 89, 195, 21, 176, 191, 82, 35, 62, 36, 220, 14, 114, 115, 153, 95], [60, 168, 228, 215, 120, 60, 18, 178, 79, 169, 234, 219, 73, 222, 246, 94, 250, 48, 5, 49, 248, 122, 22, 232, 17, 252, 88, 12, 34, 121, 36, 176], [185, 138, 218, 167, 11, 196, 109, 253, 202, 244, 233, 81, 162, 224, 70, 117, 180, 236, 140, 162, 121, 224, 222, 189, 52, 42, 136, 33, 51, 11, 113, 9], [126, 116, 74, 216, 35, 163, 201, 106, 177, 89, 41, 167, 226, 161, 115, 49, 11, 252, 35, 42, 56, 193, 132, 243, 217, 63, 88, 30, 12, 134, 104, 251], [124, 235, 95, 20, 158, 1, 16, 107, 65, 140, 10, 227, 227, 248, 254, 11, 120, 245, 26, 143, 172, 100, 252, 233, 219, 98, 178, 21, 145, 80, 155, 77], [151, 124, 32, 25, 77, 190, 151, 12, 78, 219, 55, 125, 224, 74, 86, 172, 118, 18, 228, 150, 169, 37, 125, 120, 254, 29, 0, 48, 59, 119, 20, 221], [153, 160, 192, 39, 239, 200, 97, 253, 79, 222, 118, 180, 121, 95, 130, 117, 62, 80, 53, 41, 125, 59, 53, 247, 150, 235, 177, 26, 219, 117, 155, 174], [57, 221, 212, 82, 49, 174, 63, 62, 28, 11, 6, 137, 250, 112, 50, 147, 241, 164, 160, 69, 136, 208, 55, 86, 124, 133, 191, 31, 138, 175, 140, 139], [187, 81, 226, 226, 117, 140, 149, 190, 35, 196, 224, 243, 32, 135, 10, 139, 62, 150, 69, 143, 66, 226, 213, 189, 63, 77, 224, 29, 20, 20, 148, 3], [104, 191, 223, 63, 235, 8, 99, 58, 70, 177, 82, 78, 80, 255, 43, 229, 169, 228, 14, 11, 30, 21, 199, 106, 42, 233, 174, 14, 189, 77, 240, 76], [91, 58, 62, 89, 23, 62, 220, 169, 109, 166, 160, 163, 60, 209, 118, 246, 119, 175, 10, 41, 231, 189, 91, 35, 51, 1, 132, 18, 40, 58, 32, 6], [5, 51, 28, 236, 75, 107, 241, 124, 64, 6, 230, 6, 154, 225, 145, 79, 148, 106, 122, 249, 203, 8, 185, 91, 249, 79, 251, 4, 171, 219, 21, 21], [204, 131, 240, 160, 240, 31, 236, 148, 123, 49, 109, 115, 24, 159, 96, 43, 184, 220, 183, 95, 70, 15, 22, 176, 220, 148, 230, 9, 128, 230, 125, 90], [226, 5, 159, 122, 111, 63, 106, 255, 228, 73, 36, 109, 155, 72, 231, 21, 161, 118, 63, 92, 114, 247, 47, 7, 22, 33, 255, 10, 156, 33, 103, 195], [74, 8, 48, 155, 156, 170, 133, 211, 21, 57, 20, 36, 69, 185, 32, 86, 254, 104, 152, 88, 227, 144, 27, 49, 150, 185, 125, 38, 37, 63, 30, 213], [86, 29, 46, 8, 129, 50, 54, 80, 202, 6, 47, 251, 51, 120, 79, 229, 140, 83, 142, 125, 199, 250, 204, 150, 167, 135, 137, 32, 126, 191, 245, 90], [83, 48, 234, 164, 223, 239, 21, 214, 153, 157, 74, 224, 174, 188, 195, 38, 202, 33, 27, 220, 88, 89, 130, 143, 1, 30, 215, 31, 212, 184, 241, 120], [147, 40, 113, 220, 36, 157, 38, 250, 11, 55, 51, 246, 135, 187, 182, 87, 40, 83, 193, 253, 124, 160, 52, 243, 49, 122, 25, 16, 201, 61, 135, 125], [195, 91, 54, 151, 173, 218, 91, 146, 247, 204, 54, 183, 174, 155, 189, 90, 236, 35, 53, 220, 208, 70, 175, 81, 113, 48, 141, 16, 102, 250, 21, 85], [206, 187, 74, 131, 2, 211, 243, 100, 33, 153, 106, 94, 116, 209, 130, 62, 212, 181, 29, 30, 203, 99, 241, 197, 93, 15, 216, 31, 240, 179, 82, 25], [4, 100, 216, 208, 191, 124, 252, 66, 179, 52, 17, 134, 198, 78, 180, 32, 245, 70, 199, 78, 164, 95, 49, 13, 39, 5, 244, 17, 128, 216, 136, 137], [115, 253, 130, 16, 93, 80, 29, 49, 157, 195, 91, 90, 199, 197, 17, 239, 151, 54, 61, 91, 115, 73, 94, 151, 63, 198, 132, 34, 87, 73, 42, 191], [18, 40, 72, 107, 205, 77, 117, 37, 222, 53, 112, 17, 151, 9, 205, 96, 193, 254, 136, 105, 133, 64, 0, 212, 75, 73, 112, 30, 44, 5, 35, 235], [119, 82, 38, 129, 13, 117, 177, 227, 237, 139, 63, 114, 191, 24, 142, 3, 185, 94, 208, 118, 66, 105, 197, 67, 137, 103, 214, 5, 219, 60, 147, 218], [101, 229, 164, 209, 204, 61, 33, 49, 138, 46, 74, 115, 153, 46, 25, 29, 133, 76, 200, 178, 56, 111, 255, 166, 119, 7, 240, 35, 13, 22, 40, 0], [252, 110, 36, 2, 18, 17, 83, 110, 66, 145, 165, 187, 98, 128, 99, 46, 176, 17, 107, 8, 83, 95, 38, 77, 10, 193, 238, 48, 108, 192, 233, 253], [176, 166, 123, 106, 192, 140, 80, 55, 7, 60, 55, 36, 196, 41, 104, 100, 49, 249, 135, 5, 241, 48, 50, 58, 251, 70, 116, 12, 228, 173, 190, 241], [128, 53, 173, 107, 134, 220, 126, 189, 137, 97, 211, 173, 223, 234, 217, 17, 199, 134, 33, 222, 63, 234, 10, 241, 200, 34, 23, 7, 102, 39, 78, 20], [63, 143, 109, 34, 111, 111, 153, 158, 252, 157, 7, 170, 16, 191, 214, 98, 89, 41, 120, 51, 222, 116, 128, 28, 183, 5, 29, 9, 89, 72, 59, 189], [170, 190, 8, 47, 239, 11, 131, 147, 189, 149, 244, 56, 219, 173, 247, 237, 217, 20, 34, 8, 121, 48, 101, 160, 201, 124, 235, 31, 225, 213, 46, 196], [215, 252, 178, 25, 30, 91, 216, 201, 148, 204, 121, 237, 76, 153, 170, 30, 93, 28, 216, 132, 75, 43, 177, 196, 187, 72, 71, 39, 251, 183, 47, 106], [10, 157, 209, 134, 182, 214, 205, 126, 7, 206, 77, 199, 52, 158, 19, 63, 209, 122, 116, 235, 208, 15, 193, 236, 223, 117, 170, 11, 123, 95, 149, 88], [45, 170, 53, 130, 125, 247, 162, 214, 74, 196, 227, 232, 247, 245, 129, 32, 211, 117, 88, 104, 110, 184, 43, 7, 23, 3, 24, 16, 200, 13, 42, 57], [153, 206, 122, 248, 82, 123, 53, 117, 124, 122, 135, 24, 48, 103, 114, 170, 250, 2, 84, 216, 251, 130, 82, 122, 4, 62, 47, 12, 204, 157, 231, 127], [233, 225, 234, 185, 15, 211, 206, 145, 70, 166, 157, 174, 101, 98, 255, 96, 227, 207, 247, 79, 187, 231, 5, 218, 91, 75, 76, 32, 53, 62, 104, 167], [105, 118, 185, 103, 169, 112, 187, 76, 238, 238, 219, 36, 166, 65, 140, 64, 29, 120, 10, 26, 79, 95, 61, 3, 240, 67, 115, 34, 55, 203, 100, 127], [35, 40, 179, 101, 111, 167, 178, 88, 143, 237, 124, 227, 145, 247, 88, 69, 18, 11, 165, 22, 174, 82, 243, 59, 138, 98, 109, 2, 60, 143, 2, 99], [66, 150, 210, 35, 151, 229, 119, 153, 233, 6, 68, 41, 225, 169, 17, 234, 47, 133, 116, 29, 207, 80, 205, 36, 53, 171, 230, 43, 16, 50, 24, 89], [243, 99, 109, 214, 29, 35, 191, 15, 2, 125, 4, 180, 203, 96, 40, 60, 164, 58, 171, 161, 123, 77, 62, 165, 232, 235, 246, 45, 216, 224, 107, 48], [229, 137, 54, 26, 247, 81, 220, 87, 26, 187, 0, 64, 253, 79, 32, 48, 194, 101, 219, 160, 51, 129, 12, 157, 198, 197, 181, 17, 238, 5, 60, 196], [191, 33, 181, 102, 77, 40, 55, 201, 44, 13, 18, 146, 48, 113, 162, 165, 247, 6, 28, 56, 6, 62, 139, 92, 13, 178, 176, 6, 156, 6, 208, 173], [188, 143, 15, 28, 139, 231, 224, 190, 159, 8, 9, 205, 111, 220, 232, 176, 208, 157, 223, 68, 15, 71, 221, 28, 187, 191, 57, 40, 89, 247, 64, 20], [87, 106, 107, 213, 63, 162, 58, 159, 100, 93, 111, 5, 45, 231, 222, 219, 190, 62, 52, 128, 35, 98, 166, 132, 101, 156, 179, 41, 175, 194, 75, 51], [71, 6, 164, 238, 144, 235, 220, 227, 190, 47, 78, 107, 50, 224, 85, 76, 26, 26, 123, 39, 9, 147, 161, 226, 156, 174, 61, 16, 184, 233, 28, 211], [145, 36, 163, 149, 194, 43, 33, 235, 155, 67, 114, 165, 130, 140, 18, 90, 164, 61, 92, 58, 252, 207, 63, 105, 107, 249, 144, 16, 37, 231, 18, 213], [252, 79, 1, 125, 71, 152, 134, 247, 76, 249, 154, 87, 226, 73, 5, 185, 17, 180, 144, 58, 229, 21, 160, 94, 101, 103, 6, 10, 143, 19, 96, 5], [133, 103, 125, 166, 202, 158, 80, 125, 245, 38, 15, 242, 218, 203, 110, 39, 18, 8, 244, 125, 45, 208, 241, 119, 7, 85, 211, 31, 221, 14, 28, 102], [185, 111, 98, 107, 72, 216, 248, 64, 171, 149, 64, 246, 223, 21, 213, 128, 225, 14, 127, 172, 139, 230, 64, 61, 195, 76, 16, 14, 194, 119, 174, 190], [101, 6, 205, 233, 107, 37, 8, 38, 88, 94, 205, 107, 179, 247, 127, 140, 142, 185, 57, 110, 26, 16, 227, 143, 230, 102, 152, 2, 26, 160, 190, 235], [151, 39, 11, 73, 221, 194, 42, 75, 85, 211, 128, 5, 89, 60, 140, 161, 86, 50, 222, 7, 116, 53, 13, 56, 246, 135, 103, 39, 133, 133, 206, 25], [177, 133, 83, 82, 33, 165, 105, 66, 57, 12, 180, 43, 170, 96, 1, 245, 39, 140, 22, 74, 15, 144, 78, 81, 140, 231, 203, 45, 74, 62, 142, 134], [70, 159, 164, 178, 182, 245, 150, 161, 71, 135, 117, 107, 125, 244, 182, 210, 133, 144, 92, 85, 160, 161, 62, 209, 175, 195, 12, 45, 239, 242, 144, 198], [53, 199, 246, 110, 217, 44, 129, 118, 194, 129, 99, 158, 179, 102, 242, 45, 167, 105, 78, 255, 228, 89, 162, 159, 16, 180, 97, 27, 192, 74, 13, 59], [170, 116, 193, 34, 128, 59, 80, 234, 204, 114, 186, 28, 40, 61, 228, 103, 98, 84, 118, 205, 227, 254, 22, 48, 48, 30, 2, 38, 88, 10, 236, 17], [225, 196, 41, 205, 179, 157, 240, 241, 206, 232, 29, 249, 169, 241, 142, 83, 15, 220, 1, 185, 68, 70, 143, 65, 98, 154, 2, 21, 150, 221, 176, 149], [133, 10, 195, 61, 155, 208, 237, 186, 189, 42, 44, 7, 71, 192, 136, 118, 40, 202, 12, 23, 35, 203, 228, 12, 151, 128, 170, 16, 70, 146, 106, 26], [221, 73, 169, 25, 52, 168, 73, 151, 147, 123, 152, 169, 164, 224, 64, 16, 104, 81, 254, 54, 205, 253, 88, 206, 136, 77, 217, 30, 186, 52, 107, 92], [93, 9, 191, 71, 218, 206, 218, 80, 92, 113, 92, 93, 211, 245, 100, 178, 31, 26, 49, 121, 100, 43, 75, 21, 252, 192, 231, 42, 1, 107, 18, 190], [57, 66, 119, 34, 89, 34, 40, 209, 253, 238, 232, 237, 184, 119, 64, 113, 78, 244, 81, 129, 92, 162, 216, 18, 234, 0, 139, 17, 213, 113, 142, 215], [144, 32, 103, 80, 222, 158, 68, 244, 183, 202, 134, 173, 137, 158, 168, 194, 145, 44, 224, 248, 9, 227, 129, 77, 84, 0, 241, 32, 161, 23, 169, 205], [144, 9, 216, 242, 87, 250, 252, 204, 180, 83, 210, 31, 225, 116, 90, 151, 162, 65, 114, 56, 139, 90, 219, 47, 92, 22, 67, 35, 255, 218, 132, 115], [116, 25, 76, 90, 91, 117, 99, 34, 109, 121, 66, 115, 133, 89, 65, 143, 144, 38, 164, 119, 198, 25, 180, 13, 7, 10, 156, 13, 166, 229, 211, 10], [134, 130, 72, 73, 53, 208, 116, 155, 220, 22, 175, 119, 124, 227, 38, 234, 19, 4, 222, 127, 158, 69, 86, 177, 22, 56, 33, 13, 25, 196, 156, 182], [41, 246, 176, 73, 5, 155, 72, 207, 65, 224, 50, 49, 29, 224, 69, 240, 129, 241, 65, 107, 175, 66, 75, 64, 200, 96, 93, 4, 110, 165, 204, 177], [148, 254, 115, 122, 27, 135, 34, 195, 232, 166, 85, 158, 209, 63, 139, 226, 230, 50, 111, 129, 60, 154, 183, 156, 96, 166, 210, 29, 47, 61, 210, 28], [241, 202, 113, 192, 231, 126, 194, 124, 41, 30, 69, 231, 141, 54, 72, 142, 245, 90, 222, 32, 235, 209, 34, 161, 147, 141, 45, 1, 217, 87, 176, 38], [130, 141, 172, 193, 113, 67, 79, 165, 168, 195, 43, 249, 139, 24, 246, 158, 207, 18, 225, 54, 237, 5, 122, 68, 18, 168, 145, 18, 68, 42, 212, 162], [250, 102, 170, 197, 201, 58, 140, 129, 56, 13, 50, 105, 197, 236, 99, 64, 98, 25, 156, 126, 148, 225, 174, 126, 240, 238, 115, 24, 156, 82, 88, 173], [47, 40, 75, 50, 112, 254, 79, 137, 219, 103, 151, 22, 3, 191, 73, 74, 57, 71, 90, 192, 177, 152, 154, 72, 178, 111, 3, 31, 204, 251, 192, 181], [51, 64, 216, 253, 114, 201, 31, 8, 0, 222, 13, 168, 48, 139, 98, 154, 178, 47, 98, 230, 122, 90, 208, 51, 223, 4, 43, 30, 171, 170, 36, 43], [231, 99, 213, 9, 29, 204, 33, 223, 181, 2, 234, 128, 90, 153, 55, 55, 125, 254, 245, 247, 119, 7, 151, 152, 192, 222, 96, 17, 54, 228, 89, 107], [168, 38, 25, 11, 115, 100, 93, 216, 178, 88, 13, 182, 192, 31, 141, 78, 31, 134, 176, 239, 50, 123, 207, 54, 26, 62, 81, 24, 25, 237, 217, 93], [251, 125, 15, 207, 227, 106, 229, 144, 187, 196, 220, 255, 155, 201, 116, 242, 31, 12, 62, 230, 146, 145, 210, 64, 194, 9, 254, 22, 63, 234, 22, 53], [212, 139, 121, 114, 132, 182, 48, 206, 107, 153, 226, 42, 79, 89, 149, 233, 228, 154, 113, 77, 22, 134, 52, 110, 33, 31, 229, 22, 46, 16, 163, 122], [27, 14, 17, 109, 169, 95, 140, 215, 213, 165, 164, 151, 193, 142, 12, 143, 150, 57, 18, 210, 150, 14, 95, 160, 176, 68, 102, 25, 214, 76, 209, 52], [57, 0, 253, 188, 89, 251, 171, 204, 167, 173, 18, 35, 138, 151, 20, 60, 12, 21, 64, 213, 101, 60, 74, 112, 74, 58, 37, 43, 211, 253, 28, 209], [182, 138, 129, 138, 221, 230, 95, 245, 107, 4, 146, 138, 59, 41, 228, 62, 179, 56, 230, 87, 79, 150, 27, 172, 49, 21, 32, 3, 171, 92, 31, 144], [175, 183, 179, 207, 35, 47, 112, 44, 198, 222, 123, 86, 161, 129, 28, 71, 56, 184, 93, 230, 209, 141, 115, 69, 10, 54, 248, 24, 116, 255, 95, 7], [96, 1, 159, 177, 175, 227, 17, 115, 37, 102, 239, 12, 34, 47, 157, 66, 3, 13, 106, 96, 218, 9, 22, 53, 65, 57, 68, 45, 41, 32, 81, 3], [99, 144, 214, 197, 235, 195, 210, 255, 51, 55, 76, 242, 246, 128, 80, 1, 22, 201, 147, 125, 245, 9, 41, 187, 140, 36, 165, 36, 220, 244, 65, 123], [66, 250, 158, 241, 16, 106, 241, 169, 152, 181, 249, 19, 239, 164, 187, 12, 185, 60, 129, 254, 155, 210, 101, 132, 179, 0, 243, 34, 230, 131, 44, 255], [233, 197, 127, 201, 219, 58, 92, 75, 96, 185, 122, 131, 90, 21, 73, 197, 238, 35, 39, 68, 219, 46, 8, 183, 250, 62, 255, 28, 107, 8, 59, 93], [212, 145, 129, 74, 124, 96, 128, 190, 248, 180, 135, 131, 110, 179, 197, 116, 253, 8, 207, 185, 141, 205, 203, 92, 191, 77, 113, 13, 172, 163, 191, 171], [209, 22, 179, 210, 57, 150, 11, 228, 217, 194, 152, 141, 100, 152, 111, 15, 204, 228, 238, 220, 35, 199, 61, 146, 242, 159, 231, 18, 231, 177, 241, 78], [69, 139, 6, 1, 69, 109, 176, 18, 63, 43, 148, 87, 252, 175, 110, 76, 26, 200, 253, 167, 48, 169, 150, 62, 52, 249, 252, 6, 57, 235, 212, 170], [28, 199, 171, 186, 206, 3, 142, 82, 160, 17, 136, 176, 68, 203, 158, 86, 146, 138, 103, 233, 132, 191, 164, 103, 211, 116, 209, 22, 96, 75, 139, 137], [209, 0, 26, 59, 72, 93, 193, 85, 82, 63, 237, 63, 97, 168, 18, 53, 156, 125, 82, 16, 249, 246, 154, 162, 62, 85, 103, 41, 97, 160, 4, 99], [53, 179, 47, 95, 181, 180, 28, 92, 191, 134, 9, 197, 70, 191, 187, 76, 232, 96, 32, 89, 44, 221, 64, 224, 179, 109, 107, 17, 62, 231, 149, 122], [16, 232, 3, 35, 202, 87, 98, 221, 104, 204, 14, 26, 55, 199, 113, 116, 239, 93, 251, 191, 94, 36, 187, 78, 136, 145, 8, 44, 82, 101, 176, 214], [167, 144, 31, 107, 156, 243, 205, 15, 74, 33, 23, 45, 133, 111, 81, 167, 233, 165, 31, 212, 144, 64, 88, 13, 14, 200, 231, 38, 9, 22, 231, 93], [6, 164, 28, 25, 195, 114, 15, 139, 40, 158, 114, 125, 38, 145, 15, 13, 199, 231, 84, 248, 202, 123, 118, 146, 234, 188, 91, 4, 132, 244, 91, 45], [252, 189, 5, 251, 224, 166, 198, 93, 80, 50, 196, 194, 224, 129, 126, 42, 230, 19, 150, 162, 10, 184, 244, 131, 113, 244, 186, 5, 150, 121, 23, 185], [64, 246, 152, 37, 254, 83, 7, 192, 29, 116, 90, 80, 239, 253, 205, 243, 118, 102, 143, 175, 167, 171, 94, 204, 223, 114, 244, 24, 93, 252, 180, 129], [123, 60, 71, 40, 134, 151, 238, 187, 209, 247, 166, 87, 199, 129, 156, 23, 157, 216, 235, 30, 115, 40, 17, 127, 209, 209, 108, 18, 177, 131, 101, 31], [214, 149, 135, 22, 143, 118, 106, 168, 115, 246, 38, 71, 110, 90, 179, 141, 63, 223, 192, 8, 130, 244, 210, 20, 147, 219, 111, 23, 252, 97, 209, 208], [180, 210, 235, 46, 208, 0, 52, 77, 214, 216, 145, 209, 229, 165, 97, 235, 201, 238, 94, 235, 120, 246, 21, 250, 172, 6, 152, 10, 20, 182, 105, 169], [57, 10, 212, 58, 51, 173, 139, 174, 135, 248, 240, 96, 55, 186, 254, 42, 37, 147, 5, 137, 230, 140, 202, 251, 199, 130, 20, 37, 221, 154, 77, 3], [20, 94, 230, 110, 219, 255, 89, 62, 141, 119, 113, 69, 172, 249, 111, 185, 9, 104, 217, 103, 71, 179, 53, 232, 124, 111, 183, 18, 51, 71, 19, 47], [221, 129, 76, 1, 90, 29, 230, 185, 9, 114, 144, 54, 38, 158, 130, 86, 145, 178, 74, 47, 67, 19, 103, 229, 170, 203, 79, 11, 21, 98, 154, 222], [183, 4, 214, 118, 170, 240, 31, 58, 129, 133, 69, 112, 253, 0, 20, 51, 78, 172, 194, 247, 21, 247, 61, 213, 196, 225, 251, 35, 161, 170, 81, 76], [127, 148, 105, 40, 87, 56, 165, 33, 75, 26, 148, 88, 216, 137, 146, 7, 160, 25, 212, 40, 43, 59, 136, 146, 196, 20, 220, 18, 184, 138, 140, 1], [64, 85, 86, 9, 122, 138, 147, 212, 48, 246, 143, 210, 42, 97, 19, 185, 2, 254, 4, 104, 98, 155, 169, 225, 130, 129, 78, 6, 166, 82, 43, 140], [151, 247, 182, 19, 54, 146, 204, 70, 70, 80, 237, 62, 133, 206, 238, 121, 22, 44, 124, 143, 254, 100, 169, 78, 174, 57, 136, 29, 239, 238, 16, 77], [15, 66, 179, 251, 16, 220, 251, 203, 142, 169, 62, 48, 125, 20, 92, 48, 236, 38, 81, 31, 63, 196, 66, 147, 26, 63, 242, 45, 69, 173, 23, 193], [152, 180, 255, 166, 116, 114, 11, 42, 25, 76, 113, 186, 5, 28, 137, 30, 204, 28, 228, 3, 79, 250, 120, 70, 215, 238, 106, 1, 246, 237, 233, 173], [149, 103, 96, 41, 138, 92, 15, 208, 77, 2, 109, 39, 120, 109, 232, 180, 116, 172, 166, 22, 7, 103, 52, 17, 26, 204, 105, 31, 2, 80, 101, 23], [126, 215, 32, 149, 24, 88, 102, 62, 120, 30, 16, 221, 87, 60, 248, 98, 234, 40, 108, 180, 218, 165, 184, 154, 155, 95, 249, 46, 140, 30, 157, 245], [230, 50, 26, 19, 97, 201, 252, 136, 89, 216, 163, 77, 104, 212, 92, 139, 110, 170, 184, 218, 57, 33, 89, 79, 213, 173, 17, 36, 182, 27, 77, 13], [98, 112, 120, 26, 167, 37, 68, 97, 247, 54, 0, 54, 74, 82, 154, 7, 248, 105, 5, 66, 169, 156, 15, 100, 120, 92, 41, 7, 192, 88, 217, 94], [89, 233, 27, 108, 156, 12, 178, 218, 208, 220, 48, 242, 86, 195, 65, 75, 26, 71, 33, 205, 66, 97, 216, 120, 70, 227, 1, 37, 145, 225, 47, 203], [180, 27, 168, 33, 230, 164, 45, 7, 154, 51, 129, 97, 19, 6, 231, 121, 190, 219, 74, 118, 128, 3, 34, 125, 250, 241, 58, 41, 31, 15, 228, 13], [98, 20, 252, 122, 5, 179, 26, 98, 86, 54, 208, 32, 4, 104, 51, 22, 218, 62, 207, 228, 24, 238, 54, 123, 42, 233, 11, 22, 234, 156, 28, 11], [25, 137, 104, 199, 227, 230, 125, 120, 134, 83, 193, 218, 6, 54, 173, 65, 72, 58, 134, 96, 165, 247, 124, 83, 36, 121, 10, 16, 116, 179, 37, 222], [101, 168, 97, 14, 38, 87, 184, 208, 106, 23, 61, 211, 59, 237, 43, 4, 82, 246, 194, 217, 179, 6, 47, 90, 107, 35, 84, 49, 93, 96, 96, 205], [253, 2, 184, 116, 169, 227, 243, 239, 10, 23, 192, 188, 86, 34, 212, 63, 110, 11, 202, 87, 132, 168, 180, 141, 78, 213, 89, 32, 157, 252, 200, 4], [38, 147, 116, 181, 54, 192, 199, 131, 221, 247, 54, 16, 142, 21, 135, 132, 239, 37, 218, 47, 218, 65, 47, 140, 6, 247, 176, 31, 88, 115, 180, 8], [56, 10, 158, 129, 215, 48, 13, 221, 223, 48, 28, 123, 174, 101, 116, 47, 194, 217, 255, 152, 187, 32, 233, 162, 218, 132, 90, 17, 40, 201, 240, 127], [72, 80, 67, 158, 5, 78, 10, 98, 120, 14, 63, 39, 195, 193, 41, 28, 186, 230, 95, 110, 2, 33, 34, 209, 82, 211, 231, 34, 239, 137, 200, 207], [222, 129, 130, 186, 181, 153, 100, 139, 177, 57, 101, 28, 175, 242, 12, 82, 244, 107, 80, 31, 110, 127, 72, 62, 152, 201, 9, 31, 51, 86, 116, 131], [197, 94, 224, 98, 193, 129, 191, 66, 249, 26, 211, 21, 110, 88, 79, 229, 162, 245, 0, 70, 147, 190, 253, 80, 207, 61, 66, 37, 255, 137, 44, 108], [48, 136, 124, 68, 197, 155, 42, 146, 49, 201, 84, 77, 94, 207, 11, 186, 249, 21, 106, 3, 1, 8, 161, 33, 129, 154, 87, 29, 240, 176, 18, 92], [114, 210, 164, 152, 10, 35, 10, 155, 151, 205, 70, 172, 211, 100, 235, 96, 34, 0, 7, 162, 62, 106, 15, 212, 119, 98, 146, 51, 72, 115, 80, 108], [230, 3, 164, 247, 199, 46, 71, 214, 95, 161, 44, 74, 255, 136, 117, 199, 188, 47, 230, 180, 40, 152, 144, 191, 241, 179, 12, 19, 19, 53, 44, 140], [143, 81, 80, 115, 184, 64, 245, 56, 222, 178, 184, 170, 5, 239, 29, 156, 38, 25, 199, 174, 183, 151, 202, 138, 86, 196, 2, 27, 74, 1, 2, 48], [237, 91, 95, 178, 255, 245, 181, 158, 14, 149, 241, 37, 84, 151, 120, 150, 65, 180, 21, 170, 91, 189, 205, 96, 135, 184, 75, 19, 44, 216, 184, 76], [225, 100, 88, 181, 115, 240, 19, 8, 224, 153, 251, 108, 226, 179, 78, 74, 19, 1, 200, 184, 19, 237, 110, 11, 63, 133, 170, 26, 253, 251, 122, 168], [41, 48, 193, 137, 141, 212, 187, 201, 130, 213, 143, 113, 9, 193, 8, 235, 116, 145, 58, 14, 206, 226, 99, 128, 235, 149, 24, 29, 82, 252, 129, 208], [101, 30, 210, 172, 65, 219, 173, 56, 149, 18, 26, 238, 111, 62, 70, 158, 87, 80, 42, 240, 139, 220, 190, 244, 46, 162, 50, 25, 86, 66, 231, 45], [118, 88, 210, 107, 27, 150, 250, 96, 136, 207, 16, 192, 70, 100, 155, 1, 137, 236, 145, 13, 111, 214, 20, 39, 117, 45, 125, 17, 172, 37, 51, 239], [94, 17, 209, 88, 194, 67, 135, 202, 6, 199, 126, 128, 203, 239, 176, 87, 142, 72, 77, 160, 123, 63, 5, 70, 226, 38, 101, 10, 241, 186, 149, 170], [160, 51, 78, 208, 113, 52, 119, 7, 9, 155, 112, 215, 22, 244, 229, 127, 45, 89, 190, 170, 186, 201, 28, 186, 253, 32, 231, 30, 187, 207, 77, 209], [230, 114, 75, 180, 205, 169, 84, 254, 67, 160, 158, 196, 99, 71, 223, 114, 202, 202, 95, 5, 57, 176, 42, 91, 63, 220, 93, 14, 77, 229, 35, 105], [73, 203, 195, 140, 147, 147, 57, 126, 66, 176, 32, 30, 113, 135, 162, 48, 31, 73, 153, 15, 106, 124, 206, 53, 25, 22, 56, 32, 167, 248, 190, 155], [84, 15, 230, 84, 83, 241, 95, 65, 227, 59, 134, 185, 16, 131, 36, 102, 26, 68, 61, 67, 158, 123, 223, 9, 77, 253, 31, 18, 250, 23, 89, 111], [205, 192, 92, 175, 249, 54, 56, 234, 78, 186, 96, 121, 236, 208, 222, 80, 151, 252, 182, 168, 191, 35, 99, 171, 89, 56, 44, 16, 125, 114, 199, 52], [100, 41, 178, 249, 121, 75, 228, 103, 29, 228, 241, 112, 241, 60, 84, 233, 157, 219, 123, 248, 219, 15, 70, 182, 171, 108, 128, 19, 132, 214, 231, 120], [241, 252, 216, 27, 212, 24, 228, 39, 59, 114, 133, 98, 59, 155, 9, 160, 184, 102, 234, 11, 3, 7, 51, 28, 72, 123, 220, 11, 170, 6, 26, 206], [251, 163, 92, 150, 58, 255, 221, 100, 28, 45, 107, 20, 11, 235, 40, 248, 171, 226, 241, 32, 233, 90, 93, 197, 61, 99, 43, 50, 195, 38, 149, 95], [37, 143, 71, 32, 185, 177, 141, 64, 86, 248, 251, 52, 34, 189, 119, 225, 253, 222, 101, 172, 38, 153, 254, 196, 42, 211, 135, 36, 129, 4, 211, 189], [25, 25, 43, 104, 242, 12, 219, 202, 2, 246, 223, 173, 1, 102, 189, 62, 243, 123, 116, 31, 192, 186, 176, 79, 67, 246, 92, 47, 128, 134, 88, 64], [156, 11, 92, 69, 42, 13, 144, 209, 190, 232, 148, 84, 143, 206, 8, 242, 153, 18, 152, 46, 106, 174, 102, 192, 32, 28, 59, 33, 126, 10, 12, 167], [8, 15, 234, 234, 18, 1, 2, 208, 41, 86, 24, 97, 30, 85, 191, 44, 84, 10, 216, 68, 121, 103, 196, 136, 164, 1, 220, 22, 199, 118, 36, 152], [122, 128, 196, 246, 98, 189, 225, 150, 210, 129, 236, 66, 206, 137, 120, 143, 28, 51, 184, 137, 191, 241, 202, 32, 82, 50, 41, 15, 80, 84, 148, 138], [175, 30, 102, 185, 43, 63, 74, 116, 70, 202, 42, 129, 183, 9, 49, 116, 146, 140, 128, 124, 175, 56, 101, 142, 163, 171, 117, 47, 26, 140, 140, 52], [184, 38, 148, 192, 155, 79, 207, 178, 137, 181, 176, 79, 8, 61, 129, 175, 149, 92, 16, 112, 54, 112, 60, 46, 247, 209, 38, 7, 173, 0, 110, 190], [97, 182, 79, 112, 47, 49, 215, 75, 20, 71, 251, 126, 160, 160, 168, 120, 201, 16, 206, 169, 97, 214, 155, 232, 189, 146, 206, 26, 45, 113, 240, 163], [94, 101, 140, 123, 241, 122, 162, 181, 7, 181, 208, 71, 85, 27, 0, 210, 32, 233, 63, 72, 243, 47, 245, 178, 123, 124, 61, 41, 167, 144, 31, 244], [202, 42, 4, 238, 222, 99, 44, 2, 211, 118, 28, 240, 6, 205, 253, 106, 248, 76, 239, 201, 145, 119, 12, 54, 251, 15, 74, 15, 227, 198, 81, 82], [209, 7, 29, 98, 97, 72, 232, 255, 9, 236, 174, 68, 3, 21, 145, 45, 154, 97, 165, 14, 84, 168, 169, 10, 190, 145, 136, 4, 204, 195, 17, 122], [160, 48, 182, 62, 217, 193, 224, 72, 140, 128, 14, 117, 252, 210, 150, 197, 180, 96, 12, 27, 241, 95, 216, 62, 54, 2, 131, 13, 100, 54, 43, 134], [69, 132, 3, 218, 43, 130, 137, 104, 135, 126, 210, 82, 90, 67, 240, 83, 28, 228, 170, 169, 213, 247, 135, 214, 180, 188, 219, 43, 199, 169, 215, 63], [151, 109, 107, 181, 217, 137, 159, 149, 185, 11, 189, 59, 48, 93, 198, 101, 58, 196, 229, 110, 63, 65, 5, 200, 69, 97, 152, 21, 11, 251, 145, 36], [74, 21, 129, 147, 206, 177, 131, 202, 69, 13, 175, 111, 62, 132, 203, 30, 238, 31, 226, 176, 102, 89, 27, 98, 2, 197, 243, 0, 171, 48, 112, 199], [4, 248, 125, 5, 52, 142, 226, 83, 174, 150, 227, 174, 178, 197, 214, 70, 199, 58, 66, 193, 201, 61, 177, 208, 37, 69, 240, 7, 60, 2, 235, 179], [204, 118, 159, 168, 190, 24, 238, 157, 75, 93, 210, 39, 31, 212, 181, 98, 200, 37, 110, 7, 195, 70, 22, 127, 112, 137, 112, 47, 189, 62, 109, 155], [48, 178, 82, 10, 193, 55, 145, 180, 110, 105, 212, 187, 204, 153, 225, 232, 193, 34, 195, 148, 121, 133, 134, 199, 124, 103, 186, 7, 214, 209, 140, 123], [34, 67, 249, 141, 35, 241, 35, 157, 238, 124, 54, 184, 190, 162, 23, 221, 145, 47, 33, 155, 233, 49, 190, 184, 39, 122, 152, 32, 183, 54, 230, 98], [244, 65, 178, 128, 201, 135, 194, 76, 0, 22, 209, 30, 229, 247, 85, 244, 96, 208, 1, 97, 94, 150, 30, 8, 147, 124, 53, 15, 113, 43, 240, 92], [244, 72, 39, 174, 105, 217, 77, 203, 162, 237, 74, 223, 158, 181, 105, 164, 36, 22, 47, 29, 64, 110, 115, 40, 75, 212, 203, 15, 57, 121, 250, 62], [138, 80, 110, 28, 184, 19, 239, 51, 129, 159, 156, 116, 164, 110, 137, 145, 6, 67, 129, 204, 134, 7, 228, 123, 68, 161, 41, 45, 63, 246, 133, 154], [5, 182, 124, 55, 146, 233, 94, 47, 199, 2, 96, 208, 146, 133, 249, 242, 175, 148, 72, 235, 92, 182, 209, 145, 169, 191, 215, 2, 182, 10, 191, 38], [103, 193, 42, 220, 14, 101, 16, 6, 138, 202, 20, 233, 46, 90, 205, 204, 41, 22, 34, 109, 9, 122, 4, 211, 160, 75, 111, 54, 8, 7, 247, 61], [17, 214, 163, 4, 251, 224, 18, 57, 202, 103, 33, 199, 202, 210, 135, 142, 6, 177, 7, 205, 204, 233, 95, 79, 201, 142, 140, 45, 31, 88, 98, 148], [34, 31, 123, 0, 252, 115, 122, 101, 11, 245, 122, 114, 127, 192, 181, 97, 207, 189, 185, 172, 248, 193, 152, 104, 237, 60, 35, 32, 81, 158, 180, 203], [151, 191, 23, 15, 158, 174, 211, 207, 73, 196, 182, 73, 79, 133, 82, 245, 225, 160, 22, 99, 151, 99, 224, 151, 59, 57, 89, 42, 224, 68, 32, 30], [134, 150, 10, 84, 118, 222, 102, 243, 146, 251, 44, 25, 24, 75, 102, 55, 150, 5, 179, 8, 175, 27, 40, 146, 120, 231, 118, 11, 246, 94, 200, 12], [127, 204, 8, 45, 239, 27, 158, 152, 71, 166, 202, 77, 14, 211, 46, 140, 212, 164, 57, 85, 146, 60, 81, 73, 55, 21, 11, 6, 37, 69, 141, 107], [100, 43, 177, 179, 68, 29, 216, 226, 108, 250, 98, 63, 156, 4, 164, 168, 160, 56, 42, 202, 230, 1, 157, 143, 118, 98, 80, 32, 191, 153, 208, 38], [109, 146, 23, 134, 79, 104, 156, 191, 194, 73, 157, 79, 128, 219, 33, 63, 175, 148, 240, 161, 65, 184, 141, 42, 230, 81, 73, 48, 118, 143, 66, 58], [177, 87, 238, 72, 114, 98, 238, 102, 6, 10, 227, 54, 200, 206, 216, 69, 2, 8, 140, 204, 11, 157, 182, 10, 187, 153, 129, 40, 136, 99, 172, 177], [169, 249, 8, 182, 61, 98, 213, 168, 206, 32, 228, 71, 221, 124, 95, 66, 7, 177, 95, 22, 232, 231, 163, 182, 140, 252, 26, 0, 196, 68, 254, 114], [255, 245, 195, 53, 111, 7, 31, 181, 61, 20, 92, 54, 214, 71, 252, 72, 101, 199, 82, 54, 3, 152, 216, 139, 234, 231, 151, 23, 171, 157, 176, 48], [14, 205, 50, 187, 97, 88, 248, 24, 194, 70, 234, 19, 23, 4, 36, 126, 246, 62, 198, 91, 14, 73, 194, 180, 143, 88, 180, 33, 120, 136, 143, 20], [199, 70, 218, 228, 137, 113, 105, 46, 64, 143, 18, 221, 22, 100, 34, 244, 80, 0, 230, 47, 248, 14, 9, 175, 209, 44, 128, 24, 156, 95, 204, 167], [8, 191, 237, 128, 43, 114, 121, 79, 207, 35, 151, 131, 70, 84, 93, 3, 192, 6, 138, 92, 27, 87, 111, 44, 227, 245, 175, 14, 153, 229, 200, 176], [27, 120, 80, 239, 227, 3, 30, 246, 84, 54, 140, 17, 148, 105, 40, 111, 171, 188, 235, 255, 112, 45, 166, 40, 61, 28, 113, 40, 28, 190, 178, 145], [111, 42, 138, 44, 225, 142, 13, 54, 143, 39, 137, 252, 202, 234, 62, 103, 75, 253, 147, 4, 213, 52, 174, 132, 30, 100, 90, 37, 253, 28, 66, 77], [57, 119, 254, 180, 213, 220, 22, 31, 48, 199, 30, 78, 45, 133, 108, 95, 222, 158, 127, 55, 16, 205, 115, 131, 216, 53, 96, 48, 43, 63, 202, 70], [167, 97, 150, 15, 172, 59, 100, 50, 2, 67, 248, 154, 146, 109, 66, 26, 107, 72, 188, 179, 84, 107, 131, 92, 84, 234, 9, 11, 93, 122, 46, 50], [189, 40, 195, 116, 116, 15, 66, 38, 63, 94, 191, 14, 113, 72, 211, 11, 166, 181, 96, 1, 147, 32, 202, 58, 207, 17, 42, 14, 108, 14, 115, 77], [124, 85, 130, 190, 232, 58, 59, 168, 137, 15, 65, 91, 213, 49, 152, 131, 34, 217, 217, 45, 81, 209, 113, 71, 222, 94, 28, 3, 164, 34, 104, 51], [127, 174, 18, 73, 75, 42, 98, 220, 161, 66, 113, 10, 205, 199, 166, 200, 147, 127, 1, 45, 72, 224, 95, 147, 112, 26, 190, 12, 219, 238, 9, 139], [154, 54, 158, 125, 164, 143, 54, 192, 7, 91, 64, 60, 136, 38, 233, 253, 147, 108, 118, 138, 216, 206, 191, 153, 148, 239, 71, 45, 49, 8, 89, 70], [195, 95, 190, 208, 160, 176, 41, 25, 208, 142, 244, 123, 129, 176, 133, 22, 120, 85, 140, 180, 250, 253, 49, 234, 208, 105, 184, 45, 15, 201, 108, 234], [111, 212, 30, 38, 85, 68, 164, 74, 139, 11, 142, 223, 0, 53, 247, 153, 214, 95, 125, 192, 211, 155, 93, 233, 141, 167, 96, 22, 167, 116, 199, 172], [193, 115, 117, 68, 235, 50, 204, 246, 33, 46, 218, 26, 66, 152, 237, 207, 226, 214, 73, 203, 213, 96, 23, 73, 45, 133, 9, 42, 56, 52, 16, 238], [166, 183, 1, 22, 56, 134, 205, 29, 6, 95, 243, 183, 92, 35, 138, 231, 223, 229, 210, 247, 85, 4, 212, 247, 228, 166, 3, 26, 12, 173, 218, 164], [116, 139, 243, 13, 132, 227, 192, 162, 49, 174, 55, 192, 209, 49, 177, 112, 152, 155, 101, 193, 244, 103, 80, 195, 192, 170, 11, 7, 127, 228, 174, 73], [253, 179, 6, 66, 5, 213, 0, 217, 109, 254, 44, 190, 158, 239, 174, 116, 237, 155, 118, 86, 206, 43, 138, 159, 99, 37, 254, 10, 14, 211, 71, 250], [21, 51, 164, 83, 135, 217, 112, 138, 138, 190, 213, 12, 86, 149, 88, 29, 3, 85, 99, 136, 252, 82, 52, 117, 214, 210, 117, 11, 200, 24, 206, 142], [25, 216, 25, 250, 135, 245, 112, 143, 35, 108, 84, 217, 190, 104, 210, 12, 201, 169, 217, 97, 91, 116, 167, 65, 15, 41, 102, 37, 119, 31, 247, 62], [3, 55, 171, 183, 4, 124, 237, 181, 244, 54, 214, 244, 66, 96, 129, 118, 6, 84, 0, 148, 250, 29, 79, 81, 109, 214, 111, 22, 151, 36, 108, 18], [93, 235, 149, 254, 132, 49, 52, 8, 244, 129, 93, 227, 34, 131, 239, 87, 108, 191, 167, 222, 76, 229, 201, 171, 188, 182, 167, 9, 252, 6, 100, 96], [251, 106, 90, 59, 53, 96, 62, 66, 158, 255, 34, 210, 11, 18, 1, 175, 201, 221, 52, 156, 128, 154, 196, 8, 21, 253, 209, 18, 176, 216, 16, 198], [185, 160, 138, 61, 8, 153, 61, 96, 157, 232, 35, 180, 58, 213, 145, 41, 74, 134, 168, 217, 220, 186, 103, 53, 182, 151, 188, 38, 85, 246, 47, 245], [55, 240, 138, 3, 79, 49, 4, 9, 35, 73, 157, 68, 206, 35, 9, 62, 33, 5, 198, 108, 70, 84, 143, 188, 186, 59, 168, 3, 3, 145, 47, 28], [14, 84, 64, 50, 70, 234, 251, 48, 192, 39, 15, 125, 242, 188, 34, 182, 206, 217, 114, 80, 7, 116, 8, 151, 255, 85, 251, 39, 202, 152, 54, 229], [5, 139, 7, 211, 177, 56, 12, 59, 98, 208, 223, 22, 69, 54, 21, 176, 187, 43, 9, 63, 128, 228, 72, 237, 31, 163, 1, 28, 68, 108, 77, 188], [8, 56, 224, 9, 71, 224, 117, 55, 209, 66, 114, 26, 107, 155, 94, 203, 231, 107, 221, 103, 34, 44, 41, 74, 115, 248, 104, 8, 238, 0, 233, 21], [36, 51, 197, 155, 138, 206, 195, 8, 213, 36, 120, 38, 200, 22, 10, 141, 72, 178, 51, 234, 231, 179, 111, 178, 128, 71, 175, 14, 91, 200, 107, 174], [190, 82, 64, 120, 91, 42, 155, 116, 85, 1, 40, 76, 98, 61, 63, 124, 237, 207, 17, 180, 121, 251, 60, 134, 29, 133, 173, 36, 127, 203, 204, 47], [180, 227, 35, 34, 210, 59, 152, 224, 103, 125, 233, 72, 45, 203, 64, 12, 230, 45, 94, 59, 216, 63, 134, 194, 138, 246, 215, 47, 236, 52, 17, 42], [88, 57, 224, 195, 49, 160, 214, 243, 59, 105, 89, 75, 251, 26, 66, 5, 201, 117, 62, 4, 176, 164, 244, 90, 85, 201, 182, 11, 140, 213, 51, 198], [3, 43, 250, 184, 85, 242, 177, 70, 233, 163, 59, 7, 246, 120, 138, 153, 147, 129, 135, 54, 85, 157, 159, 117, 140, 201, 14, 16, 94, 24, 152, 14], [26, 116, 214, 7, 164, 186, 136, 32, 39, 49, 187, 66, 224, 108, 103, 4, 152, 168, 251, 55, 21, 160, 164, 53, 18, 30, 240, 14, 112, 150, 165, 204], [15, 95, 11, 109, 215, 46, 202, 240, 34, 55, 110, 189, 221, 32, 101, 249, 86, 108, 195, 200, 116, 157, 143, 59, 132, 210, 223, 41, 233, 228, 228, 201], [252, 23, 74, 52, 233, 15, 233, 71, 106, 57, 198, 84, 125, 235, 25, 125, 30, 157, 84, 128, 20, 0, 141, 171, 96, 48, 116, 33, 150, 133, 255, 73], [221, 155, 181, 210, 69, 103, 56, 26, 133, 13, 113, 51, 19, 16, 127, 163, 61, 210, 7, 42, 106, 22, 0, 85, 139, 138, 112, 37, 176, 115, 4, 189], [121, 107, 45, 160, 100, 224, 22, 176, 224, 67, 183, 228, 108, 119, 94, 74, 241, 236, 226, 151, 217, 1, 131, 79, 182, 66, 78, 42, 228, 185, 0, 85], [222, 110, 198, 84, 212, 167, 221, 72, 176, 122, 34, 47, 130, 78, 248, 9, 45, 23, 88, 35, 133, 79, 21, 98, 136, 147, 81, 10, 151, 137, 120, 27], [157, 32, 243, 155, 40, 234, 90, 184, 176, 38, 202, 178, 240, 224, 34, 55, 197, 88, 109, 32, 80, 158, 174, 145, 188, 11, 22, 6, 218, 73, 213, 192], [248, 37, 17, 79, 84, 198, 150, 6, 112, 18, 142, 146, 125, 134, 64, 124, 19, 232, 83, 230, 17, 135, 135, 19, 98, 176, 181, 17, 225, 148, 30, 136], [110, 42, 209, 78, 203, 250, 235, 115, 101, 185, 184, 146, 8, 72, 80, 108, 149, 21, 192, 243, 142, 135, 70, 187, 19, 126, 51, 10, 66, 143, 220, 8], [198, 109, 230, 1, 202, 153, 181, 195, 196, 254, 240, 42, 83, 30, 10, 236, 83, 250, 170, 240, 20, 161, 29, 198, 204, 27, 53, 34, 102, 104, 94, 80], [168, 97, 79, 237, 193, 207, 133, 244, 43, 177, 200, 4, 85, 16, 49, 21, 33, 48, 144, 196, 154, 24, 235, 37, 95, 208, 48, 38, 208, 124, 20, 57], [68, 247, 193, 160, 41, 152, 80, 98, 29, 69, 12, 26, 91, 239, 88, 49, 173, 97, 52, 161, 113, 153, 244, 34, 114, 206, 83, 4, 127, 157, 170, 100], [67, 241, 69, 189, 231, 40, 232, 251, 75, 248, 230, 219, 200, 217, 126, 187, 51, 52, 98, 159, 249, 13, 10, 47, 10, 172, 81, 45, 46, 227, 50, 103], [194, 129, 205, 160, 27, 50, 108, 156, 192, 166, 155, 38, 189, 64, 134, 202, 29, 211, 157, 156, 96, 209, 12, 217, 80, 165, 92, 32, 200, 95, 210, 115], [211, 154, 218, 126, 165, 161, 137, 108, 69, 114, 154, 187, 148, 126, 2, 198, 130, 17, 238, 24, 48, 146, 39, 178, 104, 162, 18, 3, 167, 213, 224, 173], [32, 12, 31, 247, 82, 190, 123, 27, 117, 6, 212, 93, 112, 220, 206, 139, 4, 43, 217, 235, 25, 137, 126, 236, 62, 223, 110, 16, 126, 57, 41, 79], [89, 75, 140, 37, 249, 35, 254, 143, 165, 160, 125, 229, 201, 139, 188, 15, 234, 36, 61, 144, 117, 167, 52, 243, 216, 220, 154, 43, 13, 200, 195, 58], [209, 135, 164, 91, 201, 3, 98, 142, 60, 89, 251, 117, 209, 12, 20, 126, 6, 129, 122, 1, 27, 238, 161, 150, 131, 52, 143, 17, 201, 195, 83, 137], [189, 64, 148, 22, 148, 166, 115, 216, 235, 201, 3, 178, 147, 204, 196, 113, 204, 32, 19, 40, 180, 248, 252, 237, 153, 113, 201, 4, 252, 70, 90, 149], [189, 118, 77, 188, 232, 240, 82, 28, 75, 36, 169, 103, 40, 42, 230, 68, 118, 72, 237, 177, 212, 23, 188, 27, 208, 110, 229, 39, 136, 221, 236, 114], [119, 161, 233, 252, 86, 163, 99, 189, 252, 215, 206, 29, 254, 189, 209, 20, 190, 117, 149, 67, 131, 122, 31, 169, 37, 43, 178, 27, 11, 61, 11, 238], [130, 131, 6, 169, 19, 113, 191, 189, 186, 189, 37, 108, 189, 175, 64, 83, 21, 237, 217, 45, 153, 88, 130, 180, 11, 206, 189, 31, 191, 31, 144, 101], [159, 234, 54, 63, 54, 39, 14, 171, 148, 146, 178, 121, 95, 154, 175, 108, 248, 207, 186, 116, 166, 37, 18, 56, 77, 35, 178, 20, 65, 91, 150, 149], [155, 114, 38, 183, 164, 123, 66, 89, 247, 162, 164, 254, 122, 164, 60, 53, 99, 63, 121, 178, 67, 128, 184, 216, 195, 75, 1, 45, 103, 79, 218, 9], [49, 48, 24, 186, 242, 224, 147, 173, 151, 202, 225, 250, 158, 93, 83, 180, 146, 109, 143, 57, 176, 204, 58, 79, 147, 2, 182, 2, 241, 38, 19, 106], [97, 136, 8, 12, 143, 97, 38, 107, 237, 183, 57, 11, 245, 4, 78, 130, 211, 32, 252, 69, 128, 148, 250, 45, 199, 84, 31, 30, 224, 173, 162, 206], [229, 91, 8, 130, 154, 233, 221, 186, 249, 159, 159, 156, 190, 250, 45, 205, 35, 216, 192, 126, 121, 211, 246, 145, 223, 75, 174, 45, 224, 252, 13, 67], [78, 232, 241, 198, 185, 245, 6, 184, 1, 4, 9, 176, 123, 75, 34, 2, 83, 183, 209, 141, 159, 243, 148, 135, 6, 127, 212, 45, 60, 144, 141, 143], [101, 116, 117, 214, 93, 81, 11, 92, 16, 91, 109, 246, 115, 202, 18, 213, 60, 133, 168, 162, 148, 42, 184, 198, 99, 178, 56, 1, 250, 203, 207, 186], [190, 79, 248, 203, 225, 204, 173, 22, 173, 106, 66, 132, 178, 140, 167, 170, 197, 65, 225, 0, 124, 59, 127, 139, 114, 148, 144, 42, 11, 109, 239, 72], [177, 23, 171, 101, 47, 121, 102, 12, 129, 15, 20, 161, 233, 141, 110, 172, 121, 192, 167, 21, 149, 117, 121, 26, 15, 156, 43, 47, 141, 2, 215, 139], [126, 242, 243, 168, 117, 229, 220, 53, 111, 255, 138, 234, 75, 214, 242, 28, 161, 162, 243, 19, 253, 203, 173, 149, 38, 99, 42, 6, 208, 42, 149, 155], [92, 180, 152, 226, 250, 74, 80, 170, 187, 70, 91, 138, 26, 195, 10, 62, 131, 124, 9, 150, 250, 177, 49, 7, 102, 249, 123, 31, 1, 3, 103, 57], [39, 107, 253, 199, 120, 110, 24, 47, 109, 124, 51, 83, 79, 116, 54, 212, 97, 102, 200, 11, 164, 108, 44, 78, 25, 131, 82, 14, 119, 210, 231, 60], [186, 215, 135, 89, 146, 127, 33, 190, 213, 35, 38, 13, 67, 149, 118, 67, 51, 201, 70, 34, 47, 238, 255, 217, 12, 85, 232, 16, 198, 84, 137, 151], [45, 21, 115, 61, 136, 38, 8, 170, 57, 45, 59, 16, 162, 108, 123, 157, 247, 54, 194, 182, 204, 30, 124, 243, 161, 176, 91, 1, 97, 160, 16, 22], [73, 74, 190, 90, 174, 191, 131, 232, 149, 99, 232, 222, 11, 29, 152, 206, 124, 80, 167, 187, 94, 247, 199, 35, 130, 118, 254, 1, 71, 93, 185, 138], [107, 246, 102, 100, 0, 212, 178, 230, 154, 13, 60, 36, 255, 181, 59, 96, 255, 156, 32, 144, 186, 155, 37, 250, 63, 105, 146, 48, 230, 92, 108, 194], [205, 65, 98, 225, 222, 10, 238, 127, 251, 6, 153, 184, 81, 59, 233, 178, 57, 245, 168, 252, 202, 168, 105, 189, 240, 215, 101, 46, 174, 205, 84, 242], [115, 202, 220, 65, 1, 86, 94, 31, 98, 59, 50, 124, 152, 125, 19, 204, 231, 139, 213, 226, 4, 134, 120, 146, 85, 240, 179, 27, 224, 187, 116, 219], [242, 7, 142, 67, 68, 147, 149, 235, 19, 204, 77, 121, 239, 74, 240, 112, 190, 83, 175, 227, 211, 215, 180, 51, 187, 195, 206, 15, 202, 50, 6, 40], [157, 151, 183, 16, 196, 152, 134, 215, 1, 27, 224, 43, 15, 187, 208, 122, 57, 88, 122, 246, 72, 253, 227, 112, 70, 98, 210, 28, 103, 65, 8, 253], [35, 132, 146, 248, 72, 55, 220, 124, 125, 158, 51, 30, 110, 13, 145, 16, 248, 241, 160, 212, 85, 200, 124, 173, 183, 138, 149, 32, 74, 167, 123, 82], [86, 74, 172, 146, 228, 203, 51, 178, 72, 63, 23, 91, 207, 204, 121, 28, 22, 176, 204, 41, 226, 249, 3, 89, 143, 217, 189, 2, 54, 241, 85, 170], [145, 136, 154, 151, 98, 178, 5, 169, 185, 135, 106, 2, 2, 179, 122, 181, 106, 38, 59, 80, 19, 247, 21, 137, 34, 15, 183, 46, 221, 58, 220, 52], [35, 176, 224, 74, 211, 216, 252, 120, 116, 138, 167, 95, 52, 249, 24, 115, 131, 40, 163, 40, 198, 1, 253, 177, 78, 152, 9, 21, 17, 12, 39, 46], [133, 3, 134, 164, 42, 24, 108, 191, 215, 226, 22, 149, 91, 165, 6, 204, 75, 31, 21, 104, 22, 169, 27, 88, 80, 63, 173, 1, 69, 20, 161, 120], [121, 120, 45, 179, 177, 11, 119, 239, 5, 12, 120, 140, 128, 233, 240, 176, 179, 43, 14, 93, 86, 246, 145, 126, 88, 90, 114, 22, 192, 247, 54, 103], [105, 4, 149, 174, 144, 6, 122, 129, 144, 162, 204, 43, 178, 246, 252, 216, 110, 123, 221, 176, 91, 248, 219, 192, 250, 221, 217, 39, 93, 186, 142, 200], [240, 28, 174, 41, 153, 193, 116, 224, 81, 98, 251, 44, 82, 129, 118, 216, 50, 155, 76, 126, 18, 113, 5, 49, 214, 36, 150, 30, 135, 5, 70, 113], [173, 135, 139, 141, 252, 195, 247, 230, 0, 200, 180, 107, 171, 97, 132, 168, 71, 202, 114, 7, 206, 167, 85, 32, 120, 112, 138, 8, 25, 212, 153, 111], [104, 185, 98, 248, 10, 164, 79, 151, 188, 68, 201, 1, 107, 242, 131, 148, 182, 95, 105, 136, 179, 180, 240, 212, 193, 143, 215, 27, 45, 152, 62, 214], [156, 4, 221, 156, 173, 38, 180, 114, 171, 48, 52, 59, 157, 63, 153, 166, 239, 246, 38, 39, 36, 140, 238, 46, 130, 240, 54, 21, 231, 51, 142, 208], [136, 90, 192, 181, 10, 0, 118, 216, 57, 105, 164, 174, 111, 251, 35, 153, 33, 147, 68, 72, 146, 206, 197, 73, 194, 103, 72, 6, 26, 101, 62, 2], [122, 135, 67, 159, 223, 163, 189, 245, 229, 57, 77, 92, 192, 24, 232, 218, 198, 78, 41, 145, 5, 20, 67, 178, 240, 93, 45, 27, 217, 12, 156, 128], [108, 244, 222, 214, 67, 121, 24, 218, 229, 12, 30, 72, 225, 75, 227, 175, 110, 121, 168, 245, 125, 228, 233, 128, 171, 26, 77, 43, 48, 8, 118, 241], [57, 127, 168, 164, 244, 44, 76, 43, 148, 104, 116, 69, 186, 179, 13, 246, 182, 92, 193, 135, 137, 67, 33, 194, 255, 159, 71, 24, 76, 101, 240, 210], [221, 79, 246, 14, 217, 244, 50, 59, 163, 136, 92, 143, 78, 106, 156, 140, 226, 229, 75, 127, 63, 55, 86, 12, 4, 161, 105, 25, 23, 245, 6, 231], [220, 12, 120, 151, 152, 157, 37, 61, 253, 1, 13, 82, 163, 164, 115, 139, 255, 232, 142, 48, 160, 92, 16, 31, 115, 174, 28, 24, 38, 147, 246, 205], [124, 71, 111, 20, 250, 93, 5, 208, 200, 134, 154, 102, 146, 179, 132, 5, 197, 14, 222, 253, 62, 150, 29, 36, 62, 75, 199, 25, 88, 247, 175, 145], [228, 194, 239, 223, 13, 133, 9, 203, 131, 218, 160, 209, 230, 7, 166, 140, 213, 118, 15, 184, 251, 214, 255, 230, 86, 227, 130, 3, 17, 187, 150, 63], [67, 52, 21, 217, 2, 113, 18, 44, 1, 211, 92, 126, 156, 2, 95, 254, 142, 203, 87, 44, 126, 227, 80, 153, 25, 3, 66, 41, 239, 5, 205, 70], [50, 201, 48, 92, 127, 69, 104, 157, 13, 144, 224, 197, 118, 80, 219, 244, 224, 206, 64, 0, 46, 201, 49, 250, 27, 107, 225, 44, 47, 97, 148, 1], [198, 165, 45, 219, 136, 203, 111, 105, 194, 80, 241, 213, 160, 151, 243, 193, 99, 34, 184, 202, 187, 242, 246, 3, 41, 141, 118, 27, 72, 5, 3, 173], [145, 156, 144, 64, 37, 160, 253, 66, 155, 150, 178, 209, 75, 119, 191, 63, 143, 142, 27, 32, 169, 177, 99, 170, 104, 108, 125, 14, 209, 218, 255, 145], [233, 143, 176, 163, 228, 235, 162, 171, 111, 161, 222, 174, 0, 156, 51, 218, 57, 96, 131, 137, 63, 57, 58, 11, 174, 204, 189, 15, 255, 247, 121, 43], [133, 239, 143, 251, 103, 42, 116, 37, 246, 211, 206, 197, 17, 225, 193, 65, 39, 183, 52, 152, 128, 238, 205, 54, 10, 226, 230, 33, 81, 73, 188, 65], [141, 60, 70, 80, 239, 123, 217, 231, 29, 60, 189, 247, 85, 47, 63, 98, 212, 121, 14, 124, 229, 16, 117, 113, 99, 87, 62, 38, 162, 205, 36, 93], [35, 45, 255, 93, 250, 163, 250, 200, 42, 167, 41, 153, 225, 156, 49, 66, 226, 6, 110, 52, 33, 159, 125, 21, 109, 15, 133, 41, 40, 128, 19, 196], [33, 31, 33, 151, 15, 78, 40, 121, 120, 116, 89, 199, 199, 10, 186, 97, 85, 208, 36, 137, 46, 142, 128, 205, 28, 133, 218, 35, 165, 47, 88, 123], [243, 94, 33, 222, 146, 38, 119, 159, 102, 195, 87, 254, 123, 187, 79, 63, 212, 62, 226, 131, 8, 1, 180, 203, 5, 63, 223, 6, 65, 236, 151, 141], [219, 51, 128, 209, 69, 105, 125, 72, 129, 98, 62, 66, 108, 7, 54, 187, 222, 32, 230, 190, 227, 154, 93, 208, 107, 75, 192, 37, 13, 168, 231, 193], [173, 205, 219, 44, 223, 103, 249, 209, 40, 75, 1, 137, 58, 208, 177, 118, 121, 93, 37, 186, 135, 175, 125, 21, 187, 247, 147, 18, 21, 35, 216, 218], [247, 95, 114, 199, 145, 8, 63, 214, 202, 235, 211, 70, 136, 33, 198, 110, 177, 186, 55, 124, 63, 142, 31, 100, 33, 213, 124, 31, 58, 85, 149, 22], [105, 190, 68, 15, 174, 98, 120, 150, 104, 31, 128, 14, 35, 136, 207, 10, 61, 232, 42, 254, 161, 240, 179, 203, 183, 86, 208, 29, 185, 23, 94, 122], [254, 203, 172, 58, 120, 138, 214, 196, 159, 169, 243, 63, 14, 64, 202, 118, 7, 8, 217, 252, 210, 219, 185, 192, 91, 153, 147, 47, 46, 147, 2, 28], [7, 41, 118, 90, 94, 60, 183, 231, 91, 162, 48, 15, 208, 165, 227, 7, 225, 118, 47, 221, 51, 64, 96, 100, 55, 193, 69, 11, 76, 123, 233, 37], [126, 138, 180, 13, 27, 13, 222, 179, 198, 250, 175, 52, 68, 159, 144, 207, 225, 150, 145, 147, 165, 67, 112, 132, 36, 37, 59, 53, 25, 106, 122, 188], [15, 99, 170, 225, 46, 142, 186, 128, 53, 200, 80, 136, 141, 178, 157, 121, 213, 206, 32, 219, 245, 95, 209, 124, 59, 141, 30, 37, 89, 114, 165, 34], [137, 107, 248, 70, 107, 175, 169, 200, 124, 183, 123, 51, 134, 176, 187, 100, 136, 24, 246, 188, 234, 108, 7, 34, 101, 31, 65, 32, 187, 120, 242, 84], [17, 155, 178, 180, 136, 143, 68, 217, 198, 188, 50, 147, 149, 225, 131, 40, 79, 50, 175, 108, 227, 129, 251, 237, 89, 5, 76, 5, 87, 58, 162, 233], [235, 20, 237, 163, 191, 149, 219, 44, 177, 115, 243, 178, 8, 135, 180, 27, 24, 239, 194, 55, 31, 247, 117, 27, 100, 250, 250, 43, 140, 132, 138, 131], [5, 241, 109, 135, 4, 59, 45, 143, 202, 173, 78, 4, 200, 118, 253, 88, 103, 19, 161, 75, 70, 30, 54, 243, 24, 73, 24, 43, 237, 62, 36, 65], [15, 241, 84, 23, 219, 204, 104, 6, 115, 112, 91, 51, 235, 162, 123, 127, 215, 246, 121, 131, 44, 57, 79, 35, 226, 129, 117, 38, 238, 169, 157, 169], [188, 117, 80, 83, 89, 224, 185, 253, 161, 41, 148, 86, 205, 168, 156, 219, 90, 70, 189, 217, 212, 95, 8, 167, 90, 133, 110, 6, 10, 172, 221, 47], [239, 131, 235, 96, 43, 235, 216, 75, 169, 204, 245, 105, 6, 193, 245, 88, 139, 139, 182, 40, 100, 194, 149, 7, 118, 21, 188, 53, 89, 83, 223, 46], [90, 22, 208, 232, 51, 234, 183, 106, 239, 64, 237, 64, 144, 175, 228, 165, 91, 255, 146, 222, 84, 64, 41, 58, 24, 201, 245, 41, 253, 49, 126, 32], [204, 48, 72, 97, 187, 63, 21, 31, 109, 99, 49, 220, 80, 44, 139, 74, 180, 181, 175, 138, 136, 68, 100, 76, 232, 8, 72, 11, 246, 90, 146, 61], [107, 52, 91, 113, 121, 184, 75, 201, 194, 78, 76, 169, 188, 28, 170, 86, 197, 28, 73, 30, 117, 97, 249, 105, 180, 232, 136, 44, 99, 102, 147, 176], [202, 204, 99, 50, 149, 207, 176, 249, 114, 7, 14, 18, 250, 172, 74, 10, 240, 197, 113, 131, 124, 145, 193, 131, 229, 244, 229, 43, 81, 162, 234, 154], [171, 87, 197, 202, 19, 18, 38, 159, 206, 27, 53, 238, 160, 59, 215, 42, 241, 40, 7, 154, 180, 62, 56, 119, 190, 101, 219, 3, 65, 136, 38, 217], [63, 132, 78, 174, 56, 174, 46, 219, 111, 63, 85, 195, 188, 227, 162, 32, 11, 103, 160, 133, 83, 43, 211, 207, 212, 253, 136, 36, 43, 44, 203, 155], [230, 249, 36, 252, 242, 81, 182, 8, 194, 115, 200, 84, 67, 49, 248, 179, 116, 218, 115, 195, 254, 8, 150, 76, 105, 197, 229, 34, 231, 116, 153, 225], [36, 21, 175, 50, 141, 192, 126, 185, 163, 61, 163, 179, 140, 205, 193, 2, 23, 159, 90, 169, 132, 195, 59, 196, 183, 68, 142, 20, 28, 209, 177, 60], [48, 146, 251, 63, 154, 120, 187, 95, 207, 246, 184, 66, 26, 39, 137, 205, 65, 107, 220, 244, 42, 151, 155, 148, 9, 137, 126, 13, 48, 189, 184, 78], [91, 72, 228, 241, 239, 31, 250, 43, 108, 31, 101, 67, 209, 34, 174, 10, 127, 218, 65, 55, 38, 2, 200, 196, 117, 191, 225, 2, 172, 162, 31, 93], [34, 4, 198, 5, 77, 34, 174, 240, 19, 72, 218, 35, 81, 148, 46, 145, 154, 157, 227, 95, 148, 114, 1, 3, 33, 12, 119, 46, 90, 233, 16, 11], [88, 96, 35, 240, 209, 67, 94, 38, 234, 192, 106, 110, 90, 243, 147, 104, 60, 23, 232, 21, 221, 130, 42, 147, 117, 48, 239, 34, 155, 90, 93, 123], [244, 135, 90, 54, 64, 168, 195, 119, 125, 34, 167, 115, 12, 196, 82, 240, 27, 168, 108, 88, 149, 45, 48, 222, 81, 66, 237, 1, 30, 21, 226, 39], [104, 187, 16, 223, 1, 12, 192, 218, 162, 132, 171, 9, 177, 210, 174, 236, 13, 205, 246, 34, 160, 140, 26, 187, 246, 96, 61, 16, 109, 189, 70, 199], [83, 68, 203, 142, 212, 230, 124, 160, 239, 152, 176, 34, 248, 126, 227, 8, 242, 218, 68, 245, 95, 169, 103, 215, 104, 234, 240, 14, 49, 13, 198, 243], [110, 79, 150, 115, 21, 254, 150, 158, 239, 165, 17, 181, 230, 98, 186, 202, 147, 78, 76, 109, 58, 190, 76, 252, 221, 227, 205, 22, 218, 63, 54, 17], [195, 71, 85, 173, 184, 227, 244, 199, 161, 209, 208, 116, 101, 217, 157, 120, 196, 106, 11, 195, 201, 246, 201, 9, 10, 100, 115, 33, 68, 86, 201, 82], [236, 238, 176, 22, 142, 19, 30, 37, 208, 211, 123, 30, 119, 71, 70, 44, 255, 103, 81, 99, 166, 197, 252, 251, 88, 146, 111, 10, 110, 139, 108, 90], [131, 34, 179, 215, 237, 113, 97, 77, 219, 87, 56, 46, 26, 250, 222, 68, 241, 190, 244, 227, 89, 153, 81, 222, 186, 222, 230, 18, 9, 206, 248, 0], [188, 28, 164, 2, 75, 51, 241, 54, 82, 60, 216, 155, 91, 31, 225, 158, 194, 65, 143, 18, 149, 182, 204, 13, 67, 248, 70, 14, 217, 113, 16, 126], [147, 105, 109, 100, 159, 88, 16, 27, 182, 18, 73, 105, 67, 94, 162, 60, 197, 134, 91, 212, 207, 6, 224, 2, 184, 111, 125, 29, 197, 172, 161, 204], [241, 37, 34, 171, 70, 13, 78, 164, 186, 93, 129, 224, 19, 255, 21, 146, 46, 25, 243, 40, 155, 132, 33, 214, 62, 168, 43, 15, 68, 166, 128, 32], [255, 98, 37, 216, 69, 221, 57, 34, 46, 168, 236, 226, 87, 14, 233, 24, 216, 143, 112, 229, 215, 189, 187, 88, 132, 105, 225, 44, 208, 68, 28, 2], [54, 125, 135, 149, 160, 241, 203, 252, 37, 77, 245, 22, 248, 125, 56, 124, 65, 173, 7, 65, 59, 13, 105, 48, 242, 166, 100, 12, 3, 87, 252, 183], [23, 41, 251, 99, 71, 237, 55, 70, 99, 194, 148, 180, 5, 74, 152, 104, 222, 181, 223, 210, 81, 226, 117, 136, 238, 228, 130, 3, 41, 208, 124, 232], [87, 235, 40, 189, 139, 40, 64, 187, 109, 49, 220, 96, 252, 57, 226, 129, 9, 50, 134, 171, 125, 8, 136, 45, 199, 108, 197, 47, 110, 199, 189, 66], [111, 198, 11, 178, 153, 122, 213, 19, 67, 140, 109, 164, 185, 163, 243, 224, 145, 120, 193, 49, 182, 58, 148, 137, 150, 47, 116, 1, 115, 122, 174, 14], [32, 231, 246, 176, 64, 152, 253, 153, 204, 124, 136, 227, 109, 145, 156, 216, 186, 126, 42, 34, 94, 241, 22, 125, 147, 200, 164, 27, 217, 53, 191, 149], [167, 197, 20, 138, 243, 79, 156, 84, 78, 222, 19, 243, 163, 180, 141, 160, 36, 205, 142, 134, 115, 101, 157, 87, 220, 30, 240, 46, 122, 131, 55, 200], [251, 19, 28, 123, 149, 0, 81, 157, 38, 236, 24, 76, 134, 121, 214, 172, 211, 118, 82, 192, 42, 23, 120, 102, 194, 74, 128, 13, 72, 167, 0, 192], [249, 21, 56, 207, 58, 99, 106, 110, 54, 114, 143, 67, 54, 113, 229, 44, 62, 119, 78, 75, 133, 197, 160, 104, 63, 47, 108, 32, 233, 43, 148, 28], [111, 159, 104, 229, 53, 30, 57, 192, 43, 207, 150, 41, 176, 14, 9, 221, 155, 254, 79, 131, 56, 205, 186, 105, 165, 195, 78, 12, 255, 85, 124, 24], [29, 118, 232, 108, 82, 103, 7, 250, 90, 248, 241, 83, 39, 231, 155, 84, 120, 206, 1, 109, 164, 218, 144, 120, 51, 31, 248, 15, 77, 132, 53, 22], [242, 120, 122, 125, 39, 198, 149, 39, 146, 163, 178, 228, 172, 36, 127, 0, 224, 73, 23, 163, 163, 132, 101, 30, 59, 66, 172, 0, 140, 181, 170, 222], [214, 46, 220, 145, 76, 217, 252, 179, 12, 1, 52, 29, 232, 192, 180, 250, 69, 166, 29, 227, 39, 33, 100, 218, 202, 127, 113, 16, 129, 18, 99, 201], [222, 218, 80, 168, 131, 44, 173, 108, 114, 10, 91, 95, 236, 32, 35, 181, 23, 113, 187, 249, 73, 108, 11, 49, 5, 98, 183, 26, 187, 71, 210, 249], [63, 93, 68, 170, 64, 241, 116, 180, 132, 105, 77, 122, 117, 151, 204, 134, 112, 159, 50, 213, 1, 127, 205, 6, 168, 206, 242, 31, 249, 0, 77, 139], [77, 112, 92, 199, 24, 21, 188, 32, 48, 2, 93, 144, 112, 58, 223, 150, 79, 143, 236, 152, 241, 23, 80, 252, 22, 134, 121, 33, 39, 77, 209, 169], [164, 60, 253, 20, 98, 47, 45, 120, 54, 38, 86, 175, 80, 226, 247, 239, 125, 202, 19, 105, 227, 244, 196, 73, 51, 134, 34, 3, 60, 228, 148, 138], [165, 9, 150, 38, 237, 38, 131, 7, 156, 177, 25, 170, 222, 132, 250, 131, 127, 72, 186, 226, 133, 225, 41, 58, 32, 105, 205, 8, 32, 176, 171, 46], [114, 79, 35, 39, 43, 155, 68, 240, 90, 68, 43, 232, 12, 118, 137, 145, 56, 123, 60, 79, 70, 171, 108, 151, 63, 200, 65, 45, 177, 80, 43, 209], [4, 193, 36, 151, 3, 97, 129, 104, 57, 84, 47, 237, 145, 21, 247, 65, 71, 108, 125, 146, 221, 203, 14, 61, 177, 187, 223, 42, 55, 55, 10, 216], [63, 241, 199, 203, 67, 68, 6, 71, 52, 121, 52, 67, 68, 128, 175, 94, 10, 148, 138, 123, 194, 84, 253, 85, 178, 208, 241, 36, 76, 142, 99, 151], [33, 241, 179, 98, 107, 230, 255, 219, 8, 14, 208, 205, 175, 200, 19, 68, 22, 245, 97, 163, 158, 19, 25, 246, 39, 133, 218, 15, 16, 198, 114, 0], [215, 154, 88, 112, 73, 134, 107, 33, 93, 241, 76, 84, 25, 216, 209, 34, 172, 177, 197, 60, 103, 75, 52, 139, 192, 125, 114, 11, 146, 26, 243, 135], [150, 34, 146, 88, 23, 6, 219, 154, 168, 28, 133, 113, 57, 144, 229, 131, 221, 216, 113, 249, 92, 136, 226, 162, 135, 70, 38, 46, 27, 9, 92, 206], [211, 165, 196, 210, 88, 107, 146, 217, 128, 70, 110, 214, 13, 197, 195, 249, 89, 156, 13, 76, 88, 22, 154, 97, 66, 82, 216, 8, 210, 241, 209, 239], [48, 114, 239, 233, 153, 120, 138, 235, 43, 145, 9, 214, 63, 179, 21, 4, 18, 170, 69, 34, 225, 75, 184, 51, 176, 201, 82, 21, 44, 244, 32, 10], [67, 230, 91, 105, 52, 95, 223, 142, 16, 36, 19, 193, 79, 147, 189, 135, 92, 169, 66, 108, 209, 137, 151, 127, 48, 252, 139, 39, 55, 120, 189, 233], [58, 34, 102, 119, 41, 93, 51, 46, 116, 135, 106, 28, 123, 242, 238, 32, 7, 49, 57, 11, 44, 162, 126, 182, 181, 221, 112, 13, 184, 70, 190, 54], [47, 64, 225, 65, 61, 98, 86, 76, 218, 141, 199, 53, 220, 208, 242, 254, 203, 165, 53, 110, 8, 218, 36, 108, 155, 113, 239, 30, 115, 96, 249, 44], [92, 252, 255, 87, 8, 171, 54, 2, 70, 215, 30, 95, 104, 74, 83, 165, 42, 153, 186, 70, 239, 236, 47, 238, 95, 155, 248, 7, 143, 182, 190, 161], [231, 75, 63, 250, 79, 104, 27, 28, 183, 220, 185, 97, 129, 135, 142, 130, 234, 159, 26, 74, 33, 198, 12, 117, 215, 220, 116, 17, 151, 205, 255, 127], [138, 50, 133, 102, 125, 142, 5, 12, 27, 5, 18, 137, 138, 91, 110, 34, 94, 217, 47, 207, 154, 21, 213, 236, 186, 248, 191, 15, 82, 132, 253, 78], [79, 134, 50, 17, 28, 78, 106, 236, 73, 7, 224, 249, 231, 150, 20, 242, 114, 162, 19, 92, 8, 41, 179, 167, 186, 110, 20, 39, 192, 222, 202, 131], [167, 189, 200, 38, 53, 35, 181, 167, 171, 53, 115, 184, 246, 41, 210, 182, 223, 90, 49, 103, 25, 161, 195, 63, 188, 182, 47, 20, 245, 120, 127, 137], [199, 5, 238, 42, 113, 124, 7, 124, 71, 99, 161, 157, 117, 193, 108, 143, 67, 163, 60, 92, 33, 119, 126, 57, 184, 223, 79, 9, 72, 23, 95, 134], [212, 10, 203, 173, 57, 0, 219, 247, 197, 219, 124, 25, 63, 154, 224, 117, 164, 128, 54, 229, 79, 141, 54, 170, 253, 109, 39, 27, 5, 12, 51, 100], [108, 154, 18, 174, 138, 71, 208, 230, 205, 8, 179, 195, 76, 234, 191, 136, 94, 159, 192, 203, 150, 236, 79, 218, 200, 119, 193, 43, 206, 122, 231, 15], [253, 45, 34, 42, 151, 117, 99, 141, 60, 200, 42, 22, 6, 159, 31, 78, 144, 122, 219, 149, 213, 22, 5, 118, 171, 200, 231, 28, 66, 241, 73, 116], [170, 241, 13, 142, 2, 131, 161, 129, 195, 97, 206, 211, 16, 110, 193, 248, 87, 166, 143, 236, 146, 179, 225, 6, 170, 214, 162, 4, 77, 101, 78, 41], [231, 76, 109, 156, 24, 197, 66, 69, 192, 170, 219, 145, 208, 89, 98, 62, 235, 221, 218, 196, 218, 225, 0, 190, 157, 159, 254, 28, 144, 36, 229, 167], [252, 85, 102, 121, 158, 179, 232, 183, 146, 52, 2, 128, 193, 214, 54, 182, 72, 221, 196, 86, 244, 68, 93, 50, 251, 199, 186, 42, 73, 70, 222, 83], [63, 173, 157, 174, 232, 58, 255, 30, 249, 120, 12, 197, 148, 145, 172, 222, 227, 237, 40, 159, 136, 0, 242, 119, 114, 84, 243, 31, 183, 216, 151, 48], [26, 54, 186, 194, 238, 22, 137, 176, 254, 53, 127, 23, 156, 129, 74, 203, 109, 104, 139, 97, 53, 91, 212, 174, 119, 134, 169, 5, 74, 57, 128, 129], [33, 99, 231, 242, 87, 147, 175, 136, 67, 70, 200, 210, 33, 142, 201, 35, 29, 218, 172, 70, 241, 250, 226, 9, 93, 152, 104, 5, 206, 231, 179, 219], [188, 157, 220, 127, 47, 251, 22, 173, 91, 227, 182, 68, 242, 60, 255, 40, 240, 45, 115, 168, 227, 77, 36, 102, 49, 146, 36, 32, 35, 207, 133, 174], [193, 22, 184, 165, 20, 32, 146, 9, 206, 113, 156, 26, 252, 47, 189, 22, 201, 112, 93, 11, 150, 180, 181, 196, 145, 151, 247, 45, 121, 21, 201, 252], [89, 238, 67, 188, 93, 207, 90, 187, 53, 135, 202, 82, 107, 27, 130, 88, 198, 23, 221, 15, 70, 82, 13, 123, 65, 188, 63, 16, 91, 159, 49, 15], [171, 223, 108, 114, 41, 246, 153, 203, 76, 1, 6, 73, 230, 193, 123, 250, 246, 207, 85, 22, 201, 220, 71, 116, 87, 111, 5, 25, 34, 106, 222, 82], [28, 202, 0, 10, 154, 109, 194, 92, 180, 22, 230, 222, 141, 42, 207, 184, 2, 4, 175, 116, 55, 229, 199, 17, 213, 96, 70, 26, 108, 151, 166, 34], [240, 168, 173, 221, 128, 220, 193, 171, 117, 187, 75, 232, 49, 51, 109, 232, 168, 62, 85, 24, 245, 236, 69, 93, 40, 76, 223, 16, 37, 147, 158, 133], [250, 193, 31, 50, 243, 92, 175, 11, 221, 83, 155, 184, 207, 45, 178, 200, 179, 65, 161, 67, 242, 186, 105, 207, 157, 237, 29, 22, 47, 83, 255, 53], [74, 234, 217, 190, 128, 216, 245, 73, 140, 144, 201, 88, 65, 248, 183, 112, 101, 33, 179, 160, 246, 218, 146, 239, 28, 20, 226, 4, 255, 98, 150, 145], [124, 8, 20, 251, 112, 121, 198, 183, 49, 220, 246, 111, 171, 244, 63, 100, 114, 94, 85, 254, 134, 203, 117, 226, 235, 202, 53, 24, 160, 186, 99, 88], [78, 213, 126, 112, 151, 242, 108, 188, 3, 89, 147, 228, 37, 36, 8, 10, 240, 24, 232, 228, 111, 22, 247, 240, 65, 220, 14, 32, 72, 154, 230, 70], [154, 131, 12, 65, 28, 81, 171, 176, 95, 142, 138, 39, 178, 99, 65, 29, 68, 231, 250, 185, 162, 212, 187, 254, 134, 131, 46, 24, 61, 18, 37, 214], [14, 29, 24, 29, 169, 47, 99, 102, 244, 48, 210, 192, 101, 147, 28, 243, 227, 124, 215, 146, 111, 26, 9, 49, 24, 181, 178, 12, 230, 9, 64, 220], [63, 71, 174, 93, 5, 30, 200, 224, 13, 193, 19, 31, 255, 175, 211, 17, 188, 101, 52, 148, 165, 28, 97, 94, 138, 54, 55, 15, 140, 198, 144, 111], [131, 2, 16, 118, 1, 141, 168, 232, 97, 7, 5, 9, 146, 199, 155, 10, 42, 181, 169, 22, 229, 250, 108, 249, 216, 13, 234, 33, 97, 243, 60, 252], [214, 68, 114, 222, 135, 172, 169, 135, 131, 169, 109, 120, 94, 168, 173, 111, 250, 223, 27, 36, 132, 131, 208, 130, 232, 23, 45, 33, 117, 223, 1, 90], [7, 52, 4, 3, 180, 101, 82, 42, 110, 56, 195, 102, 46, 244, 79, 176, 37, 183, 124, 155, 114, 188, 211, 120, 32, 127, 226, 21, 158, 54, 186, 10], [191, 131, 168, 98, 32, 214, 140, 168, 58, 130, 234, 124, 14, 135, 183, 121, 168, 90, 163, 61, 172, 51, 76, 43, 141, 72, 232, 43, 222, 48, 147, 184], [204, 245, 42, 152, 193, 49, 36, 242, 163, 120, 212, 126, 232, 19, 95, 205, 13, 197, 152, 104, 50, 131, 205, 74, 8, 40, 240, 42, 169, 198, 194, 205], [87, 8, 120, 217, 108, 244, 228, 191, 86, 232, 150, 26, 79, 209, 201, 7, 14, 235, 172, 122, 125, 108, 229, 181, 229, 5, 124, 4, 149, 208, 25, 6], [43, 184, 73, 20, 72, 5, 169, 87, 145, 77, 215, 58, 197, 206, 60, 111, 170, 11, 13, 63, 196, 45, 130, 233, 98, 117, 197, 30, 6, 162, 221, 59], [78, 129, 77, 157, 10, 73, 251, 98, 146, 113, 190, 31, 217, 77, 244, 9, 131, 239, 9, 13, 101, 192, 72, 174, 225, 160, 8, 32, 164, 194, 189, 67], [136, 181, 103, 0, 141, 148, 45, 132, 242, 99, 137, 12, 106, 65, 216, 172, 8, 90, 190, 24, 68, 211, 106, 222, 85, 109, 207, 28, 65, 91, 159, 156], [200, 10, 211, 158, 130, 129, 118, 5, 255, 248, 194, 119, 132, 10, 141, 119, 51, 86, 70, 171, 196, 223, 232, 50, 145, 173, 91, 16, 68, 202, 207, 77], [135, 182, 248, 109, 243, 41, 104, 248, 55, 152, 155, 234, 236, 87, 160, 114, 9, 18, 168, 233, 123, 70, 72, 255, 192, 234, 236, 38, 5, 169, 146, 247], [25, 207, 129, 127, 223, 254, 177, 212, 33, 103, 100, 250, 142, 188, 151, 130, 86, 5, 57, 156, 194, 144, 66, 190, 192, 254, 7, 45, 126, 190, 100, 47], [102, 148, 115, 158, 119, 176, 119, 38, 200, 127, 158, 95, 171, 133, 216, 198, 41, 168, 234, 92, 9, 82, 86, 245, 137, 117, 170, 39, 66, 84, 234, 224], [252, 188, 158, 188, 173, 203, 191, 147, 111, 3, 29, 157, 206, 155, 233, 254, 95, 64, 23, 28, 103, 15, 239, 34, 178, 79, 92, 3, 17, 18, 216, 92], [255, 116, 109, 183, 128, 162, 51, 127, 185, 34, 131, 251, 165, 170, 249, 64, 127, 2, 100, 16, 76, 37, 223, 30, 101, 156, 145, 25, 96, 72, 17, 79], [112, 205, 82, 128, 141, 185, 62, 157, 90, 201, 55, 171, 191, 101, 255, 148, 162, 26, 100, 81, 213, 157, 99, 60, 16, 229, 216, 39, 25, 153, 195, 41], [183, 49, 157, 208, 17, 147, 114, 106, 178, 76, 127, 203, 20, 133, 94, 107, 217, 107, 209, 210, 226, 135, 145, 178, 129, 54, 230, 13, 231, 180, 107, 137], [166, 190, 205, 187, 255, 16, 51, 203, 54, 161, 73, 236, 157, 242, 129, 236, 19, 43, 236, 102, 84, 2, 206, 164, 98, 105, 139, 8, 162, 19, 199, 38], [222, 197, 44, 78, 14, 12, 23, 48, 35, 245, 219, 112, 0, 209, 213, 176, 233, 91, 125, 200, 124, 94, 163, 71, 156, 204, 204, 0, 103, 134, 86, 132], [113, 2, 74, 98, 128, 45, 177, 70, 28, 86, 125, 196, 199, 62, 103, 254, 91, 154, 234, 230, 82, 228, 68, 158, 176, 215, 148, 23, 20, 28, 135, 251], [110, 49, 237, 68, 96, 154, 54, 236, 32, 144, 210, 12, 98, 203, 120, 223, 161, 38, 69, 216, 28, 112, 67, 244, 225, 177, 28, 26, 224, 118, 38, 84], [165, 137, 214, 217, 12, 157, 192, 33, 117, 20, 4, 211, 149, 25, 26, 131, 90, 171, 101, 209, 214, 187, 236, 66, 194, 118, 207, 24, 252, 4, 8, 1], [211, 72, 239, 14, 102, 89, 181, 58, 43, 180, 185, 242, 187, 80, 108, 134, 120, 84, 226, 109, 160, 30, 12, 112, 145, 247, 55, 46, 60, 27, 89, 255], [221, 124, 147, 49, 137, 221, 84, 96, 63, 121, 52, 230, 175, 210, 161, 207, 88, 78, 72, 99, 48, 83, 144, 148, 4, 78, 253, 25, 254, 191, 166, 196], [165, 216, 197, 118, 210, 126, 134, 147, 194, 251, 5, 117, 245, 124, 185, 76, 10, 163, 42, 148, 77, 195, 158, 245, 159, 209, 76, 12, 11, 226, 35, 217], [56, 15, 141, 10, 4, 237, 28, 8, 82, 241, 76, 177, 173, 133, 223, 177, 93, 247, 7, 85, 249, 76, 161, 76, 110, 0, 103, 22, 237, 170, 156, 15], [139, 242, 252, 111, 237, 28, 157, 164, 46, 223, 12, 155, 82, 224, 163, 107, 101, 173, 203, 112, 184, 148, 166, 95, 162, 192, 98, 27, 196, 77, 122, 137], [86, 165, 149, 239, 85, 51, 126, 68, 128, 116, 229, 249, 126, 94, 78, 37, 88, 133, 46, 13, 228, 206, 252, 72, 118, 233, 70, 9, 207, 59, 133, 104], [131, 120, 91, 164, 83, 112, 244, 61, 174, 147, 172, 183, 117, 69, 53, 221, 92, 218, 74, 85, 221, 58, 184, 124, 177, 156, 94, 11, 131, 175, 2, 79], [192, 230, 138, 76, 55, 151, 243, 35, 17, 246, 155, 157, 222, 249, 50, 92, 94, 192, 33, 171, 69, 209, 52, 152, 252, 100, 29, 39, 5, 253, 95, 189], [173, 26, 66, 70, 77, 12, 152, 9, 194, 31, 98, 11, 40, 105, 136, 34, 157, 173, 120, 215, 201, 107, 241, 181, 220, 174, 150, 38, 203, 101, 122, 154], [47, 11, 66, 194, 178, 58, 89, 147, 237, 182, 40, 109, 179, 109, 167, 69, 77, 211, 222, 23, 252, 72, 231, 231, 167, 151, 218, 27, 158, 118, 87, 196], [219, 219, 125, 190, 138, 245, 172, 36, 84, 173, 206, 165, 4, 31, 45, 26, 248, 140, 147, 213, 218, 86, 80, 70, 61, 29, 11, 24, 124, 151, 2, 62], [231, 128, 222, 121, 218, 143, 24, 213, 163, 179, 88, 42, 170, 234, 217, 59, 105, 114, 113, 160, 45, 87, 74, 249, 202, 182, 137, 20, 65, 54, 54, 57], [130, 32, 247, 227, 12, 169, 191, 235, 149, 102, 83, 26, 254, 25, 14, 86, 30, 81, 218, 55, 227, 199, 236, 67, 211, 57, 80, 47, 3, 249, 51, 52], [153, 62, 152, 109, 107, 124, 137, 15, 67, 202, 22, 86, 58, 237, 27, 56, 101, 35, 183, 191, 49, 205, 86, 128, 102, 188, 113, 13, 69, 189, 158, 250], [190, 225, 117, 151, 22, 97, 107, 102, 186, 207, 37, 124, 119, 103, 201, 41, 200, 128, 114, 139, 64, 22, 145, 12, 199, 243, 66, 18, 68, 4, 73, 164], [125, 77, 136, 206, 33, 78, 232, 88, 78, 160, 106, 65, 35, 107, 101, 73, 81, 34, 153, 248, 247, 210, 218, 96, 12, 146, 242, 34, 89, 168, 153, 115], [144, 127, 217, 54, 229, 144, 160, 77, 174, 233, 215, 121, 76, 62, 166, 1, 84, 215, 175, 44, 92, 201, 57, 113, 59, 118, 151, 34, 185, 108, 231, 225], [67, 237, 88, 136, 39, 108, 217, 102, 84, 255, 89, 229, 221, 131, 219, 27, 255, 212, 23, 200, 249, 3, 216, 151, 212, 11, 42, 21, 190, 37, 60, 193], [40, 138, 128, 244, 199, 170, 253, 189, 13, 63, 178, 222, 244, 19, 146, 161, 68, 174, 82, 111, 10, 143, 36, 4, 122, 89, 128, 14, 142, 144, 149, 246], [210, 158, 199, 179, 101, 94, 152, 1, 61, 107, 39, 178, 127, 212, 165, 101, 183, 112, 56, 240, 47, 156, 89, 73, 158, 66, 58, 27, 184, 254, 9, 145], [118, 215, 72, 226, 78, 160, 73, 195, 30, 195, 255, 33, 110, 130, 187, 84, 81, 252, 158, 180, 0, 143, 240, 233, 185, 187, 148, 43, 34, 165, 96, 60], [192, 233, 73, 20, 230, 54, 208, 252, 8, 25, 0, 57, 127, 250, 75, 192, 6, 229, 234, 94, 115, 223, 149, 77, 75, 47, 62, 25, 53, 254, 61, 243], [48, 215, 41, 85, 148, 168, 2, 107, 200, 242, 43, 181, 213, 214, 231, 123, 37, 27, 197, 209, 129, 247, 193, 5, 49, 252, 153, 23, 37, 88, 28, 156], [86, 162, 214, 39, 167, 147, 161, 107, 136, 81, 129, 94, 222, 93, 53, 193, 175, 96, 101, 89, 182, 192, 155, 147, 39, 31, 38, 23, 211, 165, 168, 197], [46, 153, 181, 127, 24, 101, 28, 244, 77, 207, 162, 185, 162, 1, 133, 9, 244, 213, 83, 42, 75, 37, 57, 249, 157, 183, 27, 40, 250, 191, 248, 222], [228, 213, 170, 97, 211, 248, 190, 11, 69, 181, 198, 248, 93, 144, 255, 67, 89, 82, 14, 63, 136, 198, 81, 198, 109, 202, 24, 11, 63, 249, 60, 237], [185, 151, 80, 17, 174, 170, 134, 157, 203, 67, 60, 126, 175, 246, 115, 86, 194, 193, 108, 81, 102, 84, 158, 193, 201, 26, 206, 25, 77, 61, 132, 249], [49, 182, 117, 218, 185, 209, 178, 92, 76, 181, 186, 158, 255, 199, 129, 61, 93, 243, 65, 121, 161, 217, 223, 26, 5, 132, 75, 37, 28, 204, 214, 200], [194, 32, 17, 234, 113, 176, 199, 4, 75, 100, 62, 114, 32, 103, 143, 101, 195, 93, 117, 198, 205, 205, 194, 149, 178, 11, 249, 34, 156, 114, 11, 77], [174, 139, 87, 166, 154, 220, 100, 165, 230, 71, 167, 61, 109, 180, 153, 200, 224, 19, 132, 117, 234, 249, 77, 222, 16, 105, 152, 35, 224, 244, 149, 9], [186, 39, 199, 71, 85, 236, 139, 75, 171, 52, 110, 34, 198, 96, 42, 227, 209, 252, 254, 16, 53, 96, 108, 52, 110, 94, 183, 6, 171, 138, 113, 139], [104, 0, 201, 149, 242, 237, 12, 195, 170, 34, 218, 89, 240, 163, 231, 184, 213, 49, 204, 66, 63, 166, 227, 2, 98, 229, 203, 12, 38, 32, 151, 76], [146, 238, 88, 162, 122, 27, 84, 167, 225, 115, 89, 170, 126, 93, 72, 248, 40, 118, 152, 111, 74, 168, 200, 244, 240, 99, 173, 39, 103, 250, 50, 117], [81, 51, 35, 37, 74, 113, 44, 55, 140, 67, 251, 226, 183, 30, 216, 66, 7, 87, 223, 41, 194, 243, 166, 178, 29, 246, 189, 15, 47, 54, 204, 195], [103, 187, 27, 212, 106, 229, 176, 214, 6, 215, 48, 164, 23, 135, 171, 148, 211, 43, 35, 81, 108, 92, 170, 26, 154, 253, 52, 49, 224, 2, 74, 99], [197, 88, 253, 22, 67, 89, 69, 49, 5, 39, 134, 180, 165, 57, 169, 62, 175, 238, 112, 142, 103, 172, 138, 46, 85, 88, 166, 32, 234, 16, 5, 169], [77, 9, 26, 168, 38, 224, 229, 144, 200, 234, 170, 95, 32, 223, 75, 42, 214, 253, 237, 130, 57, 224, 113, 24, 37, 32, 77, 37, 208, 130, 112, 248], [219, 216, 172, 70, 139, 52, 165, 235, 76, 102, 89, 232, 167, 39, 140, 193, 89, 6, 179, 253, 110, 54, 160, 241, 18, 105, 210, 15, 35, 158, 167, 135], [49, 85, 74, 20, 211, 106, 19, 3, 40, 47, 68, 218, 128, 235, 225, 10, 180, 168, 190, 79, 89, 117, 226, 228, 101, 75, 164, 28, 119, 122, 12, 224], [58, 179, 115, 245, 1, 150, 204, 124, 68, 4, 40, 175, 181, 48, 245, 191, 92, 63, 157, 186, 186, 105, 145, 239, 95, 229, 145, 32, 117, 222, 194, 119], [144, 18, 81, 23, 85, 169, 176, 142, 210, 250, 125, 239, 158, 191, 45, 243, 51, 206, 169, 179, 41, 234, 246, 163, 17, 216, 85, 10, 93, 105, 229, 138], [99, 97, 24, 247, 64, 57, 106, 161, 17, 102, 39, 244, 12, 165, 235, 165, 85, 246, 96, 94, 153, 149, 61, 102, 10, 89, 78, 37, 199, 92, 51, 167], [187, 196, 126, 254, 83, 185, 110, 68, 130, 32, 163, 191, 245, 255, 186, 162, 191, 179, 87, 90, 26, 147, 235, 219, 84, 198, 208, 30, 234, 147, 151, 77], [179, 42, 8, 69, 76, 145, 7, 199, 127, 4, 90, 163, 80, 179, 149, 219, 96, 79, 239, 89, 144, 10, 244, 122, 104, 245, 21, 11, 146, 146, 195, 231], [195, 80, 1, 70, 194, 38, 216, 53, 93, 225, 222, 103, 118, 155, 85, 239, 47, 42, 208, 186, 6, 129, 234, 14, 26, 77, 177, 21, 129, 157, 81, 58], [158, 25, 108, 55, 172, 205, 223, 35, 30, 190, 76, 87, 96, 31, 27, 27, 2, 117, 83, 99, 163, 69, 61, 11, 210, 47, 14, 20, 2, 219, 228, 207], [121, 230, 254, 130, 253, 3, 97, 177, 119, 56, 146, 240, 95, 24, 116, 47, 185, 108, 222, 233, 218, 50, 144, 78, 182, 66, 243, 49, 198, 95, 43, 158], [120, 114, 180, 4, 225, 252, 145, 68, 115, 172, 52, 64, 253, 56, 102, 102, 180, 208, 252, 84, 134, 90, 244, 213, 160, 30, 86, 28, 116, 203, 23, 186], [17, 64, 94, 8, 191, 49, 49, 130, 68, 27, 98, 2, 18, 186, 74, 240, 215, 120, 210, 165, 200, 222, 44, 16, 96, 84, 234, 13, 39, 209, 6, 135], [103, 20, 107, 108, 31, 152, 179, 1, 82, 107, 204, 108, 33, 131, 86, 19, 9, 170, 175, 155, 132, 90, 175, 203, 198, 147, 253, 29, 112, 40, 99, 49], [212, 203, 167, 214, 252, 80, 180, 53, 210, 229, 202, 75, 32, 245, 239, 17, 40, 123, 208, 55, 49, 46, 220, 211, 229, 218, 160, 45, 32, 44, 118, 81], [175, 119, 181, 207, 109, 50, 190, 102, 63, 255, 180, 42, 60, 213, 42, 110, 173, 155, 160, 28, 165, 69, 130, 21, 172, 186, 102, 18, 60, 76, 235, 46], [88, 230, 37, 153, 223, 16, 218, 190, 132, 87, 58, 194, 101, 82, 100, 29, 202, 141, 253, 155, 197, 184, 73, 185, 25, 213, 225, 20, 130, 30, 167, 141], [180, 22, 119, 74, 188, 148, 173, 34, 245, 157, 204, 189, 18, 185, 90, 64, 171, 182, 237, 90, 177, 125, 90, 108, 43, 18, 137, 17, 121, 52, 125, 172], [50, 156, 100, 89, 24, 53, 88, 204, 202, 83, 203, 30, 117, 110, 167, 102, 125, 194, 136, 112, 225, 182, 42, 8, 173, 13, 84, 30, 197, 222, 213, 74], [98, 117, 169, 241, 208, 53, 196, 69, 156, 204, 180, 217, 74, 159, 38, 65, 11, 143, 98, 93, 120, 34, 215, 116, 71, 60, 219, 30, 93, 35, 119, 37], [126, 39, 90, 47, 109, 89, 254, 207, 183, 136, 224, 227, 209, 22, 200, 65, 215, 40, 13, 103, 89, 173, 91, 54, 240, 116, 194, 26, 168, 214, 155, 28], [182, 114, 37, 191, 112, 180, 120, 9, 76, 7, 253, 138, 164, 114, 240, 190, 9, 192, 118, 87, 250, 6, 4, 174, 187, 110, 228, 11, 220, 92, 92, 206], [68, 57, 21, 57, 244, 163, 156, 241, 57, 228, 176, 236, 12, 63, 52, 5, 39, 102, 139, 162, 26, 82, 50, 7, 90, 98, 142, 28, 159, 38, 225, 187], [96, 25, 251, 124, 28, 22, 249, 94, 69, 99, 132, 12, 185, 229, 144, 194, 172, 133, 217, 96, 47, 153, 45, 51, 183, 223, 127, 36, 27, 233, 59, 184], [59, 164, 8, 201, 17, 193, 161, 120, 94, 7, 151, 135, 184, 0, 71, 65, 145, 41, 138, 45, 144, 52, 165, 73, 218, 78, 126, 38, 91, 43, 117, 58], [149, 214, 53, 70, 201, 164, 152, 245, 172, 77, 163, 99, 5, 164, 82, 168, 105, 169, 200, 209, 138, 249, 14, 253, 34, 86, 212, 36, 70, 85, 205, 232], [120, 234, 140, 195, 64, 33, 158, 7, 207, 28, 53, 255, 139, 145, 8, 23, 36, 195, 104, 176, 41, 32, 78, 191, 162, 50, 129, 45, 236, 209, 7, 158], [129, 181, 234, 245, 195, 37, 217, 114, 228, 28, 222, 51, 88, 180, 46, 217, 76, 156, 135, 230, 158, 166, 34, 228, 79, 248, 143, 11, 109, 73, 238, 216], [203, 228, 81, 99, 77, 154, 110, 43, 243, 178, 31, 76, 80, 228, 12, 67, 151, 66, 230, 169, 123, 38, 59, 176, 134, 44, 79, 1, 110, 21, 45, 168], [158, 36, 182, 45, 241, 255, 135, 208, 13, 10, 192, 254, 82, 29, 7, 236, 184, 9, 180, 88, 176, 243, 118, 122, 236, 10, 33, 24, 135, 199, 54, 7], [108, 18, 214, 109, 26, 209, 114, 214, 229, 183, 118, 24, 230, 255, 233, 159, 203, 124, 153, 74, 118, 101, 30, 47, 17, 121, 227, 33, 217, 231, 79, 48], [120, 103, 106, 14, 156, 202, 233, 151, 131, 96, 193, 152, 10, 59, 122, 149, 253, 59, 156, 95, 121, 172, 186, 102, 134, 67, 67, 24, 238, 174, 173, 29], [86, 113, 34, 111, 12, 169, 10, 154, 7, 107, 165, 251, 227, 45, 9, 159, 114, 42, 184, 89, 134, 68, 143, 193, 164, 110, 36, 16, 69, 171, 30, 49], [167, 102, 175, 197, 246, 245, 80, 129, 101, 89, 6, 165, 1, 196, 190, 162, 182, 185, 201, 52, 109, 207, 134, 160, 127, 141, 137, 33, 19, 19, 60, 60], [146, 78, 229, 49, 50, 76, 194, 168, 41, 236, 31, 38, 136, 143, 85, 88, 60, 50, 140, 57, 183, 32, 1, 92, 217, 180, 176, 13, 2, 82, 94, 167], [111, 37, 113, 118, 150, 212, 32, 231, 43, 17, 123, 242, 91, 148, 194, 222, 255, 139, 134, 131, 188, 208, 170, 64, 243, 192, 218, 14, 223, 78, 102, 136], [43, 225, 141, 48, 210, 168, 242, 70, 7, 189, 163, 81, 106, 207, 60, 151, 196, 118, 184, 244, 22, 220, 99, 129, 163, 169, 103, 12, 9, 218, 104, 5], [151, 33, 157, 141, 209, 6, 56, 134, 75, 230, 203, 118, 225, 231, 164, 58, 214, 67, 15, 197, 0, 60, 61, 19, 145, 152, 4, 32, 247, 98, 157, 144], [153, 52, 185, 51, 129, 156, 29, 198, 36, 226, 146, 166, 157, 246, 106, 155, 63, 109, 160, 201, 104, 113, 0, 9, 52, 120, 252, 13, 62, 35, 20, 211], [127, 106, 131, 174, 187, 195, 57, 226, 69, 132, 181, 32, 124, 112, 220, 70, 224, 1, 65, 243, 40, 100, 244, 205, 225, 181, 95, 16, 26, 224, 67, 251], [187, 35, 238, 195, 131, 53, 102, 19, 177, 240, 140, 160, 216, 174, 217, 234, 146, 46, 22, 205, 59, 165, 81, 98, 121, 237, 16, 16, 242, 161, 127, 150], [177, 203, 33, 218, 162, 167, 35, 111, 242, 31, 214, 156, 250, 113, 233, 14, 175, 6, 195, 176, 40, 202, 223, 55, 88, 228, 173, 10, 104, 186, 141, 253], [50, 222, 217, 232, 174, 10, 22, 67, 81, 12, 64, 50, 225, 8, 136, 36, 140, 132, 170, 74, 22, 251, 16, 70, 30, 23, 71, 39, 85, 91, 253, 65], [101, 192, 254, 97, 234, 34, 78, 249, 158, 74, 171, 250, 98, 230, 151, 114, 7, 63, 141, 7, 1, 214, 81, 169, 26, 106, 182, 37, 99, 73, 172, 194], [251, 112, 6, 209, 51, 123, 68, 161, 148, 174, 160, 214, 36, 184, 140, 35, 2, 157, 166, 65, 82, 137, 170, 15, 3, 15, 150, 29, 121, 167, 184, 209], [233, 93, 214, 46, 77, 8, 231, 12, 6, 83, 216, 11, 173, 165, 178, 110, 146, 112, 0, 121, 40, 99, 157, 230, 251, 144, 165, 45, 199, 251, 72, 163], [190, 131, 58, 46, 22, 26, 217, 37, 128, 107, 226, 0, 151, 235, 58, 207, 239, 132, 63, 48, 180, 181, 3, 78, 115, 193, 214, 6, 206, 85, 196, 6], [45, 46, 74, 13, 64, 194, 138, 91, 139, 23, 169, 139, 176, 178, 206, 18, 36, 213, 79, 63, 1, 61, 148, 250, 118, 189, 190, 2, 158, 123, 222, 190], [59, 20, 40, 160, 166, 176, 71, 0, 203, 211, 132, 121, 2, 209, 24, 38, 240, 139, 106, 54, 132, 201, 198, 101, 154, 147, 174, 37, 14, 164, 234, 121], [36, 29, 83, 91, 138, 177, 96, 152, 141, 117, 135, 74, 5, 161, 56, 110, 88, 23, 235, 97, 54, 232, 237, 36, 230, 171, 89, 46, 11, 104, 42, 209], [0, 91, 34, 99, 101, 31, 45, 104, 105, 194, 103, 51, 144, 40, 128, 192, 189, 210, 254, 118, 209, 170, 142, 196, 169, 89, 217, 48, 57, 89, 146, 94], [242, 110, 205, 224, 2, 25, 17, 208, 3, 245, 249, 76, 88, 183, 72, 19, 94, 46, 101, 86, 243, 183, 67, 188, 140, 162, 10, 2, 30, 156, 38, 59], [150, 107, 136, 32, 124, 55, 216, 102, 213, 240, 10, 218, 177, 96, 223, 68, 67, 162, 123, 69, 61, 215, 190, 177, 208, 253, 235, 40, 100, 227, 146, 231], [70, 134, 246, 27, 104, 129, 31, 109, 30, 144, 89, 188, 209, 221, 83, 5, 7, 153, 0, 20, 237, 151, 159, 125, 135, 254, 104, 9, 69, 115, 116, 176], [145, 191, 112, 234, 176, 74, 122, 104, 87, 11, 208, 169, 38, 138, 202, 67, 37, 20, 232, 63, 138, 163, 58, 133, 153, 163, 177, 13, 227, 25, 234, 240], [207, 5, 42, 32, 37, 73, 82, 251, 114, 218, 39, 219, 139, 122, 45, 124, 175, 172, 79, 164, 60, 8, 146, 99, 235, 79, 251, 38, 189, 155, 188, 189], [138, 225, 218, 51, 161, 109, 92, 91, 54, 59, 244, 89, 157, 86, 169, 43, 46, 247, 188, 148, 56, 242, 254, 225, 158, 196, 78, 25, 0, 140, 57, 204], [243, 220, 64, 171, 152, 193, 206, 83, 254, 160, 126, 85, 160, 5, 37, 73, 89, 33, 192, 250, 109, 57, 124, 163, 84, 203, 116, 29, 157, 6, 195, 144], [16, 120, 60, 82, 247, 44, 104, 91, 162, 33, 233, 152, 53, 217, 138, 4, 110, 132, 209, 81, 82, 173, 203, 199, 18, 107, 119, 48, 71, 113, 67, 12], [35, 175, 223, 144, 244, 8, 163, 20, 147, 201, 2, 66, 189, 82, 92, 56, 93, 36, 144, 189, 187, 102, 181, 61, 30, 131, 239, 18, 169, 147, 153, 205], [93, 174, 94, 91, 60, 201, 181, 163, 133, 115, 112, 93, 157, 46, 130, 163, 189, 36, 173, 39, 83, 77, 136, 26, 248, 33, 89, 8, 40, 155, 197, 18], [185, 241, 139, 61, 207, 86, 22, 252, 92, 70, 201, 207, 64, 112, 234, 38, 40, 118, 96, 85, 253, 14, 244, 163, 132, 35, 68, 3, 67, 254, 177, 104], [35, 238, 245, 28, 22, 188, 232, 24, 34, 152, 201, 244, 95, 116, 250, 253, 175, 52, 50, 226, 143, 239, 140, 103, 100, 39, 98, 10, 31, 98, 183, 197], [93, 154, 148, 254, 189, 115, 91, 108, 52, 36, 184, 199, 28, 232, 150, 90, 142, 207, 239, 98, 44, 145, 61, 61, 238, 42, 32, 45, 51, 149, 191, 219], [27, 22, 237, 145, 242, 17, 98, 223, 67, 99, 76, 53, 169, 34, 131, 94, 125, 103, 23, 112, 35, 156, 223, 168, 196, 202, 150, 45, 213, 202, 69, 150], [35, 239, 53, 145, 142, 42, 61, 232, 247, 127, 121, 185, 73, 90, 233, 1, 175, 44, 18, 193, 248, 70, 233, 164, 120, 255, 25, 40, 153, 158, 241, 13], [210, 220, 62, 173, 36, 172, 254, 194, 226, 70, 116, 75, 140, 15, 64, 70, 125, 106, 58, 190, 197, 13, 199, 118, 122, 56, 96, 19, 114, 50, 55, 66], [243, 156, 234, 170, 254, 159, 52, 128, 153, 234, 7, 222, 19, 254, 151, 127, 7, 25, 62, 247, 48, 89, 72, 60, 250, 78, 74, 8, 0, 113, 27, 129], [151, 139, 60, 232, 167, 144, 217, 148, 60, 188, 186, 121, 238, 218, 53, 148, 254, 251, 99, 246, 49, 114, 58, 65, 79, 233, 29, 1, 53, 232, 102, 107], [19, 219, 213, 161, 36, 189, 173, 146, 166, 213, 250, 99, 231, 8, 242, 189, 156, 146, 183, 208, 176, 215, 57, 99, 66, 76, 80, 12, 86, 172, 210, 39], [135, 218, 232, 158, 103, 91, 183, 204, 218, 131, 164, 206, 224, 82, 22, 129, 180, 51, 128, 79, 208, 175, 17, 120, 19, 225, 194, 9, 18, 21, 22, 109], [3, 177, 74, 154, 104, 13, 196, 213, 234, 148, 134, 51, 118, 79, 143, 195, 25, 179, 152, 231, 120, 200, 247, 125, 48, 2, 20, 36, 76, 71, 28, 42], [4, 109, 202, 124, 203, 120, 164, 41, 214, 78, 27, 85, 189, 184, 202, 4, 252, 248, 154, 222, 72, 236, 198, 110, 99, 48, 108, 39, 56, 194, 149, 188], [147, 180, 58, 16, 175, 45, 3, 159, 193, 218, 17, 152, 234, 140, 43, 150, 31, 47, 159, 34, 70, 79, 197, 161, 70, 56, 28, 25, 19, 170, 216, 60], [161, 123, 108, 12, 11, 228, 252, 131, 219, 70, 108, 25, 172, 205, 29, 99, 40, 131, 41, 107, 105, 10, 33, 206, 84, 201, 241, 46, 15, 59, 231, 27], [131, 215, 229, 43, 222, 156, 110, 201, 207, 143, 111, 255, 114, 203, 85, 235, 150, 22, 177, 149, 227, 80, 108, 63, 44, 22, 72, 23, 116, 163, 213, 234], [115, 207, 215, 145, 5, 162, 123, 82, 248, 212, 211, 163, 143, 23, 133, 206, 182, 168, 196, 4, 254, 105, 22, 124, 150, 228, 152, 33, 10, 110, 145, 235], [160, 191, 39, 239, 4, 0, 49, 252, 218, 122, 214, 208, 224, 134, 119, 118, 160, 189, 224, 93, 135, 147, 63, 131, 164, 252, 67, 20, 240, 31, 183, 138], [243, 80, 84, 7, 92, 99, 164, 143, 92, 188, 108, 154, 69, 117, 170, 12, 203, 226, 199, 192, 5, 105, 45, 52, 124, 74, 211, 31, 61, 143, 235, 236], [117, 204, 248, 76, 136, 202, 64, 108, 182, 239, 170, 198, 124, 209, 9, 11, 22, 136, 111, 90, 162, 12, 242, 93, 206, 81, 32, 28, 13, 100, 183, 151], [176, 4, 32, 125, 157, 32, 0, 139, 229, 134, 32, 216, 152, 64, 59, 100, 170, 245, 56, 116, 201, 5, 56, 46, 144, 229, 55, 30, 182, 134, 146, 75], [149, 168, 252, 3, 222, 18, 184, 22, 118, 130, 102, 174, 27, 31, 47, 77, 59, 175, 201, 202, 34, 64, 71, 246, 32, 135, 34, 7, 254, 39, 100, 156], [31, 220, 31, 19, 111, 159, 197, 156, 157, 133, 255, 189, 34, 188, 69, 161, 89, 153, 182, 154, 58, 181, 82, 216, 165, 103, 40, 35, 145, 118, 234, 140], [129, 227, 35, 56, 175, 183, 185, 81, 27, 232, 26, 233, 65, 57, 82, 52, 123, 150, 134, 237, 6, 96, 234, 234, 81, 199, 65, 41, 98, 87, 108, 36], [47, 87, 198, 148, 111, 196, 107, 129, 221, 223, 141, 116, 102, 81, 78, 10, 59, 69, 170, 181, 190, 169, 73, 92, 122, 214, 3, 43, 173, 84, 181, 243], [36, 65, 18, 16, 228, 121, 40, 76, 187, 152, 181, 172, 200, 54, 237, 5, 55, 164, 74, 13, 53, 50, 248, 183, 14, 44, 188, 6, 54, 140, 49, 214], [191, 116, 49, 149, 121, 56, 214, 122, 252, 170, 15, 20, 51, 206, 201, 121, 82, 207, 159, 108, 162, 215, 87, 230, 31, 22, 174, 33, 154, 168, 199, 228], [241, 74, 14, 44, 169, 80, 73, 28, 214, 209, 203, 234, 148, 33, 148, 123, 127, 161, 5, 171, 244, 109, 57, 41, 100, 34, 168, 41, 65, 157, 124, 229], [196, 182, 243, 175, 47, 16, 30, 90, 132, 92, 152, 27, 22, 109, 235, 95, 77, 182, 67, 128, 5, 133, 111, 183, 182, 93, 134, 13, 86, 24, 87, 162], [237, 224, 219, 46, 233, 115, 200, 47, 57, 41, 229, 213, 99, 102, 149, 104, 109, 205, 175, 3, 117, 41, 143, 92, 78, 108, 85, 18, 197, 140, 10, 140], [89, 7, 113, 142, 140, 118, 32, 169, 10, 142, 1, 145, 176, 145, 139, 8, 245, 183, 175, 185, 52, 24, 7, 58, 236, 61, 186, 2, 241, 228, 37, 54], [41, 171, 68, 13, 164, 86, 169, 56, 88, 65, 156, 193, 249, 241, 235, 24, 73, 120, 160, 180, 180, 118, 162, 132, 36, 226, 14, 30, 88, 84, 53, 133], [101, 105, 243, 189, 105, 174, 91, 8, 41, 66, 210, 176, 234, 183, 87, 103, 35, 174, 249, 216, 61, 155, 82, 108, 123, 234, 184, 34, 249, 61, 179, 94], [229, 62, 12, 32, 107, 245, 255, 208, 109, 41, 63, 140, 120, 83, 181, 230, 232, 188, 87, 254, 10, 3, 238, 230, 56, 187, 228, 26, 9, 61, 20, 104], [245, 238, 86, 73, 193, 104, 139, 218, 124, 52, 145, 204, 244, 5, 57, 184, 130, 175, 240, 51, 123, 165, 118, 29, 196, 207, 76, 8, 78, 191, 201, 121], [49, 77, 20, 28, 34, 213, 113, 151, 35, 65, 66, 11, 229, 4, 204, 154, 205, 136, 248, 185, 30, 157, 67, 250, 57, 147, 127, 21, 134, 230, 46, 118], [171, 26, 162, 146, 217, 174, 206, 221, 210, 160, 160, 184, 57, 217, 13, 207, 224, 12, 96, 211, 153, 36, 251, 111, 17, 29, 142, 0, 110, 217, 254, 119], [230, 87, 81, 59, 149, 133, 141, 169, 223, 99, 244, 202, 196, 253, 52, 237, 236, 153, 29, 242, 138, 106, 195, 159, 208, 146, 252, 39, 232, 9, 106, 208], [8, 252, 2, 146, 18, 96, 17, 221, 157, 56, 239, 23, 249, 185, 182, 203, 99, 100, 157, 142, 96, 119, 38, 16, 39, 223, 145, 46, 217, 35, 126, 96], [48, 52, 207, 0, 248, 68, 228, 190, 177, 6, 141, 204, 152, 90, 76, 148, 201, 171, 50, 198, 158, 53, 110, 65, 162, 187, 103, 8, 51, 42, 60, 13], [0, 132, 222, 16, 34, 217, 92, 225, 134, 254, 63, 199, 62, 18, 254, 27, 244, 133, 203, 78, 30, 190, 132, 95, 202, 149, 16, 12, 171, 96, 7, 151], [180, 159, 3, 254, 51, 197, 104, 92, 216, 170, 147, 102, 132, 121, 238, 50, 50, 225, 237, 199, 129, 30, 191, 11, 123, 84, 174, 16, 183, 144, 129, 201], [53, 233, 36, 12, 219, 37, 235, 110, 184, 214, 16, 179, 227, 202, 175, 182, 79, 164, 69, 68, 116, 187, 206, 214, 221, 181, 4, 9, 156, 156, 117, 65], [98, 236, 28, 62, 89, 5, 9, 12, 185, 191, 237, 48, 217, 222, 146, 78, 132, 100, 98, 240, 167, 129, 114, 213, 247, 249, 181, 31, 233, 64, 201, 15], [196, 109, 90, 125, 70, 201, 166, 198, 72, 206, 64, 203, 253, 239, 62, 158, 162, 242, 47, 89, 219, 94, 213, 211, 133, 60, 176, 32, 194, 178, 80, 52], [23, 226, 33, 96, 124, 144, 34, 123, 98, 130, 224, 120, 26, 223, 38, 204, 92, 102, 167, 147, 202, 127, 119, 209, 183, 56, 112, 9, 230, 95, 83, 178], [19, 207, 241, 152, 24, 78, 252, 190, 199, 204, 238, 82, 158, 65, 152, 75, 120, 241, 16, 246, 103, 14, 217, 56, 123, 88, 100, 34, 133, 74, 44, 164], [255, 169, 254, 219, 16, 58, 79, 237, 46, 232, 160, 30, 67, 121, 90, 181, 89, 223, 168, 36, 95, 32, 186, 15, 187, 21, 244, 38, 202, 228, 44, 32], [117, 159, 28, 220, 145, 136, 124, 117, 221, 174, 58, 171, 87, 84, 224, 43, 12, 227, 53, 183, 147, 211, 33, 118, 193, 54, 106, 6, 171, 210, 12, 81], [140, 135, 166, 245, 44, 197, 47, 33, 164, 89, 108, 10, 107, 122, 102, 104, 220, 18, 80, 122, 97, 129, 173, 156, 54, 51, 144, 31, 134, 236, 210, 104], [87, 182, 11, 51, 3, 117, 185, 123, 109, 109, 95, 31, 43, 246, 77, 82, 112, 65, 214, 201, 160, 245, 28, 107, 163, 212, 95, 44, 156, 42, 112, 135], [138, 4, 122, 70, 96, 5, 66, 71, 237, 16, 21, 141, 242, 221, 26, 25, 218, 50, 0, 62, 200, 30, 132, 68, 60, 27, 212, 16, 90, 64, 170, 46], [149, 24, 141, 34, 100, 20, 192, 18, 70, 101, 10, 132, 1, 211, 68, 38, 157, 181, 177, 177, 159, 238, 88, 106, 109, 55, 251, 5, 249, 59, 86, 149], [87, 43, 51, 69, 186, 175, 6, 38, 107, 20, 254, 62, 144, 221, 26, 9, 229, 153, 192, 141, 92, 248, 78, 171, 79, 70, 83, 3, 51, 23, 97, 149], [88, 126, 176, 6, 204, 69, 106, 154, 205, 212, 44, 116, 193, 206, 224, 103, 130, 149, 53, 174, 85, 224, 175, 73, 1, 224, 2, 24, 78, 193, 38, 67], [191, 96, 237, 246, 210, 26, 107, 66, 38, 86, 131, 88, 205, 122, 102, 120, 209, 171, 143, 42, 205, 167, 226, 53, 35, 8, 17, 45, 87, 222, 84, 155], [81, 154, 195, 75, 233, 60, 88, 150, 29, 251, 126, 85, 183, 39, 154, 1, 213, 110, 43, 21, 241, 142, 139, 97, 165, 140, 45, 12, 110, 180, 39, 138], [114, 215, 36, 82, 139, 0, 63, 159, 219, 58, 251, 73, 124, 146, 134, 113, 195, 207, 194, 126, 225, 34, 21, 177, 245, 77, 24, 18, 174, 149, 8, 64], [125, 148, 137, 114, 232, 68, 216, 43, 144, 237, 74, 210, 15, 78, 249, 0, 88, 127, 63, 154, 81, 115, 5, 173, 91, 36, 225, 26, 217, 72, 85, 78], [164, 180, 251, 233, 1, 202, 50, 201, 181, 47, 134, 77, 225, 197, 250, 15, 243, 117, 141, 57, 72, 125, 28, 48, 125, 0, 76, 30, 115, 21, 149, 3], [108, 241, 179, 210, 133, 108, 128, 47, 13, 254, 216, 120, 47, 33, 68, 127, 48, 67, 160, 95, 100, 208, 237, 135, 103, 237, 249, 10, 245, 253, 19, 210], [40, 183, 223, 201, 252, 185, 221, 159, 227, 79, 177, 160, 208, 191, 170, 253, 98, 70, 54, 116, 238, 25, 202, 76, 182, 131, 96, 2, 189, 44, 15, 249], [115, 214, 180, 124, 95, 47, 3, 159, 95, 205, 177, 151, 185, 45, 95, 138, 57, 200, 183, 83, 36, 0, 162, 243, 235, 183, 180, 17, 82, 255, 104, 6], [238, 212, 64, 114, 144, 16, 148, 200, 173, 26, 208, 246, 140, 152, 214, 131, 83, 255, 25, 68, 59, 134, 103, 148, 188, 202, 3, 46, 95, 250, 29, 89], [184, 60, 228, 59, 83, 79, 8, 44, 204, 165, 249, 18, 147, 120, 250, 101, 108, 160, 195, 217, 215, 152, 210, 152, 99, 56, 246, 41, 126, 99, 23, 142], [221, 234, 255, 64, 4, 22, 225, 94, 37, 89, 19, 254, 14, 249, 178, 41, 165, 189, 238, 132, 41, 189, 53, 56, 67, 81, 115, 13, 88, 239, 157, 158], [111, 71, 24, 34, 85, 198, 144, 244, 212, 253, 254, 91, 246, 116, 82, 21, 136, 20, 52, 198, 108, 4, 11, 18, 40, 119, 17, 55, 201, 153, 101, 74], [57, 161, 32, 251, 136, 180, 144, 9, 108, 17, 110, 153, 78, 95, 206, 87, 17, 136, 97, 51, 0, 227, 251, 168, 47, 253, 240, 34, 9, 186, 125, 13], [67, 108, 19, 150, 111, 237, 111, 5, 77, 130, 10, 200, 136, 216, 159, 245, 254, 104, 137, 29, 141, 238, 206, 119, 168, 98, 229, 8, 98, 200, 176, 10], [106, 117, 253, 100, 109, 233, 250, 63, 137, 21, 70, 236, 186, 57, 181, 182, 184, 210, 213, 128, 20, 206, 167, 199, 218, 198, 223, 14, 11, 179, 155, 188], [69, 192, 84, 220, 27, 31, 252, 79, 254, 55, 218, 45, 182, 174, 208, 74, 126, 82, 58, 64, 4, 183, 86, 44, 243, 41, 127, 28, 229, 52, 204, 205], [172, 22, 35, 215, 31, 225, 118, 40, 8, 85, 59, 171, 162, 30, 204, 202, 253, 114, 122, 55, 21, 210, 137, 25, 152, 135, 132, 33, 46, 152, 47, 7], [135, 107, 127, 132, 58, 220, 157, 102, 52, 169, 174, 69, 49, 127, 161, 17, 38, 7, 110, 205, 254, 246, 92, 107, 231, 158, 173, 6, 228, 174, 190, 174], [174, 29, 255, 95, 184, 72, 84, 67, 242, 45, 162, 29, 127, 95, 0, 172, 34, 240, 238, 19, 4, 200, 250, 101, 149, 186, 121, 30, 227, 89, 177, 123], [125, 28, 16, 183, 235, 221, 164, 240, 190, 142, 180, 87, 59, 231, 156, 176, 85, 219, 182, 194, 231, 79, 34, 241, 170, 131, 48, 28, 99, 78, 190, 41], [104, 110, 33, 220, 212, 129, 29, 37, 159, 60, 223, 121, 222, 248, 128, 213, 147, 85, 97, 164, 37, 216, 54, 123, 221, 147, 234, 17, 218, 104, 84, 216], [33, 156, 227, 217, 58, 16, 32, 211, 5, 226, 255, 222, 249, 13, 91, 186, 0, 199, 186, 182, 106, 139, 90, 60, 29, 170, 24, 28, 157, 217, 144, 3], [166, 84, 46, 163, 9, 3, 74, 178, 226, 198, 50, 73, 180, 9, 36, 19, 147, 118, 66, 172, 245, 28, 16, 204, 183, 43, 130, 13, 197, 15, 64, 70], [253, 222, 54, 170, 3, 27, 151, 229, 115, 28, 63, 15, 146, 238, 10, 46, 109, 183, 199, 42, 211, 126, 254, 19, 209, 52, 169, 28, 170, 35, 236, 212], [112, 55, 242, 152, 131, 199, 39, 182, 174, 163, 78, 78, 169, 78, 93, 110, 35, 207, 13, 12, 52, 131, 33, 21, 187, 34, 226, 34, 183, 93, 48, 6], [42, 151, 86, 220, 200, 12, 90, 72, 19, 2, 3, 96, 234, 75, 145, 64, 36, 225, 100, 181, 252, 126, 182, 244, 177, 224, 84, 28, 27, 229, 198, 168], [215, 201, 234, 35, 226, 103, 174, 229, 107, 207, 70, 16, 215, 68, 191, 245, 112, 9, 175, 90, 151, 141, 91, 239, 33, 59, 247, 29, 165, 82, 30, 51], [44, 35, 132, 113, 138, 185, 56, 223, 173, 92, 45, 197, 181, 105, 156, 84, 119, 12, 185, 118, 86, 59, 199, 66, 220, 7, 193, 41, 44, 24, 182, 47], [63, 194, 53, 24, 171, 98, 195, 130, 37, 155, 58, 135, 134, 19, 194, 139, 69, 60, 161, 93, 146, 18, 214, 241, 80, 19, 109, 18, 190, 34, 147, 180], [162, 46, 15, 136, 3, 252, 16, 115, 44, 13, 147, 5, 168, 108, 193, 191, 225, 149, 200, 17, 222, 104, 18, 207, 96, 124, 144, 25, 215, 86, 176, 76], [1, 158, 14, 200, 228, 100, 56, 53, 122, 210, 207, 139, 45, 64, 122, 87, 223, 32, 15, 122, 196, 77, 101, 221, 123, 207, 171, 8, 144, 133, 219, 167], [14, 187, 187, 87, 131, 249, 69, 231, 214, 189, 235, 240, 89, 201, 178, 129, 207, 75, 3, 112, 117, 41, 48, 101, 206, 77, 102, 28, 112, 166, 204, 139], [21, 238, 17, 116, 168, 101, 57, 51, 23, 152, 177, 11, 48, 24, 7, 42, 215, 36, 65, 62, 101, 82, 204, 3, 247, 126, 184, 39, 60, 48, 242, 158], [111, 1, 40, 27, 187, 137, 94, 6, 67, 128, 107, 178, 41, 171, 67, 34, 81, 14, 104, 125, 169, 219, 108, 136, 246, 58, 129, 47, 34, 31, 133, 112], [16, 17, 39, 41, 227, 69, 128, 135, 124, 26, 9, 196, 170, 184, 237, 102, 246, 56, 106, 19, 197, 169, 171, 49, 203, 222, 169, 40, 249, 47, 158, 223], [185, 93, 89, 61, 59, 89, 114, 203, 161, 117, 105, 251, 202, 163, 73, 119, 39, 145, 109, 183, 200, 97, 191, 210, 77, 5, 123, 53, 37, 222, 247, 103], [6, 123, 249, 18, 170, 132, 241, 224, 20, 80, 120, 211, 178, 159, 147, 26, 192, 12, 230, 164, 100, 246, 133, 175, 167, 111, 186, 7, 60, 235, 234, 203], [167, 82, 57, 170, 231, 187, 111, 1, 136, 67, 189, 128, 154, 33, 245, 247, 6, 176, 44, 201, 141, 97, 84, 237, 38, 174, 48, 20, 46, 234, 20, 176], [165, 129, 55, 169, 26, 3, 18, 175, 251, 112, 243, 28, 223, 192, 219, 12, 225, 62, 53, 221, 205, 111, 47, 65, 77, 210, 15, 32, 63, 245, 232, 108], [134, 194, 177, 63, 53, 16, 60, 110, 233, 106, 36, 212, 61, 102, 220, 222, 183, 233, 160, 25, 9, 249, 138, 34, 165, 185, 173, 16, 25, 19, 104, 40], [113, 10, 233, 146, 114, 199, 95, 185, 149, 249, 141, 122, 126, 151, 165, 116, 213, 6, 27, 219, 91, 48, 2, 160, 37, 124, 84, 16, 62, 191, 87, 54], [25, 56, 84, 240, 217, 175, 19, 23, 169, 104, 100, 159, 45, 40, 77, 223, 18, 227, 133, 6, 86, 40, 162, 154, 180, 50, 15, 42, 230, 18, 99, 93], [1, 175, 39, 1, 80, 129, 226, 129, 173, 216, 224, 207, 67, 244, 129, 28, 238, 228, 143, 237, 253, 68, 198, 78, 159, 73, 210, 0, 47, 217, 7, 242], [119, 46, 244, 132, 94, 239, 150, 71, 233, 28, 195, 146, 17, 223, 127, 151, 143, 48, 231, 160, 115, 111, 198, 235, 90, 76, 118, 42, 97, 234, 25, 123], [21, 221, 248, 58, 61, 73, 143, 230, 227, 145, 160, 199, 25, 100, 255, 100, 200, 96, 192, 202, 43, 91, 107, 146, 211, 4, 146, 47, 169, 216, 179, 222], [53, 162, 192, 180, 36, 172, 198, 182, 163, 141, 227, 2, 216, 118, 30, 243, 32, 129, 213, 194, 163, 14, 136, 108, 81, 200, 148, 37, 203, 245, 82, 95], [27, 200, 116, 137, 182, 243, 91, 175, 136, 140, 34, 165, 221, 146, 11, 80, 138, 63, 114, 186, 225, 51, 203, 154, 200, 246, 10, 45, 206, 236, 7, 123], [25, 160, 205, 89, 6, 94, 218, 75, 141, 95, 119, 118, 164, 32, 14, 236, 120, 180, 0, 26, 95, 107, 174, 74, 196, 1, 204, 24, 124, 7, 42, 121], [251, 195, 171, 178, 214, 214, 21, 185, 8, 222, 94, 242, 127, 197, 117, 49, 44, 6, 222, 253, 71, 108, 102, 70, 170, 87, 89, 3, 33, 25, 201, 198], [126, 224, 73, 205, 148, 3, 230, 157, 62, 145, 9, 241, 169, 238, 65, 110, 132, 58, 184, 178, 175, 91, 63, 18, 203, 183, 193, 5, 56, 150, 148, 14], [18, 154, 247, 227, 151, 132, 125, 118, 127, 255, 149, 216, 244, 34, 92, 117, 172, 229, 232, 156, 93, 214, 186, 174, 127, 15, 93, 3, 36, 200, 35, 175], [168, 206, 118, 47, 5, 214, 5, 242, 27, 252, 169, 15, 26, 122, 49, 70, 196, 136, 195, 88, 113, 181, 216, 120, 126, 68, 111, 1, 15, 103, 232, 201], [4, 242, 40, 88, 245, 69, 244, 241, 17, 107, 235, 190, 104, 53, 37, 12, 10, 96, 103, 27, 204, 201, 118, 50, 243, 62, 7, 45, 43, 135, 66, 114], [234, 83, 113, 222, 223, 174, 64, 127, 116, 213, 84, 8, 237, 125, 71, 69, 8, 218, 233, 211, 15, 151, 20, 253, 66, 147, 247, 26, 52, 153, 254, 123], [41, 123, 238, 164, 29, 124, 171, 87, 66, 253, 158, 68, 74, 221, 101, 78, 63, 222, 253, 102, 205, 238, 224, 199, 99, 62, 3, 9, 44, 169, 164, 27], [68, 158, 128, 221, 126, 109, 231, 158, 122, 40, 146, 91, 118, 4, 120, 162, 237, 233, 213, 158, 154, 35, 70, 179, 58, 219, 194, 35, 19, 100, 126, 92], [237, 16, 50, 151, 111, 78, 198, 16, 79, 109, 226, 82, 19, 123, 27, 51, 119, 103, 82, 81, 92, 177, 80, 25, 15, 16, 97, 39, 94, 46, 96, 100], [30, 251, 99, 114, 218, 63, 16, 210, 195, 226, 128, 89, 18, 160, 133, 174, 51, 41, 190, 133, 124, 141, 208, 165, 146, 235, 0, 4, 100, 101, 0, 234], [94, 187, 99, 158, 97, 65, 19, 28, 200, 48, 145, 84, 66, 69, 21, 198, 212, 109, 187, 30, 207, 238, 203, 235, 237, 239, 200, 36, 126, 0, 240, 225], [78, 114, 200, 117, 139, 132, 11, 197, 45, 249, 170, 39, 66, 185, 108, 101, 88, 66, 139, 141, 107, 58, 116, 47, 78, 146, 161, 13, 227, 151, 124, 238], [183, 208, 188, 157, 43, 137, 94, 76, 201, 57, 240, 66, 27, 19, 108, 187, 225, 215, 148, 153, 90, 177, 101, 245, 132, 94, 155, 11, 1, 180, 217, 189], [121, 33, 187, 163, 34, 172, 23, 9, 65, 62, 39, 28, 81, 9, 205, 182, 3, 86, 42, 53, 19, 143, 36, 168, 205, 89, 60, 1, 125, 132, 51, 99], [55, 45, 175, 251, 8, 63, 253, 45, 203, 249, 73, 172, 31, 70, 252, 171, 208, 69, 43, 27, 62, 57, 7, 226, 123, 184, 70, 43, 246, 144, 217, 255], [173, 101, 33, 6, 224, 103, 71, 62, 2, 231, 177, 31, 67, 204, 150, 6, 206, 71, 121, 166, 63, 212, 205, 128, 171, 172, 190, 37, 202, 120, 73, 117], [223, 94, 113, 64, 132, 139, 116, 58, 198, 112, 55, 235, 61, 18, 133, 213, 229, 255, 36, 157, 235, 102, 42, 255, 246, 149, 29, 5, 185, 2, 52, 251], [5, 224, 84, 104, 251, 114, 215, 225, 193, 196, 51, 107, 52, 190, 189, 169, 95, 166, 116, 169, 6, 96, 95, 82, 139, 15, 212, 29, 23, 90, 90, 225], [141, 123, 25, 46, 205, 34, 202, 190, 131, 220, 205, 205, 50, 128, 99, 200, 251, 231, 146, 160, 114, 86, 206, 95, 192, 68, 38, 37, 103, 153, 134, 35], [107, 158, 101, 97, 85, 193, 233, 35, 134, 52, 185, 97, 19, 37, 252, 112, 150, 57, 19, 194, 132, 164, 162, 8, 35, 169, 113, 15, 48, 163, 34, 247], [136, 16, 7, 14, 192, 167, 167, 169, 13, 142, 179, 201, 42, 216, 29, 185, 186, 93, 189, 23, 183, 73, 99, 129, 178, 9, 62, 11, 59, 77, 194, 104], [128, 227, 184, 134, 247, 164, 40, 164, 207, 244, 184, 163, 124, 68, 162, 131, 18, 12, 5, 221, 139, 106, 102, 236, 224, 85, 252, 8, 30, 19, 59, 24], [125, 24, 137, 240, 25, 219, 173, 92, 210, 87, 230, 195, 181, 15, 204, 77, 224, 231, 91, 61, 37, 69, 214, 235, 150, 97, 190, 25, 197, 69, 99, 198], [49, 148, 28, 82, 146, 60, 50, 179, 49, 49, 78, 73, 128, 79, 80, 55, 203, 172, 239, 152, 54, 64, 59, 240, 66, 244, 147, 14, 41, 234, 65, 192], [153, 115, 151, 75, 115, 239, 195, 11, 191, 18, 155, 211, 167, 72, 181, 51, 214, 93, 244, 122, 4, 91, 91, 245, 219, 236, 165, 22, 71, 144, 226, 227], [4, 230, 141, 74, 40, 34, 235, 12, 124, 29, 51, 197, 69, 62, 225, 43, 135, 52, 8, 46, 156, 206, 92, 84, 64, 206, 182, 35, 239, 242, 148, 214], [111, 65, 178, 4, 101, 90, 101, 28, 16, 151, 193, 220, 115, 56, 92, 116, 234, 231, 13, 51, 180, 208, 237, 49, 121, 62, 198, 19, 11, 190, 193, 170], [61, 51, 165, 118, 227, 94, 216, 89, 28, 38, 232, 176, 19, 139, 206, 124, 238, 37, 183, 246, 98, 100, 143, 233, 97, 79, 155, 48, 88, 10, 232, 1], [167, 74, 110, 55, 40, 112, 12, 76, 129, 211, 191, 186, 233, 31, 37, 13, 204, 93, 66, 133, 117, 207, 67, 175, 249, 15, 158, 28, 179, 211, 242, 163], [76, 80, 243, 177, 176, 30, 31, 140, 59, 113, 132, 24, 25, 233, 22, 159, 204, 131, 111, 14, 245, 207, 49, 191, 162, 235, 219, 11, 231, 199, 121, 68], [200, 106, 73, 50, 251, 139, 2, 133, 234, 137, 171, 173, 249, 42, 247, 174, 193, 144, 157, 44, 202, 206, 127, 172, 220, 109, 224, 19, 163, 45, 42, 94], [204, 75, 26, 92, 115, 65, 157, 57, 252, 174, 205, 254, 204, 24, 64, 12, 18, 190, 180, 165, 108, 159, 195, 243, 169, 38, 6, 43, 96, 53, 3, 148], [78, 33, 215, 9, 146, 62, 111, 227, 166, 224, 213, 233, 99, 45, 138, 210, 244, 180, 178, 139, 95, 209, 177, 52, 150, 224, 131, 28, 93, 166, 28, 6], [160, 15, 208, 146, 127, 193, 127, 148, 106, 4, 130, 235, 220, 248, 176, 36, 210, 153, 211, 224, 194, 210, 20, 51, 34, 203, 221, 3, 113, 45, 53, 134], [134, 148, 230, 245, 118, 73, 63, 166, 106, 46, 36, 164, 10, 145, 211, 52, 179, 22, 225, 23, 27, 124, 125, 236, 119, 13, 249, 0, 235, 36, 167, 224], [117, 42, 49, 240, 11, 86, 39, 1, 191, 165, 137, 98, 252, 67, 215, 83, 143, 167, 84, 81, 107, 173, 179, 60, 207, 172, 142, 15, 214, 207, 71, 82], [144, 247, 57, 70, 22, 129, 50, 194, 38, 60, 93, 243, 82, 199, 173, 76, 3, 47, 111, 160, 14, 36, 180, 244, 250, 64, 107, 47, 110, 98, 217, 250], [23, 176, 112, 60, 223, 115, 192, 199, 163, 149, 79, 254, 214, 222, 13, 210, 188, 79, 4, 26, 237, 62, 100, 98, 71, 45, 65, 18, 174, 181, 220, 240], [214, 22, 162, 52, 120, 83, 206, 155, 58, 89, 11, 6, 175, 144, 141, 255, 11, 224, 119, 132, 97, 179, 250, 158, 7, 9, 35, 2, 90, 240, 88, 246], [70, 138, 190, 13, 56, 41, 102, 61, 143, 133, 0, 107, 190, 48, 27, 116, 44, 86, 169, 181, 5, 8, 101, 194, 247, 26, 3, 38, 153, 71, 160, 231], [63, 117, 126, 7, 21, 119, 163, 204, 86, 17, 118, 145, 174, 199, 243, 129, 170, 101, 216, 51, 200, 236, 54, 66, 107, 69, 65, 46, 169, 159, 113, 110], [42, 117, 93, 94, 208, 104, 252, 152, 224, 184, 36, 162, 128, 151, 175, 14, 20, 89, 227, 184, 252, 233, 193, 27, 152, 168, 79, 48, 169, 15, 63, 227], [97, 160, 241, 81, 73, 144, 108, 121, 14, 178, 209, 199, 75, 216, 24, 79, 200, 162, 242, 253, 54, 84, 223, 61, 194, 156, 66, 3, 47, 172, 21, 213], [18, 123, 16, 81, 154, 155, 128, 29, 194, 227, 222, 156, 146, 231, 73, 212, 119, 97, 152, 128, 177, 129, 25, 109, 129, 248, 120, 22, 158, 237, 61, 245], [180, 235, 46, 234, 67, 58, 5, 239, 130, 184, 175, 207, 17, 128, 104, 50, 238, 162, 93, 186, 242, 75, 82, 163, 176, 177, 33, 45, 116, 122, 111, 55], [104, 193, 69, 113, 54, 103, 175, 26, 244, 56, 104, 97, 13, 106, 240, 70, 206, 251, 206, 48, 195, 62, 96, 96, 233, 76, 187, 17, 50, 181, 116, 215], [206, 252, 176, 233, 127, 40, 1, 199, 153, 8, 232, 211, 27, 190, 245, 99, 138, 78, 170, 129, 63, 54, 19, 136, 161, 99, 182, 27, 239, 58, 37, 241], [95, 183, 31, 156, 138, 6, 203, 184, 4, 223, 89, 6, 187, 89, 206, 243, 19, 242, 132, 235, 176, 193, 235, 241, 207, 179, 254, 10, 21, 72, 8, 1], [72, 143, 111, 82, 13, 162, 112, 161, 247, 97, 153, 195, 65, 154, 139, 29, 44, 247, 165, 54, 234, 105, 30, 89, 209, 234, 173, 20, 139, 192, 108, 88], [212, 40, 121, 101, 195, 88, 46, 152, 90, 225, 109, 185, 85, 19, 251, 171, 249, 44, 158, 138, 79, 73, 33, 188, 249, 63, 115, 22, 95, 151, 108, 222], [134, 222, 208, 52, 39, 215, 166, 220, 227, 110, 120, 13, 151, 50, 84, 28, 35, 202, 242, 76, 185, 206, 36, 230, 9, 44, 108, 23, 99, 147, 23, 50], [212, 242, 187, 41, 128, 105, 243, 137, 130, 254, 12, 42, 29, 170, 51, 188, 51, 147, 24, 73, 194, 63, 128, 99, 230, 115, 153, 28, 232, 101, 16, 250], [143, 173, 79, 7, 102, 243, 202, 139, 173, 251, 8, 138, 198, 37, 45, 101, 147, 123, 93, 107, 112, 209, 12, 251, 104, 34, 248, 24, 134, 34, 210, 179], [59, 199, 220, 244, 57, 231, 210, 245, 165, 242, 150, 215, 111, 22, 71, 243, 24, 217, 251, 178, 227, 171, 129, 236, 11, 149, 195, 12, 234, 211, 131, 14], [230, 251, 75, 229, 82, 76, 38, 16, 12, 42, 222, 75, 112, 37, 68, 119, 20, 101, 60, 144, 19, 127, 15, 131, 33, 90, 119, 37, 167, 202, 20, 134], [80, 237, 11, 47, 32, 8, 45, 140, 175, 141, 150, 13, 247, 8, 152, 148, 152, 191, 251, 141, 150, 184, 46, 189, 244, 183, 170, 40, 93, 41, 249, 201], [48, 144, 212, 86, 58, 126, 75, 88, 133, 64, 163, 75, 237, 50, 61, 10, 162, 224, 19, 40, 22, 33, 34, 94, 81, 244, 236, 10, 250, 157, 11, 225], [117, 243, 51, 26, 73, 113, 235, 10, 236, 184, 80, 152, 223, 183, 206, 78, 56, 130, 179, 20, 40, 9, 47, 21, 39, 204, 83, 13, 88, 223, 52, 33], [177, 32, 197, 185, 218, 159, 118, 79, 64, 138, 215, 75, 207, 111, 0, 38, 15, 168, 15, 93, 222, 153, 64, 164, 20, 7, 211, 33, 75, 250, 65, 205], [166, 13, 116, 251, 180, 234, 10, 13, 170, 52, 116, 17, 197, 209, 132, 7, 113, 82, 242, 169, 156, 55, 78, 215, 74, 241, 23, 36, 239, 29, 72, 183], [101, 107, 91, 130, 178, 42, 251, 24, 81, 224, 169, 75, 142, 232, 128, 91, 167, 157, 64, 91, 75, 6, 241, 60, 94, 71, 145, 14, 182, 231, 79, 244], [220, 84, 139, 242, 171, 74, 6, 49, 202, 81, 247, 26, 96, 209, 147, 181, 141, 101, 113, 170, 241, 55, 109, 44, 147, 70, 7, 29, 231, 104, 147, 146], [129, 180, 138, 249, 33, 9, 66, 81, 175, 250, 157, 246, 226, 251, 84, 112, 76, 95, 186, 220, 3, 154, 112, 74, 8, 123, 102, 42, 136, 246, 67, 84], [25, 114, 80, 102, 59, 93, 225, 204, 153, 117, 51, 187, 220, 143, 112, 203, 63, 247, 151, 165, 157, 9, 111, 180, 149, 8, 119, 45, 96, 148, 233, 69], [149, 215, 149, 66, 107, 193, 47, 23, 226, 111, 227, 160, 122, 92, 44, 17, 106, 230, 149, 219, 37, 6, 193, 150, 106, 211, 253, 5, 13, 212, 128, 171], [16, 198, 164, 245, 26, 89, 221, 228, 216, 161, 121, 92, 211, 62, 200, 26, 33, 162, 154, 228, 160, 102, 243, 47, 126, 248, 122, 46, 228, 60, 166, 254], [16, 149, 52, 196, 135, 248, 126, 131, 154, 61, 120, 126, 98, 241, 27, 19, 13, 59, 118, 207, 121, 48, 71, 229, 102, 190, 233, 16, 96, 134, 171, 46], [209, 55, 11, 63, 109, 30, 143, 90, 116, 21, 203, 167, 22, 71, 206, 252, 215, 185, 36, 184, 199, 23, 39, 177, 164, 211, 228, 27, 99, 192, 214, 217], [5, 247, 235, 119, 5, 210, 242, 228, 246, 44, 9, 25, 251, 102, 101, 110, 169, 10, 218, 232, 175, 111, 234, 251, 11, 144, 122, 31, 197, 29, 27, 130], [50, 115, 87, 219, 1, 107, 121, 189, 113, 124, 136, 139, 56, 113, 19, 222, 211, 174, 8, 253, 229, 9, 217, 239, 15, 157, 19, 14, 86, 239, 116, 146], [38, 247, 89, 39, 14, 81, 209, 43, 190, 151, 180, 33, 36, 14, 13, 97, 185, 199, 176, 151, 116, 241, 172, 11, 171, 16, 37, 11, 19, 193, 151, 45], [213, 203, 0, 22, 230, 41, 67, 9, 129, 42, 179, 97, 59, 125, 49, 165, 217, 29, 167, 149, 59, 208, 243, 137, 152, 61, 43, 8, 241, 13, 8, 70], [240, 148, 198, 20, 127, 121, 160, 60, 211, 210, 204, 117, 57, 74, 116, 32, 253, 125, 159, 32, 181, 174, 132, 213, 199, 61, 63, 37, 160, 11, 255, 31], [113, 90, 42, 6, 229, 15, 88, 14, 59, 239, 147, 247, 28, 7, 120, 195, 18, 122, 245, 60, 92, 239, 168, 15, 183, 139, 228, 4, 210, 219, 159, 73], [248, 190, 45, 190, 66, 29, 65, 138, 13, 71, 129, 78, 43, 154, 2, 51, 34, 94, 183, 102, 163, 65, 222, 37, 79, 49, 96, 35, 106, 54, 219, 18], [154, 231, 17, 189, 49, 110, 72, 255, 146, 15, 156, 138, 14, 81, 171, 39, 73, 109, 251, 35, 78, 59, 174, 62, 21, 164, 7, 9, 117, 33, 221, 142], [30, 205, 242, 125, 74, 173, 48, 222, 131, 35, 0, 73, 50, 190, 126, 78, 148, 231, 152, 81, 134, 94, 83, 187, 35, 29, 4, 13, 136, 55, 161, 232], [52, 234, 120, 217, 105, 236, 232, 112, 94, 47, 63, 185, 3, 158, 84, 62, 190, 176, 230, 218, 235, 173, 163, 60, 193, 47, 176, 25, 96, 153, 166, 124], [32, 58, 37, 243, 229, 61, 228, 0, 176, 10, 117, 45, 39, 112, 143, 152, 235, 164, 155, 255, 212, 83, 10, 86, 56, 64, 8, 14, 140, 54, 170, 170], [113, 167, 165, 127, 63, 65, 106, 43, 156, 236, 97, 47, 36, 103, 28, 178, 5, 83, 6, 182, 58, 68, 211, 168, 221, 144, 253, 47, 231, 99, 214, 91], [246, 81, 251, 72, 167, 140, 141, 103, 225, 95, 12, 106, 54, 232, 241, 232, 202, 160, 180, 184, 84, 76, 39, 139, 58, 14, 92, 34, 232, 184, 212, 68], [121, 87, 135, 177, 97, 51, 123, 196, 109, 109, 207, 201, 78, 155, 152, 148, 187, 119, 25, 98, 147, 255, 204, 83, 243, 222, 159, 26, 22, 148, 201, 58], [57, 97, 255, 79, 110, 66, 123, 16, 76, 16, 115, 250, 192, 91, 7, 122, 201, 119, 1, 71, 175, 49, 28, 173, 248, 75, 64, 31, 230, 149, 39, 82], [6, 124, 195, 236, 195, 16, 54, 18, 182, 83, 60, 96, 145, 30, 255, 96, 104, 210, 139, 49, 128, 116, 128, 230, 152, 10, 93, 6, 49, 105, 179, 157], [221, 42, 33, 236, 30, 136, 246, 87, 69, 90, 14, 157, 156, 252, 121, 7, 237, 205, 78, 113, 122, 110, 21, 52, 122, 2, 36, 17, 167, 255, 129, 50], [100, 184, 60, 173, 254, 123, 197, 196, 32, 183, 215, 168, 126, 155, 70, 67, 173, 190, 234, 145, 243, 62, 1, 138, 79, 130, 188, 8, 27, 199, 17, 134], [146, 35, 161, 120, 138, 47, 100, 230, 225, 119, 173, 199, 197, 100, 220, 76, 98, 182, 49, 176, 216, 122, 37, 4, 81, 155, 83, 23, 104, 186, 118, 219], [18, 176, 18, 243, 255, 112, 134, 178, 32, 157, 23, 116, 185, 69, 235, 49, 102, 29, 254, 105, 166, 152, 33, 53, 168, 49, 52, 35, 44, 54, 107, 82], [132, 104, 127, 195, 2, 155, 13, 130, 175, 242, 211, 207, 151, 243, 164, 52, 84, 143, 30, 8, 81, 37, 12, 221, 33, 179, 16, 25, 249, 77, 147, 61], [93, 234, 93, 159, 204, 154, 45, 213, 194, 161, 251, 252, 162, 6, 9, 108, 197, 8, 226, 98, 248, 140, 3, 176, 33, 191, 29, 0, 112, 1, 32, 186], [40, 182, 184, 136, 197, 133, 236, 120, 156, 166, 53, 225, 169, 247, 159, 254, 90, 220, 15, 120, 245, 77, 112, 59, 213, 99, 126, 9, 63, 228, 201, 84], [41, 20, 154, 202, 39, 237, 216, 136, 21, 98, 180, 77, 126, 248, 188, 212, 140, 231, 99, 65, 211, 17, 18, 30, 57, 162, 52, 37, 215, 251, 92, 30], [238, 213, 103, 179, 199, 68, 133, 239, 244, 195, 75, 182, 179, 96, 225, 130, 91, 105, 64, 64, 52, 82, 193, 165, 157, 234, 229, 38, 24, 250, 123, 37], [226, 54, 184, 132, 167, 81, 210, 118, 158, 174, 194, 152, 196, 93, 185, 10, 51, 136, 18, 188, 148, 255, 217, 161, 92, 42, 214, 42, 141, 37, 9, 21], [147, 15, 98, 210, 166, 67, 86, 85, 127, 21, 98, 24, 242, 1, 255, 92, 170, 225, 60, 200, 123, 241, 11, 122, 86, 154, 84, 2, 108, 162, 98, 115], [9, 33, 222, 75, 130, 90, 194, 217, 23, 221, 43, 73, 98, 88, 253, 107, 16, 93, 60, 163, 73, 212, 90, 74, 76, 68, 22, 55, 186, 215, 115, 195], [131, 124, 190, 105, 230, 134, 27, 19, 18, 85, 31, 127, 107, 86, 130, 36, 12, 100, 19, 240, 173, 174, 37, 103, 28, 180, 15, 46, 217, 147, 132, 161], [175, 47, 109, 8, 167, 68, 106, 27, 141, 231, 20, 74, 63, 96, 96, 189, 248, 69, 160, 37, 112, 180, 224, 62, 6, 204, 201, 28, 36, 213, 102, 43], [140, 157, 119, 79, 123, 204, 6, 250, 151, 23, 128, 166, 153, 150, 100, 252, 55, 163, 136, 36, 132, 55, 172, 84, 239, 119, 1, 18, 131, 235, 228, 97], [237, 154, 163, 0, 205, 82, 22, 80, 28, 175, 16, 123, 93, 12, 1, 225, 3, 242, 3, 123, 19, 135, 82, 132, 102, 138, 34, 38, 35, 40, 22, 173], [138, 238, 168, 236, 17, 254, 106, 110, 249, 82, 1, 241, 195, 193, 28, 133, 126, 162, 199, 147, 165, 104, 133, 140, 131, 214, 98, 30, 251, 142, 80, 222], [116, 105, 47, 102, 126, 104, 110, 48, 204, 110, 79, 107, 238, 176, 250, 134, 6, 96, 226, 114, 58, 45, 112, 160, 129, 17, 117, 25, 42, 163, 163, 37], [228, 255, 231, 64, 72, 181, 156, 189, 186, 194, 1, 170, 28, 125, 234, 215, 104, 180, 252, 201, 99, 60, 245, 163, 7, 62, 165, 23, 118, 114, 107, 32], [32, 50, 134, 242, 250, 36, 182, 213, 130, 149, 248, 41, 74, 144, 18, 68, 9, 27, 231, 25, 237, 204, 114, 202, 57, 64, 255, 25, 29, 90, 217, 178], [50, 140, 56, 251, 68, 21, 213, 170, 214, 167, 127, 237, 64, 219, 150, 169, 77, 145, 83, 238, 197, 99, 60, 61, 107, 16, 191, 24, 5, 55, 17, 4], [68, 132, 65, 30, 154, 120, 83, 148, 155, 95, 196, 21, 124, 188, 215, 29, 104, 78, 164, 12, 179, 183, 230, 168, 16, 243, 182, 43, 160, 12, 219, 227], [36, 174, 219, 209, 207, 124, 229, 42, 189, 18, 224, 206, 129, 33, 247, 49, 107, 255, 37, 89, 113, 210, 157, 1, 10, 22, 168, 11, 145, 148, 72, 200], [62, 161, 125, 234, 86, 168, 123, 205, 222, 57, 16, 147, 128, 239, 153, 127, 197, 254, 144, 194, 200, 206, 95, 177, 30, 88, 54, 31, 167, 240, 161, 244], [241, 221, 68, 106, 189, 77, 140, 61, 212, 87, 161, 200, 219, 54, 138, 79, 75, 70, 42, 95, 184, 205, 147, 223, 104, 56, 188, 36, 253, 110, 110, 227], [104, 67, 249, 93, 55, 4, 186, 253, 170, 50, 109, 233, 153, 47, 118, 225, 145, 18, 233, 245, 10, 94, 184, 10, 235, 187, 201, 33, 43, 113, 102, 214], [216, 119, 251, 234, 212, 239, 53, 173, 172, 253, 56, 60, 180, 143, 209, 164, 202, 168, 77, 127, 147, 94, 255, 16, 157, 142, 29, 30, 203, 39, 64, 109], [89, 181, 98, 206, 67, 102, 247, 253, 94, 208, 84, 238, 185, 35, 108, 195, 11, 53, 161, 82, 147, 48, 100, 163, 228, 139, 241, 15, 28, 140, 22, 2], [62, 20, 37, 81, 184, 218, 59, 187, 228, 108, 72, 91, 169, 200, 175, 220, 235, 156, 2, 57, 150, 65, 50, 208, 213, 191, 70, 18, 32, 126, 147, 56], [232, 47, 177, 51, 132, 166, 135, 189, 175, 170, 111, 190, 118, 41, 195, 239, 82, 96, 250, 212, 78, 1, 147, 158, 197, 56, 5, 31, 161, 201, 216, 112], [152, 183, 251, 148, 111, 240, 27, 221, 221, 132, 180, 172, 129, 242, 31, 192, 97, 231, 183, 201, 204, 23, 205, 100, 15, 128, 23, 28, 173, 127, 52, 68], [207, 211, 87, 213, 153, 205, 93, 242, 129, 210, 75, 48, 23, 149, 53, 178, 27, 184, 198, 149, 36, 253, 171, 88, 248, 86, 17, 48, 166, 51, 164, 103], [126, 212, 36, 167, 29, 218, 85, 139, 179, 229, 204, 234, 219, 101, 97, 193, 84, 94, 152, 238, 92, 136, 100, 124, 99, 206, 76, 20, 146, 203, 43, 128], [180, 127, 130, 225, 74, 181, 80, 125, 159, 154, 198, 162, 224, 48, 200, 219, 43, 151, 255, 133, 158, 221, 102, 224, 186, 31, 56, 46, 59, 241, 193, 144], [156, 205, 81, 195, 56, 146, 64, 140, 89, 236, 89, 50, 165, 193, 50, 69, 172, 185, 183, 108, 145, 25, 111, 125, 71, 111, 87, 36, 172, 38, 175, 82], [149, 79, 246, 171, 20, 70, 175, 94, 134, 18, 86, 230, 66, 244, 88, 142, 182, 20, 128, 60, 77, 103, 1, 93, 58, 233, 82, 10, 12, 12, 187, 71], [122, 190, 206, 120, 84, 56, 49, 220, 55, 126, 39, 101, 184, 150, 78, 60, 10, 140, 152, 75, 152, 134, 194, 99, 43, 223, 12, 12, 52, 89, 194, 21], [118, 83, 88, 199, 231, 76, 80, 22, 92, 162, 86, 74, 240, 68, 56, 215, 106, 93, 44, 91, 140, 25, 186, 190, 17, 248, 45, 8, 186, 76, 206, 70], [2, 178, 100, 128, 189, 152, 164, 155, 135, 68, 34, 117, 111, 160, 167, 80, 116, 143, 28, 161, 125, 214, 193, 64, 81, 174, 85, 16, 123, 138, 103, 227], [72, 247, 180, 65, 66, 168, 112, 68, 67, 66, 184, 121, 194, 91, 161, 226, 175, 44, 143, 189, 161, 20, 149, 196, 224, 242, 52, 39, 141, 176, 174, 145], [20, 218, 187, 187, 207, 49, 205, 204, 9, 38, 95, 34, 238, 183, 217, 48, 66, 182, 51, 23, 172, 201, 111, 160, 33, 160, 14, 32, 206, 39, 131, 164], [103, 23, 50, 111, 17, 189, 92, 254, 228, 179, 20, 53, 155, 198, 88, 192, 42, 101, 191, 141, 52, 239, 137, 39, 129, 37, 23, 40, 66, 179, 235, 42], [61, 149, 22, 142, 51, 159, 130, 115, 218, 163, 242, 12, 24, 233, 249, 194, 39, 32, 190, 237, 73, 0, 252, 188, 113, 22, 82, 9, 227, 95, 230, 78], [27, 218, 25, 184, 236, 17, 187, 171, 0, 227, 237, 202, 219, 37, 6, 135, 241, 110, 135, 148, 221, 5, 161, 125, 251, 254, 161, 12, 5, 74, 145, 173], [217, 246, 9, 174, 89, 43, 239, 244, 182, 198, 142, 138, 69, 111, 135, 190, 142, 37, 146, 202, 223, 159, 53, 36, 1, 56, 18, 39, 240, 56, 190, 126], [33, 27, 103, 56, 8, 201, 2, 34, 142, 183, 114, 133, 253, 173, 168, 1, 148, 93, 12, 116, 64, 163, 172, 173, 101, 117, 75, 42, 247, 239, 134, 144], [246, 164, 138, 140, 37, 147, 152, 156, 253, 188, 144, 2, 219, 6, 233, 90, 162, 179, 218, 78, 69, 111, 124, 108, 148, 217, 43, 41, 155, 110, 243, 205], [23, 98, 2, 35, 89, 193, 40, 61, 26, 254, 236, 218, 121, 80, 40, 220, 84, 164, 188, 115, 128, 242, 151, 209, 175, 126, 21, 27, 80, 13, 246, 71], [32, 231, 149, 175, 103, 55, 217, 203, 147, 173, 240, 148, 130, 81, 152, 38, 20, 146, 117, 105, 228, 48, 181, 116, 222, 116, 56, 7, 140, 25, 110, 117], [179, 112, 233, 223, 53, 227, 186, 88, 212, 146, 224, 107, 195, 236, 157, 212, 141, 193, 13, 168, 155, 205, 83, 114, 72, 182, 169, 7, 175, 188, 154, 45], [141, 233, 36, 75, 128, 84, 71, 140, 7, 151, 32, 80, 189, 32, 52, 46, 53, 166, 100, 100, 64, 2, 233, 104, 60, 92, 31, 40, 121, 161, 107, 106], [34, 134, 69, 112, 110, 10, 179, 64, 58, 10, 196, 80, 247, 230, 195, 102, 41, 113, 21, 21, 17, 230, 71, 182, 165, 232, 40, 40, 152, 64, 226, 170], [137, 162, 251, 240, 12, 118, 42, 220, 137, 211, 96, 71, 160, 55, 77, 83, 129, 159, 235, 83, 233, 157, 72, 120, 54, 242, 68, 8, 151, 250, 130, 127], [22, 223, 91, 81, 220, 39, 0, 145, 195, 51, 60, 249, 120, 183, 97, 234, 45, 156, 30, 250, 2, 36, 34, 232, 109, 20, 204, 46, 152, 210, 59, 119], [133, 254, 220, 252, 163, 245, 81, 31, 252, 101, 154, 162, 170, 164, 224, 48, 28, 27, 144, 99, 126, 186, 219, 34, 98, 124, 91, 5, 220, 160, 131, 129], [75, 17, 114, 139, 81, 252, 80, 48, 51, 217, 237, 158, 87, 134, 37, 144, 51, 118, 65, 182, 212, 149, 40, 31, 8, 245, 127, 36, 175, 42, 65, 97], [145, 141, 67, 63, 233, 212, 31, 73, 149, 4, 231, 244, 178, 179, 160, 80, 154, 42, 192, 84, 171, 229, 85, 190, 16, 210, 8, 43, 223, 210, 244, 230], [123, 71, 20, 17, 125, 172, 243, 60, 86, 90, 167, 62, 205, 175, 35, 229, 48, 6, 153, 74, 50, 215, 33, 162, 178, 104, 133, 31, 153, 44, 22, 132], [133, 104, 131, 31, 165, 109, 15, 192, 192, 237, 153, 174, 191, 148, 99, 38, 134, 42, 238, 42, 228, 42, 145, 102, 88, 11, 69, 34, 168, 244, 219, 142], [187, 61, 149, 167, 120, 129, 232, 178, 240, 117, 157, 112, 79, 35, 121, 91, 152, 118, 191, 33, 255, 72, 150, 118, 227, 29, 247, 39, 174, 208, 102, 84], [145, 35, 157, 28, 232, 92, 98, 168, 208, 124, 231, 232, 157, 195, 29, 91, 48, 27, 98, 141, 69, 117, 160, 122, 26, 67, 31, 14, 221, 168, 1, 67], [237, 74, 172, 229, 10, 82, 245, 233, 128, 68, 178, 211, 207, 54, 6, 17, 62, 150, 29, 115, 201, 227, 105, 243, 125, 252, 151, 29, 104, 138, 177, 244], [69, 114, 70, 91, 250, 6, 148, 118, 28, 49, 56, 99, 66, 96, 251, 56, 133, 62, 138, 24, 212, 79, 187, 32, 145, 139, 247, 11, 14, 65, 15, 95], [186, 69, 36, 124, 105, 147, 255, 161, 159, 167, 159, 160, 210, 149, 42, 91, 155, 38, 220, 110, 62, 137, 188, 52, 123, 200, 245, 13, 223, 114, 203, 227], [208, 25, 218, 224, 146, 195, 221, 241, 116, 57, 73, 52, 27, 248, 133, 72, 49, 7, 198, 159, 85, 80, 118, 192, 225, 194, 108, 36, 253, 253, 109, 160], [141, 195, 192, 79, 245, 238, 7, 45, 10, 237, 223, 123, 142, 209, 208, 234, 85, 116, 170, 15, 202, 194, 55, 45, 215, 153, 170, 44, 180, 63, 146, 244], [64, 8, 124, 244, 45, 15, 87, 166, 226, 122, 165, 58, 201, 233, 48, 163, 117, 169, 240, 49, 237, 98, 211, 8, 124, 146, 145, 21, 161, 41, 179, 246], [210, 12, 26, 144, 154, 157, 110, 126, 78, 99, 21, 152, 194, 143, 8, 71, 173, 204, 151, 28, 215, 28, 109, 231, 129, 45, 31, 34, 147, 189, 234, 227], [213, 131, 164, 71, 95, 187, 26, 194, 174, 239, 219, 92, 148, 110, 80, 222, 64, 156, 95, 134, 60, 61, 94, 216, 246, 187, 210, 26, 88, 153, 161, 242], [19, 93, 50, 205, 151, 251, 159, 95, 227, 239, 105, 73, 88, 36, 102, 129, 124, 5, 0, 151, 235, 249, 247, 235, 104, 225, 14, 48, 208, 123, 52, 79], [29, 86, 80, 16, 90, 15, 214, 188, 184, 85, 44, 242, 93, 65, 22, 43, 167, 242, 63, 70, 215, 137, 99, 218, 215, 157, 221, 19, 185, 211, 31, 61], [232, 101, 114, 185, 221, 139, 204, 94, 175, 164, 232, 162, 164, 164, 100, 91, 155, 72, 190, 23, 157, 47, 129, 41, 182, 138, 222, 9, 119, 129, 72, 137], [249, 53, 208, 43, 51, 187, 155, 171, 216, 20, 85, 165, 255, 22, 107, 86, 15, 83, 16, 114, 82, 22, 206, 6, 155, 176, 134, 28, 95, 128, 209, 217], [73, 238, 156, 50, 216, 16, 193, 239, 57, 172, 32, 225, 204, 142, 231, 127, 202, 130, 248, 102, 39, 43, 56, 9, 165, 223, 127, 9, 143, 27, 113, 255], [191, 20, 1, 77, 115, 70, 204, 183, 176, 79, 55, 213, 236, 108, 72, 225, 213, 184, 28, 109, 253, 250, 72, 250, 123, 156, 229, 25, 238, 143, 218, 96], [21, 139, 33, 17, 228, 170, 7, 124, 186, 222, 197, 190, 103, 117, 31, 142, 88, 168, 108, 144, 202, 99, 192, 155, 61, 242, 27, 36, 184, 225, 11, 217], [86, 119, 31, 239, 25, 132, 165, 176, 224, 26, 74, 194, 112, 235, 56, 160, 224, 140, 51, 75, 44, 165, 232, 230, 246, 177, 126, 22, 3, 87, 160, 60], [118, 110, 190, 224, 52, 194, 24, 109, 19, 219, 59, 92, 93, 143, 195, 73, 44, 31, 162, 139, 103, 254, 221, 67, 60, 82, 72, 26, 237, 15, 95, 4], [131, 189, 212, 37, 164, 96, 159, 135, 220, 5, 90, 139, 240, 69, 159, 17, 80, 150, 30, 177, 242, 190, 121, 120, 102, 51, 142, 13, 12, 175, 193, 166], [242, 239, 133, 212, 122, 124, 118, 173, 99, 194, 67, 177, 245, 195, 168, 71, 44, 26, 92, 80, 151, 129, 148, 26, 15, 127, 166, 22, 90, 237, 29, 212], [147, 206, 75, 22, 233, 105, 210, 224, 180, 100, 39, 12, 109, 18, 226, 111, 102, 175, 49, 7, 55, 225, 183, 104, 12, 27, 214, 34, 232, 128, 46, 150], [226, 90, 25, 197, 99, 202, 32, 108, 246, 42, 246, 73, 162, 198, 89, 93, 214, 78, 110, 178, 114, 177, 161, 146, 86, 94, 5, 44, 23, 17, 175, 81], [153, 78, 51, 83, 26, 93, 60, 180, 54, 3, 36, 64, 206, 164, 229, 231, 153, 64, 43, 88, 155, 178, 200, 20, 251, 162, 85, 47, 49, 69, 20, 240], [219, 58, 239, 210, 100, 172, 234, 205, 242, 221, 67, 138, 121, 101, 146, 91, 43, 33, 0, 121, 126, 170, 160, 135, 44, 192, 223, 42, 48, 236, 205, 134], [125, 61, 237, 232, 114, 109, 53, 180, 90, 103, 93, 87, 143, 179, 155, 153, 28, 5, 37, 96, 142, 237, 104, 204, 119, 171, 14, 1, 62, 1, 160, 51], [13, 243, 210, 24, 9, 58, 59, 191, 157, 14, 27, 242, 6, 160, 133, 125, 101, 139, 135, 233, 90, 84, 116, 224, 49, 32, 239, 15, 234, 29, 251, 248], [44, 222, 17, 160, 235, 53, 111, 74, 102, 108, 135, 69, 146, 139, 93, 206, 104, 182, 115, 113, 48, 27, 184, 63, 43, 4, 106, 38, 152, 208, 239, 242], [100, 92, 119, 54, 27, 59, 236, 134, 129, 102, 62, 239, 87, 99, 46, 137, 86, 26, 63, 41, 61, 77, 99, 19, 221, 45, 254, 47, 93, 223, 129, 223], [233, 173, 14, 156, 161, 148, 2, 30, 43, 254, 249, 81, 203, 204, 35, 179, 77, 143, 220, 70, 249, 132, 121, 161, 71, 74, 250, 9, 57, 156, 206, 230], [115, 238, 156, 140, 213, 173, 52, 92, 156, 200, 102, 104, 184, 150, 163, 4, 0, 77, 5, 106, 79, 248, 132, 95, 65, 7, 244, 34, 38, 38, 237, 4], [100, 234, 247, 137, 7, 45, 242, 200, 120, 32, 33, 158, 161, 200, 5, 218, 132, 121, 255, 39, 165, 248, 69, 66, 26, 133, 214, 12, 222, 118, 67, 128], [171, 202, 45, 174, 11, 183, 40, 46, 114, 128, 182, 93, 95, 42, 147, 222, 211, 130, 184, 218, 52, 25, 119, 161, 80, 198, 61, 17, 33, 215, 143, 211], [178, 161, 40, 178, 133, 157, 127, 159, 24, 74, 96, 249, 187, 143, 123, 167, 49, 204, 80, 144, 132, 167, 235, 158, 88, 201, 141, 35, 93, 46, 35, 198], [36, 234, 104, 203, 1, 96, 222, 241, 217, 19, 20, 29, 69, 40, 102, 153, 154, 88, 167, 147, 201, 145, 19, 145, 236, 231, 20, 34, 144, 92, 223, 174], [30, 112, 41, 13, 117, 99, 199, 78, 75, 129, 64, 5, 19, 233, 121, 194, 165, 22, 215, 33, 255, 186, 56, 185, 135, 102, 44, 15, 59, 161, 214, 84], [240, 35, 198, 168, 50, 92, 182, 2, 62, 41, 0, 26, 208, 147, 34, 109, 97, 199, 255, 136, 242, 197, 37, 15, 176, 214, 42, 43, 183, 160, 157, 41], [248, 27, 247, 46, 24, 103, 170, 25, 70, 233, 64, 146, 74, 111, 7, 191, 16, 47, 121, 150, 42, 229, 248, 39, 235, 231, 55, 33, 133, 31, 123, 203], [93, 85, 202, 163, 245, 171, 123, 225, 127, 219, 236, 123, 124, 110, 143, 30, 204, 146, 218, 135, 229, 200, 132, 135, 64, 75, 29, 18, 59, 77, 15, 142], [175, 206, 232, 121, 22, 76, 36, 153, 170, 63, 226, 88, 128, 81, 240, 49, 72, 232, 55, 252, 243, 143, 150, 27, 116, 10, 59, 2, 38, 252, 193, 15], [69, 31, 138, 205, 113, 235, 33, 76, 246, 138, 37, 197, 218, 167, 230, 134, 62, 225, 195, 10, 8, 139, 55, 108, 194, 98, 149, 14, 12, 176, 109, 74], [103, 189, 55, 194, 118, 126, 77, 207, 230, 42, 159, 62, 221, 6, 145, 79, 110, 93, 24, 188, 53, 16, 155, 197, 254, 67, 41, 46, 164, 255, 199, 58], [4, 213, 1, 164, 227, 5, 112, 72, 242, 29, 102, 174, 60, 35, 98, 192, 212, 85, 36, 226, 109, 229, 146, 124, 200, 70, 157, 26, 50, 106, 25, 153], [114, 203, 33, 125, 15, 34, 59, 217, 30, 36, 112, 204, 116, 29, 132, 138, 220, 244, 251, 139, 126, 166, 250, 228, 102, 164, 57, 28, 196, 160, 90, 15], [129, 218, 29, 182, 122, 224, 238, 173, 14, 196, 134, 162, 218, 7, 138, 208, 143, 73, 231, 7, 74, 170, 104, 242, 17, 87, 181, 33, 21, 147, 99, 63], [164, 192, 254, 190, 125, 168, 54, 143, 114, 70, 17, 203, 232, 58, 253, 246, 217, 80, 84, 44, 171, 249, 54, 252, 11, 170, 42, 20, 122, 56, 233, 190], [105, 195, 36, 140, 44, 179, 111, 82, 214, 42, 170, 137, 128, 138, 169, 109, 5, 85, 119, 174, 86, 130, 145, 208, 23, 194, 161, 29, 79, 136, 88, 6], [184, 206, 152, 47, 170, 126, 251, 102, 228, 147, 127, 17, 218, 57, 113, 236, 36, 87, 105, 228, 185, 39, 112, 140, 96, 216, 161, 11, 49, 26, 24, 183], [241, 142, 17, 113, 111, 11, 140, 2, 59, 2, 150, 3, 163, 103, 248, 68, 175, 100, 77, 51, 31, 184, 48, 81, 128, 199, 15, 35, 248, 116, 36, 210], [94, 189, 135, 12, 227, 75, 118, 1, 173, 214, 1, 134, 131, 30, 16, 149, 145, 238, 230, 211, 111, 120, 193, 84, 18, 118, 194, 36, 195, 79, 70, 193], [49, 198, 167, 248, 168, 46, 232, 107, 67, 137, 223, 11, 83, 8, 155, 92, 149, 210, 103, 102, 134, 237, 10, 213, 107, 0, 180, 34, 27, 120, 10, 99], [50, 129, 51, 161, 233, 253, 78, 169, 80, 231, 92, 106, 188, 250, 166, 132, 80, 152, 138, 170, 31, 71, 41, 141, 195, 131, 255, 32, 72, 28, 99, 74], [63, 84, 97, 201, 194, 103, 180, 245, 186, 202, 73, 212, 232, 69, 40, 58, 226, 226, 185, 19, 181, 106, 95, 22, 168, 140, 183, 28, 44, 133, 114, 117], [228, 10, 237, 154, 163, 204, 34, 191, 64, 131, 36, 45, 161, 93, 218, 252, 101, 173, 197, 13, 10, 89, 8, 84, 175, 202, 100, 15, 41, 182, 150, 114], [161, 111, 35, 40, 174, 194, 54, 242, 32, 4, 108, 40, 90, 165, 135, 14, 227, 171, 118, 223, 65, 209, 177, 213, 132, 102, 57, 28, 240, 23, 45, 19], [198, 169, 211, 25, 154, 53, 188, 249, 92, 204, 195, 74, 203, 204, 92, 130, 39, 209, 10, 201, 165, 157, 52, 111, 107, 22, 251, 47, 248, 182, 100, 98], [107, 228, 155, 186, 214, 17, 228, 191, 103, 221, 210, 121, 88, 111, 79, 211, 213, 63, 56, 188, 20, 162, 36, 50, 222, 88, 90, 11, 87, 229, 79, 197], [80, 226, 76, 34, 243, 148, 181, 110, 52, 158, 189, 76, 146, 139, 36, 255, 142, 116, 69, 239, 131, 2, 253, 113, 7, 56, 105, 0, 144, 107, 37, 82], [43, 138, 116, 183, 163, 136, 93, 179, 220, 122, 234, 116, 170, 116, 16, 211, 95, 36, 55, 252, 135, 255, 172, 67, 40, 19, 70, 27, 141, 182, 89, 216], [142, 19, 23, 33, 191, 205, 101, 19, 168, 17, 225, 51, 255, 15, 212, 46, 142, 219, 97, 53, 168, 225, 49, 251, 39, 73, 23, 34, 45, 190, 26, 114], [135, 200, 196, 158, 155, 248, 120, 164, 102, 63, 191, 42, 102, 19, 150, 213, 209, 24, 1, 193, 201, 249, 29, 115, 189, 86, 203, 19, 186, 70, 35, 0], [136, 120, 9, 27, 206, 252, 11, 85, 233, 88, 160, 99, 94, 72, 173, 82, 40, 106, 238, 130, 129, 190, 255, 229, 74, 5, 77, 14, 179, 117, 137, 224], [97, 143, 163, 221, 132, 99, 245, 117, 51, 90, 224, 70, 217, 54, 180, 217, 147, 110, 60, 54, 13, 101, 111, 111, 131, 181, 239, 28, 125, 161, 186, 212], [129, 3, 61, 117, 73, 199, 72, 0, 31, 21, 145, 220, 85, 23, 142, 189, 91, 30, 225, 228, 182, 69, 142, 167, 49, 222, 189, 9, 32, 40, 136, 150], [74, 165, 212, 243, 114, 160, 117, 71, 196, 109, 20, 250, 182, 2, 113, 46, 91, 248, 166, 197, 231, 32, 34, 72, 132, 190, 166, 46, 202, 91, 194, 3], [149, 136, 227, 198, 67, 3, 41, 104, 114, 85, 240, 186, 7, 65, 243, 195, 90, 39, 111, 211, 114, 90, 163, 57, 65, 112, 166, 38, 173, 104, 247, 100], [137, 154, 213, 162, 80, 88, 150, 251, 72, 116, 208, 128, 95, 0, 175, 184, 239, 244, 160, 242, 224, 189, 43, 205, 113, 180, 253, 12, 97, 80, 232, 179], [137, 137, 169, 8, 172, 92, 97, 6, 4, 209, 217, 212, 74, 146, 18, 251, 63, 148, 139, 221, 77, 149, 63, 133, 93, 155, 127, 36, 189, 163, 83, 86], [216, 236, 61, 7, 179, 172, 212, 62, 57, 74, 97, 101, 83, 100, 154, 217, 184, 187, 126, 8, 4, 27, 57, 173, 150, 54, 207, 31, 230, 172, 148, 36], [141, 2, 119, 51, 225, 109, 16, 98, 141, 153, 167, 194, 18, 198, 110, 134, 118, 177, 196, 218, 219, 10, 242, 91, 21, 179, 228, 11, 151, 77, 103, 141], [133, 116, 167, 142, 89, 129, 173, 199, 171, 89, 106, 10, 67, 57, 33, 131, 239, 7, 103, 252, 244, 184, 55, 23, 147, 141, 5, 10, 131, 177, 86, 4], [79, 152, 89, 103, 188, 171, 161, 4, 103, 114, 56, 236, 103, 57, 51, 38, 67, 204, 247, 15, 21, 130, 68, 231, 2, 146, 80, 2, 98, 134, 67, 79], [49, 54, 133, 43, 152, 178, 215, 171, 165, 108, 248, 240, 204, 60, 231, 104, 140, 121, 125, 253, 43, 181, 25, 248, 204, 160, 230, 24, 196, 75, 38, 212], [199, 243, 198, 212, 208, 30, 208, 99, 42, 248, 72, 171, 245, 30, 78, 91, 115, 121, 88, 168, 20, 30, 237, 249, 111, 188, 19, 46, 182, 116, 180, 214], [3, 155, 179, 116, 7, 37, 201, 214, 100, 207, 98, 246, 118, 27, 44, 233, 69, 1, 155, 208, 116, 83, 60, 76, 41, 225, 93, 31, 190, 77, 149, 38], [119, 101, 11, 46, 36, 189, 182, 31, 21, 162, 146, 232, 109, 107, 149, 174, 134, 51, 66, 243, 84, 234, 61, 132, 37, 59, 130, 30, 45, 58, 138, 224], [17, 83, 92, 122, 54, 76, 150, 110, 8, 201, 173, 158, 79, 113, 27, 237, 0, 202, 84, 187, 29, 235, 122, 182, 157, 54, 197, 40, 137, 175, 231, 177], [159, 38, 21, 14, 105, 13, 187, 72, 124, 200, 238, 174, 239, 236, 235, 210, 47, 18, 14, 197, 212, 181, 243, 92, 77, 19, 226, 17, 126, 145, 48, 183], [50, 157, 227, 179, 252, 33, 242, 167, 36, 178, 19, 4, 202, 237, 69, 26, 71, 31, 247, 154, 153, 221, 39, 7, 135, 248, 246, 36, 210, 233, 151, 211], [150, 0, 140, 72, 137, 135, 42, 44, 109, 254, 201, 179, 148, 244, 156, 140, 252, 215, 119, 110, 51, 193, 42, 1, 211, 69, 19, 43, 56, 34, 199, 190], [70, 248, 150, 124, 114, 124, 44, 148, 69, 54, 12, 103, 199, 243, 209, 184, 115, 28, 245, 123, 28, 137, 112, 175, 24, 183, 240, 50, 117, 19, 229, 4], [128, 139, 148, 243, 3, 67, 71, 60, 36, 108, 183, 227, 200, 99, 228, 244, 185, 109, 216, 73, 246, 222, 6, 224, 159, 8, 81, 5, 176, 195, 187, 42], [202, 81, 183, 233, 159, 163, 1, 179, 151, 180, 13, 215, 157, 59, 145, 68, 176, 254, 1, 140, 19, 196, 11, 197, 108, 21, 208, 33, 72, 202, 76, 28], [76, 115, 64, 216, 109, 48, 98, 248, 138, 199, 243, 116, 71, 14, 143, 230, 7, 208, 156, 101, 87, 26, 51, 177, 124, 70, 209, 2, 165, 145, 33, 165], [56, 247, 154, 136, 86, 155, 168, 85, 134, 132, 5, 216, 130, 101, 147, 254, 92, 55, 41, 79, 186, 67, 118, 35, 11, 151, 17, 37, 255, 50, 48, 188], [202, 24, 224, 99, 31, 154, 15, 112, 6, 163, 141, 34, 22, 74, 242, 154, 174, 117, 179, 82, 210, 133, 254, 47, 246, 7, 147, 45, 119, 107, 250, 250], [179, 9, 76, 143, 187, 35, 102, 184, 194, 53, 251, 39, 189, 241, 80, 161, 163, 151, 159, 46, 166, 250, 105, 68, 81, 203, 25, 38, 250, 254, 20, 30], [83, 113, 34, 1, 5, 87, 94, 125, 103, 207, 75, 229, 93, 192, 248, 157, 207, 55, 5, 209, 93, 59, 70, 61, 158, 247, 62, 32, 249, 98, 186, 162], [21, 163, 5, 30, 55, 122, 64, 176, 88, 156, 41, 226, 221, 120, 86, 117, 121, 76, 191, 205, 163, 234, 137, 144, 194, 82, 188, 14, 77, 254, 103, 186], [195, 26, 254, 58, 136, 115, 19, 235, 41, 155, 53, 178, 255, 151, 136, 227, 230, 13, 75, 231, 203, 100, 235, 163, 212, 86, 37, 16, 125, 146, 118, 229], [156, 43, 189, 254, 13, 47, 180, 115, 5, 126, 156, 64, 73, 198, 184, 180, 48, 36, 211, 193, 208, 106, 86, 153, 5, 45, 198, 45, 70, 43, 181, 27], [211, 7, 111, 55, 215, 112, 224, 104, 100, 115, 33, 68, 147, 98, 12, 68, 67, 127, 57, 75, 22, 145, 64, 147, 160, 74, 172, 21, 129, 78, 67, 247], [15, 122, 140, 166, 238, 151, 5, 188, 101, 202, 194, 110, 69, 196, 58, 48, 31, 110, 133, 6, 24, 139, 119, 213, 160, 36, 14, 32, 1, 210, 199, 188], [67, 132, 177, 4, 182, 89, 145, 255, 44, 247, 95, 83, 202, 245, 116, 61, 115, 198, 22, 109, 19, 15, 241, 77, 210, 3, 184, 26, 2, 134, 191, 144], [153, 24, 173, 166, 184, 103, 0, 127, 5, 189, 48, 101, 104, 249, 155, 212, 140, 109, 203, 154, 9, 28, 122, 134, 57, 31, 119, 46, 10, 254, 172, 87], [62, 14, 53, 69, 188, 133, 44, 77, 7, 93, 31, 156, 195, 117, 241, 249, 237, 1, 232, 226, 88, 159, 139, 51, 135, 168, 39, 34, 50, 95, 30, 235], [225, 137, 141, 191, 104, 21, 151, 21, 249, 220, 210, 120, 182, 107, 154, 20, 113, 217, 37, 94, 131, 146, 163, 95, 151, 77, 255, 44, 61, 255, 207, 128], [216, 125, 235, 246, 208, 68, 69, 27, 138, 13, 98, 251, 153, 226, 143, 135, 200, 67, 104, 213, 208, 0, 166, 173, 235, 165, 60, 14, 177, 157, 92, 137], [86, 226, 158, 192, 159, 38, 207, 142, 220, 227, 212, 120, 42, 127, 105, 217, 156, 35, 81, 187, 182, 131, 9, 53, 66, 115, 246, 28, 168, 48, 57, 234], [229, 171, 86, 203, 19, 184, 28, 201, 100, 127, 118, 48, 111, 49, 158, 118, 7, 254, 234, 85, 188, 252, 153, 172, 25, 172, 253, 20, 156, 191, 235, 97], [11, 25, 164, 138, 138, 36, 66, 132, 166, 184, 191, 159, 250, 155, 127, 120, 37, 201, 67, 249, 135, 3, 212, 75, 37, 29, 238, 37, 159, 204, 67, 238], [48, 224, 201, 112, 121, 18, 85, 159, 44, 235, 10, 103, 238, 38, 227, 10, 175, 71, 101, 98, 109, 163, 151, 52, 89, 162, 102, 27, 177, 4, 74, 227], [208, 40, 251, 51, 214, 79, 89, 4, 226, 217, 129, 99, 134, 98, 9, 175, 40, 194, 123, 129, 50, 75, 162, 35, 43, 102, 110, 3, 89, 229, 163, 209], [25, 72, 208, 96, 46, 77, 218, 136, 192, 181, 216, 74, 105, 213, 213, 155, 192, 97, 146, 86, 246, 21, 67, 123, 17, 195, 51, 44, 46, 33, 66, 92], [202, 212, 37, 123, 93, 137, 138, 162, 72, 169, 164, 95, 115, 24, 47, 164, 42, 104, 42, 190, 116, 191, 234, 201, 242, 255, 214, 20, 238, 23, 217, 6], [253, 67, 80, 219, 94, 125, 151, 223, 208, 180, 168, 76, 244, 130, 171, 229, 245, 227, 189, 97, 51, 138, 238, 101, 97, 139, 48, 4, 51, 244, 98, 235], [185, 238, 70, 249, 38, 240, 152, 80, 120, 134, 170, 63, 138, 203, 229, 113, 193, 114, 182, 246, 7, 245, 101, 132, 202, 45, 151, 38, 53, 144, 89, 219], [110, 35, 9, 77, 253, 33, 168, 36, 12, 190, 119, 150, 120, 231, 81, 166, 194, 37, 147, 51, 155, 53, 221, 14, 144, 215, 203, 23, 106, 181, 63, 91], [157, 241, 70, 251, 40, 151, 155, 92, 233, 201, 84, 154, 200, 125, 117, 125, 158, 71, 50, 240, 71, 116, 128, 88, 51, 138, 163, 32, 18, 109, 35, 253], [167, 104, 23, 239, 143, 168, 201, 67, 133, 172, 9, 1, 229, 112, 47, 219, 243, 31, 189, 132, 142, 106, 84, 210, 226, 118, 152, 24, 8, 60, 149, 96], [46, 231, 67, 151, 229, 141, 130, 253, 70, 200, 154, 141, 119, 106, 99, 40, 210, 143, 160, 40, 185, 182, 179, 199, 177, 145, 86, 20, 154, 73, 125, 30], [88, 206, 56, 75, 6, 22, 153, 131, 240, 90, 54, 9, 115, 205, 6, 3, 200, 5, 56, 41, 14, 0, 50, 164, 163, 156, 88, 12, 146, 8, 125, 0], [94, 92, 42, 137, 19, 179, 210, 208, 9, 236, 157, 34, 236, 251, 145, 153, 62, 131, 140, 13, 125, 249, 223, 107, 75, 57, 199, 38, 173, 179, 255, 185], [190, 189, 231, 240, 134, 180, 216, 228, 160, 15, 75, 142, 234, 138, 122, 126, 238, 63, 24, 143, 27, 160, 255, 60, 207, 177, 11, 36, 46, 94, 238, 31], [212, 98, 13, 136, 70, 19, 128, 207, 186, 11, 184, 198, 182, 218, 236, 136, 29, 49, 65, 53, 220, 111, 238, 235, 204, 197, 216, 17, 179, 178, 240, 116], [12, 167, 115, 86, 250, 221, 226, 123, 11, 243, 96, 121, 125, 182, 219, 197, 246, 221, 65, 210, 139, 193, 57, 173, 213, 242, 211, 24, 252, 106, 239, 227], [176, 238, 92, 96, 156, 48, 48, 99, 202, 46, 220, 157, 185, 5, 246, 172, 11, 84, 14, 90, 191, 122, 11, 1, 160, 54, 171, 14, 148, 74, 140, 99], [10, 229, 172, 229, 146, 236, 142, 236, 133, 119, 32, 30, 224, 161, 165, 187, 191, 103, 14, 230, 157, 222, 247, 51, 157, 91, 144, 23, 156, 170, 187, 155], [23, 54, 103, 7, 23, 156, 203, 26, 152, 239, 166, 245, 78, 250, 78, 39, 39, 198, 178, 40, 30, 249, 182, 40, 50, 50, 4, 17, 176, 13, 6, 11], [23, 222, 184, 213, 181, 25, 167, 106, 160, 38, 211, 36, 124, 22, 112, 66, 54, 169, 209, 49, 76, 158, 4, 40, 240, 51, 186, 45, 48, 244, 35, 129], [117, 102, 20, 144, 96, 248, 40, 18, 188, 148, 207, 3, 147, 92, 193, 210, 136, 7, 54, 60, 52, 68, 42, 12, 220, 231, 255, 37, 151, 239, 118, 205], [255, 173, 103, 102, 215, 176, 202, 253, 240, 67, 174, 114, 225, 65, 17, 63, 128, 156, 126, 134, 221, 1, 45, 185, 130, 26, 170, 2, 166, 179, 125, 138], [220, 194, 94, 52, 176, 149, 7, 93, 227, 154, 151, 9, 118, 186, 122, 112, 133, 232, 103, 55, 141, 85, 5, 105, 102, 148, 215, 37, 42, 79, 35, 25], [96, 115, 217, 214, 103, 237, 19, 196, 98, 56, 19, 7, 11, 16, 37, 74, 199, 42, 162, 107, 161, 235, 119, 92, 198, 196, 32, 3, 37, 173, 218, 170], [94, 23, 133, 93, 53, 209, 88, 146, 6, 41, 136, 59, 148, 34, 227, 254, 4, 118, 211, 100, 72, 243, 240, 121, 40, 195, 131, 26, 29, 174, 89, 191], [182, 24, 71, 101, 37, 221, 93, 164, 46, 50, 110, 144, 82, 72, 92, 55, 239, 26, 174, 76, 136, 180, 185, 132, 172, 137, 67, 45, 110, 75, 132, 47], [123, 93, 192, 183, 81, 128, 38, 175, 162, 183, 245, 62, 5, 131, 203, 130, 65, 30, 128, 28, 244, 22, 66, 255, 243, 230, 213, 40, 22, 11, 71, 71], [156, 230, 133, 35, 188, 102, 196, 65, 164, 43, 204, 113, 234, 70, 50, 103, 218, 24, 173, 78, 140, 8, 43, 168, 67, 120, 167, 47, 169, 127, 193, 221], [6, 255, 20, 57, 222, 37, 178, 142, 239, 97, 68, 65, 149, 155, 57, 27, 237, 219, 31, 124, 109, 26, 238, 105, 106, 239, 59, 21, 49, 242, 53, 145], [122, 165, 154, 24, 209, 99, 173, 38, 237, 62, 181, 37, 115, 17, 79, 26, 220, 44, 163, 105, 157, 151, 6, 57, 47, 214, 188, 0, 0, 204, 38, 46], [61, 145, 100, 26, 15, 125, 186, 111, 93, 56, 214, 155, 193, 165, 216, 211, 242, 111, 219, 79, 208, 209, 247, 17, 121, 144, 189, 46, 68, 85, 156, 157], [202, 114, 212, 119, 116, 82, 196, 62, 122, 12, 212, 61, 252, 145, 186, 71, 19, 64, 28, 96, 171, 69, 190, 232, 62, 76, 14, 37, 174, 54, 179, 27], [52, 110, 100, 222, 153, 112, 213, 231, 97, 99, 199, 4, 214, 45, 4, 190, 209, 84, 122, 94, 65, 105, 30, 24, 157, 232, 171, 41, 3, 168, 224, 58], [76, 25, 76, 196, 24, 120, 173, 41, 23, 94, 173, 89, 97, 198, 198, 57, 163, 5, 52, 88, 126, 90, 115, 248, 51, 2, 86, 11, 158, 72, 38, 142], [155, 205, 219, 169, 189, 132, 73, 42, 63, 186, 153, 194, 216, 0, 220, 220, 65, 176, 169, 110, 192, 123, 241, 119, 75, 171, 102, 45, 32, 59, 231, 188], [159, 100, 249, 51, 223, 8, 230, 189, 73, 53, 2, 232, 54, 214, 26, 142, 248, 150, 203, 235, 194, 218, 228, 142, 146, 136, 117, 3, 29, 132, 62, 81], [151, 5, 149, 68, 165, 160, 229, 190, 199, 227, 134, 153, 78, 200, 245, 248, 34, 33, 156, 166, 9, 231, 142, 97, 147, 98, 168, 17, 39, 194, 149, 27], [119, 39, 39, 8, 174, 193, 139, 170, 71, 53, 127, 175, 38, 130, 102, 243, 189, 174, 132, 204, 102, 197, 76, 82, 224, 197, 238, 44, 111, 198, 188, 243], [109, 68, 60, 25, 48, 143, 16, 223, 198, 52, 42, 82, 55, 49, 145, 71, 29, 60, 186, 73, 249, 201, 112, 19, 116, 251, 236, 18, 222, 228, 170, 125], [243, 120, 92, 145, 10, 76, 224, 61, 58, 79, 119, 53, 204, 249, 39, 193, 89, 179, 152, 180, 174, 35, 251, 215, 26, 173, 82, 20, 253, 59, 37, 86], [161, 23, 55, 149, 154, 188, 159, 88, 30, 71, 94, 98, 1, 31, 43, 202, 155, 20, 20, 198, 208, 64, 56, 124, 53, 54, 147, 14, 105, 24, 210, 90], [35, 19, 196, 170, 130, 126, 145, 42, 87, 27, 10, 98, 145, 94, 89, 192, 92, 146, 183, 3, 123, 124, 54, 9, 88, 161, 17, 28, 15, 181, 127, 8], [182, 132, 56, 51, 48, 221, 107, 46, 31, 119, 33, 215, 95, 147, 249, 173, 111, 141, 187, 129, 96, 214, 10, 6, 234, 177, 44, 14, 48, 79, 62, 198], [147, 61, 56, 10, 96, 25, 213, 142, 126, 135, 75, 80, 178, 241, 247, 102, 89, 36, 60, 241, 146, 101, 169, 139, 89, 81, 209, 3, 240, 175, 6, 143], [250, 34, 64, 32, 119, 49, 114, 248, 243, 157, 13, 16, 62, 225, 108, 33, 175, 11, 240, 106, 255, 94, 160, 44, 43, 8, 88, 45, 23, 174, 62, 18], [131, 78, 232, 49, 45, 177, 156, 217, 18, 227, 53, 71, 171, 102, 137, 26, 93, 33, 20, 199, 150, 58, 136, 85, 25, 253, 146, 44, 86, 108, 172, 230], [186, 230, 36, 231, 3, 203, 122, 191, 68, 4, 24, 96, 185, 115, 194, 5, 205, 214, 208, 32, 147, 239, 104, 247, 174, 202, 248, 3, 33, 237, 93, 51], [156, 47, 148, 79, 105, 186, 144, 249, 173, 185, 69, 83, 26, 153, 52, 11, 186, 164, 47, 92, 123, 31, 129, 124, 23, 33, 175, 23, 230, 164, 70, 85], [143, 50, 128, 145, 243, 220, 154, 64, 36, 170, 30, 195, 222, 39, 248, 59, 13, 135, 129, 151, 48, 159, 161, 154, 152, 54, 76, 8, 38, 16, 31, 165], [122, 92, 140, 236, 35, 16, 225, 110, 227, 176, 59, 68, 67, 191, 76, 118, 252, 160, 32, 92, 174, 128, 176, 100, 91, 45, 181, 24, 187, 53, 147, 252], [38, 195, 80, 109, 227, 70, 9, 148, 236, 247, 237, 249, 80, 253, 148, 64, 85, 55, 9, 217, 37, 127, 233, 43, 188, 208, 33, 33, 195, 28, 50, 45], [208, 159, 77, 165, 1, 72, 22, 210, 246, 254, 50, 6, 131, 33, 73, 207, 207, 8, 223, 139, 128, 212, 48, 63, 40, 123, 35, 48, 239, 129, 40, 191], [4, 104, 225, 76, 71, 115, 38, 72, 168, 8, 240, 69, 129, 75, 62, 8, 96, 3, 69, 75, 120, 108, 0, 70, 204, 118, 128, 49, 132, 224, 74, 171], [70, 236, 210, 150, 139, 130, 91, 150, 154, 107, 78, 145, 218, 54, 56, 178, 230, 60, 113, 44, 169, 203, 0, 162, 74, 211, 64, 0, 58, 23, 225, 186], [235, 142, 58, 102, 75, 240, 44, 202, 85, 148, 77, 178, 96, 249, 226, 104, 107, 137, 72, 178, 31, 96, 239, 32, 198, 239, 31, 43, 125, 255, 12, 1], [255, 180, 113, 242, 134, 71, 207, 131, 75, 182, 126, 99, 26, 1, 88, 67, 186, 51, 171, 243, 129, 172, 65, 138, 231, 240, 118, 7, 59, 141, 224, 233], [156, 44, 135, 65, 140, 60, 9, 70, 57, 83, 190, 136, 65, 88, 244, 221, 157, 23, 58, 64, 45, 127, 94, 61, 172, 52, 213, 51, 202, 253, 111, 215], [23, 215, 174, 73, 6, 131, 162, 228, 69, 180, 2, 52, 67, 87, 41, 62, 252, 17, 165, 196, 167, 243, 239, 86, 139, 93, 237, 40, 36, 76, 192, 94], [45, 54, 89, 255, 102, 60, 69, 72, 7, 52, 131, 243, 142, 105, 1, 161, 91, 42, 225, 223, 32, 207, 85, 37, 47, 51, 136, 35, 191, 75, 217, 123], [2, 213, 100, 56, 110, 77, 230, 99, 236, 188, 70, 134, 179, 202, 104, 77, 43, 29, 215, 78, 137, 218, 80, 37, 194, 158, 241, 43, 22, 22, 194, 19], [204, 177, 64, 230, 223, 143, 21, 158, 167, 249, 28, 144, 244, 111, 173, 106, 39, 229, 85, 106, 9, 92, 94, 3, 26, 99, 163, 15, 136, 177, 163, 92], [20, 183, 187, 3, 31, 125, 139, 4, 165, 173, 58, 17, 170, 141, 24, 52, 139, 40, 121, 105, 160, 197, 224, 187, 176, 175, 114, 4, 17, 208, 38, 13], [43, 89, 221, 255, 44, 153, 133, 244, 148, 131, 240, 78, 221, 162, 0, 187, 40, 41, 14, 230, 99, 73, 17, 182, 205, 202, 210, 4, 73, 215, 186, 176], [92, 204, 77, 166, 197, 73, 36, 142, 155, 64, 207, 97, 48, 41, 180, 246, 243, 132, 82, 228, 59, 66, 241, 14, 131, 137, 105, 6, 166, 141, 150, 107], [230, 29, 61, 109, 188, 246, 117, 211, 210, 240, 30, 24, 93, 230, 253, 76, 56, 249, 25, 23, 140, 205, 45, 157, 130, 140, 192, 20, 254, 37, 194, 39], [186, 191, 210, 149, 199, 128, 77, 218, 245, 41, 178, 53, 45, 47, 205, 138, 194, 192, 253, 211, 237, 93, 64, 210, 239, 196, 250, 41, 143, 36, 16, 75], [34, 147, 4, 70, 15, 183, 81, 125, 150, 254, 146, 149, 42, 115, 159, 217, 201, 197, 53, 193, 53, 101, 39, 210, 203, 35, 67, 14, 246, 109, 65, 115], [1, 231, 134, 229, 4, 53, 30, 8, 156, 81, 240, 134, 134, 137, 93, 135, 119, 30, 152, 221, 45, 127, 132, 248, 81, 185, 194, 23, 37, 108, 235, 192], [139, 77, 126, 12, 144, 235, 163, 22, 22, 31, 35, 29, 141, 119, 211, 145, 142, 254, 45, 188, 252, 45, 25, 79, 242, 92, 122, 43, 81, 143, 59, 101], [21, 165, 153, 86, 136, 149, 83, 96, 245, 24, 145, 16, 215, 206, 35, 250, 62, 39, 184, 218, 251, 32, 173, 232, 32, 149, 161, 24, 224, 220, 143, 53], [40, 77, 79, 243, 28, 172, 27, 11, 183, 205, 230, 187, 62, 33, 232, 95, 9, 8, 9, 180, 47, 14, 135, 184, 100, 155, 13, 43, 161, 237, 187, 137], [208, 235, 195, 128, 175, 247, 246, 59, 140, 180, 214, 6, 126, 202, 149, 22, 189, 114, 72, 3, 232, 137, 111, 95, 17, 128, 60, 30, 210, 20, 129, 205], [169, 255, 197, 239, 137, 60, 62, 151, 168, 110, 190, 1, 21, 0, 216, 114, 34, 241, 6, 16, 73, 24, 132, 47, 167, 69, 133, 53, 166, 15, 193, 78], [70, 160, 92, 187, 221, 210, 122, 44, 5, 182, 170, 144, 223, 141, 235, 106, 249, 210, 7, 181, 65, 22, 194, 129, 97, 206, 39, 18, 214, 31, 137, 16], [121, 90, 206, 32, 111, 209, 228, 116, 81, 206, 15, 221, 16, 118, 166, 211, 181, 11, 51, 165, 88, 38, 9, 163, 116, 25, 199, 36, 68, 241, 33, 201], [30, 71, 145, 31, 90, 144, 180, 126, 82, 58, 154, 252, 140, 54, 96, 160, 88, 252, 33, 243, 226, 5, 140, 171, 50, 197, 129, 35, 193, 167, 70, 30], [76, 63, 87, 201, 107, 53, 66, 112, 165, 120, 150, 89, 45, 37, 129, 21, 0, 125, 200, 220, 163, 153, 76, 125, 153, 219, 48, 42, 3, 12, 91, 15], [248, 68, 143, 28, 51, 58, 189, 233, 62, 48, 231, 154, 208, 33, 33, 225, 93, 73, 46, 197, 70, 154, 165, 53, 64, 137, 226, 12, 61, 59, 60, 4], [14, 174, 55, 61, 55, 73, 194, 25, 90, 202, 96, 73, 29, 78, 46, 161, 211, 235, 245, 127, 5, 61, 96, 47, 186, 63, 213, 33, 209, 32, 253, 54], [230, 85, 3, 243, 21, 23, 186, 60, 19, 235, 12, 108, 202, 106, 219, 50, 35, 224, 101, 31, 88, 202, 47, 16, 42, 194, 146, 28, 254, 237, 168, 20], [19, 245, 255, 60, 214, 46, 202, 29, 13, 0, 186, 58, 25, 129, 231, 22, 154, 213, 93, 203, 21, 16, 221, 199, 176, 35, 108, 19, 118, 220, 127, 161], [48, 54, 29, 73, 119, 179, 183, 43, 126, 127, 116, 43, 147, 237, 165, 78, 147, 101, 234, 152, 209, 213, 1, 209, 72, 140, 209, 19, 201, 207, 241, 221], [2, 190, 254, 99, 120, 191, 60, 127, 198, 253, 110, 182, 119, 22, 8, 115, 79, 204, 52, 179, 136, 246, 44, 34, 89, 177, 179, 22, 72, 90, 252, 247], [187, 228, 138, 150, 56, 34, 207, 233, 39, 65, 209, 155, 25, 40, 177, 44, 237, 29, 104, 158, 11, 124, 180, 117, 79, 155, 50, 27, 149, 112, 147, 130], [73, 15, 213, 223, 63, 97, 218, 96, 104, 111, 198, 25, 196, 66, 84, 105, 244, 150, 114, 186, 179, 151, 182, 187, 241, 142, 159, 16, 255, 162, 128, 224], [90, 167, 149, 165, 84, 168, 162, 126, 105, 41, 176, 251, 67, 48, 208, 84, 201, 39, 232, 25, 30, 36, 125, 107, 35, 179, 49, 21, 237, 138, 67, 82], [94, 115, 174, 70, 6, 68, 24, 235, 21, 52, 37, 95, 128, 188, 2, 178, 174, 5, 189, 7, 7, 16, 107, 81, 35, 123, 80, 38, 74, 150, 181, 55], [206, 148, 208, 58, 141, 54, 182, 56, 23, 132, 17, 52, 3, 44, 188, 213, 62, 136, 216, 3, 244, 87, 48, 12, 250, 93, 254, 2, 154, 27, 24, 111], [151, 44, 150, 68, 250, 214, 141, 157, 228, 59, 177, 34, 50, 43, 172, 146, 193, 65, 210, 123, 102, 219, 56, 37, 225, 252, 72, 22, 253, 102, 199, 160], [72, 247, 79, 1, 0, 148, 187, 47, 122, 230, 111, 99, 90, 44, 197, 171, 119, 189, 119, 180, 53, 72, 1, 213, 120, 240, 101, 45, 93, 68, 223, 133], [93, 19, 184, 86, 127, 121, 45, 227, 34, 91, 148, 227, 5, 8, 150, 66, 184, 58, 28, 64, 66, 114, 3, 33, 139, 95, 123, 3, 8, 37, 8, 12], [226, 125, 111, 17, 222, 1, 73, 129, 63, 92, 237, 86, 74, 206, 30, 234, 156, 53, 223, 206, 147, 65, 142, 160, 105, 8, 185, 47, 217, 23, 145, 225], [202, 243, 88, 111, 176, 65, 245, 175, 67, 114, 85, 18, 139, 231, 255, 71, 191, 100, 161, 242, 197, 2, 184, 202, 124, 8, 235, 3, 63, 216, 116, 204], [52, 14, 177, 42, 175, 200, 40, 231, 81, 14, 148, 64, 19, 138, 98, 151, 25, 16, 113, 233, 149, 94, 163, 64, 9, 70, 171, 0, 67, 131, 253, 106], [251, 224, 219, 190, 18, 127, 73, 232, 10, 72, 125, 144, 51, 55, 23, 255, 100, 166, 64, 96, 60, 165, 79, 113, 90, 86, 247, 12, 41, 168, 76, 107], [158, 252, 42, 171, 25, 83, 72, 168, 47, 125, 128, 43, 52, 65, 196, 253, 45, 106, 164, 164, 122, 8, 164, 134, 249, 115, 212, 45, 222, 118, 162, 147], [193, 191, 42, 70, 60, 243, 91, 150, 126, 225, 80, 216, 229, 151, 136, 219, 43, 101, 218, 71, 8, 136, 64, 34, 186, 74, 146, 12, 30, 85, 48, 109], [120, 143, 245, 144, 115, 119, 41, 192, 97, 237, 0, 108, 41, 23, 189, 131, 136, 219, 171, 19, 175, 151, 141, 90, 121, 218, 143, 2, 27, 234, 232, 193], [189, 98, 136, 76, 145, 184, 98, 223, 107, 83, 151, 114, 114, 108, 111, 136, 200, 47, 52, 187, 129, 74, 183, 218, 203, 104, 110, 7, 218, 37, 26, 232], [158, 90, 178, 234, 3, 22, 210, 148, 75, 200, 204, 201, 108, 27, 87, 134, 43, 114, 46, 133, 249, 118, 1, 162, 172, 28, 15, 8, 171, 55, 243, 69], [245, 149, 159, 247, 220, 172, 249, 122, 34, 148, 83, 46, 168, 61, 22, 108, 183, 19, 195, 194, 215, 111, 6, 194, 175, 243, 10, 28, 109, 215, 98, 240], [119, 49, 110, 81, 137, 180, 159, 211, 69, 162, 180, 205, 240, 60, 42, 251, 138, 211, 33, 51, 48, 41, 48, 63, 198, 49, 85, 40, 184, 196, 166, 169], [120, 231, 84, 70, 11, 216, 167, 169, 83, 67, 249, 163, 147, 22, 53, 0, 8, 219, 37, 93, 199, 48, 203, 185, 21, 13, 45, 0, 225, 65, 41, 211], [200, 100, 235, 105, 178, 171, 207, 65, 85, 96, 218, 73, 241, 149, 189, 161, 135, 241, 168, 59, 84, 68, 57, 180, 113, 26, 179, 46, 57, 243, 157, 135], [25, 33, 67, 169, 28, 19, 50, 188, 100, 181, 6, 188, 146, 166, 192, 110, 55, 243, 93, 236, 218, 31, 72, 134, 67, 77, 97, 45, 102, 187, 83, 5], [78, 39, 53, 210, 218, 30, 162, 38, 60, 10, 167, 77, 108, 194, 195, 223, 46, 84, 167, 124, 213, 91, 248, 44, 1, 52, 177, 1, 232, 176, 173, 48], [189, 36, 216, 116, 141, 94, 37, 46, 129, 170, 109, 11, 15, 246, 77, 190, 67, 178, 217, 189, 31, 46, 10, 30, 57, 130, 220, 8, 79, 64, 135, 240], [71, 105, 154, 67, 196, 213, 169, 200, 88, 192, 4, 10, 52, 150, 86, 35, 128, 30, 163, 101, 23, 179, 225, 105, 150, 233, 25, 9, 235, 82, 169, 169], [185, 201, 101, 149, 144, 143, 111, 31, 155, 89, 215, 167, 142, 56, 185, 173, 143, 145, 177, 14, 189, 103, 189, 186, 35, 221, 85, 30, 248, 188, 245, 231], [206, 34, 134, 248, 200, 244, 199, 159, 56, 170, 124, 141, 41, 194, 42, 94, 54, 39, 173, 82, 18, 237, 79, 119, 220, 100, 74, 39, 237, 181, 129, 49], [227, 112, 108, 121, 97, 167, 114, 101, 146, 45, 119, 47, 72, 142, 108, 159, 168, 70, 201, 50, 100, 91, 213, 52, 138, 234, 6, 20, 141, 84, 244, 154], [113, 85, 193, 78, 53, 140, 202, 221, 248, 158, 234, 191, 69, 5, 126, 208, 163, 64, 94, 128, 153, 104, 164, 77, 97, 211, 230, 9, 5, 172, 59, 189], [163, 141, 124, 200, 137, 99, 138, 30, 16, 236, 130, 131, 137, 232, 119, 73, 190, 187, 181, 240, 205, 69, 206, 146, 35, 252, 29, 30, 186, 168, 136, 61], [165, 54, 95, 237, 87, 62, 167, 138, 152, 203, 150, 215, 23, 83, 3, 177, 18, 5, 242, 55, 144, 55, 141, 147, 17, 123, 125, 38, 154, 2, 242, 75], [64, 190, 82, 106, 48, 191, 170, 155, 16, 98, 172, 92, 238, 216, 51, 35, 242, 67, 5, 60, 192, 149, 46, 249, 232, 219, 15, 16, 116, 10, 139, 59], [95, 183, 142, 9, 181, 16, 31, 140, 157, 4, 43, 45, 191, 233, 44, 11, 162, 181, 71, 224, 90, 227, 80, 95, 175, 27, 219, 14, 239, 229, 103, 76], [249, 245, 66, 107, 84, 151, 21, 66, 80, 185, 199, 247, 148, 94, 199, 4, 216, 30, 248, 180, 162, 64, 68, 51, 3, 99, 112, 18, 211, 242, 241, 156], [183, 212, 145, 50, 216, 185, 82, 220, 243, 101, 86, 106, 158, 110, 84, 118, 20, 144, 8, 216, 206, 188, 224, 129, 195, 50, 137, 33, 43, 81, 63, 45], [230, 14, 59, 234, 239, 246, 181, 19, 101, 253, 248, 241, 188, 44, 148, 193, 10, 124, 221, 67, 86, 139, 73, 118, 187, 208, 193, 25, 179, 234, 77, 169], [170, 242, 126, 27, 169, 145, 44, 213, 199, 216, 231, 61, 232, 178, 223, 51, 141, 20, 147, 196, 142, 32, 115, 193, 231, 18, 34, 42, 171, 63, 234, 192], [201, 152, 142, 32, 125, 135, 29, 178, 217, 45, 174, 217, 149, 10, 33, 65, 238, 112, 63, 81, 166, 44, 93, 65, 121, 221, 240, 24, 148, 18, 47, 47], [108, 153, 161, 32, 228, 56, 69, 147, 201, 145, 153, 89, 117, 165, 161, 77, 41, 49, 189, 243, 154, 127, 190, 31, 139, 59, 66, 6, 71, 84, 195, 82], [58, 84, 81, 115, 208, 4, 37, 53, 195, 135, 177, 38, 231, 217, 47, 140, 116, 59, 15, 109, 170, 222, 177, 231, 177, 247, 16, 14, 193, 6, 116, 131], [10, 73, 114, 100, 37, 49, 22, 92, 7, 128, 14, 211, 2, 204, 101, 107, 155, 215, 11, 123, 215, 98, 250, 57, 204, 71, 83, 48, 94, 22, 78, 154], [129, 68, 2, 217, 22, 82, 165, 42, 232, 132, 31, 255, 28, 96, 140, 46, 77, 150, 163, 217, 7, 72, 26, 37, 62, 64, 224, 46, 134, 246, 8, 85], [12, 67, 174, 215, 103, 153, 91, 12, 138, 234, 114, 196, 90, 140, 27, 22, 27, 110, 68, 61, 82, 61, 55, 167, 166, 6, 17, 0, 223, 24, 208, 86], [249, 153, 232, 94, 245, 92, 24, 139, 44, 102, 158, 35, 247, 38, 108, 86, 108, 205, 16, 155, 141, 169, 138, 56, 237, 89, 63, 33, 245, 17, 244, 230], [130, 99, 118, 85, 12, 168, 225, 98, 202, 138, 143, 134, 239, 207, 13, 31, 125, 14, 71, 134, 180, 140, 249, 51, 237, 37, 168, 32, 98, 41, 147, 144], [74, 94, 103, 156, 238, 24, 95, 0, 186, 78, 212, 36, 105, 129, 47, 87, 190, 65, 130, 108, 197, 192, 167, 207, 97, 17, 87, 45, 82, 235, 136, 241], [147, 40, 170, 230, 128, 34, 144, 5, 199, 223, 241, 16, 110, 136, 115, 98, 57, 55, 9, 50, 117, 19, 56, 173, 133, 40, 188, 15, 129, 83, 179, 204], [95, 133, 188, 230, 225, 86, 0, 136, 111, 96, 31, 94, 104, 160, 110, 158, 211, 204, 113, 174, 48, 64, 232, 8, 11, 34, 100, 12, 80, 27, 79, 73], [141, 218, 92, 63, 221, 187, 151, 154, 227, 77, 18, 231, 148, 210, 208, 247, 29, 39, 211, 218, 163, 164, 232, 222, 135, 35, 170, 6, 66, 210, 0, 106], [115, 26, 124, 49, 82, 247, 214, 234, 157, 172, 16, 154, 130, 162, 199, 161, 15, 163, 119, 131, 75, 74, 143, 195, 205, 152, 21, 39, 247, 225, 45, 143], [137, 177, 195, 252, 175, 14, 218, 205, 173, 28, 111, 176, 200, 133, 176, 137, 152, 30, 125, 221, 133, 251, 72, 2, 235, 42, 186, 41, 139, 98, 25, 106], [28, 139, 136, 80, 209, 16, 115, 207, 60, 140, 74, 56, 251, 2, 78, 131, 4, 149, 214, 131, 139, 104, 250, 231, 102, 134, 141, 25, 218, 153, 152, 132], [30, 114, 200, 74, 11, 16, 91, 46, 221, 127, 4, 14, 27, 31, 241, 195, 193, 94, 185, 5, 176, 84, 192, 205, 191, 24, 13, 24, 227, 17, 78, 251], [44, 152, 249, 4, 133, 72, 252, 254, 228, 219, 143, 10, 176, 105, 60, 178, 245, 206, 63, 119, 11, 53, 133, 230, 187, 50, 180, 11, 109, 99, 228, 83], [248, 25, 88, 241, 129, 186, 22, 58, 180, 234, 124, 137, 66, 57, 144, 189, 244, 230, 150, 178, 121, 75, 113, 19, 179, 53, 87, 24, 214, 87, 8, 248], [251, 221, 126, 244, 255, 109, 32, 218, 67, 23, 15, 80, 224, 160, 100, 10, 137, 147, 193, 232, 82, 113, 91, 241, 124, 182, 122, 43, 32, 244, 159, 18], [0, 227, 226, 101, 184, 10, 213, 149, 29, 7, 197, 104, 70, 127, 131, 109, 40, 135, 18, 167, 121, 148, 106, 224, 82, 17, 91, 18, 78, 198, 93, 231], [232, 244, 246, 234, 180, 72, 247, 159, 193, 248, 214, 17, 211, 59, 170, 115, 145, 139, 197, 232, 106, 53, 0, 246, 14, 9, 198, 8, 39, 9, 221, 197], [22, 169, 61, 214, 212, 191, 156, 210, 115, 99, 188, 46, 23, 217, 253, 19, 142, 190, 61, 17, 176, 11, 199, 0, 32, 61, 9, 30, 58, 113, 130, 105], [180, 183, 85, 77, 7, 111, 121, 172, 195, 129, 4, 148, 157, 187, 43, 16, 139, 171, 162, 222, 106, 106, 80, 78, 103, 137, 0, 9, 212, 243, 212, 21], [147, 241, 89, 66, 42, 178, 253, 5, 47, 98, 181, 143, 35, 125, 48, 164, 236, 221, 30, 209, 218, 179, 25, 17, 160, 68, 39, 40, 46, 98, 90, 213], [84, 211, 89, 211, 67, 128, 253, 154, 29, 120, 87, 54, 12, 237, 79, 202, 118, 171, 46, 5, 94, 116, 134, 63, 132, 0, 215, 15, 115, 9, 168, 194], [131, 154, 198, 249, 98, 24, 116, 98, 98, 8, 204, 7, 58, 219, 80, 221, 201, 103, 49, 231, 78, 236, 23, 208, 210, 9, 61, 8, 135, 148, 101, 205], [115, 47, 127, 192, 15, 45, 203, 197, 95, 166, 254, 157, 28, 206, 204, 225, 84, 56, 105, 205, 141, 213, 76, 222, 143, 77, 117, 20, 238, 236, 108, 140], [109, 93, 8, 248, 104, 249, 47, 67, 179, 246, 234, 80, 54, 195, 182, 249, 107, 143, 200, 110, 18, 173, 65, 68, 231, 21, 117, 46, 50, 69, 65, 172], [127, 17, 208, 180, 124, 35, 205, 57, 219, 127, 234, 57, 195, 166, 122, 178, 35, 198, 170, 174, 246, 73, 236, 63, 236, 190, 205, 34, 89, 16, 16, 76], [169, 46, 24, 68, 36, 209, 65, 37, 222, 115, 150, 70, 39, 149, 202, 135, 74, 182, 135, 73, 23, 243, 239, 156, 139, 56, 239, 1, 228, 35, 136, 175], [175, 10, 188, 28, 78, 12, 210, 158, 31, 239, 89, 217, 56, 122, 12, 11, 142, 35, 83, 218, 92, 25, 132, 102, 24, 104, 118, 46, 156, 101, 145, 213], [201, 219, 173, 38, 28, 118, 150, 166, 144, 122, 217, 213, 213, 164, 3, 0, 68, 57, 190, 229, 30, 75, 108, 105, 44, 88, 23, 31, 76, 36, 16, 230], [248, 236, 108, 33, 57, 177, 115, 153, 180, 231, 25, 242, 234, 25, 194, 26, 125, 253, 210, 254, 9, 152, 195, 129, 252, 159, 152, 41, 171, 151, 235, 2], [77, 176, 114, 21, 113, 84, 219, 193, 0, 240, 167, 193, 135, 179, 125, 129, 114, 12, 146, 210, 10, 85, 197, 119, 70, 246, 76, 17, 187, 22, 213, 77], [4, 163, 246, 244, 143, 81, 56, 239, 48, 235, 246, 1, 181, 233, 18, 139, 226, 212, 124, 64, 34, 91, 197, 0, 162, 2, 217, 41, 192, 71, 5, 185], [163, 29, 0, 231, 89, 5, 218, 208, 111, 98, 203, 109, 14, 98, 101, 102, 137, 179, 124, 155, 60, 64, 106, 235, 56, 173, 142, 38, 208, 87, 44, 8], [122, 208, 124, 101, 125, 208, 40, 171, 170, 99, 233, 157, 147, 61, 146, 55, 185, 161, 130, 133, 4, 53, 223, 27, 194, 154, 40, 42, 135, 181, 119, 31], [115, 110, 32, 85, 51, 197, 151, 151, 33, 8, 182, 41, 79, 246, 27, 27, 45, 146, 211, 28, 237, 95, 199, 245, 57, 161, 213, 9, 199, 252, 171, 13], [255, 164, 207, 90, 248, 104, 82, 135, 33, 60, 163, 71, 111, 71, 12, 196, 118, 199, 113, 40, 243, 118, 249, 185, 215, 124, 123, 42, 51, 167, 102, 121], [13, 111, 125, 156, 57, 255, 22, 77, 162, 108, 25, 143, 196, 229, 51, 54, 197, 16, 136, 77, 135, 44, 21, 184, 231, 233, 41, 0, 141, 221, 154, 121], [143, 185, 153, 8, 125, 164, 137, 204, 99, 247, 80, 161, 129, 236, 139, 48, 195, 177, 37, 127, 197, 219, 155, 240, 153, 205, 246, 47, 20, 86, 22, 95], [9, 29, 163, 159, 83, 203, 90, 27, 239, 253, 103, 8, 153, 114, 77, 75, 241, 52, 200, 106, 162, 115, 28, 41, 139, 100, 58, 48, 104, 120, 97, 252], [177, 241, 240, 94, 98, 226, 70, 229, 69, 29, 143, 39, 226, 80, 96, 230, 195, 75, 154, 65, 105, 125, 22, 195, 38, 221, 60, 44, 249, 88, 135, 77], [251, 237, 240, 122, 192, 47, 61, 211, 80, 47, 107, 27, 188, 190, 89, 131, 233, 159, 166, 228, 166, 69, 139, 216, 194, 49, 240, 1, 196, 42, 31, 27], [196, 179, 205, 251, 26, 252, 53, 222, 155, 135, 233, 212, 134, 194, 61, 247, 205, 129, 91, 25, 184, 1, 65, 29, 211, 12, 115, 32, 78, 164, 245, 138], [27, 158, 47, 193, 204, 154, 52, 149, 64, 59, 22, 124, 161, 153, 39, 254, 204, 165, 169, 211, 130, 90, 166, 8, 176, 28, 116, 46, 108, 194, 42, 233], [239, 196, 36, 190, 28, 223, 131, 22, 155, 160, 249, 61, 154, 88, 13, 86, 235, 130, 109, 3, 123, 48, 109, 38, 255, 90, 142, 16, 29, 49, 99, 55], [198, 204, 85, 130, 240, 167, 96, 185, 234, 1, 22, 187, 99, 56, 72, 94, 173, 215, 236, 157, 93, 244, 3, 140, 30, 10, 85, 37, 11, 223, 111, 225], [175, 76, 228, 249, 131, 14, 149, 83, 129, 177, 134, 191, 252, 161, 154, 237, 158, 135, 117, 166, 67, 82, 26, 97, 211, 2, 123, 28, 42, 204, 25, 161], [80, 191, 202, 185, 156, 34, 17, 175, 166, 104, 107, 220, 249, 31, 57, 35, 9, 110, 99, 26, 204, 171, 45, 85, 84, 68, 15, 11, 62, 64, 134, 74], [29, 0, 226, 249, 82, 61, 119, 170, 76, 81, 11, 150, 76, 109, 234, 150, 200, 224, 188, 246, 83, 46, 30, 178, 142, 200, 6, 6, 82, 162, 217, 103], [59, 159, 69, 239, 147, 100, 65, 226, 21, 212, 227, 81, 183, 195, 207, 5, 219, 137, 113, 29, 19, 238, 151, 188, 9, 235, 29, 8, 183, 151, 220, 137], [48, 17, 195, 234, 89, 89, 222, 49, 133, 160, 2, 243, 161, 5, 151, 95, 82, 83, 209, 46, 217, 31, 191, 236, 24, 61, 220, 18, 245, 90, 163, 112], [219, 236, 218, 76, 249, 101, 48, 134, 123, 150, 157, 69, 166, 148, 177, 123, 219, 187, 222, 154, 22, 178, 153, 36, 105, 99, 70, 40, 127, 241, 205, 90], [186, 35, 17, 80, 57, 151, 103, 147, 197, 99, 59, 46, 152, 4, 93, 116, 178, 255, 67, 139, 185, 78, 38, 107, 239, 159, 161, 3, 142, 121, 96, 15], [60, 143, 25, 88, 104, 246, 15, 125, 230, 150, 233, 194, 252, 165, 30, 97, 141, 175, 145, 23, 197, 45, 139, 123, 72, 44, 116, 18, 115, 66, 131, 93], [118, 83, 16, 16, 99, 74, 244, 35, 128, 222, 168, 44, 42, 180, 3, 91, 201, 85, 166, 128, 20, 158, 121, 125, 243, 223, 181, 32, 185, 131, 28, 201], [218, 252, 6, 228, 36, 212, 97, 235, 170, 211, 151, 212, 96, 178, 98, 32, 41, 150, 190, 160, 100, 114, 166, 101, 42, 34, 240, 29, 11, 221, 106, 58], [37, 167, 117, 154, 242, 131, 69, 241, 76, 120, 151, 116, 111, 103, 196, 21, 151, 119, 35, 157, 38, 145, 179, 167, 104, 235, 114, 30, 195, 1, 171, 133], [165, 26, 107, 119, 237, 157, 250, 117, 43, 220, 146, 159, 47, 9, 14, 211, 96, 162, 46, 238, 251, 83, 71, 84, 98, 240, 104, 13, 179, 1, 249, 15], [231, 234, 149, 201, 164, 237, 7, 140, 114, 158, 177, 233, 242, 120, 179, 222, 62, 223, 221, 174, 195, 161, 75, 120, 244, 253, 121, 12, 132, 251, 209, 82], [113, 113, 181, 196, 159, 44, 119, 242, 101, 142, 238, 247, 45, 79, 115, 174, 85, 163, 33, 202, 45, 76, 234, 140, 16, 94, 251, 34, 40, 15, 197, 230], [182, 103, 196, 109, 139, 57, 174, 223, 89, 124, 246, 242, 184, 14, 92, 155, 13, 115, 228, 218, 244, 9, 83, 67, 14, 175, 80, 39, 100, 35, 199, 8], [109, 126, 158, 126, 212, 232, 127, 169, 252, 164, 157, 247, 238, 76, 136, 115, 243, 188, 135, 1, 40, 238, 213, 231, 160, 19, 140, 8, 31, 220, 237, 67], [195, 61, 110, 93, 110, 52, 236, 185, 98, 27, 152, 11, 201, 171, 221, 168, 253, 144, 237, 194, 73, 132, 157, 85, 243, 92, 142, 23, 227, 217, 181, 207], [169, 13, 130, 189, 184, 225, 241, 190, 148, 197, 227, 159, 110, 11, 249, 13, 195, 136, 200, 182, 1, 178, 91, 249, 209, 58, 216, 39, 74, 226, 140, 20], [11, 123, 197, 68, 39, 60, 248, 155, 1, 248, 140, 240, 188, 225, 148, 194, 116, 109, 239, 108, 61, 234, 74, 134, 114, 226, 26, 4, 103, 124, 78, 129], [144, 13, 50, 117, 211, 68, 77, 17, 14, 107, 134, 32, 47, 14, 140, 19, 250, 155, 140, 239, 179, 240, 163, 190, 26, 51, 204, 43, 219, 41, 105, 137], [216, 206, 19, 153, 222, 248, 156, 180, 25, 101, 77, 107, 238, 37, 135, 197, 178, 109, 172, 254, 109, 146, 54, 210, 83, 192, 243, 42, 224, 128, 46, 87], [134, 126, 238, 198, 185, 133, 36, 87, 131, 255, 250, 118, 46, 74, 245, 109, 188, 169, 195, 200, 117, 175, 141, 34, 88, 27, 152, 4, 34, 241, 217, 23], [151, 246, 98, 120, 222, 76, 120, 157, 124, 211, 242, 238, 223, 217, 79, 5, 252, 237, 133, 5, 153, 54, 171, 222, 64, 195, 178, 7, 151, 86, 233, 176], [83, 82, 65, 86, 117, 86, 88, 191, 253, 29, 185, 39, 86, 182, 81, 167, 231, 243, 118, 218, 85, 129, 8, 18, 122, 202, 140, 16, 30, 134, 87, 140], [97, 206, 38, 86, 250, 113, 233, 100, 244, 105, 200, 145, 208, 138, 49, 111, 71, 53, 178, 129, 13, 4, 133, 32, 212, 182, 32, 29, 176, 166, 147, 39], [195, 57, 223, 229, 23, 116, 25, 169, 147, 76, 200, 111, 7, 162, 47, 218, 206, 81, 217, 221, 211, 30, 41, 207, 248, 131, 215, 31, 207, 155, 172, 96], [0, 25, 179, 107, 194, 66, 156, 23, 77, 52, 112, 61, 38, 99, 95, 101, 105, 119, 42, 225, 167, 194, 154, 65, 117, 195, 255, 44, 38, 134, 244, 40], [70, 128, 101, 144, 126, 65, 158, 245, 101, 218, 97, 251, 126, 210, 204, 15, 241, 207, 220, 222, 205, 1, 170, 192, 136, 169, 143, 20, 170, 132, 144, 239], [231, 38, 160, 190, 218, 160, 70, 58, 244, 22, 205, 71, 139, 128, 156, 62, 17, 126, 35, 108, 21, 105, 126, 214, 101, 52, 72, 42, 33, 119, 136, 175], [208, 11, 187, 171, 14, 137, 211, 114, 43, 144, 31, 156, 222, 133, 180, 113, 197, 117, 115, 217, 91, 158, 135, 32, 234, 164, 212, 27, 94, 190, 184, 126], [12, 94, 159, 53, 249, 217, 241, 174, 1, 122, 32, 122, 65, 155, 137, 81, 128, 141, 113, 243, 201, 189, 64, 48, 198, 202, 44, 33, 66, 83, 239, 159], [152, 117, 232, 34, 36, 155, 176, 122, 131, 170, 143, 243, 48, 78, 76, 231, 91, 195, 123, 78, 209, 58, 187, 112, 88, 201, 10, 2, 211, 96, 106, 208], [121, 5, 149, 241, 19, 119, 15, 79, 1, 153, 13, 222, 178, 181, 245, 139, 193, 14, 25, 60, 174, 1, 197, 214, 133, 110, 91, 36, 5, 170, 141, 56], [126, 22, 56, 25, 105, 47, 193, 237, 13, 192, 241, 163, 44, 10, 53, 154, 90, 130, 212, 105, 88, 101, 118, 112, 26, 133, 89, 46, 151, 19, 191, 17], [52, 215, 190, 156, 14, 141, 221, 78, 34, 182, 46, 112, 12, 187, 254, 141, 238, 41, 18, 188, 6, 137, 104, 124, 213, 225, 80, 42, 182, 110, 181, 1], [209, 13, 181, 19, 2, 29, 177, 163, 41, 66, 40, 237, 83, 30, 63, 202, 232, 17, 100, 111, 91, 117, 175, 89, 58, 140, 48, 11, 167, 149, 77, 111], [121, 103, 185, 12, 51, 34, 35, 23, 32, 214, 64, 91, 141, 47, 144, 74, 165, 68, 109, 185, 73, 248, 6, 56, 26, 8, 241, 53, 145, 142, 199, 214], [69, 126, 107, 40, 139, 173, 192, 196, 103, 40, 89, 170, 9, 58, 66, 183, 205, 51, 236, 72, 206, 42, 130, 135, 56, 194, 51, 37, 89, 62, 133, 189], [235, 156, 63, 87, 109, 155, 237, 232, 9, 39, 53, 249, 59, 86, 23, 66, 58, 215, 10, 197, 133, 218, 187, 208, 8, 204, 86, 18, 91, 1, 29, 185], [108, 143, 0, 53, 131, 235, 194, 255, 10, 55, 181, 130, 63, 169, 18, 153, 246, 206, 35, 234, 176, 83, 73, 228, 200, 220, 43, 23, 124, 59, 199, 93], [55, 10, 245, 187, 64, 209, 156, 236, 147, 28, 247, 181, 207, 194, 173, 117, 101, 21, 187, 176, 37, 207, 239, 144, 188, 145, 147, 41, 236, 251, 95, 31], [170, 252, 31, 7, 10, 223, 174, 104, 134, 51, 204, 20, 30, 175, 110, 232, 191, 118, 44, 206, 120, 76, 232, 252, 169, 113, 56, 25, 106, 65, 143, 15], [66, 20, 64, 222, 49, 117, 99, 172, 143, 92, 84, 43, 236, 223, 239, 243, 108, 188, 74, 50, 11, 243, 60, 173, 186, 224, 118, 4, 240, 193, 242, 253], [104, 41, 17, 152, 208, 66, 126, 192, 19, 180, 83, 138, 119, 71, 223, 194, 48, 84, 249, 147, 211, 219, 162, 36, 157, 15, 0, 35, 227, 245, 67, 30], [111, 36, 154, 72, 106, 215, 77, 146, 184, 244, 90, 21, 204, 63, 196, 52, 73, 20, 187, 239, 160, 237, 236, 238, 93, 65, 164, 9, 87, 59, 138, 218], [173, 98, 15, 164, 188, 135, 243, 167, 125, 182, 45, 13, 230, 16, 162, 190, 133, 241, 86, 36, 86, 196, 142, 188, 213, 62, 100, 13, 141, 95, 253, 186], [234, 134, 63, 216, 136, 248, 182, 26, 109, 26, 142, 59, 125, 192, 23, 253, 203, 142, 23, 33, 24, 89, 197, 3, 7, 32, 161, 30, 61, 90, 222, 25], [98, 160, 176, 33, 232, 238, 205, 52, 137, 207, 58, 102, 194, 9, 22, 230, 218, 42, 230, 250, 73, 252, 218, 11, 79, 12, 223, 27, 64, 168, 68, 180], [245, 186, 161, 214, 246, 205, 117, 216, 118, 141, 221, 183, 224, 16, 234, 126, 59, 13, 99, 116, 120, 255, 225, 190, 237, 120, 207, 14, 10, 163, 158, 190], [180, 235, 111, 26, 165, 219, 163, 51, 8, 155, 70, 49, 155, 78, 107, 155, 219, 26, 106, 189, 223, 163, 86, 213, 35, 66, 133, 20, 36, 17, 53, 104], [99, 236, 247, 200, 62, 148, 212, 59, 10, 86, 61, 4, 45, 24, 131, 42, 65, 167, 27, 59, 63, 99, 245, 239, 217, 165, 116, 21, 243, 221, 125, 231], [238, 236, 18, 205, 246, 97, 220, 118, 42, 229, 203, 103, 143, 22, 46, 114, 213, 22, 98, 111, 212, 86, 106, 121, 236, 65, 79, 7, 25, 201, 59, 110], [21, 48, 41, 27, 245, 204, 23, 67, 163, 45, 73, 208, 135, 218, 127, 26, 76, 186, 196, 72, 219, 164, 96, 217, 170, 239, 78, 7, 84, 31, 255, 240], [39, 159, 13, 111, 150, 104, 149, 241, 102, 133, 181, 47, 206, 65, 83, 15, 225, 46, 238, 72, 85, 73, 199, 103, 134, 12, 21, 41, 160, 183, 158, 174], [196, 202, 106, 140, 105, 135, 107, 119, 172, 186, 245, 49, 142, 17, 125, 232, 125, 249, 197, 231, 4, 185, 230, 215, 33, 93, 31, 26, 138, 120, 177, 226], [149, 109, 108, 250, 34, 125, 205, 67, 203, 155, 70, 82, 150, 162, 79, 86, 8, 46, 99, 36, 209, 212, 70, 145, 144, 137, 199, 14, 61, 248, 113, 49], [142, 143, 78, 145, 161, 43, 210, 46, 250, 242, 64, 235, 250, 45, 190, 163, 212, 129, 191, 18, 223, 223, 114, 210, 63, 81, 75, 42, 189, 132, 203, 245], [128, 30, 180, 65, 106, 77, 164, 36, 198, 206, 58, 69, 199, 181, 49, 43, 174, 23, 237, 147, 88, 203, 234, 79, 226, 196, 156, 33, 46, 244, 163, 96], [37, 8, 51, 134, 112, 182, 109, 93, 48, 175, 187, 120, 45, 45, 174, 105, 21, 45, 209, 207, 204, 152, 247, 205, 39, 229, 86, 6, 175, 4, 14, 100], [247, 182, 141, 46, 137, 141, 28, 248, 232, 53, 114, 194, 153, 62, 214, 234, 101, 65, 252, 123, 43, 105, 156, 8, 77, 213, 107, 36, 0, 53, 141, 225], [54, 185, 163, 19, 77, 247, 235, 78, 85, 193, 234, 132, 46, 147, 21, 144, 32, 45, 11, 42, 229, 7, 5, 122, 13, 50, 180, 4, 152, 248, 110, 116], [31, 213, 146, 13, 4, 61, 85, 112, 168, 52, 15, 213, 195, 25, 171, 150, 80, 4, 84, 60, 254, 54, 149, 216, 37, 121, 248, 11, 251, 251, 58, 53], [231, 235, 113, 176, 103, 123, 171, 195, 247, 245, 232, 222, 169, 241, 6, 11, 103, 84, 156, 192, 88, 201, 175, 216, 189, 3, 122, 7, 230, 5, 4, 212], [118, 73, 248, 148, 205, 173, 117, 197, 251, 53, 193, 249, 253, 64, 14, 181, 184, 174, 66, 197, 128, 230, 194, 158, 172, 87, 65, 5, 168, 215, 94, 25], [1, 51, 150, 128, 215, 220, 150, 44, 215, 60, 14, 28, 76, 240, 162, 153, 222, 15, 209, 119, 42, 222, 35, 234, 189, 130, 70, 35, 97, 247, 120, 4], [160, 66, 40, 167, 191, 28, 252, 162, 149, 52, 192, 157, 95, 23, 115, 204, 253, 150, 13, 243, 168, 185, 110, 66, 198, 246, 34, 43, 132, 90, 168, 1], [153, 29, 39, 143, 149, 27, 91, 178, 220, 196, 32, 132, 92, 227, 153, 119, 104, 246, 200, 227, 195, 87, 245, 99, 214, 164, 193, 26, 42, 14, 160, 180], [49, 127, 226, 252, 54, 4, 33, 184, 94, 190, 196, 14, 14, 232, 160, 255, 32, 202, 120, 78, 244, 7, 196, 232, 60, 10, 165, 44, 36, 106, 140, 210], [87, 195, 20, 159, 42, 104, 58, 79, 44, 18, 142, 90, 190, 11, 118, 53, 53, 28, 32, 10, 154, 168, 19, 230, 133, 219, 178, 45, 29, 239, 220, 35], [229, 12, 62, 63, 86, 198, 80, 176, 50, 172, 188, 136, 79, 112, 224, 129, 149, 123, 215, 105, 53, 152, 109, 248, 53, 68, 191, 3, 88, 51, 233, 94], [69, 24, 71, 214, 245, 142, 250, 18, 132, 110, 204, 184, 0, 157, 127, 169, 198, 43, 102, 254, 248, 35, 208, 19, 224, 3, 18, 30, 77, 82, 85, 94], [197, 116, 198, 42, 20, 86, 135, 208, 99, 233, 41, 46, 75, 141, 117, 183, 213, 217, 196, 109, 105, 23, 253, 156, 25, 197, 14, 14, 7, 103, 149, 188], [252, 44, 235, 33, 181, 2, 200, 225, 228, 160, 112, 231, 33, 150, 106, 139, 114, 157, 166, 108, 35, 248, 173, 242, 229, 242, 118, 34, 250, 170, 39, 122], [81, 23, 90, 17, 121, 116, 234, 151, 45, 129, 87, 105, 18, 203, 11, 202, 224, 107, 139, 74, 192, 136, 52, 68, 89, 137, 85, 34, 63, 30, 176, 222], [64, 238, 26, 121, 176, 4, 219, 57, 31, 252, 189, 16, 132, 69, 59, 200, 17, 202, 55, 136, 54, 173, 22, 111, 142, 28, 43, 12, 30, 157, 138, 4], [147, 115, 97, 95, 102, 13, 192, 85, 2, 193, 237, 218, 113, 251, 216, 69, 116, 2, 10, 128, 160, 14, 177, 242, 242, 139, 189, 0, 251, 187, 226, 101], [147, 65, 89, 212, 145, 61, 38, 153, 239, 149, 232, 113, 49, 96, 94, 28, 7, 48, 140, 214, 241, 111, 122, 110, 85, 209, 28, 30, 41, 96, 242, 211], [131, 24, 191, 220, 38, 189, 177, 18, 143, 169, 147, 188, 235, 92, 168, 59, 66, 67, 70, 56, 137, 145, 128, 238, 127, 194, 166, 47, 249, 235, 37, 155], [101, 85, 120, 174, 144, 55, 61, 69, 242, 78, 137, 222, 180, 142, 249, 188, 23, 196, 93, 145, 52, 123, 209, 82, 228, 118, 120, 36, 105, 1, 225, 114], [3, 26, 139, 3, 249, 227, 65, 228, 182, 251, 100, 1, 50, 83, 90, 224, 220, 186, 172, 38, 238, 130, 187, 145, 229, 98, 44, 2, 218, 106, 83, 33], [223, 186, 160, 57, 239, 186, 199, 133, 39, 204, 98, 235, 197, 229, 31, 76, 136, 215, 5, 109, 51, 203, 186, 64, 89, 186, 52, 37, 222, 251, 155, 101], [19, 114, 149, 56, 148, 230, 47, 132, 218, 110, 28, 150, 43, 5, 39, 161, 217, 138, 163, 145, 59, 29, 118, 79, 141, 235, 55, 46, 69, 163, 24, 118], [18, 21, 135, 117, 243, 98, 224, 206, 57, 22, 215, 116, 6, 215, 2, 224, 172, 69, 196, 41, 172, 116, 228, 140, 149, 196, 51, 14, 148, 142, 158, 99], [167, 70, 91, 78, 125, 49, 85, 137, 137, 154, 192, 29, 213, 68, 135, 68, 167, 98, 7, 237, 99, 142, 212, 222, 186, 180, 101, 43, 232, 249, 237, 132], [128, 78, 213, 40, 66, 38, 64, 110, 112, 248, 119, 230, 170, 231, 241, 201, 128, 222, 95, 239, 79, 32, 34, 197, 131, 168, 88, 11, 179, 110, 222, 116], [111, 69, 197, 237, 15, 153, 28, 223, 7, 208, 192, 121, 136, 19, 250, 60, 15, 227, 72, 203, 197, 17, 93, 2, 184, 153, 254, 4, 200, 57, 246, 191], [208, 157, 61, 54, 183, 186, 97, 32, 61, 166, 209, 86, 247, 112, 72, 21, 220, 198, 145, 73, 241, 115, 231, 254, 174, 128, 207, 20, 96, 99, 224, 190], [44, 249, 147, 177, 210, 178, 203, 99, 83, 80, 157, 236, 46, 137, 170, 34, 150, 120, 1, 161, 57, 153, 36, 98, 145, 200, 96, 21, 32, 83, 188, 19], [211, 254, 18, 181, 67, 54, 211, 55, 249, 38, 6, 235, 94, 62, 55, 137, 237, 88, 25, 176, 186, 0, 94, 107, 62, 161, 226, 43, 231, 153, 156, 25], [234, 146, 140, 138, 186, 23, 166, 4, 62, 26, 228, 170, 46, 207, 214, 94, 32, 205, 78, 23, 240, 6, 13, 127, 225, 133, 3, 27, 239, 33, 230, 3], [216, 165, 235, 137, 136, 24, 86, 37, 148, 21, 199, 73, 98, 191, 69, 110, 49, 31, 228, 152, 3, 13, 197, 71, 225, 10, 235, 7, 251, 85, 191, 163], [228, 125, 162, 101, 170, 203, 143, 164, 187, 8, 195, 26, 15, 151, 92, 2, 208, 144, 116, 8, 185, 56, 237, 224, 34, 170, 197, 18, 58, 26, 158, 229], [145, 146, 153, 63, 72, 127, 25, 156, 195, 17, 186, 183, 19, 154, 252, 58, 60, 224, 103, 15, 24, 212, 39, 208, 206, 228, 47, 20, 76, 167, 189, 52], [50, 14, 126, 214, 226, 254, 225, 195, 213, 97, 190, 124, 78, 193, 36, 127, 230, 180, 219, 175, 112, 103, 68, 0, 80, 164, 158, 29, 6, 19, 69, 133], [141, 54, 2, 79, 136, 11, 67, 166, 65, 163, 104, 235, 121, 40, 54, 86, 109, 206, 191, 201, 85, 164, 142, 47, 219, 187, 144, 22, 55, 145, 103, 93], [126, 74, 208, 105, 143, 211, 169, 245, 217, 15, 170, 151, 58, 162, 181, 150, 182, 119, 88, 16, 42, 184, 113, 193, 63, 18, 131, 36, 183, 147, 32, 227], [161, 70, 54, 123, 71, 237, 237, 110, 149, 55, 120, 150, 94, 19, 212, 143, 22, 73, 122, 170, 55, 20, 250, 218, 14, 166, 206, 22, 16, 108, 21, 123], [152, 65, 80, 210, 253, 246, 199, 114, 183, 90, 215, 255, 34, 182, 203, 234, 255, 205, 247, 167, 255, 231, 191, 31, 51, 60, 225, 11, 128, 5, 93, 218], [61, 193, 253, 87, 222, 53, 116, 219, 93, 144, 8, 228, 153, 81, 55, 152, 15, 48, 137, 240, 7, 31, 71, 189, 178, 135, 180, 12, 235, 134, 130, 73], [224, 39, 87, 242, 130, 150, 74, 250, 11, 24, 201, 114, 211, 200, 246, 74, 236, 169, 184, 60, 121, 252, 191, 100, 149, 99, 12, 20, 94, 219, 81, 42], [178, 107, 166, 129, 21, 234, 150, 232, 165, 11, 185, 142, 118, 99, 159, 162, 202, 0, 130, 19, 135, 246, 52, 114, 244, 30, 216, 19, 92, 118, 250, 142], [54, 100, 201, 73, 10, 52, 39, 110, 133, 82, 184, 36, 138, 143, 138, 54, 202, 155, 151, 123, 176, 163, 113, 124, 221, 234, 87, 28, 65, 116, 13, 180], [110, 43, 117, 1, 153, 117, 202, 155, 172, 66, 177, 171, 205, 189, 94, 167, 129, 68, 249, 177, 173, 184, 29, 171, 73, 46, 88, 8, 232, 20, 13, 99], [201, 7, 251, 83, 129, 62, 134, 107, 171, 185, 204, 195, 198, 215, 26, 148, 171, 127, 146, 98, 163, 13, 62, 140, 150, 143, 153, 7, 120, 226, 252, 213], [81, 182, 14, 75, 249, 236, 186, 171, 229, 22, 78, 132, 1, 80, 193, 81, 201, 228, 43, 172, 157, 215, 45, 236, 68, 17, 74, 45, 95, 232, 111, 117], [77, 132, 37, 232, 11, 140, 235, 252, 229, 176, 180, 211, 150, 128, 102, 237, 10, 198, 189, 85, 134, 146, 243, 84, 220, 190, 202, 40, 240, 203, 210, 218], [217, 57, 177, 132, 48, 33, 42, 31, 225, 117, 77, 16, 162, 118, 87, 211, 32, 62, 74, 237, 153, 171, 84, 129, 228, 157, 196, 11, 229, 167, 102, 245], [46, 57, 86, 119, 74, 166, 177, 170, 24, 0, 174, 229, 218, 117, 244, 246, 192, 73, 10, 165, 239, 51, 173, 160, 252, 209, 111, 40, 10, 169, 227, 141], [207, 4, 94, 231, 38, 33, 244, 14, 209, 168, 107, 242, 239, 37, 131, 13, 5, 132, 118, 120, 161, 190, 26, 222, 16, 147, 219, 13, 98, 85, 22, 227], [231, 82, 202, 196, 66, 36, 192, 189, 120, 106, 211, 177, 130, 226, 140, 138, 245, 251, 69, 19, 58, 108, 132, 64, 118, 124, 244, 7, 19, 154, 141, 34], [150, 133, 250, 30, 44, 245, 201, 237, 94, 150, 214, 114, 207, 155, 228, 120, 151, 51, 118, 44, 214, 227, 196, 118, 50, 165, 70, 14, 237, 31, 179, 150], [214, 22, 225, 125, 96, 82, 186, 173, 246, 146, 220, 23, 157, 105, 82, 98, 90, 156, 56, 103, 97, 71, 226, 121, 253, 127, 166, 4, 253, 155, 201, 232], [226, 124, 111, 7, 173, 104, 158, 108, 234, 239, 106, 234, 233, 249, 114, 255, 134, 54, 8, 10, 127, 11, 195, 157, 4, 6, 118, 41, 90, 221, 201, 65], [64, 117, 63, 190, 44, 120, 183, 186, 154, 215, 164, 127, 192, 238, 46, 31, 92, 169, 23, 81, 200, 88, 79, 103, 117, 206, 189, 43, 226, 33, 255, 181], [120, 104, 116, 70, 199, 20, 109, 155, 159, 85, 65, 200, 25, 147, 236, 184, 229, 44, 228, 82, 240, 179, 114, 105, 57, 147, 126, 7, 71, 177, 204, 69], [231, 94, 148, 174, 83, 252, 162, 41, 91, 230, 151, 7, 27, 31, 111, 61, 210, 153, 246, 243, 122, 52, 29, 222, 195, 40, 132, 6, 150, 246, 212, 195], [209, 88, 200, 38, 111, 9, 126, 85, 24, 245, 183, 64, 3, 151, 65, 88, 216, 116, 211, 117, 62, 77, 132, 31, 9, 182, 204, 24, 0, 76, 176, 146], [47, 45, 140, 141, 57, 206, 206, 62, 54, 132, 233, 143, 66, 57, 18, 68, 228, 171, 89, 196, 174, 107, 20, 3, 175, 37, 224, 41, 186, 17, 209, 196], [73, 252, 199, 122, 122, 47, 93, 91, 152, 221, 40, 255, 32, 203, 194, 17, 117, 194, 136, 255, 52, 81, 179, 182, 114, 51, 172, 40, 42, 115, 168, 68], [23, 43, 183, 216, 93, 134, 250, 54, 168, 132, 207, 132, 251, 6, 194, 146, 74, 90, 242, 158, 171, 137, 104, 204, 16, 163, 96, 7, 116, 48, 100, 200], [132, 133, 127, 43, 242, 84, 42, 138, 124, 0, 106, 105, 94, 119, 237, 197, 188, 27, 73, 142, 25, 19, 22, 107, 233, 95, 136, 24, 29, 138, 212, 147], [255, 96, 105, 99, 47, 68, 119, 49, 233, 229, 177, 18, 98, 81, 191, 238, 107, 235, 93, 25, 126, 22, 201, 20, 98, 171, 3, 41, 188, 120, 152, 64], [123, 186, 37, 242, 78, 167, 32, 87, 128, 115, 60, 32, 52, 115, 60, 69, 111, 177, 85, 207, 71, 28, 231, 44, 219, 20, 122, 15, 185, 168, 54, 255], [162, 75, 133, 24, 236, 43, 46, 91, 148, 118, 117, 143, 120, 244, 97, 196, 91, 211, 62, 154, 203, 236, 134, 165, 99, 58, 211, 16, 102, 203, 68, 157], [19, 219, 249, 245, 155, 194, 41, 229, 25, 165, 137, 206, 172, 143, 70, 7, 6, 112, 197, 55, 8, 235, 122, 228, 140, 190, 201, 21, 142, 84, 70, 217], [115, 64, 155, 35, 161, 158, 67, 13, 253, 243, 11, 8, 229, 99, 31, 189, 90, 114, 17, 30, 94, 179, 170, 59, 15, 20, 145, 31, 223, 223, 81, 94], [58, 7, 253, 250, 46, 159, 18, 202, 219, 89, 149, 128, 9, 89, 137, 177, 122, 157, 79, 250, 94, 219, 174, 210, 50, 210, 122, 30, 68, 202, 146, 33], [127, 175, 161, 206, 11, 21, 15, 18, 18, 140, 140, 226, 158, 137, 161, 95, 95, 168, 238, 22, 217, 209, 149, 3, 28, 56, 165, 17, 93, 182, 147, 185], [204, 3, 33, 47, 99, 169, 166, 139, 72, 179, 248, 152, 206, 111, 60, 113, 50, 86, 13, 239, 196, 125, 234, 79, 128, 64, 12, 41, 3, 51, 234, 182], [151, 220, 126, 109, 129, 181, 98, 86, 127, 222, 244, 180, 190, 206, 223, 33, 87, 157, 97, 161, 80, 206, 155, 221, 86, 22, 191, 30, 97, 27, 238, 121], [248, 24, 231, 173, 252, 250, 112, 65, 113, 140, 174, 43, 242, 34, 88, 174, 203, 242, 174, 211, 171, 232, 150, 210, 7, 184, 23, 10, 186, 73, 64, 162], [208, 249, 255, 13, 166, 50, 204, 216, 230, 104, 76, 44, 82, 78, 187, 212, 132, 138, 17, 159, 180, 178, 136, 142, 151, 139, 159, 21, 69, 119, 186, 79], [172, 78, 163, 54, 169, 169, 196, 129, 45, 52, 242, 144, 29, 112, 253, 145, 200, 165, 120, 96, 75, 52, 66, 234, 255, 14, 99, 11, 141, 179, 60, 54], [70, 146, 32, 46, 231, 151, 165, 143, 170, 1, 53, 107, 11, 10, 198, 172, 49, 187, 62, 25, 117, 237, 168, 82, 219, 194, 196, 26, 174, 124, 175, 122], [115, 110, 40, 25, 239, 251, 39, 104, 247, 28, 98, 231, 132, 209, 239, 4, 143, 241, 207, 81, 191, 59, 53, 44, 162, 38, 167, 22, 0, 52, 239, 147], [54, 212, 35, 93, 138, 192, 45, 181, 176, 238, 59, 164, 128, 199, 173, 66, 155, 190, 32, 55, 71, 204, 171, 178, 78, 152, 190, 23, 182, 166, 40, 22], [73, 82, 197, 25, 73, 141, 139, 103, 255, 10, 241, 240, 236, 251, 247, 181, 197, 69, 216, 80, 115, 239, 246, 73, 91, 85, 94, 20, 71, 201, 141, 68], [224, 183, 252, 222, 2, 10, 68, 179, 224, 123, 69, 243, 220, 144, 211, 62, 27, 135, 47, 129, 226, 211, 133, 46, 36, 182, 165, 24, 224, 11, 142, 81], [227, 161, 216, 45, 178, 190, 130, 108, 185, 125, 1, 41, 30, 99, 29, 229, 34, 52, 229, 203, 99, 93, 136, 244, 125, 162, 13, 44, 85, 219, 219, 70], [246, 36, 180, 75, 12, 142, 26, 88, 226, 180, 224, 198, 119, 157, 74, 158, 51, 214, 198, 80, 234, 51, 177, 172, 103, 85, 38, 10, 216, 79, 184, 119], [70, 104, 73, 88, 247, 77, 225, 133, 251, 154, 23, 227, 244, 183, 197, 85, 29, 106, 135, 56, 15, 208, 137, 131, 200, 118, 198, 43, 242, 33, 161, 145], [32, 103, 108, 240, 128, 60, 87, 16, 175, 181, 160, 208, 229, 186, 54, 227, 130, 111, 137, 103, 63, 108, 128, 52, 11, 249, 61, 38, 138, 21, 124, 176], [230, 86, 141, 35, 202, 39, 122, 248, 64, 187, 117, 76, 244, 216, 85, 1, 146, 21, 218, 189, 222, 179, 71, 44, 153, 223, 8, 4, 1, 45, 175, 64], [82, 11, 113, 171, 175, 126, 40, 153, 104, 70, 99, 61, 216, 253, 184, 217, 169, 180, 87, 151, 45, 93, 134, 50, 234, 3, 41, 4, 18, 30, 110, 34], [53, 72, 142, 163, 119, 54, 184, 250, 217, 115, 170, 109, 75, 205, 79, 190, 144, 24, 113, 158, 117, 32, 168, 121, 162, 222, 107, 13, 70, 208, 205, 151], [196, 128, 175, 144, 221, 75, 73, 207, 40, 36, 30, 90, 133, 90, 200, 167, 12, 145, 248, 32, 252, 66, 171, 174, 136, 74, 59, 44, 187, 96, 79, 68], [7, 35, 61, 61, 134, 191, 19, 70, 171, 151, 145, 133, 22, 74, 33, 204, 239, 187, 184, 112, 86, 153, 15, 193, 3, 195, 183, 8, 153, 18, 254, 68], [24, 21, 142, 60, 234, 233, 125, 205, 163, 4, 206, 178, 165, 99, 162, 187, 197, 47, 211, 238, 33, 202, 56, 44, 52, 157, 56, 46, 74, 226, 70, 143], [76, 118, 249, 0, 217, 57, 172, 40, 151, 237, 210, 60, 169, 203, 62, 27, 43, 203, 251, 55, 185, 235, 67, 163, 91, 47, 247, 29, 174, 234, 126, 147], [254, 118, 146, 255, 162, 224, 243, 154, 237, 101, 179, 228, 183, 244, 222, 197, 240, 21, 125, 201, 7, 214, 248, 180, 62, 177, 43, 2, 76, 97, 157, 123], [190, 87, 136, 143, 213, 229, 237, 5, 225, 75, 104, 129, 167, 247, 38, 226, 247, 228, 183, 218, 182, 72, 184, 117, 186, 39, 46, 32, 125, 167, 228, 116], [147, 172, 110, 135, 126, 57, 78, 26, 145, 231, 169, 61, 154, 141, 25, 152, 252, 84, 42, 6, 89, 124, 9, 133, 126, 191, 204, 30, 118, 42, 226, 91], [211, 255, 137, 120, 125, 94, 23, 86, 94, 200, 248, 145, 180, 59, 71, 116, 116, 68, 139, 84, 57, 154, 212, 245, 100, 141, 200, 44, 202, 85, 152, 99], [131, 223, 177, 180, 14, 145, 35, 78, 0, 131, 215, 89, 195, 202, 103, 233, 185, 240, 37, 178, 208, 35, 40, 92, 244, 142, 151, 17, 47, 205, 51, 151], [71, 61, 130, 158, 190, 121, 117, 204, 217, 5, 137, 43, 181, 125, 245, 236, 67, 93, 176, 57, 132, 219, 112, 168, 125, 17, 79, 44, 59, 80, 219, 69], [99, 230, 47, 5, 197, 175, 92, 143, 193, 247, 119, 33, 163, 63, 182, 100, 212, 188, 232, 39, 175, 195, 134, 46, 166, 95, 118, 43, 25, 51, 75, 242], [75, 159, 163, 178, 103, 95, 11, 177, 73, 89, 67, 162, 94, 44, 23, 176, 43, 246, 227, 0, 16, 118, 61, 79, 39, 1, 249, 23, 12, 173, 161, 146], [179, 165, 240, 54, 200, 26, 21, 217, 207, 114, 9, 118, 186, 24, 203, 28, 226, 136, 103, 144, 122, 220, 170, 178, 204, 238, 237, 4, 69, 137, 49, 114], [187, 161, 61, 250, 230, 195, 239, 62, 184, 53, 232, 251, 227, 174, 61, 62, 152, 197, 250, 176, 177, 79, 212, 84, 159, 23, 155, 25, 66, 222, 29, 28], [123, 84, 162, 149, 94, 169, 86, 122, 137, 160, 46, 33, 147, 58, 219, 198, 128, 108, 183, 51, 238, 108, 96, 157, 198, 220, 54, 48, 121, 8, 128, 65], [182, 82, 215, 8, 10, 141, 28, 118, 163, 87, 23, 253, 91, 73, 182, 224, 12, 143, 136, 198, 108, 105, 53, 120, 198, 228, 84, 49, 5, 31, 95, 188], [155, 55, 126, 166, 46, 33, 27, 238, 7, 202, 82, 118, 202, 29, 166, 186, 53, 217, 152, 132, 59, 51, 209, 67, 172, 113, 45, 0, 72, 139, 121, 196], [83, 36, 2, 213, 141, 162, 23, 55, 109, 79, 114, 120, 145, 223, 37, 165, 24, 38, 237, 198, 222, 68, 134, 216, 131, 165, 84, 43, 72, 0, 139, 67], [53, 185, 55, 176, 208, 186, 245, 131, 51, 76, 20, 60, 183, 4, 155, 195, 248, 109, 57, 218, 85, 87, 183, 44, 253, 23, 61, 31, 156, 58, 186, 135], [121, 50, 163, 37, 209, 193, 177, 200, 15, 249, 185, 61, 220, 162, 21, 9, 117, 133, 130, 126, 247, 39, 235, 83, 97, 25, 250, 7, 255, 252, 241, 148], [225, 210, 232, 139, 188, 15, 124, 228, 93, 30, 109, 91, 166, 83, 230, 189, 189, 215, 22, 222, 211, 72, 122, 180, 117, 54, 39, 17, 103, 84, 165, 128], [212, 236, 106, 250, 150, 216, 228, 239, 93, 4, 165, 225, 179, 231, 161, 227, 43, 25, 95, 36, 69, 228, 4, 66, 105, 151, 31, 20, 42, 252, 150, 128], [172, 73, 129, 24, 227, 63, 117, 156, 124, 20, 51, 192, 93, 152, 3, 18, 27, 244, 215, 62, 49, 103, 212, 102, 109, 49, 230, 19, 237, 125, 158, 223], [32, 3, 198, 246, 222, 175, 171, 208, 238, 234, 247, 37, 61, 138, 157, 218, 81, 118, 133, 75, 246, 20, 9, 74, 27, 222, 81, 15, 29, 1, 230, 87], [106, 66, 159, 35, 170, 138, 252, 203, 20, 86, 78, 215, 255, 191, 125, 111, 155, 81, 120, 121, 248, 56, 93, 122, 5, 29, 126, 28, 125, 80, 187, 48], [254, 8, 9, 139, 216, 129, 25, 95, 82, 225, 152, 115, 206, 192, 85, 0, 93, 146, 227, 123, 82, 121, 222, 3, 140, 236, 60, 39, 142, 6, 124, 3], [199, 187, 205, 189, 231, 103, 225, 183, 79, 185, 231, 216, 210, 146, 72, 71, 142, 130, 4, 13, 188, 18, 20, 27, 22, 207, 224, 2, 59, 222, 241, 20], [128, 62, 68, 96, 165, 127, 164, 223, 165, 191, 136, 162, 187, 46, 124, 151, 172, 6, 118, 18, 219, 28, 246, 156, 220, 113, 139, 31, 185, 246, 0, 213], [79, 208, 82, 126, 165, 98, 144, 176, 65, 177, 153, 190, 138, 197, 56, 58, 40, 195, 75, 171, 109, 141, 29, 198, 92, 127, 131, 45, 111, 25, 204, 86], [163, 48, 2, 97, 188, 40, 139, 138, 80, 7, 210, 54, 191, 72, 130, 201, 86, 160, 13, 87, 149, 178, 126, 104, 144, 6, 218, 34, 183, 208, 21, 216], [5, 254, 197, 30, 91, 26, 19, 148, 96, 63, 93, 30, 74, 104, 132, 34, 47, 39, 21, 227, 198, 15, 2, 65, 197, 42, 130, 4, 142, 208, 80, 146], [150, 224, 168, 47, 192, 26, 180, 230, 194, 64, 51, 37, 168, 222, 28, 56, 155, 117, 52, 29, 77, 234, 151, 208, 20, 3, 180, 17, 144, 44, 103, 0], [17, 142, 90, 29, 50, 176, 94, 212, 48, 43, 36, 121, 19, 240, 252, 94, 135, 30, 59, 213, 98, 144, 47, 160, 173, 35, 226, 43, 168, 63, 35, 90], [42, 67, 156, 225, 75, 207, 137, 156, 4, 82, 41, 138, 36, 85, 120, 27, 254, 104, 177, 184, 164, 194, 143, 248, 218, 214, 98, 12, 239, 21, 168, 156], [238, 150, 1, 104, 31, 71, 89, 135, 8, 112, 246, 137, 36, 125, 35, 129, 166, 11, 188, 86, 101, 126, 31, 123, 61, 103, 176, 1, 99, 24, 218, 254], [235, 115, 70, 145, 155, 37, 195, 195, 224, 110, 241, 155, 26, 238, 82, 33, 213, 15, 231, 125, 236, 23, 70, 231, 53, 62, 221, 28, 88, 231, 212, 59], [40, 245, 30, 212, 109, 131, 24, 225, 136, 250, 138, 13, 57, 219, 93, 0, 16, 58, 148, 97, 196, 33, 18, 102, 53, 231, 179, 46, 115, 240, 218, 23], [81, 118, 224, 204, 117, 71, 246, 65, 191, 25, 191, 64, 50, 215, 129, 206, 172, 108, 248, 205, 102, 80, 85, 51, 200, 187, 60, 29, 185, 140, 26, 98], [164, 119, 134, 244, 20, 160, 11, 53, 99, 51, 99, 173, 220, 45, 162, 158, 172, 164, 192, 35, 117, 166, 57, 73, 179, 170, 208, 36, 147, 121, 19, 5], [215, 2, 230, 126, 145, 250, 231, 46, 231, 14, 63, 157, 106, 180, 163, 52, 139, 198, 169, 142, 212, 182, 245, 162, 208, 225, 187, 24, 142, 112, 98, 118], [114, 20, 154, 71, 120, 42, 102, 51, 46, 55, 30, 234, 128, 42, 223, 226, 9, 161, 143, 148, 180, 249, 247, 151, 191, 163, 147, 11, 124, 31, 16, 248], [88, 19, 214, 245, 81, 204, 202, 22, 196, 171, 249, 122, 110, 25, 247, 228, 162, 134, 124, 220, 189, 109, 110, 86, 98, 86, 225, 1, 239, 7, 51, 25], [125, 223, 78, 143, 252, 138, 146, 232, 198, 39, 33, 247, 197, 158, 241, 10, 197, 246, 53, 168, 41, 143, 195, 70, 40, 15, 201, 3, 249, 91, 25, 137], [30, 239, 128, 213, 176, 121, 44, 248, 151, 225, 122, 231, 29, 215, 140, 96, 173, 185, 145, 247, 36, 179, 69, 28, 29, 17, 157, 12, 88, 245, 73, 191], [153, 172, 209, 172, 144, 63, 223, 127, 202, 66, 96, 160, 151, 185, 143, 118, 241, 78, 26, 16, 0, 17, 110, 154, 74, 63, 155, 44, 38, 68, 111, 238], [158, 87, 37, 46, 70, 192, 105, 138, 101, 122, 215, 76, 80, 48, 194, 209, 57, 6, 69, 237, 28, 83, 200, 7, 131, 247, 97, 33, 59, 189, 78, 98], [187, 96, 150, 36, 70, 133, 253, 188, 63, 115, 192, 235, 249, 103, 222, 140, 212, 150, 206, 167, 124, 78, 81, 254, 118, 25, 87, 9, 49, 181, 234, 80], [14, 171, 84, 161, 92, 229, 82, 206, 149, 244, 194, 92, 15, 39, 126, 246, 206, 197, 13, 183, 179, 177, 22, 10, 60, 185, 89, 48, 12, 64, 46, 118], [91, 43, 138, 23, 71, 69, 116, 171, 81, 247, 192, 171, 99, 240, 162, 244, 225, 174, 129, 16, 173, 81, 224, 226, 251, 52, 13, 39, 65, 6, 243, 211], [6, 51, 147, 98, 154, 57, 153, 40, 20, 16, 29, 208, 246, 116, 111, 127, 231, 116, 91, 131, 31, 66, 240, 137, 250, 199, 21, 24, 83, 248, 219, 11], [34, 60, 201, 63, 100, 213, 165, 176, 110, 56, 50, 250, 151, 113, 81, 50, 230, 20, 52, 105, 17, 110, 252, 5, 192, 175, 231, 1, 55, 251, 174, 156], [144, 37, 236, 74, 197, 38, 78, 73, 152, 213, 15, 18, 41, 129, 80, 80, 243, 205, 124, 64, 66, 244, 97, 80, 36, 48, 27, 32, 244, 4, 161, 204], [244, 79, 87, 252, 40, 245, 203, 183, 34, 50, 79, 157, 197, 230, 47, 79, 208, 48, 28, 79, 24, 50, 53, 219, 178, 158, 124, 46, 162, 227, 246, 159], [83, 20, 67, 115, 148, 95, 120, 79, 178, 238, 45, 158, 113, 216, 144, 51, 188, 146, 236, 225, 135, 128, 100, 184, 37, 220, 3, 3, 8, 127, 23, 38], [187, 199, 171, 153, 152, 248, 152, 31, 74, 27, 148, 16, 142, 21, 54, 107, 116, 152, 12, 119, 119, 13, 174, 193, 214, 161, 119, 24, 191, 19, 229, 197], [32, 48, 162, 219, 224, 168, 228, 177, 23, 51, 162, 201, 83, 190, 171, 213, 207, 231, 208, 250, 114, 2, 56, 142, 150, 62, 83, 28, 63, 126, 101, 178], [91, 196, 116, 162, 244, 209, 216, 72, 71, 79, 237, 134, 207, 66, 75, 22, 66, 173, 67, 65, 178, 146, 131, 31, 156, 172, 236, 23, 115, 116, 144, 54], [61, 224, 195, 228, 191, 137, 77, 32, 10, 222, 196, 161, 24, 164, 216, 34, 167, 111, 172, 202, 85, 32, 82, 143, 129, 35, 225, 26, 149, 249, 137, 152], [239, 244, 26, 48, 226, 21, 25, 240, 47, 184, 84, 107, 177, 69, 150, 26, 169, 186, 188, 130, 3, 9, 20, 235, 42, 9, 155, 33, 167, 252, 66, 202], [76, 18, 104, 84, 140, 155, 128, 246, 40, 158, 24, 39, 211, 24, 94, 77, 88, 155, 117, 142, 178, 172, 147, 172, 93, 255, 50, 21, 178, 3, 243, 63], [39, 151, 5, 12, 171, 180, 88, 120, 97, 178, 44, 44, 172, 18, 235, 102, 13, 139, 147, 53, 38, 151, 29, 246, 71, 69, 201, 14, 72, 120, 147, 58], [32, 48, 77, 198, 43, 16, 241, 212, 240, 81, 191, 246, 77, 163, 130, 19, 68, 129, 30, 196, 221, 192, 89, 6, 17, 174, 199, 3, 103, 89, 47, 221], [70, 95, 174, 75, 2, 201, 89, 152, 55, 102, 73, 196, 46, 230, 158, 206, 102, 81, 191, 147, 34, 79, 234, 159, 123, 153, 246, 22, 183, 25, 106, 53], [14, 243, 18, 104, 42, 203, 100, 186, 2, 237, 185, 211, 175, 1, 88, 95, 89, 80, 164, 98, 69, 137, 80, 187, 191, 254, 89, 48, 224, 163, 77, 251], [207, 44, 114, 240, 138, 1, 24, 208, 89, 4, 56, 211, 46, 114, 226, 178, 79, 244, 144, 36, 7, 81, 71, 65, 247, 180, 109, 25, 151, 246, 89, 197], [142, 111, 189, 180, 113, 164, 159, 207, 97, 87, 225, 194, 215, 202, 89, 48, 164, 167, 57, 101, 48, 246, 251, 92, 55, 179, 46, 46, 85, 0, 118, 46], [243, 27, 79, 96, 229, 156, 48, 242, 129, 111, 128, 124, 218, 62, 43, 201, 94, 101, 116, 245, 214, 156, 217, 15, 113, 162, 143, 2, 134, 70, 99, 2], [127, 130, 64, 70, 205, 242, 126, 127, 242, 34, 214, 25, 113, 240, 77, 27, 25, 35, 168, 48, 148, 199, 73, 187, 222, 201, 107, 42, 242, 252, 6, 170], [35, 112, 209, 219, 167, 45, 65, 118, 15, 251, 0, 27, 131, 25, 86, 184, 87, 224, 219, 194, 82, 3, 88, 209, 1, 172, 212, 45, 142, 107, 135, 134], [134, 89, 232, 8, 228, 255, 164, 144, 211, 171, 147, 76, 62, 28, 72, 50, 119, 122, 30, 242, 242, 213, 160, 223, 171, 184, 43, 20, 192, 190, 192, 176], [49, 6, 202, 225, 50, 110, 155, 230, 71, 137, 2, 60, 236, 2, 198, 139, 112, 166, 205, 44, 252, 75, 66, 216, 115, 230, 2, 27, 227, 226, 190, 26], [241, 105, 233, 123, 161, 114, 225, 44, 61, 236, 185, 20, 167, 200, 95, 229, 157, 201, 129, 35, 22, 189, 45, 184, 105, 239, 218, 23, 135, 62, 188, 39], [229, 133, 86, 90, 90, 92, 214, 129, 73, 225, 126, 91, 113, 85, 187, 245, 69, 159, 130, 139, 45, 84, 239, 8, 255, 103, 97, 21, 140, 163, 183, 90], [233, 113, 35, 202, 122, 170, 112, 237, 17, 184, 250, 175, 171, 219, 73, 35, 104, 87, 206, 94, 141, 46, 4, 55, 219, 72, 180, 32, 55, 108, 105, 199], [254, 83, 238, 94, 136, 111, 60, 187, 152, 15, 250, 248, 50, 228, 250, 49, 120, 161, 251, 139, 220, 45, 99, 69, 245, 124, 7, 26, 132, 191, 0, 74], [68, 148, 224, 208, 249, 191, 90, 95, 87, 2, 118, 146, 109, 185, 84, 131, 95, 16, 56, 130, 182, 12, 76, 59, 77, 183, 237, 12, 16, 145, 19, 17], [24, 56, 50, 221, 4, 91, 53, 173, 248, 90, 135, 158, 42, 116, 134, 79, 62, 164, 84, 44, 77, 114, 206, 155, 125, 209, 92, 22, 77, 113, 222, 2], [247, 246, 47, 49, 51, 172, 231, 54, 195, 220, 172, 62, 232, 128, 215, 240, 156, 11, 88, 212, 11, 75, 74, 96, 14, 39, 163, 5, 197, 202, 84, 45], [8, 189, 60, 68, 151, 129, 92, 143, 93, 209, 66, 241, 147, 144, 174, 149, 56, 215, 92, 27, 2, 142, 194, 246, 124, 47, 143, 9, 194, 228, 196, 42], [116, 84, 250, 109, 247, 4, 73, 56, 209, 66, 212, 60, 18, 77, 39, 5, 102, 220, 70, 164, 18, 192, 231, 188, 17, 143, 147, 36, 130, 50, 40, 171], [14, 207, 227, 247, 245, 72, 21, 217, 51, 153, 62, 166, 201, 199, 210, 235, 125, 110, 243, 156, 39, 18, 111, 234, 245, 30, 213, 38, 93, 60, 137, 85], [10, 139, 44, 64, 121, 95, 237, 118, 41, 27, 203, 215, 75, 28, 150, 199, 71, 97, 119, 209, 199, 204, 71, 34, 13, 156, 157, 20, 166, 243, 131, 151], [128, 247, 84, 32, 100, 27, 187, 74, 210, 124, 205, 169, 40, 228, 242, 252, 73, 200, 125, 180, 101, 112, 152, 50, 144, 77, 33, 10, 70, 56, 64, 27], [95, 236, 109, 213, 215, 19, 12, 223, 175, 86, 210, 119, 3, 159, 148, 51, 188, 204, 254, 217, 56, 92, 116, 32, 2, 149, 250, 49, 161, 9, 249, 64], [150, 148, 203, 27, 41, 175, 182, 29, 191, 237, 179, 237, 52, 116, 142, 132, 108, 125, 210, 3, 196, 47, 153, 174, 226, 0, 67, 38, 66, 222, 120, 241], [244, 154, 102, 125, 248, 163, 171, 229, 17, 87, 114, 166, 113, 121, 14, 218, 134, 206, 107, 103, 238, 189, 123, 90, 219, 141, 145, 12, 1, 72, 229, 105], [160, 234, 135, 179, 218, 102, 1, 96, 225, 124, 159, 201, 25, 168, 146, 95, 179, 141, 79, 110, 235, 175, 207, 155, 120, 51, 15, 37, 77, 36, 7, 115], [243, 207, 223, 22, 70, 224, 253, 106, 244, 24, 77, 64, 174, 83, 93, 191, 253, 173, 200, 248, 208, 155, 135, 202, 0, 158, 7, 23, 70, 181, 151, 110], [118, 161, 152, 136, 178, 99, 112, 8, 176, 237, 225, 205, 67, 176, 238, 33, 3, 184, 0, 74, 62, 240, 97, 69, 250, 26, 85, 11, 122, 140, 69, 64], [102, 32, 91, 195, 204, 147, 50, 84, 158, 19, 58, 197, 210, 155, 78, 58, 176, 165, 90, 127, 229, 115, 62, 159, 151, 11, 46, 39, 34, 235, 12, 118], [197, 116, 101, 172, 222, 174, 251, 207, 84, 111, 208, 2, 33, 156, 189, 26, 77, 20, 216, 106, 141, 159, 223, 210, 170, 57, 121, 31, 85, 223, 249, 13], [59, 48, 18, 185, 90, 92, 137, 146, 48, 15, 158, 3, 214, 163, 144, 190, 190, 68, 151, 72, 84, 37, 34, 170, 205, 159, 229, 37, 37, 18, 112, 98], [81, 23, 187, 143, 174, 27, 118, 152, 60, 251, 176, 148, 60, 188, 195, 102, 105, 49, 120, 77, 156, 0, 82, 14, 200, 20, 235, 16, 95, 217, 240, 176], [208, 165, 146, 78, 229, 94, 202, 243, 27, 4, 220, 205, 22, 103, 38, 115, 148, 71, 226, 251, 11, 91, 102, 212, 245, 180, 214, 45, 84, 15, 243, 81], [190, 176, 76, 224, 172, 146, 118, 249, 129, 67, 81, 82, 106, 215, 161, 25, 223, 214, 213, 163, 40, 109, 73, 105, 82, 154, 167, 1, 66, 253, 251, 142], [140, 224, 156, 253, 180, 127, 4, 14, 127, 97, 12, 179, 23, 247, 20, 232, 71, 221, 12, 205, 7, 75, 252, 164, 72, 154, 14, 55, 243, 237, 137, 134], [88, 219, 211, 91, 224, 55, 251, 110, 15, 39, 48, 69, 243, 128, 223, 103, 215, 110, 122, 20, 1, 51, 232, 119, 32, 180, 188, 46, 2, 147, 226, 229], [179, 221, 202, 51, 23, 164, 131, 134, 240, 195, 28, 15, 138, 243, 103, 138, 201, 225, 4, 184, 160, 248, 196, 233, 22, 49, 35, 41, 51, 253, 231, 176], [18, 148, 174, 223, 181, 148, 40, 191, 250, 13, 126, 177, 14, 170, 118, 38, 0, 133, 225, 252, 210, 54, 96, 195, 183, 244, 114, 40, 138, 220, 158, 244], [62, 89, 212, 47, 224, 126, 229, 169, 157, 190, 2, 144, 17, 71, 231, 115, 174, 225, 89, 132, 143, 57, 242, 255, 113, 49, 232, 38, 20, 0, 149, 39], [4, 248, 113, 92, 215, 53, 73, 169, 150, 92, 3, 230, 78, 174, 10, 91, 182, 192, 110, 187, 86, 105, 209, 29, 187, 89, 241, 7, 145, 78, 38, 233], [153, 226, 167, 179, 172, 134, 198, 205, 195, 27, 65, 157, 78, 187, 17, 83, 244, 188, 130, 174, 230, 40, 28, 217, 211, 237, 86, 1, 24, 120, 154, 0], [105, 85, 208, 99, 217, 118, 250, 23, 250, 125, 237, 27, 49, 253, 101, 100, 206, 237, 157, 200, 189, 112, 254, 218, 222, 25, 19, 20, 208, 128, 54, 176], [228, 188, 192, 203, 166, 245, 60, 221, 185, 91, 187, 75, 213, 76, 190, 210, 142, 24, 229, 59, 56, 118, 222, 145, 255, 18, 168, 4, 47, 133, 226, 215], [173, 54, 80, 216, 179, 83, 119, 80, 151, 236, 147, 123, 44, 91, 27, 29, 232, 87, 178, 239, 107, 47, 51, 6, 148, 52, 81, 28, 69, 128, 230, 193], [146, 218, 243, 64, 86, 107, 105, 87, 124, 49, 229, 70, 203, 38, 64, 41, 244, 21, 71, 76, 56, 67, 152, 181, 163, 96, 173, 12, 134, 222, 39, 174], [50, 6, 10, 35, 220, 180, 211, 155, 133, 115, 85, 66, 50, 188, 98, 8, 66, 236, 149, 107, 156, 222, 44, 39, 124, 17, 198, 36, 109, 34, 175, 117], [56, 175, 22, 102, 3, 184, 43, 230, 93, 211, 190, 36, 112, 221, 63, 75, 194, 231, 123, 36, 57, 189, 228, 169, 226, 195, 255, 5, 193, 30, 85, 42], [228, 133, 22, 25, 177, 21, 158, 204, 11, 247, 43, 85, 43, 156, 30, 121, 116, 89, 186, 76, 141, 193, 4, 186, 246, 60, 158, 11, 174, 150, 87, 98], [107, 63, 231, 75, 37, 44, 42, 252, 247, 222, 102, 90, 85, 47, 216, 207, 43, 192, 28, 117, 124, 168, 171, 87, 227, 129, 116, 45, 90, 65, 188, 158], [85, 50, 133, 134, 51, 9, 122, 107, 252, 121, 19, 88, 198, 44, 155, 181, 204, 125, 22, 225, 38, 248, 221, 23, 63, 154, 117, 28, 99, 128, 27, 142], [56, 188, 198, 194, 183, 201, 7, 7, 28, 209, 95, 18, 202, 11, 200, 137, 252, 119, 222, 153, 81, 14, 211, 240, 252, 170, 239, 32, 237, 187, 192, 57], [193, 89, 155, 181, 89, 193, 247, 252, 148, 240, 109, 63, 151, 43, 230, 203, 233, 199, 57, 215, 2, 168, 83, 201, 51, 180, 238, 19, 240, 129, 66, 111], [13, 96, 206, 245, 212, 100, 167, 42, 15, 39, 172, 156, 57, 49, 100, 80, 49, 186, 5, 104, 168, 195, 207, 236, 24, 249, 210, 35, 228, 230, 179, 242], [26, 244, 92, 190, 44, 29, 161, 202, 55, 219, 101, 6, 167, 240, 49, 231, 186, 41, 251, 223, 137, 15, 23, 80, 223, 187, 89, 10, 109, 229, 214, 61], [97, 114, 248, 178, 185, 110, 250, 134, 184, 9, 170, 182, 72, 241, 6, 13, 211, 145, 42, 201, 2, 140, 95, 131, 231, 115, 190, 7, 99, 22, 201, 229], [251, 151, 195, 125, 96, 173, 208, 157, 89, 143, 27, 145, 182, 103, 79, 154, 251, 27, 85, 216, 159, 144, 26, 145, 147, 146, 10, 38, 146, 99, 101, 53], [104, 63, 187, 45, 150, 174, 130, 164, 70, 204, 70, 137, 14, 97, 14, 123, 104, 230, 142, 236, 5, 148, 113, 137, 22, 159, 191, 23, 5, 76, 203, 39], [255, 145, 244, 67, 183, 2, 106, 146, 139, 91, 149, 49, 148, 244, 142, 156, 175, 109, 159, 70, 241, 218, 107, 212, 247, 30, 77, 27, 193, 209, 133, 231], [90, 213, 173, 139, 211, 39, 148, 46, 212, 64, 175, 183, 146, 240, 247, 204, 236, 81, 154, 115, 119, 115, 234, 115, 90, 94, 207, 10, 66, 177, 177, 176], [23, 250, 43, 248, 213, 199, 7, 214, 5, 15, 236, 101, 201, 99, 242, 228, 6, 216, 176, 113, 56, 197, 197, 12, 123, 47, 23, 21, 173, 192, 203, 138], [230, 247, 201, 25, 156, 249, 216, 53, 95, 43, 87, 75, 213, 237, 87, 134, 117, 226, 199, 214, 83, 179, 196, 130, 150, 224, 123, 13, 211, 171, 149, 196], [98, 93, 108, 87, 182, 140, 49, 156, 46, 180, 87, 215, 165, 134, 242, 143, 238, 156, 164, 157, 147, 108, 190, 3, 231, 42, 129, 11, 225, 123, 208, 80], [53, 174, 42, 227, 222, 55, 242, 236, 58, 19, 133, 32, 63, 79, 236, 92, 120, 40, 85, 137, 63, 177, 111, 160, 116, 205, 158, 6, 116, 81, 231, 19], [180, 46, 180, 228, 214, 61, 64, 204, 98, 182, 41, 192, 183, 209, 142, 241, 199, 168, 171, 26, 150, 51, 115, 221, 139, 35, 227, 36, 102, 241, 13, 145], [50, 181, 196, 76, 36, 84, 166, 154, 35, 172, 219, 150, 213, 118, 191, 19, 248, 148, 58, 209, 143, 43, 171, 126, 164, 36, 175, 10, 31, 56, 184, 219], [202, 0, 27, 253, 9, 177, 157, 105, 231, 48, 211, 49, 33, 58, 80, 41, 209, 183, 161, 178, 9, 210, 226, 117, 93, 122, 49, 40, 13, 14, 54, 75], [102, 68, 234, 29, 180, 237, 5, 241, 172, 110, 46, 1, 219, 253, 242, 70, 9, 178, 12, 8, 69, 100, 228, 239, 90, 83, 16, 10, 40, 197, 196, 252], [75, 139, 5, 63, 131, 25, 212, 254, 169, 57, 174, 101, 60, 30, 49, 88, 229, 141, 174, 5, 32, 206, 78, 107, 21, 212, 50, 8, 104, 148, 99, 10], [115, 212, 42, 180, 14, 12, 187, 22, 114, 4, 33, 55, 29, 240, 208, 148, 98, 220, 65, 8, 156, 224, 32, 63, 40, 143, 128, 17, 19, 56, 98, 152], [245, 57, 250, 48, 243, 135, 157, 99, 105, 200, 115, 69, 109, 35, 72, 229, 212, 37, 3, 41, 219, 24, 159, 199, 176, 117, 194, 24, 15, 152, 12, 141], [110, 254, 32, 253, 186, 224, 108, 237, 21, 108, 118, 155, 107, 110, 156, 240, 105, 67, 127, 149, 229, 156, 13, 130, 250, 247, 230, 4, 52, 197, 26, 64], [33, 82, 38, 11, 154, 66, 212, 4, 40, 162, 13, 82, 240, 52, 57, 156, 225, 31, 77, 143, 78, 135, 146, 25, 194, 216, 161, 23, 154, 183, 62, 47], [57, 243, 184, 80, 10, 143, 154, 27, 209, 33, 145, 4, 2, 98, 151, 97, 124, 89, 232, 133, 128, 134, 61, 190, 175, 91, 63, 22, 84, 78, 43, 156], [241, 132, 183, 249, 109, 126, 104, 225, 133, 157, 54, 114, 172, 251, 100, 94, 224, 135, 179, 253, 139, 69, 129, 120, 62, 55, 178, 27, 190, 226, 94, 231], [233, 93, 81, 41, 8, 101, 75, 10, 241, 11, 206, 195, 146, 185, 58, 175, 5, 177, 247, 90, 81, 206, 202, 18, 198, 63, 172, 50, 243, 174, 81, 60], [37, 7, 105, 66, 31, 76, 9, 135, 11, 205, 74, 37, 177, 92, 28, 35, 214, 189, 156, 186, 157, 90, 176, 104, 52, 23, 178, 20, 160, 237, 120, 59], [112, 105, 255, 29, 108, 206, 104, 255, 10, 124, 220, 36, 231, 194, 76, 237, 99, 249, 254, 176, 69, 120, 32, 118, 228, 171, 206, 21, 119, 145, 50, 82], [240, 200, 123, 199, 103, 61, 238, 208, 153, 216, 0, 247, 200, 193, 109, 227, 95, 114, 171, 77, 91, 212, 100, 57, 94, 172, 97, 48, 122, 229, 185, 99], [187, 66, 246, 49, 176, 212, 50, 241, 55, 69, 95, 195, 234, 9, 129, 172, 147, 253, 75, 232, 7, 34, 160, 242, 251, 158, 3, 20, 208, 107, 74, 134], [38, 195, 164, 116, 37, 141, 131, 151, 247, 145, 128, 160, 148, 150, 19, 158, 86, 211, 164, 106, 206, 203, 204, 167, 20, 162, 2, 0, 253, 149, 32, 161], [166, 59, 163, 11, 98, 223, 129, 207, 47, 3, 66, 239, 67, 46, 249, 144, 6, 105, 52, 220, 140, 253, 162, 165, 156, 113, 4, 27, 230, 231, 20, 79], [12, 249, 212, 154, 255, 48, 84, 121, 235, 15, 244, 231, 36, 88, 234, 200, 83, 109, 116, 52, 224, 158, 192, 9, 1, 35, 236, 46, 120, 71, 62, 108], [181, 31, 58, 192, 252, 219, 53, 70, 73, 191, 163, 180, 199, 100, 52, 189, 239, 29, 53, 151, 230, 171, 247, 162, 58, 112, 147, 40, 97, 21, 104, 137], [10, 147, 75, 161, 141, 153, 29, 239, 165, 90, 141, 175, 56, 0, 151, 184, 98, 216, 219, 131, 73, 1, 113, 215, 113, 43, 120, 1, 233, 246, 0, 63], [211, 105, 56, 162, 252, 19, 10, 253, 212, 138, 15, 10, 157, 14, 245, 87, 37, 236, 29, 83, 85, 193, 211, 102, 117, 97, 56, 5, 91, 255, 173, 83], [160, 98, 17, 145, 211, 142, 228, 10, 23, 169, 205, 76, 70, 95, 69, 163, 224, 76, 199, 111, 208, 98, 164, 101, 21, 66, 13, 27, 154, 246, 247, 207], [201, 131, 147, 147, 248, 255, 45, 191, 149, 51, 86, 128, 30, 67, 188, 68, 116, 163, 171, 121, 240, 194, 20, 24, 156, 220, 27, 8, 236, 253, 206, 132], [118, 41, 15, 171, 185, 59, 141, 93, 122, 193, 179, 74, 23, 249, 59, 222, 213, 248, 136, 72, 89, 61, 141, 123, 93, 12, 87, 21, 133, 171, 219, 30], [70, 192, 192, 238, 1, 199, 110, 78, 63, 85, 225, 49, 62, 233, 226, 79, 112, 165, 68, 168, 79, 25, 103, 128, 215, 5, 180, 25, 107, 140, 18, 191], [176, 36, 186, 84, 203, 116, 182, 150, 254, 80, 153, 89, 143, 191, 189, 61, 184, 229, 127, 13, 152, 37, 119, 46, 64, 132, 167, 21, 198, 126, 142, 75], [95, 64, 164, 233, 15, 45, 210, 74, 209, 174, 255, 6, 161, 42, 150, 103, 27, 210, 171, 88, 10, 94, 118, 58, 44, 57, 4, 13, 220, 112, 106, 25], [102, 103, 102, 231, 193, 85, 187, 209, 146, 25, 232, 61, 206, 152, 195, 67, 254, 95, 208, 170, 145, 122, 186, 178, 50, 202, 188, 26, 64, 183, 49, 233], [8, 82, 43, 79, 254, 160, 46, 66, 127, 255, 15, 145, 201, 48, 205, 218, 120, 21, 7, 110, 220, 47, 133, 46, 229, 28, 0, 14, 250, 78, 17, 175], [182, 203, 84, 62, 139, 78, 70, 187, 177, 228, 245, 166, 95, 145, 125, 79, 77, 55, 15, 153, 152, 15, 178, 81, 232, 239, 164, 7, 171, 88, 228, 80], [154, 104, 5, 11, 75, 159, 9, 63, 95, 144, 192, 26, 80, 63, 68, 41, 231, 7, 210, 249, 122, 3, 77, 21, 197, 118, 64, 4, 77, 174, 107, 41], [96, 192, 203, 253, 1, 124, 43, 173, 223, 133, 139, 240, 253, 198, 3, 50, 105, 14, 65, 31, 145, 144, 127, 143, 138, 94, 191, 40, 124, 59, 249, 172], [201, 202, 95, 129, 178, 190, 0, 144, 111, 248, 202, 241, 23, 19, 220, 133, 213, 137, 194, 25, 171, 12, 146, 103, 86, 158, 130, 28, 194, 203, 180, 188], [108, 83, 139, 137, 201, 13, 66, 122, 221, 141, 137, 94, 132, 71, 2, 236, 124, 188, 69, 178, 180, 209, 111, 163, 138, 56, 117, 33, 69, 34, 27, 0], [105, 84, 115, 247, 138, 51, 104, 87, 238, 19, 2, 23, 218, 234, 212, 147, 209, 161, 1, 22, 123, 128, 115, 159, 255, 30, 57, 39, 133, 49, 200, 27], [170, 56, 149, 178, 195, 188, 47, 238, 179, 220, 247, 56, 217, 16, 127, 149, 57, 137, 10, 6, 117, 206, 193, 61, 232, 21, 239, 14, 129, 188, 13, 113], [8, 233, 126, 165, 142, 0, 53, 96, 191, 2, 252, 232, 156, 120, 204, 48, 217, 200, 54, 82, 59, 214, 87, 6, 10, 70, 3, 40, 134, 176, 250, 205], [167, 46, 172, 117, 181, 193, 51, 59, 102, 63, 188, 230, 61, 140, 189, 69, 100, 188, 118, 199, 57, 6, 131, 103, 78, 187, 190, 12, 157, 247, 237, 158], [74, 66, 121, 237, 105, 74, 13, 249, 99, 201, 236, 123, 85, 0, 93, 6, 235, 229, 100, 117, 91, 34, 236, 110, 212, 211, 142, 50, 193, 76, 130, 10], [111, 93, 116, 198, 215, 8, 62, 45, 43, 43, 197, 176, 31, 204, 195, 59, 82, 137, 217, 240, 239, 153, 174, 121, 36, 147, 165, 35, 35, 14, 77, 6], [162, 54, 110, 157, 78, 45, 195, 50, 245, 78, 19, 80, 161, 10, 93, 104, 84, 138, 53, 107, 141, 20, 40, 23, 162, 118, 174, 2, 112, 80, 224, 146], [204, 59, 18, 56, 165, 168, 64, 177, 79, 111, 170, 118, 172, 186, 222, 162, 29, 163, 93, 76, 201, 75, 32, 102, 186, 67, 169, 2, 74, 168, 56, 64], [222, 6, 59, 125, 206, 59, 201, 226, 62, 59, 96, 10, 18, 253, 176, 153, 134, 148, 201, 47, 8, 153, 28, 210, 76, 224, 154, 3, 215, 172, 156, 69], [74, 80, 14, 4, 232, 33, 49, 183, 65, 251, 214, 32, 177, 157, 162, 222, 152, 162, 242, 107, 96, 84, 17, 123, 184, 10, 187, 45, 175, 21, 169, 104], [88, 238, 47, 2, 9, 249, 243, 175, 166, 208, 87, 240, 165, 110, 235, 63, 111, 204, 68, 178, 195, 49, 245, 109, 136, 228, 157, 33, 108, 125, 225, 149], [41, 120, 23, 245, 249, 114, 23, 250, 165, 217, 142, 136, 37, 129, 36, 80, 229, 91, 27, 52, 184, 30, 243, 54, 91, 7, 113, 30, 30, 186, 251, 201], [5, 157, 109, 191, 76, 38, 235, 45, 99, 134, 211, 29, 126, 51, 164, 108, 60, 173, 57, 66, 62, 96, 242, 21, 243, 9, 51, 44, 219, 127, 155, 66], [237, 19, 9, 71, 147, 87, 90, 110, 235, 144, 242, 14, 56, 215, 92, 49, 209, 233, 52, 132, 113, 129, 62, 170, 23, 71, 243, 17, 222, 230, 40, 213], [206, 132, 80, 132, 141, 233, 67, 151, 240, 201, 95, 76, 115, 41, 137, 126, 95, 189, 250, 28, 5, 134, 99, 58, 32, 142, 68, 26, 14, 55, 43, 219], [193, 255, 177, 6, 198, 137, 5, 104, 213, 129, 204, 103, 236, 136, 105, 28, 46, 175, 47, 143, 151, 57, 17, 144, 222, 187, 171, 17, 218, 166, 75, 93], [26, 236, 85, 72, 71, 174, 202, 223, 102, 57, 93, 20, 152, 198, 227, 196, 87, 17, 203, 159, 139, 42, 30, 139, 79, 206, 43, 16, 57, 198, 81, 253], [84, 140, 110, 53, 199, 64, 108, 0, 188, 232, 180, 47, 113, 207, 23, 101, 136, 150, 32, 41, 146, 102, 32, 81, 148, 146, 184, 30, 105, 154, 54, 240], [141, 176, 94, 19, 238, 102, 58, 163, 87, 204, 79, 184, 0, 39, 152, 132, 211, 122, 20, 17, 233, 75, 74, 151, 168, 146, 220, 8, 49, 31, 244, 30], [138, 81, 120, 24, 230, 237, 194, 67, 60, 44, 227, 104, 26, 14, 163, 151, 41, 33, 204, 218, 111, 3, 72, 50, 189, 24, 80, 47, 121, 166, 162, 96], [24, 189, 231, 242, 212, 105, 83, 22, 148, 176, 181, 91, 145, 147, 33, 99, 231, 105, 90, 218, 236, 64, 250, 144, 120, 75, 47, 41, 22, 222, 136, 185], [140, 58, 168, 35, 167, 220, 174, 36, 85, 62, 158, 46, 67, 74, 222, 233, 140, 36, 132, 221, 185, 156, 233, 174, 181, 53, 20, 1, 117, 226, 65, 127], [204, 20, 26, 246, 223, 119, 118, 63, 148, 253, 54, 181, 178, 163, 110, 33, 150, 73, 104, 204, 42, 60, 217, 164, 61, 106, 220, 5, 199, 12, 32, 219], [38, 25, 89, 116, 243, 59, 213, 84, 2, 99, 127, 15, 36, 197, 168, 162, 25, 124, 7, 253, 100, 83, 7, 119, 84, 44, 32, 9, 169, 204, 156, 42], [135, 101, 242, 135, 183, 81, 31, 98, 129, 75, 81, 199, 149, 57, 27, 13, 242, 214, 95, 144, 9, 138, 34, 206, 152, 120, 164, 47, 128, 240, 92, 253], [239, 114, 199, 199, 153, 142, 156, 19, 143, 7, 2, 136, 57, 147, 216, 222, 156, 201, 72, 187, 196, 76, 42, 106, 30, 34, 68, 39, 159, 78, 92, 144], [73, 52, 126, 57, 30, 4, 219, 243, 106, 104, 12, 37, 218, 186, 58, 32, 221, 221, 176, 35, 132, 61, 15, 112, 126, 82, 224, 29, 103, 226, 211, 138], [102, 41, 106, 213, 189, 19, 59, 95, 185, 22, 129, 196, 118, 177, 176, 200, 212, 12, 236, 97, 56, 67, 245, 2, 120, 223, 141, 34, 165, 176, 118, 43], [154, 239, 122, 61, 2, 172, 89, 212, 191, 205, 86, 190, 113, 140, 75, 203, 184, 234, 240, 60, 54, 14, 11, 171, 17, 110, 42, 28, 224, 26, 169, 77], [176, 98, 182, 102, 207, 182, 54, 9, 216, 83, 0, 211, 230, 166, 208, 184, 225, 56, 100, 86, 241, 92, 60, 222, 250, 110, 214, 13, 68, 227, 102, 228], [179, 220, 133, 88, 145, 6, 230, 246, 76, 35, 162, 251, 120, 115, 80, 86, 156, 21, 128, 173, 13, 11, 225, 109, 142, 155, 48, 36, 188, 40, 247, 255], [5, 13, 204, 87, 204, 187, 233, 168, 188, 190, 44, 27, 215, 33, 122, 152, 121, 60, 151, 156, 140, 1, 234, 139, 13, 123, 134, 23, 178, 70, 109, 152], [119, 64, 233, 213, 117, 19, 170, 61, 94, 58, 168, 108, 192, 21, 216, 242, 202, 253, 186, 109, 32, 10, 67, 4, 52, 236, 127, 38, 139, 212, 133, 216], [16, 127, 84, 228, 192, 14, 136, 191, 212, 171, 84, 124, 134, 54, 7, 233, 60, 9, 185, 27, 157, 158, 71, 85, 101, 211, 221, 24, 196, 246, 218, 240], [151, 122, 18, 198, 71, 193, 12, 9, 106, 47, 179, 14, 148, 28, 209, 234, 79, 91, 220, 108, 126, 72, 233, 70, 212, 81, 180, 43, 143, 49, 203, 202], [191, 28, 142, 34, 228, 117, 112, 183, 46, 80, 164, 37, 165, 111, 188, 112, 144, 13, 102, 97, 51, 84, 251, 199, 166, 141, 64, 30, 249, 128, 223, 22], [250, 31, 29, 119, 98, 230, 35, 249, 188, 42, 2, 130, 249, 207, 172, 166, 162, 142, 173, 89, 243, 234, 221, 240, 66, 122, 72, 18, 184, 203, 177, 13], [87, 111, 146, 25, 169, 84, 1, 177, 98, 26, 221, 113, 184, 232, 196, 16, 38, 56, 234, 86, 246, 75, 54, 25, 204, 192, 35, 18, 178, 90, 177, 139], [137, 178, 207, 226, 213, 70, 149, 183, 237, 186, 159, 107, 20, 97, 190, 174, 67, 113, 237, 211, 231, 231, 210, 191, 2, 73, 62, 15, 84, 25, 119, 37], [142, 203, 219, 34, 56, 88, 82, 187, 21, 107, 172, 108, 195, 180, 242, 95, 113, 238, 145, 196, 191, 249, 241, 120, 51, 157, 202, 1, 35, 46, 118, 120], [190, 133, 131, 19, 73, 224, 126, 211, 173, 237, 14, 106, 15, 33, 65, 231, 133, 253, 45, 59, 75, 160, 190, 103, 75, 83, 22, 37, 243, 227, 5, 179], [136, 192, 68, 25, 85, 114, 31, 173, 123, 255, 212, 42, 154, 163, 142, 33, 69, 87, 190, 243, 105, 166, 63, 104, 63, 177, 153, 46, 52, 114, 113, 113], [80, 43, 158, 136, 222, 221, 69, 8, 169, 161, 119, 167, 66, 69, 34, 121, 100, 220, 181, 11, 74, 202, 5, 15, 120, 138, 194, 46, 28, 192, 89, 246], [36, 205, 241, 174, 56, 173, 255, 81, 156, 200, 62, 114, 104, 15, 32, 244, 11, 125, 26, 172, 165, 104, 133, 162, 35, 21, 239, 36, 188, 88, 73, 159], [18, 99, 199, 10, 53, 3, 50, 189, 254, 118, 101, 195, 213, 230, 53, 233, 190, 71, 140, 22, 22, 134, 112, 11, 120, 16, 5, 21, 43, 61, 35, 226], [241, 190, 46, 141, 84, 29, 114, 22, 245, 161, 66, 37, 245, 72, 97, 141, 170, 200, 53, 12, 132, 55, 172, 62, 79, 57, 117, 11, 176, 81, 30, 42], [201, 29, 94, 144, 75, 255, 15, 231, 7, 191, 33, 2, 226, 135, 202, 82, 197, 85, 215, 41, 115, 171, 229, 27, 254, 92, 126, 8, 212, 193, 116, 246], [192, 225, 196, 241, 195, 176, 102, 23, 232, 64, 97, 164, 100, 71, 75, 126, 84, 244, 199, 50, 194, 88, 49, 118, 232, 1, 1, 47, 134, 20, 179, 115], [217, 48, 240, 228, 153, 15, 101, 82, 103, 226, 209, 178, 129, 241, 240, 210, 89, 168, 167, 174, 243, 108, 175, 14, 90, 25, 6, 25, 115, 59, 8, 226], [85, 170, 91, 74, 201, 25, 11, 81, 169, 41, 32, 243, 248, 16, 54, 3, 98, 81, 136, 133, 103, 71, 0, 107, 138, 76, 99, 1, 251, 57, 44, 210], [42, 191, 186, 212, 75, 136, 166, 13, 169, 184, 61, 242, 239, 125, 127, 46, 30, 80, 63, 62, 32, 222, 64, 151, 237, 179, 70, 21, 136, 225, 171, 254], [74, 200, 23, 196, 75, 83, 14, 181, 37, 208, 215, 157, 209, 30, 83, 112, 210, 5, 112, 152, 96, 234, 33, 69, 120, 65, 69, 30, 232, 132, 75, 28], [133, 46, 210, 209, 165, 68, 29, 143, 172, 63, 151, 66, 188, 82, 225, 202, 6, 254, 102, 162, 127, 141, 168, 85, 29, 180, 153, 5, 191, 27, 209, 217], [203, 195, 8, 120, 65, 119, 99, 179, 107, 154, 169, 249, 139, 57, 46, 17, 228, 63, 224, 31, 201, 181, 15, 156, 250, 12, 31, 18, 42, 250, 82, 171], [138, 200, 22, 105, 72, 239, 26, 159, 70, 185, 14, 72, 197, 13, 245, 226, 83, 68, 129, 53, 237, 251, 254, 84, 121, 108, 33, 35, 178, 32, 22, 246], [116, 238, 39, 126, 71, 158, 157, 167, 162, 43, 84, 240, 138, 56, 114, 177, 41, 39, 24, 48, 121, 198, 173, 102, 187, 83, 215, 5, 134, 59, 105, 163], [11, 138, 75, 33, 192, 41, 8, 187, 169, 44, 129, 252, 99, 43, 208, 81, 142, 136, 47, 190, 205, 78, 36, 78, 6, 239, 103, 21, 149, 220, 102, 226], [161, 157, 248, 189, 69, 44, 212, 192, 238, 62, 45, 167, 210, 31, 15, 208, 140, 30, 56, 136, 176, 217, 131, 122, 183, 250, 140, 42, 106, 207, 247, 217], [135, 195, 102, 109, 235, 118, 127, 212, 169, 242, 107, 168, 1, 166, 1, 83, 45, 61, 189, 87, 36, 247, 114, 121, 75, 4, 64, 26, 87, 122, 81, 53], [132, 173, 196, 171, 102, 190, 90, 121, 80, 178, 143, 148, 26, 237, 103, 238, 102, 228, 190, 181, 95, 128, 61, 192, 156, 182, 43, 20, 76, 25, 245, 223], [52, 178, 7, 247, 229, 167, 234, 186, 164, 225, 191, 240, 4, 0, 198, 131, 239, 141, 248, 176, 216, 58, 63, 2, 214, 181, 242, 13, 240, 130, 43, 163], [146, 222, 91, 144, 38, 12, 23, 239, 64, 184, 241, 2, 67, 107, 25, 147, 79, 97, 145, 2, 202, 31, 244, 32, 214, 151, 56, 28, 225, 169, 177, 210], [224, 206, 69, 248, 219, 45, 57, 178, 63, 17, 75, 31, 77, 13, 56, 142, 246, 136, 219, 27, 187, 245, 176, 179, 94, 231, 137, 23, 253, 102, 5, 235], [140, 70, 132, 56, 88, 21, 188, 88, 69, 95, 47, 73, 43, 38, 131, 9, 6, 70, 215, 33, 180, 57, 131, 90, 18, 106, 43, 6, 75, 17, 143, 33], [247, 215, 68, 238, 31, 237, 124, 134, 91, 97, 178, 47, 31, 240, 28, 152, 123, 219, 122, 242, 24, 195, 107, 180, 59, 237, 3, 34, 74, 150, 119, 237], [137, 69, 156, 3, 53, 181, 181, 15, 76, 11, 82, 78, 50, 50, 254, 119, 176, 255, 120, 150, 117, 102, 174, 134, 96, 228, 56, 42, 1, 161, 46, 113], [194, 229, 96, 12, 154, 253, 146, 155, 199, 131, 11, 7, 99, 147, 81, 62, 234, 115, 144, 97, 49, 111, 9, 138, 122, 195, 129, 32, 100, 94, 175, 209], [138, 70, 251, 182, 11, 18, 255, 197, 84, 220, 42, 232, 237, 179, 124, 198, 15, 250, 22, 83, 22, 185, 76, 75, 177, 15, 12, 8, 148, 108, 155, 6], [241, 188, 224, 72, 174, 42, 28, 11, 104, 148, 15, 173, 114, 214, 178, 189, 239, 7, 76, 169, 40, 165, 158, 63, 118, 98, 162, 9, 227, 158, 205, 6], [140, 69, 37, 133, 129, 184, 114, 162, 60, 142, 86, 175, 111, 164, 4, 187, 166, 75, 57, 101, 19, 231, 228, 149, 193, 62, 88, 40, 116, 123, 35, 201], [14, 27, 7, 192, 117, 187, 213, 102, 12, 121, 33, 111, 77, 72, 208, 6, 186, 163, 28, 170, 16, 209, 120, 219, 127, 147, 253, 19, 209, 121, 23, 137], [45, 27, 6, 207, 128, 238, 48, 128, 63, 81, 157, 173, 138, 59, 138, 179, 220, 80, 161, 79, 96, 166, 228, 231, 210, 59, 240, 36, 12, 32, 168, 34], [213, 126, 243, 91, 113, 241, 126, 135, 127, 74, 91, 35, 14, 119, 198, 168, 71, 168, 149, 117, 235, 247, 83, 237, 187, 142, 167, 23, 118, 131, 101, 79], [233, 112, 26, 109, 12, 220, 64, 232, 81, 25, 228, 233, 210, 28, 247, 205, 217, 244, 174, 104, 201, 249, 76, 249, 159, 18, 116, 11, 110, 191, 201, 250], [34, 105, 46, 175, 174, 213, 198, 53, 53, 59, 205, 190, 91, 30, 167, 21, 164, 130, 64, 65, 216, 159, 69, 151, 74, 214, 233, 26, 72, 235, 174, 229], [59, 58, 190, 243, 96, 73, 183, 182, 173, 28, 178, 228, 49, 138, 30, 132, 214, 130, 219, 170, 228, 208, 80, 1, 200, 13, 239, 5, 88, 229, 158, 211], [136, 166, 22, 68, 158, 204, 80, 0, 148, 160, 130, 75, 101, 127, 176, 161, 253, 70, 252, 100, 71, 186, 86, 205, 126, 85, 112, 42, 255, 17, 206, 242], [218, 81, 98, 72, 44, 129, 186, 177, 227, 77, 207, 178, 43, 206, 98, 253, 223, 194, 116, 13, 69, 207, 224, 223, 170, 64, 117, 42, 24, 90, 21, 71], [68, 180, 110, 152, 48, 217, 9, 230, 24, 85, 194, 9, 9, 199, 128, 23, 112, 58, 74, 69, 74, 92, 194, 181, 81, 74, 41, 40, 67, 17, 59, 237], [168, 251, 30, 21, 88, 120, 214, 107, 12, 124, 191, 51, 193, 35, 214, 9, 157, 166, 201, 211, 30, 45, 56, 142, 161, 247, 78, 28, 51, 202, 121, 242], [254, 81, 172, 123, 159, 102, 118, 197, 48, 171, 104, 92, 186, 39, 82, 184, 255, 63, 163, 68, 209, 38, 227, 97, 56, 35, 157, 28, 4, 236, 65, 235], [109, 144, 1, 39, 53, 82, 155, 252, 132, 238, 193, 99, 156, 52, 171, 119, 25, 159, 134, 228, 10, 115, 249, 82, 209, 86, 21, 20, 149, 121, 204, 48], [54, 41, 176, 134, 150, 68, 16, 144, 108, 243, 18, 212, 250, 9, 90, 181, 105, 53, 158, 28, 75, 14, 195, 100, 204, 150, 75, 47, 61, 108, 165, 165], [111, 1, 84, 156, 96, 2, 214, 129, 204, 201, 146, 15, 150, 176, 170, 168, 254, 133, 11, 215, 44, 210, 114, 98, 24, 167, 27, 17, 44, 36, 183, 108], [228, 79, 233, 36, 64, 159, 182, 64, 142, 4, 116, 91, 1, 158, 213, 51, 204, 159, 232, 200, 99, 218, 26, 194, 77, 216, 37, 29, 10, 145, 215, 50], [167, 138, 204, 159, 44, 200, 155, 230, 196, 160, 238, 135, 199, 167, 214, 216, 183, 191, 68, 225, 252, 205, 190, 126, 90, 167, 72, 31, 120, 141, 70, 50], [226, 134, 177, 246, 7, 103, 24, 207, 245, 245, 220, 78, 73, 38, 180, 196, 99, 105, 12, 7, 130, 32, 184, 118, 98, 160, 7, 29, 201, 211, 3, 7], [172, 21, 17, 55, 228, 76, 154, 26, 91, 50, 149, 147, 200, 110, 208, 57, 156, 92, 218, 197, 79, 55, 211, 194, 195, 18, 180, 10, 29, 101, 129, 201], [81, 1, 50, 168, 140, 134, 82, 80, 198, 117, 87, 33, 8, 163, 119, 46, 48, 60, 25, 130, 186, 140, 107, 163, 43, 179, 4, 19, 126, 41, 121, 209], [106, 118, 15, 5, 169, 125, 215, 77, 54, 56, 236, 3, 149, 233, 176, 71, 26, 233, 117, 242, 217, 104, 94, 30, 175, 59, 176, 37, 178, 46, 199, 25], [86, 210, 177, 61, 71, 237, 230, 155, 41, 51, 117, 158, 30, 46, 191, 49, 154, 102, 218, 131, 33, 102, 209, 187, 58, 144, 248, 46, 211, 94, 39, 105], [73, 131, 245, 145, 36, 108, 150, 114, 125, 253, 126, 139, 141, 211, 170, 154, 140, 209, 31, 124, 204, 176, 43, 188, 181, 208, 40, 43, 185, 105, 21, 146], [94, 5, 54, 23, 249, 82, 202, 120, 127, 82, 115, 180, 187, 30, 150, 111, 48, 190, 49, 123, 15, 193, 131, 153, 91, 150, 183, 10, 116, 158, 85, 111], [205, 8, 43, 170, 104, 94, 219, 245, 19, 109, 2, 12, 208, 132, 214, 230, 41, 116, 48, 60, 93, 239, 5, 37, 189, 125, 59, 5, 121, 108, 65, 119], [106, 39, 101, 45, 133, 39, 38, 64, 77, 218, 52, 205, 116, 142, 61, 241, 169, 215, 53, 73, 113, 136, 107, 120, 159, 229, 222, 44, 222, 35, 137, 145], [158, 74, 181, 134, 171, 62, 21, 123, 42, 58, 226, 212, 170, 179, 170, 109, 36, 178, 98, 6, 225, 90, 152, 7, 212, 105, 21, 1, 105, 104, 78, 119], [113, 132, 32, 174, 182, 175, 242, 254, 215, 134, 211, 213, 182, 179, 30, 174, 249, 219, 108, 124, 226, 43, 62, 61, 165, 31, 52, 53, 105, 217, 243, 70], [120, 65, 107, 181, 225, 139, 92, 237, 102, 48, 159, 194, 178, 164, 214, 19, 146, 147, 237, 177, 72, 69, 153, 217, 158, 228, 78, 47, 33, 66, 161, 92], [65, 246, 113, 134, 162, 245, 2, 61, 99, 63, 125, 134, 198, 230, 186, 27, 129, 241, 64, 7, 99, 49, 178, 135, 204, 121, 218, 9, 187, 99, 204, 5], [26, 171, 130, 245, 33, 43, 137, 68, 84, 141, 89, 120, 1, 2, 159, 82, 17, 203, 127, 7, 131, 0, 130, 199, 14, 108, 88, 6, 157, 97, 115, 199], [239, 137, 165, 107, 190, 42, 57, 182, 178, 199, 188, 50, 208, 109, 46, 2, 26, 9, 129, 3, 223, 114, 168, 122, 48, 113, 235, 48, 140, 153, 176, 210], [252, 224, 157, 70, 107, 159, 232, 35, 61, 221, 39, 31, 92, 86, 226, 46, 165, 122, 208, 176, 166, 159, 175, 25, 100, 226, 11, 42, 167, 142, 225, 187], [142, 18, 62, 172, 174, 60, 95, 238, 144, 224, 235, 135, 55, 157, 175, 249, 195, 195, 69, 46, 113, 73, 2, 12, 114, 192, 164, 40, 209, 128, 246, 247], [26, 74, 132, 28, 207, 212, 49, 29, 72, 149, 30, 142, 6, 208, 98, 106, 179, 17, 141, 49, 122, 196, 203, 185, 18, 131, 64, 38, 115, 132, 161, 95], [239, 247, 40, 34, 115, 68, 169, 211, 216, 41, 96, 51, 233, 53, 75, 24, 46, 186, 111, 55, 22, 197, 27, 154, 214, 56, 161, 26, 118, 124, 134, 224], [251, 65, 156, 31, 190, 245, 63, 75, 73, 213, 98, 9, 87, 136, 30, 23, 3, 52, 195, 134, 175, 219, 101, 39, 96, 203, 35, 10, 150, 233, 22, 160], [46, 107, 222, 179, 2, 204, 227, 196, 20, 152, 61, 208, 166, 106, 147, 208, 146, 67, 21, 89, 241, 107, 105, 95, 176, 189, 103, 16, 149, 188, 194, 185], [48, 37, 19, 250, 27, 160, 177, 111, 55, 169, 153, 90, 255, 163, 168, 220, 232, 218, 108, 13, 27, 232, 61, 170, 121, 27, 224, 44, 108, 121, 34, 65], [179, 237, 203, 54, 193, 228, 26, 149, 33, 185, 148, 11, 40, 193, 153, 3, 77, 232, 96, 72, 116, 62, 66, 4, 254, 24, 232, 40, 178, 64, 186, 30], [230, 102, 13, 66, 113, 42, 192, 248, 89, 193, 231, 60, 94, 180, 216, 164, 205, 106, 227, 170, 14, 184, 243, 54, 249, 50, 132, 3, 55, 93, 102, 129], [243, 164, 109, 11, 71, 95, 240, 162, 90, 249, 225, 42, 209, 116, 187, 227, 222, 135, 125, 39, 84, 110, 11, 242, 119, 113, 6, 11, 143, 59, 76, 33], [59, 168, 83, 95, 78, 238, 249, 117, 248, 75, 230, 96, 77, 203, 130, 253, 27, 199, 112, 134, 13, 46, 28, 196, 58, 236, 187, 13, 170, 208, 115, 64], [206, 13, 190, 187, 214, 151, 156, 232, 41, 74, 179, 110, 31, 249, 109, 114, 109, 200, 157, 214, 64, 126, 52, 64, 24, 120, 202, 29, 184, 193, 48, 183], [219, 227, 204, 220, 62, 220, 119, 242, 152, 30, 155, 54, 16, 141, 254, 131, 154, 126, 223, 49, 28, 114, 21, 29, 56, 98, 168, 34, 100, 177, 215, 143], [3, 156, 170, 9, 197, 16, 60, 67, 131, 239, 236, 185, 14, 92, 31, 104, 161, 212, 115, 27, 219, 138, 10, 110, 70, 232, 67, 29, 101, 237, 44, 132], [207, 242, 189, 169, 87, 73, 16, 3, 0, 45, 27, 241, 156, 82, 137, 50, 204, 4, 83, 245, 224, 168, 147, 89, 223, 3, 239, 1, 224, 13, 176, 101], [166, 51, 111, 13, 73, 114, 252, 184, 165, 0, 100, 20, 13, 7, 199, 244, 57, 30, 236, 210, 145, 146, 205, 124, 152, 157, 180, 49, 226, 15, 80, 84], [71, 153, 98, 146, 53, 129, 97, 101, 145, 61, 102, 166, 192, 5, 248, 78, 234, 64, 253, 194, 72, 247, 157, 135, 147, 74, 117, 46, 241, 65, 138, 235], [43, 225, 27, 109, 155, 115, 197, 128, 171, 40, 45, 204, 216, 100, 130, 244, 176, 130, 162, 154, 87, 165, 153, 157, 107, 150, 240, 43, 178, 164, 224, 111], [186, 7, 139, 199, 15, 138, 57, 201, 100, 132, 96, 74, 65, 151, 51, 133, 170, 178, 187, 14, 149, 203, 107, 29, 238, 12, 32, 10, 115, 138, 77, 207], [59, 254, 199, 15, 5, 19, 148, 183, 115, 48, 17, 9, 49, 152, 40, 33, 10, 172, 240, 5, 215, 200, 199, 233, 187, 110, 11, 48, 149, 88, 156, 104], [92, 132, 149, 116, 125, 64, 56, 159, 44, 230, 32, 77, 28, 193, 77, 252, 11, 147, 148, 169, 148, 212, 197, 195, 132, 65, 68, 38, 93, 209, 81, 65], [137, 173, 98, 41, 209, 235, 150, 98, 118, 117, 98, 77, 230, 37, 150, 119, 187, 224, 55, 62, 125, 119, 222, 145, 159, 130, 253, 31, 5, 247, 38, 102], [225, 47, 3, 146, 174, 166, 162, 130, 255, 176, 33, 196, 80, 236, 218, 216, 17, 238, 140, 44, 220, 69, 78, 228, 246, 59, 116, 42, 67, 32, 250, 219], [38, 244, 129, 0, 196, 90, 235, 34, 219, 193, 168, 102, 43, 151, 143, 150, 88, 234, 87, 135, 31, 110, 230, 148, 153, 7, 122, 29, 66, 6, 86, 114], [53, 92, 29, 170, 222, 35, 207, 229, 145, 185, 95, 211, 12, 108, 166, 168, 164, 87, 195, 139, 77, 90, 227, 252, 123, 18, 240, 5, 181, 126, 2, 42], [51, 178, 191, 65, 64, 195, 214, 83, 140, 120, 10, 135, 179, 191, 22, 156, 152, 250, 25, 170, 87, 169, 138, 75, 140, 16, 138, 44, 208, 119, 72, 158], [82, 22, 78, 79, 203, 44, 170, 218, 42, 59, 195, 208, 214, 9, 198, 77, 7, 138, 13, 165, 13, 139, 68, 7, 60, 18, 181, 5, 142, 29, 230, 11], [231, 76, 108, 87, 161, 70, 190, 157, 147, 229, 45, 254, 183, 3, 36, 146, 55, 135, 238, 77, 166, 110, 166, 235, 197, 28, 69, 19, 119, 133, 52, 58], [196, 117, 210, 236, 193, 157, 199, 141, 102, 47, 190, 198, 134, 78, 187, 51, 175, 187, 66, 19, 28, 21, 237, 217, 54, 60, 175, 42, 36, 65, 147, 155], [161, 234, 208, 91, 124, 19, 91, 164, 151, 168, 215, 132, 200, 116, 160, 234, 95, 30, 144, 0, 181, 45, 102, 29, 152, 180, 217, 36, 106, 114, 113, 60], [129, 150, 135, 255, 160, 46, 57, 61, 224, 124, 147, 209, 81, 230, 223, 101, 154, 195, 8, 148, 192, 64, 52, 128, 114, 233, 185, 21, 16, 127, 10, 221], [237, 171, 129, 168, 122, 61, 8, 113, 246, 200, 65, 19, 223, 150, 165, 248, 242, 122, 22, 44, 12, 250, 5, 92, 74, 46, 29, 45, 221, 138, 11, 156], [149, 245, 152, 60, 236, 155, 56, 43, 177, 237, 237, 197, 11, 114, 161, 27, 28, 130, 71, 36, 105, 95, 253, 96, 0, 101, 170, 26, 46, 47, 41, 174], [254, 166, 220, 238, 26, 98, 127, 113, 138, 16, 190, 161, 111, 30, 110, 109, 66, 165, 154, 164, 250, 195, 89, 22, 64, 38, 109, 17, 13, 155, 203, 133], [54, 89, 76, 74, 122, 131, 233, 223, 91, 10, 73, 217, 37, 150, 140, 119, 1, 81, 152, 18, 167, 31, 68, 72, 89, 80, 246, 39, 113, 21, 161, 156], [24, 161, 246, 157, 66, 130, 230, 166, 144, 19, 122, 109, 8, 220, 81, 213, 20, 114, 244, 49, 158, 13, 129, 12, 150, 34, 198, 47, 58, 98, 177, 82], [224, 50, 212, 241, 18, 71, 136, 136, 53, 96, 56, 190, 55, 194, 244, 9, 181, 244, 183, 165, 130, 128, 237, 152, 25, 254, 109, 8, 110, 191, 200, 38], [128, 177, 180, 52, 236, 93, 244, 241, 62, 220, 22, 201, 238, 242, 17, 209, 49, 165, 106, 42, 162, 255, 66, 232, 88, 77, 188, 32, 101, 97, 117, 178], [10, 94, 117, 3, 36, 223, 224, 220, 193, 3, 247, 219, 31, 36, 153, 151, 177, 95, 169, 27, 152, 133, 199, 228, 84, 71, 65, 15, 13, 56, 149, 147], [253, 46, 54, 0, 118, 198, 113, 183, 185, 242, 167, 251, 164, 33, 204, 234, 160, 113, 186, 116, 77, 154, 94, 239, 79, 241, 193, 25, 226, 155, 7, 38], [12, 46, 171, 56, 105, 235, 144, 139, 207, 102, 138, 187, 61, 52, 232, 233, 4, 230, 166, 156, 145, 26, 106, 252, 29, 7, 35, 33, 52, 150, 93, 145], [234, 14, 28, 136, 137, 228, 221, 160, 114, 250, 52, 226, 129, 171, 21, 30, 11, 152, 165, 82, 154, 102, 70, 76, 203, 34, 183, 13, 136, 21, 2, 132], [53, 68, 231, 152, 85, 101, 70, 100, 220, 252, 19, 140, 22, 35, 216, 24, 196, 97, 211, 207, 46, 2, 140, 195, 115, 102, 142, 23, 123, 186, 166, 159], [147, 249, 160, 50, 255, 55, 233, 16, 214, 248, 125, 250, 185, 114, 247, 85, 82, 114, 104, 43, 179, 145, 87, 156, 146, 71, 234, 48, 191, 231, 122, 84], [225, 71, 57, 163, 55, 101, 43, 4, 181, 109, 109, 11, 71, 53, 169, 104, 242, 227, 124, 232, 250, 157, 165, 29, 255, 231, 213, 24, 172, 191, 67, 116], [122, 149, 188, 197, 3, 193, 101, 171, 143, 236, 56, 184, 67, 194, 212, 29, 221, 82, 126, 56, 81, 222, 242, 127, 101, 129, 139, 23, 224, 34, 228, 84], [206, 207, 207, 240, 136, 128, 69, 211, 236, 67, 255, 163, 141, 30, 235, 179, 124, 57, 172, 230, 155, 52, 42, 203, 43, 127, 6, 42, 46, 106, 80, 121], [117, 27, 39, 104, 75, 250, 255, 83, 251, 208, 66, 168, 56, 216, 27, 238, 255, 137, 239, 126, 177, 115, 88, 163, 100, 111, 156, 35, 103, 218, 152, 131], [72, 188, 80, 75, 4, 74, 44, 149, 164, 38, 130, 243, 207, 57, 150, 205, 57, 12, 164, 209, 141, 107, 7, 22, 71, 207, 93, 6, 212, 239, 108, 252], [160, 143, 49, 28, 220, 216, 78, 240, 114, 49, 109, 185, 222, 129, 20, 151, 225, 254, 50, 96, 176, 135, 65, 201, 123, 222, 87, 28, 183, 189, 98, 204], [166, 62, 85, 212, 90, 235, 197, 177, 205, 53, 180, 30, 165, 181, 239, 171, 124, 51, 184, 95, 137, 58, 126, 64, 26, 177, 227, 29, 47, 1, 69, 78], [48, 86, 195, 10, 23, 42, 246, 188, 97, 53, 141, 200, 175, 38, 169, 184, 170, 210, 25, 20, 241, 42, 213, 134, 92, 182, 253, 4, 144, 63, 26, 12], [112, 77, 203, 103, 50, 223, 171, 182, 195, 52, 205, 120, 184, 162, 145, 213, 57, 18, 152, 88, 160, 101, 179, 160, 88, 157, 128, 18, 197, 138, 226, 68], [252, 26, 34, 41, 32, 163, 104, 178, 88, 205, 40, 91, 124, 209, 252, 47, 105, 31, 214, 103, 2, 32, 202, 70, 88, 239, 179, 16, 251, 148, 63, 153], [194, 207, 102, 57, 214, 190, 42, 172, 19, 121, 192, 89, 213, 139, 109, 53, 241, 180, 113, 4, 116, 109, 166, 88, 144, 251, 24, 37, 97, 179, 150, 141], [123, 37, 243, 77, 229, 23, 103, 48, 9, 171, 172, 233, 232, 166, 23, 12, 51, 221, 95, 76, 2, 42, 26, 9, 198, 198, 229, 13, 76, 104, 61, 63], [84, 188, 185, 2, 183, 11, 71, 188, 125, 241, 192, 61, 136, 204, 19, 76, 197, 144, 222, 179, 181, 50, 139, 136, 226, 82, 75, 11, 78, 117, 155, 22], [33, 103, 199, 0, 55, 61, 102, 128, 187, 229, 125, 191, 74, 209, 199, 160, 211, 117, 178, 110, 33, 75, 7, 134, 12, 160, 198, 8, 109, 7, 102, 1], [194, 91, 251, 101, 236, 233, 115, 123, 13, 203, 53, 9, 148, 5, 13, 139, 103, 48, 199, 233, 235, 157, 228, 131, 5, 222, 223, 44, 235, 228, 16, 28], [253, 35, 36, 56, 96, 216, 26, 7, 15, 220, 161, 142, 111, 108, 111, 55, 245, 146, 125, 12, 89, 61, 245, 200, 216, 203, 151, 12, 218, 245, 22, 215], [84, 48, 37, 214, 160, 224, 253, 236, 131, 159, 75, 142, 201, 82, 116, 246, 78, 21, 137, 206, 61, 2, 77, 93, 109, 112, 132, 3, 228, 110, 189, 38], [47, 186, 160, 94, 172, 69, 99, 168, 105, 207, 132, 40, 150, 219, 137, 178, 208, 13, 157, 245, 230, 0, 204, 136, 56, 76, 22, 34, 139, 232, 169, 114], [129, 162, 81, 81, 167, 144, 8, 137, 116, 3, 28, 254, 173, 77, 176, 172, 209, 95, 92, 52, 95, 143, 185, 189, 15, 177, 193, 38, 161, 105, 1, 2], [30, 35, 221, 154, 248, 45, 110, 246, 165, 88, 205, 128, 204, 126, 163, 19, 30, 167, 254, 102, 58, 72, 23, 220, 71, 103, 107, 36, 188, 20, 211, 101], [149, 233, 206, 234, 229, 57, 105, 223, 28, 103, 101, 153, 175, 10, 209, 212, 228, 229, 243, 131, 202, 16, 120, 35, 99, 157, 162, 9, 246, 249, 186, 221], [66, 223, 68, 81, 39, 11, 226, 140, 143, 148, 39, 124, 57, 13, 107, 116, 88, 231, 40, 114, 22, 7, 227, 157, 131, 113, 128, 6, 6, 70, 249, 15], [159, 192, 163, 141, 135, 94, 248, 186, 120, 87, 240, 3, 243, 189, 164, 124, 122, 59, 110, 32, 234, 251, 162, 194, 225, 115, 159, 21, 230, 101, 156, 152], [38, 33, 243, 235, 196, 255, 185, 177, 245, 225, 83, 186, 15, 68, 225, 89, 102, 163, 246, 79, 37, 20, 252, 101, 146, 190, 109, 38, 65, 183, 131, 200], [119, 203, 124, 174, 5, 108, 121, 173, 24, 19, 145, 147, 106, 154, 220, 4, 60, 10, 226, 151, 63, 164, 142, 30, 145, 218, 196, 26, 154, 36, 69, 101], [244, 220, 137, 147, 112, 35, 165, 84, 79, 80, 213, 33, 204, 25, 79, 4, 227, 99, 252, 189, 125, 114, 107, 190, 79, 239, 126, 31, 82, 34, 240, 73], [20, 231, 76, 228, 77, 15, 42, 87, 175, 239, 187, 3, 51, 44, 199, 50, 47, 211, 104, 243, 41, 2, 4, 172, 174, 189, 206, 42, 51, 234, 231, 187], [2, 13, 153, 245, 79, 1, 213, 186, 82, 98, 155, 163, 131, 1, 88, 251, 33, 95, 68, 99, 35, 120, 115, 217, 105, 187, 226, 12, 245, 218, 140, 142], [2, 165, 211, 87, 63, 187, 71, 17, 226, 122, 197, 147, 42, 44, 186, 78, 135, 114, 231, 196, 255, 157, 45, 53, 196, 144, 149, 5, 69, 149, 38, 201], [11, 119, 61, 120, 159, 55, 75, 191, 169, 62, 172, 130, 78, 17, 93, 40, 109, 86, 49, 122, 210, 133, 123, 53, 188, 173, 58, 15, 158, 44, 166, 160], [61, 227, 236, 120, 89, 149, 209, 151, 167, 45, 86, 129, 113, 102, 78, 100, 190, 111, 130, 168, 20, 20, 167, 64, 204, 204, 82, 37, 115, 227, 197, 178], [120, 218, 2, 197, 225, 186, 119, 181, 180, 253, 73, 109, 183, 92, 166, 190, 90, 125, 104, 163, 0, 19, 122, 247, 200, 73, 179, 31, 169, 208, 214, 55], [217, 168, 51, 195, 51, 53, 160, 208, 233, 60, 43, 22, 236, 241, 50, 29, 248, 213, 205, 15, 21, 140, 138, 160, 166, 129, 17, 11, 90, 114, 253, 179], [56, 69, 76, 186, 69, 96, 137, 179, 249, 199, 28, 91, 223, 108, 121, 99, 248, 211, 111, 121, 103, 248, 41, 49, 72, 169, 158, 33, 131, 137, 248, 163], [147, 144, 34, 141, 63, 140, 100, 102, 21, 48, 155, 94, 70, 89, 61, 72, 252, 164, 50, 169, 133, 6, 250, 153, 48, 28, 238, 20, 5, 169, 66, 207], [193, 192, 213, 106, 62, 99, 188, 71, 124, 221, 109, 177, 184, 41, 77, 12, 146, 85, 185, 37, 135, 47, 222, 77, 209, 212, 253, 31, 196, 115, 132, 52], [131, 251, 253, 174, 77, 62, 13, 2, 124, 58, 230, 56, 23, 255, 67, 57, 186, 160, 29, 15, 164, 153, 55, 71, 66, 50, 118, 27, 118, 222, 6, 40], [213, 93, 238, 108, 167, 255, 0, 65, 131, 59, 11, 251, 47, 157, 96, 25, 146, 18, 242, 241, 229, 191, 37, 170, 190, 222, 61, 40, 89, 186, 201, 125], [241, 101, 32, 50, 234, 212, 15, 224, 12, 119, 19, 38, 234, 164, 192, 141, 146, 71, 114, 126, 225, 242, 146, 161, 253, 218, 97, 17, 106, 23, 153, 88], [68, 218, 153, 15, 244, 76, 230, 119, 253, 84, 219, 71, 195, 199, 171, 97, 5, 208, 47, 19, 127, 4, 246, 74, 145, 244, 89, 15, 238, 66, 179, 90], [37, 38, 0, 10, 163, 245, 97, 136, 132, 243, 109, 113, 115, 179, 192, 243, 35, 254, 221, 57, 72, 173, 158, 63, 117, 115, 2, 31, 207, 229, 241, 231], [50, 146, 121, 115, 83, 127, 174, 232, 230, 162, 117, 73, 8, 151, 2, 5, 121, 115, 207, 87, 181, 188, 29, 181, 50, 24, 119, 28, 117, 137, 134, 242], [1, 119, 190, 96, 222, 186, 217, 5, 140, 202, 129, 204, 232, 193, 58, 23, 148, 131, 117, 132, 95, 161, 54, 166, 171, 195, 54, 29, 194, 222, 122, 35], [190, 5, 57, 104, 88, 147, 16, 21, 150, 137, 170, 243, 98, 173, 198, 122, 36, 3, 237, 221, 155, 243, 19, 183, 127, 204, 113, 32, 210, 115, 246, 229], [20, 21, 98, 219, 174, 15, 152, 98, 5, 160, 255, 202, 116, 150, 70, 106, 34, 194, 218, 51, 202, 254, 250, 58, 199, 138, 45, 19, 243, 245, 59, 195], [215, 60, 215, 97, 175, 230, 93, 70, 27, 2, 125, 161, 170, 47, 24, 55, 196, 27, 216, 211, 27, 127, 5, 18, 175, 75, 174, 46, 179, 150, 164, 249], [214, 87, 67, 174, 110, 172, 63, 73, 25, 13, 223, 160, 219, 14, 170, 175, 19, 168, 239, 232, 51, 251, 199, 45, 246, 2, 156, 7, 78, 121, 153, 98], [1, 220, 125, 20, 107, 14, 85, 218, 202, 72, 57, 177, 213, 253, 20, 250, 124, 61, 6, 158, 206, 101, 225, 142, 148, 146, 64, 56, 148, 102, 216, 222], [63, 52, 221, 141, 30, 30, 50, 31, 120, 93, 162, 246, 129, 73, 215, 209, 162, 157, 96, 207, 245, 164, 105, 179, 124, 75, 200, 40, 88, 10, 94, 5], [127, 93, 112, 226, 219, 114, 198, 121, 222, 50, 81, 162, 180, 118, 81, 220, 203, 74, 74, 232, 2, 169, 63, 28, 197, 225, 91, 44, 244, 10, 128, 164], [177, 171, 191, 9, 233, 182, 52, 34, 137, 173, 42, 164, 145, 34, 95, 1, 233, 229, 182, 69, 66, 240, 27, 65, 20, 63, 22, 47, 239, 109, 140, 2], [67, 74, 89, 122, 19, 210, 198, 19, 139, 209, 155, 45, 193, 244, 46, 227, 36, 150, 91, 9, 91, 77, 28, 144, 19, 229, 68, 40, 83, 242, 252, 51], [101, 224, 96, 50, 164, 19, 61, 70, 8, 189, 86, 243, 203, 53, 34, 128, 205, 95, 153, 114, 231, 175, 21, 160, 94, 15, 78, 1, 237, 95, 202, 161], [123, 193, 70, 34, 73, 154, 212, 108, 170, 190, 155, 190, 190, 220, 226, 73, 229, 133, 56, 85, 220, 112, 160, 219, 44, 204, 253, 5, 9, 148, 112, 184], [189, 230, 20, 85, 78, 34, 29, 242, 175, 33, 178, 212, 109, 67, 72, 83, 169, 192, 236, 202, 170, 214, 147, 128, 232, 33, 52, 17, 242, 237, 115, 188], [233, 103, 47, 207, 76, 10, 99, 169, 150, 137, 191, 105, 44, 247, 49, 104, 19, 185, 2, 11, 57, 8, 161, 145, 234, 212, 145, 40, 62, 105, 12, 32], [89, 165, 11, 231, 62, 168, 84, 118, 225, 72, 207, 194, 239, 20, 57, 46, 13, 133, 99, 237, 126, 201, 157, 96, 138, 44, 48, 31, 232, 57, 31, 92], [2, 28, 20, 40, 8, 172, 160, 9, 203, 244, 95, 233, 224, 30, 21, 37, 86, 204, 199, 12, 152, 248, 186, 48, 7, 62, 129, 21, 190, 86, 71, 16], [79, 107, 235, 221, 170, 246, 152, 164, 124, 31, 57, 242, 254, 88, 166, 58, 234, 72, 37, 105, 11, 44, 226, 210, 89, 188, 24, 45, 140, 142, 247, 29], [189, 132, 79, 181, 91, 170, 36, 81, 75, 22, 130, 18, 173, 123, 69, 149, 60, 184, 169, 201, 235, 233, 45, 159, 187, 15, 226, 38, 137, 166, 53, 200], [199, 32, 53, 94, 226, 211, 216, 195, 20, 75, 72, 165, 94, 255, 218, 70, 204, 252, 42, 79, 30, 116, 79, 14, 25, 146, 75, 3, 180, 27, 111, 59], [130, 89, 95, 211, 154, 61, 88, 63, 45, 111, 243, 114, 86, 44, 179, 100, 187, 226, 164, 161, 44, 103, 186, 120, 70, 202, 112, 11, 241, 106, 216, 169], [30, 87, 213, 40, 176, 132, 238, 49, 206, 112, 14, 61, 129, 131, 0, 206, 67, 42, 137, 63, 137, 13, 146, 18, 140, 239, 251, 19, 209, 239, 171, 80], [137, 27, 81, 242, 168, 102, 179, 109, 29, 109, 157, 191, 7, 234, 62, 90, 141, 110, 105, 201, 70, 245, 35, 86, 45, 27, 6, 32, 86, 146, 164, 46], [248, 52, 75, 19, 221, 69, 131, 54, 195, 249, 114, 90, 220, 212, 128, 179, 114, 27, 199, 120, 160, 146, 159, 206, 230, 94, 104, 28, 117, 121, 100, 233], [54, 23, 46, 243, 56, 100, 57, 32, 222, 211, 165, 143, 10, 161, 24, 66, 210, 193, 242, 30, 94, 131, 174, 28, 15, 16, 58, 30, 65, 46, 56, 132], [97, 88, 198, 189, 57, 172, 52, 30, 88, 129, 145, 77, 98, 155, 158, 62, 141, 21, 47, 136, 164, 254, 22, 249, 157, 37, 19, 14, 229, 189, 30, 250], [210, 243, 229, 161, 111, 136, 135, 120, 134, 216, 130, 121, 193, 43, 172, 46, 131, 37, 107, 149, 175, 202, 158, 172, 118, 17, 51, 25, 6, 207, 68, 84], [181, 51, 90, 126, 83, 30, 61, 74, 57, 233, 239, 73, 251, 188, 226, 66, 41, 48, 33, 48, 133, 161, 26, 232, 212, 40, 81, 34, 49, 219, 106, 246], [185, 111, 122, 40, 186, 118, 140, 145, 174, 109, 106, 227, 99, 183, 137, 96, 194, 174, 156, 57, 134, 93, 32, 101, 50, 111, 26, 41, 22, 4, 33, 52], [174, 71, 155, 31, 78, 37, 190, 247, 154, 83, 133, 152, 199, 104, 13, 93, 71, 177, 28, 129, 143, 249, 235, 197, 78, 224, 81, 35, 133, 204, 196, 238], [31, 16, 185, 12, 195, 17, 201, 112, 221, 201, 34, 254, 225, 174, 190, 137, 60, 153, 201, 180, 112, 213, 205, 80, 177, 66, 224, 17, 49, 249, 91, 164], [104, 68, 133, 28, 63, 165, 179, 112, 246, 22, 252, 254, 149, 239, 115, 36, 111, 148, 51, 55, 154, 166, 69, 27, 36, 110, 18, 13, 153, 15, 127, 206], [95, 76, 131, 59, 195, 196, 28, 55, 250, 247, 146, 192, 176, 240, 114, 110, 187, 222, 56, 80, 131, 162, 243, 113, 219, 225, 85, 46, 246, 16, 164, 132], [65, 177, 236, 63, 8, 51, 146, 69, 163, 154, 101, 158, 149, 85, 98, 115, 149, 197, 91, 87, 84, 222, 131, 250, 146, 204, 27, 30, 115, 118, 249, 242], [234, 207, 21, 60, 51, 224, 16, 144, 48, 81, 221, 232, 100, 201, 194, 152, 127, 250, 228, 7, 208, 227, 126, 78, 64, 108, 12, 24, 81, 236, 216, 83], [213, 218, 51, 252, 132, 151, 223, 34, 238, 207, 27, 249, 199, 2, 31, 14, 33, 128, 244, 96, 213, 193, 173, 230, 223, 129, 72, 18, 108, 180, 160, 252], [63, 31, 130, 16, 255, 174, 238, 207, 104, 116, 236, 117, 239, 49, 87, 65, 245, 239, 131, 150, 77, 233, 135, 30, 250, 62, 1, 32, 209, 176, 63, 177], [162, 128, 27, 126, 50, 216, 180, 205, 91, 47, 222, 39, 244, 229, 80, 49, 208, 54, 105, 116, 158, 230, 106, 193, 41, 126, 27, 14, 108, 223, 76, 182], [125, 213, 69, 133, 52, 43, 162, 47, 66, 65, 124, 59, 52, 223, 26, 185, 33, 143, 14, 107, 102, 136, 57, 152, 4, 0, 139, 37, 118, 76, 61, 39], [116, 11, 5, 190, 90, 242, 188, 154, 53, 59, 163, 111, 105, 114, 48, 80, 230, 14, 231, 67, 139, 185, 198, 31, 73, 208, 72, 34, 132, 181, 4, 61], [65, 73, 205, 216, 173, 205, 34, 27, 164, 26, 71, 76, 177, 104, 245, 203, 39, 56, 246, 79, 110, 39, 146, 142, 106, 208, 66, 27, 141, 30, 208, 174], [250, 107, 254, 226, 210, 102, 249, 45, 161, 166, 174, 251, 173, 53, 104, 215, 221, 77, 174, 229, 211, 205, 75, 214, 187, 209, 235, 36, 192, 177, 65, 48], [198, 200, 147, 203, 20, 246, 175, 115, 82, 202, 185, 111, 140, 242, 82, 143, 192, 63, 68, 229, 114, 155, 91, 139, 249, 172, 72, 8, 186, 222, 172, 41], [28, 32, 34, 89, 186, 99, 120, 58, 240, 195, 210, 155, 175, 34, 25, 170, 216, 247, 161, 210, 85, 210, 229, 10, 183, 124, 120, 11, 10, 42, 35, 70], [239, 133, 168, 139, 182, 39, 37, 74, 76, 46, 173, 235, 220, 218, 124, 178, 88, 173, 37, 33, 220, 29, 54, 11, 4, 155, 32, 36, 123, 109, 211, 150], [251, 167, 6, 138, 10, 105, 249, 46, 193, 7, 133, 41, 176, 162, 40, 250, 150, 85, 225, 63, 204, 108, 215, 191, 75, 147, 41, 44, 61, 186, 148, 56], [131, 222, 246, 249, 191, 144, 250, 211, 188, 86, 82, 70, 214, 13, 175, 243, 182, 32, 146, 95, 178, 239, 111, 188, 123, 23, 119, 42, 204, 143, 169, 65], [27, 228, 25, 178, 130, 97, 120, 57, 208, 98, 252, 109, 173, 181, 88, 135, 31, 240, 110, 120, 93, 51, 90, 33, 39, 187, 58, 4, 87, 188, 98, 175], [160, 39, 143, 69, 176, 251, 176, 80, 8, 93, 108, 137, 190, 239, 208, 17, 246, 8, 1, 197, 78, 184, 233, 36, 144, 48, 120, 22, 191, 36, 201, 7], [56, 151, 162, 123, 71, 56, 77, 235, 55, 116, 118, 207, 166, 219, 72, 48, 242, 220, 53, 239, 56, 40, 170, 89, 150, 22, 97, 6, 203, 68, 133, 80], [233, 2, 101, 116, 83, 214, 82, 69, 4, 32, 3, 137, 27, 195, 57, 162, 14, 222, 189, 108, 217, 160, 123, 54, 142, 190, 174, 14, 136, 216, 179, 208], [222, 244, 125, 192, 69, 146, 36, 125, 89, 246, 10, 200, 182, 124, 56, 81, 196, 104, 26, 201, 240, 119, 135, 135, 220, 55, 3, 42, 188, 127, 191, 35], [218, 83, 47, 199, 69, 143, 84, 220, 199, 171, 125, 236, 206, 227, 95, 108, 254, 123, 70, 108, 107, 23, 228, 176, 208, 80, 124, 37, 202, 201, 244, 1], [31, 24, 48, 82, 225, 19, 239, 242, 95, 64, 211, 246, 135, 176, 19, 82, 224, 113, 143, 62, 25, 188, 106, 59, 8, 9, 182, 41, 134, 237, 46, 87], [82, 234, 121, 202, 70, 29, 240, 127, 19, 27, 155, 157, 101, 176, 26, 14, 139, 19, 236, 0, 70, 1, 94, 19, 99, 200, 1, 53, 125, 51, 136, 214], [247, 115, 240, 233, 171, 182, 130, 117, 49, 42, 174, 160, 213, 167, 109, 47, 214, 211, 192, 121, 16, 228, 198, 165, 106, 69, 174, 6, 247, 14, 134, 179], [206, 184, 109, 86, 11, 36, 94, 245, 159, 90, 187, 51, 202, 226, 64, 111, 82, 25, 37, 248, 175, 148, 87, 38, 166, 234, 60, 1, 152, 107, 231, 135], [108, 24, 193, 163, 183, 195, 144, 190, 158, 63, 129, 248, 33, 108, 36, 135, 194, 20, 115, 29, 213, 124, 10, 1, 216, 126, 194, 40, 104, 54, 142, 47], [52, 212, 71, 24, 153, 70, 147, 95, 24, 153, 144, 157, 175, 235, 203, 112, 195, 80, 247, 122, 146, 211, 37, 70, 247, 171, 249, 34, 175, 145, 149, 80], [170, 115, 95, 152, 213, 6, 225, 169, 242, 42, 0, 159, 59, 236, 92, 250, 243, 48, 221, 154, 84, 35, 39, 224, 154, 207, 161, 7, 229, 222, 203, 147], [74, 225, 108, 180, 34, 166, 143, 227, 6, 103, 8, 178, 172, 62, 212, 64, 68, 212, 227, 6, 85, 108, 200, 150, 198, 108, 219, 14, 213, 179, 243, 123], [160, 128, 109, 113, 23, 84, 78, 32, 173, 109, 173, 73, 38, 213, 180, 20, 145, 146, 205, 38, 68, 84, 115, 183, 59, 109, 250, 24, 171, 79, 205, 175], [75, 2, 233, 143, 145, 6, 205, 163, 2, 78, 151, 167, 231, 99, 228, 36, 150, 63, 40, 37, 255, 12, 51, 134, 64, 157, 196, 21, 114, 73, 137, 92], [118, 11, 179, 202, 117, 118, 35, 72, 228, 252, 211, 77, 55, 131, 204, 108, 37, 179, 130, 145, 229, 75, 190, 41, 55, 225, 105, 23, 123, 114, 132, 24], [43, 105, 174, 53, 212, 47, 221, 107, 155, 103, 103, 62, 23, 245, 56, 146, 171, 121, 186, 181, 140, 225, 188, 134, 91, 56, 154, 42, 103, 235, 247, 64], [221, 107, 58, 143, 228, 36, 162, 137, 113, 72, 241, 239, 14, 42, 41, 200, 120, 153, 195, 205, 169, 61, 111, 189, 217, 82, 160, 14, 232, 198, 104, 112], [155, 100, 232, 139, 233, 8, 246, 67, 129, 40, 46, 171, 227, 201, 22, 117, 39, 112, 10, 175, 43, 39, 212, 141, 28, 220, 121, 25, 224, 17, 133, 151], [57, 32, 230, 172, 168, 165, 207, 222, 31, 34, 144, 167, 78, 46, 88, 185, 61, 172, 140, 234, 127, 98, 194, 35, 153, 251, 195, 33, 25, 203, 184, 50], [191, 36, 16, 23, 18, 111, 184, 192, 86, 152, 216, 88, 10, 10, 125, 252, 255, 89, 115, 68, 112, 4, 175, 195, 191, 137, 219, 9, 4, 193, 80, 6], [108, 94, 62, 189, 179, 181, 130, 90, 202, 85, 123, 104, 145, 126, 177, 187, 127, 77, 103, 72, 26, 246, 43, 20, 98, 224, 185, 32, 184, 26, 73, 200], [27, 162, 31, 21, 52, 21, 197, 237, 66, 154, 63, 154, 240, 60, 195, 186, 156, 253, 2, 131, 45, 201, 196, 249, 91, 170, 221, 46, 67, 60, 44, 210], [170, 45, 226, 126, 217, 20, 239, 13, 199, 20, 6, 47, 204, 217, 207, 197, 54, 248, 232, 111, 15, 170, 5, 205, 16, 110, 170, 15, 239, 200, 11, 134], [73, 231, 93, 108, 48, 12, 63, 226, 81, 194, 227, 227, 69, 52, 66, 38, 247, 210, 198, 134, 237, 134, 109, 112, 255, 64, 149, 3, 143, 194, 78, 148], [83, 180, 242, 138, 133, 27, 154, 164, 5, 119, 38, 177, 246, 221, 165, 6, 66, 3, 176, 146, 63, 124, 79, 33, 225, 105, 119, 39, 223, 92, 24, 200], [224, 131, 211, 91, 178, 183, 181, 126, 31, 141, 130, 143, 124, 71, 64, 87, 59, 53, 169, 14, 116, 21, 29, 179, 118, 183, 113, 4, 184, 58, 46, 68], [195, 215, 45, 177, 7, 175, 215, 195, 139, 243, 90, 230, 102, 122, 219, 122, 116, 66, 160, 37, 234, 35, 226, 191, 145, 228, 236, 8, 120, 8, 1, 105], [42, 190, 27, 78, 125, 11, 115, 114, 226, 84, 229, 43, 148, 219, 6, 188, 40, 100, 197, 248, 214, 228, 185, 113, 28, 194, 61, 42, 26, 62, 67, 100], [186, 218, 135, 71, 165, 65, 29, 217, 200, 158, 175, 125, 216, 129, 252, 187, 229, 36, 240, 190, 172, 50, 160, 161, 13, 20, 122, 32, 28, 0, 48, 36], [121, 170, 148, 53, 134, 156, 94, 102, 197, 52, 174, 15, 230, 78, 61, 95, 209, 199, 183, 35, 199, 148, 75, 170, 48, 153, 156, 20, 45, 191, 57, 116], [92, 177, 152, 244, 231, 136, 84, 143, 200, 203, 209, 25, 133, 214, 132, 197, 208, 32, 96, 249, 124, 109, 145, 63, 101, 58, 234, 15, 39, 187, 8, 230], [71, 29, 53, 41, 73, 134, 0, 188, 31, 108, 24, 67, 121, 107, 113, 179, 73, 150, 113, 153, 228, 184, 157, 34, 189, 159, 16, 18, 145, 215, 241, 103], [85, 230, 11, 131, 86, 9, 217, 215, 70, 10, 214, 145, 195, 76, 58, 217, 175, 141, 197, 168, 87, 219, 3, 17, 209, 11, 86, 44, 207, 178, 213, 233], [188, 166, 77, 123, 183, 242, 53, 203, 255, 166, 145, 153, 94, 93, 144, 160, 194, 189, 127, 208, 36, 79, 146, 230, 156, 70, 23, 22, 182, 37, 139, 112], [193, 165, 20, 185, 54, 193, 152, 144, 74, 96, 171, 5, 154, 11, 71, 168, 6, 184, 138, 15, 210, 196, 45, 208, 161, 66, 14, 4, 196, 115, 248, 246], [234, 87, 213, 86, 99, 212, 157, 41, 16, 57, 72, 0, 232, 250, 178, 69, 163, 213, 186, 175, 195, 103, 201, 190, 20, 35, 235, 38, 115, 49, 188, 162], [99, 33, 83, 192, 125, 232, 254, 127, 32, 166, 167, 117, 176, 150, 207, 220, 177, 60, 108, 49, 238, 122, 244, 177, 29, 188, 151, 18, 29, 172, 53, 198], [218, 16, 192, 37, 36, 190, 178, 207, 26, 159, 127, 97, 36, 174, 97, 162, 60, 143, 242, 127, 73, 11, 35, 75, 26, 69, 226, 46, 212, 203, 192, 53], [179, 106, 205, 123, 15, 226, 114, 232, 112, 196, 217, 33, 173, 193, 177, 164, 4, 9, 228, 134, 59, 37, 61, 47, 85, 146, 204, 29, 244, 135, 29, 85], [69, 47, 124, 252, 160, 7, 220, 111, 176, 172, 16, 17, 172, 161, 252, 245, 226, 155, 162, 229, 197, 198, 19, 124, 2, 137, 0, 9, 107, 172, 49, 85], [232, 244, 63, 202, 7, 11, 80, 126, 219, 216, 57, 160, 142, 85, 208, 254, 129, 106, 105, 236, 225, 6, 237, 104, 125, 228, 170, 19, 152, 104, 241, 1], [228, 179, 212, 176, 242, 110, 89, 66, 84, 12, 204, 166, 89, 253, 56, 43, 219, 192, 192, 235, 206, 62, 79, 221, 172, 233, 118, 49, 220, 80, 75, 131], [46, 151, 224, 113, 133, 191, 33, 234, 181, 145, 71, 247, 206, 2, 177, 130, 52, 219, 230, 203, 71, 153, 68, 120, 245, 105, 185, 28, 229, 197, 220, 95], [47, 196, 187, 2, 137, 207, 91, 104, 128, 144, 11, 129, 80, 141, 121, 249, 203, 108, 14, 47, 70, 200, 42, 232, 226, 10, 95, 15, 218, 185, 4, 251], [76, 230, 228, 190, 218, 11, 212, 176, 160, 11, 88, 241, 17, 123, 170, 158, 170, 194, 66, 168, 116, 52, 191, 70, 12, 16, 252, 8, 40, 215, 231, 81], [79, 208, 228, 45, 34, 135, 51, 106, 220, 68, 151, 22, 167, 76, 74, 53, 130, 95, 248, 236, 227, 80, 185, 52, 15, 148, 220, 3, 109, 67, 120, 221], [201, 165, 59, 125, 178, 190, 157, 183, 240, 94, 41, 166, 75, 221, 214, 226, 11, 131, 13, 16, 181, 107, 114, 154, 102, 62, 104, 39, 49, 9, 128, 76], [205, 225, 139, 238, 84, 91, 172, 27, 90, 66, 52, 80, 22, 100, 135, 253, 211, 240, 113, 210, 152, 40, 184, 133, 11, 210, 46, 40, 153, 185, 53, 161], [62, 30, 44, 228, 109, 130, 115, 204, 65, 147, 138, 19, 110, 193, 80, 36, 238, 197, 7, 114, 213, 68, 54, 252, 51, 73, 97, 40, 4, 90, 197, 17], [1, 216, 69, 158, 95, 63, 108, 119, 95, 158, 51, 133, 160, 128, 123, 170, 32, 189, 144, 228, 244, 219, 65, 198, 62, 110, 231, 10, 174, 67, 71, 55], [216, 109, 244, 87, 31, 72, 254, 155, 79, 215, 246, 131, 239, 150, 48, 93, 200, 127, 72, 70, 84, 91, 251, 228, 62, 5, 3, 8, 229, 116, 101, 223], [172, 251, 120, 195, 16, 234, 74, 239, 82, 118, 143, 110, 13, 170, 18, 112, 104, 255, 148, 149, 60, 209, 60, 92, 207, 196, 88, 15, 194, 186, 82, 177], [129, 92, 68, 85, 129, 3, 81, 47, 180, 218, 100, 66, 8, 214, 29, 129, 8, 8, 207, 164, 231, 99, 158, 163, 254, 147, 21, 10, 161, 168, 3, 161], [90, 202, 57, 249, 110, 239, 124, 32, 184, 99, 22, 75, 245, 242, 149, 17, 137, 108, 234, 232, 138, 135, 157, 121, 26, 116, 142, 12, 133, 66, 42, 39], [149, 47, 220, 230, 11, 199, 32, 57, 221, 143, 28, 85, 85, 130, 99, 0, 174, 61, 129, 19, 66, 60, 147, 61, 116, 186, 78, 38, 131, 72, 120, 242], [174, 212, 185, 137, 255, 77, 81, 114, 235, 159, 159, 90, 156, 138, 48, 239, 63, 32, 106, 114, 155, 253, 82, 77, 251, 163, 201, 2, 253, 102, 167, 63], [252, 107, 226, 180, 202, 53, 129, 147, 70, 227, 66, 191, 123, 226, 128, 203, 214, 117, 144, 82, 45, 183, 168, 105, 179, 35, 146, 19, 187, 160, 3, 58], [119, 14, 132, 21, 6, 106, 157, 39, 15, 217, 50, 7, 102, 156, 127, 122, 126, 94, 108, 170, 214, 119, 101, 91, 49, 196, 217, 11, 74, 150, 213, 152], [26, 32, 62, 135, 194, 148, 240, 212, 74, 135, 62, 216, 225, 117, 0, 182, 223, 207, 191, 101, 252, 232, 136, 119, 191, 42, 210, 28, 24, 220, 143, 98], [28, 142, 84, 51, 206, 21, 177, 109, 123, 213, 76, 176, 226, 226, 28, 21, 145, 219, 252, 114, 74, 127, 247, 134, 204, 104, 228, 25, 176, 89, 106, 79], [4, 149, 80, 64, 151, 22, 180, 229, 110, 206, 57, 215, 7, 124, 73, 178, 116, 169, 218, 84, 46, 214, 78, 157, 156, 135, 40, 43, 164, 41, 136, 160], [227, 88, 124, 115, 128, 242, 40, 242, 70, 72, 11, 109, 241, 135, 232, 222, 123, 253, 11, 106, 105, 123, 70, 14, 146, 182, 142, 39, 151, 163, 18, 137], [18, 247, 207, 251, 245, 179, 189, 130, 34, 156, 71, 192, 85, 220, 55, 207, 65, 156, 117, 99, 251, 201, 226, 67, 214, 198, 59, 5, 9, 83, 186, 93], [225, 210, 228, 69, 23, 56, 168, 24, 251, 181, 145, 96, 224, 87, 117, 158, 164, 159, 171, 22, 99, 46, 207, 216, 183, 177, 116, 15, 8, 110, 72, 38], [140, 54, 54, 105, 234, 161, 112, 62, 205, 209, 192, 30, 36, 92, 104, 227, 133, 233, 85, 87, 218, 89, 107, 88, 173, 161, 236, 8, 132, 155, 185, 199], [223, 186, 238, 192, 97, 199, 63, 132, 50, 33, 167, 176, 27, 58, 197, 204, 221, 105, 140, 148, 85, 180, 220, 172, 85, 168, 10, 14, 63, 143, 52, 178], [138, 85, 234, 210, 162, 40, 1, 42, 196, 152, 192, 120, 57, 252, 24, 158, 48, 92, 250, 96, 79, 70, 198, 136, 197, 172, 119, 39, 145, 146, 161, 43], [98, 145, 164, 229, 201, 144, 57, 177, 82, 71, 180, 68, 162, 215, 10, 210, 36, 93, 241, 10, 43, 239, 112, 111, 175, 22, 31, 47, 252, 55, 28, 223], [35, 144, 57, 23, 73, 201, 26, 198, 36, 250, 51, 100, 213, 61, 237, 189, 122, 222, 205, 181, 61, 163, 88, 45, 96, 156, 48, 48, 223, 100, 181, 203], [37, 202, 247, 73, 4, 44, 250, 146, 108, 59, 217, 222, 246, 245, 63, 138, 249, 44, 71, 40, 36, 11, 166, 106, 6, 37, 240, 40, 75, 197, 96, 249], [242, 251, 230, 36, 68, 1, 87, 162, 108, 112, 77, 51, 136, 26, 148, 195, 59, 103, 130, 2, 236, 252, 216, 179, 18, 178, 51, 0, 229, 141, 81, 148], [186, 96, 189, 255, 12, 113, 191, 70, 230, 16, 24, 79, 56, 82, 55, 34, 176, 194, 12, 32, 134, 25, 152, 152, 38, 128, 21, 40, 4, 214, 247, 207], [154, 225, 199, 139, 14, 161, 220, 153, 241, 202, 132, 245, 73, 249, 27, 250, 93, 116, 116, 218, 152, 197, 219, 158, 242, 218, 58, 40, 135, 68, 236, 103], [158, 37, 137, 36, 132, 10, 189, 206, 54, 186, 130, 124, 180, 175, 185, 109, 217, 125, 104, 133, 60, 19, 29, 52, 37, 252, 9, 36, 67, 39, 133, 8], [124, 170, 88, 176, 126, 41, 149, 206, 159, 159, 252, 161, 19, 95, 101, 135, 88, 209, 219, 221, 144, 218, 85, 66, 128, 115, 41, 8, 199, 135, 172, 96], [6, 78, 114, 181, 92, 207, 239, 73, 246, 194, 125, 6, 158, 20, 121, 82, 134, 153, 54, 236, 156, 134, 205, 88, 47, 20, 15, 32, 72, 30, 219, 171], [116, 52, 254, 220, 120, 147, 194, 206, 0, 148, 48, 50, 190, 206, 15, 211, 89, 147, 199, 202, 63, 214, 169, 244, 132, 10, 55, 38, 93, 75, 231, 97], [246, 165, 76, 144, 216, 30, 255, 18, 109, 113, 194, 213, 187, 199, 213, 41, 17, 135, 235, 23, 105, 198, 97, 61, 1, 219, 135, 27, 255, 222, 161, 44], [162, 87, 34, 95, 20, 55, 175, 153, 144, 214, 80, 101, 159, 137, 113, 174, 92, 178, 136, 237, 233, 201, 135, 236, 237, 67, 45, 10, 12, 155, 254, 62], [60, 160, 17, 22, 161, 182, 132, 223, 71, 203, 153, 115, 233, 236, 129, 209, 242, 252, 99, 132, 99, 113, 115, 34, 68, 66, 4, 37, 131, 228, 212, 38], [246, 56, 228, 24, 12, 119, 7, 92, 61, 60, 30, 21, 246, 127, 159, 67, 178, 73, 189, 228, 174, 151, 176, 155, 121, 2, 208, 7, 215, 135, 99, 94], [88, 212, 158, 247, 228, 89, 171, 26, 98, 5, 113, 80, 47, 91, 155, 82, 68, 143, 213, 228, 177, 103, 177, 68, 20, 31, 220, 10, 196, 24, 168, 177], [32, 83, 60, 35, 129, 83, 106, 12, 84, 46, 99, 130, 103, 216, 225, 61, 4, 252, 146, 211, 122, 8, 129, 69, 249, 75, 148, 40, 7, 17, 95, 98], [229, 122, 93, 128, 75, 74, 200, 95, 156, 190, 233, 128, 178, 71, 124, 92, 27, 69, 209, 149, 245, 250, 115, 195, 89, 207, 133, 40, 191, 181, 28, 85], [63, 149, 148, 58, 145, 171, 89, 103, 116, 210, 207, 221, 108, 172, 136, 48, 204, 226, 51, 45, 241, 55, 56, 194, 9, 44, 140, 20, 125, 212, 194, 249], [75, 114, 218, 117, 239, 20, 209, 133, 14, 81, 240, 53, 3, 99, 206, 152, 22, 79, 140, 165, 184, 65, 63, 78, 225, 13, 236, 39, 136, 71, 96, 131], [215, 246, 139, 1, 252, 30, 24, 1, 29, 152, 177, 185, 240, 171, 248, 80, 234, 98, 28, 139, 56, 104, 249, 30, 105, 34, 216, 27, 4, 81, 39, 18], [36, 122, 113, 162, 16, 252, 34, 15, 178, 141, 92, 127, 92, 219, 170, 191, 143, 217, 20, 170, 131, 174, 53, 125, 251, 25, 6, 45, 11, 74, 84, 255], [243, 73, 254, 130, 128, 13, 28, 248, 116, 108, 133, 195, 54, 125, 172, 160, 198, 168, 253, 192, 30, 133, 87, 54, 241, 159, 122, 8, 21, 186, 150, 185], [73, 122, 27, 37, 193, 38, 60, 158, 214, 91, 39, 203, 168, 95, 50, 206, 88, 101, 96, 88, 111, 198, 168, 135, 104, 212, 205, 33, 60, 179, 40, 217], [34, 66, 34, 185, 12, 189, 85, 112, 28, 254, 251, 211, 38, 219, 212, 224, 239, 156, 82, 247, 10, 27, 218, 170, 129, 174, 233, 39, 216, 153, 161, 59], [41, 11, 71, 49, 226, 95, 224, 49, 229, 120, 97, 240, 122, 215, 237, 100, 145, 94, 191, 230, 50, 233, 61, 211, 62, 220, 21, 9, 13, 100, 160, 107], [62, 24, 126, 152, 242, 5, 7, 145, 173, 244, 198, 4, 142, 20, 235, 70, 7, 142, 212, 34, 49, 177, 167, 150, 223, 152, 122, 18, 222, 150, 156, 216], [157, 165, 124, 177, 204, 96, 70, 52, 10, 195, 44, 200, 239, 229, 80, 193, 211, 135, 121, 45, 97, 182, 230, 253, 8, 19, 153, 39, 58, 153, 220, 108], [216, 115, 162, 163, 154, 196, 106, 215, 227, 117, 186, 146, 207, 67, 150, 58, 175, 183, 123, 149, 248, 238, 137, 74, 147, 181, 233, 29, 107, 181, 143, 157], [188, 20, 220, 232, 166, 81, 46, 55, 98, 85, 249, 2, 11, 158, 209, 226, 127, 44, 40, 184, 92, 225, 40, 228, 79, 23, 80, 45, 48, 137, 184, 56], [73, 248, 235, 231, 198, 93, 238, 189, 174, 209, 185, 142, 193, 165, 61, 134, 121, 92, 14, 118, 157, 71, 21, 157, 86, 181, 60, 24, 5, 43, 90, 106], [180, 34, 96, 99, 21, 136, 254, 163, 23, 97, 6, 240, 175, 194, 204, 35, 96, 70, 129, 246, 65, 88, 236, 198, 183, 111, 255, 10, 23, 116, 196, 159], [205, 147, 52, 84, 198, 108, 131, 170, 226, 152, 199, 8, 156, 178, 67, 251, 60, 233, 65, 66, 140, 88, 28, 68, 28, 153, 39, 24, 27, 13, 199, 23], [230, 70, 101, 161, 241, 216, 83, 32, 209, 176, 62, 162, 85, 173, 45, 144, 47, 191, 162, 225, 55, 13, 150, 141, 69, 254, 11, 4, 229, 124, 208, 32], [14, 32, 66, 194, 71, 162, 134, 40, 112, 92, 87, 56, 2, 108, 250, 42, 170, 27, 18, 86, 57, 206, 73, 60, 116, 40, 218, 36, 174, 179, 184, 247], [97, 159, 56, 216, 87, 81, 149, 115, 252, 201, 23, 64, 161, 54, 122, 182, 12, 2, 182, 65, 106, 236, 146, 22, 177, 230, 6, 6, 98, 128, 172, 183], [8, 108, 222, 121, 69, 40, 235, 63, 33, 14, 42, 95, 91, 236, 134, 86, 12, 42, 62, 98, 240, 209, 231, 164, 254, 37, 138, 11, 100, 133, 97, 12], [209, 134, 138, 56, 68, 89, 217, 10, 140, 9, 200, 246, 111, 222, 65, 76, 230, 130, 236, 148, 192, 62, 56, 217, 10, 246, 240, 45, 252, 139, 13, 235], [235, 13, 169, 192, 88, 167, 179, 50, 23, 160, 142, 81, 146, 46, 215, 97, 237, 40, 171, 54, 217, 253, 27, 111, 116, 94, 94, 48, 246, 22, 96, 1], [124, 129, 14, 204, 184, 5, 116, 67, 93, 161, 29, 170, 152, 84, 43, 48, 111, 251, 191, 191, 31, 216, 138, 117, 134, 174, 208, 45, 75, 113, 111, 237], [42, 126, 119, 123, 52, 35, 190, 53, 122, 202, 242, 69, 203, 41, 170, 31, 201, 28, 165, 129, 80, 162, 21, 114, 254, 239, 5, 0, 225, 232, 38, 77], [20, 60, 10, 189, 57, 113, 169, 92, 8, 75, 39, 36, 107, 38, 93, 20, 117, 43, 130, 66, 102, 82, 166, 61, 88, 220, 43, 19, 163, 253, 32, 181], [94, 33, 66, 30, 157, 207, 85, 243, 43, 47, 105, 43, 8, 250, 117, 90, 0, 125, 150, 241, 166, 235, 106, 2, 121, 165, 242, 14, 61, 213, 5, 11], [9, 10, 97, 25, 4, 218, 196, 191, 236, 35, 66, 167, 164, 70, 236, 189, 205, 208, 79, 153, 95, 53, 65, 52, 11, 169, 53, 29, 164, 255, 91, 35], [184, 106, 222, 29, 240, 250, 27, 117, 101, 59, 24, 108, 85, 94, 11, 39, 182, 200, 185, 198, 130, 180, 198, 222, 249, 168, 113, 33, 231, 231, 167, 100], [43, 162, 119, 53, 237, 64, 244, 133, 208, 73, 214, 71, 114, 151, 138, 240, 5, 245, 63, 57, 95, 1, 249, 184, 58, 46, 83, 5, 100, 166, 0, 237], [150, 57, 9, 196, 174, 149, 107, 87, 204, 77, 37, 93, 245, 191, 151, 1, 157, 218, 31, 45, 172, 179, 164, 255, 51, 121, 26, 3, 249, 29, 129, 16], [14, 255, 165, 218, 216, 254, 76, 250, 159, 48, 62, 47, 253, 209, 48, 194, 180, 153, 137, 86, 54, 56, 8, 112, 161, 58, 228, 4, 227, 86, 124, 235], [127, 82, 23, 120, 222, 52, 6, 17, 197, 28, 92, 58, 104, 152, 233, 127, 25, 107, 48, 139, 125, 236, 140, 225, 62, 213, 73, 45, 8, 134, 230, 209], [78, 16, 167, 119, 40, 148, 242, 194, 246, 82, 112, 166, 123, 167, 85, 122, 170, 94, 214, 170, 95, 221, 13, 251, 120, 225, 99, 42, 211, 40, 150, 97], [109, 161, 216, 211, 114, 30, 250, 203, 203, 153, 160, 200, 185, 237, 110, 114, 138, 30, 125, 228, 148, 200, 8, 92, 37, 125, 152, 25, 132, 141, 120, 23], [142, 107, 159, 200, 152, 67, 180, 48, 249, 143, 12, 214, 152, 150, 81, 155, 107, 202, 143, 7, 206, 98, 200, 213, 233, 202, 101, 55, 116, 212, 230, 118], [169, 234, 71, 104, 26, 172, 119, 156, 197, 208, 224, 206, 163, 106, 18, 15, 44, 39, 211, 211, 148, 215, 40, 133, 77, 209, 203, 22, 6, 253, 25, 239], [115, 53, 201, 64, 194, 69, 21, 198, 63, 194, 202, 242, 135, 105, 206, 68, 181, 249, 197, 136, 145, 224, 238, 3, 242, 191, 68, 47, 21, 6, 129, 245], [229, 102, 207, 170, 228, 143, 41, 110, 104, 31, 37, 5, 227, 171, 198, 95, 164, 64, 57, 161, 128, 80, 192, 202, 74, 176, 185, 32, 58, 103, 97, 205], [20, 251, 118, 133, 73, 202, 83, 9, 253, 232, 215, 8, 9, 121, 10, 192, 232, 45, 74, 88, 95, 55, 203, 221, 140, 158, 221, 45, 50, 247, 251, 226], [48, 37, 81, 145, 168, 58, 72, 250, 40, 75, 92, 146, 122, 172, 186, 33, 18, 5, 23, 23, 169, 79, 113, 22, 40, 158, 170, 15, 149, 241, 48, 196], [235, 147, 214, 250, 7, 22, 190, 102, 216, 120, 244, 159, 254, 214, 83, 138, 116, 94, 217, 11, 65, 37, 110, 75, 139, 214, 73, 30, 130, 81, 99, 163], [151, 43, 51, 113, 175, 101, 148, 169, 6, 212, 147, 134, 61, 127, 166, 208, 18, 59, 214, 242, 63, 62, 23, 136, 79, 186, 14, 38, 9, 233, 161, 156], [134, 246, 89, 34, 132, 186, 113, 184, 83, 125, 125, 126, 234, 186, 157, 224, 54, 142, 176, 4, 106, 246, 60, 215, 175, 27, 189, 8, 197, 171, 25, 53], [127, 96, 237, 202, 221, 100, 221, 190, 138, 150, 237, 16, 32, 217, 218, 176, 163, 10, 122, 197, 233, 97, 26, 89, 35, 148, 85, 10, 22, 225, 57, 198], [57, 80, 185, 126, 159, 242, 202, 188, 212, 8, 168, 188, 234, 98, 2, 200, 154, 135, 170, 147, 172, 105, 45, 50, 240, 162, 39, 2, 150, 59, 110, 133], [89, 29, 55, 182, 41, 59, 113, 9, 108, 92, 1, 158, 76, 40, 127, 243, 80, 207, 57, 252, 205, 111, 174, 223, 208, 95, 85, 41, 148, 71, 50, 247], [158, 57, 210, 215, 184, 227, 247, 126, 112, 138, 170, 222, 248, 28, 198, 208, 200, 104, 15, 96, 151, 94, 146, 253, 95, 214, 244, 11, 177, 193, 14, 83], [189, 110, 233, 133, 99, 143, 0, 95, 37, 14, 128, 249, 16, 48, 2, 142, 101, 118, 22, 188, 91, 48, 131, 1, 162, 238, 14, 7, 27, 133, 226, 209], [76, 224, 218, 254, 61, 211, 45, 80, 95, 54, 18, 194, 107, 243, 3, 215, 234, 10, 188, 208, 175, 90, 253, 61, 37, 221, 185, 18, 166, 232, 6, 168], [230, 49, 58, 85, 176, 253, 198, 32, 143, 110, 6, 121, 81, 198, 57, 246, 181, 112, 182, 192, 50, 149, 49, 112, 65, 171, 124, 37, 240, 53, 251, 161], [137, 138, 252, 93, 25, 253, 29, 19, 103, 185, 65, 174, 138, 67, 174, 205, 166, 75, 191, 232, 16, 36, 123, 25, 49, 27, 112, 19, 161, 20, 118, 48], [48, 90, 230, 230, 220, 204, 170, 71, 2, 252, 122, 30, 12, 146, 71, 139, 0, 213, 153, 247, 246, 10, 0, 113, 49, 163, 231, 10, 79, 105, 219, 208], [243, 9, 72, 213, 94, 65, 211, 128, 165, 11, 87, 182, 191, 212, 198, 246, 234, 104, 10, 217, 239, 6, 52, 27, 86, 22, 191, 7, 84, 250, 43, 29], [127, 2, 173, 43, 118, 245, 212, 205, 6, 4, 47, 51, 32, 233, 113, 85, 49, 25, 26, 111, 55, 61, 44, 228, 229, 145, 254, 7, 152, 4, 212, 90], [243, 72, 214, 225, 88, 103, 121, 11, 153, 138, 51, 190, 8, 205, 230, 57, 24, 116, 50, 96, 22, 95, 178, 240, 3, 234, 61, 38, 243, 2, 81, 187], [151, 137, 115, 16, 23, 213, 156, 154, 138, 102, 82, 100, 61, 111, 15, 44, 133, 44, 54, 73, 242, 98, 5, 253, 140, 188, 101, 40, 246, 85, 144, 76], [204, 108, 154, 8, 85, 228, 67, 222, 109, 83, 253, 234, 20, 171, 112, 6, 248, 137, 85, 223, 2, 64, 60, 112, 83, 13, 167, 11, 66, 229, 130, 132], [182, 119, 248, 0, 244, 55, 20, 24, 57, 126, 231, 223, 49, 195, 92, 74, 122, 195, 206, 12, 47, 15, 105, 3, 45, 223, 157, 24, 113, 143, 228, 112], [182, 159, 50, 234, 65, 170, 255, 173, 254, 61, 201, 95, 100, 214, 250, 90, 192, 107, 241, 133, 107, 118, 137, 92, 22, 40, 50, 17, 5, 24, 250, 83], [96, 20, 40, 59, 153, 146, 93, 80, 88, 236, 153, 183, 43, 149, 36, 55, 60, 130, 129, 171, 250, 144, 200, 221, 69, 111, 198, 23, 178, 91, 141, 81], [99, 166, 137, 75, 153, 58, 70, 85, 252, 231, 218, 158, 3, 59, 73, 64, 64, 74, 90, 204, 148, 208, 50, 182, 171, 52, 57, 16, 49, 210, 148, 158], [176, 222, 67, 58, 113, 76, 149, 5, 47, 19, 181, 27, 118, 170, 34, 48, 115, 119, 112, 79, 141, 57, 234, 188, 50, 17, 126, 7, 132, 42, 87, 10], [135, 70, 43, 122, 198, 74, 110, 22, 95, 4, 163, 248, 34, 61, 152, 54, 80, 55, 103, 120, 62, 3, 7, 220, 254, 242, 237, 37, 22, 43, 232, 57], [102, 173, 220, 1, 28, 126, 220, 98, 98, 87, 204, 123, 231, 173, 94, 81, 67, 206, 223, 104, 156, 102, 71, 36, 64, 61, 230, 40, 189, 26, 215, 150], [211, 32, 247, 214, 52, 213, 166, 116, 95, 154, 188, 129, 49, 225, 3, 15, 106, 34, 202, 43, 218, 219, 76, 109, 220, 206, 147, 19, 190, 45, 15, 165], [119, 183, 117, 18, 206, 202, 2, 65, 81, 9, 16, 169, 11, 63, 66, 129, 140, 55, 242, 174, 59, 147, 192, 26, 45, 134, 161, 9, 166, 169, 181, 24], [172, 119, 81, 27, 225, 100, 247, 77, 235, 107, 123, 64, 52, 93, 6, 2, 92, 189, 185, 20, 30, 152, 44, 56, 201, 179, 133, 17, 137, 207, 109, 51], [159, 212, 170, 41, 191, 255, 110, 39, 64, 97, 113, 238, 81, 25, 63, 0, 42, 14, 94, 9, 238, 12, 113, 198, 69, 200, 194, 38, 254, 184, 9, 237], [117, 117, 170, 12, 34, 213, 68, 189, 32, 173, 4, 41, 47, 69, 70, 178, 136, 73, 195, 116, 159, 185, 148, 21, 180, 50, 64, 41, 149, 235, 232, 49], [55, 122, 250, 163, 132, 6, 102, 152, 184, 119, 23, 37, 44, 34, 5, 183, 178, 96, 187, 189, 95, 20, 66, 130, 228, 81, 124, 41, 153, 53, 3, 108], [64, 169, 201, 46, 113, 50, 1, 160, 5, 224, 36, 184, 184, 210, 81, 81, 143, 96, 248, 111, 128, 72, 127, 46, 128, 114, 44, 40, 178, 17, 148, 166], [223, 17, 38, 152, 8, 196, 11, 208, 216, 242, 105, 114, 49, 54, 124, 202, 3, 229, 148, 250, 201, 139, 239, 94, 142, 252, 231, 6, 111, 154, 206, 104], [10, 230, 25, 14, 209, 219, 98, 198, 125, 19, 187, 209, 8, 50, 255, 11, 191, 11, 142, 6, 222, 132, 249, 103, 229, 47, 194, 35, 33, 60, 184, 132], [100, 156, 6, 181, 67, 39, 165, 88, 35, 162, 179, 203, 60, 207, 68, 53, 237, 211, 203, 123, 151, 31, 99, 190, 1, 0, 139, 34, 26, 199, 181, 154], [24, 234, 50, 41, 213, 95, 205, 43, 133, 168, 145, 66, 221, 148, 147, 7, 6, 152, 63, 242, 90, 135, 181, 67, 241, 91, 180, 44, 38, 193, 196, 83], [178, 239, 25, 135, 73, 163, 204, 15, 110, 200, 205, 203, 32, 137, 60, 76, 201, 113, 132, 60, 146, 128, 206, 34, 113, 78, 217, 13, 101, 139, 70, 114], [115, 173, 35, 79, 91, 160, 27, 252, 76, 203, 94, 74, 17, 171, 102, 68, 28, 64, 42, 126, 254, 53, 55, 167, 207, 148, 53, 23, 159, 219, 82, 28], [20, 99, 134, 106, 99, 44, 244, 98, 226, 230, 4, 69, 40, 223, 8, 39, 106, 233, 129, 245, 2, 158, 246, 26, 158, 189, 28, 39, 208, 207, 92, 141], [225, 243, 124, 220, 239, 99, 104, 130, 40, 222, 120, 55, 230, 112, 254, 112, 144, 147, 197, 159, 134, 70, 128, 125, 245, 166, 5, 27, 168, 33, 42, 188], [2, 41, 154, 209, 41, 158, 125, 5, 175, 131, 124, 82, 53, 121, 120, 90, 76, 92, 206, 194, 38, 2, 59, 198, 212, 144, 71, 9, 248, 210, 176, 167], [28, 147, 104, 87, 6, 221, 166, 47, 143, 197, 63, 69, 186, 5, 220, 102, 149, 79, 198, 241, 38, 144, 47, 157, 146, 158, 34, 45, 162, 220, 220, 102], [134, 19, 246, 62, 31, 120, 199, 68, 219, 105, 223, 190, 95, 183, 17, 204, 57, 140, 149, 22, 227, 17, 69, 50, 143, 188, 163, 4, 28, 78, 246, 40], [245, 140, 110, 34, 71, 143, 169, 7, 205, 25, 187, 82, 1, 21, 212, 236, 116, 108, 11, 59, 86, 221, 138, 61, 72, 135, 10, 51, 165, 32, 160, 113], [144, 120, 42, 253, 109, 82, 170, 35, 182, 0, 162, 216, 253, 160, 111, 181, 124, 185, 186, 161, 70, 142, 236, 174, 227, 145, 192, 43, 11, 229, 175, 180], [13, 130, 135, 127, 95, 194, 127, 130, 72, 178, 58, 39, 24, 228, 231, 207, 179, 13, 106, 76, 244, 91, 143, 202, 82, 104, 102, 23, 119, 194, 149, 132], [203, 135, 168, 141, 217, 195, 124, 160, 169, 91, 54, 170, 199, 186, 32, 199, 78, 46, 27, 123, 223, 96, 144, 69, 222, 198, 202, 46, 125, 162, 176, 164], [121, 85, 177, 255, 14, 170, 214, 185, 209, 113, 89, 208, 53, 226, 137, 217, 113, 234, 36, 21, 144, 239, 83, 218, 247, 101, 246, 27, 208, 58, 231, 83], [75, 4, 120, 174, 179, 6, 245, 199, 231, 14, 75, 237, 149, 157, 96, 186, 103, 23, 53, 61, 74, 63, 161, 155, 148, 135, 153, 1, 33, 207, 222, 201], [38, 187, 208, 40, 56, 18, 33, 4, 31, 6, 133, 29, 197, 42, 33, 7, 45, 71, 100, 201, 119, 96, 45, 53, 97, 163, 196, 44, 255, 104, 64, 3], [101, 9, 190, 252, 87, 96, 215, 151, 38, 235, 94, 174, 117, 101, 136, 154, 148, 1, 2, 33, 38, 221, 78, 228, 30, 144, 149, 6, 32, 1, 36, 90], [163, 32, 175, 161, 237, 59, 124, 226, 57, 155, 249, 141, 122, 84, 229, 140, 52, 87, 26, 11, 18, 123, 7, 241, 9, 34, 218, 54, 72, 148, 60, 213], [177, 130, 98, 63, 53, 106, 154, 208, 106, 127, 34, 233, 231, 242, 248, 230, 33, 68, 78, 151, 3, 195, 226, 252, 83, 190, 206, 41, 159, 241, 50, 225], [171, 70, 194, 1, 48, 64, 221, 33, 138, 109, 42, 75, 223, 65, 162, 25, 64, 47, 228, 162, 85, 78, 251, 133, 243, 186, 88, 39, 47, 243, 252, 61], [150, 182, 190, 26, 237, 17, 81, 23, 222, 23, 209, 130, 48, 238, 184, 164, 25, 15, 8, 9, 138, 93, 247, 160, 65, 33, 180, 18, 94, 171, 254, 190], [229, 3, 61, 31, 241, 184, 199, 212, 10, 32, 217, 100, 97, 31, 252, 187, 24, 248, 151, 40, 221, 78, 16, 139, 83, 128, 51, 41, 24, 10, 128, 154], [128, 213, 97, 33, 160, 184, 32, 81, 179, 82, 176, 20, 45, 106, 200, 220, 156, 54, 72, 175, 159, 66, 58, 64, 49, 45, 176, 29, 73, 213, 7, 59], [253, 25, 153, 176, 13, 198, 43, 246, 70, 131, 202, 200, 169, 0, 34, 195, 32, 66, 24, 233, 103, 50, 40, 246, 95, 27, 178, 13, 149, 185, 205, 44], [36, 15, 82, 173, 182, 203, 218, 9, 12, 161, 110, 152, 219, 243, 35, 196, 29, 109, 141, 146, 75, 143, 70, 98, 209, 42, 164, 12, 50, 84, 144, 35], [142, 136, 60, 147, 148, 97, 160, 83, 228, 142, 175, 246, 115, 122, 51, 176, 108, 202, 66, 170, 20, 210, 46, 101, 49, 76, 255, 13, 178, 67, 175, 171], [242, 124, 206, 142, 214, 254, 150, 94, 133, 201, 18, 255, 129, 100, 93, 189, 152, 216, 194, 37, 222, 16, 235, 126, 161, 35, 192, 35, 151, 60, 50, 109], [13, 113, 38, 160, 50, 139, 178, 185, 98, 68, 209, 161, 126, 64, 228, 107, 202, 207, 141, 96, 149, 0, 171, 13, 192, 29, 203, 28, 182, 78, 168, 184], [15, 85, 236, 148, 225, 19, 87, 242, 214, 26, 182, 210, 213, 26, 48, 243, 186, 129, 108, 178, 111, 161, 150, 228, 255, 72, 99, 3, 190, 237, 1, 89], [6, 117, 7, 183, 134, 251, 181, 81, 162, 156, 141, 218, 15, 152, 70, 181, 50, 30, 19, 87, 11, 240, 178, 125, 175, 159, 250, 24, 145, 174, 212, 31], [7, 55, 52, 167, 171, 182, 26, 118, 186, 79, 203, 196, 135, 61, 81, 142, 251, 195, 227, 5, 186, 254, 154, 252, 114, 5, 1, 45, 60, 157, 42, 60], [95, 204, 29, 100, 216, 41, 154, 139, 212, 13, 31, 194, 155, 153, 64, 17, 129, 224, 118, 67, 104, 212, 37, 202, 141, 254, 240, 27, 253, 251, 14, 104], [198, 156, 102, 165, 187, 173, 103, 247, 149, 7, 40, 74, 93, 63, 43, 138, 141, 145, 104, 53, 50, 180, 201, 166, 106, 179, 165, 43, 145, 91, 183, 116], [65, 212, 48, 172, 82, 191, 196, 21, 63, 255, 185, 105, 120, 173, 139, 234, 150, 149, 191, 22, 125, 203, 44, 221, 186, 98, 180, 8, 74, 1, 110, 112], [80, 239, 185, 150, 209, 28, 10, 113, 251, 98, 89, 77, 0, 25, 86, 247, 40, 180, 231, 130, 247, 235, 103, 58, 8, 155, 190, 4, 36, 145, 225, 202], [243, 174, 228, 22, 12, 193, 204, 149, 40, 102, 185, 190, 7, 143, 240, 114, 95, 214, 212, 191, 165, 193, 5, 227, 105, 206, 105, 6, 231, 230, 108, 43], [214, 225, 182, 222, 109, 225, 198, 179, 186, 189, 190, 65, 202, 123, 134, 152, 188, 72, 53, 218, 177, 80, 161, 29, 154, 179, 195, 32, 43, 221, 171, 26], [136, 170, 172, 80, 156, 214, 212, 78, 240, 51, 147, 96, 209, 59, 235, 204, 89, 185, 253, 78, 73, 134, 203, 3, 18, 61, 59, 7, 96, 22, 16, 173], [64, 170, 105, 93, 31, 233, 170, 180, 214, 172, 194, 85, 147, 220, 250, 232, 249, 252, 26, 222, 119, 79, 144, 195, 216, 154, 160, 15, 23, 48, 87, 47], [50, 23, 93, 188, 186, 119, 59, 169, 126, 199, 25, 199, 126, 221, 171, 196, 230, 14, 34, 150, 63, 36, 13, 51, 78, 20, 123, 35, 42, 140, 98, 216], [108, 128, 110, 10, 146, 191, 170, 56, 185, 75, 125, 8, 30, 94, 206, 24, 192, 49, 188, 45, 135, 129, 3, 114, 94, 78, 60, 17, 159, 239, 32, 167], [137, 28, 224, 220, 45, 174, 30, 142, 236, 174, 28, 4, 196, 191, 144, 150, 28, 47, 139, 168, 191, 88, 82, 124, 5, 70, 29, 31, 29, 113, 26, 0], [170, 11, 178, 49, 251, 10, 199, 47, 216, 30, 4, 143, 63, 250, 178, 104, 246, 19, 148, 138, 162, 30, 46, 111, 20, 0, 40, 31, 240, 12, 1, 255], [177, 238, 91, 147, 229, 233, 6, 228, 90, 117, 9, 100, 68, 15, 48, 171, 56, 228, 153, 47, 42, 15, 212, 199, 70, 138, 227, 39, 61, 50, 13, 248], [2, 133, 90, 15, 214, 249, 133, 58, 34, 208, 120, 235, 216, 194, 165, 218, 125, 242, 232, 117, 149, 141, 204, 36, 145, 174, 11, 3, 87, 224, 53, 179], [38, 216, 68, 218, 137, 243, 9, 239, 34, 60, 224, 121, 176, 61, 139, 254, 14, 255, 168, 143, 5, 133, 87, 156, 179, 189, 67, 21, 10, 203, 111, 224], [19, 7, 198, 44, 183, 208, 235, 45, 111, 154, 8, 172, 132, 149, 219, 166, 56, 83, 103, 66, 148, 18, 101, 188, 225, 159, 88, 45, 78, 126, 11, 149], [58, 13, 115, 148, 145, 106, 197, 215, 116, 177, 219, 154, 90, 197, 177, 171, 157, 235, 223, 68, 171, 129, 200, 113, 108, 189, 150, 19, 160, 71, 26, 87], [250, 144, 208, 164, 17, 57, 94, 214, 198, 6, 189, 213, 96, 58, 39, 169, 106, 49, 224, 42, 69, 101, 141, 248, 225, 17, 53, 6, 220, 37, 67, 147], [57, 255, 121, 162, 123, 166, 17, 35, 237, 248, 210, 56, 122, 43, 15, 89, 131, 210, 138, 185, 251, 234, 42, 71, 121, 236, 121, 24, 167, 181, 98, 129], [28, 251, 79, 151, 123, 145, 19, 146, 202, 99, 196, 193, 252, 29, 90, 216, 75, 20, 112, 141, 228, 58, 164, 232, 144, 60, 47, 42, 91, 52, 209, 17], [15, 214, 13, 220, 91, 127, 241, 121, 131, 218, 98, 108, 55, 217, 77, 75, 9, 137, 158, 172, 249, 91, 167, 21, 1, 60, 36, 34, 73, 62, 233, 131], [142, 52, 206, 137, 32, 171, 215, 98, 107, 34, 166, 130, 143, 126, 194, 205, 130, 241, 162, 46, 70, 182, 86, 129, 87, 136, 138, 12, 205, 134, 63, 106], [79, 235, 148, 37, 224, 3, 101, 113, 220, 224, 38, 123, 202, 154, 101, 65, 163, 167, 185, 57, 41, 252, 40, 30, 6, 17, 167, 35, 254, 190, 147, 84], [136, 87, 82, 178, 108, 31, 154, 5, 38, 72, 219, 20, 206, 217, 190, 179, 51, 84, 173, 137, 227, 233, 218, 95, 27, 198, 217, 35, 117, 100, 81, 160], [77, 69, 21, 231, 164, 108, 250, 247, 33, 44, 65, 13, 80, 107, 193, 171, 61, 143, 58, 253, 62, 199, 141, 233, 71, 95, 33, 25, 125, 202, 32, 173], [221, 98, 138, 106, 194, 36, 23, 194, 204, 100, 111, 18, 14, 16, 234, 55, 188, 136, 77, 222, 237, 90, 173, 186, 99, 51, 244, 5, 38, 145, 242, 84], [110, 64, 166, 128, 154, 166, 159, 104, 1, 11, 254, 138, 232, 24, 63, 3, 188, 193, 117, 32, 221, 190, 21, 201, 62, 150, 247, 11, 202, 50, 92, 43], [57, 41, 150, 209, 202, 165, 90, 166, 196, 5, 18, 133, 79, 72, 151, 73, 250, 188, 2, 218, 59, 69, 132, 38, 15, 27, 112, 42, 1, 53, 169, 252], [211, 168, 97, 68, 245, 175, 165, 147, 177, 24, 192, 157, 148, 6, 95, 165, 92, 73, 5, 65, 33, 121, 124, 27, 23, 212, 48, 41, 105, 68, 46, 125], [2, 128, 98, 99, 208, 123, 108, 254, 155, 119, 193, 99, 174, 51, 67, 90, 208, 200, 105, 221, 97, 173, 90, 118, 162, 148, 134, 9, 131, 201, 48, 185], [33, 121, 3, 185, 158, 179, 222, 180, 217, 154, 45, 15, 83, 16, 199, 149, 39, 114, 147, 164, 42, 74, 155, 77, 111, 198, 223, 17, 222, 184, 78, 91], [20, 12, 190, 216, 188, 78, 5, 106, 245, 242, 191, 51, 175, 36, 62, 39, 230, 124, 230, 218, 199, 242, 214, 106, 208, 185, 221, 38, 98, 185, 236, 115], [163, 167, 210, 227, 72, 55, 171, 37, 22, 180, 51, 135, 128, 224, 232, 129, 85, 247, 239, 11, 143, 60, 238, 66, 213, 250, 113, 11, 177, 57, 92, 32], [75, 151, 171, 69, 225, 18, 215, 206, 66, 240, 152, 229, 124, 18, 42, 136, 74, 180, 118, 72, 23, 55, 29, 176, 191, 220, 187, 5, 16, 93, 132, 11], [64, 154, 250, 156, 172, 128, 119, 165, 100, 199, 36, 95, 76, 143, 118, 115, 168, 114, 228, 99, 150, 144, 132, 18, 19, 8, 113, 33, 150, 195, 32, 184], [203, 244, 116, 246, 171, 183, 154, 153, 78, 122, 232, 177, 224, 69, 87, 249, 107, 145, 217, 111, 18, 105, 20, 49, 179, 113, 168, 42, 188, 111, 36, 197], [205, 213, 142, 203, 252, 171, 192, 129, 120, 149, 43, 149, 79, 5, 174, 43, 107, 65, 27, 19, 149, 237, 99, 129, 86, 107, 134, 22, 137, 145, 241, 159], [95, 18, 67, 19, 203, 220, 53, 189, 251, 130, 170, 198, 24, 70, 41, 64, 41, 101, 160, 23, 122, 185, 95, 174, 5, 43, 50, 4, 122, 232, 98, 89], [241, 197, 240, 27, 123, 83, 28, 66, 169, 135, 81, 50, 254, 105, 244, 92, 247, 154, 46, 46, 198, 136, 204, 135, 63, 67, 165, 42, 190, 107, 139, 56], [183, 121, 221, 40, 194, 237, 59, 171, 149, 231, 214, 208, 68, 18, 88, 65, 141, 224, 175, 160, 175, 230, 209, 50, 109, 35, 50, 44, 185, 50, 245, 109], [57, 207, 145, 164, 77, 246, 242, 59, 134, 141, 172, 79, 222, 65, 84, 127, 39, 149, 165, 24, 157, 156, 130, 45, 236, 32, 14, 36, 25, 243, 118, 199], [201, 170, 110, 175, 55, 184, 63, 22, 211, 8, 140, 192, 200, 241, 246, 96, 53, 254, 8, 179, 96, 217, 233, 112, 149, 53, 186, 21, 10, 194, 108, 91], [182, 188, 57, 101, 185, 43, 100, 60, 200, 26, 244, 137, 105, 4, 156, 44, 48, 202, 45, 59, 156, 229, 154, 191, 135, 151, 152, 20, 46, 10, 6, 17], [77, 225, 177, 140, 85, 18, 50, 82, 190, 97, 245, 214, 148, 102, 138, 32, 129, 71, 71, 5, 201, 198, 71, 112, 221, 24, 170, 26, 41, 9, 191, 147], [221, 102, 201, 76, 166, 142, 28, 245, 22, 90, 157, 15, 71, 225, 127, 28, 46, 166, 114, 20, 70, 38, 30, 196, 187, 60, 173, 30, 17, 129, 100, 113], [148, 232, 159, 137, 120, 158, 68, 158, 200, 244, 72, 105, 15, 170, 39, 163, 197, 63, 5, 66, 240, 15, 213, 98, 170, 90, 23, 37, 83, 118, 148, 104], [181, 66, 187, 163, 225, 219, 249, 5, 220, 122, 233, 111, 106, 14, 17, 95, 251, 79, 192, 142, 163, 144, 238, 166, 5, 62, 144, 21, 54, 124, 24, 103], [130, 163, 128, 178, 20, 44, 45, 202, 200, 117, 56, 46, 78, 174, 89, 222, 240, 5, 75, 118, 57, 144, 92, 126, 200, 243, 76, 11, 174, 75, 206, 162], [86, 234, 181, 97, 217, 210, 132, 40, 168, 173, 90, 128, 119, 62, 140, 243, 237, 237, 187, 140, 99, 238, 40, 123, 177, 164, 175, 17, 227, 172, 129, 201], [189, 68, 64, 166, 94, 59, 157, 249, 36, 237, 133, 57, 251, 54, 219, 25, 77, 214, 18, 43, 28, 159, 158, 165, 166, 157, 198, 26, 242, 238, 208, 30], [162, 35, 42, 161, 130, 42, 83, 196, 142, 249, 102, 136, 79, 146, 142, 115, 237, 31, 15, 107, 92, 54, 157, 157, 8, 187, 238, 27, 100, 80, 251, 14], [89, 71, 224, 149, 46, 143, 212, 110, 108, 125, 251, 93, 98, 33, 166, 103, 105, 111, 61, 141, 13, 1, 147, 59, 204, 176, 157, 21, 52, 190, 47, 200], [18, 18, 171, 121, 100, 111, 45, 50, 183, 43, 46, 124, 103, 46, 113, 230, 247, 252, 101, 70, 250, 156, 170, 237, 141, 167, 189, 42, 210, 120, 184, 112], [111, 73, 65, 222, 250, 205, 42, 103, 17, 43, 74, 88, 85, 41, 218, 211, 172, 253, 85, 140, 239, 104, 117, 0, 149, 160, 229, 30, 224, 111, 24, 44], [64, 159, 89, 250, 189, 247, 163, 219, 65, 219, 71, 244, 110, 139, 153, 62, 179, 207, 244, 214, 114, 143, 214, 40, 251, 98, 219, 35, 117, 132, 196, 103], [167, 66, 223, 93, 146, 252, 70, 1, 128, 63, 55, 63, 8, 47, 167, 173, 9, 72, 250, 43, 58, 55, 188, 224, 221, 173, 126, 17, 90, 201, 76, 10], [195, 166, 199, 95, 210, 198, 192, 47, 138, 17, 35, 249, 155, 107, 26, 75, 215, 245, 241, 82, 40, 88, 222, 106, 253, 156, 142, 34, 133, 219, 37, 207], [215, 123, 243, 32, 34, 253, 216, 198, 163, 151, 139, 200, 174, 84, 204, 68, 52, 170, 91, 104, 104, 75, 207, 82, 207, 71, 138, 35, 189, 123, 228, 37], [178, 96, 125, 224, 171, 245, 114, 203, 157, 155, 51, 187, 140, 100, 22, 5, 52, 17, 141, 226, 232, 210, 19, 76, 207, 233, 54, 9, 194, 33, 87, 9], [63, 16, 45, 27, 107, 205, 152, 161, 237, 210, 245, 206, 174, 3, 181, 60, 130, 155, 244, 79, 193, 84, 98, 142, 163, 6, 218, 12, 156, 8, 204, 195], [162, 232, 167, 241, 65, 221, 178, 234, 184, 193, 83, 54, 240, 228, 230, 191, 139, 121, 224, 246, 33, 243, 61, 136, 15, 198, 189, 8, 123, 251, 172, 54], [162, 121, 220, 115, 78, 20, 182, 136, 86, 197, 247, 232, 237, 192, 97, 120, 238, 84, 92, 171, 34, 217, 8, 53, 67, 18, 37, 17, 242, 201, 110, 43], [93, 29, 184, 18, 127, 7, 17, 140, 124, 9, 155, 56, 74, 181, 66, 35, 193, 44, 103, 141, 211, 145, 130, 203, 222, 37, 238, 8, 204, 1, 208, 161], [116, 18, 68, 200, 62, 182, 187, 223, 58, 165, 137, 174, 111, 151, 31, 9, 200, 240, 243, 12, 7, 199, 40, 172, 47, 60, 63, 31, 245, 41, 119, 156], [38, 244, 190, 155, 18, 206, 87, 45, 204, 101, 158, 155, 84, 223, 192, 52, 35, 190, 183, 160, 213, 136, 212, 172, 102, 83, 38, 8, 110, 20, 191, 225], [152, 85, 233, 119, 146, 100, 234, 2, 105, 215, 183, 57, 78, 95, 239, 191, 185, 213, 153, 30, 202, 24, 63, 252, 5, 119, 226, 33, 235, 82, 248, 6], [211, 47, 75, 157, 22, 163, 129, 232, 121, 33, 173, 26, 79, 225, 40, 158, 64, 195, 86, 116, 196, 0, 83, 167, 229, 246, 7, 27, 217, 232, 189, 246], [125, 54, 55, 196, 250, 101, 135, 101, 40, 147, 201, 93, 15, 249, 145, 193, 252, 111, 182, 153, 95, 135, 242, 228, 108, 215, 129, 14, 88, 232, 80, 189], [230, 131, 184, 159, 69, 233, 210, 26, 250, 190, 143, 239, 162, 173, 21, 45, 200, 130, 227, 185, 9, 87, 45, 103, 150, 201, 86, 14, 122, 130, 238, 62], [32, 46, 166, 190, 78, 218, 71, 200, 232, 210, 49, 159, 211, 6, 242, 67, 182, 139, 2, 6, 11, 146, 223, 2, 206, 120, 227, 38, 113, 220, 189, 246], [152, 43, 187, 2, 88, 96, 105, 217, 23, 137, 17, 174, 151, 97, 116, 252, 107, 51, 74, 212, 96, 92, 65, 147, 176, 176, 144, 9, 205, 122, 142, 153], [246, 93, 122, 125, 62, 240, 41, 160, 168, 151, 79, 248, 137, 81, 143, 61, 0, 186, 77, 178, 30, 14, 82, 222, 164, 213, 128, 9, 62, 157, 244, 69], [239, 207, 219, 112, 136, 107, 44, 159, 115, 43, 69, 65, 203, 215, 68, 23, 254, 111, 237, 211, 131, 206, 93, 48, 112, 26, 22, 14, 111, 73, 80, 179], [167, 140, 146, 125, 27, 4, 248, 45, 89, 136, 213, 110, 214, 34, 93, 83, 171, 113, 58, 234, 185, 241, 6, 102, 122, 54, 194, 30, 157, 209, 183, 129], [235, 220, 67, 247, 74, 57, 124, 121, 21, 155, 252, 165, 148, 151, 208, 88, 165, 116, 42, 200, 160, 92, 163, 94, 45, 11, 103, 9, 216, 179, 44, 37], [111, 255, 141, 190, 113, 198, 121, 58, 56, 226, 171, 40, 135, 53, 36, 46, 11, 212, 21, 206, 111, 174, 42, 123, 248, 23, 162, 17, 71, 227, 100, 193], [254, 217, 23, 38, 150, 167, 177, 186, 251, 38, 48, 194, 90, 91, 242, 102, 245, 55, 1, 176, 180, 16, 67, 233, 185, 80, 40, 20, 164, 22, 78, 236], [7, 104, 72, 38, 106, 124, 140, 48, 214, 239, 202, 82, 116, 147, 22, 116, 238, 217, 34, 201, 77, 239, 122, 233, 129, 124, 168, 37, 35, 161, 46, 137], [216, 41, 247, 24, 110, 228, 160, 13, 168, 178, 245, 242, 78, 84, 150, 88, 204, 61, 220, 201, 234, 133, 189, 233, 13, 228, 61, 4, 163, 230, 46, 236], [14, 36, 216, 21, 35, 78, 229, 55, 187, 122, 182, 68, 233, 196, 106, 13, 200, 107, 45, 239, 219, 176, 182, 247, 240, 209, 187, 10, 139, 104, 72, 223], [158, 71, 66, 91, 144, 239, 138, 248, 103, 92, 131, 89, 55, 44, 208, 170, 43, 180, 182, 17, 208, 199, 199, 58, 46, 195, 164, 1, 37, 97, 24, 234], [224, 173, 115, 57, 213, 116, 116, 172, 59, 226, 80, 187, 92, 198, 163, 209, 104, 116, 175, 251, 160, 31, 235, 130, 244, 227, 142, 34, 111, 107, 138, 146], [153, 117, 74, 175, 132, 249, 82, 71, 133, 37, 94, 243, 112, 41, 7, 246, 115, 213, 117, 139, 195, 69, 132, 170, 162, 184, 9, 9, 34, 156, 100, 238], [53, 222, 172, 2, 184, 85, 253, 187, 85, 136, 48, 220, 0, 146, 221, 175, 77, 209, 160, 188, 136, 128, 70, 94, 126, 106, 213, 13, 218, 101, 157, 228], [95, 234, 237, 31, 247, 218, 216, 45, 81, 205, 27, 148, 133, 165, 141, 63, 60, 14, 248, 108, 41, 198, 118, 216, 161, 124, 164, 12, 25, 101, 163, 240], [66, 223, 29, 135, 44, 118, 164, 243, 221, 212, 80, 232, 73, 31, 178, 164, 148, 129, 24, 8, 10, 147, 172, 226, 187, 49, 200, 41, 133, 63, 230, 144], [209, 229, 1, 114, 247, 124, 79, 33, 215, 61, 192, 123, 235, 179, 196, 107, 105, 19, 26, 103, 241, 225, 246, 8, 119, 92, 126, 43, 46, 152, 217, 231], [211, 172, 2, 181, 96, 84, 205, 116, 179, 149, 48, 175, 19, 57, 207, 220, 33, 196, 55, 176, 31, 13, 133, 254, 182, 28, 156, 6, 108, 127, 252, 221], [219, 167, 99, 113, 97, 170, 94, 55, 85, 247, 133, 213, 1, 167, 47, 13, 147, 253, 101, 134, 200, 4, 32, 2, 16, 153, 193, 31, 133, 237, 98, 164], [202, 103, 76, 30, 118, 165, 103, 54, 112, 98, 218, 119, 52, 96, 190, 133, 105, 203, 234, 35, 217, 46, 33, 224, 31, 246, 214, 11, 223, 251, 198, 46], [82, 169, 72, 56, 246, 104, 131, 224, 198, 57, 16, 73, 221, 145, 126, 253, 113, 214, 239, 205, 98, 16, 34, 244, 40, 40, 49, 31, 194, 15, 26, 52], [76, 36, 212, 29, 23, 37, 10, 50, 33, 8, 167, 31, 41, 248, 194, 251, 76, 122, 101, 148, 80, 113, 16, 1, 83, 88, 141, 36, 169, 206, 163, 223], [174, 235, 60, 40, 193, 91, 60, 176, 112, 228, 198, 147, 64, 15, 18, 98, 22, 249, 55, 238, 207, 229, 64, 118, 57, 140, 180, 15, 68, 108, 50, 176], [184, 31, 68, 160, 129, 31, 136, 73, 32, 104, 152, 41, 234, 24, 164, 102, 31, 231, 185, 133, 114, 203, 253, 182, 233, 176, 229, 41, 15, 193, 207, 65], [114, 90, 117, 111, 26, 90, 117, 201, 70, 142, 117, 143, 99, 170, 0, 169, 247, 148, 116, 238, 50, 223, 30, 112, 40, 122, 114, 9, 3, 145, 74, 40], [94, 108, 220, 155, 11, 171, 233, 30, 113, 2, 233, 109, 115, 63, 221, 26, 151, 94, 150, 50, 183, 212, 51, 42, 137, 157, 126, 6, 32, 106, 239, 83], [189, 67, 86, 234, 218, 107, 167, 210, 14, 50, 138, 120, 155, 84, 230, 213, 46, 154, 5, 200, 160, 244, 53, 201, 37, 238, 162, 30, 22, 117, 207, 173], [123, 192, 201, 85, 64, 195, 113, 215, 10, 181, 241, 173, 126, 82, 97, 142, 188, 238, 169, 154, 167, 209, 156, 63, 137, 226, 204, 15, 79, 88, 192, 205], [153, 174, 135, 66, 58, 171, 252, 12, 239, 66, 84, 152, 138, 15, 10, 243, 224, 234, 253, 248, 243, 159, 202, 247, 18, 91, 147, 30, 49, 136, 173, 42], [155, 203, 86, 230, 76, 7, 0, 145, 134, 181, 143, 233, 222, 5, 32, 243, 249, 86, 166, 29, 130, 206, 148, 161, 233, 107, 151, 32, 113, 28, 119, 105], [20, 31, 59, 188, 149, 0, 70, 169, 218, 247, 65, 22, 154, 183, 18, 61, 50, 27, 154, 158, 170, 61, 232, 196, 218, 19, 86, 46, 193, 183, 90, 111], [56, 167, 111, 97, 154, 229, 115, 172, 159, 218, 117, 235, 248, 151, 29, 212, 214, 174, 254, 102, 156, 4, 122, 223, 47, 52, 202, 28, 29, 77, 43, 72], [139, 167, 98, 182, 227, 197, 73, 107, 93, 190, 249, 188, 167, 250, 108, 1, 184, 136, 27, 176, 119, 43, 39, 170, 143, 13, 124, 15, 134, 69, 34, 105], [222, 228, 176, 218, 242, 228, 253, 187, 241, 143, 11, 172, 100, 192, 99, 173, 223, 150, 81, 81, 141, 155, 183, 1, 67, 26, 154, 19, 159, 123, 136, 44], [88, 56, 25, 221, 236, 228, 224, 131, 109, 220, 194, 44, 113, 131, 116, 25, 211, 133, 202, 136, 7, 245, 25, 114, 60, 10, 125, 8, 19, 58, 95, 11], [72, 192, 25, 5, 252, 188, 123, 18, 81, 133, 128, 39, 21, 151, 147, 83, 153, 136, 247, 237, 197, 7, 148, 139, 238, 30, 145, 37, 190, 29, 246, 71], [54, 151, 206, 99, 247, 246, 120, 131, 88, 186, 172, 161, 229, 45, 27, 3, 120, 195, 120, 30, 86, 53, 1, 63, 73, 12, 167, 42, 52, 195, 29, 205], [206, 203, 6, 55, 145, 13, 246, 85, 64, 229, 0, 112, 72, 193, 237, 45, 29, 189, 88, 202, 99, 152, 157, 85, 132, 47, 211, 10, 114, 17, 3, 66], [15, 47, 184, 133, 60, 174, 127, 17, 43, 79, 101, 155, 21, 0, 204, 167, 68, 120, 0, 209, 146, 173, 130, 253, 133, 194, 23, 27, 217, 14, 92, 151], [116, 225, 224, 250, 84, 32, 9, 149, 8, 244, 87, 122, 10, 120, 251, 196, 202, 236, 76, 234, 47, 177, 135, 221, 210, 12, 181, 29, 188, 29, 184, 209], [48, 205, 25, 14, 210, 144, 134, 57, 126, 50, 79, 153, 223, 154, 233, 58, 162, 122, 221, 200, 109, 123, 146, 23, 122, 162, 241, 8, 110, 238, 32, 65], [162, 170, 63, 65, 56, 170, 104, 211, 136, 118, 41, 29, 83, 224, 133, 188, 235, 88, 3, 206, 249, 238, 169, 3, 160, 65, 175, 18, 116, 216, 198, 10], [138, 9, 102, 126, 182, 185, 95, 91, 144, 123, 76, 234, 236, 202, 21, 51, 124, 61, 119, 92, 73, 53, 22, 152, 166, 238, 30, 20, 50, 128, 37, 110], [223, 225, 215, 174, 22, 184, 234, 184, 123, 196, 2, 59, 135, 1, 53, 62, 99, 194, 242, 252, 20, 144, 21, 157, 236, 2, 122, 18, 85, 166, 114, 106], [184, 149, 17, 152, 177, 6, 234, 24, 241, 31, 227, 34, 226, 172, 62, 188, 126, 98, 119, 171, 88, 224, 182, 249, 146, 33, 210, 38, 21, 125, 87, 106], [55, 170, 72, 141, 118, 18, 135, 175, 21, 166, 126, 92, 214, 86, 76, 67, 83, 131, 93, 187, 20, 16, 28, 68, 134, 75, 234, 29, 233, 105, 218, 229], [53, 16, 72, 231, 231, 241, 94, 157, 77, 30, 70, 244, 112, 59, 119, 168, 184, 132, 240, 163, 121, 75, 22, 102, 243, 154, 23, 32, 48, 53, 41, 78], [95, 45, 180, 234, 169, 166, 25, 75, 234, 11, 237, 144, 73, 182, 119, 182, 200, 148, 184, 141, 6, 223, 149, 58, 244, 47, 20, 21, 35, 16, 73, 149], [240, 49, 96, 192, 214, 227, 133, 234, 120, 195, 236, 237, 230, 244, 50, 200, 74, 88, 157, 111, 68, 189, 237, 196, 100, 82, 192, 50, 23, 200, 83, 138], [183, 94, 108, 81, 227, 35, 88, 29, 167, 94, 148, 6, 20, 162, 9, 203, 237, 176, 151, 42, 35, 193, 155, 166, 126, 30, 80, 27, 254, 209, 56, 106], [78, 96, 93, 147, 57, 55, 250, 148, 199, 159, 113, 225, 145, 115, 173, 245, 74, 112, 193, 247, 119, 243, 224, 84, 179, 2, 84, 48, 237, 18, 64, 212], [90, 181, 146, 130, 142, 254, 84, 50, 121, 46, 97, 229, 74, 120, 210, 175, 208, 118, 115, 30, 177, 252, 221, 102, 172, 208, 48, 18, 112, 194, 1, 68], [19, 144, 87, 29, 146, 197, 21, 177, 214, 254, 220, 227, 146, 138, 202, 67, 11, 178, 243, 61, 204, 166, 135, 95, 169, 70, 192, 20, 90, 234, 60, 4], [188, 214, 141, 185, 254, 203, 28, 54, 24, 60, 32, 178, 18, 224, 174, 209, 229, 206, 220, 153, 120, 163, 83, 122, 198, 125, 51, 30, 27, 157, 67, 204], [14, 148, 199, 34, 38, 35, 5, 255, 181, 46, 169, 86, 93, 5, 122, 209, 130, 238, 106, 40, 169, 76, 29, 246, 44, 158, 137, 43, 6, 191, 175, 248], [8, 215, 205, 197, 13, 95, 21, 188, 36, 181, 14, 206, 217, 186, 214, 186, 119, 207, 53, 159, 224, 107, 12, 125, 8, 64, 50, 3, 34, 133, 28, 92], [131, 224, 137, 12, 50, 184, 26, 49, 186, 185, 177, 104, 97, 200, 52, 190, 202, 62, 53, 209, 100, 239, 203, 70, 177, 79, 96, 40, 65, 62, 205, 223], [13, 181, 82, 118, 127, 107, 92, 172, 108, 181, 114, 201, 131, 157, 170, 198, 62, 118, 26, 25, 73, 52, 37, 100, 106, 14, 50, 45, 194, 211, 60, 90], [22, 193, 86, 35, 162, 31, 65, 57, 9, 161, 182, 14, 190, 49, 41, 170, 97, 27, 14, 53, 43, 100, 193, 241, 84, 237, 230, 27, 208, 198, 31, 94], [33, 45, 172, 186, 146, 105, 210, 249, 233, 133, 182, 197, 247, 187, 44, 103, 33, 40, 212, 66, 80, 55, 37, 137, 137, 84, 41, 34, 42, 128, 206, 158], [163, 185, 38, 105, 188, 217, 241, 29, 29, 15, 224, 27, 97, 116, 159, 128, 40, 179, 66, 118, 18, 50, 6, 26, 49, 29, 239, 47, 119, 54, 93, 122], [245, 94, 116, 129, 250, 96, 159, 110, 167, 228, 202, 209, 101, 156, 84, 26, 149, 29, 124, 117, 217, 104, 12, 88, 233, 249, 58, 14, 97, 105, 44, 237], [217, 195, 8, 207, 19, 125, 97, 95, 210, 54, 211, 137, 147, 10, 196, 179, 104, 234, 124, 238, 153, 53, 60, 9, 205, 156, 156, 2, 42, 52, 39, 175], [135, 155, 100, 0, 192, 18, 71, 88, 253, 164, 116, 201, 217, 114, 82, 99, 88, 17, 96, 166, 4, 163, 241, 25, 207, 161, 180, 30, 59, 254, 50, 144], [70, 187, 237, 213, 59, 67, 59, 239, 28, 132, 165, 113, 58, 255, 151, 22, 27, 153, 80, 123, 109, 96, 168, 223, 214, 8, 155, 10, 29, 201, 85, 41], [143, 240, 187, 59, 205, 183, 42, 16, 148, 197, 12, 206, 131, 229, 46, 30, 94, 52, 240, 17, 37, 253, 63, 199, 163, 172, 175, 17, 94, 68, 168, 34], [21, 59, 83, 152, 35, 218, 188, 205, 159, 237, 255, 33, 54, 45, 8, 56, 38, 38, 144, 40, 0, 67, 136, 47, 105, 143, 173, 32, 157, 139, 22, 182], [160, 186, 225, 210, 255, 86, 52, 187, 220, 174, 198, 206, 99, 227, 132, 134, 219, 179, 81, 169, 45, 130, 22, 34, 28, 10, 21, 19, 157, 3, 39, 222], [69, 120, 174, 20, 88, 201, 46, 244, 91, 203, 242, 77, 105, 59, 244, 26, 213, 151, 165, 157, 21, 201, 159, 48, 213, 81, 216, 12, 170, 113, 102, 34], [118, 209, 62, 105, 141, 115, 61, 173, 180, 187, 186, 200, 249, 116, 252, 250, 218, 145, 254, 14, 252, 29, 27, 191, 86, 68, 79, 29, 149, 111, 228, 160], [11, 81, 91, 233, 182, 211, 197, 241, 160, 243, 17, 3, 102, 196, 163, 3, 237, 52, 108, 98, 40, 229, 123, 3, 128, 19, 39, 26, 89, 108, 166, 67], [254, 10, 23, 117, 139, 90, 157, 11, 143, 53, 0, 238, 152, 112, 154, 197, 186, 234, 132, 100, 43, 96, 54, 130, 50, 166, 110, 44, 214, 63, 206, 174], [252, 19, 3, 242, 22, 61, 111, 11, 31, 20, 204, 183, 20, 21, 62, 56, 26, 94, 63, 217, 234, 167, 201, 251, 19, 114, 88, 19, 238, 144, 214, 148], [24, 129, 9, 199, 1, 112, 212, 92, 2, 53, 129, 169, 196, 231, 230, 187, 251, 90, 203, 83, 254, 63, 251, 94, 64, 168, 245, 3, 130, 117, 229, 188], [14, 129, 102, 22, 118, 217, 89, 177, 50, 49, 22, 122, 219, 165, 13, 96, 109, 73, 248, 187, 69, 7, 135, 242, 150, 13, 69, 22, 74, 0, 16, 193], [201, 193, 14, 35, 167, 224, 3, 151, 217, 213, 139, 207, 251, 142, 44, 210, 15, 100, 118, 41, 185, 223, 249, 125, 61, 164, 113, 45, 212, 189, 56, 46], [227, 208, 16, 164, 199, 4, 81, 189, 36, 242, 59, 9, 47, 42, 51, 195, 220, 63, 54, 203, 94, 64, 180, 213, 41, 114, 126, 33, 253, 252, 108, 23], [77, 202, 17, 25, 230, 233, 109, 209, 183, 148, 245, 199, 97, 201, 84, 175, 166, 225, 217, 142, 112, 192, 55, 99, 53, 170, 242, 2, 28, 18, 70, 85], [136, 129, 208, 177, 70, 176, 22, 163, 194, 108, 14, 14, 131, 217, 205, 125, 237, 174, 43, 8, 30, 104, 67, 125, 50, 220, 47, 8, 29, 73, 254, 29], [161, 130, 50, 144, 232, 243, 105, 86, 49, 221, 77, 129, 142, 20, 56, 109, 146, 91, 179, 154, 64, 123, 31, 236, 195, 167, 126, 34, 22, 127, 189, 248], [165, 78, 197, 164, 64, 122, 67, 117, 100, 246, 219, 191, 102, 112, 27, 110, 60, 8, 35, 32, 243, 96, 151, 23, 82, 47, 83, 32, 42, 180, 126, 186], [117, 9, 238, 171, 164, 214, 7, 18, 96, 141, 51, 22, 207, 67, 73, 20, 36, 234, 156, 29, 233, 36, 18, 245, 174, 166, 229, 13, 176, 152, 230, 144], [22, 6, 217, 103, 130, 3, 80, 79, 74, 35, 30, 99, 248, 76, 69, 64, 17, 177, 136, 240, 221, 70, 182, 237, 72, 211, 53, 20, 208, 31, 80, 245], [2, 79, 182, 243, 37, 217, 171, 127, 65, 193, 199, 169, 91, 179, 232, 130, 141, 17, 161, 153, 230, 47, 41, 181, 195, 126, 225, 46, 128, 40, 158, 78], [238, 221, 74, 208, 168, 84, 39, 106, 245, 50, 193, 96, 138, 102, 158, 174, 76, 214, 41, 142, 61, 12, 48, 154, 148, 10, 56, 39, 119, 221, 44, 227], [19, 61, 106, 72, 103, 241, 197, 232, 79, 169, 185, 237, 1, 165, 152, 254, 40, 52, 175, 30, 67, 112, 8, 44, 175, 207, 130, 1, 224, 175, 17, 205], [219, 15, 21, 217, 83, 33, 14, 119, 6, 232, 242, 151, 28, 230, 155, 32, 15, 6, 19, 34, 28, 102, 126, 149, 141, 209, 217, 40, 113, 34, 215, 162], [107, 247, 237, 130, 235, 4, 218, 6, 134, 26, 74, 118, 194, 1, 62, 213, 254, 230, 149, 240, 34, 186, 167, 116, 34, 152, 43, 5, 164, 97, 78, 205], [193, 237, 72, 112, 81, 234, 78, 233, 17, 244, 116, 140, 203, 153, 138, 202, 14, 145, 157, 77, 21, 204, 4, 50, 71, 140, 36, 7, 214, 218, 165, 53], [171, 148, 50, 185, 161, 197, 151, 97, 11, 80, 55, 33, 155, 86, 67, 172, 183, 94, 186, 199, 6, 230, 137, 108, 80, 182, 56, 43, 248, 171, 174, 38], [186, 66, 162, 130, 115, 206, 240, 201, 75, 218, 252, 206, 189, 179, 183, 209, 42, 61, 39, 246, 144, 28, 9, 68, 97, 144, 25, 44, 52, 230, 119, 63], [251, 99, 86, 161, 99, 236, 17, 79, 53, 61, 33, 26, 255, 58, 83, 160, 30, 66, 69, 38, 97, 139, 246, 109, 171, 32, 151, 27, 60, 113, 248, 146], [91, 235, 212, 164, 95, 28, 184, 19, 220, 214, 14, 52, 43, 155, 76, 47, 23, 103, 170, 226, 163, 75, 93, 120, 203, 122, 58, 18, 19, 23, 5, 153], [27, 40, 202, 154, 41, 222, 95, 25, 92, 45, 96, 125, 94, 29, 46, 225, 151, 3, 11, 146, 200, 20, 59, 115, 199, 45, 205, 20, 60, 159, 180, 238], [35, 230, 70, 200, 172, 62, 184, 199, 176, 62, 228, 119, 58, 156, 104, 145, 112, 36, 165, 127, 191, 186, 96, 156, 93, 30, 171, 28, 7, 254, 98, 23], [1, 40, 170, 2, 169, 64, 15, 118, 205, 101, 12, 252, 201, 124, 157, 77, 148, 178, 158, 41, 105, 206, 63, 173, 86, 97, 159, 21, 29, 118, 233, 25], [173, 94, 175, 97, 172, 213, 116, 132, 93, 106, 4, 22, 131, 210, 83, 8, 157, 161, 58, 187, 246, 44, 107, 145, 178, 25, 126, 26, 64, 255, 25, 193], [21, 100, 118, 57, 228, 137, 98, 242, 195, 4, 117, 155, 147, 219, 227, 51, 34, 147, 177, 142, 192, 209, 241, 51, 28, 237, 196, 26, 150, 56, 29, 240], [26, 107, 134, 48, 5, 89, 94, 65, 137, 213, 0, 21, 182, 232, 198, 253, 222, 230, 191, 84, 148, 116, 235, 92, 151, 125, 45, 45, 59, 148, 67, 227], [189, 202, 140, 41, 124, 252, 164, 237, 179, 62, 196, 51, 31, 31, 45, 18, 248, 35, 162, 42, 17, 113, 22, 51, 195, 106, 135, 24, 196, 243, 147, 112], [254, 105, 37, 121, 30, 140, 61, 200, 221, 211, 66, 114, 9, 223, 183, 141, 112, 2, 101, 131, 20, 17, 130, 168, 231, 216, 42, 13, 12, 105, 57, 245], [88, 193, 147, 18, 17, 206, 204, 122, 221, 43, 189, 99, 62, 57, 84, 111, 190, 33, 174, 141, 24, 47, 27, 174, 175, 227, 220, 23, 192, 133, 51, 195], [5, 123, 4, 131, 186, 154, 19, 105, 65, 43, 177, 179, 57, 73, 138, 195, 134, 122, 45, 233, 119, 233, 104, 9, 48, 16, 146, 46, 233, 5, 228, 228], [27, 173, 126, 1, 181, 71, 103, 175, 173, 229, 154, 121, 178, 155, 180, 141, 240, 199, 233, 219, 162, 0, 122, 237, 186, 253, 102, 9, 91, 113, 98, 33], [162, 184, 251, 143, 201, 134, 72, 98, 114, 140, 62, 240, 121, 223, 4, 229, 248, 8, 241, 43, 45, 100, 19, 44, 97, 143, 22, 49, 94, 247, 152, 243], [250, 222, 161, 58, 216, 130, 10, 185, 227, 132, 230, 29, 171, 188, 204, 243, 197, 125, 102, 220, 134, 159, 183, 243, 183, 80, 253, 38, 220, 8, 133, 206], [240, 214, 136, 177, 176, 11, 148, 138, 236, 1, 227, 19, 236, 242, 192, 188, 75, 59, 248, 91, 62, 95, 37, 9, 240, 195, 245, 43, 6, 158, 41, 245], [179, 92, 233, 174, 56, 166, 22, 237, 204, 115, 129, 212, 204, 72, 126, 42, 138, 203, 238, 5, 78, 156, 69, 127, 117, 216, 239, 5, 136, 52, 93, 92], [45, 8, 8, 56, 126, 122, 46, 194, 83, 209, 189, 66, 4, 93, 119, 81, 93, 131, 4, 129, 212, 1, 76, 172, 90, 209, 21, 31, 65, 95, 83, 227], [98, 47, 55, 141, 84, 36, 91, 123, 196, 246, 255, 194, 144, 15, 3, 87, 44, 122, 97, 178, 219, 3, 236, 97, 253, 117, 116, 42, 69, 251, 102, 157], [113, 181, 193, 241, 23, 42, 254, 48, 187, 153, 96, 22, 222, 57, 244, 75, 231, 124, 5, 121, 49, 130, 23, 143, 103, 226, 77, 41, 69, 101, 255, 0], [34, 60, 199, 52, 178, 249, 33, 103, 194, 182, 120, 70, 107, 117, 51, 66, 192, 87, 229, 36, 143, 130, 130, 35, 50, 51, 118, 34, 47, 121, 193, 120], [42, 72, 150, 136, 91, 53, 229, 185, 154, 99, 34, 162, 27, 119, 116, 77, 130, 153, 68, 183, 22, 184, 109, 63, 42, 101, 58, 9, 2, 152, 125, 215], [244, 79, 89, 7, 219, 208, 79, 1, 207, 179, 8, 81, 242, 226, 77, 63, 246, 237, 106, 147, 154, 29, 175, 189, 64, 27, 238, 13, 70, 191, 86, 2], [209, 70, 161, 76, 57, 222, 194, 174, 65, 228, 188, 32, 89, 119, 210, 82, 108, 53, 133, 214, 12, 28, 217, 228, 210, 190, 216, 25, 36, 179, 153, 143], [145, 75, 14, 175, 236, 45, 118, 235, 4, 209, 65, 56, 83, 170, 134, 149, 76, 46, 42, 211, 33, 94, 200, 123, 196, 20, 175, 25, 64, 233, 254, 110], [135, 253, 118, 175, 217, 31, 165, 100, 100, 2, 237, 124, 63, 119, 123, 16, 78, 50, 240, 43, 182, 141, 62, 197, 152, 70, 203, 5, 35, 74, 227, 72], [133, 64, 18, 141, 160, 156, 251, 124, 140, 153, 63, 95, 10, 174, 250, 235, 105, 23, 38, 229, 7, 66, 105, 101, 174, 57, 181, 22, 165, 22, 177, 211], [255, 202, 177, 41, 94, 115, 29, 108, 41, 18, 62, 142, 122, 226, 123, 37, 46, 249, 7, 244, 115, 241, 255, 92, 229, 213, 108, 29, 25, 108, 181, 230], [196, 221, 186, 96, 89, 74, 120, 135, 154, 16, 36, 26, 200, 159, 112, 143, 79, 189, 113, 104, 3, 209, 41, 55, 139, 106, 32, 37, 243, 105, 210, 62], [79, 147, 211, 179, 192, 27, 113, 137, 138, 2, 52, 156, 164, 230, 221, 155, 78, 248, 0, 21, 170, 163, 10, 158, 122, 118, 114, 15, 46, 145, 199, 241], [81, 174, 101, 219, 51, 128, 249, 224, 246, 89, 93, 125, 149, 184, 16, 242, 102, 136, 222, 79, 38, 207, 7, 170, 231, 227, 67, 11, 113, 208, 253, 245], [14, 151, 40, 208, 223, 192, 61, 242, 77, 201, 237, 93, 197, 198, 240, 238, 110, 205, 187, 121, 88, 90, 201, 116, 174, 229, 74, 40, 39, 182, 208, 207], [30, 98, 236, 239, 118, 120, 232, 106, 214, 136, 88, 0, 194, 201, 54, 249, 48, 80, 71, 206, 50, 57, 118, 84, 150, 166, 97, 4, 112, 87, 184, 0], [76, 179, 137, 55, 56, 168, 194, 26, 44, 211, 175, 119, 3, 242, 52, 226, 21, 86, 94, 152, 69, 81, 47, 182, 229, 191, 198, 28, 32, 71, 172, 8], [248, 41, 52, 76, 22, 82, 137, 253, 186, 225, 40, 151, 155, 142, 74, 136, 133, 245, 8, 234, 246, 102, 187, 140, 220, 167, 2, 44, 189, 130, 193, 210], [43, 227, 67, 2, 87, 42, 52, 134, 255, 22, 145, 184, 79, 77, 243, 12, 105, 73, 222, 143, 42, 144, 101, 247, 157, 227, 2, 32, 135, 141, 174, 130], [9, 52, 63, 102, 120, 202, 9, 250, 61, 54, 144, 96, 42, 10, 15, 73, 188, 212, 216, 108, 132, 147, 211, 55, 133, 213, 167, 18, 53, 162, 225, 219], [26, 253, 236, 126, 152, 51, 0, 217, 81, 21, 150, 254, 209, 183, 120, 155, 105, 91, 232, 59, 129, 86, 68, 79, 92, 70, 150, 34, 192, 111, 206, 85], [13, 88, 225, 213, 20, 0, 104, 110, 83, 52, 241, 54, 51, 78, 114, 56, 250, 112, 119, 75, 165, 12, 94, 169, 237, 120, 188, 29, 49, 156, 73, 222], [162, 108, 165, 199, 139, 48, 85, 110, 59, 220, 64, 92, 198, 90, 144, 167, 189, 215, 251, 96, 191, 106, 93, 51, 177, 184, 128, 47, 213, 55, 233, 224], [101, 244, 241, 204, 237, 16, 165, 62, 193, 117, 227, 170, 150, 25, 33, 121, 134, 242, 229, 63, 135, 199, 56, 81, 16, 187, 64, 15, 56, 192, 187, 195], [166, 231, 73, 128, 189, 86, 30, 215, 37, 101, 95, 169, 65, 59, 36, 55, 46, 73, 237, 116, 125, 132, 195, 118, 209, 6, 70, 45, 114, 197, 147, 247], [176, 151, 46, 111, 159, 185, 204, 41, 208, 244, 157, 236, 198, 62, 96, 8, 48, 83, 106, 120, 162, 216, 248, 143, 98, 147, 35, 33, 55, 127, 7, 134], [50, 41, 218, 152, 128, 5, 238, 97, 6, 36, 60, 89, 213, 125, 205, 35, 93, 217, 190, 192, 81, 52, 75, 24, 102, 90, 144, 26, 122, 183, 78, 93], [132, 195, 205, 116, 123, 114, 241, 237, 206, 145, 162, 158, 121, 80, 48, 86, 146, 103, 4, 170, 48, 67, 28, 164, 0, 183, 65, 33, 84, 1, 141, 122], [249, 172, 252, 159, 105, 193, 71, 100, 16, 132, 225, 212, 120, 1, 124, 56, 43, 200, 218, 161, 187, 95, 208, 7, 180, 45, 61, 44, 205, 69, 46, 123], [146, 200, 82, 199, 17, 88, 128, 122, 194, 216, 222, 248, 227, 7, 81, 43, 36, 222, 75, 14, 249, 92, 21, 61, 114, 151, 34, 15, 98, 163, 40, 99], [62, 11, 30, 171, 92, 16, 121, 1, 81, 196, 167, 66, 42, 103, 121, 146, 142, 230, 128, 78, 221, 22, 174, 241, 121, 16, 217, 17, 41, 191, 234, 101], [38, 134, 181, 120, 25, 123, 156, 244, 127, 140, 16, 40, 49, 254, 72, 254, 15, 90, 18, 64, 128, 61, 81, 255, 194, 224, 129, 43, 65, 77, 127, 246], [88, 161, 183, 48, 8, 64, 15, 245, 97, 29, 101, 191, 173, 168, 16, 94, 143, 148, 102, 52, 190, 53, 48, 202, 192, 129, 219, 18, 30, 62, 146, 114], [240, 5, 107, 195, 115, 79, 213, 115, 17, 222, 112, 111, 44, 90, 56, 131, 166, 235, 61, 120, 169, 98, 224, 225, 175, 109, 226, 4, 30, 85, 84, 174], [217, 207, 255, 48, 228, 59, 242, 43, 64, 59, 171, 80, 165, 125, 18, 5, 114, 146, 219, 208, 37, 245, 14, 2, 121, 202, 102, 28, 8, 143, 85, 152], [64, 137, 18, 184, 251, 133, 175, 97, 175, 102, 149, 50, 40, 102, 127, 4, 132, 142, 57, 80, 42, 69, 15, 249, 113, 85, 0, 37, 67, 109, 240, 43], [106, 29, 209, 3, 160, 200, 14, 119, 232, 171, 0, 18, 130, 48, 96, 111, 142, 229, 185, 42, 92, 2, 27, 243, 185, 1, 78, 48, 63, 110, 39, 64], [214, 2, 14, 132, 145, 68, 194, 6, 226, 3, 236, 100, 53, 242, 1, 125, 50, 183, 22, 104, 255, 90, 34, 232, 0, 249, 99, 11, 68, 87, 73, 253], [104, 158, 128, 18, 126, 144, 177, 63, 109, 122, 132, 2, 151, 76, 119, 28, 42, 135, 168, 54, 116, 219, 170, 32, 54, 25, 152, 44, 221, 104, 123, 239], [51, 191, 111, 120, 180, 146, 241, 170, 138, 139, 141, 98, 2, 53, 174, 37, 141, 118, 2, 18, 203, 209, 59, 185, 131, 223, 235, 5, 136, 28, 184, 173], [172, 240, 107, 35, 113, 23, 225, 25, 156, 231, 79, 252, 48, 16, 112, 200, 223, 169, 179, 47, 83, 72, 50, 223, 91, 187, 4, 20, 106, 148, 1, 233], [226, 204, 176, 195, 216, 55, 128, 189, 6, 223, 243, 52, 91, 35, 211, 91, 41, 207, 77, 166, 94, 206, 245, 39, 239, 110, 120, 42, 109, 47, 82, 212], [134, 186, 49, 151, 33, 164, 109, 2, 214, 118, 68, 201, 201, 31, 194, 217, 123, 103, 155, 47, 13, 187, 26, 188, 189, 73, 24, 20, 238, 103, 3, 76], [34, 15, 96, 17, 57, 199, 213, 241, 240, 158, 166, 189, 141, 36, 67, 61, 141, 145, 111, 124, 72, 218, 150, 106, 175, 191, 15, 44, 73, 197, 214, 253], [8, 115, 116, 174, 179, 93, 170, 220, 236, 131, 142, 202, 215, 40, 0, 14, 214, 254, 1, 20, 4, 121, 150, 79, 211, 148, 149, 51, 89, 149, 121, 140], [244, 124, 192, 42, 84, 3, 156, 118, 160, 203, 218, 217, 207, 51, 62, 68, 41, 180, 224, 59, 225, 197, 154, 118, 195, 142, 84, 4, 156, 124, 53, 226], [228, 28, 116, 52, 87, 170, 235, 127, 90, 1, 66, 167, 153, 218, 12, 0, 228, 247, 216, 38, 212, 67, 15, 183, 85, 241, 58, 16, 227, 70, 204, 192], [90, 220, 34, 171, 49, 117, 69, 55, 191, 19, 10, 97, 233, 31, 82, 187, 170, 194, 47, 137, 217, 31, 218, 76, 196, 83, 25, 44, 141, 216, 21, 67], [116, 240, 128, 162, 14, 99, 73, 115, 134, 44, 125, 201, 5, 8, 69, 193, 171, 144, 190, 212, 48, 224, 147, 109, 11, 164, 0, 45, 100, 182, 176, 23], [188, 175, 253, 144, 91, 85, 44, 49, 210, 86, 119, 54, 116, 56, 47, 198, 11, 131, 32, 47, 80, 128, 87, 148, 174, 250, 74, 4, 86, 37, 211, 6], [12, 191, 93, 115, 255, 222, 137, 121, 239, 203, 103, 178, 2, 117, 214, 216, 133, 197, 23, 127, 211, 202, 56, 33, 130, 61, 17, 19, 56, 105, 203, 57], [117, 82, 38, 113, 7, 131, 53, 14, 56, 255, 141, 133, 34, 61, 145, 209, 131, 69, 238, 187, 207, 164, 164, 196, 29, 59, 88, 8, 213, 143, 128, 91], [212, 64, 165, 240, 226, 179, 107, 44, 54, 166, 226, 51, 231, 91, 239, 133, 241, 196, 61, 234, 19, 98, 160, 215, 137, 57, 112, 15, 15, 148, 177, 158], [161, 57, 250, 202, 133, 71, 60, 90, 89, 107, 243, 17, 59, 27, 240, 175, 50, 0, 98, 252, 89, 251, 140, 28, 85, 19, 12, 40, 92, 248, 211, 148], [137, 122, 88, 97, 190, 66, 78, 28, 60, 225, 105, 117, 105, 51, 156, 1, 60, 54, 35, 106, 71, 146, 56, 154, 190, 95, 36, 8, 118, 83, 132, 211], [63, 209, 5, 15, 88, 110, 44, 78, 146, 69, 43, 102, 121, 178, 148, 182, 108, 220, 166, 23, 95, 19, 111, 21, 173, 31, 95, 14, 224, 61, 122, 71], [95, 81, 166, 2, 0, 71, 54, 132, 129, 81, 34, 215, 7, 146, 7, 115, 118, 247, 162, 95, 49, 245, 207, 86, 234, 216, 18, 4, 209, 169, 248, 4], [215, 186, 26, 45, 53, 92, 69, 26, 255, 36, 86, 49, 228, 165, 236, 202, 73, 105, 169, 160, 202, 140, 194, 203, 197, 46, 5, 34, 189, 120, 116, 41], [227, 97, 40, 0, 153, 234, 101, 246, 134, 10, 9, 67, 192, 164, 88, 121, 233, 74, 46, 97, 92, 44, 157, 252, 133, 171, 139, 2, 44, 239, 171, 238], [53, 103, 197, 144, 9, 226, 195, 220, 212, 104, 192, 42, 152, 52, 2, 4, 145, 147, 126, 203, 0, 12, 65, 118, 61, 120, 127, 15, 140, 142, 20, 207], [87, 160, 167, 252, 180, 149, 107, 3, 201, 149, 85, 172, 198, 64, 47, 12, 242, 1, 159, 135, 104, 37, 70, 153, 51, 70, 25, 18, 27, 14, 209, 233], [224, 36, 91, 171, 131, 232, 173, 139, 188, 1, 193, 108, 197, 35, 127, 125, 37, 178, 209, 236, 40, 148, 240, 106, 53, 214, 228, 32, 98, 66, 73, 12], [170, 130, 29, 55, 98, 243, 94, 55, 25, 171, 160, 237, 81, 198, 25, 149, 204, 216, 17, 63, 122, 129, 99, 159, 37, 158, 43, 9, 200, 10, 155, 81], [35, 125, 228, 45, 46, 99, 72, 47, 233, 236, 114, 124, 10, 66, 170, 99, 102, 62, 167, 234, 133, 25, 149, 59, 22, 117, 12, 12, 125, 94, 102, 172], [120, 68, 63, 255, 137, 45, 168, 45, 39, 37, 163, 174, 208, 58, 10, 24, 117, 120, 170, 173, 254, 28, 34, 216, 208, 240, 4, 46, 127, 242, 225, 134], [243, 14, 60, 14, 95, 103, 41, 57, 168, 125, 14, 27, 83, 22, 215, 29, 80, 7, 169, 205, 163, 134, 156, 165, 92, 217, 87, 36, 127, 53, 43, 166], [28, 43, 46, 227, 147, 30, 12, 70, 94, 150, 140, 71, 179, 78, 166, 47, 221, 46, 82, 131, 40, 138, 181, 65, 253, 137, 97, 5, 69, 141, 152, 157], [134, 172, 141, 22, 198, 15, 35, 88, 149, 236, 170, 241, 149, 35, 252, 1, 102, 147, 103, 88, 239, 116, 129, 197, 250, 59, 140, 7, 100, 228, 145, 72], [78, 193, 92, 205, 66, 122, 208, 68, 88, 240, 251, 72, 135, 241, 153, 190, 206, 145, 152, 80, 197, 59, 86, 24, 151, 113, 43, 43, 2, 112, 228, 58], [144, 223, 146, 37, 199, 186, 78, 16, 252, 125, 214, 165, 199, 52, 133, 127, 80, 178, 232, 95, 58, 43, 176, 27, 120, 18, 216, 40, 71, 132, 15, 137], [249, 255, 154, 251, 55, 85, 135, 210, 225, 228, 148, 158, 229, 173, 25, 28, 50, 246, 10, 176, 186, 188, 123, 146, 62, 98, 230, 22, 246, 11, 163, 233], [57, 107, 132, 238, 24, 105, 224, 2, 61, 192, 13, 103, 48, 223, 231, 23, 25, 189, 126, 132, 155, 193, 78, 156, 3, 173, 33, 17, 150, 27, 18, 47], [182, 92, 89, 220, 250, 6, 176, 234, 221, 74, 5, 216, 158, 232, 13, 255, 74, 179, 1, 232, 75, 197, 206, 15, 23, 44, 46, 21, 81, 241, 217, 238], [220, 32, 156, 77, 116, 97, 145, 101, 84, 170, 115, 48, 45, 121, 153, 105, 157, 136, 209, 51, 142, 222, 226, 68, 111, 161, 66, 31, 167, 244, 77, 50], [195, 91, 83, 97, 253, 212, 95, 53, 57, 178, 79, 129, 74, 153, 88, 112, 71, 72, 177, 224, 152, 47, 181, 171, 193, 96, 66, 41, 97, 51, 157, 52], [47, 88, 2, 164, 160, 50, 193, 145, 155, 90, 233, 226, 37, 144, 137, 1, 186, 104, 125, 25, 162, 227, 225, 89, 217, 242, 80, 18, 203, 117, 15, 167], [111, 239, 145, 150, 21, 76, 222, 116, 31, 50, 176, 225, 47, 97, 94, 164, 50, 102, 210, 33, 75, 162, 181, 24, 120, 160, 170, 35, 230, 201, 223, 163], [231, 51, 30, 152, 236, 151, 176, 214, 245, 15, 152, 180, 55, 200, 247, 127, 252, 220, 210, 158, 135, 188, 79, 135, 153, 91, 19, 30, 73, 43, 180, 36], [186, 252, 78, 242, 232, 214, 121, 55, 222, 26, 210, 157, 72, 139, 228, 69, 69, 37, 142, 18, 36, 71, 79, 16, 30, 81, 241, 42, 219, 73, 239, 129], [241, 247, 213, 142, 251, 53, 73, 190, 194, 46, 57, 52, 19, 21, 252, 143, 86, 215, 186, 2, 238, 198, 66, 85, 238, 92, 226, 24, 166, 26, 205, 153], [86, 208, 65, 19, 4, 50, 208, 53, 184, 152, 124, 131, 149, 119, 26, 133, 218, 0, 203, 189, 134, 48, 197, 79, 237, 209, 78, 33, 108, 179, 141, 86], [37, 148, 74, 173, 145, 148, 40, 170, 206, 59, 72, 99, 74, 67, 133, 241, 95, 110, 149, 181, 59, 217, 238, 139, 132, 241, 129, 23, 173, 207, 185, 221], [40, 32, 191, 33, 26, 237, 58, 105, 126, 168, 0, 150, 119, 154, 212, 55, 239, 71, 182, 130, 119, 21, 189, 198, 250, 73, 71, 28, 174, 227, 87, 22], [121, 163, 140, 26, 216, 12, 9, 56, 192, 33, 18, 219, 152, 128, 0, 108, 35, 162, 129, 113, 88, 112, 149, 189, 152, 94, 18, 15, 129, 128, 37, 94], [92, 112, 216, 166, 196, 203, 226, 206, 74, 80, 203, 13, 24, 71, 218, 127, 13, 17, 19, 58, 61, 82, 112, 247, 154, 93, 20, 28, 153, 25, 37, 194], [157, 232, 147, 33, 181, 189, 104, 48, 209, 72, 111, 188, 196, 215, 128, 21, 147, 163, 206, 70, 209, 47, 156, 35, 218, 239, 81, 33, 147, 131, 169, 168], [237, 188, 31, 71, 121, 217, 113, 245, 217, 206, 87, 78, 83, 185, 77, 42, 41, 205, 174, 175, 75, 49, 229, 239, 205, 238, 62, 12, 141, 201, 85, 218], [51, 60, 219, 246, 65, 39, 226, 205, 25, 32, 238, 59, 112, 87, 16, 104, 12, 12, 97, 249, 131, 171, 196, 33, 184, 119, 32, 10, 5, 67, 43, 171], [152, 50, 25, 190, 169, 34, 203, 12, 36, 16, 137, 20, 0, 19, 246, 133, 160, 221, 20, 168, 245, 228, 83, 236, 41, 99, 118, 14, 186, 51, 39, 254], [226, 79, 69, 69, 75, 163, 143, 154, 119, 74, 147, 91, 237, 0, 113, 25, 170, 57, 239, 190, 165, 244, 108, 191, 186, 214, 67, 38, 56, 208, 93, 16], [121, 209, 88, 66, 115, 203, 170, 45, 4, 45, 53, 57, 243, 255, 179, 43, 74, 97, 92, 20, 151, 219, 198, 221, 84, 80, 203, 35, 153, 110, 230, 167], [36, 254, 139, 85, 45, 32, 37, 18, 135, 45, 29, 137, 231, 28, 92, 163, 172, 1, 140, 247, 163, 90, 32, 35, 102, 170, 96, 42, 159, 136, 161, 16], [142, 100, 106, 234, 32, 107, 56, 119, 87, 120, 35, 148, 28, 33, 59, 124, 214, 196, 216, 1, 182, 223, 30, 17, 200, 26, 167, 32, 174, 142, 150, 48], [242, 141, 148, 230, 95, 170, 76, 86, 10, 61, 100, 14, 118, 59, 37, 222, 9, 68, 196, 192, 133, 69, 17, 190, 12, 164, 3, 6, 186, 34, 8, 88], [179, 2, 135, 64, 69, 74, 95, 74, 126, 40, 155, 92, 148, 101, 152, 139, 43, 220, 235, 130, 33, 79, 135, 167, 253, 64, 239, 6, 49, 172, 141, 177], [245, 93, 120, 224, 206, 101, 87, 72, 51, 119, 8, 61, 203, 41, 156, 75, 95, 25, 170, 133, 248, 35, 26, 2, 33, 26, 232, 12, 223, 241, 214, 146], [69, 63, 247, 54, 156, 127, 32, 141, 137, 170, 124, 71, 147, 127, 195, 114, 95, 234, 43, 48, 43, 120, 96, 168, 129, 155, 178, 34, 22, 81, 239, 38], [33, 46, 168, 91, 190, 100, 26, 32, 94, 243, 120, 90, 146, 46, 229, 53, 87, 44, 166, 50, 49, 124, 23, 223, 81, 52, 124, 35, 172, 167, 235, 116], [182, 184, 43, 190, 52, 186, 83, 240, 12, 16, 213, 217, 133, 185, 112, 251, 109, 166, 192, 76, 68, 86, 245, 181, 37, 99, 55, 29, 44, 194, 101, 239], [221, 68, 226, 157, 159, 63, 146, 201, 4, 243, 54, 189, 202, 236, 147, 180, 47, 94, 136, 213, 55, 93, 145, 165, 4, 10, 242, 32, 72, 122, 53, 84], [106, 163, 160, 44, 187, 103, 18, 163, 179, 53, 34, 110, 71, 102, 61, 230, 237, 16, 200, 142, 67, 198, 147, 147, 185, 184, 94, 17, 27, 59, 23, 233], [56, 71, 62, 158, 237, 138, 223, 158, 140, 119, 74, 218, 146, 107, 237, 204, 134, 231, 199, 226, 241, 66, 160, 59, 110, 68, 114, 15, 151, 125, 240, 10], [141, 127, 146, 55, 214, 26, 58, 42, 107, 72, 119, 15, 207, 3, 80, 114, 247, 218, 190, 119, 225, 221, 203, 168, 2, 201, 90, 45, 151, 102, 45, 103], [145, 0, 93, 249, 83, 224, 225, 4, 124, 10, 79, 94, 236, 37, 162, 133, 155, 18, 109, 190, 153, 194, 15, 17, 116, 76, 166, 43, 82, 47, 133, 154], [195, 233, 255, 245, 140, 151, 248, 155, 211, 120, 184, 85, 18, 127, 41, 215, 243, 142, 14, 251, 112, 99, 24, 118, 155, 58, 51, 12, 176, 150, 79, 113], [133, 139, 195, 66, 57, 234, 143, 99, 21, 96, 50, 57, 113, 50, 223, 251, 26, 51, 227, 249, 143, 221, 33, 208, 254, 1, 190, 4, 214, 157, 107, 89], [38, 235, 191, 93, 211, 158, 23, 61, 80, 179, 211, 9, 27, 109, 16, 108, 143, 245, 51, 238, 29, 147, 209, 145, 109, 133, 74, 24, 173, 252, 217, 108], [163, 45, 184, 199, 5, 25, 54, 238, 186, 228, 133, 80, 86, 16, 204, 247, 71, 201, 11, 122, 131, 186, 118, 188, 104, 29, 168, 21, 177, 0, 60, 227], [78, 174, 65, 131, 9, 111, 170, 177, 227, 130, 95, 66, 196, 228, 182, 44, 186, 11, 92, 161, 129, 98, 70, 104, 183, 186, 57, 6, 154, 0, 163, 107], [115, 94, 104, 116, 135, 177, 59, 122, 214, 133, 251, 70, 7, 72, 181, 137, 110, 124, 68, 62, 166, 229, 186, 36, 10, 49, 188, 26, 186, 235, 29, 117], [135, 87, 80, 234, 179, 40, 181, 91, 46, 142, 14, 108, 153, 196, 183, 50, 205, 62, 185, 251, 66, 197, 195, 55, 255, 237, 42, 2, 211, 235, 37, 182], [249, 74, 244, 24, 87, 61, 179, 60, 168, 254, 198, 243, 67, 47, 86, 65, 56, 96, 39, 227, 89, 90, 104, 1, 111, 49, 34, 27, 235, 241, 106, 197], [90, 87, 3, 189, 106, 44, 62, 101, 32, 234, 246, 157, 251, 13, 155, 126, 79, 119, 193, 180, 104, 9, 178, 165, 11, 94, 26, 2, 116, 17, 87, 34], [29, 65, 44, 35, 54, 141, 190, 43, 233, 107, 186, 163, 25, 41, 43, 64, 126, 229, 40, 213, 207, 69, 201, 223, 3, 29, 66, 21, 249, 171, 221, 168], [48, 211, 255, 108, 117, 121, 126, 220, 0, 148, 119, 170, 187, 0, 150, 127, 192, 238, 2, 1, 153, 49, 252, 149, 184, 58, 5, 13, 54, 4, 78, 106], [56, 232, 10, 134, 6, 190, 53, 228, 82, 4, 249, 99, 240, 51, 24, 80, 152, 62, 233, 61, 137, 120, 225, 190, 149, 173, 117, 19, 41, 52, 36, 116], [163, 102, 74, 56, 85, 134, 249, 14, 174, 159, 46, 174, 33, 224, 33, 15, 231, 189, 245, 74, 18, 250, 111, 112, 159, 104, 67, 3, 17, 249, 46, 110], [222, 163, 21, 182, 134, 12, 60, 132, 62, 102, 136, 51, 109, 36, 105, 49, 30, 7, 103, 122, 160, 39, 80, 34, 221, 160, 238, 28, 233, 96, 13, 31], [53, 0, 29, 22, 118, 145, 253, 117, 67, 114, 18, 155, 27, 191, 237, 19, 70, 229, 76, 163, 37, 178, 100, 152, 207, 192, 252, 41, 49, 220, 176, 60], [205, 27, 192, 8, 236, 46, 189, 238, 16, 77, 15, 229, 242, 250, 12, 214, 176, 113, 108, 12, 134, 213, 130, 243, 75, 118, 223, 12, 175, 168, 27, 170], [160, 166, 211, 89, 253, 83, 220, 215, 167, 225, 7, 202, 72, 201, 252, 199, 31, 51, 220, 200, 85, 159, 155, 231, 121, 255, 12, 38, 22, 33, 204, 155], [73, 112, 96, 51, 161, 155, 180, 121, 128, 29, 114, 178, 106, 93, 116, 171, 5, 212, 227, 171, 163, 202, 174, 237, 38, 216, 132, 35, 58, 124, 178, 123], [139, 68, 228, 189, 249, 250, 27, 33, 145, 196, 36, 81, 214, 195, 230, 246, 253, 22, 155, 41, 198, 62, 214, 250, 31, 172, 195, 30, 190, 99, 39, 188], [119, 183, 217, 63, 129, 122, 7, 183, 48, 138, 177, 46, 49, 60, 86, 24, 131, 87, 213, 114, 225, 51, 40, 185, 38, 165, 48, 8, 104, 88, 98, 178], [66, 242, 172, 104, 217, 231, 42, 76, 145, 158, 15, 45, 186, 129, 241, 111, 133, 118, 0, 96, 50, 187, 117, 208, 102, 214, 30, 20, 137, 153, 85, 28], [159, 212, 70, 252, 11, 80, 106, 177, 96, 224, 207, 104, 44, 28, 43, 105, 51, 238, 122, 69, 72, 108, 9, 40, 76, 169, 51, 40, 88, 91, 96, 239], [245, 62, 94, 52, 174, 188, 119, 44, 152, 81, 136, 198, 7, 150, 25, 195, 137, 147, 211, 35, 65, 173, 147, 237, 36, 119, 112, 13, 177, 240, 17, 54], [50, 81, 200, 1, 123, 122, 215, 121, 61, 187, 79, 41, 237, 134, 148, 209, 139, 133, 210, 168, 163, 243, 241, 210, 100, 102, 114, 29, 92, 131, 5, 234], [218, 234, 13, 196, 106, 135, 20, 169, 182, 59, 165, 100, 200, 241, 105, 208, 145, 17, 94, 164, 249, 202, 197, 176, 99, 188, 2, 26, 150, 12, 107, 162], [228, 58, 88, 58, 18, 80, 154, 238, 83, 175, 49, 110, 112, 209, 236, 175, 42, 192, 125, 15, 134, 172, 63, 14, 14, 232, 241, 18, 209, 97, 243, 244], [188, 122, 72, 133, 111, 12, 63, 218, 49, 40, 143, 11, 247, 118, 251, 229, 31, 31, 229, 158, 48, 22, 124, 100, 119, 32, 57, 12, 53, 191, 77, 111], [239, 49, 73, 234, 144, 233, 229, 114, 227, 250, 64, 111, 47, 179, 4, 211, 47, 153, 228, 247, 160, 176, 30, 252, 132, 135, 21, 31, 12, 212, 148, 48], [67, 27, 234, 187, 5, 114, 40, 226, 20, 53, 158, 244, 2, 93, 113, 40, 31, 231, 122, 104, 124, 123, 162, 113, 198, 195, 25, 4, 18, 62, 47, 105], [39, 90, 215, 81, 252, 224, 139, 245, 173, 111, 64, 40, 46, 165, 124, 174, 134, 172, 107, 192, 136, 239, 18, 229, 237, 198, 78, 17, 144, 158, 160, 167], [104, 42, 120, 71, 17, 79, 212, 86, 20, 244, 113, 95, 127, 254, 247, 93, 193, 178, 192, 208, 94, 241, 157, 253, 173, 17, 233, 14, 221, 245, 42, 92], [6, 239, 99, 6, 69, 38, 172, 85, 166, 145, 220, 93, 36, 144, 24, 217, 12, 7, 120, 3, 251, 28, 107, 124, 164, 163, 228, 22, 152, 92, 200, 169], [189, 144, 11, 118, 95, 144, 187, 191, 156, 180, 248, 202, 173, 104, 245, 64, 101, 208, 144, 205, 113, 132, 194, 101, 241, 236, 185, 32, 106, 7, 82, 124], [16, 157, 188, 53, 72, 164, 197, 18, 235, 216, 164, 57, 57, 200, 104, 168, 169, 62, 216, 180, 46, 131, 198, 100, 206, 170, 127, 25, 249, 60, 109, 175], [28, 183, 77, 20, 164, 113, 134, 181, 26, 145, 104, 105, 5, 141, 99, 153, 176, 7, 84, 130, 22, 10, 152, 198, 97, 143, 35, 18, 199, 4, 12, 52], [199, 6, 129, 12, 149, 6, 169, 81, 149, 71, 93, 83, 161, 190, 162, 206, 207, 43, 162, 79, 90, 244, 151, 234, 12, 93, 245, 10, 26, 21, 71, 201], [233, 95, 170, 168, 180, 100, 138, 50, 81, 2, 99, 195, 153, 82, 202, 139, 22, 138, 113, 216, 219, 171, 116, 60, 83, 193, 118, 27, 128, 248, 112, 164], [79, 133, 159, 47, 248, 195, 200, 22, 252, 34, 36, 68, 188, 153, 222, 178, 230, 25, 174, 104, 207, 171, 153, 246, 101, 241, 110, 37, 248, 245, 154, 123], [157, 8, 222, 245, 225, 149, 39, 83, 255, 184, 145, 172, 85, 33, 248, 224, 186, 103, 166, 35, 168, 185, 151, 67, 179, 1, 238, 29, 209, 85, 136, 245], [119, 210, 72, 127, 156, 121, 46, 75, 231, 226, 200, 14, 50, 187, 155, 69, 93, 206, 146, 53, 186, 162, 31, 140, 164, 253, 132, 24, 118, 100, 9, 176], [183, 250, 235, 150, 65, 165, 186, 128, 99, 204, 65, 176, 154, 60, 53, 33, 247, 36, 68, 42, 205, 119, 119, 17, 238, 231, 171, 30, 118, 167, 244, 226], [158, 185, 215, 188, 240, 80, 67, 29, 170, 135, 184, 136, 43, 157, 229, 59, 89, 119, 189, 130, 111, 253, 17, 85, 206, 80, 223, 23, 0, 206, 176, 39], [73, 76, 166, 2, 187, 12, 190, 225, 83, 226, 90, 110, 84, 40, 177, 34, 5, 172, 240, 83, 250, 137, 219, 117, 41, 67, 0, 5, 199, 162, 80, 27], [162, 140, 239, 147, 13, 52, 190, 101, 169, 80, 209, 193, 10, 211, 118, 247, 199, 156, 114, 174, 238, 79, 92, 32, 80, 19, 100, 1, 237, 109, 220, 187], [100, 155, 157, 113, 89, 221, 254, 90, 124, 127, 140, 225, 84, 3, 98, 23, 247, 218, 169, 214, 124, 228, 222, 193, 249, 84, 199, 48, 128, 90, 44, 189], [116, 255, 48, 168, 127, 150, 179, 2, 232, 25, 176, 213, 82, 133, 10, 138, 238, 168, 221, 9, 59, 80, 213, 192, 34, 59, 0, 47, 238, 101, 211, 103], [137, 113, 147, 26, 40, 222, 69, 30, 195, 83, 196, 51, 120, 123, 204, 147, 79, 156, 122, 210, 80, 189, 2, 24, 9, 89, 111, 17, 27, 225, 124, 43], [219, 218, 225, 66, 65, 170, 134, 161, 61, 234, 146, 70, 41, 230, 157, 182, 166, 63, 39, 4, 88, 240, 116, 175, 11, 133, 175, 33, 90, 199, 126, 160], [12, 103, 171, 173, 13, 111, 215, 52, 165, 141, 210, 240, 179, 31, 187, 45, 157, 133, 11, 129, 75, 18, 44, 169, 149, 15, 38, 28, 44, 28, 0, 173], [59, 177, 62, 249, 75, 32, 235, 198, 83, 128, 238, 80, 52, 114, 227, 202, 15, 6, 41, 180, 209, 175, 188, 49, 103, 201, 180, 14, 157, 62, 152, 51], [247, 219, 212, 147, 22, 4, 135, 74, 86, 80, 205, 41, 177, 117, 105, 4, 160, 3, 65, 218, 174, 248, 113, 214, 220, 39, 164, 29, 150, 63, 51, 24], [67, 75, 75, 94, 165, 42, 102, 227, 35, 71, 230, 165, 182, 147, 126, 81, 97, 5, 84, 103, 214, 138, 55, 167, 97, 23, 238, 44, 34, 58, 182, 56], [173, 104, 138, 141, 113, 211, 205, 114, 85, 90, 145, 39, 120, 92, 55, 36, 184, 46, 170, 61, 0, 238, 66, 84, 52, 26, 78, 15, 177, 189, 73, 192], [211, 64, 213, 221, 231, 159, 11, 133, 109, 35, 155, 241, 166, 196, 2, 48, 85, 64, 252, 80, 83, 21, 250, 57, 17, 55, 118, 3, 124, 246, 207, 132], [59, 119, 79, 243, 108, 157, 7, 50, 205, 178, 69, 20, 10, 111, 178, 2, 202, 217, 250, 162, 77, 13, 73, 87, 162, 195, 42, 32, 134, 235, 45, 55], [96, 138, 156, 31, 206, 196, 60, 104, 58, 116, 233, 152, 197, 51, 103, 54, 166, 245, 144, 187, 36, 237, 161, 89, 59, 29, 9, 39, 54, 150, 179, 82], [60, 252, 79, 193, 130, 111, 126, 20, 26, 149, 162, 53, 9, 186, 111, 35, 2, 84, 68, 27, 87, 186, 9, 85, 49, 20, 125, 10, 193, 17, 79, 161], [182, 1, 132, 28, 191, 5, 53, 0, 87, 246, 151, 254, 151, 36, 26, 75, 16, 80, 191, 252, 4, 179, 143, 135, 55, 49, 91, 9, 64, 175, 35, 90], [59, 147, 154, 123, 75, 62, 66, 155, 0, 126, 117, 152, 112, 242, 177, 66, 114, 108, 250, 210, 191, 18, 225, 84, 129, 161, 241, 25, 222, 118, 221, 250], [204, 91, 227, 243, 179, 241, 107, 66, 153, 165, 32, 9, 150, 116, 71, 128, 171, 63, 7, 163, 186, 243, 28, 169, 49, 167, 56, 28, 209, 23, 164, 126], [140, 102, 6, 228, 120, 55, 83, 252, 144, 79, 54, 109, 191, 219, 136, 245, 242, 201, 160, 149, 72, 150, 60, 79, 155, 102, 117, 30, 105, 134, 159, 221], [73, 48, 61, 72, 217, 216, 5, 38, 248, 196, 96, 142, 199, 227, 57, 1, 11, 6, 73, 21, 111, 172, 20, 56, 65, 167, 43, 20, 151, 136, 240, 141], [231, 54, 148, 99, 72, 125, 24, 45, 202, 107, 23, 65, 155, 149, 239, 189, 89, 245, 120, 80, 250, 197, 248, 74, 187, 74, 223, 37, 14, 228, 160, 223], [133, 16, 209, 94, 45, 20, 156, 16, 226, 168, 4, 1, 183, 69, 54, 68, 205, 45, 112, 250, 159, 175, 180, 218, 223, 162, 6, 42, 3, 113, 227, 165], [110, 195, 209, 58, 242, 42, 60, 202, 75, 29, 48, 155, 120, 227, 177, 191, 81, 230, 164, 179, 159, 207, 224, 52, 10, 43, 93, 12, 57, 25, 220, 248], [144, 123, 79, 221, 95, 182, 213, 87, 175, 193, 124, 150, 166, 18, 75, 61, 233, 23, 224, 189, 137, 240, 124, 6, 147, 171, 93, 6, 40, 155, 20, 206], [51, 97, 17, 73, 179, 127, 143, 244, 52, 21, 0, 150, 13, 104, 171, 43, 115, 203, 142, 167, 178, 38, 234, 170, 94, 224, 136, 0, 96, 12, 198, 204], [180, 143, 159, 223, 3, 206, 231, 57, 203, 216, 233, 15, 68, 16, 91, 160, 141, 125, 241, 202, 75, 178, 155, 228, 90, 21, 72, 7, 165, 5, 209, 129], [217, 218, 159, 251, 171, 88, 77, 117, 21, 13, 101, 144, 119, 219, 58, 103, 165, 144, 133, 228, 223, 123, 126, 142, 17, 36, 249, 16, 231, 240, 182, 11], [98, 252, 128, 92, 137, 252, 137, 46, 198, 145, 151, 135, 25, 72, 38, 225, 40, 200, 94, 237, 221, 237, 149, 252, 23, 57, 28, 41, 210, 136, 69, 216], [29, 75, 133, 13, 210, 125, 249, 92, 73, 175, 162, 26, 115, 139, 186, 160, 146, 144, 78, 6, 55, 99, 192, 248, 19, 204, 35, 42, 20, 133, 123, 119], [142, 208, 118, 25, 71, 105, 156, 82, 179, 14, 127, 179, 179, 45, 213, 112, 210, 251, 118, 23, 1, 99, 140, 66, 150, 69, 40, 2, 252, 79, 68, 8], [152, 131, 153, 50, 165, 227, 252, 196, 178, 234, 76, 82, 165, 66, 93, 137, 16, 11, 160, 105, 113, 83, 242, 243, 223, 63, 41, 31, 51, 120, 1, 97], [136, 187, 169, 34, 70, 97, 213, 21, 222, 91, 2, 228, 169, 42, 172, 16, 228, 73, 217, 160, 40, 61, 165, 158, 220, 8, 60, 46, 181, 231, 1, 231], [128, 57, 12, 240, 231, 21, 154, 102, 172, 118, 151, 236, 18, 131, 211, 36, 115, 62, 21, 136, 2, 131, 131, 208, 240, 202, 3, 30, 108, 93, 90, 196], [224, 15, 4, 221, 161, 130, 177, 214, 247, 16, 44, 140, 240, 135, 88, 144, 167, 172, 226, 35, 102, 6, 84, 36, 144, 2, 247, 29, 125, 80, 18, 121], [106, 94, 174, 151, 245, 91, 17, 224, 66, 249, 89, 131, 44, 194, 193, 4, 181, 143, 78, 155, 188, 136, 45, 41, 130, 236, 212, 23, 219, 159, 34, 20], [54, 124, 28, 95, 235, 71, 192, 145, 153, 89, 85, 11, 109, 208, 40, 241, 14, 153, 109, 148, 195, 153, 221, 188, 226, 75, 109, 18, 255, 219, 112, 196], [102, 27, 17, 251, 73, 101, 241, 1, 29, 53, 246, 115, 28, 182, 69, 84, 188, 68, 19, 83, 107, 140, 148, 0, 84, 255, 3, 14, 92, 181, 52, 166], [240, 30, 242, 61, 77, 158, 154, 34, 178, 4, 204, 120, 42, 230, 121, 7, 26, 29, 190, 234, 26, 160, 69, 221, 145, 94, 59, 17, 41, 103, 51, 152], [249, 246, 64, 28, 34, 64, 139, 138, 222, 133, 142, 77, 155, 54, 84, 247, 221, 17, 53, 138, 17, 217, 56, 163, 146, 130, 243, 20, 235, 71, 72, 50], [38, 109, 46, 254, 63, 44, 215, 69, 223, 101, 181, 30, 51, 114, 7, 122, 156, 40, 146, 205, 14, 0, 236, 3, 225, 239, 40, 31, 249, 121, 226, 84], [62, 130, 42, 198, 151, 136, 197, 84, 119, 52, 103, 17, 248, 121, 118, 28, 248, 120, 55, 33, 203, 220, 22, 98, 53, 246, 165, 33, 250, 18, 167, 181], [27, 181, 16, 122, 141, 27, 62, 89, 246, 207, 184, 96, 57, 90, 203, 225, 66, 232, 2, 5, 225, 221, 20, 253, 202, 225, 219, 17, 46, 242, 130, 232], [26, 206, 134, 208, 169, 78, 162, 173, 141, 229, 89, 208, 60, 253, 183, 133, 251, 151, 4, 171, 244, 57, 55, 30, 172, 253, 236, 15, 77, 234, 213, 34], [251, 214, 15, 194, 255, 174, 51, 15, 155, 154, 200, 54, 36, 254, 181, 159, 115, 93, 77, 179, 72, 194, 28, 228, 167, 108, 136, 30, 155, 126, 50, 136], [79, 254, 245, 48, 86, 131, 170, 194, 24, 118, 34, 66, 202, 72, 36, 151, 55, 2, 90, 126, 221, 97, 77, 139, 150, 93, 191, 44, 211, 78, 143, 10], [43, 206, 186, 43, 202, 0, 69, 178, 47, 101, 140, 132, 189, 161, 135, 236, 137, 214, 137, 12, 248, 83, 236, 215, 96, 235, 6, 23, 221, 23, 150, 206], [219, 150, 168, 164, 210, 143, 103, 7, 243, 163, 123, 104, 240, 49, 133, 225, 24, 101, 226, 13, 43, 80, 21, 60, 189, 200, 215, 33, 116, 174, 237, 205], [235, 189, 101, 16, 195, 201, 44, 182, 97, 5, 245, 18, 160, 182, 249, 148, 44, 111, 198, 171, 49, 76, 69, 9, 18, 99, 93, 25, 49, 5, 109, 89], [90, 195, 82, 143, 114, 199, 106, 37, 253, 240, 51, 14, 217, 160, 25, 14, 82, 52, 214, 61, 33, 14, 246, 187, 93, 55, 100, 28, 35, 188, 9, 164], [91, 146, 189, 69, 200, 115, 126, 181, 90, 86, 73, 8, 60, 183, 152, 244, 199, 253, 139, 35, 170, 126, 182, 181, 144, 211, 11, 25, 220, 230, 117, 170], [14, 101, 25, 136, 165, 24, 74, 130, 160, 160, 167, 116, 24, 132, 108, 37, 228, 247, 186, 35, 25, 109, 177, 183, 35, 162, 228, 44, 36, 65, 115, 52], [187, 249, 98, 246, 196, 86, 243, 178, 54, 20, 56, 143, 33, 161, 232, 140, 238, 71, 196, 148, 127, 33, 123, 43, 226, 122, 88, 23, 226, 159, 240, 152], [151, 227, 61, 177, 170, 212, 127, 3, 192, 168, 238, 221, 61, 201, 55, 28, 239, 179, 108, 23, 14, 186, 235, 104, 158, 64, 201, 11, 133, 117, 152, 160], [254, 198, 200, 174, 182, 143, 108, 15, 210, 126, 26, 158, 197, 47, 75, 129, 88, 53, 161, 82, 97, 90, 164, 69, 186, 174, 163, 9, 35, 249, 220, 236], [118, 115, 26, 94, 1, 201, 98, 187, 130, 175, 126, 200, 238, 119, 143, 108, 243, 248, 4, 210, 95, 180, 18, 222, 253, 207, 235, 44, 194, 135, 228, 55], [24, 197, 87, 141, 214, 58, 5, 89, 191, 235, 102, 249, 151, 40, 54, 0, 94, 16, 175, 101, 200, 69, 141, 155, 184, 159, 192, 38, 161, 146, 186, 121], [176, 10, 169, 132, 61, 243, 127, 170, 223, 82, 37, 88, 22, 168, 127, 129, 139, 186, 170, 178, 95, 114, 253, 48, 166, 85, 101, 15, 188, 195, 251, 23], [215, 124, 8, 143, 213, 58, 11, 91, 95, 183, 185, 196, 117, 31, 206, 148, 62, 178, 110, 218, 232, 54, 255, 53, 52, 246, 34, 10, 40, 66, 89, 172], [86, 238, 161, 214, 143, 9, 32, 201, 154, 18, 143, 126, 40, 151, 210, 212, 136, 88, 90, 99, 23, 104, 147, 23, 138, 80, 81, 31, 139, 57, 129, 192], [63, 15, 24, 173, 183, 143, 102, 13, 50, 179, 199, 210, 231, 56, 179, 236, 119, 147, 225, 221, 64, 105, 50, 171, 62, 88, 65, 38, 91, 141, 184, 80], [165, 95, 22, 98, 206, 197, 251, 14, 51, 38, 201, 212, 180, 238, 137, 119, 54, 0, 99, 37, 249, 138, 23, 170, 203, 168, 198, 29, 117, 0, 96, 32], [197, 229, 207, 157, 15, 55, 93, 93, 3, 87, 253, 50, 172, 3, 84, 127, 195, 74, 242, 20, 164, 117, 144, 251, 56, 237, 88, 4, 43, 12, 43, 130], [18, 158, 101, 19, 233, 78, 58, 31, 142, 32, 239, 210, 239, 229, 196, 68, 184, 130, 4, 36, 201, 167, 188, 81, 17, 28, 242, 12, 210, 252, 28, 184], [81, 166, 80, 158, 125, 147, 20, 11, 142, 19, 132, 100, 177, 84, 45, 2, 243, 250, 93, 163, 133, 42, 161, 229, 57, 97, 11, 44, 173, 79, 57, 88], [101, 77, 182, 219, 117, 119, 186, 115, 147, 165, 22, 26, 158, 105, 169, 221, 192, 40, 155, 92, 165, 112, 169, 237, 150, 236, 149, 40, 141, 30, 12, 225], [224, 140, 154, 134, 114, 77, 15, 90, 196, 41, 104, 179, 207, 28, 41, 185, 4, 61, 191, 46, 202, 50, 251, 234, 81, 219, 31, 29, 138, 45, 201, 139], [192, 9, 4, 138, 54, 232, 0, 107, 203, 118, 247, 210, 59, 149, 105, 236, 88, 168, 126, 71, 213, 24, 134, 213, 121, 178, 63, 55, 186, 222, 112, 247], [53, 255, 133, 181, 26, 125, 98, 14, 205, 64, 25, 228, 141, 59, 88, 200, 177, 8, 145, 137, 95, 109, 54, 246, 32, 115, 68, 19, 116, 70, 230, 172], [64, 114, 3, 181, 116, 0, 227, 225, 243, 211, 185, 193, 234, 48, 221, 185, 50, 60, 140, 231, 203, 26, 102, 236, 32, 185, 17, 7, 161, 228, 123, 134], [241, 118, 93, 192, 23, 250, 42, 58, 49, 132, 139, 228, 15, 67, 201, 69, 40, 98, 36, 239, 184, 11, 91, 208, 81, 57, 125, 5, 179, 15, 160, 126], [9, 16, 39, 120, 129, 28, 73, 13, 203, 80, 245, 21, 151, 215, 116, 220, 31, 181, 67, 153, 231, 190, 142, 14, 199, 79, 227, 10, 166, 24, 1, 82], [37, 21, 195, 123, 117, 208, 70, 46, 96, 230, 245, 178, 77, 21, 184, 59, 142, 227, 43, 201, 112, 148, 214, 16, 33, 21, 231, 42, 237, 86, 117, 1], [70, 4, 12, 89, 235, 204, 186, 190, 159, 3, 244, 40, 185, 144, 141, 177, 8, 203, 216, 203, 57, 182, 81, 69, 138, 246, 14, 45, 48, 204, 70, 159], [136, 83, 23, 183, 217, 230, 232, 93, 29, 245, 158, 52, 165, 43, 162, 159, 192, 228, 83, 72, 19, 59, 172, 52, 113, 169, 13, 20, 1, 82, 199, 22], [74, 254, 211, 120, 18, 32, 101, 102, 34, 38, 135, 101, 77, 188, 126, 37, 74, 121, 251, 207, 255, 249, 120, 52, 150, 241, 170, 34, 23, 49, 54, 57], [142, 56, 9, 133, 179, 227, 136, 10, 116, 117, 226, 98, 184, 44, 223, 225, 245, 96, 252, 111, 22, 101, 133, 172, 1, 165, 86, 28, 153, 134, 175, 109], [44, 150, 194, 80, 57, 29, 52, 145, 209, 216, 245, 244, 23, 181, 233, 4, 63, 115, 13, 231, 78, 15, 135, 155, 114, 113, 164, 35, 115, 228, 72, 7], [143, 12, 49, 9, 121, 26, 110, 200, 132, 120, 166, 138, 5, 44, 88, 123, 143, 208, 65, 229, 179, 124, 241, 241, 15, 232, 164, 23, 94, 89, 217, 78], [11, 44, 64, 218, 76, 35, 208, 152, 117, 124, 243, 138, 225, 247, 210, 189, 45, 16, 57, 83, 143, 23, 120, 85, 39, 214, 41, 38, 212, 24, 52, 209], [135, 127, 239, 50, 20, 176, 3, 160, 12, 242, 218, 12, 88, 44, 41, 6, 39, 117, 14, 211, 117, 35, 64, 239, 98, 102, 191, 24, 129, 183, 104, 206], [201, 194, 193, 197, 110, 49, 236, 242, 245, 131, 56, 97, 8, 227, 239, 14, 54, 128, 145, 161, 10, 72, 98, 220, 86, 209, 76, 11, 124, 218, 240, 161], [139, 225, 126, 252, 125, 175, 0, 148, 177, 200, 118, 102, 169, 23, 152, 120, 132, 116, 51, 162, 221, 232, 208, 5, 255, 44, 69, 15, 153, 136, 220, 157], [114, 116, 213, 35, 0, 161, 180, 170, 127, 164, 106, 173, 214, 170, 14, 116, 239, 137, 53, 51, 72, 55, 0, 214, 80, 40, 163, 38, 203, 34, 140, 54], [139, 170, 161, 63, 15, 27, 113, 212, 223, 161, 10, 49, 180, 64, 233, 8, 50, 209, 28, 22, 76, 183, 96, 219, 115, 33, 31, 33, 48, 56, 74, 130], [213, 1, 34, 71, 233, 6, 34, 93, 66, 96, 11, 150, 174, 13, 227, 209, 185, 251, 18, 157, 96, 221, 93, 53, 124, 58, 218, 20, 179, 190, 73, 43], [117, 114, 143, 147, 182, 111, 103, 117, 137, 75, 227, 8, 158, 17, 205, 48, 101, 128, 123, 27, 21, 237, 74, 164, 233, 239, 254, 31, 128, 53, 200, 62], [251, 226, 108, 205, 42, 150, 65, 116, 8, 127, 145, 89, 226, 8, 166, 61, 191, 159, 163, 168, 233, 64, 143, 90, 58, 200, 137, 46, 148, 62, 51, 173], [161, 25, 145, 168, 214, 90, 10, 243, 7, 31, 158, 142, 191, 70, 180, 80, 81, 197, 212, 156, 20, 179, 230, 60, 137, 94, 101, 16, 120, 187, 176, 136], [91, 120, 247, 74, 59, 12, 118, 135, 39, 176, 86, 86, 134, 78, 144, 50, 23, 207, 108, 223, 73, 225, 91, 86, 242, 107, 231, 45, 43, 203, 82, 23], [182, 199, 201, 205, 151, 197, 246, 195, 105, 105, 56, 139, 205, 124, 182, 229, 179, 5, 98, 75, 230, 147, 119, 182, 230, 109, 178, 5, 86, 122, 58, 11], [104, 84, 98, 119, 159, 189, 65, 52, 64, 192, 51, 152, 167, 60, 253, 58, 145, 14, 93, 28, 55, 175, 166, 115, 42, 200, 102, 33, 28, 50, 42, 193], [96, 196, 86, 110, 245, 4, 123, 164, 39, 1, 73, 12, 144, 219, 202, 155, 2, 64, 238, 108, 67, 12, 186, 42, 140, 224, 177, 42, 123, 166, 70, 76], [190, 72, 81, 31, 155, 223, 132, 61, 185, 115, 135, 186, 141, 52, 37, 186, 5, 254, 30, 82, 156, 65, 206, 158, 210, 169, 197, 30, 216, 37, 182, 106], [70, 245, 156, 35, 204, 196, 76, 254, 5, 109, 234, 245, 208, 80, 63, 64, 40, 123, 0, 79, 182, 90, 49, 112, 1, 152, 204, 14, 57, 246, 130, 189], [82, 100, 59, 104, 97, 180, 29, 55, 236, 2, 82, 73, 212, 8, 143, 216, 251, 147, 254, 251, 214, 78, 62, 94, 255, 210, 103, 42, 111, 215, 198, 109], [208, 150, 131, 24, 193, 5, 37, 106, 139, 253, 150, 161, 140, 7, 66, 65, 142, 202, 79, 105, 115, 69, 0, 113, 113, 182, 151, 33, 175, 47, 30, 142], [129, 253, 194, 65, 238, 61, 207, 250, 58, 22, 187, 63, 142, 21, 157, 139, 169, 238, 131, 40, 7, 140, 88, 61, 246, 18, 2, 8, 61, 245, 141, 102], [139, 193, 216, 73, 58, 111, 14, 171, 248, 51, 176, 135, 63, 3, 103, 4, 98, 116, 66, 168, 50, 54, 53, 28, 45, 138, 91, 33, 90, 0, 12, 97], [100, 130, 84, 68, 106, 74, 223, 82, 40, 146, 152, 245, 112, 240, 68, 137, 201, 25, 102, 179, 60, 140, 229, 96, 108, 19, 80, 22, 10, 8, 239, 113], [139, 202, 71, 242, 82, 91, 99, 189, 152, 54, 209, 15, 30, 85, 26, 125, 84, 209, 13, 16, 247, 105, 252, 196, 69, 196, 8, 15, 123, 221, 42, 53], [58, 53, 153, 163, 176, 136, 173, 211, 156, 5, 40, 178, 102, 78, 202, 243, 194, 228, 56, 220, 248, 3, 254, 34, 81, 176, 161, 24, 21, 99, 69, 225], [41, 38, 111, 170, 176, 118, 241, 47, 122, 129, 65, 75, 215, 33, 161, 203, 123, 3, 168, 53, 175, 19, 48, 140, 206, 4, 148, 2, 40, 234, 24, 202], [161, 70, 84, 181, 120, 141, 217, 187, 91, 42, 4, 193, 146, 12, 168, 100, 62, 209, 151, 27, 58, 97, 163, 255, 135, 227, 159, 22, 50, 154, 55, 247], [236, 101, 177, 145, 220, 83, 128, 56, 23, 233, 63, 76, 134, 54, 224, 181, 58, 66, 168, 130, 122, 140, 1, 85, 164, 73, 208, 45, 136, 142, 199, 205], [213, 235, 231, 236, 99, 108, 11, 143, 131, 101, 43, 108, 202, 169, 63, 77, 89, 60, 37, 204, 140, 31, 69, 33, 61, 176, 239, 45, 241, 85, 241, 188], [72, 185, 233, 86, 84, 157, 36, 69, 16, 123, 84, 167, 9, 32, 144, 2, 169, 199, 1, 139, 32, 114, 157, 127, 118, 108, 143, 8, 134, 106, 240, 22], [40, 46, 204, 97, 95, 177, 210, 71, 166, 29, 125, 122, 10, 233, 205, 147, 111, 173, 25, 80, 143, 139, 227, 223, 248, 33, 111, 31, 86, 167, 139, 27], [206, 210, 54, 229, 56, 45, 77, 35, 129, 239, 44, 240, 83, 56, 241, 126, 13, 126, 78, 45, 9, 46, 148, 97, 252, 225, 212, 39, 185, 254, 241, 85], [59, 177, 102, 162, 164, 122, 97, 246, 186, 220, 183, 6, 93, 21, 224, 182, 35, 117, 245, 211, 188, 90, 218, 170, 6, 4, 233, 11, 57, 98, 19, 100], [250, 144, 84, 79, 132, 174, 53, 197, 184, 185, 191, 13, 99, 228, 143, 119, 232, 215, 162, 143, 254, 90, 165, 18, 168, 35, 221, 25, 133, 193, 134, 125], [165, 245, 44, 128, 213, 77, 37, 118, 182, 13, 153, 219, 41, 152, 134, 85, 163, 59, 87, 134, 27, 204, 239, 99, 165, 14, 0, 13, 14, 155, 105, 116], [28, 251, 203, 236, 8, 28, 60, 163, 216, 176, 193, 137, 250, 115, 241, 9, 206, 109, 173, 40, 43, 69, 140, 206, 202, 42, 135, 22, 11, 168, 121, 184], [58, 81, 68, 201, 253, 207, 220, 249, 139, 18, 196, 102, 203, 45, 71, 130, 229, 182, 69, 113, 58, 36, 177, 252, 39, 141, 11, 16, 176, 40, 77, 120], [127, 132, 159, 1, 34, 184, 204, 180, 247, 16, 195, 110, 35, 180, 184, 103, 136, 227, 50, 83, 103, 181, 10, 70, 192, 189, 213, 9, 63, 121, 90, 167], [125, 141, 112, 93, 31, 18, 209, 251, 220, 198, 156, 127, 102, 42, 244, 74, 120, 98, 181, 88, 110, 223, 32, 63, 55, 134, 228, 16, 151, 212, 47, 96], [151, 7, 129, 58, 107, 18, 165, 179, 153, 89, 190, 40, 58, 164, 200, 25, 46, 98, 29, 101, 194, 234, 38, 155, 178, 144, 142, 38, 160, 212, 144, 154], [153, 6, 55, 25, 245, 101, 55, 90, 155, 185, 124, 113, 69, 82, 63, 104, 43, 173, 32, 193, 113, 183, 190, 18, 103, 236, 40, 22, 121, 13, 236, 60], [73, 65, 50, 248, 94, 88, 187, 192, 115, 15, 117, 17, 42, 253, 205, 14, 234, 228, 248, 52, 74, 113, 22, 20, 71, 230, 249, 4, 5, 228, 200, 78], [45, 22, 124, 91, 169, 56, 36, 181, 58, 151, 26, 13, 31, 97, 199, 120, 87, 148, 60, 145, 201, 234, 180, 202, 242, 248, 69, 8, 206, 239, 144, 155], [205, 74, 238, 67, 46, 114, 182, 167, 29, 91, 12, 134, 51, 91, 179, 114, 204, 96, 87, 131, 223, 46, 27, 205, 43, 104, 106, 43, 55, 221, 213, 110], [35, 118, 17, 25, 155, 90, 17, 178, 225, 130, 108, 62, 21, 150, 46, 156, 213, 100, 205, 13, 139, 20, 216, 6, 80, 198, 52, 40, 96, 158, 73, 31], [219, 200, 224, 45, 126, 145, 179, 61, 193, 94, 133, 191, 153, 189, 214, 193, 158, 145, 98, 115, 192, 66, 73, 213, 141, 204, 163, 43, 28, 64, 240, 160], [8, 164, 189, 147, 83, 106, 46, 36, 83, 7, 134, 158, 109, 42, 61, 117, 2, 73, 211, 66, 7, 29, 126, 51, 85, 234, 129, 29, 231, 94, 51, 185], [59, 195, 63, 14, 15, 57, 190, 42, 208, 11, 252, 215, 195, 154, 170, 191, 23, 180, 237, 68, 105, 93, 232, 11, 229, 129, 192, 4, 51, 158, 115, 48], [139, 203, 202, 152, 173, 104, 11, 56, 116, 38, 59, 39, 106, 176, 169, 142, 80, 128, 95, 235, 91, 135, 182, 219, 117, 2, 165, 6, 59, 139, 194, 218], [18, 78, 246, 20, 56, 47, 116, 44, 230, 84, 180, 20, 174, 125, 190, 97, 171, 159, 30, 172, 160, 248, 255, 100, 118, 63, 66, 21, 7, 249, 187, 250], [85, 193, 204, 195, 216, 69, 241, 93, 43, 200, 91, 145, 173, 50, 79, 27, 157, 182, 251, 243, 126, 209, 28, 157, 120, 44, 102, 26, 12, 114, 186, 253], [3, 62, 42, 39, 85, 155, 253, 59, 171, 21, 205, 130, 175, 218, 194, 31, 11, 166, 49, 12, 137, 167, 49, 124, 252, 14, 34, 27, 226, 79, 170, 26], [95, 44, 42, 66, 32, 38, 233, 162, 119, 84, 8, 208, 233, 130, 131, 112, 69, 39, 112, 223, 73, 2, 26, 51, 117, 85, 77, 19, 31, 65, 131, 39], [200, 0, 2, 84, 252, 202, 79, 179, 82, 90, 197, 242, 147, 60, 26, 18, 153, 167, 126, 175, 248, 110, 157, 97, 62, 14, 125, 16, 65, 13, 57, 136], [86, 50, 38, 25, 169, 172, 181, 192, 253, 72, 115, 141, 199, 70, 45, 32, 80, 253, 8, 177, 21, 16, 124, 211, 219, 41, 67, 19, 40, 188, 249, 176], [78, 139, 30, 232, 144, 255, 33, 181, 62, 16, 188, 164, 201, 27, 103, 111, 29, 158, 209, 8, 49, 49, 148, 127, 52, 64, 231, 31, 49, 182, 226, 250], [81, 58, 240, 160, 142, 22, 247, 84, 76, 39, 200, 168, 190, 228, 74, 106, 249, 5, 207, 232, 36, 168, 82, 96, 209, 203, 5, 3, 200, 123, 137, 122], [43, 146, 202, 183, 249, 73, 92, 190, 166, 127, 171, 1, 46, 131, 141, 199, 169, 120, 220, 136, 135, 212, 97, 244, 9, 228, 252, 31, 204, 77, 214, 244], [151, 250, 163, 86, 138, 60, 203, 55, 241, 40, 135, 2, 15, 205, 24, 13, 222, 163, 134, 67, 28, 124, 18, 104, 192, 57, 43, 39, 127, 129, 243, 93], [235, 249, 85, 132, 147, 128, 21, 170, 234, 234, 213, 149, 47, 213, 243, 185, 12, 205, 115, 47, 162, 203, 207, 236, 104, 106, 103, 16, 22, 39, 232, 86], [161, 8, 162, 45, 1, 186, 160, 191, 191, 201, 227, 0, 240, 135, 120, 207, 254, 202, 84, 133, 192, 131, 214, 237, 231, 168, 47, 14, 167, 254, 231, 163], [89, 253, 160, 96, 251, 91, 151, 205, 66, 102, 184, 53, 20, 150, 21, 0, 103, 140, 204, 101, 178, 83, 247, 23, 39, 92, 100, 32, 212, 52, 133, 166], [72, 169, 154, 248, 86, 118, 117, 37, 125, 69, 52, 53, 254, 37, 77, 126, 34, 8, 189, 151, 74, 101, 235, 206, 112, 130, 170, 27, 160, 254, 148, 52], [189, 142, 127, 219, 145, 110, 218, 154, 78, 4, 201, 97, 73, 194, 107, 129, 79, 185, 131, 82, 119, 76, 58, 201, 75, 242, 255, 15, 225, 172, 50, 229], [224, 62, 78, 74, 59, 3, 37, 238, 121, 19, 122, 79, 234, 146, 228, 171, 84, 10, 155, 0, 48, 152, 196, 15, 161, 194, 69, 21, 123, 141, 62, 83], [107, 143, 102, 247, 204, 93, 185, 140, 250, 239, 41, 124, 1, 113, 45, 113, 112, 140, 215, 224, 151, 143, 1, 127, 167, 56, 80, 47, 52, 202, 113, 20], [168, 240, 105, 117, 102, 21, 30, 185, 100, 122, 134, 239, 246, 133, 83, 155, 227, 158, 198, 14, 15, 247, 187, 120, 251, 31, 132, 50, 204, 111, 62, 133], [171, 252, 185, 68, 192, 108, 184, 219, 150, 122, 87, 27, 92, 231, 83, 16, 70, 185, 120, 215, 145, 16, 48, 98, 203, 21, 20, 1, 196, 3, 243, 104], [37, 105, 151, 8, 33, 136, 127, 221, 130, 110, 34, 146, 225, 221, 161, 17, 243, 75, 121, 62, 140, 97, 242, 244, 116, 51, 56, 32, 85, 31, 238, 184], [10, 142, 102, 120, 6, 108, 210, 84, 153, 33, 31, 144, 131, 252, 114, 204, 209, 199, 173, 164, 71, 125, 130, 176, 208, 56, 82, 32, 64, 99, 13, 104], [31, 200, 75, 52, 30, 207, 40, 205, 135, 97, 81, 66, 11, 87, 169, 164, 192, 243, 127, 117, 197, 190, 246, 53, 180, 73, 224, 50, 242, 221, 142, 31], [12, 254, 185, 195, 134, 94, 159, 19, 248, 72, 98, 7, 218, 91, 14, 181, 228, 125, 162, 19, 226, 34, 175, 48, 162, 21, 18, 16, 252, 87, 87, 15], [230, 57, 229, 150, 254, 79, 100, 152, 86, 120, 70, 248, 214, 26, 23, 6, 149, 120, 4, 85, 204, 75, 52, 53, 79, 98, 83, 9, 209, 35, 6, 115], [134, 53, 239, 237, 215, 42, 90, 62, 88, 128, 122, 174, 116, 197, 157, 114, 65, 164, 211, 35, 195, 84, 253, 209, 209, 158, 249, 43, 30, 5, 125, 155], [172, 62, 234, 91, 235, 194, 84, 15, 6, 198, 217, 130, 75, 178, 202, 6, 3, 186, 77, 236, 184, 244, 24, 48, 135, 95, 188, 42, 118, 217, 118, 101], [144, 86, 49, 78, 181, 159, 23, 42, 57, 234, 6, 233, 232, 146, 227, 14, 117, 161, 124, 148, 102, 75, 52, 15, 161, 175, 106, 4, 118, 227, 60, 186], [7, 128, 83, 109, 216, 22, 37, 232, 220, 190, 67, 209, 57, 54, 220, 24, 189, 180, 105, 127, 205, 58, 204, 253, 129, 208, 70, 12, 100, 191, 69, 185], [49, 103, 8, 142, 217, 39, 5, 90, 252, 203, 190, 87, 25, 217, 215, 190, 0, 86, 208, 162, 176, 173, 143, 254, 141, 62, 16, 13, 124, 204, 145, 1], [29, 18, 6, 85, 61, 182, 246, 213, 237, 84, 73, 190, 31, 125, 157, 143, 210, 82, 183, 165, 35, 233, 142, 57, 37, 2, 85, 14, 227, 61, 55, 31], [229, 36, 24, 174, 179, 162, 108, 14, 149, 158, 194, 63, 68, 127, 169, 194, 181, 239, 127, 21, 121, 242, 161, 226, 228, 15, 84, 35, 110, 191, 148, 77], [230, 253, 172, 53, 180, 182, 161, 14, 105, 27, 59, 248, 189, 167, 238, 114, 121, 27, 166, 105, 222, 90, 171, 42, 97, 0, 120, 33, 0, 187, 244, 100], [71, 161, 40, 201, 187, 203, 193, 152, 127, 76, 34, 216, 148, 173, 207, 146, 25, 142, 52, 17, 214, 143, 120, 7, 202, 135, 177, 7, 135, 24, 233, 183], [216, 177, 166, 66, 165, 252, 50, 190, 243, 51, 198, 66, 197, 120, 117, 90, 110, 223, 60, 29, 70, 14, 176, 210, 179, 116, 107, 35, 71, 66, 136, 115], [207, 234, 247, 114, 209, 254, 175, 207, 17, 30, 95, 191, 200, 170, 177, 238, 156, 183, 27, 167, 83, 16, 185, 217, 168, 198, 178, 40, 217, 86, 185, 140], [249, 247, 228, 138, 115, 234, 178, 113, 249, 25, 79, 49, 23, 47, 240, 214, 109, 69, 109, 244, 79, 155, 146, 253, 213, 127, 150, 22, 11, 108, 113, 14], [43, 163, 119, 82, 231, 137, 40, 16, 235, 62, 8, 87, 139, 88, 227, 145, 35, 252, 178, 105, 141, 73, 46, 201, 117, 204, 14, 30, 244, 80, 90, 232], [64, 176, 172, 150, 128, 223, 6, 147, 231, 10, 217, 66, 103, 216, 158, 29, 161, 215, 137, 250, 25, 235, 178, 66, 192, 193, 64, 38, 60, 145, 11, 202], [235, 232, 168, 233, 165, 64, 73, 88, 166, 43, 121, 64, 210, 255, 157, 239, 146, 73, 157, 78, 156, 86, 3, 24, 253, 129, 85, 18, 52, 134, 54, 220], [53, 211, 59, 123, 255, 25, 164, 175, 215, 26, 130, 32, 39, 187, 214, 125, 215, 155, 57, 242, 29, 105, 171, 238, 117, 216, 190, 15, 34, 168, 185, 58], [17, 244, 62, 67, 39, 47, 211, 141, 6, 21, 10, 39, 175, 143, 122, 159, 137, 234, 63, 220, 188, 182, 216, 69, 32, 146, 28, 15, 148, 178, 218, 66], [213, 131, 243, 118, 20, 194, 120, 224, 142, 46, 27, 116, 198, 63, 226, 122, 112, 207, 19, 80, 253, 130, 161, 38, 66, 140, 81, 33, 37, 85, 195, 157], [5, 152, 225, 248, 101, 155, 158, 218, 138, 85, 119, 112, 174, 200, 6, 226, 44, 91, 16, 220, 108, 233, 88, 155, 82, 188, 71, 33, 70, 107, 206, 15], [205, 97, 79, 242, 199, 216, 106, 12, 149, 160, 39, 38, 60, 60, 89, 26, 196, 225, 130, 231, 169, 164, 231, 227, 201, 208, 236, 10, 99, 215, 182, 19], [174, 150, 151, 22, 125, 167, 13, 225, 92, 75, 201, 119, 18, 220, 124, 176, 246, 66, 239, 23, 17, 100, 86, 56, 21, 169, 151, 31, 17, 132, 203, 231], [237, 195, 40, 133, 186, 205, 50, 118, 184, 37, 194, 15, 151, 190, 106, 219, 201, 55, 66, 43, 95, 234, 201, 221, 244, 150, 133, 29, 228, 37, 198, 196], [104, 245, 136, 37, 16, 35, 100, 135, 52, 31, 184, 31, 75, 124, 4, 209, 191, 2, 97, 160, 24, 60, 219, 168, 93, 165, 204, 16, 165, 167, 144, 90], [47, 155, 11, 86, 231, 125, 48, 19, 243, 201, 150, 125, 9, 183, 157, 175, 15, 247, 213, 126, 31, 8, 38, 250, 50, 136, 0, 28, 69, 214, 187, 237], [200, 75, 197, 171, 2, 214, 190, 235, 5, 235, 83, 227, 240, 198, 202, 196, 17, 219, 114, 43, 160, 155, 84, 132, 253, 87, 206, 27, 244, 111, 149, 196], [186, 102, 91, 158, 43, 133, 83, 244, 33, 60, 176, 86, 49, 22, 109, 40, 206, 36, 6, 241, 200, 176, 85, 49, 14, 238, 123, 31, 2, 39, 193, 234], [77, 64, 91, 144, 138, 244, 178, 124, 139, 127, 45, 180, 108, 145, 182, 188, 164, 106, 221, 140, 137, 4, 221, 92, 117, 246, 149, 20, 217, 249, 12, 92], [17, 251, 241, 118, 24, 10, 143, 7, 248, 236, 30, 183, 14, 194, 252, 86, 212, 131, 192, 232, 129, 252, 244, 104, 155, 34, 174, 45, 223, 112, 165, 21], [220, 48, 177, 254, 225, 27, 251, 64, 171, 22, 173, 8, 229, 85, 238, 146, 26, 49, 246, 30, 66, 66, 120, 168, 158, 61, 64, 40, 164, 92, 172, 181], [112, 166, 82, 180, 137, 216, 44, 102, 51, 24, 121, 115, 88, 67, 10, 92, 34, 123, 11, 181, 37, 47, 201, 147, 18, 99, 219, 11, 104, 140, 215, 194], [58, 91, 111, 61, 171, 174, 118, 39, 230, 83, 212, 142, 120, 2, 147, 238, 155, 20, 90, 153, 231, 93, 185, 56, 212, 16, 36, 8, 62, 179, 210, 24], [48, 80, 17, 11, 172, 83, 49, 114, 236, 101, 116, 5, 58, 60, 84, 78, 120, 173, 193, 226, 78, 204, 116, 149, 190, 27, 54, 10, 144, 195, 41, 185], [156, 193, 121, 202, 48, 73, 44, 83, 25, 1, 42, 126, 97, 104, 107, 95, 110, 11, 139, 101, 87, 30, 114, 119, 225, 162, 183, 36, 56, 1, 11, 15], [116, 171, 250, 81, 56, 4, 25, 10, 30, 118, 31, 105, 69, 119, 140, 239, 203, 105, 156, 219, 103, 215, 26, 28, 162, 5, 132, 3, 183, 57, 83, 31], [122, 202, 166, 113, 92, 129, 69, 21, 120, 105, 87, 25, 252, 239, 21, 34, 72, 58, 197, 82, 210, 129, 191, 105, 145, 171, 172, 11, 15, 220, 2, 83], [100, 68, 180, 29, 122, 95, 192, 70, 69, 13, 141, 135, 244, 198, 248, 210, 45, 45, 29, 175, 232, 78, 230, 53, 249, 164, 40, 17, 145, 75, 157, 69], [87, 125, 11, 82, 166, 16, 243, 16, 57, 62, 18, 222, 21, 41, 150, 150, 122, 16, 205, 216, 138, 186, 51, 120, 207, 148, 45, 1, 137, 162, 111, 125], [44, 28, 81, 35, 158, 54, 229, 94, 217, 156, 13, 114, 247, 51, 148, 197, 90, 226, 212, 135, 138, 100, 197, 188, 237, 6, 21, 11, 182, 177, 223, 146], [191, 14, 21, 234, 230, 185, 126, 87, 88, 44, 111, 185, 71, 47, 235, 234, 59, 53, 131, 223, 158, 229, 253, 104, 163, 185, 54, 47, 76, 181, 162, 207], [157, 14, 27, 223, 146, 222, 108, 211, 37, 170, 56, 96, 165, 189, 76, 248, 80, 99, 252, 80, 97, 173, 15, 192, 245, 172, 25, 30, 21, 50, 209, 104], [217, 116, 49, 51, 243, 101, 20, 158, 229, 193, 111, 4, 244, 0, 201, 123, 77, 54, 131, 160, 150, 116, 205, 162, 130, 117, 171, 24, 253, 171, 39, 19], [48, 117, 239, 231, 93, 18, 58, 43, 68, 111, 212, 141, 67, 113, 254, 120, 29, 226, 216, 24, 78, 181, 52, 35, 50, 180, 225, 35, 50, 203, 171, 111], [61, 23, 239, 8, 154, 100, 93, 202, 171, 168, 17, 147, 105, 87, 184, 5, 105, 15, 205, 23, 147, 43, 100, 62, 240, 216, 184, 23, 125, 63, 196, 238], [95, 174, 3, 17, 95, 111, 106, 181, 125, 150, 104, 202, 35, 160, 237, 47, 220, 91, 87, 44, 132, 69, 69, 56, 12, 102, 5, 15, 114, 119, 15, 114], [102, 111, 241, 218, 25, 71, 104, 3, 67, 31, 48, 116, 69, 211, 215, 138, 47, 38, 95, 180, 180, 191, 4, 223, 249, 154, 218, 30, 188, 3, 48, 17], [250, 159, 143, 252, 185, 177, 250, 129, 8, 158, 45, 228, 37, 126, 139, 249, 5, 58, 99, 58, 116, 133, 140, 86, 78, 21, 110, 5, 213, 133, 109, 102], [176, 28, 47, 97, 115, 131, 9, 101, 78, 75, 81, 35, 24, 133, 169, 246, 134, 31, 241, 3, 117, 224, 44, 2, 121, 179, 137, 17, 81, 110, 192, 116], [78, 145, 63, 79, 133, 111, 245, 120, 207, 174, 94, 232, 30, 229, 92, 82, 11, 239, 173, 100, 100, 153, 64, 97, 130, 65, 189, 4, 104, 147, 19, 166], [211, 107, 112, 24, 90, 230, 98, 72, 255, 13, 83, 70, 42, 107, 212, 79, 229, 249, 140, 139, 186, 235, 21, 187, 181, 187, 3, 42, 62, 197, 14, 156], [154, 133, 27, 152, 75, 80, 202, 5, 166, 253, 29, 237, 26, 38, 181, 156, 19, 64, 35, 138, 52, 212, 156, 19, 199, 227, 29, 5, 223, 105, 105, 50], [67, 32, 176, 35, 51, 228, 14, 32, 146, 92, 46, 81, 51, 237, 172, 49, 209, 75, 195, 44, 111, 180, 27, 38, 189, 146, 96, 6, 114, 38, 240, 163], [81, 128, 227, 156, 230, 78, 21, 18, 236, 195, 100, 119, 103, 70, 152, 254, 65, 98, 75, 95, 246, 154, 139, 121, 130, 221, 108, 19, 6, 157, 60, 183], [199, 81, 201, 55, 56, 12, 129, 35, 63, 65, 185, 33, 45, 244, 128, 10, 70, 129, 79, 212, 53, 9, 9, 230, 182, 17, 240, 21, 8, 140, 237, 61], [4, 46, 176, 179, 83, 113, 91, 195, 41, 84, 27, 80, 195, 36, 131, 55, 90, 174, 188, 162, 175, 85, 100, 222, 197, 70, 94, 10, 65, 96, 64, 33], [79, 58, 87, 4, 85, 190, 240, 68, 82, 41, 200, 117, 48, 100, 0, 119, 112, 196, 0, 228, 243, 150, 40, 251, 187, 60, 116, 26, 208, 100, 12, 22], [9, 117, 47, 128, 235, 223, 161, 158, 61, 154, 161, 62, 59, 98, 91, 96, 109, 229, 1, 189, 150, 160, 243, 137, 87, 136, 207, 25, 122, 225, 225, 242], [248, 113, 35, 183, 248, 138, 83, 81, 100, 150, 228, 201, 242, 154, 155, 219, 133, 127, 128, 253, 47, 126, 15, 176, 128, 109, 117, 4, 60, 48, 171, 99], [99, 137, 42, 103, 190, 24, 17, 101, 33, 162, 90, 73, 210, 207, 168, 161, 47, 108, 240, 189, 63, 64, 200, 135, 50, 66, 231, 14, 205, 27, 155, 229], [29, 26, 253, 132, 148, 63, 30, 23, 45, 212, 156, 205, 106, 189, 229, 165, 48, 198, 207, 186, 249, 33, 34, 49, 242, 224, 238, 43, 76, 234, 49, 18], [223, 141, 46, 140, 45, 179, 224, 117, 46, 84, 198, 225, 193, 76, 69, 19, 156, 115, 115, 133, 221, 143, 152, 168, 159, 60, 35, 44, 174, 231, 205, 156], [50, 208, 171, 28, 68, 35, 186, 190, 48, 248, 172, 110, 27, 241, 57, 81, 106, 232, 184, 156, 140, 174, 205, 182, 223, 255, 85, 23, 204, 76, 23, 108], [190, 153, 76, 167, 9, 86, 90, 111, 184, 243, 173, 116, 94, 54, 169, 36, 135, 203, 209, 216, 117, 178, 17, 6, 193, 202, 66, 11, 153, 21, 175, 59], [228, 187, 116, 31, 73, 167, 183, 169, 96, 114, 212, 40, 66, 103, 71, 48, 76, 93, 151, 27, 157, 241, 99, 42, 147, 78, 14, 25, 161, 99, 23, 26], [90, 57, 6, 32, 211, 52, 177, 6, 40, 30, 212, 110, 127, 20, 143, 178, 170, 107, 237, 24, 96, 7, 216, 118, 237, 152, 162, 31, 150, 155, 152, 172], [47, 93, 221, 77, 219, 74, 179, 191, 249, 154, 233, 10, 243, 79, 109, 78, 74, 190, 114, 58, 21, 163, 200, 171, 158, 107, 11, 30, 130, 198, 239, 247], [217, 108, 253, 228, 158, 100, 148, 57, 116, 89, 126, 183, 169, 30, 109, 154, 18, 47, 41, 182, 1, 19, 245, 162, 59, 144, 187, 6, 177, 97, 228, 43], [231, 46, 67, 238, 177, 127, 190, 168, 151, 207, 151, 140, 106, 8, 20, 51, 108, 135, 221, 125, 20, 253, 104, 53, 212, 226, 88, 18, 68, 133, 86, 123], [177, 244, 172, 111, 141, 190, 125, 114, 164, 51, 46, 92, 10, 92, 83, 52, 82, 167, 23, 126, 140, 88, 68, 242, 21, 50, 155, 22, 98, 111, 108, 234], [215, 37, 160, 60, 210, 119, 106, 79, 133, 163, 23, 106, 79, 15, 15, 242, 45, 198, 143, 123, 241, 36, 63, 186, 182, 162, 89, 10, 3, 50, 148, 154], [127, 163, 161, 254, 112, 12, 234, 74, 224, 246, 90, 7, 144, 208, 141, 27, 157, 62, 90, 55, 130, 29, 215, 201, 42, 252, 10, 35, 229, 141, 16, 238], [62, 102, 128, 255, 186, 82, 7, 25, 12, 199, 105, 45, 14, 73, 114, 143, 136, 127, 192, 60, 56, 123, 242, 38, 188, 171, 10, 38, 217, 76, 235, 53], [251, 113, 102, 197, 117, 0, 119, 75, 95, 231, 104, 181, 133, 104, 11, 30, 90, 133, 36, 88, 86, 197, 27, 2, 92, 158, 162, 20, 231, 192, 166, 34], [176, 119, 6, 157, 23, 136, 21, 237, 57, 219, 28, 36, 50, 119, 200, 57, 47, 246, 100, 248, 227, 128, 197, 97, 110, 156, 157, 15, 118, 97, 163, 16], [37, 128, 71, 156, 140, 212, 254, 108, 97, 73, 247, 118, 3, 236, 84, 105, 227, 194, 42, 168, 79, 230, 43, 100, 185, 134, 78, 31, 96, 60, 214, 181], [102, 20, 26, 159, 117, 66, 92, 123, 87, 143, 100, 115, 43, 225, 184, 71, 135, 79, 235, 191, 69, 31, 108, 127, 4, 178, 198, 32, 244, 145, 107, 90], [88, 176, 197, 135, 168, 150, 223, 36, 106, 73, 198, 185, 210, 211, 219, 173, 98, 210, 56, 128, 224, 118, 219, 90, 64, 105, 114, 36, 182, 246, 157, 220], [42, 93, 17, 219, 29, 45, 211, 55, 51, 192, 26, 182, 113, 245, 127, 176, 105, 65, 38, 95, 180, 184, 220, 157, 56, 233, 255, 36, 0, 114, 236, 104], [41, 109, 156, 12, 213, 150, 230, 222, 51, 5, 79, 132, 169, 198, 208, 175, 251, 125, 206, 183, 255, 126, 92, 115, 12, 244, 220, 51, 145, 6, 223, 251], [235, 46, 15, 97, 111, 157, 158, 48, 94, 170, 102, 225, 235, 98, 1, 209, 76, 4, 42, 89, 117, 231, 84, 67, 58, 101, 100, 11, 82, 164, 244, 1], [85, 33, 205, 198, 184, 153, 108, 76, 187, 235, 77, 71, 64, 234, 252, 195, 10, 77, 150, 138, 191, 83, 138, 188, 3, 61, 189, 27, 27, 133, 98, 21], [144, 139, 49, 87, 65, 193, 42, 200, 157, 75, 99, 66, 200, 154, 149, 234, 46, 228, 191, 156, 209, 158, 90, 204, 167, 7, 128, 40, 152, 201, 135, 96], [32, 46, 222, 90, 41, 57, 207, 105, 104, 23, 234, 22, 193, 48, 165, 235, 150, 159, 253, 30, 127, 161, 254, 245, 86, 48, 175, 39, 44, 120, 26, 195], [134, 0, 239, 228, 75, 9, 71, 160, 243, 30, 30, 85, 149, 189, 235, 150, 135, 97, 144, 27, 88, 1, 215, 20, 203, 70, 228, 7, 127, 197, 61, 220], [58, 68, 119, 13, 223, 212, 146, 94, 219, 205, 214, 4, 88, 14, 73, 130, 234, 213, 55, 156, 210, 162, 201, 113, 163, 35, 2, 28, 42, 18, 103, 146], [215, 37, 188, 248, 171, 152, 20, 59, 83, 182, 157, 50, 9, 50, 235, 24, 152, 245, 75, 85, 24, 157, 38, 111, 203, 2, 47, 39, 49, 184, 129, 8], [19, 170, 99, 195, 134, 181, 41, 247, 116, 35, 223, 216, 145, 201, 230, 237, 21, 130, 180, 96, 183, 106, 94, 228, 180, 217, 226, 25, 29, 235, 21, 70], [63, 102, 100, 67, 225, 49, 93, 45, 62, 180, 227, 100, 84, 38, 150, 104, 30, 80, 4, 99, 17, 3, 11, 114, 167, 75, 53, 9, 147, 0, 182, 223], [212, 120, 131, 243, 250, 199, 126, 32, 21, 212, 33, 199, 14, 55, 89, 74, 135, 221, 8, 67, 12, 109, 244, 227, 142, 110, 228, 12, 221, 38, 151, 176], [206, 65, 31, 235, 228, 167, 57, 63, 60, 110, 76, 105, 80, 140, 99, 211, 232, 58, 16, 233, 198, 239, 58, 85, 254, 149, 71, 28, 192, 72, 213, 109], [26, 25, 105, 92, 78, 46, 111, 182, 157, 82, 168, 31, 151, 12, 231, 135, 69, 20, 116, 137, 131, 124, 20, 252, 72, 72, 213, 13, 106, 214, 229, 39], [72, 74, 1, 81, 168, 34, 56, 41, 85, 252, 52, 46, 13, 204, 29, 174, 205, 10, 64, 207, 98, 176, 246, 139, 116, 184, 28, 20, 70, 189, 97, 122], [19, 128, 135, 212, 204, 93, 132, 199, 70, 247, 114, 151, 230, 24, 248, 106, 105, 220, 254, 93, 44, 67, 159, 188, 49, 237, 77, 20, 115, 242, 197, 33], [112, 104, 252, 247, 99, 73, 231, 184, 100, 195, 25, 212, 212, 134, 245, 199, 219, 197, 29, 252, 108, 9, 204, 156, 157, 175, 110, 35, 14, 37, 227, 48], [231, 111, 191, 134, 110, 3, 21, 113, 35, 244, 165, 216, 138, 69, 155, 109, 214, 32, 164, 81, 107, 195, 80, 251, 36, 230, 78, 31, 212, 10, 183, 182], [166, 35, 36, 68, 41, 129, 138, 175, 44, 167, 103, 195, 136, 209, 139, 185, 218, 127, 50, 188, 188, 150, 101, 68, 213, 158, 245, 12, 16, 146, 151, 76], [165, 88, 192, 133, 139, 189, 66, 183, 237, 234, 187, 249, 253, 196, 208, 26, 26, 119, 172, 210, 160, 38, 46, 241, 41, 144, 17, 37, 237, 138, 60, 226], [110, 209, 31, 254, 237, 212, 22, 217, 1, 199, 98, 19, 167, 90, 118, 44, 38, 65, 243, 136, 189, 41, 24, 105, 45, 252, 240, 11, 25, 96, 188, 50], [218, 3, 245, 177, 209, 93, 30, 84, 129, 219, 72, 149, 196, 229, 141, 73, 63, 80, 217, 190, 200, 207, 4, 111, 80, 83, 87, 39, 90, 114, 64, 246], [167, 186, 0, 62, 159, 245, 90, 143, 143, 163, 30, 132, 182, 253, 10, 85, 144, 4, 93, 47, 108, 118, 25, 120, 69, 82, 115, 36, 52, 50, 128, 80], [6, 177, 215, 81, 68, 204, 159, 230, 186, 165, 205, 131, 177, 186, 179, 82, 37, 145, 86, 130, 20, 189, 211, 226, 104, 11, 140, 17, 25, 45, 70, 235], [211, 48, 130, 42, 227, 237, 183, 195, 32, 132, 128, 36, 71, 150, 155, 46, 11, 62, 115, 148, 100, 108, 70, 239, 101, 196, 95, 21, 252, 174, 5, 46], [87, 80, 182, 92, 187, 42, 254, 227, 78, 5, 41, 192, 171, 225, 77, 244, 18, 139, 5, 115, 1, 145, 131, 47, 241, 118, 0, 30, 46, 208, 54, 237], [66, 91, 158, 17, 170, 220, 185, 164, 112, 230, 0, 115, 22, 194, 229, 82, 171, 7, 221, 35, 197, 51, 235, 241, 12, 138, 4, 27, 225, 78, 37, 152], [200, 57, 100, 11, 45, 201, 82, 27, 79, 94, 108, 190, 209, 34, 237, 120, 98, 48, 246, 181, 185, 42, 5, 24, 191, 73, 157, 29, 106, 86, 111, 36], [57, 242, 204, 114, 155, 149, 109, 176, 221, 199, 135, 122, 223, 58, 210, 203, 232, 57, 78, 196, 3, 243, 231, 21, 143, 155, 10, 15, 197, 95, 9, 214], [142, 145, 9, 165, 45, 202, 240, 84, 168, 240, 19, 209, 122, 213, 241, 233, 208, 97, 244, 80, 181, 118, 254, 247, 109, 44, 81, 10, 221, 166, 13, 180], [221, 153, 83, 201, 241, 52, 4, 184, 179, 162, 249, 28, 126, 29, 175, 181, 205, 11, 2, 244, 37, 173, 73, 203, 227, 178, 89, 33, 140, 241, 238, 26], [82, 236, 82, 33, 91, 242, 91, 99, 242, 236, 97, 102, 254, 89, 106, 246, 114, 87, 70, 99, 20, 104, 192, 149, 100, 17, 42, 25, 177, 185, 128, 219], [237, 164, 251, 150, 132, 185, 111, 109, 99, 93, 80, 39, 123, 32, 105, 88, 60, 126, 1, 2, 155, 97, 119, 148, 17, 34, 217, 3, 55, 213, 106, 182], [88, 200, 64, 204, 32, 70, 147, 192, 176, 52, 92, 182, 112, 45, 207, 82, 5, 243, 210, 247, 181, 33, 102, 116, 255, 28, 252, 15, 150, 67, 252, 252], [40, 231, 36, 165, 8, 17, 2, 251, 45, 13, 49, 112, 226, 55, 24, 41, 122, 199, 78, 182, 142, 62, 186, 76, 97, 44, 139, 44, 201, 243, 220, 32], [153, 188, 246, 136, 163, 102, 112, 94, 220, 233, 230, 73, 60, 72, 243, 254, 148, 184, 183, 136, 225, 223, 209, 28, 73, 75, 232, 13, 199, 40, 2, 128], [239, 157, 38, 52, 27, 125, 175, 53, 17, 55, 7, 240, 91, 135, 99, 65, 245, 88, 249, 15, 33, 9, 227, 117, 217, 72, 119, 22, 141, 216, 168, 188], [60, 234, 17, 217, 178, 110, 61, 47, 149, 200, 114, 83, 222, 23, 248, 67, 63, 158, 173, 162, 147, 157, 137, 167, 33, 184, 154, 2, 128, 212, 122, 88], [39, 238, 249, 7, 114, 77, 194, 50, 128, 51, 122, 167, 1, 209, 29, 64, 193, 236, 86, 168, 8, 151, 78, 107, 153, 5, 237, 25, 158, 170, 206, 47], [207, 97, 72, 14, 33, 180, 28, 171, 227, 215, 161, 186, 162, 215, 198, 74, 235, 25, 192, 229, 220, 64, 231, 112, 112, 188, 45, 22, 152, 206, 74, 105], [109, 135, 6, 30, 233, 121, 88, 252, 110, 47, 23, 140, 231, 115, 241, 94, 188, 22, 210, 76, 26, 169, 200, 13, 144, 16, 233, 36, 94, 212, 110, 215], [65, 23, 250, 244, 239, 127, 249, 49, 99, 84, 111, 25, 115, 221, 86, 191, 200, 130, 126, 223, 163, 200, 78, 93, 120, 115, 33, 10, 175, 46, 50, 111], [169, 4, 26, 30, 164, 80, 25, 108, 34, 59, 106, 11, 118, 228, 143, 34, 250, 46, 126, 107, 15, 247, 104, 211, 226, 61, 123, 11, 165, 138, 114, 210], [13, 113, 65, 107, 151, 61, 138, 234, 202, 240, 180, 199, 17, 46, 194, 182, 155, 249, 240, 122, 42, 212, 189, 49, 117, 35, 154, 5, 130, 32, 193, 10], [245, 17, 54, 80, 141, 130, 11, 216, 179, 187, 242, 225, 171, 8, 10, 68, 163, 45, 229, 69, 146, 103, 198, 43, 185, 13, 42, 14, 220, 79, 36, 212], [242, 230, 101, 188, 218, 81, 183, 5, 132, 13, 237, 146, 8, 200, 38, 164, 83, 119, 211, 181, 76, 48, 2, 175, 119, 187, 250, 25, 197, 220, 187, 205], [33, 122, 234, 235, 255, 71, 102, 144, 221, 174, 142, 181, 177, 79, 119, 61, 19, 24, 107, 114, 151, 56, 107, 181, 185, 64, 58, 34, 214, 108, 28, 130], [119, 9, 58, 156, 229, 121, 121, 38, 200, 85, 18, 66, 225, 142, 140, 22, 247, 183, 16, 135, 123, 45, 131, 112, 141, 217, 82, 41, 27, 254, 2, 236], [64, 50, 62, 73, 164, 147, 51, 170, 254, 251, 138, 142, 210, 123, 76, 208, 116, 84, 140, 107, 160, 98, 58, 247, 206, 164, 70, 12, 117, 6, 182, 221], [52, 17, 58, 121, 109, 124, 62, 45, 132, 132, 37, 44, 45, 43, 16, 252, 219, 16, 53, 175, 141, 229, 22, 29, 84, 177, 165, 16, 44, 255, 121, 236], [213, 89, 226, 242, 232, 54, 62, 190, 146, 110, 246, 8, 139, 220, 52, 177, 65, 241, 195, 76, 137, 61, 247, 233, 163, 169, 29, 36, 74, 170, 224, 59], [51, 200, 205, 162, 189, 224, 30, 32, 80, 151, 219, 139, 107, 62, 113, 66, 110, 129, 64, 137, 110, 91, 138, 134, 151, 221, 22, 37, 65, 149, 76, 172], [86, 232, 99, 95, 85, 208, 44, 52, 185, 247, 165, 137, 2, 59, 255, 171, 154, 3, 163, 54, 157, 126, 220, 13, 19, 207, 204, 36, 3, 11, 223, 136], [158, 8, 23, 88, 27, 89, 89, 101, 147, 177, 118, 155, 75, 81, 240, 197, 156, 106, 41, 64, 219, 137, 70, 213, 195, 201, 4, 52, 6, 104, 48, 44], [192, 163, 188, 220, 55, 250, 68, 52, 216, 114, 219, 13, 91, 29, 130, 213, 27, 66, 173, 129, 140, 33, 85, 211, 95, 127, 151, 11, 149, 16, 168, 165], [180, 56, 185, 108, 153, 149, 120, 30, 119, 202, 214, 248, 72, 143, 179, 149, 196, 250, 101, 148, 66, 191, 217, 205, 222, 59, 226, 3, 110, 217, 100, 255], [235, 158, 81, 167, 91, 215, 32, 219, 152, 48, 9, 47, 87, 245, 168, 145, 204, 204, 144, 194, 29, 225, 38, 160, 17, 212, 134, 43, 157, 163, 255, 68], [151, 112, 130, 18, 129, 31, 146, 58, 155, 180, 235, 127, 81, 4, 218, 129, 12, 216, 36, 30, 7, 204, 24, 252, 172, 13, 196, 3, 217, 35, 24, 217], [42, 237, 206, 148, 49, 243, 80, 141, 248, 57, 120, 104, 6, 99, 216, 239, 233, 120, 191, 245, 11, 191, 10, 65, 97, 122, 221, 4, 242, 202, 70, 163], [23, 20, 89, 218, 239, 42, 54, 52, 212, 239, 147, 117, 239, 147, 245, 228, 40, 22, 242, 50, 73, 124, 37, 54, 52, 112, 166, 25, 207, 211, 229, 156], [146, 8, 109, 205, 113, 254, 201, 249, 33, 198, 141, 217, 141, 228, 144, 140, 20, 161, 173, 72, 114, 181, 111, 176, 189, 172, 220, 1, 140, 86, 240, 146], [50, 197, 15, 173, 66, 238, 242, 47, 26, 146, 58, 42, 139, 215, 114, 179, 212, 112, 94, 192, 22, 154, 7, 83, 40, 87, 97, 48, 120, 41, 151, 59], [132, 131, 179, 110, 27, 204, 167, 110, 111, 164, 243, 189, 207, 115, 240, 244, 161, 164, 162, 111, 183, 234, 193, 48, 181, 161, 135, 46, 135, 60, 52, 85], [253, 99, 14, 246, 60, 1, 134, 208, 219, 15, 75, 146, 54, 203, 196, 52, 97, 62, 76, 3, 253, 46, 160, 140, 251, 44, 167, 31, 105, 192, 243, 145], [94, 252, 243, 162, 52, 233, 213, 77, 133, 21, 227, 184, 188, 225, 252, 120, 109, 174, 175, 186, 103, 138, 33, 180, 190, 114, 209, 9, 38, 168, 235, 117], [27, 203, 137, 142, 22, 30, 82, 135, 172, 26, 70, 85, 247, 39, 100, 190, 220, 185, 171, 162, 177, 110, 171, 142, 253, 170, 139, 22, 222, 60, 137, 70], [184, 143, 44, 153, 88, 225, 155, 26, 12, 85, 158, 222, 160, 118, 132, 8, 73, 151, 160, 253, 193, 21, 16, 45, 180, 219, 146, 38, 160, 224, 2, 14], [39, 195, 200, 189, 215, 67, 152, 45, 38, 44, 179, 10, 26, 219, 87, 65, 195, 150, 32, 57, 68, 46, 56, 223, 66, 168, 1, 24, 56, 208, 84, 209], [10, 224, 53, 145, 101, 150, 16, 212, 135, 6, 82, 35, 170, 204, 130, 107, 51, 105, 128, 151, 147, 232, 213, 0, 225, 38, 220, 32, 161, 100, 202, 228], [217, 189, 16, 46, 126, 58, 76, 249, 19, 125, 241, 164, 201, 104, 249, 253, 24, 5, 115, 153, 156, 51, 236, 105, 67, 222, 131, 44, 15, 45, 40, 7], [12, 172, 234, 170, 39, 52, 97, 148, 9, 100, 47, 116, 179, 139, 254, 21, 131, 220, 207, 32, 150, 183, 91, 224, 145, 39, 136, 15, 95, 195, 42, 160], [55, 38, 65, 139, 77, 160, 241, 133, 71, 30, 8, 28, 60, 210, 85, 246, 146, 220, 97, 3, 108, 66, 186, 145, 136, 229, 158, 25, 238, 18, 230, 163], [130, 26, 251, 181, 135, 28, 98, 119, 168, 21, 99, 126, 89, 104, 176, 201, 46, 50, 160, 185, 78, 116, 230, 105, 149, 146, 206, 7, 254, 248, 46, 134], [65, 80, 177, 23, 114, 38, 79, 191, 236, 4, 229, 251, 7, 118, 248, 172, 96, 221, 86, 96, 68, 11, 49, 0, 185, 240, 72, 14, 89, 234, 150, 52], [148, 113, 37, 134, 5, 174, 15, 241, 232, 84, 30, 25, 4, 240, 208, 183, 135, 19, 176, 254, 218, 43, 75, 119, 221, 187, 149, 40, 120, 163, 182, 43], [180, 224, 199, 43, 202, 145, 239, 15, 136, 134, 172, 196, 211, 79, 26, 19, 144, 195, 48, 84, 47, 97, 7, 102, 235, 79, 239, 7, 243, 234, 42, 191], [210, 9, 177, 200, 100, 119, 140, 185, 206, 220, 220, 106, 24, 203, 5, 57, 105, 251, 250, 220, 63, 220, 106, 254, 234, 195, 184, 47, 209, 3, 45, 49], [120, 119, 143, 105, 216, 39, 154, 9, 92, 240, 119, 216, 170, 29, 157, 110, 75, 156, 245, 242, 99, 179, 3, 75, 116, 60, 166, 18, 84, 18, 82, 25], [68, 130, 111, 115, 40, 83, 229, 174, 194, 141, 164, 44, 69, 141, 123, 72, 77, 74, 85, 219, 233, 195, 198, 226, 135, 138, 171, 0, 85, 191, 174, 96], [66, 20, 159, 1, 8, 197, 219, 104, 166, 46, 95, 103, 81, 175, 172, 99, 12, 195, 75, 225, 46, 183, 106, 190, 151, 250, 23, 37, 45, 44, 62, 77], [35, 87, 64, 142, 52, 126, 204, 105, 208, 175, 128, 221, 68, 102, 232, 115, 107, 178, 171, 157, 197, 208, 114, 82, 62, 245, 90, 43, 117, 230, 230, 217], [144, 93, 181, 50, 252, 104, 93, 131, 233, 41, 227, 120, 214, 152, 153, 130, 220, 243, 169, 58, 117, 100, 139, 100, 136, 155, 191, 17, 26, 209, 62, 139], [243, 52, 224, 173, 88, 76, 165, 254, 192, 186, 0, 186, 24, 242, 152, 13, 75, 147, 164, 26, 100, 207, 190, 142, 52, 89, 9, 5, 162, 112, 108, 253], [73, 143, 112, 2, 103, 39, 13, 243, 108, 129, 78, 242, 10, 4, 22, 156, 36, 179, 109, 159, 137, 51, 52, 63, 94, 208, 78, 34, 136, 190, 176, 54], [64, 238, 46, 26, 207, 211, 247, 254, 107, 197, 185, 69, 92, 17, 178, 207, 148, 209, 241, 224, 74, 108, 37, 84, 73, 49, 148, 44, 104, 57, 247, 182], [158, 74, 17, 124, 15, 98, 10, 202, 33, 180, 176, 220, 167, 14, 27, 103, 226, 73, 161, 117, 167, 204, 36, 46, 148, 195, 151, 15, 191, 62, 204, 161], [214, 157, 241, 33, 190, 246, 121, 105, 37, 165, 199, 81, 1, 71, 207, 177, 33, 116, 94, 215, 222, 51, 12, 141, 41, 29, 208, 3, 157, 212, 186, 220], [108, 114, 198, 66, 168, 194, 136, 135, 65, 152, 35, 27, 5, 0, 229, 109, 100, 22, 226, 116, 234, 98, 61, 248, 212, 108, 251, 44, 253, 37, 114, 124], [170, 229, 111, 124, 174, 44, 147, 121, 209, 2, 45, 166, 222, 148, 83, 0, 56, 8, 159, 12, 182, 50, 20, 75, 249, 217, 126, 2, 128, 92, 199, 60], [223, 176, 80, 29, 109, 77, 206, 135, 82, 75, 73, 193, 51, 22, 214, 222, 212, 142, 145, 119, 116, 34, 100, 41, 221, 255, 209, 15, 74, 215, 10, 92], [108, 166, 176, 191, 222, 157, 222, 238, 191, 103, 84, 241, 126, 195, 45, 129, 126, 61, 177, 171, 115, 109, 29, 150, 121, 116, 229, 45, 252, 221, 30, 147], [173, 1, 82, 140, 191, 197, 251, 112, 255, 186, 196, 255, 226, 65, 173, 91, 62, 203, 229, 233, 203, 251, 32, 127, 4, 68, 113, 18, 116, 12, 204, 147], [121, 144, 198, 170, 184, 72, 226, 81, 120, 185, 64, 143, 4, 246, 28, 80, 253, 184, 11, 36, 107, 182, 8, 216, 107, 98, 0, 6, 31, 27, 131, 1], [152, 57, 66, 72, 124, 114, 17, 44, 236, 82, 97, 107, 119, 160, 168, 212, 113, 143, 30, 151, 73, 123, 82, 83, 80, 131, 190, 13, 211, 240, 176, 68], [157, 251, 89, 145, 212, 129, 143, 22, 25, 177, 64, 8, 89, 98, 100, 49, 185, 140, 68, 148, 190, 233, 40, 9, 7, 236, 99, 42, 254, 152, 62, 2], [139, 73, 139, 11, 149, 113, 71, 61, 126, 48, 130, 44, 106, 106, 60, 120, 177, 83, 94, 148, 48, 50, 84, 121, 136, 58, 112, 30, 33, 156, 245, 45], [108, 148, 231, 104, 184, 61, 220, 113, 238, 74, 178, 12, 7, 44, 89, 173, 162, 250, 210, 133, 70, 78, 174, 159, 43, 117, 242, 35, 53, 57, 172, 13], [67, 87, 198, 6, 156, 65, 154, 245, 147, 208, 232, 24, 241, 21, 191, 223, 214, 79, 52, 218, 52, 250, 234, 121, 83, 206, 67, 6, 38, 97, 135, 170], [170, 247, 56, 211, 212, 140, 149, 246, 162, 31, 207, 138, 86, 44, 40, 212, 19, 75, 125, 50, 227, 81, 131, 65, 71, 217, 113, 12, 110, 212, 42, 172], [129, 227, 85, 58, 224, 222, 72, 41, 18, 20, 2, 130, 127, 37, 13, 131, 112, 169, 30, 102, 147, 18, 227, 166, 2, 140, 136, 20, 23, 250, 94, 246], [186, 235, 11, 250, 132, 186, 160, 45, 9, 63, 138, 165, 76, 187, 154, 181, 100, 170, 5, 188, 204, 213, 127, 146, 130, 118, 46, 48, 115, 254, 131, 12], [58, 160, 164, 161, 138, 164, 117, 129, 47, 219, 60, 168, 160, 59, 62, 196, 55, 237, 63, 22, 209, 3, 153, 204, 216, 39, 140, 9, 48, 3, 30, 226], [91, 160, 20, 66, 8, 16, 209, 58, 136, 43, 247, 241, 16, 157, 230, 203, 81, 155, 74, 252, 92, 202, 177, 78, 240, 215, 53, 0, 66, 52, 225, 182], [133, 72, 190, 254, 21, 31, 165, 222, 36, 197, 32, 131, 62, 99, 113, 211, 119, 224, 120, 235, 54, 165, 76, 207, 74, 17, 229, 14, 166, 139, 76, 55], [159, 66, 220, 150, 89, 230, 36, 254, 105, 249, 71, 164, 220, 144, 124, 105, 139, 254, 187, 230, 138, 237, 185, 151, 20, 254, 139, 12, 33, 119, 17, 197], [104, 229, 12, 102, 208, 142, 132, 22, 14, 168, 179, 63, 144, 233, 93, 184, 74, 246, 187, 205, 246, 185, 29, 127, 5, 13, 249, 18, 161, 113, 48, 161], [119, 73, 68, 165, 51, 228, 76, 106, 39, 113, 57, 243, 128, 199, 4, 24, 43, 71, 148, 209, 158, 178, 119, 73, 94, 80, 216, 35, 80, 216, 251, 139], [50, 109, 215, 64, 55, 240, 93, 221, 14, 98, 86, 191, 57, 50, 124, 159, 226, 136, 3, 5, 253, 168, 106, 173, 114, 64, 142, 20, 220, 131, 55, 96], [182, 137, 1, 251, 105, 94, 202, 84, 204, 138, 248, 229, 124, 255, 58, 2, 0, 197, 0, 221, 227, 98, 0, 164, 210, 12, 145, 13, 252, 115, 120, 134], [176, 210, 169, 220, 125, 71, 111, 54, 56, 241, 158, 15, 143, 155, 146, 7, 124, 160, 88, 236, 54, 231, 54, 98, 198, 227, 128, 33, 107, 121, 69, 120], [96, 2, 31, 65, 35, 108, 167, 19, 197, 223, 136, 177, 224, 88, 70, 127, 182, 128, 79, 219, 69, 61, 49, 61, 160, 65, 211, 34, 80, 219, 24, 36], [42, 201, 143, 251, 156, 251, 198, 0, 77, 119, 122, 98, 6, 230, 162, 187, 55, 191, 93, 125, 184, 7, 179, 47, 239, 191, 255, 44, 37, 9, 99, 132], [36, 1, 64, 15, 208, 155, 214, 177, 0, 224, 131, 77, 247, 100, 156, 147, 44, 212, 171, 28, 122, 123, 174, 229, 245, 64, 239, 9, 134, 153, 225, 112], [126, 178, 18, 126, 45, 2, 226, 195, 159, 77, 109, 14, 8, 13, 216, 0, 24, 138, 7, 202, 77, 228, 175, 221, 211, 67, 74, 47, 34, 244, 25, 84], [242, 138, 224, 44, 189, 46, 155, 182, 144, 138, 253, 73, 102, 243, 228, 237, 137, 113, 164, 155, 175, 36, 131, 251, 124, 13, 117, 38, 31, 213, 136, 204], [70, 153, 27, 107, 132, 198, 180, 245, 235, 211, 217, 42, 57, 237, 15, 151, 161, 90, 82, 34, 62, 108, 57, 240, 182, 64, 131, 17, 35, 8, 42, 128], [138, 161, 155, 86, 213, 121, 78, 3, 90, 20, 112, 150, 246, 94, 67, 103, 180, 63, 100, 143, 112, 78, 116, 146, 35, 234, 163, 30, 154, 71, 18, 32], [25, 178, 254, 68, 51, 107, 71, 140, 246, 126, 146, 11, 4, 165, 106, 28, 86, 134, 70, 218, 163, 175, 5, 226, 245, 250, 187, 29, 36, 245, 82, 88], [140, 234, 132, 229, 183, 80, 35, 101, 55, 86, 17, 1, 103, 249, 61, 26, 2, 6, 236, 40, 185, 81, 189, 78, 79, 100, 192, 17, 84, 96, 17, 219], [45, 12, 19, 78, 191, 171, 67, 123, 53, 2, 172, 1, 181, 11, 227, 242, 247, 148, 97, 250, 151, 49, 89, 138, 255, 111, 73, 1, 117, 54, 109, 3], [100, 74, 196, 247, 157, 245, 209, 212, 226, 247, 221, 192, 230, 72, 134, 103, 203, 116, 125, 5, 203, 216, 220, 149, 210, 218, 124, 8, 129, 126, 146, 35], [194, 2, 95, 107, 82, 248, 73, 103, 13, 96, 210, 207, 20, 193, 153, 8, 29, 252, 209, 239, 142, 92, 239, 141, 64, 115, 237, 1, 210, 198, 15, 213], [178, 65, 92, 68, 239, 212, 159, 147, 174, 114, 163, 214, 118, 15, 251, 25, 235, 208, 210, 178, 94, 199, 84, 75, 160, 115, 231, 39, 255, 211, 254, 163], [46, 19, 69, 27, 145, 7, 54, 239, 52, 74, 104, 13, 235, 44, 149, 59, 103, 172, 18, 170, 172, 49, 74, 202, 90, 157, 161, 40, 127, 140, 152, 3], [240, 68, 216, 216, 250, 118, 112, 2, 61, 188, 28, 251, 101, 104, 170, 251, 71, 50, 179, 229, 238, 81, 219, 215, 129, 146, 172, 25, 190, 9, 176, 224], [215, 168, 109, 125, 137, 208, 44, 72, 165, 50, 231, 162, 191, 138, 225, 167, 12, 183, 76, 90, 112, 184, 15, 194, 242, 71, 127, 50, 200, 112, 228, 212], [38, 71, 72, 99, 146, 83, 1, 102, 84, 174, 100, 156, 247, 239, 214, 133, 110, 19, 157, 210, 58, 78, 86, 9, 241, 187, 183, 22, 150, 32, 162, 161], [167, 55, 209, 207, 233, 150, 102, 129, 107, 197, 248, 15, 24, 118, 238, 56, 92, 130, 171, 190, 137, 184, 169, 122, 210, 177, 7, 24, 89, 102, 170, 127], [11, 185, 184, 90, 216, 51, 183, 36, 107, 14, 221, 225, 219, 147, 88, 25, 54, 22, 113, 168, 140, 23, 141, 224, 85, 34, 235, 38, 65, 9, 245, 32], [48, 212, 18, 60, 254, 160, 26, 51, 232, 0, 58, 158, 190, 0, 72, 11, 240, 74, 239, 190, 162, 186, 247, 39, 82, 67, 49, 15, 238, 150, 210, 88], [11, 211, 103, 225, 180, 150, 186, 67, 38, 92, 164, 181, 129, 196, 40, 104, 128, 47, 223, 15, 157, 136, 164, 0, 29, 44, 121, 9, 148, 109, 57, 105], [208, 160, 12, 74, 176, 130, 119, 194, 207, 179, 172, 236, 151, 83, 200, 74, 41, 137, 178, 233, 227, 140, 94, 80, 124, 137, 236, 43, 150, 211, 48, 220], [40, 200, 147, 85, 195, 233, 10, 203, 131, 25, 206, 122, 31, 22, 244, 197, 155, 195, 200, 217, 13, 164, 13, 136, 182, 171, 144, 3, 207, 0, 232, 245], [1, 193, 214, 43, 104, 163, 249, 242, 10, 14, 113, 48, 69, 163, 135, 121, 139, 124, 5, 188, 47, 233, 162, 248, 45, 88, 123, 17, 177, 41, 76, 252], [237, 195, 140, 230, 201, 224, 102, 157, 13, 81, 179, 28, 62, 66, 141, 187, 26, 130, 135, 222, 27, 252, 35, 89, 188, 162, 211, 44, 95, 239, 159, 204], [64, 3, 242, 70, 118, 30, 150, 160, 112, 245, 135, 153, 226, 176, 234, 102, 39, 217, 133, 208, 61, 155, 159, 190, 115, 119, 84, 46, 48, 140, 145, 113], [71, 190, 188, 67, 108, 171, 74, 85, 186, 194, 134, 242, 124, 193, 79, 27, 47, 194, 195, 223, 145, 177, 162, 222, 60, 213, 192, 5, 208, 40, 6, 195], [149, 12, 32, 161, 237, 240, 93, 146, 39, 202, 247, 209, 31, 129, 152, 168, 122, 209, 193, 216, 142, 110, 15, 99, 91, 30, 61, 31, 23, 113, 235, 102], [207, 205, 99, 248, 32, 31, 39, 19, 215, 167, 250, 164, 224, 150, 49, 102, 135, 131, 140, 216, 151, 238, 142, 2, 54, 121, 163, 42, 59, 86, 230, 232], [96, 178, 184, 255, 88, 62, 74, 176, 119, 166, 6, 204, 164, 202, 240, 39, 203, 31, 159, 48, 45, 233, 4, 213, 205, 12, 123, 21, 67, 33, 249, 82], [198, 127, 70, 127, 59, 214, 217, 43, 165, 18, 160, 74, 90, 144, 9, 96, 252, 102, 250, 134, 127, 64, 84, 38, 55, 244, 214, 19, 235, 2, 25, 14], [47, 123, 242, 184, 171, 178, 78, 112, 151, 30, 211, 30, 50, 153, 246, 102, 231, 165, 70, 107, 23, 160, 41, 248, 82, 74, 255, 47, 4, 220, 131, 133], [80, 12, 218, 188, 81, 244, 151, 60, 236, 87, 225, 76, 3, 200, 119, 33, 186, 222, 85, 49, 170, 95, 221, 186, 59, 90, 141, 28, 171, 151, 47, 174], [67, 64, 171, 130, 39, 146, 186, 87, 189, 85, 39, 178, 147, 220, 219, 173, 133, 247, 227, 40, 250, 255, 78, 52, 124, 122, 141, 28, 161, 45, 200, 175], [213, 50, 79, 89, 233, 28, 235, 212, 210, 14, 12, 251, 231, 24, 185, 21, 37, 158, 112, 93, 97, 81, 243, 176, 183, 172, 187, 22, 128, 142, 80, 122], [172, 240, 104, 140, 132, 158, 90, 65, 246, 72, 137, 138, 139, 61, 175, 156, 23, 86, 29, 71, 31, 240, 32, 43, 125, 110, 183, 28, 166, 207, 180, 40], [65, 89, 209, 226, 163, 173, 134, 147, 190, 91, 117, 156, 117, 63, 200, 107, 145, 167, 223, 90, 200, 78, 62, 48, 187, 161, 168, 25, 188, 111, 170, 69], [14, 34, 142, 93, 81, 74, 198, 186, 178, 101, 65, 117, 142, 223, 5, 202, 112, 15, 133, 188, 0, 9, 227, 60, 143, 80, 43, 31, 190, 8, 53, 109], [4, 252, 234, 249, 50, 123, 28, 78, 193, 44, 151, 166, 195, 175, 36, 29, 176, 7, 98, 85, 206, 3, 141, 144, 187, 135, 73, 23, 5, 161, 84, 58], [17, 255, 5, 244, 51, 171, 215, 95, 15, 21, 169, 37, 154, 253, 95, 106, 31, 148, 200, 37, 226, 110, 229, 4, 190, 171, 67, 15, 137, 244, 71, 107], [18, 144, 53, 66, 90, 79, 85, 26, 208, 61, 234, 240, 153, 168, 92, 100, 6, 62, 238, 98, 91, 156, 164, 80, 183, 198, 26, 25, 127, 84, 3, 239], [74, 219, 32, 98, 170, 182, 8, 84, 71, 95, 13, 27, 41, 22, 198, 205, 5, 169, 62, 76, 160, 243, 199, 51, 102, 134, 127, 42, 220, 246, 148, 237], [239, 13, 151, 108, 242, 205, 76, 123, 22, 116, 181, 16, 96, 234, 49, 251, 60, 1, 255, 104, 116, 99, 58, 249, 62, 176, 4, 40, 102, 169, 188, 23], [199, 5, 171, 223, 77, 120, 250, 124, 199, 186, 110, 246, 192, 230, 226, 41, 64, 57, 225, 98, 171, 207, 251, 0, 66, 100, 113, 25, 107, 6, 232, 234], [38, 126, 137, 207, 154, 252, 36, 237, 122, 246, 203, 134, 253, 109, 79, 134, 121, 68, 81, 79, 181, 60, 247, 231, 51, 158, 95, 8, 243, 63, 55, 162], [166, 161, 200, 179, 33, 134, 153, 160, 234, 68, 247, 234, 207, 251, 14, 26, 236, 219, 183, 65, 229, 144, 85, 230, 35, 97, 153, 39, 77, 154, 26, 102], [193, 60, 83, 32, 165, 152, 30, 251, 122, 242, 67, 19, 197, 159, 49, 173, 131, 241, 141, 51, 129, 240, 233, 241, 99, 101, 76, 21, 234, 99, 172, 252], [203, 201, 32, 197, 161, 130, 53, 82, 245, 187, 72, 125, 42, 91, 59, 236, 4, 133, 115, 55, 65, 139, 175, 10, 224, 142, 209, 52, 250, 98, 98, 114], [85, 79, 205, 27, 232, 49, 83, 109, 22, 120, 61, 132, 152, 184, 79, 212, 50, 84, 194, 132, 168, 175, 71, 239, 14, 233, 23, 27, 224, 234, 167, 242], [233, 93, 118, 236, 235, 10, 143, 128, 1, 142, 203, 53, 22, 163, 188, 60, 220, 152, 247, 137, 64, 48, 234, 67, 105, 229, 138, 30, 161, 24, 183, 53], [232, 247, 17, 47, 227, 172, 214, 107, 183, 119, 196, 212, 209, 110, 240, 58, 22, 6, 72, 153, 198, 115, 17, 23, 26, 60, 68, 14, 136, 165, 95, 104], [32, 134, 155, 17, 185, 122, 15, 241, 178, 55, 26, 87, 242, 127, 240, 207, 200, 123, 176, 100, 11, 168, 96, 42, 115, 40, 35, 22, 166, 228, 197, 162], [46, 148, 14, 13, 170, 29, 155, 252, 217, 242, 188, 194, 139, 233, 144, 70, 160, 63, 8, 31, 99, 44, 32, 202, 88, 18, 32, 34, 63, 128, 248, 35], [83, 242, 142, 206, 252, 222, 140, 247, 173, 27, 63, 163, 19, 166, 139, 71, 141, 102, 156, 188, 118, 77, 134, 102, 108, 234, 187, 39, 179, 65, 181, 191], [213, 227, 181, 144, 34, 109, 131, 133, 208, 17, 247, 207, 85, 35, 229, 121, 50, 28, 50, 115, 53, 7, 238, 2, 79, 75, 199, 14, 22, 79, 67, 160], [211, 189, 114, 12, 43, 111, 170, 147, 33, 216, 160, 123, 16, 70, 200, 69, 9, 3, 251, 99, 161, 244, 187, 93, 5, 215, 176, 38, 148, 187, 199, 24], [65, 168, 106, 171, 106, 93, 238, 226, 192, 88, 138, 199, 7, 53, 156, 7, 132, 41, 30, 69, 244, 152, 67, 222, 35, 3, 157, 33, 102, 152, 16, 87], [64, 187, 19, 53, 103, 79, 83, 134, 2, 138, 126, 46, 112, 23, 123, 56, 132, 113, 38, 37, 203, 193, 62, 215, 209, 95, 176, 5, 16, 179, 181, 191], [226, 200, 100, 90, 131, 76, 140, 78, 230, 251, 96, 119, 17, 152, 55, 105, 12, 144, 216, 5, 169, 60, 205, 153, 141, 214, 210, 36, 101, 2, 153, 80], [206, 94, 12, 26, 119, 190, 227, 150, 206, 1, 142, 73, 254, 193, 115, 85, 231, 171, 100, 10, 213, 187, 235, 167, 4, 145, 60, 37, 55, 74, 199, 24], [52, 195, 187, 225, 9, 126, 229, 25, 171, 110, 32, 32, 76, 192, 73, 24, 170, 181, 119, 178, 128, 99, 100, 71, 229, 119, 145, 11, 129, 168, 248, 52], [130, 88, 222, 69, 108, 251, 232, 200, 139, 53, 99, 49, 74, 46, 211, 109, 240, 160, 244, 171, 32, 18, 217, 6, 114, 145, 123, 34, 85, 47, 81, 136], [172, 25, 153, 10, 185, 164, 214, 187, 113, 188, 96, 104, 161, 18, 147, 128, 69, 157, 0, 253, 180, 6, 49, 195, 120, 193, 36, 9, 21, 228, 165, 85], [137, 36, 12, 9, 241, 163, 203, 167, 175, 0, 108, 138, 131, 157, 135, 78, 189, 99, 58, 2, 95, 219, 82, 210, 57, 30, 187, 22, 242, 205, 43, 80], [106, 114, 135, 49, 212, 37, 155, 172, 31, 174, 32, 47, 188, 69, 238, 0, 113, 168, 79, 187, 116, 153, 0, 30, 250, 140, 63, 39, 244, 132, 216, 171], [54, 195, 112, 34, 197, 170, 164, 38, 150, 250, 179, 228, 33, 114, 208, 225, 10, 226, 46, 206, 168, 208, 84, 204, 45, 189, 139, 31, 232, 43, 147, 73], [82, 216, 111, 173, 56, 231, 111, 247, 95, 119, 187, 183, 108, 254, 45, 139, 243, 245, 125, 33, 134, 150, 45, 66, 77, 93, 211, 19, 135, 32, 95, 149], [68, 243, 65, 42, 3, 131, 134, 60, 81, 225, 138, 223, 211, 13, 11, 225, 65, 6, 223, 160, 35, 72, 210, 41, 231, 56, 195, 43, 95, 209, 233, 142], [196, 179, 176, 142, 84, 227, 1, 113, 49, 243, 197, 223, 240, 89, 83, 246, 194, 79, 210, 150, 163, 9, 4, 159, 37, 241, 144, 28, 173, 200, 182, 180], [91, 111, 3, 160, 221, 100, 94, 103, 55, 199, 82, 36, 224, 48, 85, 160, 23, 230, 195, 156, 69, 160, 241, 45, 101, 155, 168, 0, 12, 163, 126, 134], [97, 105, 60, 112, 26, 113, 196, 196, 65, 188, 132, 1, 91, 247, 49, 231, 10, 253, 233, 161, 174, 145, 118, 128, 91, 208, 77, 15, 49, 248, 140, 110], [160, 118, 123, 190, 112, 229, 28, 205, 12, 213, 91, 9, 165, 178, 201, 233, 232, 60, 233, 26, 112, 6, 147, 123, 167, 118, 100, 34, 59, 90, 254, 81], [181, 34, 228, 203, 114, 89, 173, 163, 79, 174, 252, 149, 2, 97, 79, 154, 171, 72, 102, 22, 123, 14, 187, 96, 23, 126, 22, 33, 75, 236, 139, 96], [104, 100, 20, 9, 199, 45, 34, 73, 153, 214, 134, 210, 176, 15, 216, 31, 188, 124, 157, 119, 189, 248, 185, 93, 11, 193, 182, 45, 96, 141, 27, 211], [159, 154, 223, 11, 71, 23, 96, 121, 211, 49, 49, 105, 58, 184, 16, 46, 83, 85, 243, 161, 85, 189, 133, 206, 132, 38, 248, 3, 138, 201, 115, 83], [174, 197, 166, 233, 59, 254, 168, 247, 63, 43, 156, 253, 112, 41, 111, 175, 175, 129, 57, 103, 47, 218, 134, 201, 122, 31, 136, 41, 231, 111, 97, 5], [119, 241, 64, 48, 70, 179, 17, 239, 189, 56, 80, 46, 35, 160, 112, 83, 99, 240, 92, 22, 212, 226, 171, 18, 238, 39, 108, 44, 153, 86, 87, 88], [81, 91, 10, 19, 147, 116, 97, 100, 201, 32, 188, 135, 30, 73, 143, 23, 254, 155, 22, 98, 162, 206, 43, 197, 219, 172, 94, 9, 183, 118, 178, 162], [210, 127, 247, 222, 25, 162, 49, 243, 129, 240, 210, 219, 234, 68, 99, 30, 88, 197, 147, 0, 153, 97, 111, 95, 162, 218, 21, 25, 28, 163, 11, 208], [233, 20, 75, 198, 126, 240, 178, 206, 0, 162, 72, 91, 102, 56, 83, 23, 185, 61, 171, 97, 223, 95, 16, 33, 198, 5, 35, 49, 144, 134, 202, 53], [68, 12, 41, 93, 115, 40, 64, 117, 15, 122, 174, 187, 114, 19, 30, 99, 94, 128, 188, 183, 144, 62, 194, 129, 208, 115, 78, 23, 169, 237, 201, 186], [173, 30, 192, 1, 123, 29, 9, 170, 158, 35, 83, 131, 222, 40, 175, 158, 109, 194, 117, 96, 230, 178, 55, 118, 190, 151, 148, 21, 109, 67, 25, 254], [236, 51, 74, 138, 242, 195, 166, 64, 117, 135, 185, 142, 30, 102, 105, 253, 2, 142, 129, 135, 244, 248, 244, 84, 107, 235, 52, 31, 254, 209, 208, 39], [215, 68, 156, 125, 24, 47, 63, 82, 46, 32, 2, 194, 228, 64, 32, 2, 92, 83, 124, 137, 154, 48, 203, 196, 83, 100, 182, 34, 218, 185, 99, 218], [41, 88, 214, 177, 154, 6, 203, 39, 28, 227, 199, 8, 63, 242, 23, 132, 179, 183, 206, 48, 53, 167, 60, 140, 7, 99, 47, 17, 102, 52, 4, 234], [176, 192, 192, 26, 129, 196, 121, 215, 253, 141, 6, 206, 37, 184, 97, 90, 0, 247, 192, 148, 145, 236, 220, 199, 213, 248, 7, 31, 174, 47, 31, 190], [23, 109, 243, 114, 138, 26, 172, 69, 155, 152, 116, 195, 219, 210, 194, 42, 248, 0, 213, 135, 159, 186, 235, 196, 29, 164, 38, 17, 194, 19, 142, 142], [224, 244, 255, 159, 52, 22, 142, 184, 75, 137, 22, 114, 170, 30, 48, 232, 40, 96, 103, 37, 48, 251, 133, 114, 63, 22, 122, 12, 153, 205, 93, 26], [255, 30, 45, 201, 2, 176, 197, 34, 246, 209, 12, 212, 129, 133, 190, 86, 190, 68, 123, 48, 138, 229, 69, 28, 85, 170, 61, 31, 190, 135, 167, 53], [90, 121, 185, 8, 32, 61, 34, 224, 230, 90, 202, 254, 181, 70, 54, 121, 27, 207, 112, 134, 211, 106, 223, 144, 206, 228, 169, 0, 44, 129, 38, 30], [80, 146, 138, 173, 206, 234, 180, 63, 42, 252, 102, 229, 166, 4, 108, 45, 223, 113, 150, 60, 104, 178, 215, 208, 194, 218, 148, 14, 39, 144, 172, 160], [91, 184, 24, 7, 215, 96, 216, 188, 85, 12, 140, 146, 9, 115, 104, 29, 68, 179, 84, 11, 177, 245, 1, 78, 231, 20, 240, 21, 27, 124, 86, 186], [198, 249, 149, 142, 190, 223, 188, 40, 103, 110, 26, 178, 182, 83, 21, 84, 215, 211, 185, 123, 193, 237, 89, 16, 176, 115, 207, 33, 72, 160, 96, 172], [214, 243, 130, 152, 223, 249, 83, 79, 113, 61, 228, 140, 164, 70, 160, 51, 249, 14, 250, 187, 206, 190, 137, 44, 17, 189, 143, 38, 253, 228, 138, 192], [30, 127, 250, 98, 206, 231, 243, 108, 253, 33, 106, 108, 0, 176, 64, 61, 163, 129, 150, 252, 4, 166, 43, 8, 32, 234, 73, 32, 243, 77, 166, 98], [58, 205, 217, 36, 120, 39, 103, 125, 147, 8, 164, 212, 250, 58, 206, 234, 46, 192, 121, 151, 243, 45, 243, 94, 120, 83, 245, 7, 74, 24, 242, 23], [248, 12, 38, 217, 190, 226, 125, 251, 147, 72, 23, 43, 93, 168, 64, 68, 19, 196, 185, 187, 36, 250, 5, 217, 82, 100, 26, 16, 237, 12, 120, 129], [244, 131, 223, 254, 251, 62, 167, 26, 110, 231, 19, 122, 38, 199, 62, 188, 8, 152, 0, 186, 67, 235, 116, 181, 1, 55, 165, 12, 47, 10, 137, 188], [246, 200, 196, 4, 83, 229, 221, 191, 122, 35, 27, 165, 8, 215, 145, 105, 69, 154, 244, 113, 125, 128, 10, 89, 49, 185, 43, 11, 136, 29, 41, 166], [205, 176, 214, 164, 237, 192, 101, 65, 192, 108, 140, 214, 205, 65, 193, 146, 173, 52, 243, 46, 189, 189, 232, 15, 206, 117, 75, 36, 24, 243, 243, 27], [32, 195, 91, 55, 58, 229, 147, 168, 22, 71, 102, 242, 84, 129, 239, 23, 113, 171, 91, 70, 172, 31, 39, 136, 65, 149, 56, 37, 200, 223, 185, 157], [81, 138, 46, 182, 239, 213, 52, 24, 43, 20, 67, 99, 165, 150, 192, 39, 187, 35, 232, 74, 66, 132, 171, 193, 71, 210, 237, 23, 87, 63, 246, 245], [199, 94, 171, 53, 131, 102, 141, 82, 205, 97, 212, 47, 86, 220, 171, 91, 107, 171, 131, 127, 138, 66, 231, 234, 29, 71, 101, 16, 26, 204, 91, 230], [229, 225, 226, 27, 96, 80, 242, 8, 186, 230, 50, 179, 117, 7, 215, 224, 243, 236, 112, 30, 39, 17, 245, 72, 253, 33, 230, 17, 240, 189, 134, 226], [78, 45, 117, 6, 10, 100, 228, 21, 196, 8, 173, 103, 7, 124, 213, 37, 75, 154, 204, 56, 159, 93, 74, 246, 84, 7, 255, 31, 135, 9, 221, 19], [72, 145, 70, 105, 205, 55, 187, 131, 56, 9, 107, 144, 167, 220, 145, 165, 226, 254, 64, 182, 72, 201, 12, 194, 182, 151, 183, 8, 61, 157, 156, 20], [244, 113, 245, 71, 124, 51, 116, 254, 97, 106, 177, 162, 15, 233, 249, 165, 210, 60, 158, 174, 67, 36, 176, 152, 62, 243, 232, 47, 147, 117, 193, 56], [227, 106, 223, 138, 110, 183, 23, 234, 221, 141, 78, 187, 186, 61, 16, 124, 9, 77, 205, 79, 193, 211, 169, 255, 221, 167, 191, 38, 10, 96, 224, 195], [34, 26, 43, 244, 16, 151, 253, 105, 47, 0, 208, 244, 77, 111, 135, 219, 227, 8, 178, 9, 230, 123, 129, 72, 52, 91, 123, 0, 54, 39, 120, 195], [52, 215, 41, 228, 34, 100, 123, 27, 182, 35, 150, 186, 190, 183, 83, 82, 201, 92, 53, 150, 89, 36, 66, 30, 12, 229, 147, 8, 147, 227, 52, 103], [199, 26, 176, 74, 242, 253, 188, 14, 146, 95, 190, 239, 40, 119, 119, 82, 105, 251, 164, 75, 104, 202, 201, 229, 80, 156, 144, 34, 106, 215, 2, 134], [37, 203, 174, 173, 17, 252, 50, 185, 158, 32, 162, 31, 96, 86, 248, 231, 156, 25, 13, 226, 203, 96, 187, 1, 12, 201, 214, 42, 180, 25, 72, 113], [79, 113, 112, 241, 154, 204, 180, 89, 255, 10, 195, 167, 52, 225, 9, 47, 77, 74, 171, 108, 193, 213, 103, 251, 33, 178, 211, 13, 68, 26, 3, 240], [40, 212, 92, 141, 23, 80, 184, 128, 136, 95, 198, 237, 145, 171, 126, 241, 105, 133, 24, 97, 191, 34, 232, 167, 211, 63, 63, 29, 141, 152, 168, 229], [180, 28, 113, 46, 231, 255, 148, 46, 152, 6, 129, 86, 242, 227, 20, 200, 13, 134, 132, 185, 90, 131, 55, 243, 72, 73, 174, 26, 79, 98, 152, 156], [252, 68, 103, 206, 3, 10, 137, 110, 244, 48, 71, 58, 32, 155, 46, 165, 59, 163, 150, 146, 162, 10, 54, 141, 201, 223, 14, 45, 186, 100, 212, 242], [97, 111, 175, 13, 166, 202, 220, 57, 249, 99, 0, 65, 107, 116, 108, 185, 168, 191, 203, 254, 206, 28, 250, 237, 41, 5, 182, 21, 176, 145, 107, 115], [175, 226, 9, 141, 141, 35, 108, 238, 238, 103, 198, 253, 16, 96, 100, 168, 184, 213, 147, 99, 130, 20, 117, 146, 209, 234, 131, 18, 206, 114, 144, 207], [201, 205, 187, 23, 203, 121, 9, 171, 95, 57, 120, 227, 136, 183, 137, 160, 230, 231, 84, 176, 254, 136, 111, 196, 56, 73, 208, 41, 152, 84, 214, 191], [133, 229, 114, 126, 153, 51, 31, 21, 194, 22, 95, 177, 229, 239, 111, 183, 103, 182, 207, 181, 58, 1, 202, 147, 245, 78, 141, 14, 121, 138, 236, 8], [77, 190, 100, 36, 194, 80, 104, 189, 49, 49, 9, 180, 212, 160, 247, 224, 207, 93, 251, 7, 43, 23, 194, 28, 58, 5, 148, 6, 131, 59, 254, 33], [153, 23, 105, 108, 167, 191, 30, 232, 140, 171, 17, 34, 25, 140, 207, 26, 238, 179, 155, 222, 229, 77, 40, 250, 215, 37, 229, 34, 11, 73, 51, 219], [241, 113, 29, 78, 243, 57, 106, 190, 19, 21, 23, 1, 44, 235, 231, 17, 16, 56, 190, 72, 4, 64, 148, 229, 62, 181, 102, 33, 147, 42, 189, 61], [126, 88, 154, 26, 222, 209, 186, 199, 20, 123, 149, 107, 35, 52, 155, 107, 163, 132, 140, 101, 242, 219, 131, 17, 93, 33, 88, 23, 60, 180, 73, 253], [36, 26, 3, 238, 153, 144, 7, 170, 125, 85, 106, 150, 49, 109, 153, 111, 166, 13, 146, 111, 37, 96, 157, 251, 51, 153, 253, 14, 142, 77, 11, 184], [148, 82, 73, 176, 74, 248, 4, 173, 51, 111, 202, 52, 163, 24, 130, 14, 28, 68, 100, 196, 40, 195, 89, 50, 216, 69, 163, 32, 250, 211, 228, 41], [6, 170, 202, 203, 121, 182, 9, 26, 55, 222, 177, 11, 95, 75, 109, 189, 222, 86, 58, 188, 127, 62, 43, 104, 132, 196, 106, 20, 81, 45, 217, 1], [103, 219, 149, 161, 29, 176, 242, 127, 193, 229, 184, 27, 128, 51, 50, 121, 99, 28, 20, 5, 186, 107, 116, 47, 249, 84, 171, 19, 77, 41, 152, 174], [16, 226, 85, 112, 19, 20, 104, 78, 90, 140, 207, 139, 254, 12, 20, 196, 215, 238, 21, 252, 169, 97, 6, 121, 238, 137, 249, 27, 70, 227, 33, 130], [7, 172, 153, 21, 150, 41, 204, 16, 52, 45, 147, 61, 76, 225, 50, 132, 178, 170, 47, 225, 97, 220, 4, 243, 48, 234, 61, 38, 19, 185, 162, 106], [152, 135, 104, 34, 235, 29, 95, 191, 112, 19, 139, 156, 163, 191, 223, 213, 155, 171, 15, 20, 100, 247, 178, 103, 138, 237, 30, 45, 108, 143, 72, 11], [99, 50, 69, 189, 170, 163, 44, 49, 4, 92, 250, 196, 224, 10, 4, 149, 252, 131, 217, 229, 209, 108, 139, 132, 192, 3, 199, 24, 52, 68, 218, 109], [126, 4, 184, 25, 162, 172, 18, 169, 32, 87, 246, 250, 185, 152, 161, 171, 26, 154, 64, 164, 197, 168, 126, 121, 232, 96, 69, 3, 251, 101, 190, 22], [42, 134, 242, 23, 35, 213, 216, 218, 111, 114, 186, 47, 124, 58, 81, 168, 147, 237, 20, 23, 172, 98, 182, 16, 134, 16, 248, 27, 86, 170, 67, 38], [250, 236, 41, 161, 163, 13, 255, 122, 185, 184, 19, 67, 190, 68, 163, 41, 113, 54, 247, 140, 206, 152, 37, 154, 108, 33, 7, 20, 177, 98, 30, 188], [46, 3, 233, 17, 102, 101, 4, 235, 224, 6, 36, 96, 128, 85, 222, 199, 174, 250, 159, 89, 181, 69, 179, 30, 234, 122, 16, 27, 241, 82, 57, 178], [28, 159, 246, 154, 233, 188, 114, 237, 215, 177, 109, 84, 159, 19, 222, 87, 69, 15, 89, 43, 91, 7, 12, 71, 6, 45, 93, 28, 70, 90, 120, 201], [208, 146, 46, 165, 135, 71, 98, 211, 70, 147, 177, 176, 179, 128, 22, 143, 105, 120, 141, 189, 3, 141, 224, 123, 135, 156, 215, 33, 89, 208, 96, 54], [148, 39, 187, 168, 234, 211, 227, 115, 31, 193, 9, 99, 103, 181, 203, 237, 18, 110, 141, 88, 69, 181, 90, 151, 253, 153, 153, 17, 201, 146, 87, 76], [255, 80, 141, 109, 72, 48, 239, 39, 161, 165, 84, 201, 250, 211, 36, 232, 210, 183, 246, 159, 187, 116, 195, 22, 194, 104, 235, 46, 238, 44, 28, 162], [130, 100, 101, 147, 162, 246, 141, 244, 113, 169, 119, 52, 246, 162, 181, 147, 163, 215, 194, 95, 228, 234, 214, 73, 117, 180, 202, 30, 242, 243, 242, 122], [198, 201, 17, 91, 167, 205, 239, 155, 86, 2, 160, 149, 179, 202, 230, 18, 75, 97, 140, 207, 89, 253, 58, 123, 78, 150, 75, 37, 3, 150, 127, 15], [49, 85, 253, 221, 21, 24, 161, 85, 81, 152, 167, 174, 2, 107, 189, 164, 176, 214, 193, 121, 49, 152, 18, 91, 200, 0, 152, 3, 166, 187, 120, 212], [42, 4, 26, 208, 2, 41, 218, 183, 82, 97, 17, 103, 34, 238, 187, 18, 191, 91, 2, 251, 54, 164, 123, 68, 49, 134, 211, 39, 68, 103, 253, 200], [229, 54, 35, 94, 119, 178, 208, 18, 64, 210, 217, 232, 90, 237, 195, 220, 5, 111, 142, 62, 248, 7, 31, 134, 170, 77, 204, 44, 238, 201, 147, 71], [62, 218, 19, 46, 164, 222, 148, 10, 163, 109, 59, 48, 52, 106, 68, 135, 135, 214, 234, 71, 169, 40, 242, 86, 254, 238, 29, 6, 220, 60, 95, 183], [72, 95, 186, 12, 112, 189, 127, 69, 155, 90, 67, 133, 93, 132, 217, 63, 100, 230, 62, 169, 71, 57, 8, 190, 119, 12, 79, 25, 40, 150, 149, 251], [1, 228, 252, 158, 98, 4, 97, 190, 237, 224, 82, 118, 109, 135, 213, 184, 78, 107, 198, 215, 63, 46, 10, 40, 223, 93, 150, 27, 107, 192, 29, 33], [206, 44, 102, 47, 29, 13, 242, 34, 246, 15, 62, 18, 0, 212, 167, 65, 82, 95, 17, 15, 226, 102, 41, 35, 251, 65, 21, 23, 193, 150, 228, 172], [211, 193, 167, 241, 154, 126, 244, 157, 119, 104, 90, 100, 37, 181, 199, 4, 36, 237, 249, 95, 81, 35, 5, 249, 65, 208, 54, 46, 68, 36, 2, 154], [253, 134, 173, 218, 175, 184, 168, 191, 230, 141, 198, 87, 20, 200, 56, 21, 84, 153, 157, 195, 229, 11, 30, 147, 105, 152, 37, 9, 187, 136, 144, 104], [225, 251, 239, 88, 47, 15, 72, 246, 229, 66, 85, 250, 103, 222, 2, 94, 117, 119, 56, 182, 202, 62, 243, 41, 164, 117, 60, 33, 3, 217, 122, 62], [25, 5, 115, 97, 221, 17, 201, 168, 170, 220, 186, 63, 73, 144, 72, 108, 98, 172, 178, 244, 67, 148, 19, 78, 9, 182, 62, 39, 214, 83, 220, 237], [88, 150, 220, 21, 219, 81, 229, 87, 235, 87, 155, 93, 123, 202, 50, 238, 8, 184, 85, 91, 200, 200, 46, 137, 96, 10, 154, 21, 74, 66, 9, 3], [148, 26, 29, 141, 48, 77, 101, 138, 234, 198, 134, 194, 49, 186, 106, 63, 20, 233, 174, 239, 228, 48, 103, 126, 89, 242, 151, 31, 181, 206, 72, 59], [161, 109, 70, 60, 153, 239, 83, 65, 164, 42, 4, 109, 41, 141, 203, 221, 101, 240, 91, 81, 54, 36, 72, 29, 201, 117, 177, 47, 253, 186, 115, 213], [130, 113, 3, 175, 92, 125, 12, 222, 166, 163, 250, 212, 43, 158, 22, 66, 162, 92, 161, 200, 68, 111, 202, 98, 25, 92, 204, 16, 101, 21, 104, 28], [38, 46, 69, 78, 128, 254, 130, 29, 164, 32, 108, 64, 215, 11, 16, 144, 214, 123, 90, 108, 190, 57, 115, 172, 20, 106, 90, 48, 217, 50, 106, 254], [35, 4, 166, 127, 140, 79, 90, 112, 152, 250, 240, 180, 57, 142, 181, 68, 190, 206, 223, 211, 35, 122, 47, 252, 0, 225, 75, 44, 68, 177, 135, 45], [250, 74, 15, 71, 251, 203, 243, 85, 195, 240, 20, 187, 51, 116, 128, 124, 27, 188, 186, 28, 80, 84, 128, 239, 247, 214, 62, 42, 110, 202, 18, 218], [242, 135, 122, 188, 0, 123, 23, 248, 248, 111, 144, 226, 35, 202, 203, 60, 248, 118, 112, 228, 5, 38, 2, 229, 113, 109, 24, 4, 63, 155, 151, 242], [216, 17, 33, 99, 26, 170, 199, 160, 53, 57, 163, 196, 54, 75, 252, 253, 33, 86, 43, 244, 55, 153, 100, 238, 18, 150, 19, 8, 60, 127, 116, 74], [253, 101, 125, 34, 125, 131, 146, 229, 245, 169, 179, 134, 224, 204, 139, 141, 215, 130, 160, 13, 155, 248, 119, 120, 40, 101, 101, 18, 151, 100, 81, 210], [176, 116, 83, 31, 52, 51, 68, 19, 84, 129, 182, 39, 216, 200, 40, 81, 136, 145, 162, 237, 164, 111, 44, 91, 127, 240, 239, 43, 11, 126, 8, 142], [25, 38, 163, 25, 16, 71, 223, 130, 155, 192, 205, 16, 125, 139, 245, 243, 222, 194, 175, 170, 142, 167, 185, 104, 74, 233, 254, 29, 236, 168, 88, 65], [107, 93, 21, 159, 84, 181, 2, 30, 85, 47, 69, 241, 90, 113, 203, 9, 83, 114, 237, 254, 138, 68, 40, 115, 93, 126, 77, 16, 11, 239, 196, 130], [146, 26, 100, 6, 90, 213, 82, 160, 213, 167, 172, 53, 9, 143, 134, 215, 70, 194, 71, 116, 35, 104, 97, 102, 25, 131, 177, 25, 233, 112, 146, 50], [18, 90, 248, 20, 114, 28, 75, 227, 69, 236, 69, 228, 169, 192, 48, 154, 220, 201, 35, 191, 163, 12, 154, 157, 117, 129, 37, 37, 60, 14, 184, 85], [132, 113, 188, 53, 51, 245, 30, 200, 187, 194, 212, 97, 84, 201, 250, 169, 111, 131, 8, 68, 6, 56, 208, 122, 89, 203, 178, 22, 7, 37, 220, 235], [148, 212, 219, 201, 80, 96, 27, 120, 131, 106, 91, 16, 49, 5, 239, 63, 6, 37, 6, 240, 80, 126, 127, 101, 138, 71, 69, 38, 1, 216, 23, 236], [76, 225, 149, 164, 202, 137, 219, 46, 232, 165, 137, 32, 143, 16, 133, 39, 40, 93, 2, 208, 213, 186, 32, 156, 145, 218, 95, 7, 246, 39, 159, 38], [229, 154, 214, 109, 141, 207, 20, 210, 198, 153, 239, 46, 164, 113, 139, 255, 58, 147, 39, 12, 40, 49, 54, 96, 134, 148, 41, 16, 70, 37, 101, 236], [201, 170, 138, 151, 194, 64, 150, 57, 169, 196, 247, 118, 206, 71, 252, 89, 142, 232, 77, 232, 83, 229, 16, 69, 225, 115, 4, 41, 50, 209, 2, 119], [140, 131, 173, 212, 18, 186, 177, 55, 172, 20, 135, 49, 192, 212, 251, 91, 158, 175, 183, 34, 99, 101, 39, 112, 191, 58, 149, 41, 0, 31, 68, 134], [173, 11, 233, 50, 167, 192, 253, 55, 66, 107, 42, 30, 207, 82, 177, 198, 203, 80, 94, 159, 31, 33, 32, 57, 231, 35, 118, 22, 33, 221, 175, 139], [161, 239, 20, 234, 175, 32, 17, 241, 130, 253, 208, 116, 120, 19, 24, 137, 37, 51, 142, 81, 156, 39, 181, 249, 186, 72, 36, 31, 71, 222, 56, 82], [105, 128, 55, 9, 230, 9, 116, 48, 79, 255, 86, 121, 142, 5, 208, 186, 234, 244, 241, 24, 10, 127, 17, 168, 139, 42, 238, 25, 255, 76, 63, 119], [77, 210, 105, 243, 5, 170, 189, 207, 3, 27, 222, 155, 13, 111, 102, 134, 139, 94, 250, 169, 255, 82, 8, 9, 212, 26, 209, 32, 145, 192, 78, 57], [197, 193, 94, 226, 14, 218, 227, 217, 116, 170, 130, 145, 15, 76, 29, 145, 225, 208, 74, 115, 166, 61, 217, 100, 107, 136, 216, 11, 186, 35, 126, 18], [47, 199, 91, 245, 140, 156, 22, 233, 182, 165, 168, 246, 13, 83, 171, 65, 92, 113, 106, 111, 131, 129, 215, 95, 111, 123, 184, 35, 182, 60, 46, 159], [81, 202, 193, 89, 126, 240, 141, 142, 28, 192, 254, 5, 78, 12, 100, 240, 212, 116, 5, 69, 131, 98, 88, 124, 7, 198, 139, 36, 150, 228, 239, 7], [221, 189, 36, 222, 10, 84, 100, 142, 55, 163, 136, 134, 15, 170, 16, 8, 182, 227, 33, 131, 156, 158, 130, 234, 124, 155, 135, 0, 181, 246, 30, 240], [21, 141, 126, 34, 75, 163, 61, 141, 75, 39, 246, 97, 160, 19, 15, 112, 89, 184, 57, 160, 192, 176, 118, 213, 248, 116, 41, 26, 65, 136, 5, 159], [178, 89, 211, 185, 74, 237, 42, 137, 151, 236, 255, 115, 224, 88, 43, 230, 85, 188, 249, 68, 125, 40, 140, 86, 239, 36, 132, 4, 146, 6, 94, 232], [0, 255, 161, 25, 66, 39, 52, 219, 69, 67, 139, 53, 189, 68, 114, 17, 93, 141, 22, 24, 105, 239, 186, 11, 122, 217, 58, 22, 99, 80, 156, 253], [225, 223, 188, 24, 98, 223, 186, 241, 167, 80, 80, 33, 80, 27, 57, 238, 115, 12, 83, 112, 51, 134, 68, 49, 19, 118, 115, 32, 89, 166, 232, 2], [63, 205, 69, 153, 104, 226, 182, 88, 215, 158, 241, 170, 201, 146, 152, 121, 64, 238, 86, 237, 75, 54, 110, 135, 136, 81, 113, 25, 244, 14, 64, 14], [43, 244, 59, 81, 214, 33, 81, 198, 99, 118, 207, 66, 201, 43, 23, 66, 115, 110, 173, 217, 40, 178, 106, 158, 213, 70, 107, 20, 238, 86, 148, 213], [215, 190, 218, 162, 36, 232, 186, 15, 186, 203, 143, 236, 147, 197, 232, 7, 118, 87, 249, 202, 221, 105, 195, 89, 234, 252, 242, 22, 159, 241, 34, 10], [176, 194, 41, 235, 190, 61, 118, 252, 255, 198, 173, 35, 7, 255, 128, 47, 5, 128, 237, 206, 130, 189, 60, 156, 183, 232, 203, 4, 106, 25, 119, 18], [177, 44, 153, 58, 21, 70, 202, 120, 38, 16, 16, 27, 175, 167, 176, 205, 225, 79, 102, 9, 163, 92, 95, 7, 116, 78, 60, 10, 140, 172, 216, 18], [124, 3, 248, 13, 48, 158, 16, 68, 32, 26, 205, 164, 180, 160, 29, 50, 25, 21, 95, 213, 182, 207, 104, 84, 106, 146, 169, 23, 221, 227, 5, 198], [101, 95, 135, 1, 120, 132, 167, 239, 106, 90, 113, 124, 174, 176, 208, 179, 212, 245, 233, 174, 134, 67, 210, 217, 254, 255, 39, 38, 13, 142, 117, 211], [170, 152, 225, 180, 172, 180, 57, 141, 42, 104, 13, 39, 168, 147, 196, 42, 75, 120, 107, 134, 165, 102, 202, 64, 186, 209, 230, 16, 213, 65, 2, 30], [17, 215, 167, 26, 139, 6, 126, 251, 109, 27, 67, 237, 156, 177, 111, 238, 204, 73, 160, 12, 159, 154, 246, 144, 227, 108, 187, 40, 199, 253, 186, 174], [22, 119, 254, 253, 19, 254, 248, 202, 93, 198, 86, 117, 138, 55, 180, 205, 156, 135, 174, 254, 235, 205, 94, 130, 213, 112, 31, 19, 114, 187, 122, 186], [5, 181, 120, 33, 2, 196, 243, 108, 35, 79, 62, 170, 192, 166, 17, 147, 233, 251, 175, 171, 138, 5, 59, 80, 143, 225, 168, 7, 179, 226, 37, 245], [145, 169, 153, 252, 254, 95, 160, 122, 173, 249, 208, 245, 203, 140, 178, 248, 61, 72, 140, 16, 0, 133, 232, 36, 234, 1, 206, 20, 101, 244, 125, 148], [49, 104, 205, 45, 15, 62, 53, 112, 114, 99, 184, 92, 7, 2, 249, 151, 160, 5, 56, 223, 10, 81, 214, 181, 105, 85, 66, 20, 9, 51, 40, 115], [188, 245, 239, 28, 87, 202, 186, 76, 104, 119, 23, 220, 164, 46, 227, 93, 198, 236, 66, 86, 70, 56, 155, 122, 23, 1, 143, 44, 226, 8, 255, 67], [229, 35, 83, 14, 126, 140, 60, 248, 30, 7, 201, 58, 86, 86, 136, 233, 21, 64, 24, 217, 30, 79, 91, 43, 9, 249, 33, 28, 119, 157, 61, 1], [70, 106, 166, 165, 82, 30, 205, 1, 214, 49, 75, 164, 165, 187, 143, 85, 177, 238, 252, 152, 205, 249, 237, 92, 58, 133, 205, 12, 115, 48, 117, 11], [161, 133, 40, 126, 11, 208, 250, 105, 92, 9, 127, 56, 158, 77, 177, 157, 129, 177, 80, 51, 8, 3, 21, 86, 196, 40, 37, 24, 255, 57, 34, 191], [178, 140, 219, 229, 77, 64, 248, 111, 35, 26, 67, 61, 206, 192, 233, 101, 235, 164, 173, 217, 97, 250, 216, 6, 50, 141, 51, 40, 212, 204, 7, 205], [117, 6, 248, 189, 129, 250, 118, 254, 52, 97, 2, 95, 191, 10, 208, 227, 52, 148, 255, 132, 33, 157, 28, 139, 174, 37, 63, 24, 161, 190, 0, 137], [59, 141, 123, 221, 127, 7, 153, 200, 69, 198, 150, 253, 160, 71, 42, 64, 102, 159, 19, 112, 113, 241, 113, 83, 134, 24, 17, 20, 190, 5, 135, 26], [90, 244, 74, 144, 233, 162, 75, 240, 221, 195, 30, 13, 239, 52, 117, 121, 100, 5, 192, 111, 202, 66, 207, 255, 5, 129, 56, 30, 175, 31, 92, 117], [177, 82, 18, 213, 171, 249, 254, 223, 72, 98, 227, 5, 27, 61, 150, 148, 55, 155, 254, 44, 239, 155, 103, 237, 213, 185, 39, 29, 137, 247, 245, 189], [188, 151, 213, 171, 163, 39, 38, 120, 179, 166, 98, 138, 110, 35, 12, 8, 82, 64, 144, 72, 95, 93, 98, 225, 108, 205, 43, 18, 200, 16, 46, 198], [159, 213, 134, 238, 149, 93, 76, 207, 88, 227, 58, 102, 22, 82, 186, 100, 131, 38, 114, 93, 248, 153, 36, 37, 138, 130, 30, 34, 163, 108, 135, 255], [150, 94, 181, 104, 65, 166, 227, 25, 85, 132, 89, 90, 144, 37, 196, 255, 71, 204, 215, 20, 230, 17, 253, 116, 7, 36, 26, 30, 77, 118, 185, 34], [127, 38, 156, 123, 89, 203, 212, 55, 33, 97, 15, 161, 141, 255, 115, 9, 111, 40, 80, 200, 91, 88, 26, 7, 192, 69, 164, 15, 164, 144, 245, 216], [127, 45, 107, 211, 75, 36, 142, 78, 60, 230, 39, 61, 205, 50, 189, 129, 110, 121, 120, 163, 67, 142, 52, 108, 107, 42, 74, 18, 99, 174, 126, 119], [250, 196, 27, 234, 135, 51, 221, 48, 132, 212, 4, 221, 172, 112, 169, 250, 124, 211, 138, 152, 73, 193, 54, 51, 2, 32, 234, 47, 215, 124, 60, 185], [8, 43, 40, 87, 27, 58, 145, 150, 109, 119, 228, 242, 99, 36, 100, 2, 165, 91, 71, 214, 127, 215, 108, 80, 90, 255, 36, 15, 18, 5, 80, 130], [87, 116, 235, 164, 23, 16, 156, 1, 235, 209, 16, 160, 159, 201, 219, 85, 118, 198, 164, 206, 207, 43, 27, 100, 133, 221, 131, 10, 112, 128, 64, 31], [14, 97, 248, 228, 113, 144, 224, 209, 35, 243, 156, 164, 249, 51, 29, 127, 17, 234, 8, 226, 169, 200, 196, 144, 24, 79, 63, 33, 125, 38, 134, 12], [48, 68, 91, 212, 57, 126, 184, 154, 123, 254, 97, 244, 143, 248, 179, 245, 2, 174, 32, 90, 44, 22, 144, 64, 11, 146, 192, 30, 253, 130, 179, 185], [116, 133, 225, 48, 46, 250, 32, 31, 117, 212, 66, 90, 225, 53, 118, 43, 156, 69, 110, 45, 0, 83, 214, 193, 149, 172, 64, 18, 180, 147, 172, 8], [102, 128, 152, 221, 79, 229, 147, 250, 49, 106, 16, 66, 31, 203, 89, 110, 202, 179, 60, 215, 51, 136, 244, 194, 146, 197, 251, 19, 74, 122, 201, 30], [162, 6, 63, 11, 95, 208, 80, 73, 28, 150, 62, 61, 124, 34, 11, 86, 26, 0, 226, 138, 41, 77, 91, 31, 221, 161, 35, 30, 175, 69, 12, 226], [133, 210, 199, 161, 15, 26, 35, 232, 19, 179, 15, 88, 90, 28, 5, 211, 14, 148, 7, 190, 255, 26, 100, 174, 235, 150, 13, 11, 20, 117, 180, 24], [174, 31, 62, 71, 255, 148, 47, 13, 0, 60, 67, 187, 67, 177, 203, 11, 199, 163, 212, 224, 11, 194, 140, 241, 212, 204, 133, 14, 196, 251, 217, 199], [195, 15, 164, 109, 226, 249, 114, 186, 35, 33, 111, 16, 10, 18, 205, 131, 6, 2, 209, 105, 150, 120, 174, 150, 34, 205, 209, 24, 51, 136, 200, 191], [104, 108, 226, 244, 141, 53, 66, 91, 145, 46, 62, 220, 25, 167, 181, 117, 239, 161, 123, 215, 29, 222, 164, 239, 157, 129, 222, 33, 247, 36, 146, 195], [126, 9, 131, 188, 217, 9, 213, 16, 168, 123, 213, 173, 141, 87, 240, 108, 78, 115, 93, 44, 32, 87, 237, 109, 92, 15, 121, 34, 164, 201, 51, 208], [96, 69, 212, 129, 236, 138, 65, 152, 103, 196, 143, 205, 25, 86, 25, 130, 245, 136, 180, 143, 229, 75, 153, 224, 192, 239, 17, 45, 2, 70, 125, 90], [155, 105, 196, 43, 73, 234, 1, 179, 24, 48, 249, 56, 71, 224, 24, 177, 66, 169, 179, 66, 129, 91, 236, 177, 160, 80, 170, 42, 163, 51, 73, 8], [182, 70, 76, 186, 160, 63, 48, 208, 41, 166, 241, 201, 67, 2, 104, 255, 192, 188, 155, 40, 68, 84, 152, 0, 178, 94, 82, 3, 16, 218, 32, 150], [2, 236, 88, 186, 79, 4, 24, 167, 57, 237, 105, 113, 165, 87, 91, 78, 214, 23, 208, 19, 189, 89, 119, 196, 77, 26, 74, 25, 48, 251, 253, 139], [221, 7, 118, 93, 54, 33, 109, 145, 195, 233, 73, 252, 53, 8, 27, 199, 67, 223, 120, 130, 98, 52, 235, 24, 225, 71, 128, 17, 219, 172, 73, 91], [199, 235, 242, 73, 62, 114, 35, 238, 0, 173, 127, 144, 230, 199, 81, 213, 168, 59, 183, 108, 152, 225, 255, 137, 40, 15, 40, 10, 23, 2, 127, 76], [57, 132, 170, 222, 86, 169, 4, 215, 205, 128, 55, 155, 39, 80, 102, 186, 114, 102, 215, 53, 199, 107, 70, 200, 145, 6, 228, 30, 45, 215, 30, 103], [82, 177, 113, 143, 182, 197, 19, 163, 243, 215, 127, 57, 162, 248, 250, 16, 150, 252, 16, 107, 172, 99, 254, 89, 69, 145, 149, 47, 60, 18, 46, 204], [125, 119, 100, 90, 170, 166, 155, 70, 219, 89, 129, 75, 117, 123, 154, 138, 248, 179, 249, 191, 175, 203, 197, 95, 74, 216, 32, 43, 99, 130, 134, 105], [172, 56, 205, 164, 89, 175, 108, 13, 190, 109, 241, 33, 67, 102, 43, 184, 2, 52, 174, 176, 25, 255, 1, 32, 81, 253, 2, 30, 11, 235, 78, 12], [153, 20, 188, 225, 226, 35, 214, 33, 182, 16, 0, 76, 232, 220, 230, 246, 189, 145, 86, 248, 121, 212, 107, 129, 40, 118, 67, 5, 1, 204, 175, 87], [102, 204, 45, 53, 207, 9, 143, 229, 207, 229, 84, 155, 83, 203, 3, 50, 253, 118, 59, 157, 63, 189, 153, 5, 213, 7, 96, 46, 196, 131, 184, 185], [72, 63, 252, 199, 86, 47, 17, 83, 121, 25, 190, 1, 184, 159, 177, 93, 205, 192, 193, 84, 181, 127, 56, 56, 68, 248, 203, 16, 180, 97, 190, 238], [113, 9, 149, 161, 30, 149, 235, 223, 124, 21, 43, 219, 124, 68, 29, 249, 219, 13, 88, 15, 123, 214, 248, 56, 170, 43, 79, 26, 131, 121, 196, 30], [206, 76, 36, 116, 54, 155, 96, 21, 24, 81, 195, 149, 165, 184, 207, 35, 233, 132, 142, 99, 116, 32, 249, 168, 46, 86, 152, 31, 15, 108, 47, 14], [179, 11, 129, 1, 52, 219, 164, 51, 77, 142, 36, 254, 27, 146, 204, 1, 210, 24, 73, 161, 230, 11, 206, 131, 221, 243, 190, 19, 177, 217, 168, 110], [103, 107, 36, 228, 255, 60, 179, 42, 58, 152, 244, 103, 144, 178, 52, 211, 187, 17, 132, 188, 123, 130, 131, 155, 20, 64, 43, 5, 36, 163, 34, 29], [159, 202, 212, 78, 94, 30, 163, 88, 179, 233, 37, 24, 150, 178, 17, 103, 24, 83, 90, 37, 219, 76, 22, 10, 50, 127, 166, 37, 150, 35, 212, 105], [175, 32, 252, 87, 141, 141, 190, 61, 87, 210, 140, 47, 205, 165, 76, 174, 250, 51, 204, 251, 173, 29, 174, 69, 94, 14, 57, 43, 239, 119, 232, 60], [122, 6, 253, 135, 23, 57, 216, 41, 236, 41, 111, 101, 47, 68, 14, 255, 120, 224, 4, 184, 178, 147, 21, 166, 176, 167, 213, 26, 40, 20, 63, 188], [235, 27, 13, 15, 184, 142, 46, 110, 160, 57, 10, 243, 92, 112, 161, 249, 56, 195, 153, 181, 158, 239, 227, 149, 179, 211, 69, 9, 211, 87, 23, 187], [126, 26, 102, 238, 186, 77, 2, 4, 5, 94, 136, 253, 74, 239, 44, 6, 196, 50, 66, 92, 245, 92, 182, 204, 110, 110, 98, 44, 31, 233, 61, 28], [43, 112, 19, 45, 213, 59, 67, 250, 240, 48, 119, 164, 0, 232, 223, 135, 125, 130, 182, 2, 139, 176, 77, 75, 191, 122, 30, 39, 238, 219, 58, 168], [201, 228, 245, 89, 245, 185, 56, 168, 178, 234, 107, 72, 219, 191, 176, 167, 68, 152, 177, 54, 164, 251, 144, 212, 37, 158, 41, 23, 184, 40, 212, 248], [192, 211, 102, 80, 39, 211, 147, 21, 26, 189, 212, 220, 245, 151, 143, 0, 178, 210, 93, 39, 27, 134, 164, 250, 117, 218, 52, 45, 40, 29, 42, 64], [208, 132, 255, 41, 152, 178, 220, 235, 140, 161, 109, 179, 125, 179, 88, 229, 255, 162, 183, 234, 91, 63, 220, 74, 117, 125, 237, 5, 143, 212, 168, 223], [85, 184, 185, 235, 101, 247, 221, 82, 119, 173, 172, 186, 103, 192, 241, 128, 4, 115, 242, 144, 14, 26, 141, 230, 252, 115, 47, 3, 157, 17, 74, 208], [160, 23, 201, 30, 117, 206, 64, 0, 113, 90, 121, 144, 132, 188, 173, 39, 224, 66, 38, 217, 52, 77, 14, 126, 239, 111, 79, 22, 226, 79, 10, 213], [183, 222, 185, 40, 122, 149, 237, 94, 40, 83, 37, 226, 1, 158, 224, 22, 137, 79, 55, 8, 2, 212, 109, 205, 57, 196, 240, 1, 57, 47, 223, 53], [80, 138, 28, 143, 205, 188, 61, 134, 111, 54, 15, 248, 214, 48, 29, 232, 4, 19, 175, 244, 93, 222, 242, 43, 89, 125, 216, 37, 101, 173, 114, 3], [95, 173, 102, 19, 19, 53, 132, 9, 105, 23, 92, 181, 91, 186, 160, 106, 45, 246, 24, 176, 39, 204, 195, 19, 57, 138, 115, 46, 69, 185, 68, 223], [39, 224, 160, 115, 215, 211, 76, 147, 82, 105, 131, 0, 252, 18, 250, 177, 235, 9, 53, 175, 141, 251, 158, 220, 253, 234, 214, 46, 155, 146, 26, 92], [214, 159, 64, 51, 148, 185, 250, 106, 225, 225, 141, 227, 2, 81, 185, 57, 189, 186, 43, 204, 75, 10, 192, 33, 122, 76, 37, 46, 51, 159, 2, 135], [95, 238, 36, 162, 45, 230, 128, 54, 1, 191, 152, 82, 144, 249, 231, 87, 54, 196, 162, 5, 119, 41, 199, 33, 62, 132, 48, 24, 172, 106, 98, 124], [64, 236, 223, 8, 249, 16, 119, 253, 175, 136, 243, 179, 90, 7, 200, 71, 249, 138, 36, 236, 221, 149, 113, 191, 248, 1, 63, 2, 2, 212, 119, 199], [153, 45, 178, 235, 244, 28, 251, 231, 141, 192, 169, 242, 193, 162, 23, 67, 251, 85, 114, 161, 101, 189, 196, 129, 42, 208, 164, 6, 222, 109, 210, 225], [139, 198, 86, 14, 224, 143, 41, 36, 117, 118, 226, 153, 253, 243, 66, 138, 197, 192, 115, 242, 226, 168, 201, 21, 151, 19, 118, 21, 255, 93, 94, 132], [95, 142, 205, 209, 31, 205, 120, 128, 92, 201, 49, 157, 194, 76, 131, 54, 200, 42, 183, 73, 26, 184, 222, 172, 170, 243, 216, 13, 105, 143, 170, 246], [138, 197, 201, 45, 173, 58, 72, 68, 28, 244, 158, 253, 95, 100, 62, 247, 240, 132, 220, 197, 70, 247, 103, 203, 219, 58, 238, 26, 149, 98, 23, 65], [78, 157, 241, 109, 71, 197, 124, 100, 8, 154, 10, 191, 121, 31, 16, 211, 169, 240, 21, 218, 228, 121, 226, 216, 54, 81, 87, 17, 225, 32, 69, 164], [250, 141, 28, 1, 187, 177, 216, 119, 119, 37, 55, 226, 53, 158, 191, 19, 177, 219, 183, 242, 242, 215, 115, 6, 39, 108, 14, 35, 89, 22, 165, 12], [33, 121, 3, 251, 124, 105, 139, 7, 84, 158, 174, 124, 85, 41, 83, 143, 216, 202, 54, 243, 136, 196, 72, 164, 27, 225, 210, 8, 102, 220, 55, 52], [28, 254, 3, 59, 210, 24, 153, 240, 25, 69, 74, 181, 39, 186, 193, 109, 5, 106, 152, 197, 54, 200, 189, 218, 75, 226, 85, 13, 191, 195, 72, 73], [235, 239, 214, 128, 253, 107, 153, 144, 54, 31, 159, 130, 21, 248, 163, 154, 105, 234, 151, 137, 2, 119, 203, 200, 217, 176, 172, 6, 127, 44, 24, 210], [46, 15, 187, 104, 163, 55, 68, 250, 138, 135, 251, 189, 243, 46, 76, 18, 153, 225, 131, 136, 89, 213, 173, 71, 210, 114, 6, 43, 200, 219, 113, 153], [200, 6, 114, 144, 130, 188, 236, 112, 254, 49, 145, 199, 119, 163, 160, 131, 24, 145, 175, 178, 115, 115, 170, 155, 153, 156, 1, 9, 200, 208, 100, 6], [232, 124, 101, 211, 233, 146, 45, 110, 6, 227, 133, 217, 105, 41, 53, 111, 29, 100, 204, 47, 208, 202, 131, 153, 160, 219, 93, 5, 183, 120, 123, 111], [224, 171, 217, 251, 178, 0, 211, 42, 175, 21, 204, 249, 141, 37, 215, 180, 37, 179, 132, 175, 164, 144, 85, 210, 57, 185, 39, 47, 232, 87, 67, 146], [99, 229, 74, 70, 215, 162, 124, 31, 6, 229, 92, 31, 119, 155, 215, 91, 138, 95, 235, 111, 123, 166, 7, 186, 220, 229, 57, 4, 39, 163, 116, 193], [138, 168, 143, 19, 203, 239, 165, 70, 192, 60, 25, 118, 218, 220, 146, 188, 68, 174, 153, 227, 29, 215, 24, 60, 56, 177, 43, 13, 95, 165, 57, 70], [179, 166, 213, 245, 181, 39, 245, 72, 139, 133, 36, 120, 230, 188, 169, 37, 44, 230, 100, 72, 174, 249, 41, 39, 150, 104, 42, 44, 251, 9, 246, 180], [242, 89, 213, 196, 71, 249, 165, 177, 16, 125, 197, 242, 212, 239, 125, 141, 238, 55, 30, 177, 215, 50, 150, 247, 94, 241, 176, 0, 212, 225, 11, 140], [210, 154, 86, 210, 88, 196, 31, 206, 63, 53, 210, 228, 137, 195, 102, 101, 212, 54, 156, 149, 19, 152, 206, 170, 32, 164, 14, 25, 1, 160, 85, 46], [77, 7, 39, 243, 64, 10, 36, 39, 247, 23, 99, 254, 245, 130, 67, 178, 10, 88, 207, 75, 139, 151, 77, 16, 21, 96, 227, 3, 115, 27, 113, 76], [68, 241, 201, 105, 52, 6, 82, 154, 81, 53, 175, 178, 211, 148, 26, 28, 226, 14, 180, 34, 22, 8, 99, 54, 82, 170, 85, 23, 234, 47, 167, 55], [44, 108, 161, 241, 117, 92, 162, 248, 37, 236, 31, 134, 116, 47, 65, 51, 227, 85, 237, 78, 194, 94, 129, 29, 154, 167, 17, 35, 108, 191, 200, 93], [255, 149, 35, 76, 26, 37, 17, 88, 254, 251, 66, 191, 76, 65, 74, 100, 149, 206, 201, 143, 41, 63, 47, 15, 252, 255, 69, 6, 88, 129, 252, 166], [8, 206, 221, 107, 28, 197, 25, 10, 127, 242, 95, 218, 203, 23, 117, 7, 83, 37, 69, 164, 241, 72, 57, 190, 85, 74, 80, 12, 219, 61, 180, 122], [23, 246, 252, 239, 114, 165, 96, 16, 147, 110, 62, 216, 16, 23, 55, 29, 33, 119, 134, 40, 0, 97, 2, 210, 118, 78, 30, 42, 174, 241, 109, 89], [188, 11, 47, 148, 49, 184, 164, 179, 110, 44, 87, 255, 165, 215, 211, 134, 195, 130, 105, 61, 173, 222, 234, 70, 12, 39, 207, 15, 47, 170, 152, 132], [234, 216, 109, 29, 140, 121, 111, 97, 22, 162, 0, 22, 34, 140, 49, 202, 26, 209, 74, 122, 138, 160, 248, 167, 223, 240, 31, 9, 254, 92, 58, 165], [225, 4, 53, 124, 125, 76, 228, 198, 25, 77, 62, 99, 236, 50, 234, 86, 180, 155, 63, 208, 59, 103, 46, 253, 188, 157, 80, 36, 24, 83, 228, 83], [44, 179, 178, 30, 1, 81, 2, 7, 123, 200, 128, 129, 59, 204, 79, 183, 155, 116, 5, 62, 159, 255, 56, 57, 147, 93, 68, 39, 33, 2, 23, 150], [217, 102, 189, 73, 20, 16, 54, 42, 250, 89, 26, 87, 112, 17, 49, 215, 127, 55, 225, 1, 142, 103, 81, 66, 97, 173, 69, 32, 204, 174, 154, 238], [35, 81, 244, 77, 29, 198, 184, 246, 107, 49, 8, 204, 248, 93, 225, 65, 90, 249, 232, 219, 122, 74, 12, 161, 209, 94, 36, 5, 126, 110, 156, 87], [193, 25, 13, 4, 90, 246, 211, 191, 89, 130, 163, 197, 37, 167, 50, 31, 235, 24, 177, 204, 10, 163, 196, 123, 18, 46, 128, 20, 123, 78, 226, 233], [242, 58, 44, 238, 111, 4, 185, 113, 37, 57, 121, 203, 100, 250, 159, 63, 92, 76, 103, 220, 174, 85, 37, 64, 161, 239, 63, 43, 106, 73, 247, 173], [201, 191, 64, 243, 162, 123, 116, 181, 223, 144, 158, 190, 78, 88, 158, 98, 88, 70, 81, 85, 250, 20, 121, 40, 125, 175, 49, 11, 207, 84, 127, 72], [231, 13, 255, 208, 107, 214, 131, 118, 231, 85, 238, 138, 143, 102, 67, 63, 48, 212, 44, 134, 141, 231, 149, 62, 170, 22, 159, 32, 98, 22, 210, 34], [221, 201, 9, 55, 23, 248, 29, 107, 210, 134, 114, 135, 38, 98, 101, 171, 208, 115, 134, 85, 38, 195, 217, 238, 205, 237, 51, 22, 120, 168, 253, 143], [47, 126, 33, 107, 33, 244, 237, 241, 169, 20, 147, 12, 206, 241, 61, 66, 134, 113, 35, 50, 156, 184, 155, 162, 200, 55, 197, 15, 40, 156, 150, 197], [175, 11, 194, 23, 219, 7, 232, 162, 199, 219, 36, 137, 159, 125, 139, 12, 42, 42, 66, 100, 181, 223, 32, 123, 179, 133, 127, 16, 16, 216, 244, 31], [123, 66, 32, 142, 137, 59, 231, 194, 110, 92, 213, 250, 102, 233, 173, 171, 97, 251, 4, 0, 243, 82, 143, 44, 49, 77, 198, 16, 71, 232, 139, 168], [123, 35, 216, 148, 98, 11, 51, 61, 244, 109, 42, 184, 137, 153, 15, 123, 8, 94, 229, 191, 166, 57, 24, 142, 21, 209, 48, 9, 55, 37, 136, 184], [155, 73, 0, 174, 3, 143, 138, 165, 34, 14, 172, 156, 246, 110, 211, 213, 84, 74, 75, 184, 54, 77, 162, 180, 65, 1, 158, 31, 35, 235, 5, 168], [71, 154, 198, 11, 31, 34, 247, 249, 155, 244, 68, 50, 40, 189, 134, 157, 51, 134, 115, 65, 41, 46, 122, 112, 199, 37, 195, 35, 212, 196, 187, 22], [61, 66, 150, 118, 176, 197, 21, 150, 11, 202, 46, 221, 151, 25, 77, 84, 244, 233, 193, 174, 48, 84, 108, 254, 220, 136, 253, 15, 214, 189, 185, 205], [245, 214, 169, 158, 6, 226, 151, 12, 160, 144, 133, 204, 73, 234, 190, 248, 73, 76, 100, 85, 217, 109, 235, 248, 218, 228, 130, 34, 115, 56, 193, 193], [217, 73, 138, 197, 220, 4, 92, 210, 133, 160, 82, 186, 197, 62, 52, 45, 194, 91, 142, 9, 249, 75, 197, 226, 149, 197, 102, 32, 187, 50, 38, 162], [59, 219, 161, 175, 30, 44, 125, 90, 197, 59, 209, 142, 78, 112, 99, 94, 97, 200, 33, 74, 210, 215, 84, 141, 209, 182, 189, 6, 220, 70, 186, 135], [217, 253, 21, 12, 121, 23, 151, 15, 134, 205, 76, 229, 73, 192, 125, 167, 152, 2, 218, 49, 174, 248, 174, 95, 104, 231, 87, 20, 148, 125, 145, 101], [224, 149, 118, 213, 207, 147, 75, 204, 62, 67, 213, 19, 138, 247, 8, 100, 83, 96, 114, 4, 211, 2, 60, 119, 235, 96, 114, 38, 107, 182, 194, 80], [61, 142, 10, 48, 20, 179, 218, 88, 11, 157, 52, 178, 19, 152, 3, 218, 29, 67, 118, 134, 123, 167, 130, 129, 10, 103, 12, 28, 126, 5, 109, 143], [112, 220, 231, 84, 242, 230, 163, 247, 210, 14, 51, 33, 198, 182, 161, 171, 192, 229, 192, 17, 28, 232, 253, 7, 94, 126, 128, 34, 173, 106, 175, 74], [95, 20, 140, 8, 117, 24, 11, 41, 73, 57, 172, 200, 28, 221, 184, 238, 237, 189, 23, 96, 217, 153, 171, 5, 30, 127, 146, 17, 56, 250, 201, 62], [47, 211, 71, 93, 79, 152, 255, 188, 204, 228, 28, 65, 250, 42, 14, 160, 180, 39, 144, 98, 21, 34, 147, 242, 119, 31, 164, 38, 154, 146, 205, 141], [183, 119, 148, 51, 24, 178, 102, 63, 72, 49, 213, 206, 64, 123, 200, 146, 200, 135, 56, 88, 80, 6, 134, 219, 84, 207, 209, 30, 233, 183, 115, 150], [157, 51, 172, 216, 227, 19, 23, 22, 112, 6, 179, 190, 88, 170, 232, 187, 242, 80, 95, 172, 214, 48, 238, 59, 174, 106, 107, 15, 82, 182, 90, 109], [31, 32, 147, 238, 218, 125, 112, 8, 70, 234, 24, 3, 109, 17, 236, 203, 206, 121, 204, 116, 137, 171, 238, 182, 106, 72, 203, 29, 105, 1, 108, 156], [12, 203, 65, 48, 66, 245, 174, 63, 99, 30, 191, 160, 196, 104, 237, 180, 60, 186, 138, 225, 174, 151, 216, 72, 155, 164, 245, 24, 245, 70, 34, 107], [247, 107, 141, 77, 178, 76, 1, 96, 75, 128, 104, 148, 240, 70, 149, 181, 231, 203, 131, 67, 160, 244, 66, 42, 8, 6, 153, 18, 63, 146, 58, 179], [9, 254, 193, 163, 81, 114, 72, 81, 186, 153, 97, 10, 23, 62, 24, 123, 132, 50, 21, 243, 124, 161, 210, 168, 89, 83, 53, 43, 15, 161, 17, 92], [69, 237, 18, 95, 123, 218, 161, 195, 104, 132, 123, 58, 27, 65, 138, 56, 7, 133, 218, 229, 247, 23, 182, 170, 76, 59, 120, 34, 86, 253, 236, 250], [168, 181, 239, 184, 110, 244, 175, 34, 137, 80, 157, 197, 75, 217, 154, 53, 151, 13, 90, 113, 123, 91, 130, 183, 89, 132, 157, 49, 56, 92, 107, 124], [209, 158, 13, 221, 17, 240, 207, 164, 40, 230, 5, 93, 66, 23, 247, 72, 175, 192, 117, 210, 49, 136, 123, 54, 38, 19, 236, 13, 173, 180, 199, 164], [90, 5, 149, 170, 138, 86, 136, 35, 66, 58, 83, 178, 143, 73, 67, 66, 46, 205, 254, 73, 170, 220, 42, 38, 62, 81, 13, 35, 220, 172, 103, 70], [44, 153, 202, 247, 108, 100, 188, 35, 181, 34, 147, 112, 15, 128, 32, 106, 82, 190, 117, 254, 54, 41, 239, 153, 88, 169, 93, 12, 219, 170, 110, 216], [141, 67, 64, 176, 90, 123, 154, 228, 221, 114, 170, 151, 205, 6, 237, 240, 253, 29, 249, 192, 49, 129, 153, 6, 7, 204, 163, 8, 107, 80, 21, 146], [234, 242, 85, 68, 32, 102, 181, 68, 220, 71, 238, 38, 78, 216, 96, 23, 100, 135, 218, 185, 242, 118, 66, 71, 26, 165, 6, 36, 201, 223, 71, 207], [215, 158, 190, 153, 196, 7, 2, 241, 111, 163, 197, 242, 129, 194, 40, 140, 183, 208, 113, 172, 221, 176, 22, 66, 109, 204, 140, 6, 206, 2, 26, 78], [153, 96, 21, 99, 213, 201, 114, 95, 87, 105, 199, 65, 32, 229, 216, 46, 37, 212, 209, 17, 83, 203, 215, 175, 179, 109, 170, 23, 135, 121, 15, 148], [158, 10, 75, 137, 29, 124, 16, 185, 19, 169, 196, 87, 172, 58, 92, 93, 29, 117, 192, 124, 56, 56, 207, 148, 131, 4, 69, 29, 121, 250, 98, 138], [125, 43, 11, 217, 183, 0, 255, 8, 58, 1, 186, 85, 61, 115, 168, 82, 145, 113, 126, 166, 214, 212, 89, 49, 191, 224, 185, 24, 226, 21, 194, 27], [33, 93, 61, 92, 129, 12, 128, 56, 7, 95, 53, 251, 238, 153, 12, 193, 92, 155, 185, 135, 126, 53, 94, 169, 107, 194, 75, 16, 2, 136, 85, 109], [27, 71, 226, 119, 19, 231, 230, 89, 1, 205, 33, 98, 208, 90, 40, 192, 38, 47, 74, 90, 195, 131, 128, 120, 47, 235, 117, 17, 3, 167, 3, 239], [194, 231, 165, 1, 114, 243, 106, 162, 184, 225, 67, 18, 105, 197, 84, 91, 228, 75, 62, 184, 161, 51, 179, 149, 16, 206, 227, 6, 69, 117, 39, 107], [251, 68, 62, 196, 121, 227, 138, 14, 144, 157, 95, 53, 141, 253, 88, 193, 143, 22, 6, 94, 102, 28, 177, 104, 67, 99, 238, 30, 166, 92, 158, 103], [253, 187, 172, 15, 102, 66, 164, 96, 35, 217, 39, 237, 97, 74, 213, 69, 130, 55, 87, 11, 208, 246, 62, 57, 111, 27, 113, 20, 221, 15, 97, 73], [10, 214, 237, 235, 186, 211, 98, 202, 109, 101, 220, 145, 109, 255, 216, 231, 20, 223, 61, 80, 54, 6, 157, 64, 83, 177, 161, 23, 135, 86, 199, 49], [171, 110, 160, 24, 98, 196, 229, 184, 69, 11, 30, 107, 190, 98, 209, 251, 240, 142, 133, 78, 146, 52, 74, 16, 85, 170, 97, 44, 106, 237, 27, 143], [12, 182, 50, 80, 210, 246, 14, 158, 35, 5, 165, 5, 240, 88, 168, 153, 161, 102, 18, 104, 243, 153, 148, 160, 31, 157, 194, 24, 220, 9, 43, 235], [126, 45, 124, 104, 12, 74, 148, 80, 28, 17, 49, 235, 88, 185, 119, 73, 24, 72, 177, 86, 73, 157, 183, 82, 186, 226, 228, 22, 44, 217, 235, 202], [4, 174, 190, 16, 25, 23, 48, 13, 128, 72, 147, 253, 8, 177, 80, 18, 93, 34, 187, 107, 218, 237, 173, 221, 51, 205, 181, 35, 34, 216, 160, 50], [255, 46, 28, 30, 119, 47, 12, 83, 123, 28, 181, 13, 152, 7, 211, 169, 217, 182, 131, 219, 135, 46, 11, 219, 118, 86, 190, 18, 27, 36, 145, 13], [18, 222, 97, 43, 116, 179, 65, 91, 17, 34, 238, 153, 84, 167, 48, 111, 89, 35, 149, 76, 79, 178, 131, 3, 63, 129, 174, 12, 35, 213, 40, 255], [153, 161, 85, 31, 212, 202, 232, 116, 62, 27, 189, 239, 183, 97, 193, 34, 209, 243, 126, 149, 111, 42, 44, 44, 107, 229, 150, 13, 107, 109, 251, 151], [75, 174, 23, 47, 88, 235, 179, 214, 32, 236, 91, 114, 129, 129, 39, 3, 102, 152, 186, 190, 0, 231, 191, 191, 163, 233, 185, 47, 75, 142, 196, 170], [109, 145, 235, 239, 25, 181, 14, 128, 173, 134, 16, 129, 192, 88, 145, 198, 180, 40, 75, 176, 34, 253, 159, 163, 231, 227, 213, 39, 220, 143, 129, 64], [203, 221, 8, 13, 53, 223, 189, 145, 112, 126, 37, 37, 220, 214, 89, 126, 80, 173, 149, 249, 40, 185, 113, 33, 207, 100, 170, 0, 53, 57, 54, 81], [31, 183, 78, 149, 62, 100, 75, 206, 90, 59, 40, 151, 224, 204, 100, 226, 51, 245, 51, 158, 105, 235, 170, 56, 106, 140, 133, 37, 237, 209, 244, 152], [201, 162, 12, 96, 54, 246, 86, 214, 125, 95, 243, 111, 187, 27, 163, 44, 251, 115, 46, 227, 168, 233, 159, 181, 92, 143, 38, 28, 188, 151, 145, 217], [218, 163, 203, 50, 241, 202, 130, 204, 65, 121, 164, 226, 237, 29, 181, 222, 174, 104, 231, 8, 89, 192, 223, 171, 122, 186, 23, 53, 90, 43, 136, 63], [77, 233, 19, 220, 86, 212, 26, 146, 19, 11, 142, 39, 162, 60, 222, 84, 187, 209, 33, 213, 128, 182, 145, 43, 22, 191, 61, 20, 48, 131, 118, 5], [93, 239, 120, 123, 59, 98, 155, 88, 20, 144, 122, 188, 39, 212, 129, 174, 50, 195, 123, 164, 22, 169, 167, 43, 188, 188, 234, 1, 30, 97, 82, 198], [172, 83, 236, 47, 21, 117, 47, 220, 203, 210, 237, 188, 215, 62, 68, 127, 97, 160, 161, 191, 80, 186, 121, 169, 208, 74, 105, 29, 253, 203, 102, 38], [138, 131, 14, 226, 42, 236, 32, 171, 153, 253, 193, 209, 47, 92, 121, 249, 202, 56, 202, 68, 63, 135, 130, 129, 125, 65, 198, 3, 41, 156, 42, 18], [106, 56, 52, 12, 120, 85, 66, 140, 197, 151, 147, 218, 133, 25, 61, 2, 85, 165, 174, 248, 216, 229, 183, 55, 162, 3, 251, 18, 182, 137, 137, 139], [156, 48, 137, 151, 201, 192, 199, 167, 251, 75, 38, 43, 53, 40, 61, 183, 16, 226, 39, 133, 229, 189, 154, 68, 85, 241, 25, 32, 174, 235, 65, 151], [103, 227, 118, 11, 158, 92, 115, 217, 226, 152, 13, 76, 207, 116, 160, 178, 130, 100, 211, 160, 200, 202, 161, 66, 234, 210, 112, 17, 209, 148, 242, 187], [215, 34, 158, 141, 30, 224, 7, 46, 211, 37, 200, 166, 152, 89, 119, 253, 123, 9, 136, 104, 53, 251, 210, 76, 17, 87, 100, 30, 153, 17, 59, 65], [175, 168, 169, 48, 239, 109, 254, 142, 174, 209, 115, 75, 142, 227, 224, 206, 51, 225, 124, 23, 97, 213, 143, 158, 136, 123, 243, 30, 100, 129, 81, 122], [170, 217, 201, 85, 47, 220, 228, 65, 86, 227, 240, 87, 179, 77, 233, 135, 225, 142, 106, 215, 202, 155, 233, 80, 66, 157, 221, 46, 124, 97, 69, 126], [188, 104, 246, 22, 185, 236, 236, 209, 125, 89, 4, 221, 219, 244, 128, 126, 238, 135, 54, 203, 136, 75, 217, 104, 3, 38, 80, 13, 146, 244, 17, 39], [175, 244, 174, 26, 170, 112, 31, 18, 65, 114, 225, 150, 235, 131, 225, 118, 65, 229, 223, 235, 169, 162, 224, 95, 61, 13, 172, 52, 203, 155, 55, 90], [90, 35, 42, 37, 212, 221, 132, 150, 19, 17, 125, 186, 129, 99, 0, 3, 200, 189, 25, 237, 160, 84, 88, 120, 111, 40, 20, 35, 167, 131, 159, 124], [21, 54, 126, 140, 36, 78, 189, 59, 251, 159, 132, 161, 7, 11, 1, 158, 38, 241, 180, 240, 228, 36, 136, 41, 183, 196, 0, 38, 23, 252, 59, 245], [130, 187, 216, 96, 230, 189, 226, 31, 41, 66, 169, 109, 95, 50, 147, 8, 8, 78, 107, 186, 120, 31, 211, 0, 62, 11, 32, 20, 220, 14, 69, 49], [51, 103, 154, 4, 205, 173, 149, 225, 174, 30, 24, 66, 9, 70, 248, 17, 179, 77, 254, 119, 201, 132, 139, 210, 3, 18, 186, 16, 48, 1, 65, 227], [147, 208, 71, 219, 166, 12, 143, 72, 104, 40, 216, 41, 254, 37, 238, 120, 174, 247, 228, 253, 176, 128, 94, 224, 52, 67, 68, 28, 87, 111, 219, 215], [224, 20, 61, 165, 242, 125, 16, 128, 120, 112, 194, 93, 128, 218, 120, 30, 50, 201, 174, 135, 217, 202, 233, 185, 163, 224, 94, 20, 53, 30, 193, 100], [132, 237, 242, 209, 207, 243, 80, 240, 74, 243, 198, 160, 251, 111, 91, 251, 251, 43, 70, 8, 198, 160, 253, 76, 203, 9, 237, 32, 146, 170, 78, 165], [191, 241, 203, 65, 165, 175, 156, 43, 104, 164, 73, 145, 32, 12, 131, 227, 119, 219, 145, 26, 159, 122, 198, 167, 82, 81, 97, 51, 18, 223, 187, 115], [146, 158, 45, 106, 189, 214, 32, 120, 70, 119, 186, 246, 97, 232, 37, 134, 186, 25, 10, 176, 99, 255, 51, 148, 167, 68, 119, 15, 106, 162, 109, 147], [178, 229, 11, 219, 116, 233, 92, 76, 4, 76, 53, 183, 232, 36, 85, 158, 149, 27, 85, 135, 207, 92, 124, 162, 92, 181, 110, 3, 158, 206, 74, 6], [91, 149, 210, 104, 143, 140, 19, 234, 83, 148, 223, 119, 216, 95, 234, 246, 13, 165, 79, 207, 85, 33, 225, 210, 103, 69, 250, 42, 65, 69, 230, 181], [112, 127, 27, 146, 75, 106, 22, 174, 95, 82, 215, 164, 65, 67, 217, 235, 174, 21, 17, 218, 233, 157, 217, 63, 167, 69, 140, 20, 169, 46, 50, 210], [187, 246, 77, 211, 253, 61, 94, 126, 61, 214, 161, 31, 133, 248, 150, 138, 168, 160, 0, 233, 211, 126, 80, 14, 11, 9, 106, 5, 171, 233, 103, 124], [187, 111, 55, 191, 137, 208, 83, 212, 169, 238, 33, 190, 77, 6, 189, 75, 104, 73, 246, 132, 171, 161, 102, 109, 166, 129, 203, 46, 99, 4, 156, 156], [210, 194, 113, 183, 30, 98, 251, 214, 212, 126, 164, 223, 181, 255, 178, 13, 233, 228, 22, 55, 120, 164, 145, 221, 243, 99, 63, 30, 35, 231, 45, 224], [250, 85, 88, 133, 100, 44, 59, 229, 215, 167, 161, 64, 140, 36, 166, 164, 189, 38, 237, 165, 33, 207, 84, 33, 129, 17, 130, 45, 228, 248, 224, 59], [68, 201, 174, 132, 110, 104, 118, 145, 188, 235, 220, 183, 167, 88, 206, 115, 205, 96, 57, 129, 177, 251, 159, 3, 127, 234, 36, 18, 208, 244, 95, 141], [16, 75, 109, 168, 191, 87, 117, 250, 29, 214, 41, 123, 232, 21, 93, 81, 227, 175, 169, 34, 145, 24, 41, 94, 198, 254, 69, 42, 156, 79, 89, 143], [65, 64, 255, 119, 251, 106, 103, 229, 55, 96, 11, 210, 7, 72, 36, 77, 240, 122, 152, 202, 39, 45, 98, 47, 225, 70, 97, 0, 222, 110, 5, 78], [8, 175, 136, 170, 117, 255, 86, 227, 14, 81, 6, 159, 134, 115, 27, 49, 54, 237, 15, 180, 117, 71, 65, 205, 190, 148, 212, 9, 171, 173, 35, 73], [213, 75, 33, 196, 145, 95, 10, 131, 89, 10, 118, 197, 85, 16, 93, 52, 198, 202, 183, 237, 1, 115, 207, 177, 145, 7, 3, 48, 228, 209, 189, 69], [249, 22, 85, 116, 63, 201, 103, 76, 208, 13, 208, 70, 132, 121, 126, 180, 171, 78, 80, 230, 192, 27, 91, 49, 105, 103, 235, 46, 52, 19, 155, 151], [225, 236, 81, 63, 153, 69, 215, 166, 141, 191, 228, 116, 162, 145, 94, 133, 13, 34, 72, 152, 37, 104, 186, 16, 169, 159, 212, 27, 116, 87, 66, 68], [59, 42, 86, 69, 212, 46, 103, 76, 232, 134, 37, 49, 95, 90, 140, 97, 186, 101, 178, 77, 245, 70, 175, 41, 206, 69, 129, 15, 19, 234, 225, 64], [53, 159, 206, 252, 243, 132, 154, 193, 3, 171, 156, 34, 187, 198, 34, 252, 168, 35, 8, 32, 4, 56, 119, 208, 201, 174, 143, 20, 123, 17, 85, 164], [32, 141, 166, 246, 148, 227, 140, 248, 254, 54, 165, 67, 170, 80, 201, 19, 233, 230, 63, 169, 127, 173, 22, 89, 118, 222, 251, 37, 109, 40, 1, 178], [168, 8, 211, 216, 214, 180, 160, 130, 40, 141, 236, 241, 175, 177, 120, 33, 148, 140, 131, 251, 158, 59, 72, 179, 232, 255, 119, 27, 26, 239, 254, 9], [223, 229, 145, 235, 117, 18, 205, 187, 98, 88, 210, 174, 222, 214, 222, 85, 38, 19, 55, 66, 126, 250, 135, 205, 132, 4, 125, 49, 218, 212, 123, 38], [110, 131, 77, 99, 182, 21, 209, 229, 104, 221, 148, 165, 173, 166, 8, 96, 34, 185, 204, 188, 138, 100, 233, 45, 138, 78, 236, 20, 154, 200, 50, 36], [152, 38, 123, 250, 159, 164, 8, 164, 82, 166, 213, 162, 254, 132, 174, 134, 9, 238, 46, 164, 221, 116, 25, 124, 199, 38, 253, 13, 162, 224, 51, 159], [204, 79, 151, 237, 196, 204, 138, 184, 98, 245, 214, 141, 42, 95, 196, 53, 51, 224, 178, 174, 56, 64, 102, 24, 59, 225, 215, 11, 65, 250, 12, 74], [120, 221, 78, 152, 159, 48, 105, 90, 255, 45, 23, 98, 43, 109, 189, 26, 194, 172, 143, 187, 25, 133, 81, 40, 161, 1, 153, 16, 165, 28, 73, 57], [74, 60, 137, 78, 200, 253, 230, 175, 46, 117, 170, 9, 51, 249, 188, 75, 131, 101, 157, 9, 241, 95, 203, 200, 55, 109, 140, 36, 131, 145, 4, 8], [225, 182, 136, 91, 61, 164, 164, 182, 231, 4, 85, 238, 118, 0, 173, 112, 60, 42, 156, 58, 164, 112, 220, 103, 66, 114, 101, 33, 213, 155, 141, 135], [168, 66, 201, 233, 162, 93, 173, 195, 26, 67, 65, 167, 21, 117, 20, 86, 201, 48, 193, 221, 183, 211, 1, 244, 3, 179, 47, 21, 40, 109, 37, 166], [215, 108, 175, 103, 128, 95, 31, 176, 116, 142, 204, 246, 15, 167, 92, 10, 133, 102, 123, 175, 84, 71, 161, 243, 23, 182, 79, 26, 114, 97, 239, 80], [110, 73, 87, 82, 234, 108, 196, 164, 118, 39, 64, 240, 71, 227, 108, 43, 237, 20, 143, 218, 113, 204, 47, 237, 110, 155, 52, 27, 167, 92, 168, 84], [11, 7, 144, 3, 76, 89, 97, 50, 171, 66, 237, 148, 54, 212, 174, 128, 118, 139, 179, 180, 191, 242, 18, 142, 255, 148, 121, 20, 59, 0, 216, 127], [15, 26, 100, 201, 120, 79, 118, 245, 109, 161, 54, 57, 54, 241, 99, 220, 241, 97, 126, 224, 48, 186, 84, 225, 124, 178, 38, 31, 165, 236, 181, 96], [100, 141, 67, 75, 170, 57, 128, 112, 2, 242, 120, 73, 98, 80, 250, 225, 125, 217, 88, 174, 198, 39, 209, 57, 148, 250, 213, 13, 12, 253, 164, 88], [7, 114, 188, 114, 20, 123, 251, 114, 35, 201, 74, 94, 39, 103, 29, 165, 196, 227, 209, 215, 248, 229, 220, 255, 245, 155, 61, 17, 57, 12, 185, 106], [90, 128, 161, 162, 49, 70, 54, 137, 178, 72, 191, 208, 57, 126, 254, 111, 31, 43, 155, 212, 248, 19, 118, 153, 24, 173, 206, 13, 130, 234, 60, 14], [94, 100, 19, 90, 255, 118, 165, 172, 156, 18, 168, 214, 143, 100, 223, 36, 103, 101, 179, 95, 124, 240, 79, 209, 194, 16, 40, 33, 210, 126, 81, 169], [158, 110, 203, 201, 49, 236, 2, 182, 139, 208, 201, 174, 213, 81, 61, 93, 131, 64, 232, 224, 194, 0, 248, 102, 48, 228, 7, 43, 197, 18, 64, 202], [184, 39, 13, 226, 141, 83, 204, 187, 244, 87, 217, 192, 205, 243, 161, 92, 79, 224, 156, 88, 173, 175, 225, 15, 176, 61, 60, 15, 190, 130, 254, 206], [17, 100, 108, 19, 152, 183, 7, 240, 187, 189, 121, 108, 161, 113, 181, 110, 78, 43, 67, 20, 101, 64, 216, 144, 226, 162, 52, 33, 184, 72, 250, 89], [72, 155, 152, 71, 225, 125, 240, 224, 132, 6, 191, 104, 219, 190, 224, 255, 162, 69, 82, 148, 119, 230, 157, 192, 14, 142, 58, 2, 165, 17, 50, 32], [1, 185, 163, 98, 196, 175, 137, 14, 82, 103, 196, 58, 102, 248, 171, 97, 253, 171, 161, 189, 1, 46, 179, 120, 34, 180, 26, 15, 143, 180, 130, 126], [206, 240, 135, 244, 171, 76, 129, 135, 12, 100, 194, 46, 130, 153, 160, 129, 19, 0, 254, 35, 178, 185, 147, 32, 100, 192, 41, 46, 149, 125, 165, 230], [161, 163, 107, 241, 67, 62, 96, 206, 102, 60, 211, 254, 208, 127, 137, 50, 159, 46, 184, 129, 222, 91, 113, 194, 105, 118, 104, 38, 162, 238, 43, 84], [152, 166, 60, 20, 253, 108, 194, 181, 86, 166, 126, 61, 195, 253, 46, 174, 228, 143, 169, 168, 167, 197, 76, 97, 182, 16, 199, 26, 127, 55, 191, 230], [175, 109, 131, 202, 44, 247, 1, 239, 14, 255, 44, 230, 70, 216, 186, 149, 179, 94, 27, 147, 253, 107, 147, 180, 76, 127, 23, 28, 165, 14, 81, 132], [126, 229, 227, 39, 144, 93, 175, 178, 58, 196, 2, 90, 154, 90, 82, 211, 209, 181, 166, 15, 130, 218, 228, 127, 188, 61, 157, 21, 65, 192, 86, 66], [63, 85, 42, 123, 242, 3, 196, 156, 175, 3, 8, 221, 187, 127, 36, 185, 227, 198, 195, 226, 118, 212, 19, 88, 111, 52, 6, 13, 182, 104, 62, 166], [23, 166, 164, 2, 132, 9, 252, 190, 114, 177, 158, 91, 178, 207, 120, 215, 93, 26, 59, 40, 227, 154, 96, 185, 151, 31, 237, 11, 231, 40, 80, 23], [232, 145, 210, 181, 130, 131, 109, 62, 161, 45, 32, 244, 204, 62, 234, 29, 11, 125, 168, 246, 14, 81, 78, 150, 86, 41, 164, 26, 145, 148, 62, 50], [255, 229, 123, 57, 9, 193, 117, 169, 30, 185, 226, 59, 171, 136, 8, 170, 88, 43, 21, 144, 70, 5, 209, 39, 219, 46, 119, 36, 219, 69, 63, 51], [62, 165, 131, 64, 115, 105, 219, 251, 5, 136, 90, 13, 108, 50, 240, 126, 58, 20, 0, 254, 253, 65, 40, 127, 98, 158, 246, 22, 66, 101, 169, 235], [122, 242, 222, 100, 69, 187, 207, 189, 20, 52, 67, 180, 254, 44, 60, 196, 108, 55, 65, 208, 190, 187, 176, 25, 200, 119, 71, 4, 33, 175, 107, 175], [48, 214, 209, 155, 120, 108, 199, 46, 44, 100, 190, 144, 55, 135, 243, 251, 72, 10, 240, 11, 24, 252, 214, 179, 167, 223, 121, 19, 5, 152, 211, 236], [155, 153, 65, 215, 71, 15, 162, 170, 124, 54, 62, 227, 94, 43, 69, 189, 73, 14, 15, 232, 106, 228, 128, 199, 170, 214, 28, 44, 125, 163, 107, 162], [85, 219, 102, 68, 59, 25, 201, 88, 169, 31, 72, 7, 228, 113, 161, 202, 115, 22, 52, 73, 250, 167, 131, 83, 110, 96, 117, 40, 200, 93, 101, 29], [141, 134, 230, 200, 47, 105, 222, 206, 6, 232, 201, 121, 243, 227, 174, 9, 79, 48, 41, 60, 0, 66, 224, 227, 196, 26, 2, 27, 51, 228, 158, 123], [242, 227, 174, 70, 105, 227, 16, 53, 74, 233, 112, 89, 165, 35, 134, 66, 62, 139, 192, 176, 196, 167, 23, 14, 243, 46, 134, 9, 127, 159, 23, 187], [137, 5, 58, 115, 93, 97, 147, 153, 138, 130, 183, 29, 106, 116, 210, 119, 103, 21, 39, 124, 41, 94, 81, 253, 173, 51, 98, 21, 164, 7, 17, 117], [23, 134, 115, 189, 102, 130, 4, 122, 225, 108, 241, 16, 155, 39, 217, 74, 162, 7, 178, 37, 174, 53, 32, 250, 132, 184, 67, 4, 74, 210, 248, 84], [118, 199, 131, 201, 217, 179, 193, 181, 26, 133, 204, 76, 222, 200, 243, 202, 241, 165, 177, 206, 63, 145, 83, 93, 79, 169, 128, 7, 92, 94, 229, 134], [75, 3, 158, 22, 61, 108, 62, 233, 129, 82, 237, 20, 236, 171, 200, 102, 101, 249, 193, 118, 133, 107, 213, 222, 106, 18, 195, 9, 253, 42, 132, 131], [160, 196, 156, 114, 179, 22, 176, 178, 118, 229, 180, 74, 127, 143, 141, 182, 196, 159, 158, 233, 233, 14, 222, 131, 35, 165, 227, 40, 121, 133, 63, 130], [160, 206, 110, 117, 200, 221, 45, 128, 211, 222, 95, 4, 72, 209, 141, 7, 70, 119, 46, 136, 219, 80, 191, 247, 155, 38, 0, 6, 222, 48, 125, 72], [13, 184, 68, 44, 2, 223, 49, 20, 252, 200, 33, 249, 244, 96, 216, 185, 69, 203, 170, 22, 180, 168, 128, 179, 167, 175, 67, 42, 56, 225, 254, 230], [135, 142, 213, 171, 202, 16, 166, 42, 104, 66, 21, 120, 60, 127, 160, 136, 189, 196, 123, 110, 164, 125, 137, 255, 105, 116, 14, 39, 105, 204, 255, 143], [9, 212, 219, 15, 139, 235, 63, 84, 149, 161, 95, 158, 104, 247, 168, 199, 112, 122, 165, 161, 117, 247, 176, 45, 203, 158, 32, 6, 52, 191, 225, 82], [61, 139, 235, 104, 214, 143, 205, 28, 179, 100, 121, 135, 255, 163, 198, 90, 170, 189, 155, 251, 177, 18, 40, 105, 136, 202, 114, 40, 34, 252, 169, 213], [106, 200, 2, 81, 109, 30, 33, 96, 96, 62, 48, 60, 164, 239, 172, 220, 250, 244, 140, 137, 149, 57, 104, 40, 182, 139, 166, 24, 146, 157, 47, 167], [105, 12, 15, 201, 148, 92, 250, 108, 237, 181, 111, 166, 11, 183, 231, 115, 110, 124, 171, 60, 242, 119, 10, 151, 196, 118, 12, 50, 37, 1, 211, 2], [172, 195, 29, 235, 31, 172, 80, 8, 49, 44, 81, 91, 185, 104, 212, 164, 187, 80, 195, 46, 148, 102, 201, 184, 188, 194, 189, 23, 128, 76, 171, 242], [1, 2, 11, 128, 75, 175, 208, 216, 58, 6, 172, 122, 121, 11, 54, 212, 84, 203, 116, 209, 6, 190, 64, 109, 193, 30, 190, 19, 10, 94, 105, 65], [118, 142, 183, 138, 184, 61, 96, 113, 30, 151, 191, 252, 215, 94, 101, 128, 16, 150, 7, 79, 139, 78, 77, 87, 192, 155, 52, 26, 11, 226, 138, 116], [198, 94, 117, 20, 140, 182, 85, 232, 119, 171, 157, 38, 144, 146, 134, 93, 194, 104, 207, 109, 227, 224, 182, 216, 253, 228, 1, 18, 61, 159, 19, 151], [160, 253, 104, 177, 212, 140, 17, 247, 114, 211, 193, 154, 133, 249, 27, 1, 166, 175, 72, 105, 158, 81, 228, 137, 178, 178, 47, 22, 232, 149, 99, 228], [132, 120, 173, 95, 128, 124, 57, 237, 30, 183, 46, 1, 171, 192, 166, 13, 72, 160, 25, 34, 67, 131, 45, 85, 153, 124, 239, 18, 110, 94, 230, 99], [142, 236, 216, 167, 85, 106, 53, 55, 159, 142, 138, 48, 63, 169, 120, 15, 92, 89, 230, 23, 191, 35, 152, 143, 110, 125, 203, 41, 206, 63, 24, 236], [30, 222, 15, 60, 54, 127, 10, 197, 137, 38, 50, 149, 199, 221, 29, 49, 127, 83, 60, 227, 195, 141, 208, 215, 224, 248, 26, 46, 217, 158, 150, 116], [136, 159, 71, 148, 55, 96, 60, 49, 242, 219, 246, 102, 30, 175, 8, 114, 90, 236, 105, 160, 106, 124, 153, 81, 4, 209, 152, 6, 26, 226, 157, 67], [230, 11, 19, 120, 22, 0, 19, 249, 36, 184, 216, 179, 225, 251, 147, 38, 154, 103, 129, 223, 67, 84, 22, 32, 22, 45, 213, 7, 168, 0, 174, 123], [121, 1, 126, 222, 142, 231, 134, 46, 172, 215, 65, 38, 75, 21, 174, 83, 65, 255, 110, 203, 160, 131, 208, 78, 106, 182, 83, 1, 100, 115, 62, 86], [107, 90, 252, 105, 249, 21, 143, 253, 105, 139, 32, 228, 100, 86, 108, 174, 108, 177, 172, 37, 8, 3, 24, 77, 176, 55, 163, 11, 159, 252, 206, 92], [157, 138, 162, 93, 254, 226, 234, 57, 229, 146, 63, 113, 18, 67, 211, 45, 117, 70, 225, 236, 136, 28, 97, 146, 8, 152, 16, 47, 128, 232, 204, 123], [126, 67, 143, 38, 76, 140, 100, 207, 163, 175, 119, 101, 238, 175, 54, 205, 211, 80, 156, 108, 184, 226, 186, 234, 125, 30, 202, 44, 202, 166, 85, 125], [165, 150, 132, 204, 210, 105, 78, 58, 103, 101, 79, 43, 206, 176, 153, 131, 254, 197, 180, 168, 95, 26, 46, 207, 200, 178, 8, 37, 188, 72, 117, 240], [249, 67, 166, 35, 131, 95, 10, 161, 207, 233, 150, 250, 253, 81, 123, 11, 190, 142, 44, 142, 187, 223, 34, 105, 36, 102, 9, 41, 125, 86, 39, 91], [113, 245, 155, 111, 186, 96, 35, 46, 42, 5, 50, 108, 143, 167, 231, 253, 183, 127, 155, 15, 202, 133, 3, 18, 170, 155, 91, 11, 61, 236, 164, 20], [180, 195, 21, 87, 156, 43, 96, 133, 166, 246, 26, 172, 80, 208, 110, 226, 153, 144, 140, 0, 185, 158, 19, 140, 179, 216, 69, 32, 28, 74, 83, 93], [176, 107, 15, 71, 192, 198, 18, 92, 238, 205, 206, 195, 242, 109, 81, 222, 122, 38, 118, 59, 160, 8, 12, 55, 94, 124, 230, 41, 45, 129, 92, 170], [176, 85, 146, 238, 66, 19, 25, 11, 66, 37, 178, 26, 60, 89, 52, 19, 57, 5, 45, 15, 240, 173, 161, 72, 222, 232, 67, 45, 43, 179, 41, 123], [102, 32, 17, 245, 204, 3, 95, 12, 163, 156, 178, 211, 106, 234, 47, 163, 59, 31, 218, 124, 137, 151, 37, 170, 20, 210, 125, 6, 233, 243, 70, 217], [130, 165, 254, 16, 127, 183, 17, 194, 168, 252, 176, 62, 130, 169, 127, 98, 128, 251, 0, 157, 13, 213, 0, 84, 252, 222, 100, 9, 189, 235, 48, 191], [111, 40, 227, 124, 27, 149, 134, 184, 171, 16, 0, 160, 72, 217, 18, 244, 79, 241, 230, 225, 223, 171, 36, 230, 169, 90, 205, 34, 71, 254, 1, 25], [189, 144, 175, 246, 62, 120, 204, 56, 28, 72, 248, 208, 242, 41, 5, 131, 60, 52, 33, 151, 248, 249, 60, 96, 80, 53, 228, 15, 138, 17, 76, 25], [167, 99, 61, 191, 113, 53, 235, 175, 229, 89, 129, 247, 20, 127, 110, 141, 102, 84, 105, 214, 73, 244, 12, 251, 200, 243, 150, 13, 127, 71, 74, 15], [111, 56, 251, 74, 213, 249, 153, 228, 91, 194, 17, 82, 37, 28, 154, 211, 157, 153, 85, 100, 235, 207, 152, 220, 50, 59, 127, 15, 19, 95, 100, 241], [111, 199, 95, 230, 226, 138, 148, 131, 137, 27, 26, 144, 201, 199, 76, 119, 80, 181, 146, 151, 119, 151, 33, 139, 86, 49, 64, 37, 67, 12, 116, 196], [175, 200, 138, 195, 138, 197, 207, 156, 192, 49, 116, 114, 195, 19, 240, 156, 41, 58, 55, 218, 15, 100, 219, 135, 200, 61, 215, 18, 52, 158, 24, 231], [166, 196, 192, 85, 170, 63, 221, 228, 7, 79, 103, 7, 148, 144, 52, 10, 102, 144, 189, 32, 178, 8, 16, 86, 28, 29, 36, 11, 125, 222, 55, 218], [50, 36, 132, 246, 117, 227, 7, 35, 251, 206, 12, 175, 182, 197, 187, 161, 68, 82, 118, 167, 137, 11, 155, 168, 191, 171, 140, 13, 187, 70, 56, 236], [210, 212, 27, 118, 4, 143, 246, 236, 16, 192, 169, 0, 184, 152, 42, 243, 240, 81, 191, 110, 232, 51, 128, 73, 134, 106, 123, 37, 113, 198, 228, 201], [23, 211, 224, 35, 246, 0, 122, 178, 227, 154, 121, 131, 36, 87, 52, 183, 45, 203, 169, 97, 87, 178, 120, 74, 179, 73, 27, 38, 140, 182, 68, 236], [67, 183, 4, 198, 136, 59, 123, 123, 128, 170, 215, 150, 165, 191, 86, 142, 197, 243, 144, 73, 65, 108, 177, 151, 236, 227, 232, 10, 187, 62, 152, 154], [156, 35, 46, 165, 205, 118, 193, 251, 70, 19, 252, 72, 75, 153, 75, 165, 162, 76, 116, 231, 214, 219, 105, 99, 14, 135, 107, 38, 215, 111, 28, 205], [22, 220, 191, 180, 151, 43, 244, 213, 56, 187, 135, 41, 89, 113, 93, 2, 10, 98, 172, 59, 94, 206, 213, 203, 188, 191, 173, 28, 77, 198, 54, 199], [208, 179, 33, 29, 103, 24, 142, 59, 144, 14, 233, 77, 59, 40, 117, 127, 197, 104, 0, 243, 226, 237, 97, 208, 75, 210, 130, 45, 112, 141, 96, 11], [0, 176, 96, 135, 245, 158, 125, 146, 88, 175, 249, 109, 4, 231, 35, 127, 172, 227, 163, 124, 203, 209, 91, 21, 182, 142, 182, 19, 202, 177, 86, 0], [8, 11, 16, 179, 227, 246, 117, 38, 61, 190, 141, 115, 187, 200, 109, 43, 11, 111, 235, 3, 129, 25, 150, 111, 136, 15, 21, 33, 172, 156, 168, 175], [243, 226, 221, 203, 30, 90, 102, 183, 145, 185, 46, 117, 27, 249, 86, 100, 236, 242, 128, 233, 180, 20, 29, 116, 0, 126, 32, 4, 122, 15, 119, 39], [253, 105, 10, 189, 70, 220, 90, 129, 83, 127, 4, 182, 150, 151, 12, 144, 110, 124, 84, 197, 219, 176, 79, 191, 246, 203, 123, 45, 155, 96, 212, 40], [35, 169, 66, 112, 110, 112, 11, 177, 255, 176, 82, 34, 66, 95, 42, 29, 202, 82, 207, 206, 116, 139, 20, 109, 114, 208, 67, 44, 69, 195, 190, 204], [202, 56, 173, 239, 19, 69, 190, 84, 40, 34, 96, 208, 89, 135, 252, 188, 145, 239, 4, 53, 154, 245, 64, 193, 107, 133, 202, 31, 222, 16, 100, 116], [107, 3, 246, 11, 138, 179, 189, 77, 11, 49, 19, 114, 205, 59, 175, 53, 103, 179, 1, 69, 65, 41, 46, 138, 84, 54, 127, 23, 208, 165, 125, 108], [114, 159, 147, 195, 168, 110, 30, 190, 38, 124, 35, 108, 211, 161, 198, 17, 108, 55, 187, 155, 191, 7, 33, 219, 159, 85, 153, 18, 105, 236, 24, 100], [171, 136, 42, 48, 3, 23, 180, 26, 134, 57, 110, 37, 144, 28, 210, 75, 79, 146, 78, 115, 232, 118, 3, 87, 30, 24, 229, 24, 179, 137, 13, 239], [234, 118, 62, 151, 90, 172, 83, 49, 211, 157, 232, 222, 192, 165, 48, 58, 173, 105, 35, 105, 188, 214, 205, 133, 38, 228, 248, 26, 16, 234, 142, 199], [128, 229, 222, 72, 0, 167, 13, 55, 34, 47, 224, 141, 128, 134, 255, 103, 25, 106, 154, 238, 99, 23, 244, 137, 175, 9, 100, 28, 11, 74, 3, 46], [254, 108, 86, 167, 108, 152, 217, 246, 138, 168, 113, 185, 69, 210, 183, 95, 126, 32, 133, 171, 230, 176, 25, 223, 252, 252, 32, 17, 55, 19, 238, 16], [150, 166, 65, 243, 140, 35, 100, 49, 111, 59, 161, 9, 221, 209, 129, 25, 157, 219, 181, 201, 197, 136, 61, 87, 195, 68, 0, 20, 0, 220, 173, 72], [35, 210, 116, 12, 45, 188, 246, 41, 133, 160, 167, 142, 169, 214, 179, 98, 235, 89, 135, 161, 189, 25, 5, 57, 111, 199, 63, 13, 55, 121, 175, 109], [13, 131, 234, 56, 192, 31, 130, 229, 236, 221, 117, 4, 196, 193, 130, 12, 173, 182, 74, 9, 105, 44, 199, 60, 2, 109, 67, 34, 176, 26, 70, 216], [195, 213, 174, 85, 91, 217, 252, 61, 109, 155, 4, 66, 165, 91, 241, 5, 236, 164, 243, 61, 24, 121, 15, 160, 99, 217, 107, 35, 16, 132, 205, 106], [9, 9, 54, 3, 205, 170, 239, 130, 164, 140, 11, 147, 153, 150, 254, 116, 9, 143, 5, 175, 192, 115, 106, 164, 112, 225, 32, 14, 126, 118, 18, 7], [43, 94, 210, 60, 232, 190, 48, 100, 210, 175, 70, 44, 11, 205, 18, 76, 125, 255, 77, 179, 144, 22, 11, 148, 217, 96, 85, 39, 57, 10, 251, 93], [115, 32, 207, 198, 24, 2, 27, 132, 140, 190, 250, 106, 45, 53, 189, 145, 106, 219, 21, 71, 169, 255, 202, 37, 134, 17, 19, 35, 126, 188, 59, 177], [126, 41, 116, 146, 27, 37, 181, 7, 162, 34, 128, 105, 192, 118, 112, 182, 186, 191, 65, 126, 192, 18, 206, 132, 6, 123, 9, 30, 14, 243, 129, 122], [163, 107, 81, 117, 116, 200, 86, 228, 4, 172, 134, 44, 48, 35, 196, 239, 75, 106, 58, 113, 128, 160, 102, 187, 236, 60, 81, 13, 213, 143, 150, 223], [245, 155, 247, 170, 58, 10, 214, 247, 2, 220, 131, 145, 239, 22, 51, 134, 108, 59, 105, 26, 31, 11, 232, 196, 55, 111, 54, 31, 49, 106, 48, 145], [24, 116, 112, 57, 249, 176, 140, 116, 203, 99, 111, 83, 208, 215, 194, 33, 228, 233, 187, 193, 163, 68, 234, 152, 4, 24, 251, 37, 206, 171, 199, 30], [167, 191, 202, 119, 105, 228, 249, 79, 253, 19, 217, 119, 82, 147, 83, 68, 219, 93, 159, 67, 75, 195, 4, 144, 154, 32, 6, 10, 22, 147, 76, 71], [254, 23, 176, 2, 148, 25, 229, 243, 197, 6, 18, 68, 141, 128, 190, 95, 210, 91, 148, 246, 133, 91, 71, 72, 110, 54, 105, 10, 14, 120, 102, 99], [99, 77, 92, 198, 208, 254, 210, 247, 170, 213, 204, 238, 74, 223, 214, 239, 206, 146, 9, 129, 74, 24, 155, 53, 195, 12, 58, 23, 195, 128, 224, 36], [27, 86, 97, 192, 241, 224, 80, 89, 183, 252, 38, 132, 46, 22, 166, 6, 186, 81, 59, 56, 124, 226, 181, 210, 69, 47, 56, 28, 83, 15, 116, 203], [230, 169, 55, 115, 80, 164, 11, 207, 141, 230, 222, 185, 106, 52, 218, 144, 35, 127, 146, 115, 101, 28, 103, 215, 188, 103, 67, 46, 132, 124, 156, 179], [251, 53, 191, 123, 155, 233, 32, 15, 218, 109, 90, 19, 47, 66, 219, 122, 252, 243, 20, 128, 173, 189, 123, 14, 45, 31, 44, 20, 14, 183, 219, 14], [165, 226, 54, 138, 178, 202, 246, 93, 11, 164, 7, 108, 110, 147, 21, 76, 239, 28, 5, 238, 37, 229, 109, 31, 90, 58, 59, 6, 124, 249, 51, 53], [36, 2, 7, 35, 188, 199, 46, 143, 188, 158, 208, 174, 212, 7, 139, 121, 155, 193, 127, 76, 35, 254, 247, 30, 253, 129, 65, 30, 176, 81, 217, 254], [103, 176, 103, 122, 75, 34, 222, 105, 153, 241, 251, 8, 42, 61, 31, 25, 24, 57, 186, 189, 172, 200, 220, 173, 211, 86, 125, 21, 203, 3, 73, 163], [242, 137, 25, 25, 209, 2, 67, 217, 212, 203, 176, 232, 136, 80, 246, 7, 27, 132, 208, 107, 6, 162, 57, 194, 117, 204, 34, 18, 35, 122, 37, 63], [48, 51, 122, 243, 139, 91, 30, 180, 230, 220, 216, 55, 122, 60, 39, 36, 156, 109, 57, 247, 123, 98, 115, 122, 47, 40, 57, 1, 81, 119, 118, 247], [154, 128, 169, 16, 131, 62, 245, 19, 77, 112, 142, 180, 111, 26, 200, 43, 224, 177, 2, 130, 100, 155, 176, 253, 201, 173, 69, 48, 85, 86, 228, 191], [84, 40, 51, 102, 68, 202, 33, 204, 207, 107, 210, 75, 97, 165, 197, 182, 34, 185, 233, 254, 235, 46, 106, 28, 35, 91, 161, 42, 246, 133, 6, 225], [123, 11, 119, 43, 10, 140, 124, 84, 68, 250, 242, 226, 237, 61, 185, 85, 214, 147, 77, 54, 197, 4, 129, 227, 168, 160, 30, 0, 237, 40, 65, 48], [122, 193, 94, 198, 50, 25, 77, 32, 8, 95, 57, 52, 71, 142, 202, 189, 116, 52, 63, 185, 132, 37, 0, 136, 206, 109, 58, 30, 77, 168, 124, 165], [203, 169, 190, 18, 157, 194, 116, 177, 156, 246, 237, 56, 245, 81, 73, 8, 97, 46, 77, 43, 151, 112, 177, 14, 224, 117, 100, 4, 109, 210, 107, 149], [235, 11, 235, 142, 74, 166, 174, 32, 188, 178, 101, 229, 193, 155, 127, 206, 114, 129, 144, 130, 226, 49, 170, 193, 160, 186, 103, 22, 250, 84, 0, 51], [75, 226, 97, 41, 240, 7, 253, 182, 244, 115, 147, 94, 104, 6, 56, 121, 85, 23, 3, 141, 146, 47, 128, 210, 146, 216, 255, 43, 192, 78, 75, 213], [113, 210, 118, 77, 19, 90, 211, 22, 174, 143, 178, 228, 220, 134, 147, 99, 67, 117, 234, 247, 48, 191, 112, 228, 114, 231, 92, 30, 196, 91, 239, 183], [4, 42, 235, 199, 52, 159, 79, 54, 123, 156, 221, 210, 12, 220, 183, 78, 24, 102, 46, 60, 107, 246, 214, 71, 233, 39, 3, 7, 30, 146, 189, 11], [135, 144, 200, 167, 18, 150, 35, 3, 33, 10, 101, 28, 6, 246, 243, 109, 170, 21, 243, 17, 196, 125, 89, 120, 186, 124, 234, 9, 131, 161, 141, 32], [18, 98, 53, 116, 88, 43, 34, 50, 22, 206, 163, 196, 80, 124, 201, 50, 158, 223, 33, 124, 190, 169, 90, 153, 137, 38, 97, 41, 16, 135, 132, 249], [129, 66, 173, 3, 18, 90, 189, 204, 241, 93, 67, 207, 108, 12, 180, 79, 49, 91, 129, 225, 101, 54, 24, 184, 163, 217, 140, 8, 40, 87, 124, 193], [156, 144, 195, 115, 150, 25, 192, 29, 68, 185, 23, 245, 97, 222, 200, 160, 69, 69, 22, 117, 220, 108, 38, 144, 126, 11, 127, 2, 217, 41, 231, 125], [89, 54, 189, 61, 213, 217, 19, 139, 208, 37, 139, 104, 211, 102, 209, 252, 213, 210, 1, 247, 8, 248, 65, 250, 255, 75, 26, 4, 31, 166, 0, 23], [122, 251, 92, 200, 246, 176, 177, 74, 77, 177, 105, 162, 251, 121, 184, 224, 112, 0, 58, 67, 77, 51, 11, 81, 244, 66, 229, 45, 70, 78, 136, 143], [78, 178, 97, 138, 109, 83, 55, 180, 162, 154, 94, 245, 244, 46, 254, 64, 106, 54, 170, 0, 103, 250, 234, 174, 13, 50, 75, 35, 214, 157, 179, 212], [123, 157, 183, 57, 119, 125, 76, 124, 43, 201, 121, 229, 202, 70, 202, 38, 4, 56, 51, 126, 157, 219, 162, 36, 125, 138, 70, 7, 149, 205, 52, 47], [251, 28, 136, 235, 252, 188, 211, 217, 201, 103, 113, 132, 131, 119, 43, 177, 45, 120, 216, 250, 215, 187, 200, 119, 15, 230, 77, 51, 113, 95, 201, 3], [155, 238, 104, 2, 22, 77, 37, 236, 101, 161, 7, 178, 146, 17, 183, 90, 178, 13, 29, 58, 140, 196, 142, 188, 245, 195, 29, 41, 236, 249, 187, 237], [175, 112, 186, 36, 36, 78, 37, 22, 110, 198, 215, 4, 245, 180, 4, 84, 132, 7, 0, 186, 229, 86, 149, 8, 128, 122, 159, 14, 107, 96, 69, 191], [168, 130, 66, 67, 135, 52, 247, 45, 9, 207, 190, 77, 40, 154, 25, 94, 92, 47, 194, 24, 184, 57, 252, 57, 207, 55, 22, 7, 32, 2, 3, 29], [105, 153, 57, 50, 28, 10, 176, 87, 44, 163, 200, 224, 29, 75, 56, 14, 230, 223, 190, 242, 97, 235, 244, 111, 188, 25, 250, 4, 220, 156, 55, 25], [110, 9, 222, 248, 5, 150, 122, 58, 136, 155, 194, 73, 53, 190, 103, 35, 90, 22, 142, 159, 113, 102, 53, 167, 163, 22, 78, 41, 178, 191, 108, 182], [253, 39, 6, 233, 95, 50, 162, 87, 117, 139, 79, 123, 225, 176, 205, 224, 173, 154, 142, 248, 248, 45, 144, 15, 100, 69, 30, 28, 99, 90, 44, 184], [30, 145, 8, 0, 12, 215, 249, 103, 192, 78, 197, 80, 122, 61, 114, 114, 127, 67, 36, 130, 181, 198, 70, 202, 175, 217, 16, 20, 85, 9, 197, 51], [239, 193, 108, 201, 190, 206, 156, 47, 89, 3, 228, 100, 80, 45, 181, 241, 69, 133, 182, 224, 30, 234, 198, 59, 234, 191, 237, 34, 228, 162, 80, 32], [248, 250, 23, 60, 129, 243, 119, 0, 209, 27, 188, 70, 227, 26, 15, 15, 55, 2, 44, 54, 116, 217, 234, 22, 195, 116, 83, 28, 43, 53, 212, 23], [244, 16, 13, 55, 110, 76, 216, 1, 66, 172, 69, 144, 120, 232, 49, 100, 106, 99, 244, 90, 84, 56, 11, 154, 7, 9, 22, 46, 201, 34, 189, 94], [33, 37, 92, 55, 119, 31, 183, 199, 174, 148, 219, 15, 240, 34, 194, 64, 244, 248, 5, 47, 37, 254, 49, 251, 217, 155, 170, 41, 92, 135, 33, 110], [136, 140, 160, 179, 184, 192, 83, 13, 132, 91, 140, 54, 168, 100, 70, 111, 61, 168, 74, 87, 87, 68, 46, 155, 231, 165, 162, 53, 126, 218, 191, 121], [245, 102, 196, 4, 22, 171, 186, 160, 226, 213, 165, 135, 109, 53, 191, 64, 194, 76, 74, 137, 4, 162, 255, 229, 152, 178, 185, 6, 149, 48, 220, 218], [63, 40, 171, 217, 163, 190, 94, 214, 195, 230, 85, 128, 12, 209, 248, 177, 123, 0, 125, 245, 66, 240, 185, 127, 24, 248, 127, 33, 231, 151, 252, 190], [249, 239, 210, 146, 138, 91, 164, 221, 55, 230, 34, 180, 201, 153, 75, 134, 37, 254, 82, 18, 246, 192, 204, 254, 120, 193, 18, 43, 233, 26, 136, 194], [136, 209, 239, 89, 151, 162, 58, 142, 188, 48, 109, 176, 99, 138, 153, 20, 105, 85, 20, 238, 197, 6, 47, 219, 255, 59, 10, 53, 96, 101, 128, 25], [29, 156, 77, 169, 2, 111, 205, 138, 89, 132, 94, 227, 147, 190, 53, 251, 144, 71, 253, 165, 51, 223, 100, 226, 249, 140, 81, 5, 127, 94, 153, 63], [183, 41, 53, 162, 76, 201, 240, 108, 177, 39, 43, 50, 223, 178, 203, 60, 124, 177, 112, 232, 66, 51, 46, 142, 65, 74, 53, 6, 60, 167, 188, 176], [227, 45, 51, 123, 235, 70, 146, 7, 104, 159, 138, 43, 74, 52, 245, 122, 63, 151, 173, 159, 212, 51, 169, 255, 18, 236, 20, 38, 105, 226, 249, 238], [11, 209, 18, 42, 112, 232, 98, 219, 105, 62, 96, 28, 42, 234, 81, 133, 58, 95, 65, 2, 103, 194, 229, 32, 221, 178, 162, 13, 11, 86, 192, 39], [51, 94, 237, 192, 161, 131, 223, 96, 41, 203, 246, 107, 19, 36, 140, 6, 119, 174, 162, 24, 85, 108, 136, 225, 95, 98, 79, 10, 155, 179, 50, 206], [100, 80, 35, 127, 229, 216, 249, 163, 92, 191, 234, 196, 85, 134, 95, 13, 28, 245, 127, 7, 223, 135, 59, 185, 37, 4, 253, 38, 127, 39, 162, 100], [245, 154, 101, 152, 195, 11, 118, 107, 50, 248, 24, 61, 80, 236, 95, 159, 22, 84, 43, 23, 45, 14, 51, 90, 75, 15, 147, 11, 151, 82, 221, 161], [206, 252, 20, 45, 91, 168, 39, 205, 237, 157, 58, 216, 170, 137, 17, 240, 39, 123, 88, 24, 205, 97, 133, 15, 28, 40, 187, 35, 200, 213, 218, 115], [33, 241, 186, 163, 201, 190, 251, 252, 94, 114, 104, 90, 13, 108, 33, 226, 159, 241, 36, 161, 252, 145, 254, 134, 39, 63, 209, 36, 32, 6, 172, 51], [118, 96, 236, 86, 238, 119, 255, 53, 129, 147, 68, 64, 32, 29, 112, 166, 98, 124, 112, 192, 48, 137, 145, 219, 107, 27, 77, 43, 66, 234, 44, 249], [221, 216, 38, 23, 15, 132, 57, 78, 22, 113, 141, 7, 207, 134, 100, 69, 243, 203, 159, 54, 116, 97, 95, 11, 68, 215, 28, 15, 169, 181, 167, 236], [174, 203, 181, 30, 115, 82, 163, 54, 3, 80, 126, 88, 80, 201, 100, 86, 52, 9, 161, 68, 139, 249, 245, 139, 243, 159, 190, 19, 5, 19, 80, 223], [56, 179, 249, 36, 126, 70, 56, 26, 123, 249, 243, 143, 142, 209, 28, 60, 195, 121, 176, 129, 181, 62, 210, 213, 46, 119, 71, 33, 211, 64, 192, 4], [42, 141, 10, 233, 211, 201, 19, 61, 183, 255, 97, 182, 142, 27, 252, 194, 212, 199, 100, 190, 195, 137, 22, 27, 142, 164, 131, 46, 222, 144, 102, 128], [230, 142, 65, 186, 158, 25, 209, 153, 211, 6, 120, 242, 33, 192, 51, 151, 186, 134, 40, 61, 69, 14, 103, 149, 89, 125, 106, 47, 49, 102, 48, 115], [111, 96, 85, 199, 25, 9, 31, 204, 241, 57, 199, 233, 108, 58, 234, 233, 230, 18, 7, 219, 170, 209, 242, 189, 70, 112, 166, 27, 105, 108, 22, 88], [48, 253, 222, 129, 238, 176, 160, 206, 189, 99, 9, 165, 59, 152, 77, 234, 251, 190, 39, 123, 228, 145, 202, 75, 25, 209, 249, 0, 155, 235, 226, 54], [253, 89, 111, 242, 212, 38, 195, 63, 227, 45, 196, 120, 34, 105, 106, 163, 142, 52, 119, 43, 187, 202, 37, 88, 12, 114, 27, 7, 224, 103, 133, 28], [195, 2, 91, 133, 159, 65, 227, 237, 44, 39, 226, 137, 205, 190, 225, 11, 112, 250, 31, 123, 134, 73, 39, 132, 148, 183, 61, 19, 209, 212, 67, 236], [7, 117, 236, 75, 69, 21, 187, 158, 54, 226, 99, 228, 121, 89, 194, 93, 190, 168, 100, 95, 82, 211, 53, 11, 109, 46, 129, 22, 103, 149, 247, 187], [83, 137, 197, 182, 237, 136, 142, 122, 100, 67, 159, 13, 144, 153, 159, 117, 70, 75, 48, 61, 163, 86, 10, 93, 222, 150, 38, 29, 231, 247, 122, 163], [55, 225, 195, 65, 159, 134, 177, 209, 147, 253, 98, 17, 194, 133, 166, 128, 62, 127, 121, 243, 144, 17, 63, 26, 125, 77, 180, 11, 231, 200, 236, 44], [238, 226, 122, 238, 150, 207, 15, 140, 82, 222, 143, 63, 40, 84, 127, 12, 115, 198, 177, 139, 194, 71, 125, 25, 213, 120, 101, 43, 198, 50, 230, 5], [79, 111, 119, 61, 211, 150, 92, 101, 118, 139, 107, 91, 147, 9, 101, 212, 221, 166, 199, 110, 57, 69, 86, 67, 171, 168, 5, 9, 96, 52, 144, 171], [40, 169, 165, 77, 246, 250, 97, 220, 62, 140, 241, 87, 53, 4, 2, 117, 67, 127, 158, 44, 103, 88, 180, 199, 157, 213, 254, 4, 131, 186, 60, 136], [60, 81, 60, 147, 156, 233, 252, 80, 238, 189, 181, 198, 204, 212, 108, 23, 194, 178, 230, 56, 22, 144, 251, 238, 253, 167, 195, 40, 126, 181, 170, 178], [187, 32, 145, 225, 87, 185, 165, 80, 240, 22, 121, 221, 244, 232, 30, 85, 153, 195, 245, 99, 160, 4, 90, 239, 207, 116, 19, 23, 186, 74, 171, 209], [138, 116, 196, 202, 101, 103, 161, 251, 152, 152, 83, 121, 97, 22, 165, 193, 187, 255, 169, 96, 170, 164, 49, 92, 157, 128, 173, 12, 201, 71, 210, 37], [91, 107, 143, 90, 53, 17, 204, 23, 161, 83, 8, 186, 104, 111, 98, 44, 29, 130, 90, 84, 137, 155, 215, 241, 162, 217, 80, 25, 115, 159, 3, 232], [188, 134, 113, 101, 35, 194, 60, 139, 174, 242, 13, 224, 235, 47, 29, 149, 175, 232, 75, 103, 133, 237, 189, 1, 22, 100, 45, 0, 38, 107, 206, 47], [102, 29, 1, 13, 72, 41, 104, 187, 30, 235, 54, 255, 130, 109, 72, 40, 89, 242, 9, 15, 6, 11, 40, 124, 225, 112, 114, 38, 127, 245, 167, 89], [230, 23, 255, 161, 158, 179, 19, 191, 202, 202, 61, 204, 67, 226, 199, 206, 196, 30, 161, 192, 124, 184, 52, 56, 177, 228, 127, 7, 33, 146, 174, 168], [176, 110, 31, 47, 69, 161, 9, 173, 114, 127, 74, 152, 218, 234, 56, 89, 93, 83, 70, 169, 35, 149, 9, 101, 145, 221, 241, 9, 215, 99, 248, 206], [131, 99, 255, 1, 239, 165, 160, 53, 239, 96, 189, 247, 48, 229, 254, 209, 92, 154, 162, 16, 217, 234, 65, 27, 215, 180, 49, 22, 103, 61, 52, 148], [138, 26, 37, 140, 134, 26, 129, 168, 22, 37, 23, 16, 185, 173, 27, 63, 180, 5, 59, 128, 251, 149, 139, 3, 78, 199, 59, 17, 156, 223, 240, 35], [250, 82, 48, 84, 23, 127, 106, 43, 2, 203, 2, 124, 47, 32, 64, 95, 92, 215, 209, 39, 237, 24, 245, 49, 88, 65, 19, 8, 224, 191, 72, 68], [140, 113, 251, 175, 6, 176, 240, 191, 122, 69, 106, 135, 164, 170, 101, 66, 2, 64, 21, 56, 46, 10, 166, 221, 36, 135, 40, 31, 217, 154, 59, 33], [92, 84, 218, 78, 219, 63, 99, 213, 232, 134, 15, 69, 43, 114, 196, 30, 64, 85, 155, 21, 187, 176, 23, 106, 2, 136, 80, 22, 217, 148, 168, 139], [151, 48, 66, 73, 144, 5, 96, 41, 49, 154, 210, 19, 125, 182, 95, 26, 152, 192, 74, 121, 159, 29, 151, 99, 186, 146, 59, 16, 62, 44, 201, 159], [28, 77, 97, 45, 206, 24, 4, 143, 106, 197, 137, 245, 189, 195, 5, 61, 0, 95, 158, 185, 164, 57, 246, 34, 122, 88, 179, 27, 110, 104, 212, 76], [127, 91, 222, 242, 252, 196, 17, 63, 96, 208, 174, 131, 224, 161, 33, 103, 30, 133, 5, 63, 138, 130, 154, 125, 184, 187, 40, 32, 214, 216, 251, 211], [112, 210, 154, 47, 83, 217, 154, 71, 196, 187, 217, 80, 54, 76, 2, 223, 74, 135, 132, 250, 232, 29, 200, 164, 144, 139, 146, 16, 58, 226, 34, 14], [180, 5, 0, 61, 161, 241, 193, 82, 144, 110, 234, 25, 206, 57, 72, 102, 206, 97, 114, 229, 240, 15, 59, 200, 104, 173, 212, 44, 213, 59, 7, 229], [200, 132, 14, 237, 238, 196, 97, 184, 34, 62, 184, 77, 143, 249, 13, 254, 187, 62, 187, 203, 134, 189, 127, 88, 206, 63, 97, 21, 13, 27, 90, 202], [98, 134, 32, 255, 235, 216, 175, 21, 1, 252, 150, 125, 143, 30, 57, 27, 232, 227, 221, 210, 56, 144, 246, 24, 10, 161, 143, 3, 114, 101, 126, 27], [228, 234, 187, 252, 170, 187, 186, 16, 204, 54, 100, 30, 116, 133, 207, 12, 59, 175, 65, 233, 145, 5, 72, 222, 65, 170, 67, 40, 20, 187, 23, 80], [240, 60, 1, 141, 132, 26, 32, 48, 168, 229, 55, 134, 207, 222, 175, 16, 253, 3, 42, 43, 210, 52, 119, 214, 231, 19, 231, 15, 25, 251, 190, 118], [207, 5, 193, 33, 132, 214, 57, 120, 94, 51, 201, 168, 86, 29, 53, 51, 177, 215, 89, 122, 91, 66, 123, 232, 54, 134, 71, 16, 51, 66, 101, 136], [38, 79, 31, 175, 8, 176, 81, 56, 233, 132, 73, 17, 142, 121, 209, 112, 185, 65, 38, 141, 87, 107, 186, 10, 139, 58, 125, 32, 164, 171, 184, 250], [219, 230, 80, 219, 51, 140, 81, 64, 44, 41, 245, 253, 195, 98, 118, 238, 209, 233, 155, 66, 88, 125, 58, 99, 245, 172, 253, 43, 106, 66, 187, 127], [208, 135, 197, 51, 89, 110, 14, 249, 31, 55, 125, 122, 36, 39, 193, 237, 81, 142, 93, 178, 121, 92, 11, 194, 40, 160, 244, 32, 247, 203, 141, 81], [222, 144, 73, 44, 247, 74, 63, 10, 210, 61, 83, 116, 252, 200, 176, 75, 252, 83, 41, 30, 17, 106, 51, 221, 214, 70, 228, 14, 221, 186, 193, 88], [70, 4, 91, 8, 52, 92, 99, 111, 113, 51, 4, 29, 57, 49, 192, 147, 100, 183, 242, 5, 176, 67, 38, 31, 74, 174, 111, 15, 0, 3, 54, 123], [230, 78, 17, 221, 161, 86, 162, 194, 182, 128, 27, 72, 77, 103, 238, 206, 233, 80, 220, 234, 12, 169, 180, 248, 34, 80, 134, 0, 134, 10, 92, 63], [54, 229, 33, 205, 157, 175, 40, 121, 60, 169, 19, 52, 170, 57, 5, 209, 227, 145, 238, 140, 237, 191, 33, 172, 78, 162, 132, 17, 148, 66, 27, 92], [133, 179, 219, 184, 255, 183, 58, 70, 100, 231, 104, 236, 32, 61, 26, 183, 77, 18, 102, 11, 219, 155, 113, 43, 20, 214, 72, 14, 193, 242, 32, 153], [224, 166, 254, 110, 239, 26, 73, 239, 84, 193, 109, 99, 179, 30, 124, 176, 210, 179, 97, 43, 60, 224, 15, 53, 36, 172, 223, 30, 36, 179, 138, 208], [181, 120, 160, 88, 119, 76, 166, 177, 71, 16, 148, 0, 82, 208, 5, 89, 126, 218, 250, 132, 45, 139, 5, 8, 19, 175, 142, 44, 175, 225, 93, 201], [166, 53, 84, 198, 159, 144, 167, 99, 154, 239, 65, 134, 209, 227, 73, 104, 113, 146, 35, 219, 200, 4, 114, 239, 140, 170, 227, 25, 79, 115, 169, 188], [11, 213, 132, 95, 121, 47, 166, 102, 241, 177, 127, 205, 169, 208, 151, 23, 96, 13, 254, 17, 132, 3, 177, 76, 27, 82, 211, 23, 152, 27, 31, 15], [112, 86, 204, 117, 237, 57, 202, 4, 247, 122, 63, 17, 140, 116, 55, 25, 69, 179, 44, 221, 96, 155, 191, 241, 229, 163, 128, 22, 95, 142, 244, 117], [24, 193, 223, 70, 66, 165, 148, 127, 35, 131, 204, 139, 250, 54, 49, 183, 224, 115, 177, 245, 254, 247, 2, 88, 154, 226, 153, 6, 218, 165, 247, 98], [103, 40, 238, 209, 67, 146, 17, 2, 130, 169, 59, 8, 194, 97, 106, 172, 95, 96, 160, 202, 15, 219, 17, 247, 136, 104, 20, 17, 69, 28, 138, 199], [65, 200, 133, 252, 187, 54, 25, 100, 72, 156, 38, 238, 17, 163, 77, 82, 2, 13, 67, 202, 102, 167, 96, 165, 8, 183, 6, 5, 109, 87, 133, 117], [175, 99, 50, 106, 73, 56, 96, 102, 15, 193, 69, 143, 155, 246, 22, 213, 86, 229, 175, 237, 25, 197, 31, 234, 233, 229, 79, 31, 163, 236, 124, 199], [149, 194, 197, 30, 117, 170, 24, 123, 98, 141, 46, 228, 146, 156, 67, 21, 228, 7, 6, 178, 72, 243, 68, 106, 26, 154, 141, 22, 80, 27, 128, 205], [86, 45, 102, 147, 205, 182, 116, 235, 64, 203, 150, 215, 228, 120, 185, 118, 17, 193, 109, 240, 73, 65, 27, 253, 158, 156, 211, 9, 144, 117, 44, 24], [201, 91, 116, 84, 184, 66, 198, 98, 176, 137, 35, 100, 134, 51, 248, 174, 193, 47, 26, 176, 166, 18, 190, 122, 237, 86, 175, 9, 247, 225, 252, 10], [192, 94, 186, 168, 191, 19, 253, 124, 80, 159, 234, 191, 120, 223, 199, 10, 165, 132, 226, 199, 223, 94, 22, 228, 211, 177, 144, 38, 127, 68, 123, 229], [132, 125, 173, 203, 183, 15, 209, 166, 254, 69, 41, 145, 85, 21, 61, 246, 158, 186, 58, 11, 245, 165, 129, 251, 94, 105, 132, 13, 151, 125, 47, 221], [132, 254, 211, 33, 47, 46, 230, 79, 93, 136, 200, 124, 19, 96, 242, 6, 21, 231, 70, 146, 241, 106, 247, 87, 119, 79, 212, 42, 227, 85, 101, 181], [7, 72, 84, 229, 195, 141, 130, 94, 165, 225, 188, 76, 228, 72, 218, 211, 47, 158, 142, 243, 205, 197, 143, 59, 218, 60, 242, 32, 176, 127, 77, 251], [145, 141, 76, 26, 94, 156, 139, 24, 52, 226, 184, 26, 74, 248, 142, 122, 161, 94, 9, 38, 56, 53, 58, 137, 251, 254, 143, 5, 180, 125, 36, 61], [12, 221, 188, 220, 234, 159, 154, 231, 40, 113, 106, 156, 75, 105, 61, 55, 65, 211, 215, 128, 206, 161, 143, 0, 43, 188, 53, 16, 54, 57, 147, 97], [1, 93, 209, 219, 66, 108, 68, 252, 21, 183, 40, 166, 62, 148, 43, 174, 132, 176, 136, 170, 118, 238, 200, 56, 201, 48, 92, 35, 233, 249, 128, 203], [234, 46, 76, 219, 170, 216, 242, 93, 165, 110, 231, 39, 251, 253, 170, 171, 95, 0, 153, 109, 21, 4, 208, 160, 70, 109, 251, 34, 17, 196, 233, 118], [21, 47, 79, 96, 74, 94, 45, 108, 123, 179, 88, 241, 30, 196, 85, 211, 49, 149, 199, 13, 179, 177, 104, 168, 169, 29, 8, 13, 179, 162, 72, 44], [96, 244, 244, 64, 50, 150, 207, 140, 54, 181, 190, 133, 71, 60, 22, 76, 255, 247, 93, 116, 95, 200, 89, 172, 183, 229, 74, 23, 115, 140, 97, 185], [244, 29, 75, 13, 133, 83, 97, 211, 81, 184, 131, 185, 10, 229, 79, 1, 21, 69, 146, 144, 192, 152, 132, 152, 116, 16, 102, 29, 241, 227, 222, 215], [81, 41, 212, 126, 11, 254, 176, 155, 98, 15, 119, 207, 200, 4, 84, 43, 156, 199, 219, 138, 165, 137, 10, 115, 144, 202, 144, 40, 212, 112, 27, 31], [34, 110, 213, 46, 8, 119, 16, 149, 63, 178, 253, 221, 82, 115, 49, 128, 161, 0, 190, 39, 105, 7, 173, 72, 254, 61, 254, 18, 215, 148, 11, 204], [184, 58, 175, 139, 17, 65, 254, 75, 4, 222, 202, 221, 34, 196, 195, 59, 128, 96, 215, 229, 51, 101, 62, 224, 221, 233, 11, 47, 142, 3, 107, 5], [203, 55, 31, 234, 66, 138, 68, 253, 116, 135, 148, 14, 182, 221, 113, 214, 71, 226, 83, 21, 110, 200, 230, 77, 33, 148, 217, 0, 125, 140, 106, 77], [166, 89, 31, 107, 16, 95, 70, 119, 242, 133, 194, 179, 109, 80, 209, 32, 106, 226, 5, 80, 63, 241, 54, 210, 234, 133, 40, 44, 185, 249, 17, 211], [75, 84, 1, 82, 74, 64, 45, 107, 28, 227, 236, 136, 167, 122, 15, 171, 110, 99, 252, 162, 187, 215, 74, 147, 81, 186, 138, 47, 231, 71, 204, 160], [39, 241, 213, 245, 156, 125, 149, 149, 169, 143, 100, 26, 207, 203, 206, 20, 66, 119, 162, 145, 133, 161, 223, 35, 208, 34, 112, 23, 53, 219, 103, 56], [66, 131, 234, 241, 80, 85, 181, 70, 239, 125, 115, 224, 162, 166, 34, 12, 25, 207, 254, 154, 169, 230, 96, 22, 74, 187, 14, 10, 146, 135, 30, 187], [10, 131, 174, 243, 118, 95, 160, 40, 12, 143, 129, 35, 66, 138, 164, 38, 222, 40, 248, 90, 219, 11, 147, 131, 113, 224, 56, 7, 18, 34, 21, 160], [212, 8, 54, 74, 60, 117, 188, 33, 162, 236, 13, 183, 186, 177, 94, 117, 157, 118, 81, 29, 128, 185, 208, 202, 40, 147, 85, 38, 119, 76, 207, 168], [16, 236, 82, 234, 249, 124, 226, 188, 131, 123, 189, 113, 238, 123, 174, 237, 250, 23, 184, 18, 205, 53, 180, 248, 151, 36, 216, 15, 91, 19, 171, 136], [54, 81, 74, 213, 133, 183, 87, 100, 200, 102, 218, 123, 141, 109, 113, 138, 65, 204, 152, 92, 221, 80, 176, 140, 64, 161, 147, 33, 85, 50, 69, 83], [25, 234, 10, 237, 17, 118, 178, 120, 139, 70, 146, 16, 12, 147, 8, 174, 163, 87, 121, 125, 214, 255, 71, 174, 54, 136, 55, 23, 236, 233, 209, 79], [224, 58, 214, 102, 7, 19, 26, 4, 201, 3, 167, 27, 208, 234, 15, 247, 116, 121, 183, 91, 76, 79, 129, 84, 50, 173, 208, 14, 176, 61, 157, 184], [103, 23, 235, 44, 48, 17, 161, 44, 41, 198, 92, 149, 64, 220, 46, 26, 204, 59, 127, 123, 33, 238, 174, 0, 203, 177, 242, 42, 248, 41, 177, 221], [192, 46, 65, 248, 103, 208, 69, 7, 138, 141, 36, 64, 84, 229, 1, 25, 22, 2, 72, 97, 112, 59, 246, 64, 3, 39, 174, 4, 190, 111, 81, 68], [102, 153, 44, 89, 128, 93, 175, 219, 94, 80, 38, 238, 166, 199, 164, 18, 185, 137, 38, 17, 154, 95, 139, 26, 106, 22, 203, 47, 79, 211, 203, 250], [85, 93, 223, 67, 37, 250, 43, 97, 7, 221, 92, 87, 9, 115, 127, 104, 160, 67, 8, 87, 185, 100, 59, 160, 111, 39, 182, 43, 37, 52, 194, 31], [252, 205, 7, 18, 158, 163, 255, 104, 83, 197, 106, 222, 7, 25, 101, 59, 205, 210, 180, 127, 15, 39, 97, 201, 82, 25, 69, 14, 104, 23, 31, 122], [177, 116, 70, 156, 118, 43, 76, 226, 107, 183, 60, 102, 155, 168, 234, 247, 244, 11, 254, 157, 192, 83, 148, 65, 176, 61, 155, 11, 232, 144, 231, 180], [125, 27, 229, 220, 189, 215, 196, 219, 170, 211, 41, 108, 81, 198, 223, 210, 84, 195, 18, 229, 222, 33, 119, 228, 149, 224, 221, 14, 223, 229, 93, 94], [101, 23, 218, 159, 22, 159, 37, 134, 37, 179, 68, 49, 194, 175, 150, 137, 193, 57, 82, 26, 105, 76, 157, 159, 194, 16, 201, 36, 226, 201, 134, 88], [44, 207, 149, 70, 233, 5, 92, 1, 123, 227, 106, 42, 5, 184, 34, 54, 183, 72, 153, 23, 109, 157, 112, 241, 234, 240, 209, 33, 189, 67, 176, 49], [173, 14, 66, 11, 203, 168, 187, 108, 111, 183, 114, 45, 71, 193, 220, 139, 112, 178, 221, 22, 208, 22, 45, 140, 251, 0, 120, 21, 74, 226, 118, 167], [248, 203, 230, 251, 247, 255, 30, 146, 26, 193, 64, 12, 72, 189, 106, 193, 132, 189, 179, 14, 154, 80, 206, 208, 96, 112, 89, 19, 138, 185, 204, 166], [105, 125, 222, 48, 194, 33, 182, 251, 33, 179, 14, 106, 22, 151, 164, 245, 69, 147, 114, 161, 89, 137, 4, 85, 119, 77, 236, 26, 228, 235, 173, 77], [146, 164, 118, 162, 95, 84, 166, 92, 218, 141, 196, 197, 25, 251, 128, 103, 236, 125, 60, 78, 56, 166, 52, 211, 114, 7, 13, 10, 44, 19, 96, 158], [203, 4, 115, 0, 194, 118, 110, 116, 87, 149, 15, 48, 172, 7, 131, 91, 146, 138, 196, 215, 146, 99, 184, 22, 242, 74, 94, 14, 170, 105, 183, 173], [247, 191, 1, 73, 182, 195, 80, 177, 201, 213, 100, 79, 131, 83, 131, 36, 126, 219, 172, 255, 27, 116, 51, 229, 226, 111, 184, 31, 27, 234, 28, 58], [75, 135, 173, 59, 203, 83, 3, 244, 57, 213, 113, 103, 177, 80, 254, 37, 36, 187, 139, 224, 150, 60, 121, 202, 128, 3, 6, 34, 169, 10, 204, 252], [17, 148, 23, 38, 144, 118, 8, 108, 147, 147, 50, 25, 104, 245, 13, 225, 180, 150, 191, 179, 75, 246, 32, 61, 233, 217, 102, 41, 95, 0, 8, 76], [44, 28, 227, 161, 194, 108, 41, 162, 90, 236, 195, 227, 78, 19, 172, 179, 180, 50, 221, 244, 213, 144, 42, 162, 44, 168, 33, 41, 133, 195, 240, 59], [88, 209, 27, 201, 194, 102, 91, 102, 149, 213, 39, 139, 208, 48, 47, 176, 61, 180, 207, 133, 49, 238, 83, 168, 147, 162, 149, 37, 232, 252, 116, 140], [234, 111, 61, 154, 202, 93, 72, 198, 54, 126, 189, 179, 14, 69, 213, 205, 1, 19, 115, 195, 83, 15, 7, 63, 70, 166, 66, 7, 69, 182, 58, 251], [235, 116, 58, 254, 124, 20, 240, 239, 1, 70, 100, 45, 11, 196, 17, 35, 205, 142, 204, 21, 109, 5, 220, 52, 134, 177, 17, 29, 245, 55, 58, 11], [54, 221, 53, 207, 104, 249, 114, 35, 18, 138, 44, 189, 74, 243, 86, 169, 42, 172, 132, 0, 241, 150, 209, 139, 141, 91, 173, 45, 58, 9, 176, 188], [51, 188, 188, 176, 233, 58, 152, 27, 252, 199, 149, 189, 132, 13, 84, 206, 142, 86, 122, 195, 25, 110, 113, 82, 125, 192, 235, 47, 82, 197, 66, 205], [224, 174, 234, 108, 36, 209, 254, 68, 127, 224, 84, 218, 18, 101, 42, 216, 139, 153, 203, 183, 56, 9, 96, 85, 229, 242, 182, 2, 32, 14, 3, 18], [61, 147, 21, 54, 193, 204, 21, 225, 27, 186, 225, 25, 205, 112, 125, 190, 140, 100, 1, 200, 14, 26, 36, 93, 139, 106, 8, 21, 242, 132, 225, 56], [240, 25, 39, 50, 47, 99, 201, 195, 99, 135, 162, 14, 145, 131, 34, 34, 11, 29, 36, 234, 232, 79, 54, 174, 6, 202, 80, 39, 61, 168, 208, 46], [193, 110, 134, 223, 231, 131, 209, 181, 98, 111, 143, 168, 136, 217, 72, 61, 217, 154, 104, 235, 218, 51, 75, 27, 181, 194, 163, 3, 85, 120, 155, 159], [38, 114, 249, 9, 94, 103, 168, 164, 45, 227, 222, 136, 204, 212, 94, 95, 171, 40, 44, 206, 64, 80, 251, 50, 108, 132, 19, 9, 37, 154, 126, 242], [93, 224, 222, 104, 141, 153, 54, 137, 209, 233, 119, 196, 76, 155, 160, 252, 106, 200, 229, 177, 2, 185, 139, 139, 102, 8, 6, 7, 164, 175, 174, 154], [223, 128, 226, 5, 92, 96, 201, 140, 42, 170, 93, 50, 84, 30, 2, 74, 124, 183, 187, 212, 67, 159, 176, 248, 240, 145, 51, 40, 48, 246, 147, 187], [98, 227, 120, 122, 2, 162, 72, 27, 54, 225, 17, 84, 43, 51, 254, 91, 105, 63, 225, 17, 148, 93, 203, 232, 87, 60, 203, 36, 163, 77, 206, 61], [55, 11, 62, 54, 49, 106, 168, 219, 102, 192, 35, 101, 9, 58, 127, 55, 58, 142, 148, 227, 229, 0, 129, 232, 129, 188, 48, 8, 107, 221, 210, 228], [121, 125, 95, 129, 207, 160, 243, 7, 8, 52, 196, 45, 28, 13, 124, 187, 236, 12, 86, 2, 184, 126, 113, 16, 0, 80, 233, 31, 10, 105, 98, 148], [142, 95, 136, 45, 20, 11, 253, 138, 121, 223, 167, 50, 50, 239, 95, 61, 247, 97, 41, 215, 169, 115, 193, 13, 19, 216, 104, 7, 232, 74, 44, 224], [158, 233, 141, 178, 190, 166, 115, 62, 138, 71, 218, 249, 138, 74, 30, 144, 18, 184, 17, 42, 115, 172, 212, 20, 85, 4, 175, 45, 61, 148, 26, 68], [136, 44, 152, 14, 121, 191, 116, 221, 23, 139, 217, 100, 43, 105, 33, 68, 191, 227, 38, 225, 127, 44, 112, 211, 95, 118, 251, 40, 15, 83, 114, 238], [187, 111, 34, 166, 207, 60, 161, 101, 249, 171, 163, 113, 231, 149, 201, 207, 152, 215, 243, 158, 155, 181, 70, 145, 29, 240, 66, 18, 165, 6, 204, 248], [127, 54, 153, 136, 241, 175, 119, 195, 57, 76, 2, 182, 243, 227, 237, 29, 242, 163, 24, 249, 119, 76, 105, 228, 1, 28, 90, 18, 170, 79, 139, 49], [19, 235, 217, 108, 246, 232, 2, 148, 105, 230, 156, 62, 26, 5, 194, 106, 83, 213, 19, 91, 156, 250, 38, 67, 14, 155, 184, 12, 162, 246, 176, 223], [150, 85, 135, 179, 155, 26, 250, 164, 87, 30, 127, 225, 105, 116, 147, 99, 196, 161, 55, 191, 177, 83, 200, 252, 112, 50, 10, 30, 238, 69, 125, 31], [129, 129, 57, 86, 166, 43, 216, 204, 154, 111, 83, 83, 199, 26, 221, 9, 139, 121, 48, 152, 39, 181, 6, 178, 242, 116, 51, 36, 139, 154, 18, 223], [67, 146, 248, 210, 136, 217, 163, 148, 203, 171, 103, 172, 146, 248, 146, 141, 7, 138, 81, 15, 87, 222, 77, 25, 19, 203, 74, 16, 251, 22, 215, 68], [91, 189, 38, 84, 216, 243, 252, 74, 52, 3, 131, 27, 227, 173, 148, 162, 154, 228, 187, 27, 61, 224, 220, 146, 34, 234, 64, 51, 188, 98, 106, 249], [210, 249, 39, 105, 4, 241, 205, 211, 197, 190, 25, 235, 202, 95, 238, 243, 174, 187, 254, 168, 210, 193, 227, 199, 95, 131, 25, 32, 167, 128, 219, 223], [239, 180, 10, 14, 246, 250, 65, 70, 23, 146, 102, 209, 175, 14, 57, 232, 141, 90, 174, 24, 212, 237, 31, 69, 47, 187, 203, 33, 167, 212, 116, 29], [140, 226, 55, 142, 185, 213, 28, 177, 173, 12, 238, 54, 212, 85, 35, 108, 248, 236, 86, 237, 117, 3, 193, 246, 155, 17, 218, 7, 119, 24, 122, 164], [120, 80, 126, 216, 27, 241, 9, 250, 118, 155, 6, 203, 151, 11, 177, 185, 119, 96, 9, 175, 100, 159, 177, 146, 129, 118, 95, 14, 160, 40, 8, 187], [138, 169, 232, 173, 211, 244, 84, 183, 227, 93, 147, 96, 137, 2, 94, 21, 190, 88, 249, 202, 179, 156, 112, 234, 214, 60, 138, 40, 103, 38, 190, 255], [139, 211, 148, 216, 226, 48, 149, 36, 87, 81, 155, 75, 122, 117, 71, 25, 82, 80, 81, 116, 54, 195, 202, 197, 211, 87, 62, 27, 14, 101, 203, 71], [249, 109, 129, 210, 255, 28, 49, 29, 0, 85, 211, 47, 15, 244, 255, 230, 27, 202, 215, 128, 239, 217, 36, 140, 248, 223, 93, 33, 131, 6, 123, 79], [225, 174, 237, 207, 242, 241, 191, 28, 171, 140, 91, 105, 172, 188, 84, 173, 114, 152, 139, 23, 1, 182, 16, 178, 235, 192, 126, 21, 57, 152, 177, 144], [29, 30, 159, 105, 141, 173, 64, 75, 145, 21, 174, 103, 78, 100, 129, 154, 154, 123, 120, 55, 58, 198, 12, 85, 122, 110, 6, 15, 55, 154, 228, 6], [169, 242, 172, 0, 118, 161, 53, 247, 165, 42, 158, 219, 161, 35, 238, 124, 158, 107, 41, 236, 183, 227, 8, 180, 82, 161, 104, 16, 52, 139, 70, 43], [146, 81, 26, 21, 172, 207, 55, 64, 180, 98, 60, 103, 186, 29, 230, 184, 62, 169, 38, 20, 178, 183, 170, 202, 0, 19, 203, 9, 48, 92, 105, 202], [51, 197, 198, 48, 144, 130, 4, 185, 62, 142, 185, 172, 81, 58, 183, 210, 131, 2, 239, 215, 21, 99, 8, 131, 10, 183, 233, 2, 19, 114, 54, 173], [132, 58, 6, 39, 225, 250, 57, 40, 221, 7, 69, 48, 163, 58, 155, 200, 119, 156, 41, 164, 119, 232, 134, 22, 114, 59, 153, 38, 214, 41, 40, 191], [48, 85, 60, 234, 87, 224, 95, 50, 51, 58, 252, 116, 171, 94, 178, 102, 225, 220, 133, 248, 5, 159, 106, 126, 131, 116, 69, 41, 147, 149, 228, 86], [152, 48, 226, 132, 20, 151, 187, 254, 158, 159, 247, 71, 188, 160, 80, 181, 142, 177, 6, 235, 199, 97, 15, 42, 219, 4, 135, 47, 127, 181, 123, 109], [34, 10, 207, 83, 165, 125, 185, 128, 100, 165, 82, 198, 86, 22, 103, 17, 194, 15, 173, 89, 217, 65, 55, 238, 82, 246, 217, 12, 180, 103, 152, 129], [126, 91, 62, 183, 120, 51, 182, 105, 242, 202, 137, 79, 161, 183, 48, 204, 39, 148, 73, 205, 97, 62, 34, 183, 151, 73, 221, 0, 2, 16, 54, 142], [172, 236, 22, 166, 90, 190, 36, 165, 212, 2, 135, 186, 104, 12, 153, 247, 197, 214, 217, 228, 122, 94, 66, 111, 123, 136, 159, 46, 71, 252, 233, 124], [168, 163, 216, 124, 194, 64, 5, 186, 126, 174, 50, 23, 193, 10, 32, 172, 187, 23, 76, 245, 199, 96, 99, 177, 209, 64, 31, 9, 14, 32, 254, 5], [73, 67, 146, 253, 6, 205, 22, 219, 168, 158, 0, 15, 251, 45, 20, 157, 195, 38, 167, 217, 24, 68, 141, 78, 168, 86, 102, 56, 0, 1, 147, 91], [110, 232, 71, 191, 202, 137, 108, 174, 18, 188, 78, 128, 156, 77, 97, 213, 250, 45, 4, 195, 97, 63, 206, 47, 161, 13, 69, 39, 17, 129, 17, 47], [24, 242, 192, 61, 198, 6, 69, 88, 49, 20, 3, 252, 222, 54, 54, 19, 191, 146, 82, 51, 238, 203, 136, 130, 52, 126, 34, 22, 94, 78, 160, 250], [155, 31, 118, 164, 177, 211, 2, 147, 107, 182, 18, 254, 7, 80, 120, 218, 50, 247, 222, 116, 190, 129, 96, 183, 156, 124, 70, 16, 2, 173, 140, 110], [20, 28, 103, 159, 190, 36, 12, 188, 165, 157, 232, 228, 214, 62, 82, 69, 219, 181, 217, 164, 80, 152, 173, 176, 97, 120, 157, 50, 233, 174, 220, 221], [122, 108, 170, 151, 219, 246, 110, 213, 37, 180, 110, 153, 85, 8, 9, 167, 131, 78, 113, 67, 107, 30, 209, 41, 214, 209, 29, 32, 74, 29, 118, 190], [71, 33, 3, 212, 242, 151, 47, 149, 56, 64, 177, 49, 211, 57, 126, 156, 163, 225, 165, 181, 151, 186, 179, 28, 52, 89, 10, 29, 150, 37, 217, 12], [135, 105, 202, 40, 65, 71, 228, 70, 212, 147, 249, 236, 100, 35, 157, 55, 110, 139, 194, 145, 194, 36, 251, 153, 65, 37, 148, 37, 251, 220, 29, 87], [230, 105, 135, 127, 169, 16, 191, 207, 124, 110, 105, 238, 223, 42, 94, 220, 77, 87, 232, 214, 225, 202, 249, 143, 189, 87, 241, 16, 177, 215, 163, 203], [143, 34, 86, 19, 76, 131, 141, 33, 189, 214, 135, 170, 248, 52, 228, 73, 72, 186, 141, 38, 103, 123, 54, 71, 49, 41, 208, 10, 177, 138, 140, 250], [92, 89, 156, 16, 164, 84, 131, 106, 4, 112, 48, 196, 63, 110, 145, 82, 251, 124, 208, 237, 166, 201, 198, 243, 54, 23, 171, 4, 104, 73, 37, 169], [230, 177, 1, 240, 51, 178, 125, 49, 235, 194, 148, 49, 113, 13, 118, 236, 88, 59, 203, 7, 78, 236, 137, 205, 122, 127, 239, 34, 208, 67, 65, 25], [106, 130, 122, 249, 5, 168, 222, 44, 79, 33, 161, 88, 46, 120, 82, 104, 92, 69, 154, 86, 165, 52, 255, 163, 64, 105, 176, 23, 223, 179, 87, 47], [48, 218, 30, 76, 89, 24, 244, 54, 166, 167, 236, 101, 236, 74, 11, 149, 93, 10, 133, 176, 219, 179, 167, 19, 248, 206, 116, 13, 60, 119, 17, 1], [52, 73, 87, 206, 31, 70, 245, 108, 123, 39, 152, 179, 22, 93, 212, 72, 52, 169, 147, 173, 12, 56, 186, 72, 58, 133, 97, 28, 163, 19, 44, 185], [175, 195, 170, 194, 214, 164, 180, 6, 24, 254, 99, 77, 152, 153, 154, 15, 143, 86, 95, 102, 205, 161, 144, 151, 7, 171, 87, 47, 168, 52, 224, 211], [62, 228, 201, 139, 162, 180, 87, 200, 116, 96, 181, 253, 114, 188, 126, 192, 68, 127, 86, 163, 179, 196, 117, 146, 194, 136, 122, 49, 164, 233, 80, 31], [103, 200, 117, 121, 182, 37, 189, 97, 121, 108, 29, 74, 197, 190, 230, 113, 39, 239, 240, 81, 92, 254, 160, 73, 107, 163, 12, 1, 163, 131, 203, 155], [207, 22, 15, 110, 103, 218, 28, 222, 227, 208, 198, 232, 225, 137, 151, 190, 238, 150, 160, 105, 173, 216, 105, 110, 69, 228, 188, 10, 168, 240, 36, 255], [96, 43, 255, 208, 246, 154, 75, 191, 183, 159, 233, 148, 114, 22, 69, 124, 5, 115, 85, 96, 209, 77, 55, 13, 240, 157, 173, 20, 237, 145, 133, 64], [186, 228, 219, 46, 171, 33, 251, 34, 235, 11, 1, 95, 207, 117, 3, 39, 91, 71, 23, 151, 219, 113, 72, 161, 133, 213, 41, 9, 159, 12, 88, 217], [181, 96, 33, 107, 150, 47, 38, 169, 217, 202, 151, 2, 235, 65, 60, 5, 177, 210, 250, 87, 88, 82, 250, 211, 130, 176, 182, 27, 139, 204, 1, 82], [137, 92, 180, 190, 22, 89, 239, 30, 220, 210, 237, 86, 237, 241, 220, 161, 194, 30, 0, 99, 162, 195, 117, 161, 196, 190, 47, 45, 152, 137, 241, 152], [165, 240, 192, 30, 9, 143, 40, 195, 140, 99, 227, 160, 193, 178, 251, 147, 66, 39, 96, 59, 76, 30, 80, 250, 128, 173, 107, 8, 111, 170, 4, 186], [132, 252, 185, 26, 237, 56, 105, 76, 169, 166, 119, 96, 8, 227, 81, 85, 145, 126, 105, 165, 202, 124, 23, 195, 146, 148, 114, 20, 175, 115, 139, 63], [113, 155, 95, 29, 132, 59, 73, 165, 4, 7, 158, 246, 155, 165, 133, 237, 115, 30, 240, 124, 221, 129, 225, 230, 241, 160, 248, 39, 114, 19, 78, 238], [195, 40, 203, 245, 99, 214, 161, 196, 181, 10, 164, 71, 191, 147, 254, 15, 246, 192, 225, 156, 20, 194, 231, 200, 123, 221, 85, 16, 2, 94, 71, 134], [230, 186, 113, 237, 78, 160, 164, 98, 152, 227, 158, 120, 226, 147, 172, 248, 114, 44, 170, 150, 32, 202, 188, 204, 247, 255, 29, 43, 163, 68, 83, 208], [55, 255, 242, 85, 209, 164, 91, 154, 174, 185, 209, 79, 207, 223, 143, 123, 143, 35, 193, 171, 124, 8, 238, 136, 18, 253, 46, 51, 69, 159, 53, 82], [48, 209, 174, 78, 62, 42, 205, 5, 249, 134, 226, 30, 123, 196, 212, 136, 67, 25, 166, 33, 9, 214, 116, 20, 123, 78, 70, 5, 83, 8, 243, 69], [64, 89, 144, 42, 247, 47, 174, 138, 238, 46, 161, 237, 211, 97, 88, 154, 0, 237, 184, 192, 102, 140, 63, 86, 251, 101, 196, 38, 244, 142, 143, 115], [234, 3, 89, 169, 53, 65, 46, 253, 25, 102, 204, 142, 183, 44, 244, 253, 197, 174, 88, 54, 223, 2, 210, 8, 86, 29, 36, 10, 47, 142, 248, 163], [20, 243, 178, 75, 84, 114, 57, 29, 82, 80, 225, 113, 101, 111, 62, 186, 244, 156, 135, 229, 61, 46, 115, 187, 243, 207, 176, 54, 83, 110, 237, 100], [44, 136, 199, 146, 87, 137, 67, 107, 119, 4, 181, 8, 166, 43, 141, 131, 240, 150, 247, 129, 74, 157, 95, 216, 28, 49, 64, 38, 88, 125, 26, 112], [3, 204, 98, 195, 153, 9, 249, 197, 110, 246, 241, 86, 188, 61, 23, 61, 206, 46, 65, 72, 66, 146, 64, 249, 16, 56, 157, 28, 139, 9, 5, 147], [62, 208, 16, 204, 77, 154, 32, 0, 64, 246, 121, 86, 33, 18, 172, 149, 157, 144, 72, 210, 61, 64, 226, 74, 13, 228, 114, 34, 180, 33, 223, 39], [206, 108, 175, 160, 243, 107, 250, 98, 88, 77, 7, 122, 199, 36, 7, 149, 161, 155, 192, 195, 96, 54, 223, 192, 87, 192, 98, 31, 188, 243, 119, 69], [216, 187, 15, 112, 63, 48, 81, 104, 81, 116, 7, 65, 60, 70, 213, 235, 24, 181, 7, 230, 235, 95, 79, 150, 101, 106, 241, 13, 22, 12, 131, 146], [219, 240, 134, 64, 70, 29, 244, 201, 232, 239, 215, 162, 91, 116, 58, 22, 20, 156, 30, 9, 155, 161, 69, 224, 203, 123, 182, 42, 131, 112, 10, 37], [49, 180, 126, 46, 8, 143, 108, 88, 130, 6, 126, 52, 156, 150, 186, 102, 133, 208, 52, 168, 211, 56, 120, 186, 211, 243, 61, 11, 193, 228, 40, 24], [104, 141, 217, 218, 1, 25, 165, 207, 19, 194, 1, 60, 111, 230, 106, 55, 240, 43, 37, 124, 74, 241, 244, 107, 234, 1, 144, 10, 196, 140, 114, 179], [229, 215, 161, 13, 133, 59, 5, 16, 15, 100, 3, 99, 193, 193, 198, 26, 49, 117, 27, 16, 86, 103, 185, 38, 159, 90, 38, 37, 112, 89, 33, 75], [70, 136, 27, 234, 50, 74, 227, 101, 245, 126, 7, 150, 175, 132, 210, 222, 191, 235, 1, 148, 145, 138, 163, 96, 31, 195, 39, 26, 97, 14, 147, 177], [206, 26, 187, 195, 187, 185, 196, 188, 68, 39, 130, 8, 45, 30, 95, 249, 67, 222, 174, 173, 43, 92, 133, 24, 167, 1, 144, 26, 20, 14, 1, 243], [110, 236, 143, 0, 255, 230, 179, 141, 180, 163, 115, 227, 86, 242, 35, 71, 201, 60, 95, 161, 196, 116, 219, 210, 22, 174, 35, 12, 230, 238, 233, 38], [72, 113, 101, 120, 209, 16, 173, 171, 76, 67, 255, 142, 48, 58, 34, 136, 114, 103, 161, 10, 254, 67, 172, 200, 203, 76, 212, 21, 211, 215, 48, 99], [129, 235, 42, 44, 141, 69, 39, 131, 60, 235, 53, 45, 195, 29, 165, 37, 190, 186, 40, 65, 246, 212, 9, 31, 47, 204, 127, 36, 179, 160, 85, 100], [188, 57, 213, 98, 3, 150, 154, 69, 106, 223, 136, 221, 255, 132, 44, 20, 19, 113, 114, 129, 245, 174, 117, 80, 118, 98, 192, 38, 71, 240, 0, 240], [92, 80, 182, 39, 47, 72, 221, 101, 15, 12, 108, 121, 151, 191, 201, 124, 90, 100, 245, 184, 191, 28, 23, 147, 186, 106, 75, 38, 148, 92, 39, 116], [90, 82, 75, 217, 137, 52, 215, 34, 39, 139, 248, 185, 93, 211, 84, 109, 163, 212, 221, 54, 52, 241, 187, 144, 252, 235, 163, 9, 202, 41, 127, 55], [30, 102, 239, 49, 0, 139, 4, 245, 181, 239, 212, 75, 137, 171, 198, 0, 172, 77, 107, 81, 233, 172, 3, 168, 46, 82, 178, 13, 246, 16, 2, 219], [230, 152, 168, 244, 125, 50, 136, 232, 239, 20, 219, 122, 22, 142, 31, 125, 113, 102, 209, 249, 227, 221, 249, 153, 217, 156, 63, 35, 23, 28, 106, 198], [23, 182, 214, 41, 134, 247, 161, 17, 122, 105, 248, 248, 99, 59, 117, 73, 136, 105, 193, 70, 14, 128, 10, 143, 23, 83, 222, 41, 81, 236, 122, 253], [47, 243, 119, 71, 15, 152, 233, 127, 161, 85, 166, 28, 71, 202, 97, 4, 69, 223, 126, 190, 69, 194, 55, 71, 153, 177, 36, 13, 108, 51, 176, 137], [123, 157, 35, 103, 88, 255, 208, 47, 206, 40, 43, 52, 144, 46, 96, 146, 199, 160, 76, 165, 137, 234, 91, 213, 1, 205, 32, 24, 128, 62, 202, 188], [40, 45, 217, 224, 61, 114, 39, 158, 79, 76, 59, 236, 196, 137, 193, 161, 177, 143, 247, 70, 117, 50, 216, 115, 41, 40, 85, 40, 236, 117, 22, 132], [105, 181, 162, 43, 160, 78, 61, 223, 3, 240, 53, 49, 157, 60, 105, 246, 196, 181, 138, 116, 196, 92, 50, 86, 42, 117, 42, 51, 199, 190, 178, 27], [238, 94, 71, 91, 79, 88, 74, 202, 65, 30, 70, 171, 152, 206, 191, 223, 4, 182, 88, 113, 180, 109, 89, 109, 73, 38, 15, 8, 132, 186, 203, 65], [117, 49, 88, 121, 170, 54, 244, 204, 222, 66, 48, 126, 98, 57, 184, 133, 137, 110, 165, 97, 71, 22, 19, 80, 36, 248, 204, 34, 40, 82, 135, 130], [149, 130, 20, 140, 125, 29, 96, 235, 144, 158, 71, 130, 85, 229, 177, 164, 40, 166, 239, 81, 98, 81, 183, 90, 178, 222, 200, 41, 230, 49, 211, 199], [223, 178, 110, 79, 181, 44, 240, 126, 10, 216, 202, 96, 123, 200, 245, 171, 95, 254, 229, 34, 50, 251, 20, 76, 109, 5, 214, 49, 31, 171, 245, 85], [129, 9, 12, 176, 15, 173, 17, 125, 0, 204, 57, 21, 8, 115, 207, 220, 141, 159, 96, 102, 199, 78, 122, 134, 192, 111, 155, 6, 179, 86, 64, 6], [52, 225, 160, 173, 175, 182, 168, 211, 109, 4, 37, 189, 252, 16, 157, 158, 193, 81, 88, 19, 112, 130, 233, 121, 236, 119, 235, 39, 254, 244, 28, 108], [239, 114, 205, 219, 166, 113, 99, 134, 156, 141, 198, 199, 197, 197, 105, 10, 114, 84, 101, 8, 101, 21, 127, 171, 33, 241, 1, 27, 223, 114, 207, 55], [159, 173, 178, 54, 56, 148, 161, 236, 25, 150, 102, 158, 132, 223, 53, 34, 113, 209, 149, 171, 1, 236, 0, 210, 65, 161, 126, 28, 73, 8, 96, 108], [39, 25, 83, 96, 230, 88, 14, 226, 244, 220, 186, 207, 151, 146, 23, 119, 68, 241, 234, 175, 196, 138, 178, 53, 81, 93, 98, 21, 212, 5, 69, 118], [130, 253, 223, 69, 247, 7, 68, 111, 27, 47, 111, 87, 87, 195, 10, 187, 226, 56, 48, 108, 96, 28, 228, 183, 100, 233, 14, 11, 164, 30, 61, 157], [101, 14, 228, 88, 177, 149, 111, 226, 47, 67, 188, 190, 171, 231, 147, 82, 15, 65, 250, 177, 159, 47, 91, 192, 56, 107, 194, 17, 22, 233, 232, 60], [6, 195, 0, 132, 112, 109, 196, 233, 231, 247, 214, 73, 151, 119, 133, 2, 29, 28, 145, 64, 97, 128, 186, 10, 225, 15, 235, 13, 163, 222, 63, 59], [177, 125, 60, 227, 219, 52, 2, 134, 97, 39, 197, 216, 177, 112, 237, 46, 167, 4, 86, 6, 138, 112, 214, 32, 58, 227, 161, 30, 147, 68, 224, 170], [99, 45, 92, 166, 226, 80, 58, 122, 119, 123, 65, 234, 101, 251, 161, 20, 173, 225, 24, 150, 102, 161, 195, 242, 93, 32, 243, 11, 11, 76, 6, 169], [145, 2, 46, 134, 108, 130, 165, 190, 53, 119, 192, 55, 216, 255, 215, 152, 201, 28, 78, 77, 172, 47, 13, 50, 205, 71, 67, 33, 56, 112, 127, 145], [202, 125, 93, 33, 206, 145, 228, 90, 224, 113, 69, 18, 90, 200, 249, 104, 91, 61, 40, 195, 11, 17, 231, 227, 154, 24, 16, 10, 60, 177, 118, 47], [133, 137, 242, 181, 32, 72, 204, 169, 91, 243, 192, 95, 133, 88, 169, 232, 236, 40, 2, 107, 125, 112, 36, 175, 165, 6, 33, 15, 229, 214, 4, 252], [166, 54, 144, 70, 8, 188, 11, 197, 227, 230, 41, 13, 109, 122, 65, 176, 103, 64, 162, 79, 224, 161, 31, 36, 15, 59, 97, 24, 161, 42, 31, 128], [151, 197, 213, 159, 205, 245, 39, 100, 191, 97, 97, 131, 140, 142, 139, 175, 122, 111, 125, 193, 1, 254, 136, 144, 51, 87, 40, 41, 220, 16, 240, 247], [162, 232, 245, 50, 175, 82, 160, 191, 187, 93, 50, 182, 225, 131, 22, 98, 189, 196, 187, 96, 127, 248, 120, 164, 96, 74, 161, 36, 166, 210, 93, 88], [127, 198, 74, 156, 191, 212, 73, 4, 210, 8, 32, 20, 209, 201, 245, 209, 59, 214, 210, 246, 39, 162, 168, 80, 63, 247, 59, 7, 21, 125, 16, 0], [3, 63, 168, 128, 134, 10, 78, 227, 183, 45, 157, 47, 47, 100, 231, 187, 167, 194, 152, 84, 151, 130, 98, 44, 43, 64, 36, 20, 230, 243, 40, 237], [213, 220, 221, 212, 180, 65, 145, 148, 223, 101, 107, 149, 193, 220, 176, 0, 1, 247, 137, 137, 48, 92, 92, 230, 84, 176, 83, 9, 226, 174, 136, 220], [106, 72, 193, 39, 1, 19, 178, 51, 169, 243, 197, 192, 237, 82, 249, 196, 20, 53, 78, 230, 62, 222, 198, 43, 46, 47, 238, 46, 97, 9, 84, 235], [64, 175, 66, 103, 216, 136, 224, 211, 177, 4, 22, 2, 156, 123, 208, 128, 181, 78, 198, 46, 249, 67, 213, 250, 29, 158, 16, 39, 73, 184, 98, 123], [160, 149, 214, 113, 138, 5, 20, 194, 122, 131, 152, 140, 55, 234, 58, 175, 89, 215, 134, 47, 185, 49, 57, 110, 50, 3, 250, 29, 117, 236, 216, 29], [77, 31, 222, 3, 95, 27, 36, 89, 212, 1, 149, 165, 56, 218, 46, 74, 225, 245, 25, 101, 34, 153, 166, 225, 241, 122, 61, 19, 58, 234, 239, 82], [20, 243, 229, 231, 88, 10, 244, 255, 185, 137, 172, 117, 86, 172, 61, 105, 238, 243, 85, 248, 230, 228, 159, 220, 205, 68, 161, 33, 210, 16, 164, 186], [201, 108, 66, 56, 46, 175, 77, 15, 189, 104, 236, 241, 36, 126, 82, 55, 213, 79, 54, 83, 7, 7, 139, 255, 128, 211, 38, 29, 229, 25, 25, 80], [108, 221, 182, 22, 107, 175, 129, 148, 155, 8, 144, 247, 243, 239, 46, 50, 3, 249, 14, 10, 200, 194, 32, 68, 93, 119, 183, 28, 26, 124, 213, 206], [31, 232, 174, 194, 139, 152, 47, 174, 171, 64, 121, 32, 70, 230, 83, 37, 46, 105, 85, 3, 83, 240, 51, 171, 64, 60, 250, 33, 134, 216, 1, 68], [89, 33, 128, 84, 106, 11, 104, 55, 208, 55, 222, 69, 120, 52, 245, 140, 118, 21, 92, 222, 197, 92, 59, 9, 58, 195, 107, 22, 45, 129, 167, 9], [247, 163, 113, 121, 1, 50, 66, 186, 229, 41, 8, 119, 23, 114, 45, 92, 136, 220, 250, 180, 214, 175, 253, 53, 50, 18, 106, 14, 102, 43, 192, 28], [68, 160, 133, 27, 196, 14, 5, 226, 164, 72, 208, 85, 233, 198, 37, 206, 12, 248, 78, 16, 163, 125, 118, 132, 202, 21, 224, 27, 22, 144, 138, 7], [110, 198, 244, 243, 55, 134, 61, 8, 113, 251, 153, 236, 164, 201, 126, 171, 7, 52, 150, 21, 40, 243, 101, 76, 223, 238, 29, 10, 235, 143, 149, 234], [236, 83, 244, 158, 165, 208, 202, 220, 205, 246, 140, 88, 51, 160, 77, 108, 249, 202, 89, 145, 51, 41, 55, 172, 90, 55, 202, 34, 49, 109, 242, 208], [168, 197, 43, 72, 85, 68, 52, 96, 32, 111, 231, 170, 184, 142, 2, 214, 174, 17, 186, 162, 1, 173, 203, 148, 147, 95, 70, 38, 203, 210, 139, 203], [71, 168, 72, 34, 239, 64, 151, 118, 32, 167, 126, 214, 119, 236, 148, 211, 204, 88, 71, 118, 249, 149, 78, 125, 104, 151, 192, 31, 52, 70, 144, 193], [124, 125, 112, 154, 52, 117, 233, 246, 30, 225, 99, 207, 51, 88, 236, 199, 187, 200, 225, 79, 193, 201, 174, 40, 199, 122, 87, 29, 56, 107, 162, 33], [45, 99, 70, 209, 139, 203, 108, 20, 187, 161, 91, 109, 43, 31, 205, 60, 70, 50, 94, 84, 124, 163, 65, 126, 112, 182, 71, 40, 19, 183, 236, 22], [154, 14, 176, 161, 88, 85, 136, 113, 114, 137, 29, 200, 41, 0, 149, 185, 250, 124, 110, 104, 104, 214, 130, 184, 171, 211, 12, 19, 70, 11, 11, 52], [74, 171, 133, 221, 84, 58, 13, 254, 87, 17, 34, 53, 128, 129, 122, 144, 168, 84, 96, 222, 247, 176, 130, 42, 168, 65, 101, 1, 37, 127, 222, 145], [97, 140, 106, 10, 239, 98, 78, 40, 108, 95, 159, 99, 114, 65, 72, 174, 219, 61, 242, 78, 204, 229, 204, 141, 152, 193, 181, 29, 91, 109, 17, 171], [160, 180, 15, 112, 85, 66, 180, 44, 241, 218, 230, 166, 36, 229, 146, 59, 50, 133, 222, 165, 102, 54, 150, 64, 9, 138, 92, 38, 34, 126, 158, 70], [181, 255, 181, 49, 158, 103, 35, 64, 37, 11, 226, 51, 235, 22, 57, 211, 218, 7, 94, 105, 93, 186, 100, 83, 218, 140, 174, 18, 18, 57, 40, 122], [9, 122, 233, 171, 125, 94, 58, 55, 75, 100, 90, 9, 54, 252, 191, 83, 45, 75, 31, 223, 86, 225, 146, 48, 58, 229, 240, 32, 50, 177, 123, 128], [49, 221, 20, 108, 246, 251, 24, 120, 19, 222, 11, 255, 193, 55, 67, 28, 173, 225, 14, 131, 217, 152, 146, 175, 244, 185, 211, 6, 142, 47, 10, 148], [119, 162, 140, 86, 88, 250, 58, 112, 136, 196, 8, 148, 138, 213, 47, 180, 224, 186, 69, 114, 93, 182, 77, 105, 67, 57, 213, 9, 21, 76, 1, 88], [229, 174, 11, 208, 150, 206, 88, 240, 125, 140, 117, 152, 155, 32, 62, 101, 9, 100, 65, 53, 80, 7, 159, 49, 126, 148, 144, 41, 167, 85, 14, 98], [108, 202, 200, 208, 92, 27, 134, 202, 222, 149, 182, 51, 232, 90, 160, 141, 208, 217, 96, 94, 244, 149, 13, 46, 212, 142, 59, 38, 214, 193, 19, 58], [101, 82, 113, 148, 187, 74, 121, 124, 240, 71, 59, 213, 108, 215, 192, 3, 29, 168, 41, 243, 232, 170, 152, 68, 27, 84, 33, 1, 29, 151, 11, 222], [139, 236, 78, 128, 179, 158, 124, 189, 230, 106, 141, 63, 170, 195, 152, 180, 166, 185, 190, 230, 194, 105, 165, 118, 160, 118, 6, 50, 113, 59, 105, 158], [177, 57, 175, 167, 209, 127, 248, 235, 160, 34, 70, 194, 240, 128, 192, 125, 153, 157, 38, 197, 64, 245, 152, 156, 87, 250, 66, 47, 128, 146, 229, 252], [130, 114, 94, 26, 183, 222, 184, 122, 237, 6, 8, 236, 207, 119, 240, 42, 76, 169, 215, 94, 23, 146, 46, 170, 70, 140, 80, 38, 236, 187, 193, 251], [107, 106, 169, 84, 77, 230, 70, 163, 131, 144, 229, 36, 19, 223, 3, 77, 13, 249, 36, 14, 58, 214, 237, 145, 57, 33, 187, 42, 252, 51, 206, 241], [63, 93, 118, 245, 147, 130, 153, 185, 239, 217, 226, 113, 202, 41, 96, 100, 160, 236, 215, 165, 212, 221, 61, 29, 52, 33, 174, 54, 91, 65, 187, 220], [170, 33, 119, 231, 63, 228, 42, 197, 13, 218, 155, 114, 74, 121, 125, 52, 169, 76, 43, 170, 239, 201, 67, 79, 57, 45, 169, 5, 136, 189, 238, 166], [33, 215, 69, 237, 44, 160, 160, 173, 34, 28, 249, 102, 44, 154, 88, 140, 159, 125, 7, 119, 207, 240, 39, 8, 42, 38, 217, 10, 237, 127, 130, 26], [72, 48, 71, 241, 88, 9, 112, 51, 23, 117, 168, 177, 202, 162, 32, 136, 209, 3, 46, 148, 67, 147, 68, 119, 54, 13, 242, 25, 246, 121, 36, 80], [220, 244, 63, 156, 5, 119, 77, 31, 58, 112, 137, 168, 39, 81, 63, 195, 20, 125, 21, 252, 103, 72, 188, 59, 199, 75, 120, 19, 90, 125, 250, 189], [206, 91, 217, 74, 52, 193, 1, 53, 122, 245, 216, 229, 146, 181, 96, 249, 228, 65, 34, 36, 230, 12, 237, 105, 60, 65, 114, 22, 118, 179, 15, 85], [145, 207, 28, 161, 152, 196, 26, 95, 106, 149, 11, 115, 239, 9, 86, 66, 11, 207, 96, 239, 221, 187, 171, 175, 196, 215, 165, 3, 230, 248, 242, 229], [172, 147, 249, 116, 248, 186, 62, 145, 1, 78, 82, 67, 217, 77, 53, 217, 243, 93, 12, 192, 23, 13, 148, 151, 210, 193, 132, 32, 50, 44, 3, 160], [154, 82, 133, 216, 62, 181, 118, 166, 141, 150, 26, 142, 60, 106, 243, 140, 153, 188, 163, 98, 158, 152, 151, 119, 176, 39, 39, 5, 97, 4, 138, 242], [105, 248, 38, 199, 148, 15, 51, 215, 143, 28, 47, 84, 132, 10, 76, 168, 194, 231, 67, 248, 17, 147, 157, 73, 160, 140, 223, 15, 92, 35, 115, 40], [54, 131, 246, 60, 47, 235, 44, 10, 119, 9, 61, 233, 42, 237, 85, 70, 60, 16, 177, 106, 103, 9, 78, 90, 224, 85, 91, 17, 40, 144, 167, 147], [1, 60, 37, 29, 107, 85, 169, 101, 55, 110, 243, 197, 241, 156, 244, 114, 75, 234, 221, 187, 138, 215, 134, 101, 250, 76, 230, 45, 106, 14, 109, 176], [157, 151, 124, 28, 222, 54, 10, 225, 77, 71, 7, 33, 144, 68, 166, 204, 141, 72, 27, 82, 167, 105, 171, 17, 193, 121, 230, 21, 31, 109, 213, 68], [21, 80, 251, 30, 34, 117, 200, 2, 90, 252, 141, 209, 107, 187, 140, 14, 107, 91, 114, 252, 158, 200, 170, 123, 120, 1, 126, 2, 81, 239, 39, 3], [250, 186, 45, 186, 173, 242, 51, 171, 120, 215, 48, 28, 213, 243, 94, 34, 12, 206, 193, 132, 9, 251, 185, 244, 195, 175, 19, 29, 105, 189, 116, 198], [223, 14, 244, 144, 52, 128, 49, 25, 160, 115, 136, 17, 38, 177, 33, 94, 181, 148, 153, 64, 55, 2, 46, 2, 56, 16, 140, 30, 58, 46, 115, 72], [165, 91, 58, 158, 247, 14, 150, 158, 5, 227, 127, 60, 83, 98, 54, 28, 113, 32, 13, 51, 193, 227, 205, 35, 67, 31, 23, 37, 222, 63, 8, 18], [55, 125, 44, 171, 88, 74, 64, 79, 241, 246, 248, 133, 55, 167, 95, 35, 1, 177, 182, 119, 242, 157, 3, 223, 58, 62, 216, 17, 182, 112, 229, 220], [51, 226, 12, 23, 237, 73, 239, 9, 224, 21, 217, 197, 76, 217, 213, 101, 172, 74, 35, 12, 139, 129, 192, 126, 74, 65, 127, 8, 235, 192, 201, 199], [63, 165, 218, 88, 139, 210, 55, 8, 147, 20, 126, 74, 225, 235, 90, 46, 237, 121, 82, 105, 98, 37, 47, 148, 56, 57, 127, 11, 5, 4, 104, 130], [223, 240, 10, 73, 41, 207, 76, 75, 91, 227, 145, 120, 39, 9, 214, 69, 105, 11, 252, 33, 211, 113, 87, 111, 143, 236, 217, 2, 92, 60, 179, 16], [215, 230, 69, 227, 1, 248, 57, 96, 254, 85, 3, 77, 124, 108, 38, 83, 201, 203, 253, 78, 199, 122, 2, 77, 58, 21, 229, 36, 242, 68, 44, 26], [97, 193, 141, 245, 153, 116, 90, 186, 154, 255, 168, 82, 244, 23, 14, 242, 115, 52, 128, 109, 101, 106, 100, 98, 144, 139, 114, 32, 50, 176, 125, 137], [121, 209, 204, 148, 152, 205, 251, 78, 48, 77, 248, 252, 127, 99, 41, 254, 37, 74, 110, 223, 81, 224, 181, 224, 193, 69, 241, 11, 21, 87, 61, 38], [71, 254, 151, 0, 115, 226, 103, 106, 206, 13, 133, 168, 228, 225, 158, 2, 61, 99, 60, 186, 214, 170, 233, 221, 157, 227, 219, 31, 21, 77, 255, 78], [157, 186, 83, 167, 244, 252, 117, 25, 97, 29, 137, 154, 221, 244, 87, 131, 144, 251, 225, 216, 215, 191, 123, 0, 177, 8, 115, 36, 19, 207, 95, 200], [245, 118, 223, 155, 10, 14, 207, 106, 199, 97, 25, 180, 243, 166, 237, 158, 228, 221, 188, 122, 247, 178, 125, 178, 161, 179, 86, 41, 2, 54, 208, 26], [142, 111, 229, 21, 99, 216, 151, 142, 119, 178, 110, 27, 161, 246, 14, 255, 40, 239, 108, 245, 200, 242, 135, 95, 95, 250, 155, 21, 14, 108, 191, 178], [79, 91, 98, 133, 114, 222, 37, 245, 38, 226, 132, 204, 24, 253, 174, 170, 167, 148, 43, 255, 84, 126, 5, 66, 188, 90, 210, 37, 69, 199, 172, 189], [136, 28, 59, 38, 42, 242, 217, 217, 25, 184, 18, 124, 188, 97, 114, 130, 141, 86, 227, 194, 96, 173, 169, 129, 19, 84, 200, 26, 169, 250, 253, 216], [246, 67, 247, 173, 224, 239, 154, 29, 120, 37, 45, 226, 87, 168, 252, 116, 141, 200, 120, 37, 63, 140, 208, 241, 107, 91, 201, 2, 72, 57, 38, 104], [16, 118, 202, 105, 148, 192, 233, 35, 79, 192, 43, 135, 46, 204, 127, 164, 123, 62, 6, 23, 121, 246, 191, 226, 79, 23, 75, 47, 101, 49, 19, 35], [25, 82, 5, 39, 142, 163, 186, 152, 45, 187, 235, 86, 22, 218, 165, 179, 72, 189, 201, 24, 153, 138, 172, 163, 234, 179, 176, 2, 255, 195, 86, 112], [6, 22, 86, 210, 248, 9, 136, 68, 66, 170, 85, 16, 47, 140, 1, 221, 58, 7, 74, 161, 176, 169, 113, 254, 34, 55, 25, 1, 17, 179, 173, 113], [153, 177, 115, 46, 204, 49, 118, 215, 77, 10, 69, 244, 204, 83, 176, 123, 185, 53, 74, 190, 32, 163, 218, 70, 73, 7, 74, 4, 131, 135, 50, 99], [2, 82, 131, 197, 183, 62, 108, 21, 195, 220, 111, 137, 231, 61, 105, 38, 48, 150, 229, 113, 82, 58, 5, 101, 127, 68, 70, 18, 21, 202, 11, 87], [255, 46, 255, 233, 231, 223, 8, 84, 53, 251, 141, 68, 36, 49, 140, 206, 154, 19, 61, 57, 189, 145, 144, 8, 212, 158, 236, 30, 196, 117, 74, 117], [20, 58, 157, 118, 213, 139, 5, 83, 206, 141, 17, 14, 118, 26, 24, 91, 134, 175, 106, 70, 215, 101, 44, 124, 243, 9, 30, 30, 50, 70, 130, 252], [197, 98, 19, 64, 21, 166, 164, 127, 33, 6, 248, 182, 106, 151, 77, 239, 93, 119, 250, 211, 154, 142, 53, 41, 221, 235, 13, 29, 153, 227, 75, 201], [243, 76, 214, 183, 164, 250, 247, 9, 56, 217, 136, 238, 121, 211, 243, 32, 58, 0, 243, 138, 64, 11, 231, 83, 23, 74, 198, 46, 188, 56, 242, 49], [210, 37, 139, 29, 171, 29, 91, 44, 52, 39, 254, 47, 143, 136, 200, 66, 63, 233, 144, 201, 182, 216, 149, 251, 122, 133, 110, 28, 174, 25, 49, 15], [35, 63, 74, 132, 232, 207, 121, 94, 89, 145, 248, 168, 227, 132, 141, 96, 124, 69, 93, 45, 233, 148, 74, 141, 91, 4, 158, 1, 254, 150, 204, 148], [89, 191, 26, 43, 64, 27, 49, 55, 251, 238, 234, 174, 190, 110, 168, 180, 32, 230, 44, 176, 6, 110, 146, 205, 95, 223, 82, 0, 214, 198, 36, 106], [47, 212, 171, 232, 53, 194, 119, 246, 107, 158, 34, 198, 134, 229, 207, 138, 164, 113, 139, 177, 220, 112, 89, 248, 35, 177, 77, 38, 144, 249, 221, 83], [88, 206, 57, 25, 187, 194, 95, 36, 172, 13, 69, 99, 125, 34, 118, 35, 121, 167, 55, 112, 178, 117, 64, 205, 184, 91, 98, 35, 113, 54, 88, 110], [231, 183, 116, 83, 87, 8, 250, 113, 37, 204, 94, 209, 214, 114, 177, 246, 17, 212, 196, 6, 77, 47, 216, 232, 78, 157, 22, 10, 73, 222, 157, 186], [174, 98, 235, 184, 77, 163, 67, 8, 122, 129, 184, 85, 110, 165, 214, 13, 72, 51, 169, 169, 106, 118, 188, 91, 152, 198, 34, 10, 107, 125, 116, 47], [112, 157, 237, 94, 148, 2, 236, 206, 160, 194, 181, 44, 160, 115, 70, 230, 146, 36, 128, 65, 115, 156, 55, 208, 196, 194, 27, 48, 97, 86, 6, 196], [169, 215, 255, 165, 110, 98, 245, 211, 199, 41, 148, 214, 32, 200, 193, 229, 153, 26, 194, 22, 101, 241, 79, 25, 42, 62, 17, 41, 220, 127, 8, 169], [166, 238, 50, 221, 248, 199, 133, 153, 240, 167, 203, 106, 189, 228, 58, 155, 35, 33, 208, 118, 182, 3, 250, 16, 174, 139, 72, 0, 0, 97, 74, 230], [62, 150, 216, 208, 211, 20, 133, 61, 19, 133, 235, 104, 41, 193, 76, 180, 3, 49, 109, 194, 141, 126, 242, 181, 52, 18, 254, 5, 231, 203, 229, 203], [55, 198, 68, 238, 220, 254, 31, 246, 35, 61, 95, 111, 94, 59, 113, 192, 157, 20, 171, 195, 88, 22, 102, 86, 173, 82, 121, 12, 143, 69, 70, 74], [31, 73, 87, 54, 109, 78, 192, 104, 128, 180, 181, 156, 240, 150, 76, 72, 115, 157, 15, 186, 131, 69, 81, 21, 198, 67, 175, 33, 96, 49, 151, 12], [223, 197, 219, 77, 176, 203, 81, 114, 109, 45, 34, 40, 255, 28, 16, 193, 24, 49, 165, 244, 208, 137, 203, 138, 197, 251, 234, 35, 39, 62, 185, 245], [64, 37, 63, 50, 136, 83, 74, 250, 162, 115, 220, 162, 147, 101, 16, 105, 140, 189, 109, 239, 66, 139, 90, 84, 105, 51, 58, 34, 252, 173, 0, 54], [207, 120, 228, 17, 109, 90, 181, 222, 79, 28, 29, 156, 238, 171, 84, 31, 62, 241, 117, 139, 120, 36, 204, 75, 68, 173, 131, 22, 74, 76, 85, 116], [52, 131, 222, 107, 62, 242, 125, 85, 182, 246, 178, 93, 53, 8, 108, 190, 10, 117, 91, 216, 210, 243, 56, 47, 40, 181, 97, 23, 75, 79, 124, 162], [71, 19, 60, 42, 32, 112, 188, 137, 65, 78, 100, 251, 110, 172, 44, 98, 120, 84, 218, 44, 177, 123, 101, 149, 46, 161, 224, 25, 107, 155, 205, 217], [94, 1, 180, 109, 133, 117, 124, 26, 65, 113, 211, 155, 139, 8, 61, 39, 79, 136, 86, 9, 47, 192, 14, 249, 55, 39, 255, 21, 77, 220, 254, 231], [186, 138, 185, 177, 123, 77, 221, 111, 73, 110, 50, 43, 15, 242, 53, 161, 247, 114, 210, 63, 238, 190, 27, 197, 78, 230, 133, 5, 209, 188, 46, 223], [87, 131, 161, 248, 10, 247, 214, 189, 99, 121, 245, 56, 50, 23, 134, 10, 42, 102, 194, 156, 124, 125, 66, 19, 237, 217, 158, 13, 250, 32, 126, 240], [91, 1, 103, 138, 17, 125, 148, 248, 71, 252, 78, 108, 78, 102, 75, 224, 190, 210, 125, 120, 59, 225, 21, 28, 36, 104, 222, 42, 165, 8, 34, 169], [183, 159, 157, 231, 92, 212, 219, 34, 104, 69, 122, 28, 240, 74, 244, 240, 19, 74, 3, 205, 103, 106, 109, 137, 108, 135, 105, 10, 129, 146, 196, 35], [160, 110, 70, 105, 255, 93, 13, 88, 184, 48, 29, 25, 134, 90, 161, 91, 76, 37, 118, 135, 242, 34, 170, 140, 77, 141, 66, 10, 221, 192, 34, 24], [54, 204, 234, 96, 116, 137, 124, 26, 76, 47, 124, 227, 93, 197, 198, 57, 113, 120, 124, 176, 13, 204, 27, 6, 86, 34, 1, 42, 198, 106, 184, 180], [118, 29, 218, 210, 141, 108, 100, 16, 217, 57, 100, 126, 215, 253, 223, 37, 106, 32, 218, 48, 55, 125, 135, 84, 37, 193, 33, 38, 185, 25, 222, 151], [122, 240, 231, 173, 47, 162, 28, 43, 69, 110, 94, 223, 37, 144, 158, 151, 81, 123, 0, 77, 115, 0, 229, 238, 240, 163, 122, 29, 120, 50, 56, 228], [200, 156, 215, 106, 58, 216, 154, 116, 222, 202, 43, 251, 128, 98, 121, 96, 214, 21, 99, 83, 160, 104, 138, 47, 211, 68, 11, 13, 1, 90, 38, 120], [145, 236, 35, 164, 101, 199, 151, 92, 209, 161, 202, 85, 99, 178, 254, 142, 146, 244, 135, 6, 230, 31, 5, 16, 25, 200, 49, 33, 207, 202, 68, 244], [77, 239, 72, 209, 82, 242, 214, 243, 178, 159, 85, 156, 220, 245, 7, 33, 224, 47, 237, 100, 137, 55, 167, 177, 159, 9, 89, 35, 165, 83, 206, 92], [242, 94, 90, 209, 129, 15, 102, 7, 6, 32, 150, 244, 186, 108, 250, 34, 226, 159, 255, 223, 94, 195, 213, 38, 203, 13, 222, 12, 209, 120, 214, 210], [197, 37, 70, 67, 230, 9, 95, 4, 55, 178, 208, 122, 175, 54, 10, 199, 84, 253, 171, 75, 239, 226, 176, 187, 124, 166, 193, 40, 177, 6, 12, 62], [225, 30, 246, 38, 164, 43, 138, 151, 194, 242, 36, 220, 89, 161, 105, 254, 165, 237, 196, 207, 146, 24, 247, 245, 13, 35, 255, 19, 118, 132, 166, 5], [81, 102, 218, 248, 166, 192, 18, 100, 90, 184, 176, 28, 174, 33, 119, 186, 97, 72, 164, 108, 58, 189, 128, 37, 246, 167, 162, 7, 111, 37, 220, 25], [36, 108, 39, 24, 22, 138, 254, 170, 153, 77, 127, 239, 198, 138, 150, 181, 161, 134, 87, 59, 212, 101, 7, 247, 8, 140, 62, 6, 132, 213, 204, 189], [37, 192, 227, 21, 198, 114, 134, 38, 244, 207, 12, 17, 206, 58, 98, 127, 85, 35, 106, 200, 187, 70, 224, 70, 145, 160, 238, 14, 187, 113, 251, 57], [243, 41, 70, 56, 86, 110, 67, 111, 185, 44, 175, 23, 8, 114, 39, 18, 80, 50, 143, 2, 178, 145, 62, 80, 56, 157, 207, 33, 195, 39, 176, 26], [241, 203, 60, 38, 199, 87, 235, 65, 157, 154, 116, 134, 143, 29, 31, 2, 97, 34, 230, 239, 109, 89, 81, 154, 225, 173, 117, 33, 64, 87, 208, 73], [171, 103, 129, 99, 105, 249, 107, 94, 49, 224, 164, 31, 184, 20, 82, 241, 191, 143, 210, 135, 122, 210, 176, 163, 108, 120, 54, 22, 122, 97, 211, 199], [155, 226, 181, 6, 81, 54, 85, 202, 64, 131, 5, 78, 46, 202, 51, 180, 255, 107, 250, 191, 222, 212, 252, 137, 184, 25, 17, 19, 5, 125, 223, 205], [203, 218, 98, 217, 5, 40, 187, 5, 70, 33, 168, 117, 85, 80, 58, 144, 85, 143, 171, 232, 79, 49, 105, 84, 171, 246, 176, 36, 205, 155, 169, 16], [123, 169, 106, 53, 60, 148, 28, 158, 80, 231, 123, 73, 47, 142, 77, 205, 182, 217, 85, 248, 74, 203, 52, 87, 186, 52, 83, 29, 103, 166, 201, 236], [50, 65, 22, 5, 75, 236, 169, 36, 93, 124, 224, 91, 52, 56, 107, 25, 63, 175, 179, 208, 32, 197, 126, 135, 151, 219, 152, 12, 19, 45, 181, 139], [180, 245, 141, 68, 23, 33, 86, 118, 116, 76, 73, 224, 67, 66, 198, 46, 227, 154, 224, 220, 101, 38, 180, 201, 198, 114, 201, 26, 179, 139, 210, 166], [78, 160, 79, 212, 251, 233, 90, 217, 107, 124, 13, 101, 221, 125, 3, 36, 8, 230, 254, 72, 180, 203, 186, 0, 108, 209, 131, 4, 52, 208, 199, 76], [98, 150, 146, 247, 117, 169, 27, 242, 28, 30, 56, 183, 25, 22, 187, 82, 211, 170, 111, 219, 195, 121, 125, 23, 172, 219, 154, 21, 50, 214, 174, 239], [230, 8, 41, 158, 236, 73, 220, 37, 137, 235, 32, 73, 205, 57, 122, 206, 157, 20, 195, 5, 193, 37, 22, 99, 108, 46, 80, 0, 108, 219, 35, 78], [156, 68, 138, 100, 149, 227, 66, 15, 74, 104, 184, 94, 25, 246, 16, 13, 144, 63, 198, 157, 150, 198, 138, 108, 91, 124, 88, 11, 50, 254, 254, 253], [142, 131, 99, 100, 188, 78, 189, 177, 73, 50, 54, 71, 157, 51, 228, 60, 215, 55, 107, 221, 56, 153, 167, 5, 170, 22, 248, 18, 219, 33, 89, 138], [122, 71, 150, 215, 247, 230, 46, 89, 71, 2, 201, 56, 68, 98, 112, 116, 38, 6, 138, 26, 147, 217, 166, 116, 23, 210, 11, 37, 122, 75, 255, 63], [180, 248, 94, 30, 116, 124, 222, 192, 213, 99, 133, 79, 73, 79, 155, 140, 102, 20, 41, 170, 214, 127, 116, 58, 153, 215, 154, 23, 81, 53, 161, 155], [95, 51, 34, 113, 30, 149, 133, 158, 109, 79, 100, 10, 23, 49, 246, 255, 0, 72, 120, 129, 32, 2, 34, 175, 154, 92, 167, 17, 24, 185, 190, 163], [47, 51, 173, 187, 218, 44, 228, 62, 21, 67, 16, 77, 120, 39, 126, 129, 131, 198, 115, 35, 125, 33, 163, 42, 152, 2, 48, 14, 246, 199, 219, 60], [183, 88, 254, 202, 110, 53, 236, 201, 35, 27, 29, 141, 70, 39, 139, 129, 181, 253, 215, 54, 9, 158, 15, 50, 216, 241, 188, 30, 87, 244, 136, 37], [39, 190, 88, 48, 133, 21, 217, 190, 13, 133, 177, 86, 189, 205, 102, 190, 5, 139, 181, 65, 131, 5, 155, 255, 120, 84, 131, 2, 213, 1, 4, 6], [114, 236, 229, 20, 58, 45, 62, 248, 101, 40, 15, 149, 11, 179, 189, 173, 154, 110, 121, 250, 18, 6, 146, 62, 93, 9, 114, 35, 70, 9, 212, 15], [228, 121, 105, 199, 125, 185, 164, 232, 134, 151, 76, 193, 24, 33, 225, 91, 53, 143, 205, 215, 131, 14, 64, 91, 159, 93, 83, 46, 114, 251, 120, 210], [164, 159, 58, 39, 83, 157, 51, 112, 43, 66, 114, 2, 82, 165, 195, 211, 27, 215, 214, 189, 22, 154, 159, 162, 21, 69, 242, 12, 98, 102, 153, 35], [105, 135, 1, 184, 128, 56, 224, 171, 242, 50, 125, 75, 179, 75, 106, 34, 215, 22, 190, 63, 204, 98, 37, 176, 41, 10, 49, 3, 230, 146, 172, 244], [94, 128, 14, 243, 211, 253, 231, 139, 50, 143, 152, 244, 195, 115, 135, 55, 59, 220, 150, 153, 253, 64, 231, 124, 222, 36, 52, 5, 194, 3, 88, 92], [217, 75, 137, 209, 171, 255, 165, 235, 214, 245, 253, 50, 108, 63, 77, 1, 85, 182, 242, 224, 171, 194, 203, 181, 108, 0, 188, 47, 97, 106, 208, 227], [183, 11, 18, 73, 185, 204, 137, 220, 94, 219, 232, 162, 153, 228, 249, 73, 123, 105, 185, 30, 44, 95, 74, 100, 148, 41, 48, 43, 52, 11, 240, 119], [193, 82, 220, 30, 201, 59, 165, 96, 238, 137, 4, 143, 15, 100, 223, 43, 59, 62, 146, 24, 79, 241, 14, 9, 245, 40, 186, 5, 47, 249, 148, 247], [42, 250, 18, 85, 39, 86, 202, 9, 94, 37, 122, 21, 141, 14, 84, 153, 211, 246, 15, 90, 81, 199, 74, 53, 87, 233, 152, 26, 67, 206, 65, 23], [175, 223, 251, 249, 16, 190, 15, 36, 233, 210, 243, 114, 221, 146, 68, 52, 144, 241, 101, 135, 88, 239, 195, 137, 137, 72, 86, 4, 24, 4, 232, 224], [235, 145, 13, 231, 101, 116, 167, 94, 51, 69, 7, 130, 208, 73, 45, 232, 226, 78, 64, 94, 216, 216, 230, 171, 27, 101, 203, 21, 66, 174, 0, 185], [17, 90, 131, 5, 153, 181, 145, 235, 182, 62, 61, 104, 92, 166, 9, 27, 124, 49, 73, 123, 105, 13, 242, 232, 180, 219, 170, 19, 55, 10, 215, 96], [143, 56, 17, 1, 255, 157, 67, 38, 241, 233, 120, 125, 44, 28, 48, 62, 93, 167, 1, 139, 146, 209, 228, 211, 99, 79, 86, 24, 168, 29, 237, 89], [250, 180, 142, 244, 82, 233, 34, 238, 114, 126, 171, 237, 205, 9, 238, 30, 41, 60, 84, 214, 172, 230, 52, 36, 95, 136, 245, 40, 16, 243, 165, 119], [135, 83, 15, 59, 142, 44, 46, 66, 160, 128, 8, 26, 49, 60, 81, 67, 89, 158, 78, 45, 151, 206, 76, 13, 15, 255, 13, 24, 0, 61, 255, 70], [106, 255, 230, 182, 191, 122, 207, 191, 100, 227, 97, 155, 115, 105, 174, 157, 135, 108, 194, 243, 133, 94, 180, 174, 92, 165, 131, 2, 236, 139, 56, 34], [128, 56, 169, 189, 238, 81, 150, 194, 242, 10, 184, 45, 107, 128, 252, 122, 13, 196, 80, 181, 8, 47, 187, 207, 80, 218, 120, 17, 246, 250, 77, 209], [122, 125, 80, 21, 124, 221, 58, 141, 154, 146, 179, 54, 200, 131, 212, 169, 221, 60, 248, 105, 235, 0, 181, 205, 99, 93, 196, 21, 91, 113, 68, 182], [150, 83, 119, 126, 158, 120, 219, 165, 158, 95, 201, 105, 242, 215, 132, 6, 169, 129, 255, 2, 33, 113, 118, 17, 34, 116, 235, 30, 68, 235, 38, 174], [96, 45, 18, 86, 95, 130, 152, 13, 90, 6, 202, 248, 216, 62, 164, 229, 80, 183, 38, 98, 182, 136, 223, 152, 121, 226, 103, 26, 154, 22, 37, 87], [107, 47, 200, 227, 1, 251, 71, 224, 79, 118, 18, 156, 139, 195, 251, 64, 152, 120, 11, 185, 186, 59, 185, 7, 99, 2, 244, 9, 44, 14, 95, 57], [11, 165, 225, 83, 82, 88, 124, 80, 71, 76, 81, 247, 109, 70, 207, 40, 244, 252, 59, 16, 22, 199, 115, 233, 108, 153, 199, 39, 173, 230, 87, 129], [171, 92, 88, 88, 139, 207, 41, 136, 65, 244, 110, 251, 209, 148, 133, 64, 30, 205, 68, 255, 110, 100, 120, 217, 15, 76, 112, 38, 237, 64, 96, 10], [145, 165, 22, 190, 216, 9, 152, 2, 73, 255, 143, 118, 41, 37, 158, 137, 247, 172, 84, 40, 154, 237, 176, 198, 152, 237, 164, 24, 165, 42, 8, 69], [207, 131, 26, 139, 253, 65, 207, 195, 105, 65, 45, 112, 250, 58, 222, 200, 189, 112, 213, 25, 53, 74, 153, 59, 6, 254, 214, 34, 246, 208, 58, 156], [41, 39, 12, 97, 146, 89, 25, 60, 54, 49, 112, 6, 224, 105, 20, 57, 176, 32, 110, 156, 106, 0, 248, 163, 210, 194, 41, 37, 162, 210, 116, 147], [71, 8, 6, 177, 143, 136, 162, 164, 39, 41, 84, 39, 99, 29, 163, 184, 248, 212, 122, 158, 244, 85, 152, 165, 108, 80, 141, 13, 214, 89, 77, 43], [231, 212, 89, 197, 74, 48, 176, 115, 165, 152, 5, 102, 80, 250, 205, 57, 93, 144, 12, 116, 150, 122, 85, 217, 66, 1, 21, 17, 43, 75, 97, 27], [104, 46, 147, 115, 255, 53, 220, 196, 192, 7, 136, 177, 59, 164, 242, 106, 97, 89, 16, 99, 67, 116, 158, 163, 118, 39, 33, 46, 54, 74, 124, 255], [38, 252, 69, 187, 37, 90, 169, 151, 232, 101, 209, 237, 148, 61, 135, 197, 181, 102, 78, 196, 58, 12, 248, 169, 145, 188, 70, 14, 28, 178, 27, 189], [174, 93, 141, 200, 141, 148, 149, 163, 208, 98, 249, 229, 33, 180, 142, 22, 85, 236, 63, 85, 230, 43, 147, 61, 252, 38, 67, 2, 18, 46, 107, 68], [29, 233, 133, 141, 97, 129, 82, 84, 7, 155, 255, 187, 125, 51, 0, 138, 106, 44, 125, 104, 180, 205, 250, 146, 56, 28, 15, 25, 160, 116, 54, 137], [33, 16, 176, 217, 132, 97, 163, 56, 105, 159, 134, 25, 233, 23, 74, 178, 135, 67, 121, 192, 172, 210, 104, 70, 23, 137, 66, 25, 99, 143, 108, 37], [59, 141, 205, 95, 170, 152, 205, 42, 181, 151, 140, 14, 98, 45, 106, 225, 13, 13, 74, 153, 30, 246, 34, 241, 232, 64, 249, 10, 167, 136, 70, 79], [245, 123, 112, 98, 8, 105, 206, 47, 40, 203, 250, 125, 116, 64, 55, 207, 46, 2, 215, 247, 124, 205, 200, 154, 91, 197, 33, 23, 114, 74, 32, 122], [46, 236, 231, 254, 94, 78, 78, 75, 160, 141, 250, 121, 231, 15, 3, 199, 19, 124, 233, 154, 214, 95, 148, 23, 114, 79, 236, 41, 239, 58, 27, 221], [25, 218, 3, 27, 3, 24, 87, 231, 23, 106, 121, 221, 187, 33, 96, 252, 165, 90, 95, 159, 170, 147, 140, 51, 93, 141, 123, 41, 249, 185, 60, 163], [73, 209, 181, 183, 65, 55, 208, 169, 109, 2, 239, 83, 88, 201, 185, 104, 173, 69, 194, 27, 61, 150, 125, 147, 184, 191, 248, 7, 88, 194, 97, 251], [252, 177, 28, 33, 138, 178, 26, 129, 121, 0, 8, 186, 161, 54, 33, 133, 16, 235, 240, 24, 127, 12, 165, 173, 21, 193, 232, 6, 46, 208, 212, 83], [114, 195, 186, 213, 218, 40, 169, 47, 59, 72, 170, 62, 79, 147, 71, 58, 35, 72, 248, 148, 145, 126, 5, 205, 172, 171, 26, 27, 167, 184, 168, 250], [223, 106, 62, 196, 13, 188, 28, 92, 69, 162, 155, 65, 197, 95, 225, 249, 16, 69, 7, 183, 23, 113, 232, 125, 160, 195, 173, 16, 149, 92, 116, 178], [88, 112, 239, 154, 97, 147, 55, 35, 251, 189, 105, 225, 138, 45, 169, 100, 31, 159, 91, 93, 154, 183, 170, 67, 60, 194, 12, 50, 160, 68, 212, 221], [54, 33, 226, 119, 127, 14, 85, 12, 76, 200, 229, 85, 152, 248, 159, 135, 165, 0, 73, 1, 18, 47, 73, 99, 210, 138, 182, 31, 0, 56, 243, 5], [179, 192, 48, 200, 178, 101, 183, 143, 5, 236, 128, 9, 54, 17, 244, 162, 39, 64, 255, 101, 138, 113, 46, 43, 225, 102, 1, 47, 188, 170, 208, 177], [15, 7, 126, 148, 231, 111, 166, 74, 233, 49, 222, 4, 55, 209, 215, 165, 102, 228, 108, 103, 100, 85, 48, 22, 137, 136, 136, 44, 70, 150, 11, 131], [127, 199, 155, 26, 7, 129, 100, 45, 55, 26, 197, 179, 118, 165, 217, 15, 99, 146, 247, 205, 52, 87, 239, 228, 18, 102, 65, 48, 139, 82, 172, 38], [7, 133, 162, 167, 165, 90, 203, 29, 168, 56, 163, 146, 38, 135, 169, 219, 79, 97, 227, 80, 197, 74, 1, 203, 233, 197, 219, 3, 244, 7, 93, 116], [66, 76, 234, 98, 125, 168, 15, 7, 168, 95, 142, 23, 16, 113, 173, 136, 146, 46, 238, 102, 181, 81, 120, 75, 112, 243, 18, 36, 126, 85, 75, 71], [102, 120, 65, 98, 31, 237, 251, 203, 153, 46, 229, 105, 28, 122, 24, 160, 24, 68, 110, 188, 12, 58, 130, 171, 0, 106, 13, 18, 101, 186, 120, 130], [15, 233, 136, 45, 188, 82, 151, 219, 128, 73, 9, 148, 103, 234, 145, 37, 64, 27, 89, 162, 72, 35, 176, 49, 214, 175, 224, 40, 201, 167, 49, 145], [176, 19, 223, 217, 109, 221, 117, 156, 247, 59, 156, 45, 65, 222, 104, 225, 157, 1, 226, 251, 28, 102, 175, 53, 114, 228, 86, 30, 94, 53, 61, 64], [255, 10, 115, 79, 33, 95, 203, 149, 252, 117, 85, 186, 142, 171, 205, 200, 91, 132, 215, 46, 86, 245, 215, 31, 195, 141, 109, 9, 166, 244, 97, 183], [249, 94, 236, 115, 126, 253, 117, 91, 215, 250, 35, 24, 154, 183, 98, 128, 120, 165, 162, 76, 102, 23, 55, 218, 119, 54, 115, 45, 59, 138, 104, 127], [242, 201, 13, 40, 43, 62, 156, 23, 247, 132, 235, 121, 194, 50, 15, 113, 29, 110, 36, 0, 169, 0, 6, 77, 238, 35, 51, 5, 161, 8, 27, 33], [29, 45, 52, 200, 14, 205, 251, 12, 186, 111, 93, 127, 195, 160, 30, 1, 62, 160, 173, 107, 195, 136, 250, 6, 251, 23, 241, 2, 206, 162, 19, 169], [87, 199, 233, 153, 1, 190, 83, 26, 74, 90, 58, 248, 15, 20, 58, 207, 134, 120, 182, 69, 73, 253, 52, 8, 227, 24, 69, 32, 166, 90, 119, 144], [201, 78, 133, 90, 71, 64, 249, 233, 1, 139, 219, 69, 173, 80, 131, 126, 142, 234, 202, 160, 156, 70, 192, 55, 26, 228, 33, 38, 31, 162, 180, 61], [31, 81, 74, 4, 227, 9, 45, 157, 183, 109, 3, 103, 233, 163, 201, 76, 98, 255, 75, 0, 202, 233, 94, 135, 182, 241, 58, 50, 161, 162, 5, 72], [77, 61, 155, 225, 69, 138, 120, 126, 143, 223, 165, 81, 176, 7, 254, 2, 40, 91, 133, 23, 141, 89, 113, 169, 88, 106, 66, 10, 146, 59, 249, 175], [195, 77, 14, 30, 146, 25, 58, 1, 212, 26, 171, 122, 38, 221, 30, 179, 31, 132, 90, 248, 34, 13, 175, 42, 139, 170, 242, 24, 137, 163, 112, 57], [6, 182, 22, 95, 106, 204, 59, 107, 47, 88, 217, 244, 208, 84, 68, 135, 175, 171, 122, 97, 139, 40, 46, 128, 6, 151, 159, 7, 182, 134, 67, 139], [107, 197, 129, 212, 158, 196, 243, 234, 132, 101, 147, 171, 191, 64, 193, 231, 141, 89, 52, 147, 129, 57, 7, 1, 208, 193, 220, 44, 190, 89, 12, 159], [16, 214, 9, 221, 34, 254, 53, 253, 97, 18, 168, 162, 140, 3, 61, 250, 6, 154, 213, 86, 158, 119, 3, 97, 108, 183, 196, 40, 154, 73, 168, 106], [214, 184, 157, 243, 59, 65, 149, 148, 20, 163, 179, 241, 190, 99, 1, 220, 20, 251, 246, 2, 64, 92, 218, 154, 23, 31, 220, 47, 237, 213, 235, 73], [148, 27, 23, 73, 238, 78, 171, 18, 155, 210, 217, 203, 190, 102, 215, 174, 215, 137, 164, 218, 238, 157, 17, 129, 176, 226, 13, 17, 152, 133, 13, 65], [130, 209, 144, 138, 169, 51, 148, 190, 1, 142, 91, 139, 139, 162, 178, 23, 100, 170, 202, 41, 254, 226, 215, 137, 166, 127, 158, 44, 90, 39, 145, 142], [130, 112, 9, 243, 158, 123, 198, 85, 246, 151, 167, 203, 158, 241, 169, 210, 222, 187, 171, 221, 58, 2, 32, 96, 194, 107, 86, 31, 220, 58, 243, 88], [152, 14, 243, 239, 35, 222, 12, 94, 224, 191, 6, 8, 190, 49, 32, 105, 163, 3, 25, 255, 220, 139, 15, 213, 152, 237, 77, 6, 185, 139, 13, 214], [125, 167, 154, 116, 225, 43, 241, 150, 18, 65, 36, 102, 111, 32, 220, 61, 108, 204, 149, 192, 183, 218, 163, 142, 145, 108, 157, 17, 247, 151, 89, 61], [31, 58, 87, 117, 46, 97, 80, 11, 125, 197, 214, 4, 214, 56, 125, 73, 77, 189, 163, 212, 151, 193, 81, 240, 35, 143, 71, 41, 142, 113, 111, 2], [153, 228, 133, 199, 171, 158, 128, 209, 126, 41, 93, 49, 238, 55, 165, 67, 74, 121, 186, 247, 113, 197, 141, 82, 225, 225, 198, 30, 188, 27, 139, 212], [52, 65, 77, 141, 49, 126, 19, 123, 178, 73, 66, 128, 15, 54, 38, 125, 120, 185, 85, 162, 147, 125, 22, 62, 18, 167, 59, 46, 220, 89, 219, 147], [75, 93, 231, 192, 129, 0, 24, 123, 108, 35, 12, 208, 140, 186, 23, 136, 96, 238, 63, 55, 201, 112, 89, 139, 163, 87, 104, 15, 197, 157, 40, 44], [230, 96, 13, 98, 217, 161, 112, 22, 230, 245, 236, 251, 148, 164, 46, 65, 229, 48, 189, 15, 18, 63, 87, 53, 58, 155, 141, 30, 107, 163, 161, 68], [203, 46, 57, 123, 11, 202, 89, 237, 36, 71, 117, 199, 208, 157, 105, 249, 85, 87, 16, 129, 96, 47, 216, 85, 207, 246, 251, 32, 90, 169, 143, 21], [95, 6, 17, 53, 73, 29, 72, 186, 235, 241, 115, 153, 77, 18, 207, 230, 245, 231, 127, 45, 63, 14, 2, 219, 105, 212, 236, 47, 100, 41, 234, 70], [236, 24, 72, 134, 177, 129, 192, 192, 144, 11, 65, 239, 137, 225, 88, 111, 81, 135, 134, 217, 57, 241, 16, 41, 36, 179, 53, 20, 231, 255, 43, 13], [137, 121, 95, 190, 194, 33, 234, 219, 84, 203, 77, 27, 103, 61, 25, 137, 61, 120, 221, 127, 249, 104, 235, 78, 19, 147, 224, 54, 227, 211, 146, 145], [42, 115, 216, 181, 219, 72, 177, 167, 0, 95, 64, 168, 211, 118, 40, 18, 101, 190, 201, 222, 239, 174, 32, 184, 78, 155, 46, 28, 129, 246, 138, 250], [51, 226, 139, 159, 159, 181, 33, 122, 250, 86, 152, 231, 145, 227, 125, 183, 30, 25, 22, 9, 88, 67, 56, 118, 213, 43, 7, 16, 60, 192, 133, 191], [251, 81, 121, 98, 103, 39, 164, 185, 234, 246, 169, 206, 104, 59, 195, 42, 161, 116, 38, 130, 130, 106, 82, 34, 0, 192, 68, 8, 95, 39, 238, 222], [239, 63, 75, 90, 50, 178, 164, 185, 110, 158, 212, 160, 125, 149, 148, 64, 181, 67, 94, 173, 139, 84, 11, 232, 117, 195, 105, 45, 11, 61, 247, 24], [27, 58, 167, 217, 37, 163, 205, 174, 166, 115, 215, 200, 244, 28, 190, 86, 21, 209, 41, 54, 167, 53, 223, 190, 114, 142, 31, 40, 102, 94, 14, 210], [111, 5, 130, 238, 195, 170, 168, 45, 39, 12, 0, 204, 35, 117, 212, 208, 239, 48, 109, 211, 55, 72, 120, 43, 132, 85, 125, 43, 7, 205, 173, 181], [179, 183, 113, 165, 139, 161, 172, 192, 20, 12, 201, 32, 238, 246, 142, 215, 252, 251, 163, 5, 125, 198, 218, 164, 4, 26, 29, 26, 112, 148, 222, 195], [126, 143, 158, 195, 33, 8, 238, 26, 122, 123, 41, 197, 178, 251, 183, 133, 91, 185, 28, 124, 48, 68, 121, 97, 0, 71, 100, 47, 64, 48, 207, 34], [99, 212, 174, 150, 1, 41, 197, 167, 124, 94, 184, 118, 111, 97, 242, 169, 185, 73, 172, 178, 172, 217, 86, 60, 110, 52, 71, 22, 16, 181, 114, 114], [16, 176, 207, 244, 221, 69, 50, 132, 46, 30, 245, 91, 70, 220, 125, 59, 233, 108, 53, 230, 188, 65, 112, 198, 203, 197, 35, 13, 101, 238, 210, 39], [212, 223, 128, 252, 76, 168, 27, 211, 199, 209, 2, 220, 12, 171, 49, 108, 236, 206, 159, 204, 149, 140, 241, 84, 84, 206, 94, 13, 52, 144, 95, 2], [43, 228, 114, 64, 83, 58, 230, 239, 22, 112, 70, 249, 88, 98, 73, 117, 79, 217, 17, 236, 179, 153, 223, 54, 251, 201, 121, 48, 226, 14, 170, 176], [66, 172, 159, 63, 64, 34, 86, 149, 201, 152, 126, 187, 80, 173, 79, 21, 202, 118, 176, 235, 147, 19, 64, 140, 30, 128, 5, 35, 176, 181, 68, 192], [115, 146, 149, 200, 139, 255, 130, 68, 136, 74, 46, 124, 1, 191, 244, 121, 218, 144, 19, 31, 96, 233, 58, 232, 146, 248, 173, 1, 62, 36, 220, 204], [231, 8, 69, 177, 11, 72, 159, 132, 190, 102, 143, 189, 38, 136, 48, 59, 53, 33, 77, 134, 198, 15, 187, 145, 237, 91, 141, 36, 50, 140, 42, 32], [89, 154, 99, 146, 16, 143, 246, 186, 187, 242, 72, 136, 43, 99, 118, 152, 141, 108, 64, 1, 213, 131, 28, 142, 19, 154, 28, 38, 9, 217, 160, 11], [47, 131, 219, 138, 129, 130, 210, 227, 210, 3, 242, 217, 54, 208, 80, 70, 129, 36, 3, 50, 99, 144, 118, 79, 133, 242, 214, 11, 21, 186, 11, 113], [246, 155, 141, 32, 206, 190, 19, 192, 220, 97, 133, 187, 131, 153, 147, 5, 103, 60, 217, 177, 12, 210, 112, 180, 9, 117, 110, 14, 163, 24, 18, 98], [137, 163, 15, 253, 8, 253, 182, 135, 106, 31, 192, 163, 131, 47, 232, 117, 151, 213, 50, 213, 150, 80, 23, 198, 170, 93, 127, 2, 17, 101, 209, 187], [60, 72, 211, 31, 25, 14, 165, 31, 104, 31, 7, 191, 78, 24, 105, 224, 23, 187, 228, 87, 121, 151, 232, 236, 133, 155, 229, 5, 164, 228, 106, 118], [141, 232, 16, 63, 132, 205, 186, 224, 38, 75, 193, 243, 217, 40, 153, 11, 31, 112, 29, 227, 146, 79, 26, 27, 200, 240, 228, 45, 242, 163, 21, 253], [9, 206, 234, 218, 234, 132, 200, 193, 161, 104, 144, 99, 165, 192, 107, 76, 189, 46, 92, 218, 214, 230, 141, 149, 203, 170, 159, 38, 176, 25, 87, 7], [84, 170, 139, 146, 60, 103, 243, 207, 133, 186, 69, 234, 177, 155, 148, 16, 86, 154, 207, 21, 92, 45, 51, 222, 218, 17, 26, 34, 209, 99, 184, 241], [88, 113, 21, 174, 200, 5, 9, 3, 215, 196, 29, 126, 136, 139, 69, 239, 225, 31, 57, 97, 86, 46, 14, 42, 156, 156, 56, 52, 151, 227, 37, 209], [194, 225, 148, 169, 80, 99, 126, 152, 11, 176, 59, 173, 171, 188, 236, 112, 96, 171, 128, 162, 205, 114, 254, 2, 152, 60, 74, 14, 53, 10, 137, 132], [180, 201, 175, 26, 158, 22, 220, 93, 252, 216, 204, 144, 159, 234, 96, 58, 174, 176, 190, 231, 95, 26, 144, 53, 149, 240, 201, 25, 205, 14, 150, 78], [13, 16, 25, 108, 45, 81, 49, 128, 118, 114, 182, 33, 179, 128, 26, 119, 184, 253, 135, 140, 112, 136, 197, 164, 159, 205, 50, 24, 96, 110, 9, 202], [110, 193, 174, 36, 100, 21, 144, 147, 231, 49, 62, 13, 125, 42, 125, 80, 38, 202, 105, 19, 251, 213, 107, 72, 23, 202, 178, 42, 122, 238, 230, 137], [9, 124, 7, 208, 95, 121, 64, 232, 26, 248, 202, 117, 170, 215, 102, 10, 254, 71, 200, 43, 185, 23, 108, 60, 211, 128, 49, 24, 155, 215, 83, 204], [112, 218, 150, 202, 186, 116, 79, 48, 254, 89, 227, 83, 162, 153, 36, 157, 250, 86, 192, 144, 91, 216, 42, 210, 190, 139, 115, 3, 111, 164, 122, 201], [93, 100, 238, 32, 108, 170, 97, 18, 32, 53, 126, 251, 189, 172, 181, 10, 125, 243, 14, 254, 143, 30, 7, 220, 57, 126, 22, 25, 59, 247, 228, 68], [194, 152, 21, 208, 70, 97, 17, 216, 233, 238, 233, 97, 243, 119, 74, 119, 156, 104, 104, 227, 38, 114, 217, 119, 125, 229, 30, 12, 216, 88, 2, 15], [185, 39, 50, 27, 33, 32, 16, 86, 113, 53, 3, 156, 159, 171, 203, 118, 57, 82, 65, 186, 153, 129, 42, 5, 57, 208, 77, 23, 86, 30, 187, 1], [234, 18, 67, 102, 242, 134, 185, 73, 22, 33, 173, 66, 237, 105, 122, 199, 94, 73, 207, 42, 96, 20, 45, 133, 239, 106, 49, 7, 108, 48, 75, 98], [118, 44, 171, 64, 115, 210, 129, 68, 199, 123, 133, 173, 180, 32, 214, 138, 184, 214, 116, 12, 119, 197, 143, 159, 209, 19, 61, 37, 213, 245, 190, 43], [50, 125, 34, 211, 153, 245, 135, 153, 130, 159, 231, 38, 119, 75, 185, 79, 96, 133, 218, 146, 8, 76, 61, 71, 86, 177, 182, 2, 219, 204, 49, 118], [160, 95, 117, 251, 25, 248, 239, 35, 202, 238, 251, 233, 168, 55, 171, 246, 253, 110, 219, 171, 178, 218, 161, 65, 161, 58, 39, 11, 7, 7, 228, 58], [145, 212, 229, 74, 121, 106, 12, 66, 13, 76, 22, 174, 192, 209, 204, 192, 155, 24, 211, 254, 150, 235, 19, 13, 46, 166, 115, 9, 110, 206, 80, 204], [116, 83, 201, 227, 206, 38, 160, 43, 201, 25, 171, 155, 15, 181, 24, 5, 101, 217, 162, 106, 240, 120, 233, 68, 35, 13, 119, 22, 81, 83, 15, 14], [205, 222, 227, 65, 20, 63, 98, 178, 243, 229, 78, 186, 105, 214, 154, 222, 216, 29, 150, 6, 147, 156, 146, 147, 92, 229, 53, 12, 217, 46, 44, 12], [162, 56, 87, 88, 190, 163, 209, 60, 200, 80, 214, 251, 77, 163, 104, 124, 81, 108, 173, 77, 57, 39, 72, 156, 79, 65, 237, 25, 112, 38, 186, 144], [21, 165, 154, 11, 109, 217, 23, 9, 63, 24, 218, 7, 90, 116, 135, 67, 128, 183, 62, 73, 172, 218, 63, 44, 55, 121, 39, 6, 172, 50, 196, 186], [20, 119, 231, 84, 249, 113, 247, 141, 186, 7, 105, 130, 253, 211, 173, 66, 158, 213, 193, 164, 138, 10, 48, 168, 246, 7, 212, 7, 198, 44, 91, 241], [163, 43, 196, 96, 192, 167, 252, 238, 70, 174, 84, 95, 52, 31, 56, 140, 198, 148, 106, 39, 147, 251, 218, 186, 29, 61, 74, 17, 155, 202, 184, 29], [2, 21, 57, 231, 147, 88, 122, 218, 214, 98, 24, 21, 96, 132, 211, 62, 24, 112, 142, 19, 159, 149, 1, 57, 124, 70, 144, 40, 87, 188, 156, 41], [99, 37, 241, 30, 153, 134, 141, 21, 249, 218, 47, 49, 55, 183, 104, 14, 144, 224, 171, 200, 230, 228, 253, 246, 239, 113, 80, 13, 253, 208, 217, 174], [226, 187, 186, 170, 163, 150, 116, 217, 251, 166, 32, 205, 148, 142, 48, 148, 28, 239, 223, 87, 218, 73, 176, 121, 105, 6, 216, 16, 225, 239, 180, 43], [67, 94, 121, 217, 111, 157, 245, 180, 46, 145, 250, 230, 31, 106, 12, 215, 100, 152, 177, 100, 64, 165, 87, 163, 208, 254, 241, 35, 74, 44, 163, 41], [52, 208, 101, 145, 233, 51, 253, 142, 149, 195, 96, 202, 200, 201, 80, 237, 153, 86, 112, 96, 79, 86, 129, 103, 9, 72, 140, 31, 206, 36, 29, 180], [77, 7, 217, 76, 143, 115, 233, 145, 105, 68, 125, 136, 207, 197, 234, 36, 229, 89, 131, 84, 189, 83, 64, 9, 171, 169, 139, 32, 179, 199, 97, 203], [224, 33, 53, 100, 184, 198, 35, 100, 158, 129, 66, 173, 142, 66, 183, 218, 156, 15, 188, 131, 129, 123, 4, 47, 0, 210, 40, 9, 14, 2, 99, 87], [100, 219, 32, 131, 254, 177, 250, 99, 74, 58, 66, 39, 200, 236, 240, 139, 186, 170, 4, 125, 66, 53, 162, 121, 56, 176, 251, 51, 148, 53, 27, 13], [54, 106, 235, 215, 212, 3, 78, 4, 243, 232, 62, 234, 206, 21, 202, 166, 25, 54, 148, 52, 168, 36, 45, 178, 114, 124, 59, 39, 39, 218, 96, 13], [224, 250, 189, 111, 157, 226, 75, 222, 39, 203, 223, 112, 245, 103, 53, 229, 40, 101, 237, 103, 219, 219, 141, 32, 80, 141, 9, 24, 49, 71, 74, 40], [242, 1, 252, 26, 74, 137, 102, 155, 176, 222, 94, 50, 132, 36, 164, 204, 27, 25, 107, 126, 32, 117, 167, 29, 152, 239, 154, 26, 98, 163, 143, 193], [22, 239, 210, 81, 34, 113, 36, 77, 142, 14, 222, 109, 161, 114, 249, 216, 3, 29, 216, 167, 182, 17, 96, 43, 224, 121, 74, 31, 22, 182, 50, 176], [36, 138, 36, 33, 67, 65, 11, 205, 224, 139, 34, 101, 217, 51, 221, 180, 154, 44, 229, 57, 9, 43, 138, 195, 218, 94, 201, 21, 120, 215, 121, 122], [208, 231, 11, 160, 56, 209, 72, 47, 49, 137, 21, 15, 254, 203, 199, 79, 148, 22, 141, 189, 68, 165, 229, 56, 117, 55, 66, 35, 22, 5, 196, 57], [254, 189, 197, 199, 161, 240, 98, 0, 52, 45, 235, 85, 41, 118, 158, 148, 16, 81, 214, 121, 3, 195, 232, 43, 154, 181, 33, 31, 130, 34, 52, 4], [2, 5, 51, 98, 143, 24, 53, 13, 98, 227, 145, 121, 57, 1, 17, 217, 34, 93, 7, 203, 107, 91, 38, 130, 186, 247, 140, 26, 49, 248, 184, 158], [24, 206, 90, 116, 235, 217, 14, 104, 93, 61, 150, 65, 52, 226, 226, 236, 165, 244, 121, 62, 38, 221, 72, 181, 216, 152, 66, 17, 219, 21, 81, 206], [160, 67, 184, 2, 142, 250, 12, 7, 118, 171, 91, 111, 186, 65, 186, 115, 66, 213, 41, 47, 130, 164, 92, 151, 187, 77, 159, 41, 220, 21, 44, 9], [255, 176, 88, 38, 42, 194, 27, 104, 30, 83, 246, 255, 108, 65, 118, 78, 17, 184, 200, 152, 131, 72, 65, 199, 113, 217, 241, 34, 160, 187, 175, 225], [231, 217, 249, 155, 211, 201, 169, 111, 42, 202, 1, 46, 224, 249, 116, 245, 237, 79, 120, 207, 216, 178, 61, 103, 184, 136, 190, 36, 107, 231, 80, 207], [23, 219, 199, 21, 99, 8, 86, 0, 115, 23, 139, 151, 240, 22, 11, 51, 165, 141, 135, 31, 166, 87, 240, 25, 1, 117, 114, 13, 252, 11, 15, 43], [220, 248, 78, 196, 5, 94, 70, 27, 201, 216, 248, 134, 238, 30, 212, 118, 206, 48, 109, 14, 113, 255, 151, 56, 115, 62, 43, 36, 242, 147, 92, 82], [148, 12, 222, 122, 39, 212, 183, 21, 184, 61, 93, 28, 77, 19, 174, 83, 217, 22, 103, 117, 232, 159, 215, 202, 29, 135, 128, 14, 37, 160, 226, 70], [104, 60, 146, 126, 51, 67, 224, 145, 88, 152, 109, 74, 216, 133, 190, 70, 233, 205, 190, 11, 91, 169, 111, 25, 185, 122, 164, 28, 85, 105, 32, 134], [130, 127, 66, 193, 101, 246, 185, 82, 217, 44, 36, 123, 16, 69, 211, 45, 221, 46, 233, 66, 65, 0, 90, 22, 85, 199, 227, 33, 90, 166, 253, 153], [185, 27, 135, 127, 53, 43, 216, 108, 12, 1, 249, 47, 2, 15, 216, 169, 200, 34, 135, 144, 101, 169, 237, 129, 154, 155, 202, 0, 17, 183, 192, 204], [10, 76, 151, 68, 13, 106, 229, 107, 240, 74, 69, 222, 242, 209, 229, 146, 188, 22, 21, 208, 92, 146, 181, 121, 207, 238, 108, 32, 38, 114, 88, 135], [53, 216, 109, 106, 221, 180, 28, 161, 250, 147, 248, 171, 6, 99, 150, 247, 68, 126, 127, 145, 162, 110, 163, 139, 124, 132, 6, 18, 54, 70, 188, 11], [12, 64, 137, 247, 127, 96, 140, 252, 160, 31, 60, 185, 106, 134, 155, 238, 249, 46, 59, 232, 204, 13, 124, 103, 163, 95, 247, 15, 126, 9, 61, 52], [214, 157, 147, 174, 102, 157, 129, 140, 93, 110, 48, 57, 39, 242, 212, 103, 158, 41, 94, 190, 240, 156, 46, 11, 168, 29, 163, 0, 141, 190, 229, 198], [48, 16, 231, 144, 49, 159, 61, 245, 117, 160, 7, 44, 230, 153, 191, 215, 203, 88, 133, 149, 218, 113, 181, 233, 241, 21, 76, 29, 154, 72, 43, 178], [105, 122, 111, 52, 127, 88, 4, 54, 140, 224, 33, 104, 109, 240, 221, 131, 92, 251, 181, 62, 19, 114, 57, 91, 95, 109, 90, 28, 186, 62, 151, 17], [230, 123, 57, 171, 91, 43, 52, 115, 27, 202, 121, 107, 119, 190, 193, 169, 234, 236, 202, 34, 79, 46, 124, 247, 128, 56, 24, 19, 64, 71, 76, 235], [58, 126, 164, 194, 81, 50, 15, 188, 136, 252, 149, 105, 222, 37, 145, 11, 190, 76, 45, 20, 138, 124, 108, 248, 61, 87, 39, 34, 73, 162, 126, 231], [96, 94, 68, 119, 95, 50, 243, 13, 127, 197, 53, 182, 46, 208, 2, 93, 21, 119, 250, 114, 129, 183, 149, 5, 152, 246, 87, 17, 6, 115, 133, 97], [166, 38, 239, 21, 64, 81, 203, 145, 160, 194, 51, 78, 236, 93, 221, 37, 236, 78, 168, 115, 164, 14, 28, 228, 245, 30, 18, 7, 254, 90, 254, 240], [181, 45, 220, 196, 45, 152, 126, 90, 18, 165, 75, 225, 46, 136, 126, 36, 161, 206, 85, 69, 168, 232, 155, 219, 218, 87, 12, 31, 121, 224, 147, 177], [20, 251, 16, 247, 89, 242, 143, 219, 17, 64, 220, 156, 221, 43, 249, 254, 184, 35, 35, 161, 222, 76, 38, 25, 242, 83, 247, 1, 228, 221, 251, 172], [244, 240, 156, 251, 98, 252, 111, 33, 164, 80, 46, 154, 69, 160, 85, 91, 215, 235, 254, 9, 185, 93, 46, 211, 158, 78, 112, 31, 201, 172, 106, 191], [176, 133, 112, 55, 121, 195, 87, 78, 214, 90, 207, 121, 73, 161, 90, 227, 172, 34, 50, 233, 9, 85, 161, 133, 180, 45, 93, 40, 99, 31, 129, 43], [34, 155, 131, 64, 42, 206, 1, 71, 237, 25, 83, 253, 23, 184, 43, 38, 223, 89, 81, 174, 112, 66, 3, 14, 212, 255, 243, 16, 101, 89, 89, 157], [51, 31, 56, 26, 16, 228, 146, 96, 185, 111, 1, 112, 246, 162, 174, 16, 121, 97, 33, 8, 234, 130, 128, 113, 21, 166, 2, 45, 3, 29, 134, 211], [105, 45, 122, 253, 80, 235, 69, 250, 198, 85, 80, 208, 14, 104, 116, 207, 194, 150, 233, 144, 149, 62, 73, 194, 240, 159, 120, 41, 87, 103, 64, 167], [22, 205, 15, 95, 148, 149, 16, 61, 182, 0, 111, 98, 59, 78, 100, 116, 9, 245, 34, 177, 137, 222, 77, 177, 193, 178, 235, 37, 68, 224, 246, 4], [173, 94, 166, 62, 60, 223, 43, 110, 202, 20, 49, 199, 78, 240, 12, 178, 243, 174, 102, 39, 148, 97, 232, 30, 130, 174, 235, 6, 222, 213, 121, 206], [244, 85, 10, 106, 216, 252, 164, 182, 108, 120, 215, 249, 140, 25, 146, 99, 237, 23, 163, 48, 158, 219, 112, 221, 135, 207, 76, 23, 157, 126, 34, 38], [241, 142, 215, 152, 245, 136, 29, 76, 54, 195, 34, 39, 157, 226, 192, 86, 226, 224, 211, 151, 230, 91, 111, 174, 94, 209, 62, 32, 40, 226, 93, 176], [95, 7, 18, 191, 143, 44, 210, 6, 214, 53, 38, 122, 94, 65, 109, 82, 162, 126, 97, 21, 118, 245, 93, 72, 173, 42, 165, 22, 170, 126, 90, 178], [37, 253, 72, 163, 151, 65, 84, 28, 91, 167, 94, 112, 192, 117, 192, 42, 212, 100, 124, 32, 67, 68, 194, 50, 20, 125, 37, 16, 182, 155, 229, 238], [40, 188, 3, 109, 222, 8, 18, 206, 255, 43, 184, 13, 83, 172, 192, 106, 58, 161, 248, 135, 122, 102, 191, 113, 109, 74, 191, 44, 73, 109, 109, 206], [162, 185, 137, 116, 244, 247, 168, 90, 192, 231, 180, 83, 115, 179, 65, 154, 27, 211, 32, 165, 191, 141, 188, 7, 141, 203, 124, 36, 205, 111, 76, 16], [4, 122, 48, 207, 99, 170, 197, 249, 166, 37, 224, 52, 158, 10, 222, 130, 210, 195, 146, 68, 7, 74, 225, 0, 107, 98, 94, 25, 254, 143, 15, 10], [116, 210, 150, 199, 152, 210, 200, 13, 209, 130, 204, 67, 234, 164, 63, 231, 154, 114, 47, 19, 106, 18, 117, 217, 229, 130, 231, 11, 3, 43, 63, 135], [160, 1, 127, 205, 95, 60, 45, 188, 58, 51, 229, 44, 185, 108, 32, 10, 110, 90, 216, 136, 244, 10, 79, 167, 154, 55, 171, 16, 1, 172, 75, 247], [99, 141, 80, 143, 135, 46, 104, 219, 54, 234, 245, 115, 116, 217, 104, 101, 235, 238, 164, 26, 247, 90, 168, 99, 144, 238, 21, 8, 146, 104, 103, 239], [52, 185, 251, 242, 241, 206, 104, 22, 62, 155, 233, 169, 24, 162, 83, 105, 21, 3, 74, 171, 165, 225, 86, 28, 70, 64, 54, 13, 70, 81, 49, 225], [178, 254, 207, 172, 5, 156, 9, 141, 90, 128, 139, 35, 233, 126, 24, 28, 203, 86, 171, 157, 50, 69, 137, 125, 226, 95, 78, 40, 75, 127, 106, 158], [69, 230, 165, 224, 146, 63, 123, 81, 41, 126, 158, 102, 78, 75, 120, 96, 57, 165, 215, 190, 119, 242, 248, 88, 169, 170, 156, 23, 187, 132, 128, 60], [229, 27, 213, 177, 74, 224, 11, 52, 246, 249, 150, 248, 77, 79, 48, 156, 216, 212, 111, 205, 157, 216, 101, 99, 32, 86, 167, 34, 180, 72, 212, 71], [242, 76, 135, 41, 142, 148, 220, 97, 237, 0, 18, 67, 128, 93, 133, 193, 91, 233, 247, 183, 125, 134, 35, 227, 138, 241, 214, 10, 140, 120, 252, 155], [49, 112, 75, 138, 66, 234, 101, 52, 155, 112, 234, 158, 15, 9, 81, 229, 221, 112, 224, 234, 139, 199, 203, 125, 82, 248, 188, 13, 78, 200, 248, 136], [147, 65, 93, 214, 223, 225, 240, 62, 56, 234, 158, 117, 51, 155, 213, 253, 174, 173, 73, 180, 68, 172, 161, 139, 40, 34, 141, 16, 37, 31, 188, 222], [240, 50, 175, 43, 33, 177, 135, 176, 169, 176, 134, 11, 195, 46, 146, 189, 31, 161, 37, 200, 97, 20, 31, 135, 55, 169, 144, 24, 58, 118, 56, 86], [210, 146, 237, 34, 14, 106, 226, 68, 154, 197, 67, 247, 22, 56, 159, 109, 124, 252, 97, 101, 96, 82, 115, 226, 197, 207, 229, 5, 34, 222, 192, 249], [37, 89, 113, 16, 108, 25, 234, 183, 231, 185, 250, 139, 154, 41, 239, 195, 150, 164, 42, 240, 199, 139, 18, 90, 59, 165, 211, 23, 168, 18, 98, 27], [152, 222, 132, 218, 164, 2, 76, 90, 58, 19, 114, 139, 250, 18, 126, 223, 231, 72, 191, 246, 88, 110, 109, 92, 57, 241, 234, 39, 194, 148, 215, 63], [185, 242, 185, 147, 108, 89, 77, 125, 86, 30, 16, 6, 175, 18, 39, 65, 210, 221, 223, 247, 12, 211, 71, 9, 207, 44, 159, 7, 3, 5, 86, 101], [43, 151, 87, 217, 218, 177, 112, 63, 43, 194, 3, 249, 185, 167, 252, 127, 15, 29, 251, 112, 90, 74, 86, 2, 31, 179, 141, 10, 133, 104, 165, 152], [93, 153, 102, 168, 32, 113, 36, 235, 58, 76, 113, 145, 174, 69, 90, 64, 228, 103, 112, 192, 28, 205, 233, 215, 163, 33, 197, 40, 7, 89, 12, 76], [92, 145, 138, 61, 226, 9, 62, 135, 112, 167, 91, 41, 229, 185, 28, 82, 221, 184, 44, 29, 140, 96, 53, 2, 226, 205, 222, 14, 132, 2, 33, 166], [229, 183, 67, 11, 245, 128, 169, 144, 178, 236, 123, 242, 173, 177, 33, 106, 240, 10, 158, 3, 228, 124, 114, 215, 122, 33, 59, 27, 251, 224, 190, 201], [218, 0, 157, 201, 227, 42, 250, 217, 87, 235, 178, 244, 196, 203, 225, 77, 31, 4, 64, 249, 54, 33, 51, 35, 101, 150, 97, 10, 195, 250, 91, 50], [49, 212, 220, 48, 152, 73, 200, 215, 222, 125, 5, 165, 175, 166, 95, 23, 198, 58, 178, 180, 69, 35, 191, 9, 248, 44, 41, 21, 92, 199, 132, 85], [5, 43, 197, 115, 78, 92, 178, 0, 225, 225, 238, 216, 74, 160, 26, 167, 42, 47, 122, 253, 225, 193, 114, 145, 43, 30, 119, 6, 83, 125, 165, 15], [101, 7, 134, 61, 77, 51, 60, 85, 165, 110, 178, 127, 165, 79, 239, 56, 6, 35, 167, 69, 173, 119, 97, 199, 200, 234, 55, 20, 140, 54, 31, 186], [192, 153, 236, 190, 30, 32, 109, 76, 130, 203, 98, 232, 144, 110, 74, 74, 63, 13, 226, 189, 175, 113, 59, 94, 124, 144, 118, 27, 244, 127, 215, 200], [177, 132, 154, 254, 63, 151, 53, 19, 236, 251, 206, 23, 184, 8, 146, 72, 176, 34, 169, 114, 124, 40, 208, 25, 170, 99, 44, 28, 233, 88, 190, 101], [130, 170, 191, 93, 186, 68, 203, 123, 142, 124, 53, 241, 75, 240, 211, 186, 239, 15, 19, 175, 131, 88, 158, 73, 3, 176, 144, 28, 193, 195, 175, 30], [245, 110, 59, 246, 59, 122, 119, 32, 127, 10, 73, 93, 5, 212, 243, 196, 103, 140, 251, 136, 173, 19, 195, 149, 21, 216, 143, 20, 57, 192, 79, 108], [253, 243, 143, 104, 5, 152, 176, 146, 159, 176, 76, 85, 100, 34, 86, 195, 85, 39, 9, 59, 21, 172, 93, 139, 42, 21, 176, 26, 134, 57, 205, 185], [33, 29, 229, 69, 81, 80, 250, 71, 18, 96, 56, 58, 88, 132, 141, 188, 78, 185, 84, 47, 124, 140, 110, 75, 93, 118, 212, 27, 15, 124, 221, 218], [62, 166, 88, 184, 154, 208, 121, 48, 50, 143, 133, 218, 249, 24, 215, 75, 125, 12, 140, 155, 170, 151, 136, 123, 13, 218, 66, 1, 129, 23, 63, 135], [161, 49, 86, 49, 68, 56, 42, 5, 226, 233, 242, 251, 125, 76, 76, 78, 119, 16, 115, 34, 106, 197, 158, 6, 159, 52, 106, 36, 28, 53, 200, 243], [177, 40, 228, 55, 235, 136, 40, 0, 107, 209, 147, 42, 81, 123, 190, 37, 219, 184, 174, 9, 17, 90, 110, 203, 17, 208, 41, 16, 198, 229, 61, 81], [117, 90, 202, 10, 73, 146, 71, 99, 175, 128, 142, 155, 223, 11, 53, 51, 63, 53, 221, 149, 191, 218, 146, 218, 211, 25, 250, 11, 120, 70, 197, 94], [76, 185, 121, 226, 246, 119, 173, 186, 29, 175, 8, 128, 63, 170, 173, 84, 127, 64, 97, 43, 140, 38, 210, 140, 212, 167, 161, 15, 94, 170, 175, 113], [231, 198, 201, 31, 155, 220, 30, 149, 253, 24, 96, 180, 126, 55, 40, 20, 224, 109, 248, 230, 45, 158, 229, 35, 228, 139, 170, 19, 98, 26, 231, 46], [225, 68, 180, 45, 51, 93, 173, 51, 151, 124, 234, 47, 104, 194, 65, 190, 222, 231, 177, 222, 60, 67, 244, 132, 80, 237, 199, 45, 233, 82, 205, 102], [47, 197, 86, 28, 242, 237, 82, 211, 147, 81, 33, 227, 222, 32, 89, 109, 214, 215, 87, 209, 251, 1, 76, 189, 142, 194, 185, 28, 106, 154, 19, 87], [186, 243, 17, 52, 219, 236, 212, 237, 71, 45, 185, 213, 207, 105, 52, 175, 177, 212, 103, 111, 43, 63, 162, 43, 206, 126, 206, 42, 187, 125, 32, 189], [212, 97, 154, 84, 35, 90, 138, 251, 14, 150, 166, 123, 70, 178, 234, 134, 9, 63, 138, 164, 219, 87, 63, 17, 189, 21, 122, 11, 192, 192, 189, 247], [121, 194, 55, 185, 84, 78, 194, 99, 144, 198, 23, 17, 93, 57, 5, 140, 62, 211, 4, 118, 129, 93, 158, 198, 49, 81, 89, 54, 140, 127, 92, 27], [66, 42, 134, 231, 105, 112, 231, 108, 130, 212, 218, 27, 23, 166, 150, 250, 172, 6, 198, 19, 78, 72, 242, 207, 181, 56, 234, 36, 32, 105, 24, 214], [114, 11, 154, 193, 2, 9, 64, 125, 27, 160, 99, 251, 72, 161, 238, 19, 139, 78, 16, 95, 26, 179, 164, 208, 197, 253, 191, 12, 52, 43, 223, 160], [164, 53, 247, 231, 109, 210, 191, 212, 191, 191, 133, 116, 12, 142, 89, 40, 162, 228, 26, 199, 188, 75, 87, 27, 110, 146, 52, 24, 163, 84, 248, 136], [4, 233, 83, 41, 31, 15, 97, 230, 67, 177, 35, 1, 232, 188, 139, 78, 211, 140, 67, 114, 159, 49, 182, 94, 49, 131, 184, 27, 19, 210, 157, 55], [114, 86, 41, 84, 31, 248, 177, 147, 209, 170, 251, 34, 81, 202, 39, 89, 20, 97, 53, 241, 108, 84, 218, 197, 4, 188, 47, 24, 181, 145, 245, 141], [96, 169, 21, 211, 48, 202, 109, 206, 219, 215, 94, 44, 126, 208, 184, 219, 31, 1, 209, 189, 111, 158, 220, 91, 89, 124, 251, 11, 187, 9, 148, 246], [50, 7, 148, 193, 52, 200, 245, 138, 122, 202, 195, 20, 75, 193, 195, 207, 74, 155, 151, 3, 232, 141, 187, 68, 233, 87, 158, 5, 215, 85, 157, 18], [214, 118, 207, 187, 161, 127, 242, 154, 90, 208, 116, 52, 159, 125, 162, 173, 168, 151, 146, 97, 1, 136, 59, 191, 239, 250, 149, 31, 140, 243, 232, 225], [227, 132, 140, 122, 88, 2, 124, 221, 22, 160, 189, 130, 18, 151, 189, 177, 107, 170, 184, 180, 65, 18, 118, 156, 137, 246, 197, 42, 194, 165, 82, 183], [20, 175, 93, 158, 38, 228, 232, 235, 23, 200, 177, 89, 112, 28, 231, 214, 53, 192, 16, 31, 206, 190, 120, 89, 188, 15, 130, 22, 131, 39, 254, 176], [60, 232, 74, 180, 175, 93, 174, 134, 203, 167, 3, 84, 192, 165, 74, 12, 113, 124, 113, 11, 37, 111, 127, 48, 34, 215, 207, 15, 127, 54, 7, 172], [31, 122, 64, 72, 63, 239, 100, 151, 200, 247, 48, 208, 89, 165, 90, 9, 162, 82, 178, 146, 87, 204, 211, 210, 85, 169, 172, 42, 196, 213, 126, 39], [218, 163, 213, 135, 221, 108, 195, 225, 197, 194, 125, 67, 157, 178, 54, 117, 69, 201, 222, 172, 4, 49, 178, 176, 80, 119, 148, 32, 234, 136, 46, 25], [39, 58, 122, 198, 114, 214, 183, 28, 4, 125, 232, 118, 242, 127, 20, 114, 133, 186, 119, 255, 144, 36, 236, 243, 105, 206, 107, 38, 144, 47, 164, 254], [177, 217, 237, 14, 96, 186, 148, 41, 66, 181, 195, 89, 214, 118, 21, 139, 153, 209, 239, 61, 89, 235, 125, 159, 30, 58, 202, 2, 46, 12, 132, 178], [41, 10, 184, 51, 179, 201, 26, 178, 23, 106, 98, 239, 35, 154, 101, 71, 220, 210, 31, 74, 25, 51, 190, 185, 229, 252, 54, 21, 183, 205, 216, 217], [100, 178, 50, 45, 45, 16, 221, 62, 79, 181, 189, 61, 135, 225, 107, 246, 28, 116, 96, 122, 208, 180, 179, 65, 84, 20, 154, 45, 242, 172, 132, 124], [78, 137, 2, 147, 251, 78, 41, 105, 48, 79, 25, 217, 56, 109, 65, 23, 80, 61, 133, 64, 15, 154, 145, 114, 68, 12, 33, 16, 97, 240, 107, 70], [44, 222, 150, 24, 158, 39, 160, 177, 176, 31, 149, 47, 129, 41, 1, 223, 206, 52, 88, 153, 190, 134, 147, 174, 55, 58, 96, 39, 250, 255, 119, 140], [58, 37, 88, 97, 38, 117, 30, 149, 2, 29, 198, 49, 240, 108, 108, 128, 161, 47, 110, 26, 132, 94, 0, 50, 233, 184, 214, 19, 230, 12, 17, 146], [234, 173, 137, 35, 239, 162, 209, 182, 224, 74, 236, 103, 220, 46, 128, 162, 231, 16, 248, 30, 107, 25, 158, 50, 59, 20, 4, 9, 147, 32, 91, 148], [227, 62, 119, 13, 45, 30, 203, 125, 37, 214, 18, 159, 196, 215, 233, 127, 246, 245, 147, 230, 218, 60, 218, 134, 55, 185, 78, 40, 5, 159, 16, 31], [113, 242, 67, 5, 91, 75, 214, 255, 240, 241, 224, 49, 163, 132, 33, 200, 227, 212, 223, 47, 237, 120, 90, 54, 190, 188, 144, 25, 64, 1, 161, 228], [254, 99, 152, 129, 241, 206, 167, 108, 65, 8, 196, 123, 169, 79, 211, 20, 72, 1, 173, 138, 64, 20, 215, 247, 116, 151, 191, 13, 66, 94, 108, 185], [165, 153, 220, 54, 50, 127, 155, 104, 160, 120, 160, 101, 186, 211, 95, 185, 210, 112, 112, 136, 60, 39, 215, 170, 180, 145, 211, 22, 222, 197, 11, 181], [198, 224, 138, 60, 179, 166, 40, 90, 215, 183, 46, 140, 170, 128, 110, 158, 13, 79, 38, 118, 254, 158, 32, 222, 126, 75, 179, 9, 62, 155, 3, 63], [12, 45, 141, 53, 5, 161, 136, 164, 136, 117, 209, 23, 210, 210, 204, 101, 172, 122, 73, 179, 225, 187, 253, 76, 186, 237, 61, 48, 96, 124, 201, 111], [59, 14, 174, 63, 225, 165, 68, 151, 184, 100, 45, 232, 150, 172, 102, 140, 233, 124, 37, 246, 241, 86, 189, 77, 101, 133, 254, 35, 9, 98, 121, 153], [10, 95, 147, 6, 136, 41, 233, 195, 8, 245, 175, 127, 139, 133, 180, 27, 10, 203, 6, 5, 72, 228, 51, 148, 184, 96, 38, 0, 94, 88, 85, 158], [105, 238, 215, 114, 208, 45, 169, 192, 73, 37, 55, 65, 148, 113, 206, 65, 88, 29, 220, 55, 14, 151, 114, 195, 201, 121, 56, 4, 119, 216, 217, 35], [170, 195, 12, 255, 65, 45, 114, 239, 121, 149, 241, 184, 8, 105, 116, 120, 46, 156, 194, 98, 224, 171, 214, 16, 219, 108, 141, 24, 101, 243, 81, 120], [52, 158, 44, 79, 28, 79, 20, 126, 68, 72, 142, 8, 162, 169, 52, 45, 121, 193, 40, 70, 146, 216, 11, 201, 119, 32, 78, 11, 208, 36, 163, 180], [108, 200, 19, 61, 75, 157, 255, 120, 23, 213, 143, 222, 84, 239, 12, 9, 136, 169, 141, 85, 73, 244, 90, 208, 151, 225, 214, 23, 162, 242, 185, 53], [124, 209, 124, 129, 210, 218, 183, 30, 45, 63, 138, 65, 18, 213, 254, 97, 161, 15, 245, 250, 247, 120, 74, 165, 249, 152, 40, 24, 26, 221, 136, 95], [48, 23, 62, 80, 227, 111, 182, 101, 235, 62, 162, 143, 242, 182, 22, 194, 95, 103, 118, 237, 215, 33, 211, 207, 211, 112, 2, 9, 88, 103, 90, 20], [25, 190, 249, 152, 45, 47, 27, 218, 44, 58, 71, 185, 239, 105, 35, 39, 7, 109, 212, 92, 90, 254, 220, 82, 51, 73, 158, 43, 45, 32, 244, 120], [230, 116, 226, 235, 169, 90, 187, 2, 166, 43, 223, 7, 107, 161, 106, 191, 86, 222, 217, 202, 81, 126, 94, 17, 159, 221, 97, 39, 234, 125, 101, 68], [1, 163, 114, 174, 219, 26, 47, 92, 7, 110, 244, 5, 218, 32, 189, 15, 44, 175, 49, 105, 148, 201, 171, 90, 155, 68, 255, 17, 189, 230, 168, 52], [75, 205, 223, 76, 233, 26, 97, 30, 53, 58, 115, 80, 156, 4, 84, 10, 22, 193, 36, 23, 105, 158, 63, 161, 226, 243, 226, 0, 83, 37, 231, 40], [43, 110, 88, 228, 243, 154, 15, 176, 249, 211, 139, 201, 110, 213, 3, 122, 195, 3, 145, 245, 112, 116, 173, 158, 187, 119, 183, 18, 138, 22, 212, 163], [203, 190, 64, 239, 163, 175, 16, 74, 92, 48, 14, 71, 193, 83, 45, 119, 160, 132, 43, 161, 192, 1, 242, 63, 144, 90, 129, 47, 222, 14, 224, 53], [197, 0, 29, 64, 131, 194, 114, 28, 86, 74, 167, 191, 241, 182, 223, 222, 231, 55, 199, 50, 188, 237, 13, 56, 224, 93, 153, 10, 141, 100, 136, 29], [37, 172, 200, 151, 12, 136, 89, 226, 165, 131, 163, 9, 131, 42, 114, 181, 17, 139, 162, 255, 191, 71, 142, 206, 205, 167, 113, 8, 175, 203, 211, 165], [245, 218, 42, 222, 65, 191, 174, 12, 203, 78, 165, 129, 157, 30, 180, 218, 170, 121, 32, 20, 169, 82, 117, 0, 1, 8, 255, 3, 186, 152, 244, 186], [241, 223, 87, 164, 128, 66, 24, 134, 235, 230, 221, 141, 218, 45, 15, 204, 164, 186, 173, 184, 105, 88, 163, 18, 165, 166, 242, 39, 89, 197, 197, 167], [158, 7, 194, 20, 124, 249, 150, 48, 97, 4, 98, 231, 73, 163, 228, 16, 145, 133, 211, 77, 16, 95, 129, 58, 153, 181, 51, 41, 235, 101, 119, 1], [132, 178, 235, 253, 92, 251, 239, 144, 190, 128, 201, 25, 76, 255, 218, 56, 213, 133, 84, 226, 17, 132, 202, 177, 188, 121, 241, 3, 201, 189, 157, 182], [107, 121, 50, 72, 148, 167, 15, 251, 27, 195, 109, 132, 190, 100, 44, 123, 121, 27, 200, 219, 135, 18, 245, 254, 32, 152, 224, 48, 92, 151, 5, 215], [146, 217, 52, 62, 48, 207, 129, 215, 210, 233, 183, 125, 17, 89, 166, 72, 225, 191, 251, 213, 23, 28, 103, 47, 182, 212, 114, 44, 171, 78, 96, 196], [181, 91, 49, 238, 44, 47, 26, 110, 92, 61, 253, 30, 43, 9, 187, 162, 145, 63, 206, 91, 102, 80, 189, 171, 45, 35, 112, 13, 143, 124, 35, 179], [47, 104, 6, 123, 34, 157, 117, 70, 87, 78, 88, 54, 157, 183, 174, 217, 34, 70, 78, 12, 96, 16, 178, 173, 203, 203, 73, 24, 218, 4, 242, 96], [140, 154, 28, 34, 112, 213, 14, 153, 169, 137, 102, 54, 223, 21, 174, 224, 201, 213, 186, 122, 210, 138, 136, 33, 138, 67, 237, 38, 184, 128, 89, 37], [231, 35, 26, 193, 106, 45, 252, 33, 58, 28, 41, 97, 192, 160, 210, 167, 147, 255, 1, 172, 201, 143, 127, 51, 167, 130, 26, 24, 186, 147, 167, 6], [239, 60, 184, 15, 185, 94, 104, 80, 60, 229, 189, 254, 98, 14, 42, 231, 92, 128, 51, 63, 34, 20, 222, 209, 78, 79, 244, 5, 142, 32, 94, 149], [251, 170, 125, 245, 202, 2, 247, 21, 147, 124, 105, 222, 69, 225, 238, 212, 80, 111, 34, 201, 36, 113, 179, 47, 13, 134, 45, 27, 168, 111, 148, 79], [209, 56, 69, 204, 24, 200, 187, 56, 84, 40, 29, 80, 196, 192, 235, 219, 4, 69, 110, 238, 205, 149, 27, 213, 62, 79, 228, 47, 185, 220, 30, 67], [27, 225, 162, 70, 194, 199, 122, 82, 254, 237, 23, 185, 23, 119, 146, 172, 101, 214, 45, 239, 4, 47, 126, 177, 101, 200, 54, 21, 152, 10, 199, 140], [231, 12, 20, 107, 241, 47, 54, 184, 55, 42, 31, 250, 127, 87, 115, 207, 69, 234, 65, 162, 105, 66, 98, 170, 91, 49, 1, 38, 248, 241, 39, 56], [75, 89, 100, 124, 2, 137, 204, 139, 47, 1, 179, 36, 162, 243, 59, 183, 101, 226, 238, 166, 146, 113, 251, 92, 26, 68, 218, 16, 224, 51, 46, 88], [219, 77, 191, 57, 185, 19, 224, 177, 78, 52, 67, 71, 226, 91, 217, 191, 135, 254, 67, 170, 175, 252, 58, 46, 32, 67, 7, 30, 79, 11, 85, 160], [203, 50, 188, 191, 138, 65, 165, 220, 97, 105, 206, 114, 187, 100, 69, 202, 80, 99, 97, 17, 151, 46, 54, 132, 88, 10, 138, 31, 160, 82, 15, 163], [127, 1, 219, 207, 85, 178, 230, 34, 8, 134, 74, 174, 127, 11, 179, 74, 228, 43, 224, 63, 54, 75, 148, 170, 168, 184, 5, 24, 30, 255, 122, 74], [70, 255, 229, 87, 94, 87, 34, 146, 119, 108, 228, 36, 197, 43, 229, 68, 188, 98, 180, 194, 7, 154, 164, 39, 23, 251, 234, 29, 71, 183, 144, 111], [234, 16, 45, 23, 104, 234, 186, 127, 57, 162, 54, 174, 138, 230, 49, 187, 236, 247, 59, 201, 44, 252, 103, 57, 177, 126, 6, 22, 41, 254, 1, 142], [208, 140, 58, 228, 46, 115, 79, 214, 25, 254, 156, 114, 152, 44, 156, 60, 250, 226, 155, 245, 33, 6, 141, 185, 91, 83, 121, 18, 13, 147, 197, 46], [149, 157, 232, 74, 112, 251, 107, 137, 237, 233, 156, 187, 116, 134, 214, 221, 67, 57, 155, 183, 57, 58, 23, 204, 153, 128, 135, 38, 43, 107, 35, 244], [80, 230, 12, 167, 19, 205, 131, 30, 103, 205, 30, 55, 117, 196, 61, 11, 100, 236, 63, 169, 128, 108, 161, 149, 148, 83, 126, 30, 2, 57, 21, 166], [44, 53, 216, 248, 217, 188, 89, 201, 204, 32, 117, 20, 183, 52, 224, 28, 12, 193, 54, 224, 81, 70, 65, 52, 5, 39, 114, 23, 28, 146, 89, 228], [197, 165, 19, 149, 121, 253, 237, 73, 42, 157, 98, 96, 232, 147, 67, 118, 82, 89, 16, 15, 169, 51, 144, 75, 222, 250, 229, 17, 15, 112, 128, 211], [240, 151, 189, 246, 86, 168, 33, 7, 104, 156, 12, 36, 222, 48, 59, 60, 163, 62, 42, 94, 10, 80, 117, 132, 44, 142, 20, 17, 83, 141, 65, 127], [81, 252, 163, 155, 177, 214, 219, 80, 98, 245, 184, 202, 206, 192, 187, 87, 92, 169, 6, 190, 103, 207, 69, 220, 230, 16, 104, 25, 55, 8, 147, 143], [47, 75, 195, 224, 66, 121, 93, 164, 251, 175, 206, 36, 165, 121, 82, 248, 231, 65, 48, 188, 153, 143, 99, 44, 155, 147, 24, 36, 244, 111, 59, 89], [197, 143, 124, 160, 219, 243, 149, 23, 47, 117, 200, 204, 142, 151, 197, 41, 90, 156, 73, 250, 193, 208, 235, 4, 140, 61, 252, 22, 179, 39, 239, 82], [158, 245, 203, 75, 207, 60, 236, 161, 90, 18, 24, 179, 1, 150, 52, 62, 171, 233, 112, 115, 234, 74, 105, 83, 1, 30, 117, 5, 70, 168, 208, 230], [95, 16, 134, 128, 119, 116, 193, 236, 142, 99, 177, 34, 69, 217, 36, 164, 96, 14, 39, 15, 173, 23, 87, 131, 138, 22, 141, 41, 90, 78, 170, 157], [142, 121, 239, 35, 25, 251, 104, 210, 213, 120, 180, 64, 75, 32, 141, 57, 37, 228, 67, 5, 165, 115, 134, 167, 74, 240, 117, 6, 1, 85, 172, 241], [182, 123, 154, 187, 21, 86, 176, 123, 2, 7, 208, 116, 24, 127, 92, 221, 85, 55, 41, 169, 124, 136, 218, 93, 232, 55, 215, 6, 92, 20, 77, 156], [169, 127, 182, 18, 145, 173, 223, 10, 89, 58, 22, 165, 190, 90, 109, 88, 95, 34, 118, 69, 240, 244, 164, 139, 71, 111, 167, 36, 200, 85, 94, 110], [231, 94, 90, 146, 9, 247, 203, 203, 97, 106, 184, 232, 49, 173, 49, 117, 245, 1, 243, 147, 183, 122, 136, 28, 35, 120, 104, 4, 91, 6, 127, 6], [89, 52, 102, 103, 88, 126, 157, 8, 141, 56, 215, 251, 231, 45, 218, 118, 226, 114, 199, 197, 217, 34, 226, 107, 31, 79, 167, 17, 127, 167, 30, 106], [47, 45, 198, 169, 131, 211, 165, 156, 47, 0, 201, 174, 43, 171, 79, 12, 193, 67, 93, 36, 114, 37, 169, 196, 79, 214, 251, 43, 121, 124, 168, 42], [50, 117, 6, 128, 123, 197, 102, 71, 221, 167, 9, 39, 114, 156, 157, 101, 245, 177, 88, 106, 151, 99, 50, 123, 162, 137, 169, 44, 109, 239, 0, 13], [206, 235, 7, 49, 76, 119, 85, 62, 36, 146, 76, 10, 19, 242, 219, 187, 29, 89, 176, 56, 164, 167, 47, 178, 143, 228, 111, 39, 216, 130, 63, 49], [91, 74, 12, 244, 53, 19, 133, 184, 188, 144, 124, 112, 249, 174, 60, 4, 27, 209, 52, 113, 75, 50, 84, 186, 46, 94, 76, 16, 218, 13, 124, 203], [72, 160, 24, 11, 65, 83, 28, 42, 109, 216, 52, 141, 74, 102, 165, 197, 152, 236, 159, 127, 133, 248, 1, 47, 227, 105, 244, 8, 168, 34, 77, 175], [1, 158, 126, 9, 123, 84, 125, 101, 136, 43, 136, 161, 179, 100, 167, 146, 68, 60, 0, 102, 38, 8, 126, 139, 40, 78, 27, 6, 189, 140, 96, 168], [171, 218, 192, 224, 199, 140, 219, 161, 192, 19, 62, 124, 180, 149, 222, 160, 254, 173, 214, 155, 74, 212, 109, 59, 20, 12, 52, 28, 38, 36, 246, 89], [99, 5, 123, 223, 242, 59, 153, 47, 86, 194, 80, 91, 201, 186, 81, 34, 21, 115, 158, 116, 252, 103, 139, 176, 36, 46, 4, 30, 138, 112, 28, 48], [107, 177, 95, 91, 197, 61, 150, 198, 208, 86, 67, 27, 169, 194, 162, 224, 183, 151, 121, 28, 223, 203, 195, 165, 94, 66, 48, 20, 92, 246, 117, 155], [155, 67, 187, 148, 26, 72, 25, 127, 180, 74, 12, 115, 243, 13, 16, 233, 147, 134, 96, 95, 228, 251, 196, 124, 13, 45, 229, 13, 96, 90, 81, 62], [56, 2, 21, 91, 21, 96, 211, 179, 120, 179, 222, 18, 127, 225, 235, 154, 94, 45, 225, 96, 193, 17, 122, 140, 117, 214, 200, 2, 127, 118, 183, 70], [98, 4, 119, 32, 55, 112, 71, 125, 88, 64, 169, 104, 201, 196, 151, 15, 82, 129, 41, 5, 229, 199, 254, 101, 236, 163, 165, 49, 231, 162, 43, 154], [222, 137, 11, 225, 119, 106, 158, 180, 24, 183, 162, 132, 222, 118, 149, 230, 87, 24, 111, 87, 104, 142, 183, 84, 253, 119, 155, 45, 187, 147, 39, 203], [166, 49, 169, 155, 232, 253, 26, 163, 15, 8, 1, 106, 155, 173, 174, 225, 251, 29, 244, 79, 107, 155, 214, 77, 10, 138, 51, 45, 147, 232, 149, 37], [128, 202, 239, 242, 87, 226, 183, 205, 125, 54, 82, 4, 102, 47, 77, 188, 240, 221, 25, 121, 61, 22, 242, 147, 55, 226, 170, 27, 79, 19, 90, 48], [186, 147, 173, 163, 15, 164, 200, 150, 156, 22, 52, 179, 59, 101, 88, 11, 148, 85, 169, 21, 31, 152, 62, 134, 117, 117, 252, 19, 180, 20, 231, 178], [150, 193, 48, 73, 53, 232, 185, 154, 19, 52, 47, 147, 247, 40, 52, 197, 197, 103, 54, 63, 236, 137, 63, 77, 59, 108, 185, 20, 95, 104, 176, 195], [119, 213, 54, 228, 120, 21, 99, 159, 170, 88, 137, 58, 157, 154, 5, 46, 229, 43, 131, 228, 151, 65, 177, 248, 103, 61, 107, 46, 109, 72, 235, 102], [196, 93, 16, 104, 191, 74, 117, 85, 44, 224, 229, 120, 56, 88, 204, 70, 122, 192, 21, 72, 131, 172, 98, 122, 241, 59, 213, 19, 242, 251, 133, 232], [191, 45, 214, 196, 22, 92, 145, 91, 115, 34, 6, 131, 124, 231, 42, 122, 225, 140, 61, 75, 13, 243, 218, 117, 141, 180, 77, 27, 218, 180, 145, 113], [82, 46, 16, 212, 205, 127, 252, 18, 101, 138, 155, 30, 37, 0, 181, 58, 60, 133, 58, 112, 166, 243, 206, 102, 129, 18, 143, 28, 223, 196, 32, 179], [105, 42, 196, 115, 196, 126, 218, 8, 168, 207, 110, 151, 151, 161, 191, 28, 157, 117, 215, 155, 242, 131, 158, 199, 22, 83, 79, 7, 140, 160, 148, 167], [170, 171, 121, 186, 33, 81, 153, 35, 17, 28, 99, 208, 180, 194, 217, 70, 3, 201, 154, 52, 69, 116, 88, 193, 90, 94, 164, 42, 99, 203, 111, 227], [107, 61, 96, 37, 43, 112, 217, 220, 100, 136, 72, 97, 77, 28, 85, 200, 86, 145, 120, 246, 135, 169, 199, 245, 233, 94, 172, 26, 187, 92, 232, 48], [108, 224, 166, 129, 107, 121, 216, 68, 128, 78, 30, 199, 168, 149, 167, 58, 179, 124, 181, 131, 228, 43, 217, 31, 24, 240, 191, 5, 118, 221, 177, 67], [61, 20, 50, 225, 232, 164, 102, 59, 11, 199, 135, 241, 69, 142, 188, 92, 223, 155, 233, 215, 215, 96, 76, 154, 167, 127, 96, 38, 154, 222, 170, 7], [39, 84, 40, 62, 56, 71, 36, 207, 118, 80, 222, 115, 102, 77, 119, 28, 33, 142, 83, 126, 39, 126, 24, 246, 149, 55, 212, 23, 151, 44, 59, 179], [212, 102, 49, 111, 155, 164, 14, 46, 186, 89, 158, 22, 30, 170, 242, 55, 11, 41, 159, 195, 86, 111, 3, 124, 211, 201, 199, 21, 173, 30, 210, 208], [239, 55, 248, 253, 84, 131, 77, 153, 26, 26, 163, 35, 247, 10, 10, 101, 149, 183, 252, 57, 2, 34, 25, 235, 220, 22, 144, 24, 235, 3, 89, 212], [237, 14, 166, 37, 10, 105, 241, 202, 48, 205, 36, 90, 179, 179, 74, 216, 149, 20, 87, 5, 13, 104, 212, 152, 113, 5, 163, 6, 225, 252, 135, 101], [16, 35, 198, 227, 193, 104, 32, 111, 108, 145, 100, 97, 98, 233, 36, 9, 74, 183, 180, 7, 67, 7, 236, 224, 204, 221, 235, 23, 159, 14, 140, 224], [157, 155, 10, 242, 246, 107, 239, 147, 89, 123, 3, 116, 244, 127, 198, 174, 93, 34, 31, 121, 103, 136, 67, 219, 121, 33, 144, 18, 102, 0, 245, 114], [6, 105, 90, 88, 203, 97, 81, 249, 36, 217, 28, 54, 251, 110, 92, 120, 108, 142, 155, 176, 230, 152, 69, 0, 166, 112, 120, 24, 146, 245, 204, 231], [160, 92, 193, 20, 139, 152, 107, 236, 77, 27, 59, 149, 151, 29, 27, 180, 123, 77, 255, 179, 42, 22, 102, 49, 194, 183, 69, 25, 237, 242, 106, 139], [240, 146, 143, 236, 170, 62, 100, 5, 2, 129, 219, 195, 221, 51, 215, 79, 92, 176, 19, 64, 211, 29, 205, 160, 231, 67, 13, 10, 105, 48, 144, 49], [23, 41, 65, 168, 199, 166, 27, 134, 113, 195, 11, 151, 206, 68, 218, 232, 222, 75, 198, 192, 124, 65, 97, 31, 121, 56, 144, 28, 90, 10, 18, 77], [38, 249, 144, 79, 226, 139, 13, 99, 143, 233, 165, 211, 127, 36, 170, 49, 90, 149, 60, 120, 86, 130, 100, 64, 139, 10, 87, 38, 252, 137, 179, 244], [161, 70, 56, 66, 64, 65, 109, 36, 207, 130, 179, 210, 117, 221, 81, 112, 114, 99, 192, 12, 177, 58, 254, 104, 80, 166, 165, 23, 128, 133, 72, 94], [13, 176, 192, 229, 148, 202, 71, 7, 164, 149, 109, 222, 39, 122, 135, 230, 227, 65, 60, 58, 202, 162, 199, 22, 247, 40, 76, 24, 35, 150, 200, 170], [236, 130, 119, 147, 230, 52, 155, 168, 253, 162, 70, 55, 32, 213, 165, 168, 29, 220, 94, 69, 209, 50, 27, 13, 23, 18, 82, 4, 199, 119, 52, 122], [9, 220, 95, 86, 248, 255, 41, 97, 237, 212, 19, 185, 53, 222, 249, 154, 210, 3, 20, 126, 95, 253, 105, 202, 123, 37, 24, 24, 62, 236, 242, 226], [115, 76, 253, 229, 254, 106, 99, 47, 36, 166, 124, 22, 29, 11, 1, 175, 47, 0, 137, 196, 126, 84, 86, 28, 117, 40, 60, 31, 16, 150, 75, 152], [74, 128, 64, 87, 222, 81, 152, 251, 155, 238, 34, 83, 143, 106, 99, 104, 221, 235, 124, 20, 234, 69, 84, 146, 237, 164, 230, 11, 240, 184, 169, 39], [22, 55, 11, 128, 31, 210, 82, 101, 5, 136, 84, 99, 176, 5, 3, 227, 158, 55, 135, 215, 137, 132, 190, 240, 144, 94, 80, 31, 55, 103, 49, 64], [204, 11, 224, 228, 174, 120, 217, 108, 245, 123, 94, 68, 206, 237, 29, 25, 217, 89, 211, 163, 63, 90, 221, 78, 133, 169, 125, 36, 252, 70, 200, 162], [219, 239, 161, 245, 210, 37, 68, 162, 252, 176, 108, 241, 239, 46, 237, 122, 126, 198, 187, 245, 70, 29, 189, 218, 164, 20, 111, 4, 226, 122, 3, 138], [219, 254, 40, 8, 215, 189, 57, 12, 130, 11, 123, 11, 172, 83, 190, 169, 202, 255, 81, 80, 207, 189, 106, 69, 12, 146, 168, 30, 172, 80, 114, 139], [126, 53, 57, 229, 33, 85, 68, 212, 82, 52, 155, 149, 56, 59, 110, 105, 82, 147, 131, 226, 59, 90, 60, 106, 139, 225, 162, 35, 101, 130, 121, 78], [59, 141, 247, 51, 182, 12, 56, 92, 15, 95, 6, 140, 177, 4, 195, 215, 235, 69, 254, 103, 90, 226, 198, 155, 102, 188, 187, 17, 34, 243, 56, 187], [9, 102, 178, 207, 131, 211, 138, 73, 148, 222, 59, 219, 40, 79, 168, 118, 144, 62, 18, 176, 41, 3, 100, 81, 164, 199, 20, 14, 49, 32, 148, 120], [144, 165, 48, 206, 118, 237, 151, 37, 53, 222, 163, 26, 59, 130, 234, 81, 99, 38, 252, 17, 175, 194, 202, 146, 238, 81, 86, 29, 91, 39, 242, 9], [149, 236, 125, 38, 146, 112, 218, 93, 164, 70, 235, 8, 216, 244, 136, 73, 200, 10, 127, 67, 185, 234, 56, 153, 194, 150, 217, 2, 22, 221, 232, 95], [134, 230, 239, 109, 22, 221, 217, 66, 92, 140, 221, 124, 34, 214, 150, 47, 83, 31, 84, 166, 122, 221, 102, 78, 132, 252, 13, 19, 113, 93, 244, 2], [200, 38, 25, 172, 136, 100, 85, 177, 249, 42, 168, 15, 245, 144, 49, 78, 64, 114, 199, 8, 131, 161, 112, 53, 162, 85, 189, 19, 175, 38, 236, 55], [204, 185, 232, 107, 204, 184, 105, 50, 245, 173, 230, 3, 11, 153, 189, 161, 6, 27, 78, 150, 165, 41, 238, 1, 193, 156, 168, 32, 188, 150, 101, 88], [191, 239, 153, 7, 237, 230, 175, 40, 249, 195, 77, 137, 2, 186, 100, 109, 10, 69, 189, 59, 161, 39, 101, 45, 129, 106, 218, 42, 152, 214, 144, 160], [74, 210, 55, 208, 192, 17, 8, 54, 156, 188, 154, 147, 82, 191, 195, 223, 175, 42, 2, 34, 132, 118, 67, 223, 177, 177, 187, 15, 102, 33, 140, 202], [55, 87, 187, 89, 197, 54, 243, 157, 224, 76, 69, 140, 110, 35, 44, 173, 232, 3, 171, 41, 48, 81, 117, 252, 25, 240, 236, 5, 214, 153, 122, 229], [32, 201, 56, 168, 215, 148, 79, 83, 37, 1, 208, 27, 227, 233, 118, 233, 54, 129, 15, 221, 19, 192, 40, 243, 187, 62, 223, 32, 109, 167, 70, 14], [98, 161, 127, 230, 148, 217, 38, 17, 63, 144, 191, 189, 188, 75, 153, 100, 27, 58, 1, 240, 58, 237, 191, 141, 148, 49, 198, 47, 113, 99, 2, 243], [245, 194, 231, 147, 181, 53, 34, 21, 108, 105, 177, 123, 122, 110, 10, 152, 127, 196, 64, 219, 21, 224, 8, 238, 182, 15, 133, 15, 51, 29, 3, 212], [41, 82, 104, 175, 67, 220, 0, 112, 67, 135, 201, 225, 14, 37, 95, 108, 7, 54, 5, 194, 150, 113, 30, 41, 135, 2, 76, 40, 0, 250, 183, 235], [193, 42, 31, 249, 70, 40, 246, 132, 115, 92, 23, 70, 248, 177, 161, 169, 13, 146, 94, 238, 121, 144, 210, 211, 110, 101, 194, 38, 165, 191, 245, 116], [135, 40, 209, 102, 96, 233, 218, 156, 194, 9, 64, 168, 180, 240, 228, 64, 208, 137, 226, 59, 208, 142, 192, 223, 198, 88, 100, 51, 71, 3, 197, 236], [84, 97, 1, 67, 70, 162, 123, 227, 29, 14, 106, 81, 101, 166, 223, 215, 168, 179, 241, 201, 175, 15, 95, 13, 4, 233, 161, 9, 27, 160, 203, 70], [10, 230, 205, 83, 244, 110, 129, 140, 245, 64, 25, 55, 248, 232, 156, 222, 89, 77, 98, 159, 240, 100, 13, 116, 253, 177, 214, 9, 232, 196, 185, 47], [97, 117, 146, 244, 186, 252, 73, 226, 172, 120, 184, 206, 177, 142, 130, 167, 188, 110, 82, 254, 155, 199, 247, 211, 96, 142, 56, 36, 139, 69, 155, 10], [202, 5, 226, 25, 152, 120, 111, 222, 3, 171, 114, 158, 154, 181, 150, 40, 119, 131, 174, 107, 3, 67, 134, 45, 252, 163, 238, 6, 95, 56, 195, 168], [181, 22, 142, 71, 210, 205, 39, 134, 228, 241, 200, 200, 171, 201, 254, 217, 249, 214, 253, 185, 141, 216, 57, 13, 18, 192, 43, 12, 187, 65, 172, 115], [235, 94, 2, 172, 220, 117, 159, 237, 159, 5, 157, 45, 203, 77, 33, 75, 226, 106, 26, 51, 156, 126, 238, 138, 58, 6, 211, 44, 18, 224, 24, 179], [37, 30, 99, 106, 166, 45, 179, 138, 56, 119, 255, 161, 180, 163, 121, 42, 214, 245, 199, 50, 198, 162, 250, 235, 175, 229, 91, 23, 2, 48, 111, 122], [188, 25, 121, 174, 143, 200, 245, 98, 29, 187, 114, 72, 206, 191, 166, 61, 137, 160, 100, 58, 107, 82, 74, 150, 173, 139, 110, 37, 53, 29, 100, 37], [241, 109, 189, 209, 230, 156, 190, 221, 88, 243, 129, 245, 168, 180, 7, 87, 224, 79, 136, 133, 99, 253, 54, 245, 194, 104, 8, 25, 76, 221, 64, 138], [133, 134, 68, 78, 100, 118, 254, 246, 104, 59, 146, 45, 124, 159, 167, 211, 175, 179, 123, 202, 26, 182, 73, 203, 228, 156, 195, 9, 152, 44, 210, 250], [158, 51, 141, 90, 126, 178, 88, 100, 100, 16, 250, 34, 200, 36, 199, 59, 32, 152, 126, 53, 6, 247, 182, 131, 8, 175, 98, 13, 116, 144, 9, 241], [135, 42, 65, 71, 50, 106, 38, 36, 210, 167, 169, 198, 95, 12, 243, 246, 85, 184, 36, 115, 162, 59, 204, 232, 117, 151, 79, 20, 175, 208, 170, 221], [119, 88, 147, 225, 14, 24, 25, 4, 45, 90, 135, 116, 149, 51, 186, 69, 150, 173, 209, 130, 35, 169, 122, 93, 106, 159, 1, 35, 91, 117, 233, 78], [234, 82, 168, 95, 78, 239, 1, 231, 84, 191, 32, 129, 79, 177, 51, 16, 24, 94, 106, 94, 180, 196, 61, 137, 146, 155, 195, 15, 152, 172, 4, 113], [218, 64, 205, 76, 174, 34, 127, 24, 209, 69, 71, 125, 19, 225, 10, 0, 7, 146, 102, 143, 254, 144, 84, 105, 113, 146, 231, 40, 64, 87, 101, 183], [202, 217, 43, 102, 99, 165, 206, 152, 254, 33, 158, 133, 19, 64, 16, 13, 128, 52, 112, 26, 222, 122, 246, 59, 71, 94, 224, 39, 175, 80, 120, 103], [60, 75, 83, 239, 222, 167, 242, 79, 192, 36, 58, 26, 74, 119, 118, 129, 175, 179, 233, 40, 43, 15, 221, 119, 1, 188, 124, 7, 147, 131, 19, 95], [19, 82, 76, 197, 166, 174, 13, 125, 170, 82, 87, 43, 59, 248, 18, 178, 112, 40, 254, 96, 100, 231, 143, 136, 146, 229, 205, 43, 164, 117, 133, 234], [206, 221, 144, 206, 221, 222, 212, 84, 215, 129, 232, 223, 239, 15, 6, 237, 241, 240, 216, 210, 112, 61, 130, 107, 193, 9, 58, 34, 202, 134, 21, 38], [110, 208, 193, 200, 196, 239, 243, 153, 146, 97, 173, 187, 98, 52, 247, 83, 183, 196, 46, 163, 176, 97, 192, 120, 35, 251, 236, 39, 163, 135, 247, 237], [71, 174, 143, 109, 175, 235, 156, 19, 186, 232, 152, 183, 109, 72, 123, 148, 196, 84, 119, 229, 184, 98, 175, 117, 177, 68, 42, 14, 212, 80, 105, 174], [152, 68, 154, 191, 14, 8, 165, 104, 132, 2, 237, 129, 240, 221, 38, 230, 198, 32, 39, 39, 240, 229, 100, 140, 58, 80, 138, 11, 75, 32, 144, 130], [30, 245, 49, 58, 117, 85, 25, 168, 3, 19, 244, 156, 31, 247, 111, 99, 187, 159, 166, 239, 121, 233, 176, 96, 211, 139, 22, 47, 202, 120, 231, 22], [213, 193, 33, 118, 255, 107, 165, 198, 177, 110, 185, 22, 144, 56, 15, 169, 130, 243, 55, 26, 12, 215, 212, 14, 150, 141, 33, 2, 252, 220, 236, 85], [248, 150, 238, 1, 24, 117, 88, 192, 141, 87, 141, 250, 61, 97, 17, 30, 251, 165, 169, 200, 175, 182, 128, 128, 159, 194, 77, 1, 33, 185, 124, 179], [32, 184, 163, 243, 30, 0, 154, 162, 19, 179, 150, 126, 16, 239, 48, 167, 77, 25, 58, 124, 67, 24, 180, 126, 39, 154, 235, 32, 17, 133, 209, 127], [80, 154, 153, 42, 213, 230, 98, 72, 132, 45, 70, 181, 207, 214, 221, 5, 45, 250, 164, 231, 242, 118, 96, 139, 199, 190, 229, 8, 187, 87, 98, 128], [201, 218, 39, 247, 6, 157, 2, 156, 126, 99, 36, 158, 242, 78, 105, 100, 81, 232, 11, 104, 85, 138, 20, 71, 43, 96, 88, 15, 54, 120, 171, 88], [198, 241, 134, 17, 184, 227, 14, 32, 13, 61, 59, 226, 141, 129, 163, 123, 137, 75, 171, 208, 54, 41, 209, 85, 171, 143, 126, 39, 20, 157, 57, 3], [3, 69, 1, 180, 39, 240, 15, 62, 0, 19, 170, 42, 203, 64, 138, 181, 73, 26, 218, 219, 66, 166, 210, 82, 124, 11, 111, 22, 252, 17, 6, 249], [196, 132, 154, 188, 203, 87, 217, 225, 69, 122, 217, 12, 162, 38, 122, 187, 84, 93, 91, 0, 248, 96, 125, 28, 188, 102, 36, 14, 205, 210, 8, 250], [155, 80, 172, 172, 151, 163, 118, 104, 55, 185, 176, 196, 151, 39, 98, 32, 176, 111, 136, 4, 102, 187, 53, 98, 155, 69, 202, 8, 75, 235, 118, 223], [81, 7, 134, 127, 193, 114, 152, 134, 75, 240, 167, 138, 187, 49, 7, 198, 97, 232, 244, 183, 49, 63, 180, 196, 182, 231, 63, 34, 28, 100, 8, 240], [99, 199, 244, 34, 96, 177, 25, 251, 46, 253, 193, 247, 200, 71, 179, 13, 41, 125, 136, 219, 176, 66, 208, 92, 43, 209, 147, 1, 13, 155, 152, 193], [131, 212, 177, 228, 40, 197, 99, 3, 26, 57, 81, 106, 15, 213, 202, 42, 235, 194, 253, 246, 199, 153, 150, 246, 158, 125, 158, 33, 230, 241, 202, 95], [160, 197, 142, 55, 178, 249, 123, 158, 0, 174, 183, 239, 219, 36, 144, 40, 3, 173, 128, 36, 32, 212, 103, 50, 112, 121, 218, 47, 58, 98, 228, 22], [147, 183, 110, 87, 100, 5, 14, 101, 119, 49, 48, 45, 78, 131, 182, 86, 203, 130, 82, 193, 97, 6, 155, 234, 211, 208, 197, 14, 18, 70, 176, 109], [126, 88, 183, 110, 20, 100, 63, 170, 48, 124, 199, 180, 64, 124, 198, 35, 3, 171, 17, 88, 211, 189, 243, 25, 82, 171, 75, 35, 4, 40, 254, 118], [130, 255, 38, 21, 109, 206, 236, 60, 94, 188, 205, 149, 169, 138, 61, 209, 141, 105, 89, 123, 216, 202, 212, 204, 41, 11, 16, 26, 30, 206, 225, 123], [110, 93, 100, 166, 142, 246, 93, 211, 190, 82, 10, 22, 122, 26, 125, 132, 20, 29, 131, 117, 150, 185, 176, 105, 2, 221, 239, 48, 67, 213, 126, 97], [148, 140, 249, 38, 32, 252, 132, 43, 51, 174, 179, 1, 180, 205, 67, 176, 40, 220, 246, 60, 81, 213, 92, 20, 73, 67, 84, 22, 186, 2, 7, 13], [69, 79, 22, 217, 229, 38, 241, 20, 180, 34, 191, 134, 75, 185, 252, 99, 224, 81, 144, 154, 163, 225, 61, 31, 47, 230, 184, 27, 197, 243, 230, 39], [100, 64, 52, 171, 18, 209, 29, 252, 240, 39, 3, 199, 202, 132, 157, 241, 105, 250, 86, 99, 217, 212, 10, 83, 20, 50, 34, 39, 228, 118, 164, 147], [109, 110, 175, 79, 97, 96, 129, 212, 107, 154, 172, 231, 65, 46, 199, 7, 180, 129, 176, 198, 65, 86, 52, 84, 169, 103, 201, 11, 130, 9, 150, 176], [178, 75, 236, 144, 122, 249, 83, 108, 160, 66, 126, 208, 146, 211, 227, 143, 76, 75, 249, 84, 80, 203, 38, 142, 94, 28, 66, 9, 80, 58, 80, 230], [21, 43, 120, 131, 202, 59, 214, 10, 135, 228, 76, 152, 208, 37, 75, 90, 254, 197, 165, 32, 111, 60, 137, 158, 236, 71, 78, 17, 163, 226, 78, 186], [179, 5, 39, 214, 81, 84, 178, 220, 6, 119, 230, 59, 89, 140, 131, 4, 238, 102, 251, 215, 241, 60, 82, 178, 91, 222, 10, 18, 179, 4, 133, 40], [198, 16, 24, 44, 189, 59, 206, 204, 30, 168, 175, 149, 183, 69, 184, 94, 71, 47, 120, 84, 56, 190, 185, 206, 116, 146, 214, 7, 164, 26, 46, 30], [99, 134, 249, 101, 59, 118, 191, 139, 138, 243, 154, 91, 4, 204, 253, 124, 200, 222, 84, 224, 55, 99, 223, 46, 23, 112, 89, 30, 216, 216, 16, 212], [63, 10, 21, 229, 136, 187, 110, 122, 4, 42, 175, 98, 91, 92, 95, 101, 250, 87, 242, 173, 45, 10, 111, 156, 199, 82, 251, 7, 112, 187, 11, 144], [210, 53, 194, 88, 13, 125, 191, 12, 254, 4, 22, 182, 4, 130, 42, 138, 35, 216, 230, 157, 203, 253, 3, 235, 155, 120, 191, 15, 142, 45, 70, 4], [237, 213, 187, 173, 142, 171, 6, 3, 99, 43, 112, 180, 156, 158, 131, 31, 176, 42, 15, 30, 155, 99, 183, 113, 152, 137, 191, 16, 215, 65, 113, 72], [68, 86, 94, 227, 127, 77, 178, 91, 147, 101, 107, 225, 88, 214, 86, 247, 146, 109, 105, 26, 94, 162, 45, 246, 214, 213, 164, 32, 232, 25, 100, 45], [241, 203, 127, 64, 31, 136, 137, 164, 149, 195, 180, 215, 146, 145, 214, 208, 15, 140, 240, 32, 206, 115, 80, 124, 194, 155, 82, 46, 196, 146, 222, 54], [193, 163, 146, 210, 177, 116, 36, 208, 229, 125, 229, 200, 96, 237, 127, 163, 20, 0, 213, 191, 241, 75, 41, 97, 236, 164, 18, 38, 247, 211, 182, 32], [17, 132, 112, 7, 143, 240, 55, 77, 5, 240, 7, 201, 22, 75, 96, 149, 22, 4, 58, 126, 86, 187, 203, 170, 30, 85, 134, 55, 131, 106, 158, 161], [85, 232, 141, 105, 219, 85, 77, 152, 171, 236, 155, 206, 252, 106, 1, 222, 161, 69, 123, 248, 55, 84, 8, 128, 134, 169, 81, 10, 170, 37, 242, 241], [1, 84, 18, 150, 165, 245, 193, 37, 25, 105, 215, 197, 17, 7, 217, 130, 62, 201, 68, 240, 172, 86, 7, 108, 94, 250, 2, 21, 119, 59, 137, 243], [99, 118, 219, 71, 24, 15, 216, 95, 122, 147, 227, 86, 229, 76, 43, 158, 199, 119, 166, 210, 50, 205, 143, 125, 148, 33, 9, 28, 186, 144, 226, 249], [150, 231, 16, 7, 126, 214, 171, 1, 157, 185, 120, 46, 168, 26, 70, 108, 89, 79, 137, 136, 242, 13, 102, 161, 32, 214, 147, 51, 208, 193, 243, 228], [178, 21, 69, 244, 116, 187, 153, 8, 23, 215, 157, 64, 120, 11, 86, 227, 238, 205, 169, 229, 246, 210, 161, 99, 222, 44, 91, 20, 213, 83, 240, 21], [180, 209, 178, 237, 59, 241, 75, 162, 204, 65, 78, 155, 32, 128, 44, 117, 57, 7, 52, 126, 169, 126, 234, 44, 236, 72, 58, 17, 182, 120, 111, 210], [235, 112, 44, 25, 76, 43, 242, 195, 177, 123, 199, 252, 12, 5, 127, 36, 134, 198, 113, 210, 62, 143, 214, 121, 25, 158, 95, 47, 178, 216, 99, 226], [79, 16, 111, 32, 129, 152, 163, 99, 55, 138, 230, 51, 232, 244, 178, 170, 61, 231, 200, 156, 149, 29, 192, 48, 90, 239, 104, 39, 145, 132, 13, 6], [43, 27, 244, 34, 65, 159, 127, 164, 223, 238, 185, 154, 80, 83, 2, 93, 48, 127, 222, 229, 234, 16, 91, 103, 89, 176, 4, 1, 204, 78, 40, 199], [39, 215, 252, 124, 133, 85, 47, 149, 53, 59, 41, 87, 162, 107, 214, 42, 156, 129, 43, 194, 64, 85, 184, 25, 181, 186, 229, 0, 9, 160, 101, 32], [30, 188, 158, 179, 208, 6, 118, 128, 217, 9, 211, 237, 35, 68, 141, 252, 221, 225, 125, 204, 48, 74, 98, 120, 6, 203, 173, 44, 162, 194, 212, 146], [120, 146, 196, 72, 248, 63, 77, 153, 181, 217, 49, 150, 66, 228, 154, 46, 136, 235, 122, 1, 31, 232, 216, 52, 26, 180, 156, 32, 62, 93, 23, 184], [248, 207, 129, 136, 188, 195, 251, 231, 183, 96, 174, 169, 57, 20, 244, 132, 216, 99, 210, 235, 248, 85, 207, 104, 108, 131, 182, 3, 108, 149, 203, 32], [106, 98, 244, 239, 48, 2, 174, 13, 42, 226, 38, 178, 33, 114, 152, 134, 50, 233, 103, 142, 130, 64, 147, 6, 172, 155, 253, 14, 38, 130, 217, 139], [6, 143, 116, 61, 76, 151, 240, 175, 192, 174, 209, 241, 87, 147, 230, 90, 63, 74, 79, 163, 39, 111, 244, 153, 72, 96, 43, 20, 228, 34, 127, 28], [191, 31, 181, 152, 177, 220, 179, 43, 166, 252, 82, 217, 254, 239, 58, 144, 239, 165, 147, 241, 154, 142, 121, 70, 61, 115, 79, 41, 33, 123, 163, 76], [16, 253, 171, 254, 64, 51, 129, 184, 208, 187, 175, 165, 5, 197, 154, 38, 119, 251, 0, 21, 2, 49, 61, 71, 42, 238, 56, 28, 97, 120, 72, 118], [252, 189, 195, 246, 112, 75, 171, 39, 116, 204, 106, 66, 233, 202, 180, 212, 78, 99, 83, 112, 45, 173, 189, 98, 6, 146, 249, 16, 203, 48, 97, 107], [143, 79, 149, 155, 111, 68, 161, 243, 254, 64, 252, 119, 161, 54, 191, 226, 178, 7, 216, 231, 148, 228, 143, 134, 0, 186, 20, 23, 228, 171, 217, 6], [56, 246, 46, 46, 165, 20, 216, 27, 123, 61, 189, 124, 200, 55, 95, 240, 107, 16, 82, 252, 105, 208, 122, 186, 139, 228, 66, 25, 124, 204, 27, 109], [135, 60, 139, 160, 29, 134, 208, 116, 146, 41, 133, 31, 188, 33, 194, 158, 3, 62, 120, 208, 148, 187, 161, 90, 114, 148, 79, 25, 128, 90, 69, 206], [239, 216, 242, 186, 176, 175, 37, 18, 128, 8, 114, 213, 173, 105, 76, 11, 228, 213, 199, 133, 101, 243, 65, 82, 228, 35, 40, 29, 80, 174, 74, 31], [118, 98, 88, 136, 183, 214, 59, 191, 30, 251, 170, 139, 14, 161, 136, 172, 181, 109, 0, 207, 249, 114, 190, 57, 223, 93, 10, 30, 0, 76, 94, 3], [33, 168, 131, 151, 49, 116, 20, 248, 203, 236, 188, 208, 11, 54, 176, 246, 137, 137, 50, 115, 190, 81, 45, 247, 200, 93, 46, 25, 247, 78, 50, 185], [160, 41, 200, 179, 213, 243, 53, 169, 114, 111, 214, 11, 79, 183, 248, 212, 0, 216, 79, 233, 47, 45, 115, 167, 147, 240, 89, 18, 191, 219, 250, 188], [164, 133, 241, 89, 142, 148, 68, 157, 227, 115, 142, 163, 184, 185, 2, 13, 248, 171, 138, 48, 104, 72, 233, 248, 75, 117, 147, 21, 151, 189, 17, 70], [108, 41, 52, 230, 239, 232, 209, 201, 132, 24, 190, 209, 87, 219, 71, 224, 244, 89, 250, 156, 70, 255, 248, 80, 210, 198, 14, 20, 70, 16, 33, 78], [202, 139, 112, 177, 248, 210, 11, 90, 29, 47, 245, 176, 91, 71, 175, 143, 235, 91, 184, 115, 226, 123, 21, 136, 153, 231, 27, 50, 176, 63, 107, 146], [170, 98, 236, 85, 157, 225, 159, 158, 12, 82, 195, 197, 5, 125, 57, 161, 193, 235, 85, 27, 227, 160, 56, 144, 160, 135, 85, 28, 147, 86, 56, 128], [108, 194, 254, 141, 200, 47, 130, 160, 62, 127, 240, 52, 226, 45, 5, 67, 10, 226, 146, 116, 231, 32, 46, 246, 163, 119, 58, 4, 125, 120, 60, 12], [46, 202, 127, 193, 157, 241, 159, 44, 202, 6, 254, 131, 91, 23, 67, 36, 101, 194, 129, 99, 75, 170, 201, 221, 158, 163, 31, 18, 198, 248, 102, 139], [178, 100, 190, 84, 199, 152, 165, 95, 1, 121, 230, 73, 0, 106, 19, 57, 242, 225, 220, 198, 19, 91, 166, 239, 196, 104, 210, 38, 202, 132, 64, 204], [232, 193, 160, 122, 239, 216, 209, 59, 199, 99, 131, 19, 2, 65, 62, 93, 81, 131, 206, 84, 222, 245, 103, 3, 212, 170, 68, 30, 151, 196, 126, 134], [94, 13, 13, 78, 116, 75, 112, 81, 120, 186, 138, 225, 147, 100, 87, 66, 209, 212, 119, 149, 96, 91, 247, 216, 3, 78, 208, 14, 251, 35, 110, 134], [78, 73, 252, 56, 104, 123, 45, 38, 110, 246, 29, 197, 13, 168, 206, 120, 180, 166, 112, 109, 163, 83, 15, 153, 56, 69, 107, 12, 90, 12, 56, 201], [180, 138, 104, 234, 132, 49, 225, 205, 161, 176, 25, 167, 194, 140, 127, 78, 153, 155, 5, 239, 139, 105, 241, 141, 146, 78, 213, 29, 76, 217, 14, 82], [200, 66, 36, 3, 37, 79, 68, 66, 35, 116, 99, 210, 79, 176, 178, 8, 2, 159, 223, 74, 134, 76, 34, 72, 58, 9, 249, 35, 159, 213, 217, 171], [169, 64, 33, 116, 44, 45, 204, 117, 250, 99, 186, 204, 150, 254, 62, 67, 181, 122, 165, 253, 178, 23, 21, 113, 61, 191, 35, 6, 235, 249, 126, 90], [109, 39, 224, 33, 174, 204, 219, 229, 174, 75, 193, 222, 87, 137, 237, 173, 161, 107, 65, 138, 15, 61, 130, 14, 22, 30, 123, 8, 52, 30, 204, 101], [112, 73, 64, 140, 95, 192, 151, 52, 10, 80, 214, 207, 193, 229, 227, 84, 130, 97, 91, 37, 226, 36, 6, 238, 12, 192, 234, 26, 92, 3, 254, 125], [169, 100, 64, 26, 223, 253, 149, 130, 226, 30, 192, 184, 5, 207, 147, 211, 20, 218, 14, 46, 26, 99, 175, 210, 92, 48, 233, 39, 236, 250, 181, 18], [248, 221, 254, 251, 21, 64, 80, 89, 112, 58, 49, 151, 48, 58, 71, 202, 183, 162, 163, 31, 150, 162, 133, 78, 81, 248, 68, 1, 167, 81, 138, 92], [67, 246, 247, 155, 133, 119, 24, 90, 22, 242, 178, 225, 36, 205, 44, 74, 171, 147, 247, 112, 178, 0, 233, 106, 173, 125, 227, 26, 140, 142, 32, 139], [110, 104, 169, 174, 14, 136, 201, 76, 160, 243, 155, 68, 101, 22, 77, 22, 106, 56, 192, 85, 105, 149, 131, 192, 112, 9, 5, 13, 160, 171, 242, 123], [211, 149, 40, 160, 7, 83, 89, 14, 123, 120, 206, 181, 56, 139, 84, 55, 11, 178, 88, 71, 119, 159, 72, 118, 197, 208, 128, 21, 20, 148, 100, 45], [111, 13, 57, 171, 113, 117, 90, 148, 72, 98, 178, 65, 147, 9, 1, 34, 243, 11, 70, 127, 60, 113, 100, 75, 182, 159, 0, 12, 104, 211, 76, 251], [205, 16, 52, 210, 28, 165, 78, 168, 92, 158, 237, 165, 187, 134, 43, 194, 220, 192, 40, 129, 249, 50, 143, 8, 107, 135, 133, 13, 95, 223, 137, 101], [90, 22, 16, 121, 150, 237, 247, 52, 150, 151, 68, 153, 197, 46, 132, 112, 138, 197, 104, 31, 26, 173, 235, 170, 220, 66, 170, 10, 223, 41, 48, 221], [72, 123, 236, 105, 112, 37, 35, 192, 52, 204, 147, 241, 161, 209, 85, 191, 217, 132, 39, 55, 48, 109, 162, 216, 7, 199, 222, 34, 18, 200, 246, 18], [227, 40, 174, 150, 222, 85, 101, 114, 174, 192, 211, 80, 140, 88, 30, 215, 84, 223, 186, 9, 102, 216, 217, 189, 125, 76, 32, 0, 114, 238, 32, 225], [229, 146, 157, 118, 4, 222, 132, 190, 63, 58, 20, 14, 161, 62, 181, 207, 162, 164, 138, 55, 94, 132, 150, 64, 0, 209, 175, 41, 247, 131, 115, 222], [152, 74, 132, 213, 248, 100, 221, 246, 73, 249, 127, 124, 78, 138, 168, 183, 245, 110, 56, 112, 146, 3, 253, 241, 152, 166, 194, 15, 213, 14, 92, 247], [48, 249, 130, 197, 136, 236, 236, 169, 81, 48, 109, 137, 188, 25, 204, 177, 19, 161, 197, 128, 203, 27, 155, 160, 114, 125, 180, 6, 82, 150, 138, 85], [152, 15, 161, 95, 86, 181, 122, 189, 237, 212, 109, 205, 161, 229, 48, 159, 15, 223, 45, 41, 84, 42, 6, 35, 20, 147, 198, 40, 191, 219, 253, 116], [131, 191, 174, 27, 181, 253, 128, 186, 58, 75, 218, 132, 27, 39, 228, 175, 222, 56, 93, 130, 148, 225, 252, 238, 23, 245, 211, 13, 255, 109, 239, 244], [159, 171, 172, 62, 145, 215, 180, 232, 219, 156, 231, 96, 22, 105, 118, 85, 104, 174, 213, 56, 143, 23, 172, 186, 44, 74, 184, 46, 136, 33, 127, 99], [147, 204, 113, 32, 216, 204, 240, 173, 86, 31, 167, 18, 66, 49, 157, 209, 215, 12, 243, 53, 149, 190, 52, 242, 90, 89, 144, 34, 126, 118, 125, 60], [171, 119, 186, 220, 148, 172, 74, 40, 129, 130, 95, 176, 84, 226, 33, 237, 73, 147, 253, 116, 156, 89, 15, 151, 5, 146, 207, 39, 66, 222, 170, 68], [173, 77, 70, 179, 81, 5, 81, 165, 142, 21, 25, 80, 212, 59, 182, 67, 128, 100, 50, 72, 141, 160, 32, 120, 128, 70, 24, 15, 179, 215, 82, 200], [138, 197, 153, 111, 200, 103, 157, 110, 38, 177, 214, 142, 192, 76, 36, 6, 214, 224, 5, 255, 60, 231, 54, 231, 178, 228, 134, 24, 5, 31, 210, 147], [105, 62, 218, 136, 59, 197, 32, 195, 2, 85, 104, 71, 137, 28, 203, 61, 54, 225, 29, 112, 156, 255, 16, 105, 242, 7, 76, 33, 115, 223, 159, 83], [40, 143, 105, 255, 147, 253, 73, 3, 92, 222, 125, 166, 179, 53, 101, 140, 209, 33, 122, 230, 248, 247, 248, 113, 137, 26, 230, 9, 62, 69, 237, 149], [74, 39, 22, 45, 109, 149, 34, 178, 26, 98, 46, 198, 239, 222, 255, 17, 94, 5, 26, 203, 180, 112, 126, 122, 10, 78, 153, 24, 121, 31, 187, 240], [97, 199, 38, 56, 24, 83, 47, 49, 84, 248, 84, 255, 129, 38, 133, 157, 60, 77, 252, 27, 217, 96, 26, 2, 224, 134, 36, 34, 9, 184, 143, 66], [204, 100, 10, 15, 32, 53, 79, 182, 118, 8, 83, 209, 109, 121, 129, 111, 88, 64, 54, 237, 116, 47, 179, 102, 104, 0, 203, 23, 191, 80, 178, 198], [108, 233, 234, 188, 239, 75, 90, 22, 8, 42, 93, 136, 68, 82, 79, 161, 119, 23, 220, 203, 127, 145, 95, 14, 22, 131, 228, 27, 175, 83, 239, 184], [26, 161, 61, 92, 158, 7, 131, 59, 179, 80, 100, 40, 157, 70, 21, 139, 121, 59, 114, 204, 58, 102, 147, 63, 68, 203, 0, 33, 96, 135, 192, 169], [151, 66, 47, 31, 114, 117, 39, 93, 120, 254, 62, 132, 167, 188, 66, 231, 136, 46, 86, 18, 147, 30, 48, 228, 228, 110, 129, 35, 152, 169, 141, 31], [252, 234, 226, 223, 238, 194, 238, 44, 222, 25, 29, 111, 192, 17, 108, 246, 60, 10, 222, 235, 238, 57, 158, 161, 46, 131, 99, 15, 101, 12, 129, 190], [52, 113, 190, 43, 3, 36, 230, 40, 158, 56, 64, 4, 123, 4, 127, 166, 144, 87, 205, 48, 139, 246, 205, 130, 76, 74, 52, 7, 2, 143, 158, 84], [205, 229, 209, 187, 141, 34, 87, 234, 161, 45, 175, 75, 72, 20, 106, 149, 50, 250, 161, 26, 122, 155, 98, 3, 105, 143, 163, 33, 58, 123, 188, 230], [183, 148, 99, 185, 219, 82, 19, 145, 26, 207, 78, 203, 61, 123, 54, 139, 170, 96, 131, 105, 177, 97, 246, 161, 144, 66, 158, 7, 69, 110, 222, 131], [73, 166, 78, 128, 255, 167, 26, 126, 239, 60, 210, 75, 21, 68, 23, 236, 131, 75, 174, 157, 175, 4, 207, 221, 9, 191, 192, 14, 156, 208, 196, 17], [216, 94, 47, 222, 3, 1, 165, 91, 166, 16, 66, 146, 151, 141, 55, 54, 82, 6, 120, 78, 219, 238, 166, 138, 140, 215, 5, 25, 165, 240, 146, 95], [2, 83, 82, 65, 139, 132, 212, 103, 90, 205, 115, 181, 110, 131, 211, 64, 219, 68, 252, 226, 127, 141, 38, 22, 153, 94, 239, 6, 108, 97, 4, 162], [135, 242, 72, 129, 206, 211, 140, 219, 92, 5, 197, 111, 182, 88, 25, 142, 99, 155, 69, 189, 162, 223, 58, 122, 95, 209, 96, 10, 162, 12, 234, 120], [20, 57, 206, 250, 1, 70, 157, 0, 55, 157, 13, 226, 238, 212, 173, 64, 219, 0, 84, 213, 169, 18, 11, 203, 217, 239, 116, 41, 189, 173, 3, 125], [39, 100, 168, 100, 238, 30, 191, 138, 186, 211, 34, 225, 160, 81, 23, 21, 13, 136, 116, 177, 214, 232, 223, 106, 220, 192, 12, 32, 36, 123, 184, 90], [2, 150, 85, 14, 231, 194, 63, 104, 200, 135, 76, 156, 244, 162, 206, 65, 52, 56, 123, 197, 60, 161, 67, 74, 170, 255, 224, 37, 120, 33, 21, 204], [180, 234, 141, 68, 61, 100, 4, 133, 25, 225, 207, 229, 8, 111, 2, 188, 141, 16, 253, 25, 154, 29, 146, 172, 248, 147, 159, 34, 35, 130, 196, 125], [20, 246, 202, 45, 166, 7, 50, 0, 201, 226, 52, 251, 104, 181, 178, 63, 130, 13, 213, 242, 236, 254, 237, 150, 200, 78, 131, 10, 188, 73, 245, 153], [147, 169, 27, 42, 46, 83, 160, 21, 71, 75, 117, 122, 0, 109, 44, 172, 141, 39, 168, 115, 113, 84, 29, 116, 216, 47, 56, 4, 12, 224, 129, 99], [39, 145, 85, 133, 180, 79, 234, 55, 143, 154, 108, 8, 9, 45, 216, 220, 200, 59, 4, 74, 26, 240, 18, 13, 223, 61, 22, 13, 91, 105, 50, 182], [12, 29, 208, 26, 136, 152, 145, 164, 192, 29, 209, 62, 222, 162, 43, 79, 34, 247, 31, 75, 28, 255, 210, 220, 198, 92, 221, 27, 59, 29, 251, 116], [239, 250, 202, 182, 216, 122, 135, 48, 2, 208, 20, 143, 84, 43, 169, 164, 237, 9, 76, 110, 15, 176, 30, 212, 147, 16, 78, 35, 234, 77, 154, 202], [60, 109, 140, 212, 59, 59, 27, 193, 128, 204, 230, 217, 134, 200, 246, 26, 5, 171, 22, 63, 210, 57, 25, 229, 219, 108, 101, 15, 126, 196, 232, 49], [246, 158, 46, 184, 51, 235, 230, 176, 42, 175, 181, 230, 68, 179, 207, 223, 22, 207, 93, 1, 171, 2, 239, 97, 222, 146, 11, 36, 221, 97, 107, 116], [249, 251, 141, 74, 158, 169, 133, 54, 210, 232, 221, 217, 247, 77, 211, 43, 115, 237, 65, 121, 13, 80, 69, 158, 139, 42, 252, 37, 201, 56, 148, 166], [32, 237, 241, 131, 89, 223, 138, 183, 102, 187, 203, 176, 24, 165, 177, 161, 159, 118, 242, 182, 126, 157, 66, 127, 148, 187, 88, 12, 163, 237, 148, 14], [63, 20, 136, 24, 218, 168, 208, 135, 3, 54, 214, 202, 183, 103, 139, 12, 3, 172, 150, 243, 237, 50, 147, 54, 242, 92, 159, 1, 216, 193, 198, 165], [111, 125, 24, 104, 95, 230, 172, 17, 123, 123, 44, 76, 70, 111, 228, 160, 143, 128, 205, 140, 192, 148, 6, 150, 59, 33, 166, 23, 44, 94, 162, 51], [121, 117, 49, 67, 124, 144, 197, 21, 78, 77, 248, 135, 51, 160, 17, 116, 168, 47, 196, 70, 125, 164, 69, 81, 211, 186, 248, 25, 111, 59, 182, 50], [167, 14, 8, 212, 45, 228, 196, 86, 22, 239, 84, 75, 23, 233, 156, 224, 38, 197, 130, 43, 105, 11, 43, 75, 55, 45, 190, 24, 34, 218, 65, 25], [143, 123, 65, 211, 112, 198, 174, 127, 97, 36, 159, 39, 112, 62, 18, 234, 71, 70, 199, 200, 62, 78, 208, 166, 130, 3, 23, 17, 67, 2, 193, 128], [112, 2, 118, 50, 170, 32, 177, 109, 144, 142, 196, 5, 151, 195, 70, 1, 80, 171, 80, 124, 178, 19, 222, 84, 237, 66, 81, 18, 35, 231, 238, 94], [47, 202, 195, 128, 79, 104, 45, 4, 128, 126, 161, 182, 158, 228, 81, 22, 207, 96, 43, 33, 67, 83, 19, 1, 138, 82, 247, 12, 4, 251, 187, 87], [166, 137, 170, 9, 227, 169, 192, 250, 0, 220, 188, 145, 198, 148, 58, 128, 102, 154, 255, 59, 119, 140, 83, 140, 133, 11, 19, 30, 203, 19, 173, 115], [176, 183, 109, 196, 84, 183, 8, 133, 234, 236, 17, 60, 207, 235, 158, 80, 37, 116, 222, 232, 57, 112, 215, 35, 57, 42, 185, 34, 133, 129, 50, 190], [140, 165, 178, 0, 9, 13, 58, 43, 212, 219, 174, 189, 121, 186, 181, 61, 236, 231, 97, 156, 131, 46, 42, 244, 198, 216, 59, 2, 159, 122, 27, 71], [180, 215, 0, 176, 44, 218, 130, 216, 236, 218, 89, 16, 253, 53, 203, 224, 209, 166, 139, 152, 143, 99, 228, 220, 192, 236, 24, 48, 194, 123, 74, 26], [138, 230, 109, 59, 132, 189, 55, 61, 189, 142, 210, 217, 227, 157, 203, 67, 202, 93, 238, 27, 166, 113, 7, 237, 171, 117, 40, 46, 63, 245, 87, 164], [223, 39, 132, 118, 234, 37, 235, 85, 62, 51, 1, 167, 163, 52, 52, 49, 5, 103, 149, 185, 5, 59, 9, 157, 127, 26, 218, 13, 161, 173, 106, 74], [15, 157, 222, 179, 72, 248, 18, 11, 232, 120, 67, 94, 211, 150, 204, 168, 85, 32, 171, 175, 90, 82, 93, 161, 92, 154, 188, 45, 98, 160, 102, 92], [73, 114, 211, 165, 233, 142, 204, 188, 40, 3, 35, 62, 56, 88, 69, 27, 174, 12, 198, 2, 218, 184, 150, 170, 225, 197, 184, 2, 166, 79, 18, 142], [7, 239, 65, 136, 68, 210, 94, 93, 169, 241, 61, 57, 138, 193, 180, 216, 96, 37, 165, 8, 207, 77, 212, 63, 22, 180, 167, 2, 96, 103, 154, 157], [101, 76, 152, 5, 18, 39, 24, 231, 5, 214, 162, 143, 176, 51, 90, 217, 29, 19, 250, 69, 254, 212, 59, 173, 170, 60, 182, 3, 28, 87, 65, 89], [102, 204, 143, 44, 108, 246, 193, 74, 138, 62, 25, 249, 92, 50, 21, 213, 163, 34, 236, 22, 147, 120, 132, 7, 17, 55, 160, 11, 98, 208, 35, 128], [225, 200, 230, 28, 157, 29, 137, 1, 251, 92, 192, 165, 166, 187, 246, 206, 190, 97, 99, 111, 80, 73, 80, 112, 146, 230, 190, 7, 43, 166, 59, 127], [176, 191, 144, 15, 33, 212, 175, 29, 7, 44, 104, 158, 0, 38, 108, 172, 18, 35, 100, 161, 150, 39, 173, 217, 97, 23, 196, 36, 222, 182, 85, 88], [148, 173, 236, 147, 193, 68, 11, 233, 152, 46, 194, 125, 22, 82, 43, 160, 251, 84, 190, 202, 105, 52, 39, 109, 199, 57, 246, 37, 51, 66, 54, 39], [73, 109, 226, 42, 54, 186, 48, 104, 166, 111, 192, 255, 29, 150, 143, 75, 32, 2, 3, 202, 145, 121, 193, 212, 156, 147, 195, 4, 170, 10, 37, 253], [18, 30, 154, 35, 227, 212, 168, 185, 86, 128, 171, 132, 153, 90, 167, 72, 121, 242, 209, 71, 37, 45, 254, 61, 209, 173, 227, 10, 20, 187, 70, 177], [205, 30, 62, 17, 87, 16, 65, 0, 235, 250, 192, 151, 63, 194, 241, 53, 150, 67, 77, 238, 151, 38, 112, 12, 214, 186, 160, 43, 24, 217, 28, 213], [131, 58, 215, 92, 67, 143, 104, 59, 104, 49, 124, 124, 76, 71, 19, 225, 184, 87, 231, 37, 86, 36, 223, 203, 82, 34, 98, 12, 55, 217, 93, 227], [193, 224, 231, 114, 20, 164, 20, 35, 164, 75, 175, 45, 76, 5, 177, 4, 218, 246, 238, 137, 156, 108, 217, 16, 115, 127, 11, 12, 3, 98, 179, 29], [36, 132, 180, 50, 26, 106, 118, 95, 41, 118, 137, 252, 193, 7, 132, 185, 51, 150, 145, 45, 177, 216, 183, 172, 139, 100, 53, 16, 16, 36, 31, 245], [84, 171, 56, 201, 120, 38, 93, 69, 237, 30, 210, 105, 17, 83, 208, 124, 220, 78, 97, 46, 141, 51, 88, 208, 255, 206, 88, 36, 174, 16, 136, 11], [91, 51, 92, 251, 163, 34, 191, 151, 96, 106, 87, 217, 203, 43, 132, 34, 0, 124, 82, 62, 34, 151, 13, 193, 67, 86, 51, 42, 220, 183, 44, 238], [155, 2, 37, 221, 48, 90, 42, 110, 109, 47, 100, 66, 155, 248, 254, 36, 212, 191, 63, 168, 168, 240, 212, 67, 3, 251, 168, 24, 56, 26, 227, 130], [166, 244, 81, 81, 13, 243, 225, 229, 244, 218, 90, 42, 239, 168, 196, 235, 207, 32, 161, 156, 27, 117, 229, 184, 179, 22, 225, 52, 107, 69, 80, 234], [122, 137, 251, 94, 92, 112, 71, 250, 35, 59, 29, 85, 194, 95, 130, 92, 226, 133, 16, 16, 129, 175, 92, 157, 111, 83, 187, 23, 45, 124, 246, 87], [168, 20, 139, 153, 202, 43, 13, 215, 192, 19, 247, 72, 82, 203, 59, 247, 29, 164, 100, 35, 46, 224, 186, 13, 95, 27, 250, 37, 29, 99, 73, 200], [134, 244, 178, 119, 151, 138, 103, 92, 213, 79, 213, 149, 171, 141, 136, 194, 210, 89, 152, 250, 61, 165, 133, 236, 229, 225, 68, 43, 236, 109, 199, 8], [166, 31, 171, 250, 109, 42, 5, 165, 116, 170, 99, 22, 190, 231, 40, 28, 5, 41, 61, 169, 156, 201, 243, 230, 141, 243, 241, 45, 42, 154, 51, 16], [144, 151, 109, 196, 245, 63, 10, 12, 188, 26, 172, 1, 178, 202, 248, 190, 227, 235, 183, 189, 235, 250, 171, 244, 140, 108, 31, 5, 204, 45, 183, 31], [59, 49, 69, 225, 62, 139, 240, 111, 5, 203, 108, 136, 46, 216, 213, 212, 45, 23, 66, 25, 244, 141, 95, 93, 254, 137, 160, 46, 91, 177, 45, 25], [58, 125, 40, 46, 201, 183, 225, 142, 212, 27, 231, 95, 19, 177, 5, 203, 39, 210, 168, 16, 174, 247, 251, 20, 199, 80, 190, 33, 207, 15, 70, 52], [138, 49, 118, 238, 62, 141, 174, 17, 49, 34, 19, 51, 223, 233, 214, 112, 203, 184, 53, 193, 166, 17, 28, 17, 235, 17, 161, 43, 236, 75, 79, 191], [220, 14, 248, 13, 196, 18, 144, 217, 188, 78, 154, 55, 74, 167, 123, 182, 142, 115, 167, 167, 123, 168, 53, 204, 171, 253, 165, 14, 63, 204, 17, 219], [187, 33, 181, 219, 212, 172, 59, 169, 101, 91, 112, 177, 175, 133, 167, 95, 166, 191, 68, 29, 59, 169, 227, 211, 144, 60, 143, 37, 61, 117, 4, 147], [86, 130, 161, 50, 210, 105, 168, 77, 35, 129, 238, 112, 57, 108, 182, 176, 159, 144, 255, 102, 36, 206, 234, 209, 150, 101, 216, 43, 162, 140, 238, 167], [239, 11, 16, 2, 12, 200, 162, 31, 21, 150, 80, 37, 242, 23, 18, 219, 182, 182, 144, 74, 99, 44, 233, 42, 224, 163, 107, 52, 10, 136, 120, 69], [192, 9, 127, 9, 187, 96, 201, 26, 110, 233, 146, 38, 36, 236, 202, 208, 22, 181, 80, 81, 5, 210, 70, 15, 220, 232, 139, 4, 17, 248, 125, 24], [165, 188, 229, 239, 31, 223, 112, 242, 38, 230, 49, 251, 20, 1, 83, 153, 131, 37, 150, 74, 220, 116, 88, 51, 26, 96, 244, 15, 222, 73, 111, 88], [10, 124, 167, 78, 241, 176, 5, 47, 233, 81, 99, 227, 74, 236, 244, 32, 125, 227, 11, 143, 180, 238, 75, 148, 237, 129, 117, 29, 19, 218, 172, 4], [132, 186, 255, 254, 19, 200, 14, 126, 231, 134, 36, 182, 57, 190, 54, 109, 50, 211, 174, 98, 115, 191, 153, 168, 230, 140, 62, 50, 105, 179, 13, 128], [12, 16, 121, 237, 155, 25, 108, 57, 168, 24, 30, 180, 18, 108, 140, 96, 57, 98, 68, 41, 117, 177, 229, 76, 133, 204, 238, 18, 44, 162, 94, 131], [61, 0, 181, 16, 63, 211, 8, 44, 251, 21, 155, 154, 59, 161, 31, 24, 68, 36, 60, 30, 98, 166, 95, 90, 252, 136, 203, 43, 46, 25, 139, 193], [58, 88, 233, 12, 3, 170, 244, 51, 167, 36, 73, 146, 193, 54, 247, 176, 1, 188, 167, 5, 98, 219, 104, 243, 28, 45, 76, 4, 237, 81, 28, 4], [188, 101, 212, 87, 218, 45, 186, 54, 55, 192, 147, 28, 58, 205, 76, 29, 70, 53, 135, 145, 165, 186, 107, 55, 136, 63, 132, 17, 25, 228, 241, 22], [220, 51, 55, 47, 138, 32, 125, 52, 234, 69, 56, 5, 156, 33, 138, 208, 180, 137, 168, 178, 199, 196, 200, 237, 85, 33, 24, 44, 120, 176, 35, 88], [96, 126, 155, 24, 118, 49, 110, 5, 102, 68, 228, 57, 130, 16, 39, 192, 253, 28, 64, 168, 61, 160, 110, 147, 20, 126, 198, 41, 175, 1, 133, 217], [117, 254, 167, 4, 132, 97, 220, 151, 47, 64, 136, 1, 84, 208, 118, 159, 129, 3, 47, 215, 40, 136, 27, 204, 227, 98, 168, 7, 120, 109, 101, 149], [233, 156, 131, 174, 108, 105, 224, 213, 110, 253, 216, 69, 115, 238, 153, 71, 164, 67, 54, 51, 91, 105, 179, 167, 240, 214, 221, 29, 152, 251, 247, 254], [160, 141, 120, 55, 9, 105, 149, 208, 97, 42, 249, 149, 9, 136, 10, 226, 52, 66, 33, 225, 0, 24, 22, 21, 143, 235, 187, 40, 120, 41, 162, 23], [127, 17, 228, 189, 24, 242, 231, 246, 46, 105, 162, 212, 178, 59, 164, 178, 28, 239, 40, 152, 211, 33, 13, 90, 38, 81, 75, 33, 233, 169, 14, 100], [113, 96, 136, 247, 166, 58, 123, 68, 187, 23, 65, 120, 80, 89, 212, 21, 7, 203, 139, 2, 247, 220, 175, 14, 82, 251, 100, 2, 169, 148, 179, 189], [33, 71, 211, 148, 149, 188, 223, 82, 93, 195, 73, 213, 179, 142, 161, 115, 128, 54, 189, 110, 152, 182, 85, 71, 123, 198, 189, 6, 94, 83, 110, 116], [165, 43, 152, 68, 230, 143, 246, 35, 214, 82, 64, 31, 13, 255, 172, 107, 175, 122, 196, 181, 50, 195, 129, 210, 32, 83, 255, 45, 9, 173, 14, 98], [253, 23, 146, 88, 94, 151, 126, 199, 231, 181, 202, 111, 231, 254, 15, 100, 169, 185, 146, 119, 115, 144, 160, 137, 248, 230, 29, 2, 31, 1, 225, 61], [82, 86, 63, 241, 108, 127, 155, 131, 198, 165, 46, 252, 100, 69, 171, 188, 25, 242, 105, 140, 155, 66, 183, 203, 49, 192, 170, 39, 137, 139, 234, 134], [185, 243, 56, 34, 112, 110, 67, 31, 5, 74, 85, 58, 18, 117, 127, 75, 140, 150, 248, 112, 208, 221, 250, 153, 156, 172, 191, 34, 40, 252, 155, 154], [196, 53, 225, 74, 32, 75, 214, 228, 202, 196, 82, 155, 248, 18, 214, 196, 156, 83, 230, 43, 142, 93, 122, 21, 65, 142, 185, 8, 116, 247, 94, 58], [5, 189, 32, 2, 89, 68, 245, 129, 42, 96, 45, 159, 145, 33, 206, 168, 212, 55, 110, 93, 0, 125, 114, 249, 213, 219, 95, 45, 226, 110, 31, 127], [246, 220, 188, 164, 195, 112, 22, 105, 35, 16, 203, 201, 136, 129, 155, 22, 107, 193, 52, 23, 73, 59, 112, 45, 104, 140, 140, 10, 93, 235, 101, 150], [165, 11, 204, 55, 98, 220, 176, 38, 216, 241, 134, 174, 160, 212, 38, 80, 219, 170, 74, 254, 135, 210, 40, 29, 194, 209, 228, 45, 101, 142, 93, 89], [32, 175, 99, 151, 201, 89, 91, 255, 109, 90, 182, 205, 212, 214, 229, 106, 75, 132, 27, 161, 224, 100, 193, 179, 10, 194, 215, 37, 84, 10, 185, 164], [7, 58, 153, 95, 24, 66, 54, 66, 191, 48, 17, 187, 92, 2, 150, 12, 178, 142, 75, 217, 160, 23, 15, 232, 173, 58, 36, 31, 77, 119, 170, 17], [72, 40, 57, 109, 33, 185, 49, 25, 30, 47, 198, 239, 60, 227, 153, 67, 136, 128, 125, 86, 146, 234, 137, 157, 62, 243, 94, 20, 12, 225, 159, 96], [122, 133, 178, 129, 34, 105, 193, 165, 74, 204, 164, 73, 6, 164, 209, 76, 80, 60, 210, 52, 91, 208, 189, 157, 90, 241, 59, 31, 250, 133, 210, 198], [206, 99, 231, 206, 107, 17, 64, 79, 115, 59, 187, 167, 32, 117, 231, 61, 46, 197, 210, 97, 151, 181, 167, 67, 52, 91, 5, 28, 54, 42, 188, 148], [134, 214, 243, 145, 105, 68, 83, 253, 167, 248, 81, 39, 185, 227, 76, 81, 13, 246, 9, 14, 112, 78, 113, 49, 58, 35, 87, 32, 249, 115, 131, 92], [230, 80, 198, 229, 21, 1, 223, 232, 115, 46, 50, 69, 119, 121, 246, 102, 73, 126, 218, 4, 106, 182, 1, 102, 10, 219, 91, 12, 4, 166, 7, 163], [154, 190, 203, 173, 101, 202, 168, 239, 55, 156, 78, 19, 167, 169, 3, 180, 186, 44, 118, 104, 224, 153, 121, 103, 56, 161, 214, 7, 78, 137, 249, 123], [48, 59, 90, 86, 119, 201, 146, 127, 29, 60, 79, 82, 230, 222, 138, 26, 109, 199, 117, 179, 191, 233, 47, 123, 104, 115, 8, 36, 235, 9, 9, 178], [157, 240, 132, 181, 235, 117, 207, 92, 242, 172, 191, 211, 98, 121, 235, 237, 46, 246, 194, 43, 145, 42, 153, 40, 69, 237, 187, 11, 130, 11, 129, 213], [212, 221, 33, 81, 227, 194, 132, 109, 19, 0, 97, 176, 160, 24, 202, 197, 130, 123, 156, 75, 188, 130, 213, 187, 82, 195, 131, 43, 154, 178, 206, 216], [75, 231, 163, 145, 110, 209, 64, 27, 84, 234, 44, 77, 89, 103, 144, 30, 136, 79, 240, 136, 99, 212, 2, 0, 241, 119, 56, 50, 197, 241, 251, 2], [66, 174, 254, 234, 169, 7, 237, 250, 125, 106, 32, 231, 188, 63, 183, 187, 51, 202, 179, 108, 109, 29, 92, 37, 32, 139, 224, 4, 108, 45, 121, 40], [50, 231, 8, 232, 16, 144, 39, 179, 232, 117, 118, 91, 217, 187, 51, 131, 47, 64, 3, 89, 69, 185, 104, 150, 195, 98, 157, 36, 194, 220, 130, 26], [209, 144, 160, 131, 45, 74, 14, 102, 216, 185, 15, 97, 191, 230, 4, 239, 58, 77, 223, 168, 173, 105, 235, 105, 112, 31, 139, 37, 87, 18, 2, 16], [229, 83, 123, 52, 32, 82, 67, 232, 240, 199, 232, 6, 55, 93, 236, 3, 32, 222, 111, 111, 104, 57, 183, 253, 196, 151, 43, 54, 133, 32, 250, 189], [69, 251, 127, 184, 95, 128, 99, 2, 185, 176, 113, 54, 158, 113, 124, 146, 123, 248, 112, 15, 124, 54, 70, 119, 2, 47, 217, 10, 109, 196, 78, 39], [107, 38, 133, 157, 153, 245, 123, 72, 212, 110, 235, 198, 95, 245, 195, 30, 76, 0, 44, 145, 13, 168, 132, 221, 243, 85, 94, 23, 57, 111, 53, 1], [227, 77, 193, 159, 29, 155, 4, 212, 91, 59, 219, 252, 17, 43, 134, 108, 185, 240, 156, 5, 189, 120, 197, 67, 23, 233, 129, 0, 227, 99, 113, 84], [45, 236, 122, 139, 101, 159, 66, 234, 198, 13, 144, 204, 119, 190, 11, 1, 78, 247, 61, 210, 253, 122, 53, 162, 50, 15, 80, 45, 14, 142, 71, 215], [51, 62, 95, 156, 111, 47, 109, 148, 53, 47, 166, 154, 75, 45, 251, 20, 253, 84, 179, 178, 108, 39, 108, 157, 91, 101, 226, 47, 204, 141, 223, 97], [244, 9, 239, 4, 252, 160, 82, 171, 59, 8, 168, 195, 47, 140, 99, 100, 219, 174, 135, 151, 186, 75, 231, 97, 186, 181, 216, 41, 244, 0, 203, 149], [71, 151, 149, 195, 203, 28, 129, 36, 184, 106, 189, 192, 134, 216, 46, 24, 49, 157, 91, 162, 160, 22, 162, 197, 55, 153, 48, 15, 10, 80, 153, 69], [173, 86, 238, 110, 246, 109, 86, 85, 38, 30, 182, 142, 58, 142, 162, 46, 74, 1, 134, 130, 161, 85, 95, 184, 179, 42, 65, 50, 83, 252, 177, 66], [207, 244, 138, 120, 193, 173, 240, 67, 217, 255, 195, 214, 214, 127, 82, 105, 133, 168, 244, 21, 137, 137, 143, 27, 59, 181, 51, 33, 183, 96, 114, 123], [58, 13, 89, 78, 236, 19, 74, 172, 129, 179, 145, 96, 35, 103, 125, 120, 246, 234, 87, 135, 83, 241, 41, 204, 251, 81, 146, 38, 182, 97, 66, 22], [194, 45, 241, 223, 124, 37, 92, 224, 131, 114, 17, 67, 207, 108, 206, 92, 185, 120, 12, 106, 203, 18, 142, 61, 120, 58, 230, 29, 17, 59, 32, 126], [183, 133, 198, 222, 228, 150, 177, 219, 55, 122, 67, 5, 91, 173, 196, 218, 197, 52, 7, 97, 57, 145, 206, 47, 133, 121, 202, 14, 145, 155, 58, 194], [84, 94, 47, 92, 16, 165, 21, 136, 13, 248, 111, 84, 142, 235, 178, 36, 253, 204, 67, 78, 94, 141, 163, 163, 250, 19, 126, 18, 97, 68, 198, 30], [71, 177, 146, 146, 4, 102, 3, 200, 140, 157, 35, 85, 107, 194, 86, 172, 220, 102, 48, 205, 154, 110, 19, 246, 112, 212, 214, 34, 32, 184, 174, 120], [106, 168, 113, 90, 191, 251, 122, 248, 155, 206, 233, 104, 157, 167, 51, 207, 198, 23, 179, 26, 190, 215, 114, 161, 243, 71, 122, 23, 187, 95, 38, 85], [99, 204, 156, 143, 173, 231, 115, 175, 97, 58, 3, 172, 230, 88, 51, 31, 162, 91, 38, 179, 99, 159, 112, 9, 238, 97, 147, 37, 39, 69, 206, 95], [172, 227, 174, 225, 205, 206, 246, 111, 245, 155, 151, 46, 192, 176, 77, 178, 239, 45, 157, 157, 107, 200, 190, 63, 127, 6, 234, 24, 109, 146, 45, 166], [88, 119, 209, 157, 76, 138, 194, 208, 143, 176, 6, 185, 170, 90, 82, 41, 138, 143, 239, 2, 57, 92, 125, 72, 27, 181, 28, 6, 186, 35, 79, 133], [73, 131, 188, 176, 200, 26, 29, 85, 60, 169, 118, 63, 98, 91, 77, 181, 86, 19, 118, 254, 123, 169, 214, 28, 60, 38, 23, 26, 227, 182, 185, 253], [162, 96, 250, 52, 134, 38, 147, 5, 82, 29, 251, 196, 77, 33, 246, 23, 193, 212, 122, 158, 31, 52, 192, 151, 200, 84, 154, 45, 141, 217, 45, 83], [205, 8, 100, 139, 196, 175, 84, 19, 85, 193, 10, 88, 251, 252, 51, 204, 95, 50, 218, 185, 173, 246, 90, 196, 54, 40, 77, 22, 231, 87, 80, 175], [196, 229, 2, 127, 70, 180, 164, 147, 229, 233, 24, 20, 182, 84, 111, 83, 136, 219, 57, 250, 32, 89, 194, 111, 4, 178, 95, 47, 219, 119, 169, 33], [177, 119, 62, 154, 142, 81, 92, 87, 22, 9, 205, 168, 125, 188, 14, 130, 16, 212, 71, 159, 25, 118, 153, 129, 251, 56, 134, 10, 250, 204, 96, 10], [201, 224, 78, 110, 251, 202, 183, 204, 161, 32, 167, 242, 19, 214, 94, 234, 81, 163, 193, 152, 65, 14, 82, 172, 131, 78, 247, 43, 108, 133, 211, 182], [101, 20, 226, 161, 254, 120, 21, 17, 123, 97, 180, 238, 223, 155, 114, 255, 165, 113, 8, 25, 16, 42, 152, 95, 119, 21, 222, 37, 222, 64, 99, 136], [77, 83, 65, 48, 170, 158, 51, 9, 32, 158, 88, 178, 122, 72, 120, 77, 139, 2, 250, 252, 82, 49, 4, 61, 102, 147, 187, 26, 23, 27, 113, 47], [211, 68, 188, 83, 75, 28, 139, 48, 53, 108, 230, 0, 139, 253, 238, 179, 79, 253, 224, 4, 113, 35, 6, 177, 83, 132, 127, 4, 12, 9, 184, 221], [35, 135, 128, 145, 42, 223, 247, 106, 17, 132, 61, 51, 15, 248, 7, 145, 9, 20, 150, 3, 134, 179, 9, 163, 108, 144, 229, 23, 48, 226, 11, 169], [67, 71, 100, 232, 65, 174, 230, 55, 92, 254, 154, 150, 210, 90, 146, 205, 102, 72, 111, 179, 184, 124, 43, 48, 31, 202, 228, 43, 179, 56, 29, 24], [70, 166, 123, 244, 79, 246, 43, 224, 165, 196, 75, 104, 75, 13, 85, 154, 137, 216, 197, 36, 79, 65, 210, 96, 1, 195, 19, 6, 241, 102, 254, 32], [15, 142, 120, 19, 200, 233, 57, 107, 123, 186, 54, 223, 171, 1, 179, 25, 46, 110, 112, 94, 83, 175, 63, 14, 27, 173, 222, 30, 14, 223, 187, 192], [190, 213, 152, 29, 213, 114, 129, 159, 169, 5, 181, 17, 251, 202, 38, 64, 37, 142, 187, 110, 43, 140, 158, 93, 203, 209, 105, 33, 86, 150, 126, 183], [7, 254, 167, 40, 197, 224, 55, 253, 21, 176, 74, 184, 177, 86, 206, 103, 136, 215, 223, 89, 214, 240, 241, 210, 87, 161, 133, 17, 170, 114, 179, 226], [229, 18, 41, 70, 224, 101, 108, 74, 147, 78, 141, 123, 152, 95, 62, 176, 195, 95, 143, 82, 169, 30, 95, 160, 24, 243, 32, 15, 136, 191, 20, 72], [123, 130, 145, 7, 162, 114, 186, 194, 201, 143, 120, 126, 77, 159, 84, 127, 164, 210, 187, 177, 30, 205, 117, 143, 36, 37, 19, 40, 241, 103, 70, 227], [119, 145, 110, 99, 179, 132, 233, 112, 130, 32, 61, 211, 168, 13, 114, 128, 52, 185, 10, 184, 149, 97, 51, 78, 89, 93, 17, 39, 191, 61, 104, 144], [155, 9, 143, 52, 235, 87, 183, 165, 199, 218, 8, 25, 16, 185, 44, 2, 18, 115, 148, 6, 11, 211, 187, 81, 78, 41, 81, 8, 126, 188, 183, 27], [182, 201, 76, 192, 35, 3, 135, 117, 15, 97, 170, 167, 11, 88, 121, 68, 132, 116, 172, 214, 214, 249, 63, 235, 138, 104, 36, 32, 164, 72, 233, 241], [19, 210, 207, 41, 96, 24, 48, 9, 254, 50, 195, 255, 144, 69, 201, 252, 158, 146, 199, 25, 167, 50, 132, 102, 5, 219, 98, 48, 215, 211, 176, 178], [51, 177, 247, 42, 114, 139, 69, 158, 197, 132, 79, 247, 241, 251, 145, 188, 65, 249, 92, 15, 103, 176, 72, 130, 24, 134, 203, 20, 163, 180, 147, 230], [2, 186, 80, 18, 45, 178, 65, 95, 147, 55, 190, 151, 204, 18, 184, 132, 23, 179, 136, 158, 130, 109, 173, 122, 109, 115, 1, 0, 20, 54, 134, 153], [249, 96, 97, 34, 170, 37, 75, 229, 123, 237, 211, 221, 2, 186, 188, 213, 50, 162, 223, 125, 43, 123, 80, 254, 164, 209, 59, 14, 73, 123, 2, 5], [128, 255, 171, 208, 167, 165, 20, 237, 86, 123, 227, 113, 23, 51, 53, 234, 194, 102, 193, 205, 183, 80, 20, 189, 107, 222, 18, 46, 119, 2, 41, 74], [208, 20, 158, 13, 33, 191, 129, 39, 134, 218, 252, 43, 38, 103, 131, 220, 143, 125, 11, 169, 49, 11, 12, 41, 172, 166, 47, 11, 254, 129, 122, 211], [150, 140, 116, 107, 229, 36, 93, 123, 58, 239, 157, 37, 70, 37, 76, 151, 243, 222, 142, 234, 113, 79, 29, 36, 7, 112, 81, 2, 67, 31, 97, 220], [219, 247, 7, 226, 119, 24, 215, 56, 141, 144, 39, 33, 164, 54, 62, 43, 143, 124, 140, 21, 44, 35, 237, 22, 125, 240, 193, 18, 137, 124, 41, 132], [87, 42, 81, 120, 149, 246, 79, 188, 52, 47, 107, 193, 201, 163, 6, 152, 198, 55, 140, 101, 55, 218, 193, 216, 114, 92, 254, 18, 82, 213, 82, 59], [131, 106, 17, 62, 96, 228, 150, 176, 16, 24, 230, 155, 210, 92, 208, 202, 201, 129, 49, 244, 206, 119, 197, 29, 147, 124, 39, 40, 190, 128, 83, 84], [191, 97, 207, 195, 247, 211, 33, 172, 92, 59, 22, 214, 147, 180, 122, 233, 239, 13, 196, 82, 242, 197, 111, 8, 0, 242, 101, 29, 117, 32, 117, 107], [178, 30, 224, 78, 124, 78, 133, 182, 39, 102, 16, 238, 5, 132, 129, 37, 207, 18, 217, 158, 245, 155, 225, 106, 255, 225, 10, 7, 171, 158, 31, 110], [147, 53, 164, 250, 224, 74, 0, 178, 155, 224, 229, 175, 162, 117, 121, 212, 193, 49, 55, 3, 104, 207, 124, 123, 154, 40, 35, 6, 148, 29, 162, 222], [105, 62, 8, 117, 106, 46, 52, 110, 137, 232, 77, 155, 42, 38, 146, 171, 91, 63, 205, 83, 163, 213, 224, 102, 153, 18, 69, 18, 156, 94, 93, 106], [131, 86, 124, 65, 172, 127, 113, 182, 245, 137, 155, 231, 186, 226, 7, 173, 244, 19, 25, 181, 193, 208, 180, 101, 216, 37, 65, 42, 206, 77, 214, 198], [241, 82, 101, 58, 122, 98, 23, 138, 65, 46, 159, 156, 193, 15, 21, 17, 118, 44, 84, 85, 138, 250, 104, 250, 135, 95, 27, 47, 147, 109, 51, 32], [181, 31, 11, 228, 251, 213, 254, 122, 162, 74, 180, 172, 254, 181, 98, 2, 15, 147, 122, 226, 204, 55, 132, 172, 178, 205, 210, 19, 161, 88, 179, 194], [40, 24, 249, 34, 236, 233, 182, 215, 241, 250, 229, 26, 24, 194, 80, 41, 36, 169, 214, 177, 109, 159, 117, 17, 34, 89, 67, 38, 180, 143, 73, 184], [97, 108, 21, 88, 145, 244, 114, 237, 238, 31, 205, 234, 94, 162, 30, 127, 167, 178, 213, 213, 92, 104, 173, 52, 192, 128, 145, 28, 198, 243, 127, 122], [109, 63, 225, 196, 214, 56, 188, 139, 48, 126, 16, 0, 209, 85, 11, 243, 84, 237, 94, 198, 74, 188, 61, 75, 8, 118, 15, 41, 13, 82, 181, 86], [236, 40, 18, 144, 181, 72, 100, 242, 232, 56, 96, 80, 203, 238, 215, 163, 16, 14, 225, 246, 24, 146, 72, 148, 130, 219, 74, 0, 132, 59, 189, 166], [125, 248, 64, 45, 43, 3, 160, 214, 150, 61, 87, 219, 15, 56, 53, 180, 229, 28, 111, 32, 89, 34, 56, 126, 209, 92, 119, 35, 58, 171, 199, 129], [42, 99, 14, 172, 215, 129, 13, 118, 168, 49, 33, 71, 146, 105, 169, 221, 165, 55, 111, 193, 16, 14, 233, 76, 240, 114, 25, 48, 1, 115, 83, 228], [167, 150, 69, 91, 151, 41, 50, 234, 252, 137, 34, 39, 50, 204, 3, 126, 254, 97, 47, 83, 155, 122, 150, 63, 103, 0, 208, 40, 73, 207, 255, 199], [179, 225, 31, 247, 117, 128, 116, 146, 207, 188, 229, 47, 18, 205, 124, 157, 174, 115, 198, 51, 249, 195, 24, 181, 197, 185, 46, 41, 178, 99, 205, 238], [95, 116, 122, 107, 124, 239, 201, 26, 239, 161, 32, 234, 148, 71, 84, 134, 210, 188, 92, 165, 143, 46, 220, 13, 153, 221, 151, 44, 254, 45, 125, 16], [99, 170, 0, 69, 23, 74, 253, 213, 193, 173, 155, 103, 75, 139, 4, 228, 7, 210, 137, 132, 48, 220, 24, 44, 173, 148, 53, 7, 36, 53, 252, 94], [130, 231, 172, 61, 24, 121, 170, 44, 159, 146, 166, 240, 36, 154, 238, 182, 124, 223, 230, 3, 236, 57, 33, 125, 215, 92, 127, 7, 130, 154, 244, 200], [157, 128, 86, 196, 63, 248, 151, 231, 72, 197, 52, 123, 176, 229, 16, 44, 70, 230, 250, 82, 236, 57, 74, 136, 189, 106, 110, 35, 119, 161, 216, 64], [195, 238, 230, 57, 237, 215, 252, 46, 171, 130, 13, 165, 161, 252, 44, 37, 39, 156, 215, 92, 44, 194, 192, 1, 24, 171, 21, 3, 197, 98, 136, 15], [121, 11, 202, 119, 77, 210, 217, 128, 72, 165, 76, 28, 173, 114, 112, 85, 112, 95, 85, 101, 61, 102, 231, 88, 181, 227, 245, 12, 174, 137, 194, 110], [147, 171, 145, 238, 217, 44, 2, 164, 72, 188, 154, 36, 237, 176, 225, 108, 34, 69, 46, 113, 74, 29, 109, 148, 104, 52, 44, 43, 21, 202, 252, 116], [45, 170, 98, 84, 61, 89, 242, 133, 15, 198, 35, 248, 90, 39, 200, 63, 202, 8, 47, 216, 188, 115, 201, 61, 135, 50, 131, 1, 109, 124, 20, 245], [65, 20, 227, 114, 236, 167, 159, 90, 150, 210, 162, 225, 89, 105, 94, 5, 241, 21, 129, 102, 16, 225, 220, 26, 51, 75, 251, 37, 50, 51, 128, 99], [233, 225, 189, 231, 79, 113, 127, 226, 129, 164, 93, 159, 2, 49, 185, 65, 236, 60, 33, 224, 108, 44, 104, 163, 235, 27, 225, 46, 134, 187, 160, 132], [52, 76, 26, 113, 253, 255, 189, 254, 255, 93, 63, 179, 63, 241, 205, 170, 178, 154, 247, 158, 91, 209, 128, 102, 31, 41, 251, 43, 145, 122, 75, 243], [14, 100, 163, 182, 1, 106, 224, 231, 197, 0, 207, 193, 157, 239, 177, 11, 0, 80, 136, 45, 243, 13, 78, 138, 82, 235, 46, 10, 58, 142, 240, 39], [182, 154, 189, 248, 61, 161, 170, 236, 246, 206, 120, 90, 239, 110, 219, 138, 218, 82, 56, 15, 202, 10, 215, 65, 74, 142, 76, 24, 182, 130, 49, 229], [7, 40, 125, 133, 139, 96, 145, 128, 203, 105, 178, 213, 191, 104, 207, 117, 182, 245, 199, 138, 54, 146, 227, 86, 32, 99, 53, 38, 86, 84, 236, 164], [35, 59, 162, 70, 110, 103, 156, 143, 232, 75, 76, 211, 121, 21, 179, 119, 94, 249, 68, 2, 42, 219, 88, 199, 38, 171, 114, 33, 169, 236, 192, 229], [20, 108, 164, 95, 64, 173, 138, 249, 144, 125, 131, 135, 62, 58, 133, 209, 22, 170, 132, 51, 208, 231, 239, 17, 168, 246, 221, 12, 93, 33, 238, 11], [23, 29, 231, 98, 223, 16, 43, 181, 131, 208, 175, 34, 174, 112, 171, 120, 185, 131, 56, 209, 34, 154, 149, 108, 47, 9, 167, 30, 158, 16, 188, 242], [1, 32, 124, 220, 76, 29, 231, 110, 0, 237, 253, 15, 31, 30, 252, 175, 159, 155, 203, 132, 89, 184, 65, 207, 202, 87, 134, 35, 60, 136, 33, 28], [94, 219, 188, 34, 25, 225, 125, 1, 103, 32, 134, 253, 66, 58, 238, 188, 203, 86, 50, 141, 239, 169, 101, 115, 109, 144, 147, 46, 237, 54, 118, 249], [137, 66, 207, 88, 247, 138, 199, 14, 112, 132, 225, 119, 146, 186, 115, 122, 18, 205, 254, 30, 204, 30, 126, 34, 107, 208, 27, 21, 180, 156, 246, 255], [42, 213, 63, 37, 188, 23, 6, 41, 198, 198, 29, 208, 64, 113, 219, 166, 62, 232, 242, 163, 51, 91, 242, 240, 108, 203, 78, 9, 90, 198, 6, 223], [140, 73, 81, 227, 149, 63, 170, 89, 33, 230, 159, 31, 203, 157, 13, 7, 164, 120, 81, 153, 93, 129, 179, 190, 7, 126, 72, 27, 59, 150, 220, 19], [215, 200, 118, 203, 11, 181, 60, 51, 15, 207, 196, 195, 94, 56, 161, 85, 138, 139, 22, 183, 143, 59, 49, 219, 118, 31, 210, 36, 125, 41, 23, 120], [65, 227, 98, 96, 183, 118, 253, 243, 127, 131, 205, 226, 26, 101, 100, 186, 134, 255, 174, 58, 176, 116, 133, 78, 159, 137, 216, 6, 87, 193, 74, 222], [201, 112, 95, 34, 54, 75, 215, 114, 229, 154, 79, 21, 143, 82, 12, 15, 239, 103, 244, 53, 46, 106, 229, 70, 180, 124, 172, 38, 202, 211, 101, 96], [213, 168, 189, 219, 213, 83, 116, 116, 17, 231, 179, 180, 66, 243, 28, 199, 47, 70, 161, 125, 121, 43, 172, 146, 211, 196, 139, 41, 200, 142, 164, 222], [100, 6, 63, 164, 145, 125, 107, 242, 36, 120, 88, 155, 185, 67, 34, 196, 134, 212, 236, 41, 133, 38, 255, 110, 119, 229, 213, 43, 240, 201, 172, 225], [37, 184, 128, 3, 35, 10, 103, 183, 120, 60, 98, 156, 233, 28, 160, 210, 209, 235, 31, 216, 216, 192, 240, 167, 33, 14, 197, 37, 101, 199, 167, 251], [15, 121, 68, 78, 206, 191, 39, 19, 184, 7, 67, 32, 127, 61, 93, 155, 112, 12, 165, 229, 235, 171, 136, 46, 129, 76, 135, 55, 87, 51, 208, 246], [240, 211, 159, 56, 106, 192, 10, 177, 24, 46, 31, 251, 115, 59, 225, 174, 228, 89, 48, 224, 80, 223, 64, 57, 81, 64, 159, 10, 157, 42, 137, 34], [139, 5, 204, 62, 186, 24, 202, 173, 9, 187, 49, 99, 108, 58, 76, 217, 224, 174, 171, 34, 26, 22, 196, 255, 12, 150, 100, 30, 115, 239, 222, 181], [250, 136, 191, 163, 236, 235, 126, 164, 158, 147, 65, 127, 207, 233, 84, 205, 219, 223, 61, 26, 179, 245, 107, 23, 36, 220, 233, 3, 46, 104, 164, 19], [212, 63, 138, 28, 19, 26, 10, 19, 42, 171, 247, 80, 86, 36, 240, 161, 213, 71, 141, 121, 235, 146, 254, 46, 170, 221, 63, 30, 212, 13, 158, 34], [28, 3, 97, 152, 160, 222, 242, 195, 242, 214, 63, 24, 142, 110, 44, 180, 218, 101, 18, 158, 118, 170, 197, 201, 78, 114, 122, 44, 216, 230, 51, 170], [128, 190, 243, 76, 176, 57, 249, 189, 37, 165, 219, 116, 56, 196, 243, 223, 156, 1, 244, 96, 217, 196, 109, 2, 168, 171, 38, 29, 237, 128, 172, 58], [137, 84, 201, 49, 27, 76, 135, 180, 29, 237, 73, 219, 189, 95, 177, 124, 178, 39, 212, 60, 24, 130, 91, 26, 64, 33, 91, 46, 114, 83, 43, 125], [211, 37, 140, 0, 144, 92, 201, 193, 234, 94, 141, 67, 51, 127, 186, 29, 43, 159, 93, 236, 211, 214, 156, 73, 148, 159, 137, 8, 90, 124, 208, 157], [141, 55, 87, 10, 114, 126, 234, 179, 115, 125, 55, 188, 159, 248, 207, 4, 4, 30, 124, 123, 17, 30, 214, 198, 50, 45, 9, 2, 120, 52, 109, 109], [165, 196, 181, 54, 133, 159, 200, 78, 183, 109, 45, 36, 47, 192, 228, 124, 226, 241, 181, 187, 214, 87, 146, 52, 247, 134, 58, 10, 161, 121, 115, 124], [156, 149, 189, 62, 247, 116, 158, 37, 133, 32, 155, 201, 98, 28, 245, 150, 159, 112, 211, 106, 247, 148, 94, 219, 113, 63, 183, 44, 131, 139, 245, 141], [14, 184, 57, 230, 86, 193, 123, 216, 116, 63, 13, 3, 200, 64, 180, 41, 194, 39, 148, 23, 106, 230, 255, 74, 43, 157, 250, 17, 166, 131, 9, 92], [122, 246, 98, 253, 149, 85, 211, 66, 12, 74, 230, 205, 250, 59, 140, 234, 22, 213, 124, 77, 50, 11, 211, 5, 1, 15, 173, 3, 185, 135, 186, 96], [21, 132, 108, 15, 182, 177, 52, 233, 45, 222, 185, 137, 81, 154, 252, 200, 199, 237, 59, 39, 162, 251, 187, 200, 134, 233, 237, 33, 102, 101, 108, 95], [124, 104, 241, 141, 31, 66, 114, 52, 226, 129, 162, 184, 132, 88, 165, 141, 2, 0, 109, 53, 50, 164, 252, 201, 31, 208, 128, 44, 48, 23, 186, 98], [197, 83, 86, 134, 109, 43, 209, 81, 130, 101, 189, 184, 234, 190, 160, 105, 254, 41, 151, 230, 194, 50, 226, 130, 203, 94, 254, 49, 225, 151, 16, 121], [154, 35, 47, 174, 109, 136, 255, 51, 175, 232, 222, 222, 216, 255, 219, 243, 179, 69, 227, 130, 247, 251, 52, 23, 83, 126, 227, 3, 217, 127, 117, 15], [47, 205, 97, 141, 95, 31, 14, 97, 126, 155, 122, 32, 99, 147, 247, 63, 240, 50, 226, 44, 219, 21, 137, 250, 4, 66, 140, 19, 11, 13, 204, 193], [0, 210, 184, 36, 224, 117, 192, 207, 53, 105, 97, 56, 2, 138, 37, 44, 188, 254, 239, 216, 159, 175, 76, 231, 125, 53, 22, 15, 122, 218, 2, 12], [227, 214, 0, 171, 164, 212, 46, 3, 121, 195, 2, 89, 98, 136, 67, 131, 192, 49, 98, 220, 210, 137, 182, 234, 179, 53, 121, 47, 60, 240, 176, 22], [22, 186, 103, 23, 173, 84, 177, 152, 91, 1, 32, 95, 91, 206, 91, 85, 250, 70, 96, 223, 137, 240, 228, 249, 244, 24, 78, 33, 72, 193, 63, 205], [173, 91, 248, 115, 231, 197, 234, 1, 141, 27, 16, 238, 247, 172, 245, 62, 22, 88, 215, 96, 74, 76, 37, 142, 13, 190, 253, 26, 74, 23, 135, 148], [80, 81, 160, 186, 101, 51, 42, 29, 6, 98, 230, 225, 81, 12, 243, 107, 115, 252, 60, 57, 244, 210, 67, 153, 39, 7, 69, 32, 158, 99, 50, 205], [92, 190, 32, 244, 226, 183, 190, 107, 169, 122, 119, 96, 114, 130, 63, 234, 166, 96, 44, 137, 58, 29, 249, 234, 155, 48, 148, 37, 253, 229, 245, 67], [198, 58, 128, 129, 39, 151, 71, 75, 139, 8, 155, 181, 11, 76, 142, 21, 67, 73, 19, 127, 53, 205, 237, 71, 75, 71, 31, 16, 15, 226, 136, 205], [148, 57, 60, 40, 26, 226, 154, 135, 43, 177, 236, 30, 146, 202, 140, 66, 206, 202, 134, 159, 211, 75, 71, 74, 88, 174, 3, 2, 99, 168, 99, 55], [115, 192, 131, 41, 205, 59, 75, 97, 33, 242, 43, 140, 166, 27, 208, 79, 216, 53, 32, 166, 148, 99, 186, 145, 32, 159, 85, 4, 54, 103, 25, 200], [89, 106, 158, 205, 75, 68, 189, 64, 196, 164, 77, 192, 98, 115, 193, 206, 17, 168, 237, 57, 158, 127, 19, 234, 79, 179, 36, 24, 228, 84, 25, 161], [163, 203, 156, 18, 192, 142, 38, 7, 112, 120, 85, 11, 183, 60, 177, 49, 222, 15, 48, 18, 149, 60, 119, 79, 82, 175, 14, 44, 40, 203, 176, 161], [162, 68, 44, 85, 175, 10, 177, 66, 136, 88, 31, 20, 3, 105, 86, 216, 143, 95, 199, 235, 41, 167, 180, 74, 91, 227, 197, 46, 120, 255, 167, 80], [223, 189, 68, 41, 237, 89, 10, 55, 241, 218, 120, 222, 91, 236, 86, 1, 163, 167, 5, 172, 229, 188, 20, 168, 145, 110, 201, 19, 212, 221, 250, 123], [38, 241, 155, 136, 145, 51, 146, 164, 135, 149, 96, 212, 24, 47, 239, 210, 122, 198, 13, 43, 181, 208, 229, 180, 50, 165, 101, 41, 207, 253, 212, 135], [55, 206, 219, 18, 160, 112, 103, 49, 160, 143, 8, 185, 1, 108, 42, 128, 19, 158, 74, 12, 68, 227, 28, 57, 225, 223, 154, 28, 209, 40, 123, 121], [30, 74, 67, 220, 194, 82, 106, 148, 197, 17, 94, 227, 148, 164, 52, 140, 19, 236, 151, 138, 162, 161, 30, 182, 242, 18, 229, 17, 240, 104, 13, 81], [178, 21, 131, 162, 138, 223, 31, 6, 143, 158, 137, 204, 0, 191, 147, 97, 128, 147, 122, 186, 109, 12, 165, 208, 141, 228, 191, 18, 70, 145, 60, 32], [182, 43, 172, 202, 135, 200, 182, 197, 101, 204, 61, 223, 43, 190, 237, 122, 110, 181, 40, 89, 117, 240, 106, 152, 27, 79, 132, 44, 87, 148, 111, 135], [100, 118, 157, 153, 2, 235, 81, 98, 2, 204, 247, 202, 92, 153, 237, 31, 54, 178, 213, 253, 187, 147, 140, 16, 229, 105, 164, 29, 51, 240, 160, 73], [134, 108, 144, 240, 84, 79, 38, 117, 70, 166, 106, 18, 231, 219, 26, 76, 33, 52, 208, 15, 166, 81, 168, 190, 160, 152, 43, 20, 66, 150, 11, 179], [57, 88, 234, 87, 109, 46, 162, 210, 30, 85, 206, 193, 158, 75, 75, 59, 166, 32, 163, 1, 28, 244, 224, 128, 240, 60, 103, 25, 119, 253, 248, 156], [103, 108, 196, 82, 13, 167, 66, 197, 144, 54, 35, 114, 46, 191, 148, 222, 145, 106, 213, 72, 10, 11, 83, 143, 162, 21, 96, 27, 5, 103, 113, 37], [221, 51, 54, 228, 31, 156, 207, 149, 114, 21, 179, 213, 190, 12, 54, 70, 16, 37, 173, 182, 13, 172, 80, 96, 130, 17, 253, 22, 49, 225, 146, 153], [201, 95, 77, 64, 246, 114, 181, 116, 159, 26, 5, 224, 142, 187, 154, 0, 39, 102, 218, 16, 132, 149, 119, 25, 112, 34, 143, 1, 13, 11, 49, 23], [47, 122, 233, 65, 182, 15, 230, 106, 151, 40, 186, 193, 30, 202, 147, 202, 25, 226, 186, 56, 4, 239, 197, 8, 188, 157, 29, 36, 196, 193, 11, 109], [42, 189, 160, 85, 130, 163, 140, 168, 194, 54, 77, 82, 20, 198, 172, 232, 29, 66, 30, 171, 253, 72, 154, 133, 102, 178, 204, 7, 58, 242, 75, 193], [231, 17, 55, 250, 214, 186, 139, 253, 249, 65, 199, 213, 62, 142, 237, 182, 156, 99, 149, 127, 37, 177, 107, 216, 182, 176, 70, 12, 48, 120, 193, 151], [255, 170, 59, 38, 106, 160, 211, 160, 56, 233, 199, 173, 73, 173, 19, 159, 33, 230, 161, 187, 53, 103, 171, 48, 128, 1, 141, 34, 50, 89, 93, 156], [251, 189, 57, 112, 201, 248, 52, 102, 72, 220, 176, 108, 59, 197, 217, 61, 96, 206, 135, 105, 114, 200, 98, 47, 31, 103, 175, 15, 217, 241, 233, 84], [63, 175, 110, 245, 45, 131, 144, 139, 153, 245, 136, 23, 167, 218, 138, 243, 156, 102, 12, 205, 248, 106, 253, 104, 181, 31, 189, 17, 21, 164, 31, 60], [27, 206, 230, 203, 195, 209, 60, 2, 73, 142, 208, 42, 34, 147, 167, 67, 86, 119, 200, 78, 183, 215, 206, 177, 83, 231, 180, 32, 46, 148, 63, 96], [217, 201, 110, 127, 44, 52, 180, 74, 1, 87, 210, 247, 205, 247, 191, 120, 160, 179, 181, 100, 248, 15, 123, 144, 159, 87, 246, 4, 156, 128, 247, 224], [124, 9, 250, 168, 219, 5, 208, 70, 109, 204, 62, 81, 248, 62, 16, 233, 173, 60, 142, 1, 121, 73, 190, 144, 120, 153, 75, 16, 133, 251, 17, 4], [105, 34, 51, 44, 220, 255, 189, 227, 187, 255, 206, 42, 113, 247, 66, 182, 71, 145, 120, 114, 90, 222, 238, 67, 62, 160, 204, 31, 171, 124, 133, 247], [153, 130, 38, 147, 177, 196, 161, 33, 36, 158, 66, 70, 101, 25, 113, 152, 8, 9, 194, 182, 176, 86, 115, 80, 250, 180, 24, 32, 62, 75, 65, 38], [7, 56, 96, 186, 150, 163, 131, 7, 62, 152, 170, 198, 160, 162, 91, 33, 145, 150, 185, 111, 29, 233, 37, 167, 43, 53, 29, 24, 140, 101, 139, 253], [148, 114, 187, 11, 80, 90, 0, 34, 182, 8, 184, 129, 163, 59, 98, 99, 224, 16, 117, 54, 93, 69, 207, 67, 96, 189, 154, 39, 46, 174, 29, 84], [138, 46, 173, 253, 14, 153, 105, 45, 218, 123, 104, 149, 225, 103, 222, 212, 131, 180, 154, 215, 50, 147, 209, 69, 239, 154, 150, 21, 187, 151, 241, 218], [129, 25, 101, 48, 61, 112, 113, 70, 219, 97, 201, 21, 186, 28, 31, 30, 214, 52, 219, 129, 204, 90, 98, 157, 18, 145, 201, 8, 3, 181, 218, 237], [177, 4, 94, 208, 214, 147, 118, 212, 110, 178, 207, 143, 142, 153, 215, 20, 192, 186, 70, 126, 9, 115, 138, 246, 49, 56, 222, 25, 113, 131, 156, 41], [199, 235, 126, 9, 225, 152, 69, 247, 108, 222, 132, 128, 3, 95, 240, 39, 61, 170, 183, 85, 12, 28, 158, 255, 192, 223, 44, 8, 234, 181, 211, 156], [203, 158, 162, 32, 133, 111, 170, 176, 87, 150, 152, 184, 211, 121, 34, 116, 143, 80, 148, 100, 232, 93, 27, 93, 244, 182, 209, 18, 214, 121, 224, 174], [79, 160, 161, 50, 172, 49, 44, 113, 36, 140, 252, 22, 90, 249, 144, 89, 121, 155, 152, 98, 29, 132, 147, 225, 177, 110, 55, 40, 227, 249, 104, 110], [64, 49, 237, 96, 37, 137, 147, 192, 239, 219, 92, 240, 228, 110, 177, 65, 235, 74, 217, 215, 155, 197, 244, 1, 188, 222, 114, 38, 164, 128, 200, 238], [214, 9, 118, 39, 154, 164, 47, 166, 75, 160, 72, 46, 241, 134, 49, 120, 138, 145, 102, 78, 23, 21, 76, 166, 253, 121, 53, 48, 248, 195, 216, 130], [56, 170, 245, 239, 175, 205, 62, 11, 38, 175, 94, 108, 27, 94, 4, 147, 78, 13, 238, 115, 95, 67, 21, 199, 246, 25, 172, 33, 163, 124, 180, 233], [63, 130, 170, 20, 243, 37, 66, 194, 69, 202, 56, 105, 108, 209, 79, 9, 44, 180, 233, 105, 18, 139, 229, 58, 117, 212, 46, 0, 198, 39, 18, 225], [84, 9, 132, 250, 204, 45, 36, 223, 192, 242, 231, 22, 55, 230, 26, 168, 47, 53, 184, 192, 73, 18, 121, 14, 69, 138, 14, 39, 142, 98, 89, 22], [254, 122, 168, 208, 211, 175, 252, 131, 62, 248, 26, 36, 61, 19, 65, 195, 233, 146, 179, 68, 137, 55, 246, 115, 34, 214, 173, 36, 156, 117, 213, 125], [3, 52, 12, 171, 153, 33, 7, 0, 111, 170, 89, 170, 88, 229, 50, 148, 169, 105, 232, 29, 48, 98, 243, 211, 70, 85, 20, 36, 185, 154, 35, 194], [24, 17, 120, 107, 185, 26, 117, 228, 82, 114, 102, 115, 32, 69, 64, 190, 204, 178, 156, 115, 160, 104, 59, 109, 80, 120, 182, 11, 60, 229, 88, 128], [48, 247, 112, 44, 46, 226, 42, 210, 14, 200, 122, 27, 228, 54, 172, 207, 137, 221, 18, 148, 134, 33, 132, 192, 180, 41, 9, 48, 133, 111, 116, 18], [95, 165, 59, 92, 188, 152, 59, 105, 171, 54, 213, 22, 99, 60, 63, 173, 9, 166, 214, 135, 85, 127, 27, 24, 114, 126, 182, 24, 206, 122, 119, 230], [137, 113, 172, 30, 176, 157, 23, 10, 229, 78, 226, 17, 169, 218, 163, 134, 213, 68, 216, 209, 16, 132, 40, 155, 147, 25, 83, 47, 194, 141, 8, 198], [183, 230, 228, 223, 208, 49, 54, 255, 229, 51, 172, 128, 250, 27, 66, 212, 172, 159, 121, 48, 212, 32, 22, 201, 0, 208, 173, 23, 14, 17, 11, 155], [168, 241, 69, 204, 46, 47, 155, 72, 82, 227, 47, 162, 9, 116, 83, 101, 169, 203, 26, 74, 93, 165, 147, 30, 117, 27, 201, 9, 11, 221, 35, 172], [122, 242, 220, 45, 147, 157, 244, 21, 174, 253, 9, 27, 232, 166, 247, 111, 63, 217, 120, 140, 105, 24, 149, 210, 202, 188, 175, 10, 54, 175, 108, 148], [206, 51, 132, 243, 155, 30, 57, 191, 243, 36, 42, 220, 192, 59, 197, 230, 32, 124, 145, 43, 135, 17, 110, 173, 67, 197, 74, 13, 60, 32, 89, 44], [156, 153, 67, 14, 250, 44, 125, 82, 227, 108, 119, 124, 117, 177, 137, 17, 119, 108, 215, 43, 192, 135, 156, 14, 168, 145, 180, 37, 138, 122, 254, 150], [231, 159, 71, 134, 194, 91, 164, 121, 244, 59, 37, 217, 242, 104, 140, 25, 229, 133, 82, 128, 202, 183, 238, 127, 6, 251, 58, 15, 88, 155, 15, 47], [124, 114, 164, 73, 130, 42, 153, 165, 33, 25, 188, 202, 17, 195, 44, 18, 69, 62, 145, 8, 26, 20, 149, 108, 189, 176, 73, 41, 145, 196, 86, 216], [211, 12, 26, 78, 13, 133, 69, 132, 33, 241, 216, 100, 236, 187, 37, 129, 158, 145, 110, 233, 191, 160, 246, 129, 7, 128, 195, 9, 239, 97, 109, 169], [154, 25, 124, 242, 10, 160, 216, 194, 111, 81, 197, 204, 75, 149, 84, 111, 113, 7, 191, 175, 15, 140, 156, 116, 181, 157, 26, 7, 167, 105, 235, 93], [226, 17, 219, 227, 103, 107, 71, 189, 171, 250, 242, 132, 210, 92, 80, 173, 68, 241, 96, 239, 171, 217, 171, 132, 129, 98, 5, 33, 195, 204, 13, 36], [81, 75, 202, 43, 28, 187, 25, 57, 85, 238, 191, 219, 252, 228, 132, 162, 108, 26, 66, 52, 141, 200, 46, 137, 170, 120, 193, 18, 44, 170, 226, 153], [0, 121, 217, 150, 96, 40, 37, 4, 84, 39, 106, 179, 1, 185, 143, 210, 69, 8, 71, 157, 60, 119, 5, 214, 223, 253, 14, 12, 132, 48, 111, 180], [197, 64, 86, 16, 113, 15, 88, 47, 60, 124, 193, 187, 96, 115, 252, 222, 73, 43, 14, 132, 156, 215, 2, 88, 200, 213, 162, 29, 44, 62, 183, 203], [232, 254, 168, 198, 217, 132, 97, 91, 96, 162, 102, 20, 234, 207, 140, 106, 96, 4, 158, 240, 3, 246, 44, 135, 125, 147, 79, 38, 250, 121, 182, 55], [207, 153, 84, 111, 45, 166, 104, 7, 57, 129, 15, 234, 26, 223, 30, 155, 131, 247, 130, 103, 79, 125, 114, 116, 22, 251, 64, 33, 166, 102, 131, 78], [249, 243, 40, 180, 115, 95, 50, 40, 186, 37, 144, 253, 134, 243, 167, 177, 220, 218, 77, 28, 241, 10, 192, 198, 157, 174, 1, 48, 77, 131, 198, 160], [71, 242, 203, 204, 95, 36, 9, 97, 88, 233, 113, 173, 66, 121, 98, 230, 50, 78, 205, 80, 218, 34, 191, 108, 92, 83, 35, 15, 133, 152, 227, 187], [11, 184, 4, 217, 89, 44, 112, 218, 176, 44, 150, 159, 20, 173, 218, 77, 179, 198, 172, 164, 99, 11, 114, 135, 179, 151, 179, 18, 125, 211, 0, 170], [54, 130, 167, 222, 232, 198, 22, 240, 131, 77, 216, 151, 98, 193, 185, 79, 151, 254, 28, 59, 187, 191, 30, 214, 250, 113, 186, 18, 47, 144, 101, 198], [220, 172, 1, 16, 5, 127, 3, 205, 25, 52, 114, 167, 106, 171, 72, 63, 176, 72, 164, 219, 87, 240, 35, 36, 142, 82, 110, 12, 202, 41, 124, 46], [224, 9, 121, 93, 164, 3, 91, 120, 13, 29, 169, 255, 250, 150, 199, 49, 31, 71, 51, 125, 110, 224, 18, 11, 120, 220, 169, 29, 10, 230, 217, 218], [97, 73, 12, 59, 230, 105, 164, 232, 178, 60, 203, 124, 19, 85, 106, 221, 116, 110, 169, 0, 75, 59, 139, 73, 134, 6, 235, 19, 161, 91, 66, 96], [205, 38, 183, 87, 233, 113, 130, 160, 71, 234, 44, 101, 171, 227, 82, 223, 126, 26, 176, 225, 114, 248, 14, 229, 66, 24, 42, 30, 2, 190, 113, 193], [105, 167, 150, 203, 207, 87, 246, 128, 148, 57, 78, 135, 255, 126, 154, 243, 255, 127, 208, 236, 166, 219, 155, 137, 241, 134, 32, 29, 166, 161, 58, 120], [73, 101, 105, 228, 163, 88, 239, 199, 73, 128, 84, 50, 178, 116, 46, 162, 55, 43, 160, 214, 182, 167, 34, 252, 47, 54, 58, 18, 249, 162, 95, 113], [66, 4, 164, 81, 45, 151, 245, 3, 164, 80, 14, 182, 220, 239, 31, 53, 61, 107, 177, 238, 228, 227, 154, 220, 178, 100, 19, 8, 224, 150, 185, 88], [243, 134, 222, 169, 35, 72, 135, 37, 20, 198, 243, 159, 179, 170, 72, 75, 2, 240, 8, 30, 185, 219, 108, 228, 247, 236, 185, 18, 200, 84, 58, 200], [224, 42, 11, 135, 26, 224, 211, 245, 181, 243, 7, 173, 226, 41, 140, 191, 49, 139, 20, 31, 189, 93, 150, 164, 47, 173, 73, 24, 103, 102, 195, 127], [35, 5, 66, 146, 105, 130, 234, 66, 125, 164, 141, 247, 169, 173, 56, 54, 180, 85, 71, 154, 112, 196, 196, 252, 122, 97, 170, 29, 9, 54, 75, 78], [219, 126, 210, 150, 232, 244, 192, 101, 68, 136, 5, 156, 118, 211, 93, 127, 238, 188, 137, 137, 131, 131, 19, 138, 195, 84, 126, 35, 169, 63, 184, 253], [152, 92, 32, 125, 166, 93, 74, 6, 109, 198, 167, 26, 101, 68, 85, 52, 156, 57, 211, 255, 83, 152, 251, 87, 120, 52, 49, 33, 131, 76, 61, 109], [172, 100, 88, 72, 25, 186, 249, 156, 128, 99, 28, 100, 186, 164, 147, 38, 217, 200, 51, 47, 210, 151, 43, 80, 68, 118, 32, 36, 158, 189, 196, 218], [125, 47, 0, 191, 230, 108, 39, 98, 36, 164, 217, 124, 248, 19, 44, 77, 26, 12, 125, 184, 213, 7, 54, 137, 250, 25, 51, 15, 243, 38, 13, 14], [41, 76, 205, 170, 35, 180, 255, 223, 156, 101, 255, 163, 10, 52, 59, 64, 102, 39, 14, 218, 16, 168, 127, 166, 226, 150, 79, 16, 88, 44, 120, 27], [166, 223, 138, 209, 168, 104, 252, 65, 116, 9, 232, 183, 217, 232, 176, 152, 43, 181, 219, 207, 56, 202, 216, 188, 16, 40, 124, 41, 222, 196, 137, 246], [120, 119, 49, 181, 64, 190, 138, 59, 27, 68, 237, 39, 214, 31, 76, 107, 156, 80, 177, 52, 195, 107, 44, 213, 48, 193, 44, 10, 239, 208, 4, 189], [112, 172, 149, 106, 228, 97, 117, 38, 29, 97, 153, 223, 131, 111, 208, 232, 138, 144, 116, 232, 240, 213, 88, 36, 98, 38, 232, 6, 226, 236, 77, 121], [234, 24, 39, 12, 167, 245, 204, 180, 65, 152, 151, 44, 169, 192, 37, 29, 177, 177, 120, 253, 212, 79, 43, 66, 226, 237, 69, 47, 157, 124, 35, 62], [107, 9, 92, 92, 25, 161, 139, 104, 65, 228, 183, 4, 104, 67, 124, 8, 143, 77, 208, 136, 188, 252, 114, 5, 227, 161, 19, 25, 223, 63, 181, 250], [61, 191, 119, 157, 151, 25, 20, 142, 224, 28, 161, 116, 118, 50, 111, 205, 237, 177, 125, 202, 156, 163, 130, 2, 224, 248, 13, 44, 170, 128, 89, 154], [171, 130, 196, 223, 115, 41, 230, 255, 79, 134, 201, 146, 245, 20, 5, 121, 39, 248, 127, 47, 109, 163, 190, 219, 143, 172, 80, 23, 75, 182, 191, 67], [141, 204, 199, 51, 236, 193, 106, 103, 53, 170, 82, 120, 106, 32, 136, 246, 250, 215, 49, 87, 174, 162, 171, 247, 127, 80, 147, 3, 152, 56, 86, 156], [115, 142, 159, 183, 138, 169, 94, 139, 34, 211, 70, 231, 65, 162, 109, 105, 86, 41, 221, 108, 61, 89, 86, 79, 70, 53, 113, 3, 57, 129, 228, 253], [80, 240, 104, 167, 53, 50, 165, 191, 206, 23, 244, 31, 126, 127, 189, 144, 140, 190, 64, 92, 118, 184, 3, 213, 218, 23, 183, 35, 175, 196, 38, 60], [163, 253, 128, 132, 2, 33, 19, 221, 110, 151, 58, 176, 27, 182, 19, 24, 96, 28, 115, 75, 236, 70, 219, 145, 44, 25, 243, 44, 249, 62, 233, 135], [113, 43, 109, 85, 205, 78, 120, 86, 11, 56, 9, 28, 88, 84, 52, 87, 127, 195, 241, 29, 83, 196, 128, 144, 102, 106, 200, 11, 238, 232, 27, 166], [57, 79, 26, 231, 68, 32, 13, 165, 32, 40, 162, 154, 194, 90, 85, 141, 197, 229, 212, 173, 103, 20, 29, 239, 24, 90, 196, 29, 211, 187, 225, 31], [196, 241, 167, 142, 48, 234, 142, 116, 105, 177, 227, 218, 68, 80, 107, 194, 83, 185, 154, 233, 6, 0, 137, 23, 38, 24, 4, 34, 89, 20, 97, 50], [221, 60, 6, 85, 72, 170, 100, 195, 112, 66, 223, 252, 154, 253, 43, 244, 240, 95, 123, 10, 194, 139, 20, 242, 89, 244, 159, 18, 133, 246, 141, 54], [58, 50, 139, 89, 10, 209, 70, 172, 90, 99, 249, 51, 53, 176, 210, 52, 169, 107, 223, 248, 154, 158, 164, 51, 47, 118, 0, 23, 195, 161, 167, 3], [153, 98, 103, 159, 29, 196, 190, 133, 86, 154, 187, 184, 105, 251, 5, 77, 218, 216, 238, 155, 133, 85, 79, 28, 254, 150, 45, 37, 247, 97, 31, 98], [11, 76, 156, 66, 11, 89, 224, 89, 2, 165, 1, 48, 22, 48, 135, 105, 221, 149, 254, 171, 72, 114, 38, 220, 78, 123, 185, 18, 132, 91, 213, 212], [125, 41, 185, 156, 111, 6, 179, 226, 58, 208, 197, 222, 243, 92, 123, 52, 220, 108, 97, 28, 164, 74, 226, 196, 116, 183, 54, 11, 155, 19, 90, 84], [181, 36, 117, 113, 126, 30, 220, 173, 99, 48, 213, 97, 34, 69, 102, 50, 237, 25, 224, 62, 229, 123, 53, 120, 211, 129, 206, 19, 206, 179, 215, 155], [155, 240, 135, 130, 24, 109, 225, 125, 86, 19, 47, 69, 216, 98, 10, 78, 3, 81, 158, 129, 228, 65, 18, 187, 99, 190, 79, 9, 140, 127, 25, 171], [235, 1, 82, 55, 95, 37, 222, 181, 241, 20, 44, 119, 78, 220, 77, 253, 67, 123, 158, 110, 130, 202, 172, 69, 143, 246, 160, 7, 121, 73, 165, 60], [123, 155, 152, 185, 116, 93, 144, 234, 58, 87, 82, 82, 133, 245, 118, 51, 179, 244, 177, 54, 69, 94, 31, 38, 15, 144, 20, 39, 85, 73, 60, 170], [61, 226, 247, 121, 186, 235, 83, 242, 249, 162, 123, 135, 50, 192, 162, 103, 125, 126, 121, 177, 53, 124, 118, 217, 245, 125, 234, 37, 74, 62, 29, 144], [214, 118, 190, 115, 13, 211, 109, 225, 194, 1, 197, 76, 166, 186, 248, 151, 232, 119, 115, 143, 94, 21, 202, 33, 55, 56, 130, 35, 40, 52, 148, 41], [106, 74, 253, 180, 36, 104, 80, 26, 57, 33, 1, 230, 7, 94, 176, 214, 117, 170, 188, 117, 79, 42, 146, 103, 147, 66, 113, 24, 253, 190, 95, 72], [64, 21, 98, 200, 127, 247, 3, 135, 206, 104, 188, 74, 183, 157, 136, 233, 205, 205, 220, 40, 203, 138, 103, 191, 59, 22, 226, 12, 188, 53, 28, 156], [164, 120, 165, 86, 251, 39, 205, 42, 199, 143, 45, 39, 243, 105, 47, 43, 58, 201, 7, 184, 48, 230, 1, 179, 247, 72, 49, 11, 8, 202, 106, 171], [52, 144, 206, 80, 226, 98, 41, 79, 235, 24, 26, 109, 173, 200, 177, 211, 171, 206, 150, 35, 250, 3, 6, 198, 193, 189, 72, 0, 229, 39, 217, 139], [72, 227, 179, 54, 223, 153, 119, 212, 114, 7, 33, 178, 231, 158, 239, 231, 191, 199, 204, 255, 104, 101, 52, 251, 5, 23, 127, 44, 63, 51, 18, 45], [226, 251, 81, 235, 170, 103, 72, 25, 166, 81, 103, 42, 176, 143, 207, 173, 10, 119, 185, 148, 47, 156, 43, 27, 177, 144, 27, 48, 77, 119, 206, 229], [78, 54, 82, 24, 200, 189, 175, 32, 11, 95, 199, 90, 12, 68, 190, 172, 233, 72, 19, 143, 38, 217, 116, 35, 184, 176, 18, 42, 89, 122, 165, 106], [144, 56, 7, 5, 169, 241, 131, 13, 219, 118, 245, 243, 217, 238, 100, 168, 6, 96, 70, 127, 221, 31, 171, 187, 221, 39, 119, 32, 147, 89, 106, 237], [90, 130, 111, 27, 16, 228, 18, 28, 182, 225, 241, 43, 195, 41, 19, 99, 203, 69, 88, 194, 183, 44, 241, 90, 145, 1, 124, 39, 238, 130, 215, 109], [134, 83, 25, 55, 228, 216, 237, 90, 182, 243, 139, 163, 131, 105, 28, 217, 175, 229, 9, 57, 76, 128, 134, 37, 149, 38, 237, 15, 81, 65, 164, 242], [104, 163, 239, 212, 93, 42, 118, 187, 176, 176, 63, 4, 170, 58, 199, 87, 236, 221, 64, 108, 245, 247, 238, 87, 132, 189, 30, 18, 131, 184, 126, 70], [194, 28, 234, 147, 43, 32, 222, 93, 154, 238, 234, 40, 87, 63, 213, 122, 255, 19, 164, 53, 63, 59, 228, 10, 248, 165, 117, 39, 164, 64, 129, 46], [26, 179, 173, 152, 63, 112, 185, 204, 147, 247, 93, 48, 232, 205, 78, 133, 85, 51, 154, 150, 230, 208, 59, 58, 64, 133, 217, 40, 196, 68, 254, 145], [84, 111, 54, 168, 97, 170, 147, 10, 247, 123, 150, 110, 6, 25, 172, 6, 183, 49, 172, 130, 234, 100, 77, 214, 122, 168, 238, 8, 56, 226, 59, 164], [50, 3, 223, 50, 76, 230, 136, 29, 200, 128, 19, 243, 59, 133, 233, 38, 56, 149, 165, 148, 39, 28, 78, 78, 104, 255, 211, 16, 60, 236, 60, 99], [147, 204, 136, 190, 4, 206, 138, 134, 244, 64, 48, 15, 177, 183, 106, 125, 135, 1, 119, 194, 136, 240, 224, 21, 164, 243, 83, 37, 109, 181, 153, 167], [214, 132, 220, 217, 152, 72, 14, 114, 225, 128, 133, 207, 142, 101, 144, 207, 89, 38, 172, 230, 251, 153, 32, 61, 109, 1, 139, 13, 11, 17, 64, 117], [131, 191, 151, 125, 136, 252, 230, 225, 156, 41, 81, 136, 172, 160, 22, 4, 47, 68, 217, 245, 160, 175, 80, 203, 206, 90, 16, 11, 163, 192, 3, 245], [176, 86, 47, 91, 162, 19, 131, 255, 20, 176, 228, 86, 252, 60, 197, 183, 103, 6, 29, 202, 190, 78, 197, 249, 184, 57, 243, 19, 74, 124, 176, 226], [48, 26, 190, 153, 203, 128, 195, 3, 176, 64, 51, 230, 217, 51, 65, 96, 240, 214, 9, 143, 91, 252, 123, 154, 28, 212, 236, 29, 249, 164, 21, 170], [140, 195, 217, 159, 23, 129, 1, 175, 133, 112, 133, 1, 135, 186, 251, 173, 25, 14, 98, 79, 83, 49, 114, 234, 229, 127, 198, 40, 253, 128, 204, 245], [229, 113, 98, 162, 193, 73, 174, 100, 225, 41, 78, 177, 131, 36, 64, 33, 198, 110, 70, 41, 206, 163, 181, 70, 86, 122, 119, 18, 109, 7, 10, 254], [234, 56, 185, 190, 17, 209, 253, 19, 240, 115, 68, 58, 191, 215, 192, 227, 147, 16, 100, 82, 53, 12, 91, 220, 77, 122, 205, 43, 179, 134, 114, 233], [234, 177, 171, 28, 51, 243, 112, 159, 202, 13, 1, 218, 83, 145, 125, 9, 199, 80, 122, 69, 246, 153, 224, 207, 121, 247, 107, 9, 49, 219, 125, 178], [251, 227, 224, 237, 49, 70, 243, 39, 89, 152, 244, 190, 63, 245, 86, 63, 135, 35, 255, 192, 232, 4, 31, 214, 224, 88, 205, 7, 148, 118, 10, 239], [43, 218, 116, 31, 90, 215, 0, 201, 198, 92, 128, 189, 9, 199, 3, 120, 239, 244, 213, 114, 51, 6, 81, 17, 249, 86, 248, 38, 38, 186, 121, 132], [8, 8, 123, 66, 216, 165, 224, 145, 116, 150, 67, 137, 62, 3, 121, 45, 155, 211, 179, 196, 35, 185, 180, 38, 215, 230, 48, 29, 30, 50, 76, 13], [203, 103, 21, 219, 48, 76, 222, 101, 6, 36, 171, 50, 28, 180, 133, 189, 28, 182, 137, 1, 108, 207, 51, 56, 42, 143, 88, 3, 245, 179, 81, 192], [83, 115, 75, 52, 35, 29, 19, 253, 236, 71, 108, 48, 106, 70, 128, 115, 123, 238, 83, 124, 191, 217, 207, 106, 119, 200, 95, 18, 41, 203, 48, 203], [75, 36, 11, 97, 92, 126, 147, 2, 139, 70, 214, 100, 65, 164, 251, 195, 153, 143, 198, 182, 189, 208, 253, 168, 72, 191, 11, 45, 24, 74, 158, 0], [119, 170, 209, 234, 68, 255, 58, 124, 5, 152, 97, 222, 181, 113, 109, 34, 161, 203, 202, 54, 123, 119, 179, 254, 93, 209, 58, 22, 166, 194, 177, 59], [232, 122, 173, 153, 0, 53, 9, 102, 92, 147, 60, 136, 1, 168, 40, 19, 240, 104, 221, 22, 69, 67, 221, 57, 18, 125, 98, 4, 47, 6, 223, 143], [50, 152, 61, 198, 73, 201, 83, 28, 186, 25, 255, 128, 187, 241, 246, 182, 157, 57, 186, 254, 56, 145, 52, 89, 47, 15, 133, 7, 161, 58, 203, 156], [46, 17, 115, 162, 140, 149, 104, 2, 53, 215, 68, 15, 92, 176, 88, 110, 198, 220, 114, 161, 228, 92, 84, 167, 96, 209, 1, 44, 33, 123, 173, 121], [147, 142, 194, 124, 38, 103, 249, 249, 51, 39, 208, 63, 231, 48, 232, 85, 80, 15, 88, 131, 5, 126, 48, 29, 90, 26, 250, 2, 188, 59, 141, 35], [255, 75, 106, 174, 95, 12, 211, 9, 99, 171, 203, 167, 252, 110, 12, 93, 12, 223, 41, 224, 76, 20, 133, 147, 47, 104, 126, 0, 55, 156, 97, 25], [217, 56, 102, 110, 229, 170, 37, 85, 227, 57, 21, 105, 10, 207, 80, 87, 232, 109, 240, 103, 157, 82, 112, 86, 206, 240, 249, 18, 139, 193, 239, 180], [23, 64, 182, 141, 45, 190, 158, 94, 46, 191, 181, 239, 96, 233, 116, 36, 170, 102, 38, 216, 220, 139, 172, 77, 67, 230, 229, 47, 98, 232, 247, 190], [203, 99, 41, 253, 222, 249, 68, 209, 43, 190, 109, 186, 109, 79, 79, 235, 169, 136, 45, 159, 176, 48, 66, 168, 93, 240, 58, 42, 69, 189, 57, 191], [234, 188, 135, 27, 227, 111, 53, 44, 251, 8, 203, 16, 100, 44, 123, 229, 81, 195, 199, 13, 168, 48, 121, 233, 42, 95, 139, 27, 239, 209, 70, 139], [213, 38, 70, 151, 70, 8, 208, 134, 2, 16, 186, 35, 236, 78, 103, 143, 163, 73, 91, 80, 8, 92, 112, 13, 15, 133, 105, 28, 2, 64, 67, 25], [44, 207, 152, 32, 170, 90, 60, 60, 150, 97, 182, 134, 249, 43, 6, 156, 100, 130, 136, 170, 129, 111, 184, 247, 71, 239, 216, 20, 103, 214, 155, 164], [150, 203, 78, 207, 63, 92, 58, 124, 170, 205, 165, 155, 62, 22, 146, 177, 192, 83, 178, 73, 171, 123, 76, 92, 123, 181, 37, 16, 230, 46, 223, 97], [50, 135, 206, 237, 150, 179, 201, 41, 86, 92, 196, 37, 157, 241, 102, 155, 50, 31, 177, 209, 229, 168, 62, 116, 200, 63, 247, 9, 48, 132, 112, 72], [22, 166, 168, 102, 140, 18, 178, 91, 16, 154, 187, 104, 200, 192, 63, 219, 233, 217, 144, 36, 227, 227, 216, 163, 188, 109, 176, 46, 97, 206, 157, 118], [228, 4, 82, 78, 246, 22, 168, 62, 59, 14, 189, 113, 192, 102, 26, 230, 131, 38, 159, 230, 67, 247, 242, 108, 170, 14, 109, 38, 38, 70, 202, 122], [2, 112, 71, 70, 133, 25, 17, 223, 60, 94, 158, 171, 32, 44, 197, 76, 39, 213, 251, 13, 73, 209, 204, 119, 97, 58, 228, 3, 58, 211, 40, 109], [186, 153, 111, 199, 122, 254, 12, 197, 41, 199, 235, 234, 221, 14, 21, 197, 190, 236, 156, 201, 109, 24, 128, 5, 188, 179, 95, 18, 180, 34, 149, 92], [222, 134, 37, 47, 199, 92, 119, 224, 216, 244, 189, 17, 37, 79, 35, 28, 174, 178, 169, 53, 173, 196, 122, 91, 234, 63, 147, 3, 13, 42, 84, 107], [92, 242, 176, 116, 18, 204, 100, 163, 103, 163, 149, 172, 127, 73, 108, 188, 247, 88, 179, 238, 187, 135, 177, 219, 182, 154, 4, 30, 74, 216, 17, 42], [54, 77, 240, 174, 201, 66, 210, 135, 99, 102, 156, 56, 3, 222, 40, 227, 171, 236, 148, 132, 145, 91, 99, 215, 228, 43, 59, 4, 212, 235, 74, 199], [67, 82, 143, 129, 244, 18, 215, 195, 218, 115, 195, 223, 207, 52, 92, 152, 37, 131, 38, 74, 49, 195, 209, 145, 155, 207, 198, 1, 140, 185, 192, 43], [15, 79, 158, 169, 116, 249, 236, 47, 176, 198, 213, 245, 150, 104, 20, 184, 126, 162, 129, 211, 241, 45, 111, 38, 9, 29, 61, 10, 115, 17, 50, 17], [211, 57, 145, 186, 152, 183, 154, 164, 182, 246, 189, 183, 141, 35, 37, 233, 144, 194, 41, 110, 248, 220, 95, 79, 215, 126, 157, 46, 61, 212, 206, 66], [212, 204, 95, 93, 99, 115, 14, 198, 244, 144, 82, 132, 218, 125, 136, 161, 7, 62, 165, 51, 51, 196, 133, 144, 141, 186, 114, 34, 165, 76, 74, 49], [108, 244, 163, 180, 12, 13, 66, 213, 36, 175, 188, 42, 180, 38, 63, 164, 208, 116, 94, 13, 13, 123, 157, 114, 10, 178, 83, 46, 152, 236, 11, 55], [88, 76, 34, 167, 183, 144, 13, 134, 49, 135, 68, 244, 173, 181, 74, 121, 20, 252, 157, 59, 114, 72, 101, 66, 93, 161, 33, 6, 162, 176, 50, 167], [170, 151, 124, 135, 128, 189, 47, 147, 108, 187, 196, 108, 169, 49, 66, 221, 229, 208, 241, 170, 28, 37, 148, 110, 104, 156, 16, 2, 68, 201, 9, 117], [241, 200, 66, 187, 137, 141, 57, 127, 11, 89, 167, 200, 140, 255, 248, 226, 28, 119, 105, 18, 221, 82, 193, 9, 143, 23, 162, 32, 103, 84, 46, 5], [6, 167, 64, 130, 117, 226, 4, 35, 173, 103, 194, 213, 162, 73, 47, 249, 174, 114, 76, 185, 188, 190, 184, 138, 55, 105, 0, 42, 117, 53, 100, 237], [11, 244, 240, 30, 20, 244, 134, 222, 163, 22, 111, 41, 190, 49, 200, 93, 66, 99, 50, 11, 187, 226, 217, 226, 11, 91, 123, 46, 224, 168, 78, 211], [16, 229, 223, 185, 23, 232, 108, 69, 228, 2, 191, 193, 186, 14, 82, 136, 7, 211, 3, 255, 108, 225, 120, 86, 59, 229, 99, 6, 148, 36, 182, 195], [251, 239, 108, 39, 158, 18, 209, 189, 9, 80, 93, 32, 110, 165, 158, 123, 72, 122, 225, 175, 219, 51, 15, 247, 3, 221, 245, 1, 251, 20, 47, 162], [2, 236, 66, 207, 48, 164, 158, 120, 43, 172, 103, 244, 81, 169, 254, 119, 158, 168, 168, 110, 210, 62, 177, 186, 136, 125, 160, 10, 61, 43, 162, 122], [132, 85, 50, 241, 197, 4, 182, 49, 198, 1, 82, 188, 130, 54, 162, 121, 41, 168, 111, 142, 150, 169, 254, 53, 41, 221, 197, 32, 76, 232, 77, 54], [20, 160, 221, 108, 92, 38, 211, 239, 101, 190, 25, 163, 11, 175, 130, 9, 24, 157, 167, 73, 87, 97, 128, 38, 234, 208, 195, 37, 76, 88, 63, 114], [16, 101, 113, 192, 77, 116, 138, 129, 22, 89, 114, 210, 64, 227, 124, 219, 25, 240, 112, 7, 154, 99, 241, 176, 37, 107, 230, 12, 227, 182, 127, 158], [104, 213, 198, 135, 85, 26, 74, 156, 51, 65, 167, 120, 249, 9, 70, 125, 13, 205, 70, 190, 131, 7, 155, 184, 119, 93, 66, 14, 54, 143, 2, 207], [216, 44, 75, 142, 244, 157, 73, 20, 40, 202, 90, 149, 140, 253, 84, 208, 126, 112, 208, 172, 225, 127, 162, 224, 226, 57, 54, 36, 100, 70, 253, 57], [174, 182, 89, 180, 55, 176, 39, 204, 93, 41, 218, 30, 100, 78, 59, 4, 169, 120, 9, 250, 165, 152, 150, 40, 251, 240, 33, 34, 4, 193, 253, 222], [1, 62, 30, 218, 165, 134, 7, 74, 224, 28, 231, 109, 64, 200, 174, 14, 213, 35, 173, 224, 87, 155, 65, 168, 172, 247, 143, 13, 70, 134, 105, 17], [228, 104, 190, 8, 85, 185, 56, 56, 32, 132, 78, 194, 119, 42, 132, 9, 186, 11, 20, 213, 164, 34, 230, 114, 3, 177, 93, 15, 226, 89, 22, 39], [27, 134, 196, 222, 160, 166, 73, 254, 14, 188, 4, 136, 42, 24, 252, 224, 19, 79, 143, 0, 136, 85, 143, 156, 64, 79, 150, 42, 1, 119, 19, 199], [50, 35, 98, 51, 56, 17, 57, 48, 113, 230, 50, 213, 229, 45, 253, 119, 252, 57, 60, 227, 132, 125, 75, 110, 111, 157, 6, 33, 18, 14, 129, 204], [230, 22, 16, 176, 154, 250, 135, 57, 176, 149, 78, 227, 93, 58, 111, 130, 86, 217, 248, 20, 13, 239, 77, 250, 217, 145, 122, 33, 15, 222, 9, 200], [233, 226, 206, 28, 179, 77, 2, 113, 28, 58, 134, 164, 156, 220, 76, 45, 254, 155, 165, 126, 70, 235, 201, 163, 115, 243, 62, 10, 28, 87, 121, 158], [23, 144, 95, 140, 126, 244, 61, 147, 167, 11, 14, 25, 249, 220, 254, 22, 140, 50, 180, 77, 156, 219, 161, 142, 115, 110, 165, 29, 56, 31, 115, 16], [45, 169, 81, 31, 218, 124, 111, 247, 116, 48, 251, 242, 192, 123, 52, 84, 184, 169, 170, 57, 227, 180, 103, 61, 255, 90, 37, 38, 147, 123, 0, 89], [38, 234, 73, 76, 138, 245, 108, 255, 14, 96, 112, 154, 42, 146, 61, 241, 81, 102, 247, 240, 125, 46, 197, 75, 5, 238, 168, 21, 104, 232, 50, 32], [116, 190, 231, 172, 94, 199, 146, 81, 153, 18, 218, 99, 39, 48, 131, 247, 72, 85, 186, 234, 150, 194, 140, 188, 26, 204, 43, 16, 131, 58, 164, 51], [43, 1, 158, 29, 226, 230, 202, 47, 87, 188, 210, 44, 160, 56, 38, 112, 92, 136, 176, 83, 90, 87, 216, 78, 199, 109, 199, 17, 223, 20, 74, 184], [162, 205, 56, 143, 46, 3, 223, 22, 248, 87, 167, 51, 54, 40, 254, 137, 109, 240, 149, 205, 146, 221, 164, 36, 88, 130, 56, 32, 215, 164, 63, 60], [152, 99, 126, 17, 203, 222, 124, 187, 81, 95, 127, 157, 7, 136, 15, 170, 49, 221, 29, 10, 203, 182, 208, 179, 252, 230, 6, 46, 48, 222, 188, 113], [169, 246, 103, 122, 163, 31, 31, 212, 9, 84, 70, 19, 3, 103, 138, 135, 249, 193, 208, 217, 80, 184, 85, 122, 56, 16, 1, 33, 209, 63, 72, 116], [110, 178, 13, 170, 150, 48, 74, 8, 159, 62, 150, 121, 216, 220, 129, 30, 239, 101, 122, 29, 193, 35, 111, 21, 219, 167, 5, 24, 23, 31, 192, 102], [109, 149, 184, 193, 233, 170, 82, 148, 135, 22, 59, 132, 90, 241, 246, 249, 188, 131, 127, 222, 216, 231, 219, 102, 58, 62, 99, 15, 68, 40, 190, 87], [218, 210, 122, 172, 128, 13, 57, 142, 162, 15, 190, 158, 253, 95, 243, 214, 153, 80, 102, 180, 1, 145, 82, 66, 121, 164, 105, 35, 180, 114, 225, 220], [141, 11, 91, 157, 31, 120, 42, 200, 67, 110, 255, 233, 108, 66, 133, 106, 239, 254, 8, 61, 174, 131, 106, 210, 142, 58, 147, 42, 88, 174, 220, 96], [54, 128, 220, 12, 186, 153, 30, 26, 15, 236, 33, 152, 57, 231, 209, 178, 33, 49, 56, 134, 107, 241, 153, 17, 55, 69, 133, 32, 147, 138, 155, 251], [136, 128, 197, 158, 109, 82, 71, 160, 77, 252, 129, 173, 240, 21, 252, 22, 199, 70, 71, 123, 123, 28, 199, 14, 228, 19, 209, 5, 137, 41, 107, 94], [169, 59, 60, 86, 235, 53, 38, 205, 102, 36, 227, 91, 137, 254, 5, 233, 73, 51, 66, 7, 49, 236, 51, 10, 241, 2, 247, 1, 241, 169, 147, 4], [165, 59, 196, 124, 228, 22, 115, 67, 127, 225, 2, 167, 147, 35, 221, 152, 7, 255, 89, 82, 204, 192, 228, 251, 43, 156, 52, 43, 221, 215, 68, 101], [16, 168, 35, 117, 0, 158, 241, 105, 240, 137, 5, 176, 201, 201, 35, 78, 128, 17, 162, 40, 245, 110, 211, 206, 57, 228, 129, 39, 86, 83, 233, 211], [113, 80, 92, 191, 168, 179, 254, 36, 18, 137, 126, 240, 201, 52, 164, 232, 174, 70, 246, 101, 93, 223, 76, 229, 70, 178, 47, 5, 57, 234, 66, 119], [109, 106, 236, 137, 243, 212, 205, 115, 53, 244, 73, 81, 66, 187, 254, 91, 21, 232, 74, 183, 22, 201, 129, 187, 19, 3, 176, 2, 41, 220, 160, 143], [238, 93, 55, 167, 60, 116, 217, 100, 19, 154, 166, 186, 136, 185, 17, 170, 1, 123, 223, 222, 193, 143, 230, 200, 196, 188, 147, 11, 58, 81, 86, 167], [30, 100, 149, 168, 83, 197, 53, 251, 228, 26, 219, 237, 248, 244, 231, 253, 66, 125, 221, 28, 103, 215, 121, 133, 236, 238, 21, 32, 30, 33, 220, 72], [40, 46, 233, 148, 80, 86, 152, 3, 126, 208, 218, 220, 212, 158, 111, 215, 180, 202, 112, 217, 103, 16, 75, 24, 174, 145, 208, 36, 172, 24, 83, 114], [154, 198, 179, 95, 4, 246, 26, 252, 143, 206, 69, 134, 184, 230, 42, 11, 201, 197, 174, 162, 237, 133, 72, 104, 146, 78, 109, 32, 102, 128, 158, 20], [220, 134, 229, 178, 179, 88, 188, 72, 67, 106, 218, 96, 244, 32, 16, 47, 83, 251, 62, 25, 171, 210, 20, 175, 251, 205, 129, 27, 49, 105, 220, 34], [119, 215, 73, 133, 11, 153, 150, 151, 149, 152, 161, 221, 97, 249, 47, 45, 107, 99, 190, 138, 144, 45, 251, 88, 232, 22, 171, 52, 225, 124, 222, 195], [58, 5, 59, 137, 217, 113, 181, 31, 78, 0, 167, 54, 105, 55, 113, 82, 99, 74, 17, 159, 126, 205, 28, 50, 119, 128, 226, 20, 186, 239, 24, 192], [209, 201, 181, 227, 195, 99, 152, 181, 155, 147, 176, 229, 20, 91, 107, 236, 79, 59, 3, 106, 58, 35, 248, 32, 172, 184, 37, 21, 203, 79, 154, 24], [164, 155, 70, 89, 54, 194, 58, 225, 28, 1, 13, 81, 150, 46, 223, 52, 146, 135, 206, 140, 110, 254, 60, 248, 86, 56, 38, 33, 228, 59, 196, 10], [100, 174, 33, 187, 33, 240, 215, 239, 162, 79, 16, 105, 95, 157, 142, 223, 177, 135, 128, 193, 85, 203, 115, 101, 254, 30, 23, 8, 124, 173, 226, 191], [114, 240, 217, 226, 86, 8, 55, 135, 116, 105, 116, 70, 199, 41, 162, 76, 36, 190, 129, 43, 187, 161, 244, 232, 27, 22, 62, 15, 164, 178, 92, 36], [247, 230, 52, 35, 214, 23, 241, 245, 150, 230, 108, 152, 2, 143, 201, 235, 147, 61, 135, 250, 55, 116, 245, 110, 48, 29, 134, 2, 32, 20, 238, 228], [6, 70, 224, 31, 20, 206, 195, 103, 244, 49, 17, 93, 136, 171, 50, 80, 186, 220, 238, 146, 84, 104, 44, 148, 16, 112, 45, 48, 180, 61, 170, 16], [45, 198, 82, 98, 82, 240, 2, 73, 111, 76, 31, 240, 12, 210, 184, 94, 130, 118, 129, 141, 195, 9, 178, 194, 16, 216, 128, 44, 39, 233, 142, 243], [15, 70, 64, 28, 121, 252, 173, 0, 157, 56, 112, 58, 213, 172, 78, 49, 252, 104, 97, 37, 213, 55, 5, 77, 98, 222, 54, 0, 56, 233, 29, 43], [176, 160, 164, 73, 112, 229, 236, 96, 28, 81, 89, 21, 82, 49, 0, 234, 195, 174, 81, 249, 146, 194, 178, 97, 142, 132, 119, 28, 127, 240, 126, 62], [157, 71, 225, 66, 37, 233, 91, 225, 221, 85, 247, 214, 26, 31, 122, 231, 69, 88, 165, 185, 166, 164, 32, 49, 0, 48, 169, 7, 183, 235, 156, 11], [175, 200, 169, 219, 210, 139, 139, 113, 10, 106, 156, 176, 49, 215, 250, 25, 46, 25, 94, 188, 90, 101, 154, 124, 73, 193, 72, 6, 200, 12, 254, 153], [121, 68, 63, 249, 103, 225, 21, 135, 179, 20, 138, 192, 66, 57, 7, 154, 112, 237, 170, 254, 130, 251, 16, 176, 114, 30, 187, 40, 153, 146, 106, 48], [62, 3, 22, 71, 43, 107, 180, 158, 86, 1, 163, 149, 12, 201, 38, 25, 153, 103, 253, 81, 241, 157, 234, 177, 100, 116, 128, 5, 4, 238, 3, 98], [8, 25, 56, 69, 47, 156, 208, 8, 95, 18, 9, 117, 98, 98, 16, 40, 187, 236, 185, 17, 254, 212, 244, 111, 228, 64, 138, 38, 248, 98, 53, 208], [174, 166, 218, 131, 13, 69, 202, 57, 30, 76, 207, 3, 192, 156, 71, 157, 192, 171, 75, 2, 180, 241, 27, 141, 116, 173, 255, 13, 67, 15, 121, 118], [14, 115, 232, 246, 93, 46, 161, 95, 50, 88, 120, 34, 251, 245, 112, 89, 251, 88, 150, 166, 43, 203, 60, 113, 142, 13, 218, 9, 153, 119, 31, 166], [107, 118, 89, 195, 54, 207, 198, 143, 137, 166, 218, 131, 93, 24, 95, 225, 88, 202, 56, 56, 41, 214, 51, 93, 237, 111, 236, 35, 123, 86, 3, 177], [2, 100, 186, 204, 211, 7, 199, 206, 142, 130, 80, 248, 249, 165, 39, 97, 69, 140, 99, 197, 79, 171, 18, 16, 170, 33, 97, 3, 36, 71, 133, 215], [218, 65, 252, 110, 29, 251, 185, 25, 88, 244, 54, 235, 81, 79, 212, 143, 173, 138, 0, 12, 160, 147, 160, 44, 176, 78, 48, 39, 204, 166, 121, 39], [20, 40, 102, 111, 185, 194, 170, 153, 2, 232, 48, 159, 99, 178, 89, 32, 113, 185, 236, 242, 217, 244, 30, 209, 200, 44, 3, 45, 39, 209, 56, 227], [163, 201, 7, 26, 128, 223, 106, 10, 94, 98, 176, 172, 36, 39, 77, 27, 180, 218, 13, 93, 8, 222, 114, 148, 175, 141, 132, 18, 39, 156, 244, 34], [214, 105, 14, 18, 24, 112, 237, 31, 196, 62, 92, 78, 133, 73, 3, 32, 85, 122, 77, 220, 138, 169, 2, 254, 55, 22, 145, 26, 248, 5, 197, 245], [123, 42, 201, 249, 79, 190, 169, 19, 17, 55, 9, 29, 124, 212, 160, 235, 33, 105, 180, 57, 152, 213, 227, 77, 148, 110, 20, 28, 32, 97, 136, 181], [64, 34, 18, 42, 117, 90, 132, 72, 205, 43, 37, 73, 216, 14, 126, 97, 97, 203, 2, 220, 158, 246, 46, 227, 58, 56, 211, 21, 144, 44, 181, 206], [22, 99, 82, 174, 196, 92, 20, 173, 65, 253, 83, 75, 79, 167, 207, 174, 84, 245, 166, 152, 78, 135, 37, 45, 114, 171, 119, 17, 73, 175, 56, 156], [214, 176, 15, 101, 251, 225, 91, 117, 120, 196, 176, 208, 6, 118, 208, 191, 205, 16, 4, 103, 231, 35, 176, 248, 144, 205, 16, 8, 98, 231, 27, 251], [224, 189, 125, 112, 54, 135, 26, 191, 70, 133, 198, 75, 120, 22, 174, 43, 63, 103, 31, 53, 54, 43, 47, 67, 46, 249, 147, 19, 254, 77, 68, 60], [64, 219, 16, 215, 145, 232, 21, 243, 24, 166, 208, 198, 86, 226, 176, 193, 232, 52, 76, 81, 66, 124, 129, 232, 225, 128, 83, 40, 17, 134, 48, 79], [144, 204, 208, 216, 54, 105, 173, 241, 69, 183, 201, 32, 27, 94, 81, 71, 237, 70, 254, 98, 178, 103, 105, 139, 47, 94, 75, 1, 15, 150, 58, 200], [60, 246, 40, 174, 236, 250, 173, 42, 29, 159, 106, 107, 162, 38, 180, 201, 51, 109, 178, 24, 250, 252, 80, 217, 117, 230, 104, 35, 212, 193, 220, 53], [117, 174, 200, 44, 68, 113, 122, 159, 142, 64, 170, 149, 14, 147, 160, 121, 217, 198, 150, 203, 252, 208, 54, 55, 221, 114, 38, 28, 56, 103, 66, 16], [218, 149, 247, 141, 160, 207, 195, 61, 116, 203, 22, 44, 187, 49, 205, 183, 130, 216, 157, 159, 47, 163, 224, 7, 253, 103, 251, 12, 89, 238, 216, 92], [240, 138, 145, 164, 137, 45, 135, 63, 250, 218, 66, 135, 78, 170, 206, 239, 167, 109, 184, 249, 123, 109, 71, 163, 117, 127, 204, 12, 13, 189, 65, 167], [200, 126, 94, 16, 170, 15, 61, 254, 85, 133, 86, 133, 166, 11, 112, 14, 72, 59, 245, 60, 101, 103, 140, 212, 98, 160, 187, 19, 221, 254, 177, 74], [43, 65, 230, 86, 151, 87, 37, 113, 137, 174, 141, 173, 84, 51, 76, 139, 7, 229, 67, 37, 170, 252, 78, 85, 188, 216, 25, 36, 58, 64, 59, 49], [78, 13, 194, 43, 227, 186, 52, 106, 59, 229, 42, 18, 183, 76, 17, 115, 110, 10, 91, 123, 196, 56, 165, 12, 16, 174, 168, 28, 150, 42, 26, 198], [21, 64, 179, 133, 117, 103, 88, 73, 125, 181, 135, 216, 32, 175, 22, 167, 9, 74, 171, 44, 71, 149, 56, 101, 120, 183, 160, 22, 4, 184, 108, 72], [174, 236, 200, 46, 227, 114, 105, 66, 142, 82, 5, 223, 9, 70, 2, 48, 50, 9, 175, 99, 15, 241, 125, 14, 113, 179, 93, 37, 168, 199, 196, 95], [38, 135, 5, 239, 67, 143, 105, 220, 36, 135, 67, 72, 91, 240, 79, 56, 32, 109, 64, 99, 213, 111, 200, 193, 60, 145, 248, 24, 67, 69, 16, 144], [104, 159, 87, 13, 170, 87, 8, 38, 3, 24, 124, 184, 83, 18, 127, 81, 132, 60, 161, 84, 26, 175, 179, 210, 1, 155, 6, 11, 160, 216, 204, 73], [84, 221, 0, 76, 164, 99, 72, 255, 227, 242, 128, 134, 160, 103, 7, 133, 97, 101, 58, 108, 61, 166, 146, 201, 157, 207, 79, 48, 185, 99, 145, 61], [236, 128, 233, 159, 100, 163, 231, 167, 119, 124, 145, 30, 179, 137, 248, 224, 195, 54, 54, 233, 87, 217, 155, 61, 240, 58, 117, 23, 118, 72, 26, 96], [121, 85, 5, 67, 248, 75, 225, 79, 87, 239, 23, 45, 96, 108, 12, 3, 92, 206, 61, 173, 166, 92, 248, 153, 110, 112, 190, 8, 142, 153, 235, 154], [42, 11, 55, 156, 40, 39, 138, 192, 25, 238, 239, 120, 170, 206, 136, 160, 242, 14, 26, 207, 209, 198, 149, 163, 130, 19, 239, 24, 222, 72, 205, 230], [98, 120, 154, 141, 147, 66, 170, 122, 94, 5, 22, 43, 67, 181, 242, 9, 74, 92, 144, 106, 52, 24, 20, 14, 36, 204, 194, 13, 232, 30, 171, 233], [146, 194, 206, 115, 98, 119, 197, 104, 88, 90, 238, 26, 185, 27, 44, 143, 150, 224, 175, 136, 99, 69, 224, 50, 171, 10, 24, 21, 180, 191, 254, 103], [159, 82, 227, 124, 19, 231, 58, 49, 95, 191, 213, 89, 152, 39, 11, 188, 108, 47, 234, 206, 7, 133, 36, 47, 169, 106, 129, 24, 95, 222, 209, 238], [131, 201, 81, 200, 42, 83, 172, 255, 56, 16, 147, 124, 164, 60, 85, 242, 31, 101, 160, 47, 198, 90, 81, 174, 199, 67, 76, 27, 156, 84, 195, 246], [6, 94, 182, 56, 205, 26, 83, 27, 239, 21, 28, 18, 84, 106, 55, 61, 27, 10, 90, 245, 93, 35, 74, 225, 99, 233, 229, 42, 31, 192, 195, 163], [79, 24, 93, 4, 117, 75, 162, 213, 198, 221, 168, 31, 116, 194, 133, 47, 188, 192, 180, 133, 11, 44, 233, 152, 134, 135, 80, 40, 97, 45, 55, 107], [185, 203, 246, 222, 195, 174, 254, 217, 31, 94, 244, 206, 50, 156, 249, 188, 13, 4, 181, 98, 38, 159, 42, 216, 20, 3, 85, 45, 40, 61, 185, 52], [199, 115, 195, 55, 24, 127, 207, 146, 202, 140, 216, 119, 233, 149, 251, 81, 250, 132, 155, 50, 30, 116, 72, 72, 236, 198, 19, 8, 167, 131, 80, 187], [227, 80, 102, 176, 71, 201, 242, 230, 72, 130, 248, 254, 7, 182, 143, 212, 6, 201, 39, 12, 184, 222, 214, 183, 128, 202, 134, 36, 217, 136, 52, 159], [198, 80, 93, 196, 255, 167, 184, 230, 181, 109, 201, 216, 195, 36, 50, 145, 85, 253, 194, 27, 242, 64, 206, 226, 124, 44, 2, 38, 68, 170, 88, 58], [213, 147, 77, 57, 177, 71, 16, 180, 228, 152, 36, 104, 25, 160, 224, 130, 46, 80, 186, 224, 222, 252, 183, 12, 16, 37, 51, 23, 110, 116, 72, 57], [80, 59, 195, 119, 141, 34, 185, 129, 219, 252, 183, 190, 153, 51, 79, 240, 96, 72, 141, 156, 55, 95, 99, 254, 245, 33, 98, 10, 163, 128, 169, 3], [110, 27, 107, 71, 9, 238, 17, 80, 91, 42, 174, 232, 99, 174, 3, 102, 181, 127, 253, 68, 235, 39, 34, 174, 240, 17, 33, 22, 112, 42, 67, 220], [81, 44, 83, 238, 144, 169, 157, 167, 18, 2, 63, 14, 54, 34, 82, 127, 69, 158, 60, 54, 26, 48, 46, 1, 161, 241, 161, 10, 127, 80, 179, 131], [126, 145, 193, 107, 22, 31, 67, 72, 39, 170, 90, 157, 31, 132, 128, 167, 100, 27, 55, 75, 88, 244, 81, 67, 205, 92, 197, 7, 215, 210, 57, 252], [196, 95, 205, 77, 252, 32, 212, 192, 126, 104, 66, 137, 39, 54, 47, 2, 113, 167, 19, 130, 15, 112, 3, 224, 209, 92, 194, 37, 87, 209, 176, 175], [232, 37, 200, 7, 215, 180, 14, 1, 17, 199, 50, 225, 202, 2, 0, 196, 184, 170, 195, 55, 9, 137, 10, 161, 101, 28, 154, 3, 244, 246, 154, 62], [241, 60, 165, 248, 98, 90, 130, 235, 116, 243, 186, 133, 19, 53, 43, 166, 85, 85, 190, 32, 208, 9, 126, 135, 234, 230, 37, 42, 53, 249, 84, 100], [149, 229, 118, 13, 183, 131, 25, 165, 6, 183, 225, 234, 90, 117, 136, 15, 6, 226, 19, 238, 152, 195, 53, 200, 254, 134, 17, 20, 83, 6, 226, 153], [37, 79, 123, 67, 42, 112, 239, 124, 28, 119, 198, 17, 74, 35, 86, 219, 96, 240, 145, 151, 89, 150, 179, 89, 136, 103, 62, 6, 60, 159, 74, 81], [39, 232, 18, 158, 68, 246, 93, 109, 144, 66, 33, 111, 92, 202, 225, 142, 149, 119, 9, 8, 195, 147, 188, 100, 18, 193, 82, 20, 98, 36, 9, 127], [39, 61, 244, 24, 223, 169, 112, 31, 86, 1, 11, 120, 65, 217, 97, 142, 219, 10, 223, 52, 232, 138, 79, 24, 102, 158, 109, 10, 148, 202, 255, 172], [123, 64, 107, 142, 162, 60, 7, 208, 74, 244, 222, 148, 159, 142, 99, 233, 149, 231, 144, 158, 54, 35, 150, 77, 204, 77, 93, 51, 229, 216, 115, 89], [239, 78, 44, 35, 174, 32, 1, 73, 59, 105, 118, 31, 28, 127, 31, 243, 218, 58, 113, 131, 65, 21, 226, 200, 12, 176, 246, 37, 133, 212, 158, 21], [127, 219, 140, 130, 70, 37, 64, 109, 246, 129, 145, 247, 200, 190, 182, 197, 137, 151, 139, 250, 105, 22, 106, 162, 84, 185, 122, 28, 80, 130, 44, 184], [144, 138, 131, 250, 65, 94, 11, 161, 246, 109, 118, 228, 40, 231, 5, 167, 90, 20, 254, 91, 81, 142, 31, 32, 238, 127, 216, 8, 199, 10, 108, 124], [159, 176, 192, 174, 189, 0, 110, 63, 192, 140, 56, 248, 120, 15, 198, 119, 31, 32, 209, 113, 89, 2, 177, 116, 8, 132, 39, 11, 247, 122, 80, 32], [134, 1, 157, 65, 75, 108, 102, 199, 154, 252, 10, 179, 52, 113, 123, 218, 91, 49, 82, 92, 216, 17, 18, 193, 132, 206, 139, 39, 123, 96, 163, 144], [174, 142, 98, 164, 168, 127, 233, 136, 226, 28, 228, 185, 252, 108, 213, 107, 115, 152, 9, 151, 206, 204, 103, 129, 105, 185, 62, 27, 161, 246, 165, 82], [169, 57, 109, 127, 70, 83, 110, 224, 47, 252, 202, 208, 10, 74, 211, 103, 106, 75, 110, 192, 210, 92, 135, 20, 211, 136, 185, 25, 111, 178, 108, 198], [66, 214, 144, 71, 9, 33, 102, 112, 239, 52, 33, 249, 88, 173, 218, 246, 23, 200, 98, 38, 196, 229, 237, 4, 55, 211, 92, 41, 166, 6, 215, 133], [109, 82, 179, 188, 70, 119, 3, 136, 97, 110, 182, 198, 82, 14, 174, 25, 76, 250, 225, 247, 86, 67, 170, 204, 159, 197, 170, 22, 38, 154, 53, 181], [150, 111, 4, 136, 157, 137, 18, 81, 207, 16, 153, 162, 24, 177, 72, 167, 149, 151, 84, 194, 145, 65, 1, 157, 22, 73, 1, 15, 121, 68, 90, 6], [233, 198, 96, 144, 75, 141, 63, 191, 26, 158, 106, 230, 120, 5, 182, 191, 205, 228, 128, 199, 52, 107, 158, 38, 136, 177, 117, 43, 161, 39, 193, 216], [230, 120, 249, 241, 119, 123, 18, 116, 191, 215, 77, 47, 211, 19, 56, 121, 39, 63, 176, 144, 107, 241, 231, 226, 187, 181, 155, 9, 206, 184, 34, 210], [45, 197, 191, 171, 65, 61, 50, 169, 118, 204, 22, 177, 228, 82, 203, 193, 232, 96, 207, 240, 244, 52, 147, 186, 234, 156, 238, 4, 54, 54, 185, 192], [70, 222, 101, 9, 187, 161, 155, 172, 26, 254, 201, 214, 9, 247, 6, 6, 247, 255, 49, 177, 61, 251, 59, 93, 21, 59, 247, 28, 170, 209, 218, 169], [186, 186, 95, 5, 72, 52, 177, 65, 19, 218, 60, 250, 74, 255, 99, 249, 199, 235, 209, 42, 108, 136, 102, 88, 175, 135, 202, 18, 255, 215, 205, 245], [222, 23, 193, 79, 177, 197, 12, 173, 245, 73, 92, 217, 211, 194, 109, 124, 83, 72, 74, 131, 7, 196, 37, 197, 30, 119, 174, 31, 157, 43, 162, 46], [92, 209, 192, 54, 69, 150, 192, 38, 126, 144, 68, 157, 18, 89, 29, 136, 238, 89, 126, 141, 189, 23, 203, 136, 195, 198, 153, 29, 249, 172, 216, 172], [212, 124, 194, 233, 17, 225, 183, 50, 79, 27, 96, 84, 188, 233, 69, 25, 158, 165, 224, 150, 166, 24, 202, 112, 14, 145, 79, 14, 154, 165, 96, 252], [128, 69, 236, 210, 95, 18, 156, 168, 210, 61, 169, 121, 176, 189, 191, 83, 249, 146, 77, 157, 159, 231, 55, 61, 97, 116, 18, 41, 103, 194, 110, 195], [134, 69, 42, 196, 116, 164, 143, 99, 45, 80, 51, 54, 212, 7, 72, 228, 197, 45, 168, 33, 211, 161, 114, 61, 58, 123, 120, 15, 173, 87, 28, 220], [149, 70, 52, 105, 45, 184, 213, 191, 190, 44, 216, 29, 173, 154, 193, 45, 189, 178, 2, 27, 138, 184, 249, 163, 17, 218, 81, 7, 253, 24, 188, 19], [81, 120, 0, 51, 233, 33, 184, 59, 125, 255, 36, 59, 212, 192, 131, 56, 145, 58, 204, 100, 114, 176, 77, 116, 251, 184, 211, 18, 76, 104, 5, 207], [229, 74, 250, 43, 237, 255, 236, 143, 13, 133, 143, 55, 231, 194, 116, 87, 106, 151, 93, 43, 199, 146, 89, 235, 201, 93, 224, 28, 19, 252, 58, 66], [126, 125, 7, 193, 28, 89, 181, 148, 28, 7, 212, 112, 131, 118, 126, 179, 224, 134, 48, 175, 227, 3, 106, 9, 252, 24, 117, 15, 251, 148, 119, 9], [49, 65, 38, 16, 160, 202, 132, 216, 131, 229, 241, 95, 118, 149, 12, 42, 76, 174, 242, 140, 98, 13, 216, 245, 168, 240, 131, 19, 35, 195, 193, 144], [1, 225, 72, 134, 26, 172, 8, 142, 119, 118, 145, 162, 179, 76, 120, 168, 145, 23, 145, 178, 164, 48, 32, 56, 16, 221, 198, 14, 125, 75, 128, 203], [184, 92, 192, 174, 171, 139, 24, 144, 8, 178, 224, 204, 14, 195, 194, 230, 148, 251, 117, 211, 170, 56, 145, 230, 111, 91, 78, 26, 67, 136, 99, 39], [228, 207, 76, 142, 53, 81, 135, 84, 35, 241, 206, 144, 140, 66, 220, 17, 246, 164, 236, 140, 217, 155, 10, 51, 230, 165, 130, 11, 202, 177, 252, 12], [94, 47, 96, 141, 225, 62, 89, 216, 136, 184, 160, 202, 78, 149, 190, 154, 33, 74, 218, 228, 126, 103, 160, 250, 2, 243, 21, 22, 72, 6, 231, 205], [184, 72, 191, 139, 20, 118, 185, 151, 30, 33, 223, 125, 213, 99, 119, 159, 233, 174, 199, 116, 8, 211, 20, 75, 209, 207, 239, 8, 209, 68, 21, 104], [128, 103, 168, 250, 213, 255, 47, 243, 13, 207, 12, 145, 1, 16, 249, 168, 62, 146, 52, 175, 11, 137, 87, 109, 20, 199, 181, 3, 146, 186, 4, 60], [79, 142, 223, 222, 120, 132, 30, 58, 1, 122, 255, 195, 155, 49, 59, 221, 255, 96, 152, 184, 251, 50, 99, 145, 5, 11, 174, 37, 118, 184, 103, 112], [150, 36, 120, 65, 183, 202, 65, 117, 131, 155, 116, 6, 92, 72, 136, 216, 119, 179, 27, 9, 30, 23, 218, 115, 94, 135, 174, 44, 119, 164, 195, 245], [62, 18, 233, 236, 238, 245, 120, 224, 22, 178, 127, 96, 102, 237, 117, 236, 182, 118, 109, 82, 87, 111, 237, 76, 167, 102, 218, 37, 3, 100, 135, 84], [3, 151, 225, 74, 227, 118, 108, 72, 156, 32, 31, 151, 158, 250, 173, 60, 177, 83, 109, 183, 157, 62, 218, 182, 223, 74, 50, 44, 38, 204, 105, 121], [143, 181, 0, 54, 173, 168, 122, 139, 94, 122, 39, 51, 70, 60, 161, 167, 174, 177, 51, 220, 123, 88, 46, 51, 230, 51, 219, 8, 68, 153, 245, 131], [19, 245, 62, 241, 169, 83, 5, 32, 245, 73, 98, 0, 191, 93, 211, 68, 5, 242, 226, 0, 140, 97, 87, 42, 147, 3, 50, 4, 126, 202, 159, 152], [229, 220, 129, 78, 145, 215, 68, 228, 117, 170, 17, 76, 145, 210, 106, 200, 67, 30, 185, 97, 27, 9, 88, 243, 28, 157, 1, 29, 206, 212, 87, 206], [86, 227, 154, 28, 238, 156, 243, 240, 214, 226, 128, 132, 94, 55, 13, 240, 187, 252, 33, 55, 196, 172, 14, 43, 79, 32, 113, 46, 173, 250, 226, 115], [51, 253, 2, 121, 90, 163, 12, 184, 169, 88, 210, 15, 112, 138, 143, 195, 159, 169, 154, 40, 114, 172, 66, 58, 14, 240, 21, 26, 121, 40, 37, 10], [192, 168, 133, 31, 159, 45, 126, 119, 186, 135, 0, 19, 255, 32, 116, 145, 250, 72, 46, 129, 101, 243, 34, 182, 35, 46, 243, 1, 135, 87, 37, 39], [23, 229, 185, 151, 226, 230, 184, 177, 39, 78, 154, 22, 153, 54, 22, 182, 163, 146, 1, 145, 13, 26, 243, 93, 81, 58, 96, 23, 131, 147, 100, 84], [154, 164, 101, 84, 137, 9, 225, 106, 74, 35, 96, 156, 81, 124, 123, 205, 109, 86, 9, 237, 234, 37, 143, 99, 143, 138, 8, 11, 67, 180, 150, 156], [171, 111, 138, 66, 241, 50, 252, 14, 40, 55, 8, 190, 16, 9, 178, 75, 195, 189, 51, 3, 99, 143, 34, 63, 94, 39, 178, 26, 196, 105, 24, 132], [124, 231, 186, 231, 3, 193, 144, 253, 70, 71, 33, 251, 11, 220, 5, 180, 72, 239, 70, 203, 62, 122, 162, 125, 227, 195, 91, 37, 92, 155, 55, 109], [152, 145, 66, 193, 190, 226, 87, 167, 35, 131, 140, 18, 18, 220, 162, 143, 156, 216, 180, 59, 83, 24, 6, 3, 42, 167, 149, 4, 84, 179, 195, 116], [22, 249, 36, 32, 71, 213, 141, 88, 163, 61, 194, 13, 65, 208, 190, 164, 242, 7, 86, 214, 51, 245, 5, 76, 113, 48, 191, 8, 89, 11, 225, 26], [230, 254, 27, 58, 228, 43, 224, 206, 225, 9, 40, 216, 192, 57, 216, 222, 233, 165, 60, 216, 252, 23, 39, 123, 212, 72, 226, 6, 243, 73, 185, 99], [0, 147, 251, 27, 70, 245, 227, 15, 238, 44, 191, 137, 28, 136, 194, 220, 195, 61, 250, 225, 245, 170, 43, 149, 1, 30, 165, 39, 44, 198, 23, 198], [27, 1, 139, 6, 73, 151, 136, 223, 159, 164, 245, 115, 188, 35, 41, 184, 210, 215, 80, 225, 148, 252, 236, 190, 149, 135, 44, 41, 79, 213, 173, 207], [219, 186, 192, 216, 181, 63, 229, 91, 121, 219, 154, 120, 239, 164, 69, 12, 23, 217, 221, 172, 116, 184, 61, 9, 219, 135, 115, 18, 180, 32, 208, 240], [211, 101, 19, 5, 101, 253, 237, 103, 169, 73, 209, 94, 60, 212, 57, 231, 44, 209, 220, 132, 154, 80, 2, 238, 157, 94, 73, 40, 248, 39, 207, 8], [59, 209, 95, 99, 215, 138, 140, 12, 24, 143, 230, 30, 110, 179, 59, 117, 159, 108, 114, 11, 181, 231, 243, 215, 151, 198, 240, 29, 6, 51, 45, 162], [143, 14, 60, 161, 71, 210, 118, 90, 236, 236, 77, 85, 23, 77, 19, 101, 193, 33, 12, 46, 248, 163, 68, 74, 212, 125, 95, 47, 65, 225, 139, 194], [178, 98, 172, 4, 90, 185, 54, 20, 27, 146, 247, 67, 199, 244, 5, 235, 89, 102, 235, 210, 193, 1, 61, 109, 222, 109, 75, 41, 110, 127, 7, 66], [44, 154, 138, 26, 179, 39, 138, 223, 192, 50, 233, 92, 173, 81, 67, 233, 216, 115, 241, 117, 67, 6, 228, 200, 131, 104, 106, 26, 6, 28, 241, 21], [100, 41, 116, 55, 51, 17, 59, 84, 118, 216, 137, 83, 150, 99, 123, 150, 92, 223, 100, 229, 103, 158, 244, 115, 148, 224, 24, 7, 174, 190, 21, 213], [52, 236, 254, 241, 20, 198, 103, 213, 235, 140, 136, 77, 97, 99, 139, 217, 26, 220, 175, 52, 218, 176, 196, 155, 37, 186, 246, 31, 225, 201, 161, 90], [245, 144, 48, 28, 139, 212, 21, 63, 184, 223, 205, 96, 161, 79, 178, 111, 225, 151, 60, 239, 148, 102, 90, 103, 183, 11, 58, 31, 31, 209, 209, 211], [36, 6, 2, 177, 220, 82, 226, 90, 47, 179, 237, 11, 2, 58, 11, 176, 92, 150, 196, 99, 65, 127, 82, 212, 231, 85, 65, 28, 102, 51, 219, 125], [33, 251, 239, 31, 2, 246, 91, 41, 217, 138, 179, 54, 188, 8, 207, 17, 213, 173, 19, 201, 148, 57, 215, 121, 187, 66, 42, 17, 249, 80, 126, 62], [84, 47, 232, 96, 214, 55, 196, 195, 91, 23, 42, 160, 132, 248, 81, 250, 194, 124, 193, 96, 127, 35, 120, 27, 251, 120, 139, 11, 163, 178, 36, 232], [35, 248, 220, 216, 115, 27, 57, 177, 237, 9, 227, 182, 26, 92, 163, 196, 19, 53, 127, 28, 77, 217, 237, 30, 178, 130, 64, 33, 239, 201, 189, 239], [199, 168, 16, 240, 248, 206, 34, 185, 35, 138, 26, 14, 183, 249, 139, 44, 13, 172, 169, 222, 248, 238, 48, 59, 65, 7, 167, 34, 164, 74, 88, 240], [242, 147, 67, 99, 25, 175, 56, 183, 163, 96, 158, 224, 66, 252, 221, 188, 162, 16, 209, 155, 220, 198, 67, 194, 192, 203, 35, 15, 179, 68, 66, 20], [245, 187, 174, 5, 163, 246, 179, 75, 232, 189, 71, 173, 112, 71, 42, 215, 203, 49, 255, 11, 51, 148, 15, 223, 205, 215, 147, 15, 130, 228, 173, 180], [119, 0, 195, 178, 139, 79, 147, 204, 142, 130, 140, 230, 223, 242, 195, 204, 37, 108, 67, 36, 132, 21, 182, 158, 208, 181, 202, 15, 232, 67, 143, 41], [21, 39, 107, 181, 89, 56, 55, 16, 127, 129, 195, 190, 167, 42, 113, 203, 61, 189, 132, 210, 178, 158, 56, 245, 203, 187, 21, 6, 197, 24, 207, 35], [159, 139, 93, 137, 1, 123, 222, 155, 2, 232, 244, 176, 125, 101, 189, 180, 144, 217, 12, 148, 165, 138, 123, 66, 162, 152, 153, 32, 48, 252, 151, 107], [26, 186, 50, 114, 148, 78, 216, 204, 78, 202, 56, 184, 248, 15, 95, 125, 152, 44, 157, 152, 151, 190, 52, 43, 181, 234, 53, 6, 149, 186, 141, 103], [46, 3, 55, 165, 254, 133, 171, 173, 249, 90, 136, 204, 49, 207, 169, 14, 82, 103, 0, 52, 240, 75, 213, 253, 16, 62, 18, 44, 72, 51, 88, 80], [84, 146, 206, 39, 0, 234, 77, 127, 83, 197, 67, 15, 243, 184, 169, 24, 59, 172, 166, 227, 89, 123, 51, 60, 189, 35, 255, 19, 178, 66, 239, 112], [232, 136, 233, 150, 142, 68, 198, 186, 151, 15, 249, 202, 43, 137, 215, 114, 100, 222, 79, 132, 57, 84, 92, 227, 97, 16, 82, 4, 26, 237, 97, 207], [200, 154, 191, 144, 37, 247, 130, 104, 156, 113, 95, 92, 23, 61, 138, 69, 38, 238, 29, 65, 75, 14, 240, 218, 113, 165, 155, 26, 17, 155, 249, 228], [179, 239, 244, 120, 178, 199, 150, 28, 122, 153, 118, 120, 146, 12, 238, 18, 164, 226, 223, 251, 51, 53, 159, 108, 4, 35, 186, 47, 100, 0, 165, 87], [160, 156, 64, 81, 15, 28, 220, 135, 47, 56, 255, 38, 201, 175, 54, 231, 83, 166, 242, 107, 74, 163, 73, 97, 77, 218, 96, 10, 54, 98, 131, 243], [98, 156, 43, 195, 218, 2, 219, 75, 23, 209, 10, 31, 203, 75, 147, 110, 18, 99, 112, 188, 245, 106, 146, 116, 110, 43, 170, 0, 250, 65, 178, 126], [69, 19, 16, 220, 91, 12, 232, 138, 111, 81, 89, 103, 117, 213, 127, 83, 21, 165, 201, 213, 21, 189, 118, 235, 211, 33, 43, 3, 81, 88, 35, 23], [227, 224, 181, 112, 50, 26, 231, 176, 241, 251, 228, 57, 178, 197, 212, 232, 236, 48, 216, 181, 56, 23, 87, 82, 33, 223, 205, 41, 203, 167, 83, 125], [34, 61, 32, 36, 27, 196, 69, 216, 4, 159, 131, 153, 92, 172, 154, 142, 236, 34, 103, 138, 245, 83, 171, 58, 8, 206, 163, 8, 246, 164, 89, 193], [51, 171, 106, 203, 90, 176, 138, 183, 159, 110, 156, 93, 171, 146, 172, 152, 201, 20, 120, 2, 241, 136, 218, 142, 81, 111, 150, 6, 252, 32, 210, 179], [59, 156, 93, 156, 85, 106, 53, 166, 129, 186, 80, 165, 248, 24, 210, 216, 243, 79, 151, 241, 123, 228, 148, 251, 118, 246, 48, 48, 186, 158, 96, 11], [163, 105, 138, 217, 111, 101, 132, 244, 47, 36, 233, 205, 203, 182, 184, 133, 8, 27, 43, 54, 29, 31, 75, 247, 205, 210, 243, 30, 159, 216, 175, 100], [82, 208, 232, 202, 234, 73, 178, 114, 29, 16, 13, 181, 46, 83, 148, 208, 110, 28, 183, 224, 189, 190, 195, 55, 202, 45, 13, 38, 141, 94, 28, 205], [115, 34, 150, 98, 29, 101, 237, 115, 97, 70, 152, 201, 145, 161, 200, 251, 173, 42, 37, 130, 12, 129, 230, 233, 164, 123, 112, 17, 233, 152, 15, 41], [247, 28, 92, 48, 32, 8, 20, 42, 31, 48, 110, 180, 247, 182, 193, 86, 236, 80, 128, 94, 194, 168, 220, 203, 75, 89, 242, 25, 147, 185, 35, 187], [135, 104, 164, 179, 159, 134, 114, 143, 3, 92, 149, 118, 29, 252, 153, 218, 19, 234, 75, 57, 187, 49, 52, 243, 192, 9, 210, 44, 10, 170, 222, 11], [155, 199, 60, 242, 164, 122, 80, 12, 222, 65, 143, 94, 132, 14, 156, 240, 174, 32, 160, 5, 44, 180, 46, 198, 20, 1, 114, 21, 180, 67, 89, 29], [143, 35, 124, 136, 237, 67, 255, 216, 141, 14, 236, 32, 64, 92, 231, 166, 162, 91, 4, 127, 110, 110, 253, 237, 177, 68, 146, 3, 215, 55, 247, 20], [59, 36, 130, 149, 30, 87, 12, 255, 152, 162, 115, 185, 26, 118, 69, 169, 83, 36, 136, 165, 107, 201, 147, 89, 116, 83, 119, 28, 196, 23, 252, 161], [69, 36, 232, 15, 34, 245, 234, 95, 124, 232, 4, 19, 161, 126, 7, 139, 189, 14, 195, 167, 202, 135, 42, 222, 16, 117, 114, 39, 130, 183, 4, 211], [27, 128, 251, 43, 187, 181, 102, 93, 222, 38, 213, 37, 184, 211, 250, 138, 82, 57, 120, 11, 22, 46, 56, 253, 229, 218, 91, 48, 131, 229, 128, 54], [209, 103, 56, 44, 107, 213, 134, 8, 21, 130, 124, 132, 188, 217, 121, 246, 248, 54, 141, 16, 95, 24, 7, 3, 98, 217, 241, 8, 249, 21, 47, 85], [20, 158, 202, 243, 57, 83, 133, 214, 213, 44, 88, 162, 86, 51, 169, 6, 156, 23, 246, 59, 124, 248, 219, 15, 112, 178, 161, 31, 155, 15, 79, 214], [20, 146, 250, 169, 73, 149, 77, 35, 173, 181, 87, 178, 198, 114, 77, 214, 123, 238, 48, 152, 168, 180, 213, 50, 34, 48, 240, 20, 150, 182, 80, 10], [64, 228, 90, 33, 100, 151, 240, 124, 157, 119, 137, 82, 22, 201, 34, 130, 133, 4, 100, 97, 89, 224, 172, 220, 233, 96, 83, 17, 172, 237, 45, 2], [2, 250, 37, 146, 67, 53, 36, 69, 228, 180, 41, 229, 150, 229, 51, 171, 58, 87, 31, 32, 129, 235, 91, 174, 80, 30, 116, 27, 95, 57, 213, 23], [98, 20, 57, 133, 146, 92, 19, 202, 92, 93, 139, 117, 212, 147, 188, 195, 109, 246, 165, 151, 183, 164, 225, 10, 47, 66, 255, 30, 116, 15, 80, 60], [111, 14, 105, 70, 231, 221, 204, 3, 108, 124, 158, 71, 233, 144, 198, 138, 133, 205, 123, 0, 170, 180, 123, 3, 65, 67, 240, 30, 1, 253, 113, 194], [253, 208, 151, 92, 186, 113, 120, 147, 243, 250, 161, 249, 69, 147, 111, 194, 227, 33, 15, 208, 217, 16, 218, 144, 80, 33, 222, 30, 211, 237, 44, 156], [167, 125, 183, 245, 165, 236, 164, 100, 37, 238, 226, 79, 116, 199, 186, 246, 48, 120, 212, 183, 127, 235, 181, 221, 49, 11, 116, 17, 190, 253, 153, 8], [74, 22, 229, 74, 242, 157, 253, 208, 169, 193, 66, 238, 143, 26, 53, 236, 65, 56, 5, 190, 5, 230, 72, 199, 205, 164, 105, 34, 177, 232, 127, 217], [81, 233, 33, 25, 61, 219, 68, 241, 171, 45, 15, 32, 136, 111, 43, 163, 189, 160, 147, 159, 163, 63, 204, 86, 46, 59, 101, 6, 178, 219, 84, 11], [130, 64, 51, 85, 218, 100, 184, 123, 108, 242, 13, 88, 149, 14, 239, 166, 89, 86, 183, 176, 34, 90, 76, 93, 86, 69, 216, 34, 150, 20, 253, 254], [196, 162, 254, 34, 80, 239, 44, 119, 229, 60, 114, 119, 213, 232, 85, 222, 248, 164, 188, 24, 134, 96, 101, 138, 68, 19, 255, 41, 189, 164, 251, 4], [171, 228, 51, 105, 3, 140, 239, 77, 18, 221, 126, 68, 31, 197, 123, 102, 131, 247, 22, 121, 252, 218, 86, 123, 42, 46, 166, 38, 241, 173, 80, 126], [82, 130, 62, 146, 149, 130, 177, 95, 35, 147, 33, 23, 151, 46, 119, 131, 232, 232, 247, 227, 11, 166, 67, 66, 213, 235, 60, 39, 97, 208, 169, 63], [51, 100, 41, 104, 77, 174, 247, 168, 141, 135, 228, 67, 222, 143, 39, 107, 185, 75, 96, 57, 238, 46, 44, 21, 34, 70, 68, 34, 86, 79, 44, 90], [196, 9, 226, 169, 247, 71, 192, 8, 110, 215, 95, 128, 198, 41, 10, 254, 205, 92, 88, 212, 29, 250, 237, 158, 157, 98, 39, 9, 135, 253, 85, 140], [106, 29, 67, 38, 132, 82, 180, 141, 120, 157, 138, 120, 86, 129, 104, 107, 157, 119, 38, 47, 51, 80, 202, 184, 162, 145, 82, 39, 242, 181, 6, 235], [206, 229, 80, 169, 48, 192, 173, 50, 103, 78, 147, 203, 207, 26, 120, 157, 117, 55, 80, 30, 107, 137, 160, 44, 99, 218, 141, 23, 176, 33, 33, 155], [147, 209, 169, 94, 94, 209, 53, 166, 237, 132, 180, 140, 225, 229, 239, 28, 70, 110, 223, 28, 53, 200, 64, 34, 204, 136, 135, 33, 85, 71, 118, 237], [71, 166, 207, 146, 92, 10, 196, 53, 42, 28, 238, 203, 141, 61, 9, 228, 64, 14, 0, 154, 190, 22, 145, 180, 15, 116, 214, 24, 144, 219, 225, 217], [77, 13, 129, 163, 209, 69, 167, 46, 188, 203, 39, 221, 177, 189, 18, 180, 243, 131, 235, 188, 15, 217, 254, 193, 43, 137, 64, 2, 83, 186, 204, 128], [135, 94, 213, 11, 83, 210, 42, 155, 149, 108, 89, 119, 64, 195, 232, 169, 34, 203, 195, 21, 31, 237, 42, 24, 181, 248, 14, 32, 87, 231, 17, 140], [255, 144, 236, 252, 200, 233, 66, 58, 105, 101, 170, 246, 74, 66, 168, 219, 112, 40, 72, 134, 11, 107, 150, 106, 4, 117, 118, 39, 244, 66, 176, 87], [143, 45, 75, 48, 58, 248, 70, 205, 251, 253, 39, 32, 29, 149, 152, 215, 147, 122, 140, 162, 10, 179, 6, 201, 189, 85, 85, 16, 25, 113, 56, 11], [52, 125, 132, 136, 170, 27, 109, 120, 62, 219, 13, 164, 230, 35, 19, 41, 18, 214, 204, 47, 126, 89, 146, 254, 54, 168, 228, 9, 123, 43, 202, 49], [202, 147, 87, 93, 198, 216, 35, 91, 72, 65, 233, 54, 120, 70, 92, 210, 64, 152, 100, 98, 90, 250, 228, 71, 197, 140, 0, 10, 234, 219, 245, 160], [76, 237, 38, 196, 27, 140, 73, 135, 249, 20, 209, 38, 60, 57, 146, 179, 99, 234, 46, 212, 59, 147, 218, 72, 238, 8, 230, 27, 204, 209, 178, 166], [76, 248, 200, 222, 198, 241, 77, 13, 73, 41, 152, 96, 229, 17, 37, 175, 117, 173, 235, 85, 207, 165, 76, 153, 173, 193, 99, 38, 190, 233, 98, 103], [135, 140, 163, 187, 99, 244, 255, 32, 140, 37, 155, 31, 232, 158, 242, 164, 40, 129, 86, 124, 60, 1, 192, 95, 171, 170, 194, 23, 37, 30, 145, 227], [54, 114, 105, 237, 83, 235, 111, 236, 29, 10, 213, 70, 192, 46, 179, 23, 177, 86, 196, 118, 193, 140, 194, 98, 207, 11, 189, 0, 234, 114, 6, 232], [193, 204, 243, 164, 237, 75, 193, 202, 176, 129, 248, 88, 113, 67, 95, 145, 244, 80, 47, 129, 72, 167, 196, 203, 230, 193, 156, 44, 34, 223, 235, 244], [223, 25, 183, 78, 57, 223, 1, 124, 115, 96, 172, 80, 157, 41, 206, 105, 5, 239, 139, 65, 104, 19, 111, 126, 163, 66, 167, 47, 171, 164, 57, 75], [131, 77, 5, 53, 60, 231, 133, 87, 138, 230, 254, 163, 163, 166, 118, 174, 106, 38, 57, 68, 27, 129, 116, 24, 112, 135, 231, 36, 159, 252, 87, 220], [165, 252, 41, 223, 165, 184, 139, 87, 68, 91, 18, 182, 228, 237, 88, 72, 225, 170, 156, 118, 206, 156, 229, 187, 242, 125, 254, 1, 154, 18, 152, 55], [231, 84, 165, 97, 77, 170, 107, 45, 115, 254, 202, 60, 59, 212, 163, 198, 98, 164, 153, 199, 172, 102, 193, 246, 1, 130, 237, 17, 168, 0, 37, 252], [112, 143, 246, 92, 231, 17, 230, 16, 77, 15, 111, 225, 120, 106, 40, 57, 213, 154, 179, 65, 91, 3, 76, 37, 128, 208, 101, 46, 209, 36, 82, 109], [148, 148, 163, 248, 3, 58, 12, 76, 74, 15, 35, 59, 178, 162, 146, 101, 16, 84, 35, 93, 177, 48, 136, 5, 115, 213, 200, 26, 41, 45, 108, 231], [88, 66, 183, 121, 70, 99, 139, 94, 133, 10, 136, 113, 240, 120, 223, 77, 59, 43, 193, 202, 62, 223, 207, 44, 114, 207, 79, 45, 26, 28, 63, 72], [179, 24, 79, 84, 75, 255, 0, 117, 253, 165, 116, 39, 196, 206, 200, 25, 122, 37, 64, 94, 155, 7, 152, 157, 2, 143, 223, 34, 30, 208, 16, 241], [189, 73, 105, 194, 70, 103, 230, 9, 12, 96, 249, 37, 109, 223, 161, 51, 123, 26, 143, 237, 234, 192, 97, 180, 0, 127, 20, 3, 220, 221, 181, 11], [107, 214, 217, 194, 96, 98, 160, 112, 210, 79, 152, 111, 88, 237, 181, 165, 66, 120, 25, 68, 111, 87, 1, 219, 188, 186, 159, 42, 97, 83, 76, 36], [59, 28, 201, 180, 207, 252, 10, 211, 158, 82, 87, 178, 232, 125, 133, 176, 46, 105, 236, 163, 23, 36, 17, 42, 81, 98, 2, 14, 200, 117, 164, 23], [8, 66, 69, 238, 48, 14, 186, 149, 224, 244, 229, 155, 170, 6, 15, 173, 168, 206, 143, 32, 151, 209, 122, 15, 173, 177, 26, 12, 230, 169, 48, 180], [219, 111, 87, 135, 189, 205, 102, 149, 242, 23, 42, 229, 116, 218, 251, 208, 135, 220, 99, 20, 18, 124, 32, 183, 33, 236, 97, 34, 47, 108, 255, 20], [53, 156, 41, 127, 177, 48, 28, 103, 251, 84, 209, 219, 61, 204, 120, 167, 57, 45, 12, 60, 121, 252, 232, 54, 220, 64, 126, 2, 189, 248, 97, 29], [74, 203, 80, 128, 178, 221, 77, 76, 54, 138, 229, 87, 31, 193, 192, 225, 24, 133, 166, 154, 49, 65, 125, 112, 252, 153, 143, 8, 49, 53, 178, 120], [107, 255, 193, 202, 252, 134, 199, 10, 133, 44, 209, 7, 20, 122, 199, 53, 183, 101, 152, 61, 190, 217, 246, 199, 7, 76, 0, 35, 138, 4, 27, 187], [204, 192, 207, 187, 218, 236, 35, 28, 91, 224, 155, 63, 62, 151, 192, 159, 157, 192, 169, 29, 248, 94, 180, 112, 118, 180, 212, 39, 164, 220, 178, 33], [62, 26, 172, 172, 228, 127, 27, 143, 95, 172, 191, 18, 223, 81, 200, 193, 36, 193, 161, 215, 238, 196, 139, 98, 218, 220, 53, 28, 194, 137, 141, 13], [35, 64, 178, 75, 83, 67, 235, 221, 25, 45, 205, 161, 115, 111, 200, 75, 167, 234, 118, 87, 254, 96, 208, 178, 50, 39, 147, 28, 146, 191, 110, 202], [26, 2, 148, 51, 125, 57, 82, 33, 149, 244, 3, 36, 58, 99, 62, 167, 236, 202, 122, 249, 69, 79, 204, 14, 66, 78, 244, 18, 133, 115, 239, 202], [243, 75, 110, 240, 57, 135, 134, 138, 119, 61, 180, 245, 233, 232, 184, 53, 15, 91, 217, 96, 43, 63, 97, 46, 64, 39, 209, 19, 204, 83, 251, 28], [188, 95, 61, 65, 128, 234, 169, 182, 87, 142, 213, 108, 16, 225, 76, 238, 50, 134, 236, 148, 227, 254, 2, 177, 150, 189, 217, 13, 247, 247, 24, 74], [141, 234, 26, 205, 229, 171, 154, 250, 211, 240, 52, 10, 244, 8, 119, 217, 215, 160, 50, 94, 189, 44, 55, 45, 12, 16, 13, 22, 52, 21, 141, 174], [17, 72, 14, 39, 14, 123, 181, 46, 90, 136, 233, 231, 137, 98, 239, 74, 85, 246, 48, 197, 200, 238, 48, 18, 177, 64, 142, 18, 80, 5, 100, 142], [137, 161, 5, 111, 167, 30, 215, 109, 189, 121, 76, 141, 105, 79, 10, 168, 222, 164, 29, 90, 108, 115, 250, 179, 102, 62, 87, 26, 207, 53, 84, 247], [226, 238, 55, 114, 24, 217, 253, 172, 151, 124, 240, 224, 51, 183, 55, 159, 88, 214, 29, 159, 149, 166, 13, 123, 41, 107, 205, 46, 129, 206, 193, 227], [130, 207, 157, 229, 24, 161, 241, 62, 184, 246, 185, 225, 235, 210, 41, 182, 137, 130, 143, 144, 54, 41, 167, 22, 70, 31, 75, 36, 154, 95, 252, 109], [248, 184, 240, 179, 117, 1, 159, 238, 208, 5, 157, 208, 142, 203, 131, 219, 178, 40, 98, 97, 23, 123, 45, 197, 0, 148, 66, 17, 198, 46, 187, 244], [147, 188, 130, 86, 116, 41, 128, 41, 217, 115, 199, 181, 113, 133, 87, 203, 44, 195, 192, 39, 243, 118, 138, 202, 44, 47, 25, 12, 14, 179, 238, 221], [15, 90, 219, 250, 208, 86, 9, 226, 22, 199, 10, 240, 27, 182, 233, 16, 208, 92, 45, 69, 221, 212, 59, 97, 38, 229, 28, 28, 4, 47, 29, 25], [232, 182, 163, 234, 182, 144, 225, 158, 169, 233, 76, 108, 242, 30, 19, 240, 106, 89, 227, 246, 239, 188, 74, 137, 231, 50, 42, 48, 60, 39, 144, 171], [192, 102, 209, 152, 122, 227, 182, 170, 168, 123, 91, 122, 93, 7, 140, 92, 195, 226, 173, 77, 129, 166, 8, 9, 198, 102, 96, 31, 67, 206, 95, 191], [46, 213, 124, 81, 214, 57, 144, 201, 231, 128, 52, 43, 107, 57, 110, 145, 75, 236, 108, 193, 57, 227, 230, 87, 139, 27, 58, 0, 190, 137, 152, 28], [187, 100, 19, 51, 150, 232, 59, 52, 132, 239, 221, 18, 232, 14, 130, 205, 13, 233, 5, 88, 207, 198, 128, 185, 213, 91, 255, 3, 191, 32, 227, 8], [137, 96, 61, 247, 104, 202, 220, 112, 146, 32, 152, 105, 137, 216, 5, 193, 87, 111, 107, 242, 94, 161, 73, 179, 116, 179, 165, 16, 122, 119, 239, 241], [98, 36, 170, 25, 218, 109, 205, 178, 23, 76, 217, 49, 249, 196, 106, 30, 42, 177, 136, 165, 85, 77, 255, 62, 228, 82, 37, 7, 136, 220, 153, 207], [141, 43, 227, 68, 36, 0, 149, 247, 254, 73, 233, 45, 212, 127, 123, 192, 94, 214, 228, 197, 202, 254, 231, 45, 254, 154, 190, 31, 157, 59, 23, 137], [134, 172, 239, 36, 109, 10, 69, 106, 208, 12, 12, 239, 82, 102, 128, 1, 108, 18, 241, 61, 215, 49, 14, 87, 22, 214, 63, 31, 163, 91, 156, 66], [87, 255, 60, 143, 81, 90, 240, 255, 65, 165, 71, 38, 221, 154, 8, 114, 77, 12, 207, 150, 252, 218, 100, 168, 130, 158, 120, 4, 234, 64, 129, 126], [68, 4, 146, 14, 198, 11, 173, 72, 74, 139, 9, 117, 55, 140, 181, 10, 231, 177, 167, 133, 131, 228, 3, 243, 34, 134, 105, 36, 164, 161, 224, 149], [191, 140, 227, 172, 59, 112, 129, 104, 79, 197, 57, 113, 128, 189, 120, 15, 105, 57, 129, 33, 45, 197, 204, 56, 240, 175, 235, 43, 30, 181, 194, 44], [93, 76, 55, 224, 201, 136, 89, 203, 225, 137, 43, 126, 7, 206, 184, 92, 224, 244, 172, 48, 22, 7, 171, 45, 239, 72, 13, 5, 85, 10, 95, 243], [241, 221, 75, 125, 169, 182, 145, 138, 42, 160, 38, 138, 51, 166, 215, 210, 27, 32, 170, 242, 72, 254, 61, 201, 58, 87, 219, 18, 179, 119, 42, 52], [52, 204, 238, 33, 177, 56, 35, 86, 227, 119, 135, 91, 11, 155, 127, 108, 48, 142, 199, 201, 50, 38, 53, 43, 188, 230, 112, 16, 242, 242, 29, 229], [36, 174, 212, 190, 227, 19, 224, 221, 102, 202, 90, 13, 42, 178, 169, 174, 154, 37, 166, 197, 224, 161, 243, 23, 56, 247, 136, 29, 141, 166, 107, 152], [33, 117, 236, 25, 153, 163, 62, 75, 24, 124, 193, 76, 146, 103, 165, 2, 108, 148, 136, 120, 221, 230, 133, 57, 83, 254, 238, 15, 254, 45, 142, 160], [248, 247, 55, 31, 178, 24, 91, 171, 147, 238, 182, 220, 251, 204, 58, 245, 138, 72, 198, 75, 212, 169, 29, 212, 142, 58, 193, 24, 71, 179, 6, 37], [98, 221, 154, 160, 221, 197, 39, 104, 57, 224, 186, 237, 112, 53, 94, 196, 69, 189, 244, 228, 102, 162, 61, 71, 161, 28, 16, 3, 73, 207, 238, 55], [30, 148, 232, 28, 219, 177, 22, 189, 253, 123, 202, 186, 97, 139, 70, 140, 43, 253, 137, 108, 85, 246, 19, 13, 228, 19, 163, 23, 54, 147, 160, 203], [221, 161, 248, 100, 87, 176, 155, 252, 78, 251, 25, 116, 224, 169, 103, 11, 3, 237, 244, 161, 65, 78, 246, 113, 220, 194, 199, 20, 193, 182, 69, 165], [207, 146, 141, 103, 165, 234, 95, 221, 137, 217, 100, 79, 203, 19, 79, 162, 121, 31, 25, 140, 25, 200, 28, 84, 64, 253, 109, 36, 5, 232, 129, 183], [234, 87, 42, 210, 41, 5, 74, 110, 148, 129, 120, 204, 154, 208, 156, 186, 164, 64, 124, 121, 240, 122, 100, 183, 199, 3, 97, 27, 134, 70, 55, 51], [71, 249, 146, 212, 231, 223, 17, 139, 7, 145, 28, 72, 146, 68, 50, 223, 60, 38, 55, 44, 16, 216, 20, 141, 50, 81, 246, 11, 180, 98, 250, 92], [172, 215, 127, 194, 219, 98, 14, 228, 145, 229, 20, 19, 147, 176, 74, 106, 219, 107, 12, 156, 200, 13, 240, 31, 178, 72, 57, 8, 110, 223, 80, 144], [191, 59, 222, 109, 35, 230, 1, 129, 133, 198, 35, 12, 125, 114, 232, 58, 217, 146, 84, 177, 255, 136, 114, 213, 104, 66, 140, 15, 212, 244, 79, 106], [18, 214, 158, 93, 68, 145, 213, 125, 17, 116, 253, 99, 144, 81, 130, 119, 28, 39, 153, 165, 53, 220, 211, 1, 195, 42, 249, 11, 217, 29, 44, 72], [87, 80, 66, 206, 105, 228, 111, 231, 11, 164, 93, 139, 224, 229, 152, 70, 221, 178, 251, 6, 42, 23, 191, 11, 10, 12, 216, 32, 102, 155, 186, 248], [173, 79, 118, 17, 4, 136, 94, 194, 223, 141, 106, 252, 209, 177, 114, 109, 9, 173, 9, 187, 243, 21, 38, 117, 3, 103, 237, 14, 162, 231, 168, 165], [148, 142, 222, 139, 206, 62, 18, 154, 232, 182, 205, 231, 67, 32, 61, 11, 75, 252, 100, 163, 215, 9, 1, 137, 242, 46, 213, 3, 73, 42, 163, 42], [204, 221, 43, 213, 199, 6, 134, 88, 21, 202, 131, 209, 147, 202, 181, 58, 234, 68, 159, 53, 194, 81, 235, 185, 238, 197, 248, 17, 165, 21, 212, 50], [130, 253, 65, 176, 190, 139, 95, 206, 168, 179, 179, 175, 25, 56, 68, 118, 107, 73, 235, 20, 82, 150, 48, 88, 128, 31, 143, 44, 221, 53, 249, 248], [67, 63, 113, 157, 32, 46, 121, 93, 178, 242, 67, 62, 36, 14, 138, 48, 197, 55, 184, 224, 158, 227, 234, 73, 171, 176, 10, 33, 80, 143, 92, 142], [8, 116, 145, 131, 223, 138, 42, 205, 5, 223, 76, 13, 63, 250, 142, 243, 226, 131, 242, 61, 187, 106, 56, 225, 10, 34, 82, 22, 214, 58, 161, 242], [9, 49, 62, 96, 51, 193, 135, 236, 79, 76, 63, 6, 70, 154, 137, 3, 119, 204, 101, 198, 158, 27, 199, 254, 4, 40, 50, 9, 247, 109, 32, 74], [14, 24, 143, 184, 173, 63, 71, 155, 139, 139, 52, 138, 30, 94, 242, 141, 211, 193, 93, 122, 110, 53, 249, 255, 103, 44, 18, 26, 50, 191, 253, 64], [144, 74, 235, 133, 184, 115, 65, 9, 210, 34, 210, 179, 73, 51, 250, 140, 16, 65, 187, 88, 52, 219, 67, 51, 155, 67, 12, 30, 95, 162, 38, 68], [209, 143, 8, 52, 180, 234, 196, 199, 56, 153, 24, 129, 83, 184, 58, 140, 104, 114, 32, 47, 228, 216, 167, 152, 249, 88, 11, 29, 53, 217, 99, 51], [106, 37, 161, 253, 253, 136, 155, 221, 135, 186, 207, 248, 19, 91, 152, 79, 77, 34, 98, 122, 83, 225, 81, 244, 71, 47, 68, 24, 232, 90, 86, 148], [69, 252, 23, 8, 217, 223, 172, 160, 88, 209, 104, 22, 10, 160, 70, 245, 77, 211, 47, 137, 69, 199, 137, 72, 121, 245, 88, 19, 52, 31, 178, 244], [177, 1, 0, 209, 100, 144, 142, 108, 200, 61, 168, 208, 191, 230, 63, 54, 24, 135, 61, 214, 180, 103, 97, 185, 211, 17, 185, 24, 11, 227, 22, 8], [250, 68, 133, 66, 45, 233, 11, 46, 105, 184, 179, 39, 233, 213, 24, 218, 220, 102, 77, 131, 87, 9, 184, 213, 44, 133, 136, 19, 234, 147, 230, 44], [217, 129, 24, 66, 180, 214, 29, 204, 61, 78, 107, 80, 38, 192, 192, 202, 32, 237, 145, 171, 29, 172, 212, 17, 116, 192, 203, 49, 60, 26, 102, 208], [28, 71, 155, 249, 95, 225, 101, 58, 40, 178, 205, 111, 116, 130, 104, 167, 217, 222, 2, 53, 210, 150, 121, 11, 70, 201, 219, 28, 136, 5, 251, 21], [9, 214, 107, 130, 45, 20, 29, 148, 230, 204, 52, 87, 111, 8, 31, 91, 15, 105, 142, 186, 92, 208, 203, 112, 189, 159, 97, 48, 226, 216, 18, 84], [245, 36, 27, 252, 35, 177, 242, 47, 164, 130, 234, 96, 76, 99, 32, 115, 199, 118, 40, 251, 131, 95, 83, 163, 63, 125, 30, 5, 35, 77, 249, 73], [235, 248, 212, 176, 154, 211, 148, 74, 137, 131, 196, 32, 227, 86, 148, 222, 183, 28, 32, 36, 162, 198, 46, 158, 48, 153, 93, 15, 101, 36, 106, 132], [33, 103, 5, 64, 105, 25, 127, 56, 237, 231, 150, 54, 17, 245, 96, 14, 239, 206, 39, 189, 165, 64, 222, 61, 51, 209, 69, 43, 75, 152, 134, 11], [114, 137, 63, 100, 229, 0, 106, 213, 115, 166, 188, 77, 35, 54, 86, 115, 112, 12, 132, 235, 248, 151, 121, 43, 94, 234, 67, 36, 158, 203, 80, 215], [87, 252, 106, 151, 163, 109, 60, 189, 44, 251, 176, 105, 237, 231, 180, 221, 161, 208, 203, 144, 175, 146, 66, 33, 168, 252, 97, 8, 91, 228, 89, 39], [186, 76, 168, 229, 251, 242, 188, 19, 231, 179, 149, 99, 95, 204, 25, 156, 7, 49, 18, 47, 154, 185, 209, 135, 6, 203, 89, 41, 169, 49, 44, 1], [191, 143, 181, 164, 233, 92, 53, 171, 100, 111, 208, 45, 112, 112, 204, 163, 20, 117, 132, 39, 122, 13, 239, 191, 202, 81, 2, 40, 153, 138, 53, 52], [239, 14, 141, 151, 124, 251, 33, 154, 234, 106, 245, 220, 116, 145, 114, 255, 79, 74, 214, 199, 4, 112, 194, 225, 57, 77, 206, 41, 254, 65, 115, 10], [4, 208, 184, 208, 20, 129, 50, 215, 219, 67, 101, 4, 14, 97, 185, 210, 98, 212, 193, 122, 238, 102, 37, 211, 180, 150, 141, 40, 104, 237, 81, 200], [232, 214, 73, 29, 231, 49, 219, 95, 197, 63, 215, 0, 228, 69, 240, 232, 90, 84, 85, 13, 111, 213, 219, 64, 101, 44, 6, 50, 73, 187, 9, 206], [18, 188, 103, 107, 120, 73, 63, 145, 181, 38, 28, 147, 79, 247, 199, 174, 83, 113, 142, 61, 59, 57, 12, 14, 190, 183, 214, 7, 198, 99, 50, 217], [1, 231, 164, 188, 56, 49, 80, 127, 210, 33, 157, 64, 70, 4, 30, 180, 115, 244, 76, 113, 67, 57, 79, 108, 177, 138, 104, 47, 115, 106, 209, 112], [24, 214, 190, 251, 198, 191, 90, 196, 169, 112, 69, 52, 141, 196, 172, 95, 39, 207, 136, 41, 174, 156, 123, 166, 41, 181, 253, 43, 132, 127, 4, 217], [15, 87, 229, 211, 146, 240, 134, 52, 30, 124, 164, 75, 157, 91, 215, 16, 87, 12, 244, 157, 11, 129, 253, 139, 83, 73, 20, 38, 212, 146, 171, 103], [254, 181, 97, 64, 198, 10, 23, 164, 231, 249, 59, 99, 208, 147, 212, 33, 143, 118, 199, 142, 123, 3, 182, 58, 73, 153, 102, 4, 136, 9, 58, 107], [227, 90, 103, 195, 26, 226, 151, 247, 231, 14, 92, 184, 48, 228, 41, 239, 215, 82, 170, 45, 171, 192, 110, 13, 245, 36, 154, 22, 88, 142, 43, 163], [202, 191, 190, 139, 198, 251, 191, 20, 224, 43, 154, 246, 7, 198, 103, 88, 50, 9, 245, 60, 203, 106, 117, 174, 181, 73, 234, 46, 183, 217, 100, 133], [221, 253, 72, 30, 167, 73, 122, 33, 70, 134, 91, 209, 243, 151, 192, 80, 72, 28, 45, 154, 114, 239, 187, 224, 111, 84, 71, 27, 239, 110, 81, 53], [76, 204, 97, 176, 198, 206, 177, 83, 177, 62, 231, 160, 85, 146, 25, 41, 132, 60, 91, 123, 94, 53, 188, 50, 189, 4, 122, 1, 194, 123, 31, 95], [254, 198, 111, 17, 162, 77, 131, 237, 42, 125, 213, 148, 90, 217, 182, 203, 100, 39, 65, 149, 79, 176, 116, 142, 125, 0, 219, 32, 205, 127, 34, 52], [85, 5, 22, 55, 63, 183, 90, 138, 11, 87, 131, 51, 231, 250, 177, 50, 209, 90, 176, 107, 29, 156, 186, 51, 202, 153, 28, 30, 129, 53, 182, 253], [206, 0, 122, 60, 130, 234, 69, 127, 86, 105, 255, 128, 195, 208, 60, 142, 5, 214, 68, 164, 157, 159, 87, 2, 3, 92, 92, 19, 122, 125, 90, 164], [193, 134, 10, 5, 78, 19, 23, 222, 133, 19, 254, 99, 118, 93, 207, 78, 229, 234, 159, 76, 12, 4, 119, 173, 168, 180, 71, 18, 111, 75, 103, 151], [122, 68, 39, 187, 150, 120, 209, 206, 10, 143, 137, 63, 245, 15, 138, 57, 94, 22, 94, 241, 234, 95, 155, 49, 67, 126, 22, 16, 246, 52, 82, 35], [140, 88, 125, 117, 181, 245, 38, 97, 69, 53, 244, 9, 122, 206, 242, 56, 8, 52, 187, 95, 152, 127, 227, 27, 30, 33, 127, 42, 9, 239, 164, 65], [144, 65, 228, 248, 174, 134, 185, 206, 96, 39, 2, 175, 191, 168, 72, 198, 233, 127, 80, 242, 128, 39, 16, 38, 209, 127, 96, 9, 81, 200, 42, 181], [138, 51, 163, 198, 215, 212, 74, 7, 76, 53, 141, 141, 227, 137, 142, 72, 174, 17, 149, 88, 145, 32, 78, 197, 84, 45, 229, 5, 92, 167, 112, 95], [196, 121, 99, 183, 208, 210, 206, 13, 105, 188, 13, 39, 46, 89, 83, 232, 145, 16, 50, 78, 27, 66, 250, 114, 68, 57, 126, 19, 148, 99, 219, 18], [213, 94, 97, 217, 89, 147, 125, 60, 135, 111, 132, 184, 16, 38, 21, 33, 200, 193, 205, 42, 244, 49, 202, 176, 64, 95, 101, 2, 115, 241, 213, 132], [113, 175, 99, 165, 106, 97, 75, 198, 115, 163, 47, 213, 42, 28, 164, 82, 119, 110, 230, 229, 94, 9, 104, 158, 135, 49, 169, 19, 179, 153, 161, 197], [65, 45, 191, 98, 51, 55, 244, 43, 10, 251, 252, 222, 76, 50, 108, 96, 238, 131, 130, 141, 53, 110, 103, 48, 50, 239, 254, 45, 121, 229, 59, 72], [12, 3, 161, 225, 42, 26, 163, 188, 74, 243, 131, 30, 202, 240, 59, 173, 204, 121, 68, 221, 77, 27, 73, 109, 203, 84, 46, 44, 91, 116, 65, 8], [210, 186, 78, 46, 211, 62, 237, 86, 218, 139, 42, 254, 219, 119, 198, 104, 224, 17, 186, 80, 178, 84, 192, 82, 90, 36, 5, 37, 110, 148, 126, 197], [152, 187, 73, 17, 163, 81, 32, 5, 173, 254, 241, 150, 148, 67, 245, 134, 230, 141, 55, 142, 205, 103, 133, 104, 221, 16, 150, 52, 236, 136, 59, 208], [68, 209, 209, 13, 186, 139, 132, 17, 183, 222, 86, 153, 129, 224, 186, 24, 214, 51, 150, 103, 119, 75, 113, 142, 24, 42, 95, 11, 69, 113, 78, 102], [183, 118, 225, 51, 243, 178, 192, 249, 196, 223, 103, 49, 139, 96, 127, 75, 11, 112, 247, 247, 106, 158, 248, 247, 167, 144, 108, 26, 83, 30, 243, 145], [233, 53, 22, 104, 123, 15, 57, 144, 165, 165, 168, 244, 253, 132, 118, 248, 228, 70, 226, 252, 157, 219, 10, 91, 197, 87, 56, 11, 254, 3, 237, 108], [163, 185, 93, 34, 48, 106, 37, 29, 227, 156, 204, 234, 255, 83, 187, 179, 210, 19, 226, 12, 136, 74, 227, 211, 64, 60, 220, 10, 244, 222, 137, 70], [45, 86, 10, 212, 17, 187, 56, 216, 235, 196, 216, 162, 95, 211, 10, 137, 209, 254, 109, 187, 139, 196, 38, 134, 173, 246, 43, 37, 34, 128, 54, 139], [154, 26, 29, 214, 224, 65, 32, 195, 137, 134, 73, 162, 111, 173, 184, 156, 227, 18, 116, 12, 76, 33, 60, 126, 75, 6, 65, 26, 244, 54, 247, 188], [77, 16, 248, 137, 98, 107, 137, 115, 3, 56, 19, 67, 143, 131, 115, 155, 28, 220, 36, 21, 244, 208, 28, 65, 206, 30, 88, 7, 192, 79, 12, 2], [118, 165, 193, 103, 140, 164, 104, 112, 42, 224, 59, 230, 254, 136, 208, 203, 200, 201, 170, 159, 211, 132, 240, 150, 62, 245, 86, 27, 83, 198, 133, 27], [201, 123, 40, 178, 42, 95, 232, 244, 141, 50, 110, 84, 206, 212, 13, 230, 153, 105, 43, 163, 53, 207, 20, 160, 164, 47, 12, 41, 8, 169, 6, 36], [93, 142, 166, 230, 188, 119, 19, 27, 59, 57, 184, 97, 72, 240, 179, 221, 61, 191, 144, 222, 208, 58, 10, 247, 56, 182, 4, 31, 137, 247, 224, 226], [157, 32, 85, 139, 122, 96, 144, 251, 149, 187, 206, 61, 20, 205, 153, 113, 76, 199, 27, 88, 88, 141, 57, 235, 15, 186, 149, 3, 97, 216, 158, 229], [186, 187, 222, 2, 50, 100, 143, 118, 127, 218, 42, 211, 47, 112, 150, 69, 117, 144, 119, 120, 108, 87, 195, 239, 135, 3, 110, 8, 190, 5, 156, 245], [120, 107, 203, 176, 18, 106, 225, 108, 251, 174, 178, 89, 73, 139, 231, 15, 106, 126, 52, 96, 209, 18, 248, 245, 98, 148, 206, 44, 250, 219, 202, 47], [19, 108, 228, 13, 191, 21, 12, 218, 218, 227, 130, 42, 219, 114, 162, 238, 6, 252, 149, 214, 242, 170, 13, 249, 189, 206, 169, 31, 180, 163, 15, 68], [78, 70, 253, 170, 1, 189, 241, 101, 128, 176, 167, 32, 134, 33, 195, 221, 158, 231, 10, 253, 10, 230, 155, 236, 31, 13, 122, 4, 119, 16, 35, 39], [127, 64, 62, 81, 208, 32, 118, 11, 199, 62, 21, 21, 201, 34, 60, 161, 32, 16, 28, 57, 85, 183, 68, 78, 123, 61, 105, 25, 147, 89, 109, 148], [200, 69, 35, 145, 139, 13, 128, 2, 17, 186, 217, 118, 215, 54, 190, 163, 23, 94, 69, 187, 30, 186, 149, 244, 82, 65, 234, 43, 171, 219, 40, 209], [42, 82, 33, 112, 99, 109, 251, 95, 87, 160, 16, 123, 84, 254, 37, 193, 216, 190, 95, 25, 93, 116, 100, 58, 28, 178, 206, 23, 120, 106, 94, 144], [158, 39, 69, 195, 204, 187, 176, 153, 62, 255, 157, 246, 160, 73, 65, 239, 54, 140, 136, 136, 219, 248, 183, 114, 133, 21, 199, 36, 35, 215, 239, 116], [156, 253, 64, 191, 242, 227, 162, 187, 9, 189, 234, 137, 145, 31, 53, 142, 234, 212, 240, 170, 149, 33, 33, 156, 240, 216, 144, 29, 207, 146, 30, 72], [120, 100, 219, 120, 192, 14, 193, 206, 82, 107, 227, 160, 188, 14, 64, 146, 127, 185, 199, 47, 78, 167, 121, 110, 237, 56, 157, 11, 49, 226, 219, 152], [214, 176, 169, 181, 236, 121, 243, 122, 23, 70, 131, 175, 246, 85, 108, 215, 0, 244, 254, 210, 180, 239, 224, 35, 183, 143, 206, 21, 127, 0, 218, 65], [56, 176, 156, 140, 236, 82, 1, 107, 66, 233, 153, 147, 35, 206, 157, 106, 155, 236, 155, 134, 201, 53, 178, 51, 180, 53, 60, 38, 85, 182, 120, 118], [195, 243, 104, 58, 232, 110, 39, 239, 73, 48, 114, 155, 228, 27, 49, 132, 58, 76, 219, 154, 197, 222, 42, 14, 250, 248, 4, 23, 200, 252, 162, 150], [222, 219, 131, 175, 160, 119, 112, 253, 78, 129, 231, 3, 58, 138, 227, 22, 27, 89, 180, 49, 96, 106, 127, 173, 190, 24, 40, 10, 120, 98, 197, 255], [9, 6, 186, 13, 22, 236, 212, 233, 104, 81, 236, 245, 220, 49, 246, 19, 220, 188, 128, 35, 218, 192, 98, 180, 91, 34, 186, 34, 141, 80, 106, 49], [149, 134, 89, 168, 255, 204, 18, 134, 122, 96, 121, 153, 215, 123, 251, 252, 77, 233, 141, 194, 243, 28, 25, 230, 226, 73, 231, 7, 173, 193, 176, 0], [55, 86, 171, 146, 127, 91, 57, 128, 7, 5, 232, 107, 87, 123, 174, 8, 190, 5, 196, 43, 97, 143, 221, 106, 209, 45, 148, 12, 186, 172, 18, 167], [129, 5, 199, 147, 141, 253, 94, 226, 22, 10, 8, 254, 133, 220, 133, 132, 104, 92, 194, 245, 53, 131, 24, 251, 143, 4, 125, 40, 153, 109, 16, 6], [174, 29, 201, 143, 249, 78, 109, 13, 116, 99, 41, 237, 153, 247, 24, 81, 170, 99, 2, 213, 9, 185, 90, 20, 113, 31, 104, 21, 44, 66, 177, 58], [35, 34, 165, 61, 138, 36, 63, 154, 37, 76, 198, 101, 240, 44, 237, 165, 6, 17, 226, 4, 71, 196, 230, 51, 142, 132, 30, 7, 130, 72, 104, 15], [71, 104, 179, 154, 204, 117, 95, 49, 161, 114, 64, 175, 228, 114, 189, 107, 226, 68, 228, 53, 146, 3, 178, 186, 152, 130, 93, 10, 27, 187, 203, 157], [243, 105, 123, 254, 2, 166, 50, 206, 107, 30, 187, 49, 109, 43, 148, 219, 175, 52, 110, 179, 226, 219, 74, 173, 228, 201, 69, 41, 27, 78, 160, 249], [139, 59, 63, 32, 29, 98, 51, 46, 105, 146, 67, 4, 233, 51, 130, 212, 217, 147, 171, 8, 81, 253, 161, 171, 62, 238, 191, 24, 122, 213, 194, 103], [83, 46, 62, 25, 26, 181, 226, 100, 212, 220, 100, 30, 234, 103, 69, 5, 192, 251, 133, 41, 57, 117, 175, 53, 70, 207, 61, 18, 193, 139, 142, 250], [24, 15, 56, 50, 159, 142, 203, 147, 70, 77, 146, 57, 21, 192, 138, 112, 141, 20, 34, 146, 215, 145, 196, 187, 114, 105, 251, 40, 205, 39, 186, 112], [195, 93, 226, 34, 115, 21, 143, 3, 189, 141, 28, 121, 115, 240, 59, 124, 246, 73, 202, 142, 240, 42, 130, 171, 44, 127, 38, 30, 0, 210, 136, 179], [221, 48, 147, 180, 102, 101, 186, 91, 212, 57, 224, 25, 92, 185, 237, 181, 197, 89, 112, 179, 31, 114, 172, 237, 146, 245, 185, 27, 180, 63, 8, 239], [11, 144, 8, 165, 94, 65, 254, 179, 222, 157, 43, 70, 51, 239, 138, 228, 63, 231, 79, 43, 121, 59, 183, 138, 198, 180, 204, 9, 69, 199, 172, 96], [2, 5, 86, 184, 184, 185, 69, 212, 202, 91, 236, 143, 253, 156, 19, 16, 149, 218, 139, 110, 157, 137, 211, 203, 25, 194, 121, 33, 147, 189, 116, 233], [10, 252, 23, 151, 46, 137, 115, 180, 178, 204, 85, 81, 42, 105, 246, 156, 118, 94, 0, 141, 176, 100, 122, 86, 172, 153, 151, 38, 32, 142, 29, 101], [138, 148, 156, 88, 24, 50, 85, 181, 168, 4, 174, 97, 252, 165, 167, 212, 210, 228, 49, 137, 242, 94, 188, 82, 119, 50, 67, 15, 24, 164, 39, 54], [56, 28, 172, 94, 215, 196, 189, 19, 192, 114, 211, 130, 57, 130, 23, 30, 70, 73, 127, 179, 127, 159, 63, 174, 172, 41, 231, 18, 59, 233, 120, 250], [11, 119, 180, 99, 114, 119, 159, 12, 25, 245, 60, 239, 183, 191, 206, 207, 46, 183, 78, 110, 120, 69, 108, 88, 47, 247, 209, 31, 47, 89, 85, 162], [222, 111, 116, 221, 181, 5, 180, 84, 209, 247, 173, 20, 36, 214, 105, 99, 112, 252, 208, 4, 170, 0, 242, 50, 198, 36, 125, 29, 211, 247, 196, 33], [47, 224, 209, 62, 243, 5, 178, 194, 12, 241, 24, 225, 224, 141, 193, 73, 24, 129, 190, 206, 206, 253, 189, 250, 69, 220, 55, 12, 80, 54, 54, 254], [122, 47, 4, 203, 182, 17, 14, 182, 97, 5, 48, 217, 202, 79, 16, 73, 188, 75, 31, 205, 255, 63, 70, 119, 74, 140, 133, 47, 189, 7, 19, 31], [76, 240, 78, 252, 200, 162, 124, 64, 9, 238, 252, 93, 175, 66, 99, 32, 116, 92, 60, 207, 75, 113, 15, 111, 238, 1, 163, 19, 247, 198, 70, 218], [155, 92, 28, 113, 214, 184, 99, 178, 47, 101, 81, 190, 146, 8, 113, 56, 250, 249, 48, 235, 41, 96, 235, 105, 40, 194, 222, 0, 192, 50, 29, 51], [188, 107, 206, 118, 254, 79, 135, 228, 149, 173, 99, 89, 243, 151, 65, 227, 130, 3, 22, 247, 71, 247, 163, 76, 40, 236, 80, 14, 18, 101, 137, 82], [135, 118, 229, 174, 12, 37, 245, 242, 152, 95, 219, 78, 49, 17, 233, 160, 45, 116, 28, 61, 140, 227, 119, 236, 222, 103, 61, 21, 116, 166, 20, 220], [106, 55, 74, 190, 214, 130, 179, 218, 54, 49, 181, 24, 252, 7, 54, 75, 177, 67, 35, 177, 189, 12, 166, 15, 30, 66, 182, 40, 53, 152, 243, 133], [143, 21, 59, 141, 128, 165, 124, 117, 248, 10, 166, 72, 44, 71, 152, 224, 136, 209, 51, 123, 157, 188, 185, 244, 147, 230, 38, 27, 172, 95, 89, 48], [237, 14, 142, 40, 179, 213, 98, 239, 250, 221, 104, 238, 166, 132, 145, 117, 0, 234, 42, 195, 245, 234, 245, 54, 198, 173, 86, 22, 31, 12, 28, 1], [101, 255, 226, 87, 66, 47, 152, 131, 224, 49, 3, 95, 73, 200, 249, 175, 161, 138, 114, 146, 181, 198, 207, 130, 243, 33, 40, 40, 108, 235, 64, 89], [82, 11, 213, 111, 142, 176, 247, 230, 110, 141, 70, 232, 15, 127, 204, 121, 212, 74, 168, 44, 245, 160, 112, 191, 46, 145, 15, 42, 40, 241, 96, 215], [177, 140, 61, 228, 74, 155, 217, 228, 176, 56, 126, 56, 20, 144, 135, 209, 20, 187, 221, 37, 116, 217, 97, 94, 127, 44, 60, 8, 100, 215, 134, 127], [228, 49, 203, 94, 161, 51, 180, 9, 189, 110, 128, 107, 64, 145, 217, 92, 245, 8, 74, 181, 111, 33, 41, 249, 184, 65, 109, 41, 154, 40, 91, 214], [66, 206, 33, 118, 199, 12, 11, 39, 255, 238, 205, 124, 250, 228, 128, 0, 170, 37, 162, 14, 233, 49, 149, 83, 170, 66, 133, 20, 56, 57, 112, 34], [70, 250, 113, 195, 236, 121, 119, 63, 52, 203, 5, 240, 65, 185, 23, 47, 101, 153, 163, 125, 173, 157, 110, 68, 215, 24, 241, 45, 173, 212, 33, 2], [212, 189, 254, 197, 197, 189, 102, 65, 146, 123, 179, 26, 99, 115, 0, 129, 12, 32, 174, 169, 64, 110, 156, 141, 200, 11, 223, 27, 91, 137, 227, 3], [128, 165, 251, 249, 3, 69, 127, 182, 30, 209, 41, 66, 129, 251, 39, 22, 123, 126, 46, 131, 122, 48, 16, 235, 158, 212, 107, 11, 9, 56, 92, 147], [240, 85, 197, 241, 53, 62, 102, 142, 203, 131, 223, 209, 225, 32, 78, 46, 24, 100, 18, 53, 88, 24, 254, 174, 208, 118, 34, 8, 186, 37, 190, 140], [17, 253, 247, 67, 9, 198, 253, 59, 74, 178, 2, 239, 103, 62, 252, 73, 187, 29, 133, 72, 243, 102, 30, 188, 150, 206, 86, 3, 62, 197, 32, 69], [38, 54, 91, 74, 87, 140, 11, 218, 197, 230, 161, 197, 123, 55, 51, 83, 158, 225, 61, 131, 209, 135, 51, 50, 162, 215, 65, 40, 192, 39, 15, 225], [156, 233, 163, 44, 60, 213, 233, 138, 1, 245, 64, 104, 138, 130, 190, 16, 123, 140, 17, 79, 123, 68, 78, 163, 170, 215, 114, 13, 145, 44, 117, 68], [213, 125, 161, 111, 184, 231, 193, 47, 239, 161, 229, 88, 197, 151, 249, 255, 239, 82, 104, 226, 88, 185, 69, 107, 140, 92, 8, 12, 195, 90, 132, 231], [28, 201, 254, 174, 97, 93, 199, 67, 81, 25, 236, 30, 232, 133, 208, 234, 53, 118, 59, 149, 247, 254, 135, 180, 237, 154, 31, 45, 182, 208, 7, 148], [65, 14, 127, 204, 212, 226, 175, 56, 162, 200, 155, 62, 152, 192, 135, 129, 198, 242, 231, 213, 208, 230, 235, 117, 230, 241, 91, 36, 130, 239, 160, 199], [179, 243, 29, 81, 238, 204, 23, 113, 217, 191, 78, 190, 170, 136, 196, 7, 120, 66, 2, 224, 76, 176, 117, 176, 210, 153, 188, 17, 111, 159, 221, 131], [232, 46, 96, 102, 198, 54, 247, 77, 221, 37, 74, 161, 89, 206, 161, 161, 26, 123, 81, 6, 3, 190, 253, 109, 168, 189, 45, 39, 127, 236, 56, 0], [13, 153, 253, 163, 3, 255, 232, 63, 20, 120, 138, 99, 0, 161, 138, 220, 21, 35, 111, 130, 92, 223, 65, 208, 151, 19, 51, 18, 216, 93, 159, 84], [46, 93, 192, 213, 198, 147, 122, 26, 180, 68, 55, 246, 3, 138, 223, 223, 155, 202, 254, 177, 38, 226, 51, 115, 202, 144, 54, 9, 144, 212, 104, 189], [212, 107, 8, 46, 111, 99, 226, 72, 82, 249, 102, 253, 156, 171, 56, 71, 207, 244, 88, 209, 229, 193, 170, 84, 127, 124, 215, 39, 127, 30, 242, 186], [176, 172, 61, 14, 139, 40, 53, 125, 67, 28, 118, 160, 28, 101, 172, 218, 229, 8, 145, 133, 158, 164, 10, 241, 202, 74, 239, 25, 201, 183, 169, 45], [108, 86, 83, 115, 114, 229, 192, 85, 165, 32, 107, 215, 249, 254, 165, 71, 53, 243, 172, 8, 68, 206, 232, 44, 254, 135, 97, 54, 200, 222, 138, 29], [102, 223, 226, 45, 2, 162, 60, 235, 77, 78, 11, 247, 64, 243, 212, 166, 208, 60, 191, 50, 139, 251, 38, 240, 167, 3, 117, 22, 242, 225, 176, 202], [190, 31, 58, 117, 95, 88, 207, 137, 155, 132, 234, 175, 128, 198, 44, 131, 226, 50, 78, 223, 246, 52, 8, 159, 86, 26, 122, 33, 246, 242, 121, 199], [185, 31, 133, 84, 122, 53, 183, 221, 123, 215, 186, 63, 104, 32, 189, 158, 176, 36, 105, 252, 99, 151, 180, 207, 240, 52, 65, 28, 215, 142, 226, 62], [52, 166, 110, 225, 3, 207, 67, 132, 64, 212, 202, 131, 74, 23, 109, 59, 30, 131, 136, 21, 253, 147, 218, 186, 101, 159, 47, 38, 81, 10, 3, 17], [93, 108, 155, 231, 18, 149, 186, 138, 21, 147, 198, 87, 245, 55, 196, 226, 5, 33, 231, 187, 197, 8, 125, 17, 130, 25, 35, 20, 245, 167, 114, 182], [33, 228, 6, 240, 153, 169, 181, 57, 5, 152, 179, 59, 222, 234, 161, 57, 55, 47, 87, 150, 21, 85, 29, 134, 186, 224, 180, 31, 201, 120, 124, 231], [192, 176, 241, 106, 198, 2, 200, 239, 8, 72, 203, 66, 204, 70, 46, 19, 250, 32, 165, 80, 66, 61, 142, 222, 89, 214, 248, 39, 205, 23, 98, 168], [205, 197, 220, 140, 56, 84, 101, 184, 119, 39, 1, 86, 159, 215, 54, 132, 92, 255, 151, 17, 107, 230, 65, 34, 248, 135, 56, 43, 126, 132, 0, 241], [85, 219, 46, 209, 198, 199, 169, 120, 136, 34, 182, 84, 145, 17, 83, 110, 188, 36, 171, 103, 231, 98, 163, 2, 25, 120, 107, 8, 248, 10, 219, 41], [244, 126, 237, 251, 159, 213, 237, 47, 125, 230, 28, 187, 192, 181, 207, 72, 187, 121, 61, 98, 232, 132, 254, 158, 45, 80, 184, 23, 250, 51, 15, 13], [135, 107, 223, 65, 135, 170, 61, 15, 153, 60, 152, 90, 6, 33, 151, 200, 89, 230, 165, 18, 88, 217, 151, 45, 122, 215, 89, 6, 217, 10, 119, 200], [218, 59, 29, 26, 166, 233, 137, 164, 58, 97, 188, 202, 235, 52, 126, 147, 133, 142, 215, 163, 58, 194, 211, 133, 134, 2, 231, 30, 77, 201, 109, 203], [143, 32, 65, 250, 5, 32, 52, 89, 248, 45, 233, 60, 87, 55, 234, 184, 92, 95, 170, 165, 209, 198, 153, 179, 248, 118, 10, 42, 5, 165, 210, 191], [67, 111, 142, 107, 65, 134, 186, 184, 102, 8, 151, 81, 191, 2, 55, 140, 119, 248, 29, 81, 162, 177, 142, 196, 76, 94, 206, 40, 81, 163, 175, 195], [131, 178, 123, 128, 57, 77, 225, 130, 41, 44, 225, 213, 208, 254, 46, 184, 49, 132, 249, 2, 9, 92, 31, 253, 98, 146, 107, 0, 196, 220, 25, 228], [33, 129, 65, 252, 55, 174, 198, 42, 166, 4, 83, 196, 204, 67, 174, 13, 218, 244, 122, 162, 24, 221, 23, 145, 11, 230, 196, 45, 246, 89, 205, 20], [147, 217, 164, 187, 83, 125, 144, 229, 103, 62, 160, 193, 140, 89, 82, 201, 132, 193, 86, 181, 32, 68, 18, 228, 15, 188, 248, 47, 223, 160, 32, 204], [32, 84, 6, 20, 78, 131, 216, 9, 235, 9, 56, 152, 115, 16, 72, 159, 213, 181, 220, 217, 142, 125, 162, 255, 242, 22, 26, 5, 152, 25, 192, 198], [209, 69, 89, 50, 206, 2, 176, 226, 57, 34, 86, 28, 13, 153, 88, 103, 52, 202, 2, 251, 252, 30, 161, 205, 11, 136, 177, 43, 116, 164, 94, 18], [247, 143, 89, 240, 242, 188, 118, 174, 49, 70, 243, 197, 133, 217, 126, 97, 145, 185, 224, 155, 227, 20, 69, 78, 75, 140, 247, 35, 175, 227, 188, 17], [69, 70, 199, 9, 191, 199, 193, 133, 87, 72, 43, 123, 80, 191, 40, 26, 130, 123, 77, 189, 44, 129, 144, 19, 103, 198, 178, 4, 175, 81, 77, 205], [194, 69, 218, 163, 136, 18, 197, 34, 202, 226, 77, 229, 30, 141, 116, 124, 45, 110, 37, 212, 67, 0, 239, 65, 113, 186, 11, 10, 20, 6, 108, 181], [69, 158, 134, 83, 96, 179, 129, 17, 121, 76, 108, 219, 92, 128, 213, 61, 124, 197, 250, 95, 159, 14, 208, 90, 111, 88, 221, 46, 3, 49, 134, 194], [33, 107, 27, 160, 151, 107, 129, 42, 253, 182, 90, 85, 246, 26, 179, 63, 123, 246, 67, 190, 89, 217, 18, 248, 69, 127, 153, 3, 51, 247, 16, 35], [209, 237, 153, 232, 44, 23, 240, 86, 24, 30, 21, 188, 0, 216, 171, 67, 58, 128, 85, 88, 138, 145, 97, 134, 3, 246, 134, 1, 203, 228, 108, 204], [28, 50, 121, 145, 139, 250, 218, 54, 244, 142, 68, 153, 145, 253, 108, 144, 53, 221, 81, 183, 190, 138, 43, 69, 174, 150, 47, 39, 161, 25, 83, 58], [123, 64, 187, 179, 26, 10, 96, 235, 251, 180, 203, 79, 116, 57, 178, 11, 42, 17, 205, 87, 99, 116, 232, 7, 114, 126, 104, 0, 229, 50, 73, 228], [192, 105, 110, 132, 248, 117, 43, 216, 55, 184, 12, 82, 88, 95, 232, 29, 97, 79, 53, 39, 101, 72, 199, 65, 79, 148, 159, 12, 166, 227, 41, 158], [155, 75, 101, 136, 114, 192, 17, 125, 149, 181, 181, 71, 233, 30, 207, 117, 140, 52, 131, 96, 198, 43, 73, 217, 0, 208, 251, 47, 174, 255, 248, 129], [140, 196, 78, 254, 235, 111, 147, 202, 179, 128, 65, 134, 36, 181, 183, 77, 234, 38, 65, 17, 108, 232, 156, 75, 190, 99, 246, 40, 56, 20, 37, 200], [119, 105, 244, 180, 95, 35, 138, 234, 171, 208, 63, 17, 161, 67, 123, 99, 37, 230, 154, 98, 165, 141, 10, 189, 163, 191, 144, 28, 17, 175, 20, 2], [212, 188, 137, 115, 26, 5, 157, 150, 136, 35, 157, 149, 128, 18, 205, 246, 75, 209, 175, 42, 94, 123, 24, 31, 118, 195, 252, 18, 15, 233, 87, 16], [159, 34, 44, 135, 45, 167, 231, 125, 229, 153, 65, 134, 188, 20, 6, 30, 145, 95, 181, 85, 132, 18, 39, 36, 207, 142, 211, 19, 45, 113, 195, 192], [252, 141, 186, 155, 81, 187, 67, 209, 92, 230, 50, 107, 216, 79, 23, 63, 122, 141, 90, 203, 120, 111, 94, 20, 111, 59, 205, 16, 133, 140, 67, 209], [154, 118, 79, 136, 168, 64, 8, 244, 232, 214, 64, 254, 138, 178, 239, 170, 197, 28, 61, 189, 143, 243, 218, 185, 164, 139, 254, 21, 3, 122, 214, 191], [56, 234, 168, 154, 149, 132, 117, 30, 171, 187, 65, 244, 131, 44, 3, 130, 94, 43, 237, 145, 15, 85, 251, 127, 134, 61, 58, 42, 194, 112, 57, 7], [124, 21, 209, 179, 228, 137, 105, 116, 168, 147, 64, 153, 210, 165, 145, 214, 240, 40, 19, 251, 153, 172, 86, 39, 206, 194, 101, 26, 62, 44, 249, 138], [93, 75, 231, 15, 201, 30, 1, 198, 66, 14, 176, 21, 68, 219, 226, 137, 96, 36, 50, 145, 53, 221, 245, 112, 216, 128, 43, 3, 220, 141, 213, 253], [8, 34, 118, 24, 28, 192, 147, 226, 219, 53, 162, 6, 215, 154, 24, 148, 202, 120, 73, 173, 27, 226, 177, 155, 108, 80, 252, 27, 23, 216, 101, 168], [36, 116, 38, 205, 234, 235, 114, 95, 221, 205, 100, 237, 200, 36, 51, 143, 166, 98, 114, 143, 245, 195, 15, 196, 209, 227, 223, 45, 107, 111, 167, 218], [13, 106, 170, 35, 113, 10, 222, 133, 181, 52, 223, 144, 134, 189, 104, 237, 235, 204, 6, 11, 14, 190, 127, 69, 6, 254, 103, 20, 130, 77, 48, 73], [178, 149, 66, 139, 82, 100, 112, 27, 193, 146, 86, 124, 192, 245, 142, 100, 217, 131, 117, 50, 88, 203, 83, 209, 152, 218, 11, 12, 109, 176, 164, 59], [202, 109, 40, 40, 180, 199, 149, 37, 57, 227, 169, 190, 207, 202, 28, 48, 198, 248, 241, 101, 5, 46, 97, 54, 46, 158, 10, 38, 216, 1, 245, 48], [153, 117, 101, 171, 43, 196, 208, 141, 198, 98, 238, 145, 149, 41, 186, 226, 133, 57, 176, 15, 125, 222, 59, 100, 93, 238, 19, 38, 218, 76, 216, 156], [76, 30, 248, 19, 217, 2, 220, 66, 88, 135, 215, 216, 141, 141, 100, 81, 240, 76, 94, 82, 36, 114, 208, 170, 68, 176, 89, 10, 254, 26, 31, 187], [33, 201, 42, 179, 127, 148, 47, 155, 146, 242, 40, 66, 112, 7, 43, 184, 2, 116, 23, 239, 106, 203, 60, 15, 197, 103, 144, 22, 31, 210, 229, 71], [204, 165, 29, 167, 40, 132, 115, 241, 241, 122, 95, 236, 144, 133, 99, 173, 59, 100, 102, 220, 120, 130, 48, 220, 251, 163, 80, 30, 91, 80, 100, 137], [62, 148, 136, 150, 75, 218, 254, 230, 122, 103, 52, 240, 35, 50, 34, 243, 149, 13, 129, 13, 232, 247, 215, 108, 24, 9, 103, 48, 40, 43, 151, 144], [74, 230, 2, 149, 100, 70, 254, 118, 159, 239, 33, 171, 204, 210, 29, 212, 122, 225, 233, 219, 176, 29, 1, 5, 119, 170, 19, 18, 190, 211, 65, 216], [213, 243, 203, 77, 184, 123, 145, 18, 40, 100, 179, 21, 15, 56, 21, 21, 91, 166, 11, 8, 244, 144, 161, 23, 5, 175, 29, 24, 40, 173, 189, 233], [20, 101, 247, 107, 5, 235, 231, 32, 85, 142, 142, 217, 252, 56, 139, 182, 123, 5, 171, 212, 192, 126, 251, 52, 22, 198, 44, 33, 55, 156, 72, 102], [220, 189, 148, 174, 90, 221, 151, 3, 52, 12, 210, 235, 7, 253, 255, 37, 41, 75, 31, 161, 172, 151, 41, 188, 36, 255, 81, 25, 31, 80, 191, 238], [1, 39, 41, 208, 135, 223, 137, 71, 60, 220, 242, 189, 96, 31, 246, 202, 58, 64, 165, 227, 104, 33, 54, 172, 92, 136, 55, 15, 234, 41, 64, 60], [95, 95, 108, 26, 191, 35, 47, 155, 248, 233, 233, 15, 224, 21, 59, 117, 231, 110, 150, 112, 130, 255, 242, 113, 51, 192, 252, 41, 138, 71, 14, 229], [74, 226, 37, 239, 250, 232, 145, 74, 36, 2, 252, 200, 143, 97, 99, 208, 129, 240, 140, 92, 92, 255, 147, 95, 144, 93, 6, 40, 93, 153, 223, 51], [172, 24, 32, 224, 129, 194, 29, 127, 253, 20, 124, 69, 112, 211, 83, 182, 96, 76, 177, 199, 97, 173, 129, 10, 56, 88, 116, 33, 189, 181, 110, 243], [203, 169, 250, 76, 146, 225, 223, 29, 109, 104, 133, 206, 205, 246, 29, 177, 52, 85, 195, 91, 205, 160, 157, 129, 226, 240, 93, 8, 253, 141, 140, 232], [236, 76, 252, 17, 105, 174, 32, 197, 61, 34, 89, 33, 101, 62, 154, 84, 252, 167, 192, 36, 10, 13, 2, 48, 3, 35, 43, 16, 227, 132, 113, 227], [128, 46, 216, 173, 78, 178, 228, 187, 130, 144, 36, 144, 4, 76, 190, 190, 122, 5, 150, 246, 87, 150, 18, 131, 189, 43, 16, 13, 211, 200, 131, 96], [185, 199, 50, 164, 156, 133, 180, 89, 130, 251, 20, 139, 220, 19, 227, 232, 70, 95, 95, 135, 90, 109, 252, 148, 213, 4, 26, 42, 100, 120, 11, 245], [149, 93, 72, 142, 62, 24, 141, 172, 14, 218, 92, 7, 89, 12, 195, 194, 59, 64, 186, 193, 209, 9, 31, 94, 181, 34, 84, 35, 175, 136, 131, 45], [9, 163, 127, 30, 30, 253, 70, 118, 12, 171, 214, 101, 85, 253, 250, 117, 89, 101, 110, 10, 112, 177, 209, 96, 190, 98, 106, 25, 162, 221, 162, 160], [22, 166, 99, 204, 206, 28, 229, 189, 112, 68, 255, 118, 244, 84, 253, 135, 93, 105, 33, 42, 231, 119, 207, 35, 103, 68, 250, 25, 145, 59, 43, 87], [49, 169, 71, 176, 45, 198, 233, 144, 82, 219, 27, 200, 177, 200, 33, 172, 164, 43, 242, 100, 172, 202, 135, 91, 142, 160, 33, 6, 165, 31, 218, 55], [0, 230, 188, 111, 190, 173, 140, 170, 32, 38, 130, 32, 105, 3, 132, 249, 88, 220, 46, 142, 66, 40, 98, 189, 11, 10, 106, 22, 251, 102, 212, 49], [43, 138, 240, 117, 40, 102, 233, 102, 111, 126, 141, 23, 253, 93, 236, 53, 236, 248, 126, 176, 111, 218, 75, 17, 130, 106, 165, 22, 55, 157, 119, 112], [66, 98, 214, 37, 96, 237, 42, 117, 178, 206, 1, 53, 221, 91, 105, 250, 201, 249, 112, 154, 123, 111, 127, 180, 215, 11, 116, 15, 168, 151, 16, 25], [171, 241, 90, 130, 80, 7, 17, 143, 224, 230, 56, 167, 12, 77, 56, 3, 141, 128, 71, 90, 170, 193, 150, 235, 116, 206, 153, 6, 16, 96, 5, 104], [212, 41, 74, 22, 45, 221, 70, 243, 222, 155, 127, 98, 128, 252, 23, 135, 236, 75, 223, 29, 174, 48, 178, 44, 155, 66, 240, 32, 5, 74, 146, 115], [125, 87, 119, 133, 36, 185, 235, 150, 6, 29, 196, 5, 169, 140, 110, 198, 90, 79, 73, 142, 103, 44, 127, 42, 52, 170, 154, 46, 132, 108, 64, 90], [181, 119, 133, 8, 253, 43, 115, 76, 159, 223, 81, 146, 190, 255, 113, 106, 40, 187, 158, 90, 54, 182, 215, 239, 235, 4, 113, 28, 182, 10, 159, 9], [40, 250, 136, 224, 229, 22, 159, 156, 200, 14, 113, 63, 186, 83, 46, 251, 1, 156, 78, 47, 62, 24, 58, 226, 88, 242, 163, 23, 195, 144, 60, 126], [97, 20, 155, 51, 144, 158, 254, 27, 242, 138, 47, 5, 159, 88, 15, 23, 142, 138, 177, 93, 243, 233, 89, 241, 134, 73, 243, 19, 66, 234, 25, 69], [41, 127, 219, 246, 243, 0, 195, 232, 11, 241, 17, 201, 151, 70, 135, 181, 247, 9, 238, 210, 94, 242, 41, 37, 143, 240, 28, 40, 105, 182, 15, 218], [248, 37, 86, 82, 142, 205, 152, 151, 168, 35, 232, 81, 125, 71, 66, 13, 159, 38, 247, 80, 212, 91, 113, 247, 53, 107, 58, 27, 172, 19, 56, 221], [181, 52, 178, 123, 41, 234, 2, 194, 39, 44, 112, 164, 176, 67, 147, 150, 234, 239, 188, 239, 246, 106, 235, 84, 239, 238, 96, 41, 222, 70, 109, 254], [29, 102, 202, 233, 254, 252, 216, 208, 232, 70, 153, 69, 224, 16, 63, 116, 23, 31, 89, 103, 85, 68, 192, 233, 60, 227, 41, 21, 61, 170, 75, 174], [76, 31, 148, 143, 173, 227, 240, 235, 33, 231, 61, 183, 142, 19, 117, 249, 148, 172, 219, 27, 149, 228, 203, 244, 118, 50, 181, 25, 168, 115, 54, 142], [203, 212, 226, 153, 74, 252, 16, 59, 224, 99, 38, 145, 60, 207, 157, 156, 163, 237, 25, 177, 206, 6, 80, 33, 210, 233, 119, 23, 185, 183, 12, 102], [111, 111, 82, 7, 139, 55, 218, 99, 148, 170, 203, 65, 183, 219, 234, 36, 121, 5, 136, 2, 175, 243, 43, 118, 163, 65, 62, 38, 159, 137, 70, 74], [75, 183, 61, 162, 66, 206, 96, 45, 177, 6, 91, 6, 33, 137, 227, 228, 18, 88, 54, 7, 91, 153, 225, 191, 160, 100, 236, 24, 179, 30, 130, 251], [1, 54, 64, 220, 135, 87, 248, 14, 11, 117, 133, 67, 120, 84, 182, 47, 77, 98, 15, 181, 140, 33, 77, 46, 40, 142, 237, 8, 92, 134, 122, 146], [65, 230, 39, 199, 186, 37, 76, 247, 152, 212, 69, 209, 4, 131, 19, 186, 186, 207, 139, 28, 172, 45, 164, 28, 161, 188, 166, 32, 20, 74, 69, 215], [70, 205, 238, 65, 226, 254, 26, 0, 160, 48, 50, 43, 124, 255, 221, 180, 194, 245, 8, 174, 157, 193, 43, 218, 215, 48, 196, 11, 235, 118, 2, 70], [213, 165, 248, 116, 210, 164, 37, 113, 248, 149, 59, 198, 88, 213, 109, 199, 251, 117, 196, 155, 125, 114, 141, 196, 209, 145, 189, 15, 41, 174, 27, 94], [73, 183, 98, 243, 28, 155, 66, 77, 220, 53, 206, 181, 105, 74, 158, 229, 173, 116, 221, 157, 139, 53, 72, 179, 241, 102, 149, 1, 124, 222, 14, 168], [203, 54, 235, 229, 87, 196, 218, 212, 24, 167, 220, 249, 20, 141, 231, 202, 164, 67, 171, 96, 176, 10, 215, 106, 67, 240, 125, 5, 143, 44, 96, 5], [10, 220, 61, 172, 205, 145, 82, 180, 179, 180, 88, 28, 137, 133, 190, 128, 15, 63, 158, 17, 161, 244, 28, 221, 180, 161, 194, 14, 203, 30, 110, 48], [75, 85, 53, 86, 53, 6, 151, 147, 120, 195, 164, 157, 72, 203, 153, 182, 17, 2, 165, 87, 121, 149, 90, 118, 47, 94, 230, 42, 137, 52, 183, 99], [9, 141, 201, 146, 70, 192, 9, 29, 46, 44, 144, 225, 234, 65, 122, 130, 149, 51, 144, 66, 238, 154, 75, 83, 73, 94, 179, 15, 119, 107, 193, 156], [32, 132, 64, 79, 151, 178, 110, 80, 59, 80, 87, 31, 94, 191, 121, 53, 54, 113, 198, 48, 169, 167, 187, 190, 55, 62, 188, 46, 187, 105, 20, 224], [88, 172, 233, 167, 210, 12, 124, 187, 71, 7, 32, 83, 246, 151, 235, 138, 23, 147, 123, 74, 136, 126, 60, 13, 115, 105, 194, 10, 208, 145, 187, 59], [246, 7, 224, 236, 245, 23, 3, 24, 86, 26, 42, 120, 255, 152, 7, 76, 128, 212, 137, 135, 128, 248, 117, 34, 59, 16, 168, 1, 97, 205, 220, 110], [70, 7, 238, 89, 156, 176, 248, 84, 66, 106, 48, 30, 136, 53, 90, 80, 129, 209, 119, 115, 75, 165, 150, 55, 106, 218, 199, 14, 115, 243, 53, 167], [196, 76, 113, 117, 235, 184, 59, 6, 231, 69, 250, 46, 8, 11, 124, 87, 79, 100, 27, 84, 219, 89, 41, 39, 247, 1, 136, 47, 38, 71, 61, 93], [8, 198, 202, 27, 138, 101, 211, 46, 53, 53, 74, 177, 151, 52, 64, 39, 3, 252, 129, 59, 4, 12, 205, 121, 52, 173, 96, 4, 212, 9, 71, 49], [82, 63, 175, 198, 161, 17, 54, 98, 170, 36, 135, 104, 85, 77, 5, 42, 103, 225, 52, 100, 78, 70, 8, 186, 123, 76, 220, 0, 232, 1, 176, 58], [70, 117, 50, 66, 255, 214, 207, 87, 226, 10, 154, 17, 13, 158, 153, 88, 156, 72, 118, 199, 90, 161, 144, 217, 203, 48, 60, 5, 183, 206, 112, 22], [74, 165, 98, 30, 201, 229, 246, 133, 87, 1, 189, 104, 137, 236, 186, 150, 101, 77, 17, 35, 83, 45, 16, 85, 163, 80, 133, 38, 37, 199, 12, 251], [36, 13, 54, 122, 88, 215, 99, 39, 115, 231, 129, 201, 251, 84, 144, 183, 164, 63, 103, 16, 83, 63, 216, 216, 242, 82, 175, 1, 144, 46, 12, 194], [204, 230, 189, 29, 196, 228, 122, 226, 57, 105, 196, 46, 212, 107, 198, 234, 80, 248, 62, 149, 214, 114, 33, 140, 207, 253, 222, 9, 94, 96, 80, 94], [105, 133, 32, 165, 162, 9, 195, 246, 144, 81, 39, 40, 198, 133, 69, 236, 216, 227, 174, 183, 216, 115, 124, 32, 156, 28, 135, 23, 137, 255, 48, 18], [15, 178, 208, 93, 212, 140, 152, 145, 97, 201, 130, 18, 101, 8, 61, 111, 178, 228, 217, 25, 32, 238, 195, 246, 195, 203, 167, 42, 176, 143, 62, 20], [50, 160, 30, 222, 2, 212, 56, 133, 47, 63, 206, 242, 225, 42, 176, 125, 106, 98, 199, 74, 216, 34, 172, 85, 203, 128, 150, 32, 190, 253, 75, 198], [7, 218, 79, 222, 184, 61, 217, 214, 47, 161, 254, 132, 248, 79, 68, 18, 4, 97, 118, 158, 9, 178, 109, 234, 174, 130, 188, 5, 140, 253, 236, 88], [115, 122, 108, 107, 142, 208, 20, 181, 190, 96, 131, 128, 57, 31, 154, 7, 213, 167, 147, 227, 251, 175, 70, 243, 21, 100, 51, 14, 98, 48, 206, 51], [88, 248, 89, 238, 194, 243, 224, 26, 87, 85, 38, 35, 126, 87, 50, 49, 142, 93, 239, 177, 51, 9, 106, 187, 130, 205, 145, 43, 242, 182, 151, 91], [136, 252, 152, 240, 195, 126, 141, 221, 168, 253, 51, 34, 187, 178, 184, 70, 8, 141, 154, 121, 162, 148, 253, 86, 115, 240, 86, 3, 229, 204, 174, 164], [190, 147, 198, 77, 202, 214, 144, 77, 58, 21, 91, 116, 223, 0, 79, 80, 40, 232, 96, 6, 246, 150, 199, 37, 240, 128, 210, 4, 139, 68, 69, 125], [178, 103, 104, 5, 41, 25, 208, 125, 145, 180, 30, 155, 181, 14, 27, 125, 213, 39, 42, 58, 166, 203, 60, 186, 233, 42, 94, 7, 126, 189, 223, 83], [35, 59, 163, 224, 241, 42, 107, 77, 247, 130, 231, 166, 117, 54, 195, 158, 197, 115, 133, 183, 105, 181, 58, 3, 40, 123, 121, 16, 56, 144, 15, 52], [132, 140, 19, 154, 242, 113, 140, 164, 120, 30, 214, 64, 76, 230, 193, 224, 64, 106, 129, 155, 172, 125, 91, 191, 235, 41, 210, 14, 201, 63, 157, 132], [243, 80, 125, 91, 155, 159, 6, 27, 154, 231, 153, 240, 231, 33, 190, 226, 240, 209, 202, 0, 192, 234, 246, 221, 74, 211, 234, 31, 233, 23, 138, 220], [190, 196, 108, 30, 109, 17, 43, 46, 127, 136, 106, 97, 18, 80, 240, 233, 233, 15, 202, 2, 89, 201, 115, 182, 185, 176, 227, 19, 217, 167, 67, 185], [69, 176, 167, 23, 206, 161, 65, 236, 226, 139, 28, 88, 211, 203, 201, 219, 36, 253, 244, 8, 249, 97, 250, 140, 250, 27, 69, 28, 27, 41, 81, 191], [166, 136, 50, 65, 21, 233, 201, 242, 145, 209, 214, 172, 10, 89, 221, 116, 118, 124, 76, 2, 160, 4, 52, 93, 20, 242, 55, 35, 110, 85, 57, 31], [209, 219, 120, 36, 191, 40, 48, 124, 174, 222, 100, 63, 138, 140, 183, 165, 145, 72, 91, 175, 48, 62, 55, 84, 120, 50, 31, 20, 76, 60, 151, 94], [122, 18, 61, 96, 56, 159, 51, 88, 184, 178, 178, 200, 253, 226, 140, 213, 101, 195, 220, 115, 112, 200, 172, 97, 121, 210, 145, 38, 9, 31, 67, 35], [214, 225, 110, 154, 77, 38, 187, 99, 140, 129, 171, 98, 1, 219, 150, 49, 41, 8, 245, 184, 83, 88, 179, 64, 138, 18, 12, 26, 62, 107, 15, 63], [145, 131, 156, 153, 128, 151, 34, 183, 200, 200, 6, 25, 111, 231, 57, 122, 2, 140, 19, 51, 102, 61, 8, 43, 40, 212, 227, 19, 62, 222, 57, 181], [64, 170, 177, 161, 63, 164, 182, 4, 5, 233, 213, 52, 92, 125, 234, 79, 141, 61, 91, 255, 213, 71, 126, 160, 232, 59, 88, 22, 173, 203, 29, 111], [85, 96, 129, 243, 151, 199, 217, 70, 174, 226, 255, 171, 38, 140, 209, 67, 204, 170, 138, 25, 131, 16, 222, 134, 123, 123, 2, 25, 13, 26, 147, 87], [161, 115, 57, 155, 157, 176, 26, 197, 18, 200, 44, 56, 205, 146, 142, 129, 94, 127, 220, 147, 146, 165, 161, 214, 118, 169, 96, 0, 17, 70, 19, 124], [21, 139, 225, 113, 70, 5, 236, 236, 150, 169, 180, 126, 207, 230, 204, 48, 126, 75, 76, 31, 10, 189, 217, 228, 161, 197, 13, 24, 58, 227, 233, 128], [117, 24, 231, 160, 239, 25, 87, 163, 126, 162, 84, 95, 144, 197, 242, 255, 87, 198, 115, 36, 151, 250, 143, 10, 252, 164, 3, 48, 201, 225, 15, 207], [187, 172, 31, 110, 69, 241, 209, 235, 75, 167, 53, 16, 188, 94, 25, 13, 4, 116, 238, 246, 24, 130, 89, 12, 80, 24, 191, 46, 7, 52, 84, 42], [88, 117, 131, 91, 38, 218, 69, 148, 213, 187, 57, 230, 117, 102, 235, 208, 82, 87, 54, 20, 241, 182, 27, 214, 85, 15, 87, 3, 82, 17, 245, 161], [235, 232, 185, 38, 68, 85, 139, 160, 231, 55, 33, 62, 248, 138, 237, 113, 192, 218, 16, 152, 66, 222, 179, 20, 110, 203, 159, 33, 64, 201, 40, 174], [190, 22, 157, 224, 102, 240, 43, 212, 187, 174, 71, 177, 231, 241, 149, 176, 99, 238, 25, 164, 56, 233, 21, 11, 29, 63, 13, 45, 132, 213, 159, 29], [147, 13, 229, 149, 49, 90, 42, 85, 90, 104, 57, 15, 250, 219, 238, 174, 51, 95, 28, 38, 35, 107, 132, 132, 39, 26, 92, 2, 176, 227, 0, 255], [216, 12, 58, 70, 236, 204, 7, 165, 167, 195, 102, 15, 126, 66, 255, 179, 218, 9, 157, 69, 60, 175, 197, 243, 244, 203, 235, 47, 229, 75, 155, 221], [97, 240, 158, 248, 107, 169, 246, 134, 62, 14, 16, 44, 8, 167, 228, 83, 50, 163, 14, 252, 215, 16, 71, 122, 39, 187, 184, 3, 151, 25, 124, 217], [61, 127, 230, 245, 160, 253, 105, 195, 233, 166, 26, 136, 223, 21, 130, 205, 219, 59, 179, 114, 237, 240, 107, 237, 125, 130, 120, 0, 209, 201, 103, 193], [66, 59, 92, 183, 214, 8, 214, 223, 19, 3, 243, 14, 255, 62, 91, 207, 27, 112, 248, 156, 111, 89, 249, 16, 228, 221, 126, 4, 45, 86, 92, 164], [102, 200, 81, 175, 194, 47, 101, 24, 251, 109, 155, 109, 123, 222, 169, 127, 69, 111, 29, 54, 174, 91, 192, 65, 233, 4, 191, 16, 25, 99, 36, 76], [150, 124, 95, 174, 155, 34, 202, 240, 10, 215, 15, 193, 176, 5, 61, 215, 241, 16, 46, 29, 209, 125, 179, 250, 148, 148, 22, 28, 26, 167, 32, 52], [176, 195, 206, 140, 202, 154, 12, 80, 150, 252, 229, 41, 226, 121, 215, 1, 113, 214, 50, 130, 123, 68, 113, 159, 137, 73, 165, 31, 65, 175, 72, 185], [67, 92, 161, 197, 24, 248, 222, 129, 112, 173, 91, 34, 12, 49, 253, 168, 139, 94, 237, 92, 2, 59, 179, 176, 150, 102, 119, 38, 196, 26, 251, 77], [201, 14, 61, 44, 210, 19, 69, 120, 199, 201, 254, 81, 69, 243, 134, 73, 242, 14, 186, 170, 192, 222, 98, 229, 41, 56, 38, 3, 106, 212, 153, 101], [219, 200, 3, 165, 2, 250, 18, 93, 98, 76, 189, 231, 118, 110, 31, 19, 201, 155, 239, 207, 155, 77, 30, 115, 248, 236, 89, 34, 131, 226, 129, 138], [77, 125, 227, 15, 187, 182, 44, 240, 201, 160, 130, 69, 24, 101, 250, 55, 196, 54, 150, 13, 105, 193, 206, 251, 72, 22, 62, 45, 33, 25, 248, 220], [107, 136, 220, 189, 240, 28, 89, 44, 160, 230, 181, 245, 128, 241, 248, 98, 176, 5, 110, 30, 144, 24, 61, 94, 200, 130, 48, 0, 33, 160, 21, 105], [179, 89, 147, 35, 232, 124, 12, 187, 197, 242, 118, 3, 35, 16, 127, 200, 127, 108, 112, 23, 77, 13, 131, 161, 139, 132, 253, 16, 41, 65, 132, 241], [210, 217, 139, 196, 17, 193, 26, 11, 183, 116, 98, 42, 67, 229, 22, 220, 29, 34, 68, 230, 72, 152, 183, 24, 94, 153, 74, 5, 38, 93, 103, 111], [99, 50, 141, 24, 165, 77, 101, 173, 203, 119, 10, 148, 58, 72, 2, 185, 54, 217, 223, 160, 220, 146, 174, 63, 231, 201, 102, 31, 29, 94, 126, 253], [43, 20, 103, 89, 126, 167, 82, 121, 187, 62, 199, 153, 49, 219, 42, 56, 8, 198, 247, 123, 90, 252, 5, 191, 161, 39, 165, 28, 21, 88, 186, 154], [47, 84, 136, 169, 250, 133, 87, 231, 109, 53, 34, 3, 111, 242, 224, 63, 99, 23, 26, 86, 59, 196, 106, 125, 80, 29, 41, 40, 30, 162, 182, 28], [114, 218, 141, 126, 176, 137, 122, 96, 38, 131, 243, 202, 199, 106, 85, 234, 249, 83, 156, 195, 239, 153, 97, 36, 56, 233, 96, 15, 50, 165, 194, 61], [231, 55, 152, 146, 146, 68, 26, 129, 35, 53, 95, 148, 238, 101, 160, 65, 83, 46, 54, 98, 238, 219, 198, 99, 34, 49, 59, 8, 246, 55, 118, 241], [154, 254, 107, 234, 176, 133, 172, 183, 177, 254, 158, 74, 27, 238, 68, 198, 92, 73, 36, 189, 124, 27, 175, 255, 73, 16, 82, 24, 30, 189, 46, 177], [102, 78, 76, 160, 93, 78, 62, 5, 248, 162, 108, 31, 21, 198, 126, 215, 224, 168, 10, 187, 179, 218, 173, 66, 178, 211, 71, 44, 77, 221, 23, 6], [93, 90, 250, 140, 212, 204, 164, 29, 102, 69, 224, 151, 148, 63, 49, 134, 119, 29, 65, 8, 222, 217, 135, 208, 199, 117, 16, 7, 41, 64, 78, 39], [176, 61, 212, 155, 47, 124, 51, 99, 153, 199, 20, 120, 72, 146, 2, 170, 213, 156, 69, 253, 117, 197, 131, 158, 192, 122, 28, 4, 116, 226, 190, 6], [37, 124, 194, 200, 101, 67, 117, 244, 118, 152, 132, 160, 44, 208, 59, 186, 169, 209, 68, 249, 217, 86, 5, 118, 190, 83, 99, 29, 110, 101, 106, 11], [145, 27, 227, 205, 60, 29, 94, 22, 185, 40, 212, 6, 112, 126, 0, 212, 68, 31, 97, 17, 32, 58, 103, 142, 88, 124, 47, 12, 7, 247, 229, 73], [201, 104, 118, 138, 128, 191, 71, 131, 35, 160, 165, 220, 140, 218, 129, 126, 53, 75, 250, 136, 151, 171, 158, 59, 226, 196, 46, 13, 217, 151, 18, 205], [133, 112, 61, 110, 80, 173, 19, 82, 216, 65, 173, 144, 237, 217, 128, 173, 113, 38, 239, 166, 9, 102, 202, 82, 26, 210, 52, 36, 73, 10, 56, 16], [252, 21, 48, 1, 235, 120, 75, 254, 63, 92, 231, 163, 250, 49, 22, 44, 237, 238, 131, 123, 185, 123, 177, 221, 147, 17, 158, 40, 82, 11, 190, 239], [239, 113, 4, 172, 230, 236, 60, 106, 246, 153, 35, 62, 5, 36, 171, 31, 237, 48, 92, 196, 172, 108, 137, 143, 135, 184, 146, 26, 124, 51, 208, 27], [83, 77, 116, 191, 134, 166, 57, 64, 222, 3, 220, 80, 88, 61, 78, 228, 211, 198, 226, 221, 3, 18, 15, 172, 207, 6, 33, 17, 245, 241, 190, 232], [38, 26, 28, 144, 166, 221, 52, 254, 154, 208, 93, 89, 88, 52, 214, 97, 201, 20, 244, 243, 124, 51, 168, 81, 235, 149, 209, 21, 181, 243, 231, 181], [217, 136, 163, 1, 121, 241, 5, 72, 102, 228, 223, 47, 51, 242, 0, 184, 53, 186, 36, 107, 97, 22, 170, 165, 232, 218, 2, 10, 251, 17, 34, 98], [53, 173, 150, 151, 231, 7, 88, 179, 138, 74, 183, 53, 48, 222, 234, 241, 248, 115, 200, 95, 163, 173, 230, 143, 98, 195, 99, 44, 174, 33, 114, 119], [213, 170, 34, 149, 125, 64, 61, 176, 118, 143, 36, 62, 43, 194, 191, 133, 64, 35, 14, 64, 202, 14, 165, 188, 145, 106, 15, 4, 76, 235, 90, 118], [225, 222, 137, 164, 165, 194, 25, 181, 6, 32, 202, 97, 45, 122, 150, 143, 189, 209, 135, 88, 134, 242, 74, 81, 16, 139, 0, 4, 230, 29, 165, 18], [134, 9, 180, 216, 140, 87, 138, 91, 198, 229, 231, 35, 49, 47, 97, 180, 74, 243, 101, 169, 63, 244, 213, 125, 188, 227, 64, 43, 108, 41, 140, 28], [203, 211, 151, 204, 212, 74, 18, 81, 88, 53, 198, 205, 170, 143, 55, 46, 49, 114, 121, 40, 104, 237, 156, 81, 239, 91, 102, 9, 197, 69, 111, 109], [179, 142, 84, 56, 113, 122, 186, 154, 12, 169, 217, 167, 121, 76, 78, 83, 22, 38, 39, 101, 212, 170, 245, 153, 205, 122, 100, 40, 219, 211, 240, 187], [75, 184, 136, 111, 184, 127, 95, 23, 57, 53, 187, 201, 178, 200, 73, 83, 133, 211, 214, 143, 193, 178, 148, 143, 131, 242, 253, 38, 133, 137, 10, 56], [25, 253, 133, 17, 135, 135, 35, 4, 170, 9, 126, 38, 231, 155, 110, 11, 51, 39, 239, 33, 241, 33, 230, 107, 61, 117, 72, 19, 243, 185, 70, 111], [253, 149, 131, 129, 152, 56, 190, 200, 49, 220, 106, 188, 98, 5, 88, 59, 21, 137, 130, 240, 29, 234, 173, 59, 228, 35, 12, 23, 149, 237, 83, 228], [73, 67, 0, 244, 33, 17, 201, 206, 24, 173, 141, 131, 2, 196, 113, 170, 99, 206, 85, 204, 9, 70, 13, 83, 1, 142, 135, 20, 84, 67, 54, 105], [25, 246, 156, 186, 244, 145, 179, 159, 95, 142, 22, 219, 250, 82, 41, 70, 161, 188, 205, 199, 11, 182, 131, 165, 142, 42, 88, 25, 30, 135, 179, 76], [43, 43, 86, 157, 74, 114, 89, 213, 125, 178, 232, 112, 135, 101, 7, 156, 197, 172, 100, 132, 16, 227, 239, 229, 140, 3, 178, 11, 212, 176, 206, 55], [179, 182, 49, 142, 226, 151, 127, 225, 210, 131, 231, 229, 92, 225, 2, 71, 120, 88, 8, 112, 231, 233, 165, 92, 4, 131, 179, 8, 98, 104, 196, 186], [200, 74, 216, 251, 165, 247, 87, 74, 40, 197, 62, 207, 115, 242, 205, 133, 197, 224, 130, 72, 9, 63, 136, 43, 27, 110, 66, 16, 115, 76, 174, 160], [99, 213, 238, 173, 170, 50, 242, 134, 190, 230, 153, 177, 0, 119, 126, 58, 62, 237, 71, 72, 66, 182, 139, 132, 110, 203, 176, 39, 45, 163, 24, 122], [82, 102, 174, 247, 237, 29, 132, 104, 217, 134, 245, 176, 20, 209, 52, 234, 22, 162, 18, 185, 237, 127, 209, 133, 40, 204, 128, 36, 11, 230, 45, 251], [197, 87, 43, 141, 16, 133, 227, 236, 119, 210, 51, 247, 67, 164, 181, 90, 58, 81, 39, 38, 76, 36, 108, 55, 229, 172, 197, 3, 180, 27, 248, 168], [23, 199, 118, 255, 29, 198, 61, 140, 201, 38, 192, 179, 68, 225, 92, 19, 197, 255, 116, 209, 63, 135, 120, 67, 191, 52, 122, 7, 60, 23, 79, 221], [80, 52, 245, 174, 124, 69, 142, 123, 25, 152, 77, 160, 25, 180, 203, 38, 124, 244, 40, 146, 221, 123, 197, 169, 141, 161, 158, 44, 104, 112, 204, 1], [20, 138, 148, 126, 219, 227, 151, 136, 136, 82, 150, 32, 62, 195, 45, 60, 162, 107, 253, 76, 163, 10, 123, 76, 60, 166, 182, 33, 78, 167, 116, 56], [23, 153, 39, 35, 243, 27, 230, 105, 170, 230, 110, 212, 114, 155, 95, 35, 184, 166, 84, 63, 109, 236, 175, 128, 178, 146, 29, 48, 180, 59, 130, 26], [7, 23, 178, 222, 215, 74, 53, 87, 105, 128, 85, 178, 7, 129, 71, 21, 6, 9, 60, 220, 121, 94, 86, 201, 10, 161, 119, 15, 249, 85, 8, 160], [255, 242, 248, 24, 154, 174, 139, 254, 230, 131, 18, 195, 234, 188, 33, 94, 254, 158, 251, 120, 188, 179, 129, 96, 192, 187, 70, 0, 224, 226, 222, 135], [84, 148, 94, 1, 156, 136, 108, 139, 108, 233, 141, 243, 74, 179, 25, 200, 26, 243, 23, 163, 106, 201, 135, 120, 68, 224, 6, 17, 145, 72, 50, 44], [178, 105, 15, 230, 109, 155, 17, 173, 118, 205, 145, 199, 250, 87, 220, 241, 161, 144, 173, 170, 231, 129, 34, 83, 252, 115, 33, 12, 44, 55, 53, 238], [51, 209, 218, 214, 149, 74, 51, 199, 203, 77, 192, 208, 184, 22, 4, 230, 144, 53, 175, 156, 172, 120, 140, 82, 52, 155, 55, 24, 182, 180, 74, 172], [100, 34, 17, 86, 31, 47, 96, 187, 26, 157, 239, 207, 98, 0, 165, 143, 20, 181, 162, 13, 66, 30, 15, 142, 118, 218, 66, 36, 235, 205, 13, 77], [145, 37, 172, 12, 184, 29, 90, 254, 38, 37, 228, 77, 167, 142, 152, 202, 168, 212, 186, 24, 212, 158, 13, 56, 37, 83, 76, 31, 150, 89, 128, 53], [162, 105, 204, 72, 3, 0, 33, 185, 172, 199, 145, 224, 232, 5, 188, 119, 230, 163, 104, 121, 213, 245, 225, 143, 115, 4, 152, 13, 235, 243, 186, 46], [125, 26, 207, 63, 169, 95, 149, 233, 102, 227, 169, 123, 115, 49, 64, 28, 20, 63, 122, 102, 1, 45, 203, 164, 19, 117, 163, 22, 177, 163, 252, 162], [116, 34, 84, 243, 137, 202, 80, 175, 228, 162, 239, 182, 116, 82, 197, 9, 208, 161, 231, 62, 84, 170, 79, 81, 255, 73, 204, 34, 8, 172, 110, 0], [80, 177, 180, 255, 121, 181, 64, 71, 23, 148, 126, 80, 30, 39, 138, 255, 84, 9, 13, 163, 11, 186, 168, 52, 76, 43, 66, 23, 138, 44, 149, 99], [4, 86, 165, 69, 107, 110, 52, 215, 254, 28, 196, 219, 247, 19, 25, 227, 61, 174, 50, 42, 24, 224, 43, 54, 148, 131, 55, 17, 221, 35, 164, 202], [156, 223, 51, 27, 30, 142, 144, 139, 43, 183, 205, 125, 167, 86, 106, 192, 134, 110, 35, 38, 161, 130, 134, 83, 114, 117, 177, 48, 189, 208, 231, 116], [18, 54, 123, 246, 33, 92, 61, 145, 146, 77, 189, 187, 101, 68, 104, 158, 120, 151, 29, 142, 17, 192, 5, 171, 222, 202, 44, 31, 215, 224, 70, 187], [72, 238, 115, 193, 216, 61, 138, 136, 91, 75, 144, 197, 13, 19, 188, 17, 133, 160, 56, 21, 171, 147, 72, 87, 127, 47, 48, 33, 218, 209, 32, 87], [10, 189, 74, 94, 16, 106, 68, 57, 0, 10, 115, 11, 93, 254, 237, 204, 35, 237, 105, 197, 9, 2, 191, 40, 151, 222, 240, 29, 94, 94, 205, 161], [122, 246, 47, 113, 154, 166, 122, 103, 210, 136, 214, 210, 21, 153, 62, 156, 79, 186, 38, 181, 179, 90, 192, 223, 94, 155, 2, 51, 109, 43, 92, 129], [12, 207, 213, 221, 124, 96, 45, 47, 145, 96, 14, 140, 0, 90, 147, 180, 146, 88, 230, 242, 31, 158, 114, 184, 219, 111, 115, 18, 145, 131, 36, 14], [38, 24, 51, 52, 179, 163, 142, 87, 152, 255, 209, 20, 104, 195, 4, 72, 98, 69, 89, 38, 32, 169, 163, 92, 177, 97, 92, 32, 103, 193, 222, 210], [136, 233, 226, 10, 185, 224, 42, 113, 0, 167, 226, 225, 131, 53, 212, 143, 8, 253, 164, 17, 90, 118, 73, 5, 81, 108, 241, 32, 146, 72, 255, 64], [127, 71, 142, 152, 169, 243, 140, 80, 250, 165, 44, 162, 131, 50, 92, 232, 68, 203, 230, 27, 246, 100, 144, 56, 34, 196, 50, 50, 224, 59, 158, 5], [142, 162, 61, 49, 212, 233, 70, 247, 144, 195, 158, 181, 217, 34, 173, 241, 173, 72, 171, 166, 207, 41, 232, 219, 33, 226, 114, 15, 9, 177, 64, 189], [15, 1, 56, 232, 55, 191, 204, 2, 105, 64, 138, 114, 75, 64, 115, 125, 245, 75, 202, 25, 63, 82, 138, 148, 248, 94, 10, 9, 177, 143, 65, 185], [252, 99, 67, 170, 58, 43, 158, 74, 13, 77, 213, 17, 108, 62, 2, 9, 203, 125, 205, 190, 119, 124, 187, 195, 40, 57, 197, 29, 192, 61, 189, 150], [72, 198, 222, 15, 5, 161, 119, 19, 129, 250, 203, 222, 27, 130, 30, 238, 28, 42, 12, 238, 110, 47, 209, 224, 238, 172, 59, 46, 150, 109, 59, 31], [26, 40, 221, 145, 82, 159, 211, 29, 132, 29, 172, 133, 241, 25, 127, 120, 235, 199, 130, 249, 177, 35, 118, 29, 74, 21, 159, 18, 253, 69, 132, 36], [32, 253, 52, 120, 255, 179, 172, 184, 19, 165, 75, 191, 42, 199, 244, 86, 3, 202, 213, 202, 118, 101, 88, 71, 138, 9, 119, 23, 85, 139, 64, 42], [62, 72, 106, 189, 251, 151, 118, 153, 207, 62, 199, 151, 44, 239, 120, 233, 159, 30, 226, 185, 49, 251, 106, 152, 26, 72, 50, 19, 51, 147, 4, 25], [170, 2, 94, 12, 152, 33, 149, 161, 155, 232, 93, 88, 212, 18, 142, 189, 96, 39, 138, 207, 153, 132, 217, 154, 61, 34, 71, 28, 242, 113, 60, 174], [216, 67, 182, 126, 145, 50, 251, 206, 193, 43, 186, 255, 48, 105, 8, 152, 22, 39, 110, 254, 247, 164, 198, 72, 88, 6, 50, 29, 5, 161, 81, 46], [86, 190, 75, 189, 94, 230, 133, 40, 173, 98, 34, 112, 87, 185, 39, 218, 54, 24, 217, 193, 198, 152, 241, 30, 106, 203, 159, 42, 134, 254, 212, 196], [115, 27, 88, 62, 151, 252, 113, 58, 174, 191, 142, 105, 199, 56, 25, 180, 234, 80, 197, 79, 29, 142, 26, 21, 240, 76, 226, 37, 110, 40, 75, 202], [250, 116, 12, 188, 83, 72, 85, 194, 98, 247, 145, 3, 199, 25, 248, 120, 34, 103, 237, 129, 168, 34, 38, 50, 40, 202, 23, 21, 193, 254, 167, 19], [163, 112, 200, 253, 245, 205, 255, 45, 227, 170, 242, 45, 150, 31, 104, 205, 203, 244, 138, 104, 12, 18, 23, 204, 130, 1, 130, 10, 172, 119, 155, 75], [76, 136, 230, 16, 55, 229, 251, 199, 228, 237, 57, 251, 143, 101, 120, 2, 93, 202, 73, 237, 52, 106, 131, 140, 173, 127, 94, 33, 44, 18, 40, 251], [214, 208, 164, 114, 77, 195, 255, 183, 180, 154, 174, 131, 217, 133, 197, 4, 26, 236, 243, 94, 234, 71, 127, 95, 23, 73, 30, 45, 250, 177, 22, 115], [124, 138, 237, 72, 58, 173, 252, 125, 20, 213, 110, 36, 181, 187, 165, 240, 99, 195, 178, 157, 19, 56, 120, 138, 112, 191, 228, 12, 27, 235, 84, 221], [63, 187, 123, 201, 63, 7, 114, 176, 220, 207, 210, 19, 132, 210, 187, 124, 156, 89, 92, 89, 63, 88, 178, 129, 91, 5, 70, 3, 43, 221, 240, 85], [112, 240, 10, 117, 59, 79, 74, 73, 97, 31, 195, 39, 148, 206, 8, 42, 10, 63, 232, 205, 249, 6, 130, 251, 40, 151, 67, 12, 209, 253, 96, 154], [214, 42, 237, 53, 38, 59, 172, 118, 8, 24, 104, 14, 213, 37, 59, 178, 61, 218, 149, 41, 40, 233, 41, 209, 45, 6, 69, 30, 129, 170, 129, 71], [134, 45, 49, 187, 59, 169, 194, 217, 127, 207, 213, 91, 252, 13, 78, 99, 189, 1, 239, 168, 53, 106, 110, 203, 144, 66, 254, 32, 118, 255, 27, 62], [64, 97, 51, 6, 103, 143, 197, 241, 136, 82, 25, 137, 136, 50, 70, 207, 120, 107, 186, 142, 1, 183, 7, 16, 69, 72, 31, 18, 133, 168, 205, 45], [195, 127, 68, 164, 21, 176, 86, 194, 247, 66, 57, 189, 111, 222, 123, 203, 151, 38, 57, 140, 221, 80, 0, 98, 55, 175, 152, 16, 180, 174, 216, 168], [73, 165, 18, 176, 34, 53, 115, 14, 248, 244, 42, 173, 115, 153, 250, 10, 40, 174, 235, 152, 214, 128, 105, 87, 113, 167, 59, 21, 194, 50, 60, 100], [138, 90, 89, 175, 66, 95, 154, 21, 195, 231, 26, 232, 117, 124, 182, 155, 184, 225, 229, 165, 28, 63, 79, 5, 84, 186, 31, 30, 147, 78, 164, 47], [205, 230, 13, 140, 106, 149, 254, 89, 153, 117, 86, 234, 233, 190, 134, 118, 142, 151, 100, 31, 83, 31, 200, 137, 1, 167, 40, 27, 120, 124, 74, 37], [12, 163, 76, 222, 32, 80, 130, 82, 235, 197, 149, 32, 154, 185, 216, 123, 10, 46, 102, 216, 83, 189, 242, 0, 144, 145, 129, 42, 142, 186, 102, 168], [166, 204, 166, 139, 184, 210, 113, 238, 139, 157, 79, 16, 157, 155, 233, 43, 153, 102, 25, 114, 143, 233, 134, 32, 116, 120, 185, 39, 140, 204, 190, 130], [23, 7, 250, 148, 41, 42, 153, 220, 208, 173, 235, 26, 187, 159, 163, 210, 196, 15, 96, 32, 227, 58, 75, 104, 157, 160, 252, 47, 185, 66, 22, 48], [112, 191, 121, 176, 212, 247, 255, 121, 5, 205, 49, 135, 192, 188, 151, 85, 29, 223, 54, 70, 154, 182, 170, 192, 254, 213, 170, 8, 123, 17, 72, 3], [109, 135, 187, 222, 203, 14, 179, 27, 222, 227, 169, 182, 15, 216, 11, 117, 44, 64, 199, 129, 70, 86, 236, 150, 217, 209, 122, 14, 73, 239, 93, 5], [101, 217, 48, 253, 151, 212, 240, 129, 50, 142, 36, 209, 223, 211, 147, 228, 243, 13, 220, 125, 226, 163, 78, 253, 207, 117, 161, 16, 238, 69, 11, 88], [136, 97, 71, 92, 209, 88, 4, 249, 54, 106, 107, 245, 33, 241, 112, 68, 82, 98, 202, 57, 2, 253, 56, 148, 66, 236, 114, 5, 254, 13, 31, 211], [177, 178, 239, 62, 245, 245, 128, 230, 94, 220, 92, 198, 125, 132, 237, 156, 194, 55, 116, 58, 71, 252, 226, 227, 162, 216, 194, 31, 50, 140, 34, 7], [61, 245, 191, 188, 85, 135, 179, 40, 143, 26, 249, 48, 41, 83, 51, 180, 0, 74, 236, 18, 108, 243, 73, 130, 9, 173, 12, 48, 87, 24, 26, 54], [70, 147, 152, 237, 176, 85, 84, 156, 228, 136, 238, 49, 195, 230, 78, 250, 78, 116, 144, 234, 55, 224, 163, 228, 133, 223, 174, 24, 56, 226, 246, 159], [250, 12, 254, 174, 103, 189, 7, 197, 102, 236, 9, 5, 102, 101, 63, 42, 151, 75, 24, 76, 84, 252, 149, 107, 122, 5, 95, 25, 240, 228, 98, 162], [208, 248, 135, 78, 220, 116, 29, 204, 172, 225, 146, 101, 154, 113, 50, 135, 103, 209, 191, 205, 241, 191, 141, 252, 236, 110, 181, 23, 72, 51, 48, 151], [81, 165, 168, 108, 119, 246, 1, 80, 82, 129, 184, 127, 99, 157, 150, 102, 250, 196, 65, 235, 192, 97, 151, 155, 30, 108, 75, 38, 141, 107, 214, 238], [39, 39, 146, 104, 6, 243, 59, 232, 147, 200, 95, 248, 176, 222, 96, 175, 136, 202, 127, 123, 46, 195, 212, 221, 208, 5, 61, 14, 254, 168, 45, 45], [135, 115, 37, 134, 186, 253, 87, 192, 226, 30, 190, 135, 140, 3, 46, 107, 137, 245, 239, 53, 63, 64, 54, 219, 248, 140, 170, 26, 186, 145, 166, 233], [238, 100, 142, 211, 134, 215, 53, 128, 253, 161, 33, 159, 172, 121, 32, 210, 45, 123, 208, 60, 251, 220, 92, 3, 162, 72, 39, 34, 144, 142, 98, 236], [76, 98, 29, 87, 97, 149, 52, 67, 48, 53, 172, 193, 145, 222, 58, 186, 248, 210, 88, 147, 100, 234, 65, 45, 62, 41, 160, 26, 120, 92, 115, 210], [85, 74, 125, 48, 74, 158, 36, 89, 116, 130, 226, 108, 216, 216, 59, 31, 59, 204, 41, 20, 216, 232, 1, 78, 146, 225, 198, 2, 75, 225, 167, 140], [193, 167, 69, 18, 218, 244, 5, 117, 233, 189, 64, 158, 181, 70, 246, 43, 39, 219, 251, 72, 34, 98, 179, 95, 140, 20, 39, 34, 207, 160, 9, 6], [193, 65, 163, 11, 67, 44, 77, 15, 29, 232, 158, 42, 133, 127, 69, 98, 123, 121, 38, 164, 81, 183, 47, 147, 224, 108, 157, 45, 174, 73, 35, 21], [106, 160, 185, 7, 145, 31, 138, 95, 101, 88, 156, 222, 57, 56, 247, 90, 99, 162, 24, 39, 119, 175, 231, 132, 43, 81, 141, 14, 207, 66, 2, 35], [151, 232, 26, 140, 64, 133, 5, 143, 241, 191, 20, 78, 73, 175, 199, 192, 26, 175, 91, 63, 156, 188, 36, 241, 164, 32, 92, 48, 159, 93, 189, 38], [80, 185, 247, 184, 146, 15, 122, 91, 12, 193, 87, 131, 103, 178, 6, 38, 179, 207, 84, 124, 176, 80, 165, 6, 27, 240, 184, 39, 120, 186, 122, 181], [127, 163, 5, 176, 76, 69, 108, 217, 159, 170, 108, 73, 20, 169, 185, 192, 155, 150, 244, 120, 141, 227, 12, 240, 205, 45, 8, 0, 114, 16, 213, 136], [66, 138, 16, 187, 0, 211, 32, 80, 32, 235, 205, 125, 123, 141, 28, 67, 209, 37, 102, 93, 116, 254, 231, 43, 118, 213, 8, 2, 212, 227, 183, 27], [97, 54, 78, 255, 207, 16, 51, 229, 119, 212, 212, 128, 249, 180, 144, 218, 76, 112, 142, 185, 130, 178, 31, 103, 89, 54, 83, 14, 98, 163, 6, 196], [231, 233, 73, 173, 127, 148, 135, 125, 181, 8, 36, 9, 156, 74, 65, 62, 11, 30, 252, 223, 87, 15, 110, 43, 118, 139, 113, 2, 115, 25, 197, 188], [181, 85, 210, 60, 189, 185, 62, 131, 25, 150, 172, 22, 100, 163, 240, 166, 105, 213, 193, 254, 166, 237, 17, 122, 25, 24, 17, 34, 160, 40, 94, 138], [249, 165, 5, 249, 136, 214, 52, 110, 207, 127, 103, 105, 245, 69, 118, 209, 132, 243, 85, 72, 158, 173, 79, 57, 115, 42, 128, 23, 119, 11, 1, 194], [146, 32, 45, 190, 248, 195, 241, 42, 119, 250, 132, 152, 65, 38, 15, 34, 133, 99, 182, 127, 214, 234, 85, 186, 209, 167, 147, 3, 18, 176, 151, 28], [61, 164, 253, 71, 37, 69, 158, 10, 200, 138, 77, 203, 164, 200, 224, 58, 107, 95, 102, 149, 245, 242, 209, 200, 107, 213, 208, 8, 208, 241, 123, 22], [132, 107, 243, 125, 148, 6, 128, 61, 26, 112, 252, 254, 27, 50, 114, 95, 49, 226, 153, 56, 83, 181, 219, 38, 161, 166, 208, 44, 131, 230, 178, 57], [143, 85, 19, 119, 203, 9, 171, 230, 112, 32, 153, 102, 42, 244, 225, 55, 62, 212, 255, 0, 253, 172, 67, 206, 108, 91, 46, 43, 21, 98, 4, 98], [18, 176, 41, 77, 192, 47, 111, 252, 9, 242, 16, 77, 25, 81, 192, 75, 244, 148, 145, 203, 15, 221, 155, 72, 85, 181, 22, 1, 70, 143, 128, 76], [246, 98, 119, 240, 63, 92, 251, 100, 176, 104, 226, 249, 151, 63, 221, 66, 143, 253, 95, 250, 132, 99, 182, 185, 52, 111, 26, 41, 50, 155, 120, 118], [4, 220, 246, 238, 204, 154, 2, 108, 135, 120, 112, 74, 68, 7, 193, 53, 194, 176, 190, 236, 25, 195, 149, 152, 29, 153, 77, 47, 225, 229, 197, 23], [200, 3, 77, 41, 199, 3, 102, 98, 176, 166, 141, 181, 204, 124, 187, 13, 106, 118, 150, 80, 143, 133, 96, 175, 48, 18, 174, 37, 203, 104, 216, 183], [27, 170, 229, 6, 118, 76, 7, 209, 2, 57, 11, 44, 125, 1, 126, 58, 112, 240, 241, 12, 196, 190, 249, 246, 32, 110, 2, 46, 89, 19, 29, 115], [74, 111, 136, 5, 235, 187, 62, 222, 12, 164, 199, 193, 182, 3, 181, 34, 172, 86, 212, 149, 233, 7, 69, 135, 226, 0, 140, 53, 124, 148, 164, 32], [251, 225, 58, 53, 23, 126, 106, 151, 142, 49, 118, 107, 224, 86, 3, 71, 70, 85, 94, 171, 101, 225, 55, 234, 81, 224, 97, 2, 12, 38, 69, 171], [246, 207, 70, 166, 125, 41, 58, 47, 11, 25, 68, 65, 145, 80, 189, 148, 142, 111, 111, 149, 116, 219, 94, 186, 20, 186, 240, 19, 65, 192, 156, 89], [118, 89, 124, 30, 121, 49, 162, 194, 240, 92, 223, 76, 119, 71, 83, 1, 124, 198, 69, 199, 172, 168, 76, 252, 223, 169, 113, 24, 62, 91, 229, 80], [67, 74, 145, 254, 201, 135, 1, 32, 130, 234, 92, 182, 9, 174, 209, 247, 191, 200, 56, 148, 130, 239, 241, 134, 209, 239, 189, 22, 6, 61, 224, 126], [160, 50, 164, 29, 20, 153, 207, 165, 160, 13, 162, 74, 230, 16, 46, 128, 58, 127, 10, 241, 124, 247, 228, 228, 146, 164, 242, 23, 123, 186, 154, 221], [134, 145, 55, 58, 162, 106, 0, 109, 114, 110, 190, 8, 87, 106, 230, 111, 235, 58, 219, 36, 117, 213, 63, 226, 65, 193, 111, 40, 67, 64, 90, 39], [164, 132, 0, 92, 136, 62, 32, 133, 49, 88, 68, 88, 154, 53, 125, 81, 253, 221, 37, 3, 249, 2, 210, 6, 58, 185, 199, 28, 60, 21, 113, 112], [136, 171, 162, 43, 33, 184, 8, 225, 85, 223, 84, 197, 223, 51, 124, 95, 131, 241, 92, 244, 134, 68, 98, 63, 2, 231, 108, 38, 4, 189, 34, 177], [114, 7, 32, 224, 4, 140, 81, 227, 95, 18, 61, 63, 195, 34, 4, 48, 185, 103, 42, 181, 48, 157, 95, 218, 56, 149, 156, 19, 134, 231, 253, 109], [222, 170, 203, 216, 93, 77, 222, 34, 61, 140, 119, 191, 217, 128, 61, 200, 84, 43, 202, 138, 226, 163, 41, 98, 28, 193, 126, 5, 89, 162, 0, 201], [196, 186, 39, 178, 101, 206, 155, 76, 125, 113, 95, 67, 88, 128, 111, 122, 28, 11, 244, 152, 17, 81, 50, 46, 37, 152, 94, 44, 248, 237, 67, 253], [236, 21, 234, 27, 106, 164, 254, 41, 254, 6, 60, 80, 101, 27, 237, 215, 34, 210, 199, 146, 101, 8, 101, 118, 104, 245, 38, 26, 238, 90, 124, 15], [82, 209, 248, 137, 39, 252, 213, 27, 20, 249, 33, 84, 5, 216, 17, 7, 154, 58, 92, 31, 24, 79, 255, 178, 77, 182, 5, 4, 15, 76, 121, 218], [174, 224, 83, 165, 219, 203, 140, 55, 125, 169, 83, 254, 232, 226, 167, 53, 101, 197, 32, 237, 215, 97, 157, 12, 13, 158, 9, 30, 97, 243, 221, 138], [8, 104, 150, 227, 33, 99, 148, 81, 76, 115, 217, 61, 123, 68, 53, 167, 53, 231, 204, 211, 149, 31, 247, 122, 224, 190, 64, 46, 220, 83, 83, 12], [154, 147, 237, 234, 225, 75, 195, 228, 66, 233, 25, 96, 164, 86, 93, 241, 246, 196, 123, 111, 79, 253, 172, 211, 93, 209, 6, 29, 230, 9, 159, 77], [14, 36, 138, 88, 107, 103, 221, 22, 69, 247, 167, 89, 226, 19, 76, 218, 128, 94, 131, 228, 147, 128, 58, 102, 146, 143, 35, 2, 92, 229, 130, 255], [171, 203, 27, 198, 182, 197, 167, 5, 8, 9, 94, 111, 214, 227, 86, 162, 115, 177, 16, 236, 125, 238, 107, 171, 194, 42, 79, 42, 151, 239, 245, 48], [12, 26, 242, 63, 29, 106, 213, 4, 230, 143, 13, 36, 155, 245, 154, 156, 129, 65, 54, 158, 79, 18, 116, 124, 195, 72, 109, 43, 139, 160, 215, 32], [33, 46, 248, 100, 56, 44, 161, 7, 10, 238, 157, 177, 97, 2, 90, 51, 88, 89, 41, 150, 253, 59, 241, 252, 245, 6, 202, 27, 176, 13, 135, 167], [10, 114, 46, 252, 111, 96, 156, 99, 171, 218, 115, 115, 194, 98, 230, 228, 52, 4, 26, 26, 218, 141, 189, 100, 175, 5, 247, 4, 16, 207, 149, 128], [91, 89, 30, 202, 16, 151, 90, 59, 191, 234, 253, 36, 180, 249, 73, 65, 65, 32, 1, 169, 178, 110, 48, 125, 230, 68, 251, 39, 77, 49, 56, 67], [14, 229, 90, 72, 158, 69, 61, 112, 33, 70, 241, 11, 112, 56, 147, 87, 90, 90, 244, 86, 66, 136, 140, 214, 23, 198, 22, 20, 75, 86, 13, 218], [172, 202, 128, 163, 129, 210, 62, 104, 153, 85, 208, 114, 233, 176, 151, 150, 179, 194, 223, 33, 188, 9, 123, 174, 200, 52, 29, 29, 250, 203, 68, 149], [8, 167, 197, 243, 238, 132, 52, 248, 111, 36, 144, 139, 237, 31, 238, 41, 92, 235, 91, 97, 231, 23, 165, 10, 91, 136, 77, 28, 187, 121, 211, 10], [182, 92, 113, 30, 250, 167, 106, 233, 47, 96, 130, 225, 230, 190, 43, 30, 135, 85, 6, 162, 247, 100, 204, 11, 242, 200, 108, 11, 162, 105, 6, 120], [194, 87, 194, 70, 252, 60, 51, 92, 189, 88, 100, 32, 193, 92, 235, 57, 250, 50, 35, 200, 187, 129, 163, 120, 131, 245, 20, 37, 20, 116, 130, 186], [118, 207, 73, 198, 48, 227, 189, 41, 114, 129, 108, 64, 231, 16, 79, 24, 100, 39, 122, 196, 100, 171, 207, 187, 250, 249, 131, 3, 165, 147, 118, 96], [84, 52, 94, 245, 144, 141, 62, 12, 212, 17, 29, 119, 156, 251, 149, 71, 188, 18, 45, 240, 109, 30, 142, 104, 239, 88, 79, 11, 204, 56, 24, 75], [84, 168, 81, 104, 3, 27, 125, 110, 192, 193, 181, 183, 101, 145, 151, 56, 164, 57, 123, 88, 78, 162, 245, 155, 239, 54, 88, 29, 137, 10, 64, 192], [12, 159, 110, 232, 137, 215, 155, 62, 6, 37, 77, 156, 171, 152, 23, 8, 66, 19, 88, 212, 242, 149, 116, 82, 65, 142, 249, 38, 175, 244, 164, 116], [83, 19, 2, 221, 101, 61, 144, 168, 183, 227, 65, 150, 22, 20, 190, 196, 67, 44, 255, 33, 66, 123, 206, 107, 237, 22, 38, 50, 190, 242, 60, 24], [10, 237, 177, 83, 3, 243, 213, 41, 139, 69, 52, 251, 177, 191, 105, 121, 116, 50, 248, 227, 54, 10, 189, 142, 49, 192, 106, 9, 108, 164, 158, 103], [123, 100, 73, 84, 33, 104, 70, 21, 90, 226, 157, 220, 156, 144, 15, 5, 107, 29, 228, 64, 241, 190, 171, 115, 181, 3, 30, 9, 162, 131, 148, 225], [64, 158, 132, 14, 168, 31, 39, 149, 154, 227, 232, 122, 150, 252, 186, 117, 201, 52, 206, 64, 146, 5, 25, 21, 2, 155, 98, 36, 29, 162, 36, 55], [180, 22, 229, 146, 111, 168, 80, 147, 108, 179, 35, 4, 108, 104, 221, 15, 159, 237, 150, 80, 142, 100, 17, 171, 155, 97, 166, 4, 165, 121, 232, 246], [213, 237, 155, 45, 229, 170, 74, 211, 246, 134, 152, 28, 199, 91, 198, 11, 237, 16, 130, 119, 151, 154, 24, 204, 112, 179, 1, 12, 204, 0, 215, 79], [156, 16, 253, 235, 123, 11, 77, 96, 47, 87, 211, 240, 159, 89, 180, 209, 161, 85, 131, 25, 13, 8, 65, 176, 148, 33, 117, 46, 117, 114, 93, 141], [215, 16, 52, 173, 218, 223, 91, 129, 150, 37, 53, 215, 207, 47, 207, 185, 157, 106, 253, 179, 133, 107, 246, 137, 239, 97, 217, 9, 241, 172, 187, 142], [249, 87, 81, 121, 238, 92, 217, 146, 202, 23, 84, 185, 103, 4, 167, 76, 194, 75, 251, 94, 75, 197, 194, 80, 132, 138, 201, 10, 210, 138, 31, 75], [63, 123, 236, 142, 178, 234, 21, 231, 250, 68, 76, 192, 141, 40, 178, 199, 24, 219, 82, 4, 164, 52, 59, 87, 131, 236, 138, 38, 95, 74, 1, 170], [53, 103, 127, 56, 185, 250, 33, 215, 246, 220, 55, 113, 131, 175, 171, 106, 125, 121, 103, 218, 149, 184, 238, 49, 226, 214, 203, 16, 122, 38, 5, 27], [65, 94, 245, 149, 189, 224, 212, 178, 171, 14, 136, 97, 115, 126, 201, 30, 130, 80, 216, 193, 225, 13, 94, 122, 228, 87, 138, 29, 26, 231, 86, 141], [42, 10, 139, 162, 77, 180, 142, 61, 13, 34, 167, 103, 85, 26, 211, 89, 71, 22, 225, 150, 147, 192, 100, 90, 91, 19, 173, 22, 205, 214, 119, 189], [213, 45, 43, 166, 207, 233, 156, 181, 229, 91, 249, 53, 234, 217, 183, 98, 52, 245, 119, 246, 71, 146, 211, 102, 142, 246, 217, 18, 11, 52, 103, 253], [214, 226, 142, 20, 190, 112, 17, 235, 66, 109, 92, 221, 14, 92, 58, 174, 27, 162, 110, 236, 160, 242, 184, 76, 45, 172, 213, 27, 246, 188, 45, 240], [7, 165, 113, 134, 222, 73, 180, 52, 70, 118, 29, 52, 42, 57, 6, 254, 251, 161, 136, 206, 192, 224, 114, 126, 6, 138, 56, 10, 175, 97, 246, 204], [160, 31, 130, 253, 163, 36, 131, 5, 45, 222, 236, 203, 123, 215, 172, 47, 253, 151, 69, 201, 171, 148, 230, 35, 156, 158, 56, 29, 81, 64, 79, 232], [14, 231, 174, 181, 174, 128, 189, 51, 75, 244, 99, 99, 51, 31, 123, 131, 186, 163, 199, 233, 104, 191, 190, 98, 108, 196, 43, 38, 185, 220, 181, 130], [129, 177, 238, 45, 161, 16, 185, 207, 5, 35, 15, 110, 196, 178, 106, 125, 154, 215, 46, 184, 225, 174, 37, 9, 27, 205, 209, 12, 136, 71, 189, 177], [198, 208, 125, 125, 161, 50, 39, 88, 213, 47, 61, 8, 156, 167, 149, 92, 31, 41, 35, 192, 160, 70, 221, 243, 147, 197, 246, 2, 233, 252, 87, 238], [22, 4, 178, 112, 96, 19, 25, 20, 253, 86, 33, 77, 52, 147, 71, 140, 175, 144, 172, 40, 38, 163, 16, 234, 87, 0, 220, 5, 191, 181, 191, 38], [80, 187, 162, 190, 235, 151, 74, 16, 188, 58, 68, 143, 193, 176, 235, 36, 151, 28, 45, 248, 136, 89, 84, 237, 222, 136, 109, 45, 89, 92, 100, 58], [131, 102, 216, 148, 242, 84, 8, 179, 142, 112, 168, 76, 65, 86, 114, 98, 220, 195, 160, 5, 118, 155, 234, 221, 22, 38, 159, 5, 218, 116, 111, 238], [234, 232, 40, 249, 198, 85, 39, 175, 166, 11, 104, 3, 55, 88, 178, 65, 246, 169, 60, 89, 127, 55, 242, 101, 46, 32, 208, 45, 40, 143, 95, 196], [122, 152, 235, 4, 240, 65, 142, 218, 250, 217, 139, 14, 254, 196, 52, 69, 213, 234, 234, 195, 161, 180, 177, 42, 167, 100, 69, 18, 109, 136, 13, 234], [43, 163, 247, 66, 198, 116, 74, 185, 234, 94, 25, 148, 38, 0, 207, 63, 192, 155, 19, 95, 170, 104, 63, 123, 68, 46, 148, 2, 29, 44, 16, 234], [81, 195, 131, 31, 190, 27, 76, 181, 205, 62, 233, 81, 158, 193, 68, 156, 87, 106, 198, 66, 109, 243, 139, 188, 116, 207, 251, 2, 164, 195, 188, 58], [30, 25, 29, 68, 130, 215, 204, 110, 127, 225, 69, 148, 156, 230, 105, 185, 66, 146, 147, 241, 227, 169, 107, 134, 190, 126, 149, 18, 33, 110, 97, 141], [132, 249, 169, 72, 254, 158, 226, 41, 254, 209, 213, 141, 60, 214, 177, 116, 253, 66, 255, 110, 72, 126, 36, 1, 239, 165, 171, 25, 163, 57, 192, 157], [248, 114, 3, 248, 10, 243, 164, 249, 17, 137, 59, 3, 193, 113, 23, 200, 115, 179, 188, 198, 69, 246, 197, 90, 180, 207, 206, 29, 206, 175, 201, 156], [42, 19, 187, 158, 81, 240, 174, 115, 40, 248, 59, 185, 65, 196, 137, 173, 216, 19, 149, 190, 172, 71, 155, 69, 140, 115, 9, 38, 205, 153, 112, 152], [139, 136, 52, 53, 214, 234, 118, 222, 196, 142, 44, 146, 206, 67, 43, 47, 247, 7, 244, 29, 165, 88, 226, 176, 25, 71, 71, 45, 183, 18, 68, 142], [207, 166, 183, 148, 81, 225, 0, 102, 53, 227, 238, 104, 41, 70, 194, 45, 114, 216, 91, 2, 171, 123, 180, 250, 77, 230, 86, 35, 122, 99, 12, 64], [139, 3, 236, 6, 183, 223, 250, 137, 204, 219, 84, 5, 143, 20, 86, 82, 191, 61, 92, 154, 132, 71, 79, 48, 89, 7, 29, 3, 29, 52, 16, 148], [141, 15, 227, 74, 233, 128, 180, 135, 228, 202, 157, 201, 130, 105, 52, 93, 237, 77, 150, 19, 194, 250, 4, 178, 5, 60, 252, 18, 89, 145, 253, 89], [9, 243, 131, 133, 9, 186, 245, 206, 111, 4, 222, 144, 214, 143, 157, 186, 6, 11, 123, 191, 12, 198, 10, 98, 106, 136, 49, 45, 97, 125, 40, 57], [252, 121, 29, 16, 61, 8, 13, 131, 122, 133, 104, 81, 79, 103, 184, 253, 131, 222, 75, 252, 96, 239, 131, 134, 171, 19, 241, 31, 238, 107, 127, 126], [13, 153, 156, 182, 131, 16, 124, 153, 33, 102, 163, 6, 135, 200, 227, 198, 175, 58, 213, 248, 28, 218, 38, 127, 8, 198, 50, 3, 185, 212, 20, 130], [18, 196, 234, 179, 22, 66, 234, 41, 20, 64, 34, 173, 110, 211, 191, 135, 93, 13, 18, 3, 40, 134, 101, 96, 180, 111, 75, 43, 64, 22, 250, 36], [116, 211, 120, 80, 78, 71, 169, 224, 25, 149, 77, 152, 205, 188, 23, 177, 209, 177, 251, 116, 109, 152, 151, 219, 50, 65, 193, 43, 41, 198, 135, 42], [90, 216, 40, 92, 236, 57, 20, 42, 94, 26, 11, 171, 105, 91, 227, 40, 140, 148, 37, 172, 185, 21, 115, 132, 165, 30, 113, 23, 7, 231, 130, 179], [162, 184, 167, 235, 62, 131, 200, 135, 119, 213, 51, 255, 143, 155, 105, 208, 228, 147, 84, 67, 188, 7, 154, 5, 64, 13, 163, 4, 86, 214, 249, 149], [165, 89, 206, 116, 106, 62, 140, 27, 20, 155, 96, 6, 120, 71, 201, 108, 250, 177, 246, 214, 243, 237, 165, 128, 66, 141, 34, 35, 238, 207, 143, 121], [98, 79, 103, 241, 253, 88, 185, 187, 197, 137, 204, 83, 29, 223, 226, 170, 198, 140, 87, 165, 121, 143, 171, 103, 4, 120, 169, 33, 115, 12, 127, 246], [227, 234, 231, 224, 29, 234, 11, 57, 32, 166, 223, 70, 46, 210, 83, 96, 111, 74, 18, 95, 222, 160, 182, 97, 99, 69, 150, 46, 89, 45, 237, 94], [180, 60, 185, 74, 143, 113, 184, 172, 203, 224, 180, 67, 64, 121, 158, 214, 239, 184, 248, 18, 176, 16, 134, 121, 110, 214, 186, 14, 138, 55, 239, 231], [223, 155, 238, 14, 123, 20, 93, 157, 148, 46, 144, 69, 165, 14, 200, 128, 105, 62, 178, 251, 119, 40, 208, 250, 115, 243, 5, 1, 66, 44, 212, 32], [193, 115, 233, 218, 216, 161, 193, 23, 55, 48, 179, 240, 88, 5, 135, 251, 183, 226, 240, 55, 78, 39, 78, 28, 114, 174, 174, 30, 59, 94, 153, 75], [254, 173, 27, 54, 60, 64, 43, 229, 129, 44, 11, 243, 107, 241, 241, 170, 195, 133, 143, 245, 88, 121, 30, 16, 137, 172, 237, 11, 5, 209, 168, 183], [85, 24, 55, 97, 180, 40, 176, 80, 90, 58, 206, 166, 4, 83, 250, 133, 254, 98, 95, 128, 219, 120, 227, 196, 0, 160, 181, 17, 58, 66, 206, 74], [115, 49, 92, 130, 205, 163, 248, 110, 99, 208, 194, 21, 70, 63, 75, 221, 3, 99, 105, 251, 56, 2, 114, 28, 251, 90, 98, 23, 103, 33, 154, 80], [221, 55, 104, 178, 63, 193, 4, 126, 181, 122, 38, 122, 232, 107, 224, 254, 1, 53, 24, 40, 234, 31, 1, 130, 110, 94, 36, 0, 61, 220, 76, 65], [155, 64, 19, 54, 19, 196, 16, 138, 141, 228, 88, 118, 42, 140, 228, 178, 130, 52, 242, 212, 141, 101, 24, 69, 252, 55, 193, 41, 224, 219, 226, 135], [57, 84, 184, 137, 77, 9, 109, 234, 219, 239, 90, 29, 117, 236, 160, 130, 180, 16, 56, 144, 63, 128, 48, 95, 4, 240, 63, 48, 12, 212, 26, 206], [92, 203, 188, 34, 34, 45, 206, 202, 208, 213, 110, 254, 80, 42, 194, 12, 129, 148, 13, 16, 76, 184, 129, 40, 85, 215, 249, 38, 213, 38, 13, 215], [108, 64, 235, 51, 190, 234, 1, 241, 251, 59, 133, 192, 221, 32, 211, 110, 58, 115, 4, 140, 53, 6, 242, 8, 121, 96, 127, 21, 58, 52, 104, 77], [112, 123, 62, 183, 231, 7, 168, 200, 251, 83, 105, 55, 217, 78, 145, 60, 251, 134, 198, 95, 22, 53, 173, 177, 237, 156, 141, 9, 114, 214, 111, 1], [170, 75, 53, 8, 207, 223, 111, 119, 149, 46, 252, 214, 127, 55, 174, 18, 124, 210, 75, 44, 244, 153, 63, 216, 249, 237, 228, 26, 33, 129, 162, 16], [90, 51, 20, 48, 140, 152, 119, 121, 122, 162, 135, 100, 35, 239, 225, 89, 3, 38, 60, 125, 60, 206, 164, 168, 90, 125, 30, 3, 35, 40, 154, 26], [20, 165, 43, 255, 148, 244, 48, 85, 197, 97, 251, 240, 205, 121, 90, 53, 116, 171, 220, 56, 38, 85, 34, 122, 122, 46, 98, 48, 252, 234, 37, 91], [189, 42, 107, 221, 180, 165, 31, 10, 202, 85, 53, 116, 56, 111, 144, 52, 250, 249, 101, 212, 240, 132, 173, 188, 247, 131, 75, 36, 36, 213, 226, 189], [2, 231, 244, 60, 248, 213, 64, 19, 204, 8, 134, 166, 143, 222, 38, 76, 66, 154, 115, 127, 3, 75, 15, 103, 248, 31, 2, 0, 239, 99, 183, 101], [100, 228, 216, 69, 135, 187, 246, 114, 254, 94, 38, 203, 101, 12, 149, 57, 9, 184, 103, 58, 213, 69, 101, 250, 228, 193, 210, 43, 145, 195, 134, 11], [15, 174, 8, 47, 16, 99, 107, 98, 211, 150, 170, 14, 76, 160, 152, 232, 3, 251, 91, 253, 66, 72, 167, 68, 105, 53, 1, 32, 20, 210, 119, 148], [11, 226, 142, 146, 245, 110, 38, 225, 203, 104, 5, 41, 24, 173, 187, 8, 248, 160, 74, 97, 192, 211, 218, 26, 130, 75, 252, 39, 182, 57, 246, 204], [7, 222, 23, 13, 125, 103, 6, 6, 190, 211, 214, 136, 17, 184, 232, 152, 178, 74, 244, 186, 230, 87, 138, 156, 9, 25, 99, 16, 52, 92, 96, 144], [123, 82, 172, 42, 10, 150, 245, 97, 48, 77, 95, 11, 179, 57, 100, 27, 66, 27, 65, 153, 137, 73, 241, 73, 8, 135, 167, 8, 22, 219, 135, 172], [124, 104, 63, 239, 167, 102, 51, 143, 120, 14, 49, 132, 125, 61, 140, 63, 181, 64, 129, 208, 202, 234, 238, 55, 116, 211, 189, 25, 138, 89, 57, 58], [97, 118, 184, 108, 153, 181, 141, 94, 135, 105, 99, 61, 172, 245, 194, 241, 135, 222, 23, 142, 138, 199, 73, 53, 144, 98, 248, 41, 49, 34, 245, 43], [154, 35, 225, 76, 229, 99, 62, 217, 24, 92, 80, 19, 224, 26, 245, 65, 1, 5, 207, 231, 94, 181, 66, 169, 254, 122, 166, 22, 214, 181, 102, 186], [42, 219, 182, 246, 55, 191, 40, 113, 1, 251, 217, 51, 101, 37, 195, 202, 105, 128, 70, 96, 83, 96, 135, 12, 50, 4, 97, 32, 127, 251, 46, 4], [41, 111, 121, 140, 219, 247, 16, 95, 75, 212, 26, 137, 129, 168, 247, 105, 70, 56, 188, 12, 231, 118, 156, 216, 199, 109, 59, 11, 244, 71, 81, 2], [19, 254, 50, 143, 137, 197, 239, 181, 17, 194, 73, 250, 233, 123, 49, 47, 189, 65, 199, 32, 228, 185, 97, 251, 21, 111, 6, 48, 200, 1, 78, 212], [237, 28, 167, 175, 177, 210, 96, 9, 70, 150, 102, 14, 220, 175, 137, 23, 112, 13, 148, 171, 66, 41, 149, 8, 171, 224, 40, 37, 104, 198, 54, 232], [149, 11, 139, 230, 187, 54, 208, 206, 95, 24, 217, 108, 203, 7, 221, 158, 253, 182, 168, 134, 88, 223, 106, 78, 167, 226, 133, 34, 88, 180, 101, 55], [128, 186, 43, 197, 182, 251, 194, 215, 23, 117, 9, 39, 74, 225, 92, 243, 119, 54, 209, 159, 27, 143, 93, 227, 191, 226, 147, 10, 22, 222, 212, 121], [101, 93, 245, 28, 156, 205, 206, 8, 65, 164, 104, 97, 159, 47, 58, 235, 221, 198, 138, 232, 28, 43, 219, 50, 133, 228, 132, 40, 239, 72, 23, 161], [150, 209, 244, 118, 214, 206, 174, 144, 121, 245, 119, 112, 19, 119, 36, 142, 62, 15, 127, 24, 14, 17, 212, 253, 178, 107, 208, 37, 40, 72, 44, 160], [33, 104, 111, 34, 108, 17, 111, 187, 12, 174, 245, 142, 193, 254, 4, 115, 250, 189, 239, 241, 139, 245, 129, 217, 250, 215, 189, 28, 24, 96, 137, 184], [13, 112, 1, 172, 60, 113, 205, 238, 65, 11, 163, 105, 230, 178, 38, 240, 209, 100, 109, 211, 81, 207, 36, 102, 31, 168, 131, 32, 166, 96, 44, 153], [28, 141, 200, 123, 253, 233, 212, 70, 128, 77, 184, 227, 212, 213, 149, 170, 70, 0, 52, 73, 120, 238, 248, 161, 106, 227, 63, 25, 47, 157, 243, 31], [9, 28, 31, 144, 80, 89, 164, 121, 79, 95, 222, 45, 119, 165, 90, 145, 228, 224, 226, 228, 215, 208, 12, 123, 83, 166, 224, 15, 236, 60, 174, 22], [162, 173, 133, 182, 81, 87, 2, 149, 25, 87, 102, 144, 26, 236, 181, 49, 143, 32, 25, 213, 179, 7, 51, 3, 132, 219, 146, 28, 50, 6, 184, 238], [165, 212, 211, 233, 184, 115, 166, 123, 235, 225, 7, 97, 87, 212, 64, 81, 73, 153, 160, 24, 251, 80, 17, 2, 178, 255, 102, 9, 179, 71, 48, 138], [143, 134, 173, 152, 242, 75, 95, 52, 10, 103, 132, 187, 116, 139, 86, 185, 4, 225, 121, 135, 41, 239, 46, 17, 22, 115, 53, 10, 21, 247, 196, 233], [112, 183, 76, 82, 212, 86, 203, 236, 165, 136, 121, 54, 6, 132, 64, 48, 109, 172, 175, 159, 46, 79, 32, 223, 192, 78, 253, 38, 165, 76, 172, 98], [21, 66, 240, 168, 1, 39, 234, 101, 134, 215, 154, 120, 138, 130, 27, 16, 12, 38, 19, 248, 184, 179, 31, 3, 12, 72, 211, 47, 3, 128, 151, 98], [251, 19, 132, 190, 119, 108, 253, 164, 251, 151, 215, 18, 254, 181, 145, 92, 202, 128, 12, 161, 17, 142, 74, 135, 36, 189, 167, 17, 172, 7, 148, 7], [81, 250, 168, 193, 209, 68, 49, 221, 135, 8, 23, 197, 96, 216, 1, 164, 111, 136, 211, 174, 45, 9, 143, 27, 19, 144, 129, 22, 68, 125, 229, 117], [27, 120, 156, 125, 21, 94, 116, 195, 149, 210, 169, 132, 95, 162, 239, 36, 236, 196, 67, 23, 24, 18, 231, 89, 78, 145, 188, 30, 31, 4, 114, 120], [77, 37, 137, 134, 50, 7, 211, 21, 170, 88, 27, 101, 215, 186, 200, 183, 59, 158, 202, 34, 0, 194, 222, 50, 242, 218, 147, 28, 80, 116, 174, 56], [38, 113, 31, 208, 129, 84, 225, 100, 101, 132, 159, 1, 85, 199, 221, 93, 214, 233, 239, 54, 220, 66, 169, 232, 93, 243, 222, 35, 72, 72, 146, 121], [48, 91, 161, 162, 0, 228, 23, 219, 86, 13, 43, 5, 138, 200, 56, 33, 123, 191, 108, 113, 105, 157, 94, 63, 1, 35, 245, 4, 247, 136, 206, 159], [240, 26, 1, 108, 11, 118, 144, 3, 44, 230, 225, 149, 8, 145, 163, 35, 224, 91, 96, 129, 77, 93, 136, 248, 20, 91, 133, 12, 121, 36, 100, 11], [21, 219, 86, 77, 191, 121, 59, 140, 132, 109, 27, 242, 92, 124, 95, 131, 238, 178, 80, 130, 164, 213, 254, 60, 124, 68, 175, 9, 239, 218, 7, 183], [108, 186, 60, 231, 162, 237, 13, 100, 193, 241, 232, 20, 115, 48, 211, 64, 33, 165, 188, 51, 171, 136, 110, 233, 142, 23, 196, 32, 56, 3, 50, 238], [116, 249, 170, 207, 48, 105, 94, 106, 249, 238, 219, 120, 129, 87, 223, 168, 247, 139, 106, 70, 72, 180, 140, 203, 12, 230, 230, 37, 88, 34, 117, 33], [170, 209, 227, 84, 234, 220, 99, 4, 208, 120, 152, 130, 234, 39, 174, 64, 149, 160, 147, 132, 126, 23, 195, 247, 227, 54, 160, 15, 134, 153, 116, 224], [139, 173, 129, 198, 206, 2, 63, 4, 91, 112, 157, 97, 47, 152, 235, 209, 171, 225, 33, 86, 116, 130, 11, 56, 224, 39, 194, 10, 198, 226, 133, 53], [178, 226, 62, 186, 71, 82, 175, 92, 176, 217, 154, 50, 43, 33, 206, 202, 10, 248, 80, 74, 111, 149, 32, 106, 146, 7, 176, 14, 167, 182, 171, 15], [22, 189, 235, 236, 230, 195, 188, 60, 190, 192, 138, 94, 126, 60, 186, 199, 16, 105, 155, 38, 175, 51, 209, 248, 167, 115, 222, 39, 129, 26, 247, 162], [100, 169, 225, 129, 69, 120, 194, 11, 225, 144, 230, 100, 50, 55, 179, 182, 171, 77, 255, 109, 186, 10, 17, 119, 224, 70, 180, 33, 38, 104, 243, 35], [194, 179, 60, 224, 20, 37, 219, 146, 147, 103, 93, 168, 243, 44, 238, 165, 246, 199, 15, 190, 85, 40, 107, 151, 241, 37, 207, 9, 1, 247, 107, 115], [108, 98, 104, 5, 60, 156, 218, 144, 90, 21, 100, 177, 53, 93, 20, 151, 145, 18, 240, 13, 115, 51, 157, 186, 45, 99, 65, 24, 77, 115, 70, 237], [79, 166, 190, 192, 200, 142, 236, 73, 57, 237, 91, 1, 51, 31, 133, 8, 7, 61, 16, 240, 213, 79, 99, 199, 227, 239, 110, 27, 70, 6, 17, 101], [170, 41, 184, 54, 81, 46, 151, 215, 54, 85, 29, 230, 39, 251, 108, 234, 36, 51, 96, 170, 182, 108, 148, 38, 69, 235, 34, 24, 35, 85, 196, 71], [172, 126, 4, 33, 156, 191, 44, 215, 200, 178, 110, 148, 20, 71, 126, 36, 151, 64, 58, 196, 13, 96, 48, 214, 55, 76, 23, 43, 92, 158, 34, 182], [121, 147, 247, 142, 75, 39, 9, 184, 96, 108, 200, 57, 174, 202, 48, 206, 63, 126, 9, 182, 104, 99, 166, 15, 162, 29, 210, 1, 99, 161, 143, 129], [162, 121, 218, 126, 158, 178, 166, 43, 216, 111, 226, 123, 48, 59, 241, 183, 91, 94, 162, 12, 160, 146, 159, 54, 50, 233, 24, 43, 235, 94, 90, 34], [157, 248, 40, 173, 65, 163, 104, 176, 48, 254, 184, 93, 175, 141, 80, 179, 118, 199, 70, 2, 193, 60, 139, 209, 208, 48, 146, 46, 229, 78, 235, 106], [93, 58, 86, 198, 177, 210, 115, 71, 97, 225, 188, 61, 162, 36, 236, 142, 165, 242, 76, 252, 66, 226, 128, 211, 180, 52, 5, 19, 76, 191, 16, 93], [193, 40, 38, 50, 216, 113, 156, 5, 67, 108, 90, 1, 181, 199, 24, 146, 242, 51, 135, 104, 217, 220, 215, 178, 224, 2, 165, 20, 92, 217, 240, 145], [200, 231, 77, 26, 99, 140, 70, 1, 13, 149, 177, 122, 89, 150, 73, 96, 202, 20, 38, 50, 161, 207, 172, 193, 187, 247, 118, 9, 251, 61, 108, 123], [85, 99, 250, 9, 181, 88, 213, 98, 78, 254, 38, 150, 168, 144, 104, 239, 195, 17, 201, 79, 80, 195, 89, 46, 146, 75, 191, 27, 185, 33, 255, 105], [116, 7, 247, 183, 134, 96, 107, 234, 214, 134, 40, 56, 24, 72, 163, 210, 135, 174, 209, 209, 55, 18, 147, 173, 70, 44, 76, 17, 56, 49, 178, 103], [210, 75, 204, 203, 88, 39, 125, 14, 149, 136, 112, 36, 193, 49, 17, 164, 116, 235, 98, 161, 146, 248, 68, 225, 123, 39, 252, 3, 91, 227, 105, 164], [145, 220, 240, 186, 191, 19, 45, 251, 130, 54, 210, 39, 204, 158, 18, 26, 181, 4, 127, 139, 182, 185, 142, 35, 16, 32, 6, 5, 15, 204, 202, 112], [68, 64, 84, 112, 52, 163, 244, 89, 252, 225, 16, 115, 156, 38, 112, 221, 65, 90, 237, 22, 151, 167, 236, 255, 246, 38, 104, 44, 23, 42, 10, 192], [63, 123, 183, 158, 162, 36, 152, 54, 88, 145, 250, 65, 207, 182, 240, 130, 25, 48, 97, 83, 17, 193, 15, 26, 41, 183, 211, 10, 229, 113, 241, 207], [206, 129, 173, 50, 174, 44, 66, 86, 111, 119, 53, 219, 167, 240, 219, 9, 171, 178, 106, 205, 251, 26, 251, 209, 201, 14, 0, 41, 88, 59, 124, 218], [240, 112, 139, 131, 4, 70, 47, 133, 145, 205, 211, 97, 160, 215, 12, 155, 11, 147, 178, 201, 184, 255, 3, 130, 189, 17, 89, 45, 98, 139, 139, 8], [72, 10, 115, 9, 223, 157, 47, 18, 34, 243, 75, 188, 181, 103, 165, 119, 11, 147, 229, 234, 45, 133, 54, 15, 169, 63, 100, 7, 131, 94, 174, 53], [50, 5, 173, 101, 247, 241, 134, 136, 180, 254, 37, 5, 14, 74, 217, 163, 34, 29, 145, 90, 12, 206, 33, 16, 233, 147, 0, 0, 205, 187, 125, 58], [72, 223, 226, 124, 103, 170, 64, 112, 58, 78, 55, 34, 125, 165, 83, 196, 194, 117, 100, 130, 145, 76, 26, 214, 85, 141, 23, 7, 51, 243, 193, 55], [189, 139, 61, 169, 211, 217, 252, 233, 53, 240, 56, 251, 76, 54, 152, 202, 64, 18, 179, 116, 146, 49, 164, 64, 177, 89, 146, 37, 122, 65, 255, 157], [206, 172, 61, 191, 37, 32, 49, 248, 86, 28, 74, 117, 224, 178, 45, 189, 243, 207, 235, 53, 152, 83, 23, 11, 29, 193, 76, 41, 52, 8, 209, 94], [96, 222, 109, 119, 144, 73, 128, 162, 54, 184, 10, 41, 39, 63, 206, 116, 24, 37, 239, 133, 84, 38, 172, 23, 152, 176, 234, 23, 97, 64, 123, 29], [192, 236, 54, 215, 195, 107, 178, 165, 248, 252, 5, 180, 213, 10, 229, 64, 152, 194, 6, 134, 221, 76, 157, 217, 222, 34, 77, 7, 44, 88, 229, 105], [226, 73, 206, 19, 89, 167, 234, 205, 197, 201, 164, 60, 225, 214, 80, 161, 241, 91, 47, 191, 116, 208, 51, 83, 203, 231, 177, 16, 230, 188, 1, 187], [86, 159, 233, 100, 201, 94, 191, 194, 152, 109, 123, 227, 135, 77, 156, 64, 30, 131, 73, 50, 76, 83, 148, 7, 148, 43, 23, 41, 143, 75, 190, 234], [138, 12, 177, 2, 36, 87, 147, 163, 74, 216, 17, 57, 125, 131, 196, 9, 144, 4, 153, 161, 175, 180, 139, 238, 55, 146, 33, 22, 201, 59, 74, 228], [203, 130, 78, 200, 121, 148, 147, 127, 75, 168, 227, 82, 55, 215, 251, 206, 7, 180, 7, 53, 175, 48, 96, 125, 72, 51, 193, 23, 234, 228, 194, 2], [145, 81, 112, 205, 91, 209, 14, 30, 32, 185, 186, 233, 200, 57, 123, 100, 42, 23, 182, 178, 80, 56, 154, 204, 170, 72, 123, 21, 126, 193, 50, 244], [74, 9, 210, 115, 19, 54, 222, 232, 69, 194, 157, 68, 38, 129, 133, 178, 174, 145, 72, 131, 122, 111, 209, 99, 42, 27, 163, 24, 38, 165, 31, 157], [97, 147, 56, 41, 210, 134, 183, 29, 73, 67, 12, 155, 173, 93, 123, 174, 27, 111, 227, 80, 6, 78, 248, 91, 6, 242, 90, 41, 174, 96, 166, 159], [84, 3, 240, 180, 4, 214, 150, 132, 201, 143, 125, 96, 150, 238, 251, 10, 151, 124, 172, 108, 119, 249, 246, 47, 69, 112, 33, 19, 96, 107, 187, 76], [176, 197, 51, 225, 201, 138, 74, 99, 241, 210, 55, 8, 204, 38, 63, 11, 7, 171, 242, 148, 45, 205, 152, 230, 41, 119, 199, 33, 153, 156, 214, 56], [194, 136, 48, 135, 136, 244, 218, 227, 199, 218, 3, 55, 199, 105, 133, 118, 31, 201, 163, 75, 178, 166, 58, 177, 45, 222, 66, 29, 247, 47, 155, 232], [157, 50, 44, 227, 23, 189, 126, 141, 74, 90, 249, 246, 129, 67, 228, 145, 133, 247, 255, 103, 205, 88, 132, 221, 225, 67, 88, 33, 215, 154, 247, 0], [93, 87, 72, 184, 194, 228, 122, 171, 59, 222, 179, 191, 127, 228, 33, 148, 136, 212, 42, 136, 192, 27, 212, 55, 85, 54, 233, 2, 233, 0, 231, 214], [88, 109, 153, 57, 214, 30, 245, 184, 173, 116, 26, 91, 6, 140, 76, 64, 147, 147, 166, 188, 55, 17, 240, 82, 98, 119, 3, 29, 112, 98, 133, 215], [185, 52, 216, 131, 202, 229, 246, 188, 85, 140, 205, 215, 221, 115, 95, 237, 45, 113, 37, 48, 105, 132, 93, 169, 29, 24, 123, 45, 170, 101, 106, 78], [83, 134, 68, 239, 243, 174, 176, 137, 109, 242, 150, 98, 41, 133, 1, 196, 8, 214, 112, 176, 241, 168, 185, 52, 205, 64, 76, 0, 160, 118, 222, 84], [201, 35, 34, 220, 19, 29, 226, 172, 205, 59, 237, 12, 69, 70, 12, 42, 139, 172, 172, 56, 124, 130, 218, 209, 77, 25, 225, 5, 122, 82, 151, 18], [194, 200, 209, 242, 152, 195, 89, 79, 27, 85, 230, 102, 245, 178, 232, 126, 249, 169, 11, 120, 120, 164, 61, 195, 36, 115, 59, 33, 167, 134, 158, 131], [77, 104, 254, 95, 121, 173, 143, 187, 195, 46, 148, 138, 24, 18, 117, 87, 43, 153, 163, 127, 173, 29, 87, 15, 37, 53, 131, 42, 246, 68, 118, 140], [59, 237, 97, 162, 13, 85, 203, 102, 96, 168, 60, 187, 77, 122, 119, 38, 107, 86, 31, 158, 56, 69, 227, 28, 158, 217, 4, 33, 74, 88, 87, 66], [69, 113, 85, 83, 140, 97, 85, 46, 142, 176, 15, 81, 65, 1, 24, 128, 16, 42, 220, 172, 70, 41, 61, 133, 17, 197, 245, 28, 22, 65, 16, 99], [254, 208, 216, 140, 45, 3, 41, 195, 168, 115, 93, 34, 152, 117, 251, 9, 51, 45, 245, 41, 226, 134, 39, 172, 226, 90, 35, 21, 253, 164, 37, 150], [209, 26, 203, 232, 0, 105, 28, 58, 3, 186, 113, 70, 28, 87, 105, 1, 166, 27, 116, 11, 227, 118, 244, 91, 97, 137, 110, 19, 171, 49, 48, 106], [14, 68, 218, 245, 93, 77, 12, 179, 67, 36, 5, 159, 50, 78, 190, 98, 19, 165, 253, 19, 59, 113, 16, 99, 120, 123, 182, 45, 188, 177, 208, 88], [78, 88, 208, 48, 200, 4, 230, 249, 48, 183, 44, 100, 185, 126, 145, 51, 65, 132, 128, 149, 244, 159, 226, 44, 219, 191, 79, 44, 132, 194, 46, 26], [196, 95, 85, 46, 101, 177, 84, 156, 147, 39, 55, 183, 32, 244, 129, 106, 39, 160, 75, 29, 45, 82, 123, 100, 137, 96, 239, 20, 139, 75, 172, 127], [200, 51, 80, 11, 197, 197, 139, 110, 96, 179, 84, 51, 164, 217, 239, 77, 117, 193, 207, 34, 53, 0, 79, 180, 151, 142, 20, 4, 203, 185, 198, 106], [2, 222, 98, 46, 64, 114, 5, 58, 146, 99, 46, 128, 204, 22, 184, 25, 250, 193, 207, 78, 191, 126, 149, 2, 234, 166, 179, 21, 253, 35, 163, 51], [29, 25, 195, 12, 139, 131, 82, 251, 133, 52, 46, 47, 233, 211, 19, 224, 29, 169, 60, 23, 106, 121, 57, 108, 184, 166, 115, 0, 112, 237, 26, 205], [211, 70, 107, 174, 53, 217, 216, 118, 170, 118, 4, 9, 170, 192, 106, 247, 243, 160, 220, 16, 18, 220, 134, 120, 220, 96, 53, 8, 74, 217, 217, 164], [249, 114, 93, 47, 2, 71, 31, 109, 11, 54, 83, 104, 116, 132, 109, 161, 152, 156, 19, 161, 191, 38, 248, 116, 186, 167, 240, 47, 82, 194, 247, 153], [102, 117, 150, 165, 224, 121, 109, 121, 17, 106, 97, 128, 18, 108, 39, 255, 25, 91, 191, 108, 151, 141, 127, 101, 39, 98, 193, 44, 27, 240, 103, 164], [233, 127, 55, 58, 100, 238, 9, 237, 238, 84, 245, 195, 86, 225, 97, 155, 196, 199, 236, 3, 30, 188, 240, 13, 165, 145, 76, 0, 76, 51, 43, 165], [105, 99, 107, 4, 15, 107, 77, 53, 147, 242, 39, 42, 19, 78, 74, 67, 145, 242, 197, 226, 50, 36, 26, 167, 208, 40, 244, 26, 44, 13, 21, 52], [45, 12, 233, 1, 41, 220, 103, 123, 162, 21, 140, 211, 6, 119, 31, 230, 241, 125, 99, 180, 11, 228, 64, 211, 205, 188, 23, 48, 6, 56, 124, 15], [192, 232, 206, 117, 104, 73, 37, 14, 216, 157, 4, 156, 136, 116, 1, 215, 122, 152, 19, 64, 185, 143, 194, 99, 43, 103, 41, 10, 40, 239, 203, 174], [100, 20, 253, 209, 133, 89, 44, 242, 122, 25, 25, 83, 236, 167, 86, 7, 14, 255, 130, 107, 199, 84, 35, 228, 100, 101, 225, 11, 213, 237, 227, 178], [190, 0, 148, 55, 95, 205, 105, 244, 150, 135, 224, 248, 18, 32, 65, 243, 119, 227, 2, 248, 33, 192, 185, 81, 59, 213, 178, 9, 31, 14, 177, 41], [178, 119, 35, 106, 7, 113, 69, 118, 22, 81, 104, 68, 113, 176, 42, 122, 168, 70, 205, 76, 98, 75, 14, 253, 13, 233, 130, 36, 235, 26, 2, 188], [17, 178, 253, 104, 48, 149, 48, 198, 1, 130, 222, 95, 220, 115, 80, 209, 136, 1, 77, 177, 238, 77, 101, 180, 205, 217, 160, 31, 197, 109, 96, 67], [201, 9, 2, 243, 96, 29, 13, 86, 193, 166, 147, 25, 230, 156, 124, 235, 173, 187, 183, 221, 133, 200, 175, 8, 198, 63, 101, 31, 121, 190, 35, 25], [78, 180, 197, 249, 13, 210, 45, 182, 82, 5, 41, 137, 40, 57, 105, 44, 168, 208, 61, 58, 54, 5, 157, 194, 28, 156, 172, 42, 130, 143, 28, 149], [77, 130, 30, 73, 44, 173, 100, 18, 208, 195, 237, 125, 119, 187, 4, 150, 8, 138, 152, 218, 163, 215, 129, 216, 172, 14, 255, 16, 44, 209, 84, 9], [57, 164, 230, 84, 121, 218, 79, 142, 26, 72, 249, 252, 4, 104, 248, 23, 50, 113, 10, 68, 221, 186, 94, 20, 246, 8, 42, 11, 34, 24, 216, 194], [193, 27, 59, 172, 144, 220, 173, 35, 129, 11, 85, 176, 181, 175, 199, 34, 176, 101, 122, 131, 161, 48, 133, 9, 198, 236, 166, 15, 108, 173, 17, 249], [196, 115, 178, 153, 248, 110, 24, 74, 249, 170, 40, 115, 245, 155, 8, 209, 47, 251, 99, 127, 229, 177, 28, 39, 158, 234, 227, 28, 37, 229, 164, 21], [85, 112, 229, 143, 252, 237, 195, 68, 16, 95, 44, 231, 167, 168, 185, 94, 6, 224, 213, 52, 136, 111, 172, 215, 172, 97, 189, 32, 62, 86, 44, 3], [239, 107, 192, 26, 100, 69, 230, 252, 74, 222, 69, 67, 203, 147, 36, 148, 22, 218, 239, 37, 245, 250, 184, 204, 163, 187, 111, 20, 204, 148, 213, 35], [48, 111, 7, 140, 181, 170, 104, 55, 158, 233, 175, 95, 22, 106, 246, 177, 183, 111, 40, 55, 15, 125, 226, 30, 187, 24, 211, 24, 185, 232, 254, 190], [32, 203, 116, 155, 136, 141, 238, 209, 83, 179, 181, 121, 181, 13, 145, 210, 204, 8, 160, 76, 40, 14, 111, 33, 109, 109, 206, 43, 123, 104, 167, 180], [230, 28, 25, 176, 215, 31, 9, 49, 243, 128, 209, 55, 71, 238, 138, 207, 254, 213, 39, 129, 26, 35, 79, 194, 183, 53, 145, 23, 54, 187, 115, 152], [211, 107, 103, 9, 77, 137, 127, 48, 155, 247, 235, 63, 210, 153, 158, 72, 248, 161, 253, 48, 25, 46, 69, 22, 76, 93, 200, 12, 57, 182, 237, 22], [104, 114, 62, 249, 192, 236, 9, 12, 189, 63, 92, 167, 75, 69, 133, 205, 97, 179, 72, 153, 30, 95, 69, 230, 250, 39, 33, 33, 213, 127, 213, 180], [5, 59, 137, 188, 174, 51, 200, 37, 218, 65, 216, 48, 94, 132, 160, 236, 137, 70, 139, 3, 136, 175, 46, 229, 46, 12, 1, 20, 14, 71, 143, 193], [174, 25, 226, 66, 204, 221, 103, 92, 212, 42, 37, 240, 17, 19, 252, 179, 84, 146, 7, 31, 11, 65, 236, 250, 119, 38, 67, 15, 153, 145, 102, 121], [61, 180, 74, 65, 66, 19, 139, 75, 100, 251, 3, 113, 73, 161, 209, 197, 218, 151, 230, 103, 184, 154, 80, 77, 250, 152, 171, 44, 171, 201, 227, 19], [240, 191, 245, 252, 141, 51, 229, 188, 235, 195, 159, 87, 33, 167, 185, 148, 42, 23, 198, 47, 95, 188, 220, 246, 166, 49, 169, 22, 169, 19, 32, 134], [81, 193, 186, 119, 154, 252, 44, 67, 199, 14, 91, 216, 248, 103, 16, 211, 195, 211, 254, 209, 196, 177, 207, 245, 205, 32, 227, 52, 156, 51, 153, 196], [38, 204, 42, 63, 255, 150, 140, 171, 165, 166, 225, 63, 60, 177, 199, 236, 139, 46, 138, 136, 202, 227, 84, 234, 203, 28, 187, 25, 94, 2, 158, 120], [16, 65, 100, 115, 64, 36, 226, 138, 134, 138, 213, 94, 143, 131, 7, 115, 50, 235, 243, 194, 231, 192, 167, 53, 158, 99, 27, 4, 1, 109, 172, 81], [72, 129, 185, 160, 232, 35, 100, 119, 88, 255, 137, 88, 181, 104, 88, 59, 36, 54, 219, 224, 175, 82, 173, 200, 74, 183, 51, 27, 143, 240, 24, 156], [246, 77, 132, 135, 242, 128, 1, 161, 97, 31, 157, 23, 49, 183, 118, 138, 69, 218, 218, 74, 212, 114, 77, 83, 157, 48, 172, 13, 70, 144, 208, 134], [206, 10, 103, 155, 164, 166, 13, 241, 56, 107, 247, 62, 168, 239, 40, 70, 146, 15, 117, 215, 121, 77, 132, 24, 40, 151, 48, 21, 180, 246, 133, 182], [123, 190, 37, 41, 209, 197, 149, 84, 179, 243, 251, 41, 25, 4, 34, 2, 169, 211, 209, 89, 33, 245, 87, 158, 115, 232, 5, 10, 178, 73, 160, 125], [43, 95, 97, 138, 127, 9, 86, 49, 203, 9, 153, 12, 38, 112, 145, 217, 161, 190, 11, 59, 210, 216, 98, 77, 118, 207, 225, 2, 117, 158, 48, 74], [180, 88, 10, 154, 193, 138, 249, 9, 161, 19, 146, 69, 195, 225, 199, 118, 183, 55, 196, 5, 243, 142, 222, 41, 145, 212, 101, 9, 149, 179, 220, 90], [235, 44, 191, 177, 13, 193, 27, 55, 198, 96, 232, 138, 55, 232, 239, 167, 20, 135, 68, 125, 87, 199, 206, 147, 252, 126, 130, 45, 123, 12, 128, 14], [75, 4, 235, 254, 164, 182, 28, 240, 85, 191, 236, 228, 176, 230, 221, 206, 143, 181, 130, 102, 107, 104, 89, 25, 60, 242, 8, 11, 237, 164, 147, 123], [201, 192, 177, 185, 99, 203, 141, 180, 217, 34, 143, 165, 196, 247, 246, 249, 192, 29, 45, 235, 154, 240, 52, 121, 3, 138, 115, 24, 206, 92, 123, 49], [252, 170, 179, 214, 22, 153, 167, 38, 248, 250, 241, 129, 137, 160, 236, 132, 132, 64, 150, 140, 56, 59, 94, 144, 235, 249, 236, 45, 90, 88, 233, 92], [77, 203, 110, 130, 41, 255, 227, 179, 183, 71, 242, 241, 152, 96, 138, 135, 245, 39, 35, 205, 142, 175, 252, 103, 111, 196, 240, 23, 184, 22, 60, 36], [184, 219, 162, 87, 160, 202, 189, 212, 51, 34, 14, 253, 209, 61, 130, 219, 118, 182, 37, 17, 99, 12, 68, 132, 225, 141, 13, 22, 241, 41, 81, 13], [44, 85, 239, 102, 225, 91, 221, 94, 218, 76, 131, 46, 167, 190, 63, 217, 252, 46, 202, 165, 32, 200, 62, 189, 164, 67, 1, 47, 39, 189, 61, 12], [246, 249, 200, 223, 207, 114, 131, 18, 54, 148, 134, 255, 206, 219, 114, 130, 220, 223, 163, 243, 80, 64, 217, 164, 226, 91, 82, 20, 86, 211, 43, 203], [234, 54, 49, 213, 171, 110, 148, 9, 183, 29, 254, 104, 182, 153, 65, 168, 185, 22, 134, 18, 9, 216, 242, 35, 206, 10, 99, 1, 76, 50, 131, 70], [37, 202, 214, 25, 232, 116, 118, 165, 88, 224, 220, 70, 175, 82, 6, 121, 4, 17, 151, 226, 32, 176, 92, 143, 110, 198, 203, 6, 48, 6, 42, 12], [196, 240, 65, 49, 21, 78, 112, 118, 68, 23, 50, 235, 115, 113, 209, 214, 193, 225, 130, 35, 117, 138, 127, 88, 160, 119, 116, 9, 46, 71, 55, 144], [252, 235, 191, 28, 191, 101, 136, 215, 210, 103, 96, 199, 63, 127, 188, 135, 232, 49, 133, 83, 9, 7, 140, 53, 226, 238, 165, 42, 23, 247, 82, 204], [82, 155, 222, 10, 120, 124, 1, 242, 76, 83, 79, 172, 233, 230, 175, 170, 244, 99, 205, 148, 180, 21, 178, 136, 210, 214, 239, 38, 162, 112, 36, 103], [77, 145, 164, 230, 75, 9, 65, 93, 68, 60, 201, 124, 37, 103, 207, 67, 168, 204, 1, 179, 186, 212, 21, 150, 140, 196, 229, 15, 168, 83, 31, 226], [64, 255, 134, 76, 75, 217, 86, 15, 24, 134, 218, 4, 27, 132, 149, 16, 69, 3, 46, 127, 198, 4, 82, 137, 1, 75, 37, 41, 164, 186, 186, 240], [20, 57, 152, 55, 244, 64, 9, 173, 171, 219, 188, 31, 74, 215, 136, 139, 218, 82, 12, 122, 173, 130, 70, 218, 36, 68, 186, 29, 159, 169, 93, 246], [213, 140, 153, 239, 65, 241, 26, 89, 121, 228, 166, 146, 66, 212, 235, 112, 113, 66, 34, 57, 99, 155, 223, 87, 113, 3, 63, 7, 164, 223, 139, 80], [199, 50, 247, 153, 215, 160, 48, 119, 247, 150, 115, 249, 134, 208, 73, 86, 227, 255, 166, 161, 120, 56, 205, 121, 255, 33, 244, 31, 201, 126, 203, 126], [102, 250, 11, 127, 148, 184, 39, 225, 84, 215, 7, 19, 221, 171, 111, 7, 0, 127, 95, 68, 65, 39, 183, 119, 136, 139, 0, 31, 57, 106, 79, 100], [161, 184, 223, 238, 250, 96, 56, 242, 23, 193, 47, 254, 135, 89, 136, 7, 38, 241, 201, 235, 186, 74, 31, 201, 100, 34, 55, 11, 126, 126, 177, 89], [176, 145, 20, 189, 248, 17, 74, 135, 60, 147, 121, 132, 128, 172, 17, 122, 182, 198, 240, 115, 232, 120, 122, 105, 234, 194, 99, 17, 164, 72, 135, 232], [60, 125, 3, 59, 80, 132, 157, 66, 213, 107, 123, 218, 97, 168, 161, 180, 1, 0, 59, 34, 41, 142, 12, 74, 166, 151, 188, 11, 169, 234, 230, 237], [75, 155, 148, 231, 217, 189, 11, 86, 241, 234, 188, 45, 83, 64, 163, 3, 1, 107, 248, 7, 69, 122, 179, 58, 243, 254, 253, 25, 240, 118, 114, 158], [232, 238, 77, 177, 65, 193, 139, 58, 70, 106, 24, 247, 8, 171, 192, 251, 116, 228, 145, 176, 133, 4, 29, 49, 11, 133, 154, 17, 158, 18, 150, 234], [202, 240, 139, 84, 179, 12, 102, 18, 160, 127, 196, 105, 10, 24, 222, 125, 181, 218, 87, 176, 228, 37, 126, 166, 127, 79, 102, 22, 231, 4, 78, 252], [110, 163, 34, 244, 116, 241, 162, 47, 251, 165, 188, 219, 214, 13, 118, 51, 252, 152, 65, 254, 245, 193, 180, 3, 207, 37, 41, 37, 245, 84, 151, 239], [17, 174, 247, 213, 164, 238, 85, 38, 50, 86, 237, 236, 138, 179, 66, 121, 224, 197, 23, 55, 7, 192, 142, 186, 61, 57, 130, 8, 194, 161, 101, 58], [202, 125, 230, 17, 9, 1, 43, 73, 189, 126, 137, 89, 72, 117, 240, 188, 107, 44, 40, 73, 143, 48, 69, 218, 119, 139, 40, 7, 82, 168, 229, 232], [4, 222, 40, 102, 232, 219, 27, 66, 95, 20, 148, 170, 210, 164, 62, 8, 214, 127, 56, 129, 34, 224, 162, 38, 53, 21, 226, 39, 54, 211, 113, 93], [180, 56, 253, 179, 166, 185, 113, 195, 118, 152, 213, 191, 86, 152, 12, 149, 170, 238, 60, 159, 174, 72, 210, 44, 179, 132, 237, 10, 209, 224, 68, 104], [163, 154, 95, 42, 182, 127, 186, 36, 103, 76, 109, 154, 236, 167, 30, 45, 115, 184, 76, 246, 159, 81, 210, 73, 241, 41, 127, 47, 99, 168, 177, 47], [88, 216, 171, 13, 250, 233, 111, 232, 180, 244, 161, 198, 170, 13, 202, 226, 39, 24, 218, 190, 223, 43, 221, 130, 181, 48, 113, 20, 118, 28, 56, 112], [115, 241, 192, 17, 215, 74, 183, 67, 42, 30, 20, 253, 112, 176, 98, 84, 67, 141, 3, 194, 137, 78, 95, 151, 129, 36, 229, 0, 120, 98, 97, 145], [152, 42, 6, 173, 170, 98, 15, 7, 185, 139, 8, 176, 50, 244, 204, 128, 157, 249, 120, 207, 230, 3, 151, 217, 227, 75, 115, 22, 73, 185, 136, 106], [76, 21, 112, 249, 74, 92, 4, 89, 27, 74, 254, 236, 62, 100, 178, 120, 35, 165, 11, 238, 158, 151, 1, 114, 17, 236, 51, 31, 227, 2, 76, 89], [134, 197, 236, 1, 151, 75, 220, 246, 115, 26, 44, 235, 195, 71, 189, 66, 133, 72, 84, 176, 16, 93, 35, 28, 153, 2, 235, 29, 254, 67, 244, 109], [202, 118, 176, 66, 66, 110, 109, 15, 118, 32, 131, 170, 30, 244, 206, 8, 147, 160, 68, 202, 138, 8, 48, 111, 97, 98, 48, 17, 184, 68, 147, 122], [31, 226, 189, 187, 219, 236, 46, 110, 38, 219, 155, 173, 240, 101, 145, 117, 116, 11, 70, 166, 87, 220, 121, 162, 104, 255, 65, 43, 234, 245, 214, 28], [249, 240, 58, 198, 50, 81, 81, 236, 22, 8, 135, 146, 129, 172, 45, 29, 76, 203, 115, 94, 252, 92, 225, 174, 15, 101, 66, 13, 35, 183, 164, 0], [89, 178, 219, 148, 235, 167, 200, 88, 27, 22, 140, 42, 168, 117, 91, 89, 198, 12, 116, 201, 111, 202, 189, 103, 78, 160, 47, 17, 93, 7, 166, 187], [29, 155, 229, 117, 90, 121, 32, 124, 122, 98, 250, 4, 220, 171, 83, 100, 106, 122, 220, 89, 45, 67, 80, 50, 99, 233, 33, 35, 174, 192, 0, 60], [95, 177, 235, 131, 183, 153, 162, 3, 235, 41, 149, 59, 231, 22, 102, 221, 130, 239, 106, 108, 208, 230, 182, 197, 149, 150, 16, 9, 231, 68, 51, 247], [163, 145, 36, 149, 75, 201, 122, 160, 202, 95, 130, 222, 207, 67, 244, 249, 221, 77, 101, 167, 98, 141, 76, 89, 40, 216, 65, 35, 26, 191, 175, 7], [237, 213, 28, 74, 75, 175, 156, 36, 15, 89, 45, 127, 27, 110, 56, 114, 136, 191, 87, 205, 234, 154, 148, 199, 234, 126, 187, 47, 96, 184, 73, 225], [114, 250, 251, 166, 65, 1, 247, 199, 198, 10, 255, 184, 141, 20, 141, 135, 216, 247, 234, 16, 199, 18, 229, 135, 74, 118, 34, 13, 112, 212, 16, 5], [135, 164, 139, 201, 232, 213, 202, 33, 203, 11, 103, 1, 186, 21, 14, 156, 203, 46, 23, 179, 153, 122, 112, 93, 111, 87, 118, 18, 253, 102, 20, 206], [5, 80, 113, 4, 77, 235, 166, 29, 29, 238, 110, 110, 50, 172, 193, 203, 177, 185, 238, 199, 192, 132, 160, 147, 191, 115, 248, 24, 124, 227, 156, 20], [113, 200, 192, 62, 9, 176, 46, 78, 194, 207, 146, 123, 136, 66, 222, 102, 126, 132, 162, 140, 114, 199, 12, 201, 10, 16, 222, 42, 74, 150, 104, 10], [17, 60, 175, 55, 64, 223, 202, 74, 116, 124, 18, 41, 43, 172, 191, 181, 4, 140, 97, 240, 104, 27, 145, 77, 179, 218, 107, 23, 172, 150, 139, 159], [115, 239, 105, 151, 192, 130, 161, 108, 158, 121, 85, 84, 75, 131, 206, 147, 169, 172, 49, 91, 26, 95, 3, 58, 86, 205, 205, 36, 24, 45, 222, 0], [39, 191, 199, 226, 0, 215, 10, 93, 108, 234, 136, 42, 2, 164, 192, 226, 217, 234, 34, 15, 112, 161, 179, 67, 234, 2, 126, 21, 242, 245, 255, 120], [222, 90, 200, 236, 109, 202, 122, 219, 130, 18, 111, 107, 55, 28, 78, 23, 195, 118, 194, 203, 32, 38, 192, 20, 171, 4, 246, 15, 47, 208, 158, 215], [239, 204, 88, 89, 140, 243, 102, 11, 37, 128, 248, 108, 91, 180, 192, 158, 220, 90, 45, 169, 185, 254, 125, 157, 136, 75, 230, 26, 246, 130, 95, 209], [68, 101, 166, 72, 9, 121, 255, 51, 248, 198, 229, 79, 4, 241, 191, 90, 157, 85, 151, 178, 12, 230, 197, 115, 197, 206, 84, 37, 147, 212, 120, 28], [64, 32, 150, 108, 189, 205, 231, 39, 174, 165, 141, 131, 141, 32, 241, 59, 215, 19, 57, 127, 180, 183, 89, 29, 172, 134, 130, 8, 50, 236, 91, 57], [114, 136, 239, 181, 189, 76, 97, 233, 43, 37, 246, 76, 249, 174, 192, 140, 99, 234, 190, 173, 56, 225, 178, 53, 36, 214, 41, 48, 180, 40, 4, 188], [214, 107, 138, 207, 207, 252, 137, 64, 227, 196, 243, 19, 208, 55, 144, 69, 223, 49, 23, 57, 117, 232, 215, 195, 198, 199, 225, 39, 229, 140, 144, 27], [22, 71, 5, 120, 137, 242, 117, 152, 126, 153, 65, 106, 175, 80, 202, 250, 156, 166, 27, 114, 173, 139, 41, 235, 110, 237, 81, 23, 72, 167, 126, 82], [36, 12, 179, 57, 124, 89, 82, 254, 40, 99, 58, 187, 206, 40, 219, 248, 247, 197, 62, 90, 225, 225, 77, 107, 35, 20, 32, 16, 191, 53, 149, 57], [10, 194, 126, 148, 105, 247, 62, 127, 138, 222, 218, 42, 157, 69, 24, 252, 48, 137, 224, 19, 209, 62, 147, 186, 113, 47, 192, 46, 255, 85, 254, 133], [242, 127, 109, 2, 17, 113, 31, 106, 104, 7, 71, 220, 142, 47, 166, 136, 190, 127, 17, 94, 72, 190, 227, 117, 79, 58, 68, 32, 131, 187, 185, 247], [225, 171, 232, 141, 182, 195, 251, 130, 65, 200, 140, 190, 214, 95, 122, 230, 68, 128, 179, 5, 185, 249, 82, 53, 18, 87, 79, 27, 29, 156, 225, 23], [190, 245, 96, 209, 82, 157, 254, 141, 226, 118, 76, 223, 153, 182, 174, 234, 250, 83, 184, 18, 97, 255, 111, 44, 83, 212, 186, 8, 33, 58, 104, 95], [11, 40, 67, 192, 177, 155, 26, 132, 127, 248, 163, 149, 72, 85, 83, 134, 115, 220, 95, 15, 207, 29, 213, 32, 190, 166, 160, 52, 42, 97, 155, 192], [88, 150, 191, 106, 58, 45, 115, 218, 174, 243, 52, 184, 195, 161, 210, 150, 187, 241, 151, 165, 200, 160, 193, 180, 31, 122, 169, 39, 33, 18, 79, 194], [208, 237, 236, 127, 163, 29, 117, 193, 98, 213, 205, 30, 239, 146, 238, 130, 29, 88, 100, 205, 75, 239, 216, 17, 180, 114, 76, 26, 76, 155, 228, 202], [81, 214, 119, 180, 147, 87, 46, 197, 8, 153, 197, 186, 74, 212, 10, 162, 75, 239, 35, 8, 71, 228, 172, 232, 37, 171, 98, 23, 210, 220, 59, 216], [167, 227, 45, 158, 238, 232, 56, 96, 145, 92, 92, 25, 25, 16, 133, 60, 34, 206, 68, 132, 168, 115, 210, 239, 248, 52, 64, 52, 251, 97, 152, 13], [197, 181, 168, 135, 249, 114, 67, 163, 136, 209, 187, 220, 18, 132, 118, 223, 106, 86, 44, 176, 226, 187, 132, 248, 76, 163, 1, 25, 109, 169, 12, 249], [184, 84, 125, 125, 193, 14, 192, 150, 107, 124, 200, 109, 104, 57, 187, 224, 107, 148, 32, 130, 59, 14, 232, 232, 214, 95, 136, 14, 202, 158, 218, 83], [141, 23, 245, 103, 230, 203, 75, 234, 51, 14, 120, 132, 96, 210, 110, 109, 84, 80, 168, 112, 49, 140, 236, 246, 73, 163, 198, 40, 245, 70, 231, 227], [58, 44, 55, 225, 43, 51, 132, 114, 150, 133, 14, 168, 128, 52, 45, 113, 235, 171, 134, 1, 255, 149, 5, 157, 248, 100, 16, 8, 125, 94, 162, 132], [137, 116, 43, 212, 166, 254, 37, 126, 93, 92, 9, 19, 253, 133, 18, 20, 98, 245, 167, 71, 248, 19, 69, 234, 40, 171, 157, 7, 90, 157, 222, 135], [237, 232, 253, 250, 26, 61, 33, 57, 229, 43, 24, 67, 75, 15, 186, 115, 137, 149, 215, 99, 2, 218, 203, 33, 234, 97, 85, 42, 185, 129, 92, 182], [213, 73, 99, 246, 72, 42, 166, 24, 129, 253, 143, 77, 32, 128, 108, 136, 0, 246, 23, 57, 110, 11, 25, 79, 136, 223, 7, 9, 231, 111, 232, 125], [205, 118, 158, 200, 11, 235, 52, 40, 100, 114, 129, 237, 238, 178, 76, 46, 212, 51, 76, 73, 189, 38, 44, 128, 184, 11, 155, 8, 142, 123, 32, 34], [65, 66, 189, 69, 68, 160, 203, 79, 16, 109, 241, 73, 61, 216, 20, 249, 181, 79, 56, 127, 187, 148, 24, 146, 234, 110, 92, 39, 156, 158, 156, 226], [182, 208, 66, 45, 249, 107, 223, 110, 90, 118, 183, 15, 50, 110, 41, 48, 158, 49, 183, 235, 91, 129, 204, 55, 206, 111, 154, 23, 129, 37, 254, 120], [119, 87, 115, 89, 132, 224, 252, 19, 172, 50, 71, 127, 46, 189, 193, 12, 247, 49, 8, 211, 229, 68, 164, 144, 196, 200, 80, 15, 186, 254, 56, 111], [50, 38, 131, 10, 63, 255, 165, 157, 171, 175, 58, 36, 217, 41, 183, 73, 2, 21, 158, 144, 225, 53, 228, 188, 201, 62, 221, 37, 198, 215, 126, 95], [159, 52, 173, 226, 8, 234, 116, 84, 229, 55, 58, 24, 47, 155, 191, 116, 191, 19, 72, 229, 67, 91, 141, 80, 174, 133, 19, 33, 245, 232, 209, 101], [193, 93, 17, 78, 177, 113, 35, 59, 166, 15, 90, 101, 61, 25, 238, 73, 208, 210, 13, 46, 147, 40, 211, 254, 127, 88, 106, 4, 30, 34, 118, 171], [145, 212, 158, 29, 8, 150, 28, 208, 148, 82, 68, 39, 233, 18, 246, 125, 220, 238, 34, 4, 154, 86, 174, 89, 13, 230, 145, 15, 87, 246, 62, 151], [2, 130, 251, 28, 225, 13, 212, 149, 212, 155, 71, 233, 154, 47, 228, 98, 114, 0, 112, 119, 204, 222, 242, 171, 201, 70, 185, 43, 41, 219, 6, 45], [133, 183, 129, 30, 133, 52, 85, 152, 252, 23, 61, 112, 116, 69, 139, 3, 218, 86, 45, 180, 143, 73, 131, 135, 101, 104, 210, 32, 234, 88, 193, 45], [167, 93, 169, 40, 203, 217, 136, 72, 120, 20, 113, 27, 158, 133, 233, 174, 228, 105, 16, 153, 161, 4, 166, 166, 145, 214, 67, 32, 42, 161, 74, 198], [92, 116, 177, 230, 226, 231, 133, 91, 10, 155, 111, 206, 179, 231, 171, 128, 131, 194, 186, 56, 208, 186, 122, 212, 46, 12, 150, 12, 225, 124, 86, 106], [54, 215, 68, 136, 86, 216, 123, 46, 81, 162, 230, 180, 5, 205, 234, 209, 113, 35, 154, 113, 209, 245, 250, 198, 240, 72, 207, 43, 29, 92, 50, 18], [186, 23, 111, 85, 170, 226, 235, 12, 135, 207, 17, 201, 169, 112, 213, 0, 51, 131, 149, 127, 89, 229, 182, 12, 68, 66, 206, 35, 16, 183, 37, 174], [133, 209, 123, 226, 241, 44, 172, 12, 40, 78, 183, 206, 158, 254, 203, 81, 54, 79, 237, 193, 110, 82, 4, 99, 167, 164, 92, 7, 87, 252, 128, 3], [207, 78, 89, 75, 226, 16, 191, 246, 162, 126, 116, 139, 176, 67, 151, 139, 249, 201, 217, 182, 150, 216, 106, 64, 232, 43, 7, 45, 122, 205, 130, 71], [213, 19, 120, 136, 29, 176, 221, 29, 202, 195, 77, 229, 226, 135, 115, 201, 70, 166, 141, 154, 155, 108, 216, 161, 209, 239, 244, 20, 240, 0, 252, 212], [71, 61, 199, 240, 170, 185, 178, 113, 238, 235, 12, 12, 173, 20, 234, 245, 188, 123, 118, 1, 147, 199, 198, 160, 138, 34, 93, 3, 136, 93, 195, 54], [194, 46, 48, 183, 49, 132, 232, 58, 37, 21, 45, 53, 121, 169, 245, 29, 13, 9, 32, 180, 189, 170, 242, 131, 179, 91, 178, 32, 144, 102, 44, 13], [95, 223, 73, 31, 74, 74, 103, 102, 226, 224, 169, 112, 189, 242, 203, 195, 190, 149, 239, 129, 79, 236, 87, 245, 62, 41, 200, 20, 52, 135, 31, 3], [245, 10, 36, 23, 251, 0, 88, 228, 211, 138, 128, 1, 203, 192, 199, 150, 160, 116, 172, 157, 61, 211, 217, 29, 111, 170, 180, 18, 183, 150, 80, 203], [183, 172, 214, 28, 67, 128, 10, 2, 175, 137, 215, 38, 160, 101, 181, 189, 247, 175, 96, 54, 218, 179, 217, 235, 51, 37, 156, 27, 246, 62, 158, 70], [11, 33, 105, 14, 62, 143, 231, 82, 104, 182, 182, 72, 129, 61, 231, 66, 42, 111, 117, 203, 181, 35, 52, 128, 86, 46, 33, 34, 114, 2, 197, 21], [163, 255, 223, 189, 173, 134, 222, 139, 227, 80, 13, 170, 146, 174, 23, 48, 111, 219, 247, 51, 172, 75, 153, 76, 200, 63, 219, 26, 117, 84, 231, 141], [85, 255, 236, 199, 93, 126, 188, 197, 118, 209, 222, 232, 88, 187, 224, 162, 62, 126, 56, 228, 153, 4, 139, 32, 61, 246, 189, 19, 213, 250, 183, 194], [115, 140, 64, 126, 223, 67, 147, 220, 173, 25, 116, 237, 202, 169, 105, 81, 71, 106, 88, 132, 125, 84, 152, 148, 170, 14, 137, 21, 108, 158, 125, 114], [77, 189, 144, 186, 148, 125, 198, 17, 90, 236, 37, 28, 118, 37, 110, 140, 245, 240, 60, 36, 66, 105, 29, 247, 46, 40, 194, 47, 156, 195, 178, 134], [199, 227, 119, 51, 28, 211, 249, 152, 26, 124, 226, 154, 139, 6, 162, 110, 202, 149, 174, 109, 104, 70, 15, 168, 117, 87, 41, 14, 170, 65, 120, 107], [246, 159, 207, 113, 208, 123, 32, 236, 110, 134, 27, 82, 57, 99, 221, 167, 43, 78, 179, 118, 241, 121, 194, 171, 90, 232, 177, 27, 171, 57, 202, 81], [79, 168, 168, 8, 113, 247, 119, 207, 118, 238, 158, 252, 209, 81, 223, 18, 236, 175, 161, 74, 193, 89, 34, 57, 253, 246, 58, 34, 99, 193, 130, 104], [225, 146, 106, 95, 100, 57, 166, 230, 198, 229, 245, 8, 217, 116, 125, 135, 229, 82, 130, 208, 81, 137, 141, 174, 100, 195, 100, 29, 210, 139, 46, 1], [209, 241, 199, 216, 13, 159, 138, 199, 19, 79, 135, 13, 24, 246, 59, 76, 78, 189, 77, 16, 187, 214, 108, 146, 166, 139, 49, 16, 48, 11, 72, 130], [152, 132, 161, 143, 32, 231, 82, 254, 106, 52, 152, 170, 78, 147, 148, 105, 37, 199, 207, 75, 138, 171, 176, 226, 191, 232, 20, 26, 117, 113, 78, 215], [69, 154, 88, 99, 127, 43, 231, 160, 125, 27, 250, 137, 69, 98, 69, 53, 104, 136, 2, 168, 110, 201, 196, 78, 204, 194, 50, 32, 37, 255, 214, 220], [159, 199, 218, 67, 123, 104, 39, 109, 208, 236, 208, 171, 234, 18, 8, 9, 31, 170, 11, 78, 161, 4, 213, 119, 234, 100, 59, 29, 163, 71, 132, 123], [207, 159, 53, 149, 154, 246, 87, 251, 86, 247, 157, 16, 151, 171, 169, 85, 177, 78, 15, 220, 45, 85, 89, 131, 229, 228, 248, 42, 90, 85, 13, 150], [51, 64, 118, 11, 35, 239, 249, 130, 185, 54, 90, 39, 72, 144, 57, 96, 186, 193, 157, 88, 41, 162, 18, 206, 66, 130, 0, 20, 164, 181, 248, 92], [71, 236, 234, 166, 242, 211, 25, 109, 58, 115, 227, 134, 198, 172, 215, 43, 5, 247, 64, 220, 251, 74, 216, 93, 141, 105, 107, 5, 185, 148, 5, 254], [195, 169, 133, 4, 64, 157, 129, 161, 128, 243, 185, 17, 187, 235, 37, 71, 135, 216, 155, 234, 59, 71, 202, 104, 82, 63, 135, 28, 184, 185, 158, 104], [31, 45, 46, 51, 18, 133, 14, 143, 28, 40, 242, 67, 172, 61, 99, 67, 145, 251, 156, 28, 160, 165, 55, 174, 35, 59, 124, 6, 46, 23, 94, 241], [75, 90, 53, 206, 221, 170, 103, 218, 153, 88, 62, 183, 5, 49, 165, 237, 19, 198, 89, 133, 11, 117, 133, 99, 143, 135, 177, 18, 143, 67, 222, 111], [247, 94, 242, 8, 123, 69, 99, 217, 116, 66, 143, 83, 177, 26, 30, 62, 37, 74, 179, 155, 137, 250, 249, 50, 79, 19, 232, 41, 168, 86, 172, 179], [193, 87, 18, 164, 0, 82, 60, 56, 255, 220, 213, 243, 179, 130, 47, 181, 250, 117, 199, 201, 221, 93, 24, 169, 65, 215, 172, 46, 32, 65, 175, 126], [255, 66, 88, 0, 70, 57, 182, 54, 137, 90, 245, 254, 32, 67, 3, 226, 23, 210, 113, 57, 209, 70, 65, 45, 117, 120, 204, 32, 141, 18, 115, 109], [238, 75, 76, 146, 249, 29, 74, 227, 195, 10, 84, 206, 112, 25, 60, 219, 181, 90, 77, 255, 110, 7, 88, 44, 115, 34, 161, 36, 39, 188, 205, 89], [23, 73, 200, 59, 71, 145, 187, 49, 8, 16, 140, 152, 60, 21, 126, 159, 158, 115, 222, 126, 88, 89, 240, 179, 253, 213, 151, 15, 133, 17, 38, 78], [33, 3, 88, 57, 104, 67, 134, 116, 217, 107, 200, 15, 180, 50, 203, 78, 35, 36, 141, 121, 137, 93, 228, 77, 47, 58, 131, 42, 21, 16, 92, 161], [43, 255, 71, 74, 54, 177, 102, 151, 205, 98, 40, 23, 217, 151, 85, 183, 104, 66, 239, 182, 39, 56, 194, 203, 172, 91, 231, 21, 65, 136, 173, 11], [163, 206, 72, 243, 24, 252, 85, 209, 88, 166, 127, 121, 200, 22, 30, 246, 235, 79, 19, 63, 94, 218, 52, 148, 228, 78, 95, 49, 50, 237, 32, 55], [235, 140, 216, 241, 86, 25, 11, 209, 195, 7, 89, 128, 132, 192, 43, 202, 77, 3, 97, 1, 2, 104, 111, 21, 198, 242, 124, 26, 239, 27, 2, 120], [149, 53, 245, 214, 46, 67, 37, 156, 254, 19, 59, 21, 78, 196, 224, 150, 82, 186, 217, 185, 8, 102, 16, 7, 156, 118, 0, 7, 36, 3, 155, 247], [199, 98, 117, 182, 6, 235, 225, 252, 201, 158, 144, 152, 109, 62, 208, 96, 1, 95, 148, 221, 184, 236, 156, 188, 213, 214, 14, 0, 227, 77, 103, 78], [8, 56, 55, 182, 77, 42, 30, 29, 33, 46, 235, 227, 190, 94, 150, 27, 200, 122, 170, 103, 234, 151, 207, 205, 227, 90, 196, 4, 35, 250, 225, 224], [78, 41, 171, 133, 134, 223, 143, 107, 199, 203, 240, 254, 239, 25, 177, 32, 181, 230, 187, 218, 112, 179, 148, 36, 157, 119, 85, 48, 234, 6, 47, 140], [188, 73, 196, 212, 202, 252, 109, 33, 198, 8, 39, 0, 55, 79, 102, 221, 12, 212, 196, 15, 48, 254, 180, 118, 69, 128, 247, 34, 219, 147, 13, 57], [173, 101, 113, 132, 75, 65, 245, 87, 37, 213, 95, 29, 33, 84, 190, 3, 21, 63, 103, 156, 224, 156, 214, 181, 243, 30, 137, 8, 154, 147, 153, 149], [48, 108, 239, 209, 70, 92, 83, 97, 240, 241, 173, 32, 128, 241, 28, 182, 173, 207, 233, 18, 186, 86, 207, 67, 25, 146, 10, 32, 108, 105, 111, 159], [105, 38, 175, 183, 65, 137, 124, 16, 108, 149, 33, 122, 60, 4, 195, 125, 161, 6, 233, 27, 73, 3, 91, 43, 127, 47, 219, 39, 61, 253, 75, 64], [97, 64, 33, 135, 240, 70, 108, 172, 153, 95, 135, 28, 63, 171, 49, 29, 213, 173, 16, 55, 228, 221, 49, 134, 144, 68, 177, 41, 162, 123, 122, 213], [84, 179, 22, 235, 160, 10, 228, 229, 218, 204, 168, 246, 224, 186, 48, 186, 180, 211, 235, 84, 25, 13, 170, 104, 201, 166, 188, 47, 249, 17, 24, 23], [31, 5, 202, 252, 43, 215, 56, 60, 84, 13, 106, 22, 8, 12, 209, 106, 251, 72, 19, 68, 220, 185, 210, 56, 215, 25, 17, 46, 165, 129, 2, 3], [194, 216, 9, 81, 236, 191, 141, 130, 182, 157, 216, 160, 124, 157, 80, 199, 1, 114, 100, 99, 16, 147, 135, 120, 169, 167, 167, 0, 174, 74, 42, 101], [38, 98, 8, 177, 83, 167, 46, 121, 204, 197, 149, 156, 125, 44, 190, 214, 43, 101, 11, 147, 76, 194, 35, 9, 189, 2, 250, 21, 78, 58, 131, 9], [172, 183, 120, 130, 93, 65, 243, 3, 42, 192, 10, 128, 197, 205, 244, 132, 251, 254, 33, 129, 21, 230, 121, 49, 105, 220, 57, 45, 57, 253, 168, 147], [37, 232, 140, 169, 196, 201, 20, 150, 112, 189, 35, 70, 227, 233, 192, 192, 43, 132, 43, 202, 92, 69, 116, 108, 79, 42, 187, 13, 249, 194, 249, 206], [106, 212, 167, 185, 47, 137, 126, 100, 103, 170, 118, 23, 152, 138, 140, 252, 186, 70, 46, 55, 20, 186, 183, 175, 9, 114, 42, 3, 127, 251, 103, 210], [246, 225, 233, 90, 177, 198, 163, 8, 28, 192, 113, 243, 98, 33, 226, 85, 24, 140, 179, 130, 35, 82, 22, 236, 86, 104, 8, 8, 117, 46, 194, 196], [146, 220, 201, 55, 126, 203, 164, 77, 158, 117, 8, 85, 135, 112, 147, 160, 71, 187, 142, 155, 22, 180, 57, 218, 42, 140, 31, 32, 232, 197, 58, 136], [246, 117, 180, 195, 153, 162, 194, 186, 227, 27, 151, 164, 241, 196, 44, 197, 187, 152, 173, 33, 209, 162, 112, 43, 15, 106, 6, 38, 210, 206, 186, 19], [132, 175, 86, 4, 15, 255, 204, 26, 243, 244, 120, 66, 214, 231, 237, 224, 110, 138, 193, 28, 19, 236, 247, 6, 72, 194, 68, 16, 162, 48, 24, 250], [100, 85, 165, 116, 236, 224, 255, 222, 58, 92, 223, 145, 232, 82, 168, 245, 80, 252, 194, 223, 135, 146, 173, 133, 176, 16, 155, 36, 206, 155, 131, 56], [191, 137, 222, 75, 227, 106, 21, 129, 69, 183, 211, 248, 41, 89, 62, 209, 168, 114, 203, 22, 221, 166, 45, 248, 179, 178, 135, 31, 97, 4, 81, 210], [163, 29, 97, 104, 137, 120, 235, 25, 92, 241, 32, 23, 167, 85, 44, 137, 138, 3, 69, 237, 3, 180, 226, 172, 49, 157, 166, 17, 121, 97, 249, 159], [87, 2, 66, 240, 169, 95, 92, 231, 75, 179, 173, 158, 51, 255, 66, 176, 13, 211, 132, 161, 76, 249, 3, 233, 190, 155, 220, 16, 232, 173, 150, 214], [131, 25, 146, 188, 42, 229, 246, 25, 63, 118, 1, 234, 182, 226, 84, 229, 208, 143, 250, 183, 162, 165, 243, 187, 159, 43, 255, 27, 43, 229, 208, 139], [31, 105, 122, 200, 171, 21, 19, 206, 24, 213, 63, 84, 0, 109, 29, 131, 123, 49, 78, 10, 53, 183, 44, 86, 214, 142, 246, 34, 90, 183, 223, 41], [110, 4, 8, 23, 75, 237, 125, 251, 139, 21, 0, 83, 3, 165, 1, 149, 219, 182, 40, 153, 17, 208, 141, 219, 164, 121, 186, 29, 28, 24, 172, 76], [247, 34, 166, 115, 225, 180, 94, 154, 120, 149, 65, 67, 93, 235, 99, 254, 58, 20, 2, 174, 244, 232, 4, 139, 156, 191, 109, 13, 148, 76, 244, 143], [112, 251, 99, 135, 92, 33, 55, 118, 142, 227, 106, 112, 134, 83, 209, 162, 134, 134, 30, 202, 78, 80, 14, 243, 47, 194, 220, 9, 250, 61, 62, 184], [164, 77, 132, 130, 96, 18, 222, 95, 100, 34, 24, 208, 131, 82, 227, 56, 229, 231, 218, 206, 145, 236, 106, 201, 0, 161, 245, 23, 90, 135, 81, 57], [97, 121, 14, 71, 212, 83, 19, 109, 102, 228, 201, 42, 249, 238, 117, 79, 138, 99, 203, 146, 239, 173, 117, 143, 105, 42, 145, 8, 77, 191, 62, 32], [114, 62, 156, 185, 44, 184, 147, 8, 45, 72, 105, 199, 217, 5, 158, 72, 209, 93, 117, 233, 151, 179, 198, 23, 114, 173, 110, 24, 187, 96, 97, 172], [23, 132, 131, 80, 63, 143, 102, 113, 51, 96, 18, 27, 147, 23, 18, 112, 176, 80, 128, 138, 37, 218, 117, 124, 4, 5, 238, 32, 189, 58, 191, 200], [52, 208, 16, 45, 62, 154, 92, 52, 179, 54, 164, 142, 122, 60, 188, 237, 18, 93, 192, 239, 93, 150, 193, 42, 55, 186, 107, 3, 80, 84, 87, 247], [205, 127, 228, 190, 3, 129, 228, 199, 116, 174, 188, 235, 31, 202, 146, 230, 240, 54, 72, 199, 100, 91, 231, 84, 65, 145, 134, 35, 138, 194, 189, 15], [226, 187, 15, 15, 79, 48, 21, 52, 222, 51, 221, 8, 227, 27, 197, 147, 163, 232, 143, 200, 203, 9, 112, 182, 59, 148, 248, 44, 202, 92, 183, 89], [249, 137, 11, 151, 200, 204, 130, 88, 103, 115, 0, 143, 184, 105, 108, 173, 16, 30, 61, 198, 64, 62, 253, 79, 125, 151, 12, 17, 249, 228, 139, 164], [30, 199, 171, 167, 136, 223, 100, 196, 105, 214, 231, 194, 7, 126, 159, 108, 190, 216, 219, 145, 105, 119, 213, 239, 198, 253, 187, 21, 77, 48, 211, 224], [73, 148, 138, 152, 183, 132, 72, 235, 60, 248, 235, 108, 18, 62, 209, 81, 162, 165, 186, 97, 155, 115, 66, 66, 207, 196, 243, 27, 78, 24, 241, 51], [248, 196, 116, 148, 4, 235, 12, 164, 39, 148, 153, 212, 85, 218, 225, 20, 248, 108, 116, 38, 192, 40, 92, 241, 171, 80, 168, 26, 19, 249, 246, 182], [84, 49, 116, 76, 244, 88, 250, 28, 89, 98, 158, 180, 111, 196, 53, 142, 228, 155, 122, 36, 96, 53, 88, 117, 181, 215, 197, 41, 134, 237, 119, 123], [74, 104, 205, 221, 35, 49, 232, 74, 250, 172, 135, 141, 82, 126, 183, 87, 89, 190, 173, 1, 203, 240, 36, 150, 70, 136, 142, 27, 100, 34, 45, 199], [13, 73, 110, 253, 68, 33, 15, 67, 84, 196, 241, 81, 203, 202, 155, 135, 93, 41, 167, 59, 119, 206, 87, 129, 97, 198, 118, 32, 193, 15, 5, 93], [204, 35, 83, 94, 105, 153, 137, 29, 151, 189, 249, 9, 11, 218, 201, 41, 93, 135, 162, 182, 94, 175, 12, 75, 44, 198, 213, 20, 147, 25, 15, 79], [217, 220, 94, 19, 244, 13, 186, 85, 126, 220, 246, 247, 165, 232, 197, 109, 59, 81, 79, 229, 5, 137, 135, 200, 168, 247, 10, 27, 33, 49, 166, 165], [120, 244, 223, 60, 167, 230, 130, 177, 148, 184, 27, 36, 232, 154, 23, 205, 135, 115, 164, 223, 82, 160, 18, 137, 198, 45, 212, 40, 190, 74, 171, 229], [198, 223, 206, 64, 109, 159, 29, 185, 207, 229, 212, 42, 76, 19, 79, 21, 71, 119, 98, 194, 94, 217, 25, 215, 89, 132, 132, 17, 38, 204, 214, 50], [158, 151, 64, 255, 229, 227, 238, 182, 252, 177, 101, 115, 117, 189, 105, 180, 46, 210, 171, 216, 214, 255, 30, 88, 172, 32, 144, 7, 2, 170, 116, 195], [44, 232, 86, 95, 243, 91, 106, 38, 165, 11, 189, 95, 113, 121, 198, 63, 142, 40, 180, 224, 117, 121, 211, 221, 36, 248, 109, 11, 168, 167, 242, 128], [148, 46, 87, 58, 119, 214, 47, 34, 220, 38, 167, 53, 59, 172, 234, 43, 85, 201, 33, 80, 212, 199, 21, 34, 20, 31, 136, 43, 198, 155, 235, 78], [242, 166, 53, 173, 64, 61, 54, 95, 219, 12, 27, 130, 120, 131, 188, 204, 253, 198, 133, 15, 107, 175, 2, 14, 96, 157, 240, 34, 159, 85, 138, 87], [130, 93, 201, 1, 22, 244, 65, 70, 181, 67, 218, 97, 34, 172, 150, 85, 97, 124, 46, 104, 85, 216, 27, 191, 94, 47, 220, 4, 100, 214, 27, 161], [170, 191, 171, 211, 50, 13, 72, 44, 240, 197, 130, 111, 182, 84, 195, 240, 95, 119, 127, 250, 228, 232, 198, 89, 251, 109, 8, 8, 183, 136, 235, 130], [82, 135, 143, 139, 168, 77, 138, 89, 230, 223, 153, 3, 160, 150, 233, 146, 59, 144, 153, 253, 149, 135, 32, 3, 167, 168, 199, 8, 3, 151, 74, 139], [82, 159, 103, 215, 197, 47, 230, 114, 232, 102, 25, 169, 135, 219, 221, 74, 224, 150, 79, 84, 123, 97, 52, 73, 87, 211, 54, 35, 144, 116, 145, 85], [196, 4, 145, 176, 228, 124, 231, 14, 171, 138, 231, 147, 189, 193, 151, 238, 122, 181, 182, 186, 147, 24, 17, 222, 203, 165, 156, 39, 76, 9, 151, 132], [87, 89, 74, 14, 164, 20, 252, 174, 253, 77, 190, 179, 95, 178, 101, 231, 63, 155, 215, 167, 18, 7, 12, 206, 252, 253, 66, 47, 149, 237, 252, 0], [106, 130, 102, 136, 201, 125, 250, 87, 79, 147, 165, 102, 17, 215, 210, 246, 35, 75, 219, 250, 89, 9, 155, 37, 237, 169, 51, 35, 233, 224, 13, 8], [82, 63, 131, 74, 87, 39, 158, 39, 43, 66, 112, 72, 90, 118, 33, 151, 109, 111, 21, 11, 180, 200, 143, 41, 138, 194, 204, 47, 178, 15, 128, 215], [172, 9, 186, 179, 195, 76, 119, 16, 66, 215, 219, 48, 76, 129, 174, 138, 146, 250, 116, 189, 207, 150, 150, 187, 133, 164, 48, 13, 203, 179, 19, 163], [134, 194, 71, 102, 239, 11, 248, 123, 11, 3, 36, 126, 58, 160, 146, 68, 188, 171, 230, 167, 133, 142, 183, 25, 102, 103, 43, 0, 125, 142, 64, 18], [149, 8, 112, 136, 239, 187, 27, 134, 57, 103, 73, 6, 12, 253, 113, 255, 12, 118, 26, 147, 219, 51, 79, 36, 162, 207, 95, 8, 192, 70, 120, 213], [195, 103, 70, 153, 179, 244, 58, 96, 232, 244, 57, 196, 130, 111, 131, 201, 190, 121, 99, 96, 125, 205, 68, 12, 17, 16, 173, 26, 202, 110, 60, 198], [129, 131, 176, 179, 157, 14, 86, 226, 87, 3, 56, 145, 81, 91, 15, 130, 169, 207, 53, 37, 78, 108, 226, 188, 208, 126, 4, 40, 145, 227, 247, 30], [182, 49, 164, 233, 27, 233, 222, 118, 154, 186, 159, 60, 78, 173, 104, 208, 254, 77, 97, 199, 95, 219, 67, 52, 115, 64, 168, 35, 247, 41, 207, 183], [165, 147, 249, 111, 146, 36, 169, 32, 33, 194, 54, 113, 227, 64, 114, 194, 89, 215, 116, 55, 166, 19, 193, 22, 167, 155, 47, 10, 246, 169, 81, 175], [9, 39, 112, 159, 228, 52, 32, 125, 152, 143, 235, 69, 3, 183, 160, 218, 200, 11, 197, 232, 209, 30, 236, 53, 99, 4, 226, 17, 80, 211, 173, 32], [113, 248, 38, 204, 250, 165, 200, 71, 112, 168, 74, 38, 122, 23, 15, 191, 92, 110, 219, 128, 131, 140, 112, 202, 203, 178, 52, 38, 108, 86, 39, 227], [171, 54, 198, 145, 117, 141, 70, 203, 185, 5, 216, 22, 46, 104, 249, 18, 119, 127, 46, 82, 49, 121, 39, 7, 20, 163, 198, 5, 79, 42, 188, 145], [250, 31, 109, 149, 177, 89, 133, 132, 198, 139, 148, 195, 16, 117, 36, 196, 245, 235, 73, 246, 86, 76, 207, 158, 95, 27, 14, 27, 100, 148, 149, 80], [234, 169, 162, 146, 182, 8, 32, 168, 229, 147, 182, 153, 215, 57, 143, 194, 152, 254, 206, 32, 242, 37, 36, 117, 159, 221, 164, 11, 248, 210, 192, 70], [28, 108, 179, 166, 219, 112, 236, 227, 202, 222, 236, 211, 76, 227, 92, 189, 192, 89, 6, 194, 210, 83, 98, 66, 19, 51, 86, 21, 62, 91, 253, 178], [160, 251, 161, 204, 192, 159, 54, 26, 60, 71, 90, 209, 196, 250, 66, 33, 101, 77, 139, 19, 162, 237, 29, 106, 88, 169, 190, 19, 176, 218, 190, 20], [19, 201, 68, 172, 215, 93, 57, 177, 244, 206, 202, 219, 64, 47, 153, 249, 99, 17, 191, 126, 147, 227, 100, 247, 54, 19, 239, 7, 181, 18, 208, 200], [222, 61, 185, 162, 119, 153, 140, 194, 156, 245, 178, 86, 57, 203, 64, 152, 65, 181, 114, 127, 170, 186, 69, 26, 190, 167, 88, 10, 151, 34, 190, 195], [3, 195, 219, 143, 181, 108, 56, 183, 156, 155, 182, 187, 28, 41, 232, 135, 82, 52, 145, 57, 150, 188, 204, 233, 59, 59, 117, 40, 104, 117, 145, 54], [11, 93, 140, 249, 228, 150, 67, 84, 79, 211, 8, 99, 53, 4, 124, 237, 93, 191, 19, 87, 151, 0, 66, 168, 73, 152, 36, 5, 77, 241, 128, 170], [214, 157, 138, 179, 82, 42, 209, 244, 240, 151, 82, 1, 61, 245, 0, 102, 171, 78, 41, 139, 159, 65, 206, 176, 84, 221, 233, 42, 23, 170, 165, 98], [4, 136, 72, 46, 226, 217, 123, 194, 206, 158, 116, 113, 218, 9, 0, 135, 150, 241, 96, 13, 174, 246, 103, 62, 135, 14, 115, 17, 250, 11, 252, 45], [64, 238, 149, 136, 58, 160, 160, 115, 160, 210, 46, 150, 32, 99, 128, 27, 11, 247, 38, 45, 138, 94, 99, 48, 30, 113, 122, 5, 83, 142, 250, 105], [198, 108, 166, 182, 130, 102, 162, 50, 203, 4, 146, 96, 248, 131, 189, 137, 143, 191, 36, 99, 228, 205, 208, 58, 234, 25, 232, 35, 68, 9, 72, 193], [183, 16, 234, 23, 116, 36, 52, 217, 231, 218, 39, 183, 114, 68, 234, 182, 156, 166, 196, 61, 225, 116, 158, 46, 11, 181, 33, 47, 7, 162, 189, 105], [115, 214, 169, 69, 156, 39, 116, 210, 217, 83, 12, 154, 225, 90, 233, 157, 181, 219, 94, 203, 115, 13, 59, 37, 78, 171, 241, 16, 3, 244, 52, 23], [95, 123, 54, 36, 25, 166, 61, 143, 169, 143, 89, 224, 234, 19, 151, 202, 25, 159, 139, 122, 72, 43, 147, 178, 103, 153, 66, 1, 102, 157, 135, 119], [215, 212, 189, 20, 188, 200, 53, 74, 120, 189, 188, 27, 197, 26, 134, 131, 209, 154, 126, 30, 168, 30, 210, 194, 230, 91, 62, 19, 59, 87, 1, 0], [196, 216, 226, 101, 44, 156, 17, 106, 157, 113, 70, 2, 251, 206, 230, 119, 19, 77, 73, 185, 42, 65, 21, 193, 132, 191, 45, 28, 231, 25, 26, 4], [164, 242, 204, 44, 0, 63, 215, 80, 41, 171, 14, 134, 149, 182, 146, 11, 205, 92, 254, 96, 165, 114, 196, 115, 216, 151, 19, 27, 12, 166, 123, 216], [82, 179, 61, 214, 96, 46, 96, 254, 243, 248, 58, 149, 98, 137, 154, 9, 163, 248, 6, 255, 254, 94, 28, 32, 238, 142, 54, 20, 39, 222, 102, 84], [198, 3, 62, 216, 251, 206, 135, 138, 177, 204, 175, 57, 141, 134, 141, 46, 211, 225, 59, 196, 129, 22, 15, 224, 36, 191, 191, 12, 162, 67, 138, 228], [227, 88, 202, 75, 156, 28, 18, 150, 77, 233, 32, 200, 189, 215, 50, 133, 152, 219, 202, 60, 196, 102, 194, 157, 236, 141, 150, 26, 58, 77, 248, 139], [144, 197, 142, 17, 65, 72, 89, 139, 45, 141, 10, 175, 183, 246, 170, 72, 101, 28, 222, 47, 165, 54, 183, 216, 113, 46, 235, 11, 165, 185, 242, 243], [50, 51, 86, 240, 240, 173, 95, 210, 67, 129, 96, 207, 159, 128, 78, 252, 29, 106, 133, 123, 101, 57, 111, 67, 134, 192, 205, 21, 170, 111, 249, 5], [109, 3, 200, 17, 251, 82, 126, 190, 218, 118, 226, 95, 8, 188, 125, 44, 206, 40, 128, 92, 247, 215, 194, 28, 247, 52, 169, 34, 212, 139, 98, 228], [88, 222, 86, 21, 98, 57, 158, 227, 162, 91, 99, 135, 117, 25, 115, 59, 72, 16, 123, 251, 216, 30, 60, 70, 65, 22, 93, 13, 126, 151, 45, 127], [49, 16, 167, 110, 245, 153, 141, 255, 125, 152, 78, 159, 43, 122, 96, 105, 97, 22, 221, 66, 117, 66, 123, 120, 90, 171, 81, 23, 115, 113, 26, 244], [189, 173, 201, 38, 43, 145, 211, 132, 238, 14, 30, 16, 232, 62, 14, 70, 110, 53, 213, 188, 80, 129, 245, 154, 49, 56, 7, 35, 20, 189, 60, 216], [225, 185, 84, 113, 191, 119, 18, 131, 16, 139, 167, 181, 125, 242, 114, 195, 88, 229, 172, 193, 244, 21, 232, 39, 125, 55, 175, 32, 99, 144, 243, 217], [39, 27, 255, 149, 57, 239, 125, 174, 30, 103, 85, 2, 31, 226, 1, 221, 53, 31, 113, 104, 137, 153, 108, 88, 176, 95, 241, 26, 2, 142, 99, 172], [91, 215, 115, 250, 125, 47, 74, 121, 1, 87, 3, 72, 111, 37, 164, 101, 84, 216, 125, 33, 152, 95, 10, 251, 31, 11, 123, 39, 228, 108, 137, 254], [238, 112, 33, 166, 83, 219, 243, 185, 114, 3, 44, 149, 62, 118, 127, 164, 128, 38, 223, 79, 160, 6, 197, 136, 194, 238, 114, 21, 162, 207, 183, 140], [183, 28, 164, 229, 119, 221, 114, 202, 187, 245, 227, 11, 177, 11, 193, 67, 74, 21, 204, 74, 131, 65, 69, 131, 70, 167, 76, 11, 195, 163, 126, 144], [106, 104, 226, 46, 24, 253, 191, 181, 151, 239, 102, 39, 8, 141, 58, 191, 215, 246, 134, 32, 40, 59, 218, 138, 6, 205, 70, 2, 136, 65, 60, 24], [63, 197, 29, 29, 82, 115, 186, 106, 165, 150, 73, 95, 153, 86, 21, 150, 33, 47, 88, 99, 99, 182, 143, 23, 80, 216, 205, 41, 132, 89, 254, 71], [172, 35, 62, 13, 117, 205, 177, 178, 249, 122, 26, 112, 85, 203, 70, 194, 222, 78, 201, 151, 1, 101, 87, 86, 108, 129, 29, 46, 105, 111, 133, 234], [195, 226, 70, 51, 210, 217, 253, 74, 202, 242, 158, 207, 58, 121, 165, 108, 227, 23, 87, 231, 167, 249, 207, 30, 135, 130, 39, 42, 24, 128, 221, 114], [143, 167, 60, 86, 29, 116, 129, 182, 21, 139, 180, 122, 103, 127, 5, 45, 203, 86, 231, 31, 235, 90, 45, 198, 179, 51, 174, 0, 147, 247, 188, 141], [255, 132, 67, 123, 128, 94, 86, 97, 115, 241, 167, 252, 209, 154, 184, 247, 145, 222, 252, 21, 12, 49, 119, 168, 126, 30, 239, 12, 47, 125, 159, 101], [135, 228, 227, 229, 111, 86, 240, 177, 123, 223, 204, 28, 246, 216, 123, 84, 235, 238, 104, 152, 62, 69, 4, 27, 191, 26, 182, 47, 14, 92, 93, 60], [230, 191, 88, 75, 165, 227, 12, 46, 217, 239, 155, 226, 17, 40, 39, 129, 115, 36, 151, 145, 243, 131, 77, 104, 250, 169, 75, 25, 224, 194, 184, 92], [151, 228, 192, 168, 165, 113, 152, 150, 231, 237, 112, 48, 33, 150, 98, 161, 119, 103, 232, 62, 213, 52, 173, 218, 223, 51, 163, 30, 210, 130, 1, 188], [21, 135, 168, 65, 87, 154, 105, 204, 54, 247, 249, 148, 65, 249, 153, 71, 74, 220, 112, 174, 57, 185, 208, 30, 129, 62, 48, 24, 103, 58, 196, 123], [127, 167, 95, 147, 231, 88, 217, 209, 169, 124, 16, 103, 60, 194, 30, 224, 62, 222, 103, 121, 84, 107, 132, 6, 147, 26, 193, 17, 0, 142, 79, 44], [61, 193, 242, 207, 251, 173, 248, 117, 159, 70, 195, 252, 78, 66, 170, 249, 189, 92, 50, 45, 55, 37, 14, 186, 129, 131, 171, 18, 217, 89, 192, 134], [10, 196, 172, 192, 34, 52, 145, 111, 111, 26, 59, 125, 114, 241, 205, 168, 53, 186, 53, 181, 244, 89, 111, 192, 206, 244, 63, 11, 183, 27, 130, 168], [113, 7, 238, 49, 41, 191, 49, 17, 60, 79, 48, 82, 74, 122, 255, 48, 71, 145, 97, 12, 221, 185, 130, 142, 58, 170, 204, 33, 110, 163, 188, 81], [12, 200, 115, 123, 106, 150, 224, 248, 33, 80, 70, 26, 235, 102, 179, 216, 128, 139, 26, 3, 53, 70, 194, 32, 164, 89, 36, 37, 99, 32, 92, 155], [53, 75, 190, 227, 199, 97, 51, 245, 103, 90, 67, 65, 207, 164, 97, 182, 4, 85, 101, 45, 190, 222, 111, 27, 140, 76, 23, 9, 243, 203, 144, 231], [240, 105, 231, 246, 241, 120, 127, 167, 236, 230, 188, 193, 26, 122, 98, 5, 32, 26, 246, 72, 184, 47, 44, 146, 45, 221, 26, 4, 145, 181, 209, 157], [253, 127, 254, 7, 77, 208, 180, 105, 80, 160, 149, 218, 72, 172, 140, 58, 188, 27, 58, 150, 145, 75, 15, 208, 104, 29, 151, 15, 84, 49, 236, 240], [37, 34, 57, 69, 155, 81, 242, 192, 164, 131, 196, 213, 66, 222, 30, 124, 150, 43, 90, 111, 113, 112, 5, 79, 69, 113, 73, 44, 47, 3, 54, 33], [26, 159, 147, 200, 201, 45, 246, 101, 53, 194, 74, 89, 96, 166, 134, 97, 35, 218, 118, 139, 132, 136, 83, 98, 216, 97, 201, 6, 176, 160, 255, 233], [86, 113, 237, 83, 226, 57, 60, 81, 80, 163, 139, 212, 209, 200, 36, 184, 120, 46, 230, 133, 101, 233, 54, 175, 161, 45, 73, 46, 138, 45, 90, 236], [86, 11, 174, 24, 6, 47, 47, 135, 203, 160, 155, 90, 46, 145, 135, 81, 239, 31, 128, 156, 7, 80, 28, 41, 35, 68, 168, 41, 151, 92, 125, 238], [191, 26, 51, 232, 170, 144, 53, 23, 65, 199, 245, 194, 139, 143, 92, 201, 61, 23, 106, 50, 196, 182, 250, 49, 209, 32, 27, 2, 176, 62, 79, 101], [81, 96, 0, 133, 95, 181, 33, 173, 193, 132, 182, 1, 144, 96, 33, 75, 66, 1, 72, 118, 135, 13, 249, 211, 12, 248, 210, 18, 225, 206, 96, 237], [143, 196, 61, 238, 221, 113, 70, 132, 81, 12, 75, 151, 81, 47, 100, 122, 90, 22, 44, 54, 94, 102, 126, 71, 226, 15, 34, 41, 164, 145, 254, 253], [50, 126, 251, 54, 117, 26, 3, 25, 9, 69, 28, 51, 73, 203, 153, 105, 103, 185, 48, 112, 245, 129, 69, 245, 60, 204, 102, 39, 102, 46, 28, 235], [134, 199, 226, 77, 175, 88, 43, 228, 63, 94, 54, 0, 12, 41, 29, 7, 92, 47, 36, 130, 203, 57, 179, 153, 144, 62, 66, 7, 225, 247, 179, 131], [46, 112, 35, 15, 24, 184, 155, 122, 158, 164, 122, 90, 197, 107, 199, 51, 195, 87, 129, 109, 208, 38, 116, 195, 244, 4, 53, 30, 175, 27, 232, 129], [116, 61, 0, 239, 214, 121, 138, 50, 6, 189, 69, 85, 17, 41, 160, 73, 169, 222, 69, 144, 173, 91, 63, 216, 173, 82, 234, 1, 201, 249, 22, 206], [8, 245, 78, 74, 181, 169, 235, 255, 108, 235, 146, 201, 247, 43, 51, 240, 225, 255, 50, 77, 210, 235, 2, 27, 212, 51, 238, 50, 152, 225, 148, 86], [162, 78, 32, 77, 182, 80, 231, 53, 139, 173, 59, 66, 76, 47, 225, 55, 13, 103, 10, 40, 124, 68, 242, 8, 197, 251, 121, 46, 25, 149, 189, 97], [101, 68, 199, 151, 129, 68, 6, 6, 209, 170, 227, 247, 43, 162, 129, 192, 96, 211, 184, 146, 189, 22, 182, 171, 154, 0, 14, 39, 215, 211, 235, 81], [166, 88, 241, 160, 139, 41, 170, 171, 73, 199, 199, 110, 191, 157, 28, 169, 151, 209, 183, 27, 70, 170, 74, 73, 45, 249, 89, 8, 254, 115, 21, 32], [175, 124, 120, 51, 154, 198, 202, 210, 74, 12, 122, 124, 195, 75, 42, 72, 24, 20, 25, 50, 175, 215, 153, 42, 118, 64, 108, 34, 112, 41, 145, 134], [112, 51, 47, 155, 1, 161, 199, 188, 71, 163, 185, 40, 158, 186, 100, 216, 30, 116, 152, 156, 227, 245, 230, 151, 69, 85, 10, 40, 178, 24, 236, 248], [60, 152, 96, 89, 55, 29, 47, 18, 65, 46, 146, 2, 235, 86, 227, 83, 226, 109, 156, 138, 253, 128, 231, 189, 177, 163, 143, 13, 251, 77, 175, 239], [249, 78, 195, 188, 118, 68, 254, 127, 37, 101, 224, 67, 50, 47, 16, 211, 14, 159, 72, 99, 237, 206, 202, 104, 153, 30, 140, 14, 134, 204, 79, 157], [19, 103, 112, 58, 63, 246, 87, 206, 124, 216, 31, 93, 56, 227, 203, 49, 118, 117, 164, 162, 50, 197, 128, 194, 66, 157, 183, 9, 76, 175, 205, 232], [28, 61, 93, 127, 22, 134, 115, 232, 107, 5, 161, 83, 43, 41, 113, 174, 167, 166, 7, 85, 60, 209, 102, 120, 217, 47, 216, 33, 69, 235, 92, 133], [219, 228, 25, 150, 20, 79, 103, 136, 66, 70, 23, 78, 114, 96, 37, 169, 103, 194, 97, 22, 53, 233, 175, 107, 131, 118, 251, 31, 0, 211, 39, 203], [183, 180, 247, 32, 28, 81, 243, 56, 11, 249, 133, 176, 190, 248, 226, 66, 118, 93, 247, 253, 0, 70, 196, 10, 75, 59, 187, 33, 184, 112, 216, 50], [148, 134, 46, 166, 185, 203, 56, 20, 194, 116, 98, 254, 51, 171, 191, 45, 103, 180, 186, 146, 120, 237, 40, 27, 240, 35, 225, 5, 71, 42, 85, 13], [95, 215, 40, 27, 113, 121, 126, 47, 134, 113, 251, 230, 158, 95, 158, 62, 64, 232, 88, 186, 40, 90, 109, 214, 39, 19, 169, 14, 228, 136, 21, 243], [225, 203, 42, 150, 76, 214, 74, 102, 159, 36, 161, 158, 158, 1, 133, 211, 125, 216, 168, 15, 76, 117, 215, 108, 116, 171, 180, 37, 19, 91, 250, 215], [251, 152, 224, 155, 128, 137, 0, 250, 243, 96, 177, 237, 128, 15, 98, 28, 149, 228, 21, 69, 142, 102, 151, 19, 128, 232, 0, 14, 226, 169, 203, 11], [7, 253, 167, 159, 107, 208, 14, 2, 205, 92, 133, 250, 61, 99, 65, 4, 184, 137, 92, 118, 220, 46, 141, 230, 155, 24, 175, 49, 52, 162, 130, 0], [27, 243, 63, 160, 12, 65, 113, 110, 157, 9, 208, 169, 220, 72, 31, 101, 33, 97, 58, 115, 155, 57, 154, 205, 242, 101, 99, 34, 11, 137, 236, 189], [92, 147, 71, 212, 54, 184, 92, 162, 58, 11, 123, 9, 108, 121, 129, 68, 48, 176, 134, 182, 41, 74, 78, 28, 9, 29, 233, 10, 63, 192, 102, 225], [28, 120, 83, 41, 158, 185, 170, 46, 156, 199, 154, 104, 131, 43, 53, 234, 242, 131, 119, 35, 158, 120, 38, 105, 44, 33, 3, 10, 104, 46, 53, 56], [97, 221, 157, 106, 135, 148, 110, 135, 43, 71, 153, 126, 239, 2, 203, 22, 95, 94, 174, 161, 149, 52, 142, 196, 241, 193, 235, 32, 8, 61, 22, 247], [249, 19, 205, 18, 239, 16, 199, 57, 245, 162, 230, 46, 218, 44, 76, 151, 195, 193, 216, 148, 139, 39, 11, 120, 70, 45, 97, 38, 168, 7, 162, 121], [48, 157, 248, 201, 191, 142, 144, 246, 87, 44, 13, 80, 202, 3, 25, 79, 74, 115, 222, 214, 17, 171, 203, 97, 174, 198, 139, 21, 102, 39, 112, 239], [86, 175, 83, 218, 213, 3, 236, 219, 173, 62, 130, 242, 35, 179, 217, 74, 130, 193, 6, 27, 79, 74, 60, 96, 69, 82, 42, 26, 26, 250, 61, 11], [216, 79, 75, 155, 38, 176, 45, 241, 161, 209, 93, 55, 137, 55, 61, 37, 209, 200, 231, 34, 253, 42, 156, 121, 225, 88, 229, 13, 225, 213, 12, 233], [191, 220, 204, 97, 183, 198, 133, 140, 227, 43, 255, 164, 57, 165, 167, 54, 52, 132, 73, 157, 218, 85, 245, 128, 45, 252, 57, 22, 64, 130, 102, 106], [90, 229, 40, 78, 34, 100, 110, 132, 215, 78, 15, 175, 70, 181, 185, 111, 40, 159, 9, 165, 103, 87, 21, 155, 1, 192, 75, 2, 55, 145, 116, 33], [172, 92, 39, 132, 99, 26, 134, 191, 228, 147, 189, 168, 82, 8, 52, 122, 34, 52, 228, 69, 176, 68, 192, 194, 140, 117, 130, 33, 167, 68, 190, 151], [170, 224, 54, 245, 0, 106, 210, 84, 185, 125, 200, 5, 50, 211, 28, 26, 125, 17, 3, 169, 49, 67, 65, 56, 189, 128, 35, 41, 16, 108, 8, 183], [106, 47, 249, 183, 41, 176, 235, 168, 172, 214, 195, 238, 10, 80, 77, 7, 148, 17, 108, 114, 121, 91, 113, 30, 230, 216, 225, 14, 212, 115, 224, 29], [43, 126, 207, 175, 3, 54, 76, 236, 193, 44, 226, 153, 157, 114, 165, 93, 235, 11, 203, 23, 32, 238, 207, 91, 38, 167, 46, 18, 230, 134, 32, 6], [244, 21, 241, 244, 179, 3, 63, 199, 55, 121, 19, 151, 104, 241, 211, 252, 127, 133, 215, 192, 140, 103, 248, 45, 147, 238, 249, 9, 131, 65, 185, 40], [182, 108, 235, 26, 85, 233, 209, 137, 190, 20, 206, 113, 130, 162, 225, 36, 198, 36, 24, 129, 235, 103, 223, 168, 183, 205, 193, 44, 97, 118, 92, 210], [34, 118, 47, 71, 217, 198, 50, 161, 89, 241, 109, 0, 245, 102, 173, 132, 54, 192, 120, 247, 156, 56, 57, 179, 223, 95, 106, 38, 233, 213, 170, 73], [148, 77, 222, 121, 195, 46, 47, 15, 131, 220, 111, 225, 166, 44, 121, 22, 119, 212, 157, 0, 189, 161, 139, 154, 24, 56, 166, 26, 231, 174, 198, 185], [138, 54, 18, 47, 228, 238, 85, 189, 150, 177, 44, 44, 163, 99, 243, 32, 232, 242, 88, 86, 225, 73, 111, 4, 67, 201, 152, 16, 191, 161, 141, 150], [170, 199, 145, 102, 190, 194, 2, 142, 41, 108, 144, 3, 7, 100, 239, 33, 98, 148, 30, 135, 155, 205, 146, 252, 68, 230, 199, 19, 96, 78, 182, 30], [140, 85, 14, 13, 169, 219, 27, 171, 250, 184, 84, 107, 186, 244, 141, 96, 206, 82, 247, 97, 72, 86, 194, 220, 47, 133, 203, 31, 137, 201, 229, 153], [183, 124, 160, 249, 47, 122, 44, 245, 7, 59, 192, 56, 180, 53, 82, 142, 252, 201, 149, 199, 165, 212, 230, 38, 179, 34, 198, 30, 40, 228, 10, 150], [250, 117, 103, 189, 255, 183, 113, 226, 20, 147, 170, 155, 170, 247, 193, 192, 1, 227, 128, 245, 147, 187, 74, 27, 144, 160, 29, 24, 135, 246, 143, 96], [19, 201, 115, 183, 190, 75, 147, 96, 161, 105, 49, 157, 252, 111, 95, 186, 199, 67, 124, 186, 110, 14, 148, 244, 125, 200, 68, 6, 31, 25, 114, 66], [28, 22, 185, 126, 141, 18, 0, 134, 124, 215, 214, 251, 178, 96, 191, 192, 180, 98, 207, 194, 149, 228, 230, 197, 226, 173, 70, 24, 40, 229, 216, 234], [26, 108, 225, 244, 106, 249, 70, 28, 106, 68, 119, 2, 178, 0, 24, 81, 186, 69, 19, 137, 124, 37, 180, 122, 180, 71, 80, 26, 178, 171, 226, 51], [33, 214, 114, 155, 138, 157, 119, 159, 192, 16, 246, 143, 123, 84, 41, 146, 113, 92, 85, 56, 93, 152, 33, 129, 142, 38, 175, 20, 147, 173, 112, 36], [109, 79, 30, 48, 251, 171, 254, 36, 11, 176, 184, 57, 36, 137, 21, 110, 153, 109, 99, 211, 62, 92, 174, 147, 96, 222, 5, 22, 149, 81, 154, 164], [245, 181, 173, 160, 2, 45, 250, 200, 208, 89, 139, 7, 226, 3, 88, 239, 68, 233, 250, 127, 204, 7, 16, 96, 228, 39, 181, 27, 163, 29, 17, 52], [241, 42, 4, 26, 218, 212, 99, 220, 185, 79, 123, 182, 165, 85, 50, 172, 42, 68, 22, 208, 67, 195, 208, 139, 144, 184, 24, 8, 96, 240, 229, 119], [167, 40, 154, 71, 134, 68, 107, 48, 85, 169, 156, 33, 75, 237, 221, 126, 9, 170, 35, 123, 13, 245, 106, 214, 177, 34, 20, 47, 198, 241, 24, 129], [111, 188, 246, 31, 183, 6, 11, 103, 248, 116, 229, 154, 181, 126, 43, 239, 198, 58, 145, 8, 83, 86, 111, 30, 231, 210, 208, 33, 231, 12, 151, 96], [111, 99, 134, 244, 6, 134, 6, 56, 60, 193, 228, 117, 18, 107, 163, 2, 173, 155, 44, 61, 28, 171, 198, 10, 193, 43, 80, 1, 37, 183, 241, 234], [0, 137, 22, 247, 198, 68, 174, 145, 242, 69, 199, 189, 129, 80, 209, 133, 51, 120, 20, 113, 124, 17, 49, 121, 163, 213, 22, 5, 60, 235, 77, 29], [114, 47, 66, 197, 138, 85, 242, 120, 62, 17, 236, 73, 199, 106, 251, 212, 5, 25, 179, 81, 1, 65, 52, 63, 97, 251, 165, 0, 224, 0, 221, 105], [95, 148, 36, 26, 17, 156, 219, 156, 1, 181, 82, 68, 251, 175, 101, 154, 105, 234, 192, 179, 103, 33, 151, 49, 138, 126, 243, 27, 11, 18, 47, 187], [164, 92, 222, 118, 2, 117, 127, 239, 82, 89, 149, 77, 150, 237, 133, 172, 176, 44, 157, 102, 40, 95, 253, 161, 17, 83, 190, 47, 200, 219, 82, 17], [117, 65, 46, 144, 47, 69, 146, 185, 81, 171, 142, 26, 225, 106, 110, 149, 51, 87, 73, 169, 197, 50, 178, 148, 49, 240, 201, 28, 243, 104, 244, 225], [248, 62, 1, 66, 43, 134, 216, 103, 175, 73, 157, 8, 240, 239, 243, 245, 56, 183, 204, 160, 170, 187, 120, 221, 90, 25, 104, 22, 179, 57, 139, 33], [70, 226, 111, 55, 230, 183, 91, 0, 97, 96, 77, 39, 117, 78, 86, 151, 21, 123, 52, 65, 168, 140, 36, 11, 255, 172, 125, 27, 84, 148, 136, 246], [29, 77, 31, 250, 97, 68, 153, 0, 226, 32, 228, 142, 109, 104, 141, 139, 125, 142, 131, 23, 127, 228, 184, 3, 24, 53, 252, 25, 109, 34, 218, 117], [64, 179, 193, 169, 99, 93, 251, 147, 131, 251, 153, 252, 181, 54, 195, 54, 128, 6, 21, 115, 183, 36, 87, 130, 6, 131, 85, 10, 60, 185, 88, 217], [25, 153, 219, 28, 213, 143, 190, 99, 251, 13, 177, 37, 243, 42, 77, 4, 66, 118, 184, 234, 69, 82, 139, 170, 224, 223, 132, 42, 38, 228, 242, 252], [12, 244, 17, 202, 222, 52, 200, 255, 100, 108, 96, 22, 218, 112, 122, 113, 52, 111, 165, 221, 26, 93, 252, 115, 90, 126, 151, 7, 11, 68, 36, 255], [252, 242, 68, 31, 184, 58, 179, 4, 150, 92, 208, 113, 106, 45, 52, 125, 116, 207, 151, 205, 227, 77, 166, 54, 146, 110, 223, 5, 177, 154, 208, 33], [94, 220, 184, 12, 83, 153, 55, 153, 166, 2, 249, 56, 245, 113, 136, 110, 224, 75, 23, 66, 157, 195, 0, 104, 138, 126, 25, 46, 136, 49, 232, 36], [237, 251, 42, 40, 60, 209, 54, 211, 128, 64, 95, 255, 240, 47, 20, 155, 2, 119, 134, 222, 161, 24, 54, 20, 83, 115, 130, 33, 2, 44, 121, 218], [77, 155, 173, 125, 152, 59, 247, 210, 250, 88, 205, 93, 242, 171, 44, 80, 121, 213, 87, 57, 203, 15, 31, 20, 247, 210, 204, 54, 191, 203, 148, 179], [41, 144, 245, 19, 81, 249, 58, 149, 16, 42, 34, 152, 108, 40, 109, 230, 179, 206, 201, 217, 135, 135, 251, 204, 31, 219, 225, 14, 183, 100, 164, 49], [197, 70, 159, 24, 45, 3, 205, 110, 199, 140, 16, 193, 96, 253, 162, 176, 110, 99, 0, 185, 192, 22, 107, 230, 154, 16, 107, 36, 14, 235, 187, 57], [168, 242, 52, 88, 61, 223, 144, 184, 27, 171, 105, 74, 46, 188, 203, 127, 1, 58, 155, 187, 78, 122, 211, 58, 189, 17, 218, 12, 99, 26, 110, 123], [155, 153, 178, 252, 192, 232, 165, 183, 171, 111, 184, 1, 63, 7, 241, 215, 248, 20, 76, 173, 253, 46, 233, 244, 126, 82, 87, 47, 57, 18, 193, 158], [110, 153, 235, 227, 79, 235, 224, 175, 117, 191, 23, 77, 47, 156, 181, 1, 181, 11, 181, 252, 218, 37, 94, 166, 181, 60, 138, 35, 138, 108, 210, 68], [142, 121, 150, 50, 222, 236, 248, 49, 61, 203, 124, 225, 216, 251, 29, 78, 88, 88, 108, 200, 203, 207, 252, 189, 176, 100, 191, 5, 132, 16, 64, 199], [192, 14, 45, 85, 145, 124, 152, 205, 168, 91, 223, 81, 183, 222, 110, 175, 88, 13, 191, 160, 155, 53, 191, 152, 124, 39, 253, 18, 101, 27, 28, 12], [120, 219, 198, 171, 153, 241, 175, 83, 253, 240, 186, 67, 180, 171, 102, 126, 200, 227, 125, 136, 46, 240, 197, 19, 14, 109, 173, 48, 195, 236, 60, 17], [86, 125, 243, 230, 251, 77, 217, 154, 232, 14, 162, 69, 166, 121, 18, 210, 93, 56, 145, 23, 142, 106, 114, 72, 246, 38, 103, 29, 80, 59, 250, 102], [153, 223, 9, 208, 121, 143, 212, 59, 94, 209, 226, 214, 107, 31, 128, 86, 38, 37, 74, 143, 64, 177, 146, 148, 86, 143, 26, 28, 72, 226, 164, 211], [99, 12, 173, 177, 242, 114, 244, 29, 41, 208, 104, 64, 10, 248, 240, 186, 148, 135, 174, 161, 49, 243, 159, 243, 239, 79, 175, 16, 39, 129, 4, 79], [191, 125, 89, 139, 56, 143, 22, 73, 14, 189, 33, 162, 205, 59, 247, 13, 76, 104, 189, 21, 4, 122, 158, 184, 204, 192, 178, 35, 255, 26, 216, 4], [179, 127, 115, 138, 154, 87, 125, 74, 104, 154, 24, 87, 83, 96, 144, 198, 33, 190, 161, 22, 248, 172, 145, 237, 130, 254, 180, 31, 170, 215, 246, 210], [181, 225, 188, 105, 197, 67, 236, 95, 99, 90, 192, 196, 12, 110, 15, 43, 100, 182, 164, 251, 98, 92, 175, 128, 202, 168, 218, 4, 183, 253, 28, 40], [200, 101, 2, 142, 59, 98, 108, 6, 227, 36, 175, 100, 115, 249, 220, 23, 243, 225, 63, 241, 138, 253, 17, 139, 124, 198, 56, 16, 221, 100, 230, 41], [224, 201, 30, 4, 16, 168, 107, 72, 139, 128, 81, 130, 105, 236, 1, 172, 180, 219, 207, 94, 204, 71, 74, 163, 80, 70, 197, 5, 144, 255, 95, 176], [78, 38, 30, 174, 81, 104, 5, 98, 174, 69, 210, 50, 234, 94, 164, 105, 195, 99, 16, 199, 158, 162, 31, 86, 246, 135, 43, 32, 181, 210, 75, 69], [221, 142, 138, 138, 67, 232, 181, 253, 86, 208, 248, 85, 250, 133, 180, 238, 89, 233, 219, 13, 41, 234, 9, 220, 186, 19, 147, 27, 8, 190, 218, 14], [158, 232, 189, 46, 3, 238, 19, 80, 208, 66, 3, 95, 104, 140, 196, 236, 166, 79, 18, 217, 26, 254, 156, 239, 25, 118, 64, 24, 184, 244, 81, 71], [168, 149, 34, 164, 54, 236, 92, 208, 46, 16, 43, 218, 204, 110, 226, 153, 38, 76, 243, 202, 100, 185, 193, 152, 66, 205, 10, 20, 63, 63, 162, 201], [120, 163, 98, 13, 138, 220, 93, 24, 193, 39, 126, 56, 245, 203, 188, 148, 15, 246, 61, 223, 14, 162, 148, 241, 88, 216, 35, 24, 42, 140, 100, 197], [60, 146, 74, 198, 209, 84, 98, 208, 88, 30, 234, 200, 209, 133, 0, 121, 213, 219, 196, 235, 62, 250, 199, 101, 69, 250, 133, 22, 104, 152, 208, 66], [127, 94, 102, 148, 57, 236, 25, 23, 16, 20, 43, 146, 198, 144, 147, 205, 82, 81, 247, 55, 12, 4, 238, 56, 180, 99, 75, 1, 46, 58, 135, 176], [33, 214, 99, 88, 30, 238, 211, 213, 246, 19, 209, 219, 27, 124, 202, 141, 36, 212, 44, 221, 65, 64, 215, 227, 152, 130, 140, 10, 223, 100, 172, 149], [151, 45, 186, 167, 83, 222, 87, 81, 129, 86, 86, 5, 151, 199, 237, 179, 99, 244, 88, 128, 29, 156, 67, 168, 190, 234, 24, 47, 35, 210, 103, 4], [173, 73, 38, 149, 71, 121, 93, 82, 14, 54, 200, 14, 201, 243, 222, 7, 10, 68, 18, 180, 233, 77, 19, 31, 1, 34, 142, 33, 142, 74, 26, 154], [138, 137, 214, 190, 1, 60, 77, 96, 69, 161, 44, 128, 200, 84, 154, 122, 160, 61, 11, 122, 26, 113, 48, 202, 107, 93, 213, 38, 16, 167, 209, 209], [82, 152, 92, 200, 115, 113, 46, 172, 138, 183, 16, 40, 230, 178, 243, 120, 8, 155, 157, 109, 104, 33, 198, 27, 254, 94, 239, 47, 185, 178, 98, 62], [140, 2, 74, 125, 139, 142, 36, 8, 76, 201, 84, 23, 149, 3, 231, 6, 22, 8, 69, 62, 15, 47, 1, 23, 7, 241, 142, 9, 22, 205, 205, 14], [185, 209, 139, 87, 167, 41, 79, 148, 136, 17, 41, 74, 146, 5, 17, 170, 230, 64, 82, 103, 157, 231, 9, 71, 222, 15, 231, 13, 106, 236, 1, 4], [229, 235, 175, 181, 10, 64, 33, 61, 17, 234, 171, 37, 11, 206, 124, 254, 169, 26, 5, 211, 126, 133, 196, 170, 114, 205, 33, 8, 219, 14, 139, 216], [43, 232, 254, 30, 151, 129, 117, 24, 247, 143, 58, 249, 10, 195, 74, 91, 46, 95, 155, 125, 86, 76, 139, 112, 192, 230, 67, 41, 221, 16, 123, 212], [49, 160, 112, 134, 130, 138, 80, 43, 128, 128, 213, 113, 82, 138, 4, 131, 12, 43, 75, 229, 170, 26, 109, 54, 0, 129, 66, 40, 53, 190, 134, 26], [199, 140, 74, 59, 34, 218, 84, 254, 45, 159, 214, 151, 40, 225, 54, 65, 17, 125, 16, 133, 76, 152, 114, 255, 117, 106, 129, 15, 241, 8, 209, 93], [65, 226, 93, 81, 134, 151, 75, 13, 93, 92, 14, 31, 33, 164, 28, 83, 161, 35, 106, 190, 242, 13, 149, 44, 75, 132, 245, 25, 103, 93, 245, 45], [142, 51, 209, 97, 53, 42, 168, 132, 247, 43, 230, 204, 127, 11, 65, 180, 84, 55, 3, 82, 91, 149, 58, 96, 230, 207, 204, 48, 86, 244, 171, 122], [213, 169, 194, 234, 6, 51, 38, 91, 52, 14, 115, 120, 60, 180, 100, 46, 21, 34, 230, 249, 54, 146, 156, 180, 39, 202, 110, 22, 74, 170, 56, 14], [186, 58, 167, 255, 107, 76, 124, 71, 161, 236, 194, 135, 11, 147, 124, 205, 44, 240, 134, 188, 244, 4, 46, 206, 141, 54, 113, 14, 87, 73, 66, 237], [251, 61, 37, 212, 251, 142, 152, 192, 30, 37, 108, 32, 230, 98, 38, 10, 89, 225, 185, 49, 197, 169, 8, 253, 141, 249, 49, 13, 175, 6, 146, 114], [119, 87, 169, 83, 60, 235, 62, 155, 48, 6, 117, 27, 227, 125, 198, 91, 95, 177, 236, 183, 156, 91, 244, 216, 111, 255, 223, 31, 240, 179, 58, 235], [26, 78, 251, 103, 145, 59, 217, 167, 114, 69, 21, 119, 119, 245, 90, 119, 93, 100, 150, 134, 100, 246, 40, 228, 228, 84, 50, 35, 95, 12, 133, 200], [84, 121, 172, 64, 8, 117, 158, 244, 22, 243, 209, 234, 171, 87, 195, 225, 191, 172, 85, 28, 169, 124, 44, 74, 213, 137, 26, 46, 15, 187, 230, 185], [145, 180, 206, 3, 52, 208, 164, 118, 139, 53, 200, 251, 28, 82, 65, 99, 146, 88, 218, 203, 186, 223, 7, 120, 86, 177, 145, 0, 44, 104, 66, 191], [84, 246, 90, 243, 233, 158, 120, 60, 128, 217, 59, 242, 151, 193, 113, 61, 250, 197, 179, 226, 10, 238, 162, 141, 39, 211, 200, 36, 56, 66, 150, 30], [133, 215, 81, 56, 89, 250, 204, 241, 5, 53, 185, 155, 64, 6, 64, 30, 36, 237, 117, 236, 110, 192, 41, 105, 28, 157, 210, 47, 3, 198, 142, 8], [248, 214, 244, 181, 181, 56, 82, 107, 152, 235, 16, 137, 199, 14, 68, 24, 175, 191, 162, 173, 164, 232, 110, 182, 167, 203, 29, 39, 195, 170, 77, 183], [242, 224, 50, 95, 197, 239, 132, 97, 223, 4, 92, 211, 84, 117, 47, 218, 150, 158, 245, 0, 26, 197, 236, 147, 160, 14, 63, 15, 20, 132, 172, 213], [85, 130, 88, 115, 1, 27, 181, 16, 205, 23, 118, 140, 124, 119, 90, 199, 143, 206, 7, 107, 159, 231, 28, 183, 84, 70, 52, 16, 132, 82, 47, 33], [36, 171, 237, 220, 199, 218, 236, 6, 178, 101, 37, 196, 8, 227, 81, 167, 31, 167, 90, 183, 15, 219, 68, 77, 210, 63, 37, 33, 229, 199, 5, 161], [161, 184, 212, 0, 68, 15, 141, 36, 110, 40, 107, 78, 148, 241, 95, 58, 87, 226, 11, 196, 59, 244, 105, 82, 178, 12, 35, 48, 175, 169, 227, 42], [159, 20, 1, 91, 158, 73, 153, 110, 207, 143, 82, 186, 193, 121, 55, 80, 12, 42, 137, 46, 249, 174, 107, 254, 113, 247, 118, 10, 122, 170, 107, 138], [224, 64, 24, 220, 67, 124, 36, 83, 24, 102, 193, 184, 121, 151, 31, 234, 3, 198, 190, 253, 202, 107, 34, 193, 22, 13, 60, 46, 152, 83, 153, 173], [119, 119, 31, 225, 238, 128, 216, 249, 193, 218, 46, 221, 155, 222, 73, 49, 170, 27, 199, 137, 48, 241, 197, 226, 0, 87, 237, 37, 134, 205, 130, 235], [171, 224, 200, 170, 108, 41, 199, 71, 129, 76, 199, 153, 8, 191, 203, 141, 85, 165, 231, 211, 105, 239, 47, 197, 118, 217, 126, 25, 169, 212, 92, 61], [180, 29, 64, 66, 130, 207, 121, 240, 140, 191, 181, 207, 169, 215, 236, 240, 50, 62, 227, 92, 2, 226, 9, 135, 205, 134, 119, 11, 241, 211, 137, 3], [9, 191, 76, 171, 5, 197, 196, 61, 22, 81, 101, 160, 126, 151, 159, 233, 49, 160, 131, 33, 117, 153, 126, 2, 0, 79, 76, 35, 158, 40, 32, 155], [98, 110, 224, 249, 10, 251, 247, 119, 4, 171, 203, 199, 179, 128, 148, 144, 131, 7, 109, 91, 39, 190, 39, 90, 165, 199, 236, 36, 147, 103, 174, 58], [185, 51, 141, 191, 192, 118, 32, 97, 180, 114, 171, 88, 230, 204, 188, 176, 52, 70, 199, 177, 60, 233, 29, 95, 2, 212, 80, 10, 254, 27, 92, 156], [184, 45, 204, 20, 32, 79, 208, 153, 225, 200, 216, 61, 183, 198, 33, 71, 221, 105, 90, 128, 214, 29, 64, 223, 98, 114, 153, 8, 153, 201, 128, 35], [81, 9, 244, 143, 122, 65, 52, 156, 1, 46, 86, 66, 111, 159, 94, 44, 193, 70, 20, 46, 51, 180, 37, 73, 82, 2, 25, 21, 73, 225, 32, 60], [94, 94, 84, 39, 109, 123, 161, 206, 175, 161, 168, 89, 166, 145, 95, 58, 217, 219, 245, 55, 83, 130, 241, 1, 16, 220, 202, 39, 194, 98, 109, 67], [111, 86, 7, 252, 181, 55, 185, 223, 255, 239, 147, 197, 58, 4, 128, 91, 81, 114, 51, 161, 226, 177, 36, 193, 53, 106, 253, 25, 54, 215, 29, 55], [27, 31, 202, 189, 140, 221, 119, 141, 226, 244, 7, 134, 228, 206, 188, 131, 4, 8, 177, 251, 219, 94, 176, 255, 85, 223, 3, 43, 239, 42, 10, 208], [240, 255, 29, 128, 183, 10, 100, 120, 41, 196, 130, 230, 143, 140, 144, 230, 54, 4, 236, 138, 83, 30, 75, 179, 134, 22, 47, 16, 17, 38, 95, 161], [251, 108, 86, 126, 0, 237, 249, 218, 174, 117, 121, 17, 121, 137, 196, 253, 177, 61, 159, 188, 77, 65, 129, 225, 28, 111, 96, 5, 24, 129, 240, 212], [149, 126, 164, 203, 164, 97, 105, 19, 116, 238, 78, 86, 95, 13, 62, 192, 102, 209, 127, 71, 86, 26, 247, 249, 140, 128, 231, 41, 81, 68, 67, 155], [231, 101, 150, 76, 118, 177, 74, 152, 189, 254, 205, 1, 229, 82, 35, 31, 144, 28, 131, 106, 241, 156, 37, 24, 75, 194, 162, 13, 83, 116, 80, 218], [182, 10, 174, 173, 57, 190, 13, 150, 68, 94, 58, 6, 69, 106, 56, 107, 100, 50, 69, 246, 240, 126, 90, 58, 79, 16, 144, 38, 246, 184, 57, 61], [47, 38, 138, 239, 22, 25, 39, 208, 211, 107, 179, 149, 120, 5, 94, 98, 38, 41, 205, 77, 56, 3, 12, 201, 39, 140, 193, 34, 173, 177, 191, 46], [32, 37, 20, 27, 44, 157, 193, 192, 36, 80, 235, 207, 148, 179, 184, 83, 156, 71, 169, 79, 101, 113, 106, 152, 249, 175, 173, 27, 229, 76, 150, 234], [5, 7, 146, 39, 67, 53, 6, 150, 178, 193, 41, 113, 136, 144, 164, 53, 215, 254, 39, 25, 244, 1, 67, 110, 210, 18, 96, 20, 204, 236, 2, 40], [207, 17, 65, 246, 10, 217, 104, 241, 156, 207, 21, 191, 42, 107, 250, 106, 195, 136, 46, 116, 247, 90, 208, 98, 209, 63, 101, 37, 98, 176, 230, 237], [16, 133, 142, 20, 74, 149, 107, 210, 222, 168, 87, 38, 213, 199, 220, 75, 223, 70, 40, 159, 53, 158, 238, 114, 160, 59, 4, 28, 166, 32, 142, 124], [13, 55, 197, 194, 250, 182, 49, 165, 3, 64, 63, 171, 61, 111, 119, 45, 9, 251, 199, 95, 144, 45, 131, 248, 15, 157, 177, 45, 162, 234, 113, 125], [75, 34, 109, 51, 149, 53, 120, 210, 19, 79, 237, 223, 125, 51, 139, 236, 112, 223, 73, 197, 84, 215, 147, 255, 24, 160, 40, 37, 171, 106, 236, 215], [64, 19, 3, 23, 23, 207, 81, 32, 172, 207, 189, 174, 28, 78, 20, 155, 136, 195, 150, 137, 146, 124, 50, 195, 37, 214, 98, 37, 165, 18, 11, 91], [203, 105, 179, 8, 248, 148, 249, 149, 125, 27, 148, 183, 223, 36, 246, 148, 69, 102, 6, 243, 212, 200, 157, 225, 89, 174, 59, 11, 120, 90, 131, 222], [250, 141, 237, 143, 108, 178, 189, 100, 112, 68, 24, 13, 165, 44, 176, 138, 190, 176, 89, 181, 166, 46, 219, 197, 245, 198, 115, 42, 241, 173, 181, 100], [155, 204, 25, 96, 188, 211, 3, 8, 172, 78, 228, 129, 121, 76, 187, 244, 154, 104, 71, 229, 169, 105, 135, 218, 54, 90, 81, 1, 188, 121, 101, 40], [188, 120, 178, 234, 226, 124, 192, 233, 234, 125, 113, 141, 127, 94, 173, 34, 244, 169, 186, 240, 244, 191, 128, 52, 158, 183, 35, 14, 86, 79, 199, 115], [123, 191, 6, 220, 208, 246, 109, 96, 229, 27, 157, 21, 228, 11, 198, 140, 27, 221, 8, 211, 127, 54, 170, 6, 60, 244, 18, 47, 252, 18, 241, 25], [86, 16, 84, 171, 102, 46, 248, 21, 11, 41, 12, 151, 198, 93, 81, 250, 221, 10, 13, 111, 45, 134, 197, 53, 179, 123, 117, 28, 38, 14, 107, 3], [40, 18, 171, 93, 128, 72, 65, 51, 188, 132, 177, 184, 219, 9, 84, 45, 224, 105, 89, 148, 133, 144, 8, 205, 28, 77, 107, 26, 71, 24, 225, 202], [134, 166, 95, 13, 219, 30, 184, 46, 72, 150, 138, 193, 99, 122, 156, 231, 54, 241, 91, 148, 84, 100, 225, 104, 138, 186, 134, 43, 33, 239, 17, 213], [238, 121, 117, 222, 12, 130, 48, 53, 213, 229, 207, 222, 129, 78, 45, 84, 214, 219, 246, 35, 164, 15, 41, 20, 86, 1, 249, 21, 230, 196, 154, 177], [239, 1, 97, 140, 164, 172, 23, 72, 13, 185, 182, 198, 112, 57, 13, 99, 37, 252, 65, 189, 30, 78, 123, 36, 66, 18, 93, 9, 13, 4, 217, 148], [126, 188, 248, 196, 56, 41, 81, 133, 183, 181, 71, 193, 178, 247, 183, 220, 51, 22, 136, 45, 51, 248, 6, 236, 54, 87, 230, 20, 193, 99, 146, 96], [174, 195, 120, 88, 227, 93, 154, 142, 3, 168, 160, 102, 171, 218, 107, 55, 138, 197, 12, 3, 188, 101, 212, 140, 178, 144, 239, 47, 58, 249, 163, 67], [152, 207, 39, 119, 84, 161, 32, 227, 217, 180, 57, 214, 170, 96, 201, 164, 130, 47, 200, 138, 246, 167, 42, 245, 59, 247, 125, 27, 238, 127, 186, 97], [63, 98, 119, 147, 200, 226, 143, 107, 96, 182, 59, 45, 119, 18, 30, 123, 76, 129, 224, 171, 206, 14, 56, 230, 213, 116, 193, 7, 131, 235, 100, 236], [163, 213, 182, 24, 223, 50, 36, 182, 160, 21, 119, 65, 213, 168, 156, 15, 28, 239, 244, 157, 148, 220, 43, 175, 83, 209, 7, 1, 138, 140, 177, 85], [209, 66, 106, 32, 82, 137, 192, 10, 133, 102, 5, 244, 24, 67, 199, 62, 249, 67, 250, 214, 25, 128, 168, 232, 246, 72, 242, 22, 196, 17, 24, 236], [114, 182, 105, 35, 174, 151, 77, 178, 240, 84, 10, 86, 136, 175, 228, 113, 154, 86, 91, 26, 149, 195, 5, 50, 31, 125, 92, 47, 140, 127, 13, 153], [164, 137, 106, 201, 230, 151, 165, 64, 151, 141, 153, 80, 120, 156, 160, 129, 169, 243, 119, 212, 7, 41, 158, 25, 138, 23, 45, 29, 171, 235, 212, 142], [233, 174, 46, 60, 237, 216, 86, 115, 33, 145, 236, 99, 59, 75, 233, 217, 221, 32, 176, 91, 115, 222, 49, 172, 38, 80, 20, 9, 139, 24, 204, 236], [170, 189, 108, 101, 5, 29, 50, 8, 19, 21, 175, 35, 232, 163, 8, 185, 96, 227, 155, 34, 172, 56, 63, 172, 9, 57, 174, 41, 156, 17, 168, 73], [45, 221, 241, 255, 159, 241, 26, 245, 111, 217, 148, 51, 34, 13, 152, 167, 216, 36, 160, 92, 182, 193, 255, 52, 76, 254, 79, 39, 5, 42, 51, 8], [6, 202, 254, 155, 67, 38, 49, 114, 111, 164, 13, 252, 29, 183, 42, 62, 124, 217, 72, 35, 54, 162, 166, 25, 91, 124, 195, 2, 83, 226, 80, 10], [175, 225, 74, 199, 218, 153, 176, 22, 56, 166, 192, 138, 81, 90, 142, 242, 104, 232, 235, 29, 88, 101, 123, 138, 135, 21, 202, 42, 146, 60, 7, 148], [122, 30, 66, 192, 67, 209, 37, 221, 161, 235, 52, 49, 95, 106, 246, 89, 163, 196, 94, 167, 147, 184, 79, 83, 118, 187, 130, 3, 244, 26, 44, 206], [103, 170, 213, 116, 178, 48, 193, 81, 89, 196, 192, 12, 12, 254, 242, 142, 77, 93, 100, 154, 209, 58, 182, 86, 235, 56, 154, 5, 2, 213, 75, 229], [195, 96, 28, 144, 102, 235, 70, 48, 118, 250, 214, 0, 221, 171, 62, 87, 200, 213, 11, 252, 113, 202, 228, 25, 219, 158, 93, 38, 162, 116, 169, 252], [169, 166, 99, 199, 157, 32, 165, 53, 35, 216, 32, 112, 142, 53, 161, 25, 119, 138, 219, 108, 46, 200, 134, 61, 23, 117, 111, 38, 173, 185, 218, 0], [219, 37, 226, 95, 183, 37, 206, 68, 83, 136, 47, 210, 134, 140, 232, 106, 202, 101, 37, 150, 91, 154, 57, 8, 140, 237, 191, 22, 165, 136, 211, 219], [108, 229, 188, 116, 239, 169, 204, 50, 110, 146, 96, 39, 207, 34, 224, 103, 63, 187, 116, 75, 251, 215, 170, 163, 91, 217, 244, 9, 247, 249, 81, 114], [168, 243, 226, 245, 85, 121, 29, 7, 12, 114, 218, 30, 249, 168, 129, 158, 142, 240, 116, 124, 11, 141, 20, 36, 5, 187, 143, 20, 127, 198, 252, 94], [181, 31, 244, 53, 173, 159, 159, 180, 129, 4, 107, 82, 219, 123, 31, 201, 234, 71, 32, 151, 221, 41, 8, 33, 43, 165, 69, 0, 132, 98, 232, 13], [195, 165, 4, 4, 82, 118, 153, 103, 183, 137, 236, 206, 102, 199, 54, 193, 151, 77, 61, 192, 95, 77, 244, 88, 116, 208, 28, 28, 200, 54, 128, 121], [97, 108, 44, 6, 224, 42, 210, 179, 15, 102, 22, 69, 130, 220, 97, 184, 203, 253, 47, 33, 76, 118, 41, 192, 71, 169, 30, 48, 107, 48, 216, 98], [198, 40, 45, 191, 203, 163, 42, 19, 46, 215, 185, 82, 222, 14, 122, 42, 183, 210, 204, 128, 197, 213, 183, 84, 61, 103, 148, 2, 126, 32, 175, 143], [189, 141, 68, 151, 128, 218, 176, 117, 232, 249, 161, 169, 81, 96, 158, 163, 202, 86, 21, 34, 25, 189, 193, 156, 52, 99, 150, 8, 95, 228, 24, 244], [115, 147, 214, 112, 139, 109, 253, 191, 114, 35, 64, 233, 142, 233, 209, 85, 126, 19, 195, 198, 102, 152, 239, 91, 5, 44, 219, 28, 201, 220, 205, 72], [89, 254, 219, 164, 12, 240, 192, 242, 168, 112, 223, 237, 11, 248, 226, 221, 235, 238, 58, 150, 16, 227, 111, 68, 62, 235, 205, 39, 152, 87, 252, 5], [204, 41, 49, 38, 79, 196, 86, 205, 127, 252, 66, 57, 90, 129, 18, 137, 79, 160, 35, 68, 93, 206, 216, 225, 196, 239, 80, 48, 117, 134, 168, 157], [23, 108, 169, 88, 218, 123, 10, 240, 31, 109, 47, 232, 179, 252, 167, 44, 208, 197, 81, 14, 198, 151, 65, 33, 5, 127, 156, 36, 35, 58, 253, 16], [113, 78, 137, 103, 197, 17, 159, 168, 4, 30, 11, 88, 65, 163, 181, 55, 182, 194, 116, 189, 189, 67, 180, 86, 244, 155, 31, 32, 210, 118, 212, 58], [255, 31, 119, 227, 178, 78, 103, 120, 113, 253, 81, 175, 169, 91, 217, 84, 230, 127, 254, 169, 99, 8, 240, 191, 109, 207, 199, 11, 196, 65, 243, 246], [1, 196, 176, 91, 189, 192, 136, 50, 198, 74, 249, 132, 231, 30, 130, 23, 196, 30, 49, 182, 56, 172, 239, 70, 92, 48, 134, 8, 10, 99, 75, 164], [48, 223, 68, 230, 205, 129, 167, 18, 78, 120, 220, 198, 4, 138, 55, 22, 97, 109, 184, 157, 144, 10, 136, 150, 65, 20, 87, 16, 116, 21, 254, 70], [179, 104, 176, 51, 17, 169, 88, 119, 6, 117, 37, 144, 212, 181, 65, 193, 70, 30, 14, 179, 44, 77, 53, 150, 215, 27, 224, 35, 61, 154, 49, 52], [230, 172, 219, 85, 191, 72, 202, 85, 67, 242, 164, 208, 88, 206, 73, 107, 85, 216, 151, 26, 153, 149, 169, 74, 49, 58, 13, 32, 91, 8, 175, 191], [83, 61, 219, 218, 132, 76, 114, 103, 35, 119, 31, 206, 47, 68, 65, 172, 76, 229, 156, 107, 52, 152, 49, 122, 105, 219, 91, 20, 166, 28, 176, 41], [90, 17, 26, 18, 156, 202, 211, 225, 116, 58, 9, 108, 253, 217, 121, 143, 193, 164, 139, 153, 214, 199, 130, 147, 123, 56, 205, 16, 130, 219, 207, 225], [172, 41, 190, 87, 106, 212, 42, 48, 105, 205, 122, 60, 211, 58, 253, 150, 87, 127, 185, 105, 237, 32, 171, 216, 187, 161, 50, 49, 161, 224, 204, 174], [188, 122, 6, 42, 241, 255, 157, 134, 28, 48, 120, 43, 96, 126, 7, 242, 244, 160, 196, 30, 83, 216, 174, 77, 247, 21, 151, 31, 249, 135, 88, 243], [113, 190, 87, 38, 24, 254, 158, 224, 150, 122, 155, 82, 116, 125, 75, 57, 86, 132, 149, 237, 240, 250, 215, 95, 99, 173, 11, 42, 27, 83, 101, 106], [185, 237, 146, 172, 129, 73, 212, 229, 206, 213, 27, 173, 31, 97, 5, 88, 184, 72, 100, 7, 160, 158, 89, 151, 163, 254, 32, 17, 104, 92, 98, 30], [4, 202, 14, 169, 30, 210, 217, 255, 113, 84, 6, 65, 249, 64, 240, 48, 123, 82, 58, 231, 96, 212, 141, 109, 166, 89, 95, 18, 44, 170, 23, 110], [93, 158, 141, 143, 11, 129, 157, 130, 194, 148, 101, 234, 61, 247, 123, 41, 254, 252, 235, 176, 137, 1, 216, 73, 207, 79, 67, 31, 213, 14, 1, 189], [91, 254, 61, 31, 133, 195, 51, 218, 61, 10, 248, 242, 193, 145, 222, 183, 89, 214, 102, 86, 67, 161, 102, 101, 100, 149, 108, 22, 35, 83, 168, 192], [28, 201, 58, 47, 176, 172, 131, 109, 138, 79, 145, 48, 48, 97, 172, 228, 65, 7, 229, 143, 49, 73, 82, 40, 166, 214, 231, 13, 172, 213, 151, 189], [166, 129, 226, 130, 166, 38, 170, 92, 27, 134, 116, 151, 232, 35, 206, 43, 147, 78, 75, 116, 45, 142, 187, 75, 108, 111, 57, 5, 36, 170, 212, 23], [250, 194, 229, 12, 221, 29, 238, 250, 6, 27, 240, 102, 45, 247, 212, 156, 116, 62, 107, 40, 248, 86, 223, 184, 204, 119, 124, 34, 53, 174, 223, 146], [90, 118, 30, 232, 217, 42, 145, 201, 225, 171, 106, 61, 69, 238, 177, 9, 213, 70, 146, 199, 241, 114, 60, 125, 36, 94, 208, 44, 105, 125, 241, 114], [65, 133, 237, 36, 162, 172, 107, 7, 237, 37, 114, 38, 205, 80, 98, 106, 120, 159, 236, 248, 59, 36, 70, 248, 158, 65, 120, 2, 130, 135, 23, 34], [1, 102, 87, 224, 71, 107, 56, 214, 88, 223, 5, 18, 95, 212, 187, 184, 232, 39, 122, 32, 142, 147, 95, 204, 58, 118, 149, 38, 222, 127, 139, 101], [213, 6, 51, 23, 235, 29, 6, 97, 164, 68, 15, 113, 144, 7, 31, 23, 62, 166, 99, 191, 237, 123, 235, 232, 211, 12, 236, 45, 121, 10, 238, 210], [125, 243, 160, 252, 255, 92, 35, 132, 200, 79, 255, 118, 18, 223, 136, 115, 166, 139, 7, 250, 228, 222, 58, 74, 251, 66, 103, 31, 87, 141, 254, 206], [231, 159, 157, 206, 209, 226, 187, 168, 57, 198, 132, 66, 249, 52, 146, 159, 121, 173, 104, 52, 199, 233, 12, 190, 21, 46, 75, 0, 98, 197, 23, 144], [208, 26, 107, 56, 16, 32, 129, 37, 180, 116, 247, 139, 91, 168, 26, 34, 86, 113, 228, 246, 232, 231, 223, 34, 254, 58, 100, 27, 240, 111, 126, 9], [47, 236, 130, 109, 187, 231, 181, 191, 87, 164, 252, 84, 100, 35, 239, 225, 60, 152, 231, 131, 98, 182, 36, 35, 93, 32, 25, 48, 47, 233, 188, 164], [129, 134, 28, 110, 137, 136, 4, 186, 15, 69, 47, 162, 87, 159, 151, 213, 124, 116, 59, 88, 40, 43, 218, 155, 234, 28, 139, 1, 199, 39, 117, 196], [220, 41, 147, 197, 151, 171, 15, 5, 48, 129, 72, 156, 71, 226, 181, 153, 212, 225, 107, 183, 253, 174, 204, 175, 70, 15, 127, 33, 164, 205, 94, 14], [49, 108, 165, 11, 119, 195, 26, 63, 198, 53, 205, 188, 173, 232, 178, 111, 241, 42, 176, 74, 79, 67, 235, 170, 213, 69, 221, 20, 128, 213, 7, 20], [58, 98, 141, 118, 245, 30, 98, 99, 97, 233, 56, 251, 21, 118, 203, 231, 225, 99, 228, 0, 44, 241, 100, 49, 44, 63, 229, 14, 200, 159, 59, 60], [36, 37, 172, 22, 154, 156, 149, 170, 40, 234, 167, 108, 178, 224, 39, 54, 207, 67, 84, 23, 123, 1, 91, 225, 136, 223, 86, 0, 134, 182, 242, 206], [8, 5, 92, 59, 245, 170, 23, 214, 57, 92, 89, 50, 176, 83, 248, 226, 30, 206, 49, 209, 83, 101, 12, 139, 125, 25, 244, 35, 76, 15, 192, 37], [77, 219, 173, 64, 27, 109, 128, 252, 27, 255, 137, 224, 206, 212, 101, 164, 218, 219, 120, 154, 187, 211, 62, 118, 174, 103, 120, 3, 193, 70, 138, 9], [14, 135, 196, 0, 152, 31, 90, 146, 87, 14, 40, 101, 173, 4, 137, 158, 151, 119, 30, 231, 213, 58, 37, 86, 245, 52, 112, 12, 226, 56, 166, 31], [27, 215, 133, 195, 44, 16, 58, 128, 183, 70, 253, 230, 7, 248, 161, 209, 20, 193, 219, 108, 196, 197, 226, 224, 251, 126, 46, 15, 13, 195, 180, 65], [82, 70, 241, 99, 229, 189, 205, 199, 233, 197, 148, 143, 14, 174, 107, 201, 32, 21, 179, 113, 204, 6, 214, 231, 170, 83, 168, 30, 45, 244, 134, 182], [138, 1, 63, 138, 5, 66, 188, 219, 195, 62, 109, 97, 93, 200, 16, 91, 42, 59, 202, 198, 149, 83, 238, 121, 148, 93, 201, 8, 58, 58, 200, 150], [196, 69, 47, 216, 167, 12, 164, 160, 167, 164, 236, 7, 79, 170, 21, 184, 149, 48, 157, 70, 93, 153, 91, 249, 199, 250, 187, 17, 152, 150, 192, 1], [152, 156, 229, 2, 95, 56, 80, 179, 199, 253, 129, 5, 211, 125, 187, 124, 168, 240, 140, 232, 8, 229, 40, 213, 16, 75, 16, 37, 226, 165, 198, 61], [46, 197, 52, 129, 220, 27, 91, 82, 78, 126, 54, 81, 224, 10, 77, 175, 109, 71, 130, 187, 191, 195, 37, 50, 50, 147, 187, 5, 98, 184, 225, 15], [218, 39, 216, 159, 70, 218, 58, 98, 247, 216, 188, 117, 254, 68, 140, 83, 5, 209, 212, 2, 53, 54, 116, 185, 82, 126, 79, 43, 101, 87, 182, 154], [232, 198, 235, 186, 176, 174, 22, 22, 67, 236, 74, 70, 125, 77, 52, 210, 72, 254, 205, 252, 105, 220, 11, 175, 64, 187, 168, 42, 46, 130, 125, 61], [127, 238, 178, 224, 88, 33, 82, 200, 47, 84, 176, 221, 90, 199, 133, 81, 151, 4, 86, 88, 25, 11, 41, 207, 21, 228, 141, 37, 127, 63, 12, 119], [40, 124, 79, 164, 64, 126, 253, 65, 32, 197, 45, 132, 189, 94, 30, 39, 83, 244, 120, 214, 5, 112, 155, 45, 104, 99, 39, 20, 101, 39, 65, 142], [233, 199, 221, 254, 238, 3, 86, 82, 114, 170, 146, 93, 192, 52, 105, 194, 43, 130, 11, 36, 105, 57, 207, 193, 95, 81, 27, 37, 200, 189, 112, 97], [238, 15, 209, 151, 76, 76, 116, 38, 113, 165, 83, 19, 160, 249, 98, 90, 99, 81, 215, 225, 35, 48, 150, 179, 10, 235, 60, 28, 156, 187, 237, 170], [249, 48, 166, 132, 1, 0, 22, 15, 172, 84, 76, 37, 90, 79, 187, 28, 4, 160, 238, 67, 120, 89, 219, 119, 40, 36, 25, 15, 124, 190, 63, 5], [56, 189, 223, 165, 169, 248, 166, 108, 217, 5, 247, 154, 157, 80, 43, 142, 113, 92, 37, 175, 119, 128, 62, 164, 43, 252, 22, 12, 50, 176, 218, 106], [195, 70, 175, 81, 133, 186, 201, 181, 121, 205, 69, 57, 232, 9, 122, 166, 189, 140, 70, 114, 97, 84, 224, 22, 12, 127, 252, 8, 203, 62, 61, 211], [222, 206, 64, 150, 227, 209, 202, 251, 183, 100, 138, 252, 191, 7, 86, 243, 68, 233, 42, 9, 178, 31, 243, 60, 71, 82, 77, 36, 161, 161, 238, 102], [119, 230, 78, 153, 64, 217, 55, 184, 217, 19, 236, 67, 87, 98, 240, 16, 141, 98, 138, 243, 58, 248, 225, 14, 33, 145, 57, 4, 7, 136, 50, 207], [140, 226, 104, 9, 166, 147, 28, 18, 6, 221, 95, 42, 150, 66, 237, 142, 161, 143, 173, 70, 87, 216, 50, 199, 228, 183, 149, 30, 108, 143, 97, 171], [213, 203, 177, 226, 146, 182, 22, 239, 250, 5, 189, 129, 193, 194, 86, 183, 10, 108, 6, 26, 126, 116, 72, 16, 39, 36, 215, 22, 64, 117, 74, 9], [138, 169, 183, 50, 231, 54, 85, 86, 139, 141, 33, 109, 199, 21, 148, 242, 20, 182, 162, 113, 210, 199, 254, 25, 142, 150, 206, 17, 19, 48, 219, 81], [18, 175, 100, 171, 104, 17, 209, 162, 164, 32, 198, 93, 57, 251, 150, 100, 23, 120, 99, 72, 152, 250, 157, 154, 81, 1, 50, 2, 147, 157, 13, 21], [165, 134, 208, 213, 153, 131, 132, 175, 30, 39, 84, 110, 144, 116, 75, 218, 79, 111, 236, 76, 189, 252, 95, 198, 1, 126, 152, 44, 146, 28, 107, 209], [54, 163, 219, 181, 95, 255, 39, 146, 245, 145, 143, 175, 10, 51, 223, 92, 81, 72, 254, 211, 73, 155, 218, 186, 76, 169, 178, 17, 180, 95, 111, 195], [113, 5, 80, 102, 243, 70, 237, 184, 114, 67, 45, 41, 205, 227, 53, 167, 102, 214, 99, 107, 108, 163, 209, 26, 113, 208, 203, 3, 130, 74, 25, 22], [85, 202, 130, 203, 58, 32, 91, 227, 26, 71, 85, 71, 173, 152, 134, 104, 252, 32, 74, 133, 210, 208, 221, 75, 69, 198, 167, 1, 8, 158, 162, 16], [185, 136, 237, 236, 177, 33, 128, 100, 100, 35, 147, 252, 152, 218, 90, 126, 116, 191, 3, 30, 45, 227, 109, 119, 14, 72, 41, 34, 10, 114, 2, 88], [82, 188, 41, 98, 118, 212, 9, 115, 95, 140, 175, 36, 211, 51, 210, 20, 96, 242, 202, 222, 4, 253, 145, 82, 218, 225, 60, 33, 63, 95, 218, 199], [93, 3, 51, 79, 219, 168, 241, 3, 45, 71, 238, 154, 196, 125, 38, 3, 66, 134, 76, 154, 252, 188, 195, 105, 100, 6, 59, 14, 62, 29, 192, 106], [232, 137, 124, 42, 179, 103, 54, 69, 238, 77, 145, 9, 26, 219, 198, 46, 79, 51, 221, 217, 116, 54, 207, 154, 61, 81, 172, 21, 198, 54, 32, 164], [222, 2, 210, 121, 203, 167, 109, 175, 185, 197, 244, 57, 49, 168, 133, 227, 74, 135, 99, 226, 133, 225, 77, 118, 126, 103, 190, 40, 14, 251, 240, 228], [42, 160, 198, 134, 227, 186, 236, 137, 33, 115, 72, 36, 186, 19, 73, 64, 153, 95, 93, 74, 226, 5, 173, 202, 160, 122, 37, 26, 129, 198, 92, 52], [56, 137, 78, 194, 193, 34, 4, 185, 215, 164, 140, 93, 44, 176, 251, 157, 107, 190, 236, 213, 163, 190, 227, 106, 244, 230, 165, 7, 16, 186, 30, 81], [189, 0, 206, 29, 153, 1, 227, 250, 226, 140, 159, 97, 227, 236, 16, 10, 122, 183, 217, 160, 92, 168, 65, 19, 45, 42, 239, 2, 175, 159, 244, 234], [73, 113, 72, 164, 78, 127, 206, 219, 73, 226, 147, 66, 69, 173, 200, 26, 234, 95, 215, 240, 196, 177, 110, 235, 219, 26, 0, 10, 182, 206, 192, 186], [139, 174, 180, 5, 57, 106, 20, 68, 90, 98, 126, 16, 178, 44, 41, 125, 22, 69, 174, 162, 242, 137, 240, 114, 60, 12, 85, 46, 152, 93, 136, 237], [204, 26, 216, 151, 62, 75, 163, 140, 71, 136, 237, 84, 24, 171, 184, 102, 204, 229, 120, 199, 100, 238, 194, 245, 150, 51, 100, 38, 49, 235, 163, 146], [87, 117, 208, 89, 162, 238, 124, 165, 107, 111, 72, 66, 7, 33, 188, 33, 13, 2, 144, 116, 128, 168, 58, 113, 5, 183, 29, 21, 63, 70, 113, 244], [231, 23, 222, 30, 193, 57, 61, 231, 99, 167, 69, 244, 230, 161, 197, 229, 89, 145, 37, 83, 187, 154, 43, 189, 229, 239, 251, 24, 245, 213, 206, 79], [219, 201, 44, 179, 246, 191, 122, 242, 180, 178, 80, 54, 152, 107, 36, 125, 52, 142, 66, 159, 30, 208, 170, 30, 103, 132, 47, 36, 8, 183, 11, 228], [46, 116, 66, 29, 204, 144, 52, 129, 45, 195, 59, 163, 118, 182, 187, 155, 92, 180, 42, 101, 110, 5, 6, 36, 141, 94, 104, 23, 194, 218, 52, 228], [213, 132, 74, 96, 220, 162, 64, 63, 182, 115, 249, 224, 248, 15, 30, 128, 21, 100, 226, 66, 247, 189, 221, 26, 192, 206, 190, 18, 109, 18, 174, 239], [79, 141, 153, 215, 104, 112, 79, 124, 34, 46, 126, 109, 155, 155, 117, 41, 33, 139, 38, 107, 42, 167, 76, 132, 34, 167, 213, 31, 11, 247, 86, 4], [131, 18, 139, 112, 41, 210, 84, 35, 240, 114, 217, 32, 96, 188, 117, 132, 234, 29, 252, 246, 74, 60, 63, 229, 89, 151, 242, 21, 218, 234, 206, 232], [198, 254, 134, 100, 36, 90, 34, 236, 110, 60, 3, 42, 194, 188, 11, 88, 149, 186, 41, 77, 255, 248, 228, 92, 80, 167, 142, 16, 110, 201, 244, 109], [229, 80, 247, 240, 8, 164, 130, 250, 45, 3, 220, 17, 89, 232, 132, 27, 146, 194, 229, 111, 205, 33, 239, 121, 34, 139, 250, 4, 69, 231, 11, 178], [90, 37, 3, 220, 192, 162, 191, 227, 119, 39, 120, 131, 130, 130, 166, 204, 51, 178, 1, 65, 108, 247, 110, 51, 241, 249, 79, 45, 243, 54, 142, 130], [215, 141, 44, 66, 197, 143, 189, 220, 35, 190, 57, 194, 134, 228, 46, 89, 103, 180, 36, 236, 228, 24, 173, 33, 134, 0, 133, 48, 2, 22, 113, 38], [188, 102, 29, 96, 204, 39, 178, 132, 25, 67, 9, 20, 219, 213, 218, 180, 130, 147, 78, 119, 189, 168, 194, 173, 129, 84, 20, 3, 82, 36, 203, 123], [153, 183, 237, 180, 199, 220, 72, 141, 235, 105, 68, 32, 224, 220, 225, 94, 129, 129, 255, 96, 179, 13, 18, 142, 180, 90, 149, 29, 41, 248, 59, 134], [122, 107, 60, 23, 245, 177, 65, 219, 85, 166, 139, 172, 49, 50, 135, 185, 86, 18, 165, 27, 233, 136, 254, 103, 178, 198, 53, 42, 14, 237, 239, 89], [74, 129, 239, 158, 164, 255, 221, 65, 102, 169, 14, 247, 233, 58, 251, 218, 68, 173, 96, 231, 116, 136, 103, 114, 16, 220, 99, 23, 30, 5, 65, 82], [156, 32, 228, 36, 152, 24, 48, 141, 59, 196, 245, 234, 43, 38, 250, 199, 95, 51, 171, 156, 64, 23, 51, 121, 192, 135, 46, 6, 225, 223, 43, 244], [205, 96, 75, 13, 69, 157, 202, 228, 41, 220, 100, 167, 176, 41, 178, 237, 99, 223, 245, 3, 212, 2, 185, 239, 213, 127, 109, 20, 118, 177, 91, 181], [149, 195, 72, 223, 59, 99, 88, 147, 191, 77, 251, 0, 57, 240, 218, 27, 77, 125, 144, 196, 119, 49, 132, 56, 167, 109, 100, 11, 28, 197, 111, 80], [185, 40, 153, 96, 100, 18, 132, 2, 206, 164, 108, 13, 133, 227, 124, 236, 53, 206, 246, 222, 147, 148, 162, 104, 45, 234, 142, 40, 209, 75, 33, 35], [129, 200, 215, 92, 81, 103, 25, 213, 209, 28, 134, 150, 36, 104, 166, 101, 105, 200, 191, 243, 177, 110, 173, 168, 203, 224, 255, 36, 228, 210, 24, 119], [194, 136, 74, 209, 6, 201, 5, 213, 226, 109, 108, 212, 157, 127, 214, 23, 5, 106, 114, 137, 233, 134, 225, 47, 145, 141, 83, 9, 193, 112, 185, 252], [31, 247, 58, 210, 254, 209, 107, 121, 27, 124, 239, 175, 202, 150, 36, 229, 161, 93, 67, 13, 191, 246, 202, 36, 29, 92, 95, 17, 239, 185, 164, 171], [160, 160, 230, 244, 198, 10, 229, 243, 176, 21, 107, 246, 91, 201, 50, 192, 194, 172, 247, 237, 69, 217, 174, 14, 19, 235, 246, 15, 134, 140, 195, 219], [246, 148, 229, 105, 142, 248, 5, 239, 117, 238, 145, 231, 146, 193, 92, 156, 20, 232, 12, 171, 106, 169, 102, 188, 85, 242, 4, 31, 110, 227, 255, 25], [145, 86, 16, 127, 184, 221, 127, 22, 79, 233, 84, 84, 32, 162, 83, 184, 62, 26, 180, 195, 133, 158, 78, 143, 31, 67, 193, 22, 106, 148, 142, 72], [156, 79, 208, 193, 42, 120, 149, 38, 216, 23, 247, 148, 35, 143, 174, 141, 255, 234, 31, 153, 183, 176, 45, 102, 23, 11, 210, 46, 85, 200, 27, 22], [198, 4, 1, 198, 170, 213, 188, 209, 9, 111, 121, 197, 31, 35, 174, 244, 110, 223, 219, 121, 93, 187, 207, 217, 161, 164, 192, 51, 221, 104, 238, 143], [122, 60, 80, 122, 98, 82, 220, 65, 185, 82, 138, 2, 58, 201, 210, 243, 182, 90, 48, 31, 114, 239, 3, 123, 91, 67, 146, 1, 250, 179, 117, 229], [151, 121, 94, 69, 140, 125, 43, 93, 8, 123, 176, 192, 242, 85, 173, 175, 135, 85, 3, 152, 226, 104, 46, 18, 9, 48, 118, 5, 220, 135, 172, 2], [0, 252, 66, 91, 231, 215, 253, 185, 37, 72, 130, 140, 28, 222, 250, 46, 119, 179, 163, 86, 45, 217, 107, 29, 50, 178, 51, 5, 221, 199, 59, 48], [144, 62, 245, 198, 121, 221, 169, 30, 248, 95, 33, 35, 164, 181, 172, 27, 3, 96, 72, 242, 186, 83, 203, 27, 228, 234, 70, 11, 107, 117, 208, 213], [22, 144, 221, 224, 165, 242, 115, 174, 107, 34, 255, 10, 65, 122, 134, 82, 63, 146, 172, 97, 252, 198, 197, 195, 64, 156, 48, 43, 161, 44, 67, 6], [12, 154, 251, 57, 190, 159, 134, 236, 157, 177, 17, 14, 199, 59, 60, 71, 97, 17, 247, 203, 161, 86, 243, 192, 168, 101, 192, 18, 235, 168, 222, 106], [175, 119, 184, 81, 222, 123, 78, 81, 205, 121, 43, 23, 109, 170, 5, 214, 211, 92, 137, 94, 33, 24, 69, 49, 168, 180, 88, 3, 251, 20, 44, 29], [106, 5, 14, 206, 107, 76, 130, 254, 64, 148, 145, 49, 225, 25, 163, 146, 15, 72, 154, 8, 212, 36, 253, 72, 91, 165, 69, 15, 92, 84, 158, 109], [103, 20, 104, 234, 174, 78, 35, 23, 196, 240, 85, 128, 240, 173, 123, 171, 226, 232, 198, 89, 8, 136, 236, 175, 202, 153, 11, 45, 119, 176, 77, 182], [167, 112, 158, 219, 119, 52, 36, 241, 135, 44, 150, 56, 48, 240, 7, 125, 178, 34, 231, 142, 160, 100, 145, 244, 48, 68, 93, 4, 230, 113, 2, 52], [102, 165, 132, 75, 116, 237, 33, 17, 18, 187, 78, 105, 249, 228, 253, 242, 20, 100, 174, 60, 42, 165, 241, 101, 177, 98, 237, 2, 1, 74, 193, 48], [234, 29, 255, 136, 79, 53, 3, 188, 25, 210, 171, 16, 210, 26, 233, 175, 84, 205, 18, 144, 12, 245, 224, 241, 41, 231, 167, 30, 97, 139, 122, 164], [176, 230, 155, 240, 24, 221, 79, 87, 127, 175, 50, 46, 100, 115, 131, 142, 161, 225, 161, 123, 255, 250, 63, 123, 193, 235, 118, 45, 73, 242, 180, 104], [137, 86, 103, 119, 237, 161, 65, 209, 144, 190, 126, 242, 215, 106, 57, 237, 70, 150, 10, 153, 180, 97, 209, 66, 92, 80, 4, 14, 202, 114, 239, 148], [143, 4, 43, 74, 55, 176, 76, 95, 179, 21, 94, 27, 242, 221, 84, 44, 113, 70, 108, 114, 142, 8, 159, 213, 64, 182, 190, 12, 93, 0, 135, 218], [130, 60, 204, 19, 130, 121, 60, 144, 163, 244, 46, 89, 161, 100, 20, 77, 96, 114, 175, 130, 123, 32, 33, 138, 0, 193, 92, 38, 125, 138, 141, 67], [135, 135, 245, 241, 85, 26, 37, 9, 222, 84, 35, 124, 107, 122, 44, 85, 69, 255, 227, 69, 155, 151, 146, 11, 50, 152, 165, 35, 189, 252, 90, 48], [162, 29, 196, 218, 96, 173, 90, 61, 185, 129, 245, 0, 121, 90, 116, 33, 250, 100, 26, 127, 131, 94, 47, 87, 39, 150, 180, 9, 137, 160, 7, 122], [69, 69, 170, 9, 72, 13, 85, 77, 186, 149, 105, 154, 85, 169, 81, 32, 2, 27, 212, 93, 128, 141, 210, 19, 89, 225, 182, 43, 96, 165, 188, 76], [169, 223, 77, 90, 149, 219, 47, 12, 234, 124, 110, 69, 58, 171, 217, 52, 82, 66, 2, 235, 182, 128, 163, 46, 70, 241, 181, 20, 190, 92, 117, 94], [209, 70, 118, 50, 69, 189, 28, 27, 215, 212, 23, 253, 7, 175, 47, 97, 180, 42, 124, 90, 169, 18, 95, 205, 25, 109, 173, 4, 153, 180, 181, 75], [150, 121, 89, 234, 128, 206, 86, 180, 5, 5, 229, 116, 7, 81, 229, 213, 193, 129, 145, 160, 171, 158, 51, 74, 26, 18, 115, 13, 138, 225, 172, 84], [36, 234, 221, 255, 202, 24, 205, 239, 65, 63, 29, 48, 113, 182, 12, 66, 148, 172, 68, 17, 151, 194, 125, 185, 62, 104, 231, 8, 90, 78, 115, 25], [56, 32, 51, 167, 64, 66, 18, 106, 5, 29, 70, 223, 242, 6, 163, 62, 217, 41, 208, 25, 232, 27, 168, 165, 6, 253, 26, 47, 189, 27, 208, 131], [242, 161, 66, 60, 194, 177, 164, 120, 79, 43, 100, 103, 236, 161, 116, 63, 34, 153, 11, 167, 146, 221, 179, 39, 52, 230, 124, 39, 58, 221, 164, 206], [249, 73, 31, 81, 13, 160, 174, 87, 193, 176, 129, 32, 243, 34, 71, 25, 135, 37, 246, 8, 189, 79, 255, 209, 242, 132, 156, 7, 161, 211, 98, 230], [25, 158, 124, 239, 217, 181, 193, 153, 225, 222, 190, 149, 248, 170, 192, 197, 35, 138, 154, 242, 223, 136, 62, 89, 155, 177, 59, 12, 224, 142, 111, 87], [163, 94, 124, 16, 203, 14, 140, 120, 137, 88, 149, 80, 242, 118, 252, 14, 1, 8, 49, 132, 93, 70, 41, 107, 150, 98, 125, 2, 166, 41, 26, 242], [252, 237, 163, 76, 179, 20, 176, 206, 175, 139, 194, 1, 101, 173, 192, 187, 146, 187, 181, 197, 73, 23, 243, 135, 215, 156, 40, 36, 254, 114, 250, 3], [3, 110, 188, 40, 183, 221, 14, 190, 108, 13, 26, 64, 53, 0, 177, 253, 21, 105, 84, 236, 81, 106, 90, 137, 219, 182, 166, 9, 176, 155, 243, 191], [69, 40, 106, 4, 16, 21, 236, 165, 158, 41, 34, 190, 167, 0, 214, 8, 35, 38, 214, 211, 205, 207, 113, 215, 177, 114, 48, 36, 210, 108, 167, 212], [110, 131, 210, 23, 18, 52, 140, 59, 233, 101, 57, 205, 53, 166, 166, 7, 251, 211, 226, 58, 147, 95, 0, 254, 227, 33, 229, 15, 151, 97, 137, 24], [209, 99, 182, 55, 125, 181, 133, 194, 242, 64, 95, 217, 181, 87, 171, 120, 147, 31, 122, 228, 91, 208, 191, 9, 193, 219, 51, 12, 143, 4, 157, 5], [1, 157, 201, 107, 70, 160, 7, 9, 36, 237, 229, 82, 210, 127, 130, 63, 49, 14, 27, 12, 168, 6, 43, 150, 37, 97, 174, 2, 51, 186, 37, 138], [72, 90, 167, 251, 82, 68, 61, 205, 85, 130, 141, 230, 73, 162, 137, 86, 104, 49, 54, 126, 169, 244, 208, 98, 23, 152, 194, 43, 30, 30, 143, 57], [150, 248, 61, 214, 173, 75, 228, 35, 166, 184, 29, 48, 73, 58, 181, 7, 252, 154, 173, 146, 46, 220, 78, 245, 102, 233, 196, 40, 20, 67, 87, 78], [206, 49, 121, 64, 58, 134, 52, 155, 59, 232, 243, 176, 19, 182, 247, 42, 78, 20, 26, 58, 128, 171, 96, 126, 91, 182, 161, 4, 165, 128, 27, 77], [39, 127, 235, 225, 96, 6, 119, 125, 144, 72, 54, 65, 57, 191, 189, 177, 29, 133, 253, 120, 108, 232, 175, 7, 158, 6, 167, 32, 136, 201, 59, 200], [224, 203, 217, 141, 155, 71, 70, 127, 196, 72, 219, 158, 88, 190, 84, 88, 233, 89, 215, 75, 153, 232, 93, 171, 83, 114, 215, 46, 231, 251, 99, 76], [211, 221, 150, 19, 199, 74, 50, 213, 154, 215, 146, 87, 12, 1, 99, 54, 97, 134, 22, 96, 31, 173, 74, 228, 231, 115, 49, 50, 191, 51, 65, 16], [54, 192, 70, 174, 241, 130, 43, 233, 204, 33, 166, 248, 4, 154, 44, 41, 205, 235, 120, 108, 144, 183, 211, 53, 31, 220, 140, 1, 76, 120, 45, 150], [42, 226, 29, 89, 171, 252, 44, 17, 149, 50, 2, 136, 53, 191, 177, 59, 187, 230, 51, 189, 90, 156, 64, 190, 49, 53, 71, 7, 170, 161, 249, 193], [160, 151, 71, 91, 237, 22, 90, 164, 232, 77, 143, 182, 84, 121, 36, 27, 12, 219, 184, 17, 204, 21, 102, 69, 246, 116, 119, 41, 23, 138, 132, 173], [62, 26, 196, 85, 185, 12, 236, 228, 41, 134, 219, 226, 134, 178, 209, 18, 251, 19, 243, 92, 127, 143, 224, 241, 199, 80, 18, 33, 157, 91, 131, 22], [118, 244, 216, 224, 159, 179, 23, 196, 168, 28, 242, 224, 8, 223, 92, 102, 170, 106, 151, 166, 93, 138, 203, 155, 124, 217, 236, 6, 195, 65, 100, 115], [214, 182, 211, 120, 166, 153, 56, 59, 10, 54, 185, 147, 200, 93, 217, 67, 249, 2, 8, 19, 163, 32, 147, 101, 55, 13, 40, 44, 45, 234, 204, 48], [153, 223, 240, 197, 249, 225, 250, 117, 149, 225, 27, 140, 222, 212, 48, 224, 245, 181, 144, 76, 33, 4, 55, 160, 63, 42, 96, 24, 136, 0, 120, 254], [23, 233, 224, 249, 40, 80, 56, 201, 210, 38, 198, 234, 202, 146, 59, 97, 189, 122, 146, 210, 226, 70, 63, 162, 79, 160, 246, 16, 26, 19, 176, 167], [125, 172, 47, 118, 147, 232, 118, 242, 251, 136, 101, 11, 127, 131, 80, 161, 192, 143, 191, 107, 8, 156, 250, 64, 51, 36, 4, 24, 111, 223, 165, 135], [166, 222, 201, 22, 59, 143, 252, 251, 242, 76, 126, 61, 172, 142, 17, 103, 105, 229, 147, 182, 4, 234, 238, 216, 190, 54, 179, 14, 2, 176, 225, 110], [5, 153, 97, 44, 212, 18, 152, 169, 196, 145, 11, 250, 104, 9, 146, 146, 234, 37, 101, 129, 149, 63, 182, 160, 31, 37, 147, 0, 200, 241, 236, 232], [83, 193, 141, 61, 137, 228, 115, 121, 247, 125, 225, 171, 250, 89, 239, 35, 119, 31, 55, 36, 196, 37, 25, 4, 103, 97, 181, 47, 69, 77, 155, 105], [17, 243, 190, 15, 185, 183, 217, 190, 204, 216, 117, 157, 244, 78, 239, 238, 203, 31, 235, 54, 148, 96, 123, 64, 83, 41, 209, 47, 29, 109, 128, 168], [178, 142, 150, 133, 152, 183, 137, 142, 55, 128, 155, 101, 88, 87, 195, 131, 241, 102, 240, 141, 132, 31, 252, 124, 150, 174, 166, 40, 223, 118, 103, 75], [175, 125, 224, 33, 185, 170, 0, 67, 150, 60, 168, 24, 157, 111, 185, 161, 243, 87, 60, 217, 25, 136, 27, 202, 221, 121, 198, 40, 153, 10, 178, 241], [237, 58, 179, 250, 47, 228, 149, 13, 42, 254, 118, 28, 169, 100, 149, 54, 119, 253, 13, 109, 113, 33, 91, 102, 135, 233, 33, 8, 104, 134, 21, 141], [103, 14, 64, 26, 212, 31, 113, 37, 251, 45, 217, 126, 192, 232, 199, 223, 194, 237, 19, 223, 15, 24, 22, 23, 149, 212, 157, 7, 200, 147, 147, 44], [185, 47, 128, 105, 45, 233, 194, 32, 206, 150, 194, 231, 177, 93, 208, 92, 144, 255, 59, 246, 51, 56, 143, 164, 43, 34, 227, 38, 1, 231, 181, 184], [91, 45, 103, 69, 184, 21, 102, 35, 220, 113, 223, 86, 119, 117, 156, 151, 109, 227, 3, 24, 181, 102, 14, 66, 247, 45, 29, 15, 181, 232, 17, 96], [81, 107, 167, 49, 103, 238, 131, 102, 59, 245, 47, 185, 20, 168, 196, 157, 49, 242, 33, 249, 105, 163, 23, 135, 184, 80, 148, 32, 70, 22, 199, 31], [187, 94, 185, 246, 212, 180, 11, 69, 181, 248, 161, 64, 230, 226, 228, 233, 72, 98, 76, 160, 116, 57, 35, 159, 123, 32, 71, 33, 30, 116, 55, 106], [72, 123, 233, 234, 214, 171, 77, 128, 16, 151, 114, 168, 40, 144, 33, 195, 200, 159, 154, 76, 30, 92, 238, 52, 20, 134, 101, 37, 254, 189, 89, 218], [61, 244, 33, 119, 108, 4, 104, 188, 5, 88, 207, 203, 131, 98, 255, 118, 230, 181, 175, 161, 237, 23, 181, 177, 32, 84, 103, 25, 144, 200, 136, 7], [62, 187, 93, 144, 177, 128, 234, 177, 210, 122, 179, 213, 28, 235, 174, 149, 101, 85, 22, 141, 172, 200, 66, 70, 54, 166, 75, 36, 73, 63, 35, 254], [216, 151, 254, 196, 32, 198, 9, 172, 139, 18, 178, 203, 217, 245, 129, 10, 208, 143, 160, 22, 60, 136, 124, 47, 82, 250, 252, 22, 123, 186, 218, 170], [158, 131, 251, 55, 71, 245, 189, 115, 166, 124, 153, 66, 182, 91, 1, 89, 180, 113, 219, 173, 236, 245, 123, 226, 45, 223, 197, 28, 80, 30, 224, 127], [95, 27, 221, 252, 146, 136, 187, 8, 154, 10, 85, 174, 211, 14, 51, 149, 156, 100, 191, 227, 221, 142, 72, 87, 226, 95, 242, 38, 18, 203, 238, 157], [118, 67, 25, 84, 147, 231, 44, 136, 101, 211, 216, 204, 54, 148, 101, 249, 44, 87, 205, 14, 63, 250, 148, 237, 163, 52, 29, 17, 247, 222, 156, 88], [183, 112, 67, 63, 250, 65, 182, 95, 247, 95, 44, 233, 137, 73, 78, 236, 25, 225, 144, 212, 75, 17, 233, 137, 144, 238, 113, 9, 108, 125, 111, 158], [69, 40, 248, 128, 155, 39, 12, 217, 185, 41, 196, 70, 84, 243, 116, 42, 231, 240, 103, 225, 4, 224, 189, 66, 177, 125, 209, 31, 184, 100, 83, 29], [4, 61, 21, 136, 148, 79, 156, 177, 77, 245, 229, 191, 131, 144, 126, 91, 128, 35, 192, 155, 162, 236, 140, 250, 249, 55, 229, 1, 86, 164, 187, 240], [146, 23, 5, 199, 207, 0, 94, 10, 65, 83, 65, 92, 207, 169, 209, 242, 129, 192, 253, 224, 206, 28, 173, 29, 180, 177, 155, 31, 143, 152, 41, 187], [18, 79, 11, 180, 248, 122, 213, 182, 67, 117, 155, 215, 217, 199, 2, 38, 54, 34, 144, 28, 135, 179, 164, 230, 120, 22, 127, 46, 247, 69, 103, 169], [176, 164, 255, 25, 199, 96, 226, 80, 217, 77, 249, 147, 24, 3, 166, 87, 57, 165, 171, 119, 49, 165, 0, 132, 30, 192, 41, 37, 75, 192, 222, 145], [176, 102, 187, 131, 179, 110, 189, 23, 208, 222, 138, 164, 120, 139, 108, 4, 29, 101, 105, 242, 59, 112, 55, 103, 28, 232, 168, 24, 20, 192, 83, 55], [21, 20, 112, 34, 132, 251, 218, 21, 28, 62, 195, 180, 225, 148, 211, 9, 110, 206, 68, 119, 123, 140, 148, 122, 115, 177, 136, 11, 252, 60, 158, 70], [102, 37, 101, 184, 217, 91, 180, 80, 193, 139, 246, 242, 228, 204, 20, 125, 153, 224, 230, 197, 237, 47, 250, 121, 86, 102, 187, 23, 140, 47, 200, 6], [107, 70, 192, 122, 244, 34, 48, 160, 186, 237, 45, 106, 23, 112, 233, 224, 156, 162, 5, 7, 180, 67, 220, 255, 102, 14, 51, 23, 245, 25, 43, 184], [48, 63, 25, 67, 66, 60, 228, 151, 121, 35, 13, 208, 246, 173, 152, 219, 93, 7, 21, 222, 188, 240, 179, 119, 44, 205, 22, 37, 199, 2, 214, 63], [233, 83, 239, 179, 110, 71, 179, 220, 19, 116, 34, 12, 45, 183, 151, 65, 245, 16, 186, 11, 159, 86, 119, 209, 247, 237, 47, 10, 82, 227, 81, 32], [230, 76, 7, 249, 74, 142, 141, 208, 23, 71, 116, 199, 102, 170, 232, 165, 88, 62, 59, 218, 108, 175, 125, 105, 70, 129, 77, 11, 246, 100, 64, 182], [22, 98, 23, 198, 188, 122, 250, 129, 131, 71, 58, 23, 92, 78, 204, 216, 75, 163, 146, 42, 139, 129, 154, 238, 0, 57, 208, 5, 101, 222, 174, 242], [38, 67, 74, 171, 230, 194, 122, 109, 16, 169, 171, 50, 109, 70, 176, 86, 149, 43, 191, 170, 174, 166, 31, 224, 127, 248, 56, 3, 71, 235, 7, 114], [13, 24, 150, 201, 204, 63, 45, 190, 190, 204, 18, 255, 139, 237, 221, 23, 109, 49, 120, 92, 173, 81, 203, 50, 219, 9, 194, 5, 226, 30, 206, 229], [239, 72, 214, 144, 166, 7, 247, 250, 128, 193, 213, 100, 240, 17, 209, 42, 33, 26, 145, 13, 123, 249, 17, 1, 243, 85, 43, 45, 196, 237, 173, 81], [89, 48, 83, 228, 149, 49, 29, 129, 14, 179, 219, 171, 5, 6, 158, 191, 131, 102, 33, 45, 88, 83, 103, 152, 64, 48, 120, 9, 124, 2, 62, 22], [52, 164, 11, 236, 16, 43, 158, 87, 197, 221, 6, 233, 186, 71, 126, 153, 180, 246, 186, 187, 17, 89, 112, 247, 131, 4, 7, 8, 157, 48, 126, 57], [82, 60, 70, 134, 74, 79, 249, 194, 119, 210, 196, 191, 42, 221, 107, 55, 203, 216, 72, 1, 122, 139, 213, 24, 9, 197, 83, 9, 203, 250, 62, 194], [226, 231, 20, 80, 124, 159, 211, 16, 204, 140, 122, 174, 162, 16, 3, 232, 1, 79, 149, 252, 23, 71, 193, 233, 238, 73, 93, 40, 207, 246, 224, 3], [95, 28, 96, 159, 152, 123, 142, 37, 186, 158, 6, 32, 146, 136, 164, 167, 242, 185, 149, 228, 95, 32, 233, 93, 215, 220, 119, 4, 152, 168, 211, 125], [223, 67, 57, 86, 55, 207, 81, 101, 176, 101, 105, 16, 193, 11, 170, 159, 75, 148, 210, 48, 32, 225, 27, 23, 50, 28, 46, 11, 32, 174, 147, 176], [135, 68, 66, 4, 8, 110, 159, 38, 250, 130, 170, 251, 246, 255, 76, 31, 64, 215, 40, 240, 220, 42, 229, 182, 29, 43, 9, 7, 175, 84, 169, 90], [55, 72, 231, 229, 85, 251, 31, 3, 225, 4, 24, 135, 156, 76, 215, 225, 106, 177, 125, 135, 9, 191, 21, 202, 64, 50, 54, 37, 66, 21, 147, 18], [197, 250, 4, 243, 84, 206, 26, 188, 42, 106, 80, 54, 90, 87, 128, 5, 123, 142, 191, 13, 117, 29, 46, 115, 198, 22, 110, 0, 142, 42, 82, 143], [82, 190, 142, 209, 113, 214, 134, 215, 239, 202, 167, 103, 187, 195, 73, 73, 149, 238, 134, 149, 147, 69, 114, 32, 48, 134, 173, 30, 37, 140, 145, 230], [48, 184, 159, 117, 138, 135, 151, 31, 6, 173, 112, 95, 29, 100, 12, 238, 96, 125, 166, 9, 164, 56, 231, 46, 143, 40, 174, 35, 185, 210, 42, 73], [196, 205, 145, 106, 27, 244, 234, 144, 161, 159, 217, 47, 162, 148, 55, 56, 33, 87, 201, 34, 150, 90, 191, 192, 66, 200, 182, 17, 217, 237, 112, 1], [211, 159, 95, 251, 251, 222, 95, 100, 109, 1, 36, 92, 199, 158, 211, 61, 106, 46, 231, 133, 43, 79, 119, 3, 180, 121, 238, 16, 6, 210, 0, 160], [186, 31, 149, 176, 254, 202, 21, 198, 0, 88, 145, 134, 188, 143, 98, 109, 180, 14, 98, 14, 113, 93, 47, 88, 211, 224, 30, 4, 11, 206, 165, 203], [131, 226, 252, 61, 99, 49, 25, 69, 196, 43, 92, 248, 231, 53, 107, 194, 128, 94, 21, 250, 82, 139, 71, 119, 123, 35, 91, 20, 65, 43, 124, 56], [92, 108, 139, 139, 142, 255, 91, 162, 144, 18, 240, 16, 161, 200, 30, 20, 2, 55, 238, 169, 184, 66, 2, 137, 159, 109, 69, 44, 86, 238, 10, 16], [64, 68, 248, 197, 75, 84, 198, 246, 181, 102, 57, 93, 135, 131, 182, 72, 97, 186, 9, 61, 214, 136, 59, 53, 133, 184, 211, 19, 2, 78, 223, 213], [253, 193, 127, 247, 29, 229, 56, 29, 239, 227, 142, 178, 185, 143, 204, 6, 112, 172, 182, 255, 161, 164, 96, 135, 224, 103, 219, 17, 143, 117, 248, 228], [251, 200, 57, 15, 81, 49, 102, 198, 43, 199, 7, 56, 95, 38, 66, 155, 202, 3, 86, 43, 104, 59, 152, 96, 124, 1, 131, 46, 69, 175, 157, 2], [25, 202, 160, 68, 111, 229, 56, 75, 162, 134, 242, 228, 163, 200, 180, 122, 70, 153, 153, 184, 135, 251, 208, 89, 146, 230, 136, 30, 78, 86, 154, 15], [227, 134, 185, 30, 86, 236, 210, 80, 99, 119, 171, 89, 90, 56, 230, 200, 168, 53, 246, 225, 33, 192, 98, 44, 240, 110, 93, 9, 253, 61, 99, 60], [160, 98, 23, 227, 47, 23, 46, 246, 208, 205, 35, 70, 139, 48, 144, 135, 135, 77, 164, 214, 148, 101, 226, 82, 160, 214, 121, 44, 47, 252, 50, 148], [241, 106, 134, 93, 161, 120, 108, 71, 83, 171, 31, 99, 175, 133, 56, 187, 2, 99, 41, 219, 13, 62, 250, 178, 30, 237, 254, 7, 74, 191, 25, 156], [118, 41, 9, 89, 93, 179, 67, 114, 192, 156, 93, 81, 210, 39, 241, 249, 46, 248, 171, 225, 148, 58, 79, 142, 210, 119, 234, 3, 229, 164, 170, 159], [89, 104, 216, 1, 70, 138, 40, 76, 231, 73, 237, 156, 192, 153, 22, 23, 92, 186, 38, 254, 110, 248, 215, 122, 50, 200, 169, 40, 189, 179, 83, 212], [36, 52, 104, 38, 92, 195, 4, 61, 201, 235, 172, 254, 197, 188, 83, 69, 224, 78, 185, 191, 9, 62, 10, 251, 151, 25, 92, 28, 46, 173, 109, 61], [83, 73, 81, 7, 73, 47, 206, 161, 0, 22, 241, 195, 144, 145, 106, 100, 137, 239, 249, 13, 3, 185, 152, 50, 204, 217, 68, 36, 138, 73, 41, 4], [242, 87, 184, 21, 49, 7, 109, 43, 200, 126, 212, 152, 151, 155, 45, 60, 214, 246, 150, 248, 31, 98, 39, 230, 218, 52, 8, 20, 41, 5, 70, 81], [249, 158, 184, 219, 188, 131, 14, 176, 214, 187, 49, 231, 127, 139, 197, 238, 80, 4, 71, 32, 140, 3, 200, 116, 42, 247, 81, 47, 145, 45, 27, 79], [231, 244, 15, 92, 20, 220, 226, 165, 197, 10, 174, 226, 246, 4, 181, 28, 104, 59, 206, 144, 26, 239, 117, 192, 57, 186, 175, 1, 193, 146, 225, 45], [177, 139, 191, 128, 81, 77, 64, 142, 55, 118, 5, 193, 9, 106, 90, 108, 211, 11, 179, 24, 97, 245, 2, 40, 168, 186, 176, 46, 182, 207, 97, 137], [47, 151, 16, 224, 120, 238, 142, 194, 203, 95, 211, 180, 102, 83, 204, 100, 78, 10, 130, 39, 15, 177, 187, 32, 57, 148, 180, 46, 179, 0, 249, 0], [58, 90, 79, 185, 146, 113, 78, 181, 251, 26, 205, 187, 77, 205, 154, 196, 156, 190, 15, 20, 10, 210, 139, 20, 141, 13, 55, 1, 17, 156, 251, 91], [3, 61, 16, 96, 20, 42, 8, 249, 131, 168, 211, 9, 19, 122, 73, 230, 220, 183, 53, 154, 121, 169, 165, 216, 83, 68, 28, 36, 131, 37, 67, 195], [5, 210, 158, 97, 0, 146, 152, 7, 101, 126, 11, 22, 4, 135, 75, 37, 175, 72, 12, 154, 227, 27, 94, 229, 190, 16, 168, 17, 54, 97, 129, 124], [19, 79, 16, 220, 120, 160, 105, 111, 13, 194, 173, 141, 74, 222, 55, 155, 217, 141, 26, 30, 176, 246, 139, 8, 31, 10, 72, 12, 252, 71, 21, 135], [199, 73, 123, 59, 234, 74, 81, 113, 114, 119, 20, 118, 107, 82, 178, 66, 139, 159, 116, 250, 183, 141, 235, 50, 171, 109, 251, 27, 64, 150, 122, 87], [142, 65, 149, 165, 29, 49, 69, 109, 75, 112, 28, 22, 161, 212, 108, 83, 86, 65, 44, 141, 212, 82, 86, 28, 44, 132, 138, 25, 42, 177, 31, 227], [145, 81, 233, 170, 32, 218, 74, 80, 97, 171, 39, 19, 13, 222, 194, 114, 94, 62, 35, 60, 138, 23, 78, 181, 3, 92, 18, 23, 7, 103, 2, 129], [136, 74, 139, 150, 111, 153, 44, 251, 69, 250, 100, 129, 188, 131, 20, 46, 96, 4, 36, 43, 85, 77, 219, 196, 70, 202, 217, 22, 165, 9, 87, 18], [195, 190, 159, 23, 8, 32, 230, 34, 77, 81, 70, 21, 155, 16, 85, 44, 161, 105, 92, 38, 227, 86, 22, 178, 44, 139, 199, 18, 180, 45, 146, 108], [225, 18, 209, 196, 190, 7, 246, 131, 134, 162, 108, 2, 98, 87, 108, 196, 113, 60, 45, 243, 116, 105, 238, 208, 102, 184, 70, 4, 66, 159, 22, 154], [18, 244, 135, 189, 84, 58, 221, 94, 102, 113, 218, 52, 27, 106, 90, 33, 5, 228, 191, 47, 224, 126, 214, 251, 87, 129, 70, 44, 147, 207, 234, 107], [53, 121, 79, 119, 206, 194, 123, 228, 10, 200, 20, 149, 251, 0, 21, 189, 68, 9, 35, 197, 180, 54, 67, 16, 12, 150, 29, 44, 51, 109, 235, 235], [196, 187, 188, 39, 72, 53, 26, 56, 216, 1, 65, 76, 130, 37, 86, 35, 147, 239, 124, 185, 67, 204, 237, 40, 243, 158, 94, 7, 41, 227, 169, 59], [170, 136, 155, 85, 58, 240, 242, 143, 128, 221, 84, 125, 89, 199, 62, 40, 56, 162, 86, 4, 98, 180, 117, 151, 244, 89, 184, 30, 88, 76, 43, 203], [54, 254, 242, 249, 217, 22, 96, 218, 15, 72, 95, 118, 86, 94, 144, 36, 199, 77, 163, 138, 152, 107, 61, 176, 79, 10, 157, 24, 30, 26, 211, 156], [108, 3, 133, 230, 82, 218, 126, 216, 16, 141, 44, 26, 4, 145, 66, 89, 126, 163, 249, 179, 199, 235, 187, 73, 126, 244, 171, 17, 153, 130, 161, 43], [208, 45, 189, 54, 76, 18, 243, 38, 196, 178, 248, 41, 204, 247, 14, 240, 95, 123, 240, 206, 69, 39, 138, 147, 127, 236, 107, 14, 132, 120, 111, 28], [202, 105, 168, 74, 137, 49, 94, 46, 227, 29, 85, 134, 59, 223, 55, 221, 39, 127, 100, 138, 164, 220, 135, 95, 214, 28, 114, 32, 137, 132, 69, 202], [87, 129, 48, 17, 26, 17, 243, 12, 224, 126, 71, 84, 28, 42, 149, 208, 37, 4, 88, 76, 76, 16, 190, 41, 203, 246, 161, 40, 195, 132, 13, 188], [76, 34, 120, 241, 3, 153, 19, 58, 174, 76, 44, 17, 34, 121, 73, 164, 142, 198, 235, 45, 133, 195, 169, 129, 156, 49, 242, 15, 95, 134, 89, 191], [175, 52, 77, 203, 56, 52, 150, 130, 59, 149, 142, 212, 102, 13, 255, 158, 12, 217, 135, 161, 138, 44, 163, 64, 48, 129, 254, 28, 64, 42, 58, 138], [65, 81, 158, 40, 229, 142, 11, 199, 71, 165, 92, 19, 231, 103, 72, 218, 202, 4, 56, 179, 53, 109, 101, 229, 96, 212, 255, 24, 162, 203, 110, 16], [40, 75, 251, 62, 180, 95, 46, 237, 94, 45, 76, 78, 42, 186, 64, 173, 45, 43, 233, 212, 229, 123, 185, 156, 95, 28, 33, 39, 7, 211, 66, 78], [213, 58, 130, 19, 168, 59, 102, 161, 73, 197, 36, 132, 118, 240, 56, 167, 235, 64, 24, 5, 244, 50, 204, 251, 17, 122, 100, 23, 57, 119, 189, 148], [207, 209, 90, 86, 79, 193, 166, 28, 230, 198, 162, 49, 63, 82, 17, 94, 136, 111, 192, 245, 60, 139, 199, 13, 216, 1, 215, 3, 217, 216, 187, 133], [34, 63, 186, 137, 5, 75, 254, 69, 107, 55, 60, 54, 18, 89, 105, 114, 78, 1, 133, 130, 212, 71, 224, 110, 80, 223, 119, 41, 83, 102, 191, 177], [174, 26, 83, 112, 109, 188, 78, 247, 133, 102, 92, 10, 240, 204, 183, 211, 82, 56, 62, 6, 130, 64, 83, 52, 175, 59, 60, 47, 110, 36, 193, 82], [244, 76, 102, 178, 135, 127, 115, 34, 38, 51, 69, 97, 75, 255, 23, 15, 104, 68, 203, 53, 85, 88, 81, 114, 34, 111, 236, 6, 37, 73, 95, 73], [40, 100, 180, 81, 103, 129, 132, 182, 14, 172, 226, 7, 163, 3, 208, 179, 115, 188, 206, 127, 201, 100, 11, 164, 151, 114, 161, 6, 137, 240, 40, 236], [253, 181, 135, 169, 58, 248, 131, 185, 108, 170, 230, 163, 120, 198, 241, 75, 239, 2, 51, 232, 180, 3, 0, 131, 220, 28, 225, 15, 13, 181, 15, 244], [52, 165, 192, 27, 66, 38, 102, 165, 251, 131, 65, 201, 74, 16, 104, 59, 154, 148, 148, 237, 173, 223, 40, 84, 126, 253, 82, 13, 190, 12, 84, 236], [24, 214, 152, 146, 82, 210, 237, 174, 36, 192, 154, 243, 228, 145, 143, 53, 199, 66, 29, 208, 116, 156, 49, 94, 150, 49, 131, 32, 190, 125, 17, 67], [13, 83, 58, 203, 30, 10, 70, 32, 140, 54, 163, 115, 210, 30, 230, 59, 202, 183, 0, 226, 8, 212, 78, 177, 145, 101, 118, 37, 237, 135, 138, 82], [52, 224, 81, 243, 195, 118, 152, 245, 218, 145, 78, 40, 212, 118, 145, 215, 14, 207, 183, 85, 168, 242, 121, 50, 13, 112, 8, 33, 167, 171, 220, 4], [33, 178, 84, 32, 71, 114, 205, 85, 42, 133, 155, 5, 173, 189, 232, 194, 3, 104, 7, 55, 117, 119, 18, 205, 61, 14, 7, 44, 90, 117, 242, 133], [226, 171, 206, 72, 201, 83, 217, 114, 182, 216, 50, 111, 137, 225, 239, 169, 167, 118, 152, 98, 129, 173, 183, 174, 101, 222, 91, 15, 144, 0, 42, 175], [60, 181, 178, 30, 118, 212, 110, 33, 252, 233, 179, 43, 30, 195, 221, 210, 246, 108, 8, 210, 155, 50, 2, 240, 81, 108, 63, 18, 71, 121, 22, 105], [220, 63, 73, 178, 169, 133, 232, 84, 221, 6, 9, 57, 230, 1, 116, 133, 198, 37, 112, 0, 76, 172, 165, 4, 226, 60, 227, 45, 47, 48, 8, 29], [228, 11, 219, 136, 124, 51, 124, 65, 104, 105, 182, 250, 224, 167, 2, 254, 213, 203, 20, 61, 156, 145, 223, 245, 187, 13, 216, 29, 0, 132, 102, 111], [58, 76, 215, 137, 227, 68, 137, 19, 180, 99, 120, 94, 119, 86, 13, 252, 239, 31, 224, 183, 221, 243, 139, 220, 144, 17, 129, 2, 159, 108, 199, 57], [62, 139, 11, 146, 13, 66, 239, 235, 8, 80, 13, 74, 56, 199, 206, 223, 207, 42, 26, 76, 183, 245, 186, 99, 59, 107, 144, 22, 67, 42, 43, 63], [198, 32, 43, 66, 118, 62, 196, 237, 165, 130, 181, 80, 227, 36, 11, 29, 27, 143, 241, 251, 135, 112, 85, 47, 162, 7, 54, 19, 248, 97, 23, 242], [83, 206, 170, 93, 25, 247, 221, 38, 196, 0, 166, 143, 252, 224, 132, 245, 183, 237, 51, 153, 121, 185, 141, 68, 97, 24, 242, 51, 4, 211, 81, 153], [80, 107, 245, 249, 22, 140, 173, 122, 235, 231, 203, 70, 122, 51, 118, 100, 155, 182, 94, 188, 161, 47, 220, 177, 208, 70, 46, 29, 47, 176, 2, 109], [94, 196, 28, 52, 111, 229, 50, 62, 20, 180, 180, 149, 96, 195, 46, 157, 147, 164, 200, 46, 67, 237, 56, 223, 179, 27, 29, 7, 60, 26, 237, 50], [65, 125, 170, 107, 194, 121, 198, 238, 1, 245, 46, 28, 211, 209, 182, 9, 92, 4, 36, 90, 188, 21, 249, 91, 47, 79, 143, 7, 226, 253, 206, 29], [136, 177, 187, 230, 39, 193, 87, 176, 224, 63, 95, 56, 175, 32, 189, 88, 244, 136, 128, 252, 154, 19, 175, 134, 162, 189, 216, 16, 11, 227, 143, 165], [213, 14, 118, 208, 202, 80, 171, 121, 143, 117, 82, 123, 138, 134, 202, 119, 90, 65, 44, 94, 109, 138, 56, 133, 67, 255, 212, 40, 159, 223, 235, 8], [29, 204, 245, 130, 150, 217, 139, 221, 34, 248, 232, 86, 16, 4, 84, 1, 35, 184, 143, 58, 198, 210, 121, 154, 11, 234, 206, 4, 2, 171, 161, 148], [57, 200, 252, 237, 67, 156, 9, 220, 121, 248, 233, 172, 229, 199, 213, 80, 141, 160, 133, 186, 180, 7, 228, 26, 215, 174, 179, 2, 45, 84, 192, 7], [93, 93, 47, 13, 165, 212, 14, 147, 3, 30, 121, 241, 11, 65, 66, 5, 122, 22, 120, 118, 47, 43, 197, 153, 15, 189, 167, 2, 69, 82, 219, 67], [221, 195, 35, 78, 73, 46, 104, 140, 23, 114, 151, 234, 119, 144, 171, 48, 41, 165, 202, 253, 116, 152, 77, 198, 155, 159, 176, 45, 220, 16, 120, 126], [243, 146, 12, 17, 101, 180, 128, 11, 96, 106, 203, 41, 196, 103, 85, 180, 114, 58, 201, 15, 174, 214, 86, 165, 150, 51, 122, 28, 245, 79, 230, 194], [141, 48, 157, 48, 73, 6, 72, 203, 205, 72, 156, 151, 32, 234, 166, 133, 239, 156, 164, 122, 132, 61, 103, 155, 45, 53, 172, 22, 81, 186, 149, 239], [27, 66, 183, 144, 148, 210, 72, 82, 228, 55, 97, 217, 168, 67, 34, 220, 57, 103, 121, 178, 246, 218, 174, 115, 229, 228, 249, 47, 82, 173, 150, 21], [137, 91, 131, 11, 68, 196, 41, 157, 195, 33, 229, 255, 60, 110, 218, 251, 198, 168, 171, 61, 165, 98, 202, 69, 69, 25, 184, 25, 48, 207, 45, 55], [70, 36, 3, 242, 74, 52, 9, 100, 163, 140, 88, 161, 28, 89, 122, 184, 181, 120, 103, 50, 191, 22, 253, 166, 109, 90, 1, 14, 245, 231, 185, 194], [160, 246, 186, 154, 195, 57, 125, 166, 165, 255, 62, 224, 65, 31, 159, 189, 136, 238, 63, 1, 198, 80, 1, 162, 35, 149, 133, 1, 76, 68, 173, 134], [50, 224, 240, 91, 165, 4, 184, 142, 44, 172, 96, 19, 78, 132, 24, 130, 110, 162, 147, 243, 68, 217, 138, 120, 9, 70, 69, 33, 82, 21, 195, 21], [118, 149, 101, 161, 201, 144, 244, 193, 235, 106, 66, 183, 27, 57, 226, 195, 45, 87, 16, 183, 99, 79, 48, 63, 79, 185, 222, 46, 32, 141, 23, 102], [221, 146, 99, 215, 3, 86, 47, 145, 17, 239, 201, 253, 219, 83, 163, 42, 85, 117, 134, 135, 171, 34, 76, 129, 159, 101, 14, 40, 135, 219, 30, 235], [2, 137, 105, 46, 241, 102, 116, 202, 170, 46, 154, 107, 226, 214, 27, 193, 64, 172, 0, 135, 143, 101, 247, 96, 35, 211, 145, 39, 174, 54, 78, 139], [174, 34, 96, 38, 26, 255, 151, 197, 122, 221, 218, 239, 148, 11, 157, 245, 21, 5, 28, 52, 100, 189, 15, 188, 1, 6, 243, 16, 192, 33, 94, 237], [19, 3, 183, 13, 156, 99, 253, 157, 230, 59, 231, 43, 123, 129, 101, 192, 117, 153, 79, 49, 154, 58, 58, 128, 79, 123, 210, 8, 35, 61, 157, 67], [98, 30, 145, 234, 112, 141, 130, 121, 95, 84, 111, 69, 25, 133, 62, 240, 220, 241, 253, 141, 251, 224, 47, 226, 224, 67, 70, 6, 196, 17, 68, 149], [226, 109, 243, 105, 184, 179, 42, 100, 17, 255, 5, 103, 248, 79, 54, 172, 135, 195, 209, 190, 161, 219, 75, 101, 205, 10, 224, 7, 172, 161, 187, 120], [58, 18, 37, 64, 97, 22, 231, 36, 9, 59, 23, 183, 21, 25, 192, 188, 139, 206, 0, 24, 235, 151, 75, 26, 106, 238, 2, 49, 131, 235, 56, 67], [52, 30, 45, 210, 212, 22, 71, 4, 128, 107, 123, 48, 101, 8, 75, 213, 46, 130, 126, 249, 135, 196, 229, 123, 165, 67, 132, 40, 152, 154, 121, 89], [63, 147, 120, 27, 221, 150, 47, 165, 23, 113, 161, 0, 44, 91, 170, 3, 6, 170, 167, 83, 57, 68, 155, 191, 26, 163, 53, 43, 161, 210, 160, 144], [189, 151, 151, 105, 192, 49, 176, 52, 70, 100, 56, 221, 154, 69, 33, 110, 131, 205, 73, 101, 194, 236, 100, 21, 82, 150, 181, 12, 148, 117, 170, 238], [187, 3, 137, 215, 186, 42, 179, 110, 134, 51, 43, 141, 141, 124, 67, 174, 147, 254, 109, 178, 12, 61, 121, 23, 151, 92, 33, 46, 166, 42, 220, 71], [89, 244, 136, 210, 204, 152, 193, 51, 75, 6, 73, 186, 194, 18, 96, 19, 51, 120, 6, 83, 103, 179, 204, 203, 32, 184, 174, 35, 40, 147, 79, 11], [137, 177, 55, 70, 46, 207, 50, 221, 210, 202, 239, 169, 97, 205, 223, 225, 209, 177, 52, 75, 151, 194, 84, 204, 84, 93, 210, 20, 80, 4, 238, 84], [49, 183, 151, 5, 48, 10, 153, 86, 19, 196, 206, 90, 139, 1, 53, 84, 149, 71, 123, 135, 172, 76, 56, 250, 40, 219, 78, 30, 81, 53, 92, 123], [177, 170, 138, 236, 127, 25, 72, 243, 185, 118, 114, 141, 90, 169, 61, 99, 98, 83, 83, 6, 226, 65, 126, 146, 244, 170, 54, 45, 247, 248, 142, 131], [229, 212, 136, 54, 93, 192, 216, 17, 126, 166, 178, 60, 210, 86, 76, 45, 33, 254, 212, 48, 125, 83, 249, 230, 73, 115, 21, 18, 149, 79, 178, 212], [7, 211, 51, 254, 35, 215, 181, 40, 241, 124, 249, 144, 58, 114, 31, 118, 69, 94, 234, 187, 85, 41, 214, 181, 14, 43, 123, 29, 98, 75, 237, 21], [142, 199, 83, 186, 7, 23, 168, 156, 10, 196, 72, 100, 12, 34, 157, 120, 72, 127, 85, 200, 178, 207, 176, 16, 13, 51, 214, 29, 103, 48, 60, 189], [220, 254, 96, 213, 27, 47, 78, 90, 180, 91, 248, 226, 83, 114, 49, 11, 103, 209, 132, 192, 223, 222, 76, 73, 88, 254, 77, 33, 229, 177, 143, 194], [136, 196, 204, 129, 133, 179, 201, 203, 134, 166, 56, 51, 81, 54, 228, 8, 110, 198, 250, 239, 118, 208, 128, 208, 101, 27, 142, 18, 8, 191, 249, 135], [42, 164, 111, 219, 195, 139, 72, 166, 100, 15, 115, 141, 23, 135, 0, 161, 164, 14, 19, 26, 35, 125, 48, 97, 163, 250, 20, 32, 185, 219, 48, 22], [36, 133, 50, 105, 253, 76, 108, 16, 117, 144, 136, 63, 176, 193, 4, 93, 229, 31, 252, 65, 109, 192, 29, 208, 121, 126, 178, 21, 199, 136, 223, 44], [177, 183, 40, 36, 232, 90, 204, 110, 242, 87, 253, 254, 94, 237, 170, 143, 226, 182, 174, 155, 167, 156, 142, 32, 246, 81, 151, 35, 142, 33, 76, 194], [242, 6, 238, 210, 143, 125, 5, 88, 28, 218, 248, 87, 173, 150, 124, 36, 209, 37, 84, 118, 188, 223, 19, 17, 249, 207, 177, 26, 14, 54, 25, 255], [75, 177, 173, 117, 136, 35, 188, 134, 86, 62, 182, 74, 23, 219, 241, 5, 234, 157, 141, 115, 42, 175, 73, 220, 61, 252, 211, 26, 16, 166, 107, 249], [2, 230, 143, 149, 84, 185, 1, 121, 192, 158, 95, 41, 228, 131, 146, 63, 201, 29, 240, 248, 178, 160, 2, 130, 210, 114, 255, 24, 206, 166, 70, 83], [230, 56, 118, 119, 227, 16, 106, 226, 39, 44, 112, 127, 209, 237, 88, 202, 116, 36, 106, 119, 127, 91, 177, 234, 213, 55, 39, 23, 55, 87, 17, 223], [19, 166, 144, 166, 56, 17, 112, 239, 208, 203, 33, 110, 121, 212, 238, 65, 237, 39, 96, 191, 118, 255, 46, 95, 160, 219, 100, 23, 250, 58, 163, 74], [177, 106, 154, 149, 133, 205, 185, 245, 162, 80, 63, 8, 121, 210, 128, 227, 21, 17, 237, 200, 12, 235, 100, 86, 95, 35, 67, 30, 140, 169, 237, 31], [199, 167, 253, 174, 44, 110, 68, 179, 129, 157, 240, 245, 180, 53, 149, 5, 43, 187, 7, 37, 158, 174, 97, 101, 97, 100, 161, 46, 65, 102, 99, 196], [54, 90, 124, 201, 42, 67, 221, 52, 77, 22, 239, 95, 33, 121, 230, 22, 148, 8, 84, 189, 85, 135, 72, 65, 28, 15, 213, 37, 187, 83, 143, 184], [79, 228, 34, 141, 96, 92, 45, 181, 15, 205, 144, 161, 168, 34, 236, 123, 139, 138, 72, 147, 139, 241, 207, 123, 17, 234, 194, 1, 4, 239, 188, 170], [231, 141, 143, 26, 215, 135, 246, 66, 241, 105, 97, 107, 49, 84, 231, 52, 157, 66, 132, 128, 121, 231, 102, 42, 75, 14, 116, 8, 131, 245, 81, 72], [106, 2, 197, 216, 125, 206, 0, 43, 200, 46, 99, 35, 180, 147, 29, 75, 96, 54, 125, 241, 150, 182, 79, 220, 159, 42, 152, 35, 7, 137, 94, 2], [18, 86, 137, 230, 41, 128, 121, 112, 236, 115, 225, 159, 27, 47, 220, 238, 165, 86, 208, 164, 29, 147, 15, 232, 206, 60, 119, 20, 196, 7, 43, 144], [172, 137, 91, 99, 15, 252, 112, 61, 201, 59, 30, 116, 169, 196, 99, 54, 86, 15, 211, 198, 146, 233, 225, 4, 211, 35, 204, 12, 54, 26, 67, 50], [237, 175, 165, 236, 54, 122, 244, 211, 1, 99, 196, 18, 163, 9, 123, 114, 64, 65, 82, 253, 44, 12, 245, 156, 136, 84, 22, 24, 19, 46, 40, 131], [189, 197, 42, 45, 147, 129, 61, 87, 220, 48, 49, 30, 138, 10, 190, 148, 209, 85, 0, 105, 211, 29, 75, 203, 51, 39, 173, 23, 79, 121, 37, 97], [117, 1, 16, 164, 108, 74, 189, 116, 18, 14, 232, 255, 50, 196, 158, 148, 236, 2, 211, 229, 45, 59, 139, 40, 107, 252, 91, 48, 52, 207, 84, 85], [89, 198, 245, 14, 250, 72, 52, 17, 181, 57, 80, 121, 211, 77, 195, 236, 228, 239, 79, 79, 86, 130, 230, 21, 63, 39, 183, 24, 168, 114, 15, 168], [216, 132, 145, 233, 188, 9, 103, 54, 59, 112, 86, 166, 147, 201, 180, 198, 188, 12, 220, 62, 221, 221, 169, 185, 52, 4, 209, 32, 61, 57, 203, 128], [50, 58, 195, 33, 170, 88, 139, 133, 53, 135, 74, 41, 4, 88, 158, 181, 194, 130, 142, 232, 6, 33, 15, 64, 78, 188, 221, 15, 165, 254, 224, 74], [226, 149, 225, 98, 220, 91, 149, 201, 227, 21, 240, 0, 91, 144, 197, 176, 106, 252, 237, 61, 60, 250, 209, 246, 138, 139, 104, 7, 10, 196, 177, 87], [228, 81, 93, 26, 227, 113, 230, 226, 91, 227, 54, 110, 89, 0, 227, 203, 243, 194, 193, 207, 34, 127, 34, 161, 36, 146, 134, 32, 160, 6, 115, 163], [152, 199, 155, 19, 201, 10, 96, 116, 178, 138, 62, 170, 83, 252, 112, 222, 108, 217, 74, 242, 192, 186, 195, 167, 45, 63, 93, 2, 248, 249, 167, 158], [184, 153, 118, 89, 39, 249, 211, 245, 254, 92, 125, 100, 90, 244, 215, 92, 212, 74, 128, 216, 247, 142, 131, 227, 250, 100, 187, 3, 90, 233, 182, 134], [106, 6, 114, 200, 182, 16, 212, 192, 79, 10, 25, 122, 58, 18, 23, 238, 214, 12, 12, 131, 95, 175, 109, 151, 249, 97, 223, 42, 79, 3, 213, 57], [94, 242, 169, 226, 101, 209, 157, 114, 146, 13, 4, 51, 3, 100, 169, 36, 226, 250, 207, 223, 49, 17, 174, 253, 119, 233, 168, 44, 201, 208, 95, 29], [109, 35, 252, 63, 94, 138, 132, 58, 170, 109, 200, 96, 49, 153, 27, 206, 88, 119, 143, 205, 97, 62, 202, 224, 74, 92, 108, 19, 154, 34, 73, 100], [174, 105, 153, 93, 145, 10, 90, 232, 238, 142, 157, 51, 86, 53, 11, 111, 68, 118, 215, 166, 47, 203, 71, 229, 23, 131, 186, 47, 246, 80, 219, 194], [242, 99, 237, 209, 78, 183, 80, 191, 229, 141, 176, 86, 21, 126, 42, 215, 163, 42, 116, 37, 72, 189, 144, 228, 255, 157, 32, 31, 173, 218, 51, 116], [104, 34, 135, 222, 251, 191, 23, 128, 162, 219, 227, 99, 7, 35, 118, 18, 114, 207, 120, 17, 250, 212, 233, 251, 90, 203, 169, 0, 248, 0, 225, 89], [189, 207, 252, 35, 161, 160, 152, 217, 102, 102, 1, 173, 6, 104, 132, 106, 100, 173, 121, 212, 202, 62, 131, 99, 183, 169, 189, 37, 147, 11, 239, 151], [84, 27, 86, 72, 186, 87, 217, 201, 197, 16, 43, 157, 65, 103, 250, 186, 5, 128, 149, 157, 86, 21, 145, 247, 55, 85, 213, 20, 145, 166, 193, 59], [73, 141, 69, 65, 18, 21, 103, 104, 251, 101, 202, 46, 124, 195, 193, 102, 22, 58, 31, 75, 28, 85, 132, 176, 31, 119, 142, 44, 180, 241, 141, 64], [194, 112, 202, 243, 210, 114, 152, 158, 203, 89, 86, 250, 27, 241, 134, 198, 176, 197, 186, 26, 211, 138, 160, 233, 58, 249, 142, 27, 99, 106, 20, 92], [168, 52, 228, 231, 218, 46, 88, 92, 97, 255, 50, 237, 112, 5, 45, 158, 52, 59, 46, 150, 104, 59, 32, 236, 167, 154, 241, 12, 137, 229, 155, 218], [157, 151, 227, 54, 92, 97, 164, 162, 227, 67, 204, 143, 101, 186, 223, 20, 16, 47, 110, 200, 48, 4, 66, 207, 33, 173, 193, 37, 235, 198, 170, 251], [180, 157, 78, 72, 77, 186, 171, 231, 84, 171, 116, 23, 188, 231, 40, 50, 219, 209, 143, 135, 108, 22, 69, 193, 151, 67, 180, 44, 190, 23, 225, 253], [120, 244, 60, 5, 49, 105, 205, 197, 173, 38, 181, 7, 248, 157, 161, 108, 166, 22, 226, 239, 248, 155, 239, 17, 81, 161, 162, 10, 124, 45, 124, 64], [68, 249, 123, 94, 189, 159, 63, 88, 119, 163, 119, 16, 182, 250, 42, 115, 18, 222, 203, 28, 196, 223, 47, 79, 143, 58, 160, 20, 18, 68, 202, 237], [129, 16, 181, 212, 200, 115, 187, 3, 51, 57, 102, 62, 29, 196, 178, 216, 248, 232, 197, 238, 38, 45, 14, 173, 207, 130, 113, 12, 4, 154, 41, 153], [108, 134, 54, 175, 162, 221, 87, 156, 141, 217, 203, 97, 35, 35, 195, 197, 19, 247, 204, 67, 36, 236, 137, 73, 93, 163, 248, 28, 53, 185, 178, 234], [148, 123, 107, 103, 196, 86, 182, 100, 94, 49, 27, 89, 64, 148, 206, 168, 189, 92, 138, 201, 2, 115, 35, 52, 163, 203, 242, 35, 180, 202, 181, 137], [191, 117, 120, 153, 39, 148, 81, 155, 255, 232, 250, 126, 4, 74, 3, 78, 58, 229, 194, 30, 0, 92, 145, 154, 244, 27, 6, 32, 52, 117, 183, 227], [181, 137, 188, 135, 92, 162, 189, 237, 204, 36, 193, 227, 149, 222, 1, 172, 33, 20, 134, 69, 79, 162, 175, 173, 107, 141, 202, 47, 173, 167, 109, 63], [213, 239, 232, 172, 159, 242, 23, 98, 36, 186, 93, 150, 19, 158, 86, 55, 215, 42, 202, 178, 79, 9, 114, 156, 70, 25, 21, 34, 19, 136, 197, 244], [96, 2, 100, 180, 48, 40, 180, 122, 196, 69, 192, 179, 199, 121, 127, 213, 148, 49, 202, 114, 218, 253, 129, 51, 7, 193, 153, 0, 181, 27, 87, 82], [50, 232, 98, 50, 164, 173, 162, 167, 84, 78, 211, 35, 49, 174, 170, 218, 61, 226, 154, 45, 83, 93, 246, 242, 218, 56, 218, 40, 19, 20, 69, 26], [219, 198, 2, 215, 157, 98, 181, 39, 222, 143, 112, 54, 129, 223, 215, 105, 100, 222, 129, 225, 173, 203, 72, 87, 225, 231, 94, 30, 51, 150, 128, 127], [138, 18, 195, 226, 195, 162, 84, 238, 233, 83, 64, 157, 79, 215, 238, 203, 117, 205, 247, 99, 111, 116, 51, 115, 156, 102, 237, 20, 52, 233, 55, 190], [59, 197, 29, 101, 239, 103, 188, 64, 179, 218, 16, 97, 220, 120, 169, 23, 82, 103, 206, 214, 123, 212, 232, 137, 145, 102, 5, 18, 153, 126, 182, 167], [68, 138, 46, 80, 186, 174, 230, 163, 255, 183, 55, 102, 173, 232, 70, 154, 219, 223, 117, 117, 170, 109, 236, 49, 29, 122, 161, 10, 225, 246, 63, 238], [34, 66, 2, 62, 221, 202, 90, 78, 153, 149, 207, 121, 152, 213, 22, 2, 91, 99, 42, 2, 209, 156, 135, 187, 139, 99, 119, 30, 203, 185, 118, 190], [65, 24, 110, 138, 160, 235, 163, 126, 126, 119, 219, 36, 66, 241, 214, 81, 192, 126, 140, 218, 246, 200, 246, 192, 97, 116, 218, 7, 102, 6, 61, 234], [243, 73, 30, 254, 175, 255, 22, 26, 248, 212, 177, 29, 197, 130, 106, 127, 91, 226, 37, 182, 88, 3, 170, 37, 231, 234, 236, 17, 28, 52, 138, 48], [64, 20, 8, 143, 105, 198, 30, 90, 243, 234, 32, 228, 231, 180, 86, 41, 8, 253, 219, 137, 199, 233, 164, 216, 237, 236, 103, 18, 238, 147, 99, 94], [146, 61, 249, 214, 128, 54, 251, 19, 236, 104, 63, 85, 21, 134, 220, 54, 159, 148, 18, 222, 184, 43, 36, 131, 99, 108, 163, 9, 74, 145, 156, 111], [241, 118, 25, 96, 70, 194, 153, 96, 199, 160, 48, 114, 246, 144, 143, 98, 107, 28, 18, 75, 156, 169, 56, 161, 139, 238, 36, 30, 89, 105, 25, 122], [132, 78, 39, 101, 12, 148, 118, 84, 165, 1, 66, 66, 72, 210, 164, 74, 23, 177, 61, 218, 112, 116, 13, 94, 15, 226, 192, 38, 55, 148, 237, 175], [56, 238, 164, 236, 225, 219, 228, 173, 141, 136, 236, 242, 0, 61, 118, 89, 138, 111, 232, 157, 197, 183, 192, 168, 167, 113, 108, 11, 124, 74, 88, 109], [129, 20, 3, 224, 147, 112, 253, 141, 14, 70, 112, 187, 178, 69, 120, 174, 59, 15, 193, 92, 67, 152, 2, 126, 152, 136, 200, 35, 192, 229, 71, 1], [137, 224, 132, 52, 174, 240, 31, 48, 129, 35, 230, 20, 107, 179, 102, 126, 29, 234, 41, 148, 250, 254, 202, 33, 211, 44, 112, 11, 203, 178, 36, 107], [149, 119, 29, 92, 249, 89, 116, 218, 130, 36, 17, 220, 170, 18, 9, 211, 122, 54, 143, 91, 230, 7, 47, 99, 218, 197, 155, 12, 151, 118, 79, 249], [96, 243, 44, 176, 157, 51, 191, 111, 190, 192, 196, 169, 104, 197, 172, 97, 76, 12, 36, 35, 18, 168, 253, 243, 105, 245, 34, 17, 110, 211, 77, 37], [168, 206, 80, 219, 3, 248, 26, 8, 237, 85, 60, 245, 146, 168, 72, 210, 129, 65, 163, 61, 161, 47, 94, 245, 213, 237, 66, 14, 128, 202, 70, 115], [194, 239, 139, 40, 130, 54, 171, 45, 20, 107, 212, 58, 240, 33, 122, 201, 218, 40, 197, 252, 150, 15, 50, 36, 101, 255, 142, 34, 217, 41, 47, 179], [110, 189, 207, 96, 137, 210, 86, 96, 164, 20, 69, 162, 202, 175, 56, 175, 52, 4, 173, 122, 136, 112, 211, 235, 156, 96, 33, 34, 136, 77, 87, 228], [198, 113, 57, 139, 39, 220, 121, 176, 142, 177, 158, 179, 212, 146, 238, 203, 163, 178, 43, 7, 187, 189, 169, 185, 226, 85, 115, 2, 86, 89, 85, 118], [233, 30, 54, 152, 169, 159, 174, 107, 48, 66, 207, 180, 63, 212, 76, 197, 33, 227, 22, 105, 206, 215, 79, 255, 27, 62, 16, 38, 157, 62, 20, 206], [237, 176, 210, 247, 22, 37, 179, 30, 163, 69, 6, 250, 194, 34, 67, 51, 75, 93, 204, 72, 201, 234, 42, 159, 209, 69, 40, 5, 241, 163, 39, 98], [45, 109, 234, 163, 227, 42, 195, 252, 96, 40, 178, 226, 29, 132, 52, 188, 148, 98, 57, 79, 91, 200, 225, 225, 86, 16, 84, 10, 128, 193, 209, 220], [215, 242, 26, 77, 252, 203, 93, 57, 132, 47, 13, 215, 102, 155, 84, 119, 186, 22, 63, 75, 41, 222, 64, 241, 127, 171, 175, 37, 221, 138, 177, 83], [188, 59, 105, 123, 48, 27, 174, 97, 70, 4, 193, 190, 40, 152, 36, 47, 239, 220, 202, 117, 117, 154, 138, 20, 102, 33, 100, 11, 173, 105, 203, 201], [199, 220, 200, 39, 205, 163, 234, 175, 233, 184, 119, 85, 25, 70, 217, 233, 153, 229, 112, 247, 128, 194, 15, 159, 59, 188, 59, 32, 106, 114, 203, 132], [90, 80, 183, 192, 92, 175, 195, 6, 75, 102, 192, 216, 52, 192, 92, 82, 199, 104, 133, 66, 180, 5, 167, 204, 12, 45, 0, 37, 12, 54, 108, 31], [238, 192, 228, 77, 189, 4, 187, 49, 119, 64, 18, 164, 224, 95, 47, 107, 169, 27, 16, 19, 186, 83, 128, 216, 95, 193, 176, 25, 8, 105, 122, 108], [187, 231, 149, 53, 53, 55, 69, 122, 58, 208, 198, 40, 213, 154, 185, 149, 133, 47, 42, 55, 215, 222, 144, 106, 128, 94, 58, 6, 255, 121, 249, 223], [86, 89, 124, 207, 110, 186, 165, 27, 239, 19, 204, 157, 33, 8, 73, 77, 157, 143, 40, 150, 224, 217, 44, 66, 74, 27, 44, 33, 63, 148, 2, 108], [91, 164, 138, 6, 88, 147, 44, 238, 86, 154, 186, 110, 136, 189, 199, 235, 48, 22, 38, 129, 82, 193, 160, 118, 242, 239, 41, 42, 232, 254, 242, 38], [176, 174, 179, 8, 89, 195, 55, 12, 255, 237, 229, 129, 95, 3, 133, 218, 101, 70, 213, 53, 18, 235, 83, 163, 147, 89, 41, 21, 73, 106, 234, 3], [40, 235, 250, 93, 32, 69, 19, 15, 194, 43, 133, 113, 173, 94, 5, 70, 230, 170, 237, 178, 213, 235, 133, 87, 34, 178, 140, 43, 152, 100, 89, 15], [208, 5, 37, 80, 142, 87, 158, 88, 102, 130, 115, 150, 125, 204, 140, 89, 175, 242, 254, 120, 25, 184, 66, 75, 137, 232, 30, 21, 254, 146, 146, 212], [238, 160, 37, 222, 108, 133, 94, 89, 207, 62, 252, 37, 176, 249, 123, 59, 208, 154, 98, 5, 84, 180, 171, 137, 80, 156, 215, 4, 216, 224, 249, 122], [237, 48, 83, 11, 124, 40, 89, 14, 193, 122, 240, 157, 82, 51, 246, 186, 190, 160, 155, 160, 105, 203, 208, 242, 162, 44, 70, 3, 52, 130, 21, 144], [125, 182, 115, 138, 146, 118, 124, 14, 186, 122, 55, 106, 7, 217, 241, 163, 94, 150, 220, 202, 10, 129, 193, 120, 62, 119, 163, 10, 120, 95, 189, 127], [102, 0, 50, 209, 203, 135, 76, 0, 69, 5, 38, 171, 198, 142, 128, 185, 221, 63, 19, 116, 129, 176, 22, 146, 82, 184, 228, 18, 19, 123, 103, 72], [153, 213, 172, 177, 250, 83, 245, 89, 215, 239, 73, 45, 86, 127, 143, 221, 87, 175, 115, 237, 30, 31, 112, 104, 52, 215, 192, 37, 34, 55, 130, 103], [225, 132, 247, 141, 251, 189, 144, 135, 65, 212, 46, 116, 153, 226, 171, 242, 21, 108, 178, 235, 164, 44, 188, 39, 205, 39, 116, 0, 218, 30, 29, 102], [135, 167, 118, 114, 8, 120, 12, 172, 245, 16, 188, 156, 113, 214, 196, 142, 189, 226, 117, 170, 115, 72, 100, 109, 236, 77, 20, 6, 167, 253, 181, 207], [217, 238, 213, 203, 202, 68, 26, 4, 197, 121, 31, 79, 214, 82, 246, 227, 194, 5, 51, 171, 33, 32, 197, 33, 243, 34, 27, 4, 109, 222, 95, 114], [143, 228, 169, 201, 132, 82, 101, 188, 155, 89, 197, 250, 235, 129, 188, 242, 248, 98, 218, 13, 182, 87, 205, 115, 134, 0, 80, 42, 57, 32, 99, 235], [27, 20, 254, 26, 43, 68, 52, 73, 35, 124, 155, 115, 124, 243, 75, 8, 161, 69, 136, 235, 42, 125, 22, 8, 158, 159, 234, 7, 246, 209, 198, 30], [126, 104, 117, 127, 35, 246, 151, 56, 210, 27, 86, 217, 234, 7, 208, 82, 155, 209, 156, 194, 239, 180, 132, 212, 144, 197, 196, 32, 183, 154, 80, 97], [228, 57, 185, 9, 147, 123, 242, 93, 78, 128, 52, 187, 75, 222, 207, 179, 115, 212, 7, 192, 247, 139, 43, 77, 68, 127, 191, 1, 81, 43, 182, 185], [152, 35, 171, 188, 105, 212, 217, 47, 191, 78, 43, 190, 114, 80, 177, 46, 27, 116, 179, 245, 57, 235, 172, 12, 226, 136, 159, 15, 233, 109, 14, 114], [159, 248, 174, 149, 213, 189, 234, 63, 98, 30, 75, 69, 229, 122, 158, 154, 80, 49, 122, 149, 81, 146, 153, 166, 31, 102, 95, 3, 18, 126, 44, 14], [121, 9, 161, 147, 209, 251, 123, 24, 45, 166, 83, 26, 57, 242, 255, 226, 122, 251, 110, 5, 24, 42, 113, 116, 229, 64, 171, 22, 93, 250, 41, 183], [245, 9, 38, 39, 43, 169, 223, 11, 179, 54, 210, 89, 153, 107, 240, 20, 129, 197, 100, 35, 235, 252, 53, 182, 251, 220, 193, 39, 53, 127, 80, 202], [157, 130, 127, 168, 187, 206, 245, 79, 100, 196, 45, 125, 36, 102, 129, 158, 59, 74, 225, 178, 17, 118, 192, 108, 141, 13, 185, 25, 39, 8, 107, 236], [81, 245, 205, 133, 7, 10, 194, 104, 35, 85, 175, 39, 143, 59, 249, 102, 165, 201, 199, 9, 187, 244, 189, 168, 64, 68, 58, 47, 34, 194, 4, 152], [18, 74, 167, 12, 42, 45, 162, 139, 123, 109, 94, 52, 201, 252, 186, 42, 112, 20, 68, 7, 72, 126, 57, 213, 122, 68, 76, 39, 132, 58, 133, 162], [140, 62, 25, 170, 55, 217, 48, 173, 138, 98, 227, 232, 78, 138, 90, 26, 160, 183, 7, 169, 190, 254, 25, 45, 160, 176, 24, 39, 37, 59, 120, 64], [4, 66, 121, 47, 99, 157, 207, 220, 21, 253, 34, 99, 148, 91, 198, 86, 70, 49, 12, 177, 225, 33, 248, 11, 248, 9, 24, 9, 113, 23, 217, 36], [201, 78, 9, 83, 130, 79, 175, 108, 204, 77, 180, 119, 172, 52, 175, 149, 7, 149, 242, 240, 238, 225, 143, 14, 208, 253, 58, 27, 194, 140, 83, 115], [50, 213, 254, 202, 168, 165, 95, 87, 96, 155, 105, 182, 139, 143, 198, 64, 152, 54, 163, 22, 212, 208, 17, 46, 134, 42, 63, 44, 58, 0, 27, 192], [78, 130, 172, 198, 13, 156, 68, 51, 239, 50, 219, 192, 188, 131, 160, 254, 242, 152, 162, 0, 35, 1, 159, 170, 117, 247, 202, 17, 133, 112, 41, 101], [228, 182, 33, 113, 228, 36, 18, 17, 49, 207, 23, 225, 209, 200, 186, 64, 30, 15, 173, 161, 85, 207, 31, 179, 236, 35, 37, 4, 250, 246, 238, 89], [55, 254, 33, 153, 11, 128, 52, 114, 113, 142, 236, 208, 170, 61, 248, 64, 15, 81, 200, 139, 184, 27, 238, 37, 162, 230, 36, 8, 145, 45, 101, 217], [8, 226, 168, 63, 177, 99, 119, 38, 15, 187, 176, 234, 236, 130, 218, 61, 56, 169, 100, 32, 92, 195, 179, 65, 70, 232, 98, 18, 81, 232, 249, 109], [11, 226, 141, 94, 80, 150, 54, 55, 208, 83, 184, 183, 171, 103, 220, 196, 234, 221, 46, 232, 170, 11, 27, 161, 69, 119, 164, 1, 182, 207, 23, 255], [13, 170, 119, 252, 219, 102, 250, 65, 130, 175, 208, 172, 112, 213, 166, 67, 126, 156, 235, 151, 205, 220, 125, 159, 44, 102, 1, 30, 113, 207, 72, 3], [214, 159, 228, 248, 122, 95, 84, 9, 5, 6, 127, 223, 64, 73, 242, 78, 35, 150, 213, 61, 117, 46, 131, 126, 107, 41, 126, 1, 186, 108, 178, 68], [85, 19, 14, 5, 12, 60, 223, 151, 198, 67, 223, 207, 189, 192, 96, 118, 57, 56, 89, 169, 123, 98, 18, 43, 192, 228, 218, 33, 180, 37, 16, 16], [249, 226, 93, 121, 194, 228, 247, 159, 150, 203, 182, 89, 194, 217, 5, 107, 163, 224, 159, 75, 209, 17, 132, 75, 207, 69, 32, 42, 141, 144, 202, 147], [193, 120, 18, 55, 129, 142, 146, 208, 202, 38, 162, 199, 159, 151, 32, 11, 125, 13, 247, 14, 174, 61, 31, 182, 178, 105, 137, 14, 160, 212, 102, 72], [78, 25, 244, 224, 120, 43, 69, 247, 81, 99, 192, 163, 220, 60, 97, 120, 21, 138, 200, 122, 205, 23, 254, 54, 75, 235, 63, 26, 106, 71, 190, 137], [41, 216, 147, 74, 71, 253, 64, 171, 37, 123, 184, 125, 96, 96, 217, 93, 78, 54, 23, 121, 157, 121, 235, 240, 171, 36, 199, 14, 169, 197, 3, 175], [251, 44, 221, 73, 235, 92, 223, 124, 39, 11, 233, 227, 152, 29, 248, 82, 43, 97, 56, 89, 163, 218, 201, 206, 170, 128, 117, 34, 221, 181, 190, 78], [237, 179, 140, 241, 69, 205, 48, 189, 107, 239, 200, 25, 253, 247, 167, 35, 104, 15, 57, 63, 140, 38, 70, 240, 198, 41, 157, 33, 178, 43, 18, 245], [125, 86, 33, 70, 212, 109, 40, 53, 245, 185, 70, 182, 147, 193, 197, 182, 118, 9, 179, 40, 99, 25, 83, 132, 85, 86, 179, 3, 52, 21, 143, 68], [220, 23, 7, 100, 213, 91, 7, 18, 249, 107, 42, 214, 204, 189, 122, 181, 18, 240, 59, 216, 24, 84, 255, 168, 47, 120, 47, 10, 24, 114, 179, 228], [45, 92, 70, 223, 170, 100, 93, 142, 142, 249, 167, 238, 150, 38, 39, 109, 239, 154, 10, 134, 104, 236, 149, 5, 55, 216, 254, 48, 19, 232, 237, 147], [58, 116, 25, 216, 183, 110, 106, 86, 152, 254, 86, 193, 144, 154, 6, 204, 163, 85, 20, 224, 16, 76, 50, 56, 67, 214, 52, 38, 146, 187, 121, 92], [16, 176, 154, 207, 126, 248, 152, 168, 82, 224, 36, 115, 165, 159, 78, 45, 68, 125, 110, 27, 11, 81, 88, 78, 59, 76, 215, 21, 161, 26, 60, 187], [93, 65, 155, 29, 128, 31, 103, 137, 127, 52, 58, 26, 41, 240, 201, 230, 1, 107, 1, 58, 213, 23, 192, 77, 122, 49, 192, 30, 203, 119, 119, 9], [78, 64, 219, 63, 175, 174, 152, 247, 57, 44, 45, 229, 59, 105, 107, 242, 224, 242, 85, 183, 50, 6, 228, 123, 62, 214, 24, 37, 166, 226, 64, 29], [185, 74, 133, 30, 13, 171, 10, 223, 17, 54, 71, 125, 52, 104, 183, 154, 180, 218, 78, 126, 84, 136, 113, 147, 248, 28, 164, 17, 196, 121, 45, 11], [38, 231, 27, 150, 249, 18, 172, 244, 89, 205, 138, 17, 161, 225, 159, 61, 46, 158, 15, 94, 24, 98, 26, 98, 91, 95, 221, 40, 11, 123, 253, 204], [35, 228, 252, 107, 230, 19, 184, 127, 131, 55, 57, 20, 148, 51, 87, 230, 183, 120, 36, 223, 166, 225, 137, 183, 193, 179, 228, 31, 187, 56, 91, 67], [234, 244, 200, 71, 156, 194, 148, 20, 205, 59, 221, 16, 81, 246, 168, 100, 233, 125, 97, 100, 236, 250, 64, 4, 108, 71, 93, 9, 60, 130, 127, 11], [243, 167, 35, 208, 166, 182, 185, 232, 13, 51, 72, 131, 201, 36, 42, 155, 254, 204, 43, 217, 130, 190, 167, 41, 177, 154, 127, 16, 104, 200, 155, 153], [8, 219, 28, 200, 86, 210, 25, 46, 243, 79, 68, 12, 101, 253, 98, 95, 179, 134, 117, 107, 184, 69, 144, 10, 153, 32, 240, 18, 81, 22, 172, 19], [169, 72, 75, 114, 57, 36, 164, 42, 49, 44, 3, 62, 196, 152, 184, 87, 8, 255, 147, 128, 128, 48, 238, 96, 208, 94, 108, 3, 75, 86, 27, 127], [128, 199, 131, 162, 129, 107, 177, 40, 200, 186, 128, 107, 95, 161, 124, 152, 128, 134, 131, 132, 162, 196, 129, 172, 185, 36, 141, 22, 246, 230, 208, 196], [109, 67, 213, 201, 83, 166, 205, 61, 96, 62, 126, 89, 153, 191, 200, 41, 174, 70, 188, 55, 169, 111, 67, 128, 162, 239, 247, 44, 73, 207, 247, 217], [15, 227, 169, 253, 207, 126, 210, 253, 132, 38, 5, 171, 173, 209, 169, 120, 118, 72, 16, 184, 82, 130, 47, 151, 62, 186, 93, 35, 28, 109, 11, 205], [98, 118, 24, 54, 125, 46, 198, 21, 154, 213, 10, 240, 179, 123, 208, 8, 21, 11, 17, 16, 9, 198, 11, 98, 215, 81, 175, 23, 2, 109, 48, 179], [203, 51, 130, 164, 227, 24, 212, 177, 135, 139, 2, 247, 204, 20, 170, 13, 113, 123, 36, 162, 201, 182, 100, 102, 14, 1, 118, 12, 43, 144, 113, 11], [180, 21, 8, 6, 16, 156, 171, 82, 247, 148, 118, 167, 169, 220, 176, 120, 161, 58, 63, 168, 32, 218, 37, 127, 155, 252, 180, 24, 164, 231, 76, 104], [45, 113, 16, 163, 216, 152, 23, 177, 133, 236, 133, 207, 191, 233, 226, 247, 40, 185, 27, 116, 237, 23, 180, 78, 122, 239, 93, 48, 54, 120, 24, 179], [223, 238, 126, 108, 90, 111, 117, 30, 57, 20, 119, 133, 77, 70, 151, 79, 204, 226, 208, 109, 106, 152, 14, 237, 214, 44, 224, 11, 15, 28, 121, 219], [224, 147, 172, 139, 177, 132, 128, 234, 117, 205, 88, 73, 31, 158, 141, 56, 213, 26, 118, 236, 201, 182, 252, 190, 69, 31, 198, 49, 17, 133, 100, 37], [55, 157, 161, 207, 50, 91, 252, 73, 88, 86, 10, 18, 16, 18, 234, 49, 234, 98, 127, 74, 191, 7, 35, 244, 155, 33, 132, 36, 91, 255, 24, 140], [108, 195, 117, 194, 159, 183, 106, 53, 104, 54, 165, 23, 0, 97, 180, 173, 159, 24, 86, 49, 201, 254, 204, 230, 213, 100, 28, 4, 11, 207, 163, 51], [13, 31, 187, 118, 56, 74, 126, 42, 251, 213, 157, 241, 255, 34, 4, 105, 241, 9, 6, 90, 210, 111, 120, 221, 231, 237, 150, 9, 39, 149, 145, 93], [225, 127, 81, 52, 185, 1, 41, 77, 181, 216, 236, 128, 9, 63, 205, 61, 115, 236, 101, 36, 250, 13, 170, 108, 202, 221, 137, 29, 60, 46, 217, 164], [9, 109, 101, 197, 84, 128, 243, 61, 150, 148, 227, 165, 93, 53, 125, 24, 197, 59, 74, 94, 87, 48, 185, 3, 139, 96, 205, 38, 3, 61, 21, 230], [120, 202, 199, 254, 59, 46, 198, 71, 133, 217, 240, 131, 92, 229, 196, 55, 171, 171, 176, 201, 52, 219, 0, 58, 231, 29, 74, 3, 113, 174, 30, 106], [149, 174, 208, 176, 209, 225, 8, 53, 215, 102, 182, 232, 24, 18, 130, 237, 135, 104, 36, 55, 211, 188, 14, 56, 205, 168, 168, 44, 238, 11, 178, 66], [216, 181, 145, 251, 120, 243, 90, 64, 105, 190, 35, 143, 65, 134, 3, 44, 181, 221, 210, 55, 209, 140, 233, 113, 24, 102, 168, 0, 214, 78, 94, 110], [129, 221, 79, 139, 187, 232, 104, 51, 186, 3, 203, 174, 68, 70, 255, 147, 46, 221, 43, 129, 86, 227, 34, 169, 165, 165, 187, 3, 63, 178, 141, 110], [28, 243, 50, 88, 249, 11, 160, 47, 195, 78, 203, 172, 239, 176, 241, 213, 122, 88, 17, 242, 217, 28, 165, 139, 108, 214, 84, 33, 242, 88, 39, 188], [229, 143, 14, 57, 252, 207, 105, 13, 135, 6, 150, 169, 158, 249, 233, 148, 86, 155, 119, 66, 187, 169, 73, 106, 90, 208, 217, 27, 118, 61, 192, 94], [173, 63, 140, 126, 81, 96, 90, 73, 16, 213, 237, 244, 72, 36, 181, 27, 228, 91, 104, 154, 106, 202, 216, 146, 7, 10, 158, 29, 85, 164, 85, 28], [49, 252, 17, 3, 145, 250, 7, 91, 10, 100, 235, 237, 190, 94, 151, 236, 95, 170, 216, 117, 110, 246, 231, 118, 24, 126, 138, 20, 206, 118, 215, 74], [153, 32, 191, 44, 0, 136, 211, 141, 34, 201, 89, 181, 50, 88, 225, 3, 180, 73, 47, 138, 206, 160, 51, 233, 189, 185, 237, 1, 142, 106, 58, 2], [5, 48, 108, 208, 154, 191, 74, 228, 231, 5, 249, 74, 183, 148, 201, 101, 54, 146, 240, 244, 55, 175, 77, 184, 223, 87, 86, 6, 216, 72, 159, 24], [71, 235, 98, 170, 154, 242, 80, 7, 247, 122, 12, 12, 146, 58, 148, 48, 69, 89, 94, 252, 199, 172, 97, 67, 99, 72, 110, 33, 185, 146, 66, 214], [17, 92, 180, 107, 242, 10, 39, 132, 169, 100, 136, 76, 166, 195, 183, 27, 128, 179, 95, 195, 241, 240, 227, 40, 147, 246, 13, 42, 174, 240, 251, 114], [214, 2, 203, 137, 7, 200, 185, 248, 194, 51, 97, 253, 95, 70, 114, 160, 49, 255, 209, 54, 233, 164, 77, 132, 54, 141, 251, 30, 35, 100, 24, 154], [121, 215, 96, 207, 62, 168, 211, 132, 91, 137, 159, 28, 81, 106, 244, 74, 84, 180, 45, 38, 169, 231, 39, 179, 12, 137, 191, 39, 190, 107, 78, 221]]
Proof written to ultra_honk_proof.hex
test tests::test_prove_and_verify_ultra_honk ... ok

test result: ok. 1 passed; 0 failed; 0 ignored; 0 measured; 20 filtered out; finished in 0.27s

, 179, 152, 181, 151, 78, 1, 24, 196, 213, 184, 55, 188, 194, 78, 254, 48, 250, 192, 147, 131, 193, 234, 81, 216, 122, 53, 142, 3, 139, 231, 255, 78, 88, 7, 145, 222, 232, 38, 14, 1, 178, 81, 246, 241, 199, 133, 74, 135, 212, 218, 204, 94, 85, 17, 230, 221, 63, 150, 230, 206, 162, 86, 71, 91, 66, 20, 229, 97, 94, 34, 254, 189, 163, 192, 192, 99, 42, 238, 65, 60, 128, 218, 106, 95, 228, 156, 242, 160, 70, 65, 249, 155, 164, 210, 81, 86, 193, 187, 154, 114, 133, 4, 252, 99, 105, 247, 17, 15, 227]
[C++] Parsing G1 points...
[C++] Parsing G2 point...
[C++] Calling init_bn254_mem_crs_factory...
[C++] srs_init_srs completed successfully
